[0.004s][info][gc] Using Parallel
[0.005s][info][gc,init] Version: 17.0.3+7-LTS (release)
[0.005s][info][gc,init] CPUs: 8 total, 8 available
[0.005s][info][gc,init] Memory: 32112M
[0.005s][info][gc,init] Large Page Support: Disabled
[0.005s][info][gc,init] NUMA Support: Disabled
[0.005s][info][gc,init] Compressed Oops: Enabled (Zero based)
[0.005s][info][gc,init] Alignments: Space 512K, Generation 512K, Heap 2M
[0.005s][info][gc,init] Heap Min Capacity: 2054M
[0.005s][info][gc,init] Heap Initial Capacity: 2054M
[0.005s][info][gc,init] Heap Max Capacity: 3G
[0.005s][info][gc,init] Pre-touch: Disabled
[0.005s][info][gc,init] Parallel Workers: 4
[0.005s][info][gc,metaspace] CDS archive(s) not mapped
[0.005s][info][gc,metaspace] Compressed class space mapped at: 0x0000000800000000-0x0000000840000000, reserved size: 1073741824
[0.005s][info][gc,metaspace] Narrow klass base: 0x0000000800000000, Narrow klass shift: 0, Narrow klass range: 0x40000000
[1.146s][info][safepoint   ] Safepoint "ICBufferFull", Time since last: 1117621800 ns, Reaching safepoint: 278207 ns, At safepoint: 6600 ns, Total: 284807 ns
[1.538s][info][safepoint   ] Safepoint "ICBufferFull", Time since last: 379731027 ns, Reaching safepoint: 11986576 ns, At safepoint: 15100 ns, Total: 12001676 ns
[1.814s][info][gc,start    ] GC(0) Pause Young (Metadata GC Threshold)
[1.862s][debug][gc,phases   ] GC(0) Scavenge 28.008ms
[1.862s][debug][gc,ref      ] GC(0) Skipped phase 1 of Reference Processing: no references
[1.862s][debug][gc,ref      ] GC(0) ReferenceProcessor::execute queues: 1, RefProcThreadModel::Single, marks_oops_alive: false
[1.862s][debug][gc,ref      ] GC(0) Skipped phase 3 of Reference Processing: no references
[1.862s][debug][gc,ref      ] GC(0) ReferenceProcessor::execute queues: 1, RefProcThreadModel::Single, marks_oops_alive: false
[1.862s][debug][gc,phases   ] GC(0) Reference Processing 0.304ms
[1.863s][debug][gc,phases   ] GC(0)   VM Weak                        Min:  0.0, Avg:  0.0, Max:  0.0, Diff:  0.0, Sum:  0.0, Workers: 4
[1.863s][debug][gc,phases   ] GC(0)     Dead                           Min: 0, Avg:  0.0, Max: 0, Diff: 0, Sum: 0, Workers: 4
[1.863s][debug][gc,phases   ] GC(0)     Total                          Min: 0, Avg: 34.0, Max: 136, Diff: 136, Sum: 136, Workers: 4
[1.863s][debug][gc,phases   ] GC(0)   ObjectSynchronizer Weak        Min:  0.0, Avg:  0.0, Max:  0.0, Diff:  0.0, Sum:  0.0, Workers: 4
[1.863s][debug][gc,phases   ] GC(0)     Dead                           Min: 0, Avg:  0.2, Max: 1, Diff: 1, Sum: 1, Workers: 4
[1.863s][debug][gc,phases   ] GC(0)     Total                          Min: 0, Avg:  2.2, Max: 9, Diff: 9, Sum: 9, Workers: 4
[1.863s][debug][gc,phases   ] GC(0)   JVMTI Tag Weak OopStorage      Min:  0.0, Avg:  0.0, Max:  0.0, Diff:  0.0, Sum:  0.0, Workers: 4
[1.863s][debug][gc,phases   ] GC(0)     Dead                           Min: 0, Avg:  0.0, Max: 0, Diff: 0, Sum: 0, Workers: 4
[1.863s][debug][gc,phases   ] GC(0)     Total                          Min: 0, Avg:  0.0, Max: 0, Diff: 0, Sum: 0, Workers: 4
[1.863s][debug][gc,phases   ] GC(0)   StringTable Weak               Min:  0.0, Avg:  0.1, Max:  0.4, Diff:  0.4, Sum:  0.4, Workers: 4
[1.863s][debug][gc,phases   ] GC(0)     Dead                           Min: 0, Avg: 10.2, Max: 41, Diff: 41, Sum: 41, Workers: 4
[1.863s][debug][gc,phases   ] GC(0)     Total                          Min: 0, Avg: 2933.2, Max: 11733, Diff: 11733, Sum: 11733, Workers: 4
[1.863s][debug][gc,phases   ] GC(0)   ResolvedMethodTable Weak       Min:  0.0, Avg:  0.0, Max:  0.0, Diff:  0.0, Sum:  0.0, Workers: 4
[1.863s][debug][gc,phases   ] GC(0)     Dead                           Min: 0, Avg:  7.0, Max: 28, Diff: 28, Sum: 28, Workers: 4
[1.863s][debug][gc,phases   ] GC(0)     Total                          Min: 0, Avg: 157.8, Max: 631, Diff: 631, Sum: 631, Workers: 4
[1.863s][debug][gc,phases   ] GC(0)   JNI Weak                       Min:  0.0, Avg:  0.0, Max:  0.0, Diff:  0.0, Sum:  0.0, Workers: 4
[1.863s][debug][gc,phases   ] GC(0)     Dead                           Min: 0, Avg:  0.0, Max: 0, Diff: 0, Sum: 0, Workers: 4
[1.863s][debug][gc,phases   ] GC(0)     Total                          Min: 0, Avg:  0.0, Max: 0, Diff: 0, Sum: 0, Workers: 4
[1.863s][debug][gc,phases   ] GC(0)   StringDedup Table Weak         Min:  0.0, Avg:  0.0, Max:  0.0, Diff:  0.0, Sum:  0.0, Workers: 4
[1.863s][debug][gc,phases   ] GC(0)     Dead                           Min: 0, Avg:  0.0, Max: 0, Diff: 0, Sum: 0, Workers: 4
[1.863s][debug][gc,phases   ] GC(0)     Total                          Min: 0, Avg:  0.0, Max: 0, Diff: 0, Sum: 0, Workers: 4
[1.863s][debug][gc,phases   ] GC(0)   StringDedup Requests0 Weak     Min:  0.0, Avg:  0.0, Max:  0.0, Diff:  0.0, Sum:  0.0, Workers: 4
[1.863s][debug][gc,phases   ] GC(0)     Dead                           Min: 0, Avg:  0.0, Max: 0, Diff: 0, Sum: 0, Workers: 4
[1.863s][debug][gc,phases   ] GC(0)     Total                          Min: 0, Avg:  0.0, Max: 0, Diff: 0, Sum: 0, Workers: 4
[1.863s][debug][gc,phases   ] GC(0)   StringDedup Requests1 Weak     Min:  0.0, Avg:  0.0, Max:  0.0, Diff:  0.0, Sum:  0.0, Workers: 4
[1.863s][debug][gc,phases   ] GC(0)     Dead                           Min: 0, Avg:  0.0, Max: 0, Diff: 0, Sum: 0, Workers: 4
[1.863s][debug][gc,phases   ] GC(0)     Total                          Min: 0, Avg:  0.0, Max: 0, Diff: 0, Sum: 0, Workers: 4
[1.863s][debug][gc,phases   ] GC(0)   Weak JFR Old Object Samples    Min:  0.0, Avg:  0.0, Max:  0.0, Diff:  0.0, Sum:  0.0, Workers: 4
[1.863s][debug][gc,phases   ] GC(0)     Dead                           Min: 0, Avg:  0.0, Max: 0, Diff: 0, Sum: 0, Workers: 4
[1.863s][debug][gc,phases   ] GC(0)     Total                          Min: 0, Avg:  0.0, Max: 0, Diff: 0, Sum: 0, Workers: 4
[1.863s][debug][gc,phases   ] GC(0) Weak Processing 0.726ms
[1.863s][debug][gc,age      ] GC(0) Desired survivor size 536870912 bytes, new threshold 7 (max threshold 15)
[1.863s][info ][gc,heap     ] GC(0) PSYoungGen: 314580K(1572864K)->17075K(1572864K) Eden: 314580K(1048576K)->0K(1048576K) From: 0K(524288K)->17075K(524288K)
[1.863s][info ][gc,heap     ] GC(0) ParOldGen: 0K(6144K)->72K(6144K)
[1.863s][info ][gc,metaspace] GC(0) Metaspace: 21275K(21504K)->21275K(21504K) NonClass: 18752K(18880K)->18752K(18880K) Class: 2522K(2624K)->2522K(2624K)
[1.863s][info ][gc          ] GC(0) Pause Young (Metadata GC Threshold) 307M->16M(1542M) 49.076ms
[1.863s][info ][gc,cpu      ] GC(0) User=0.04s Sys=0.00s Real=0.04s
[1.863s][debug][gc,phases   ] GC(1) Pre Compact 0.016ms
[1.863s][info ][gc,start    ] GC(1) Pause Full (Metadata GC Threshold)
[1.863s][info ][gc,phases,start] GC(1) Marking Phase
[1.882s][debug][gc,phases      ] GC(1) Par Mark 18.699ms
[1.882s][debug][gc,ref         ] GC(1) Skipped phase 1 of Reference Processing: no references
[1.882s][debug][gc,ref         ] GC(1) ReferenceProcessor::execute queues: 1, RefProcThreadModel::Single, marks_oops_alive: false
[1.882s][debug][gc,ref         ] GC(1) Skipped phase 3 of Reference Processing: no references
[1.882s][debug][gc,ref         ] GC(1) ReferenceProcessor::execute queues: 1, RefProcThreadModel::Single, marks_oops_alive: false
[1.882s][debug][gc,phases      ] GC(1) Reference Processing 0.094ms
[1.882s][debug][gc,phases      ] GC(1)   VM Weak                        Min:  0.0, Avg:  0.0, Max:  0.0, Diff:  0.0, Sum:  0.0, Workers: 4
[1.882s][debug][gc,phases      ] GC(1)     Dead                           Min: 0, Avg:  0.0, Max: 0, Diff: 0, Sum: 0, Workers: 4
[1.882s][debug][gc,phases      ] GC(1)     Total                          Min: 0, Avg: 34.0, Max: 136, Diff: 136, Sum: 136, Workers: 4
[1.882s][debug][gc,phases      ] GC(1)   ObjectSynchronizer Weak        Min:  0.0, Avg:  0.0, Max:  0.0, Diff:  0.0, Sum:  0.0, Workers: 4
[1.882s][debug][gc,phases      ] GC(1)     Dead                           Min: 0, Avg:  0.0, Max: 0, Diff: 0, Sum: 0, Workers: 4
[1.882s][debug][gc,phases      ] GC(1)     Total                          Min: 0, Avg:  2.2, Max: 9, Diff: 9, Sum: 9, Workers: 4
[1.882s][debug][gc,phases      ] GC(1)   JVMTI Tag Weak OopStorage      Min:  0.0, Avg:  0.0, Max:  0.0, Diff:  0.0, Sum:  0.0, Workers: 4
[1.882s][debug][gc,phases      ] GC(1)     Dead                           Min: 0, Avg:  0.0, Max: 0, Diff: 0, Sum: 0, Workers: 4
[1.882s][debug][gc,phases      ] GC(1)     Total                          Min: 0, Avg:  0.0, Max: 0, Diff: 0, Sum: 0, Workers: 4
[1.882s][debug][gc,phases      ] GC(1)   StringTable Weak               Min:  0.0, Avg:  0.0, Max:  0.2, Diff:  0.2, Sum:  0.2, Workers: 4
[1.882s][debug][gc,phases      ] GC(1)     Dead                           Min: 0, Avg:  0.0, Max: 0, Diff: 0, Sum: 0, Workers: 4
[1.882s][debug][gc,phases      ] GC(1)     Total                          Min: 0, Avg: 2933.2, Max: 11733, Diff: 11733, Sum: 11733, Workers: 4
[1.882s][debug][gc,phases      ] GC(1)   ResolvedMethodTable Weak       Min:  0.0, Avg:  0.0, Max:  0.0, Diff:  0.0, Sum:  0.0, Workers: 4
[1.882s][debug][gc,phases      ] GC(1)     Dead                           Min: 0, Avg:  0.0, Max: 0, Diff: 0, Sum: 0, Workers: 4
[1.882s][debug][gc,phases      ] GC(1)     Total                          Min: 0, Avg: 157.8, Max: 631, Diff: 631, Sum: 631, Workers: 4
[1.882s][debug][gc,phases      ] GC(1)   JNI Weak                       Min:  0.0, Avg:  0.0, Max:  0.0, Diff:  0.0, Sum:  0.0, Workers: 4
[1.882s][debug][gc,phases      ] GC(1)     Dead                           Min: 0, Avg:  0.0, Max: 0, Diff: 0, Sum: 0, Workers: 4
[1.882s][debug][gc,phases      ] GC(1)     Total                          Min: 0, Avg:  0.0, Max: 0, Diff: 0, Sum: 0, Workers: 4
[1.882s][debug][gc,phases      ] GC(1)   StringDedup Table Weak         Min:  0.0, Avg:  0.0, Max:  0.0, Diff:  0.0, Sum:  0.0, Workers: 4
[1.882s][debug][gc,phases      ] GC(1)     Dead                           Min: 0, Avg:  0.0, Max: 0, Diff: 0, Sum: 0, Workers: 4
[1.882s][debug][gc,phases      ] GC(1)     Total                          Min: 0, Avg:  0.0, Max: 0, Diff: 0, Sum: 0, Workers: 4
[1.882s][debug][gc,phases      ] GC(1)   StringDedup Requests0 Weak     Min:  0.0, Avg:  0.0, Max:  0.0, Diff:  0.0, Sum:  0.0, Workers: 4
[1.882s][debug][gc,phases      ] GC(1)     Dead                           Min: 0, Avg:  0.0, Max: 0, Diff: 0, Sum: 0, Workers: 4
[1.882s][debug][gc,phases      ] GC(1)     Total                          Min: 0, Avg:  0.0, Max: 0, Diff: 0, Sum: 0, Workers: 4
[1.882s][debug][gc,phases      ] GC(1)   StringDedup Requests1 Weak     Min:  0.0, Avg:  0.0, Max:  0.0, Diff:  0.0, Sum:  0.0, Workers: 4
[1.882s][debug][gc,phases      ] GC(1)     Dead                           Min: 0, Avg:  0.0, Max: 0, Diff: 0, Sum: 0, Workers: 4
[1.882s][debug][gc,phases      ] GC(1)     Total                          Min: 0, Avg:  0.0, Max: 0, Diff: 0, Sum: 0, Workers: 4
[1.882s][debug][gc,phases      ] GC(1)   Weak JFR Old Object Samples    Min:  0.0, Avg:  0.0, Max:  0.0, Diff:  0.0, Sum:  0.0, Workers: 4
[1.882s][debug][gc,phases      ] GC(1)     Dead                           Min: 0, Avg:  0.0, Max: 0, Diff: 0, Sum: 0, Workers: 4
[1.882s][debug][gc,phases      ] GC(1)     Total                          Min: 0, Avg:  0.0, Max: 0, Diff: 0, Sum: 0, Workers: 4
[1.882s][debug][gc,phases      ] GC(1) Weak Processing 0.444ms
[1.882s][debug][gc,phases      ] GC(1) ClassLoaderData 0.020ms
[1.882s][debug][gc,phases      ] GC(1) Trigger cleanups 0.001ms
[1.885s][debug][gc,phases      ] GC(1) Class Unloading 2.381ms
[1.885s][info ][gc,phases      ] GC(1) Marking Phase 21.708ms
[1.885s][info ][gc,phases,start] GC(1) Summary Phase
[1.885s][info ][gc,phases      ] GC(1) Summary Phase 0.008ms
[1.885s][info ][gc,phases,start] GC(1) Adjust Roots
[1.888s][info ][gc,phases      ] GC(1) Adjust Roots 3.040ms
[1.888s][info ][gc,phases,start] GC(1) Compaction Phase
[1.910s][info ][gc,phases      ] GC(1) Compaction Phase 21.928ms
[1.910s][info ][gc,phases,start] GC(1) Post Compact
[1.911s][info ][gc,phases      ] GC(1) Post Compact 0.925ms
[1.911s][info ][gc,heap        ] GC(1) PSYoungGen: 17075K(1572864K)->11356K(1572864K) Eden: 0K(1048576K)->0K(1048576K) From: 17075K(524288K)->11356K(524288K)
[1.911s][info ][gc,heap        ] GC(1) ParOldGen: 72K(6144K)->5643K(6144K)
[1.911s][info ][gc,metaspace   ] GC(1) Metaspace: 21275K(21504K)->21275K(21504K) NonClass: 18752K(18880K)->18752K(18880K) Class: 2522K(2624K)->2522K(2624K)
[1.911s][info ][gc             ] GC(1) Pause Full (Metadata GC Threshold) 16M->16M(1542M) 47.778ms
[1.911s][info ][gc,cpu         ] GC(1) User=0.07s Sys=0.00s Real=0.05s
[1.911s][info ][safepoint      ] Safepoint "CollectForMetadataAllocation", Time since last: 275997143 ns, Reaching safepoint: 74002 ns, At safepoint: 97001629 ns, Total: 97075631 ns
[2.618s][info ][safepoint      ] Safepoint "ICBufferFull", Time since last: 706924836 ns, Reaching safepoint: 126003 ns, At safepoint: 5300 ns, Total: 131303 ns
[2.642s][info ][safepoint      ] Safepoint "ICBufferFull", Time since last: 24443862 ns, Reaching safepoint: 56801 ns, At safepoint: 7900 ns, Total: 64701 ns
[2.650s][info ][safepoint      ] Safepoint "ICBufferFull", Time since last: 7279868 ns, Reaching safepoint: 76901 ns, At safepoint: 4300 ns, Total: 81201 ns
[2.665s][info ][safepoint      ] Safepoint "ICBufferFull", Time since last: 15427855 ns, Reaching safepoint: 62601 ns, At safepoint: 3600 ns, Total: 66201 ns
[2.670s][info ][safepoint      ] Safepoint "ICBufferFull", Time since last: 4974514 ns, Reaching safepoint: 32801 ns, At safepoint: 3600 ns, Total: 36401 ns
[2.676s][info ][safepoint      ] Safepoint "ICBufferFull", Time since last: 5486826 ns, Reaching safepoint: 47301 ns, At safepoint: 2700 ns, Total: 50001 ns
[2.686s][info ][safepoint      ] Safepoint "ICBufferFull", Time since last: 9944429 ns, Reaching safepoint: 124303 ns, At safepoint: 7100 ns, Total: 131403 ns
[2.694s][info ][safepoint      ] Safepoint "ICBufferFull", Time since last: 7712177 ns, Reaching safepoint: 66202 ns, At safepoint: 3500 ns, Total: 69702 ns
[2.701s][info ][safepoint      ] Safepoint "ICBufferFull", Time since last: 7735977 ns, Reaching safepoint: 72802 ns, At safepoint: 7200 ns, Total: 80002 ns
[2.715s][info ][safepoint      ] Safepoint "ICBufferFull", Time since last: 13135702 ns, Reaching safepoint: 69801 ns, At safepoint: 3200 ns, Total: 73001 ns
[2.723s][info ][safepoint      ] Safepoint "ICBufferFull", Time since last: 8480695 ns, Reaching safepoint: 61602 ns, At safepoint: 3200 ns, Total: 64802 ns
[2.724s][info ][safepoint      ] Safepoint "ICBufferFull", Time since last: 726016 ns, Reaching safepoint: 18901 ns, At safepoint: 2200 ns, Total: 21101 ns
[2.842s][info ][safepoint      ] Safepoint "ICBufferFull", Time since last: 117773105 ns, Reaching safepoint: 138103 ns, At safepoint: 5300 ns, Total: 143403 ns
[2.859s][info ][safepoint      ] Safepoint "ICBufferFull", Time since last: 17016591 ns, Reaching safepoint: 49901 ns, At safepoint: 4800 ns, Total: 54701 ns
[2.860s][info ][safepoint      ] Safepoint "ICBufferFull", Time since last: 1500335 ns, Reaching safepoint: 38001 ns, At safepoint: 2600 ns, Total: 40601 ns
[2.862s][info ][safepoint      ] Safepoint "ICBufferFull", Time since last: 1791841 ns, Reaching safepoint: 43101 ns, At safepoint: 2800 ns, Total: 45901 ns
[2.867s][info ][safepoint      ] Safepoint "ICBufferFull", Time since last: 4639006 ns, Reaching safepoint: 45601 ns, At safepoint: 3700 ns, Total: 49301 ns
[2.868s][info ][safepoint      ] Safepoint "ICBufferFull", Time since last: 1395333 ns, Reaching safepoint: 32400 ns, At safepoint: 2700 ns, Total: 35100 ns
[2.870s][info ][safepoint      ] Safepoint "ICBufferFull", Time since last: 1104226 ns, Reaching safepoint: 40101 ns, At safepoint: 2700 ns, Total: 42801 ns
[2.872s][info ][safepoint      ] Safepoint "ICBufferFull", Time since last: 2362454 ns, Reaching safepoint: 37201 ns, At safepoint: 2600 ns, Total: 39801 ns
[2.878s][info ][safepoint      ] Safepoint "ICBufferFull", Time since last: 1074625 ns, Reaching safepoint: 4648606 ns, At safepoint: 15901 ns, Total: 4664507 ns
[2.879s][info ][safepoint      ] Safepoint "ICBufferFull", Time since last: 1572736 ns, Reaching safepoint: 45601 ns, At safepoint: 3100 ns, Total: 48701 ns
[2.880s][info ][safepoint      ] Safepoint "ICBufferFull", Time since last: 1055224 ns, Reaching safepoint: 32601 ns, At safepoint: 5800 ns, Total: 38401 ns
[2.889s][info ][safepoint      ] Safepoint "ICBufferFull", Time since last: 8067485 ns, Reaching safepoint: 43601 ns, At safepoint: 2900 ns, Total: 46501 ns
[2.889s][info ][safepoint      ] Safepoint "ICBufferFull", Time since last: 735017 ns, Reaching safepoint: 24701 ns, At safepoint: 2100 ns, Total: 26801 ns
[2.894s][info ][safepoint      ] Safepoint "ICBufferFull", Time since last: 4403301 ns, Reaching safepoint: 36001 ns, At safepoint: 2600 ns, Total: 38601 ns
[2.899s][info ][safepoint      ] Safepoint "ICBufferFull", Time since last: 4928213 ns, Reaching safepoint: 31001 ns, At safepoint: 3900 ns, Total: 34901 ns
[2.906s][info ][safepoint      ] Safepoint "ICBufferFull", Time since last: 6996461 ns, Reaching safepoint: 60201 ns, At safepoint: 2500 ns, Total: 62701 ns
[2.927s][info ][safepoint      ] Safepoint "ICBufferFull", Time since last: 19938558 ns, Reaching safepoint: 1448833 ns, At safepoint: 8700 ns, Total: 1457533 ns
[2.964s][info ][safepoint      ] Safepoint "ICBufferFull", Time since last: 36963749 ns, Reaching safepoint: 59601 ns, At safepoint: 3300 ns, Total: 62901 ns
[2.971s][info ][safepoint      ] Safepoint "ICBufferFull", Time since last: 6578351 ns, Reaching safepoint: 35101 ns, At safepoint: 2300 ns, Total: 37401 ns
[3.093s][info ][safepoint      ] Safepoint "ICBufferFull", Time since last: 122451711 ns, Reaching safepoint: 95302 ns, At safepoint: 3700 ns, Total: 99002 ns
[3.098s][info ][safepoint      ] Safepoint "ICBufferFull", Time since last: 4352600 ns, Reaching safepoint: 44601 ns, At safepoint: 3100 ns, Total: 47701 ns
[3.110s][info ][safepoint      ] Safepoint "ICBufferFull", Time since last: 11952374 ns, Reaching safepoint: 65002 ns, At safepoint: 4000 ns, Total: 69002 ns
[3.116s][info ][safepoint      ] Safepoint "ICBufferFull", Time since last: 6522649 ns, Reaching safepoint: 44901 ns, At safepoint: 3801 ns, Total: 48702 ns
[3.218s][info ][safepoint      ] Safepoint "ICBufferFull", Time since last: 101349626 ns, Reaching safepoint: 83902 ns, At safepoint: 4300 ns, Total: 88202 ns
[3.226s][info ][safepoint      ] Safepoint "ICBufferFull", Time since last: 7912081 ns, Reaching safepoint: 44901 ns, At safepoint: 2700 ns, Total: 47601 ns
[3.228s][info ][safepoint      ] Safepoint "ICBufferFull", Time since last: 2588860 ns, Reaching safepoint: 43101 ns, At safepoint: 5800 ns, Total: 48901 ns
[3.230s][info ][safepoint      ] Safepoint "ICBufferFull", Time since last: 1901144 ns, Reaching safepoint: 28000 ns, At safepoint: 4300 ns, Total: 32300 ns
[3.234s][info ][safepoint      ] Safepoint "ICBufferFull", Time since last: 2538159 ns, Reaching safepoint: 1102325 ns, At safepoint: 8100 ns, Total: 1110425 ns
[3.238s][info ][safepoint      ] Safepoint "ICBufferFull", Time since last: 2164650 ns, Reaching safepoint: 2124649 ns, At safepoint: 9200 ns, Total: 2133849 ns
[3.243s][info ][safepoint      ] Safepoint "ICBufferFull", Time since last: 1140526 ns, Reaching safepoint: 3223374 ns, At safepoint: 10800 ns, Total: 3234174 ns
[3.247s][info ][safepoint      ] Safepoint "ICBufferFull", Time since last: 722017 ns, Reaching safepoint: 3230874 ns, At safepoint: 11600 ns, Total: 3242474 ns
[3.251s][info ][safepoint      ] Safepoint "ICBufferFull", Time since last: 1417133 ns, Reaching safepoint: 2532558 ns, At safepoint: 11900 ns, Total: 2544458 ns
[3.253s][info ][safepoint      ] Safepoint "ICBufferFull", Time since last: 2862566 ns, Reaching safepoint: 38601 ns, At safepoint: 2500 ns, Total: 41101 ns
[3.255s][info ][safepoint      ] Safepoint "ICBufferFull", Time since last: 1211028 ns, Reaching safepoint: 28200 ns, At safepoint: 3100 ns, Total: 31300 ns
[3.262s][info ][safepoint      ] Safepoint "ICBufferFull", Time since last: 6984961 ns, Reaching safepoint: 34100 ns, At safepoint: 2400 ns, Total: 36500 ns
[3.266s][info ][safepoint      ] Safepoint "ICBufferFull", Time since last: 2935268 ns, Reaching safepoint: 1047024 ns, At safepoint: 6600 ns, Total: 1053624 ns
[3.268s][info ][safepoint      ] Safepoint "ICBufferFull", Time since last: 2601560 ns, Reaching safepoint: 34200 ns, At safepoint: 2600 ns, Total: 36800 ns
[3.271s][info ][safepoint      ] Safepoint "ICBufferFull", Time since last: 2506058 ns, Reaching safepoint: 31301 ns, At safepoint: 2400 ns, Total: 33701 ns
[3.276s][info ][safepoint      ] Safepoint "ICBufferFull", Time since last: 5003115 ns, Reaching safepoint: 34400 ns, At safepoint: 4500 ns, Total: 38900 ns
[3.282s][info ][safepoint      ] Safepoint "ICBufferFull", Time since last: 2086448 ns, Reaching safepoint: 4246898 ns, At safepoint: 12400 ns, Total: 4259298 ns
[3.285s][info ][safepoint      ] Safepoint "ICBufferFull", Time since last: 2976068 ns, Reaching safepoint: 33501 ns, At safepoint: 2300 ns, Total: 35801 ns
[3.290s][info ][safepoint      ] Safepoint "ICBufferFull", Time since last: 5027716 ns, Reaching safepoint: 42201 ns, At safepoint: 5000 ns, Total: 47201 ns
[3.297s][info ][safepoint      ] Safepoint "ICBufferFull", Time since last: 6778455 ns, Reaching safepoint: 45501 ns, At safepoint: 3000 ns, Total: 48501 ns
[3.303s][info ][safepoint      ] Safepoint "ICBufferFull", Time since last: 5854635 ns, Reaching safepoint: 38001 ns, At safepoint: 2500 ns, Total: 40501 ns
[3.307s][info ][safepoint      ] Safepoint "ICBufferFull", Time since last: 3721785 ns, Reaching safepoint: 34501 ns, At safepoint: 2500 ns, Total: 37001 ns
[3.309s][info ][safepoint      ] Safepoint "ICBufferFull", Time since last: 2398855 ns, Reaching safepoint: 24401 ns, At safepoint: 2500 ns, Total: 26901 ns
[3.310s][info ][safepoint      ] Safepoint "ICBufferFull", Time since last: 668815 ns, Reaching safepoint: 21501 ns, At safepoint: 1900 ns, Total: 23401 ns
[3.312s][info ][safepoint      ] Safepoint "ICBufferFull", Time since last: 2072847 ns, Reaching safepoint: 23101 ns, At safepoint: 2500 ns, Total: 25601 ns
[3.314s][info ][safepoint      ] Safepoint "ICBufferFull", Time since last: 2206650 ns, Reaching safepoint: 26801 ns, At safepoint: 2800 ns, Total: 29601 ns
[3.317s][info ][safepoint      ] Safepoint "ICBufferFull", Time since last: 2570059 ns, Reaching safepoint: 30601 ns, At safepoint: 3000 ns, Total: 33601 ns
[3.319s][info ][safepoint      ] Safepoint "ICBufferFull", Time since last: 2432956 ns, Reaching safepoint: 31000 ns, At safepoint: 4900 ns, Total: 35900 ns
[3.323s][info ][safepoint      ] Safepoint "ICBufferFull", Time since last: 3562982 ns, Reaching safepoint: 33701 ns, At safepoint: 2700 ns, Total: 36401 ns
[3.325s][info ][safepoint      ] Safepoint "ICBufferFull", Time since last: 2064047 ns, Reaching safepoint: 65102 ns, At safepoint: 3100 ns, Total: 68202 ns
[3.327s][info ][safepoint      ] Safepoint "ICBufferFull", Time since last: 2227251 ns, Reaching safepoint: 26501 ns, At safepoint: 4600 ns, Total: 31101 ns
[3.330s][info ][safepoint      ] Safepoint "ICBufferFull", Time since last: 2300353 ns, Reaching safepoint: 105602 ns, At safepoint: 4400 ns, Total: 110002 ns
[3.332s][info ][safepoint      ] Safepoint "ICBufferFull", Time since last: 2535858 ns, Reaching safepoint: 114203 ns, At safepoint: 7100 ns, Total: 121303 ns
[3.335s][info ][safepoint      ] Safepoint "ICBufferFull", Time since last: 2917467 ns, Reaching safepoint: 106103 ns, At safepoint: 4900 ns, Total: 111003 ns
[3.341s][info ][safepoint      ] Safepoint "ICBufferFull", Time since last: 2170149 ns, Reaching safepoint: 2894167 ns, At safepoint: 7500 ns, Total: 2901667 ns
[3.346s][info ][safepoint      ] Safepoint "ICBufferFull", Time since last: 4183496 ns, Reaching safepoint: 1016323 ns, At safepoint: 12701 ns, Total: 1029024 ns
[3.369s][info ][safepoint      ] Safepoint "ICBufferFull", Time since last: 23435138 ns, Reaching safepoint: 57601 ns, At safepoint: 2600 ns, Total: 60201 ns
[3.371s][info ][safepoint      ] Safepoint "ICBufferFull", Time since last: 1416432 ns, Reaching safepoint: 33401 ns, At safepoint: 2900 ns, Total: 36301 ns
[3.373s][info ][safepoint      ] Safepoint "ICBufferFull", Time since last: 2015547 ns, Reaching safepoint: 26300 ns, At safepoint: 2600 ns, Total: 28900 ns
[3.373s][info ][safepoint      ] Safepoint "ICBufferFull", Time since last: 649215 ns, Reaching safepoint: 23401 ns, At safepoint: 2200 ns, Total: 25601 ns
[3.376s][info ][safepoint      ] Safepoint "ICBufferFull", Time since last: 2780464 ns, Reaching safepoint: 27200 ns, At safepoint: 2300 ns, Total: 29500 ns
[3.383s][info ][safepoint      ] Safepoint "ICBufferFull", Time since last: 6427248 ns, Reaching safepoint: 39501 ns, At safepoint: 2600 ns, Total: 42101 ns
[3.391s][info ][safepoint      ] Safepoint "ICBufferFull", Time since last: 7992783 ns, Reaching safepoint: 43301 ns, At safepoint: 2800 ns, Total: 46101 ns
[3.401s][info ][safepoint      ] Safepoint "ICBufferFull", Time since last: 10057231 ns, Reaching safepoint: 43901 ns, At safepoint: 2500 ns, Total: 46401 ns
[3.403s][info ][safepoint      ] Safepoint "ICBufferFull", Time since last: 2105648 ns, Reaching safepoint: 46001 ns, At safepoint: 2901 ns, Total: 48902 ns
[3.404s][info ][safepoint      ] Safepoint "ICBufferFull", Time since last: 709116 ns, Reaching safepoint: 35301 ns, At safepoint: 4500 ns, Total: 39801 ns
[3.409s][info ][safepoint      ] Safepoint "ICBufferFull", Time since last: 5302521 ns, Reaching safepoint: 57202 ns, At safepoint: 3200 ns, Total: 60402 ns
[3.411s][info ][safepoint      ] Safepoint "ICBufferFull", Time since last: 1403832 ns, Reaching safepoint: 42101 ns, At safepoint: 2800 ns, Total: 44901 ns
[3.415s][info ][safepoint      ] Safepoint "ICBufferFull", Time since last: 4671407 ns, Reaching safepoint: 53302 ns, At safepoint: 4600 ns, Total: 57902 ns
[3.421s][info ][safepoint      ] Safepoint "ICBufferFull", Time since last: 714716 ns, Reaching safepoint: 4598906 ns, At safepoint: 10900 ns, Total: 4609806 ns
[3.425s][info ][safepoint      ] Safepoint "ICBufferFull", Time since last: 3858588 ns, Reaching safepoint: 39001 ns, At safepoint: 2800 ns, Total: 41801 ns
[3.431s][info ][safepoint      ] Safepoint "ICBufferFull", Time since last: 6651253 ns, Reaching safepoint: 41501 ns, At safepoint: 3000 ns, Total: 44501 ns
[3.432s][info ][safepoint      ] Safepoint "ICBufferFull", Time since last: 674616 ns, Reaching safepoint: 37500 ns, At safepoint: 2100 ns, Total: 39600 ns
[3.439s][info ][safepoint      ] Safepoint "ICBufferFull", Time since last: 6958860 ns, Reaching safepoint: 50101 ns, At safepoint: 3500 ns, Total: 53601 ns
[3.466s][info ][safepoint      ] Safepoint "ICBufferFull", Time since last: 27100722 ns, Reaching safepoint: 64202 ns, At safepoint: 3200 ns, Total: 67402 ns
[3.467s][info ][safepoint      ] Safepoint "ICBufferFull", Time since last: 653215 ns, Reaching safepoint: 28701 ns, At safepoint: 1900 ns, Total: 30601 ns
[3.494s][info ][safepoint      ] Safepoint "ICBufferFull", Time since last: 27419929 ns, Reaching safepoint: 44501 ns, At safepoint: 2600 ns, Total: 47101 ns
[3.496s][info ][safepoint      ] Safepoint "ICBufferFull", Time since last: 1872943 ns, Reaching safepoint: 30701 ns, At safepoint: 2100 ns, Total: 32801 ns
[3.497s][info ][safepoint      ] Safepoint "ICBufferFull", Time since last: 1226528 ns, Reaching safepoint: 26001 ns, At safepoint: 2200 ns, Total: 28201 ns
[3.504s][info ][safepoint      ] Safepoint "ICBufferFull", Time since last: 1895843 ns, Reaching safepoint: 4332700 ns, At safepoint: 8500 ns, Total: 4341200 ns
[3.507s][info ][safepoint      ] Safepoint "ICBufferFull", Time since last: 2997169 ns, Reaching safepoint: 225105 ns, At safepoint: 11200 ns, Total: 236305 ns
[3.514s][info ][safepoint      ] Safepoint "ICBufferFull", Time since last: 6835657 ns, Reaching safepoint: 50501 ns, At safepoint: 3100 ns, Total: 53601 ns
[3.515s][info ][safepoint      ] Safepoint "ICBufferFull", Time since last: 1651238 ns, Reaching safepoint: 28901 ns, At safepoint: 2900 ns, Total: 31801 ns
[3.518s][info ][safepoint      ] Safepoint "ICBufferFull", Time since last: 2748663 ns, Reaching safepoint: 31501 ns, At safepoint: 2800 ns, Total: 34301 ns
[3.523s][info ][safepoint      ] Safepoint "ICBufferFull", Time since last: 4760209 ns, Reaching safepoint: 41101 ns, At safepoint: 3000 ns, Total: 44101 ns
[3.525s][info ][safepoint      ] Safepoint "ICBufferFull", Time since last: 1957845 ns, Reaching safepoint: 29500 ns, At safepoint: 2701 ns, Total: 32201 ns
[3.527s][info ][safepoint      ] Safepoint "ICBufferFull", Time since last: 1999245 ns, Reaching safepoint: 28201 ns, At safepoint: 2600 ns, Total: 30801 ns
[3.530s][info ][safepoint      ] Safepoint "ICBufferFull", Time since last: 2414456 ns, Reaching safepoint: 31900 ns, At safepoint: 2700 ns, Total: 34600 ns
[3.536s][info ][safepoint      ] Safepoint "ICBufferFull", Time since last: 6425948 ns, Reaching safepoint: 42301 ns, At safepoint: 3300 ns, Total: 45601 ns
[3.537s][info ][safepoint      ] Safepoint "ICBufferFull", Time since last: 1179327 ns, Reaching safepoint: 26801 ns, At safepoint: 2100 ns, Total: 28901 ns
[3.540s][info ][safepoint      ] Safepoint "ICBufferFull", Time since last: 2870365 ns, Reaching safepoint: 24101 ns, At safepoint: 2100 ns, Total: 26201 ns
[3.541s][info ][safepoint      ] Safepoint "ICBufferFull", Time since last: 678416 ns, Reaching safepoint: 23500 ns, At safepoint: 2000 ns, Total: 25500 ns
[3.543s][info ][safepoint      ] Safepoint "ICBufferFull", Time since last: 2565259 ns, Reaching safepoint: 31801 ns, At safepoint: 2700 ns, Total: 34501 ns
[3.545s][info ][safepoint      ] Safepoint "ICBufferFull", Time since last: 1989346 ns, Reaching safepoint: 26000 ns, At safepoint: 2000 ns, Total: 28000 ns
[3.547s][info ][safepoint      ] Safepoint "ICBufferFull", Time since last: 1917144 ns, Reaching safepoint: 23401 ns, At safepoint: 2100 ns, Total: 25501 ns
[3.549s][info ][safepoint      ] Safepoint "ICBufferFull", Time since last: 1905243 ns, Reaching safepoint: 24201 ns, At safepoint: 2100 ns, Total: 26301 ns
[3.552s][info ][safepoint      ] Safepoint "ICBufferFull", Time since last: 2759563 ns, Reaching safepoint: 33701 ns, At safepoint: 2200 ns, Total: 35901 ns
[3.555s][info ][safepoint      ] Safepoint "ICBufferFull", Time since last: 2537659 ns, Reaching safepoint: 43000 ns, At safepoint: 3001 ns, Total: 46001 ns
[3.558s][info ][safepoint      ] Safepoint "ICBufferFull", Time since last: 2893066 ns, Reaching safepoint: 37301 ns, At safepoint: 2600 ns, Total: 39901 ns
[3.562s][info ][safepoint      ] Safepoint "ICBufferFull", Time since last: 4404501 ns, Reaching safepoint: 40401 ns, At safepoint: 2800 ns, Total: 43201 ns
[3.565s][info ][safepoint      ] Safepoint "ICBufferFull", Time since last: 3322276 ns, Reaching safepoint: 42401 ns, At safepoint: 3000 ns, Total: 45401 ns
[3.569s][info ][safepoint      ] Safepoint "ICBufferFull", Time since last: 3440279 ns, Reaching safepoint: 43401 ns, At safepoint: 5800 ns, Total: 49201 ns
[3.572s][info ][safepoint      ] Safepoint "ICBufferFull", Time since last: 3201774 ns, Reaching safepoint: 39601 ns, At safepoint: 5400 ns, Total: 45001 ns
[3.581s][info ][safepoint      ] Safepoint "ICBufferFull", Time since last: 2914167 ns, Reaching safepoint: 5612529 ns, At safepoint: 17500 ns, Total: 5630029 ns
[3.594s][info ][safepoint      ] Safepoint "ICBufferFull", Time since last: 5051216 ns, Reaching safepoint: 7958283 ns, At safepoint: 24800 ns, Total: 7983083 ns
[3.598s][info ][safepoint      ] Safepoint "ICBufferFull", Time since last: 3988392 ns, Reaching safepoint: 365008 ns, At safepoint: 3900 ns, Total: 368908 ns
[3.610s][info ][safepoint      ] Safepoint "ICBufferFull", Time since last: 7631975 ns, Reaching safepoint: 3993992 ns, At safepoint: 13800 ns, Total: 4007792 ns
[3.612s][info ][safepoint      ] Safepoint "ICBufferFull", Time since last: 1928545 ns, Reaching safepoint: 41100 ns, At safepoint: 5601 ns, Total: 46701 ns
[3.619s][info ][safepoint      ] Safepoint "ICBufferFull", Time since last: 7229466 ns, Reaching safepoint: 54301 ns, At safepoint: 3400 ns, Total: 57701 ns
[3.620s][info ][safepoint      ] Safepoint "ICBufferFull", Time since last: 713716 ns, Reaching safepoint: 34801 ns, At safepoint: 5800 ns, Total: 40601 ns
[3.626s][info ][safepoint      ] Safepoint "ICBufferFull", Time since last: 6198742 ns, Reaching safepoint: 39201 ns, At safepoint: 2600 ns, Total: 41801 ns
[3.627s][info ][safepoint      ] Safepoint "ICBufferFull", Time since last: 841020 ns, Reaching safepoint: 30200 ns, At safepoint: 4301 ns, Total: 34501 ns
[3.630s][info ][safepoint      ] Safepoint "ICBufferFull", Time since last: 3121171 ns, Reaching safepoint: 176704 ns, At safepoint: 7100 ns, Total: 183804 ns
[3.632s][info ][safepoint      ] Safepoint "ICBufferFull", Time since last: 1779141 ns, Reaching safepoint: 35201 ns, At safepoint: 2400 ns, Total: 37601 ns
[3.642s][info ][safepoint      ] Safepoint "ICBufferFull", Time since last: 8745901 ns, Reaching safepoint: 1134126 ns, At safepoint: 12200 ns, Total: 1146326 ns
[3.642s][info ][safepoint      ] Safepoint "ICBufferFull", Time since last: 555413 ns, Reaching safepoint: 16200 ns, At safepoint: 2200 ns, Total: 18400 ns
[3.644s][info ][safepoint      ] Safepoint "ICBufferFull", Time since last: 1523635 ns, Reaching safepoint: 35401 ns, At safepoint: 1800 ns, Total: 37201 ns
[3.646s][info ][safepoint      ] Safepoint "ICBufferFull", Time since last: 1468734 ns, Reaching safepoint: 110102 ns, At safepoint: 9301 ns, Total: 119403 ns
[3.647s][info ][safepoint      ] Safepoint "ICBufferFull", Time since last: 1467433 ns, Reaching safepoint: 40401 ns, At safepoint: 3300 ns, Total: 43701 ns
[3.648s][info ][safepoint      ] Safepoint "ICBufferFull", Time since last: 1298730 ns, Reaching safepoint: 41501 ns, At safepoint: 7800 ns, Total: 49301 ns
[3.650s][info ][safepoint      ] Safepoint "ICBufferFull", Time since last: 1457634 ns, Reaching safepoint: 42501 ns, At safepoint: 6700 ns, Total: 49201 ns
[3.651s][info ][safepoint      ] Safepoint "ICBufferFull", Time since last: 1136326 ns, Reaching safepoint: 24700 ns, At safepoint: 2600 ns, Total: 27300 ns
[3.652s][info ][safepoint      ] Safepoint "ICBufferFull", Time since last: 1276430 ns, Reaching safepoint: 25600 ns, At safepoint: 2200 ns, Total: 27800 ns
[3.654s][info ][safepoint      ] Safepoint "ICBufferFull", Time since last: 1239929 ns, Reaching safepoint: 53001 ns, At safepoint: 2300 ns, Total: 55301 ns
[3.655s][info ][safepoint      ] Safepoint "ICBufferFull", Time since last: 1200128 ns, Reaching safepoint: 27700 ns, At safepoint: 2000 ns, Total: 29700 ns
[3.657s][info ][safepoint      ] Safepoint "ICBufferFull", Time since last: 1879243 ns, Reaching safepoint: 59802 ns, At safepoint: 3100 ns, Total: 62902 ns
[3.658s][info ][safepoint      ] Safepoint "ICBufferFull", Time since last: 992723 ns, Reaching safepoint: 48701 ns, At safepoint: 7200 ns, Total: 55901 ns
[3.659s][info ][safepoint      ] Safepoint "ICBufferFull", Time since last: 852820 ns, Reaching safepoint: 36300 ns, At safepoint: 2300 ns, Total: 38600 ns
[3.660s][info ][safepoint      ] Safepoint "ICBufferFull", Time since last: 1135327 ns, Reaching safepoint: 35800 ns, At safepoint: 3800 ns, Total: 39600 ns
[3.669s][info ][safepoint      ] Safepoint "ICBufferFull", Time since last: 5710431 ns, Reaching safepoint: 2832565 ns, At safepoint: 3301 ns, Total: 2835866 ns
[3.674s][info ][safepoint      ] Safepoint "ICBufferFull", Time since last: 743617 ns, Reaching safepoint: 4412301 ns, At safepoint: 15400 ns, Total: 4427701 ns
[3.677s][info ][safepoint      ] Safepoint "ICBufferFull", Time since last: 3071071 ns, Reaching safepoint: 40201 ns, At safepoint: 2900 ns, Total: 43101 ns
[3.682s][info ][safepoint      ] Safepoint "ICBufferFull", Time since last: 4867811 ns, Reaching safepoint: 37301 ns, At safepoint: 2800 ns, Total: 40101 ns
[4.022s][info ][safepoint      ] Safepoint "ICBufferFull", Time since last: 339960702 ns, Reaching safepoint: 280506 ns, At safepoint: 5400 ns, Total: 285906 ns
[4.334s][info ][gc,start       ] GC(2) Pause Young (Metadata GC Threshold)
[4.390s][debug][gc,phases      ] GC(2) Scavenge 55.853ms
[4.390s][debug][gc,ref         ] GC(2) Skipped phase 1 of Reference Processing: no references
[4.390s][debug][gc,ref         ] GC(2) ReferenceProcessor::execute queues: 2, RefProcThreadModel::Multi, marks_oops_alive: false
[4.395s][debug][gc,ref         ] GC(2) Skipped phase 3 of Reference Processing: no references
[4.395s][debug][gc,ref         ] GC(2) ReferenceProcessor::execute queues: 1, RefProcThreadModel::Single, marks_oops_alive: false
[4.395s][debug][gc,phases      ] GC(2) Reference Processing 4.872ms
[4.396s][debug][gc,phases      ] GC(2)   VM Weak                        Min:  0.0, Avg:  0.0, Max:  0.0, Diff:  0.0, Sum:  0.0, Workers: 4
[4.396s][debug][gc,phases      ] GC(2)     Dead                           Min: 0, Avg:  0.0, Max: 0, Diff: 0, Sum: 0, Workers: 4
[4.396s][debug][gc,phases      ] GC(2)     Total                          Min: 0, Avg: 68.5, Max: 274, Diff: 274, Sum: 274, Workers: 4
[4.396s][debug][gc,phases      ] GC(2)   ObjectSynchronizer Weak        Min:  0.0, Avg:  0.0, Max:  0.0, Diff:  0.0, Sum:  0.0, Workers: 4
[4.396s][debug][gc,phases      ] GC(2)     Dead                           Min: 0, Avg:  1.5, Max: 6, Diff: 6, Sum: 6, Workers: 4
[4.396s][debug][gc,phases      ] GC(2)     Total                          Min: 0, Avg:  4.0, Max: 16, Diff: 16, Sum: 16, Workers: 4
[4.396s][debug][gc,phases      ] GC(2)   JVMTI Tag Weak OopStorage      Min:  0.0, Avg:  0.0, Max:  0.0, Diff:  0.0, Sum:  0.0, Workers: 4
[4.396s][debug][gc,phases      ] GC(2)     Dead                           Min: 0, Avg:  0.0, Max: 0, Diff: 0, Sum: 0, Workers: 4
[4.396s][debug][gc,phases      ] GC(2)     Total                          Min: 0, Avg:  0.0, Max: 0, Diff: 0, Sum: 0, Workers: 4
[4.396s][debug][gc,phases      ] GC(2)   StringTable Weak               Min:  0.0, Avg:  0.2, Max:  0.8, Diff:  0.8, Sum:  0.8, Workers: 4
[4.396s][debug][gc,phases      ] GC(2)     Dead                           Min: 0, Avg:  6.0, Max: 24, Diff: 24, Sum: 24, Workers: 4
[4.396s][debug][gc,phases      ] GC(2)     Total                          Min: 0, Avg: 4945.5, Max: 19782, Diff: 19782, Sum: 19782, Workers: 4
[4.396s][debug][gc,phases      ] GC(2)   ResolvedMethodTable Weak       Min:  0.0, Avg:  0.0, Max:  0.1, Diff:  0.1, Sum:  0.1, Workers: 4
[4.396s][debug][gc,phases      ] GC(2)     Dead                           Min: 0, Avg: 20.0, Max: 80, Diff: 80, Sum: 80, Workers: 4
[4.396s][debug][gc,phases      ] GC(2)     Total                          Min: 0, Avg: 475.5, Max: 1902, Diff: 1902, Sum: 1902, Workers: 4
[4.396s][debug][gc,phases      ] GC(2)   JNI Weak                       Min:  0.0, Avg:  0.0, Max:  0.0, Diff:  0.0, Sum:  0.0, Workers: 4
[4.396s][debug][gc,phases      ] GC(2)     Dead                           Min: 0, Avg:  0.0, Max: 0, Diff: 0, Sum: 0, Workers: 4
[4.396s][debug][gc,phases      ] GC(2)     Total                          Min: 0, Avg:  0.0, Max: 0, Diff: 0, Sum: 0, Workers: 4
[4.396s][debug][gc,phases      ] GC(2)   StringDedup Table Weak         Min:  0.0, Avg:  0.0, Max:  0.0, Diff:  0.0, Sum:  0.0, Workers: 4
[4.396s][debug][gc,phases      ] GC(2)     Dead                           Min: 0, Avg:  0.0, Max: 0, Diff: 0, Sum: 0, Workers: 4
[4.396s][debug][gc,phases      ] GC(2)     Total                          Min: 0, Avg:  0.0, Max: 0, Diff: 0, Sum: 0, Workers: 4
[4.396s][debug][gc,phases      ] GC(2)   StringDedup Requests0 Weak     Min:  0.0, Avg:  0.0, Max:  0.0, Diff:  0.0, Sum:  0.0, Workers: 4
[4.396s][debug][gc,phases      ] GC(2)     Dead                           Min: 0, Avg:  0.0, Max: 0, Diff: 0, Sum: 0, Workers: 4
[4.396s][debug][gc,phases      ] GC(2)     Total                          Min: 0, Avg:  0.0, Max: 0, Diff: 0, Sum: 0, Workers: 4
[4.396s][debug][gc,phases      ] GC(2)   StringDedup Requests1 Weak     Min:  0.0, Avg:  0.0, Max:  0.0, Diff:  0.0, Sum:  0.0, Workers: 4
[4.396s][debug][gc,phases      ] GC(2)     Dead                           Min: 0, Avg:  0.0, Max: 0, Diff: 0, Sum: 0, Workers: 4
[4.396s][debug][gc,phases      ] GC(2)     Total                          Min: 0, Avg:  0.0, Max: 0, Diff: 0, Sum: 0, Workers: 4
[4.396s][debug][gc,phases      ] GC(2)   Weak JFR Old Object Samples    Min:  0.0, Avg:  0.0, Max:  0.0, Diff:  0.0, Sum:  0.0, Workers: 4
[4.396s][debug][gc,phases      ] GC(2)     Dead                           Min: 0, Avg:  0.0, Max: 0, Diff: 0, Sum: 0, Workers: 4
[4.396s][debug][gc,phases      ] GC(2)     Total                          Min: 0, Avg:  0.0, Max: 0, Diff: 0, Sum: 0, Workers: 4
[4.396s][debug][gc,phases      ] GC(2) Weak Processing 1.116ms
[4.396s][debug][gc,age         ] GC(2) Desired survivor size 536870912 bytes, new threshold 7 (max threshold 15)
[4.396s][info ][gc,heap        ] GC(2) PSYoungGen: 434289K(1572864K)->56639K(1572864K) Eden: 422933K(1048576K)->0K(1048576K) From: 11356K(524288K)->56639K(524288K)
[4.396s][info ][gc,heap        ] GC(2) ParOldGen: 5643K(6144K)->5651K(6144K)
[4.396s][info ][gc,metaspace   ] GC(2) Metaspace: 35490K(35840K)->35490K(35840K) NonClass: 30999K(31168K)->30999K(31168K) Class: 4491K(4672K)->4491K(4672K)
[4.396s][info ][gc             ] GC(2) Pause Young (Metadata GC Threshold) 429M->60M(1542M) 62.003ms
[4.396s][info ][gc,cpu         ] GC(2) User=0.13s Sys=0.01s Real=0.06s
[4.396s][debug][gc,phases      ] GC(3) Pre Compact 0.013ms
[4.396s][info ][gc,start       ] GC(3) Pause Full (Metadata GC Threshold)
[4.396s][info ][gc,phases,start] GC(3) Marking Phase
[4.430s][debug][gc,phases      ] GC(3) Par Mark 33.724ms
[4.430s][debug][gc,ref         ] GC(3) Skipped phase 1 of Reference Processing: no references
[4.430s][debug][gc,ref         ] GC(3) ReferenceProcessor::execute queues: 2, RefProcThreadModel::Multi, marks_oops_alive: false
[4.434s][debug][gc,ref         ] GC(3) Skipped phase 3 of Reference Processing: no references
[4.434s][debug][gc,ref         ] GC(3) ReferenceProcessor::execute queues: 1, RefProcThreadModel::Single, marks_oops_alive: false
[4.434s][debug][gc,phases      ] GC(3) Reference Processing 4.007ms
[4.434s][debug][gc,phases      ] GC(3)   VM Weak                        Min:  0.0, Avg:  0.0, Max:  0.0, Diff:  0.0, Sum:  0.0, Workers: 4
[4.434s][debug][gc,phases      ] GC(3)     Dead                           Min: 0, Avg:  0.0, Max: 0, Diff: 0, Sum: 0, Workers: 4
[4.434s][debug][gc,phases      ] GC(3)     Total                          Min: 0, Avg: 68.5, Max: 274, Diff: 274, Sum: 274, Workers: 4
[4.434s][debug][gc,phases      ] GC(3)   ObjectSynchronizer Weak        Min:  0.0, Avg:  0.0, Max:  0.0, Diff:  0.0, Sum:  0.0, Workers: 4
[4.434s][debug][gc,phases      ] GC(3)     Dead                           Min: 0, Avg:  0.0, Max: 0, Diff: 0, Sum: 0, Workers: 4
[4.434s][debug][gc,phases      ] GC(3)     Total                          Min: 0, Avg:  4.0, Max: 16, Diff: 16, Sum: 16, Workers: 4
[4.434s][debug][gc,phases      ] GC(3)   JVMTI Tag Weak OopStorage      Min:  0.0, Avg:  0.0, Max:  0.0, Diff:  0.0, Sum:  0.0, Workers: 4
[4.434s][debug][gc,phases      ] GC(3)     Dead                           Min: 0, Avg:  0.0, Max: 0, Diff: 0, Sum: 0, Workers: 4
[4.434s][debug][gc,phases      ] GC(3)     Total                          Min: 0, Avg:  0.0, Max: 0, Diff: 0, Sum: 0, Workers: 4
[4.434s][debug][gc,phases      ] GC(3)   StringTable Weak               Min:  0.0, Avg:  0.1, Max:  0.2, Diff:  0.2, Sum:  0.3, Workers: 4
[4.434s][debug][gc,phases      ] GC(3)     Dead                           Min: 0, Avg:  0.0, Max: 0, Diff: 0, Sum: 0, Workers: 4
[4.434s][debug][gc,phases      ] GC(3)     Total                          Min: 0, Avg: 4945.5, Max: 16134, Diff: 16134, Sum: 19782, Workers: 4
[4.434s][debug][gc,phases      ] GC(3)   ResolvedMethodTable Weak       Min:  0.0, Avg:  0.0, Max:  0.0, Diff:  0.0, Sum:  0.0, Workers: 4
[4.434s][debug][gc,phases      ] GC(3)     Dead                           Min: 0, Avg:  0.0, Max: 0, Diff: 0, Sum: 0, Workers: 4
[4.434s][debug][gc,phases      ] GC(3)     Total                          Min: 0, Avg: 475.5, Max: 960, Diff: 960, Sum: 1902, Workers: 4
[4.434s][debug][gc,phases      ] GC(3)   JNI Weak                       Min:  0.0, Avg:  0.0, Max:  0.0, Diff:  0.0, Sum:  0.0, Workers: 4
[4.434s][debug][gc,phases      ] GC(3)     Dead                           Min: 0, Avg:  0.0, Max: 0, Diff: 0, Sum: 0, Workers: 4
[4.434s][debug][gc,phases      ] GC(3)     Total                          Min: 0, Avg:  0.0, Max: 0, Diff: 0, Sum: 0, Workers: 4
[4.434s][debug][gc,phases      ] GC(3)   StringDedup Table Weak         Min:  0.0, Avg:  0.0, Max:  0.0, Diff:  0.0, Sum:  0.0, Workers: 4
[4.434s][debug][gc,phases      ] GC(3)     Dead                           Min: 0, Avg:  0.0, Max: 0, Diff: 0, Sum: 0, Workers: 4
[4.434s][debug][gc,phases      ] GC(3)     Total                          Min: 0, Avg:  0.0, Max: 0, Diff: 0, Sum: 0, Workers: 4
[4.434s][debug][gc,phases      ] GC(3)   StringDedup Requests0 Weak     Min:  0.0, Avg:  0.0, Max:  0.0, Diff:  0.0, Sum:  0.0, Workers: 4
[4.434s][debug][gc,phases      ] GC(3)     Dead                           Min: 0, Avg:  0.0, Max: 0, Diff: 0, Sum: 0, Workers: 4
[4.434s][debug][gc,phases      ] GC(3)     Total                          Min: 0, Avg:  0.0, Max: 0, Diff: 0, Sum: 0, Workers: 4
[4.434s][debug][gc,phases      ] GC(3)   StringDedup Requests1 Weak     Min:  0.0, Avg:  0.0, Max:  0.0, Diff:  0.0, Sum:  0.0, Workers: 4
[4.434s][debug][gc,phases      ] GC(3)     Dead                           Min: 0, Avg:  0.0, Max: 0, Diff: 0, Sum: 0, Workers: 4
[4.434s][debug][gc,phases      ] GC(3)     Total                          Min: 0, Avg:  0.0, Max: 0, Diff: 0, Sum: 0, Workers: 4
[4.434s][debug][gc,phases      ] GC(3)   Weak JFR Old Object Samples    Min:  0.0, Avg:  0.0, Max:  0.0, Diff:  0.0, Sum:  0.0, Workers: 4
[4.434s][debug][gc,phases      ] GC(3)     Dead                           Min: 0, Avg:  0.0, Max: 0, Diff: 0, Sum: 0, Workers: 4
[4.434s][debug][gc,phases      ] GC(3)     Total                          Min: 0, Avg:  0.0, Max: 0, Diff: 0, Sum: 0, Workers: 4
[4.434s][debug][gc,phases      ] GC(3) Weak Processing 0.515ms
[4.434s][debug][gc,phases      ] GC(3) ClassLoaderData 0.037ms
[4.434s][debug][gc,phases      ] GC(3) Trigger cleanups 0.001ms
[4.439s][debug][gc,phases      ] GC(3) Class Unloading 4.633ms
[4.439s][info ][gc,phases      ] GC(3) Marking Phase 43.016ms
[4.439s][info ][gc,phases,start] GC(3) Summary Phase
[4.439s][info ][gc,phases      ] GC(3) Summary Phase 0.010ms
[4.439s][info ][gc,phases,start] GC(3) Adjust Roots
[4.445s][info ][gc,phases      ] GC(3) Adjust Roots 5.734ms
[4.445s][info ][gc,phases,start] GC(3) Compaction Phase
[4.861s][info ][gc,phases      ] GC(3) Compaction Phase 415.705ms
[4.861s][info ][gc,phases,start] GC(3) Post Compact
[4.861s][info ][gc,phases      ] GC(3) Post Compact 0.948ms
[4.862s][info ][gc,heap        ] GC(3) PSYoungGen: 56639K(1572864K)->55967K(1572864K) Eden: 0K(1048576K)->0K(1048576K) From: 56639K(524288K)->55967K(524288K)
[4.862s][info ][gc,heap        ] GC(3) ParOldGen: 5651K(6144K)->6107K(6144K)
[4.862s][info ][gc,metaspace   ] GC(3) Metaspace: 35490K(35840K)->35490K(35840K) NonClass: 30999K(31168K)->30999K(31168K) Class: 4491K(4672K)->4491K(4672K)
[4.862s][info ][gc             ] GC(3) Pause Full (Metadata GC Threshold) 60M->60M(1542M) 465.591ms
[4.862s][info ][gc,cpu         ] GC(3) User=0.63s Sys=0.00s Real=0.46s
[4.862s][info ][safepoint      ] Safepoint "CollectForMetadataAllocation", Time since last: 309885608 ns, Reaching safepoint: 1961045 ns, At safepoint: 527768705 ns, Total: 529729750 ns
[5.523s][info ][safepoint      ] Safepoint "ICBufferFull", Time since last: 650808118 ns, Reaching safepoint: 10211334 ns, At safepoint: 19700 ns, Total: 10231034 ns
[6.090s][info ][safepoint      ] Safepoint "ICBufferFull", Time since last: 555064521 ns, Reaching safepoint: 12208379 ns, At safepoint: 14301 ns, Total: 12222680 ns
[6.118s][info ][safepoint      ] Safepoint "ICBufferFull", Time since last: 23807545 ns, Reaching safepoint: 4031992 ns, At safepoint: 11900 ns, Total: 4043892 ns
[6.123s][info ][safepoint      ] Safepoint "ICBufferFull", Time since last: 1246629 ns, Reaching safepoint: 3535981 ns, At safepoint: 29601 ns, Total: 3565582 ns
[6.126s][info ][safepoint      ] Safepoint "ICBufferFull", Time since last: 3432878 ns, Reaching safepoint: 162604 ns, At safepoint: 15300 ns, Total: 177904 ns
[6.146s][info ][safepoint      ] Safepoint "ICBufferFull", Time since last: 7524473 ns, Reaching safepoint: 11958174 ns, At safepoint: 23300 ns, Total: 11981474 ns
[6.162s][info ][safepoint      ] Safepoint "ICBufferFull", Time since last: 83802 ns, Reaching safepoint: 15910965 ns, At safepoint: 32200 ns, Total: 15943165 ns
[6.170s][info ][safepoint      ] Safepoint "ICBufferFull", Time since last: 7979583 ns, Reaching safepoint: 563213 ns, At safepoint: 16300 ns, Total: 579513 ns
[6.562s][info ][safepoint      ] Safepoint "ICBufferFull", Time since last: 379618696 ns, Reaching safepoint: 11993574 ns, At safepoint: 29701 ns, Total: 12023275 ns
[6.570s][info ][safepoint      ] Safepoint "ICBufferFull", Time since last: 4611706 ns, Reaching safepoint: 3181973 ns, At safepoint: 15700 ns, Total: 3197673 ns
[7.058s][info ][safepoint      ] Safepoint "ICBufferFull", Time since last: 477600138 ns, Reaching safepoint: 10516040 ns, At safepoint: 24801 ns, Total: 10540841 ns
[7.765s][info ][safepoint      ] Safepoint "ICBufferFull", Time since last: 698600291 ns, Reaching safepoint: 8476794 ns, At safepoint: 22201 ns, Total: 8498995 ns
[8.207s][info ][safepoint      ] Safepoint "ICBufferFull", Time since last: 435883873 ns, Reaching safepoint: 6248043 ns, At safepoint: 22900 ns, Total: 6270943 ns
[8.446s][debug][gc,phases      ] GC(4) Pre Compact 0.035ms
[8.446s][info ][gc,start       ] GC(4) Pause Full (Ergonomics)
[8.446s][info ][gc,phases,start] GC(4) Marking Phase
[8.658s][debug][gc,phases      ] GC(4) Par Mark 211.651ms
[8.658s][debug][gc,ref         ] GC(4) Skipped phase 1 of Reference Processing: no references
[8.658s][debug][gc,ref         ] GC(4) ReferenceProcessor::execute queues: 4, RefProcThreadModel::Multi, marks_oops_alive: false
[8.659s][debug][gc,ref         ] GC(4) Skipped phase 3 of Reference Processing: no references
[8.659s][debug][gc,ref         ] GC(4) ReferenceProcessor::execute queues: 3, RefProcThreadModel::Multi, marks_oops_alive: false
[8.664s][debug][gc,phases      ] GC(4) Reference Processing 5.603ms
[8.664s][debug][gc,phases      ] GC(4)   VM Weak                        Min:  0.0, Avg:  0.0, Max:  0.0, Diff:  0.0, Sum:  0.0, Workers: 4
[8.664s][debug][gc,phases      ] GC(4)     Dead                           Min: 0, Avg:  0.0, Max: 0, Diff: 0, Sum: 0, Workers: 4
[8.664s][debug][gc,phases      ] GC(4)     Total                          Min: 0, Avg: 103.2, Max: 320, Diff: 320, Sum: 413, Workers: 4
[8.664s][debug][gc,phases      ] GC(4)   ObjectSynchronizer Weak        Min:  0.0, Avg:  0.0, Max:  0.0, Diff:  0.0, Sum:  0.0, Workers: 4
[8.664s][debug][gc,phases      ] GC(4)     Dead                           Min: 0, Avg: 27.0, Max: 55, Diff: 55, Sum: 108, Workers: 4
[8.664s][debug][gc,phases      ] GC(4)     Total                          Min: 0, Avg: 35.2, Max: 77, Diff: 77, Sum: 141, Workers: 4
[8.664s][debug][gc,phases      ] GC(4)   JVMTI Tag Weak OopStorage      Min:  0.0, Avg:  0.0, Max:  0.0, Diff:  0.0, Sum:  0.0, Workers: 4
[8.664s][debug][gc,phases      ] GC(4)     Dead                           Min: 0, Avg:  0.0, Max: 0, Diff: 0, Sum: 0, Workers: 4
[8.664s][debug][gc,phases      ] GC(4)     Total                          Min: 0, Avg:  0.0, Max: 0, Diff: 0, Sum: 0, Workers: 4
[8.664s][debug][gc,phases      ] GC(4)   StringTable Weak               Min:  0.0, Avg:  0.2, Max:  0.3, Diff:  0.3, Sum:  0.8, Workers: 4
[8.664s][debug][gc,phases      ] GC(4)     Dead                           Min: 0, Avg:  6.5, Max: 15, Diff: 15, Sum: 26, Workers: 4
[8.664s][debug][gc,phases      ] GC(4)     Total                          Min: 0, Avg: 9514.5, Max: 13184, Diff: 13184, Sum: 38058, Workers: 4
[8.664s][debug][gc,phases      ] GC(4)   ResolvedMethodTable Weak       Min:  0.0, Avg:  0.0, Max:  0.1, Diff:  0.1, Sum:  0.1, Workers: 4
[8.664s][debug][gc,phases      ] GC(4)     Dead                           Min: 0, Avg: 35.0, Max: 73, Diff: 73, Sum: 140, Workers: 4
[8.664s][debug][gc,phases      ] GC(4)     Total                          Min: 0, Avg: 1207.0, Max: 1728, Diff: 1728, Sum: 4828, Workers: 4
[8.664s][debug][gc,phases      ] GC(4)   JNI Weak                       Min:  0.0, Avg:  0.0, Max:  0.0, Diff:  0.0, Sum:  0.0, Workers: 4
[8.664s][debug][gc,phases      ] GC(4)     Dead                           Min: 0, Avg:  0.0, Max: 0, Diff: 0, Sum: 0, Workers: 4
[8.664s][debug][gc,phases      ] GC(4)     Total                          Min: 0, Avg:  9.0, Max: 36, Diff: 36, Sum: 36, Workers: 4
[8.664s][debug][gc,phases      ] GC(4)   StringDedup Table Weak         Min:  0.0, Avg:  0.0, Max:  0.0, Diff:  0.0, Sum:  0.0, Workers: 4
[8.664s][debug][gc,phases      ] GC(4)     Dead                           Min: 0, Avg:  0.0, Max: 0, Diff: 0, Sum: 0, Workers: 4
[8.664s][debug][gc,phases      ] GC(4)     Total                          Min: 0, Avg:  0.0, Max: 0, Diff: 0, Sum: 0, Workers: 4
[8.664s][debug][gc,phases      ] GC(4)   StringDedup Requests0 Weak     Min:  0.0, Avg:  0.0, Max:  0.0, Diff:  0.0, Sum:  0.0, Workers: 4
[8.664s][debug][gc,phases      ] GC(4)     Dead                           Min: 0, Avg:  0.0, Max: 0, Diff: 0, Sum: 0, Workers: 4
[8.664s][debug][gc,phases      ] GC(4)     Total                          Min: 0, Avg:  0.0, Max: 0, Diff: 0, Sum: 0, Workers: 4
[8.664s][debug][gc,phases      ] GC(4)   StringDedup Requests1 Weak     Min:  0.0, Avg:  0.0, Max:  0.0, Diff:  0.0, Sum:  0.0, Workers: 4
[8.664s][debug][gc,phases      ] GC(4)     Dead                           Min: 0, Avg:  0.0, Max: 0, Diff: 0, Sum: 0, Workers: 4
[8.664s][debug][gc,phases      ] GC(4)     Total                          Min: 0, Avg:  0.0, Max: 0, Diff: 0, Sum: 0, Workers: 4
[8.664s][debug][gc,phases      ] GC(4)   Weak JFR Old Object Samples    Min:  0.0, Avg:  0.0, Max:  0.0, Diff:  0.0, Sum:  0.0, Workers: 4
[8.664s][debug][gc,phases      ] GC(4)     Dead                           Min: 0, Avg:  0.0, Max: 0, Diff: 0, Sum: 0, Workers: 4
[8.664s][debug][gc,phases      ] GC(4)     Total                          Min: 0, Avg:  0.0, Max: 0, Diff: 0, Sum: 0, Workers: 4
[8.664s][debug][gc,phases      ] GC(4) Weak Processing 0.574ms
[8.664s][debug][gc,phases      ] GC(4) ClassLoaderData 0.061ms
[8.664s][debug][gc,phases      ] GC(4) Trigger cleanups 0.001ms
[8.675s][debug][gc,phases      ] GC(4) Class Unloading 10.459ms
[8.675s][info ][gc,phases      ] GC(4) Marking Phase 228.530ms
[8.675s][info ][gc,phases,start] GC(4) Summary Phase
[8.675s][info ][gc,phases      ] GC(4) Summary Phase 0.062ms
[8.675s][info ][gc,phases,start] GC(4) Adjust Roots
[8.689s][info ][gc,phases      ] GC(4) Adjust Roots 14.296ms
[8.689s][info ][gc,phases,start] GC(4) Compaction Phase
[9.079s][info ][gc,phases      ] GC(4) Compaction Phase 390.302ms
[9.079s][info ][gc,phases,start] GC(4) Post Compact
[9.085s][info ][gc,phases      ] GC(4) Post Compact 5.262ms
[9.085s][info ][gc,heap        ] GC(4) PSYoungGen: 1104543K(1572864K)->171698K(1572864K) Eden: 1048576K(1048576K)->171698K(1048576K) From: 55967K(524288K)->0K(524288K)
[9.085s][info ][gc,heap        ] GC(4) ParOldGen: 6107K(6144K)->6120K(18432K)
[9.085s][info ][gc,metaspace   ] GC(4) Metaspace: 53113K(53696K)->53113K(53696K) NonClass: 45255K(45568K)->45255K(45568K) Class: 7858K(8128K)->7858K(8128K)
[9.085s][info ][gc             ] GC(4) Pause Full (Ergonomics) 1084M->173M(1554M) 638.713ms
[9.085s][info ][gc,cpu         ] GC(4) User=1.77s Sys=0.06s Real=0.63s
[9.085s][info ][safepoint      ] Safepoint "ParallelGCFailedAllocation", Time since last: 234575566 ns, Reaching safepoint: 4323199 ns, At safepoint: 638899612 ns, Total: 643222811 ns
[9.182s][info ][safepoint      ] Safepoint "ICBufferFull", Time since last: 93319733 ns, Reaching safepoint: 3581482 ns, At safepoint: 21101 ns, Total: 3602583 ns
[9.206s][info ][safepoint      ] Safepoint "ICBufferFull", Time since last: 20853176 ns, Reaching safepoint: 3233374 ns, At safepoint: 19001 ns, Total: 3252375 ns
[9.218s][info ][safepoint      ] Safepoint "ICBufferFull", Time since last: 8352991 ns, Reaching safepoint: 3440178 ns, At safepoint: 24901 ns, Total: 3465079 ns
[9.224s][info ][safepoint      ] Safepoint "ICBufferFull", Time since last: 6516949 ns, Reaching safepoint: 123003 ns, At safepoint: 12600 ns, Total: 135603 ns
[9.246s][info ][safepoint      ] Safepoint "ICBufferFull", Time since last: 20564270 ns, Reaching safepoint: 1304130 ns, At safepoint: 21000 ns, Total: 1325130 ns
[9.254s][info ][safepoint      ] Safepoint "ICBufferFull", Time since last: 7855580 ns, Reaching safepoint: 131603 ns, At safepoint: 11500 ns, Total: 143103 ns
[9.266s][info ][safepoint      ] Safepoint "ICBufferFull", Time since last: 9527918 ns, Reaching safepoint: 2139949 ns, At safepoint: 20300 ns, Total: 2160249 ns
[9.299s][info ][safepoint      ] Safepoint "ICBufferFull", Time since last: 27062519 ns, Reaching safepoint: 5409024 ns, At safepoint: 28100 ns, Total: 5437124 ns
[9.314s][info ][safepoint      ] Safepoint "ICBufferFull", Time since last: 13191102 ns, Reaching safepoint: 2161349 ns, At safepoint: 22801 ns, Total: 2184150 ns
[9.317s][info ][safepoint      ] Safepoint "ICBufferFull", Time since last: 2622360 ns, Reaching safepoint: 310107 ns, At safepoint: 15200 ns, Total: 325307 ns
[9.324s][info ][safepoint      ] Safepoint "ICBufferFull", Time since last: 6190342 ns, Reaching safepoint: 547112 ns, At safepoint: 23901 ns, Total: 571013 ns
[9.326s][info ][safepoint      ] Safepoint "ICBufferFull", Time since last: 1989245 ns, Reaching safepoint: 252006 ns, At safepoint: 21901 ns, Total: 273907 ns
[9.333s][info ][safepoint      ] Safepoint "ICBufferFull", Time since last: 6663952 ns, Reaching safepoint: 899020 ns, At safepoint: 18501 ns, Total: 917521 ns
[9.343s][info ][safepoint      ] Safepoint "ICBufferFull", Time since last: 4836510 ns, Reaching safepoint: 4483703 ns, At safepoint: 26600 ns, Total: 4510303 ns
[9.366s][info ][safepoint      ] Safepoint "ICBufferFull", Time since last: 16387475 ns, Reaching safepoint: 7018661 ns, At safepoint: 32200 ns, Total: 7050861 ns
[9.386s][info ][safepoint      ] Safepoint "ICBufferFull", Time since last: 16826585 ns, Reaching safepoint: 3242474 ns, At safepoint: 20200 ns, Total: 3262674 ns
[9.405s][info ][safepoint      ] Safepoint "ICBufferFull", Time since last: 18561025 ns, Reaching safepoint: 433010 ns, At safepoint: 22800 ns, Total: 455810 ns
[9.413s][info ][safepoint      ] Safepoint "ICBufferFull", Time since last: 7430470 ns, Reaching safepoint: 119703 ns, At safepoint: 19300 ns, Total: 139003 ns
[9.536s][info ][gc,start       ] GC(5) Pause Young (Allocation Failure)
[9.726s][debug][gc,phases      ] GC(5) Scavenge 189.843ms
[9.726s][debug][gc,ref         ] GC(5) Skipped phase 1 of Reference Processing: no references
[9.726s][debug][gc,ref         ] GC(5) ReferenceProcessor::execute queues: 4, RefProcThreadModel::Multi, marks_oops_alive: false
[9.729s][debug][gc,ref         ] GC(5) Skipped phase 3 of Reference Processing: no references
[9.729s][debug][gc,ref         ] GC(5) ReferenceProcessor::execute queues: 1, RefProcThreadModel::Single, marks_oops_alive: false
[9.729s][debug][gc,phases      ] GC(5) Reference Processing 3.542ms
[9.730s][debug][gc,phases      ] GC(5)   VM Weak                        Min:  0.0, Avg:  0.0, Max:  0.0, Diff:  0.0, Sum:  0.0, Workers: 4
[9.730s][debug][gc,phases      ] GC(5)     Dead                           Min: 0, Avg:  0.0, Max: 0, Diff: 0, Sum: 0, Workers: 4
[9.730s][debug][gc,phases      ] GC(5)     Total                          Min: 0, Avg: 104.8, Max: 419, Diff: 419, Sum: 419, Workers: 4
[9.730s][debug][gc,phases      ] GC(5)   ObjectSynchronizer Weak        Min:  0.0, Avg:  0.0, Max:  0.0, Diff:  0.0, Sum:  0.0, Workers: 4
[9.730s][debug][gc,phases      ] GC(5)     Dead                           Min: 0, Avg:  1.0, Max: 4, Diff: 4, Sum: 4, Workers: 4
[9.730s][debug][gc,phases      ] GC(5)     Total                          Min: 0, Avg: 38.2, Max: 153, Diff: 153, Sum: 153, Workers: 4
[9.730s][debug][gc,phases      ] GC(5)   JVMTI Tag Weak OopStorage      Min:  0.0, Avg:  0.0, Max:  0.0, Diff:  0.0, Sum:  0.0, Workers: 4
[9.730s][debug][gc,phases      ] GC(5)     Dead                           Min: 0, Avg:  0.0, Max: 0, Diff: 0, Sum: 0, Workers: 4
[9.730s][debug][gc,phases      ] GC(5)     Total                          Min: 0, Avg:  0.0, Max: 0, Diff: 0, Sum: 0, Workers: 4
[9.730s][debug][gc,phases      ] GC(5)   StringTable Weak               Min:  0.0, Avg:  0.4, Max:  0.8, Diff:  0.8, Sum:  1.5, Workers: 4
[9.730s][debug][gc,phases      ] GC(5)     Dead                           Min: 0, Avg:  3.5, Max: 13, Diff: 13, Sum: 14, Workers: 4
[9.730s][debug][gc,phases      ] GC(5)     Total                          Min: 0, Avg: 9528.2, Max: 21409, Diff: 21409, Sum: 38113, Workers: 4
[9.731s][debug][gc,phases      ] GC(5)   ResolvedMethodTable Weak       Min:  0.0, Avg:  0.1, Max:  0.1, Diff:  0.1, Sum:  0.3, Workers: 4
[9.731s][debug][gc,phases      ] GC(5)     Dead                           Min: 0, Avg:  0.0, Max: 0, Diff: 0, Sum: 0, Workers: 4
[9.731s][debug][gc,phases      ] GC(5)     Total                          Min: 0, Avg: 1184.8, Max: 1823, Diff: 1823, Sum: 4739, Workers: 4
[9.731s][debug][gc,phases      ] GC(5)   JNI Weak                       Min:  0.0, Avg:  0.0, Max:  0.0, Diff:  0.0, Sum:  0.0, Workers: 4
[9.731s][debug][gc,phases      ] GC(5)     Dead                           Min: 0, Avg:  0.0, Max: 0, Diff: 0, Sum: 0, Workers: 4
[9.731s][debug][gc,phases      ] GC(5)     Total                          Min: 0, Avg:  4.2, Max: 17, Diff: 17, Sum: 17, Workers: 4
[9.731s][debug][gc,phases      ] GC(5)   StringDedup Table Weak         Min:  0.0, Avg:  0.0, Max:  0.0, Diff:  0.0, Sum:  0.0, Workers: 4
[9.731s][debug][gc,phases      ] GC(5)     Dead                           Min: 0, Avg:  0.0, Max: 0, Diff: 0, Sum: 0, Workers: 4
[9.731s][debug][gc,phases      ] GC(5)     Total                          Min: 0, Avg:  0.0, Max: 0, Diff: 0, Sum: 0, Workers: 4
[9.731s][debug][gc,phases      ] GC(5)   StringDedup Requests0 Weak     Min:  0.0, Avg:  0.0, Max:  0.0, Diff:  0.0, Sum:  0.0, Workers: 4
[9.731s][debug][gc,phases      ] GC(5)     Dead                           Min: 0, Avg:  0.0, Max: 0, Diff: 0, Sum: 0, Workers: 4
[9.731s][debug][gc,phases      ] GC(5)     Total                          Min: 0, Avg:  0.0, Max: 0, Diff: 0, Sum: 0, Workers: 4
[9.731s][debug][gc,phases      ] GC(5)   StringDedup Requests1 Weak     Min:  0.0, Avg:  0.0, Max:  0.0, Diff:  0.0, Sum:  0.0, Workers: 4
[9.731s][debug][gc,phases      ] GC(5)     Dead                           Min: 0, Avg:  0.0, Max: 0, Diff: 0, Sum: 0, Workers: 4
[9.731s][debug][gc,phases      ] GC(5)     Total                          Min: 0, Avg:  0.0, Max: 0, Diff: 0, Sum: 0, Workers: 4
[9.731s][debug][gc,phases      ] GC(5)   Weak JFR Old Object Samples    Min:  0.0, Avg:  0.0, Max:  0.0, Diff:  0.0, Sum:  0.0, Workers: 4
[9.731s][debug][gc,phases      ] GC(5)     Dead                           Min: 0, Avg:  0.0, Max: 0, Diff: 0, Sum: 0, Workers: 4
[9.731s][debug][gc,phases      ] GC(5)     Total                          Min: 0, Avg:  0.0, Max: 0, Diff: 0, Sum: 0, Workers: 4
[9.731s][debug][gc,phases      ] GC(5) Weak Processing 1.359ms
[9.731s][debug][gc,age         ] GC(5) Desired survivor size 536870912 bytes, new threshold 7 (max threshold 15)
[9.731s][info ][gc,heap        ] GC(5) PSYoungGen: 1048576K(1572864K)->177987K(1572864K) Eden: 1048576K(1048576K)->0K(1048576K) From: 0K(524288K)->177987K(524288K)
[9.731s][info ][gc,heap        ] GC(5) ParOldGen: 6120K(18432K)->6136K(18432K)
[9.731s][info ][gc,metaspace   ] GC(5) Metaspace: 53249K(53888K)->53249K(53888K) NonClass: 45370K(45696K)->45370K(45696K) Class: 7879K(8192K)->7879K(8192K)
[9.731s][info ][gc             ] GC(5) Pause Young (Allocation Failure) 1029M->179M(1554M) 194.880ms
[9.731s][info ][gc,cpu         ] GC(5) User=0.45s Sys=0.11s Real=0.19s
[9.731s][info ][safepoint      ] Safepoint "ParallelGCFailedAllocation", Time since last: 119723837 ns, Reaching safepoint: 3049770 ns, At safepoint: 195011858 ns, Total: 198061628 ns
[10.042s][info ][safepoint      ] Safepoint "ICBufferFull", Time since last: 299076635 ns, Reaching safepoint: 12128577 ns, At safepoint: 21400 ns, Total: 12149977 ns
[10.075s][info ][safepoint      ] Safepoint "ICBufferFull", Time since last: 29671678 ns, Reaching safepoint: 2981268 ns, At safepoint: 29201 ns, Total: 3010469 ns
[10.103s][info ][safepoint      ] Safepoint "ICBufferFull", Time since last: 25539183 ns, Reaching safepoint: 2581559 ns, At safepoint: 20501 ns, Total: 2602060 ns
[10.143s][info ][safepoint      ] Safepoint "ICBufferFull", Time since last: 40190218 ns, Reaching safepoint: 286206 ns, At safepoint: 14101 ns, Total: 300307 ns
[10.167s][info ][safepoint      ] Safepoint "ICBufferFull", Time since last: 23980948 ns, Reaching safepoint: 126102 ns, At safepoint: 21301 ns, Total: 147403 ns
[10.182s][info ][gc,start       ] GC(6) Pause Young (Allocation Failure)
[10.371s][debug][gc,phases      ] GC(6) Scavenge 189.483ms
[10.371s][debug][gc,ref         ] GC(6) Skipped phase 1 of Reference Processing: no references
[10.372s][debug][gc,ref         ] GC(6) ReferenceProcessor::execute queues: 4, RefProcThreadModel::Multi, marks_oops_alive: false
[10.373s][debug][gc,ref         ] GC(6) Skipped phase 3 of Reference Processing: no references
[10.373s][debug][gc,ref         ] GC(6) ReferenceProcessor::execute queues: 1, RefProcThreadModel::Single, marks_oops_alive: false
[10.374s][debug][gc,phases      ] GC(6) Reference Processing 2.039ms
[10.375s][debug][gc,phases      ] GC(6)   VM Weak                        Min:  0.0, Avg:  0.0, Max:  0.0, Diff:  0.0, Sum:  0.0, Workers: 4
[10.375s][debug][gc,phases      ] GC(6)     Dead                           Min: 0, Avg:  0.0, Max: 0, Diff: 0, Sum: 0, Workers: 4
[10.375s][debug][gc,phases      ] GC(6)     Total                          Min: 0, Avg: 110.0, Max: 248, Diff: 248, Sum: 440, Workers: 4
[10.375s][debug][gc,phases      ] GC(6)   ObjectSynchronizer Weak        Min:  0.0, Avg:  0.0, Max:  0.0, Diff:  0.0, Sum:  0.0, Workers: 4
[10.375s][debug][gc,phases      ] GC(6)     Dead                           Min: 0, Avg:  0.0, Max: 0, Diff: 0, Sum: 0, Workers: 4
[10.375s][debug][gc,phases      ] GC(6)     Total                          Min: 0, Avg: 38.2, Max: 64, Diff: 64, Sum: 153, Workers: 4
[10.375s][debug][gc,phases      ] GC(6)   JVMTI Tag Weak OopStorage      Min:  0.0, Avg:  0.0, Max:  0.0, Diff:  0.0, Sum:  0.0, Workers: 4
[10.375s][debug][gc,phases      ] GC(6)     Dead                           Min: 0, Avg:  0.0, Max: 0, Diff: 0, Sum: 0, Workers: 4
[10.375s][debug][gc,phases      ] GC(6)     Total                          Min: 0, Avg:  0.0, Max: 0, Diff: 0, Sum: 0, Workers: 4
[10.375s][debug][gc,phases      ] GC(6)   StringTable Weak               Min:  0.4, Avg:  0.5, Max:  0.5, Diff:  0.0, Sum:  1.8, Workers: 4
[10.375s][debug][gc,phases      ] GC(6)     Dead                           Min: 0, Avg:  3.5, Max: 13, Diff: 13, Sum: 14, Workers: 4
[10.375s][debug][gc,phases      ] GC(6)     Total                          Min: 9152, Avg: 9569.8, Max: 9920, Diff: 768, Sum: 38279, Workers: 4
[10.375s][debug][gc,phases      ] GC(6)   ResolvedMethodTable Weak       Min:  0.1, Avg:  0.1, Max:  0.1, Diff:  0.0, Sum:  0.3, Workers: 4
[10.375s][debug][gc,phases      ] GC(6)     Dead                           Min: 0, Avg:  0.0, Max: 0, Diff: 0, Sum: 0, Workers: 4
[10.375s][debug][gc,phases      ] GC(6)     Total                          Min: 1152, Avg: 1226.8, Max: 1451, Diff: 299, Sum: 4907, Workers: 4
[10.375s][debug][gc,phases      ] GC(6)   JNI Weak                       Min:  0.0, Avg:  0.0, Max:  0.0, Diff:  0.0, Sum:  0.0, Workers: 4
[10.375s][debug][gc,phases      ] GC(6)     Dead                           Min: 0, Avg:  0.0, Max: 0, Diff: 0, Sum: 0, Workers: 4
[10.375s][debug][gc,phases      ] GC(6)     Total                          Min: 0, Avg:  3.8, Max: 15, Diff: 15, Sum: 15, Workers: 4
[10.375s][debug][gc,phases      ] GC(6)   StringDedup Table Weak         Min:  0.0, Avg:  0.0, Max:  0.0, Diff:  0.0, Sum:  0.0, Workers: 4
[10.375s][debug][gc,phases      ] GC(6)     Dead                           Min: 0, Avg:  0.0, Max: 0, Diff: 0, Sum: 0, Workers: 4
[10.375s][debug][gc,phases      ] GC(6)     Total                          Min: 0, Avg:  0.0, Max: 0, Diff: 0, Sum: 0, Workers: 4
[10.375s][debug][gc,phases      ] GC(6)   StringDedup Requests0 Weak     Min:  0.0, Avg:  0.0, Max:  0.0, Diff:  0.0, Sum:  0.0, Workers: 4
[10.375s][debug][gc,phases      ] GC(6)     Dead                           Min: 0, Avg:  0.0, Max: 0, Diff: 0, Sum: 0, Workers: 4
[10.375s][debug][gc,phases      ] GC(6)     Total                          Min: 0, Avg:  0.0, Max: 0, Diff: 0, Sum: 0, Workers: 4
[10.375s][debug][gc,phases      ] GC(6)   StringDedup Requests1 Weak     Min:  0.0, Avg:  0.0, Max:  0.0, Diff:  0.0, Sum:  0.0, Workers: 4
[10.375s][debug][gc,phases      ] GC(6)     Dead                           Min: 0, Avg:  0.0, Max: 0, Diff: 0, Sum: 0, Workers: 4
[10.375s][debug][gc,phases      ] GC(6)     Total                          Min: 0, Avg:  0.0, Max: 0, Diff: 0, Sum: 0, Workers: 4
[10.375s][debug][gc,phases      ] GC(6)   Weak JFR Old Object Samples    Min:  0.0, Avg:  0.0, Max:  0.0, Diff:  0.0, Sum:  0.0, Workers: 4
[10.375s][debug][gc,phases      ] GC(6)     Dead                           Min: 0, Avg:  0.0, Max: 0, Diff: 0, Sum: 0, Workers: 4
[10.375s][debug][gc,phases      ] GC(6)     Total                          Min: 0, Avg:  0.0, Max: 0, Diff: 0, Sum: 0, Workers: 4
[10.375s][debug][gc,phases      ] GC(6) Weak Processing 1.774ms
[10.375s][debug][gc,age         ] GC(6) Desired survivor size 536870912 bytes, new threshold 7 (max threshold 15)
[10.375s][info ][gc,heap        ] GC(6) PSYoungGen: 1226563K(1572864K)->180818K(1572864K) Eden: 1048576K(1048576K)->0K(1048576K) From: 177987K(524288K)->180818K(524288K)
[10.375s][info ][gc,heap        ] GC(6) ParOldGen: 6136K(18432K)->6144K(18432K)
[10.375s][info ][gc,metaspace   ] GC(6) Metaspace: 53762K(54336K)->53762K(54336K) NonClass: 45794K(46080K)->45794K(46080K) Class: 7968K(8256K)->7968K(8256K)
[10.375s][info ][gc             ] GC(6) Pause Young (Allocation Failure) 1203M->182M(1554M) 193.433ms
[10.375s][info ][gc,cpu         ] GC(6) User=0.36s Sys=0.06s Real=0.20s
[10.375s][info ][safepoint      ] Safepoint "ParallelGCFailedAllocation", Time since last: 11646066 ns, Reaching safepoint: 2848265 ns, At safepoint: 193558222 ns, Total: 196406487 ns
[10.415s][info ][safepoint      ] Safepoint "ICBufferFull", Time since last: 36007922 ns, Reaching safepoint: 3594682 ns, At safepoint: 25001 ns, Total: 3619683 ns
[10.461s][info ][safepoint      ] Safepoint "ICBufferFull", Time since last: 36742639 ns, Reaching safepoint: 9157710 ns, At safepoint: 25200 ns, Total: 9182910 ns
[10.485s][info ][safepoint      ] Safepoint "ICBufferFull", Time since last: 23979448 ns, Reaching safepoint: 153803 ns, At safepoint: 25801 ns, Total: 179604 ns
[10.514s][info ][safepoint      ] Safepoint "ICBufferFull", Time since last: 21093882 ns, Reaching safepoint: 7507171 ns, At safepoint: 30301 ns, Total: 7537472 ns
[10.546s][info ][safepoint      ] Safepoint "ICBufferFull", Time since last: 27762734 ns, Reaching safepoint: 4304299 ns, At safepoint: 24700 ns, Total: 4328999 ns
[10.602s][info ][safepoint      ] Safepoint "ICBufferFull", Time since last: 48330504 ns, Reaching safepoint: 8190487 ns, At safepoint: 22201 ns, Total: 8212688 ns
[10.628s][info ][safepoint      ] Safepoint "ICBufferFull", Time since last: 15729659 ns, Reaching safepoint: 10024029 ns, At safepoint: 31301 ns, Total: 10055330 ns
[10.682s][info ][safepoint      ] Safepoint "ICBufferFull", Time since last: 45972850 ns, Reaching safepoint: 7868180 ns, At safepoint: 26300 ns, Total: 7894480 ns
[10.711s][info ][safepoint      ] Safepoint "ICBufferFull", Time since last: 26562407 ns, Reaching safepoint: 1865943 ns, At safepoint: 16800 ns, Total: 1882743 ns
[10.719s][info ][safepoint      ] Safepoint "ICBufferFull", Time since last: 7221865 ns, Reaching safepoint: 1347731 ns, At safepoint: 20200 ns, Total: 1367931 ns
[10.731s][info ][safepoint      ] Safepoint "ICBufferFull", Time since last: 7557973 ns, Reaching safepoint: 4179196 ns, At safepoint: 19400 ns, Total: 4198596 ns
[10.734s][info ][safepoint      ] Safepoint "ICBufferFull", Time since last: 1659538 ns, Reaching safepoint: 1261729 ns, At safepoint: 10600 ns, Total: 1272329 ns
[10.750s][info ][safepoint      ] Safepoint "ICBufferFull", Time since last: 16010466 ns, Reaching safepoint: 114502 ns, At safepoint: 20601 ns, Total: 135103 ns
[10.758s][info ][safepoint      ] Safepoint "ICBufferFull", Time since last: 7790378 ns, Reaching safepoint: 188504 ns, At safepoint: 14300 ns, Total: 202804 ns
[10.766s][info ][safepoint      ] Safepoint "ICBufferFull", Time since last: 7902181 ns, Reaching safepoint: 122303 ns, At safepoint: 21100 ns, Total: 143403 ns
[10.770s][info ][safepoint      ] Safepoint "ICBufferFull", Time since last: 3772586 ns, Reaching safepoint: 227906 ns, At safepoint: 12100 ns, Total: 240006 ns
[10.782s][info ][safepoint      ] Safepoint "ICBufferFull", Time since last: 6712653 ns, Reaching safepoint: 5071116 ns, At safepoint: 28301 ns, Total: 5099417 ns
[10.823s][info ][safepoint      ] Safepoint "ICBufferFull", Time since last: 35942821 ns, Reaching safepoint: 4908212 ns, At safepoint: 20800 ns, Total: 4929012 ns
[10.830s][info ][safepoint      ] Safepoint "ICBufferFull", Time since last: 5005815 ns, Reaching safepoint: 2210250 ns, At safepoint: 13601 ns, Total: 2223851 ns
[10.834s][info ][safepoint      ] Safepoint "ICBufferFull", Time since last: 4292198 ns, Reaching safepoint: 125903 ns, At safepoint: 20100 ns, Total: 146003 ns
[10.850s][info ][safepoint      ] Safepoint "ICBufferFull", Time since last: 11401260 ns, Reaching safepoint: 3786187 ns, At safepoint: 17100 ns, Total: 3803287 ns
[10.850s][info ][safepoint      ] Safepoint "ICBufferFull", Time since last: 394009 ns, Reaching safepoint: 96303 ns, At safepoint: 22200 ns, Total: 118503 ns
[10.858s][info ][safepoint      ] Safepoint "ICBufferFull", Time since last: 7806978 ns, Reaching safepoint: 389509 ns, At safepoint: 15401 ns, Total: 404910 ns
[10.862s][info ][safepoint      ] Safepoint "ICBufferFull", Time since last: 1922544 ns, Reaching safepoint: 2194450 ns, At safepoint: 27600 ns, Total: 2222050 ns
[10.866s][info ][safepoint      ] Safepoint "ICBufferFull", Time since last: 3344577 ns, Reaching safepoint: 211305 ns, At safepoint: 75601 ns, Total: 286906 ns
[10.879s][info ][safepoint      ] Safepoint "ICBufferFull", Time since last: 10414138 ns, Reaching safepoint: 2131749 ns, At safepoint: 101102 ns, Total: 2232851 ns
[10.891s][info ][safepoint      ] Safepoint "ICBufferFull", Time since last: 7763978 ns, Reaching safepoint: 4389300 ns, At safepoint: 39101 ns, Total: 4428401 ns
[10.903s][info ][safepoint      ] Safepoint "ICBufferFull", Time since last: 7558972 ns, Reaching safepoint: 4258898 ns, At safepoint: 38501 ns, Total: 4297399 ns
[10.906s][info ][safepoint      ] Safepoint "ICBufferFull", Time since last: 2443755 ns, Reaching safepoint: 612414 ns, At safepoint: 23201 ns, Total: 635615 ns
[10.910s][info ][safepoint      ] Safepoint "ICBufferFull", Time since last: 3036669 ns, Reaching safepoint: 959122 ns, At safepoint: 19001 ns, Total: 978123 ns
[10.918s][info ][safepoint      ] Safepoint "ICBufferFull", Time since last: 2772063 ns, Reaching safepoint: 5197019 ns, At safepoint: 31800 ns, Total: 5228819 ns
[10.936s][info ][safepoint      ] Safepoint "ICBufferFull", Time since last: 18183116 ns, Reaching safepoint: 424609 ns, At safepoint: 14101 ns, Total: 438710 ns
[10.940s][info ][safepoint      ] Safepoint "ICBufferFull", Time since last: 3369077 ns, Reaching safepoint: 191404 ns, At safepoint: 19600 ns, Total: 211004 ns
[10.967s][info ][safepoint      ] Safepoint "ICBufferFull", Time since last: 24818567 ns, Reaching safepoint: 2150049 ns, At safepoint: 35801 ns, Total: 2185850 ns
[10.999s][info ][safepoint      ] Safepoint "ICBufferFull", Time since last: 28331947 ns, Reaching safepoint: 3223973 ns, At safepoint: 24101 ns, Total: 3248074 ns
[11.003s][info ][safepoint      ] Safepoint "ICBufferFull", Time since last: 4476002 ns, Reaching safepoint: 190704 ns, At safepoint: 17701 ns, Total: 208405 ns
[11.006s][info ][safepoint      ] Safepoint "ICBufferFull", Time since last: 2122748 ns, Reaching safepoint: 105103 ns, At safepoint: 18200 ns, Total: 123303 ns
[11.066s][info ][safepoint      ] Safepoint "ICBufferFull", Time since last: 54072734 ns, Reaching safepoint: 6273044 ns, At safepoint: 30100 ns, Total: 6303144 ns
[11.152s][info ][safepoint      ] Safepoint "ICBufferFull", Time since last: 80202131 ns, Reaching safepoint: 5675230 ns, At safepoint: 28000 ns, Total: 5703230 ns
[11.161s][info ][safepoint      ] Safepoint "ICBufferFull", Time since last: 8243689 ns, Reaching safepoint: 980022 ns, At safepoint: 27201 ns, Total: 1007223 ns
[11.246s][info ][safepoint      ] Safepoint "ICBufferFull", Time since last: 62791433 ns, Reaching safepoint: 22064304 ns, At safepoint: 26800 ns, Total: 22091104 ns
[11.264s][info ][gc,start       ] GC(7) Pause Young (Allocation Failure)
[11.390s][debug][gc,phases      ] GC(7) Scavenge 125.272ms
[11.390s][debug][gc,ref         ] GC(7) Skipped phase 1 of Reference Processing: no references
[11.390s][debug][gc,ref         ] GC(7) ReferenceProcessor::execute queues: 4, RefProcThreadModel::Multi, marks_oops_alive: false
[11.394s][debug][gc,ref         ] GC(7) Skipped phase 3 of Reference Processing: no references
[11.394s][debug][gc,ref         ] GC(7) ReferenceProcessor::execute queues: 1, RefProcThreadModel::Single, marks_oops_alive: false
[11.394s][debug][gc,phases      ] GC(7) Reference Processing 4.090ms
[11.398s][debug][gc,phases      ] GC(7)   VM Weak                        Min:  0.0, Avg:  0.1, Max:  0.3, Diff:  0.3, Sum:  0.3, Workers: 4
[11.398s][debug][gc,phases      ] GC(7)     Dead                           Min: 0, Avg:  0.0, Max: 0, Diff: 0, Sum: 0, Workers: 4
[11.398s][debug][gc,phases      ] GC(7)     Total                          Min: 0, Avg: 110.0, Max: 440, Diff: 440, Sum: 440, Workers: 4
[11.398s][debug][gc,phases      ] GC(7)   ObjectSynchronizer Weak        Min:  0.0, Avg:  0.0, Max:  0.0, Diff:  0.0, Sum:  0.0, Workers: 4
[11.398s][debug][gc,phases      ] GC(7)     Dead                           Min: 0, Avg:  0.0, Max: 0, Diff: 0, Sum: 0, Workers: 4
[11.398s][debug][gc,phases      ] GC(7)     Total                          Min: 0, Avg: 38.2, Max: 153, Diff: 153, Sum: 153, Workers: 4
[11.398s][debug][gc,phases      ] GC(7)   JVMTI Tag Weak OopStorage      Min:  0.0, Avg:  0.0, Max:  0.0, Diff:  0.0, Sum:  0.0, Workers: 4
[11.398s][debug][gc,phases      ] GC(7)     Dead                           Min: 0, Avg:  0.0, Max: 0, Diff: 0, Sum: 0, Workers: 4
[11.398s][debug][gc,phases      ] GC(7)     Total                          Min: 0, Avg:  0.0, Max: 0, Diff: 0, Sum: 0, Workers: 4
[11.398s][debug][gc,phases      ] GC(7)   StringTable Weak               Min:  0.0, Avg:  0.4, Max:  1.1, Diff:  1.1, Sum:  1.7, Workers: 4
[11.398s][debug][gc,phases      ] GC(7)     Dead                           Min: 0, Avg:  3.0, Max: 12, Diff: 12, Sum: 12, Workers: 4
[11.398s][debug][gc,phases      ] GC(7)     Total                          Min: 0, Avg: 9579.8, Max: 22656, Diff: 22656, Sum: 38319, Workers: 4
[11.398s][debug][gc,phases      ] GC(7)   ResolvedMethodTable Weak       Min:  0.0, Avg:  0.1, Max:  0.1, Diff:  0.1, Sum:  0.2, Workers: 4
[11.398s][debug][gc,phases      ] GC(7)     Dead                           Min: 0, Avg:  0.0, Max: 0, Diff: 0, Sum: 0, Workers: 4
[11.398s][debug][gc,phases      ] GC(7)     Total                          Min: 0, Avg: 1228.8, Max: 2560, Diff: 2560, Sum: 4915, Workers: 4
[11.398s][debug][gc,phases      ] GC(7)   JNI Weak                       Min:  0.0, Avg:  0.0, Max:  0.0, Diff:  0.0, Sum:  0.0, Workers: 4
[11.398s][debug][gc,phases      ] GC(7)     Dead                           Min: 0, Avg:  0.0, Max: 0, Diff: 0, Sum: 0, Workers: 4
[11.398s][debug][gc,phases      ] GC(7)     Total                          Min: 0, Avg:  0.8, Max: 3, Diff: 3, Sum: 3, Workers: 4
[11.398s][debug][gc,phases      ] GC(7)   StringDedup Table Weak         Min:  0.0, Avg:  0.0, Max:  0.0, Diff:  0.0, Sum:  0.0, Workers: 4
[11.398s][debug][gc,phases      ] GC(7)     Dead                           Min: 0, Avg:  0.0, Max: 0, Diff: 0, Sum: 0, Workers: 4
[11.398s][debug][gc,phases      ] GC(7)     Total                          Min: 0, Avg:  0.0, Max: 0, Diff: 0, Sum: 0, Workers: 4
[11.398s][debug][gc,phases      ] GC(7)   StringDedup Requests0 Weak     Min:  0.0, Avg:  0.0, Max:  0.0, Diff:  0.0, Sum:  0.0, Workers: 4
[11.398s][debug][gc,phases      ] GC(7)     Dead                           Min: 0, Avg:  0.0, Max: 0, Diff: 0, Sum: 0, Workers: 4
[11.398s][debug][gc,phases      ] GC(7)     Total                          Min: 0, Avg:  0.0, Max: 0, Diff: 0, Sum: 0, Workers: 4
[11.398s][debug][gc,phases      ] GC(7)   StringDedup Requests1 Weak     Min:  0.0, Avg:  0.0, Max:  0.0, Diff:  0.0, Sum:  0.0, Workers: 4
[11.398s][debug][gc,phases      ] GC(7)     Dead                           Min: 0, Avg:  0.0, Max: 0, Diff: 0, Sum: 0, Workers: 4
[11.398s][debug][gc,phases      ] GC(7)     Total                          Min: 0, Avg:  0.0, Max: 0, Diff: 0, Sum: 0, Workers: 4
[11.398s][debug][gc,phases      ] GC(7)   Weak JFR Old Object Samples    Min:  0.0, Avg:  0.0, Max:  0.0, Diff:  0.0, Sum:  0.0, Workers: 4
[11.398s][debug][gc,phases      ] GC(7)     Dead                           Min: 0, Avg:  0.0, Max: 0, Diff: 0, Sum: 0, Workers: 4
[11.398s][debug][gc,phases      ] GC(7)     Total                          Min: 0, Avg:  0.0, Max: 0, Diff: 0, Sum: 0, Workers: 4
[11.398s][debug][gc,phases      ] GC(7) Weak Processing 4.173ms
[11.398s][debug][gc,age         ] GC(7) Desired survivor size 277872640 bytes, new threshold 8 (max threshold 15)
[11.398s][info ][gc,heap        ] GC(7) PSYoungGen: 1229394K(1572864K)->183210K(1825792K) Eden: 1048576K(1048576K)->0K(1301504K) From: 180818K(524288K)->183210K(524288K)
[11.398s][info ][gc,heap        ] GC(7) ParOldGen: 6144K(18432K)->6152K(18432K)
[11.398s][info ][gc,metaspace   ] GC(7) Metaspace: 53938K(54592K)->53938K(54592K) NonClass: 45966K(46336K)->45966K(46336K) Class: 7972K(8256K)->7972K(8256K)
[11.398s][info ][gc             ] GC(7) Pause Young (Allocation Failure) 1206M->184M(1801M) 133.680ms
[11.398s][info ][gc,cpu         ] GC(7) User=0.35s Sys=0.00s Real=0.14s
[11.398s][info ][safepoint      ] Safepoint "ParallelGCFailedAllocation", Time since last: 15097345 ns, Reaching safepoint: 3232974 ns, At safepoint: 133787454 ns, Total: 137020428 ns
[11.543s][info ][safepoint      ] Safepoint "ICBufferFull", Time since last: 141472430 ns, Reaching safepoint: 3273274 ns, At safepoint: 24101 ns, Total: 3297375 ns
[11.546s][info ][safepoint      ] Safepoint "ICBufferFull", Time since last: 1388832 ns, Reaching safepoint: 2146949 ns, At safepoint: 18100 ns, Total: 2165049 ns
[11.551s][info ][safepoint      ] Safepoint "ICBufferFull", Time since last: 994423 ns, Reaching safepoint: 3191973 ns, At safepoint: 71501 ns, Total: 3263474 ns
[11.553s][info ][safepoint      ] Safepoint "ICBufferFull", Time since last: 1759941 ns, Reaching safepoint: 127402 ns, At safepoint: 11801 ns, Total: 139203 ns
[11.591s][info ][safepoint      ] Safepoint "ICBufferFull", Time since last: 29342470 ns, Reaching safepoint: 8739099 ns, At safepoint: 72102 ns, Total: 8811201 ns
[11.597s][info ][safepoint      ] Safepoint "ICBufferFull", Time since last: 5684529 ns, Reaching safepoint: 281107 ns, At safepoint: 10500 ns, Total: 291607 ns
[11.602s][info ][safepoint      ] Safepoint "ICBufferFull", Time since last: 2218751 ns, Reaching safepoint: 3192873 ns, At safepoint: 63701 ns, Total: 3256574 ns
[11.606s][info ][safepoint      ] Safepoint "ICBufferFull", Time since last: 3494280 ns, Reaching safepoint: 250406 ns, At safepoint: 11500 ns, Total: 261906 ns
[11.618s][info ][safepoint      ] Safepoint "ICBufferFull", Time since last: 4535603 ns, Reaching safepoint: 7613174 ns, At safepoint: 21601 ns, Total: 7634775 ns
[11.625s][info ][safepoint      ] Safepoint "ICBufferFull", Time since last: 6793155 ns, Reaching safepoint: 103802 ns, At safepoint: 14501 ns, Total: 118303 ns
[11.633s][info ][safepoint      ] Safepoint "ICBufferFull", Time since last: 708416 ns, Reaching safepoint: 7738476 ns, At safepoint: 21601 ns, Total: 7760077 ns
[11.639s][info ][safepoint      ] Safepoint "ICBufferFull", Time since last: 5470525 ns, Reaching safepoint: 324107 ns, At safepoint: 15800 ns, Total: 339907 ns
[11.646s][info ][safepoint      ] Safepoint "ICBufferFull", Time since last: 4551304 ns, Reaching safepoint: 2203351 ns, At safepoint: 19000 ns, Total: 2222351 ns
[11.652s][info ][safepoint      ] Safepoint "ICBufferFull", Time since last: 5705030 ns, Reaching safepoint: 380309 ns, At safepoint: 12400 ns, Total: 392709 ns
[11.658s][info ][safepoint      ] Safepoint "ICBufferFull", Time since last: 3940390 ns, Reaching safepoint: 2232851 ns, At safepoint: 18601 ns, Total: 2251452 ns
[11.662s][info ][safepoint      ] Safepoint "ICBufferFull", Time since last: 3578081 ns, Reaching safepoint: 261806 ns, At safepoint: 12101 ns, Total: 273907 ns
[11.670s][info ][safepoint      ] Safepoint "ICBufferFull", Time since last: 3845587 ns, Reaching safepoint: 4262698 ns, At safepoint: 17400 ns, Total: 4280098 ns
[11.685s][info ][safepoint      ] Safepoint "ICBufferFull", Time since last: 11414961 ns, Reaching safepoint: 3199173 ns, At safepoint: 18900 ns, Total: 3218073 ns
[11.692s][info ][safepoint      ] Safepoint "ICBufferFull", Time since last: 4781909 ns, Reaching safepoint: 2196550 ns, At safepoint: 20901 ns, Total: 2217451 ns
[11.693s][info ][safepoint      ] Safepoint "ICBufferFull", Time since last: 701716 ns, Reaching safepoint: 159704 ns, At safepoint: 14600 ns, Total: 174304 ns
[11.699s][info ][safepoint      ] Safepoint "ICBufferFull", Time since last: 695616 ns, Reaching safepoint: 5262920 ns, At safepoint: 18800 ns, Total: 5281720 ns
[11.704s][info ][safepoint      ] Safepoint "ICBufferFull", Time since last: 5295121 ns, Reaching safepoint: 117103 ns, At safepoint: 11800 ns, Total: 128903 ns
[11.712s][info ][safepoint      ] Safepoint "ICBufferFull", Time since last: 6847457 ns, Reaching safepoint: 665615 ns, At safepoint: 13700 ns, Total: 679315 ns
[11.718s][info ][safepoint      ] Safepoint "ICBufferFull", Time since last: 2446256 ns, Reaching safepoint: 4227596 ns, At safepoint: 14601 ns, Total: 4242197 ns
[11.719s][info ][safepoint      ] Safepoint "ICBufferFull", Time since last: 702016 ns, Reaching safepoint: 99502 ns, At safepoint: 17900 ns, Total: 117402 ns
[11.725s][info ][safepoint      ] Safepoint "ICBufferFull", Time since last: 5742332 ns, Reaching safepoint: 198404 ns, At safepoint: 19201 ns, Total: 217605 ns
[11.734s][info ][safepoint      ] Safepoint "ICBufferFull", Time since last: 702516 ns, Reaching safepoint: 7819978 ns, At safepoint: 29501 ns, Total: 7849479 ns
[11.742s][info ][safepoint      ] Safepoint "ICBufferFull", Time since last: 2795764 ns, Reaching safepoint: 5230219 ns, At safepoint: 20400 ns, Total: 5250619 ns
[11.747s][info ][safepoint      ] Safepoint "ICBufferFull", Time since last: 1454334 ns, Reaching safepoint: 3418078 ns, At safepoint: 27200 ns, Total: 3445278 ns
[11.750s][info ][safepoint      ] Safepoint "ICBufferFull", Time since last: 727817 ns, Reaching safepoint: 2881666 ns, At safepoint: 15500 ns, Total: 2897166 ns
[11.758s][info ][safepoint      ] Safepoint "ICBufferFull", Time since last: 684916 ns, Reaching safepoint: 6698753 ns, At safepoint: 20900 ns, Total: 6719653 ns
[11.763s][info ][safepoint      ] Safepoint "ICBufferFull", Time since last: 664115 ns, Reaching safepoint: 4226597 ns, At safepoint: 21100 ns, Total: 4247697 ns
[11.767s][info ][safepoint      ] Safepoint "ICBufferFull", Time since last: 667915 ns, Reaching safepoint: 3156673 ns, At safepoint: 16100 ns, Total: 3172773 ns
[11.768s][info ][safepoint      ] Safepoint "ICBufferFull", Time since last: 648715 ns, Reaching safepoint: 373008 ns, At safepoint: 18401 ns, Total: 391409 ns
[11.769s][info ][safepoint      ] Safepoint "ICBufferFull", Time since last: 540912 ns, Reaching safepoint: 1285029 ns, At safepoint: 19401 ns, Total: 1304430 ns
[11.780s][info ][safepoint      ] Safepoint "ICBufferFull", Time since last: 693216 ns, Reaching safepoint: 9673720 ns, At safepoint: 30901 ns, Total: 9704621 ns
[11.806s][info ][safepoint      ] Safepoint "ICBufferFull", Time since last: 14265326 ns, Reaching safepoint: 11693767 ns, At safepoint: 27100 ns, Total: 11720867 ns
[11.810s][info ][safepoint      ] Safepoint "ICBufferFull", Time since last: 702916 ns, Reaching safepoint: 3442979 ns, At safepoint: 18500 ns, Total: 3461479 ns
[11.814s][info ][safepoint      ] Safepoint "ICBufferFull", Time since last: 729517 ns, Reaching safepoint: 3312576 ns, At safepoint: 21600 ns, Total: 3334176 ns
[11.815s][info ][safepoint      ] Safepoint "ICBufferFull", Time since last: 703316 ns, Reaching safepoint: 377009 ns, At safepoint: 14100 ns, Total: 391109 ns
[11.817s][info ][safepoint      ] Safepoint "ICBufferFull", Time since last: 672316 ns, Reaching safepoint: 1465633 ns, At safepoint: 18300 ns, Total: 1483933 ns
[11.822s][info ][safepoint      ] Safepoint "ICBufferFull", Time since last: 673716 ns, Reaching safepoint: 4490802 ns, At safepoint: 43401 ns, Total: 4534203 ns
[12.158s][info ][gc,start       ] GC(8) Pause Young (Allocation Failure)
[12.298s][debug][gc,phases      ] GC(8) Scavenge 140.002ms
[12.298s][debug][gc,ref         ] GC(8) Skipped phase 1 of Reference Processing: no references
[12.298s][debug][gc,ref         ] GC(8) ReferenceProcessor::execute queues: 4, RefProcThreadModel::Multi, marks_oops_alive: false
[12.299s][debug][gc,ref         ] GC(8) Skipped phase 3 of Reference Processing: no references
[12.299s][debug][gc,ref         ] GC(8) ReferenceProcessor::execute queues: 1, RefProcThreadModel::Single, marks_oops_alive: false
[12.299s][debug][gc,phases      ] GC(8) Reference Processing 0.886ms
[12.300s][debug][gc,phases      ] GC(8)   VM Weak                        Min:  0.0, Avg:  0.0, Max:  0.0, Diff:  0.0, Sum:  0.0, Workers: 4
[12.300s][debug][gc,phases      ] GC(8)     Dead                           Min: 0, Avg:  0.0, Max: 0, Diff: 0, Sum: 0, Workers: 4
[12.300s][debug][gc,phases      ] GC(8)     Total                          Min: 0, Avg: 111.0, Max: 384, Diff: 384, Sum: 444, Workers: 4
[12.300s][debug][gc,phases      ] GC(8)   ObjectSynchronizer Weak        Min:  0.0, Avg:  0.0, Max:  0.0, Diff:  0.0, Sum:  0.0, Workers: 4
[12.300s][debug][gc,phases      ] GC(8)     Dead                           Min: 0, Avg:  0.0, Max: 0, Diff: 0, Sum: 0, Workers: 4
[12.300s][debug][gc,phases      ] GC(8)     Total                          Min: 0, Avg: 38.2, Max: 128, Diff: 128, Sum: 153, Workers: 4
[12.300s][debug][gc,phases      ] GC(8)   JVMTI Tag Weak OopStorage      Min:  0.0, Avg:  0.0, Max:  0.0, Diff:  0.0, Sum:  0.0, Workers: 4
[12.300s][debug][gc,phases      ] GC(8)     Dead                           Min: 0, Avg:  0.0, Max: 0, Diff: 0, Sum: 0, Workers: 4
[12.300s][debug][gc,phases      ] GC(8)     Total                          Min: 0, Avg:  0.0, Max: 0, Diff: 0, Sum: 0, Workers: 4
[12.300s][debug][gc,phases      ] GC(8)   StringTable Weak               Min:  0.0, Avg:  0.6, Max:  0.9, Diff:  0.9, Sum:  2.5, Workers: 4
[12.300s][debug][gc,phases      ] GC(8)     Dead                           Min: 0, Avg:  3.5, Max: 11, Diff: 11, Sum: 14, Workers: 4
[12.300s][debug][gc,phases      ] GC(8)     Total                          Min: 0, Avg: 9618.8, Max: 22976, Diff: 22976, Sum: 38475, Workers: 4
[12.300s][debug][gc,phases      ] GC(8)   ResolvedMethodTable Weak       Min:  0.0, Avg:  0.1, Max:  0.2, Diff:  0.2, Sum:  0.4, Workers: 4
[12.300s][debug][gc,phases      ] GC(8)     Dead                           Min: 0, Avg:  3.5, Max: 14, Diff: 14, Sum: 14, Workers: 4
[12.300s][debug][gc,phases      ] GC(8)     Total                          Min: 0, Avg: 1247.5, Max: 3264, Diff: 3264, Sum: 4990, Workers: 4
[12.300s][debug][gc,phases      ] GC(8)   JNI Weak                       Min:  0.0, Avg:  0.0, Max:  0.0, Diff:  0.0, Sum:  0.0, Workers: 4
[12.300s][debug][gc,phases      ] GC(8)     Dead                           Min: 0, Avg:  0.0, Max: 0, Diff: 0, Sum: 0, Workers: 4
[12.300s][debug][gc,phases      ] GC(8)     Total                          Min: 0, Avg:  0.2, Max: 1, Diff: 1, Sum: 1, Workers: 4
[12.300s][debug][gc,phases      ] GC(8)   StringDedup Table Weak         Min:  0.0, Avg:  0.0, Max:  0.0, Diff:  0.0, Sum:  0.0, Workers: 4
[12.300s][debug][gc,phases      ] GC(8)     Dead                           Min: 0, Avg:  0.0, Max: 0, Diff: 0, Sum: 0, Workers: 4
[12.300s][debug][gc,phases      ] GC(8)     Total                          Min: 0, Avg:  0.0, Max: 0, Diff: 0, Sum: 0, Workers: 4
[12.300s][debug][gc,phases      ] GC(8)   StringDedup Requests0 Weak     Min:  0.0, Avg:  0.0, Max:  0.0, Diff:  0.0, Sum:  0.0, Workers: 4
[12.300s][debug][gc,phases      ] GC(8)     Dead                           Min: 0, Avg:  0.0, Max: 0, Diff: 0, Sum: 0, Workers: 4
[12.300s][debug][gc,phases      ] GC(8)     Total                          Min: 0, Avg:  0.0, Max: 0, Diff: 0, Sum: 0, Workers: 4
[12.300s][debug][gc,phases      ] GC(8)   StringDedup Requests1 Weak     Min:  0.0, Avg:  0.0, Max:  0.0, Diff:  0.0, Sum:  0.0, Workers: 4
[12.300s][debug][gc,phases      ] GC(8)     Dead                           Min: 0, Avg:  0.0, Max: 0, Diff: 0, Sum: 0, Workers: 4
[12.300s][debug][gc,phases      ] GC(8)     Total                          Min: 0, Avg:  0.0, Max: 0, Diff: 0, Sum: 0, Workers: 4
[12.300s][debug][gc,phases      ] GC(8)   Weak JFR Old Object Samples    Min:  0.0, Avg:  0.0, Max:  0.0, Diff:  0.0, Sum:  0.0, Workers: 4
[12.300s][debug][gc,phases      ] GC(8)     Dead                           Min: 0, Avg:  0.0, Max: 0, Diff: 0, Sum: 0, Workers: 4
[12.300s][debug][gc,phases      ] GC(8)     Total                          Min: 0, Avg:  0.0, Max: 0, Diff: 0, Sum: 0, Workers: 4
[12.300s][debug][gc,phases      ] GC(8) Weak Processing 1.461ms
[12.300s][debug][gc,age         ] GC(8) Desired survivor size 287834112 bytes, new threshold 9 (max threshold 15)
[12.300s][info ][gc,heap        ] GC(8) PSYoungGen: 1484714K(1825792K)->182124K(1572864K) Eden: 1301504K(1301504K)->0K(1301504K) From: 183210K(524288K)->182124K(271360K)
[12.300s][info ][gc,heap        ] GC(8) ParOldGen: 6152K(18432K)->6160K(18432K)
[12.300s][info ][gc,metaspace   ] GC(8) Metaspace: 54236K(54912K)->54236K(54912K) NonClass: 46220K(46592K)->46220K(46592K) Class: 8016K(8320K)->8016K(8320K)
[12.300s][info ][gc             ] GC(8) Pause Young (Allocation Failure) 1455M->183M(1554M) 142.492ms
[12.300s][info ][gc,cpu         ] GC(8) User=0.33s Sys=0.10s Real=0.14s
[12.300s][info ][safepoint      ] Safepoint "ParallelGCFailedAllocation", Time since last: 321433835 ns, Reaching safepoint: 13918318 ns, At safepoint: 142620953 ns, Total: 156539271 ns
[13.010s][info ][safepoint      ] Safepoint "ICBufferFull", Time since last: 701586805 ns, Reaching safepoint: 7604473 ns, At safepoint: 116603 ns, Total: 7721076 ns
[13.095s][info ][gc,start       ] GC(9) Pause Young (Allocation Failure)
[13.262s][debug][gc,phases      ] GC(9) Scavenge 167.171ms
[13.262s][debug][gc,ref         ] GC(9) Skipped phase 1 of Reference Processing: no references
[13.262s][debug][gc,ref         ] GC(9) ReferenceProcessor::execute queues: 4, RefProcThreadModel::Multi, marks_oops_alive: false
[13.262s][debug][gc,ref         ] GC(9) Skipped phase 3 of Reference Processing: no references
[13.262s][debug][gc,ref         ] GC(9) ReferenceProcessor::execute queues: 1, RefProcThreadModel::Single, marks_oops_alive: false
[13.263s][debug][gc,phases      ] GC(9) Reference Processing 0.652ms
[13.265s][debug][gc,phases      ] GC(9)   VM Weak                        Min:  0.0, Avg:  0.0, Max:  0.0, Diff:  0.0, Sum:  0.0, Workers: 4
[13.265s][debug][gc,phases      ] GC(9)     Dead                           Min: 0, Avg:  0.0, Max: 0, Diff: 0, Sum: 0, Workers: 4
[13.265s][debug][gc,phases      ] GC(9)     Total                          Min: 0, Avg: 129.0, Max: 516, Diff: 516, Sum: 516, Workers: 4
[13.265s][debug][gc,phases      ] GC(9)   ObjectSynchronizer Weak        Min:  0.0, Avg:  0.0, Max:  0.0, Diff:  0.0, Sum:  0.0, Workers: 4
[13.265s][debug][gc,phases      ] GC(9)     Dead                           Min: 0, Avg:  0.0, Max: 0, Diff: 0, Sum: 0, Workers: 4
[13.265s][debug][gc,phases      ] GC(9)     Total                          Min: 0, Avg: 38.2, Max: 153, Diff: 153, Sum: 153, Workers: 4
[13.265s][debug][gc,phases      ] GC(9)   JVMTI Tag Weak OopStorage      Min:  0.0, Avg:  0.0, Max:  0.0, Diff:  0.0, Sum:  0.0, Workers: 4
[13.265s][debug][gc,phases      ] GC(9)     Dead                           Min: 0, Avg:  0.0, Max: 0, Diff: 0, Sum: 0, Workers: 4
[13.265s][debug][gc,phases      ] GC(9)     Total                          Min: 0, Avg:  0.0, Max: 0, Diff: 0, Sum: 0, Workers: 4
[13.265s][debug][gc,phases      ] GC(9)   StringTable Weak               Min:  0.0, Avg:  0.4, Max:  1.6, Diff:  1.6, Sum:  1.6, Workers: 4
[13.265s][debug][gc,phases      ] GC(9)     Dead                           Min: 0, Avg:  4.2, Max: 17, Diff: 17, Sum: 17, Workers: 4
[13.265s][debug][gc,phases      ] GC(9)     Total                          Min: 0, Avg: 9831.8, Max: 39327, Diff: 39327, Sum: 39327, Workers: 4
[13.265s][debug][gc,phases      ] GC(9)   ResolvedMethodTable Weak       Min:  0.0, Avg:  0.1, Max:  0.3, Diff:  0.3, Sum:  0.3, Workers: 4
[13.265s][debug][gc,phases      ] GC(9)     Dead                           Min: 0, Avg:  9.2, Max: 37, Diff: 37, Sum: 37, Workers: 4
[13.265s][debug][gc,phases      ] GC(9)     Total                          Min: 0, Avg: 1451.5, Max: 5806, Diff: 5806, Sum: 5806, Workers: 4
[13.265s][debug][gc,phases      ] GC(9)   JNI Weak                       Min:  0.0, Avg:  0.0, Max:  0.0, Diff:  0.0, Sum:  0.0, Workers: 4
[13.265s][debug][gc,phases      ] GC(9)     Dead                           Min: 0, Avg:  0.0, Max: 0, Diff: 0, Sum: 0, Workers: 4
[13.265s][debug][gc,phases      ] GC(9)     Total                          Min: 0, Avg:  0.0, Max: 0, Diff: 0, Sum: 0, Workers: 4
[13.265s][debug][gc,phases      ] GC(9)   StringDedup Table Weak         Min:  0.0, Avg:  0.0, Max:  0.0, Diff:  0.0, Sum:  0.0, Workers: 4
[13.265s][debug][gc,phases      ] GC(9)     Dead                           Min: 0, Avg:  0.0, Max: 0, Diff: 0, Sum: 0, Workers: 4
[13.265s][debug][gc,phases      ] GC(9)     Total                          Min: 0, Avg:  0.0, Max: 0, Diff: 0, Sum: 0, Workers: 4
[13.265s][debug][gc,phases      ] GC(9)   StringDedup Requests0 Weak     Min:  0.0, Avg:  0.0, Max:  0.0, Diff:  0.0, Sum:  0.0, Workers: 4
[13.265s][debug][gc,phases      ] GC(9)     Dead                           Min: 0, Avg:  0.0, Max: 0, Diff: 0, Sum: 0, Workers: 4
[13.265s][debug][gc,phases      ] GC(9)     Total                          Min: 0, Avg:  0.0, Max: 0, Diff: 0, Sum: 0, Workers: 4
[13.265s][debug][gc,phases      ] GC(9)   StringDedup Requests1 Weak     Min:  0.0, Avg:  0.0, Max:  0.0, Diff:  0.0, Sum:  0.0, Workers: 4
[13.265s][debug][gc,phases      ] GC(9)     Dead                           Min: 0, Avg:  0.0, Max: 0, Diff: 0, Sum: 0, Workers: 4
[13.265s][debug][gc,phases      ] GC(9)     Total                          Min: 0, Avg:  0.0, Max: 0, Diff: 0, Sum: 0, Workers: 4
[13.265s][debug][gc,phases      ] GC(9)   Weak JFR Old Object Samples    Min:  0.0, Avg:  0.0, Max:  0.0, Diff:  0.0, Sum:  0.0, Workers: 4
[13.265s][debug][gc,phases      ] GC(9)     Dead                           Min: 0, Avg:  0.0, Max: 0, Diff: 0, Sum: 0, Workers: 4
[13.265s][debug][gc,phases      ] GC(9)     Total                          Min: 0, Avg:  0.0, Max: 0, Diff: 0, Sum: 0, Workers: 4
[13.265s][debug][gc,phases      ] GC(9) Weak Processing 2.336ms
[13.265s][debug][gc,age         ] GC(9) Desired survivor size 294125568 bytes, new threshold 10 (max threshold 15)
[13.265s][info ][gc,heap        ] GC(9) PSYoungGen: 1483628K(1572864K)->185921K(1803776K) Eden: 1301504K(1301504K)->0K(1522688K) From: 182124K(271360K)->185921K(281088K)
[13.265s][info ][gc,heap        ] GC(9) ParOldGen: 6160K(18432K)->6176K(18432K)
[13.265s][info ][gc,metaspace   ] GC(9) Metaspace: 57095K(57856K)->57095K(57856K) NonClass: 48555K(48960K)->48555K(48960K) Class: 8540K(8896K)->8540K(8896K)
[13.265s][info ][gc             ] GC(9) Pause Young (Allocation Failure) 1454M->187M(1779M) 170.353ms
[13.265s][info ][gc,cpu         ] GC(9) User=0.37s Sys=0.08s Real=0.16s
[13.265s][info ][safepoint      ] Safepoint "ParallelGCFailedAllocation", Time since last: 84541027 ns, Reaching safepoint: 266006 ns, At safepoint: 170506788 ns, Total: 170772794 ns
[13.945s][info ][gc,start       ] GC(10) Pause Young (Allocation Failure)
[14.071s][debug][gc,phases      ] GC(10) Scavenge 126.257ms
[14.072s][debug][gc,ref         ] GC(10) Skipped phase 1 of Reference Processing: no references
[14.072s][debug][gc,ref         ] GC(10) ReferenceProcessor::execute queues: 4, RefProcThreadModel::Multi, marks_oops_alive: false
[14.072s][debug][gc,ref         ] GC(10) Skipped phase 3 of Reference Processing: no references
[14.072s][debug][gc,ref         ] GC(10) ReferenceProcessor::execute queues: 1, RefProcThreadModel::Single, marks_oops_alive: false
[14.072s][debug][gc,phases      ] GC(10) Reference Processing 0.630ms
[14.073s][debug][gc,phases      ] GC(10)   VM Weak                        Min:  0.0, Avg:  0.0, Max:  0.0, Diff:  0.0, Sum:  0.0, Workers: 4
[14.073s][debug][gc,phases      ] GC(10)     Dead                           Min: 0, Avg:  0.0, Max: 0, Diff: 0, Sum: 0, Workers: 4
[14.073s][debug][gc,phases      ] GC(10)     Total                          Min: 0, Avg: 131.8, Max: 320, Diff: 320, Sum: 527, Workers: 4
[14.073s][debug][gc,phases      ] GC(10)   ObjectSynchronizer Weak        Min:  0.0, Avg:  0.0, Max:  0.0, Diff:  0.0, Sum:  0.0, Workers: 4
[14.073s][debug][gc,phases      ] GC(10)     Dead                           Min: 0, Avg:  0.5, Max: 2, Diff: 2, Sum: 2, Workers: 4
[14.073s][debug][gc,phases      ] GC(10)     Total                          Min: 0, Avg: 44.0, Max: 112, Diff: 112, Sum: 176, Workers: 4
[14.073s][debug][gc,phases      ] GC(10)   JVMTI Tag Weak OopStorage      Min:  0.0, Avg:  0.0, Max:  0.0, Diff:  0.0, Sum:  0.0, Workers: 4
[14.073s][debug][gc,phases      ] GC(10)     Dead                           Min: 0, Avg:  0.0, Max: 0, Diff: 0, Sum: 0, Workers: 4
[14.073s][debug][gc,phases      ] GC(10)     Total                          Min: 0, Avg:  0.0, Max: 0, Diff: 0, Sum: 0, Workers: 4
[14.073s][debug][gc,phases      ] GC(10)   StringTable Weak               Min:  0.0, Avg:  0.5, Max:  0.7, Diff:  0.7, Sum:  2.0, Workers: 4
[14.073s][debug][gc,phases      ] GC(10)     Dead                           Min: 0, Avg:  3.8, Max: 11, Diff: 11, Sum: 15, Workers: 4
[14.073s][debug][gc,phases      ] GC(10)     Total                          Min: 0, Avg: 9914.0, Max: 14248, Diff: 14248, Sum: 39656, Workers: 4
[14.073s][debug][gc,phases      ] GC(10)   ResolvedMethodTable Weak       Min:  0.0, Avg:  0.1, Max:  0.1, Diff:  0.1, Sum:  0.3, Workers: 4
[14.073s][debug][gc,phases      ] GC(10)     Dead                           Min: 0, Avg:  6.8, Max: 21, Diff: 21, Sum: 27, Workers: 4
[14.073s][debug][gc,phases      ] GC(10)     Total                          Min: 0, Avg: 1505.5, Max: 2240, Diff: 2240, Sum: 6022, Workers: 4
[14.073s][debug][gc,phases      ] GC(10)   JNI Weak                       Min:  0.0, Avg:  0.0, Max:  0.0, Diff:  0.0, Sum:  0.0, Workers: 4
[14.073s][debug][gc,phases      ] GC(10)     Dead                           Min: 0, Avg:  0.0, Max: 0, Diff: 0, Sum: 0, Workers: 4
[14.073s][debug][gc,phases      ] GC(10)     Total                          Min: 0, Avg:  1.2, Max: 5, Diff: 5, Sum: 5, Workers: 4
[14.073s][debug][gc,phases      ] GC(10)   StringDedup Table Weak         Min:  0.0, Avg:  0.0, Max:  0.0, Diff:  0.0, Sum:  0.0, Workers: 4
[14.073s][debug][gc,phases      ] GC(10)     Dead                           Min: 0, Avg:  0.0, Max: 0, Diff: 0, Sum: 0, Workers: 4
[14.073s][debug][gc,phases      ] GC(10)     Total                          Min: 0, Avg:  0.0, Max: 0, Diff: 0, Sum: 0, Workers: 4
[14.073s][debug][gc,phases      ] GC(10)   StringDedup Requests0 Weak     Min:  0.0, Avg:  0.0, Max:  0.0, Diff:  0.0, Sum:  0.0, Workers: 4
[14.073s][debug][gc,phases      ] GC(10)     Dead                           Min: 0, Avg:  0.0, Max: 0, Diff: 0, Sum: 0, Workers: 4
[14.073s][debug][gc,phases      ] GC(10)     Total                          Min: 0, Avg:  0.0, Max: 0, Diff: 0, Sum: 0, Workers: 4
[14.073s][debug][gc,phases      ] GC(10)   StringDedup Requests1 Weak     Min:  0.0, Avg:  0.0, Max:  0.0, Diff:  0.0, Sum:  0.0, Workers: 4
[14.073s][debug][gc,phases      ] GC(10)     Dead                           Min: 0, Avg:  0.0, Max: 0, Diff: 0, Sum: 0, Workers: 4
[14.073s][debug][gc,phases      ] GC(10)     Total                          Min: 0, Avg:  0.0, Max: 0, Diff: 0, Sum: 0, Workers: 4
[14.073s][debug][gc,phases      ] GC(10)   Weak JFR Old Object Samples    Min:  0.0, Avg:  0.0, Max:  0.0, Diff:  0.0, Sum:  0.0, Workers: 4
[14.073s][debug][gc,phases      ] GC(10)     Dead                           Min: 0, Avg:  0.0, Max: 0, Diff: 0, Sum: 0, Workers: 4
[14.073s][debug][gc,phases      ] GC(10)     Total                          Min: 0, Avg:  0.0, Max: 0, Diff: 0, Sum: 0, Workers: 4
[14.073s][debug][gc,phases      ] GC(10) Weak Processing 1.067ms
[14.073s][debug][gc,age         ] GC(10) Desired survivor size 297795584 bytes, new threshold 10 (max threshold 15)
[14.073s][info ][gc,heap        ] GC(10) PSYoungGen: 1708609K(1803776K)->188360K(1711104K) Eden: 1522688K(1522688K)->0K(1522688K) From: 185921K(281088K)->188360K(188416K)
[14.073s][info ][gc,heap        ] GC(10) ParOldGen: 6176K(18432K)->6184K(18432K)
[14.073s][info ][gc,metaspace   ] GC(10) Metaspace: 58383K(59136K)->58383K(59136K) NonClass: 49669K(50112K)->49669K(50112K) Class: 8713K(9024K)->8713K(9024K)
[14.073s][info ][gc             ] GC(10) Pause Young (Allocation Failure) 1674M->189M(1689M) 128.121ms
[14.073s][info ][gc,cpu         ] GC(10) User=0.40s Sys=0.02s Real=0.13s
[14.073s][info ][safepoint      ] Safepoint "ParallelGCFailedAllocation", Time since last: 668678045 ns, Reaching safepoint: 11360358 ns, At safepoint: 128245622 ns, Total: 139605980 ns
[14.664s][info ][gc,start       ] GC(11) Pause Young (Allocation Failure)
[14.800s][debug][gc,phases      ] GC(11) Scavenge 135.999ms
[14.800s][debug][gc,ref         ] GC(11) Skipped phase 1 of Reference Processing: no references
[14.800s][debug][gc,ref         ] GC(11) ReferenceProcessor::execute queues: 4, RefProcThreadModel::Multi, marks_oops_alive: false
[14.800s][debug][gc,ref         ] GC(11) Skipped phase 3 of Reference Processing: no references
[14.800s][debug][gc,ref         ] GC(11) ReferenceProcessor::execute queues: 1, RefProcThreadModel::Single, marks_oops_alive: false
[14.800s][debug][gc,phases      ] GC(11) Reference Processing 0.358ms
[14.802s][debug][gc,phases      ] GC(11)   VM Weak                        Min:  0.0, Avg:  0.0, Max:  0.0, Diff:  0.0, Sum:  0.0, Workers: 4
[14.802s][debug][gc,phases      ] GC(11)     Dead                           Min: 0, Avg:  0.0, Max: 0, Diff: 0, Sum: 0, Workers: 4
[14.802s][debug][gc,phases      ] GC(11)     Total                          Min: 0, Avg: 131.8, Max: 320, Diff: 320, Sum: 527, Workers: 4
[14.802s][debug][gc,phases      ] GC(11)   ObjectSynchronizer Weak        Min:  0.0, Avg:  0.0, Max:  0.0, Diff:  0.0, Sum:  0.0, Workers: 4
[14.802s][debug][gc,phases      ] GC(11)     Dead                           Min: 0, Avg:  0.0, Max: 0, Diff: 0, Sum: 0, Workers: 4
[14.802s][debug][gc,phases      ] GC(11)     Total                          Min: 0, Avg: 45.2, Max: 117, Diff: 117, Sum: 181, Workers: 4
[14.802s][debug][gc,phases      ] GC(11)   JVMTI Tag Weak OopStorage      Min:  0.0, Avg:  0.0, Max:  0.0, Diff:  0.0, Sum:  0.0, Workers: 4
[14.802s][debug][gc,phases      ] GC(11)     Dead                           Min: 0, Avg:  0.0, Max: 0, Diff: 0, Sum: 0, Workers: 4
[14.802s][debug][gc,phases      ] GC(11)     Total                          Min: 0, Avg:  0.0, Max: 0, Diff: 0, Sum: 0, Workers: 4
[14.802s][debug][gc,phases      ] GC(11)   StringTable Weak               Min:  0.0, Avg:  0.9, Max:  2.0, Diff:  2.0, Sum:  3.5, Workers: 4
[14.802s][debug][gc,phases      ] GC(11)     Dead                           Min: 0, Avg:  3.2, Max: 13, Diff: 13, Sum: 13, Workers: 4
[14.802s][debug][gc,phases      ] GC(11)     Total                          Min: 0, Avg: 9948.5, Max: 31474, Diff: 31474, Sum: 39794, Workers: 4
[14.802s][debug][gc,phases      ] GC(11)   ResolvedMethodTable Weak       Min:  0.0, Avg:  0.1, Max:  0.3, Diff:  0.3, Sum:  0.3, Workers: 4
[14.803s][debug][gc,phases      ] GC(11)     Dead                           Min: 0, Avg:  0.2, Max: 1, Diff: 1, Sum: 1, Workers: 4
[14.803s][debug][gc,phases      ] GC(11)     Total                          Min: 0, Avg: 1515.0, Max: 6060, Diff: 6060, Sum: 6060, Workers: 4
[14.803s][debug][gc,phases      ] GC(11)   JNI Weak                       Min:  0.0, Avg:  0.0, Max:  0.0, Diff:  0.0, Sum:  0.0, Workers: 4
[14.803s][debug][gc,phases      ] GC(11)     Dead                           Min: 0, Avg:  0.0, Max: 0, Diff: 0, Sum: 0, Workers: 4
[14.803s][debug][gc,phases      ] GC(11)     Total                          Min: 0, Avg:  2.2, Max: 9, Diff: 9, Sum: 9, Workers: 4
[14.803s][debug][gc,phases      ] GC(11)   StringDedup Table Weak         Min:  0.0, Avg:  0.0, Max:  0.0, Diff:  0.0, Sum:  0.0, Workers: 4
[14.803s][debug][gc,phases      ] GC(11)     Dead                           Min: 0, Avg:  0.0, Max: 0, Diff: 0, Sum: 0, Workers: 4
[14.803s][debug][gc,phases      ] GC(11)     Total                          Min: 0, Avg:  0.0, Max: 0, Diff: 0, Sum: 0, Workers: 4
[14.803s][debug][gc,phases      ] GC(11)   StringDedup Requests0 Weak     Min:  0.0, Avg:  0.0, Max:  0.0, Diff:  0.0, Sum:  0.0, Workers: 4
[14.803s][debug][gc,phases      ] GC(11)     Dead                           Min: 0, Avg:  0.0, Max: 0, Diff: 0, Sum: 0, Workers: 4
[14.803s][debug][gc,phases      ] GC(11)     Total                          Min: 0, Avg:  0.0, Max: 0, Diff: 0, Sum: 0, Workers: 4
[14.803s][debug][gc,phases      ] GC(11)   StringDedup Requests1 Weak     Min:  0.0, Avg:  0.0, Max:  0.0, Diff:  0.0, Sum:  0.0, Workers: 4
[14.803s][debug][gc,phases      ] GC(11)     Dead                           Min: 0, Avg:  0.0, Max: 0, Diff: 0, Sum: 0, Workers: 4
[14.803s][debug][gc,phases      ] GC(11)     Total                          Min: 0, Avg:  0.0, Max: 0, Diff: 0, Sum: 0, Workers: 4
[14.803s][debug][gc,phases      ] GC(11)   Weak JFR Old Object Samples    Min:  0.0, Avg:  0.0, Max:  0.0, Diff:  0.0, Sum:  0.0, Workers: 4
[14.803s][debug][gc,phases      ] GC(11)     Dead                           Min: 0, Avg:  0.0, Max: 0, Diff: 0, Sum: 0, Workers: 4
[14.803s][debug][gc,phases      ] GC(11)     Total                          Min: 0, Avg:  0.0, Max: 0, Diff: 0, Sum: 0, Workers: 4
[14.803s][debug][gc,phases      ] GC(11) Weak Processing 2.233ms
[14.803s][debug][gc,age         ] GC(11) Desired survivor size 303562752 bytes, new threshold 10 (max threshold 15)
[14.803s][info ][gc,heap        ] GC(11) PSYoungGen: 1711048K(1711104K)->199485K(1795072K) Eden: 1522688K(1522688K)->0K(1504256K) From: 188360K(188416K)->199485K(290816K)
[14.803s][info ][gc,heap        ] GC(11) ParOldGen: 6184K(18432K)->6192K(18432K)
[14.803s][info ][gc,metaspace   ] GC(11) Metaspace: 58612K(59328K)->58612K(59328K) NonClass: 49869K(50304K)->49869K(50304K) Class: 8743K(9024K)->8743K(9024K)
[14.803s][info ][gc             ] GC(11) Pause Young (Allocation Failure) 1676M->200M(1771M) 138.728ms
[14.803s][info ][gc,cpu         ] GC(11) User=0.36s Sys=0.03s Real=0.14s
[14.803s][info ][safepoint      ] Safepoint "ParallelGCFailedAllocation", Time since last: 590408752 ns, Reaching safepoint: 152103 ns, At safepoint: 138836763 ns, Total: 138988866 ns
[15.476s][info ][gc,start       ] GC(12) Pause Young (Allocation Failure)
[15.642s][debug][gc,phases      ] GC(12) Scavenge 166.022ms
[15.642s][debug][gc,ref         ] GC(12) Skipped phase 1 of Reference Processing: no references
[15.642s][debug][gc,ref         ] GC(12) ReferenceProcessor::execute queues: 4, RefProcThreadModel::Multi, marks_oops_alive: false
[15.643s][debug][gc,ref         ] GC(12) Skipped phase 3 of Reference Processing: no references
[15.643s][debug][gc,ref         ] GC(12) ReferenceProcessor::execute queues: 1, RefProcThreadModel::Single, marks_oops_alive: false
[15.643s][debug][gc,phases      ] GC(12) Reference Processing 0.547ms
[15.650s][debug][gc,phases      ] GC(12)   VM Weak                        Min:  0.0, Avg:  0.0, Max:  0.0, Diff:  0.0, Sum:  0.0, Workers: 4
[15.650s][debug][gc,phases      ] GC(12)     Dead                           Min: 0, Avg:  0.0, Max: 0, Diff: 0, Sum: 0, Workers: 4
[15.650s][debug][gc,phases      ] GC(12)     Total                          Min: 0, Avg: 132.5, Max: 530, Diff: 530, Sum: 530, Workers: 4
[15.650s][debug][gc,phases      ] GC(12)   ObjectSynchronizer Weak        Min:  0.0, Avg:  0.0, Max:  0.0, Diff:  0.0, Sum:  0.0, Workers: 4
[15.650s][debug][gc,phases      ] GC(12)     Dead                           Min: 0, Avg:  0.0, Max: 0, Diff: 0, Sum: 0, Workers: 4
[15.650s][debug][gc,phases      ] GC(12)     Total                          Min: 0, Avg: 45.2, Max: 181, Diff: 181, Sum: 181, Workers: 4
[15.650s][debug][gc,phases      ] GC(12)   JVMTI Tag Weak OopStorage      Min:  0.0, Avg:  0.0, Max:  0.0, Diff:  0.0, Sum:  0.0, Workers: 4
[15.650s][debug][gc,phases      ] GC(12)     Dead                           Min: 0, Avg:  0.0, Max: 0, Diff: 0, Sum: 0, Workers: 4
[15.650s][debug][gc,phases      ] GC(12)     Total                          Min: 0, Avg:  0.0, Max: 0, Diff: 0, Sum: 0, Workers: 4
[15.650s][debug][gc,phases      ] GC(12)   StringTable Weak               Min:  0.0, Avg:  0.3, Max:  0.7, Diff:  0.7, Sum:  1.4, Workers: 4
[15.650s][debug][gc,phases      ] GC(12)     Dead                           Min: 0, Avg:  3.5, Max: 12, Diff: 12, Sum: 14, Workers: 4
[15.650s][debug][gc,phases      ] GC(12)     Total                          Min: 0, Avg: 10077.8, Max: 21120, Diff: 21120, Sum: 40311, Workers: 4
[15.650s][debug][gc,phases      ] GC(12)   ResolvedMethodTable Weak       Min:  0.0, Avg:  0.1, Max:  0.1, Diff:  0.1, Sum:  0.3, Workers: 4
[15.650s][debug][gc,phases      ] GC(12)     Dead                           Min: 0, Avg: 12.8, Max: 34, Diff: 34, Sum: 51, Workers: 4
[15.650s][debug][gc,phases      ] GC(12)     Total                          Min: 0, Avg: 1558.8, Max: 2112, Diff: 2112, Sum: 6235, Workers: 4
[15.650s][debug][gc,phases      ] GC(12)   JNI Weak                       Min:  0.0, Avg:  0.0, Max:  0.0, Diff:  0.0, Sum:  0.0, Workers: 4
[15.650s][debug][gc,phases      ] GC(12)     Dead                           Min: 0, Avg:  0.0, Max: 0, Diff: 0, Sum: 0, Workers: 4
[15.650s][debug][gc,phases      ] GC(12)     Total                          Min: 0, Avg:  3.5, Max: 14, Diff: 14, Sum: 14, Workers: 4
[15.650s][debug][gc,phases      ] GC(12)   StringDedup Table Weak         Min:  0.0, Avg:  0.0, Max:  0.0, Diff:  0.0, Sum:  0.0, Workers: 4
[15.650s][debug][gc,phases      ] GC(12)     Dead                           Min: 0, Avg:  0.0, Max: 0, Diff: 0, Sum: 0, Workers: 4
[15.650s][debug][gc,phases      ] GC(12)     Total                          Min: 0, Avg:  0.0, Max: 0, Diff: 0, Sum: 0, Workers: 4
[15.650s][debug][gc,phases      ] GC(12)   StringDedup Requests0 Weak     Min:  0.0, Avg:  0.0, Max:  0.0, Diff:  0.0, Sum:  0.0, Workers: 4
[15.650s][debug][gc,phases      ] GC(12)     Dead                           Min: 0, Avg:  0.0, Max: 0, Diff: 0, Sum: 0, Workers: 4
[15.650s][debug][gc,phases      ] GC(12)     Total                          Min: 0, Avg:  0.0, Max: 0, Diff: 0, Sum: 0, Workers: 4
[15.650s][debug][gc,phases      ] GC(12)   StringDedup Requests1 Weak     Min:  0.0, Avg:  0.0, Max:  0.0, Diff:  0.0, Sum:  0.0, Workers: 4
[15.650s][debug][gc,phases      ] GC(12)     Dead                           Min: 0, Avg:  0.0, Max: 0, Diff: 0, Sum: 0, Workers: 4
[15.650s][debug][gc,phases      ] GC(12)     Total                          Min: 0, Avg:  0.0, Max: 0, Diff: 0, Sum: 0, Workers: 4
[15.650s][debug][gc,phases      ] GC(12)   Weak JFR Old Object Samples    Min:  0.0, Avg:  0.0, Max:  0.0, Diff:  0.0, Sum:  0.0, Workers: 4
[15.650s][debug][gc,phases      ] GC(12)     Dead                           Min: 0, Avg:  0.0, Max: 0, Diff: 0, Sum: 0, Workers: 4
[15.650s][debug][gc,phases      ] GC(12)     Total                          Min: 0, Avg:  0.0, Max: 0, Diff: 0, Sum: 0, Workers: 4
[15.650s][debug][gc,phases      ] GC(12) Weak Processing 7.344ms
[15.650s][debug][gc,age         ] GC(12) Desired survivor size 306184192 bytes, new threshold 10 (max threshold 15)
[15.650s][info ][gc,heap        ] GC(12) PSYoungGen: 1703741K(1795072K)->197132K(1701888K) Eden: 1504256K(1504256K)->0K(1504256K) From: 199485K(290816K)->197132K(197632K)
[15.650s][info ][gc,heap        ] GC(12) ParOldGen: 6192K(18432K)->6208K(18432K)
[15.650s][info ][gc,metaspace   ] GC(12) Metaspace: 59949K(60672K)->59949K(60672K) NonClass: 51029K(51392K)->51029K(51392K) Class: 8919K(9280K)->8919K(9280K)
[15.650s][info ][gc             ] GC(12) Pause Young (Allocation Failure) 1669M->198M(1680M) 174.055ms
[15.650s][info ][gc,cpu         ] GC(12) User=0.46s Sys=0.00s Real=0.17s
[15.650s][info ][safepoint      ] Safepoint "ParallelGCFailedAllocation", Time since last: 672851422 ns, Reaching safepoint: 286406 ns, At safepoint: 174219067 ns, Total: 174505473 ns
[15.986s][info ][safepoint      ] Safepoint "ICBufferFull", Time since last: 323847573 ns, Reaching safepoint: 12284079 ns, At safepoint: 26801 ns, Total: 12310880 ns
[16.199s][info ][gc,start       ] GC(13) Pause Young (Allocation Failure)
[16.322s][debug][gc,phases      ] GC(13) Scavenge 122.828ms
[16.322s][debug][gc,ref         ] GC(13) Skipped phase 1 of Reference Processing: no references
[16.322s][debug][gc,ref         ] GC(13) ReferenceProcessor::execute queues: 4, RefProcThreadModel::Multi, marks_oops_alive: false
[16.323s][debug][gc,ref         ] GC(13) Skipped phase 3 of Reference Processing: no references
[16.323s][debug][gc,ref         ] GC(13) ReferenceProcessor::execute queues: 1, RefProcThreadModel::Single, marks_oops_alive: false
[16.323s][debug][gc,phases      ] GC(13) Reference Processing 0.768ms
[16.324s][debug][gc,phases      ] GC(13)   VM Weak                        Min:  0.0, Avg:  0.0, Max:  0.0, Diff:  0.0, Sum:  0.0, Workers: 4
[16.324s][debug][gc,phases      ] GC(13)     Dead                           Min: 0, Avg:  0.0, Max: 0, Diff: 0, Sum: 0, Workers: 4
[16.324s][debug][gc,phases      ] GC(13)     Total                          Min: 0, Avg: 136.0, Max: 352, Diff: 352, Sum: 544, Workers: 4
[16.324s][debug][gc,phases      ] GC(13)   ObjectSynchronizer Weak        Min:  0.0, Avg:  0.0, Max:  0.0, Diff:  0.0, Sum:  0.0, Workers: 4
[16.324s][debug][gc,phases      ] GC(13)     Dead                           Min: 0, Avg:  0.0, Max: 0, Diff: 0, Sum: 0, Workers: 4
[16.324s][debug][gc,phases      ] GC(13)     Total                          Min: 0, Avg: 45.2, Max: 117, Diff: 117, Sum: 181, Workers: 4
[16.324s][debug][gc,phases      ] GC(13)   JVMTI Tag Weak OopStorage      Min:  0.0, Avg:  0.0, Max:  0.0, Diff:  0.0, Sum:  0.0, Workers: 4
[16.324s][debug][gc,phases      ] GC(13)     Dead                           Min: 0, Avg:  0.0, Max: 0, Diff: 0, Sum: 0, Workers: 4
[16.324s][debug][gc,phases      ] GC(13)     Total                          Min: 0, Avg:  0.0, Max: 0, Diff: 0, Sum: 0, Workers: 4
[16.324s][debug][gc,phases      ] GC(13)   StringTable Weak               Min:  0.0, Avg:  0.5, Max:  1.0, Diff:  1.0, Sum:  2.1, Workers: 4
[16.324s][debug][gc,phases      ] GC(13)     Dead                           Min: 0, Avg:  2.8, Max: 11, Diff: 11, Sum: 11, Workers: 4
[16.324s][debug][gc,phases      ] GC(13)     Total                          Min: 0, Avg: 10100.2, Max: 21184, Diff: 21184, Sum: 40401, Workers: 4
[16.324s][debug][gc,phases      ] GC(13)   ResolvedMethodTable Weak       Min:  0.0, Avg:  0.1, Max:  0.2, Diff:  0.2, Sum:  0.4, Workers: 4
[16.324s][debug][gc,phases      ] GC(13)     Dead                           Min: 0, Avg:  0.5, Max: 2, Diff: 2, Sum: 2, Workers: 4
[16.324s][debug][gc,phases      ] GC(13)     Total                          Min: 0, Avg: 1572.2, Max: 3345, Diff: 3345, Sum: 6289, Workers: 4
[16.324s][debug][gc,phases      ] GC(13)   JNI Weak                       Min:  0.0, Avg:  0.0, Max:  0.0, Diff:  0.0, Sum:  0.0, Workers: 4
[16.324s][debug][gc,phases      ] GC(13)     Dead                           Min: 0, Avg:  0.0, Max: 0, Diff: 0, Sum: 0, Workers: 4
[16.324s][debug][gc,phases      ] GC(13)     Total                          Min: 0, Avg:  5.0, Max: 20, Diff: 20, Sum: 20, Workers: 4
[16.324s][debug][gc,phases      ] GC(13)   StringDedup Table Weak         Min:  0.0, Avg:  0.0, Max:  0.0, Diff:  0.0, Sum:  0.0, Workers: 4
[16.324s][debug][gc,phases      ] GC(13)     Dead                           Min: 0, Avg:  0.0, Max: 0, Diff: 0, Sum: 0, Workers: 4
[16.324s][debug][gc,phases      ] GC(13)     Total                          Min: 0, Avg:  0.0, Max: 0, Diff: 0, Sum: 0, Workers: 4
[16.324s][debug][gc,phases      ] GC(13)   StringDedup Requests0 Weak     Min:  0.0, Avg:  0.0, Max:  0.0, Diff:  0.0, Sum:  0.0, Workers: 4
[16.324s][debug][gc,phases      ] GC(13)     Dead                           Min: 0, Avg:  0.0, Max: 0, Diff: 0, Sum: 0, Workers: 4
[16.324s][debug][gc,phases      ] GC(13)     Total                          Min: 0, Avg:  0.0, Max: 0, Diff: 0, Sum: 0, Workers: 4
[16.324s][debug][gc,phases      ] GC(13)   StringDedup Requests1 Weak     Min:  0.0, Avg:  0.0, Max:  0.0, Diff:  0.0, Sum:  0.0, Workers: 4
[16.324s][debug][gc,phases      ] GC(13)     Dead                           Min: 0, Avg:  0.0, Max: 0, Diff: 0, Sum: 0, Workers: 4
[16.324s][debug][gc,phases      ] GC(13)     Total                          Min: 0, Avg:  0.0, Max: 0, Diff: 0, Sum: 0, Workers: 4
[16.324s][debug][gc,phases      ] GC(13)   Weak JFR Old Object Samples    Min:  0.0, Avg:  0.0, Max:  0.0, Diff:  0.0, Sum:  0.0, Workers: 4
[16.324s][debug][gc,phases      ] GC(13)     Dead                           Min: 0, Avg:  0.0, Max: 0, Diff: 0, Sum: 0, Workers: 4
[16.324s][debug][gc,phases      ] GC(13)     Total                          Min: 0, Avg:  0.0, Max: 0, Diff: 0, Sum: 0, Workers: 4
[16.324s][debug][gc,phases      ] GC(13) Weak Processing 1.567ms
[16.324s][debug][gc,age         ] GC(13) Desired survivor size 301465600 bytes, new threshold 9 (max threshold 15)
[16.324s][info ][gc,heap        ] GC(13) PSYoungGen: 1701388K(1701888K)->182759K(1802752K) Eden: 1504256K(1504256K)->0K(1503744K) From: 197132K(197632K)->182759K(299008K)
[16.324s][info ][gc,heap        ] GC(13) ParOldGen: 6208K(18432K)->16364K(18432K)
[16.324s][info ][gc,metaspace   ] GC(13) Metaspace: 60312K(61120K)->60312K(61120K) NonClass: 51344K(51776K)->51344K(51776K) Class: 8967K(9344K)->8967K(9344K)
[16.324s][info ][gc             ] GC(13) Pause Young (Allocation Failure) 1667M->194M(1778M) 125.365ms
[16.324s][info ][gc,cpu         ] GC(13) User=0.44s Sys=0.00s Real=0.12s
[16.324s][debug][gc,phases      ] GC(14) Pre Compact 0.018ms
[16.324s][info ][gc,start       ] GC(14) Pause Full (Ergonomics)
[16.324s][info ][gc,phases,start] GC(14) Marking Phase
[16.457s][debug][gc,phases      ] GC(14) Par Mark 131.978ms
[16.457s][debug][gc,ref         ] GC(14) Skipped phase 1 of Reference Processing: no references
[16.457s][debug][gc,ref         ] GC(14) ReferenceProcessor::execute queues: 1, RefProcThreadModel::Single, marks_oops_alive: false
[16.457s][debug][gc,ref         ] GC(14) Skipped phase 3 of Reference Processing: no references
[16.457s][debug][gc,ref         ] GC(14) ReferenceProcessor::execute queues: 1, RefProcThreadModel::Single, marks_oops_alive: false
[16.457s][debug][gc,phases      ] GC(14) Reference Processing 0.207ms
[16.462s][debug][gc,phases      ] GC(14)   VM Weak                        Min:  0.0, Avg:  0.0, Max:  0.0, Diff:  0.0, Sum:  0.0, Workers: 4
[16.462s][debug][gc,phases      ] GC(14)     Dead                           Min: 0, Avg:  0.0, Max: 0, Diff: 0, Sum: 0, Workers: 4
[16.462s][debug][gc,phases      ] GC(14)     Total                          Min: 0, Avg: 136.0, Max: 544, Diff: 544, Sum: 544, Workers: 4
[16.462s][debug][gc,phases      ] GC(14)   ObjectSynchronizer Weak        Min:  0.0, Avg:  0.0, Max:  0.0, Diff:  0.0, Sum:  0.0, Workers: 4
[16.462s][debug][gc,phases      ] GC(14)     Dead                           Min: 0, Avg:  0.0, Max: 0, Diff: 0, Sum: 0, Workers: 4
[16.462s][debug][gc,phases      ] GC(14)     Total                          Min: 0, Avg: 45.2, Max: 181, Diff: 181, Sum: 181, Workers: 4
[16.462s][debug][gc,phases      ] GC(14)   JVMTI Tag Weak OopStorage      Min:  0.0, Avg:  0.0, Max:  0.0, Diff:  0.0, Sum:  0.0, Workers: 4
[16.462s][debug][gc,phases      ] GC(14)     Dead                           Min: 0, Avg:  0.0, Max: 0, Diff: 0, Sum: 0, Workers: 4
[16.462s][debug][gc,phases      ] GC(14)     Total                          Min: 0, Avg:  0.0, Max: 0, Diff: 0, Sum: 0, Workers: 4
[16.462s][debug][gc,phases      ] GC(14)   StringTable Weak               Min:  0.0, Avg:  0.2, Max:  0.7, Diff:  0.7, Sum:  0.7, Workers: 4
[16.462s][debug][gc,phases      ] GC(14)     Dead                           Min: 0, Avg:  0.0, Max: 0, Diff: 0, Sum: 0, Workers: 4
[16.462s][debug][gc,phases      ] GC(14)     Total                          Min: 0, Avg: 10100.2, Max: 40401, Diff: 40401, Sum: 40401, Workers: 4
[16.462s][debug][gc,phases      ] GC(14)   ResolvedMethodTable Weak       Min:  0.0, Avg:  0.0, Max:  0.1, Diff:  0.1, Sum:  0.1, Workers: 4
[16.462s][debug][gc,phases      ] GC(14)     Dead                           Min: 0, Avg:  0.0, Max: 0, Diff: 0, Sum: 0, Workers: 4
[16.462s][debug][gc,phases      ] GC(14)     Total                          Min: 0, Avg: 1572.2, Max: 6289, Diff: 6289, Sum: 6289, Workers: 4
[16.462s][debug][gc,phases      ] GC(14)   JNI Weak                       Min:  0.0, Avg:  0.0, Max:  0.0, Diff:  0.0, Sum:  0.0, Workers: 4
[16.462s][debug][gc,phases      ] GC(14)     Dead                           Min: 0, Avg:  0.0, Max: 0, Diff: 0, Sum: 0, Workers: 4
[16.462s][debug][gc,phases      ] GC(14)     Total                          Min: 0, Avg:  5.0, Max: 20, Diff: 20, Sum: 20, Workers: 4
[16.462s][debug][gc,phases      ] GC(14)   StringDedup Table Weak         Min:  0.0, Avg:  0.0, Max:  0.0, Diff:  0.0, Sum:  0.0, Workers: 4
[16.462s][debug][gc,phases      ] GC(14)     Dead                           Min: 0, Avg:  0.0, Max: 0, Diff: 0, Sum: 0, Workers: 4
[16.462s][debug][gc,phases      ] GC(14)     Total                          Min: 0, Avg:  0.0, Max: 0, Diff: 0, Sum: 0, Workers: 4
[16.462s][debug][gc,phases      ] GC(14)   StringDedup Requests0 Weak     Min:  0.0, Avg:  0.0, Max:  0.0, Diff:  0.0, Sum:  0.0, Workers: 4
[16.462s][debug][gc,phases      ] GC(14)     Dead                           Min: 0, Avg:  0.0, Max: 0, Diff: 0, Sum: 0, Workers: 4
[16.462s][debug][gc,phases      ] GC(14)     Total                          Min: 0, Avg:  0.0, Max: 0, Diff: 0, Sum: 0, Workers: 4
[16.462s][debug][gc,phases      ] GC(14)   StringDedup Requests1 Weak     Min:  0.0, Avg:  0.0, Max:  0.0, Diff:  0.0, Sum:  0.0, Workers: 4
[16.462s][debug][gc,phases      ] GC(14)     Dead                           Min: 0, Avg:  0.0, Max: 0, Diff: 0, Sum: 0, Workers: 4
[16.462s][debug][gc,phases      ] GC(14)     Total                          Min: 0, Avg:  0.0, Max: 0, Diff: 0, Sum: 0, Workers: 4
[16.462s][debug][gc,phases      ] GC(14)   Weak JFR Old Object Samples    Min:  0.0, Avg:  0.0, Max:  0.0, Diff:  0.0, Sum:  0.0, Workers: 4
[16.462s][debug][gc,phases      ] GC(14)     Dead                           Min: 0, Avg:  0.0, Max: 0, Diff: 0, Sum: 0, Workers: 4
[16.462s][debug][gc,phases      ] GC(14)     Total                          Min: 0, Avg:  0.0, Max: 0, Diff: 0, Sum: 0, Workers: 4
[16.462s][debug][gc,phases      ] GC(14) Weak Processing 5.156ms
[16.462s][debug][gc,phases      ] GC(14) ClassLoaderData 0.091ms
[16.462s][debug][gc,phases      ] GC(14) Trigger cleanups 0.001ms
[16.476s][debug][gc,phases      ] GC(14) Class Unloading 14.132ms
[16.476s][info ][gc,phases      ] GC(14) Marking Phase 151.665ms
[16.476s][info ][gc,phases,start] GC(14) Summary Phase
[16.476s][info ][gc,phases      ] GC(14) Summary Phase 0.012ms
[16.476s][info ][gc,phases,start] GC(14) Adjust Roots
[16.498s][info ][gc,phases      ] GC(14) Adjust Roots 21.571ms
[16.498s][info ][gc,phases,start] GC(14) Compaction Phase
[17.037s][info ][gc,phases      ] GC(14) Compaction Phase 539.313ms
[17.037s][info ][gc,phases,start] GC(14) Post Compact
[17.047s][info ][gc,phases      ] GC(14) Post Compact 9.635ms
[17.047s][info ][gc,heap        ] GC(14) PSYoungGen: 182759K(1802752K)->180331K(1802752K) Eden: 0K(1503744K)->0K(1503744K) From: 182759K(299008K)->180331K(299008K)
[17.047s][info ][gc,heap        ] GC(14) ParOldGen: 16364K(18432K)->18268K(39424K)
[17.047s][info ][gc,metaspace   ] GC(14) Metaspace: 60312K(61120K)->60312K(61120K) NonClass: 51344K(51776K)->51344K(51776K) Class: 8967K(9344K)->8967K(9344K)
[17.047s][info ][gc             ] GC(14) Pause Full (Ergonomics) 194M->193M(1799M) 722.470ms
[17.047s][info ][gc,cpu         ] GC(14) User=1.94s Sys=0.01s Real=0.73s
[17.047s][info ][safepoint      ] Safepoint "ParallelGCFailedAllocation", Time since last: 207223215 ns, Reaching safepoint: 5469724 ns, At safepoint: 848054094 ns, Total: 853523818 ns
[17.518s][info ][safepoint      ] Safepoint "ICBufferFull", Time since last: 463752445 ns, Reaching safepoint: 7214764 ns, At safepoint: 26201 ns, Total: 7240965 ns
[17.918s][info ][gc,start       ] GC(15) Pause Young (Allocation Failure)
[18.174s][debug][gc,phases      ] GC(15) Scavenge 255.811ms
[18.174s][debug][gc,ref         ] GC(15) Skipped phase 1 of Reference Processing: no references
[18.174s][debug][gc,ref         ] GC(15) ReferenceProcessor::execute queues: 1, RefProcThreadModel::Single, marks_oops_alive: false
[18.174s][debug][gc,ref         ] GC(15) Skipped phase 3 of Reference Processing: no references
[18.174s][debug][gc,ref         ] GC(15) ReferenceProcessor::execute queues: 1, RefProcThreadModel::Single, marks_oops_alive: false
[18.174s][debug][gc,phases      ] GC(15) Reference Processing 0.194ms
[18.176s][debug][gc,phases      ] GC(15)   VM Weak                        Min:  0.0, Avg:  0.0, Max:  0.0, Diff:  0.0, Sum:  0.0, Workers: 4
[18.176s][debug][gc,phases      ] GC(15)     Dead                           Min: 0, Avg:  0.0, Max: 0, Diff: 0, Sum: 0, Workers: 4
[18.176s][debug][gc,phases      ] GC(15)     Total                          Min: 0, Avg: 136.0, Max: 544, Diff: 544, Sum: 544, Workers: 4
[18.176s][debug][gc,phases      ] GC(15)   ObjectSynchronizer Weak        Min:  0.0, Avg:  0.0, Max:  0.0, Diff:  0.0, Sum:  0.0, Workers: 4
[18.176s][debug][gc,phases      ] GC(15)     Dead                           Min: 0, Avg:  0.0, Max: 0, Diff: 0, Sum: 0, Workers: 4
[18.176s][debug][gc,phases      ] GC(15)     Total                          Min: 0, Avg: 45.2, Max: 181, Diff: 181, Sum: 181, Workers: 4
[18.176s][debug][gc,phases      ] GC(15)   JVMTI Tag Weak OopStorage      Min:  0.0, Avg:  0.0, Max:  0.0, Diff:  0.0, Sum:  0.0, Workers: 4
[18.176s][debug][gc,phases      ] GC(15)     Dead                           Min: 0, Avg:  0.0, Max: 0, Diff: 0, Sum: 0, Workers: 4
[18.176s][debug][gc,phases      ] GC(15)     Total                          Min: 0, Avg:  0.0, Max: 0, Diff: 0, Sum: 0, Workers: 4
[18.176s][debug][gc,phases      ] GC(15)   StringTable Weak               Min:  0.0, Avg:  0.4, Max:  1.1, Diff:  1.1, Sum:  1.4, Workers: 4
[18.176s][debug][gc,phases      ] GC(15)     Dead                           Min: 0, Avg:  2.8, Max: 11, Diff: 11, Sum: 11, Workers: 4
[18.176s][debug][gc,phases      ] GC(15)     Total                          Min: 0, Avg: 10138.0, Max: 34024, Diff: 34024, Sum: 40552, Workers: 4
[18.176s][debug][gc,phases      ] GC(15)   ResolvedMethodTable Weak       Min:  0.0, Avg:  0.1, Max:  0.2, Diff:  0.1, Sum:  0.3, Workers: 4
[18.176s][debug][gc,phases      ] GC(15)     Dead                           Min: 0, Avg:  0.0, Max: 0, Diff: 0, Sum: 0, Workers: 4
[18.176s][debug][gc,phases      ] GC(15)     Total                          Min: 0, Avg: 1574.8, Max: 3455, Diff: 3455, Sum: 6299, Workers: 4
[18.176s][debug][gc,phases      ] GC(15)   JNI Weak                       Min:  0.0, Avg:  0.0, Max:  0.0, Diff:  0.0, Sum:  0.0, Workers: 4
[18.176s][debug][gc,phases      ] GC(15)     Dead                           Min: 0, Avg:  0.0, Max: 0, Diff: 0, Sum: 0, Workers: 4
[18.176s][debug][gc,phases      ] GC(15)     Total                          Min: 0, Avg:  0.0, Max: 0, Diff: 0, Sum: 0, Workers: 4
[18.176s][debug][gc,phases      ] GC(15)   StringDedup Table Weak         Min:  0.0, Avg:  0.0, Max:  0.0, Diff:  0.0, Sum:  0.0, Workers: 4
[18.176s][debug][gc,phases      ] GC(15)     Dead                           Min: 0, Avg:  0.0, Max: 0, Diff: 0, Sum: 0, Workers: 4
[18.176s][debug][gc,phases      ] GC(15)     Total                          Min: 0, Avg:  0.0, Max: 0, Diff: 0, Sum: 0, Workers: 4
[18.176s][debug][gc,phases      ] GC(15)   StringDedup Requests0 Weak     Min:  0.0, Avg:  0.0, Max:  0.0, Diff:  0.0, Sum:  0.0, Workers: 4
[18.176s][debug][gc,phases      ] GC(15)     Dead                           Min: 0, Avg:  0.0, Max: 0, Diff: 0, Sum: 0, Workers: 4
[18.176s][debug][gc,phases      ] GC(15)     Total                          Min: 0, Avg:  0.0, Max: 0, Diff: 0, Sum: 0, Workers: 4
[18.176s][debug][gc,phases      ] GC(15)   StringDedup Requests1 Weak     Min:  0.0, Avg:  0.0, Max:  0.0, Diff:  0.0, Sum:  0.0, Workers: 4
[18.176s][debug][gc,phases      ] GC(15)     Dead                           Min: 0, Avg:  0.0, Max: 0, Diff: 0, Sum: 0, Workers: 4
[18.176s][debug][gc,phases      ] GC(15)     Total                          Min: 0, Avg:  0.0, Max: 0, Diff: 0, Sum: 0, Workers: 4
[18.176s][debug][gc,phases      ] GC(15)   Weak JFR Old Object Samples    Min:  0.0, Avg:  0.0, Max:  0.0, Diff:  0.0, Sum:  0.0, Workers: 4
[18.176s][debug][gc,phases      ] GC(15)     Dead                           Min: 0, Avg:  0.0, Max: 0, Diff: 0, Sum: 0, Workers: 4
[18.176s][debug][gc,phases      ] GC(15)     Total                          Min: 0, Avg:  0.0, Max: 0, Diff: 0, Sum: 0, Workers: 4
[18.176s][debug][gc,phases      ] GC(15) Weak Processing 2.295ms
[18.176s][debug][gc,age         ] GC(15) Desired survivor size 311951360 bytes, new threshold 8 (max threshold 15)
[18.176s][info ][gc,heap        ] GC(15) PSYoungGen: 1684075K(1802752K)->18109K(1522176K) Eden: 1503744K(1503744K)->0K(1503744K) From: 180331K(299008K)->18109K(18432K)
[18.176s][info ][gc,heap        ] GC(15) ParOldGen: 18268K(39424K)->182718K(182784K)
[18.176s][info ][gc,metaspace   ] GC(15) Metaspace: 60603K(61376K)->60603K(61376K) NonClass: 51606K(52032K)->51606K(52032K) Class: 8996K(9344K)->8996K(9344K)
[18.176s][info ][gc             ] GC(15) Pause Young (Allocation Failure) 1662M->196M(1665M) 258.485ms
[18.176s][info ][gc,cpu         ] GC(15) User=0.41s Sys=0.09s Real=0.26s
[18.177s][debug][gc,phases      ] GC(16) Pre Compact 0.018ms
[18.177s][info ][gc,start       ] GC(16) Pause Full (Ergonomics)
[18.177s][info ][gc,phases,start] GC(16) Marking Phase
[18.324s][debug][gc,phases      ] GC(16) Par Mark 147.392ms
[18.324s][debug][gc,ref         ] GC(16) Skipped phase 1 of Reference Processing: no references
[18.324s][debug][gc,ref         ] GC(16) ReferenceProcessor::execute queues: 4, RefProcThreadModel::Multi, marks_oops_alive: false
[18.334s][debug][gc,ref         ] GC(16) Skipped phase 3 of Reference Processing: no references
[18.334s][debug][gc,ref         ] GC(16) ReferenceProcessor::execute queues: 1, RefProcThreadModel::Single, marks_oops_alive: false
[18.334s][debug][gc,phases      ] GC(16) Reference Processing 9.747ms
[18.335s][debug][gc,phases      ] GC(16)   VM Weak                        Min:  0.0, Avg:  0.0, Max:  0.0, Diff:  0.0, Sum:  0.0, Workers: 4
[18.335s][debug][gc,phases      ] GC(16)     Dead                           Min: 0, Avg:  0.0, Max: 0, Diff: 0, Sum: 0, Workers: 4
[18.335s][debug][gc,phases      ] GC(16)     Total                          Min: 0, Avg: 136.0, Max: 544, Diff: 544, Sum: 544, Workers: 4
[18.335s][debug][gc,phases      ] GC(16)   ObjectSynchronizer Weak        Min:  0.0, Avg:  0.0, Max:  0.0, Diff:  0.0, Sum:  0.0, Workers: 4
[18.335s][debug][gc,phases      ] GC(16)     Dead                           Min: 0, Avg:  0.0, Max: 0, Diff: 0, Sum: 0, Workers: 4
[18.335s][debug][gc,phases      ] GC(16)     Total                          Min: 0, Avg: 45.2, Max: 181, Diff: 181, Sum: 181, Workers: 4
[18.335s][debug][gc,phases      ] GC(16)   JVMTI Tag Weak OopStorage      Min:  0.0, Avg:  0.0, Max:  0.0, Diff:  0.0, Sum:  0.0, Workers: 4
[18.335s][debug][gc,phases      ] GC(16)     Dead                           Min: 0, Avg:  0.0, Max: 0, Diff: 0, Sum: 0, Workers: 4
[18.335s][debug][gc,phases      ] GC(16)     Total                          Min: 0, Avg:  0.0, Max: 0, Diff: 0, Sum: 0, Workers: 4
[18.335s][debug][gc,phases      ] GC(16)   StringTable Weak               Min:  0.0, Avg:  0.2, Max:  0.7, Diff:  0.7, Sum:  0.7, Workers: 4
[18.335s][debug][gc,phases      ] GC(16)     Dead                           Min: 0, Avg:  0.0, Max: 0, Diff: 0, Sum: 0, Workers: 4
[18.335s][debug][gc,phases      ] GC(16)     Total                          Min: 0, Avg: 10138.0, Max: 40552, Diff: 40552, Sum: 40552, Workers: 4
[18.335s][debug][gc,phases      ] GC(16)   ResolvedMethodTable Weak       Min:  0.0, Avg:  0.0, Max:  0.1, Diff:  0.1, Sum:  0.1, Workers: 4
[18.335s][debug][gc,phases      ] GC(16)     Dead                           Min: 0, Avg:  0.0, Max: 0, Diff: 0, Sum: 0, Workers: 4
[18.335s][debug][gc,phases      ] GC(16)     Total                          Min: 0, Avg: 1574.8, Max: 6299, Diff: 6299, Sum: 6299, Workers: 4
[18.335s][debug][gc,phases      ] GC(16)   JNI Weak                       Min:  0.0, Avg:  0.0, Max:  0.0, Diff:  0.0, Sum:  0.0, Workers: 4
[18.335s][debug][gc,phases      ] GC(16)     Dead                           Min: 0, Avg:  0.0, Max: 0, Diff: 0, Sum: 0, Workers: 4
[18.335s][debug][gc,phases      ] GC(16)     Total                          Min: 0, Avg:  0.0, Max: 0, Diff: 0, Sum: 0, Workers: 4
[18.335s][debug][gc,phases      ] GC(16)   StringDedup Table Weak         Min:  0.0, Avg:  0.0, Max:  0.0, Diff:  0.0, Sum:  0.0, Workers: 4
[18.335s][debug][gc,phases      ] GC(16)     Dead                           Min: 0, Avg:  0.0, Max: 0, Diff: 0, Sum: 0, Workers: 4
[18.335s][debug][gc,phases      ] GC(16)     Total                          Min: 0, Avg:  0.0, Max: 0, Diff: 0, Sum: 0, Workers: 4
[18.335s][debug][gc,phases      ] GC(16)   StringDedup Requests0 Weak     Min:  0.0, Avg:  0.0, Max:  0.0, Diff:  0.0, Sum:  0.0, Workers: 4
[18.335s][debug][gc,phases      ] GC(16)     Dead                           Min: 0, Avg:  0.0, Max: 0, Diff: 0, Sum: 0, Workers: 4
[18.335s][debug][gc,phases      ] GC(16)     Total                          Min: 0, Avg:  0.0, Max: 0, Diff: 0, Sum: 0, Workers: 4
[18.335s][debug][gc,phases      ] GC(16)   StringDedup Requests1 Weak     Min:  0.0, Avg:  0.0, Max:  0.0, Diff:  0.0, Sum:  0.0, Workers: 4
[18.335s][debug][gc,phases      ] GC(16)     Dead                           Min: 0, Avg:  0.0, Max: 0, Diff: 0, Sum: 0, Workers: 4
[18.335s][debug][gc,phases      ] GC(16)     Total                          Min: 0, Avg:  0.0, Max: 0, Diff: 0, Sum: 0, Workers: 4
[18.335s][debug][gc,phases      ] GC(16)   Weak JFR Old Object Samples    Min:  0.0, Avg:  0.0, Max:  0.0, Diff:  0.0, Sum:  0.0, Workers: 4
[18.335s][debug][gc,phases      ] GC(16)     Dead                           Min: 0, Avg:  0.0, Max: 0, Diff: 0, Sum: 0, Workers: 4
[18.335s][debug][gc,phases      ] GC(16)     Total                          Min: 0, Avg:  0.0, Max: 0, Diff: 0, Sum: 0, Workers: 4
[18.335s][debug][gc,phases      ] GC(16) Weak Processing 1.047ms
[18.335s][debug][gc,phases      ] GC(16) ClassLoaderData 0.077ms
[18.335s][debug][gc,phases      ] GC(16) Trigger cleanups 0.001ms
[18.345s][debug][gc,phases      ] GC(16) Class Unloading 10.054ms
[18.345s][info ][gc,phases      ] GC(16) Marking Phase 168.444ms
[18.345s][info ][gc,phases,start] GC(16) Summary Phase
[18.345s][info ][gc,phases      ] GC(16) Summary Phase 0.012ms
[18.345s][info ][gc,phases,start] GC(16) Adjust Roots
[18.356s][info ][gc,phases      ] GC(16) Adjust Roots 10.920ms
[18.356s][info ][gc,phases,start] GC(16) Compaction Phase
[18.857s][info ][gc,phases      ] GC(16) Compaction Phase 500.706ms
[18.857s][info ][gc,phases,start] GC(16) Post Compact
[18.858s][info ][gc,phases      ] GC(16) Post Compact 1.029ms
[18.858s][info ][gc,heap        ] GC(16) PSYoungGen: 18109K(1522176K)->17513K(1522176K) Eden: 0K(1503744K)->0K(1503744K) From: 18109K(18432K)->17513K(18432K)
[18.858s][info ][gc,heap        ] GC(16) ParOldGen: 182718K(182784K)->182607K(269824K)
[18.858s][info ][gc,metaspace   ] GC(16) Metaspace: 60603K(61376K)->60603K(61376K) NonClass: 51606K(52032K)->51606K(52032K) Class: 8996K(9344K)->8996K(9344K)
[18.858s][info ][gc             ] GC(16) Pause Full (Ergonomics) 196M->195M(1750M) 681.431ms
[18.858s][info ][gc,cpu         ] GC(16) User=1.66s Sys=0.01s Real=0.68s
[18.910s][info ][safepoint      ] Safepoint "ParallelGCFailedAllocation", Time since last: 389951967 ns, Reaching safepoint: 9951026 ns, At safepoint: 991851238 ns, Total: 1001802264 ns
[19.466s][info ][safepoint      ] Safepoint "ICBufferFull", Time since last: 544819772 ns, Reaching safepoint: 11364958 ns, At safepoint: 33501 ns, Total: 11398459 ns
[19.530s][info ][gc,start       ] GC(17) Pause Young (Allocation Failure)
[19.630s][debug][gc,phases      ] GC(17) Scavenge 99.916ms
[19.630s][debug][gc,ref         ] GC(17) Skipped phase 1 of Reference Processing: no references
[19.630s][debug][gc,ref         ] GC(17) ReferenceProcessor::execute queues: 1, RefProcThreadModel::Single, marks_oops_alive: false
[19.630s][debug][gc,ref         ] GC(17) Skipped phase 3 of Reference Processing: no references
[19.630s][debug][gc,ref         ] GC(17) Skipped phase 4 of Reference Processing: no references
[19.630s][debug][gc,phases      ] GC(17) Reference Processing 0.216ms
[19.631s][debug][gc,phases      ] GC(17)   VM Weak                        Min:  0.0, Avg:  0.0, Max:  0.0, Diff:  0.0, Sum:  0.0, Workers: 4
[19.631s][debug][gc,phases      ] GC(17)     Dead                           Min: 0, Avg:  0.0, Max: 0, Diff: 0, Sum: 0, Workers: 4
[19.631s][debug][gc,phases      ] GC(17)     Total                          Min: 0, Avg: 136.0, Max: 544, Diff: 544, Sum: 544, Workers: 4
[19.631s][debug][gc,phases      ] GC(17)   ObjectSynchronizer Weak        Min:  0.0, Avg:  0.0, Max:  0.0, Diff:  0.0, Sum:  0.0, Workers: 4
[19.631s][debug][gc,phases      ] GC(17)     Dead                           Min: 0, Avg:  0.0, Max: 0, Diff: 0, Sum: 0, Workers: 4
[19.631s][debug][gc,phases      ] GC(17)     Total                          Min: 0, Avg: 45.2, Max: 181, Diff: 181, Sum: 181, Workers: 4
[19.631s][debug][gc,phases      ] GC(17)   JVMTI Tag Weak OopStorage      Min:  0.0, Avg:  0.0, Max:  0.0, Diff:  0.0, Sum:  0.0, Workers: 4
[19.631s][debug][gc,phases      ] GC(17)     Dead                           Min: 0, Avg:  0.0, Max: 0, Diff: 0, Sum: 0, Workers: 4
[19.631s][debug][gc,phases      ] GC(17)     Total                          Min: 0, Avg:  0.0, Max: 0, Diff: 0, Sum: 0, Workers: 4
[19.631s][debug][gc,phases      ] GC(17)   StringTable Weak               Min:  0.0, Avg:  0.1, Max:  0.5, Diff:  0.5, Sum:  0.5, Workers: 4
[19.631s][debug][gc,phases      ] GC(17)     Dead                           Min: 0, Avg:  2.8, Max: 11, Diff: 11, Sum: 11, Workers: 4
[19.631s][debug][gc,phases      ] GC(17)     Total                          Min: 0, Avg: 10138.8, Max: 40555, Diff: 40555, Sum: 40555, Workers: 4
[19.631s][debug][gc,phases      ] GC(17)   ResolvedMethodTable Weak       Min:  0.0, Avg:  0.0, Max:  0.1, Diff:  0.1, Sum:  0.1, Workers: 4
[19.631s][debug][gc,phases      ] GC(17)     Dead                           Min: 0, Avg:  0.0, Max: 0, Diff: 0, Sum: 0, Workers: 4
[19.631s][debug][gc,phases      ] GC(17)     Total                          Min: 0, Avg: 1574.8, Max: 6299, Diff: 6299, Sum: 6299, Workers: 4
[19.631s][debug][gc,phases      ] GC(17)   JNI Weak                       Min:  0.0, Avg:  0.0, Max:  0.0, Diff:  0.0, Sum:  0.0, Workers: 4
[19.631s][debug][gc,phases      ] GC(17)     Dead                           Min: 0, Avg:  0.0, Max: 0, Diff: 0, Sum: 0, Workers: 4
[19.631s][debug][gc,phases      ] GC(17)     Total                          Min: 0, Avg:  5.0, Max: 20, Diff: 20, Sum: 20, Workers: 4
[19.631s][debug][gc,phases      ] GC(17)   StringDedup Table Weak         Min:  0.0, Avg:  0.0, Max:  0.0, Diff:  0.0, Sum:  0.0, Workers: 4
[19.631s][debug][gc,phases      ] GC(17)     Dead                           Min: 0, Avg:  0.0, Max: 0, Diff: 0, Sum: 0, Workers: 4
[19.631s][debug][gc,phases      ] GC(17)     Total                          Min: 0, Avg:  0.0, Max: 0, Diff: 0, Sum: 0, Workers: 4
[19.631s][debug][gc,phases      ] GC(17)   StringDedup Requests0 Weak     Min:  0.0, Avg:  0.0, Max:  0.0, Diff:  0.0, Sum:  0.0, Workers: 4
[19.631s][debug][gc,phases      ] GC(17)     Dead                           Min: 0, Avg:  0.0, Max: 0, Diff: 0, Sum: 0, Workers: 4
[19.631s][debug][gc,phases      ] GC(17)     Total                          Min: 0, Avg:  0.0, Max: 0, Diff: 0, Sum: 0, Workers: 4
[19.631s][debug][gc,phases      ] GC(17)   StringDedup Requests1 Weak     Min:  0.0, Avg:  0.0, Max:  0.0, Diff:  0.0, Sum:  0.0, Workers: 4
[19.631s][debug][gc,phases      ] GC(17)     Dead                           Min: 0, Avg:  0.0, Max: 0, Diff: 0, Sum: 0, Workers: 4
[19.631s][debug][gc,phases      ] GC(17)     Total                          Min: 0, Avg:  0.0, Max: 0, Diff: 0, Sum: 0, Workers: 4
[19.631s][debug][gc,phases      ] GC(17)   Weak JFR Old Object Samples    Min:  0.0, Avg:  0.0, Max:  0.0, Diff:  0.0, Sum:  0.0, Workers: 4
[19.631s][debug][gc,phases      ] GC(17)     Dead                           Min: 0, Avg:  0.0, Max: 0, Diff: 0, Sum: 0, Workers: 4
[19.631s][debug][gc,phases      ] GC(17)     Total                          Min: 0, Avg:  0.0, Max: 0, Diff: 0, Sum: 0, Workers: 4
[19.631s][debug][gc,phases      ] GC(17) Weak Processing 0.886ms
[19.631s][debug][gc,age         ] GC(17) Desired survivor size 318242816 bytes, new threshold 9 (max threshold 15)
[19.631s][info ][gc,heap        ] GC(17) PSYoungGen: 1521257K(1522176K)->16344K(1780224K) Eden: 1503744K(1503744K)->0K(1475584K) From: 17513K(18432K)->16344K(304640K)
[19.631s][info ][gc,heap        ] GC(17) ParOldGen: 182607K(269824K)->185991K(269824K)
[19.631s][info ][gc,metaspace   ] GC(17) Metaspace: 60610K(61376K)->60610K(61376K) NonClass: 51611K(52032K)->51611K(52032K) Class: 8998K(9344K)->8998K(9344K)
[19.631s][info ][gc             ] GC(17) Pause Young (Allocation Failure) 1663M->197M(2002M) 101.202ms
[19.631s][info ][gc,cpu         ] GC(17) User=0.14s Sys=0.00s Real=0.10s
[19.631s][info ][safepoint      ] Safepoint "ParallelGCFailedAllocation", Time since last: 44714115 ns, Reaching safepoint: 19077533 ns, At safepoint: 101334502 ns, Total: 120412035 ns
[20.202s][info ][gc,start       ] GC(18) Pause Young (Allocation Failure)
[20.242s][debug][gc,phases      ] GC(18) Scavenge 39.858ms
[20.242s][debug][gc,ref         ] GC(18) Skipped phase 1 of Reference Processing: no references
[20.242s][debug][gc,ref         ] GC(18) ReferenceProcessor::execute queues: 2, RefProcThreadModel::Multi, marks_oops_alive: false
[20.242s][debug][gc,ref         ] GC(18) Skipped phase 3 of Reference Processing: no references
[20.242s][debug][gc,ref         ] GC(18) Skipped phase 4 of Reference Processing: no references
[20.242s][debug][gc,phases      ] GC(18) Reference Processing 0.275ms
[20.243s][debug][gc,phases      ] GC(18)   VM Weak                        Min:  0.0, Avg:  0.0, Max:  0.0, Diff:  0.0, Sum:  0.0, Workers: 4
[20.243s][debug][gc,phases      ] GC(18)     Dead                           Min: 0, Avg:  0.0, Max: 0, Diff: 0, Sum: 0, Workers: 4
[20.243s][debug][gc,phases      ] GC(18)     Total                          Min: 0, Avg: 136.0, Max: 544, Diff: 544, Sum: 544, Workers: 4
[20.243s][debug][gc,phases      ] GC(18)   ObjectSynchronizer Weak        Min:  0.0, Avg:  0.0, Max:  0.0, Diff:  0.0, Sum:  0.0, Workers: 4
[20.243s][debug][gc,phases      ] GC(18)     Dead                           Min: 0, Avg:  0.0, Max: 0, Diff: 0, Sum: 0, Workers: 4
[20.243s][debug][gc,phases      ] GC(18)     Total                          Min: 0, Avg: 45.2, Max: 181, Diff: 181, Sum: 181, Workers: 4
[20.243s][debug][gc,phases      ] GC(18)   JVMTI Tag Weak OopStorage      Min:  0.0, Avg:  0.0, Max:  0.0, Diff:  0.0, Sum:  0.0, Workers: 4
[20.243s][debug][gc,phases      ] GC(18)     Dead                           Min: 0, Avg:  0.0, Max: 0, Diff: 0, Sum: 0, Workers: 4
[20.243s][debug][gc,phases      ] GC(18)     Total                          Min: 0, Avg:  0.0, Max: 0, Diff: 0, Sum: 0, Workers: 4
[20.243s][debug][gc,phases      ] GC(18)   StringTable Weak               Min:  0.0, Avg:  0.1, Max:  0.4, Diff:  0.4, Sum:  0.4, Workers: 4
[20.243s][debug][gc,phases      ] GC(18)     Dead                           Min: 0, Avg:  2.8, Max: 11, Diff: 11, Sum: 11, Workers: 4
[20.243s][debug][gc,phases      ] GC(18)     Total                          Min: 0, Avg: 10146.8, Max: 40587, Diff: 40587, Sum: 40587, Workers: 4
[20.243s][debug][gc,phases      ] GC(18)   ResolvedMethodTable Weak       Min:  0.0, Avg:  0.0, Max:  0.1, Diff:  0.1, Sum:  0.1, Workers: 4
[20.243s][debug][gc,phases      ] GC(18)     Dead                           Min: 0, Avg:  0.0, Max: 0, Diff: 0, Sum: 0, Workers: 4
[20.243s][debug][gc,phases      ] GC(18)     Total                          Min: 0, Avg: 1574.8, Max: 6299, Diff: 6299, Sum: 6299, Workers: 4
[20.243s][debug][gc,phases      ] GC(18)   JNI Weak                       Min:  0.0, Avg:  0.0, Max:  0.0, Diff:  0.0, Sum:  0.0, Workers: 4
[20.243s][debug][gc,phases      ] GC(18)     Dead                           Min: 0, Avg:  0.0, Max: 0, Diff: 0, Sum: 0, Workers: 4
[20.243s][debug][gc,phases      ] GC(18)     Total                          Min: 0, Avg:  3.2, Max: 13, Diff: 13, Sum: 13, Workers: 4
[20.243s][debug][gc,phases      ] GC(18)   StringDedup Table Weak         Min:  0.0, Avg:  0.0, Max:  0.0, Diff:  0.0, Sum:  0.0, Workers: 4
[20.243s][debug][gc,phases      ] GC(18)     Dead                           Min: 0, Avg:  0.0, Max: 0, Diff: 0, Sum: 0, Workers: 4
[20.243s][debug][gc,phases      ] GC(18)     Total                          Min: 0, Avg:  0.0, Max: 0, Diff: 0, Sum: 0, Workers: 4
[20.243s][debug][gc,phases      ] GC(18)   StringDedup Requests0 Weak     Min:  0.0, Avg:  0.0, Max:  0.0, Diff:  0.0, Sum:  0.0, Workers: 4
[20.243s][debug][gc,phases      ] GC(18)     Dead                           Min: 0, Avg:  0.0, Max: 0, Diff: 0, Sum: 0, Workers: 4
[20.243s][debug][gc,phases      ] GC(18)     Total                          Min: 0, Avg:  0.0, Max: 0, Diff: 0, Sum: 0, Workers: 4
[20.243s][debug][gc,phases      ] GC(18)   StringDedup Requests1 Weak     Min:  0.0, Avg:  0.0, Max:  0.0, Diff:  0.0, Sum:  0.0, Workers: 4
[20.243s][debug][gc,phases      ] GC(18)     Dead                           Min: 0, Avg:  0.0, Max: 0, Diff: 0, Sum: 0, Workers: 4
[20.243s][debug][gc,phases      ] GC(18)     Total                          Min: 0, Avg:  0.0, Max: 0, Diff: 0, Sum: 0, Workers: 4
[20.243s][debug][gc,phases      ] GC(18)   Weak JFR Old Object Samples    Min:  0.0, Avg:  0.0, Max:  0.0, Diff:  0.0, Sum:  0.0, Workers: 4
[20.243s][debug][gc,phases      ] GC(18)     Dead                           Min: 0, Avg:  0.0, Max: 0, Diff: 0, Sum: 0, Workers: 4
[20.243s][debug][gc,phases      ] GC(18)     Total                          Min: 0, Avg:  0.0, Max: 0, Diff: 0, Sum: 0, Workers: 4
[20.243s][debug][gc,phases      ] GC(18) Weak Processing 0.805ms
[20.243s][debug][gc,age         ] GC(18) Desired survivor size 319291392 bytes, new threshold 10 (max threshold 15)
[20.243s][info ][gc,heap        ] GC(18) PSYoungGen: 1491928K(1780224K)->18621K(1494528K) Eden: 1475584K(1475584K)->0K(1475584K) From: 16344K(304640K)->18621K(18944K)
[20.243s][info ][gc,heap        ] GC(18) ParOldGen: 185991K(269824K)->185991K(269824K)
[20.243s][info ][gc,metaspace   ] GC(18) Metaspace: 60610K(61376K)->60610K(61376K) NonClass: 51611K(52032K)->51611K(52032K) Class: 8998K(9344K)->8998K(9344K)
[20.243s][info ][gc             ] GC(18) Pause Young (Allocation Failure) 1638M->199M(1723M) 41.072ms
[20.243s][info ][gc,cpu         ] GC(18) User=0.05s Sys=0.00s Real=0.04s
[20.243s][info ][safepoint      ] Safepoint "ParallelGCFailedAllocation", Time since last: 558632181 ns, Reaching safepoint: 12077074 ns, At safepoint: 41192835 ns, Total: 53269909 ns
[20.918s][info ][gc,start       ] GC(19) Pause Young (Allocation Failure)
[20.950s][debug][gc,phases      ] GC(19) Scavenge 31.821ms
[20.950s][debug][gc,ref         ] GC(19) Skipped phase 1 of Reference Processing: no references
[20.950s][debug][gc,ref         ] GC(19) ReferenceProcessor::execute queues: 1, RefProcThreadModel::Single, marks_oops_alive: false
[20.950s][debug][gc,ref         ] GC(19) Skipped phase 3 of Reference Processing: no references
[20.950s][debug][gc,ref         ] GC(19) Skipped phase 4 of Reference Processing: no references
[20.950s][debug][gc,phases      ] GC(19) Reference Processing 0.234ms
[20.950s][debug][gc,phases      ] GC(19)   VM Weak                        Min:  0.0, Avg:  0.0, Max:  0.0, Diff:  0.0, Sum:  0.0, Workers: 4
[20.951s][debug][gc,phases      ] GC(19)     Dead                           Min: 0, Avg:  0.0, Max: 0, Diff: 0, Sum: 0, Workers: 4
[20.951s][debug][gc,phases      ] GC(19)     Total                          Min: 0, Avg: 136.0, Max: 416, Diff: 416, Sum: 544, Workers: 4
[20.951s][debug][gc,phases      ] GC(19)   ObjectSynchronizer Weak        Min:  0.0, Avg:  0.0, Max:  0.0, Diff:  0.0, Sum:  0.0, Workers: 4
[20.951s][debug][gc,phases      ] GC(19)     Dead                           Min: 0, Avg:  0.0, Max: 0, Diff: 0, Sum: 0, Workers: 4
[20.951s][debug][gc,phases      ] GC(19)     Total                          Min: 0, Avg: 45.2, Max: 117, Diff: 117, Sum: 181, Workers: 4
[20.951s][debug][gc,phases      ] GC(19)   JVMTI Tag Weak OopStorage      Min:  0.0, Avg:  0.0, Max:  0.0, Diff:  0.0, Sum:  0.0, Workers: 4
[20.951s][debug][gc,phases      ] GC(19)     Dead                           Min: 0, Avg:  0.0, Max: 0, Diff: 0, Sum: 0, Workers: 4
[20.951s][debug][gc,phases      ] GC(19)     Total                          Min: 0, Avg:  0.0, Max: 0, Diff: 0, Sum: 0, Workers: 4
[20.951s][debug][gc,phases      ] GC(19)   StringTable Weak               Min:  0.0, Avg:  0.1, Max:  0.3, Diff:  0.3, Sum:  0.6, Workers: 4
[20.951s][debug][gc,phases      ] GC(19)     Dead                           Min: 0, Avg:  2.8, Max: 11, Diff: 11, Sum: 11, Workers: 4
[20.951s][debug][gc,phases      ] GC(19)     Total                          Min: 0, Avg: 10148.2, Max: 20352, Diff: 20352, Sum: 40593, Workers: 4
[20.951s][debug][gc,phases      ] GC(19)   ResolvedMethodTable Weak       Min:  0.0, Avg:  0.0, Max:  0.1, Diff:  0.1, Sum:  0.1, Workers: 4
[20.951s][debug][gc,phases      ] GC(19)     Dead                           Min: 0, Avg:  0.0, Max: 0, Diff: 0, Sum: 0, Workers: 4
[20.951s][debug][gc,phases      ] GC(19)     Total                          Min: 0, Avg: 1574.8, Max: 3228, Diff: 3228, Sum: 6299, Workers: 4
[20.951s][debug][gc,phases      ] GC(19)   JNI Weak                       Min:  0.0, Avg:  0.0, Max:  0.0, Diff:  0.0, Sum:  0.0, Workers: 4
[20.951s][debug][gc,phases      ] GC(19)     Dead                           Min: 0, Avg:  0.0, Max: 0, Diff: 0, Sum: 0, Workers: 4
[20.951s][debug][gc,phases      ] GC(19)     Total                          Min: 0, Avg:  0.0, Max: 0, Diff: 0, Sum: 0, Workers: 4
[20.951s][debug][gc,phases      ] GC(19)   StringDedup Table Weak         Min:  0.0, Avg:  0.0, Max:  0.0, Diff:  0.0, Sum:  0.0, Workers: 4
[20.951s][debug][gc,phases      ] GC(19)     Dead                           Min: 0, Avg:  0.0, Max: 0, Diff: 0, Sum: 0, Workers: 4
[20.951s][debug][gc,phases      ] GC(19)     Total                          Min: 0, Avg:  0.0, Max: 0, Diff: 0, Sum: 0, Workers: 4
[20.951s][debug][gc,phases      ] GC(19)   StringDedup Requests0 Weak     Min:  0.0, Avg:  0.0, Max:  0.0, Diff:  0.0, Sum:  0.0, Workers: 4
[20.951s][debug][gc,phases      ] GC(19)     Dead                           Min: 0, Avg:  0.0, Max: 0, Diff: 0, Sum: 0, Workers: 4
[20.951s][debug][gc,phases      ] GC(19)     Total                          Min: 0, Avg:  0.0, Max: 0, Diff: 0, Sum: 0, Workers: 4
[20.951s][debug][gc,phases      ] GC(19)   StringDedup Requests1 Weak     Min:  0.0, Avg:  0.0, Max:  0.0, Diff:  0.0, Sum:  0.0, Workers: 4
[20.951s][debug][gc,phases      ] GC(19)     Dead                           Min: 0, Avg:  0.0, Max: 0, Diff: 0, Sum: 0, Workers: 4
[20.951s][debug][gc,phases      ] GC(19)     Total                          Min: 0, Avg:  0.0, Max: 0, Diff: 0, Sum: 0, Workers: 4
[20.951s][debug][gc,phases      ] GC(19)   Weak JFR Old Object Samples    Min:  0.0, Avg:  0.0, Max:  0.0, Diff:  0.0, Sum:  0.0, Workers: 4
[20.951s][debug][gc,phases      ] GC(19)     Dead                           Min: 0, Avg:  0.0, Max: 0, Diff: 0, Sum: 0, Workers: 4
[20.951s][debug][gc,phases      ] GC(19)     Total                          Min: 0, Avg:  0.0, Max: 0, Diff: 0, Sum: 0, Workers: 4
[20.951s][debug][gc,phases      ] GC(19) Weak Processing 0.567ms
[20.951s][debug][gc,age         ] GC(19) Desired survivor size 317194240 bytes, new threshold 11 (max threshold 15)
[20.951s][info ][gc,heap        ] GC(19) PSYoungGen: 1494205K(1494528K)->21941K(1787392K) Eden: 1475584K(1475584K)->0K(1475584K) From: 18621K(18944K)->21941K(311808K)
[20.951s][info ][gc,heap        ] GC(19) ParOldGen: 185991K(269824K)->185999K(269824K)
[20.951s][info ][gc,metaspace   ] GC(19) Metaspace: 60628K(61376K)->60628K(61376K) NonClass: 51627K(52032K)->51627K(52032K) Class: 9000K(9344K)->9000K(9344K)
[20.951s][info ][gc             ] GC(19) Pause Young (Allocation Failure) 1640M->203M(2009M) 32.801ms
[20.951s][info ][gc,cpu         ] GC(19) User=0.05s Sys=0.00s Real=0.03s
[20.951s][info ][safepoint      ] Safepoint "ParallelGCFailedAllocation", Time since last: 658723548 ns, Reaching safepoint: 16125966 ns, At safepoint: 32929147 ns, Total: 49055113 ns
[21.542s][info ][gc,start       ] GC(20) Pause Young (Allocation Failure)
[21.590s][debug][gc,phases      ] GC(20) Scavenge 47.858ms
[21.590s][debug][gc,ref         ] GC(20) Skipped phase 1 of Reference Processing: no references
[21.590s][debug][gc,ref         ] GC(20) ReferenceProcessor::execute queues: 1, RefProcThreadModel::Single, marks_oops_alive: false
[21.590s][debug][gc,ref         ] GC(20) Skipped phase 3 of Reference Processing: no references
[21.590s][debug][gc,ref         ] GC(20) Skipped phase 4 of Reference Processing: no references
[21.590s][debug][gc,phases      ] GC(20) Reference Processing 0.250ms
[21.591s][debug][gc,phases      ] GC(20)   VM Weak                        Min:  0.0, Avg:  0.0, Max:  0.0, Diff:  0.0, Sum:  0.0, Workers: 4
[21.591s][debug][gc,phases      ] GC(20)     Dead                           Min: 0, Avg:  0.0, Max: 0, Diff: 0, Sum: 0, Workers: 4
[21.591s][debug][gc,phases      ] GC(20)     Total                          Min: 0, Avg: 136.0, Max: 544, Diff: 544, Sum: 544, Workers: 4
[21.591s][debug][gc,phases      ] GC(20)   ObjectSynchronizer Weak        Min:  0.0, Avg:  0.0, Max:  0.0, Diff:  0.0, Sum:  0.0, Workers: 4
[21.591s][debug][gc,phases      ] GC(20)     Dead                           Min: 0, Avg:  0.0, Max: 0, Diff: 0, Sum: 0, Workers: 4
[21.591s][debug][gc,phases      ] GC(20)     Total                          Min: 0, Avg: 45.2, Max: 181, Diff: 181, Sum: 181, Workers: 4
[21.591s][debug][gc,phases      ] GC(20)   JVMTI Tag Weak OopStorage      Min:  0.0, Avg:  0.0, Max:  0.0, Diff:  0.0, Sum:  0.0, Workers: 4
[21.591s][debug][gc,phases      ] GC(20)     Dead                           Min: 0, Avg:  0.0, Max: 0, Diff: 0, Sum: 0, Workers: 4
[21.591s][debug][gc,phases      ] GC(20)     Total                          Min: 0, Avg:  0.0, Max: 0, Diff: 0, Sum: 0, Workers: 4
[21.591s][debug][gc,phases      ] GC(20)   StringTable Weak               Min:  0.0, Avg:  0.1, Max:  0.4, Diff:  0.4, Sum:  0.4, Workers: 4
[21.591s][debug][gc,phases      ] GC(20)     Dead                           Min: 0, Avg:  2.8, Max: 11, Diff: 11, Sum: 11, Workers: 4
[21.591s][debug][gc,phases      ] GC(20)     Total                          Min: 0, Avg: 10150.2, Max: 40601, Diff: 40601, Sum: 40601, Workers: 4
[21.591s][debug][gc,phases      ] GC(20)   ResolvedMethodTable Weak       Min:  0.0, Avg:  0.0, Max:  0.1, Diff:  0.1, Sum:  0.1, Workers: 4
[21.591s][debug][gc,phases      ] GC(20)     Dead                           Min: 0, Avg:  0.0, Max: 0, Diff: 0, Sum: 0, Workers: 4
[21.591s][debug][gc,phases      ] GC(20)     Total                          Min: 0, Avg: 1574.8, Max: 6299, Diff: 6299, Sum: 6299, Workers: 4
[21.591s][debug][gc,phases      ] GC(20)   JNI Weak                       Min:  0.0, Avg:  0.0, Max:  0.0, Diff:  0.0, Sum:  0.0, Workers: 4
[21.591s][debug][gc,phases      ] GC(20)     Dead                           Min: 0, Avg:  0.0, Max: 0, Diff: 0, Sum: 0, Workers: 4
[21.591s][debug][gc,phases      ] GC(20)     Total                          Min: 0, Avg:  0.0, Max: 0, Diff: 0, Sum: 0, Workers: 4
[21.591s][debug][gc,phases      ] GC(20)   StringDedup Table Weak         Min:  0.0, Avg:  0.0, Max:  0.0, Diff:  0.0, Sum:  0.0, Workers: 4
[21.591s][debug][gc,phases      ] GC(20)     Dead                           Min: 0, Avg:  0.0, Max: 0, Diff: 0, Sum: 0, Workers: 4
[21.591s][debug][gc,phases      ] GC(20)     Total                          Min: 0, Avg:  0.0, Max: 0, Diff: 0, Sum: 0, Workers: 4
[21.591s][debug][gc,phases      ] GC(20)   StringDedup Requests0 Weak     Min:  0.0, Avg:  0.0, Max:  0.0, Diff:  0.0, Sum:  0.0, Workers: 4
[21.591s][debug][gc,phases      ] GC(20)     Dead                           Min: 0, Avg:  0.0, Max: 0, Diff: 0, Sum: 0, Workers: 4
[21.591s][debug][gc,phases      ] GC(20)     Total                          Min: 0, Avg:  0.0, Max: 0, Diff: 0, Sum: 0, Workers: 4
[21.591s][debug][gc,phases      ] GC(20)   StringDedup Requests1 Weak     Min:  0.0, Avg:  0.0, Max:  0.0, Diff:  0.0, Sum:  0.0, Workers: 4
[21.591s][debug][gc,phases      ] GC(20)     Dead                           Min: 0, Avg:  0.0, Max: 0, Diff: 0, Sum: 0, Workers: 4
[21.591s][debug][gc,phases      ] GC(20)     Total                          Min: 0, Avg:  0.0, Max: 0, Diff: 0, Sum: 0, Workers: 4
[21.591s][debug][gc,phases      ] GC(20)   Weak JFR Old Object Samples    Min:  0.0, Avg:  0.0, Max:  0.0, Diff:  0.0, Sum:  0.0, Workers: 4
[21.591s][debug][gc,phases      ] GC(20)     Dead                           Min: 0, Avg:  0.0, Max: 0, Diff: 0, Sum: 0, Workers: 4
[21.591s][debug][gc,phases      ] GC(20)     Total                          Min: 0, Avg:  0.0, Max: 0, Diff: 0, Sum: 0, Workers: 4
[21.591s][debug][gc,phases      ] GC(20) Weak Processing 0.810ms
[21.591s][debug][gc,age         ] GC(20) Desired survivor size 311951360 bytes, new threshold 12 (max threshold 15)
[21.591s][info ][gc,heap        ] GC(20) PSYoungGen: 1497525K(1787392K)->24503K(1785344K) Eden: 1475584K(1475584K)->0K(1475584K) From: 21941K(311808K)->24503K(309760K)
[21.591s][info ][gc,heap        ] GC(20) ParOldGen: 185999K(269824K)->185999K(269824K)
[21.591s][info ][gc,metaspace   ] GC(20) Metaspace: 60636K(61376K)->60636K(61376K) NonClass: 51635K(52032K)->51635K(52032K) Class: 9000K(9344K)->9000K(9344K)
[21.591s][info ][gc             ] GC(20) Pause Young (Allocation Failure) 1644M->205M(2007M) 49.086ms
[21.591s][info ][gc,cpu         ] GC(20) User=0.06s Sys=0.00s Real=0.05s
[21.591s][info ][safepoint      ] Safepoint "ParallelGCFailedAllocation", Time since last: 562503857 ns, Reaching safepoint: 28578648 ns, At safepoint: 49230816 ns, Total: 77809464 ns
[22.434s][info ][gc,start       ] GC(21) Pause Young (Allocation Failure)
[22.478s][debug][gc,phases      ] GC(21) Scavenge 43.758ms
[22.478s][debug][gc,ref         ] GC(21) Skipped phase 1 of Reference Processing: no references
[22.478s][debug][gc,ref         ] GC(21) ReferenceProcessor::execute queues: 1, RefProcThreadModel::Single, marks_oops_alive: false
[22.478s][debug][gc,ref         ] GC(21) Skipped phase 3 of Reference Processing: no references
[22.478s][debug][gc,ref         ] GC(21) ReferenceProcessor::execute queues: 1, RefProcThreadModel::Single, marks_oops_alive: false
[22.478s][debug][gc,phases      ] GC(21) Reference Processing 0.203ms
[22.480s][debug][gc,phases      ] GC(21)   VM Weak                        Min:  0.0, Avg:  0.0, Max:  0.0, Diff:  0.0, Sum:  0.0, Workers: 4
[22.480s][debug][gc,phases      ] GC(21)     Dead                           Min: 0, Avg:  0.0, Max: 0, Diff: 0, Sum: 0, Workers: 4
[22.480s][debug][gc,phases      ] GC(21)     Total                          Min: 0, Avg: 137.2, Max: 485, Diff: 485, Sum: 549, Workers: 4
[22.480s][debug][gc,phases      ] GC(21)   ObjectSynchronizer Weak        Min:  0.0, Avg:  0.0, Max:  0.0, Diff:  0.0, Sum:  0.0, Workers: 4
[22.480s][debug][gc,phases      ] GC(21)     Dead                           Min: 0, Avg:  0.0, Max: 0, Diff: 0, Sum: 0, Workers: 4
[22.480s][debug][gc,phases      ] GC(21)     Total                          Min: 0, Avg: 45.2, Max: 117, Diff: 117, Sum: 181, Workers: 4
[22.480s][debug][gc,phases      ] GC(21)   JVMTI Tag Weak OopStorage      Min:  0.0, Avg:  0.0, Max:  0.0, Diff:  0.0, Sum:  0.0, Workers: 4
[22.480s][debug][gc,phases      ] GC(21)     Dead                           Min: 0, Avg:  0.0, Max: 0, Diff: 0, Sum: 0, Workers: 4
[22.480s][debug][gc,phases      ] GC(21)     Total                          Min: 0, Avg:  0.0, Max: 0, Diff: 0, Sum: 0, Workers: 4
[22.480s][debug][gc,phases      ] GC(21)   StringTable Weak               Min:  0.0, Avg:  0.1, Max:  0.2, Diff:  0.2, Sum:  0.5, Workers: 4
[22.480s][debug][gc,phases      ] GC(21)     Dead                           Min: 0, Avg:  4.2, Max: 14, Diff: 14, Sum: 17, Workers: 4
[22.480s][debug][gc,phases      ] GC(21)     Total                          Min: 0, Avg: 10179.2, Max: 20376, Diff: 20376, Sum: 40717, Workers: 4
[22.480s][debug][gc,phases      ] GC(21)   ResolvedMethodTable Weak       Min:  0.0, Avg:  0.0, Max:  0.1, Diff:  0.1, Sum:  0.1, Workers: 4
[22.480s][debug][gc,phases      ] GC(21)     Dead                           Min: 0, Avg:  6.2, Max: 24, Diff: 24, Sum: 25, Workers: 4
[22.480s][debug][gc,phases      ] GC(21)     Total                          Min: 0, Avg: 1592.2, Max: 3234, Diff: 3234, Sum: 6369, Workers: 4
[22.480s][debug][gc,phases      ] GC(21)   JNI Weak                       Min:  0.0, Avg:  0.0, Max:  0.0, Diff:  0.0, Sum:  0.0, Workers: 4
[22.480s][debug][gc,phases      ] GC(21)     Dead                           Min: 0, Avg:  0.0, Max: 0, Diff: 0, Sum: 0, Workers: 4
[22.480s][debug][gc,phases      ] GC(21)     Total                          Min: 0, Avg:  0.0, Max: 0, Diff: 0, Sum: 0, Workers: 4
[22.480s][debug][gc,phases      ] GC(21)   StringDedup Table Weak         Min:  0.0, Avg:  0.0, Max:  0.0, Diff:  0.0, Sum:  0.0, Workers: 4
[22.480s][debug][gc,phases      ] GC(21)     Dead                           Min: 0, Avg:  0.0, Max: 0, Diff: 0, Sum: 0, Workers: 4
[22.480s][debug][gc,phases      ] GC(21)     Total                          Min: 0, Avg:  0.0, Max: 0, Diff: 0, Sum: 0, Workers: 4
[22.480s][debug][gc,phases      ] GC(21)   StringDedup Requests0 Weak     Min:  0.0, Avg:  0.0, Max:  0.0, Diff:  0.0, Sum:  0.0, Workers: 4
[22.480s][debug][gc,phases      ] GC(21)     Dead                           Min: 0, Avg:  0.0, Max: 0, Diff: 0, Sum: 0, Workers: 4
[22.480s][debug][gc,phases      ] GC(21)     Total                          Min: 0, Avg:  0.0, Max: 0, Diff: 0, Sum: 0, Workers: 4
[22.480s][debug][gc,phases      ] GC(21)   StringDedup Requests1 Weak     Min:  0.0, Avg:  0.0, Max:  0.0, Diff:  0.0, Sum:  0.0, Workers: 4
[22.480s][debug][gc,phases      ] GC(21)     Dead                           Min: 0, Avg:  0.0, Max: 0, Diff: 0, Sum: 0, Workers: 4
[22.480s][debug][gc,phases      ] GC(21)     Total                          Min: 0, Avg:  0.0, Max: 0, Diff: 0, Sum: 0, Workers: 4
[22.480s][debug][gc,phases      ] GC(21)   Weak JFR Old Object Samples    Min:  0.0, Avg:  0.0, Max:  0.0, Diff:  0.0, Sum:  0.0, Workers: 4
[22.480s][debug][gc,phases      ] GC(21)     Dead                           Min: 0, Avg:  0.0, Max: 0, Diff: 0, Sum: 0, Workers: 4
[22.480s][debug][gc,phases      ] GC(21)     Total                          Min: 0, Avg:  0.0, Max: 0, Diff: 0, Sum: 0, Workers: 4
[22.480s][debug][gc,phases      ] GC(21) Weak Processing 2.158ms
[22.480s][debug][gc,age         ] GC(21) Desired survivor size 304611328 bytes, new threshold 13 (max threshold 15)
[22.480s][info ][gc,heap        ] GC(21) PSYoungGen: 1500087K(1785344K)->24771K(1799680K) Eden: 1475584K(1475584K)->0K(1495040K) From: 24503K(309760K)->24771K(304640K)
[22.480s][info ][gc,heap        ] GC(21) ParOldGen: 185999K(269824K)->186007K(269824K)
[22.480s][info ][gc,metaspace   ] GC(21) Metaspace: 61230K(61952K)->61230K(61952K) NonClass: 52162K(52544K)->52162K(52544K) Class: 9067K(9408K)->9067K(9408K)
[22.480s][info ][gc             ] GC(21) Pause Young (Allocation Failure) 1646M->205M(2021M) 46.293ms
[22.480s][info ][gc,cpu         ] GC(21) User=0.06s Sys=0.00s Real=0.04s
[22.480s][info ][safepoint      ] Safepoint "ParallelGCFailedAllocation", Time since last: 830413125 ns, Reaching safepoint: 12360080 ns, At safepoint: 46438253 ns, Total: 58798333 ns
[23.141s][info ][gc,start       ] GC(22) Pause Young (Allocation Failure)
[23.182s][debug][gc,phases      ] GC(22) Scavenge 41.700ms
[23.182s][debug][gc,ref         ] GC(22) Skipped phase 1 of Reference Processing: no references
[23.182s][debug][gc,ref         ] GC(22) ReferenceProcessor::execute queues: 1, RefProcThreadModel::Single, marks_oops_alive: false
[23.183s][debug][gc,ref         ] GC(22) Skipped phase 3 of Reference Processing: no references
[23.183s][debug][gc,ref         ] GC(22) ReferenceProcessor::execute queues: 1, RefProcThreadModel::Single, marks_oops_alive: false
[23.183s][debug][gc,phases      ] GC(22) Reference Processing 0.284ms
[23.183s][debug][gc,phases      ] GC(22)   VM Weak                        Min:  0.0, Avg:  0.0, Max:  0.0, Diff:  0.0, Sum:  0.0, Workers: 4
[23.183s][debug][gc,phases      ] GC(22)     Dead                           Min: 0, Avg:  0.0, Max: 0, Diff: 0, Sum: 0, Workers: 4
[23.183s][debug][gc,phases      ] GC(22)     Total                          Min: 0, Avg: 138.5, Max: 554, Diff: 554, Sum: 554, Workers: 4
[23.183s][debug][gc,phases      ] GC(22)   ObjectSynchronizer Weak        Min:  0.0, Avg:  0.0, Max:  0.0, Diff:  0.0, Sum:  0.0, Workers: 4
[23.183s][debug][gc,phases      ] GC(22)     Dead                           Min: 0, Avg:  0.0, Max: 0, Diff: 0, Sum: 0, Workers: 4
[23.183s][debug][gc,phases      ] GC(22)     Total                          Min: 0, Avg: 45.5, Max: 182, Diff: 182, Sum: 182, Workers: 4
[23.183s][debug][gc,phases      ] GC(22)   JVMTI Tag Weak OopStorage      Min:  0.0, Avg:  0.0, Max:  0.0, Diff:  0.0, Sum:  0.0, Workers: 4
[23.183s][debug][gc,phases      ] GC(22)     Dead                           Min: 0, Avg:  0.0, Max: 0, Diff: 0, Sum: 0, Workers: 4
[23.183s][debug][gc,phases      ] GC(22)     Total                          Min: 0, Avg:  0.0, Max: 0, Diff: 0, Sum: 0, Workers: 4
[23.183s][debug][gc,phases      ] GC(22)   StringTable Weak               Min:  0.2, Avg:  0.2, Max:  0.2, Diff:  0.0, Sum:  0.7, Workers: 4
[23.183s][debug][gc,phases      ] GC(22)     Dead                           Min: 0, Avg:  3.0, Max: 11, Diff: 11, Sum: 12, Workers: 4
[23.183s][debug][gc,phases      ] GC(22)     Total                          Min: 9856, Avg: 10484.2, Max: 11153, Diff: 1297, Sum: 41937, Workers: 4
[23.183s][debug][gc,phases      ] GC(22)   ResolvedMethodTable Weak       Min:  0.0, Avg:  0.0, Max:  0.0, Diff:  0.0, Sum:  0.2, Workers: 4
[23.183s][debug][gc,phases      ] GC(22)     Dead                           Min: 0, Avg: 30.0, Max: 104, Diff: 104, Sum: 120, Workers: 4
[23.183s][debug][gc,phases      ] GC(22)     Total                          Min: 1536, Avg: 1629.8, Max: 1664, Diff: 128, Sum: 6519, Workers: 4
[23.183s][debug][gc,phases      ] GC(22)   JNI Weak                       Min:  0.0, Avg:  0.0, Max:  0.0, Diff:  0.0, Sum:  0.0, Workers: 4
[23.183s][debug][gc,phases      ] GC(22)     Dead                           Min: 0, Avg:  0.0, Max: 0, Diff: 0, Sum: 0, Workers: 4
[23.183s][debug][gc,phases      ] GC(22)     Total                          Min: 0, Avg:  3.5, Max: 14, Diff: 14, Sum: 14, Workers: 4
[23.183s][debug][gc,phases      ] GC(22)   StringDedup Table Weak         Min:  0.0, Avg:  0.0, Max:  0.0, Diff:  0.0, Sum:  0.0, Workers: 4
[23.183s][debug][gc,phases      ] GC(22)     Dead                           Min: 0, Avg:  0.0, Max: 0, Diff: 0, Sum: 0, Workers: 4
[23.183s][debug][gc,phases      ] GC(22)     Total                          Min: 0, Avg:  0.0, Max: 0, Diff: 0, Sum: 0, Workers: 4
[23.183s][debug][gc,phases      ] GC(22)   StringDedup Requests0 Weak     Min:  0.0, Avg:  0.0, Max:  0.0, Diff:  0.0, Sum:  0.0, Workers: 4
[23.183s][debug][gc,phases      ] GC(22)     Dead                           Min: 0, Avg:  0.0, Max: 0, Diff: 0, Sum: 0, Workers: 4
[23.183s][debug][gc,phases      ] GC(22)     Total                          Min: 0, Avg:  0.0, Max: 0, Diff: 0, Sum: 0, Workers: 4
[23.183s][debug][gc,phases      ] GC(22)   StringDedup Requests1 Weak     Min:  0.0, Avg:  0.0, Max:  0.0, Diff:  0.0, Sum:  0.0, Workers: 4
[23.183s][debug][gc,phases      ] GC(22)     Dead                           Min: 0, Avg:  0.0, Max: 0, Diff: 0, Sum: 0, Workers: 4
[23.183s][debug][gc,phases      ] GC(22)     Total                          Min: 0, Avg:  0.0, Max: 0, Diff: 0, Sum: 0, Workers: 4
[23.183s][debug][gc,phases      ] GC(22)   Weak JFR Old Object Samples    Min:  0.0, Avg:  0.0, Max:  0.0, Diff:  0.0, Sum:  0.0, Workers: 4
[23.183s][debug][gc,phases      ] GC(22)     Dead                           Min: 0, Avg:  0.0, Max: 0, Diff: 0, Sum: 0, Workers: 4
[23.183s][debug][gc,phases      ] GC(22)     Total                          Min: 0, Avg:  0.0, Max: 0, Diff: 0, Sum: 0, Workers: 4
[23.183s][debug][gc,phases      ] GC(22) Weak Processing 0.506ms
[23.183s][debug][gc,age         ] GC(22) Desired survivor size 295698432 bytes, new threshold 14 (max threshold 15)
[23.183s][info ][gc,heap        ] GC(22) PSYoungGen: 1519811K(1799680K)->26347K(1792512K) Eden: 1495040K(1495040K)->0K(1495040K) From: 24771K(304640K)->26347K(297472K)
[23.183s][info ][gc,heap        ] GC(22) ParOldGen: 186007K(269824K)->186015K(269824K)
[23.183s][info ][gc,metaspace   ] GC(22) Metaspace: 64700K(65344K)->64700K(65344K) NonClass: 55196K(55552K)->55196K(55552K) Class: 9503K(9792K)->9503K(9792K)
[23.183s][info ][gc             ] GC(22) Pause Young (Allocation Failure) 1665M->207M(2014M) 42.708ms
[23.183s][info ][gc,cpu         ] GC(22) User=0.07s Sys=0.00s Real=0.04s
[23.183s][info ][safepoint      ] Safepoint "ParallelGCFailedAllocation", Time since last: 657426596 ns, Reaching safepoint: 2686861 ns, At safepoint: 42877071 ns, Total: 45563932 ns
[24.188s][info ][gc,start       ] GC(23) Pause Young (Allocation Failure)
[24.257s][debug][gc,phases      ] GC(23) Scavenge 69.033ms
[24.258s][debug][gc,ref         ] GC(23) Skipped phase 1 of Reference Processing: no references
[24.258s][debug][gc,ref         ] GC(23) ReferenceProcessor::execute queues: 1, RefProcThreadModel::Single, marks_oops_alive: false
[24.258s][debug][gc,ref         ] GC(23) Skipped phase 3 of Reference Processing: no references
[24.258s][debug][gc,ref         ] GC(23) ReferenceProcessor::execute queues: 1, RefProcThreadModel::Single, marks_oops_alive: false
[24.258s][debug][gc,phases      ] GC(23) Reference Processing 0.302ms
[24.259s][debug][gc,phases      ] GC(23)   VM Weak                        Min:  0.0, Avg:  0.0, Max:  0.0, Diff:  0.0, Sum:  0.0, Workers: 4
[24.259s][debug][gc,phases      ] GC(23)     Dead                           Min: 0, Avg:  0.0, Max: 0, Diff: 0, Sum: 0, Workers: 4
[24.259s][debug][gc,phases      ] GC(23)     Total                          Min: 0, Avg: 140.5, Max: 562, Diff: 562, Sum: 562, Workers: 4
[24.259s][debug][gc,phases      ] GC(23)   ObjectSynchronizer Weak        Min:  0.0, Avg:  0.0, Max:  0.0, Diff:  0.0, Sum:  0.0, Workers: 4
[24.259s][debug][gc,phases      ] GC(23)     Dead                           Min: 0, Avg:  0.0, Max: 0, Diff: 0, Sum: 0, Workers: 4
[24.259s][debug][gc,phases      ] GC(23)     Total                          Min: 0, Avg: 45.5, Max: 182, Diff: 182, Sum: 182, Workers: 4
[24.259s][debug][gc,phases      ] GC(23)   JVMTI Tag Weak OopStorage      Min:  0.0, Avg:  0.0, Max:  0.0, Diff:  0.0, Sum:  0.0, Workers: 4
[24.259s][debug][gc,phases      ] GC(23)     Dead                           Min: 0, Avg:  0.0, Max: 0, Diff: 0, Sum: 0, Workers: 4
[24.259s][debug][gc,phases      ] GC(23)     Total                          Min: 0, Avg:  0.0, Max: 0, Diff: 0, Sum: 0, Workers: 4
[24.259s][debug][gc,phases      ] GC(23)   StringTable Weak               Min:  0.0, Avg:  0.1, Max:  0.5, Diff:  0.5, Sum:  0.5, Workers: 4
[24.259s][debug][gc,phases      ] GC(23)     Dead                           Min: 0, Avg:  3.5, Max: 14, Diff: 14, Sum: 14, Workers: 4
[24.259s][debug][gc,phases      ] GC(23)     Total                          Min: 0, Avg: 10540.2, Max: 42161, Diff: 42161, Sum: 42161, Workers: 4
[24.259s][debug][gc,phases      ] GC(23)   ResolvedMethodTable Weak       Min:  0.0, Avg:  0.0, Max:  0.1, Diff:  0.1, Sum:  0.1, Workers: 4
[24.259s][debug][gc,phases      ] GC(23)     Dead                           Min: 0, Avg:  6.5, Max: 26, Diff: 26, Sum: 26, Workers: 4
[24.259s][debug][gc,phases      ] GC(23)     Total                          Min: 0, Avg: 1661.0, Max: 6644, Diff: 6644, Sum: 6644, Workers: 4
[24.259s][debug][gc,phases      ] GC(23)   JNI Weak                       Min:  0.0, Avg:  0.0, Max:  0.0, Diff:  0.0, Sum:  0.0, Workers: 4
[24.259s][debug][gc,phases      ] GC(23)     Dead                           Min: 0, Avg:  0.0, Max: 0, Diff: 0, Sum: 0, Workers: 4
[24.259s][debug][gc,phases      ] GC(23)     Total                          Min: 0, Avg:  0.0, Max: 0, Diff: 0, Sum: 0, Workers: 4
[24.259s][debug][gc,phases      ] GC(23)   StringDedup Table Weak         Min:  0.0, Avg:  0.0, Max:  0.0, Diff:  0.0, Sum:  0.0, Workers: 4
[24.259s][debug][gc,phases      ] GC(23)     Dead                           Min: 0, Avg:  0.0, Max: 0, Diff: 0, Sum: 0, Workers: 4
[24.259s][debug][gc,phases      ] GC(23)     Total                          Min: 0, Avg:  0.0, Max: 0, Diff: 0, Sum: 0, Workers: 4
[24.259s][debug][gc,phases      ] GC(23)   StringDedup Requests0 Weak     Min:  0.0, Avg:  0.0, Max:  0.0, Diff:  0.0, Sum:  0.0, Workers: 4
[24.259s][debug][gc,phases      ] GC(23)     Dead                           Min: 0, Avg:  0.0, Max: 0, Diff: 0, Sum: 0, Workers: 4
[24.259s][debug][gc,phases      ] GC(23)     Total                          Min: 0, Avg:  0.0, Max: 0, Diff: 0, Sum: 0, Workers: 4
[24.259s][debug][gc,phases      ] GC(23)   StringDedup Requests1 Weak     Min:  0.0, Avg:  0.0, Max:  0.0, Diff:  0.0, Sum:  0.0, Workers: 4
[24.259s][debug][gc,phases      ] GC(23)     Dead                           Min: 0, Avg:  0.0, Max: 0, Diff: 0, Sum: 0, Workers: 4
[24.259s][debug][gc,phases      ] GC(23)     Total                          Min: 0, Avg:  0.0, Max: 0, Diff: 0, Sum: 0, Workers: 4
[24.259s][debug][gc,phases      ] GC(23)   Weak JFR Old Object Samples    Min:  0.0, Avg:  0.0, Max:  0.0, Diff:  0.0, Sum:  0.0, Workers: 4
[24.259s][debug][gc,phases      ] GC(23)     Dead                           Min: 0, Avg:  0.0, Max: 0, Diff: 0, Sum: 0, Workers: 4
[24.259s][debug][gc,phases      ] GC(23)     Total                          Min: 0, Avg:  0.0, Max: 0, Diff: 0, Sum: 0, Workers: 4
[24.259s][debug][gc,phases      ] GC(23) Weak Processing 0.935ms
[24.259s][debug][gc,age         ] GC(23) Desired survivor size 281018368 bytes, new threshold 15 (max threshold 15)
[24.259s][info ][gc,heap        ] GC(23) PSYoungGen: 1521387K(1792512K)->53315K(1822720K) Eden: 1495040K(1495040K)->0K(1533952K) From: 26347K(297472K)->53315K(288768K)
[24.259s][info ][gc,heap        ] GC(23) ParOldGen: 186015K(269824K)->186023K(269824K)
[24.259s][info ][gc,metaspace   ] GC(23) Metaspace: 66018K(66688K)->66018K(66688K) NonClass: 56361K(56704K)->56361K(56704K) Class: 9657K(9984K)->9657K(9984K)
[24.259s][info ][gc             ] GC(23) Pause Young (Allocation Failure) 1667M->233M(2043M) 70.439ms
[24.259s][info ][gc,cpu         ] GC(23) User=0.14s Sys=0.00s Real=0.07s
[24.259s][info ][safepoint      ] Safepoint "ParallelGCFailedAllocation", Time since last: 994857928 ns, Reaching safepoint: 10171030 ns, At safepoint: 70582498 ns, Total: 80753528 ns
[25.270s][info ][safepoint      ] Safepoint "Cleanup", Time since last: 1002563287 ns, Reaching safepoint: 8322088 ns, At safepoint: 28300 ns, Total: 8350388 ns
[25.326s][info ][gc,start       ] GC(24) Pause Young (Allocation Failure)
[25.487s][debug][gc,phases      ] GC(24) Scavenge 161.190ms
[25.487s][debug][gc,ref         ] GC(24) Skipped phase 1 of Reference Processing: no references
[25.487s][debug][gc,ref         ] GC(24) ReferenceProcessor::execute queues: 1, RefProcThreadModel::Single, marks_oops_alive: false
[25.487s][debug][gc,ref         ] GC(24) Skipped phase 3 of Reference Processing: no references
[25.487s][debug][gc,ref         ] GC(24) ReferenceProcessor::execute queues: 1, RefProcThreadModel::Single, marks_oops_alive: false
[25.487s][debug][gc,phases      ] GC(24) Reference Processing 0.247ms
[25.490s][debug][gc,phases      ] GC(24)   VM Weak                        Min:  0.0, Avg:  0.0, Max:  0.0, Diff:  0.0, Sum:  0.0, Workers: 4
[25.490s][debug][gc,phases      ] GC(24)     Dead                           Min: 0, Avg:  0.0, Max: 0, Diff: 0, Sum: 0, Workers: 4
[25.490s][debug][gc,phases      ] GC(24)     Total                          Min: 0, Avg: 142.8, Max: 443, Diff: 443, Sum: 571, Workers: 4
[25.490s][debug][gc,phases      ] GC(24)   ObjectSynchronizer Weak        Min:  0.0, Avg:  0.0, Max:  0.0, Diff:  0.0, Sum:  0.0, Workers: 4
[25.490s][debug][gc,phases      ] GC(24)     Dead                           Min: 0, Avg:  0.0, Max: 0, Diff: 0, Sum: 0, Workers: 4
[25.490s][debug][gc,phases      ] GC(24)     Total                          Min: 0, Avg: 45.5, Max: 128, Diff: 128, Sum: 182, Workers: 4
[25.490s][debug][gc,phases      ] GC(24)   JVMTI Tag Weak OopStorage      Min:  0.0, Avg:  0.0, Max:  0.0, Diff:  0.0, Sum:  0.0, Workers: 4
[25.490s][debug][gc,phases      ] GC(24)     Dead                           Min: 0, Avg:  0.0, Max: 0, Diff: 0, Sum: 0, Workers: 4
[25.490s][debug][gc,phases      ] GC(24)     Total                          Min: 0, Avg:  0.0, Max: 0, Diff: 0, Sum: 0, Workers: 4
[25.490s][debug][gc,phases      ] GC(24)   StringTable Weak               Min:  0.0, Avg:  0.1, Max:  0.3, Diff:  0.3, Sum:  0.5, Workers: 4
[25.490s][debug][gc,phases      ] GC(24)     Dead                           Min: 0, Avg:  3.0, Max: 12, Diff: 12, Sum: 12, Workers: 4
[25.490s][debug][gc,phases      ] GC(24)     Total                          Min: 0, Avg: 10556.0, Max: 21616, Diff: 21616, Sum: 42224, Workers: 4
[25.490s][debug][gc,phases      ] GC(24)   ResolvedMethodTable Weak       Min:  0.0, Avg:  0.0, Max:  0.1, Diff:  0.1, Sum:  0.1, Workers: 4
[25.490s][debug][gc,phases      ] GC(24)     Dead                           Min: 0, Avg:  0.0, Max: 0, Diff: 0, Sum: 0, Workers: 4
[25.490s][debug][gc,phases      ] GC(24)     Total                          Min: 0, Avg: 1667.0, Max: 3468, Diff: 3468, Sum: 6668, Workers: 4
[25.490s][debug][gc,phases      ] GC(24)   JNI Weak                       Min:  0.0, Avg:  0.0, Max:  0.0, Diff:  0.0, Sum:  0.0, Workers: 4
[25.490s][debug][gc,phases      ] GC(24)     Dead                           Min: 0, Avg:  0.0, Max: 0, Diff: 0, Sum: 0, Workers: 4
[25.490s][debug][gc,phases      ] GC(24)     Total                          Min: 0, Avg:  4.0, Max: 16, Diff: 16, Sum: 16, Workers: 4
[25.490s][debug][gc,phases      ] GC(24)   StringDedup Table Weak         Min:  0.0, Avg:  0.0, Max:  0.0, Diff:  0.0, Sum:  0.0, Workers: 4
[25.490s][debug][gc,phases      ] GC(24)     Dead                           Min: 0, Avg:  0.0, Max: 0, Diff: 0, Sum: 0, Workers: 4
[25.490s][debug][gc,phases      ] GC(24)     Total                          Min: 0, Avg:  0.0, Max: 0, Diff: 0, Sum: 0, Workers: 4
[25.490s][debug][gc,phases      ] GC(24)   StringDedup Requests0 Weak     Min:  0.0, Avg:  0.0, Max:  0.0, Diff:  0.0, Sum:  0.0, Workers: 4
[25.490s][debug][gc,phases      ] GC(24)     Dead                           Min: 0, Avg:  0.0, Max: 0, Diff: 0, Sum: 0, Workers: 4
[25.490s][debug][gc,phases      ] GC(24)     Total                          Min: 0, Avg:  0.0, Max: 0, Diff: 0, Sum: 0, Workers: 4
[25.490s][debug][gc,phases      ] GC(24)   StringDedup Requests1 Weak     Min:  0.0, Avg:  0.0, Max:  0.0, Diff:  0.0, Sum:  0.0, Workers: 4
[25.490s][debug][gc,phases      ] GC(24)     Dead                           Min: 0, Avg:  0.0, Max: 0, Diff: 0, Sum: 0, Workers: 4
[25.490s][debug][gc,phases      ] GC(24)     Total                          Min: 0, Avg:  0.0, Max: 0, Diff: 0, Sum: 0, Workers: 4
[25.490s][debug][gc,phases      ] GC(24)   Weak JFR Old Object Samples    Min:  0.0, Avg:  0.0, Max:  0.0, Diff:  0.0, Sum:  0.0, Workers: 4
[25.490s][debug][gc,phases      ] GC(24)     Dead                           Min: 0, Avg:  0.0, Max: 0, Diff: 0, Sum: 0, Workers: 4
[25.490s][debug][gc,phases      ] GC(24)     Total                          Min: 0, Avg:  0.0, Max: 0, Diff: 0, Sum: 0, Workers: 4
[25.490s][debug][gc,phases      ] GC(24) Weak Processing 2.591ms
[25.490s][debug][gc,age         ] GC(24) Desired survivor size 278396928 bytes, new threshold 15 (max threshold 15)
[25.490s][info ][gc,heap        ] GC(24) PSYoungGen: 1587267K(1822720K)->128019K(1808384K) Eden: 1533952K(1533952K)->0K(1533952K) From: 53315K(288768K)->128019K(274432K)
[25.490s][info ][gc,heap        ] GC(24) ParOldGen: 186023K(269824K)->186031K(269824K)
[25.490s][info ][gc,metaspace   ] GC(24) Metaspace: 66047K(66816K)->66047K(66816K) NonClass: 56382K(56832K)->56382K(56832K) Class: 9665K(9984K)->9665K(9984K)
[25.490s][info ][gc             ] GC(24) Pause Young (Allocation Failure) 1731M->306M(2029M) 164.205ms
[25.490s][info ][gc,cpu         ] GC(24) User=0.37s Sys=0.00s Real=0.16s
[25.490s][info ][safepoint      ] Safepoint "ParallelGCFailedAllocation", Time since last: 47412973 ns, Reaching safepoint: 8543493 ns, At safepoint: 164329917 ns, Total: 172873410 ns
[26.070s][info ][gc,start       ] GC(25) Pause Young (Allocation Failure)
[26.386s][debug][gc,phases      ] GC(25) Scavenge 315.868ms
[26.386s][debug][gc,ref         ] GC(25) Skipped phase 1 of Reference Processing: no references
[26.386s][debug][gc,ref         ] GC(25) ReferenceProcessor::execute queues: 2, RefProcThreadModel::Multi, marks_oops_alive: false
[26.394s][debug][gc,ref         ] GC(25) Skipped phase 3 of Reference Processing: no references
[26.394s][debug][gc,ref         ] GC(25) ReferenceProcessor::execute queues: 1, RefProcThreadModel::Single, marks_oops_alive: false
[26.394s][debug][gc,phases      ] GC(25) Reference Processing 7.918ms
[26.394s][debug][gc,phases      ] GC(25)   VM Weak                        Min:  0.0, Avg:  0.0, Max:  0.0, Diff:  0.0, Sum:  0.0, Workers: 4
[26.394s][debug][gc,phases      ] GC(25)     Dead                           Min: 0, Avg:  0.0, Max: 0, Diff: 0, Sum: 0, Workers: 4
[26.394s][debug][gc,phases      ] GC(25)     Total                          Min: 0, Avg: 142.8, Max: 571, Diff: 571, Sum: 571, Workers: 4
[26.394s][debug][gc,phases      ] GC(25)   ObjectSynchronizer Weak        Min:  0.0, Avg:  0.0, Max:  0.0, Diff:  0.0, Sum:  0.0, Workers: 4
[26.394s][debug][gc,phases      ] GC(25)     Dead                           Min: 0, Avg:  0.0, Max: 0, Diff: 0, Sum: 0, Workers: 4
[26.394s][debug][gc,phases      ] GC(25)     Total                          Min: 0, Avg: 45.5, Max: 118, Diff: 118, Sum: 182, Workers: 4
[26.394s][debug][gc,phases      ] GC(25)   JVMTI Tag Weak OopStorage      Min:  0.0, Avg:  0.0, Max:  0.0, Diff:  0.0, Sum:  0.0, Workers: 4
[26.394s][debug][gc,phases      ] GC(25)     Dead                           Min: 0, Avg:  0.0, Max: 0, Diff: 0, Sum: 0, Workers: 4
[26.394s][debug][gc,phases      ] GC(25)     Total                          Min: 0, Avg:  0.0, Max: 0, Diff: 0, Sum: 0, Workers: 4
[26.394s][debug][gc,phases      ] GC(25)   StringTable Weak               Min:  0.0, Avg:  0.1, Max:  0.2, Diff:  0.2, Sum:  0.5, Workers: 4
[26.394s][debug][gc,phases      ] GC(25)     Dead                           Min: 0, Avg:  2.8, Max: 11, Diff: 11, Sum: 11, Workers: 4
[26.394s][debug][gc,phases      ] GC(25)     Total                          Min: 0, Avg: 10556.8, Max: 14837, Diff: 14837, Sum: 42227, Workers: 4
[26.394s][debug][gc,phases      ] GC(25)   ResolvedMethodTable Weak       Min:  0.0, Avg:  0.0, Max:  0.0, Diff:  0.0, Sum:  0.1, Workers: 4
[26.394s][debug][gc,phases      ] GC(25)     Dead                           Min: 0, Avg:  0.2, Max: 1, Diff: 1, Sum: 1, Workers: 4
[26.394s][debug][gc,phases      ] GC(25)     Total                          Min: 0, Avg: 1667.2, Max: 2445, Diff: 2445, Sum: 6669, Workers: 4
[26.394s][debug][gc,phases      ] GC(25)   JNI Weak                       Min:  0.0, Avg:  0.0, Max:  0.0, Diff:  0.0, Sum:  0.0, Workers: 4
[26.394s][debug][gc,phases      ] GC(25)     Dead                           Min: 0, Avg:  0.0, Max: 0, Diff: 0, Sum: 0, Workers: 4
[26.394s][debug][gc,phases      ] GC(25)     Total                          Min: 0, Avg:  0.0, Max: 0, Diff: 0, Sum: 0, Workers: 4
[26.394s][debug][gc,phases      ] GC(25)   StringDedup Table Weak         Min:  0.0, Avg:  0.0, Max:  0.0, Diff:  0.0, Sum:  0.0, Workers: 4
[26.394s][debug][gc,phases      ] GC(25)     Dead                           Min: 0, Avg:  0.0, Max: 0, Diff: 0, Sum: 0, Workers: 4
[26.394s][debug][gc,phases      ] GC(25)     Total                          Min: 0, Avg:  0.0, Max: 0, Diff: 0, Sum: 0, Workers: 4
[26.394s][debug][gc,phases      ] GC(25)   StringDedup Requests0 Weak     Min:  0.0, Avg:  0.0, Max:  0.0, Diff:  0.0, Sum:  0.0, Workers: 4
[26.394s][debug][gc,phases      ] GC(25)     Dead                           Min: 0, Avg:  0.0, Max: 0, Diff: 0, Sum: 0, Workers: 4
[26.394s][debug][gc,phases      ] GC(25)     Total                          Min: 0, Avg:  0.0, Max: 0, Diff: 0, Sum: 0, Workers: 4
[26.394s][debug][gc,phases      ] GC(25)   StringDedup Requests1 Weak     Min:  0.0, Avg:  0.0, Max:  0.0, Diff:  0.0, Sum:  0.0, Workers: 4
[26.394s][debug][gc,phases      ] GC(25)     Dead                           Min: 0, Avg:  0.0, Max: 0, Diff: 0, Sum: 0, Workers: 4
[26.394s][debug][gc,phases      ] GC(25)     Total                          Min: 0, Avg:  0.0, Max: 0, Diff: 0, Sum: 0, Workers: 4
[26.394s][debug][gc,phases      ] GC(25)   Weak JFR Old Object Samples    Min:  0.0, Avg:  0.0, Max:  0.0, Diff:  0.0, Sum:  0.0, Workers: 4
[26.394s][debug][gc,phases      ] GC(25)     Dead                           Min: 0, Avg:  0.0, Max: 0, Diff: 0, Sum: 0, Workers: 4
[26.394s][debug][gc,phases      ] GC(25)     Total                          Min: 0, Avg:  0.0, Max: 0, Diff: 0, Sum: 0, Workers: 4
[26.394s][debug][gc,phases      ] GC(25) Weak Processing 0.496ms
[26.394s][debug][gc,age         ] GC(25) Desired survivor size 324534272 bytes, new threshold 15 (max threshold 15)
[26.394s][info ][gc,heap        ] GC(25) PSYoungGen: 1661971K(1808384K)->261014K(1735168K) Eden: 1533952K(1533952K)->0K(1463296K) From: 128019K(274432K)->261014K(271872K)
[26.394s][info ][gc,heap        ] GC(25) ParOldGen: 186031K(269824K)->189268K(269824K)
[26.394s][info ][gc,metaspace   ] GC(25) Metaspace: 66052K(66816K)->66052K(66816K) NonClass: 56386K(56832K)->56386K(56832K) Class: 9665K(9984K)->9665K(9984K)
[26.394s][info ][gc             ] GC(25) Pause Young (Allocation Failure) 1804M->439M(1958M) 324.462ms
[26.394s][info ][gc,cpu         ] GC(25) User=0.64s Sys=0.04s Real=0.33s
[26.394s][info ][safepoint      ] Safepoint "ParallelGCFailedAllocation", Time since last: 547616685 ns, Reaching safepoint: 32098325 ns, At safepoint: 324593637 ns, Total: 356691962 ns
[27.042s][info ][safepoint      ] Safepoint "ICBufferFull", Time since last: 627320879 ns, Reaching safepoint: 20115654 ns, At safepoint: 33901 ns, Total: 20149555 ns
[27.094s][info ][gc,start       ] GC(26) Pause Young (Allocation Failure)
[27.498s][debug][gc,phases      ] GC(26) Scavenge 403.901ms
[27.498s][debug][gc,ref         ] GC(26) Skipped phase 1 of Reference Processing: no references
[27.498s][debug][gc,ref         ] GC(26) ReferenceProcessor::execute queues: 1, RefProcThreadModel::Single, marks_oops_alive: false
[27.498s][debug][gc,ref         ] GC(26) Skipped phase 3 of Reference Processing: no references
[27.498s][debug][gc,ref         ] GC(26) ReferenceProcessor::execute queues: 1, RefProcThreadModel::Single, marks_oops_alive: false
[27.498s][debug][gc,phases      ] GC(26) Reference Processing 0.327ms
[27.499s][debug][gc,phases      ] GC(26)   VM Weak                        Min:  0.0, Avg:  0.0, Max:  0.0, Diff:  0.0, Sum:  0.0, Workers: 4
[27.499s][debug][gc,phases      ] GC(26)     Dead                           Min: 0, Avg:  0.0, Max: 0, Diff: 0, Sum: 0, Workers: 4
[27.499s][debug][gc,phases      ] GC(26)     Total                          Min: 0, Avg: 145.0, Max: 580, Diff: 580, Sum: 580, Workers: 4
[27.499s][debug][gc,phases      ] GC(26)   ObjectSynchronizer Weak        Min:  0.0, Avg:  0.0, Max:  0.0, Diff:  0.0, Sum:  0.0, Workers: 4
[27.499s][debug][gc,phases      ] GC(26)     Dead                           Min: 0, Avg:  0.0, Max: 0, Diff: 0, Sum: 0, Workers: 4
[27.499s][debug][gc,phases      ] GC(26)     Total                          Min: 0, Avg: 45.5, Max: 182, Diff: 182, Sum: 182, Workers: 4
[27.499s][debug][gc,phases      ] GC(26)   JVMTI Tag Weak OopStorage      Min:  0.0, Avg:  0.0, Max:  0.0, Diff:  0.0, Sum:  0.0, Workers: 4
[27.499s][debug][gc,phases      ] GC(26)     Dead                           Min: 0, Avg:  0.0, Max: 0, Diff: 0, Sum: 0, Workers: 4
[27.499s][debug][gc,phases      ] GC(26)     Total                          Min: 0, Avg:  0.0, Max: 0, Diff: 0, Sum: 0, Workers: 4
[27.499s][debug][gc,phases      ] GC(26)   StringTable Weak               Min:  0.0, Avg:  0.1, Max:  0.6, Diff:  0.6, Sum:  0.6, Workers: 4
[27.499s][debug][gc,phases      ] GC(26)     Dead                           Min: 0, Avg:  4.0, Max: 16, Diff: 16, Sum: 16, Workers: 4
[27.499s][debug][gc,phases      ] GC(26)     Total                          Min: 0, Avg: 10604.8, Max: 42419, Diff: 42419, Sum: 42419, Workers: 4
[27.499s][debug][gc,phases      ] GC(26)   ResolvedMethodTable Weak       Min:  0.0, Avg:  0.0, Max:  0.1, Diff:  0.1, Sum:  0.1, Workers: 4
[27.499s][debug][gc,phases      ] GC(26)     Dead                           Min: 0, Avg:  9.0, Max: 36, Diff: 36, Sum: 36, Workers: 4
[27.499s][debug][gc,phases      ] GC(26)     Total                          Min: 0, Avg: 1705.2, Max: 6821, Diff: 6821, Sum: 6821, Workers: 4
[27.499s][debug][gc,phases      ] GC(26)   JNI Weak                       Min:  0.0, Avg:  0.0, Max:  0.0, Diff:  0.0, Sum:  0.0, Workers: 4
[27.499s][debug][gc,phases      ] GC(26)     Dead                           Min: 0, Avg:  0.0, Max: 0, Diff: 0, Sum: 0, Workers: 4
[27.499s][debug][gc,phases      ] GC(26)     Total                          Min: 0, Avg:  2.2, Max: 9, Diff: 9, Sum: 9, Workers: 4
[27.499s][debug][gc,phases      ] GC(26)   StringDedup Table Weak         Min:  0.0, Avg:  0.0, Max:  0.0, Diff:  0.0, Sum:  0.0, Workers: 4
[27.499s][debug][gc,phases      ] GC(26)     Dead                           Min: 0, Avg:  0.0, Max: 0, Diff: 0, Sum: 0, Workers: 4
[27.499s][debug][gc,phases      ] GC(26)     Total                          Min: 0, Avg:  0.0, Max: 0, Diff: 0, Sum: 0, Workers: 4
[27.499s][debug][gc,phases      ] GC(26)   StringDedup Requests0 Weak     Min:  0.0, Avg:  0.0, Max:  0.0, Diff:  0.0, Sum:  0.0, Workers: 4
[27.499s][debug][gc,phases      ] GC(26)     Dead                           Min: 0, Avg:  0.0, Max: 0, Diff: 0, Sum: 0, Workers: 4
[27.499s][debug][gc,phases      ] GC(26)     Total                          Min: 0, Avg:  0.0, Max: 0, Diff: 0, Sum: 0, Workers: 4
[27.499s][debug][gc,phases      ] GC(26)   StringDedup Requests1 Weak     Min:  0.0, Avg:  0.0, Max:  0.0, Diff:  0.0, Sum:  0.0, Workers: 4
[27.499s][debug][gc,phases      ] GC(26)     Dead                           Min: 0, Avg:  0.0, Max: 0, Diff: 0, Sum: 0, Workers: 4
[27.499s][debug][gc,phases      ] GC(26)     Total                          Min: 0, Avg:  0.0, Max: 0, Diff: 0, Sum: 0, Workers: 4
[27.499s][debug][gc,phases      ] GC(26)   Weak JFR Old Object Samples    Min:  0.0, Avg:  0.0, Max:  0.0, Diff:  0.0, Sum:  0.0, Workers: 4
[27.499s][debug][gc,phases      ] GC(26)     Dead                           Min: 0, Avg:  0.0, Max: 0, Diff: 0, Sum: 0, Workers: 4
[27.499s][debug][gc,phases      ] GC(26)     Total                          Min: 0, Avg:  0.0, Max: 0, Diff: 0, Sum: 0, Workers: 4
[27.499s][debug][gc,phases      ] GC(26) Weak Processing 0.976ms
[27.499s][debug][gc,age         ] GC(26) Desired survivor size 392167424 bytes, new threshold 14 (max threshold 15)
[27.499s][info ][gc,heap        ] GC(26) PSYoungGen: 1724310K(1735168K)->316918K(1780224K) Eden: 1463296K(1463296K)->0K(1463296K) From: 261014K(271872K)->316918K(316928K)
[27.499s][info ][gc,heap        ] GC(26) ParOldGen: 189268K(269824K)->212340K(269824K)
[27.499s][info ][gc,metaspace   ] GC(26) Metaspace: 66819K(67584K)->66819K(67584K) NonClass: 57047K(57472K)->57047K(57472K) Class: 9771K(10112K)->9771K(10112K)
[27.499s][info ][gc             ] GC(26) Pause Young (Allocation Failure) 1868M->516M(2002M) 405.369ms
[27.499s][info ][gc,cpu         ] GC(26) User=0.75s Sys=0.03s Real=0.40s
[27.499s][info ][safepoint      ] Safepoint "ParallelGCFailedAllocation", Time since last: 42589262 ns, Reaching safepoint: 9274110 ns, At safepoint: 405511160 ns, Total: 414785270 ns
[27.558s][info ][safepoint      ] Safepoint "ICBufferFull", Time since last: 46468249 ns, Reaching safepoint: 12059873 ns, At safepoint: 42501 ns, Total: 12102374 ns
[27.646s][info ][safepoint      ] Safepoint "ICBufferFull", Time since last: 71896824 ns, Reaching safepoint: 16005861 ns, At safepoint: 43701 ns, Total: 16049562 ns
[27.710s][info ][safepoint      ] Safepoint "ICBufferFull", Time since last: 47953784 ns, Reaching safepoint: 16601875 ns, At safepoint: 36900 ns, Total: 16638775 ns
[27.826s][info ][safepoint      ] Safepoint "ICBufferFull", Time since last: 99974459 ns, Reaching safepoint: 15180443 ns, At safepoint: 39401 ns, Total: 15219844 ns
[27.890s][info ][safepoint      ] Safepoint "ICBufferFull", Time since last: 63833142 ns, Reaching safepoint: 139103 ns, At safepoint: 23000 ns, Total: 162103 ns
[27.962s][info ][safepoint      ] Safepoint "ICBufferFull", Time since last: 60490066 ns, Reaching safepoint: 11736165 ns, At safepoint: 28901 ns, Total: 11765066 ns
[27.999s][info ][safepoint      ] Safepoint "ICBufferFull", Time since last: 31919921 ns, Reaching safepoint: 5469023 ns, At safepoint: 30201 ns, Total: 5499224 ns
[28.062s][info ][safepoint      ] Safepoint "ICBufferFull", Time since last: 51907971 ns, Reaching safepoint: 10640441 ns, At safepoint: 31600 ns, Total: 10672041 ns
[28.086s][info ][safepoint      ] Safepoint "ICBufferFull", Time since last: 16483072 ns, Reaching safepoint: 7879078 ns, At safepoint: 24801 ns, Total: 7903879 ns
[28.142s][info ][safepoint      ] Safepoint "ICBufferFull", Time since last: 46583351 ns, Reaching safepoint: 9003004 ns, At safepoint: 25100 ns, Total: 9028104 ns
[28.232s][info ][safepoint      ] Safepoint "ICBufferFull", Time since last: 75382102 ns, Reaching safepoint: 14679931 ns, At safepoint: 31001 ns, Total: 14710932 ns
[28.286s][info ][safepoint      ] Safepoint "ICBufferFull", Time since last: 45498927 ns, Reaching safepoint: 8354689 ns, At safepoint: 30100 ns, Total: 8384789 ns
[28.345s][info ][safepoint      ] Safepoint "ICBufferFull", Time since last: 47956183 ns, Reaching safepoint: 11021149 ns, At safepoint: 33301 ns, Total: 11054450 ns
[28.379s][info ][safepoint      ] Safepoint "ICBufferFull", Time since last: 31635414 ns, Reaching safepoint: 2265251 ns, At safepoint: 35101 ns, Total: 2300352 ns
[28.422s][info ][safepoint      ] Safepoint "ICBufferFull", Time since last: 43005070 ns, Reaching safepoint: 127903 ns, At safepoint: 15701 ns, Total: 143604 ns
[28.459s][info ][safepoint      ] Safepoint "ICBufferFull", Time since last: 18056007 ns, Reaching safepoint: 18918127 ns, At safepoint: 31201 ns, Total: 18949328 ns
[28.498s][info ][safepoint      ] Safepoint "ICBufferFull", Time since last: 21204779 ns, Reaching safepoint: 17692399 ns, At safepoint: 33701 ns, Total: 17726100 ns
[28.550s][info ][safepoint      ] Safepoint "ICBufferFull", Time since last: 28011232 ns, Reaching safepoint: 23981642 ns, At safepoint: 42201 ns, Total: 24023843 ns
[28.645s][info ][safepoint      ] Safepoint "ICBufferFull", Time since last: 83896493 ns, Reaching safepoint: 11634663 ns, At safepoint: 24601 ns, Total: 11659264 ns
[28.652s][info ][gc,start       ] GC(27) Pause Young (Allocation Failure)
[28.946s][debug][gc,phases      ] GC(27) Scavenge 294.218ms
[28.946s][debug][gc,ref         ] GC(27) Skipped phase 1 of Reference Processing: no references
[28.946s][debug][gc,ref         ] GC(27) ReferenceProcessor::execute queues: 1, RefProcThreadModel::Single, marks_oops_alive: false
[28.946s][debug][gc,ref         ] GC(27) Skipped phase 3 of Reference Processing: no references
[28.946s][debug][gc,ref         ] GC(27) ReferenceProcessor::execute queues: 1, RefProcThreadModel::Single, marks_oops_alive: false
[28.946s][debug][gc,phases      ] GC(27) Reference Processing 0.237ms
[28.946s][debug][gc,phases      ] GC(27)   VM Weak                        Min:  0.0, Avg:  0.0, Max:  0.0, Diff:  0.0, Sum:  0.0, Workers: 4
[28.946s][debug][gc,phases      ] GC(27)     Dead                           Min: 0, Avg:  0.0, Max: 0, Diff: 0, Sum: 0, Workers: 4
[28.946s][debug][gc,phases      ] GC(27)     Total                          Min: 0, Avg: 145.2, Max: 325, Diff: 325, Sum: 581, Workers: 4
[28.946s][debug][gc,phases      ] GC(27)   ObjectSynchronizer Weak        Min:  0.0, Avg:  0.0, Max:  0.0, Diff:  0.0, Sum:  0.0, Workers: 4
[28.946s][debug][gc,phases      ] GC(27)     Dead                           Min: 0, Avg:  0.0, Max: 0, Diff: 0, Sum: 0, Workers: 4
[28.946s][debug][gc,phases      ] GC(27)     Total                          Min: 0, Avg: 45.5, Max: 128, Diff: 128, Sum: 182, Workers: 4
[28.946s][debug][gc,phases      ] GC(27)   JVMTI Tag Weak OopStorage      Min:  0.0, Avg:  0.0, Max:  0.0, Diff:  0.0, Sum:  0.0, Workers: 4
[28.946s][debug][gc,phases      ] GC(27)     Dead                           Min: 0, Avg:  0.0, Max: 0, Diff: 0, Sum: 0, Workers: 4
[28.946s][debug][gc,phases      ] GC(27)     Total                          Min: 0, Avg:  0.0, Max: 0, Diff: 0, Sum: 0, Workers: 4
[28.947s][debug][gc,phases      ] GC(27)   StringTable Weak               Min:  0.0, Avg:  0.1, Max:  0.3, Diff:  0.3, Sum:  0.5, Workers: 4
[28.947s][debug][gc,phases      ] GC(27)     Dead                           Min: 0, Avg:  2.8, Max: 11, Diff: 11, Sum: 11, Workers: 4
[28.947s][debug][gc,phases      ] GC(27)     Total                          Min: 0, Avg: 10615.2, Max: 21696, Diff: 21696, Sum: 42461, Workers: 4
[28.947s][debug][gc,phases      ] GC(27)   ResolvedMethodTable Weak       Min:  0.0, Avg:  0.0, Max:  0.1, Diff:  0.0, Sum:  0.1, Workers: 4
[28.947s][debug][gc,phases      ] GC(27)     Dead                           Min: 0, Avg:  0.0, Max: 0, Diff: 0, Sum: 0, Workers: 4
[28.947s][debug][gc,phases      ] GC(27)     Total                          Min: 0, Avg: 1706.8, Max: 3518, Diff: 3518, Sum: 6827, Workers: 4
[28.947s][debug][gc,phases      ] GC(27)   JNI Weak                       Min:  0.0, Avg:  0.0, Max:  0.0, Diff:  0.0, Sum:  0.0, Workers: 4
[28.947s][debug][gc,phases      ] GC(27)     Dead                           Min: 0, Avg:  0.0, Max: 0, Diff: 0, Sum: 0, Workers: 4
[28.947s][debug][gc,phases      ] GC(27)     Total                          Min: 0, Avg:  2.5, Max: 10, Diff: 10, Sum: 10, Workers: 4
[28.947s][debug][gc,phases      ] GC(27)   StringDedup Table Weak         Min:  0.0, Avg:  0.0, Max:  0.0, Diff:  0.0, Sum:  0.0, Workers: 4
[28.947s][debug][gc,phases      ] GC(27)     Dead                           Min: 0, Avg:  0.0, Max: 0, Diff: 0, Sum: 0, Workers: 4
[28.947s][debug][gc,phases      ] GC(27)     Total                          Min: 0, Avg:  0.0, Max: 0, Diff: 0, Sum: 0, Workers: 4
[28.947s][debug][gc,phases      ] GC(27)   StringDedup Requests0 Weak     Min:  0.0, Avg:  0.0, Max:  0.0, Diff:  0.0, Sum:  0.0, Workers: 4
[28.947s][debug][gc,phases      ] GC(27)     Dead                           Min: 0, Avg:  0.0, Max: 0, Diff: 0, Sum: 0, Workers: 4
[28.947s][debug][gc,phases      ] GC(27)     Total                          Min: 0, Avg:  0.0, Max: 0, Diff: 0, Sum: 0, Workers: 4
[28.947s][debug][gc,phases      ] GC(27)   StringDedup Requests1 Weak     Min:  0.0, Avg:  0.0, Max:  0.0, Diff:  0.0, Sum:  0.0, Workers: 4
[28.947s][debug][gc,phases      ] GC(27)     Dead                           Min: 0, Avg:  0.0, Max: 0, Diff: 0, Sum: 0, Workers: 4
[28.947s][debug][gc,phases      ] GC(27)     Total                          Min: 0, Avg:  0.0, Max: 0, Diff: 0, Sum: 0, Workers: 4
[28.947s][debug][gc,phases      ] GC(27)   Weak JFR Old Object Samples    Min:  0.0, Avg:  0.0, Max:  0.0, Diff:  0.0, Sum:  0.0, Workers: 4
[28.947s][debug][gc,phases      ] GC(27)     Dead                           Min: 0, Avg:  0.0, Max: 0, Diff: 0, Sum: 0, Workers: 4
[28.947s][debug][gc,phases      ] GC(27)     Total                          Min: 0, Avg:  0.0, Max: 0, Diff: 0, Sum: 0, Workers: 4
[28.947s][debug][gc,phases      ] GC(27) Weak Processing 0.561ms
[28.947s][debug][gc,age         ] GC(27) Desired survivor size 436731904 bytes, new threshold 14 (max threshold 15)
[28.947s][info ][gc,heap        ] GC(27) PSYoungGen: 1780214K(1780224K)->316350K(1561088K) Eden: 1463296K(1463296K)->0K(1244160K) From: 316918K(316928K)->316350K(316928K)
[28.947s][info ][gc,heap        ] GC(27) ParOldGen: 212340K(269824K)->214612K(269824K)
[28.947s][info ][gc,metaspace   ] GC(27) Metaspace: 67086K(67904K)->67086K(67904K) NonClass: 57301K(57728K)->57301K(57728K) Class: 9785K(10176K)->9785K(10176K)
[28.947s][info ][gc             ] GC(27) Pause Young (Allocation Failure) 1945M->518M(1788M) 295.179ms
[28.947s][info ][gc,cpu         ] GC(27) User=0.71s Sys=0.01s Real=0.30s
[28.947s][info ][safepoint      ] Safepoint "ParallelGCFailedAllocation", Time since last: 5923233 ns, Reaching safepoint: 125203 ns, At safepoint: 295293766 ns, Total: 295418969 ns
[29.022s][info ][safepoint      ] Safepoint "ICBufferFull", Time since last: 67753829 ns, Reaching safepoint: 7267963 ns, At safepoint: 19001 ns, Total: 7286964 ns
[29.082s][info ][safepoint      ] Safepoint "ICBufferFull", Time since last: 48096585 ns, Reaching safepoint: 11828167 ns, At safepoint: 41001 ns, Total: 11869168 ns
[29.126s][info ][safepoint      ] Safepoint "ICBufferFull", Time since last: 39322687 ns, Reaching safepoint: 4701806 ns, At safepoint: 28501 ns, Total: 4730307 ns
[29.146s][info ][safepoint      ] Safepoint "ICBufferFull", Time since last: 15072740 ns, Reaching safepoint: 4901010 ns, At safepoint: 27901 ns, Total: 4928911 ns
[29.158s][info ][safepoint      ] Safepoint "ICBufferFull", Time since last: 8602594 ns, Reaching safepoint: 3354475 ns, At safepoint: 26501 ns, Total: 3380976 ns
[29.190s][info ][safepoint      ] Safepoint "ICBufferFull", Time since last: 21099776 ns, Reaching safepoint: 10891846 ns, At safepoint: 35501 ns, Total: 10927347 ns
[29.214s][info ][safepoint      ] Safepoint "ICBufferFull", Time since last: 8101282 ns, Reaching safepoint: 15814657 ns, At safepoint: 44001 ns, Total: 15858658 ns
[29.276s][info ][safepoint      ] Safepoint "ICBufferFull", Time since last: 51689566 ns, Reaching safepoint: 10314933 ns, At safepoint: 36401 ns, Total: 10351334 ns
[29.308s][info ][safepoint      ] Safepoint "ICBufferFull", Time since last: 26127289 ns, Reaching safepoint: 5913034 ns, At safepoint: 21300 ns, Total: 5934334 ns
[29.315s][info ][safepoint      ] Safepoint "ICBufferFull", Time since last: 800818 ns, Reaching safepoint: 6075637 ns, At safepoint: 26001 ns, Total: 6101638 ns
[29.322s][info ][safepoint      ] Safepoint "ICBufferFull", Time since last: 836819 ns, Reaching safepoint: 6110237 ns, At safepoint: 24001 ns, Total: 6134238 ns
[29.370s][info ][safepoint      ] Safepoint "ICBufferFull", Time since last: 31968821 ns, Reaching safepoint: 16038862 ns, At safepoint: 29301 ns, Total: 16068163 ns
[29.419s][info ][safepoint      ] Safepoint "ICBufferFull", Time since last: 37567947 ns, Reaching safepoint: 11135251 ns, At safepoint: 33501 ns, Total: 11168752 ns
[29.450s][info ][safepoint      ] Safepoint "ICBufferFull", Time since last: 15287045 ns, Reaching safepoint: 15968560 ns, At safepoint: 40001 ns, Total: 16008561 ns
[29.498s][info ][safepoint      ] Safepoint "ICBufferFull", Time since last: 32430532 ns, Reaching safepoint: 15515450 ns, At safepoint: 36201 ns, Total: 15551651 ns
[29.522s][info ][safepoint      ] Safepoint "ICBufferFull", Time since last: 15760655 ns, Reaching safepoint: 8186085 ns, At safepoint: 30601 ns, Total: 8216686 ns
[29.553s][info ][safepoint      ] Safepoint "ICBufferFull", Time since last: 25066665 ns, Reaching safepoint: 6235141 ns, At safepoint: 45301 ns, Total: 6280442 ns
[29.586s][info ][safepoint      ] Safepoint "ICBufferFull", Time since last: 21183978 ns, Reaching safepoint: 11453858 ns, At safepoint: 27201 ns, Total: 11481059 ns
[29.638s][info ][safepoint      ] Safepoint "ICBufferFull", Time since last: 32734138 ns, Reaching safepoint: 19229734 ns, At safepoint: 42801 ns, Total: 19272535 ns
[29.670s][info ][safepoint      ] Safepoint "ICBufferFull", Time since last: 21121976 ns, Reaching safepoint: 10834645 ns, At safepoint: 34401 ns, Total: 10869046 ns
[29.683s][info ][safepoint      ] Safepoint "ICBufferFull", Time since last: 9042604 ns, Reaching safepoint: 3881687 ns, At safepoint: 32301 ns, Total: 3913988 ns
[29.715s][info ][safepoint      ] Safepoint "ICBufferFull", Time since last: 19636843 ns, Reaching safepoint: 12444881 ns, At safepoint: 80301 ns, Total: 12525182 ns
[29.731s][info ][safepoint      ] Safepoint "ICBufferFull", Time since last: 11814667 ns, Reaching safepoint: 3985290 ns, At safepoint: 47601 ns, Total: 4032891 ns
[29.772s][info ][safepoint      ] Safepoint "ICBufferFull", Time since last: 27177013 ns, Reaching safepoint: 13625407 ns, At safepoint: 30701 ns, Total: 13656108 ns
[29.806s][info ][safepoint      ] Safepoint "ICBufferFull", Time since last: 10848145 ns, Reaching safepoint: 23312226 ns, At safepoint: 45501 ns, Total: 23357727 ns
[29.843s][info ][safepoint      ] Safepoint "ICBufferFull", Time since last: 17208988 ns, Reaching safepoint: 20043952 ns, At safepoint: 36601 ns, Total: 20080553 ns
[29.866s][info ][safepoint      ] Safepoint "ICBufferFull", Time since last: 15054640 ns, Reaching safepoint: 8082882 ns, At safepoint: 29101 ns, Total: 8111983 ns
[29.899s][info ][safepoint      ] Safepoint "ICBufferFull", Time since last: 28307438 ns, Reaching safepoint: 4315498 ns, At safepoint: 37100 ns, Total: 4352598 ns
[29.938s][info ][safepoint      ] Safepoint "ICBufferFull", Time since last: 23908240 ns, Reaching safepoint: 15005138 ns, At safepoint: 35301 ns, Total: 15040439 ns
[29.966s][info ][gc,start       ] GC(28) Pause Young (Allocation Failure)
[30.234s][debug][gc,phases      ] GC(28) Scavenge 267.909ms
[30.234s][debug][gc,ref         ] GC(28) Skipped phase 1 of Reference Processing: no references
[30.234s][debug][gc,ref         ] GC(28) ReferenceProcessor::execute queues: 1, RefProcThreadModel::Single, marks_oops_alive: false
[30.234s][debug][gc,ref         ] GC(28) Skipped phase 3 of Reference Processing: no references
[30.234s][debug][gc,ref         ] GC(28) ReferenceProcessor::execute queues: 1, RefProcThreadModel::Single, marks_oops_alive: false
[30.234s][debug][gc,phases      ] GC(28) Reference Processing 0.230ms
[30.235s][debug][gc,phases      ] GC(28)   VM Weak                        Min:  0.0, Avg:  0.0, Max:  0.0, Diff:  0.0, Sum:  0.0, Workers: 4
[30.235s][debug][gc,phases      ] GC(28)     Dead                           Min: 0, Avg:  0.0, Max: 0, Diff: 0, Sum: 0, Workers: 4
[30.235s][debug][gc,phases      ] GC(28)     Total                          Min: 0, Avg: 146.5, Max: 586, Diff: 586, Sum: 586, Workers: 4
[30.235s][debug][gc,phases      ] GC(28)   ObjectSynchronizer Weak        Min:  0.0, Avg:  0.0, Max:  0.0, Diff:  0.0, Sum:  0.0, Workers: 4
[30.235s][debug][gc,phases      ] GC(28)     Dead                           Min: 0, Avg:  0.0, Max: 0, Diff: 0, Sum: 0, Workers: 4
[30.235s][debug][gc,phases      ] GC(28)     Total                          Min: 0, Avg: 45.5, Max: 182, Diff: 182, Sum: 182, Workers: 4
[30.235s][debug][gc,phases      ] GC(28)   JVMTI Tag Weak OopStorage      Min:  0.0, Avg:  0.0, Max:  0.0, Diff:  0.0, Sum:  0.0, Workers: 4
[30.235s][debug][gc,phases      ] GC(28)     Dead                           Min: 0, Avg:  0.0, Max: 0, Diff: 0, Sum: 0, Workers: 4
[30.235s][debug][gc,phases      ] GC(28)     Total                          Min: 0, Avg:  0.0, Max: 0, Diff: 0, Sum: 0, Workers: 4
[30.235s][debug][gc,phases      ] GC(28)   StringTable Weak               Min:  0.0, Avg:  0.1, Max:  0.4, Diff:  0.4, Sum:  0.5, Workers: 4
[30.235s][debug][gc,phases      ] GC(28)     Dead                           Min: 0, Avg:  2.8, Max: 11, Diff: 11, Sum: 11, Workers: 4
[30.235s][debug][gc,phases      ] GC(28)     Total                          Min: 0, Avg: 10630.8, Max: 41819, Diff: 41819, Sum: 42523, Workers: 4
[30.235s][debug][gc,phases      ] GC(28)   ResolvedMethodTable Weak       Min:  0.0, Avg:  0.0, Max:  0.0, Diff:  0.0, Sum:  0.1, Workers: 4
[30.235s][debug][gc,phases      ] GC(28)     Dead                           Min: 0, Avg:  7.5, Max: 21, Diff: 21, Sum: 30, Workers: 4
[30.235s][debug][gc,phases      ] GC(28)     Total                          Min: 0, Avg: 1723.0, Max: 3502, Diff: 3502, Sum: 6892, Workers: 4
[30.235s][debug][gc,phases      ] GC(28)   JNI Weak                       Min:  0.0, Avg:  0.0, Max:  0.0, Diff:  0.0, Sum:  0.0, Workers: 4
[30.235s][debug][gc,phases      ] GC(28)     Dead                           Min: 0, Avg:  0.0, Max: 0, Diff: 0, Sum: 0, Workers: 4
[30.235s][debug][gc,phases      ] GC(28)     Total                          Min: 0, Avg:  0.8, Max: 3, Diff: 3, Sum: 3, Workers: 4
[30.235s][debug][gc,phases      ] GC(28)   StringDedup Table Weak         Min:  0.0, Avg:  0.0, Max:  0.0, Diff:  0.0, Sum:  0.0, Workers: 4
[30.235s][debug][gc,phases      ] GC(28)     Dead                           Min: 0, Avg:  0.0, Max: 0, Diff: 0, Sum: 0, Workers: 4
[30.235s][debug][gc,phases      ] GC(28)     Total                          Min: 0, Avg:  0.0, Max: 0, Diff: 0, Sum: 0, Workers: 4
[30.235s][debug][gc,phases      ] GC(28)   StringDedup Requests0 Weak     Min:  0.0, Avg:  0.0, Max:  0.0, Diff:  0.0, Sum:  0.0, Workers: 4
[30.235s][debug][gc,phases      ] GC(28)     Dead                           Min: 0, Avg:  0.0, Max: 0, Diff: 0, Sum: 0, Workers: 4
[30.235s][debug][gc,phases      ] GC(28)     Total                          Min: 0, Avg:  0.0, Max: 0, Diff: 0, Sum: 0, Workers: 4
[30.235s][debug][gc,phases      ] GC(28)   StringDedup Requests1 Weak     Min:  0.0, Avg:  0.0, Max:  0.0, Diff:  0.0, Sum:  0.0, Workers: 4
[30.235s][debug][gc,phases      ] GC(28)     Dead                           Min: 0, Avg:  0.0, Max: 0, Diff: 0, Sum: 0, Workers: 4
[30.235s][debug][gc,phases      ] GC(28)     Total                          Min: 0, Avg:  0.0, Max: 0, Diff: 0, Sum: 0, Workers: 4
[30.235s][debug][gc,phases      ] GC(28)   Weak JFR Old Object Samples    Min:  0.0, Avg:  0.0, Max:  0.0, Diff:  0.0, Sum:  0.0, Workers: 4
[30.235s][debug][gc,phases      ] GC(28)     Dead                           Min: 0, Avg:  0.0, Max: 0, Diff: 0, Sum: 0, Workers: 4
[30.235s][debug][gc,phases      ] GC(28)     Total                          Min: 0, Avg:  0.0, Max: 0, Diff: 0, Sum: 0, Workers: 4
[30.235s][debug][gc,phases      ] GC(28) Weak Processing 0.756ms
[30.235s][debug][gc,age         ] GC(28) Desired survivor size 471859200 bytes, new threshold 14 (max threshold 15)
[30.235s][info ][gc,heap        ] GC(28) PSYoungGen: 1560510K(1561088K)->315438K(1560064K) Eden: 1244160K(1244160K)->0K(1244160K) From: 316350K(316928K)->315438K(315904K)
[30.235s][info ][gc,heap        ] GC(28) ParOldGen: 214612K(269824K)->217381K(269824K)
[30.235s][info ][gc,metaspace   ] GC(28) Metaspace: 67323K(68096K)->67323K(68096K) NonClass: 57507K(57920K)->57507K(57920K) Class: 9816K(10176K)->9816K(10176K)
[30.235s][info ][gc             ] GC(28) Pause Young (Allocation Failure) 1733M->520M(1787M) 269.066ms
[30.235s][info ][gc,cpu         ] GC(28) User=0.68s Sys=0.00s Real=0.27s
[30.235s][info ][safepoint      ] Safepoint "ParallelGCFailedAllocation", Time since last: 23184023 ns, Reaching safepoint: 4701606 ns, At safepoint: 269197269 ns, Total: 273898875 ns
[30.279s][info ][safepoint      ] Safepoint "ICBufferFull", Time since last: 36257717 ns, Reaching safepoint: 7635772 ns, At safepoint: 24101 ns, Total: 7659873 ns
[30.313s][info ][safepoint      ] Safepoint "ICBufferFull", Time since last: 25377572 ns, Reaching safepoint: 8477391 ns, At safepoint: 26001 ns, Total: 8503392 ns
[30.347s][info ][safepoint      ] Safepoint "ICBufferFull", Time since last: 29003754 ns, Reaching safepoint: 5053314 ns, At safepoint: 20400 ns, Total: 5073714 ns
[30.379s][info ][safepoint      ] Safepoint "ICBufferFull", Time since last: 24647556 ns, Reaching safepoint: 7023158 ns, At safepoint: 32501 ns, Total: 7055659 ns
[30.424s][info ][safepoint      ] Safepoint "ICBufferFull", Time since last: 30461487 ns, Reaching safepoint: 15169942 ns, At safepoint: 28800 ns, Total: 15198742 ns
[30.459s][info ][safepoint      ] Safepoint "ICBufferFull", Time since last: 28571944 ns, Reaching safepoint: 6114238 ns, At safepoint: 41501 ns, Total: 6155739 ns
[30.484s][info ][safepoint      ] Safepoint "ICBufferFull", Time since last: 17621597 ns, Reaching safepoint: 7433868 ns, At safepoint: 38301 ns, Total: 7472169 ns
[30.514s][info ][safepoint      ] Safepoint "ICBufferFull", Time since last: 17001283 ns, Reaching safepoint: 12736787 ns, At safepoint: 57302 ns, Total: 12794089 ns
[30.538s][info ][safepoint      ] Safepoint "ICBufferFull", Time since last: 20798268 ns, Reaching safepoint: 3244674 ns, At safepoint: 33000 ns, Total: 3277674 ns
[30.548s][info ][safepoint      ] Safepoint "ICBufferFull", Time since last: 10032627 ns, Reaching safepoint: 136303 ns, At safepoint: 22200 ns, Total: 158503 ns
[30.557s][info ][safepoint      ] Safepoint "ICBufferFull", Time since last: 8384789 ns, Reaching safepoint: 107503 ns, At safepoint: 27700 ns, Total: 135203 ns
[30.586s][info ][safepoint      ] Safepoint "ICBufferFull", Time since last: 17761801 ns, Reaching safepoint: 11402957 ns, At safepoint: 25400 ns, Total: 11428357 ns
[30.599s][info ][safepoint      ] Safepoint "ICBufferFull", Time since last: 13490104 ns, Reaching safepoint: 194005 ns, At safepoint: 16200 ns, Total: 210205 ns
[30.625s][info ][safepoint      ] Safepoint "ICBufferFull", Time since last: 17634398 ns, Reaching safepoint: 7549870 ns, At safepoint: 38401 ns, Total: 7588271 ns
[31.134s][info ][gc,start       ] GC(29) Pause Young (Allocation Failure)
[31.450s][debug][gc,phases      ] GC(29) Scavenge 315.817ms
[31.450s][debug][gc,ref         ] GC(29) Skipped phase 1 of Reference Processing: no references
[31.450s][debug][gc,ref         ] GC(29) ReferenceProcessor::execute queues: 1, RefProcThreadModel::Single, marks_oops_alive: false
[31.450s][debug][gc,ref         ] GC(29) Skipped phase 3 of Reference Processing: no references
[31.450s][debug][gc,ref         ] GC(29) ReferenceProcessor::execute queues: 1, RefProcThreadModel::Single, marks_oops_alive: false
[31.450s][debug][gc,phases      ] GC(29) Reference Processing 0.253ms
[31.454s][debug][gc,phases      ] GC(29)   VM Weak                        Min:  0.0, Avg:  0.0, Max:  0.0, Diff:  0.0, Sum:  0.0, Workers: 4
[31.454s][debug][gc,phases      ] GC(29)     Dead                           Min: 0, Avg:  0.0, Max: 0, Diff: 0, Sum: 0, Workers: 4
[31.454s][debug][gc,phases      ] GC(29)     Total                          Min: 0, Avg: 147.2, Max: 333, Diff: 333, Sum: 589, Workers: 4
[31.454s][debug][gc,phases      ] GC(29)   ObjectSynchronizer Weak        Min:  0.0, Avg:  0.0, Max:  0.0, Diff:  0.0, Sum:  0.0, Workers: 4
[31.454s][debug][gc,phases      ] GC(29)     Dead                           Min: 0, Avg:  0.0, Max: 0, Diff: 0, Sum: 0, Workers: 4
[31.454s][debug][gc,phases      ] GC(29)     Total                          Min: 0, Avg: 45.5, Max: 128, Diff: 128, Sum: 182, Workers: 4
[31.454s][debug][gc,phases      ] GC(29)   JVMTI Tag Weak OopStorage      Min:  0.0, Avg:  0.0, Max:  0.0, Diff:  0.0, Sum:  0.0, Workers: 4
[31.454s][debug][gc,phases      ] GC(29)     Dead                           Min: 0, Avg:  0.0, Max: 0, Diff: 0, Sum: 0, Workers: 4
[31.454s][debug][gc,phases      ] GC(29)     Total                          Min: 0, Avg:  0.0, Max: 0, Diff: 0, Sum: 0, Workers: 4
[31.454s][debug][gc,phases      ] GC(29)   StringTable Weak               Min:  0.0, Avg:  0.1, Max:  0.3, Diff:  0.3, Sum:  0.5, Workers: 4
[31.454s][debug][gc,phases      ] GC(29)     Dead                           Min: 0, Avg:  2.8, Max: 11, Diff: 11, Sum: 11, Workers: 4
[31.454s][debug][gc,phases      ] GC(29)     Total                          Min: 0, Avg: 10639.2, Max: 21501, Diff: 21501, Sum: 42557, Workers: 4
[31.454s][debug][gc,phases      ] GC(29)   ResolvedMethodTable Weak       Min:  0.0, Avg:  0.0, Max:  0.1, Diff:  0.1, Sum:  0.1, Workers: 4
[31.454s][debug][gc,phases      ] GC(29)     Dead                           Min: 0, Avg:  0.0, Max: 0, Diff: 0, Sum: 0, Workers: 4
[31.454s][debug][gc,phases      ] GC(29)     Total                          Min: 0, Avg: 1725.2, Max: 3584, Diff: 3584, Sum: 6901, Workers: 4
[31.454s][debug][gc,phases      ] GC(29)   JNI Weak                       Min:  0.0, Avg:  0.0, Max:  0.0, Diff:  0.0, Sum:  0.0, Workers: 4
[31.454s][debug][gc,phases      ] GC(29)     Dead                           Min: 0, Avg:  0.0, Max: 0, Diff: 0, Sum: 0, Workers: 4
[31.454s][debug][gc,phases      ] GC(29)     Total                          Min: 0, Avg:  1.2, Max: 5, Diff: 5, Sum: 5, Workers: 4
[31.454s][debug][gc,phases      ] GC(29)   StringDedup Table Weak         Min:  0.0, Avg:  0.0, Max:  0.0, Diff:  0.0, Sum:  0.0, Workers: 4
[31.454s][debug][gc,phases      ] GC(29)     Dead                           Min: 0, Avg:  0.0, Max: 0, Diff: 0, Sum: 0, Workers: 4
[31.454s][debug][gc,phases      ] GC(29)     Total                          Min: 0, Avg:  0.0, Max: 0, Diff: 0, Sum: 0, Workers: 4
[31.454s][debug][gc,phases      ] GC(29)   StringDedup Requests0 Weak     Min:  0.0, Avg:  0.0, Max:  0.0, Diff:  0.0, Sum:  0.0, Workers: 4
[31.454s][debug][gc,phases      ] GC(29)     Dead                           Min: 0, Avg:  0.0, Max: 0, Diff: 0, Sum: 0, Workers: 4
[31.454s][debug][gc,phases      ] GC(29)     Total                          Min: 0, Avg:  0.0, Max: 0, Diff: 0, Sum: 0, Workers: 4
[31.454s][debug][gc,phases      ] GC(29)   StringDedup Requests1 Weak     Min:  0.0, Avg:  0.0, Max:  0.0, Diff:  0.0, Sum:  0.0, Workers: 4
[31.454s][debug][gc,phases      ] GC(29)     Dead                           Min: 0, Avg:  0.0, Max: 0, Diff: 0, Sum: 0, Workers: 4
[31.454s][debug][gc,phases      ] GC(29)     Total                          Min: 0, Avg:  0.0, Max: 0, Diff: 0, Sum: 0, Workers: 4
[31.454s][debug][gc,phases      ] GC(29)   Weak JFR Old Object Samples    Min:  0.0, Avg:  0.0, Max:  0.0, Diff:  0.0, Sum:  0.0, Workers: 4
[31.454s][debug][gc,phases      ] GC(29)     Dead                           Min: 0, Avg:  0.0, Max: 0, Diff: 0, Sum: 0, Workers: 4
[31.454s][debug][gc,phases      ] GC(29)     Total                          Min: 0, Avg:  0.0, Max: 0, Diff: 0, Sum: 0, Workers: 4
[31.454s][debug][gc,phases      ] GC(29) Weak Processing 3.893ms
[31.454s][debug][gc,age         ] GC(29) Desired survivor size 499646464 bytes, new threshold 14 (max threshold 15)
[31.454s][info ][gc,heap        ] GC(29) PSYoungGen: 1559598K(1560064K)->317566K(1582080K) Eden: 1244160K(1244160K)->0K(1121280K) From: 315438K(315904K)->317566K(460800K)
[31.454s][info ][gc,heap        ] GC(29) ParOldGen: 217381K(269824K)->217805K(269824K)
[31.454s][info ][gc,metaspace   ] GC(29) Metaspace: 67412K(68160K)->67412K(68160K) NonClass: 57592K(57984K)->57592K(57984K) Class: 9819K(10176K)->9819K(10176K)
[31.454s][info ][gc             ] GC(29) Pause Young (Allocation Failure) 1735M->522M(1808M) 320.154ms
[31.454s][info ][gc,cpu         ] GC(29) User=0.72s Sys=0.00s Real=0.32s
[31.454s][info ][safepoint      ] Safepoint "ParallelGCFailedAllocation", Time since last: 494234740 ns, Reaching safepoint: 14893335 ns, At safepoint: 320313617 ns, Total: 335206952 ns
[32.086s][info ][gc,start       ] GC(30) Pause Young (Allocation Failure)
[32.390s][debug][gc,phases      ] GC(30) Scavenge 303.717ms
[32.390s][debug][gc,ref         ] GC(30) Skipped phase 1 of Reference Processing: no references
[32.390s][debug][gc,ref         ] GC(30) ReferenceProcessor::execute queues: 1, RefProcThreadModel::Single, marks_oops_alive: false
[32.390s][debug][gc,ref         ] GC(30) Skipped phase 3 of Reference Processing: no references
[32.390s][debug][gc,ref         ] GC(30) ReferenceProcessor::execute queues: 1, RefProcThreadModel::Single, marks_oops_alive: false
[32.390s][debug][gc,phases      ] GC(30) Reference Processing 0.225ms
[32.391s][debug][gc,phases      ] GC(30)   VM Weak                        Min:  0.0, Avg:  0.0, Max:  0.0, Diff:  0.0, Sum:  0.0, Workers: 4
[32.391s][debug][gc,phases      ] GC(30)     Dead                           Min: 0, Avg:  0.0, Max: 0, Diff: 0, Sum: 0, Workers: 4
[32.391s][debug][gc,phases      ] GC(30)     Total                          Min: 0, Avg: 147.2, Max: 589, Diff: 589, Sum: 589, Workers: 4
[32.391s][debug][gc,phases      ] GC(30)   ObjectSynchronizer Weak        Min:  0.0, Avg:  0.0, Max:  0.0, Diff:  0.0, Sum:  0.0, Workers: 4
[32.391s][debug][gc,phases      ] GC(30)     Dead                           Min: 0, Avg:  0.0, Max: 0, Diff: 0, Sum: 0, Workers: 4
[32.391s][debug][gc,phases      ] GC(30)     Total                          Min: 0, Avg: 45.5, Max: 182, Diff: 182, Sum: 182, Workers: 4
[32.391s][debug][gc,phases      ] GC(30)   JVMTI Tag Weak OopStorage      Min:  0.0, Avg:  0.0, Max:  0.0, Diff:  0.0, Sum:  0.0, Workers: 4
[32.391s][debug][gc,phases      ] GC(30)     Dead                           Min: 0, Avg:  0.0, Max: 0, Diff: 0, Sum: 0, Workers: 4
[32.391s][debug][gc,phases      ] GC(30)     Total                          Min: 0, Avg:  0.0, Max: 0, Diff: 0, Sum: 0, Workers: 4
[32.391s][debug][gc,phases      ] GC(30)   StringTable Weak               Min:  0.0, Avg:  0.1, Max:  0.5, Diff:  0.5, Sum:  0.5, Workers: 4
[32.391s][debug][gc,phases      ] GC(30)     Dead                           Min: 0, Avg:  2.8, Max: 11, Diff: 11, Sum: 11, Workers: 4
[32.391s][debug][gc,phases      ] GC(30)     Total                          Min: 0, Avg: 10640.0, Max: 42560, Diff: 42560, Sum: 42560, Workers: 4
[32.391s][debug][gc,phases      ] GC(30)   ResolvedMethodTable Weak       Min:  0.0, Avg:  0.0, Max:  0.1, Diff:  0.1, Sum:  0.1, Workers: 4
[32.391s][debug][gc,phases      ] GC(30)     Dead                           Min: 0, Avg:  0.0, Max: 0, Diff: 0, Sum: 0, Workers: 4
[32.391s][debug][gc,phases      ] GC(30)     Total                          Min: 0, Avg: 1725.2, Max: 6901, Diff: 6901, Sum: 6901, Workers: 4
[32.391s][debug][gc,phases      ] GC(30)   JNI Weak                       Min:  0.0, Avg:  0.0, Max:  0.0, Diff:  0.0, Sum:  0.0, Workers: 4
[32.391s][debug][gc,phases      ] GC(30)     Dead                           Min: 0, Avg:  0.0, Max: 0, Diff: 0, Sum: 0, Workers: 4
[32.391s][debug][gc,phases      ] GC(30)     Total                          Min: 0, Avg:  0.2, Max: 1, Diff: 1, Sum: 1, Workers: 4
[32.391s][debug][gc,phases      ] GC(30)   StringDedup Table Weak         Min:  0.0, Avg:  0.0, Max:  0.0, Diff:  0.0, Sum:  0.0, Workers: 4
[32.391s][debug][gc,phases      ] GC(30)     Dead                           Min: 0, Avg:  0.0, Max: 0, Diff: 0, Sum: 0, Workers: 4
[32.391s][debug][gc,phases      ] GC(30)     Total                          Min: 0, Avg:  0.0, Max: 0, Diff: 0, Sum: 0, Workers: 4
[32.391s][debug][gc,phases      ] GC(30)   StringDedup Requests0 Weak     Min:  0.0, Avg:  0.0, Max:  0.0, Diff:  0.0, Sum:  0.0, Workers: 4
[32.391s][debug][gc,phases      ] GC(30)     Dead                           Min: 0, Avg:  0.0, Max: 0, Diff: 0, Sum: 0, Workers: 4
[32.391s][debug][gc,phases      ] GC(30)     Total                          Min: 0, Avg:  0.0, Max: 0, Diff: 0, Sum: 0, Workers: 4
[32.391s][debug][gc,phases      ] GC(30)   StringDedup Requests1 Weak     Min:  0.0, Avg:  0.0, Max:  0.0, Diff:  0.0, Sum:  0.0, Workers: 4
[32.391s][debug][gc,phases      ] GC(30)     Dead                           Min: 0, Avg:  0.0, Max: 0, Diff: 0, Sum: 0, Workers: 4
[32.391s][debug][gc,phases      ] GC(30)     Total                          Min: 0, Avg:  0.0, Max: 0, Diff: 0, Sum: 0, Workers: 4
[32.391s][debug][gc,phases      ] GC(30)   Weak JFR Old Object Samples    Min:  0.0, Avg:  0.0, Max:  0.0, Diff:  0.0, Sum:  0.0, Workers: 4
[32.391s][debug][gc,phases      ] GC(30)     Dead                           Min: 0, Avg:  0.0, Max: 0, Diff: 0, Sum: 0, Workers: 4
[32.391s][debug][gc,phases      ] GC(30)     Total                          Min: 0, Avg:  0.0, Max: 0, Diff: 0, Sum: 0, Workers: 4
[32.391s][debug][gc,phases      ] GC(30) Weak Processing 0.852ms
[32.391s][debug][gc,age         ] GC(30) Desired survivor size 519569408 bytes, new threshold 13 (max threshold 15)
[32.391s][info ][gc,heap        ] GC(30) PSYoungGen: 1438846K(1582080K)->316238K(1437696K) Eden: 1121280K(1121280K)->0K(1121280K) From: 317566K(460800K)->316238K(316416K)
[32.391s][info ][gc,heap        ] GC(30) ParOldGen: 217805K(269824K)->219301K(269824K)
[32.391s][info ][gc,metaspace   ] GC(30) Metaspace: 67450K(68224K)->67450K(68224K) NonClass: 57631K(58048K)->57631K(58048K) Class: 9819K(10176K)->9819K(10176K)
[32.391s][info ][gc             ] GC(30) Pause Young (Allocation Failure) 1617M->522M(1667M) 304.963ms
[32.391s][info ][gc,cpu         ] GC(30) User=0.66s Sys=0.00s Real=0.30s
[32.391s][info ][safepoint      ] Safepoint "ParallelGCFailedAllocation", Time since last: 631598728 ns, Reaching safepoint: 192304 ns, At safepoint: 305075869 ns, Total: 305268173 ns
[33.018s][info ][gc,start       ] GC(31) Pause Young (Allocation Failure)
[33.390s][debug][gc,phases      ] GC(31) Scavenge 371.713ms
[33.390s][debug][gc,ref         ] GC(31) Skipped phase 1 of Reference Processing: no references
[33.390s][debug][gc,ref         ] GC(31) ReferenceProcessor::execute queues: 1, RefProcThreadModel::Single, marks_oops_alive: false
[33.390s][debug][gc,ref         ] GC(31) Skipped phase 3 of Reference Processing: no references
[33.390s][debug][gc,ref         ] GC(31) ReferenceProcessor::execute queues: 1, RefProcThreadModel::Single, marks_oops_alive: false
[33.390s][debug][gc,phases      ] GC(31) Reference Processing 0.263ms
[33.391s][debug][gc,phases      ] GC(31)   VM Weak                        Min:  0.0, Avg:  0.0, Max:  0.0, Diff:  0.0, Sum:  0.0, Workers: 4
[33.391s][debug][gc,phases      ] GC(31)     Dead                           Min: 0, Avg:  0.0, Max: 0, Diff: 0, Sum: 0, Workers: 4
[33.391s][debug][gc,phases      ] GC(31)     Total                          Min: 0, Avg: 147.2, Max: 589, Diff: 589, Sum: 589, Workers: 4
[33.391s][debug][gc,phases      ] GC(31)   ObjectSynchronizer Weak        Min:  0.0, Avg:  0.0, Max:  0.0, Diff:  0.0, Sum:  0.0, Workers: 4
[33.391s][debug][gc,phases      ] GC(31)     Dead                           Min: 0, Avg:  0.0, Max: 0, Diff: 0, Sum: 0, Workers: 4
[33.391s][debug][gc,phases      ] GC(31)     Total                          Min: 0, Avg: 45.5, Max: 182, Diff: 182, Sum: 182, Workers: 4
[33.391s][debug][gc,phases      ] GC(31)   JVMTI Tag Weak OopStorage      Min:  0.0, Avg:  0.0, Max:  0.0, Diff:  0.0, Sum:  0.0, Workers: 4
[33.391s][debug][gc,phases      ] GC(31)     Dead                           Min: 0, Avg:  0.0, Max: 0, Diff: 0, Sum: 0, Workers: 4
[33.391s][debug][gc,phases      ] GC(31)     Total                          Min: 0, Avg:  0.0, Max: 0, Diff: 0, Sum: 0, Workers: 4
[33.391s][debug][gc,phases      ] GC(31)   StringTable Weak               Min:  0.0, Avg:  0.1, Max:  0.5, Diff:  0.5, Sum:  0.5, Workers: 4
[33.391s][debug][gc,phases      ] GC(31)     Dead                           Min: 0, Avg:  2.8, Max: 11, Diff: 11, Sum: 11, Workers: 4
[33.391s][debug][gc,phases      ] GC(31)     Total                          Min: 0, Avg: 10641.8, Max: 42567, Diff: 42567, Sum: 42567, Workers: 4
[33.391s][debug][gc,phases      ] GC(31)   ResolvedMethodTable Weak       Min:  0.0, Avg:  0.0, Max:  0.1, Diff:  0.1, Sum:  0.1, Workers: 4
[33.391s][debug][gc,phases      ] GC(31)     Dead                           Min: 0, Avg:  0.0, Max: 0, Diff: 0, Sum: 0, Workers: 4
[33.391s][debug][gc,phases      ] GC(31)     Total                          Min: 0, Avg: 1725.2, Max: 6901, Diff: 6901, Sum: 6901, Workers: 4
[33.391s][debug][gc,phases      ] GC(31)   JNI Weak                       Min:  0.0, Avg:  0.0, Max:  0.0, Diff:  0.0, Sum:  0.0, Workers: 4
[33.391s][debug][gc,phases      ] GC(31)     Dead                           Min: 0, Avg:  0.0, Max: 0, Diff: 0, Sum: 0, Workers: 4
[33.391s][debug][gc,phases      ] GC(31)     Total                          Min: 0, Avg:  1.5, Max: 6, Diff: 6, Sum: 6, Workers: 4
[33.391s][debug][gc,phases      ] GC(31)   StringDedup Table Weak         Min:  0.0, Avg:  0.0, Max:  0.0, Diff:  0.0, Sum:  0.0, Workers: 4
[33.391s][debug][gc,phases      ] GC(31)     Dead                           Min: 0, Avg:  0.0, Max: 0, Diff: 0, Sum: 0, Workers: 4
[33.391s][debug][gc,phases      ] GC(31)     Total                          Min: 0, Avg:  0.0, Max: 0, Diff: 0, Sum: 0, Workers: 4
[33.391s][debug][gc,phases      ] GC(31)   StringDedup Requests0 Weak     Min:  0.0, Avg:  0.0, Max:  0.0, Diff:  0.0, Sum:  0.0, Workers: 4
[33.391s][debug][gc,phases      ] GC(31)     Dead                           Min: 0, Avg:  0.0, Max: 0, Diff: 0, Sum: 0, Workers: 4
[33.391s][debug][gc,phases      ] GC(31)     Total                          Min: 0, Avg:  0.0, Max: 0, Diff: 0, Sum: 0, Workers: 4
[33.391s][debug][gc,phases      ] GC(31)   StringDedup Requests1 Weak     Min:  0.0, Avg:  0.0, Max:  0.0, Diff:  0.0, Sum:  0.0, Workers: 4
[33.391s][debug][gc,phases      ] GC(31)     Dead                           Min: 0, Avg:  0.0, Max: 0, Diff: 0, Sum: 0, Workers: 4
[33.391s][debug][gc,phases      ] GC(31)     Total                          Min: 0, Avg:  0.0, Max: 0, Diff: 0, Sum: 0, Workers: 4
[33.391s][debug][gc,phases      ] GC(31)   Weak JFR Old Object Samples    Min:  0.0, Avg:  0.0, Max:  0.0, Diff:  0.0, Sum:  0.0, Workers: 4
[33.391s][debug][gc,phases      ] GC(31)     Dead                           Min: 0, Avg:  0.0, Max: 0, Diff: 0, Sum: 0, Workers: 4
[33.391s][debug][gc,phases      ] GC(31)     Total                          Min: 0, Avg:  0.0, Max: 0, Diff: 0, Sum: 0, Workers: 4
[33.391s][debug][gc,phases      ] GC(31) Weak Processing 0.871ms
[33.391s][debug][gc,age         ] GC(31) Desired survivor size 532152320 bytes, new threshold 12 (max threshold 15)
[33.391s][info ][gc,heap        ] GC(31) PSYoungGen: 1437518K(1437696K)->311854K(1565184K) Eden: 1121280K(1121280K)->0K(1057792K) From: 316238K(316416K)->311854K(507392K)
[33.391s][info ][gc,heap        ] GC(31) ParOldGen: 219301K(269824K)->223709K(269824K)
[33.391s][info ][gc,metaspace   ] GC(31) Metaspace: 67501K(68288K)->67501K(68288K) NonClass: 57681K(58112K)->57681K(58112K) Class: 9819K(10176K)->9819K(10176K)
[33.391s][info ][gc             ] GC(31) Pause Young (Allocation Failure) 1617M->523M(1792M) 373.050ms
[33.391s][info ][gc,cpu         ] GC(31) User=0.66s Sys=0.00s Real=0.37s
[33.391s][info ][safepoint      ] Safepoint "ParallelGCFailedAllocation", Time since last: 614722840 ns, Reaching safepoint: 12149773 ns, At safepoint: 373201498 ns, Total: 385351271 ns
[34.094s][info ][gc,start       ] GC(32) Pause Young (Allocation Failure)
[34.421s][debug][gc,phases      ] GC(32) Scavenge 327.058ms
[34.421s][debug][gc,ref         ] GC(32) Skipped phase 1 of Reference Processing: no references
[34.421s][debug][gc,ref         ] GC(32) ReferenceProcessor::execute queues: 1, RefProcThreadModel::Single, marks_oops_alive: false
[34.421s][debug][gc,ref         ] GC(32) Skipped phase 3 of Reference Processing: no references
[34.421s][debug][gc,ref         ] GC(32) ReferenceProcessor::execute queues: 1, RefProcThreadModel::Single, marks_oops_alive: false
[34.421s][debug][gc,phases      ] GC(32) Reference Processing 0.192ms
[34.422s][debug][gc,phases      ] GC(32)   VM Weak                        Min:  0.0, Avg:  0.0, Max:  0.0, Diff:  0.0, Sum:  0.0, Workers: 4
[34.422s][debug][gc,phases      ] GC(32)     Dead                           Min: 0, Avg:  0.0, Max: 0, Diff: 0, Sum: 0, Workers: 4
[34.422s][debug][gc,phases      ] GC(32)     Total                          Min: 0, Avg: 147.2, Max: 333, Diff: 333, Sum: 589, Workers: 4
[34.422s][debug][gc,phases      ] GC(32)   ObjectSynchronizer Weak        Min:  0.0, Avg:  0.0, Max:  0.0, Diff:  0.0, Sum:  0.0, Workers: 4
[34.422s][debug][gc,phases      ] GC(32)     Dead                           Min: 0, Avg:  0.0, Max: 0, Diff: 0, Sum: 0, Workers: 4
[34.422s][debug][gc,phases      ] GC(32)     Total                          Min: 0, Avg: 45.5, Max: 118, Diff: 118, Sum: 182, Workers: 4
[34.422s][debug][gc,phases      ] GC(32)   JVMTI Tag Weak OopStorage      Min:  0.0, Avg:  0.0, Max:  0.0, Diff:  0.0, Sum:  0.0, Workers: 4
[34.422s][debug][gc,phases      ] GC(32)     Dead                           Min: 0, Avg:  0.0, Max: 0, Diff: 0, Sum: 0, Workers: 4
[34.422s][debug][gc,phases      ] GC(32)     Total                          Min: 0, Avg:  0.0, Max: 0, Diff: 0, Sum: 0, Workers: 4
[34.422s][debug][gc,phases      ] GC(32)   StringTable Weak               Min:  0.0, Avg:  0.1, Max:  0.2, Diff:  0.2, Sum:  0.5, Workers: 4
[34.422s][debug][gc,phases      ] GC(32)     Dead                           Min: 0, Avg:  2.8, Max: 11, Diff: 11, Sum: 11, Workers: 4
[34.422s][debug][gc,phases      ] GC(32)     Total                          Min: 0, Avg: 10642.2, Max: 21769, Diff: 21769, Sum: 42569, Workers: 4
[34.422s][debug][gc,phases      ] GC(32)   ResolvedMethodTable Weak       Min:  0.0, Avg:  0.0, Max:  0.0, Diff:  0.0, Sum:  0.1, Workers: 4
[34.422s][debug][gc,phases      ] GC(32)     Dead                           Min: 0, Avg:  0.0, Max: 0, Diff: 0, Sum: 0, Workers: 4
[34.422s][debug][gc,phases      ] GC(32)     Total                          Min: 0, Avg: 1725.2, Max: 3583, Diff: 3583, Sum: 6901, Workers: 4
[34.422s][debug][gc,phases      ] GC(32)   JNI Weak                       Min:  0.0, Avg:  0.0, Max:  0.0, Diff:  0.0, Sum:  0.0, Workers: 4
[34.422s][debug][gc,phases      ] GC(32)     Dead                           Min: 0, Avg:  0.0, Max: 0, Diff: 0, Sum: 0, Workers: 4
[34.422s][debug][gc,phases      ] GC(32)     Total                          Min: 0, Avg:  2.2, Max: 9, Diff: 9, Sum: 9, Workers: 4
[34.422s][debug][gc,phases      ] GC(32)   StringDedup Table Weak         Min:  0.0, Avg:  0.0, Max:  0.0, Diff:  0.0, Sum:  0.0, Workers: 4
[34.422s][debug][gc,phases      ] GC(32)     Dead                           Min: 0, Avg:  0.0, Max: 0, Diff: 0, Sum: 0, Workers: 4
[34.422s][debug][gc,phases      ] GC(32)     Total                          Min: 0, Avg:  0.0, Max: 0, Diff: 0, Sum: 0, Workers: 4
[34.422s][debug][gc,phases      ] GC(32)   StringDedup Requests0 Weak     Min:  0.0, Avg:  0.0, Max:  0.0, Diff:  0.0, Sum:  0.0, Workers: 4
[34.422s][debug][gc,phases      ] GC(32)     Dead                           Min: 0, Avg:  0.0, Max: 0, Diff: 0, Sum: 0, Workers: 4
[34.422s][debug][gc,phases      ] GC(32)     Total                          Min: 0, Avg:  0.0, Max: 0, Diff: 0, Sum: 0, Workers: 4
[34.422s][debug][gc,phases      ] GC(32)   StringDedup Requests1 Weak     Min:  0.0, Avg:  0.0, Max:  0.0, Diff:  0.0, Sum:  0.0, Workers: 4
[34.422s][debug][gc,phases      ] GC(32)     Dead                           Min: 0, Avg:  0.0, Max: 0, Diff: 0, Sum: 0, Workers: 4
[34.422s][debug][gc,phases      ] GC(32)     Total                          Min: 0, Avg:  0.0, Max: 0, Diff: 0, Sum: 0, Workers: 4
[34.422s][debug][gc,phases      ] GC(32)   Weak JFR Old Object Samples    Min:  0.0, Avg:  0.0, Max:  0.0, Diff:  0.0, Sum:  0.0, Workers: 4
[34.422s][debug][gc,phases      ] GC(32)     Dead                           Min: 0, Avg:  0.0, Max: 0, Diff: 0, Sum: 0, Workers: 4
[34.422s][debug][gc,phases      ] GC(32)     Total                          Min: 0, Avg:  0.0, Max: 0, Diff: 0, Sum: 0, Workers: 4
[34.422s][debug][gc,phases      ] GC(32) Weak Processing 1.122ms
[34.422s][debug][gc,age         ] GC(32) Desired survivor size 536870912 bytes, new threshold 11 (max threshold 15)
[34.422s][info ][gc,heap        ] GC(32) PSYoungGen: 1369646K(1565184K)->307488K(1365504K) Eden: 1057792K(1057792K)->0K(1057792K) From: 311854K(507392K)->307488K(307712K)
[34.422s][info ][gc,heap        ] GC(32) ParOldGen: 223709K(269824K)->229474K(269824K)
[34.422s][info ][gc,metaspace   ] GC(32) Metaspace: 67535K(68288K)->67535K(68288K) NonClass: 57715K(58112K)->57715K(58112K) Class: 9820K(10176K)->9820K(10176K)
[34.422s][info ][gc             ] GC(32) Pause Young (Allocation Failure) 1556M->524M(1597M) 328.524ms
[34.422s][info ][gc,cpu         ] GC(32) User=0.64s Sys=0.01s Real=0.32s
[34.422s][info ][safepoint      ] Safepoint "ParallelGCFailedAllocation", Time since last: 682640658 ns, Reaching safepoint: 19988449 ns, At safepoint: 328646090 ns, Total: 348634539 ns
[35.018s][info ][gc,start       ] GC(33) Pause Young (Allocation Failure)
[35.324s][debug][gc,phases      ] GC(33) Scavenge 306.012ms
[35.324s][debug][gc,ref         ] GC(33) Skipped phase 1 of Reference Processing: no references
[35.324s][debug][gc,ref         ] GC(33) ReferenceProcessor::execute queues: 1, RefProcThreadModel::Single, marks_oops_alive: false
[35.324s][debug][gc,ref         ] GC(33) Skipped phase 3 of Reference Processing: no references
[35.324s][debug][gc,ref         ] GC(33) ReferenceProcessor::execute queues: 1, RefProcThreadModel::Single, marks_oops_alive: false
[35.324s][debug][gc,phases      ] GC(33) Reference Processing 0.165ms
[35.325s][debug][gc,phases      ] GC(33)   VM Weak                        Min:  0.0, Avg:  0.0, Max:  0.0, Diff:  0.0, Sum:  0.0, Workers: 4
[35.325s][debug][gc,phases      ] GC(33)     Dead                           Min: 0, Avg:  0.0, Max: 0, Diff: 0, Sum: 0, Workers: 4
[35.325s][debug][gc,phases      ] GC(33)     Total                          Min: 0, Avg: 147.2, Max: 589, Diff: 589, Sum: 589, Workers: 4
[35.325s][debug][gc,phases      ] GC(33)   ObjectSynchronizer Weak        Min:  0.0, Avg:  0.0, Max:  0.0, Diff:  0.0, Sum:  0.0, Workers: 4
[35.325s][debug][gc,phases      ] GC(33)     Dead                           Min: 0, Avg:  0.0, Max: 0, Diff: 0, Sum: 0, Workers: 4
[35.325s][debug][gc,phases      ] GC(33)     Total                          Min: 0, Avg: 45.5, Max: 182, Diff: 182, Sum: 182, Workers: 4
[35.325s][debug][gc,phases      ] GC(33)   JVMTI Tag Weak OopStorage      Min:  0.0, Avg:  0.0, Max:  0.0, Diff:  0.0, Sum:  0.0, Workers: 4
[35.325s][debug][gc,phases      ] GC(33)     Dead                           Min: 0, Avg:  0.0, Max: 0, Diff: 0, Sum: 0, Workers: 4
[35.325s][debug][gc,phases      ] GC(33)     Total                          Min: 0, Avg:  0.0, Max: 0, Diff: 0, Sum: 0, Workers: 4
[35.325s][debug][gc,phases      ] GC(33)   StringTable Weak               Min:  0.0, Avg:  0.1, Max:  0.5, Diff:  0.5, Sum:  0.5, Workers: 4
[35.325s][debug][gc,phases      ] GC(33)     Dead                           Min: 0, Avg:  2.8, Max: 11, Diff: 11, Sum: 11, Workers: 4
[35.325s][debug][gc,phases      ] GC(33)     Total                          Min: 0, Avg: 10644.8, Max: 42579, Diff: 42579, Sum: 42579, Workers: 4
[35.325s][debug][gc,phases      ] GC(33)   ResolvedMethodTable Weak       Min:  0.0, Avg:  0.0, Max:  0.1, Diff:  0.1, Sum:  0.1, Workers: 4
[35.325s][debug][gc,phases      ] GC(33)     Dead                           Min: 0, Avg:  0.0, Max: 0, Diff: 0, Sum: 0, Workers: 4
[35.325s][debug][gc,phases      ] GC(33)     Total                          Min: 0, Avg: 1725.2, Max: 6901, Diff: 6901, Sum: 6901, Workers: 4
[35.325s][debug][gc,phases      ] GC(33)   JNI Weak                       Min:  0.0, Avg:  0.0, Max:  0.0, Diff:  0.0, Sum:  0.0, Workers: 4
[35.325s][debug][gc,phases      ] GC(33)     Dead                           Min: 0, Avg:  0.0, Max: 0, Diff: 0, Sum: 0, Workers: 4
[35.325s][debug][gc,phases      ] GC(33)     Total                          Min: 0, Avg:  0.2, Max: 1, Diff: 1, Sum: 1, Workers: 4
[35.325s][debug][gc,phases      ] GC(33)   StringDedup Table Weak         Min:  0.0, Avg:  0.0, Max:  0.0, Diff:  0.0, Sum:  0.0, Workers: 4
[35.325s][debug][gc,phases      ] GC(33)     Dead                           Min: 0, Avg:  0.0, Max: 0, Diff: 0, Sum: 0, Workers: 4
[35.325s][debug][gc,phases      ] GC(33)     Total                          Min: 0, Avg:  0.0, Max: 0, Diff: 0, Sum: 0, Workers: 4
[35.325s][debug][gc,phases      ] GC(33)   StringDedup Requests0 Weak     Min:  0.0, Avg:  0.0, Max:  0.0, Diff:  0.0, Sum:  0.0, Workers: 4
[35.325s][debug][gc,phases      ] GC(33)     Dead                           Min: 0, Avg:  0.0, Max: 0, Diff: 0, Sum: 0, Workers: 4
[35.325s][debug][gc,phases      ] GC(33)     Total                          Min: 0, Avg:  0.0, Max: 0, Diff: 0, Sum: 0, Workers: 4
[35.325s][debug][gc,phases      ] GC(33)   StringDedup Requests1 Weak     Min:  0.0, Avg:  0.0, Max:  0.0, Diff:  0.0, Sum:  0.0, Workers: 4
[35.325s][debug][gc,phases      ] GC(33)     Dead                           Min: 0, Avg:  0.0, Max: 0, Diff: 0, Sum: 0, Workers: 4
[35.325s][debug][gc,phases      ] GC(33)     Total                          Min: 0, Avg:  0.0, Max: 0, Diff: 0, Sum: 0, Workers: 4
[35.325s][debug][gc,phases      ] GC(33)   Weak JFR Old Object Samples    Min:  0.0, Avg:  0.0, Max:  0.0, Diff:  0.0, Sum:  0.0, Workers: 4
[35.325s][debug][gc,phases      ] GC(33)     Dead                           Min: 0, Avg:  0.0, Max: 0, Diff: 0, Sum: 0, Workers: 4
[35.325s][debug][gc,phases      ] GC(33)     Total                          Min: 0, Avg:  0.0, Max: 0, Diff: 0, Sum: 0, Workers: 4
[35.325s][debug][gc,phases      ] GC(33) Weak Processing 0.841ms
[35.325s][debug][gc,age         ] GC(33) Desired survivor size 536870912 bytes, new threshold 10 (max threshold 15)
[35.325s][info ][gc,heap        ] GC(33) PSYoungGen: 1365280K(1365504K)->305056K(1572864K) Eden: 1057792K(1057792K)->0K(1048576K) From: 307488K(307712K)->305056K(524288K)
[35.325s][info ][gc,heap        ] GC(33) ParOldGen: 229474K(269824K)->231475K(269824K)
[35.325s][info ][gc,metaspace   ] GC(33) Metaspace: 67604K(68352K)->67604K(68352K) NonClass: 57784K(58176K)->57784K(58176K) Class: 9820K(10176K)->9820K(10176K)
[35.325s][info ][gc             ] GC(33) Pause Young (Allocation Failure) 1557M->523M(1799M) 307.187ms
[35.325s][info ][gc,cpu         ] GC(33) User=0.62s Sys=0.00s Real=0.30s
[35.325s][info ][safepoint      ] Safepoint "ParallelGCFailedAllocation", Time since last: 578451506 ns, Reaching safepoint: 16988382 ns, At safepoint: 307328206 ns, Total: 324316588 ns
[35.886s][info ][gc,start       ] GC(34) Pause Young (Allocation Failure)
[36.206s][debug][gc,phases      ] GC(34) Scavenge 319.969ms
[36.206s][debug][gc,ref         ] GC(34) Skipped phase 1 of Reference Processing: no references
[36.206s][debug][gc,ref         ] GC(34) ReferenceProcessor::execute queues: 1, RefProcThreadModel::Single, marks_oops_alive: false
[36.206s][debug][gc,ref         ] GC(34) Skipped phase 3 of Reference Processing: no references
[36.206s][debug][gc,ref         ] GC(34) ReferenceProcessor::execute queues: 1, RefProcThreadModel::Single, marks_oops_alive: false
[36.206s][debug][gc,phases      ] GC(34) Reference Processing 0.192ms
[36.207s][debug][gc,phases      ] GC(34)   VM Weak                        Min:  0.0, Avg:  0.0, Max:  0.0, Diff:  0.0, Sum:  0.0, Workers: 4
[36.207s][debug][gc,phases      ] GC(34)     Dead                           Min: 0, Avg:  0.0, Max: 0, Diff: 0, Sum: 0, Workers: 4
[36.207s][debug][gc,phases      ] GC(34)     Total                          Min: 0, Avg: 147.2, Max: 589, Diff: 589, Sum: 589, Workers: 4
[36.207s][debug][gc,phases      ] GC(34)   ObjectSynchronizer Weak        Min:  0.0, Avg:  0.0, Max:  0.0, Diff:  0.0, Sum:  0.0, Workers: 4
[36.207s][debug][gc,phases      ] GC(34)     Dead                           Min: 0, Avg:  0.0, Max: 0, Diff: 0, Sum: 0, Workers: 4
[36.207s][debug][gc,phases      ] GC(34)     Total                          Min: 0, Avg: 45.5, Max: 182, Diff: 182, Sum: 182, Workers: 4
[36.207s][debug][gc,phases      ] GC(34)   JVMTI Tag Weak OopStorage      Min:  0.0, Avg:  0.0, Max:  0.0, Diff:  0.0, Sum:  0.0, Workers: 4
[36.207s][debug][gc,phases      ] GC(34)     Dead                           Min: 0, Avg:  0.0, Max: 0, Diff: 0, Sum: 0, Workers: 4
[36.207s][debug][gc,phases      ] GC(34)     Total                          Min: 0, Avg:  0.0, Max: 0, Diff: 0, Sum: 0, Workers: 4
[36.207s][debug][gc,phases      ] GC(34)   StringTable Weak               Min:  0.0, Avg:  0.1, Max:  0.4, Diff:  0.4, Sum:  0.4, Workers: 4
[36.207s][debug][gc,phases      ] GC(34)     Dead                           Min: 0, Avg:  2.8, Max: 11, Diff: 11, Sum: 11, Workers: 4
[36.207s][debug][gc,phases      ] GC(34)     Total                          Min: 0, Avg: 10646.8, Max: 42587, Diff: 42587, Sum: 42587, Workers: 4
[36.207s][debug][gc,phases      ] GC(34)   ResolvedMethodTable Weak       Min:  0.0, Avg:  0.0, Max:  0.1, Diff:  0.1, Sum:  0.1, Workers: 4
[36.207s][debug][gc,phases      ] GC(34)     Dead                           Min: 0, Avg:  0.0, Max: 0, Diff: 0, Sum: 0, Workers: 4
[36.207s][debug][gc,phases      ] GC(34)     Total                          Min: 0, Avg: 1725.2, Max: 6901, Diff: 6901, Sum: 6901, Workers: 4
[36.207s][debug][gc,phases      ] GC(34)   JNI Weak                       Min:  0.0, Avg:  0.0, Max:  0.0, Diff:  0.0, Sum:  0.0, Workers: 4
[36.207s][debug][gc,phases      ] GC(34)     Dead                           Min: 0, Avg:  0.0, Max: 0, Diff: 0, Sum: 0, Workers: 4
[36.207s][debug][gc,phases      ] GC(34)     Total                          Min: 0, Avg:  0.2, Max: 1, Diff: 1, Sum: 1, Workers: 4
[36.207s][debug][gc,phases      ] GC(34)   StringDedup Table Weak         Min:  0.0, Avg:  0.0, Max:  0.0, Diff:  0.0, Sum:  0.0, Workers: 4
[36.207s][debug][gc,phases      ] GC(34)     Dead                           Min: 0, Avg:  0.0, Max: 0, Diff: 0, Sum: 0, Workers: 4
[36.207s][debug][gc,phases      ] GC(34)     Total                          Min: 0, Avg:  0.0, Max: 0, Diff: 0, Sum: 0, Workers: 4
[36.207s][debug][gc,phases      ] GC(34)   StringDedup Requests0 Weak     Min:  0.0, Avg:  0.0, Max:  0.0, Diff:  0.0, Sum:  0.0, Workers: 4
[36.207s][debug][gc,phases      ] GC(34)     Dead                           Min: 0, Avg:  0.0, Max: 0, Diff: 0, Sum: 0, Workers: 4
[36.207s][debug][gc,phases      ] GC(34)     Total                          Min: 0, Avg:  0.0, Max: 0, Diff: 0, Sum: 0, Workers: 4
[36.207s][debug][gc,phases      ] GC(34)   StringDedup Requests1 Weak     Min:  0.0, Avg:  0.0, Max:  0.0, Diff:  0.0, Sum:  0.0, Workers: 4
[36.207s][debug][gc,phases      ] GC(34)     Dead                           Min: 0, Avg:  0.0, Max: 0, Diff: 0, Sum: 0, Workers: 4
[36.207s][debug][gc,phases      ] GC(34)     Total                          Min: 0, Avg:  0.0, Max: 0, Diff: 0, Sum: 0, Workers: 4
[36.207s][debug][gc,phases      ] GC(34)   Weak JFR Old Object Samples    Min:  0.0, Avg:  0.0, Max:  0.0, Diff:  0.0, Sum:  0.0, Workers: 4
[36.207s][debug][gc,phases      ] GC(34)     Dead                           Min: 0, Avg:  0.0, Max: 0, Diff: 0, Sum: 0, Workers: 4
[36.207s][debug][gc,phases      ] GC(34)     Total                          Min: 0, Avg:  0.0, Max: 0, Diff: 0, Sum: 0, Workers: 4
[36.207s][debug][gc,phases      ] GC(34) Weak Processing 0.798ms
[36.207s][debug][gc,age         ] GC(34) Desired survivor size 512229376 bytes, new threshold 9 (max threshold 15)
[36.207s][info ][gc,heap        ] GC(34) PSYoungGen: 1353632K(1572864K)->230160K(1572864K) Eden: 1048576K(1048576K)->0K(1048576K) From: 305056K(524288K)->230160K(524288K)
[36.207s][info ][gc,heap        ] GC(34) ParOldGen: 231475K(269824K)->305195K(305664K)
[36.207s][info ][gc,metaspace   ] GC(34) Metaspace: 67608K(68352K)->67608K(68352K) NonClass: 57788K(58176K)->57788K(58176K) Class: 9820K(10176K)->9820K(10176K)
[36.207s][info ][gc             ] GC(34) Pause Young (Allocation Failure) 1547M->522M(1834M) 321.144ms
[36.207s][info ][gc,cpu         ] GC(34) User=0.63s Sys=0.04s Real=0.32s
[36.207s][debug][gc,phases      ] GC(35) Pre Compact 0.017ms
[36.207s][info ][gc,start       ] GC(35) Pause Full (Ergonomics)
[36.207s][info ][gc,phases,start] GC(35) Marking Phase
[36.594s][debug][gc,phases      ] GC(35) Par Mark 386.691ms
[36.594s][debug][gc,ref         ] GC(35) Skipped phase 1 of Reference Processing: no references
[36.594s][debug][gc,ref         ] GC(35) ReferenceProcessor::execute queues: 4, RefProcThreadModel::Multi, marks_oops_alive: false
[36.602s][debug][gc,ref         ] GC(35) Skipped phase 3 of Reference Processing: no references
[36.602s][debug][gc,ref         ] GC(35) ReferenceProcessor::execute queues: 1, RefProcThreadModel::Single, marks_oops_alive: false
[36.602s][debug][gc,phases      ] GC(35) Reference Processing 7.982ms
[36.603s][debug][gc,phases      ] GC(35)   VM Weak                        Min:  0.0, Avg:  0.0, Max:  0.0, Diff:  0.0, Sum:  0.0, Workers: 4
[36.603s][debug][gc,phases      ] GC(35)     Dead                           Min: 0, Avg:  0.0, Max: 0, Diff: 0, Sum: 0, Workers: 4
[36.603s][debug][gc,phases      ] GC(35)     Total                          Min: 0, Avg: 147.2, Max: 589, Diff: 589, Sum: 589, Workers: 4
[36.603s][debug][gc,phases      ] GC(35)   ObjectSynchronizer Weak        Min:  0.0, Avg:  0.0, Max:  0.0, Diff:  0.0, Sum:  0.0, Workers: 4
[36.603s][debug][gc,phases      ] GC(35)     Dead                           Min: 0, Avg:  0.0, Max: 0, Diff: 0, Sum: 0, Workers: 4
[36.603s][debug][gc,phases      ] GC(35)     Total                          Min: 0, Avg: 45.5, Max: 182, Diff: 182, Sum: 182, Workers: 4
[36.603s][debug][gc,phases      ] GC(35)   JVMTI Tag Weak OopStorage      Min:  0.0, Avg:  0.0, Max:  0.0, Diff:  0.0, Sum:  0.0, Workers: 4
[36.603s][debug][gc,phases      ] GC(35)     Dead                           Min: 0, Avg:  0.0, Max: 0, Diff: 0, Sum: 0, Workers: 4
[36.603s][debug][gc,phases      ] GC(35)     Total                          Min: 0, Avg:  0.0, Max: 0, Diff: 0, Sum: 0, Workers: 4
[36.603s][debug][gc,phases      ] GC(35)   StringTable Weak               Min:  0.0, Avg:  0.2, Max:  0.8, Diff:  0.8, Sum:  0.8, Workers: 4
[36.603s][debug][gc,phases      ] GC(35)     Dead                           Min: 0, Avg:  0.0, Max: 0, Diff: 0, Sum: 0, Workers: 4
[36.603s][debug][gc,phases      ] GC(35)     Total                          Min: 0, Avg: 10646.8, Max: 42587, Diff: 42587, Sum: 42587, Workers: 4
[36.603s][debug][gc,phases      ] GC(35)   ResolvedMethodTable Weak       Min:  0.0, Avg:  0.0, Max:  0.1, Diff:  0.1, Sum:  0.1, Workers: 4
[36.603s][debug][gc,phases      ] GC(35)     Dead                           Min: 0, Avg:  0.2, Max: 1, Diff: 1, Sum: 1, Workers: 4
[36.603s][debug][gc,phases      ] GC(35)     Total                          Min: 0, Avg: 1725.2, Max: 6901, Diff: 6901, Sum: 6901, Workers: 4
[36.603s][debug][gc,phases      ] GC(35)   JNI Weak                       Min:  0.0, Avg:  0.0, Max:  0.0, Diff:  0.0, Sum:  0.0, Workers: 4
[36.603s][debug][gc,phases      ] GC(35)     Dead                           Min: 0, Avg:  0.0, Max: 0, Diff: 0, Sum: 0, Workers: 4
[36.603s][debug][gc,phases      ] GC(35)     Total                          Min: 0, Avg:  0.2, Max: 1, Diff: 1, Sum: 1, Workers: 4
[36.603s][debug][gc,phases      ] GC(35)   StringDedup Table Weak         Min:  0.0, Avg:  0.0, Max:  0.0, Diff:  0.0, Sum:  0.0, Workers: 4
[36.603s][debug][gc,phases      ] GC(35)     Dead                           Min: 0, Avg:  0.0, Max: 0, Diff: 0, Sum: 0, Workers: 4
[36.603s][debug][gc,phases      ] GC(35)     Total                          Min: 0, Avg:  0.0, Max: 0, Diff: 0, Sum: 0, Workers: 4
[36.603s][debug][gc,phases      ] GC(35)   StringDedup Requests0 Weak     Min:  0.0, Avg:  0.0, Max:  0.0, Diff:  0.0, Sum:  0.0, Workers: 4
[36.603s][debug][gc,phases      ] GC(35)     Dead                           Min: 0, Avg:  0.0, Max: 0, Diff: 0, Sum: 0, Workers: 4
[36.603s][debug][gc,phases      ] GC(35)     Total                          Min: 0, Avg:  0.0, Max: 0, Diff: 0, Sum: 0, Workers: 4
[36.603s][debug][gc,phases      ] GC(35)   StringDedup Requests1 Weak     Min:  0.0, Avg:  0.0, Max:  0.0, Diff:  0.0, Sum:  0.0, Workers: 4
[36.603s][debug][gc,phases      ] GC(35)     Dead                           Min: 0, Avg:  0.0, Max: 0, Diff: 0, Sum: 0, Workers: 4
[36.603s][debug][gc,phases      ] GC(35)     Total                          Min: 0, Avg:  0.0, Max: 0, Diff: 0, Sum: 0, Workers: 4
[36.603s][debug][gc,phases      ] GC(35)   Weak JFR Old Object Samples    Min:  0.0, Avg:  0.0, Max:  0.0, Diff:  0.0, Sum:  0.0, Workers: 4
[36.603s][debug][gc,phases      ] GC(35)     Dead                           Min: 0, Avg:  0.0, Max: 0, Diff: 0, Sum: 0, Workers: 4
[36.603s][debug][gc,phases      ] GC(35)     Total                          Min: 0, Avg:  0.0, Max: 0, Diff: 0, Sum: 0, Workers: 4
[36.603s][debug][gc,phases      ] GC(35) Weak Processing 1.169ms
[36.603s][debug][gc,phases      ] GC(35) ClassLoaderData 0.092ms
[36.603s][debug][gc,phases      ] GC(35) Trigger cleanups 0.001ms
[36.618s][debug][gc,phases      ] GC(35) Class Unloading 14.697ms
[36.618s][info ][gc,phases      ] GC(35) Marking Phase 410.761ms
[36.618s][info ][gc,phases,start] GC(35) Summary Phase
[36.618s][info ][gc,phases      ] GC(35) Summary Phase 0.029ms
[36.618s][info ][gc,phases,start] GC(35) Adjust Roots
[36.634s][info ][gc,phases      ] GC(35) Adjust Roots 15.929ms
[36.634s][info ][gc,phases,start] GC(35) Compaction Phase
[37.796s][info ][gc,phases      ] GC(35) Compaction Phase 1162.331ms
[37.796s][info ][gc,phases,start] GC(35) Post Compact
[37.801s][info ][gc,phases      ] GC(35) Post Compact 4.897ms
[37.801s][info ][gc,heap        ] GC(35) PSYoungGen: 230160K(1572864K)->226728K(1572864K) Eden: 0K(1048576K)->0K(1048576K) From: 230160K(524288K)->226728K(524288K)
[37.801s][info ][gc,heap        ] GC(35) ParOldGen: 305195K(305664K)->305187K(385536K)
[37.801s][info ][gc,metaspace   ] GC(35) Metaspace: 67608K(68352K)->67608K(68352K) NonClass: 57788K(58176K)->57788K(58176K) Class: 9820K(10176K)->9820K(10176K)
[37.801s][info ][gc             ] GC(35) Pause Full (Ergonomics) 522M->519M(1912M) 1594.325ms
[37.801s][info ][gc,cpu         ] GC(35) User=3.96s Sys=0.00s Real=1.59s
[37.826s][info ][safepoint      ] Safepoint "ParallelGCFailedAllocation", Time since last: 551748199 ns, Reaching safepoint: 8830199 ns, At safepoint: 1940003855 ns, Total: 1948834054 ns
[38.538s][info ][gc,start       ] GC(36) Pause Young (Allocation Failure)
[39.054s][debug][gc,phases      ] GC(36) Scavenge 515.859ms
[39.054s][debug][gc,ref         ] GC(36) Skipped phase 1 of Reference Processing: no references
[39.054s][debug][gc,ref         ] GC(36) ReferenceProcessor::execute queues: 1, RefProcThreadModel::Single, marks_oops_alive: false
[39.054s][debug][gc,ref         ] GC(36) Skipped phase 3 of Reference Processing: no references
[39.054s][debug][gc,ref         ] GC(36) Skipped phase 4 of Reference Processing: no references
[39.054s][debug][gc,phases      ] GC(36) Reference Processing 0.156ms
[39.055s][debug][gc,phases      ] GC(36)   VM Weak                        Min:  0.0, Avg:  0.0, Max:  0.0, Diff:  0.0, Sum:  0.0, Workers: 4
[39.055s][debug][gc,phases      ] GC(36)     Dead                           Min: 0, Avg:  0.0, Max: 0, Diff: 0, Sum: 0, Workers: 4
[39.055s][debug][gc,phases      ] GC(36)     Total                          Min: 0, Avg: 147.2, Max: 589, Diff: 589, Sum: 589, Workers: 4
[39.055s][debug][gc,phases      ] GC(36)   ObjectSynchronizer Weak        Min:  0.0, Avg:  0.0, Max:  0.0, Diff:  0.0, Sum:  0.0, Workers: 4
[39.055s][debug][gc,phases      ] GC(36)     Dead                           Min: 0, Avg:  0.0, Max: 0, Diff: 0, Sum: 0, Workers: 4
[39.055s][debug][gc,phases      ] GC(36)     Total                          Min: 0, Avg: 45.5, Max: 182, Diff: 182, Sum: 182, Workers: 4
[39.055s][debug][gc,phases      ] GC(36)   JVMTI Tag Weak OopStorage      Min:  0.0, Avg:  0.0, Max:  0.0, Diff:  0.0, Sum:  0.0, Workers: 4
[39.055s][debug][gc,phases      ] GC(36)     Dead                           Min: 0, Avg:  0.0, Max: 0, Diff: 0, Sum: 0, Workers: 4
[39.055s][debug][gc,phases      ] GC(36)     Total                          Min: 0, Avg:  0.0, Max: 0, Diff: 0, Sum: 0, Workers: 4
[39.055s][debug][gc,phases      ] GC(36)   StringTable Weak               Min:  0.0, Avg:  0.1, Max:  0.4, Diff:  0.4, Sum:  0.4, Workers: 4
[39.055s][debug][gc,phases      ] GC(36)     Dead                           Min: 0, Avg:  2.8, Max: 11, Diff: 11, Sum: 11, Workers: 4
[39.055s][debug][gc,phases      ] GC(36)     Total                          Min: 0, Avg: 10648.0, Max: 42592, Diff: 42592, Sum: 42592, Workers: 4
[39.055s][debug][gc,phases      ] GC(36)   ResolvedMethodTable Weak       Min:  0.0, Avg:  0.0, Max:  0.1, Diff:  0.1, Sum:  0.1, Workers: 4
[39.055s][debug][gc,phases      ] GC(36)     Dead                           Min: 0, Avg:  0.0, Max: 0, Diff: 0, Sum: 0, Workers: 4
[39.055s][debug][gc,phases      ] GC(36)     Total                          Min: 0, Avg: 1725.2, Max: 6901, Diff: 6901, Sum: 6901, Workers: 4
[39.055s][debug][gc,phases      ] GC(36)   JNI Weak                       Min:  0.0, Avg:  0.0, Max:  0.0, Diff:  0.0, Sum:  0.0, Workers: 4
[39.055s][debug][gc,phases      ] GC(36)     Dead                           Min: 0, Avg:  0.0, Max: 0, Diff: 0, Sum: 0, Workers: 4
[39.055s][debug][gc,phases      ] GC(36)     Total                          Min: 0, Avg:  0.0, Max: 0, Diff: 0, Sum: 0, Workers: 4
[39.055s][debug][gc,phases      ] GC(36)   StringDedup Table Weak         Min:  0.0, Avg:  0.0, Max:  0.0, Diff:  0.0, Sum:  0.0, Workers: 4
[39.055s][debug][gc,phases      ] GC(36)     Dead                           Min: 0, Avg:  0.0, Max: 0, Diff: 0, Sum: 0, Workers: 4
[39.055s][debug][gc,phases      ] GC(36)     Total                          Min: 0, Avg:  0.0, Max: 0, Diff: 0, Sum: 0, Workers: 4
[39.055s][debug][gc,phases      ] GC(36)   StringDedup Requests0 Weak     Min:  0.0, Avg:  0.0, Max:  0.0, Diff:  0.0, Sum:  0.0, Workers: 4
[39.055s][debug][gc,phases      ] GC(36)     Dead                           Min: 0, Avg:  0.0, Max: 0, Diff: 0, Sum: 0, Workers: 4
[39.055s][debug][gc,phases      ] GC(36)     Total                          Min: 0, Avg:  0.0, Max: 0, Diff: 0, Sum: 0, Workers: 4
[39.055s][debug][gc,phases      ] GC(36)   StringDedup Requests1 Weak     Min:  0.0, Avg:  0.0, Max:  0.0, Diff:  0.0, Sum:  0.0, Workers: 4
[39.055s][debug][gc,phases      ] GC(36)     Dead                           Min: 0, Avg:  0.0, Max: 0, Diff: 0, Sum: 0, Workers: 4
[39.055s][debug][gc,phases      ] GC(36)     Total                          Min: 0, Avg:  0.0, Max: 0, Diff: 0, Sum: 0, Workers: 4
[39.055s][debug][gc,phases      ] GC(36)   Weak JFR Old Object Samples    Min:  0.0, Avg:  0.0, Max:  0.0, Diff:  0.0, Sum:  0.0, Workers: 4
[39.055s][debug][gc,phases      ] GC(36)     Dead                           Min: 0, Avg:  0.0, Max: 0, Diff: 0, Sum: 0, Workers: 4
[39.055s][debug][gc,phases      ] GC(36)     Total                          Min: 0, Avg:  0.0, Max: 0, Diff: 0, Sum: 0, Workers: 4
[39.055s][debug][gc,phases      ] GC(36) Weak Processing 0.811ms
[39.055s][debug][gc,age         ] GC(36) Desired survivor size 514850816 bytes, new threshold 8 (max threshold 15)
[39.055s][info ][gc,heap        ] GC(36) PSYoungGen: 1275304K(1572864K)->46240K(1591808K) Eden: 1048576K(1048576K)->0K(1091584K) From: 226728K(524288K)->46240K(500224K)
[39.055s][info ][gc,heap        ] GC(36) ParOldGen: 305187K(385536K)->490739K(491008K)
[39.055s][info ][gc,metaspace   ] GC(36) Metaspace: 67611K(68352K)->67611K(68352K) NonClass: 57790K(58176K)->57790K(58176K) Class: 9820K(10176K)->9820K(10176K)
[39.055s][info ][gc             ] GC(36) Pause Young (Allocation Failure) 1543M->524M(2034M) 517.015ms
[39.055s][info ][gc,cpu         ] GC(36) User=0.63s Sys=0.06s Real=0.52s
[39.055s][debug][gc,phases      ] GC(37) Pre Compact 0.019ms
[39.055s][info ][gc,start       ] GC(37) Pause Full (Ergonomics)
[39.055s][info ][gc,phases,start] GC(37) Marking Phase
[39.426s][debug][gc,phases      ] GC(37) Par Mark 370.661ms
[39.426s][debug][gc,ref         ] GC(37) Skipped phase 1 of Reference Processing: no references
[39.426s][debug][gc,ref         ] GC(37) ReferenceProcessor::execute queues: 2, RefProcThreadModel::Multi, marks_oops_alive: false
[39.434s][debug][gc,ref         ] GC(37) Skipped phase 3 of Reference Processing: no references
[39.434s][debug][gc,ref         ] GC(37) ReferenceProcessor::execute queues: 1, RefProcThreadModel::Single, marks_oops_alive: false
[39.434s][debug][gc,phases      ] GC(37) Reference Processing 8.021ms
[39.435s][debug][gc,phases      ] GC(37)   VM Weak                        Min:  0.0, Avg:  0.0, Max:  0.0, Diff:  0.0, Sum:  0.0, Workers: 4
[39.435s][debug][gc,phases      ] GC(37)     Dead                           Min: 0, Avg:  0.0, Max: 0, Diff: 0, Sum: 0, Workers: 4
[39.435s][debug][gc,phases      ] GC(37)     Total                          Min: 0, Avg: 147.2, Max: 589, Diff: 589, Sum: 589, Workers: 4
[39.435s][debug][gc,phases      ] GC(37)   ObjectSynchronizer Weak        Min:  0.0, Avg:  0.0, Max:  0.0, Diff:  0.0, Sum:  0.0, Workers: 4
[39.435s][debug][gc,phases      ] GC(37)     Dead                           Min: 0, Avg:  0.0, Max: 0, Diff: 0, Sum: 0, Workers: 4
[39.435s][debug][gc,phases      ] GC(37)     Total                          Min: 0, Avg: 45.5, Max: 182, Diff: 182, Sum: 182, Workers: 4
[39.435s][debug][gc,phases      ] GC(37)   JVMTI Tag Weak OopStorage      Min:  0.0, Avg:  0.0, Max:  0.0, Diff:  0.0, Sum:  0.0, Workers: 4
[39.435s][debug][gc,phases      ] GC(37)     Dead                           Min: 0, Avg:  0.0, Max: 0, Diff: 0, Sum: 0, Workers: 4
[39.435s][debug][gc,phases      ] GC(37)     Total                          Min: 0, Avg:  0.0, Max: 0, Diff: 0, Sum: 0, Workers: 4
[39.435s][debug][gc,phases      ] GC(37)   StringTable Weak               Min:  0.0, Avg:  0.2, Max:  0.7, Diff:  0.7, Sum:  0.7, Workers: 4
[39.435s][debug][gc,phases      ] GC(37)     Dead                           Min: 0, Avg:  0.0, Max: 0, Diff: 0, Sum: 0, Workers: 4
[39.435s][debug][gc,phases      ] GC(37)     Total                          Min: 0, Avg: 10648.0, Max: 42592, Diff: 42592, Sum: 42592, Workers: 4
[39.435s][debug][gc,phases      ] GC(37)   ResolvedMethodTable Weak       Min:  0.0, Avg:  0.0, Max:  0.1, Diff:  0.1, Sum:  0.1, Workers: 4
[39.435s][debug][gc,phases      ] GC(37)     Dead                           Min: 0, Avg:  0.0, Max: 0, Diff: 0, Sum: 0, Workers: 4
[39.435s][debug][gc,phases      ] GC(37)     Total                          Min: 0, Avg: 1725.2, Max: 6901, Diff: 6901, Sum: 6901, Workers: 4
[39.435s][debug][gc,phases      ] GC(37)   JNI Weak                       Min:  0.0, Avg:  0.0, Max:  0.0, Diff:  0.0, Sum:  0.0, Workers: 4
[39.435s][debug][gc,phases      ] GC(37)     Dead                           Min: 0, Avg:  0.0, Max: 0, Diff: 0, Sum: 0, Workers: 4
[39.435s][debug][gc,phases      ] GC(37)     Total                          Min: 0, Avg:  0.0, Max: 0, Diff: 0, Sum: 0, Workers: 4
[39.435s][debug][gc,phases      ] GC(37)   StringDedup Table Weak         Min:  0.0, Avg:  0.0, Max:  0.0, Diff:  0.0, Sum:  0.0, Workers: 4
[39.435s][debug][gc,phases      ] GC(37)     Dead                           Min: 0, Avg:  0.0, Max: 0, Diff: 0, Sum: 0, Workers: 4
[39.435s][debug][gc,phases      ] GC(37)     Total                          Min: 0, Avg:  0.0, Max: 0, Diff: 0, Sum: 0, Workers: 4
[39.435s][debug][gc,phases      ] GC(37)   StringDedup Requests0 Weak     Min:  0.0, Avg:  0.0, Max:  0.0, Diff:  0.0, Sum:  0.0, Workers: 4
[39.435s][debug][gc,phases      ] GC(37)     Dead                           Min: 0, Avg:  0.0, Max: 0, Diff: 0, Sum: 0, Workers: 4
[39.435s][debug][gc,phases      ] GC(37)     Total                          Min: 0, Avg:  0.0, Max: 0, Diff: 0, Sum: 0, Workers: 4
[39.435s][debug][gc,phases      ] GC(37)   StringDedup Requests1 Weak     Min:  0.0, Avg:  0.0, Max:  0.0, Diff:  0.0, Sum:  0.0, Workers: 4
[39.435s][debug][gc,phases      ] GC(37)     Dead                           Min: 0, Avg:  0.0, Max: 0, Diff: 0, Sum: 0, Workers: 4
[39.435s][debug][gc,phases      ] GC(37)     Total                          Min: 0, Avg:  0.0, Max: 0, Diff: 0, Sum: 0, Workers: 4
[39.435s][debug][gc,phases      ] GC(37)   Weak JFR Old Object Samples    Min:  0.0, Avg:  0.0, Max:  0.0, Diff:  0.0, Sum:  0.0, Workers: 4
[39.435s][debug][gc,phases      ] GC(37)     Dead                           Min: 0, Avg:  0.0, Max: 0, Diff: 0, Sum: 0, Workers: 4
[39.435s][debug][gc,phases      ] GC(37)     Total                          Min: 0, Avg:  0.0, Max: 0, Diff: 0, Sum: 0, Workers: 4
[39.435s][debug][gc,phases      ] GC(37) Weak Processing 1.041ms
[39.435s][debug][gc,phases      ] GC(37) ClassLoaderData 0.084ms
[39.435s][debug][gc,phases      ] GC(37) Trigger cleanups 0.001ms
[39.447s][debug][gc,phases      ] GC(37) Class Unloading 12.169ms
[39.447s][info ][gc,phases      ] GC(37) Marking Phase 392.090ms
[39.447s][info ][gc,phases,start] GC(37) Summary Phase
[39.447s][info ][gc,phases      ] GC(37) Summary Phase 0.016ms
[39.447s][info ][gc,phases,start] GC(37) Adjust Roots
[39.458s][info ][gc,phases      ] GC(37) Adjust Roots 10.626ms
[39.458s][info ][gc,phases,start] GC(37) Compaction Phase
[40.249s][info ][gc,phases      ] GC(37) Compaction Phase 790.974ms
[40.249s][info ][gc,phases,start] GC(37) Post Compact
[40.251s][info ][gc,phases      ] GC(37) Post Compact 1.950ms
[40.251s][info ][gc,heap        ] GC(37) PSYoungGen: 46240K(1591808K)->39295K(1591808K) Eden: 0K(1091584K)->0K(1091584K) From: 46240K(500224K)->39295K(500224K)
[40.251s][info ][gc,heap        ] GC(37) ParOldGen: 490739K(491008K)->490557K(636416K)
[40.251s][info ][gc,metaspace   ] GC(37) Metaspace: 67611K(68352K)->67611K(68352K) NonClass: 57790K(58176K)->57790K(58176K) Class: 9820K(10176K)->9820K(10176K)
[40.251s][info ][gc             ] GC(37) Pause Full (Ergonomics) 524M->517M(2176M) 1196.120ms
[40.251s][info ][gc,cpu         ] GC(37) User=3.12s Sys=0.01s Real=1.19s
[40.286s][info ][safepoint      ] Safepoint "ParallelGCFailedAllocation", Time since last: 700014202 ns, Reaching safepoint: 12073470 ns, At safepoint: 1747978480 ns, Total: 1760051950 ns
[41.078s][info ][gc,start       ] GC(38) Pause Young (Allocation Failure)
[41.282s][debug][gc,phases      ] GC(38) Scavenge 204.008ms
[41.282s][debug][gc,ref         ] GC(38) Skipped phase 1 of Reference Processing: no references
[41.282s][debug][gc,ref         ] GC(38) ReferenceProcessor::execute queues: 1, RefProcThreadModel::Single, marks_oops_alive: false
[41.282s][debug][gc,ref         ] GC(38) Skipped phase 3 of Reference Processing: no references
[41.282s][debug][gc,ref         ] GC(38) ReferenceProcessor::execute queues: 1, RefProcThreadModel::Single, marks_oops_alive: false
[41.282s][debug][gc,phases      ] GC(38) Reference Processing 0.157ms
[41.286s][debug][gc,phases      ] GC(38)   VM Weak                        Min:  0.0, Avg:  0.0, Max:  0.0, Diff:  0.0, Sum:  0.0, Workers: 4
[41.286s][debug][gc,phases      ] GC(38)     Dead                           Min: 0, Avg:  0.0, Max: 0, Diff: 0, Sum: 0, Workers: 4
[41.286s][debug][gc,phases      ] GC(38)     Total                          Min: 0, Avg: 147.2, Max: 589, Diff: 589, Sum: 589, Workers: 4
[41.286s][debug][gc,phases      ] GC(38)   ObjectSynchronizer Weak        Min:  0.0, Avg:  0.0, Max:  0.0, Diff:  0.0, Sum:  0.0, Workers: 4
[41.286s][debug][gc,phases      ] GC(38)     Dead                           Min: 0, Avg:  0.0, Max: 0, Diff: 0, Sum: 0, Workers: 4
[41.286s][debug][gc,phases      ] GC(38)     Total                          Min: 0, Avg: 45.5, Max: 182, Diff: 182, Sum: 182, Workers: 4
[41.286s][debug][gc,phases      ] GC(38)   JVMTI Tag Weak OopStorage      Min:  0.0, Avg:  0.0, Max:  0.0, Diff:  0.0, Sum:  0.0, Workers: 4
[41.286s][debug][gc,phases      ] GC(38)     Dead                           Min: 0, Avg:  0.0, Max: 0, Diff: 0, Sum: 0, Workers: 4
[41.286s][debug][gc,phases      ] GC(38)     Total                          Min: 0, Avg:  0.0, Max: 0, Diff: 0, Sum: 0, Workers: 4
[41.286s][debug][gc,phases      ] GC(38)   StringTable Weak               Min:  0.0, Avg:  0.1, Max:  0.4, Diff:  0.4, Sum:  0.4, Workers: 4
[41.286s][debug][gc,phases      ] GC(38)     Dead                           Min: 0, Avg:  3.0, Max: 12, Diff: 12, Sum: 12, Workers: 4
[41.286s][debug][gc,phases      ] GC(38)     Total                          Min: 0, Avg: 10655.0, Max: 42620, Diff: 42620, Sum: 42620, Workers: 4
[41.286s][debug][gc,phases      ] GC(38)   ResolvedMethodTable Weak       Min:  0.0, Avg:  0.0, Max:  0.1, Diff:  0.1, Sum:  0.1, Workers: 4
[41.286s][debug][gc,phases      ] GC(38)     Dead                           Min: 0, Avg:  0.0, Max: 0, Diff: 0, Sum: 0, Workers: 4
[41.286s][debug][gc,phases      ] GC(38)     Total                          Min: 0, Avg: 1730.8, Max: 6923, Diff: 6923, Sum: 6923, Workers: 4
[41.286s][debug][gc,phases      ] GC(38)   JNI Weak                       Min:  0.0, Avg:  0.0, Max:  0.0, Diff:  0.0, Sum:  0.0, Workers: 4
[41.286s][debug][gc,phases      ] GC(38)     Dead                           Min: 0, Avg:  0.0, Max: 0, Diff: 0, Sum: 0, Workers: 4
[41.286s][debug][gc,phases      ] GC(38)     Total                          Min: 0, Avg:  2.8, Max: 11, Diff: 11, Sum: 11, Workers: 4
[41.286s][debug][gc,phases      ] GC(38)   StringDedup Table Weak         Min:  0.0, Avg:  0.0, Max:  0.0, Diff:  0.0, Sum:  0.0, Workers: 4
[41.286s][debug][gc,phases      ] GC(38)     Dead                           Min: 0, Avg:  0.0, Max: 0, Diff: 0, Sum: 0, Workers: 4
[41.286s][debug][gc,phases      ] GC(38)     Total                          Min: 0, Avg:  0.0, Max: 0, Diff: 0, Sum: 0, Workers: 4
[41.286s][debug][gc,phases      ] GC(38)   StringDedup Requests0 Weak     Min:  0.0, Avg:  0.0, Max:  0.0, Diff:  0.0, Sum:  0.0, Workers: 4
[41.286s][debug][gc,phases      ] GC(38)     Dead                           Min: 0, Avg:  0.0, Max: 0, Diff: 0, Sum: 0, Workers: 4
[41.286s][debug][gc,phases      ] GC(38)     Total                          Min: 0, Avg:  0.0, Max: 0, Diff: 0, Sum: 0, Workers: 4
[41.286s][debug][gc,phases      ] GC(38)   StringDedup Requests1 Weak     Min:  0.0, Avg:  0.0, Max:  0.0, Diff:  0.0, Sum:  0.0, Workers: 4
[41.286s][debug][gc,phases      ] GC(38)     Dead                           Min: 0, Avg:  0.0, Max: 0, Diff: 0, Sum: 0, Workers: 4
[41.286s][debug][gc,phases      ] GC(38)     Total                          Min: 0, Avg:  0.0, Max: 0, Diff: 0, Sum: 0, Workers: 4
[41.286s][debug][gc,phases      ] GC(38)   Weak JFR Old Object Samples    Min:  0.0, Avg:  0.0, Max:  0.0, Diff:  0.0, Sum:  0.0, Workers: 4
[41.286s][debug][gc,phases      ] GC(38)     Dead                           Min: 0, Avg:  0.0, Max: 0, Diff: 0, Sum: 0, Workers: 4
[41.286s][debug][gc,phases      ] GC(38)     Total                          Min: 0, Avg:  0.0, Max: 0, Diff: 0, Sum: 0, Workers: 4
[41.286s][debug][gc,phases      ] GC(38) Weak Processing 3.892ms
[41.286s][debug][gc,age         ] GC(38) Desired survivor size 513277952 bytes, new threshold 8 (max threshold 15)
[41.286s][info ][gc,heap        ] GC(38) PSYoungGen: 1130879K(1591808K)->42528K(1594368K) Eden: 1091584K(1091584K)->0K(1091584K) From: 39295K(500224K)->42528K(502784K)
[41.286s][info ][gc,heap        ] GC(38) ParOldGen: 490557K(636416K)->496141K(636416K)
[41.286s][info ][gc,metaspace   ] GC(38) Metaspace: 67633K(68352K)->67633K(68352K) NonClass: 57805K(58176K)->57805K(58176K) Class: 9828K(10176K)->9828K(10176K)
[41.286s][info ][gc             ] GC(38) Pause Young (Allocation Failure) 1583M->526M(2178M) 208.232ms
[41.286s][info ][gc,cpu         ] GC(38) User=0.34s Sys=0.00s Real=0.21s
[41.286s][info ][safepoint      ] Safepoint "ParallelGCFailedAllocation", Time since last: 757575168 ns, Reaching safepoint: 34357269 ns, At safepoint: 208379465 ns, Total: 242736734 ns
[41.950s][info ][gc,start       ] GC(39) Pause Young (Allocation Failure)
[42.006s][debug][gc,phases      ] GC(39) Scavenge 55.401ms
[42.006s][debug][gc,ref         ] GC(39) Skipped phase 1 of Reference Processing: no references
[42.006s][debug][gc,ref         ] GC(39) ReferenceProcessor::execute queues: 1, RefProcThreadModel::Single, marks_oops_alive: false
[42.006s][debug][gc,ref         ] GC(39) Skipped phase 3 of Reference Processing: no references
[42.006s][debug][gc,ref         ] GC(39) Skipped phase 4 of Reference Processing: no references
[42.006s][debug][gc,phases      ] GC(39) Reference Processing 0.135ms
[42.007s][debug][gc,phases      ] GC(39)   VM Weak                        Min:  0.0, Avg:  0.0, Max:  0.0, Diff:  0.0, Sum:  0.0, Workers: 4
[42.007s][debug][gc,phases      ] GC(39)     Dead                           Min: 0, Avg:  0.0, Max: 0, Diff: 0, Sum: 0, Workers: 4
[42.007s][debug][gc,phases      ] GC(39)     Total                          Min: 0, Avg: 147.2, Max: 589, Diff: 589, Sum: 589, Workers: 4
[42.007s][debug][gc,phases      ] GC(39)   ObjectSynchronizer Weak        Min:  0.0, Avg:  0.0, Max:  0.0, Diff:  0.0, Sum:  0.0, Workers: 4
[42.007s][debug][gc,phases      ] GC(39)     Dead                           Min: 0, Avg:  0.0, Max: 0, Diff: 0, Sum: 0, Workers: 4
[42.007s][debug][gc,phases      ] GC(39)     Total                          Min: 0, Avg: 45.5, Max: 182, Diff: 182, Sum: 182, Workers: 4
[42.007s][debug][gc,phases      ] GC(39)   JVMTI Tag Weak OopStorage      Min:  0.0, Avg:  0.0, Max:  0.0, Diff:  0.0, Sum:  0.0, Workers: 4
[42.007s][debug][gc,phases      ] GC(39)     Dead                           Min: 0, Avg:  0.0, Max: 0, Diff: 0, Sum: 0, Workers: 4
[42.007s][debug][gc,phases      ] GC(39)     Total                          Min: 0, Avg:  0.0, Max: 0, Diff: 0, Sum: 0, Workers: 4
[42.007s][debug][gc,phases      ] GC(39)   StringTable Weak               Min:  0.0, Avg:  0.1, Max:  0.5, Diff:  0.5, Sum:  0.5, Workers: 4
[42.007s][debug][gc,phases      ] GC(39)     Dead                           Min: 0, Avg:  2.8, Max: 11, Diff: 11, Sum: 11, Workers: 4
[42.007s][debug][gc,phases      ] GC(39)     Total                          Min: 0, Avg: 10655.2, Max: 42621, Diff: 42621, Sum: 42621, Workers: 4
[42.007s][debug][gc,phases      ] GC(39)   ResolvedMethodTable Weak       Min:  0.0, Avg:  0.0, Max:  0.1, Diff:  0.1, Sum:  0.1, Workers: 4
[42.007s][debug][gc,phases      ] GC(39)     Dead                           Min: 0, Avg:  0.0, Max: 0, Diff: 0, Sum: 0, Workers: 4
[42.007s][debug][gc,phases      ] GC(39)     Total                          Min: 0, Avg: 1730.8, Max: 6923, Diff: 6923, Sum: 6923, Workers: 4
[42.007s][debug][gc,phases      ] GC(39)   JNI Weak                       Min:  0.0, Avg:  0.0, Max:  0.0, Diff:  0.0, Sum:  0.0, Workers: 4
[42.007s][debug][gc,phases      ] GC(39)     Dead                           Min: 0, Avg:  0.0, Max: 0, Diff: 0, Sum: 0, Workers: 4
[42.007s][debug][gc,phases      ] GC(39)     Total                          Min: 0, Avg:  0.8, Max: 3, Diff: 3, Sum: 3, Workers: 4
[42.007s][debug][gc,phases      ] GC(39)   StringDedup Table Weak         Min:  0.0, Avg:  0.0, Max:  0.0, Diff:  0.0, Sum:  0.0, Workers: 4
[42.007s][debug][gc,phases      ] GC(39)     Dead                           Min: 0, Avg:  0.0, Max: 0, Diff: 0, Sum: 0, Workers: 4
[42.007s][debug][gc,phases      ] GC(39)     Total                          Min: 0, Avg:  0.0, Max: 0, Diff: 0, Sum: 0, Workers: 4
[42.007s][debug][gc,phases      ] GC(39)   StringDedup Requests0 Weak     Min:  0.0, Avg:  0.0, Max:  0.0, Diff:  0.0, Sum:  0.0, Workers: 4
[42.007s][debug][gc,phases      ] GC(39)     Dead                           Min: 0, Avg:  0.0, Max: 0, Diff: 0, Sum: 0, Workers: 4
[42.007s][debug][gc,phases      ] GC(39)     Total                          Min: 0, Avg:  0.0, Max: 0, Diff: 0, Sum: 0, Workers: 4
[42.007s][debug][gc,phases      ] GC(39)   StringDedup Requests1 Weak     Min:  0.0, Avg:  0.0, Max:  0.0, Diff:  0.0, Sum:  0.0, Workers: 4
[42.007s][debug][gc,phases      ] GC(39)     Dead                           Min: 0, Avg:  0.0, Max: 0, Diff: 0, Sum: 0, Workers: 4
[42.007s][debug][gc,phases      ] GC(39)     Total                          Min: 0, Avg:  0.0, Max: 0, Diff: 0, Sum: 0, Workers: 4
[42.007s][debug][gc,phases      ] GC(39)   Weak JFR Old Object Samples    Min:  0.0, Avg:  0.0, Max:  0.0, Diff:  0.0, Sum:  0.0, Workers: 4
[42.007s][debug][gc,phases      ] GC(39)     Dead                           Min: 0, Avg:  0.0, Max: 0, Diff: 0, Sum: 0, Workers: 4
[42.007s][debug][gc,phases      ] GC(39)     Total                          Min: 0, Avg:  0.0, Max: 0, Diff: 0, Sum: 0, Workers: 4
[42.007s][debug][gc,phases      ] GC(39) Weak Processing 0.851ms
[42.007s][debug][gc,age         ] GC(39) Desired survivor size 506986496 bytes, new threshold 9 (max threshold 15)
[42.007s][info ][gc,heap        ] GC(39) PSYoungGen: 1134112K(1594368K)->45920K(1602048K) Eden: 1091584K(1091584K)->0K(1100800K) From: 42528K(502784K)->45920K(501248K)
[42.007s][info ][gc,heap        ] GC(39) ParOldGen: 496141K(636416K)->503045K(636416K)
[42.007s][info ][gc,metaspace   ] GC(39) Metaspace: 67653K(68416K)->67653K(68416K) NonClass: 57825K(58240K)->57825K(58240K) Class: 9828K(10176K)->9828K(10176K)
[42.007s][info ][gc             ] GC(39) Pause Young (Allocation Failure) 1592M->536M(2186M) 56.562ms
[42.007s][info ][gc,cpu         ] GC(39) User=0.09s Sys=0.00s Real=0.06s
[42.007s][info ][safepoint      ] Safepoint "ParallelGCFailedAllocation", Time since last: 654040740 ns, Reaching safepoint: 10095526 ns, At safepoint: 56699369 ns, Total: 66794895 ns
[42.538s][info ][gc,start       ] GC(40) Pause Young (Allocation Failure)
[42.598s][debug][gc,phases      ] GC(40) Scavenge 60.183ms
[42.598s][debug][gc,ref         ] GC(40) Skipped phase 1 of Reference Processing: no references
[42.598s][debug][gc,ref         ] GC(40) ReferenceProcessor::execute queues: 1, RefProcThreadModel::Single, marks_oops_alive: false
[42.598s][debug][gc,ref         ] GC(40) Skipped phase 3 of Reference Processing: no references
[42.598s][debug][gc,ref         ] GC(40) Skipped phase 4 of Reference Processing: no references
[42.598s][debug][gc,phases      ] GC(40) Reference Processing 0.141ms
[42.599s][debug][gc,phases      ] GC(40)   VM Weak                        Min:  0.0, Avg:  0.0, Max:  0.0, Diff:  0.0, Sum:  0.0, Workers: 4
[42.599s][debug][gc,phases      ] GC(40)     Dead                           Min: 0, Avg:  0.0, Max: 0, Diff: 0, Sum: 0, Workers: 4
[42.599s][debug][gc,phases      ] GC(40)     Total                          Min: 0, Avg: 147.2, Max: 589, Diff: 589, Sum: 589, Workers: 4
[42.599s][debug][gc,phases      ] GC(40)   ObjectSynchronizer Weak        Min:  0.0, Avg:  0.0, Max:  0.0, Diff:  0.0, Sum:  0.0, Workers: 4
[42.599s][debug][gc,phases      ] GC(40)     Dead                           Min: 0, Avg:  0.0, Max: 0, Diff: 0, Sum: 0, Workers: 4
[42.599s][debug][gc,phases      ] GC(40)     Total                          Min: 0, Avg: 45.5, Max: 182, Diff: 182, Sum: 182, Workers: 4
[42.599s][debug][gc,phases      ] GC(40)   JVMTI Tag Weak OopStorage      Min:  0.0, Avg:  0.0, Max:  0.0, Diff:  0.0, Sum:  0.0, Workers: 4
[42.599s][debug][gc,phases      ] GC(40)     Dead                           Min: 0, Avg:  0.0, Max: 0, Diff: 0, Sum: 0, Workers: 4
[42.599s][debug][gc,phases      ] GC(40)     Total                          Min: 0, Avg:  0.0, Max: 0, Diff: 0, Sum: 0, Workers: 4
[42.599s][debug][gc,phases      ] GC(40)   StringTable Weak               Min:  0.0, Avg:  0.1, Max:  0.4, Diff:  0.4, Sum:  0.4, Workers: 4
[42.599s][debug][gc,phases      ] GC(40)     Dead                           Min: 0, Avg:  2.8, Max: 11, Diff: 11, Sum: 11, Workers: 4
[42.599s][debug][gc,phases      ] GC(40)     Total                          Min: 0, Avg: 10655.5, Max: 42622, Diff: 42622, Sum: 42622, Workers: 4
[42.599s][debug][gc,phases      ] GC(40)   ResolvedMethodTable Weak       Min:  0.0, Avg:  0.0, Max:  0.1, Diff:  0.1, Sum:  0.1, Workers: 4
[42.599s][debug][gc,phases      ] GC(40)     Dead                           Min: 0, Avg:  0.0, Max: 0, Diff: 0, Sum: 0, Workers: 4
[42.599s][debug][gc,phases      ] GC(40)     Total                          Min: 0, Avg: 1730.8, Max: 6923, Diff: 6923, Sum: 6923, Workers: 4
[42.599s][debug][gc,phases      ] GC(40)   JNI Weak                       Min:  0.0, Avg:  0.0, Max:  0.0, Diff:  0.0, Sum:  0.0, Workers: 4
[42.599s][debug][gc,phases      ] GC(40)     Dead                           Min: 0, Avg:  0.0, Max: 0, Diff: 0, Sum: 0, Workers: 4
[42.599s][debug][gc,phases      ] GC(40)     Total                          Min: 0, Avg:  2.2, Max: 9, Diff: 9, Sum: 9, Workers: 4
[42.599s][debug][gc,phases      ] GC(40)   StringDedup Table Weak         Min:  0.0, Avg:  0.0, Max:  0.0, Diff:  0.0, Sum:  0.0, Workers: 4
[42.599s][debug][gc,phases      ] GC(40)     Dead                           Min: 0, Avg:  0.0, Max: 0, Diff: 0, Sum: 0, Workers: 4
[42.599s][debug][gc,phases      ] GC(40)     Total                          Min: 0, Avg:  0.0, Max: 0, Diff: 0, Sum: 0, Workers: 4
[42.599s][debug][gc,phases      ] GC(40)   StringDedup Requests0 Weak     Min:  0.0, Avg:  0.0, Max:  0.0, Diff:  0.0, Sum:  0.0, Workers: 4
[42.599s][debug][gc,phases      ] GC(40)     Dead                           Min: 0, Avg:  0.0, Max: 0, Diff: 0, Sum: 0, Workers: 4
[42.599s][debug][gc,phases      ] GC(40)     Total                          Min: 0, Avg:  0.0, Max: 0, Diff: 0, Sum: 0, Workers: 4
[42.599s][debug][gc,phases      ] GC(40)   StringDedup Requests1 Weak     Min:  0.0, Avg:  0.0, Max:  0.0, Diff:  0.0, Sum:  0.0, Workers: 4
[42.599s][debug][gc,phases      ] GC(40)     Dead                           Min: 0, Avg:  0.0, Max: 0, Diff: 0, Sum: 0, Workers: 4
[42.599s][debug][gc,phases      ] GC(40)     Total                          Min: 0, Avg:  0.0, Max: 0, Diff: 0, Sum: 0, Workers: 4
[42.599s][debug][gc,phases      ] GC(40)   Weak JFR Old Object Samples    Min:  0.0, Avg:  0.0, Max:  0.0, Diff:  0.0, Sum:  0.0, Workers: 4
[42.599s][debug][gc,phases      ] GC(40)     Dead                           Min: 0, Avg:  0.0, Max: 0, Diff: 0, Sum: 0, Workers: 4
[42.599s][debug][gc,phases      ] GC(40)     Total                          Min: 0, Avg:  0.0, Max: 0, Diff: 0, Sum: 0, Workers: 4
[42.599s][debug][gc,phases      ] GC(40) Weak Processing 0.775ms
[42.599s][debug][gc,age         ] GC(40) Desired survivor size 495976448 bytes, new threshold 10 (max threshold 15)
[42.599s][info ][gc,heap        ] GC(40) PSYoungGen: 1146720K(1602048K)->52176K(1595904K) Eden: 1100800K(1100800K)->0K(1100800K) From: 45920K(501248K)->52176K(495104K)
[42.599s][info ][gc,heap        ] GC(40) ParOldGen: 503045K(636416K)->503045K(636416K)
[42.599s][info ][gc,metaspace   ] GC(40) Metaspace: 67662K(68416K)->67662K(68416K) NonClass: 57834K(58240K)->57834K(58240K) Class: 9828K(10176K)->9828K(10176K)
[42.599s][info ][gc             ] GC(40) Pause Young (Allocation Failure) 1611M->542M(2180M) 61.270ms
[42.599s][info ][gc,cpu         ] GC(40) User=0.08s Sys=0.00s Real=0.06s
[42.599s][info ][safepoint      ] Safepoint "ParallelGCFailedAllocation", Time since last: 501606521 ns, Reaching safepoint: 29244354 ns, At safepoint: 61413074 ns, Total: 90657428 ns
[43.430s][info ][gc,start       ] GC(41) Pause Young (Allocation Failure)
[43.510s][debug][gc,phases      ] GC(41) Scavenge 79.775ms
[43.510s][debug][gc,ref         ] GC(41) Skipped phase 1 of Reference Processing: no references
[43.510s][debug][gc,ref         ] GC(41) ReferenceProcessor::execute queues: 1, RefProcThreadModel::Single, marks_oops_alive: false
[43.510s][debug][gc,ref         ] GC(41) Skipped phase 3 of Reference Processing: no references
[43.510s][debug][gc,ref         ] GC(41) ReferenceProcessor::execute queues: 1, RefProcThreadModel::Single, marks_oops_alive: false
[43.510s][debug][gc,phases      ] GC(41) Reference Processing 0.130ms
[43.511s][debug][gc,phases      ] GC(41)   VM Weak                        Min:  0.0, Avg:  0.0, Max:  0.0, Diff:  0.0, Sum:  0.0, Workers: 4
[43.511s][debug][gc,phases      ] GC(41)     Dead                           Min: 0, Avg:  0.0, Max: 0, Diff: 0, Sum: 0, Workers: 4
[43.511s][debug][gc,phases      ] GC(41)     Total                          Min: 0, Avg: 147.2, Max: 589, Diff: 589, Sum: 589, Workers: 4
[43.511s][debug][gc,phases      ] GC(41)   ObjectSynchronizer Weak        Min:  0.0, Avg:  0.0, Max:  0.0, Diff:  0.0, Sum:  0.0, Workers: 4
[43.511s][debug][gc,phases      ] GC(41)     Dead                           Min: 0, Avg:  0.0, Max: 0, Diff: 0, Sum: 0, Workers: 4
[43.511s][debug][gc,phases      ] GC(41)     Total                          Min: 0, Avg: 45.5, Max: 182, Diff: 182, Sum: 182, Workers: 4
[43.511s][debug][gc,phases      ] GC(41)   JVMTI Tag Weak OopStorage      Min:  0.0, Avg:  0.0, Max:  0.0, Diff:  0.0, Sum:  0.0, Workers: 4
[43.511s][debug][gc,phases      ] GC(41)     Dead                           Min: 0, Avg:  0.0, Max: 0, Diff: 0, Sum: 0, Workers: 4
[43.511s][debug][gc,phases      ] GC(41)     Total                          Min: 0, Avg:  0.0, Max: 0, Diff: 0, Sum: 0, Workers: 4
[43.511s][debug][gc,phases      ] GC(41)   StringTable Weak               Min:  0.0, Avg:  0.1, Max:  0.5, Diff:  0.5, Sum:  0.5, Workers: 4
[43.511s][debug][gc,phases      ] GC(41)     Dead                           Min: 0, Avg:  2.8, Max: 11, Diff: 11, Sum: 11, Workers: 4
[43.511s][debug][gc,phases      ] GC(41)     Total                          Min: 0, Avg: 10660.0, Max: 42640, Diff: 42640, Sum: 42640, Workers: 4
[43.511s][debug][gc,phases      ] GC(41)   ResolvedMethodTable Weak       Min:  0.0, Avg:  0.0, Max:  0.1, Diff:  0.1, Sum:  0.1, Workers: 4
[43.511s][debug][gc,phases      ] GC(41)     Dead                           Min: 0, Avg:  0.0, Max: 0, Diff: 0, Sum: 0, Workers: 4
[43.511s][debug][gc,phases      ] GC(41)     Total                          Min: 0, Avg: 1730.8, Max: 6923, Diff: 6923, Sum: 6923, Workers: 4
[43.511s][debug][gc,phases      ] GC(41)   JNI Weak                       Min:  0.0, Avg:  0.0, Max:  0.0, Diff:  0.0, Sum:  0.0, Workers: 4
[43.511s][debug][gc,phases      ] GC(41)     Dead                           Min: 0, Avg:  0.0, Max: 0, Diff: 0, Sum: 0, Workers: 4
[43.511s][debug][gc,phases      ] GC(41)     Total                          Min: 0, Avg:  0.2, Max: 1, Diff: 1, Sum: 1, Workers: 4
[43.511s][debug][gc,phases      ] GC(41)   StringDedup Table Weak         Min:  0.0, Avg:  0.0, Max:  0.0, Diff:  0.0, Sum:  0.0, Workers: 4
[43.511s][debug][gc,phases      ] GC(41)     Dead                           Min: 0, Avg:  0.0, Max: 0, Diff: 0, Sum: 0, Workers: 4
[43.511s][debug][gc,phases      ] GC(41)     Total                          Min: 0, Avg:  0.0, Max: 0, Diff: 0, Sum: 0, Workers: 4
[43.511s][debug][gc,phases      ] GC(41)   StringDedup Requests0 Weak     Min:  0.0, Avg:  0.0, Max:  0.0, Diff:  0.0, Sum:  0.0, Workers: 4
[43.511s][debug][gc,phases      ] GC(41)     Dead                           Min: 0, Avg:  0.0, Max: 0, Diff: 0, Sum: 0, Workers: 4
[43.511s][debug][gc,phases      ] GC(41)     Total                          Min: 0, Avg:  0.0, Max: 0, Diff: 0, Sum: 0, Workers: 4
[43.511s][debug][gc,phases      ] GC(41)   StringDedup Requests1 Weak     Min:  0.0, Avg:  0.0, Max:  0.0, Diff:  0.0, Sum:  0.0, Workers: 4
[43.511s][debug][gc,phases      ] GC(41)     Dead                           Min: 0, Avg:  0.0, Max: 0, Diff: 0, Sum: 0, Workers: 4
[43.511s][debug][gc,phases      ] GC(41)     Total                          Min: 0, Avg:  0.0, Max: 0, Diff: 0, Sum: 0, Workers: 4
[43.511s][debug][gc,phases      ] GC(41)   Weak JFR Old Object Samples    Min:  0.0, Avg:  0.0, Max:  0.0, Diff:  0.0, Sum:  0.0, Workers: 4
[43.511s][debug][gc,phases      ] GC(41)     Dead                           Min: 0, Avg:  0.0, Max: 0, Diff: 0, Sum: 0, Workers: 4
[43.511s][debug][gc,phases      ] GC(41)     Total                          Min: 0, Avg:  0.0, Max: 0, Diff: 0, Sum: 0, Workers: 4
[43.511s][debug][gc,phases      ] GC(41) Weak Processing 0.930ms
[43.511s][debug][gc,age         ] GC(41) Desired survivor size 480247808 bytes, new threshold 11 (max threshold 15)
[43.511s][info ][gc,heap        ] GC(41) PSYoungGen: 1152976K(1595904K)->63824K(1628160K) Eden: 1100800K(1100800K)->0K(1143808K) From: 52176K(495104K)->63824K(484352K)
[43.511s][info ][gc,heap        ] GC(41) ParOldGen: 503045K(636416K)->503053K(636416K)
[43.511s][info ][gc,metaspace   ] GC(41) Metaspace: 67670K(68416K)->67670K(68416K) NonClass: 57842K(58240K)->57842K(58240K) Class: 9828K(10176K)->9828K(10176K)
[43.511s][info ][gc             ] GC(41) Pause Young (Allocation Failure) 1617M->553M(2211M) 81.008ms
[43.511s][info ][gc,cpu         ] GC(41) User=0.12s Sys=0.00s Real=0.08s
[43.511s][info ][safepoint      ] Safepoint "ParallelGCFailedAllocation", Time since last: 830534373 ns, Reaching safepoint: 147103 ns, At safepoint: 81138214 ns, Total: 81285317 ns
[44.100s][info ][gc,start       ] GC(42) Pause Young (Allocation Failure)
[44.186s][debug][gc,phases      ] GC(42) Scavenge 86.075ms
[44.186s][debug][gc,ref         ] GC(42) Skipped phase 1 of Reference Processing: no references
[44.186s][debug][gc,ref         ] GC(42) ReferenceProcessor::execute queues: 1, RefProcThreadModel::Single, marks_oops_alive: false
[44.186s][debug][gc,ref         ] GC(42) Skipped phase 3 of Reference Processing: no references
[44.186s][debug][gc,ref         ] GC(42) ReferenceProcessor::execute queues: 1, RefProcThreadModel::Single, marks_oops_alive: false
[44.186s][debug][gc,phases      ] GC(42) Reference Processing 0.156ms
[44.187s][debug][gc,phases      ] GC(42)   VM Weak                        Min:  0.0, Avg:  0.0, Max:  0.0, Diff:  0.0, Sum:  0.0, Workers: 4
[44.187s][debug][gc,phases      ] GC(42)     Dead                           Min: 0, Avg:  0.0, Max: 0, Diff: 0, Sum: 0, Workers: 4
[44.187s][debug][gc,phases      ] GC(42)     Total                          Min: 0, Avg: 147.2, Max: 589, Diff: 589, Sum: 589, Workers: 4
[44.187s][debug][gc,phases      ] GC(42)   ObjectSynchronizer Weak        Min:  0.0, Avg:  0.0, Max:  0.0, Diff:  0.0, Sum:  0.0, Workers: 4
[44.187s][debug][gc,phases      ] GC(42)     Dead                           Min: 0, Avg:  0.0, Max: 0, Diff: 0, Sum: 0, Workers: 4
[44.187s][debug][gc,phases      ] GC(42)     Total                          Min: 0, Avg: 45.5, Max: 182, Diff: 182, Sum: 182, Workers: 4
[44.187s][debug][gc,phases      ] GC(42)   JVMTI Tag Weak OopStorage      Min:  0.0, Avg:  0.0, Max:  0.0, Diff:  0.0, Sum:  0.0, Workers: 4
[44.187s][debug][gc,phases      ] GC(42)     Dead                           Min: 0, Avg:  0.0, Max: 0, Diff: 0, Sum: 0, Workers: 4
[44.187s][debug][gc,phases      ] GC(42)     Total                          Min: 0, Avg:  0.0, Max: 0, Diff: 0, Sum: 0, Workers: 4
[44.187s][debug][gc,phases      ] GC(42)   StringTable Weak               Min:  0.0, Avg:  0.1, Max:  0.5, Diff:  0.5, Sum:  0.5, Workers: 4
[44.187s][debug][gc,phases      ] GC(42)     Dead                           Min: 0, Avg:  2.8, Max: 11, Diff: 11, Sum: 11, Workers: 4
[44.187s][debug][gc,phases      ] GC(42)     Total                          Min: 0, Avg: 10663.5, Max: 42654, Diff: 42654, Sum: 42654, Workers: 4
[44.187s][debug][gc,phases      ] GC(42)   ResolvedMethodTable Weak       Min:  0.0, Avg:  0.0, Max:  0.1, Diff:  0.1, Sum:  0.1, Workers: 4
[44.187s][debug][gc,phases      ] GC(42)     Dead                           Min: 0, Avg:  0.0, Max: 0, Diff: 0, Sum: 0, Workers: 4
[44.187s][debug][gc,phases      ] GC(42)     Total                          Min: 0, Avg: 1730.8, Max: 6923, Diff: 6923, Sum: 6923, Workers: 4
[44.187s][debug][gc,phases      ] GC(42)   JNI Weak                       Min:  0.0, Avg:  0.0, Max:  0.0, Diff:  0.0, Sum:  0.0, Workers: 4
[44.187s][debug][gc,phases      ] GC(42)     Dead                           Min: 0, Avg:  0.0, Max: 0, Diff: 0, Sum: 0, Workers: 4
[44.187s][debug][gc,phases      ] GC(42)     Total                          Min: 0, Avg:  0.2, Max: 1, Diff: 1, Sum: 1, Workers: 4
[44.187s][debug][gc,phases      ] GC(42)   StringDedup Table Weak         Min:  0.0, Avg:  0.0, Max:  0.0, Diff:  0.0, Sum:  0.0, Workers: 4
[44.187s][debug][gc,phases      ] GC(42)     Dead                           Min: 0, Avg:  0.0, Max: 0, Diff: 0, Sum: 0, Workers: 4
[44.187s][debug][gc,phases      ] GC(42)     Total                          Min: 0, Avg:  0.0, Max: 0, Diff: 0, Sum: 0, Workers: 4
[44.187s][debug][gc,phases      ] GC(42)   StringDedup Requests0 Weak     Min:  0.0, Avg:  0.0, Max:  0.0, Diff:  0.0, Sum:  0.0, Workers: 4
[44.187s][debug][gc,phases      ] GC(42)     Dead                           Min: 0, Avg:  0.0, Max: 0, Diff: 0, Sum: 0, Workers: 4
[44.187s][debug][gc,phases      ] GC(42)     Total                          Min: 0, Avg:  0.0, Max: 0, Diff: 0, Sum: 0, Workers: 4
[44.187s][debug][gc,phases      ] GC(42)   StringDedup Requests1 Weak     Min:  0.0, Avg:  0.0, Max:  0.0, Diff:  0.0, Sum:  0.0, Workers: 4
[44.187s][debug][gc,phases      ] GC(42)     Dead                           Min: 0, Avg:  0.0, Max: 0, Diff: 0, Sum: 0, Workers: 4
[44.187s][debug][gc,phases      ] GC(42)     Total                          Min: 0, Avg:  0.0, Max: 0, Diff: 0, Sum: 0, Workers: 4
[44.187s][debug][gc,phases      ] GC(42)   Weak JFR Old Object Samples    Min:  0.0, Avg:  0.0, Max:  0.0, Diff:  0.0, Sum:  0.0, Workers: 4
[44.187s][debug][gc,phases      ] GC(42)     Dead                           Min: 0, Avg:  0.0, Max: 0, Diff: 0, Sum: 0, Workers: 4
[44.187s][debug][gc,phases      ] GC(42)     Total                          Min: 0, Avg:  0.0, Max: 0, Diff: 0, Sum: 0, Workers: 4
[44.187s][debug][gc,phases      ] GC(42) Weak Processing 1.006ms
[44.187s][debug][gc,age         ] GC(42) Desired survivor size 462422016 bytes, new threshold 12 (max threshold 15)
[44.187s][info ][gc,heap        ] GC(42) PSYoungGen: 1207632K(1628160K)->71504K(1612800K) Eden: 1143808K(1143808K)->0K(1143808K) From: 63824K(484352K)->71504K(468992K)
[44.187s][info ][gc,heap        ] GC(42) ParOldGen: 503053K(636416K)->503061K(636416K)
[44.187s][info ][gc,metaspace   ] GC(42) Metaspace: 67676K(68416K)->67676K(68416K) NonClass: 57846K(58240K)->57846K(58240K) Class: 9830K(10176K)->9830K(10176K)
[44.187s][info ][gc             ] GC(42) Pause Young (Allocation Failure) 1670M->561M(2196M) 87.391ms
[44.187s][info ][gc,cpu         ] GC(42) User=0.10s Sys=0.00s Real=0.09s
[44.187s][info ][safepoint      ] Safepoint "ParallelGCFailedAllocation", Time since last: 588378252 ns, Reaching safepoint: 211905 ns, At safepoint: 87524455 ns, Total: 87736360 ns
[45.078s][info ][gc,start       ] GC(43) Pause Young (Allocation Failure)
[45.150s][debug][gc,phases      ] GC(43) Scavenge 71.868ms
[45.150s][debug][gc,ref         ] GC(43) Skipped phase 1 of Reference Processing: no references
[45.150s][debug][gc,ref         ] GC(43) ReferenceProcessor::execute queues: 1, RefProcThreadModel::Single, marks_oops_alive: false
[45.150s][debug][gc,ref         ] GC(43) Skipped phase 3 of Reference Processing: no references
[45.150s][debug][gc,ref         ] GC(43) ReferenceProcessor::execute queues: 1, RefProcThreadModel::Single, marks_oops_alive: false
[45.150s][debug][gc,phases      ] GC(43) Reference Processing 0.195ms
[45.151s][debug][gc,phases      ] GC(43)   VM Weak                        Min:  0.0, Avg:  0.0, Max:  0.0, Diff:  0.0, Sum:  0.0, Workers: 4
[45.151s][debug][gc,phases      ] GC(43)     Dead                           Min: 0, Avg:  0.0, Max: 0, Diff: 0, Sum: 0, Workers: 4
[45.151s][debug][gc,phases      ] GC(43)     Total                          Min: 0, Avg: 147.2, Max: 448, Diff: 448, Sum: 589, Workers: 4
[45.151s][debug][gc,phases      ] GC(43)   ObjectSynchronizer Weak        Min:  0.0, Avg:  0.0, Max:  0.0, Diff:  0.0, Sum:  0.0, Workers: 4
[45.151s][debug][gc,phases      ] GC(43)     Dead                           Min: 0, Avg:  0.0, Max: 0, Diff: 0, Sum: 0, Workers: 4
[45.151s][debug][gc,phases      ] GC(43)     Total                          Min: 0, Avg: 45.5, Max: 118, Diff: 118, Sum: 182, Workers: 4
[45.151s][debug][gc,phases      ] GC(43)   JVMTI Tag Weak OopStorage      Min:  0.0, Avg:  0.0, Max:  0.0, Diff:  0.0, Sum:  0.0, Workers: 4
[45.151s][debug][gc,phases      ] GC(43)     Dead                           Min: 0, Avg:  0.0, Max: 0, Diff: 0, Sum: 0, Workers: 4
[45.151s][debug][gc,phases      ] GC(43)     Total                          Min: 0, Avg:  0.0, Max: 0, Diff: 0, Sum: 0, Workers: 4
[45.151s][debug][gc,phases      ] GC(43)   StringTable Weak               Min:  0.0, Avg:  0.1, Max:  0.2, Diff:  0.2, Sum:  0.5, Workers: 4
[45.151s][debug][gc,phases      ] GC(43)     Dead                           Min: 0, Avg:  2.8, Max: 7, Diff: 7, Sum: 11, Workers: 4
[45.151s][debug][gc,phases      ] GC(43)     Total                          Min: 0, Avg: 10665.8, Max: 22375, Diff: 22375, Sum: 42663, Workers: 4
[45.152s][debug][gc,phases      ] GC(43)   ResolvedMethodTable Weak       Min:  0.0, Avg:  0.0, Max:  0.0, Diff:  0.0, Sum:  0.1, Workers: 4
[45.152s][debug][gc,phases      ] GC(43)     Dead                           Min: 0, Avg:  0.0, Max: 0, Diff: 0, Sum: 0, Workers: 4
[45.152s][debug][gc,phases      ] GC(43)     Total                          Min: 0, Avg: 1730.8, Max: 3467, Diff: 3467, Sum: 6923, Workers: 4
[45.152s][debug][gc,phases      ] GC(43)   JNI Weak                       Min:  0.0, Avg:  0.0, Max:  0.0, Diff:  0.0, Sum:  0.0, Workers: 4
[45.152s][debug][gc,phases      ] GC(43)     Dead                           Min: 0, Avg:  0.0, Max: 0, Diff: 0, Sum: 0, Workers: 4
[45.152s][debug][gc,phases      ] GC(43)     Total                          Min: 0, Avg:  2.2, Max: 9, Diff: 9, Sum: 9, Workers: 4
[45.152s][debug][gc,phases      ] GC(43)   StringDedup Table Weak         Min:  0.0, Avg:  0.0, Max:  0.0, Diff:  0.0, Sum:  0.0, Workers: 4
[45.152s][debug][gc,phases      ] GC(43)     Dead                           Min: 0, Avg:  0.0, Max: 0, Diff: 0, Sum: 0, Workers: 4
[45.152s][debug][gc,phases      ] GC(43)     Total                          Min: 0, Avg:  0.0, Max: 0, Diff: 0, Sum: 0, Workers: 4
[45.152s][debug][gc,phases      ] GC(43)   StringDedup Requests0 Weak     Min:  0.0, Avg:  0.0, Max:  0.0, Diff:  0.0, Sum:  0.0, Workers: 4
[45.152s][debug][gc,phases      ] GC(43)     Dead                           Min: 0, Avg:  0.0, Max: 0, Diff: 0, Sum: 0, Workers: 4
[45.152s][debug][gc,phases      ] GC(43)     Total                          Min: 0, Avg:  0.0, Max: 0, Diff: 0, Sum: 0, Workers: 4
[45.152s][debug][gc,phases      ] GC(43)   StringDedup Requests1 Weak     Min:  0.0, Avg:  0.0, Max:  0.0, Diff:  0.0, Sum:  0.0, Workers: 4
[45.152s][debug][gc,phases      ] GC(43)     Dead                           Min: 0, Avg:  0.0, Max: 0, Diff: 0, Sum: 0, Workers: 4
[45.152s][debug][gc,phases      ] GC(43)     Total                          Min: 0, Avg:  0.0, Max: 0, Diff: 0, Sum: 0, Workers: 4
[45.152s][debug][gc,phases      ] GC(43)   Weak JFR Old Object Samples    Min:  0.0, Avg:  0.0, Max:  0.0, Diff:  0.0, Sum:  0.0, Workers: 4
[45.152s][debug][gc,phases      ] GC(43)     Dead                           Min: 0, Avg:  0.0, Max: 0, Diff: 0, Sum: 0, Workers: 4
[45.152s][debug][gc,phases      ] GC(43)     Total                          Min: 0, Avg:  0.0, Max: 0, Diff: 0, Sum: 0, Workers: 4
[45.152s][debug][gc,phases      ] GC(43) Weak Processing 1.618ms
[45.152s][debug][gc,age         ] GC(43) Desired survivor size 442499072 bytes, new threshold 13 (max threshold 15)
[45.152s][info ][gc,heap        ] GC(43) PSYoungGen: 1215312K(1612800K)->82064K(1665024K) Eden: 1143808K(1143808K)->0K(1213440K) From: 71504K(468992K)->82064K(451584K)
[45.152s][info ][gc,heap        ] GC(43) ParOldGen: 503061K(636416K)->503061K(636416K)
[45.152s][info ][gc,metaspace   ] GC(43) Metaspace: 67684K(68480K)->67684K(68480K) NonClass: 57854K(58304K)->57854K(58304K) Class: 9830K(10176K)->9830K(10176K)
[45.152s][info ][gc             ] GC(43) Pause Young (Allocation Failure) 1678M->571M(2247M) 73.870ms
[45.152s][info ][gc,cpu         ] GC(43) User=0.14s Sys=0.00s Real=0.07s
[45.152s][info ][safepoint      ] Safepoint "ParallelGCFailedAllocation", Time since last: 879564050 ns, Reaching safepoint: 11074347 ns, At safepoint: 74018053 ns, Total: 85092400 ns
[45.993s][info ][gc,start       ] GC(44) Pause Young (Allocation Failure)
[46.078s][debug][gc,phases      ] GC(44) Scavenge 84.759ms
[46.078s][debug][gc,ref         ] GC(44) Skipped phase 1 of Reference Processing: no references
[46.078s][debug][gc,ref         ] GC(44) ReferenceProcessor::execute queues: 1, RefProcThreadModel::Single, marks_oops_alive: false
[46.078s][debug][gc,ref         ] GC(44) Skipped phase 3 of Reference Processing: no references
[46.078s][debug][gc,ref         ] GC(44) ReferenceProcessor::execute queues: 1, RefProcThreadModel::Single, marks_oops_alive: false
[46.078s][debug][gc,phases      ] GC(44) Reference Processing 0.159ms
[46.079s][debug][gc,phases      ] GC(44)   VM Weak                        Min:  0.0, Avg:  0.0, Max:  0.0, Diff:  0.0, Sum:  0.0, Workers: 4
[46.079s][debug][gc,phases      ] GC(44)     Dead                           Min: 0, Avg:  0.0, Max: 0, Diff: 0, Sum: 0, Workers: 4
[46.079s][debug][gc,phases      ] GC(44)     Total                          Min: 0, Avg: 147.2, Max: 589, Diff: 589, Sum: 589, Workers: 4
[46.079s][debug][gc,phases      ] GC(44)   ObjectSynchronizer Weak        Min:  0.0, Avg:  0.0, Max:  0.0, Diff:  0.0, Sum:  0.0, Workers: 4
[46.079s][debug][gc,phases      ] GC(44)     Dead                           Min: 0, Avg:  0.0, Max: 0, Diff: 0, Sum: 0, Workers: 4
[46.079s][debug][gc,phases      ] GC(44)     Total                          Min: 0, Avg: 45.5, Max: 182, Diff: 182, Sum: 182, Workers: 4
[46.079s][debug][gc,phases      ] GC(44)   JVMTI Tag Weak OopStorage      Min:  0.0, Avg:  0.0, Max:  0.0, Diff:  0.0, Sum:  0.0, Workers: 4
[46.079s][debug][gc,phases      ] GC(44)     Dead                           Min: 0, Avg:  0.0, Max: 0, Diff: 0, Sum: 0, Workers: 4
[46.079s][debug][gc,phases      ] GC(44)     Total                          Min: 0, Avg:  0.0, Max: 0, Diff: 0, Sum: 0, Workers: 4
[46.079s][debug][gc,phases      ] GC(44)   StringTable Weak               Min:  0.0, Avg:  0.1, Max:  0.4, Diff:  0.4, Sum:  0.4, Workers: 4
[46.079s][debug][gc,phases      ] GC(44)     Dead                           Min: 0, Avg:  2.8, Max: 11, Diff: 11, Sum: 11, Workers: 4
[46.079s][debug][gc,phases      ] GC(44)     Total                          Min: 0, Avg: 10673.2, Max: 42693, Diff: 42693, Sum: 42693, Workers: 4
[46.079s][debug][gc,phases      ] GC(44)   ResolvedMethodTable Weak       Min:  0.0, Avg:  0.0, Max:  0.1, Diff:  0.1, Sum:  0.1, Workers: 4
[46.079s][debug][gc,phases      ] GC(44)     Dead                           Min: 0, Avg:  0.2, Max: 1, Diff: 1, Sum: 1, Workers: 4
[46.079s][debug][gc,phases      ] GC(44)     Total                          Min: 0, Avg: 1730.8, Max: 6923, Diff: 6923, Sum: 6923, Workers: 4
[46.079s][debug][gc,phases      ] GC(44)   JNI Weak                       Min:  0.0, Avg:  0.0, Max:  0.0, Diff:  0.0, Sum:  0.0, Workers: 4
[46.079s][debug][gc,phases      ] GC(44)     Dead                           Min: 0, Avg:  0.0, Max: 0, Diff: 0, Sum: 0, Workers: 4
[46.079s][debug][gc,phases      ] GC(44)     Total                          Min: 0, Avg:  2.2, Max: 9, Diff: 9, Sum: 9, Workers: 4
[46.079s][debug][gc,phases      ] GC(44)   StringDedup Table Weak         Min:  0.0, Avg:  0.0, Max:  0.0, Diff:  0.0, Sum:  0.0, Workers: 4
[46.079s][debug][gc,phases      ] GC(44)     Dead                           Min: 0, Avg:  0.0, Max: 0, Diff: 0, Sum: 0, Workers: 4
[46.079s][debug][gc,phases      ] GC(44)     Total                          Min: 0, Avg:  0.0, Max: 0, Diff: 0, Sum: 0, Workers: 4
[46.079s][debug][gc,phases      ] GC(44)   StringDedup Requests0 Weak     Min:  0.0, Avg:  0.0, Max:  0.0, Diff:  0.0, Sum:  0.0, Workers: 4
[46.079s][debug][gc,phases      ] GC(44)     Dead                           Min: 0, Avg:  0.0, Max: 0, Diff: 0, Sum: 0, Workers: 4
[46.079s][debug][gc,phases      ] GC(44)     Total                          Min: 0, Avg:  0.0, Max: 0, Diff: 0, Sum: 0, Workers: 4
[46.079s][debug][gc,phases      ] GC(44)   StringDedup Requests1 Weak     Min:  0.0, Avg:  0.0, Max:  0.0, Diff:  0.0, Sum:  0.0, Workers: 4
[46.079s][debug][gc,phases      ] GC(44)     Dead                           Min: 0, Avg:  0.0, Max: 0, Diff: 0, Sum: 0, Workers: 4
[46.079s][debug][gc,phases      ] GC(44)     Total                          Min: 0, Avg:  0.0, Max: 0, Diff: 0, Sum: 0, Workers: 4
[46.079s][debug][gc,phases      ] GC(44)   Weak JFR Old Object Samples    Min:  0.0, Avg:  0.0, Max:  0.0, Diff:  0.0, Sum:  0.0, Workers: 4
[46.079s][debug][gc,phases      ] GC(44)     Dead                           Min: 0, Avg:  0.0, Max: 0, Diff: 0, Sum: 0, Workers: 4
[46.079s][debug][gc,phases      ] GC(44)     Total                          Min: 0, Avg:  0.0, Max: 0, Diff: 0, Sum: 0, Workers: 4
[46.079s][debug][gc,phases      ] GC(44) Weak Processing 0.762ms
[46.079s][debug][gc,age         ] GC(44) Desired survivor size 420478976 bytes, new threshold 14 (max threshold 15)
[46.079s][info ][gc,heap        ] GC(44) PSYoungGen: 1295504K(1665024K)->93216K(1645568K) Eden: 1213440K(1213440K)->0K(1213440K) From: 82064K(451584K)->93216K(432128K)
[46.079s][info ][gc,heap        ] GC(44) ParOldGen: 503061K(636416K)->503061K(636416K)
[46.079s][info ][gc,metaspace   ] GC(44) Metaspace: 67852K(68672K)->67852K(68672K) NonClass: 58007K(58432K)->58007K(58432K) Class: 9844K(10240K)->9844K(10240K)
[46.079s][info ][gc             ] GC(44) Pause Young (Allocation Failure) 1756M->582M(2228M) 85.865ms
[46.079s][info ][gc,cpu         ] GC(44) User=0.15s Sys=0.00s Real=0.09s
[46.079s][info ][safepoint      ] Safepoint "ParallelGCFailedAllocation", Time since last: 833880018 ns, Reaching safepoint: 7199560 ns, At safepoint: 86022620 ns, Total: 93222180 ns
[46.655s][info ][gc,start       ] GC(45) Pause Young (Allocation Failure)
[46.759s][debug][gc,phases      ] GC(45) Scavenge 103.851ms
[46.759s][debug][gc,ref         ] GC(45) Skipped phase 1 of Reference Processing: no references
[46.759s][debug][gc,ref         ] GC(45) ReferenceProcessor::execute queues: 1, RefProcThreadModel::Single, marks_oops_alive: false
[46.759s][debug][gc,ref         ] GC(45) Skipped phase 3 of Reference Processing: no references
[46.759s][debug][gc,ref         ] GC(45) ReferenceProcessor::execute queues: 1, RefProcThreadModel::Single, marks_oops_alive: false
[46.759s][debug][gc,phases      ] GC(45) Reference Processing 0.141ms
[46.760s][debug][gc,phases      ] GC(45)   VM Weak                        Min:  0.0, Avg:  0.0, Max:  0.0, Diff:  0.0, Sum:  0.0, Workers: 4
[46.760s][debug][gc,phases      ] GC(45)     Dead                           Min: 0, Avg:  0.0, Max: 0, Diff: 0, Sum: 0, Workers: 4
[46.760s][debug][gc,phases      ] GC(45)     Total                          Min: 0, Avg: 147.2, Max: 589, Diff: 589, Sum: 589, Workers: 4
[46.760s][debug][gc,phases      ] GC(45)   ObjectSynchronizer Weak        Min:  0.0, Avg:  0.0, Max:  0.0, Diff:  0.0, Sum:  0.0, Workers: 4
[46.760s][debug][gc,phases      ] GC(45)     Dead                           Min: 0, Avg:  0.0, Max: 0, Diff: 0, Sum: 0, Workers: 4
[46.760s][debug][gc,phases      ] GC(45)     Total                          Min: 0, Avg: 45.5, Max: 182, Diff: 182, Sum: 182, Workers: 4
[46.760s][debug][gc,phases      ] GC(45)   JVMTI Tag Weak OopStorage      Min:  0.0, Avg:  0.0, Max:  0.0, Diff:  0.0, Sum:  0.0, Workers: 4
[46.760s][debug][gc,phases      ] GC(45)     Dead                           Min: 0, Avg:  0.0, Max: 0, Diff: 0, Sum: 0, Workers: 4
[46.760s][debug][gc,phases      ] GC(45)     Total                          Min: 0, Avg:  0.0, Max: 0, Diff: 0, Sum: 0, Workers: 4
[46.760s][debug][gc,phases      ] GC(45)   StringTable Weak               Min:  0.0, Avg:  0.1, Max:  0.4, Diff:  0.4, Sum:  0.4, Workers: 4
[46.760s][debug][gc,phases      ] GC(45)     Dead                           Min: 0, Avg:  2.8, Max: 11, Diff: 11, Sum: 11, Workers: 4
[46.760s][debug][gc,phases      ] GC(45)     Total                          Min: 0, Avg: 10675.0, Max: 42700, Diff: 42700, Sum: 42700, Workers: 4
[46.760s][debug][gc,phases      ] GC(45)   ResolvedMethodTable Weak       Min:  0.0, Avg:  0.0, Max:  0.1, Diff:  0.1, Sum:  0.1, Workers: 4
[46.760s][debug][gc,phases      ] GC(45)     Dead                           Min: 0, Avg:  0.0, Max: 0, Diff: 0, Sum: 0, Workers: 4
[46.760s][debug][gc,phases      ] GC(45)     Total                          Min: 0, Avg: 1730.8, Max: 6923, Diff: 6923, Sum: 6923, Workers: 4
[46.760s][debug][gc,phases      ] GC(45)   JNI Weak                       Min:  0.0, Avg:  0.0, Max:  0.0, Diff:  0.0, Sum:  0.0, Workers: 4
[46.760s][debug][gc,phases      ] GC(45)     Dead                           Min: 0, Avg:  0.0, Max: 0, Diff: 0, Sum: 0, Workers: 4
[46.760s][debug][gc,phases      ] GC(45)     Total                          Min: 0, Avg:  0.2, Max: 1, Diff: 1, Sum: 1, Workers: 4
[46.760s][debug][gc,phases      ] GC(45)   StringDedup Table Weak         Min:  0.0, Avg:  0.0, Max:  0.0, Diff:  0.0, Sum:  0.0, Workers: 4
[46.760s][debug][gc,phases      ] GC(45)     Dead                           Min: 0, Avg:  0.0, Max: 0, Diff: 0, Sum: 0, Workers: 4
[46.760s][debug][gc,phases      ] GC(45)     Total                          Min: 0, Avg:  0.0, Max: 0, Diff: 0, Sum: 0, Workers: 4
[46.760s][debug][gc,phases      ] GC(45)   StringDedup Requests0 Weak     Min:  0.0, Avg:  0.0, Max:  0.0, Diff:  0.0, Sum:  0.0, Workers: 4
[46.760s][debug][gc,phases      ] GC(45)     Dead                           Min: 0, Avg:  0.0, Max: 0, Diff: 0, Sum: 0, Workers: 4
[46.760s][debug][gc,phases      ] GC(45)     Total                          Min: 0, Avg:  0.0, Max: 0, Diff: 0, Sum: 0, Workers: 4
[46.760s][debug][gc,phases      ] GC(45)   StringDedup Requests1 Weak     Min:  0.0, Avg:  0.0, Max:  0.0, Diff:  0.0, Sum:  0.0, Workers: 4
[46.760s][debug][gc,phases      ] GC(45)     Dead                           Min: 0, Avg:  0.0, Max: 0, Diff: 0, Sum: 0, Workers: 4
[46.760s][debug][gc,phases      ] GC(45)     Total                          Min: 0, Avg:  0.0, Max: 0, Diff: 0, Sum: 0, Workers: 4
[46.760s][debug][gc,phases      ] GC(45)   Weak JFR Old Object Samples    Min:  0.0, Avg:  0.0, Max:  0.0, Diff:  0.0, Sum:  0.0, Workers: 4
[46.760s][debug][gc,phases      ] GC(45)     Dead                           Min: 0, Avg:  0.0, Max: 0, Diff: 0, Sum: 0, Workers: 4
[46.760s][debug][gc,phases      ] GC(45)     Total                          Min: 0, Avg:  0.0, Max: 0, Diff: 0, Sum: 0, Workers: 4
[46.760s][debug][gc,phases      ] GC(45) Weak Processing 0.714ms
[46.760s][debug][gc,age         ] GC(45) Desired survivor size 397934592 bytes, new threshold 15 (max threshold 15)
[46.760s][info ][gc,heap        ] GC(45) PSYoungGen: 1306656K(1645568K)->100528K(1708544K) Eden: 1213440K(1213440K)->0K(1297920K) From: 93216K(432128K)->100528K(410624K)
[46.760s][info ][gc,heap        ] GC(45) ParOldGen: 503061K(636416K)->503061K(636416K)
[46.760s][info ][gc,metaspace   ] GC(45) Metaspace: 67864K(68672K)->67864K(68672K) NonClass: 58019K(58432K)->58019K(58432K) Class: 9844K(10240K)->9844K(10240K)
[46.760s][info ][gc             ] GC(45) Pause Young (Allocation Failure) 1767M->589M(2290M) 104.881ms
[46.760s][info ][gc,cpu         ] GC(45) User=0.14s Sys=0.00s Real=0.10s
[46.760s][info ][safepoint      ] Safepoint "ParallelGCFailedAllocation", Time since last: 570965140 ns, Reaching safepoint: 5061913 ns, At safepoint: 105017843 ns, Total: 110079756 ns
[47.586s][info ][gc,start       ] GC(46) Pause Young (Allocation Failure)
[47.723s][debug][gc,phases      ] GC(46) Scavenge 136.932ms
[47.723s][debug][gc,ref         ] GC(46) Skipped phase 1 of Reference Processing: no references
[47.723s][debug][gc,ref         ] GC(46) ReferenceProcessor::execute queues: 1, RefProcThreadModel::Single, marks_oops_alive: false
[47.723s][debug][gc,ref         ] GC(46) Skipped phase 3 of Reference Processing: no references
[47.723s][debug][gc,ref         ] GC(46) ReferenceProcessor::execute queues: 1, RefProcThreadModel::Single, marks_oops_alive: false
[47.723s][debug][gc,phases      ] GC(46) Reference Processing 0.161ms
[47.726s][debug][gc,phases      ] GC(46)   VM Weak                        Min:  0.0, Avg:  0.0, Max:  0.0, Diff:  0.0, Sum:  0.0, Workers: 4
[47.726s][debug][gc,phases      ] GC(46)     Dead                           Min: 0, Avg:  0.0, Max: 0, Diff: 0, Sum: 0, Workers: 4
[47.726s][debug][gc,phases      ] GC(46)     Total                          Min: 0, Avg: 147.2, Max: 589, Diff: 589, Sum: 589, Workers: 4
[47.726s][debug][gc,phases      ] GC(46)   ObjectSynchronizer Weak        Min:  0.0, Avg:  0.0, Max:  0.0, Diff:  0.0, Sum:  0.0, Workers: 4
[47.726s][debug][gc,phases      ] GC(46)     Dead                           Min: 0, Avg:  0.0, Max: 0, Diff: 0, Sum: 0, Workers: 4
[47.726s][debug][gc,phases      ] GC(46)     Total                          Min: 0, Avg: 45.5, Max: 182, Diff: 182, Sum: 182, Workers: 4
[47.726s][debug][gc,phases      ] GC(46)   JVMTI Tag Weak OopStorage      Min:  0.0, Avg:  0.0, Max:  0.0, Diff:  0.0, Sum:  0.0, Workers: 4
[47.726s][debug][gc,phases      ] GC(46)     Dead                           Min: 0, Avg:  0.0, Max: 0, Diff: 0, Sum: 0, Workers: 4
[47.726s][debug][gc,phases      ] GC(46)     Total                          Min: 0, Avg:  0.0, Max: 0, Diff: 0, Sum: 0, Workers: 4
[47.726s][debug][gc,phases      ] GC(46)   StringTable Weak               Min:  0.0, Avg:  0.1, Max:  0.5, Diff:  0.5, Sum:  0.5, Workers: 4
[47.726s][debug][gc,phases      ] GC(46)     Dead                           Min: 0, Avg:  2.8, Max: 11, Diff: 11, Sum: 11, Workers: 4
[47.726s][debug][gc,phases      ] GC(46)     Total                          Min: 0, Avg: 10675.2, Max: 42701, Diff: 42701, Sum: 42701, Workers: 4
[47.726s][debug][gc,phases      ] GC(46)   ResolvedMethodTable Weak       Min:  0.0, Avg:  0.0, Max:  0.1, Diff:  0.1, Sum:  0.1, Workers: 4
[47.726s][debug][gc,phases      ] GC(46)     Dead                           Min: 0, Avg:  0.0, Max: 0, Diff: 0, Sum: 0, Workers: 4
[47.726s][debug][gc,phases      ] GC(46)     Total                          Min: 0, Avg: 1730.8, Max: 6923, Diff: 6923, Sum: 6923, Workers: 4
[47.726s][debug][gc,phases      ] GC(46)   JNI Weak                       Min:  0.0, Avg:  0.0, Max:  0.0, Diff:  0.0, Sum:  0.0, Workers: 4
[47.726s][debug][gc,phases      ] GC(46)     Dead                           Min: 0, Avg:  0.0, Max: 0, Diff: 0, Sum: 0, Workers: 4
[47.726s][debug][gc,phases      ] GC(46)     Total                          Min: 0, Avg:  2.0, Max: 8, Diff: 8, Sum: 8, Workers: 4
[47.726s][debug][gc,phases      ] GC(46)   StringDedup Table Weak         Min:  0.0, Avg:  0.0, Max:  0.0, Diff:  0.0, Sum:  0.0, Workers: 4
[47.726s][debug][gc,phases      ] GC(46)     Dead                           Min: 0, Avg:  0.0, Max: 0, Diff: 0, Sum: 0, Workers: 4
[47.726s][debug][gc,phases      ] GC(46)     Total                          Min: 0, Avg:  0.0, Max: 0, Diff: 0, Sum: 0, Workers: 4
[47.726s][debug][gc,phases      ] GC(46)   StringDedup Requests0 Weak     Min:  0.0, Avg:  0.0, Max:  0.0, Diff:  0.0, Sum:  0.0, Workers: 4
[47.726s][debug][gc,phases      ] GC(46)     Dead                           Min: 0, Avg:  0.0, Max: 0, Diff: 0, Sum: 0, Workers: 4
[47.726s][debug][gc,phases      ] GC(46)     Total                          Min: 0, Avg:  0.0, Max: 0, Diff: 0, Sum: 0, Workers: 4
[47.726s][debug][gc,phases      ] GC(46)   StringDedup Requests1 Weak     Min:  0.0, Avg:  0.0, Max:  0.0, Diff:  0.0, Sum:  0.0, Workers: 4
[47.726s][debug][gc,phases      ] GC(46)     Dead                           Min: 0, Avg:  0.0, Max: 0, Diff: 0, Sum: 0, Workers: 4
[47.726s][debug][gc,phases      ] GC(46)     Total                          Min: 0, Avg:  0.0, Max: 0, Diff: 0, Sum: 0, Workers: 4
[47.726s][debug][gc,phases      ] GC(46)   Weak JFR Old Object Samples    Min:  0.0, Avg:  0.0, Max:  0.0, Diff:  0.0, Sum:  0.0, Workers: 4
[47.726s][debug][gc,phases      ] GC(46)     Dead                           Min: 0, Avg:  0.0, Max: 0, Diff: 0, Sum: 0, Workers: 4
[47.726s][debug][gc,phases      ] GC(46)     Total                          Min: 0, Avg:  0.0, Max: 0, Diff: 0, Sum: 0, Workers: 4
[47.726s][debug][gc,phases      ] GC(46) Weak Processing 3.185ms
[47.726s][debug][gc,age         ] GC(46) Desired survivor size 374865920 bytes, new threshold 15 (max threshold 15)
[47.726s][info ][gc,heap        ] GC(46) PSYoungGen: 1398448K(1708544K)->112960K(1686528K) Eden: 1297920K(1297920K)->0K(1297920K) From: 100528K(410624K)->112960K(388608K)
[47.726s][info ][gc,heap        ] GC(46) ParOldGen: 503061K(636416K)->503069K(636416K)
[47.726s][info ][gc,metaspace   ] GC(46) Metaspace: 67871K(68672K)->67871K(68672K) NonClass: 58026K(58432K)->58026K(58432K) Class: 9844K(10240K)->9844K(10240K)
[47.726s][info ][gc             ] GC(46) Pause Young (Allocation Failure) 1856M->601M(2268M) 140.495ms
[47.726s][info ][gc,cpu         ] GC(46) User=0.19s Sys=0.00s Real=0.14s
[47.726s][info ][safepoint      ] Safepoint "ParallelGCFailedAllocation", Time since last: 806685192 ns, Reaching safepoint: 19161427 ns, At safepoint: 140642036 ns, Total: 159803463 ns
[48.618s][info ][gc,start       ] GC(47) Pause Young (Allocation Failure)
[48.782s][debug][gc,phases      ] GC(47) Scavenge 163.868ms
[48.782s][debug][gc,ref         ] GC(47) Skipped phase 1 of Reference Processing: no references
[48.782s][debug][gc,ref         ] GC(47) ReferenceProcessor::execute queues: 1, RefProcThreadModel::Single, marks_oops_alive: false
[48.782s][debug][gc,ref         ] GC(47) Skipped phase 3 of Reference Processing: no references
[48.782s][debug][gc,ref         ] GC(47) ReferenceProcessor::execute queues: 1, RefProcThreadModel::Single, marks_oops_alive: false
[48.782s][debug][gc,phases      ] GC(47) Reference Processing 0.135ms
[48.782s][debug][gc,phases      ] GC(47)   VM Weak                        Min:  0.0, Avg:  0.0, Max:  0.0, Diff:  0.0, Sum:  0.0, Workers: 4
[48.782s][debug][gc,phases      ] GC(47)     Dead                           Min: 0, Avg:  0.0, Max: 0, Diff: 0, Sum: 0, Workers: 4
[48.782s][debug][gc,phases      ] GC(47)     Total                          Min: 0, Avg: 147.2, Max: 384, Diff: 384, Sum: 589, Workers: 4
[48.782s][debug][gc,phases      ] GC(47)   ObjectSynchronizer Weak        Min:  0.0, Avg:  0.0, Max:  0.0, Diff:  0.0, Sum:  0.0, Workers: 4
[48.782s][debug][gc,phases      ] GC(47)     Dead                           Min: 0, Avg:  0.0, Max: 0, Diff: 0, Sum: 0, Workers: 4
[48.782s][debug][gc,phases      ] GC(47)     Total                          Min: 0, Avg: 45.5, Max: 118, Diff: 118, Sum: 182, Workers: 4
[48.782s][debug][gc,phases      ] GC(47)   JVMTI Tag Weak OopStorage      Min:  0.0, Avg:  0.0, Max:  0.0, Diff:  0.0, Sum:  0.0, Workers: 4
[48.782s][debug][gc,phases      ] GC(47)     Dead                           Min: 0, Avg:  0.0, Max: 0, Diff: 0, Sum: 0, Workers: 4
[48.782s][debug][gc,phases      ] GC(47)     Total                          Min: 0, Avg:  0.0, Max: 0, Diff: 0, Sum: 0, Workers: 4
[48.782s][debug][gc,phases      ] GC(47)   StringTable Weak               Min:  0.0, Avg:  0.1, Max:  0.2, Diff:  0.2, Sum:  0.4, Workers: 4
[48.782s][debug][gc,phases      ] GC(47)     Dead                           Min: 0, Avg:  2.8, Max: 11, Diff: 11, Sum: 11, Workers: 4
[48.782s][debug][gc,phases      ] GC(47)     Total                          Min: 0, Avg: 10675.8, Max: 21786, Diff: 21786, Sum: 42703, Workers: 4
[48.782s][debug][gc,phases      ] GC(47)   ResolvedMethodTable Weak       Min:  0.0, Avg:  0.0, Max:  0.0, Diff:  0.0, Sum:  0.1, Workers: 4
[48.782s][debug][gc,phases      ] GC(47)     Dead                           Min: 0, Avg:  0.0, Max: 0, Diff: 0, Sum: 0, Workers: 4
[48.782s][debug][gc,phases      ] GC(47)     Total                          Min: 0, Avg: 1730.8, Max: 3531, Diff: 3531, Sum: 6923, Workers: 4
[48.782s][debug][gc,phases      ] GC(47)   JNI Weak                       Min:  0.0, Avg:  0.0, Max:  0.0, Diff:  0.0, Sum:  0.0, Workers: 4
[48.782s][debug][gc,phases      ] GC(47)     Dead                           Min: 0, Avg:  0.0, Max: 0, Diff: 0, Sum: 0, Workers: 4
[48.782s][debug][gc,phases      ] GC(47)     Total                          Min: 0, Avg:  2.0, Max: 8, Diff: 8, Sum: 8, Workers: 4
[48.782s][debug][gc,phases      ] GC(47)   StringDedup Table Weak         Min:  0.0, Avg:  0.0, Max:  0.0, Diff:  0.0, Sum:  0.0, Workers: 4
[48.782s][debug][gc,phases      ] GC(47)     Dead                           Min: 0, Avg:  0.0, Max: 0, Diff: 0, Sum: 0, Workers: 4
[48.782s][debug][gc,phases      ] GC(47)     Total                          Min: 0, Avg:  0.0, Max: 0, Diff: 0, Sum: 0, Workers: 4
[48.782s][debug][gc,phases      ] GC(47)   StringDedup Requests0 Weak     Min:  0.0, Avg:  0.0, Max:  0.0, Diff:  0.0, Sum:  0.0, Workers: 4
[48.782s][debug][gc,phases      ] GC(47)     Dead                           Min: 0, Avg:  0.0, Max: 0, Diff: 0, Sum: 0, Workers: 4
[48.782s][debug][gc,phases      ] GC(47)     Total                          Min: 0, Avg:  0.0, Max: 0, Diff: 0, Sum: 0, Workers: 4
[48.782s][debug][gc,phases      ] GC(47)   StringDedup Requests1 Weak     Min:  0.0, Avg:  0.0, Max:  0.0, Diff:  0.0, Sum:  0.0, Workers: 4
[48.782s][debug][gc,phases      ] GC(47)     Dead                           Min: 0, Avg:  0.0, Max: 0, Diff: 0, Sum: 0, Workers: 4
[48.782s][debug][gc,phases      ] GC(47)     Total                          Min: 0, Avg:  0.0, Max: 0, Diff: 0, Sum: 0, Workers: 4
[48.782s][debug][gc,phases      ] GC(47)   Weak JFR Old Object Samples    Min:  0.0, Avg:  0.0, Max:  0.0, Diff:  0.0, Sum:  0.0, Workers: 4
[48.782s][debug][gc,phases      ] GC(47)     Dead                           Min: 0, Avg:  0.0, Max: 0, Diff: 0, Sum: 0, Workers: 4
[48.782s][debug][gc,phases      ] GC(47)     Total                          Min: 0, Avg:  0.0, Max: 0, Diff: 0, Sum: 0, Workers: 4
[48.782s][debug][gc,phases      ] GC(47) Weak Processing 0.508ms
[48.782s][debug][gc,age         ] GC(47) Desired survivor size 352321536 bytes, new threshold 15 (max threshold 15)
[48.782s][info ][gc,heap        ] GC(47) PSYoungGen: 1410880K(1686528K)->120320K(1753088K) Eden: 1297920K(1297920K)->0K(1387008K) From: 112960K(388608K)->120320K(366080K)
[48.782s][info ][gc,heap        ] GC(47) ParOldGen: 503069K(636416K)->507549K(636416K)
[48.782s][info ][gc,metaspace   ] GC(47) Metaspace: 67882K(68672K)->67882K(68672K) NonClass: 58038K(58432K)->58038K(58432K) Class: 9844K(10240K)->9844K(10240K)
[48.783s][info ][gc             ] GC(47) Pause Young (Allocation Failure) 1869M->613M(2333M) 164.686ms
[48.783s][info ][gc,cpu         ] GC(47) User=0.23s Sys=0.00s Real=0.16s
[48.783s][info ][safepoint      ] Safepoint "ParallelGCFailedAllocation", Time since last: 877553760 ns, Reaching safepoint: 13791507 ns, At safepoint: 164827573 ns, Total: 178619080 ns
[49.790s][info ][safepoint      ] Safepoint "Cleanup", Time since last: 1000086676 ns, Reaching safepoint: 7111558 ns, At safepoint: 41101 ns, Total: 7152659 ns
[49.882s][info ][gc,start       ] GC(48) Pause Young (Allocation Failure)
[50.030s][debug][gc,phases      ] GC(48) Scavenge 148.359ms
[50.030s][debug][gc,ref         ] GC(48) Skipped phase 1 of Reference Processing: no references
[50.030s][debug][gc,ref         ] GC(48) ReferenceProcessor::execute queues: 1, RefProcThreadModel::Single, marks_oops_alive: false
[50.030s][debug][gc,ref         ] GC(48) Skipped phase 3 of Reference Processing: no references
[50.030s][debug][gc,ref         ] GC(48) ReferenceProcessor::execute queues: 1, RefProcThreadModel::Single, marks_oops_alive: false
[50.030s][debug][gc,phases      ] GC(48) Reference Processing 0.148ms
[50.031s][debug][gc,phases      ] GC(48)   VM Weak                        Min:  0.0, Avg:  0.0, Max:  0.0, Diff:  0.0, Sum:  0.0, Workers: 4
[50.031s][debug][gc,phases      ] GC(48)     Dead                           Min: 0, Avg:  0.0, Max: 0, Diff: 0, Sum: 0, Workers: 4
[50.031s][debug][gc,phases      ] GC(48)     Total                          Min: 0, Avg: 147.5, Max: 590, Diff: 590, Sum: 590, Workers: 4
[50.031s][debug][gc,phases      ] GC(48)   ObjectSynchronizer Weak        Min:  0.0, Avg:  0.0, Max:  0.0, Diff:  0.0, Sum:  0.0, Workers: 4
[50.031s][debug][gc,phases      ] GC(48)     Dead                           Min: 0, Avg:  0.0, Max: 0, Diff: 0, Sum: 0, Workers: 4
[50.031s][debug][gc,phases      ] GC(48)     Total                          Min: 0, Avg: 45.5, Max: 182, Diff: 182, Sum: 182, Workers: 4
[50.031s][debug][gc,phases      ] GC(48)   JVMTI Tag Weak OopStorage      Min:  0.0, Avg:  0.0, Max:  0.0, Diff:  0.0, Sum:  0.0, Workers: 4
[50.031s][debug][gc,phases      ] GC(48)     Dead                           Min: 0, Avg:  0.0, Max: 0, Diff: 0, Sum: 0, Workers: 4
[50.031s][debug][gc,phases      ] GC(48)     Total                          Min: 0, Avg:  0.0, Max: 0, Diff: 0, Sum: 0, Workers: 4
[50.031s][debug][gc,phases      ] GC(48)   StringTable Weak               Min:  0.0, Avg:  0.1, Max:  0.4, Diff:  0.4, Sum:  0.4, Workers: 4
[50.031s][debug][gc,phases      ] GC(48)     Dead                           Min: 0, Avg:  3.2, Max: 13, Diff: 13, Sum: 13, Workers: 4
[50.031s][debug][gc,phases      ] GC(48)     Total                          Min: 0, Avg: 10689.5, Max: 42758, Diff: 42758, Sum: 42758, Workers: 4
[50.031s][debug][gc,phases      ] GC(48)   ResolvedMethodTable Weak       Min:  0.0, Avg:  0.0, Max:  0.1, Diff:  0.1, Sum:  0.1, Workers: 4
[50.031s][debug][gc,phases      ] GC(48)     Dead                           Min: 0, Avg:  4.5, Max: 18, Diff: 18, Sum: 18, Workers: 4
[50.031s][debug][gc,phases      ] GC(48)     Total                          Min: 0, Avg: 1736.2, Max: 6945, Diff: 6945, Sum: 6945, Workers: 4
[50.031s][debug][gc,phases      ] GC(48)   JNI Weak                       Min:  0.0, Avg:  0.0, Max:  0.0, Diff:  0.0, Sum:  0.0, Workers: 4
[50.031s][debug][gc,phases      ] GC(48)     Dead                           Min: 0, Avg:  0.0, Max: 0, Diff: 0, Sum: 0, Workers: 4
[50.031s][debug][gc,phases      ] GC(48)     Total                          Min: 0, Avg:  1.2, Max: 5, Diff: 5, Sum: 5, Workers: 4
[50.031s][debug][gc,phases      ] GC(48)   StringDedup Table Weak         Min:  0.0, Avg:  0.0, Max:  0.0, Diff:  0.0, Sum:  0.0, Workers: 4
[50.031s][debug][gc,phases      ] GC(48)     Dead                           Min: 0, Avg:  0.0, Max: 0, Diff: 0, Sum: 0, Workers: 4
[50.031s][debug][gc,phases      ] GC(48)     Total                          Min: 0, Avg:  0.0, Max: 0, Diff: 0, Sum: 0, Workers: 4
[50.031s][debug][gc,phases      ] GC(48)   StringDedup Requests0 Weak     Min:  0.0, Avg:  0.0, Max:  0.0, Diff:  0.0, Sum:  0.0, Workers: 4
[50.031s][debug][gc,phases      ] GC(48)     Dead                           Min: 0, Avg:  0.0, Max: 0, Diff: 0, Sum: 0, Workers: 4
[50.031s][debug][gc,phases      ] GC(48)     Total                          Min: 0, Avg:  0.0, Max: 0, Diff: 0, Sum: 0, Workers: 4
[50.031s][debug][gc,phases      ] GC(48)   StringDedup Requests1 Weak     Min:  0.0, Avg:  0.0, Max:  0.0, Diff:  0.0, Sum:  0.0, Workers: 4
[50.031s][debug][gc,phases      ] GC(48)     Dead                           Min: 0, Avg:  0.0, Max: 0, Diff: 0, Sum: 0, Workers: 4
[50.031s][debug][gc,phases      ] GC(48)     Total                          Min: 0, Avg:  0.0, Max: 0, Diff: 0, Sum: 0, Workers: 4
[50.031s][debug][gc,phases      ] GC(48)   Weak JFR Old Object Samples    Min:  0.0, Avg:  0.0, Max:  0.0, Diff:  0.0, Sum:  0.0, Workers: 4
[50.031s][debug][gc,phases      ] GC(48)     Dead                           Min: 0, Avg:  0.0, Max: 0, Diff: 0, Sum: 0, Workers: 4
[50.031s][debug][gc,phases      ] GC(48)     Total                          Min: 0, Avg:  0.0, Max: 0, Diff: 0, Sum: 0, Workers: 4
[50.031s][debug][gc,phases      ] GC(48) Weak Processing 0.793ms
[50.031s][debug][gc,age         ] GC(48) Desired survivor size 330301440 bytes, new threshold 15 (max threshold 15)
[50.031s][info ][gc,heap        ] GC(48) PSYoungGen: 1507328K(1753088K)->128272K(1731072K) Eden: 1387008K(1387008K)->0K(1387008K) From: 120320K(366080K)->128272K(344064K)
[50.031s][info ][gc,heap        ] GC(48) ParOldGen: 507549K(636416K)->514789K(636416K)
[50.031s][info ][gc,metaspace   ] GC(48) Metaspace: 68011K(68800K)->68011K(68800K) NonClass: 58150K(58560K)->58150K(58560K) Class: 9860K(10240K)->9860K(10240K)
[50.031s][info ][gc             ] GC(48) Pause Young (Allocation Failure) 1967M->627M(2312M) 149.498ms
[50.031s][info ][gc,cpu         ] GC(48) User=0.21s Sys=0.00s Real=0.15s
[50.031s][info ][safepoint      ] Safepoint "ParallelGCFailedAllocation", Time since last: 77128818 ns, Reaching safepoint: 14795829 ns, At safepoint: 149643332 ns, Total: 164439161 ns
[50.754s][info ][gc,start       ] GC(49) Pause Young (Allocation Failure)
[50.903s][debug][gc,phases      ] GC(49) Scavenge 149.133ms
[50.903s][debug][gc,ref         ] GC(49) Skipped phase 1 of Reference Processing: no references
[50.903s][debug][gc,ref         ] GC(49) ReferenceProcessor::execute queues: 1, RefProcThreadModel::Single, marks_oops_alive: false
[50.903s][debug][gc,ref         ] GC(49) Skipped phase 3 of Reference Processing: no references
[50.903s][debug][gc,ref         ] GC(49) ReferenceProcessor::execute queues: 1, RefProcThreadModel::Single, marks_oops_alive: false
[50.903s][debug][gc,phases      ] GC(49) Reference Processing 0.146ms
[50.904s][debug][gc,phases      ] GC(49)   VM Weak                        Min:  0.0, Avg:  0.0, Max:  0.0, Diff:  0.0, Sum:  0.0, Workers: 4
[50.904s][debug][gc,phases      ] GC(49)     Dead                           Min: 0, Avg:  0.0, Max: 0, Diff: 0, Sum: 0, Workers: 4
[50.904s][debug][gc,phases      ] GC(49)     Total                          Min: 0, Avg: 147.5, Max: 590, Diff: 590, Sum: 590, Workers: 4
[50.904s][debug][gc,phases      ] GC(49)   ObjectSynchronizer Weak        Min:  0.0, Avg:  0.0, Max:  0.0, Diff:  0.0, Sum:  0.0, Workers: 4
[50.904s][debug][gc,phases      ] GC(49)     Dead                           Min: 0, Avg:  0.0, Max: 0, Diff: 0, Sum: 0, Workers: 4
[50.904s][debug][gc,phases      ] GC(49)     Total                          Min: 0, Avg: 45.5, Max: 182, Diff: 182, Sum: 182, Workers: 4
[50.904s][debug][gc,phases      ] GC(49)   JVMTI Tag Weak OopStorage      Min:  0.0, Avg:  0.0, Max:  0.0, Diff:  0.0, Sum:  0.0, Workers: 4
[50.904s][debug][gc,phases      ] GC(49)     Dead                           Min: 0, Avg:  0.0, Max: 0, Diff: 0, Sum: 0, Workers: 4
[50.904s][debug][gc,phases      ] GC(49)     Total                          Min: 0, Avg:  0.0, Max: 0, Diff: 0, Sum: 0, Workers: 4
[50.904s][debug][gc,phases      ] GC(49)   StringTable Weak               Min:  0.0, Avg:  0.1, Max:  0.4, Diff:  0.4, Sum:  0.4, Workers: 4
[50.904s][debug][gc,phases      ] GC(49)     Dead                           Min: 0, Avg:  2.8, Max: 11, Diff: 11, Sum: 11, Workers: 4
[50.904s][debug][gc,phases      ] GC(49)     Total                          Min: 0, Avg: 10692.0, Max: 42768, Diff: 42768, Sum: 42768, Workers: 4
[50.904s][debug][gc,phases      ] GC(49)   ResolvedMethodTable Weak       Min:  0.0, Avg:  0.0, Max:  0.1, Diff:  0.1, Sum:  0.1, Workers: 4
[50.904s][debug][gc,phases      ] GC(49)     Dead                           Min: 0, Avg:  0.0, Max: 0, Diff: 0, Sum: 0, Workers: 4
[50.904s][debug][gc,phases      ] GC(49)     Total                          Min: 0, Avg: 1736.2, Max: 6945, Diff: 6945, Sum: 6945, Workers: 4
[50.904s][debug][gc,phases      ] GC(49)   JNI Weak                       Min:  0.0, Avg:  0.0, Max:  0.0, Diff:  0.0, Sum:  0.0, Workers: 4
[50.904s][debug][gc,phases      ] GC(49)     Dead                           Min: 0, Avg:  0.0, Max: 0, Diff: 0, Sum: 0, Workers: 4
[50.904s][debug][gc,phases      ] GC(49)     Total                          Min: 0, Avg:  0.2, Max: 1, Diff: 1, Sum: 1, Workers: 4
[50.904s][debug][gc,phases      ] GC(49)   StringDedup Table Weak         Min:  0.0, Avg:  0.0, Max:  0.0, Diff:  0.0, Sum:  0.0, Workers: 4
[50.904s][debug][gc,phases      ] GC(49)     Dead                           Min: 0, Avg:  0.0, Max: 0, Diff: 0, Sum: 0, Workers: 4
[50.904s][debug][gc,phases      ] GC(49)     Total                          Min: 0, Avg:  0.0, Max: 0, Diff: 0, Sum: 0, Workers: 4
[50.904s][debug][gc,phases      ] GC(49)   StringDedup Requests0 Weak     Min:  0.0, Avg:  0.0, Max:  0.0, Diff:  0.0, Sum:  0.0, Workers: 4
[50.904s][debug][gc,phases      ] GC(49)     Dead                           Min: 0, Avg:  0.0, Max: 0, Diff: 0, Sum: 0, Workers: 4
[50.904s][debug][gc,phases      ] GC(49)     Total                          Min: 0, Avg:  0.0, Max: 0, Diff: 0, Sum: 0, Workers: 4
[50.904s][debug][gc,phases      ] GC(49)   StringDedup Requests1 Weak     Min:  0.0, Avg:  0.0, Max:  0.0, Diff:  0.0, Sum:  0.0, Workers: 4
[50.904s][debug][gc,phases      ] GC(49)     Dead                           Min: 0, Avg:  0.0, Max: 0, Diff: 0, Sum: 0, Workers: 4
[50.904s][debug][gc,phases      ] GC(49)     Total                          Min: 0, Avg:  0.0, Max: 0, Diff: 0, Sum: 0, Workers: 4
[50.904s][debug][gc,phases      ] GC(49)   Weak JFR Old Object Samples    Min:  0.0, Avg:  0.0, Max:  0.0, Diff:  0.0, Sum:  0.0, Workers: 4
[50.904s][debug][gc,phases      ] GC(49)     Dead                           Min: 0, Avg:  0.0, Max: 0, Diff: 0, Sum: 0, Workers: 4
[50.904s][debug][gc,phases      ] GC(49)     Total                          Min: 0, Avg:  0.0, Max: 0, Diff: 0, Sum: 0, Workers: 4
[50.904s][debug][gc,phases      ] GC(49) Weak Processing 0.785ms
[50.904s][debug][gc,age         ] GC(49) Desired survivor size 312475648 bytes, new threshold 15 (max threshold 15)
[50.904s][info ][gc,heap        ] GC(49) PSYoungGen: 1515280K(1731072K)->133136K(1792000K) Eden: 1387008K(1387008K)->0K(1469440K) From: 128272K(344064K)->133136K(322560K)
[50.904s][info ][gc,heap        ] GC(49) ParOldGen: 514789K(636416K)->520445K(636416K)
[50.904s][info ][gc,metaspace   ] GC(49) Metaspace: 68032K(68864K)->68032K(68864K) NonClass: 58171K(58624K)->58171K(58624K) Class: 9860K(10240K)->9860K(10240K)
[50.904s][info ][gc             ] GC(49) Pause Young (Allocation Failure) 1982M->638M(2371M) 150.252ms
[50.904s][info ][gc,cpu         ] GC(49) User=0.22s Sys=0.00s Real=0.14s
[50.904s][info ][safepoint      ] Safepoint "ParallelGCFailedAllocation", Time since last: 706995135 ns, Reaching safepoint: 15397843 ns, At safepoint: 150397747 ns, Total: 165795590 ns
[51.918s][info ][safepoint      ] Safepoint "Cleanup", Time since last: 1000162047 ns, Reaching safepoint: 13717606 ns, At safepoint: 45501 ns, Total: 13763107 ns
[52.087s][info ][gc,start       ] GC(50) Pause Young (Allocation Failure)
[52.258s][debug][gc,phases      ] GC(50) Scavenge 170.838ms
[52.259s][debug][gc,ref         ] GC(50) Skipped phase 1 of Reference Processing: no references
[52.259s][debug][gc,ref         ] GC(50) ReferenceProcessor::execute queues: 1, RefProcThreadModel::Single, marks_oops_alive: false
[52.259s][debug][gc,ref         ] GC(50) Skipped phase 3 of Reference Processing: no references
[52.259s][debug][gc,ref         ] GC(50) ReferenceProcessor::execute queues: 1, RefProcThreadModel::Single, marks_oops_alive: false
[52.259s][debug][gc,phases      ] GC(50) Reference Processing 0.144ms
[52.260s][debug][gc,phases      ] GC(50)   VM Weak                        Min:  0.0, Avg:  0.0, Max:  0.0, Diff:  0.0, Sum:  0.0, Workers: 4
[52.260s][debug][gc,phases      ] GC(50)     Dead                           Min: 0, Avg:  0.0, Max: 0, Diff: 0, Sum: 0, Workers: 4
[52.260s][debug][gc,phases      ] GC(50)     Total                          Min: 0, Avg: 147.5, Max: 590, Diff: 590, Sum: 590, Workers: 4
[52.260s][debug][gc,phases      ] GC(50)   ObjectSynchronizer Weak        Min:  0.0, Avg:  0.0, Max:  0.0, Diff:  0.0, Sum:  0.0, Workers: 4
[52.260s][debug][gc,phases      ] GC(50)     Dead                           Min: 0, Avg:  0.0, Max: 0, Diff: 0, Sum: 0, Workers: 4
[52.260s][debug][gc,phases      ] GC(50)     Total                          Min: 0, Avg: 45.5, Max: 182, Diff: 182, Sum: 182, Workers: 4
[52.260s][debug][gc,phases      ] GC(50)   JVMTI Tag Weak OopStorage      Min:  0.0, Avg:  0.0, Max:  0.0, Diff:  0.0, Sum:  0.0, Workers: 4
[52.260s][debug][gc,phases      ] GC(50)     Dead                           Min: 0, Avg:  0.0, Max: 0, Diff: 0, Sum: 0, Workers: 4
[52.260s][debug][gc,phases      ] GC(50)     Total                          Min: 0, Avg:  0.0, Max: 0, Diff: 0, Sum: 0, Workers: 4
[52.260s][debug][gc,phases      ] GC(50)   StringTable Weak               Min:  0.0, Avg:  0.1, Max:  0.5, Diff:  0.5, Sum:  0.5, Workers: 4
[52.260s][debug][gc,phases      ] GC(50)     Dead                           Min: 0, Avg:  2.8, Max: 11, Diff: 11, Sum: 11, Workers: 4
[52.260s][debug][gc,phases      ] GC(50)     Total                          Min: 0, Avg: 10699.2, Max: 42797, Diff: 42797, Sum: 42797, Workers: 4
[52.260s][debug][gc,phases      ] GC(50)   ResolvedMethodTable Weak       Min:  0.0, Avg:  0.0, Max:  0.1, Diff:  0.1, Sum:  0.1, Workers: 4
[52.260s][debug][gc,phases      ] GC(50)     Dead                           Min: 0, Avg:  0.0, Max: 0, Diff: 0, Sum: 0, Workers: 4
[52.260s][debug][gc,phases      ] GC(50)     Total                          Min: 0, Avg: 1736.2, Max: 6945, Diff: 6945, Sum: 6945, Workers: 4
[52.260s][debug][gc,phases      ] GC(50)   JNI Weak                       Min:  0.0, Avg:  0.0, Max:  0.0, Diff:  0.0, Sum:  0.0, Workers: 4
[52.260s][debug][gc,phases      ] GC(50)     Dead                           Min: 0, Avg:  0.0, Max: 0, Diff: 0, Sum: 0, Workers: 4
[52.260s][debug][gc,phases      ] GC(50)     Total                          Min: 0, Avg:  1.2, Max: 5, Diff: 5, Sum: 5, Workers: 4
[52.260s][debug][gc,phases      ] GC(50)   StringDedup Table Weak         Min:  0.0, Avg:  0.0, Max:  0.0, Diff:  0.0, Sum:  0.0, Workers: 4
[52.260s][debug][gc,phases      ] GC(50)     Dead                           Min: 0, Avg:  0.0, Max: 0, Diff: 0, Sum: 0, Workers: 4
[52.260s][debug][gc,phases      ] GC(50)     Total                          Min: 0, Avg:  0.0, Max: 0, Diff: 0, Sum: 0, Workers: 4
[52.260s][debug][gc,phases      ] GC(50)   StringDedup Requests0 Weak     Min:  0.0, Avg:  0.0, Max:  0.0, Diff:  0.0, Sum:  0.0, Workers: 4
[52.260s][debug][gc,phases      ] GC(50)     Dead                           Min: 0, Avg:  0.0, Max: 0, Diff: 0, Sum: 0, Workers: 4
[52.260s][debug][gc,phases      ] GC(50)     Total                          Min: 0, Avg:  0.0, Max: 0, Diff: 0, Sum: 0, Workers: 4
[52.260s][debug][gc,phases      ] GC(50)   StringDedup Requests1 Weak     Min:  0.0, Avg:  0.0, Max:  0.0, Diff:  0.0, Sum:  0.0, Workers: 4
[52.260s][debug][gc,phases      ] GC(50)     Dead                           Min: 0, Avg:  0.0, Max: 0, Diff: 0, Sum: 0, Workers: 4
[52.260s][debug][gc,phases      ] GC(50)     Total                          Min: 0, Avg:  0.0, Max: 0, Diff: 0, Sum: 0, Workers: 4
[52.260s][debug][gc,phases      ] GC(50)   Weak JFR Old Object Samples    Min:  0.0, Avg:  0.0, Max:  0.0, Diff:  0.0, Sum:  0.0, Workers: 4
[52.260s][debug][gc,phases      ] GC(50)     Dead                           Min: 0, Avg:  0.0, Max: 0, Diff: 0, Sum: 0, Workers: 4
[52.260s][debug][gc,phases      ] GC(50)     Total                          Min: 0, Avg:  0.0, Max: 0, Diff: 0, Sum: 0, Workers: 4
[52.260s][debug][gc,phases      ] GC(50) Weak Processing 0.867ms
[52.260s][debug][gc,age         ] GC(50) Desired survivor size 299892736 bytes, new threshold 15 (max threshold 15)
[52.260s][info ][gc,heap        ] GC(50) PSYoungGen: 1602576K(1792000K)->144000K(1774592K) Eden: 1469440K(1469440K)->0K(1469440K) From: 133136K(322560K)->144000K(305152K)
[52.260s][info ][gc,heap        ] GC(50) ParOldGen: 520445K(636416K)->526293K(636416K)
[52.260s][info ][gc,metaspace   ] GC(50) Metaspace: 68044K(68864K)->68044K(68864K) NonClass: 58184K(58624K)->58184K(58624K) Class: 9860K(10240K)->9860K(10240K)
[52.260s][info ][gc             ] GC(50) Pause Young (Allocation Failure) 2073M->654M(2354M) 173.492ms
[52.260s][info ][gc,cpu         ] GC(50) User=0.33s Sys=0.00s Real=0.17s
[52.260s][info ][safepoint      ] Safepoint "ParallelGCFailedAllocation", Time since last: 159276140 ns, Reaching safepoint: 9441910 ns, At safepoint: 173644960 ns, Total: 183086870 ns
[53.166s][info ][gc,start       ] GC(51) Pause Young (Allocation Failure)
[53.294s][debug][gc,phases      ] GC(51) Scavenge 128.169ms
[53.294s][debug][gc,ref         ] GC(51) Skipped phase 1 of Reference Processing: no references
[53.294s][debug][gc,ref         ] GC(51) ReferenceProcessor::execute queues: 1, RefProcThreadModel::Single, marks_oops_alive: false
[53.294s][debug][gc,ref         ] GC(51) Skipped phase 3 of Reference Processing: no references
[53.294s][debug][gc,ref         ] GC(51) ReferenceProcessor::execute queues: 1, RefProcThreadModel::Single, marks_oops_alive: false
[53.294s][debug][gc,phases      ] GC(51) Reference Processing 0.157ms
[53.295s][debug][gc,phases      ] GC(51)   VM Weak                        Min:  0.0, Avg:  0.0, Max:  0.0, Diff:  0.0, Sum:  0.0, Workers: 4
[53.295s][debug][gc,phases      ] GC(51)     Dead                           Min: 0, Avg:  0.0, Max: 0, Diff: 0, Sum: 0, Workers: 4
[53.295s][debug][gc,phases      ] GC(51)     Total                          Min: 0, Avg: 147.5, Max: 590, Diff: 590, Sum: 590, Workers: 4
[53.295s][debug][gc,phases      ] GC(51)   ObjectSynchronizer Weak        Min:  0.0, Avg:  0.0, Max:  0.0, Diff:  0.0, Sum:  0.0, Workers: 4
[53.295s][debug][gc,phases      ] GC(51)     Dead                           Min: 0, Avg:  0.0, Max: 0, Diff: 0, Sum: 0, Workers: 4
[53.295s][debug][gc,phases      ] GC(51)     Total                          Min: 0, Avg: 45.5, Max: 182, Diff: 182, Sum: 182, Workers: 4
[53.295s][debug][gc,phases      ] GC(51)   JVMTI Tag Weak OopStorage      Min:  0.0, Avg:  0.0, Max:  0.0, Diff:  0.0, Sum:  0.0, Workers: 4
[53.295s][debug][gc,phases      ] GC(51)     Dead                           Min: 0, Avg:  0.0, Max: 0, Diff: 0, Sum: 0, Workers: 4
[53.295s][debug][gc,phases      ] GC(51)     Total                          Min: 0, Avg:  0.0, Max: 0, Diff: 0, Sum: 0, Workers: 4
[53.295s][debug][gc,phases      ] GC(51)   StringTable Weak               Min:  0.0, Avg:  0.1, Max:  0.4, Diff:  0.4, Sum:  0.4, Workers: 4
[53.295s][debug][gc,phases      ] GC(51)     Dead                           Min: 0, Avg:  2.8, Max: 11, Diff: 11, Sum: 11, Workers: 4
[53.295s][debug][gc,phases      ] GC(51)     Total                          Min: 0, Avg: 10717.0, Max: 42868, Diff: 42868, Sum: 42868, Workers: 4
[53.295s][debug][gc,phases      ] GC(51)   ResolvedMethodTable Weak       Min:  0.0, Avg:  0.0, Max:  0.1, Diff:  0.1, Sum:  0.1, Workers: 4
[53.295s][debug][gc,phases      ] GC(51)     Dead                           Min: 0, Avg:  0.0, Max: 0, Diff: 0, Sum: 0, Workers: 4
[53.295s][debug][gc,phases      ] GC(51)     Total                          Min: 0, Avg: 1738.2, Max: 6953, Diff: 6953, Sum: 6953, Workers: 4
[53.295s][debug][gc,phases      ] GC(51)   JNI Weak                       Min:  0.0, Avg:  0.0, Max:  0.0, Diff:  0.0, Sum:  0.0, Workers: 4
[53.295s][debug][gc,phases      ] GC(51)     Dead                           Min: 0, Avg:  0.0, Max: 0, Diff: 0, Sum: 0, Workers: 4
[53.295s][debug][gc,phases      ] GC(51)     Total                          Min: 0, Avg:  1.2, Max: 5, Diff: 5, Sum: 5, Workers: 4
[53.295s][debug][gc,phases      ] GC(51)   StringDedup Table Weak         Min:  0.0, Avg:  0.0, Max:  0.0, Diff:  0.0, Sum:  0.0, Workers: 4
[53.295s][debug][gc,phases      ] GC(51)     Dead                           Min: 0, Avg:  0.0, Max: 0, Diff: 0, Sum: 0, Workers: 4
[53.295s][debug][gc,phases      ] GC(51)     Total                          Min: 0, Avg:  0.0, Max: 0, Diff: 0, Sum: 0, Workers: 4
[53.295s][debug][gc,phases      ] GC(51)   StringDedup Requests0 Weak     Min:  0.0, Avg:  0.0, Max:  0.0, Diff:  0.0, Sum:  0.0, Workers: 4
[53.295s][debug][gc,phases      ] GC(51)     Dead                           Min: 0, Avg:  0.0, Max: 0, Diff: 0, Sum: 0, Workers: 4
[53.295s][debug][gc,phases      ] GC(51)     Total                          Min: 0, Avg:  0.0, Max: 0, Diff: 0, Sum: 0, Workers: 4
[53.295s][debug][gc,phases      ] GC(51)   StringDedup Requests1 Weak     Min:  0.0, Avg:  0.0, Max:  0.0, Diff:  0.0, Sum:  0.0, Workers: 4
[53.295s][debug][gc,phases      ] GC(51)     Dead                           Min: 0, Avg:  0.0, Max: 0, Diff: 0, Sum: 0, Workers: 4
[53.295s][debug][gc,phases      ] GC(51)     Total                          Min: 0, Avg:  0.0, Max: 0, Diff: 0, Sum: 0, Workers: 4
[53.295s][debug][gc,phases      ] GC(51)   Weak JFR Old Object Samples    Min:  0.0, Avg:  0.0, Max:  0.0, Diff:  0.0, Sum:  0.0, Workers: 4
[53.295s][debug][gc,phases      ] GC(51)     Dead                           Min: 0, Avg:  0.0, Max: 0, Diff: 0, Sum: 0, Workers: 4
[53.295s][debug][gc,phases      ] GC(51)     Total                          Min: 0, Avg:  0.0, Max: 0, Diff: 0, Sum: 0, Workers: 4
[53.295s][debug][gc,phases      ] GC(51) Weak Processing 0.836ms
[53.295s][debug][gc,age         ] GC(51) Desired survivor size 289931264 bytes, new threshold 15 (max threshold 15)
[53.295s][info ][gc,heap        ] GC(51) PSYoungGen: 1613440K(1774592K)->148448K(1814016K) Eden: 1469440K(1469440K)->0K(1521152K) From: 144000K(305152K)->148448K(292864K)
[53.295s][info ][gc,heap        ] GC(51) ParOldGen: 526293K(636416K)->529533K(636416K)
[53.295s][info ][gc,metaspace   ] GC(51) Metaspace: 68067K(68864K)->68067K(68864K) NonClass: 58203K(58624K)->58203K(58624K) Class: 9863K(10240K)->9863K(10240K)
[53.295s][info ][gc             ] GC(51) Pause Young (Allocation Failure) 2089M->662M(2393M) 129.342ms
[53.295s][info ][gc,cpu         ] GC(51) User=0.25s Sys=0.00s Real=0.13s
[53.295s][info ][safepoint      ] Safepoint "ParallelGCFailedAllocation", Time since last: 895235897 ns, Reaching safepoint: 10001622 ns, At safepoint: 129491577 ns, Total: 139493199 ns
[54.454s][info ][gc,start       ] GC(52) Pause Young (Allocation Failure)
[54.554s][debug][gc,phases      ] GC(52) Scavenge 99.763ms
[54.554s][debug][gc,ref         ] GC(52) Skipped phase 1 of Reference Processing: no references
[54.554s][debug][gc,ref         ] GC(52) ReferenceProcessor::execute queues: 1, RefProcThreadModel::Single, marks_oops_alive: false
[54.554s][debug][gc,ref         ] GC(52) Skipped phase 3 of Reference Processing: no references
[54.554s][debug][gc,ref         ] GC(52) ReferenceProcessor::execute queues: 1, RefProcThreadModel::Single, marks_oops_alive: false
[54.554s][debug][gc,phases      ] GC(52) Reference Processing 0.191ms
[54.555s][debug][gc,phases      ] GC(52)   VM Weak                        Min:  0.0, Avg:  0.0, Max:  0.0, Diff:  0.0, Sum:  0.0, Workers: 4
[54.555s][debug][gc,phases      ] GC(52)     Dead                           Min: 0, Avg:  0.0, Max: 0, Diff: 0, Sum: 0, Workers: 4
[54.555s][debug][gc,phases      ] GC(52)     Total                          Min: 0, Avg: 148.5, Max: 594, Diff: 594, Sum: 594, Workers: 4
[54.555s][debug][gc,phases      ] GC(52)   ObjectSynchronizer Weak        Min:  0.0, Avg:  0.0, Max:  0.0, Diff:  0.0, Sum:  0.0, Workers: 4
[54.555s][debug][gc,phases      ] GC(52)     Dead                           Min: 0, Avg:  0.0, Max: 0, Diff: 0, Sum: 0, Workers: 4
[54.555s][debug][gc,phases      ] GC(52)     Total                          Min: 0, Avg: 45.5, Max: 182, Diff: 182, Sum: 182, Workers: 4
[54.555s][debug][gc,phases      ] GC(52)   JVMTI Tag Weak OopStorage      Min:  0.0, Avg:  0.0, Max:  0.0, Diff:  0.0, Sum:  0.0, Workers: 4
[54.555s][debug][gc,phases      ] GC(52)     Dead                           Min: 0, Avg:  0.0, Max: 0, Diff: 0, Sum: 0, Workers: 4
[54.555s][debug][gc,phases      ] GC(52)     Total                          Min: 0, Avg:  0.0, Max: 0, Diff: 0, Sum: 0, Workers: 4
[54.555s][debug][gc,phases      ] GC(52)   StringTable Weak               Min:  0.0, Avg:  0.1, Max:  0.5, Diff:  0.5, Sum:  0.5, Workers: 4
[54.555s][debug][gc,phases      ] GC(52)     Dead                           Min: 0, Avg:  2.8, Max: 11, Diff: 11, Sum: 11, Workers: 4
[54.555s][debug][gc,phases      ] GC(52)     Total                          Min: 0, Avg: 10773.0, Max: 43092, Diff: 43092, Sum: 43092, Workers: 4
[54.555s][debug][gc,phases      ] GC(52)   ResolvedMethodTable Weak       Min:  0.0, Avg:  0.0, Max:  0.1, Diff:  0.1, Sum:  0.1, Workers: 4
[54.555s][debug][gc,phases      ] GC(52)     Dead                           Min: 0, Avg:  6.2, Max: 25, Diff: 25, Sum: 25, Workers: 4
[54.555s][debug][gc,phases      ] GC(52)     Total                          Min: 0, Avg: 1765.2, Max: 7061, Diff: 7061, Sum: 7061, Workers: 4
[54.555s][debug][gc,phases      ] GC(52)   JNI Weak                       Min:  0.0, Avg:  0.0, Max:  0.0, Diff:  0.0, Sum:  0.0, Workers: 4
[54.555s][debug][gc,phases      ] GC(52)     Dead                           Min: 0, Avg:  0.0, Max: 0, Diff: 0, Sum: 0, Workers: 4
[54.555s][debug][gc,phases      ] GC(52)     Total                          Min: 0, Avg:  1.0, Max: 4, Diff: 4, Sum: 4, Workers: 4
[54.555s][debug][gc,phases      ] GC(52)   StringDedup Table Weak         Min:  0.0, Avg:  0.0, Max:  0.0, Diff:  0.0, Sum:  0.0, Workers: 4
[54.555s][debug][gc,phases      ] GC(52)     Dead                           Min: 0, Avg:  0.0, Max: 0, Diff: 0, Sum: 0, Workers: 4
[54.555s][debug][gc,phases      ] GC(52)     Total                          Min: 0, Avg:  0.0, Max: 0, Diff: 0, Sum: 0, Workers: 4
[54.555s][debug][gc,phases      ] GC(52)   StringDedup Requests0 Weak     Min:  0.0, Avg:  0.0, Max:  0.0, Diff:  0.0, Sum:  0.0, Workers: 4
[54.555s][debug][gc,phases      ] GC(52)     Dead                           Min: 0, Avg:  0.0, Max: 0, Diff: 0, Sum: 0, Workers: 4
[54.555s][debug][gc,phases      ] GC(52)     Total                          Min: 0, Avg:  0.0, Max: 0, Diff: 0, Sum: 0, Workers: 4
[54.555s][debug][gc,phases      ] GC(52)   StringDedup Requests1 Weak     Min:  0.0, Avg:  0.0, Max:  0.0, Diff:  0.0, Sum:  0.0, Workers: 4
[54.555s][debug][gc,phases      ] GC(52)     Dead                           Min: 0, Avg:  0.0, Max: 0, Diff: 0, Sum: 0, Workers: 4
[54.555s][debug][gc,phases      ] GC(52)     Total                          Min: 0, Avg:  0.0, Max: 0, Diff: 0, Sum: 0, Workers: 4
[54.555s][debug][gc,phases      ] GC(52)   Weak JFR Old Object Samples    Min:  0.0, Avg:  0.0, Max:  0.0, Diff:  0.0, Sum:  0.0, Workers: 4
[54.555s][debug][gc,phases      ] GC(52)     Dead                           Min: 0, Avg:  0.0, Max: 0, Diff: 0, Sum: 0, Workers: 4
[54.555s][debug][gc,phases      ] GC(52)     Total                          Min: 0, Avg:  0.0, Max: 0, Diff: 0, Sum: 0, Workers: 4
[54.555s][debug][gc,phases      ] GC(52) Weak Processing 0.816ms
[54.555s][debug][gc,age         ] GC(52) Desired survivor size 276299776 bytes, new threshold 15 (max threshold 15)
[54.555s][info ][gc,heap        ] GC(52) PSYoungGen: 1669600K(1814016K)->136896K(1804288K) Eden: 1521152K(1521152K)->0K(1521152K) From: 148448K(292864K)->136896K(283136K)
[54.555s][info ][gc,heap        ] GC(52) ParOldGen: 529533K(636416K)->534397K(636416K)
[54.555s][info ][gc,metaspace   ] GC(52) Metaspace: 68692K(69440K)->68692K(69440K) NonClass: 58731K(59136K)->58731K(59136K) Class: 9960K(10304K)->9960K(10304K)
[54.555s][info ][gc             ] GC(52) Pause Young (Allocation Failure) 2147M->655M(2383M) 100.919ms
[54.555s][info ][gc,cpu         ] GC(52) User=0.22s Sys=0.00s Real=0.10s
[54.555s][info ][safepoint      ] Safepoint "ParallelGCFailedAllocation", Time since last: 1157858914 ns, Reaching safepoint: 843719 ns, At safepoint: 101041643 ns, Total: 101885362 ns
[55.317s][info ][safepoint      ] Safepoint "ICBufferFull", Time since last: 759927366 ns, Reaching safepoint: 2090946 ns, At safepoint: 24201 ns, Total: 2115147 ns
[55.480s][info ][gc,start       ] GC(53) Pause Young (Allocation Failure)
[55.626s][debug][gc,phases      ] GC(53) Scavenge 146.163ms
[55.626s][debug][gc,ref         ] GC(53) Skipped phase 1 of Reference Processing: no references
[55.627s][debug][gc,ref         ] GC(53) ReferenceProcessor::execute queues: 1, RefProcThreadModel::Single, marks_oops_alive: false
[55.627s][debug][gc,ref         ] GC(53) Skipped phase 3 of Reference Processing: no references
[55.627s][debug][gc,ref         ] GC(53) ReferenceProcessor::execute queues: 1, RefProcThreadModel::Single, marks_oops_alive: false
[55.627s][debug][gc,phases      ] GC(53) Reference Processing 0.221ms
[55.627s][debug][gc,phases      ] GC(53)   VM Weak                        Min:  0.0, Avg:  0.0, Max:  0.0, Diff:  0.0, Sum:  0.0, Workers: 4
[55.627s][debug][gc,phases      ] GC(53)     Dead                           Min: 0, Avg:  0.0, Max: 0, Diff: 0, Sum: 0, Workers: 4
[55.627s][debug][gc,phases      ] GC(53)     Total                          Min: 0, Avg: 152.5, Max: 512, Diff: 512, Sum: 610, Workers: 4
[55.627s][debug][gc,phases      ] GC(53)   ObjectSynchronizer Weak        Min:  0.0, Avg:  0.0, Max:  0.0, Diff:  0.0, Sum:  0.0, Workers: 4
[55.627s][debug][gc,phases      ] GC(53)     Dead                           Min: 0, Avg:  0.0, Max: 0, Diff: 0, Sum: 0, Workers: 4
[55.627s][debug][gc,phases      ] GC(53)     Total                          Min: 0, Avg: 45.5, Max: 128, Diff: 128, Sum: 182, Workers: 4
[55.627s][debug][gc,phases      ] GC(53)   JVMTI Tag Weak OopStorage      Min:  0.0, Avg:  0.0, Max:  0.0, Diff:  0.0, Sum:  0.0, Workers: 4
[55.627s][debug][gc,phases      ] GC(53)     Dead                           Min: 0, Avg:  0.0, Max: 0, Diff: 0, Sum: 0, Workers: 4
[55.627s][debug][gc,phases      ] GC(53)     Total                          Min: 0, Avg:  0.0, Max: 0, Diff: 0, Sum: 0, Workers: 4
[55.627s][debug][gc,phases      ] GC(53)   StringTable Weak               Min:  0.0, Avg:  0.1, Max:  0.2, Diff:  0.2, Sum:  0.5, Workers: 4
[55.627s][debug][gc,phases      ] GC(53)     Dead                           Min: 0, Avg:  3.5, Max: 11, Diff: 11, Sum: 14, Workers: 4
[55.627s][debug][gc,phases      ] GC(53)     Total                          Min: 0, Avg: 10858.8, Max: 21952, Diff: 21952, Sum: 43435, Workers: 4
[55.627s][debug][gc,phases      ] GC(53)   ResolvedMethodTable Weak       Min:  0.0, Avg:  0.0, Max:  0.0, Diff:  0.0, Sum:  0.1, Workers: 4
[55.627s][debug][gc,phases      ] GC(53)     Dead                           Min: 0, Avg:  9.8, Max: 20, Diff: 20, Sum: 39, Workers: 4
[55.627s][debug][gc,phases      ] GC(53)     Total                          Min: 0, Avg: 1807.5, Max: 3776, Diff: 3776, Sum: 7230, Workers: 4
[55.627s][debug][gc,phases      ] GC(53)   JNI Weak                       Min:  0.0, Avg:  0.0, Max:  0.0, Diff:  0.0, Sum:  0.0, Workers: 4
[55.627s][debug][gc,phases      ] GC(53)     Dead                           Min: 0, Avg:  0.0, Max: 0, Diff: 0, Sum: 0, Workers: 4
[55.627s][debug][gc,phases      ] GC(53)     Total                          Min: 0, Avg:  3.0, Max: 12, Diff: 12, Sum: 12, Workers: 4
[55.627s][debug][gc,phases      ] GC(53)   StringDedup Table Weak         Min:  0.0, Avg:  0.0, Max:  0.0, Diff:  0.0, Sum:  0.0, Workers: 4
[55.627s][debug][gc,phases      ] GC(53)     Dead                           Min: 0, Avg:  0.0, Max: 0, Diff: 0, Sum: 0, Workers: 4
[55.627s][debug][gc,phases      ] GC(53)     Total                          Min: 0, Avg:  0.0, Max: 0, Diff: 0, Sum: 0, Workers: 4
[55.627s][debug][gc,phases      ] GC(53)   StringDedup Requests0 Weak     Min:  0.0, Avg:  0.0, Max:  0.0, Diff:  0.0, Sum:  0.0, Workers: 4
[55.627s][debug][gc,phases      ] GC(53)     Dead                           Min: 0, Avg:  0.0, Max: 0, Diff: 0, Sum: 0, Workers: 4
[55.627s][debug][gc,phases      ] GC(53)     Total                          Min: 0, Avg:  0.0, Max: 0, Diff: 0, Sum: 0, Workers: 4
[55.627s][debug][gc,phases      ] GC(53)   StringDedup Requests1 Weak     Min:  0.0, Avg:  0.0, Max:  0.0, Diff:  0.0, Sum:  0.0, Workers: 4
[55.627s][debug][gc,phases      ] GC(53)     Dead                           Min: 0, Avg:  0.0, Max: 0, Diff: 0, Sum: 0, Workers: 4
[55.627s][debug][gc,phases      ] GC(53)     Total                          Min: 0, Avg:  0.0, Max: 0, Diff: 0, Sum: 0, Workers: 4
[55.627s][debug][gc,phases      ] GC(53)   Weak JFR Old Object Samples    Min:  0.0, Avg:  0.0, Max:  0.0, Diff:  0.0, Sum:  0.0, Workers: 4
[55.627s][debug][gc,phases      ] GC(53)     Dead                           Min: 0, Avg:  0.0, Max: 0, Diff: 0, Sum: 0, Workers: 4
[55.627s][debug][gc,phases      ] GC(53)     Total                          Min: 0, Avg:  0.0, Max: 0, Diff: 0, Sum: 0, Workers: 4
[55.627s][debug][gc,phases      ] GC(53) Weak Processing 0.523ms
[55.627s][debug][gc,age         ] GC(53) Desired survivor size 262668288 bytes, new threshold 15 (max threshold 15)
[55.627s][info ][gc,heap        ] GC(53) PSYoungGen: 1658048K(1804288K)->131072K(1840640K) Eden: 1521152K(1521152K)->0K(1570816K) From: 136896K(283136K)->131072K(269824K)
[55.627s][info ][gc,heap        ] GC(53) ParOldGen: 534397K(636416K)->541637K(636416K)
[55.627s][info ][gc,metaspace   ] GC(53) Metaspace: 69606K(70400K)->69606K(70400K) NonClass: 59507K(59904K)->59507K(59904K) Class: 10098K(10496K)->10098K(10496K)
[55.627s][info ][gc             ] GC(53) Pause Young (Allocation Failure) 2141M->656M(2419M) 147.088ms
[55.627s][info ][gc,cpu         ] GC(53) User=0.23s Sys=0.00s Real=0.15s
[55.627s][info ][safepoint      ] Safepoint "ParallelGCFailedAllocation", Time since last: 157678898 ns, Reaching safepoint: 5436121 ns, At safepoint: 147226167 ns, Total: 152662288 ns
[56.078s][info ][safepoint      ] Safepoint "ICBufferFull", Time since last: 437915014 ns, Reaching safepoint: 12702181 ns, At safepoint: 41801 ns, Total: 12743982 ns
[56.603s][info ][gc,start       ] GC(54) Pause Young (Allocation Failure)
[56.732s][debug][gc,phases      ] GC(54) Scavenge 128.747ms
[56.732s][debug][gc,ref         ] GC(54) Skipped phase 1 of Reference Processing: no references
[56.732s][debug][gc,ref         ] GC(54) ReferenceProcessor::execute queues: 1, RefProcThreadModel::Single, marks_oops_alive: false
[56.732s][debug][gc,ref         ] GC(54) Skipped phase 3 of Reference Processing: no references
[56.732s][debug][gc,ref         ] GC(54) ReferenceProcessor::execute queues: 1, RefProcThreadModel::Single, marks_oops_alive: false
[56.732s][debug][gc,phases      ] GC(54) Reference Processing 0.219ms
[56.732s][debug][gc,phases      ] GC(54)   VM Weak                        Min:  0.0, Avg:  0.0, Max:  0.0, Diff:  0.0, Sum:  0.0, Workers: 4
[56.732s][debug][gc,phases      ] GC(54)     Dead                           Min: 0, Avg:  0.0, Max: 0, Diff: 0, Sum: 0, Workers: 4
[56.732s][debug][gc,phases      ] GC(54)     Total                          Min: 0, Avg: 155.0, Max: 620, Diff: 620, Sum: 620, Workers: 4
[56.732s][debug][gc,phases      ] GC(54)   ObjectSynchronizer Weak        Min:  0.0, Avg:  0.0, Max:  0.0, Diff:  0.0, Sum:  0.0, Workers: 4
[56.732s][debug][gc,phases      ] GC(54)     Dead                           Min: 0, Avg:  0.0, Max: 0, Diff: 0, Sum: 0, Workers: 4
[56.732s][debug][gc,phases      ] GC(54)     Total                          Min: 0, Avg: 45.5, Max: 182, Diff: 182, Sum: 182, Workers: 4
[56.732s][debug][gc,phases      ] GC(54)   JVMTI Tag Weak OopStorage      Min:  0.0, Avg:  0.0, Max:  0.0, Diff:  0.0, Sum:  0.0, Workers: 4
[56.732s][debug][gc,phases      ] GC(54)     Dead                           Min: 0, Avg:  0.0, Max: 0, Diff: 0, Sum: 0, Workers: 4
[56.732s][debug][gc,phases      ] GC(54)     Total                          Min: 0, Avg:  0.0, Max: 0, Diff: 0, Sum: 0, Workers: 4
[56.732s][debug][gc,phases      ] GC(54)   StringTable Weak               Min:  0.0, Avg:  0.1, Max:  0.2, Diff:  0.2, Sum:  0.4, Workers: 4
[56.732s][debug][gc,phases      ] GC(54)     Dead                           Min: 0, Avg:  1.0, Max: 2, Diff: 2, Sum: 4, Workers: 4
[56.732s][debug][gc,phases      ] GC(54)     Total                          Min: 0, Avg: 10900.2, Max: 25489, Diff: 25489, Sum: 43601, Workers: 4
[56.732s][debug][gc,phases      ] GC(54)   ResolvedMethodTable Weak       Min:  0.0, Avg:  0.0, Max:  0.0, Diff:  0.0, Sum:  0.1, Workers: 4
[56.732s][debug][gc,phases      ] GC(54)     Dead                           Min: 0, Avg:  0.0, Max: 0, Diff: 0, Sum: 0, Workers: 4
[56.732s][debug][gc,phases      ] GC(54)     Total                          Min: 0, Avg: 1827.2, Max: 3840, Diff: 3840, Sum: 7309, Workers: 4
[56.732s][debug][gc,phases      ] GC(54)   JNI Weak                       Min:  0.0, Avg:  0.0, Max:  0.0, Diff:  0.0, Sum:  0.0, Workers: 4
[56.733s][debug][gc,phases      ] GC(54)     Dead                           Min: 0, Avg:  0.0, Max: 0, Diff: 0, Sum: 0, Workers: 4
[56.733s][debug][gc,phases      ] GC(54)     Total                          Min: 0, Avg:  2.2, Max: 9, Diff: 9, Sum: 9, Workers: 4
[56.733s][debug][gc,phases      ] GC(54)   StringDedup Table Weak         Min:  0.0, Avg:  0.0, Max:  0.0, Diff:  0.0, Sum:  0.0, Workers: 4
[56.733s][debug][gc,phases      ] GC(54)     Dead                           Min: 0, Avg:  0.0, Max: 0, Diff: 0, Sum: 0, Workers: 4
[56.733s][debug][gc,phases      ] GC(54)     Total                          Min: 0, Avg:  0.0, Max: 0, Diff: 0, Sum: 0, Workers: 4
[56.733s][debug][gc,phases      ] GC(54)   StringDedup Requests0 Weak     Min:  0.0, Avg:  0.0, Max:  0.0, Diff:  0.0, Sum:  0.0, Workers: 4
[56.733s][debug][gc,phases      ] GC(54)     Dead                           Min: 0, Avg:  0.0, Max: 0, Diff: 0, Sum: 0, Workers: 4
[56.733s][debug][gc,phases      ] GC(54)     Total                          Min: 0, Avg:  0.0, Max: 0, Diff: 0, Sum: 0, Workers: 4
[56.733s][debug][gc,phases      ] GC(54)   StringDedup Requests1 Weak     Min:  0.0, Avg:  0.0, Max:  0.0, Diff:  0.0, Sum:  0.0, Workers: 4
[56.733s][debug][gc,phases      ] GC(54)     Dead                           Min: 0, Avg:  0.0, Max: 0, Diff: 0, Sum: 0, Workers: 4
[56.733s][debug][gc,phases      ] GC(54)     Total                          Min: 0, Avg:  0.0, Max: 0, Diff: 0, Sum: 0, Workers: 4
[56.733s][debug][gc,phases      ] GC(54)   Weak JFR Old Object Samples    Min:  0.0, Avg:  0.0, Max:  0.0, Diff:  0.0, Sum:  0.0, Workers: 4
[56.733s][debug][gc,phases      ] GC(54)     Dead                           Min: 0, Avg:  0.0, Max: 0, Diff: 0, Sum: 0, Workers: 4
[56.733s][debug][gc,phases      ] GC(54)     Total                          Min: 0, Avg:  0.0, Max: 0, Diff: 0, Sum: 0, Workers: 4
[56.733s][debug][gc,phases      ] GC(54) Weak Processing 0.570ms
[56.733s][debug][gc,age         ] GC(54) Desired survivor size 251658240 bytes, new threshold 15 (max threshold 15)
[56.733s][info ][gc,heap        ] GC(54) PSYoungGen: 1701888K(1840640K)->122032K(1827328K) Eden: 1570816K(1570816K)->0K(1570816K) From: 131072K(269824K)->122032K(256512K)
[56.733s][info ][gc,heap        ] GC(54) ParOldGen: 541637K(636416K)->552030K(636416K)
[56.733s][info ][gc,metaspace   ] GC(54) Metaspace: 70308K(71168K)->70308K(71168K) NonClass: 60159K(60608K)->60159K(60608K) Class: 10148K(10560K)->10148K(10560K)
[56.733s][info ][gc             ] GC(54) Pause Young (Allocation Failure) 2190M->658M(2406M) 129.734ms
[56.733s][info ][gc,cpu         ] GC(54) User=0.21s Sys=0.00s Real=0.13s
[56.733s][info ][safepoint      ] Safepoint "ParallelGCFailedAllocation", Time since last: 514618111 ns, Reaching safepoint: 10259927 ns, At safepoint: 129898281 ns, Total: 140158208 ns
[57.145s][info ][safepoint      ] Safepoint "ICBufferFull", Time since last: 396961399 ns, Reaching safepoint: 15196336 ns, At safepoint: 38901 ns, Total: 15235237 ns
[57.612s][info ][gc,start       ] GC(55) Pause Young (Allocation Failure)
[57.727s][debug][gc,phases      ] GC(55) Scavenge 115.179ms
[57.727s][debug][gc,ref         ] GC(55) Skipped phase 1 of Reference Processing: no references
[57.727s][debug][gc,ref         ] GC(55) ReferenceProcessor::execute queues: 1, RefProcThreadModel::Single, marks_oops_alive: false
[57.728s][debug][gc,ref         ] GC(55) Skipped phase 3 of Reference Processing: no references
[57.728s][debug][gc,ref         ] GC(55) ReferenceProcessor::execute queues: 1, RefProcThreadModel::Single, marks_oops_alive: false
[57.728s][debug][gc,phases      ] GC(55) Reference Processing 0.199ms
[57.728s][debug][gc,phases      ] GC(55)   VM Weak                        Min:  0.0, Avg:  0.0, Max:  0.0, Diff:  0.0, Sum:  0.0, Workers: 4
[57.728s][debug][gc,phases      ] GC(55)     Dead                           Min: 0, Avg:  0.0, Max: 0, Diff: 0, Sum: 0, Workers: 4
[57.728s][debug][gc,phases      ] GC(55)     Total                          Min: 0, Avg: 155.2, Max: 320, Diff: 320, Sum: 621, Workers: 4
[57.728s][debug][gc,phases      ] GC(55)   ObjectSynchronizer Weak        Min:  0.0, Avg:  0.0, Max:  0.0, Diff:  0.0, Sum:  0.0, Workers: 4
[57.728s][debug][gc,phases      ] GC(55)     Dead                           Min: 0, Avg:  0.0, Max: 0, Diff: 0, Sum: 0, Workers: 4
[57.728s][debug][gc,phases      ] GC(55)     Total                          Min: 0, Avg: 45.5, Max: 182, Diff: 182, Sum: 182, Workers: 4
[57.728s][debug][gc,phases      ] GC(55)   JVMTI Tag Weak OopStorage      Min:  0.0, Avg:  0.0, Max:  0.0, Diff:  0.0, Sum:  0.0, Workers: 4
[57.728s][debug][gc,phases      ] GC(55)     Dead                           Min: 0, Avg:  0.0, Max: 0, Diff: 0, Sum: 0, Workers: 4
[57.728s][debug][gc,phases      ] GC(55)     Total                          Min: 0, Avg:  0.0, Max: 0, Diff: 0, Sum: 0, Workers: 4
[57.728s][debug][gc,phases      ] GC(55)   StringTable Weak               Min:  0.0, Avg:  0.1, Max:  0.2, Diff:  0.2, Sum:  0.4, Workers: 4
[57.728s][debug][gc,phases      ] GC(55)     Dead                           Min: 0, Avg:  0.5, Max: 2, Diff: 2, Sum: 2, Workers: 4
[57.728s][debug][gc,phases      ] GC(55)     Total                          Min: 0, Avg: 10910.0, Max: 21951, Diff: 21951, Sum: 43640, Workers: 4
[57.728s][debug][gc,phases      ] GC(55)   ResolvedMethodTable Weak       Min:  0.0, Avg:  0.0, Max:  0.1, Diff:  0.1, Sum:  0.1, Workers: 4
[57.728s][debug][gc,phases      ] GC(55)     Dead                           Min: 0, Avg:  0.0, Max: 0, Diff: 0, Sum: 0, Workers: 4
[57.728s][debug][gc,phases      ] GC(55)     Total                          Min: 0, Avg: 1832.2, Max: 3838, Diff: 3838, Sum: 7329, Workers: 4
[57.728s][debug][gc,phases      ] GC(55)   JNI Weak                       Min:  0.0, Avg:  0.0, Max:  0.0, Diff:  0.0, Sum:  0.0, Workers: 4
[57.728s][debug][gc,phases      ] GC(55)     Dead                           Min: 0, Avg:  0.0, Max: 0, Diff: 0, Sum: 0, Workers: 4
[57.728s][debug][gc,phases      ] GC(55)     Total                          Min: 0, Avg:  4.2, Max: 17, Diff: 17, Sum: 17, Workers: 4
[57.728s][debug][gc,phases      ] GC(55)   StringDedup Table Weak         Min:  0.0, Avg:  0.0, Max:  0.0, Diff:  0.0, Sum:  0.0, Workers: 4
[57.728s][debug][gc,phases      ] GC(55)     Dead                           Min: 0, Avg:  0.0, Max: 0, Diff: 0, Sum: 0, Workers: 4
[57.728s][debug][gc,phases      ] GC(55)     Total                          Min: 0, Avg:  0.0, Max: 0, Diff: 0, Sum: 0, Workers: 4
[57.728s][debug][gc,phases      ] GC(55)   StringDedup Requests0 Weak     Min:  0.0, Avg:  0.0, Max:  0.0, Diff:  0.0, Sum:  0.0, Workers: 4
[57.728s][debug][gc,phases      ] GC(55)     Dead                           Min: 0, Avg:  0.0, Max: 0, Diff: 0, Sum: 0, Workers: 4
[57.728s][debug][gc,phases      ] GC(55)     Total                          Min: 0, Avg:  0.0, Max: 0, Diff: 0, Sum: 0, Workers: 4
[57.728s][debug][gc,phases      ] GC(55)   StringDedup Requests1 Weak     Min:  0.0, Avg:  0.0, Max:  0.0, Diff:  0.0, Sum:  0.0, Workers: 4
[57.728s][debug][gc,phases      ] GC(55)     Dead                           Min: 0, Avg:  0.0, Max: 0, Diff: 0, Sum: 0, Workers: 4
[57.728s][debug][gc,phases      ] GC(55)     Total                          Min: 0, Avg:  0.0, Max: 0, Diff: 0, Sum: 0, Workers: 4
[57.728s][debug][gc,phases      ] GC(55)   Weak JFR Old Object Samples    Min:  0.0, Avg:  0.0, Max:  0.0, Diff:  0.0, Sum:  0.0, Workers: 4
[57.728s][debug][gc,phases      ] GC(55)     Dead                           Min: 0, Avg:  0.0, Max: 0, Diff: 0, Sum: 0, Workers: 4
[57.728s][debug][gc,phases      ] GC(55)     Total                          Min: 0, Avg:  0.0, Max: 0, Diff: 0, Sum: 0, Workers: 4
[57.728s][debug][gc,phases      ] GC(55) Weak Processing 0.591ms
[57.728s][debug][gc,age         ] GC(55) Desired survivor size 242745344 bytes, new threshold 15 (max threshold 15)
[57.728s][info ][gc,heap        ] GC(55) PSYoungGen: 1692848K(1827328K)->116304K(1860096K) Eden: 1570816K(1570816K)->0K(1614336K) From: 122032K(256512K)->116304K(245760K)
[57.728s][info ][gc,heap        ] GC(55) ParOldGen: 552030K(636416K)->558566K(636416K)
[57.728s][info ][gc,metaspace   ] GC(55) Metaspace: 70679K(71488K)->70679K(71488K) NonClass: 60512K(60928K)->60512K(60928K) Class: 10166K(10560K)->10166K(10560K)
[57.728s][info ][gc             ] GC(55) Pause Young (Allocation Failure) 2192M->659M(2438M) 116.120ms
[57.728s][info ][gc,cpu         ] GC(55) User=0.21s Sys=0.00s Real=0.12s
[57.728s][info ][safepoint      ] Safepoint "ParallelGCFailedAllocation", Time since last: 454815878 ns, Reaching safepoint: 12240272 ns, At safepoint: 116260776 ns, Total: 128501048 ns
[58.463s][info ][safepoint      ] Safepoint "ICBufferFull", Time since last: 729194751 ns, Reaching safepoint: 5518222 ns, At safepoint: 25301 ns, Total: 5543523 ns
[58.786s][info ][safepoint      ] Safepoint "ParallelGCFailedAllocation", Time since last: 308584633 ns, Reaching safepoint: 14205315 ns, At safepoint: 49201 ns, Total: 14254516 ns
[58.794s][info ][gc,start       ] GC(56) Pause Young (GCLocker Initiated GC)
[58.908s][debug][gc,phases      ] GC(56) Scavenge 113.675ms
[58.908s][debug][gc,ref         ] GC(56) Skipped phase 1 of Reference Processing: no references
[58.908s][debug][gc,ref         ] GC(56) ReferenceProcessor::execute queues: 1, RefProcThreadModel::Single, marks_oops_alive: false
[58.908s][debug][gc,ref         ] GC(56) Skipped phase 3 of Reference Processing: no references
[58.908s][debug][gc,ref         ] GC(56) ReferenceProcessor::execute queues: 1, RefProcThreadModel::Single, marks_oops_alive: false
[58.908s][debug][gc,phases      ] GC(56) Reference Processing 0.233ms
[58.908s][debug][gc,phases      ] GC(56)   VM Weak                        Min:  0.0, Avg:  0.0, Max:  0.0, Diff:  0.0, Sum:  0.0, Workers: 4
[58.908s][debug][gc,phases      ] GC(56)     Dead                           Min: 0, Avg:  0.0, Max: 0, Diff: 0, Sum: 0, Workers: 4
[58.908s][debug][gc,phases      ] GC(56)     Total                          Min: 0, Avg: 156.8, Max: 384, Diff: 384, Sum: 627, Workers: 4
[58.908s][debug][gc,phases      ] GC(56)   ObjectSynchronizer Weak        Min:  0.0, Avg:  0.0, Max:  0.0, Diff:  0.0, Sum:  0.0, Workers: 4
[58.908s][debug][gc,phases      ] GC(56)     Dead                           Min: 0, Avg:  0.0, Max: 0, Diff: 0, Sum: 0, Workers: 4
[58.908s][debug][gc,phases      ] GC(56)     Total                          Min: 0, Avg: 45.5, Max: 182, Diff: 182, Sum: 182, Workers: 4
[58.908s][debug][gc,phases      ] GC(56)   JVMTI Tag Weak OopStorage      Min:  0.0, Avg:  0.0, Max:  0.0, Diff:  0.0, Sum:  0.0, Workers: 4
[58.908s][debug][gc,phases      ] GC(56)     Dead                           Min: 0, Avg:  0.0, Max: 0, Diff: 0, Sum: 0, Workers: 4
[58.908s][debug][gc,phases      ] GC(56)     Total                          Min: 0, Avg:  0.0, Max: 0, Diff: 0, Sum: 0, Workers: 4
[58.908s][debug][gc,phases      ] GC(56)   StringTable Weak               Min:  0.0, Avg:  0.1, Max:  0.3, Diff:  0.3, Sum:  0.5, Workers: 4
[58.908s][debug][gc,phases      ] GC(56)     Dead                           Min: 0, Avg:  0.0, Max: 0, Diff: 0, Sum: 0, Workers: 4
[58.908s][debug][gc,phases      ] GC(56)     Total                          Min: 0, Avg: 11146.2, Max: 22656, Diff: 22656, Sum: 44585, Workers: 4
[58.908s][debug][gc,phases      ] GC(56)   ResolvedMethodTable Weak       Min:  0.0, Avg:  0.0, Max:  0.1, Diff:  0.1, Sum:  0.1, Workers: 4
[58.908s][debug][gc,phases      ] GC(56)     Dead                           Min: 0, Avg: 18.2, Max: 70, Diff: 70, Sum: 73, Workers: 4
[58.908s][debug][gc,phases      ] GC(56)     Total                          Min: 0, Avg: 1888.5, Max: 3968, Diff: 3968, Sum: 7554, Workers: 4
[58.908s][debug][gc,phases      ] GC(56)   JNI Weak                       Min:  0.0, Avg:  0.0, Max:  0.0, Diff:  0.0, Sum:  0.0, Workers: 4
[58.908s][debug][gc,phases      ] GC(56)     Dead                           Min: 0, Avg:  0.0, Max: 0, Diff: 0, Sum: 0, Workers: 4
[58.908s][debug][gc,phases      ] GC(56)     Total                          Min: 0, Avg:  2.5, Max: 10, Diff: 10, Sum: 10, Workers: 4
[58.908s][debug][gc,phases      ] GC(56)   StringDedup Table Weak         Min:  0.0, Avg:  0.0, Max:  0.0, Diff:  0.0, Sum:  0.0, Workers: 4
[58.908s][debug][gc,phases      ] GC(56)     Dead                           Min: 0, Avg:  0.0, Max: 0, Diff: 0, Sum: 0, Workers: 4
[58.908s][debug][gc,phases      ] GC(56)     Total                          Min: 0, Avg:  0.0, Max: 0, Diff: 0, Sum: 0, Workers: 4
[58.908s][debug][gc,phases      ] GC(56)   StringDedup Requests0 Weak     Min:  0.0, Avg:  0.0, Max:  0.0, Diff:  0.0, Sum:  0.0, Workers: 4
[58.908s][debug][gc,phases      ] GC(56)     Dead                           Min: 0, Avg:  0.0, Max: 0, Diff: 0, Sum: 0, Workers: 4
[58.908s][debug][gc,phases      ] GC(56)     Total                          Min: 0, Avg:  0.0, Max: 0, Diff: 0, Sum: 0, Workers: 4
[58.908s][debug][gc,phases      ] GC(56)   StringDedup Requests1 Weak     Min:  0.0, Avg:  0.0, Max:  0.0, Diff:  0.0, Sum:  0.0, Workers: 4
[58.908s][debug][gc,phases      ] GC(56)     Dead                           Min: 0, Avg:  0.0, Max: 0, Diff: 0, Sum: 0, Workers: 4
[58.908s][debug][gc,phases      ] GC(56)     Total                          Min: 0, Avg:  0.0, Max: 0, Diff: 0, Sum: 0, Workers: 4
[58.908s][debug][gc,phases      ] GC(56)   Weak JFR Old Object Samples    Min:  0.0, Avg:  0.0, Max:  0.0, Diff:  0.0, Sum:  0.0, Workers: 4
[58.908s][debug][gc,phases      ] GC(56)     Dead                           Min: 0, Avg:  0.0, Max: 0, Diff: 0, Sum: 0, Workers: 4
[58.908s][debug][gc,phases      ] GC(56)     Total                          Min: 0, Avg:  0.0, Max: 0, Diff: 0, Sum: 0, Workers: 4
[58.908s][debug][gc,phases      ] GC(56) Weak Processing 0.579ms
[58.908s][debug][gc,age         ] GC(56) Desired survivor size 235929600 bytes, new threshold 15 (max threshold 15)
[58.908s][info ][gc,heap        ] GC(56) PSYoungGen: 1730640K(1860096K)->107824K(1851392K) Eden: 1614336K(1614336K)->0K(1614336K) From: 116304K(245760K)->107824K(237056K)
[58.908s][info ][gc,heap        ] GC(56) ParOldGen: 558566K(636416K)->570542K(636416K)
[58.908s][info ][gc,metaspace   ] GC(56) Metaspace: 72979K(73728K)->72979K(73728K) NonClass: 62429K(62848K)->62429K(62848K) Class: 10549K(10880K)->10549K(10880K)
[58.908s][info ][gc             ] GC(56) Pause Young (GCLocker Initiated GC) 2235M->662M(2429M) 114.626ms
[58.908s][info ][gc,cpu         ] GC(56) User=0.20s Sys=0.00s Real=0.11s
[58.909s][info ][safepoint      ] Safepoint "ParallelGCSystemGC", Time since last: 72802 ns, Reaching safepoint: 7820773 ns, At safepoint: 114764841 ns, Total: 122585614 ns
[59.819s][info ][gc,start       ] GC(57) Pause Young (Allocation Failure)
[59.938s][debug][gc,phases      ] GC(57) Scavenge 118.400ms
[59.938s][debug][gc,ref         ] GC(57) Skipped phase 1 of Reference Processing: no references
[59.938s][debug][gc,ref         ] GC(57) ReferenceProcessor::execute queues: 1, RefProcThreadModel::Single, marks_oops_alive: false
[59.938s][debug][gc,ref         ] GC(57) Skipped phase 3 of Reference Processing: no references
[59.938s][debug][gc,ref         ] GC(57) ReferenceProcessor::execute queues: 1, RefProcThreadModel::Single, marks_oops_alive: false
[59.938s][debug][gc,phases      ] GC(57) Reference Processing 0.229ms
[59.939s][debug][gc,phases      ] GC(57)   VM Weak                        Min:  0.0, Avg:  0.0, Max:  0.0, Diff:  0.0, Sum:  0.0, Workers: 4
[59.939s][debug][gc,phases      ] GC(57)     Dead                           Min: 0, Avg:  0.0, Max: 0, Diff: 0, Sum: 0, Workers: 4
[59.939s][debug][gc,phases      ] GC(57)     Total                          Min: 0, Avg: 158.2, Max: 633, Diff: 633, Sum: 633, Workers: 4
[59.939s][debug][gc,phases      ] GC(57)   ObjectSynchronizer Weak        Min:  0.0, Avg:  0.0, Max:  0.0, Diff:  0.0, Sum:  0.0, Workers: 4
[59.939s][debug][gc,phases      ] GC(57)     Dead                           Min: 0, Avg:  0.0, Max: 0, Diff: 0, Sum: 0, Workers: 4
[59.939s][debug][gc,phases      ] GC(57)     Total                          Min: 0, Avg: 45.5, Max: 182, Diff: 182, Sum: 182, Workers: 4
[59.939s][debug][gc,phases      ] GC(57)   JVMTI Tag Weak OopStorage      Min:  0.0, Avg:  0.0, Max:  0.0, Diff:  0.0, Sum:  0.0, Workers: 4
[59.939s][debug][gc,phases      ] GC(57)     Dead                           Min: 0, Avg:  0.0, Max: 0, Diff: 0, Sum: 0, Workers: 4
[59.939s][debug][gc,phases      ] GC(57)     Total                          Min: 0, Avg:  0.0, Max: 0, Diff: 0, Sum: 0, Workers: 4
[59.939s][debug][gc,phases      ] GC(57)   StringTable Weak               Min:  0.0, Avg:  0.1, Max:  0.5, Diff:  0.5, Sum:  0.6, Workers: 4
[59.939s][debug][gc,phases      ] GC(57)     Dead                           Min: 0, Avg:  0.2, Max: 1, Diff: 1, Sum: 1, Workers: 4
[59.939s][debug][gc,phases      ] GC(57)     Total                          Min: 0, Avg: 11491.5, Max: 45966, Diff: 45966, Sum: 45966, Workers: 4
[59.939s][debug][gc,phases      ] GC(57)   ResolvedMethodTable Weak       Min:  0.0, Avg:  0.0, Max:  0.1, Diff:  0.1, Sum:  0.1, Workers: 4
[59.939s][debug][gc,phases      ] GC(57)     Dead                           Min: 0, Avg:  1.0, Max: 4, Diff: 4, Sum: 4, Workers: 4
[59.939s][debug][gc,phases      ] GC(57)     Total                          Min: 0, Avg: 1896.8, Max: 7587, Diff: 7587, Sum: 7587, Workers: 4
[59.939s][debug][gc,phases      ] GC(57)   JNI Weak                       Min:  0.0, Avg:  0.0, Max:  0.0, Diff:  0.0, Sum:  0.0, Workers: 4
[59.939s][debug][gc,phases      ] GC(57)     Dead                           Min: 0, Avg:  0.0, Max: 0, Diff: 0, Sum: 0, Workers: 4
[59.939s][debug][gc,phases      ] GC(57)     Total                          Min: 0, Avg:  2.0, Max: 8, Diff: 8, Sum: 8, Workers: 4
[59.939s][debug][gc,phases      ] GC(57)   StringDedup Table Weak         Min:  0.0, Avg:  0.0, Max:  0.0, Diff:  0.0, Sum:  0.0, Workers: 4
[59.939s][debug][gc,phases      ] GC(57)     Dead                           Min: 0, Avg:  0.0, Max: 0, Diff: 0, Sum: 0, Workers: 4
[59.939s][debug][gc,phases      ] GC(57)     Total                          Min: 0, Avg:  0.0, Max: 0, Diff: 0, Sum: 0, Workers: 4
[59.939s][debug][gc,phases      ] GC(57)   StringDedup Requests0 Weak     Min:  0.0, Avg:  0.0, Max:  0.0, Diff:  0.0, Sum:  0.0, Workers: 4
[59.939s][debug][gc,phases      ] GC(57)     Dead                           Min: 0, Avg:  0.0, Max: 0, Diff: 0, Sum: 0, Workers: 4
[59.939s][debug][gc,phases      ] GC(57)     Total                          Min: 0, Avg:  0.0, Max: 0, Diff: 0, Sum: 0, Workers: 4
[59.939s][debug][gc,phases      ] GC(57)   StringDedup Requests1 Weak     Min:  0.0, Avg:  0.0, Max:  0.0, Diff:  0.0, Sum:  0.0, Workers: 4
[59.939s][debug][gc,phases      ] GC(57)     Dead                           Min: 0, Avg:  0.0, Max: 0, Diff: 0, Sum: 0, Workers: 4
[59.939s][debug][gc,phases      ] GC(57)     Total                          Min: 0, Avg:  0.0, Max: 0, Diff: 0, Sum: 0, Workers: 4
[59.939s][debug][gc,phases      ] GC(57)   Weak JFR Old Object Samples    Min:  0.0, Avg:  0.0, Max:  0.0, Diff:  0.0, Sum:  0.0, Workers: 4
[59.939s][debug][gc,phases      ] GC(57)     Dead                           Min: 0, Avg:  0.0, Max: 0, Diff: 0, Sum: 0, Workers: 4
[59.939s][debug][gc,phases      ] GC(57)     Total                          Min: 0, Avg:  0.0, Max: 0, Diff: 0, Sum: 0, Workers: 4
[59.939s][debug][gc,phases      ] GC(57) Weak Processing 0.925ms
[59.939s][debug][gc,age         ] GC(57) Desired survivor size 230162432 bytes, new threshold 15 (max threshold 15)
[59.939s][info ][gc,heap        ] GC(57) PSYoungGen: 1722160K(1851392K)->100422K(1872384K) Eden: 1614336K(1614336K)->0K(1641984K) From: 107824K(237056K)->100422K(230400K)
[59.939s][info ][gc,heap        ] GC(57) ParOldGen: 570543K(636416K)->578567K(636416K)
[59.939s][info ][gc,metaspace   ] GC(57) Metaspace: 76267K(77120K)->76267K(77120K) NonClass: 65301K(65728K)->65301K(65728K) Class: 10965K(11392K)->10965K(11392K)
[59.939s][info ][gc             ] GC(57) Pause Young (Allocation Failure) 2238M->663M(2450M) 119.730ms
[59.939s][info ][gc,cpu         ] GC(57) User=0.21s Sys=0.00s Real=0.12s
[59.939s][info ][safepoint      ] Safepoint "ParallelGCFailedAllocation", Time since last: 901219846 ns, Reaching safepoint: 9514510 ns, At safepoint: 119878953 ns, Total: 129393463 ns
[60.882s][info ][gc,start       ] GC(58) Pause Young (Allocation Failure)
[60.978s][debug][gc,phases      ] GC(58) Scavenge 95.987ms
[60.978s][debug][gc,ref         ] GC(58) Skipped phase 1 of Reference Processing: no references
[60.978s][debug][gc,ref         ] GC(58) ReferenceProcessor::execute queues: 1, RefProcThreadModel::Single, marks_oops_alive: false
[60.978s][debug][gc,ref         ] GC(58) Skipped phase 3 of Reference Processing: no references
[60.978s][debug][gc,ref         ] GC(58) ReferenceProcessor::execute queues: 1, RefProcThreadModel::Single, marks_oops_alive: false
[60.978s][debug][gc,phases      ] GC(58) Reference Processing 0.260ms
[60.979s][debug][gc,phases      ] GC(58)   VM Weak                        Min:  0.0, Avg:  0.0, Max:  0.0, Diff:  0.0, Sum:  0.0, Workers: 4
[60.979s][debug][gc,phases      ] GC(58)     Dead                           Min: 0, Avg:  0.0, Max: 0, Diff: 0, Sum: 0, Workers: 4
[60.979s][debug][gc,phases      ] GC(58)     Total                          Min: 0, Avg: 159.2, Max: 637, Diff: 637, Sum: 637, Workers: 4
[60.979s][debug][gc,phases      ] GC(58)   ObjectSynchronizer Weak        Min:  0.0, Avg:  0.0, Max:  0.0, Diff:  0.0, Sum:  0.0, Workers: 4
[60.979s][debug][gc,phases      ] GC(58)     Dead                           Min: 0, Avg:  0.0, Max: 0, Diff: 0, Sum: 0, Workers: 4
[60.979s][debug][gc,phases      ] GC(58)     Total                          Min: 0, Avg: 45.5, Max: 182, Diff: 182, Sum: 182, Workers: 4
[60.979s][debug][gc,phases      ] GC(58)   JVMTI Tag Weak OopStorage      Min:  0.0, Avg:  0.0, Max:  0.0, Diff:  0.0, Sum:  0.0, Workers: 4
[60.979s][debug][gc,phases      ] GC(58)     Dead                           Min: 0, Avg:  0.0, Max: 0, Diff: 0, Sum: 0, Workers: 4
[60.979s][debug][gc,phases      ] GC(58)     Total                          Min: 0, Avg:  0.0, Max: 0, Diff: 0, Sum: 0, Workers: 4
[60.979s][debug][gc,phases      ] GC(58)   StringTable Weak               Min:  0.0, Avg:  0.2, Max:  0.6, Diff:  0.6, Sum:  0.6, Workers: 4
[60.979s][debug][gc,phases      ] GC(58)     Dead                           Min: 0, Avg:  0.8, Max: 3, Diff: 3, Sum: 3, Workers: 4
[60.979s][debug][gc,phases      ] GC(58)     Total                          Min: 0, Avg: 11559.5, Max: 46238, Diff: 46238, Sum: 46238, Workers: 4
[60.979s][debug][gc,phases      ] GC(58)   ResolvedMethodTable Weak       Min:  0.0, Avg:  0.0, Max:  0.1, Diff:  0.1, Sum:  0.1, Workers: 4
[60.979s][debug][gc,phases      ] GC(58)     Dead                           Min: 0, Avg:  7.0, Max: 28, Diff: 28, Sum: 28, Workers: 4
[60.979s][debug][gc,phases      ] GC(58)     Total                          Min: 0, Avg: 1908.0, Max: 7632, Diff: 7632, Sum: 7632, Workers: 4
[60.979s][debug][gc,phases      ] GC(58)   JNI Weak                       Min:  0.0, Avg:  0.0, Max:  0.0, Diff:  0.0, Sum:  0.0, Workers: 4
[60.979s][debug][gc,phases      ] GC(58)     Dead                           Min: 0, Avg:  0.0, Max: 0, Diff: 0, Sum: 0, Workers: 4
[60.979s][debug][gc,phases      ] GC(58)     Total                          Min: 0, Avg:  3.2, Max: 13, Diff: 13, Sum: 13, Workers: 4
[60.979s][debug][gc,phases      ] GC(58)   StringDedup Table Weak         Min:  0.0, Avg:  0.0, Max:  0.0, Diff:  0.0, Sum:  0.0, Workers: 4
[60.979s][debug][gc,phases      ] GC(58)     Dead                           Min: 0, Avg:  0.0, Max: 0, Diff: 0, Sum: 0, Workers: 4
[60.979s][debug][gc,phases      ] GC(58)     Total                          Min: 0, Avg:  0.0, Max: 0, Diff: 0, Sum: 0, Workers: 4
[60.979s][debug][gc,phases      ] GC(58)   StringDedup Requests0 Weak     Min:  0.0, Avg:  0.0, Max:  0.0, Diff:  0.0, Sum:  0.0, Workers: 4
[60.979s][debug][gc,phases      ] GC(58)     Dead                           Min: 0, Avg:  0.0, Max: 0, Diff: 0, Sum: 0, Workers: 4
[60.979s][debug][gc,phases      ] GC(58)     Total                          Min: 0, Avg:  0.0, Max: 0, Diff: 0, Sum: 0, Workers: 4
[60.979s][debug][gc,phases      ] GC(58)   StringDedup Requests1 Weak     Min:  0.0, Avg:  0.0, Max:  0.0, Diff:  0.0, Sum:  0.0, Workers: 4
[60.979s][debug][gc,phases      ] GC(58)     Dead                           Min: 0, Avg:  0.0, Max: 0, Diff: 0, Sum: 0, Workers: 4
[60.979s][debug][gc,phases      ] GC(58)     Total                          Min: 0, Avg:  0.0, Max: 0, Diff: 0, Sum: 0, Workers: 4
[60.979s][debug][gc,phases      ] GC(58)   Weak JFR Old Object Samples    Min:  0.0, Avg:  0.0, Max:  0.0, Diff:  0.0, Sum:  0.0, Workers: 4
[60.979s][debug][gc,phases      ] GC(58)     Dead                           Min: 0, Avg:  0.0, Max: 0, Diff: 0, Sum: 0, Workers: 4
[60.979s][debug][gc,phases      ] GC(58)     Total                          Min: 0, Avg:  0.0, Max: 0, Diff: 0, Sum: 0, Workers: 4
[60.979s][debug][gc,phases      ] GC(58) Weak Processing 1.341ms
[60.980s][debug][gc,age         ] GC(58) Desired survivor size 225968128 bytes, new threshold 15 (max threshold 15)
[60.980s][info ][gc,heap        ] GC(58) PSYoungGen: 1742406K(1872384K)->90358K(1866752K) Eden: 1641984K(1641984K)->0K(1641984K) From: 100422K(230400K)->90358K(224768K)
[60.980s][info ][gc,heap        ] GC(58) ParOldGen: 578567K(636416K)->590447K(636416K)
[60.980s][info ][gc,metaspace   ] GC(58) Metaspace: 77449K(78272K)->77449K(78272K) NonClass: 66355K(66752K)->66355K(66752K) Class: 11094K(11520K)->11094K(11520K)
[60.980s][info ][gc             ] GC(58) Pause Young (Allocation Failure) 2266M->664M(2444M) 97.777ms
[60.980s][info ][gc,cpu         ] GC(58) User=0.17s Sys=0.00s Real=0.10s
[60.980s][info ][safepoint      ] Safepoint "ParallelGCFailedAllocation", Time since last: 922609906 ns, Reaching safepoint: 19968142 ns, At safepoint: 97918965 ns, Total: 117887107 ns
[61.782s][info ][safepoint      ] Safepoint "ICBufferFull", Time since last: 800718898 ns, Reaching safepoint: 1922743 ns, At safepoint: 22700 ns, Total: 1945443 ns
[62.140s][info ][gc,start       ] GC(59) Pause Young (Allocation Failure)
[62.230s][debug][gc,phases      ] GC(59) Scavenge 89.666ms
[62.230s][debug][gc,ref         ] GC(59) Skipped phase 1 of Reference Processing: no references
[62.230s][debug][gc,ref         ] GC(59) ReferenceProcessor::execute queues: 1, RefProcThreadModel::Single, marks_oops_alive: false
[62.230s][debug][gc,ref         ] GC(59) Skipped phase 3 of Reference Processing: no references
[62.230s][debug][gc,ref         ] GC(59) ReferenceProcessor::execute queues: 1, RefProcThreadModel::Single, marks_oops_alive: false
[62.230s][debug][gc,phases      ] GC(59) Reference Processing 0.245ms
[62.231s][debug][gc,phases      ] GC(59)   VM Weak                        Min:  0.0, Avg:  0.0, Max:  0.0, Diff:  0.0, Sum:  0.0, Workers: 4
[62.231s][debug][gc,phases      ] GC(59)     Dead                           Min: 0, Avg:  0.0, Max: 0, Diff: 0, Sum: 0, Workers: 4
[62.231s][debug][gc,phases      ] GC(59)     Total                          Min: 0, Avg: 160.8, Max: 448, Diff: 448, Sum: 643, Workers: 4
[62.231s][debug][gc,phases      ] GC(59)   ObjectSynchronizer Weak        Min:  0.0, Avg:  0.0, Max:  0.0, Diff:  0.0, Sum:  0.0, Workers: 4
[62.231s][debug][gc,phases      ] GC(59)     Dead                           Min: 0, Avg:  0.2, Max: 1, Diff: 1, Sum: 1, Workers: 4
[62.231s][debug][gc,phases      ] GC(59)     Total                          Min: 0, Avg: 45.8, Max: 183, Diff: 183, Sum: 183, Workers: 4
[62.231s][debug][gc,phases      ] GC(59)   JVMTI Tag Weak OopStorage      Min:  0.0, Avg:  0.0, Max:  0.0, Diff:  0.0, Sum:  0.0, Workers: 4
[62.231s][debug][gc,phases      ] GC(59)     Dead                           Min: 0, Avg:  0.0, Max: 0, Diff: 0, Sum: 0, Workers: 4
[62.231s][debug][gc,phases      ] GC(59)     Total                          Min: 0, Avg:  0.0, Max: 0, Diff: 0, Sum: 0, Workers: 4
[62.231s][debug][gc,phases      ] GC(59)   StringTable Weak               Min:  0.0, Avg:  0.1, Max:  0.3, Diff:  0.3, Sum:  0.6, Workers: 4
[62.231s][debug][gc,phases      ] GC(59)     Dead                           Min: 0, Avg:  0.2, Max: 1, Diff: 1, Sum: 1, Workers: 4
[62.231s][debug][gc,phases      ] GC(59)     Total                          Min: 0, Avg: 11607.0, Max: 23580, Diff: 23580, Sum: 46428, Workers: 4
[62.231s][debug][gc,phases      ] GC(59)   ResolvedMethodTable Weak       Min:  0.0, Avg:  0.0, Max:  0.1, Diff:  0.1, Sum:  0.1, Workers: 4
[62.231s][debug][gc,phases      ] GC(59)     Dead                           Min: 0, Avg:  5.0, Max: 18, Diff: 18, Sum: 20, Workers: 4
[62.231s][debug][gc,phases      ] GC(59)     Total                          Min: 0, Avg: 1934.2, Max: 4029, Diff: 4029, Sum: 7737, Workers: 4
[62.231s][debug][gc,phases      ] GC(59)   JNI Weak                       Min:  0.0, Avg:  0.0, Max:  0.0, Diff:  0.0, Sum:  0.0, Workers: 4
[62.231s][debug][gc,phases      ] GC(59)     Dead                           Min: 0, Avg:  0.0, Max: 0, Diff: 0, Sum: 0, Workers: 4
[62.231s][debug][gc,phases      ] GC(59)     Total                          Min: 0, Avg:  5.2, Max: 21, Diff: 21, Sum: 21, Workers: 4
[62.231s][debug][gc,phases      ] GC(59)   StringDedup Table Weak         Min:  0.0, Avg:  0.0, Max:  0.0, Diff:  0.0, Sum:  0.0, Workers: 4
[62.231s][debug][gc,phases      ] GC(59)     Dead                           Min: 0, Avg:  0.0, Max: 0, Diff: 0, Sum: 0, Workers: 4
[62.231s][debug][gc,phases      ] GC(59)     Total                          Min: 0, Avg:  0.0, Max: 0, Diff: 0, Sum: 0, Workers: 4
[62.231s][debug][gc,phases      ] GC(59)   StringDedup Requests0 Weak     Min:  0.0, Avg:  0.0, Max:  0.0, Diff:  0.0, Sum:  0.0, Workers: 4
[62.231s][debug][gc,phases      ] GC(59)     Dead                           Min: 0, Avg:  0.0, Max: 0, Diff: 0, Sum: 0, Workers: 4
[62.231s][debug][gc,phases      ] GC(59)     Total                          Min: 0, Avg:  0.0, Max: 0, Diff: 0, Sum: 0, Workers: 4
[62.231s][debug][gc,phases      ] GC(59)   StringDedup Requests1 Weak     Min:  0.0, Avg:  0.0, Max:  0.0, Diff:  0.0, Sum:  0.0, Workers: 4
[62.231s][debug][gc,phases      ] GC(59)     Dead                           Min: 0, Avg:  0.0, Max: 0, Diff: 0, Sum: 0, Workers: 4
[62.231s][debug][gc,phases      ] GC(59)     Total                          Min: 0, Avg:  0.0, Max: 0, Diff: 0, Sum: 0, Workers: 4
[62.231s][debug][gc,phases      ] GC(59)   Weak JFR Old Object Samples    Min:  0.0, Avg:  0.0, Max:  0.0, Diff:  0.0, Sum:  0.0, Workers: 4
[62.231s][debug][gc,phases      ] GC(59)     Dead                           Min: 0, Avg:  0.0, Max: 0, Diff: 0, Sum: 0, Workers: 4
[62.231s][debug][gc,phases      ] GC(59)     Total                          Min: 0, Avg:  0.0, Max: 0, Diff: 0, Sum: 0, Workers: 4
[62.231s][debug][gc,phases      ] GC(59) Weak Processing 0.669ms
[62.231s][debug][gc,age         ] GC(59) Desired survivor size 221249536 bytes, new threshold 15 (max threshold 15)
[62.231s][info ][gc,heap        ] GC(59) PSYoungGen: 1732342K(1866752K)->89837K(1881088K) Eden: 1641984K(1641984K)->0K(1660416K) From: 90358K(224768K)->89837K(220672K)
[62.231s][info ][gc,heap        ] GC(59) ParOldGen: 590447K(636416K)->602280K(636416K)
[62.231s][info ][gc,metaspace   ] GC(59) Metaspace: 78214K(79040K)->78214K(79040K) NonClass: 67021K(67456K)->67021K(67456K) Class: 11193K(11584K)->11193K(11584K)
[62.231s][info ][gc             ] GC(59) Pause Young (Allocation Failure) 2268M->675M(2458M) 90.739ms
[62.231s][info ][gc,cpu         ] GC(59) User=0.16s Sys=0.00s Real=0.09s
[62.231s][info ][safepoint      ] Safepoint "ParallelGCFailedAllocation", Time since last: 353793618 ns, Reaching safepoint: 3934287 ns, At safepoint: 90851307 ns, Total: 94785594 ns
[62.538s][info ][safepoint      ] Safepoint "ICBufferFull", Time since last: 293051573 ns, Reaching safepoint: 14044310 ns, At safepoint: 32601 ns, Total: 14076911 ns
[62.546s][info ][safepoint      ] Safepoint "ICBufferFull", Time since last: 1889442 ns, Reaching safepoint: 5869529 ns, At safepoint: 29001 ns, Total: 5898530 ns
[63.494s][info ][gc,start       ] GC(60) Pause Young (Allocation Failure)
[63.606s][debug][gc,phases      ] GC(60) Scavenge 111.676ms
[63.606s][debug][gc,ref         ] GC(60) Skipped phase 1 of Reference Processing: no references
[63.606s][debug][gc,ref         ] GC(60) ReferenceProcessor::execute queues: 1, RefProcThreadModel::Single, marks_oops_alive: false
[63.606s][debug][gc,ref         ] GC(60) Skipped phase 3 of Reference Processing: no references
[63.606s][debug][gc,ref         ] GC(60) ReferenceProcessor::execute queues: 1, RefProcThreadModel::Single, marks_oops_alive: false
[63.606s][debug][gc,phases      ] GC(60) Reference Processing 0.267ms
[63.607s][debug][gc,phases      ] GC(60)   VM Weak                        Min:  0.0, Avg:  0.0, Max:  0.0, Diff:  0.0, Sum:  0.0, Workers: 4
[63.607s][debug][gc,phases      ] GC(60)     Dead                           Min: 0, Avg:  0.0, Max: 0, Diff: 0, Sum: 0, Workers: 4
[63.607s][debug][gc,phases      ] GC(60)     Total                          Min: 0, Avg: 162.8, Max: 651, Diff: 651, Sum: 651, Workers: 4
[63.607s][debug][gc,phases      ] GC(60)   ObjectSynchronizer Weak        Min:  0.0, Avg:  0.0, Max:  0.0, Diff:  0.0, Sum:  0.0, Workers: 4
[63.607s][debug][gc,phases      ] GC(60)     Dead                           Min: 0, Avg:  0.0, Max: 0, Diff: 0, Sum: 0, Workers: 4
[63.607s][debug][gc,phases      ] GC(60)     Total                          Min: 0, Avg: 46.2, Max: 185, Diff: 185, Sum: 185, Workers: 4
[63.607s][debug][gc,phases      ] GC(60)   JVMTI Tag Weak OopStorage      Min:  0.0, Avg:  0.0, Max:  0.0, Diff:  0.0, Sum:  0.0, Workers: 4
[63.607s][debug][gc,phases      ] GC(60)     Dead                           Min: 0, Avg:  0.0, Max: 0, Diff: 0, Sum: 0, Workers: 4
[63.607s][debug][gc,phases      ] GC(60)     Total                          Min: 0, Avg:  0.0, Max: 0, Diff: 0, Sum: 0, Workers: 4
[63.607s][debug][gc,phases      ] GC(60)   StringTable Weak               Min:  0.0, Avg:  0.1, Max:  0.5, Diff:  0.5, Sum:  0.5, Workers: 4
[63.607s][debug][gc,phases      ] GC(60)     Dead                           Min: 0, Avg:  0.2, Max: 1, Diff: 1, Sum: 1, Workers: 4
[63.607s][debug][gc,phases      ] GC(60)     Total                          Min: 0, Avg: 11621.2, Max: 46485, Diff: 46485, Sum: 46485, Workers: 4
[63.607s][debug][gc,phases      ] GC(60)   ResolvedMethodTable Weak       Min:  0.0, Avg:  0.0, Max:  0.1, Diff:  0.1, Sum:  0.1, Workers: 4
[63.607s][debug][gc,phases      ] GC(60)     Dead                           Min: 0, Avg:  4.5, Max: 18, Diff: 18, Sum: 18, Workers: 4
[63.607s][debug][gc,phases      ] GC(60)     Total                          Min: 0, Avg: 1949.5, Max: 7798, Diff: 7798, Sum: 7798, Workers: 4
[63.607s][debug][gc,phases      ] GC(60)   JNI Weak                       Min:  0.0, Avg:  0.0, Max:  0.0, Diff:  0.0, Sum:  0.0, Workers: 4
[63.607s][debug][gc,phases      ] GC(60)     Dead                           Min: 0, Avg:  0.0, Max: 0, Diff: 0, Sum: 0, Workers: 4
[63.607s][debug][gc,phases      ] GC(60)     Total                          Min: 0, Avg: 12.0, Max: 48, Diff: 48, Sum: 48, Workers: 4
[63.607s][debug][gc,phases      ] GC(60)   StringDedup Table Weak         Min:  0.0, Avg:  0.0, Max:  0.0, Diff:  0.0, Sum:  0.0, Workers: 4
[63.607s][debug][gc,phases      ] GC(60)     Dead                           Min: 0, Avg:  0.0, Max: 0, Diff: 0, Sum: 0, Workers: 4
[63.607s][debug][gc,phases      ] GC(60)     Total                          Min: 0, Avg:  0.0, Max: 0, Diff: 0, Sum: 0, Workers: 4
[63.607s][debug][gc,phases      ] GC(60)   StringDedup Requests0 Weak     Min:  0.0, Avg:  0.0, Max:  0.0, Diff:  0.0, Sum:  0.0, Workers: 4
[63.607s][debug][gc,phases      ] GC(60)     Dead                           Min: 0, Avg:  0.0, Max: 0, Diff: 0, Sum: 0, Workers: 4
[63.607s][debug][gc,phases      ] GC(60)     Total                          Min: 0, Avg:  0.0, Max: 0, Diff: 0, Sum: 0, Workers: 4
[63.607s][debug][gc,phases      ] GC(60)   StringDedup Requests1 Weak     Min:  0.0, Avg:  0.0, Max:  0.0, Diff:  0.0, Sum:  0.0, Workers: 4
[63.607s][debug][gc,phases      ] GC(60)     Dead                           Min: 0, Avg:  0.0, Max: 0, Diff: 0, Sum: 0, Workers: 4
[63.607s][debug][gc,phases      ] GC(60)     Total                          Min: 0, Avg:  0.0, Max: 0, Diff: 0, Sum: 0, Workers: 4
[63.607s][debug][gc,phases      ] GC(60)   Weak JFR Old Object Samples    Min:  0.0, Avg:  0.0, Max:  0.0, Diff:  0.0, Sum:  0.0, Workers: 4
[63.607s][debug][gc,phases      ] GC(60)     Dead                           Min: 0, Avg:  0.0, Max: 0, Diff: 0, Sum: 0, Workers: 4
[63.607s][debug][gc,phases      ] GC(60)     Total                          Min: 0, Avg:  0.0, Max: 0, Diff: 0, Sum: 0, Workers: 4
[63.607s][debug][gc,phases      ] GC(60) Weak Processing 0.898ms
[63.607s][debug][gc,age         ] GC(60) Desired survivor size 214958080 bytes, new threshold 15 (max threshold 15)
[63.607s][info ][gc,heap        ] GC(60) PSYoungGen: 1750253K(1881088K)->96226K(1876480K) Eden: 1660416K(1660416K)->0K(1660416K) From: 89837K(220672K)->96226K(216064K)
[63.607s][info ][gc,heap        ] GC(60) ParOldGen: 602280K(636416K)->609885K(636416K)
[63.607s][info ][gc,metaspace   ] GC(60) Metaspace: 78654K(79488K)->78654K(79488K) NonClass: 67420K(67904K)->67420K(67904K) Class: 11234K(11584K)->11234K(11584K)
[63.607s][info ][gc             ] GC(60) Pause Young (Allocation Failure) 2297M->689M(2454M) 113.029ms
[63.607s][info ][gc,cpu         ] GC(60) User=0.15s Sys=0.00s Real=0.11s
[63.607s][debug][gc,phases      ] GC(61) Pre Compact 0.016ms
[63.607s][info ][gc,start       ] GC(61) Pause Full (Ergonomics)
[63.607s][info ][gc,phases,start] GC(61) Marking Phase
[63.870s][debug][gc,phases      ] GC(61) Par Mark 262.804ms
[63.870s][debug][gc,ref         ] GC(61) Skipped phase 1 of Reference Processing: no references
[63.870s][debug][gc,ref         ] GC(61) ReferenceProcessor::execute queues: 3, RefProcThreadModel::Multi, marks_oops_alive: false
[63.878s][debug][gc,ref         ] GC(61) Skipped phase 3 of Reference Processing: no references
[63.878s][debug][gc,ref         ] GC(61) ReferenceProcessor::execute queues: 1, RefProcThreadModel::Single, marks_oops_alive: false
[63.878s][debug][gc,phases      ] GC(61) Reference Processing 7.671ms
[63.882s][debug][gc,phases      ] GC(61)   VM Weak                        Min:  0.0, Avg:  0.0, Max:  0.0, Diff:  0.0, Sum:  0.0, Workers: 4
[63.882s][debug][gc,phases      ] GC(61)     Dead                           Min: 0, Avg:  0.0, Max: 0, Diff: 0, Sum: 0, Workers: 4
[63.882s][debug][gc,phases      ] GC(61)     Total                          Min: 0, Avg: 162.8, Max: 651, Diff: 651, Sum: 651, Workers: 4
[63.882s][debug][gc,phases      ] GC(61)   ObjectSynchronizer Weak        Min:  0.0, Avg:  0.0, Max:  0.0, Diff:  0.0, Sum:  0.0, Workers: 4
[63.882s][debug][gc,phases      ] GC(61)     Dead                           Min: 0, Avg:  0.0, Max: 0, Diff: 0, Sum: 0, Workers: 4
[63.882s][debug][gc,phases      ] GC(61)     Total                          Min: 0, Avg: 46.2, Max: 185, Diff: 185, Sum: 185, Workers: 4
[63.882s][debug][gc,phases      ] GC(61)   JVMTI Tag Weak OopStorage      Min:  0.0, Avg:  0.0, Max:  0.0, Diff:  0.0, Sum:  0.0, Workers: 4
[63.882s][debug][gc,phases      ] GC(61)     Dead                           Min: 0, Avg:  0.0, Max: 0, Diff: 0, Sum: 0, Workers: 4
[63.882s][debug][gc,phases      ] GC(61)     Total                          Min: 0, Avg:  0.0, Max: 0, Diff: 0, Sum: 0, Workers: 4
[63.882s][debug][gc,phases      ] GC(61)   StringTable Weak               Min:  0.0, Avg:  0.2, Max:  0.4, Diff:  0.4, Sum:  0.8, Workers: 4
[63.882s][debug][gc,phases      ] GC(61)     Dead                           Min: 0, Avg:  0.0, Max: 0, Diff: 0, Sum: 0, Workers: 4
[63.882s][debug][gc,phases      ] GC(61)     Total                          Min: 0, Avg: 11621.2, Max: 24341, Diff: 24341, Sum: 46485, Workers: 4
[63.882s][debug][gc,phases      ] GC(61)   ResolvedMethodTable Weak       Min:  0.0, Avg:  0.0, Max:  0.1, Diff:  0.1, Sum:  0.1, Workers: 4
[63.882s][debug][gc,phases      ] GC(61)     Dead                           Min: 0, Avg:  0.0, Max: 0, Diff: 0, Sum: 0, Workers: 4
[63.882s][debug][gc,phases      ] GC(61)     Total                          Min: 0, Avg: 1949.5, Max: 4086, Diff: 4086, Sum: 7798, Workers: 4
[63.882s][debug][gc,phases      ] GC(61)   JNI Weak                       Min:  0.0, Avg:  0.0, Max:  0.0, Diff:  0.0, Sum:  0.0, Workers: 4
[63.882s][debug][gc,phases      ] GC(61)     Dead                           Min: 0, Avg:  0.0, Max: 0, Diff: 0, Sum: 0, Workers: 4
[63.882s][debug][gc,phases      ] GC(61)     Total                          Min: 0, Avg: 12.0, Max: 43, Diff: 43, Sum: 48, Workers: 4
[63.882s][debug][gc,phases      ] GC(61)   StringDedup Table Weak         Min:  0.0, Avg:  0.0, Max:  0.0, Diff:  0.0, Sum:  0.0, Workers: 4
[63.882s][debug][gc,phases      ] GC(61)     Dead                           Min: 0, Avg:  0.0, Max: 0, Diff: 0, Sum: 0, Workers: 4
[63.882s][debug][gc,phases      ] GC(61)     Total                          Min: 0, Avg:  0.0, Max: 0, Diff: 0, Sum: 0, Workers: 4
[63.882s][debug][gc,phases      ] GC(61)   StringDedup Requests0 Weak     Min:  0.0, Avg:  0.0, Max:  0.0, Diff:  0.0, Sum:  0.0, Workers: 4
[63.882s][debug][gc,phases      ] GC(61)     Dead                           Min: 0, Avg:  0.0, Max: 0, Diff: 0, Sum: 0, Workers: 4
[63.882s][debug][gc,phases      ] GC(61)     Total                          Min: 0, Avg:  0.0, Max: 0, Diff: 0, Sum: 0, Workers: 4
[63.882s][debug][gc,phases      ] GC(61)   StringDedup Requests1 Weak     Min:  0.0, Avg:  0.0, Max:  0.0, Diff:  0.0, Sum:  0.0, Workers: 4
[63.882s][debug][gc,phases      ] GC(61)     Dead                           Min: 0, Avg:  0.0, Max: 0, Diff: 0, Sum: 0, Workers: 4
[63.882s][debug][gc,phases      ] GC(61)     Total                          Min: 0, Avg:  0.0, Max: 0, Diff: 0, Sum: 0, Workers: 4
[63.882s][debug][gc,phases      ] GC(61)   Weak JFR Old Object Samples    Min:  0.0, Avg:  0.0, Max:  0.0, Diff:  0.0, Sum:  0.0, Workers: 4
[63.882s][debug][gc,phases      ] GC(61)     Dead                           Min: 0, Avg:  0.0, Max: 0, Diff: 0, Sum: 0, Workers: 4
[63.882s][debug][gc,phases      ] GC(61)     Total                          Min: 0, Avg:  0.0, Max: 0, Diff: 0, Sum: 0, Workers: 4
[63.882s][debug][gc,phases      ] GC(61) Weak Processing 4.140ms
[63.882s][debug][gc,phases      ] GC(61) ClassLoaderData 0.093ms
[63.882s][debug][gc,phases      ] GC(61) Trigger cleanups 0.001ms
[63.899s][debug][gc,phases      ] GC(61) Class Unloading 16.825ms
[63.899s][info ][gc,phases      ] GC(61) Marking Phase 291.651ms
[63.899s][info ][gc,phases,start] GC(61) Summary Phase
[63.899s][info ][gc,phases      ] GC(61) Summary Phase 0.031ms
[63.899s][info ][gc,phases,start] GC(61) Adjust Roots
[63.916s][info ][gc,phases      ] GC(61) Adjust Roots 17.458ms
[63.916s][info ][gc,phases,start] GC(61) Compaction Phase
[64.170s][info ][gc,phases      ] GC(61) Compaction Phase 254.078ms
[64.171s][info ][gc,phases,start] GC(61) Post Compact
[64.175s][info ][gc,phases      ] GC(61) Post Compact 4.246ms
[64.176s][info ][gc,heap        ] GC(61) PSYoungGen: 96226K(1876480K)->0K(1887232K) Eden: 0K(1660416K)->0K(1677312K) From: 96226K(216064K)->0K(209920K)
[64.176s][info ][gc,heap        ] GC(61) ParOldGen: 609885K(636416K)->407916K(483328K)
[64.176s][info ][gc,metaspace   ] GC(61) Metaspace: 78654K(79488K)->78654K(79488K) NonClass: 67420K(67904K)->67420K(67904K) Class: 11234K(11584K)->11234K(11584K)
[64.176s][info ][gc             ] GC(61) Pause Full (Ergonomics) 689M->398M(2315M) 568.522ms
[64.176s][info ][gc,cpu         ] GC(61) User=1.27s Sys=0.00s Real=0.57s
[64.190s][info ][safepoint      ] Safepoint "ParallelGCFailedAllocation", Time since last: 937150794 ns, Reaching safepoint: 11051144 ns, At safepoint: 695745656 ns, Total: 706796800 ns
[65.202s][info ][safepoint      ] Safepoint "Cleanup", Time since last: 1000122561 ns, Reaching safepoint: 11999065 ns, At safepoint: 33000 ns, Total: 12032065 ns
[65.324s][info ][gc,start       ] GC(62) Pause Young (Allocation Failure)
[65.346s][debug][gc,phases      ] GC(62) Scavenge 21.745ms
[65.346s][debug][gc,ref         ] GC(62) Skipped phase 1 of Reference Processing: no references
[65.346s][debug][gc,ref         ] GC(62) ReferenceProcessor::execute queues: 1, RefProcThreadModel::Single, marks_oops_alive: false
[65.346s][debug][gc,ref         ] GC(62) Skipped phase 3 of Reference Processing: no references
[65.346s][debug][gc,ref         ] GC(62) ReferenceProcessor::execute queues: 1, RefProcThreadModel::Single, marks_oops_alive: false
[65.346s][debug][gc,phases      ] GC(62) Reference Processing 0.137ms
[65.347s][debug][gc,phases      ] GC(62)   VM Weak                        Min:  0.0, Avg:  0.0, Max:  0.0, Diff:  0.0, Sum:  0.0, Workers: 4
[65.347s][debug][gc,phases      ] GC(62)     Dead                           Min: 0, Avg:  0.0, Max: 0, Diff: 0, Sum: 0, Workers: 4
[65.347s][debug][gc,phases      ] GC(62)     Total                          Min: 0, Avg: 162.8, Max: 651, Diff: 651, Sum: 651, Workers: 4
[65.347s][debug][gc,phases      ] GC(62)   ObjectSynchronizer Weak        Min:  0.0, Avg:  0.0, Max:  0.0, Diff:  0.0, Sum:  0.0, Workers: 4
[65.347s][debug][gc,phases      ] GC(62)     Dead                           Min: 0, Avg:  0.0, Max: 0, Diff: 0, Sum: 0, Workers: 4
[65.347s][debug][gc,phases      ] GC(62)     Total                          Min: 0, Avg: 46.2, Max: 185, Diff: 185, Sum: 185, Workers: 4
[65.347s][debug][gc,phases      ] GC(62)   JVMTI Tag Weak OopStorage      Min:  0.0, Avg:  0.0, Max:  0.0, Diff:  0.0, Sum:  0.0, Workers: 4
[65.347s][debug][gc,phases      ] GC(62)     Dead                           Min: 0, Avg:  0.0, Max: 0, Diff: 0, Sum: 0, Workers: 4
[65.347s][debug][gc,phases      ] GC(62)     Total                          Min: 0, Avg:  0.0, Max: 0, Diff: 0, Sum: 0, Workers: 4
[65.347s][debug][gc,phases      ] GC(62)   StringTable Weak               Min:  0.0, Avg:  0.1, Max:  0.5, Diff:  0.5, Sum:  0.5, Workers: 4
[65.347s][debug][gc,phases      ] GC(62)     Dead                           Min: 0, Avg:  0.0, Max: 0, Diff: 0, Sum: 0, Workers: 4
[65.347s][debug][gc,phases      ] GC(62)     Total                          Min: 0, Avg: 11632.0, Max: 46528, Diff: 46528, Sum: 46528, Workers: 4
[65.347s][debug][gc,phases      ] GC(62)   ResolvedMethodTable Weak       Min:  0.0, Avg:  0.0, Max:  0.1, Diff:  0.1, Sum:  0.1, Workers: 4
[65.347s][debug][gc,phases      ] GC(62)     Dead                           Min: 0, Avg:  0.0, Max: 0, Diff: 0, Sum: 0, Workers: 4
[65.347s][debug][gc,phases      ] GC(62)     Total                          Min: 0, Avg: 1951.2, Max: 7805, Diff: 7805, Sum: 7805, Workers: 4
[65.347s][debug][gc,phases      ] GC(62)   JNI Weak                       Min:  0.0, Avg:  0.0, Max:  0.0, Diff:  0.0, Sum:  0.0, Workers: 4
[65.347s][debug][gc,phases      ] GC(62)     Dead                           Min: 0, Avg:  0.0, Max: 0, Diff: 0, Sum: 0, Workers: 4
[65.347s][debug][gc,phases      ] GC(62)     Total                          Min: 0, Avg:  0.2, Max: 1, Diff: 1, Sum: 1, Workers: 4
[65.347s][debug][gc,phases      ] GC(62)   StringDedup Table Weak         Min:  0.0, Avg:  0.0, Max:  0.0, Diff:  0.0, Sum:  0.0, Workers: 4
[65.347s][debug][gc,phases      ] GC(62)     Dead                           Min: 0, Avg:  0.0, Max: 0, Diff: 0, Sum: 0, Workers: 4
[65.347s][debug][gc,phases      ] GC(62)     Total                          Min: 0, Avg:  0.0, Max: 0, Diff: 0, Sum: 0, Workers: 4
[65.347s][debug][gc,phases      ] GC(62)   StringDedup Requests0 Weak     Min:  0.0, Avg:  0.0, Max:  0.0, Diff:  0.0, Sum:  0.0, Workers: 4
[65.347s][debug][gc,phases      ] GC(62)     Dead                           Min: 0, Avg:  0.0, Max: 0, Diff: 0, Sum: 0, Workers: 4
[65.347s][debug][gc,phases      ] GC(62)     Total                          Min: 0, Avg:  0.0, Max: 0, Diff: 0, Sum: 0, Workers: 4
[65.347s][debug][gc,phases      ] GC(62)   StringDedup Requests1 Weak     Min:  0.0, Avg:  0.0, Max:  0.0, Diff:  0.0, Sum:  0.0, Workers: 4
[65.347s][debug][gc,phases      ] GC(62)     Dead                           Min: 0, Avg:  0.0, Max: 0, Diff: 0, Sum: 0, Workers: 4
[65.347s][debug][gc,phases      ] GC(62)     Total                          Min: 0, Avg:  0.0, Max: 0, Diff: 0, Sum: 0, Workers: 4
[65.347s][debug][gc,phases      ] GC(62)   Weak JFR Old Object Samples    Min:  0.0, Avg:  0.0, Max:  0.0, Diff:  0.0, Sum:  0.0, Workers: 4
[65.347s][debug][gc,phases      ] GC(62)     Dead                           Min: 0, Avg:  0.0, Max: 0, Diff: 0, Sum: 0, Workers: 4
[65.347s][debug][gc,phases      ] GC(62)     Total                          Min: 0, Avg:  0.0, Max: 0, Diff: 0, Sum: 0, Workers: 4
[65.347s][debug][gc,phases      ] GC(62) Weak Processing 0.808ms
[65.347s][debug][gc,age         ] GC(62) Desired survivor size 224395264 bytes, new threshold 15 (max threshold 15)
[65.347s][info ][gc,heap        ] GC(62) PSYoungGen: 1677312K(1887232K)->6812K(1684480K) Eden: 1677312K(1677312K)->0K(1677312K) From: 0K(209920K)->6812K(7168K)
[65.347s][info ][gc,heap        ] GC(62) ParOldGen: 407916K(483328K)->407924K(483328K)
[65.347s][info ][gc,metaspace   ] GC(62) Metaspace: 78839K(79680K)->78839K(79680K) NonClass: 67597K(68032K)->67597K(68032K) Class: 11241K(11648K)->11241K(11648K)
[65.347s][info ][gc             ] GC(62) Pause Young (Allocation Failure) 2036M->405M(2117M) 22.855ms
[65.347s][info ][gc,cpu         ] GC(62) User=0.02s Sys=0.00s Real=0.03s
[65.347s][info ][safepoint      ] Safepoint "ParallelGCFailedAllocation", Time since last: 116750574 ns, Reaching safepoint: 5257416 ns, At safepoint: 22985407 ns, Total: 28242823 ns
[66.370s][info ][safepoint      ] Safepoint "Cleanup", Time since last: 1004278037 ns, Reaching safepoint: 18819415 ns, At safepoint: 37901 ns, Total: 18857316 ns
[66.526s][info ][gc,start       ] GC(63) Pause Young (Allocation Failure)
[66.562s][debug][gc,phases      ] GC(63) Scavenge 35.874ms
[66.562s][debug][gc,ref         ] GC(63) Skipped phase 1 of Reference Processing: no references
[66.562s][debug][gc,ref         ] GC(63) ReferenceProcessor::execute queues: 1, RefProcThreadModel::Single, marks_oops_alive: false
[66.562s][debug][gc,ref         ] GC(63) Skipped phase 3 of Reference Processing: no references
[66.562s][debug][gc,ref         ] GC(63) ReferenceProcessor::execute queues: 1, RefProcThreadModel::Single, marks_oops_alive: false
[66.562s][debug][gc,phases      ] GC(63) Reference Processing 0.145ms
[66.563s][debug][gc,phases      ] GC(63)   VM Weak                        Min:  0.0, Avg:  0.0, Max:  0.0, Diff:  0.0, Sum:  0.0, Workers: 4
[66.563s][debug][gc,phases      ] GC(63)     Dead                           Min: 0, Avg:  0.0, Max: 0, Diff: 0, Sum: 0, Workers: 4
[66.563s][debug][gc,phases      ] GC(63)     Total                          Min: 0, Avg: 162.8, Max: 651, Diff: 651, Sum: 651, Workers: 4
[66.563s][debug][gc,phases      ] GC(63)   ObjectSynchronizer Weak        Min:  0.0, Avg:  0.0, Max:  0.0, Diff:  0.0, Sum:  0.0, Workers: 4
[66.563s][debug][gc,phases      ] GC(63)     Dead                           Min: 0, Avg:  0.0, Max: 0, Diff: 0, Sum: 0, Workers: 4
[66.563s][debug][gc,phases      ] GC(63)     Total                          Min: 0, Avg: 46.2, Max: 185, Diff: 185, Sum: 185, Workers: 4
[66.563s][debug][gc,phases      ] GC(63)   JVMTI Tag Weak OopStorage      Min:  0.0, Avg:  0.0, Max:  0.0, Diff:  0.0, Sum:  0.0, Workers: 4
[66.563s][debug][gc,phases      ] GC(63)     Dead                           Min: 0, Avg:  0.0, Max: 0, Diff: 0, Sum: 0, Workers: 4
[66.563s][debug][gc,phases      ] GC(63)     Total                          Min: 0, Avg:  0.0, Max: 0, Diff: 0, Sum: 0, Workers: 4
[66.563s][debug][gc,phases      ] GC(63)   StringTable Weak               Min:  0.0, Avg:  0.1, Max:  0.4, Diff:  0.4, Sum:  0.4, Workers: 4
[66.563s][debug][gc,phases      ] GC(63)     Dead                           Min: 0, Avg:  0.0, Max: 0, Diff: 0, Sum: 0, Workers: 4
[66.563s][debug][gc,phases      ] GC(63)     Total                          Min: 0, Avg: 11638.2, Max: 46553, Diff: 46553, Sum: 46553, Workers: 4
[66.563s][debug][gc,phases      ] GC(63)   ResolvedMethodTable Weak       Min:  0.0, Avg:  0.0, Max:  0.1, Diff:  0.1, Sum:  0.1, Workers: 4
[66.563s][debug][gc,phases      ] GC(63)     Dead                           Min: 0, Avg:  0.0, Max: 0, Diff: 0, Sum: 0, Workers: 4
[66.563s][debug][gc,phases      ] GC(63)     Total                          Min: 0, Avg: 1951.2, Max: 7805, Diff: 7805, Sum: 7805, Workers: 4
[66.563s][debug][gc,phases      ] GC(63)   JNI Weak                       Min:  0.0, Avg:  0.0, Max:  0.0, Diff:  0.0, Sum:  0.0, Workers: 4
[66.563s][debug][gc,phases      ] GC(63)     Dead                           Min: 0, Avg:  0.0, Max: 0, Diff: 0, Sum: 0, Workers: 4
[66.563s][debug][gc,phases      ] GC(63)     Total                          Min: 0, Avg:  5.0, Max: 20, Diff: 20, Sum: 20, Workers: 4
[66.563s][debug][gc,phases      ] GC(63)   StringDedup Table Weak         Min:  0.0, Avg:  0.0, Max:  0.0, Diff:  0.0, Sum:  0.0, Workers: 4
[66.563s][debug][gc,phases      ] GC(63)     Dead                           Min: 0, Avg:  0.0, Max: 0, Diff: 0, Sum: 0, Workers: 4
[66.563s][debug][gc,phases      ] GC(63)     Total                          Min: 0, Avg:  0.0, Max: 0, Diff: 0, Sum: 0, Workers: 4
[66.563s][debug][gc,phases      ] GC(63)   StringDedup Requests0 Weak     Min:  0.0, Avg:  0.0, Max:  0.0, Diff:  0.0, Sum:  0.0, Workers: 4
[66.563s][debug][gc,phases      ] GC(63)     Dead                           Min: 0, Avg:  0.0, Max: 0, Diff: 0, Sum: 0, Workers: 4
[66.563s][debug][gc,phases      ] GC(63)     Total                          Min: 0, Avg:  0.0, Max: 0, Diff: 0, Sum: 0, Workers: 4
[66.563s][debug][gc,phases      ] GC(63)   StringDedup Requests1 Weak     Min:  0.0, Avg:  0.0, Max:  0.0, Diff:  0.0, Sum:  0.0, Workers: 4
[66.563s][debug][gc,phases      ] GC(63)     Dead                           Min: 0, Avg:  0.0, Max: 0, Diff: 0, Sum: 0, Workers: 4
[66.563s][debug][gc,phases      ] GC(63)     Total                          Min: 0, Avg:  0.0, Max: 0, Diff: 0, Sum: 0, Workers: 4
[66.563s][debug][gc,phases      ] GC(63)   Weak JFR Old Object Samples    Min:  0.0, Avg:  0.0, Max:  0.0, Diff:  0.0, Sum:  0.0, Workers: 4
[66.563s][debug][gc,phases      ] GC(63)     Dead                           Min: 0, Avg:  0.0, Max: 0, Diff: 0, Sum: 0, Workers: 4
[66.563s][debug][gc,phases      ] GC(63)     Total                          Min: 0, Avg:  0.0, Max: 0, Diff: 0, Sum: 0, Workers: 4
[66.563s][debug][gc,phases      ] GC(63) Weak Processing 0.802ms
[66.563s][debug][gc,age         ] GC(63) Desired survivor size 229113856 bytes, new threshold 15 (max threshold 15)
[66.563s][info ][gc,heap        ] GC(63) PSYoungGen: 1684124K(1684480K)->12496K(1868800K) Eden: 1677312K(1677312K)->0K(1649664K) From: 6812K(7168K)->12496K(219136K)
[66.563s][info ][gc,heap        ] GC(63) ParOldGen: 407924K(483328K)->407932K(483328K)
[66.563s][info ][gc,metaspace   ] GC(63) Metaspace: 78920K(79744K)->78920K(79744K) NonClass: 67679K(68096K)->67679K(68096K) Class: 11241K(11648K)->11241K(11648K)
[66.563s][info ][gc             ] GC(63) Pause Young (Allocation Failure) 2043M->410M(2297M) 36.993ms
[66.563s][info ][gc,cpu         ] GC(63) User=0.04s Sys=0.00s Real=0.03s
[66.563s][info ][safepoint      ] Safepoint "ParallelGCFailedAllocation", Time since last: 148427770 ns, Reaching safepoint: 7311662 ns, At safepoint: 37132318 ns, Total: 44443980 ns
[67.578s][info ][safepoint      ] Safepoint "Cleanup", Time since last: 1000702642 ns, Reaching safepoint: 14187212 ns, At safepoint: 39901 ns, Total: 14227113 ns
[67.646s][info ][gc,start       ] GC(64) Pause Young (Allocation Failure)
[67.684s][debug][gc,phases      ] GC(64) Scavenge 38.197ms
[67.684s][debug][gc,ref         ] GC(64) Skipped phase 1 of Reference Processing: no references
[67.684s][debug][gc,ref         ] GC(64) ReferenceProcessor::execute queues: 1, RefProcThreadModel::Single, marks_oops_alive: false
[67.684s][debug][gc,ref         ] GC(64) Skipped phase 3 of Reference Processing: no references
[67.684s][debug][gc,ref         ] GC(64) ReferenceProcessor::execute queues: 1, RefProcThreadModel::Single, marks_oops_alive: false
[67.684s][debug][gc,phases      ] GC(64) Reference Processing 0.127ms
[67.685s][debug][gc,phases      ] GC(64)   VM Weak                        Min:  0.0, Avg:  0.0, Max:  0.0, Diff:  0.0, Sum:  0.0, Workers: 4
[67.685s][debug][gc,phases      ] GC(64)     Dead                           Min: 0, Avg:  0.0, Max: 0, Diff: 0, Sum: 0, Workers: 4
[67.685s][debug][gc,phases      ] GC(64)     Total                          Min: 0, Avg: 162.8, Max: 651, Diff: 651, Sum: 651, Workers: 4
[67.685s][debug][gc,phases      ] GC(64)   ObjectSynchronizer Weak        Min:  0.0, Avg:  0.0, Max:  0.0, Diff:  0.0, Sum:  0.0, Workers: 4
[67.685s][debug][gc,phases      ] GC(64)     Dead                           Min: 0, Avg:  0.0, Max: 0, Diff: 0, Sum: 0, Workers: 4
[67.685s][debug][gc,phases      ] GC(64)     Total                          Min: 0, Avg: 46.2, Max: 185, Diff: 185, Sum: 185, Workers: 4
[67.685s][debug][gc,phases      ] GC(64)   JVMTI Tag Weak OopStorage      Min:  0.0, Avg:  0.0, Max:  0.0, Diff:  0.0, Sum:  0.0, Workers: 4
[67.685s][debug][gc,phases      ] GC(64)     Dead                           Min: 0, Avg:  0.0, Max: 0, Diff: 0, Sum: 0, Workers: 4
[67.685s][debug][gc,phases      ] GC(64)     Total                          Min: 0, Avg:  0.0, Max: 0, Diff: 0, Sum: 0, Workers: 4
[67.685s][debug][gc,phases      ] GC(64)   StringTable Weak               Min:  0.0, Avg:  0.1, Max:  0.4, Diff:  0.4, Sum:  0.4, Workers: 4
[67.685s][debug][gc,phases      ] GC(64)     Dead                           Min: 0, Avg:  0.0, Max: 0, Diff: 0, Sum: 0, Workers: 4
[67.685s][debug][gc,phases      ] GC(64)     Total                          Min: 0, Avg: 11644.2, Max: 46577, Diff: 46577, Sum: 46577, Workers: 4
[67.685s][debug][gc,phases      ] GC(64)   ResolvedMethodTable Weak       Min:  0.0, Avg:  0.0, Max:  0.1, Diff:  0.1, Sum:  0.1, Workers: 4
[67.685s][debug][gc,phases      ] GC(64)     Dead                           Min: 0, Avg:  0.0, Max: 0, Diff: 0, Sum: 0, Workers: 4
[67.685s][debug][gc,phases      ] GC(64)     Total                          Min: 0, Avg: 1951.8, Max: 7807, Diff: 7807, Sum: 7807, Workers: 4
[67.685s][debug][gc,phases      ] GC(64)   JNI Weak                       Min:  0.0, Avg:  0.0, Max:  0.0, Diff:  0.0, Sum:  0.0, Workers: 4
[67.685s][debug][gc,phases      ] GC(64)     Dead                           Min: 0, Avg:  0.0, Max: 0, Diff: 0, Sum: 0, Workers: 4
[67.685s][debug][gc,phases      ] GC(64)     Total                          Min: 0, Avg:  5.5, Max: 22, Diff: 22, Sum: 22, Workers: 4
[67.685s][debug][gc,phases      ] GC(64)   StringDedup Table Weak         Min:  0.0, Avg:  0.0, Max:  0.0, Diff:  0.0, Sum:  0.0, Workers: 4
[67.685s][debug][gc,phases      ] GC(64)     Dead                           Min: 0, Avg:  0.0, Max: 0, Diff: 0, Sum: 0, Workers: 4
[67.685s][debug][gc,phases      ] GC(64)     Total                          Min: 0, Avg:  0.0, Max: 0, Diff: 0, Sum: 0, Workers: 4
[67.685s][debug][gc,phases      ] GC(64)   StringDedup Requests0 Weak     Min:  0.0, Avg:  0.0, Max:  0.0, Diff:  0.0, Sum:  0.0, Workers: 4
[67.685s][debug][gc,phases      ] GC(64)     Dead                           Min: 0, Avg:  0.0, Max: 0, Diff: 0, Sum: 0, Workers: 4
[67.685s][debug][gc,phases      ] GC(64)     Total                          Min: 0, Avg:  0.0, Max: 0, Diff: 0, Sum: 0, Workers: 4
[67.685s][debug][gc,phases      ] GC(64)   StringDedup Requests1 Weak     Min:  0.0, Avg:  0.0, Max:  0.0, Diff:  0.0, Sum:  0.0, Workers: 4
[67.685s][debug][gc,phases      ] GC(64)     Dead                           Min: 0, Avg:  0.0, Max: 0, Diff: 0, Sum: 0, Workers: 4
[67.685s][debug][gc,phases      ] GC(64)     Total                          Min: 0, Avg:  0.0, Max: 0, Diff: 0, Sum: 0, Workers: 4
[67.685s][debug][gc,phases      ] GC(64)   Weak JFR Old Object Samples    Min:  0.0, Avg:  0.0, Max:  0.0, Diff:  0.0, Sum:  0.0, Workers: 4
[67.685s][debug][gc,phases      ] GC(64)     Dead                           Min: 0, Avg:  0.0, Max: 0, Diff: 0, Sum: 0, Workers: 4
[67.685s][debug][gc,phases      ] GC(64)     Total                          Min: 0, Avg:  0.0, Max: 0, Diff: 0, Sum: 0, Workers: 4
[67.685s][debug][gc,phases      ] GC(64) Weak Processing 0.795ms
[67.685s][debug][gc,age         ] GC(64) Desired survivor size 229113856 bytes, new threshold 15 (max threshold 15)
[67.685s][info ][gc,heap        ] GC(64) PSYoungGen: 1662160K(1868800K)->20592K(1873408K) Eden: 1649664K(1649664K)->0K(1649664K) From: 12496K(219136K)->20592K(223744K)
[67.685s][info ][gc,heap        ] GC(64) ParOldGen: 407932K(483328K)->407940K(483328K)
[67.685s][info ][gc,metaspace   ] GC(64) Metaspace: 78985K(79808K)->78985K(79808K) NonClass: 67740K(68160K)->67740K(68160K) Class: 11245K(11648K)->11245K(11648K)
[67.685s][info ][gc             ] GC(64) Pause Young (Allocation Failure) 2021M->418M(2301M) 39.284ms
[67.685s][info ][gc,cpu         ] GC(64) User=0.06s Sys=0.01s Real=0.03s
[67.685s][info ][safepoint      ] Safepoint "ParallelGCFailedAllocation", Time since last: 56837151 ns, Reaching safepoint: 11093745 ns, At safepoint: 39435468 ns, Total: 50529213 ns
[68.426s][info ][gc,start       ] GC(65) Pause Young (Allocation Failure)
[68.470s][debug][gc,phases      ] GC(65) Scavenge 44.305ms
[68.470s][debug][gc,ref         ] GC(65) Skipped phase 1 of Reference Processing: no references
[68.470s][debug][gc,ref         ] GC(65) ReferenceProcessor::execute queues: 1, RefProcThreadModel::Single, marks_oops_alive: false
[68.470s][debug][gc,ref         ] GC(65) Skipped phase 3 of Reference Processing: no references
[68.470s][debug][gc,ref         ] GC(65) ReferenceProcessor::execute queues: 1, RefProcThreadModel::Single, marks_oops_alive: false
[68.470s][debug][gc,phases      ] GC(65) Reference Processing 0.149ms
[68.471s][debug][gc,phases      ] GC(65)   VM Weak                        Min:  0.0, Avg:  0.0, Max:  0.0, Diff:  0.0, Sum:  0.0, Workers: 4
[68.471s][debug][gc,phases      ] GC(65)     Dead                           Min: 0, Avg:  0.0, Max: 0, Diff: 0, Sum: 0, Workers: 4
[68.471s][debug][gc,phases      ] GC(65)     Total                          Min: 0, Avg: 162.8, Max: 651, Diff: 651, Sum: 651, Workers: 4
[68.471s][debug][gc,phases      ] GC(65)   ObjectSynchronizer Weak        Min:  0.0, Avg:  0.0, Max:  0.0, Diff:  0.0, Sum:  0.0, Workers: 4
[68.471s][debug][gc,phases      ] GC(65)     Dead                           Min: 0, Avg:  0.0, Max: 0, Diff: 0, Sum: 0, Workers: 4
[68.471s][debug][gc,phases      ] GC(65)     Total                          Min: 0, Avg: 46.2, Max: 185, Diff: 185, Sum: 185, Workers: 4
[68.471s][debug][gc,phases      ] GC(65)   JVMTI Tag Weak OopStorage      Min:  0.0, Avg:  0.0, Max:  0.0, Diff:  0.0, Sum:  0.0, Workers: 4
[68.471s][debug][gc,phases      ] GC(65)     Dead                           Min: 0, Avg:  0.0, Max: 0, Diff: 0, Sum: 0, Workers: 4
[68.471s][debug][gc,phases      ] GC(65)     Total                          Min: 0, Avg:  0.0, Max: 0, Diff: 0, Sum: 0, Workers: 4
[68.471s][debug][gc,phases      ] GC(65)   StringTable Weak               Min:  0.0, Avg:  0.1, Max:  0.5, Diff:  0.5, Sum:  0.5, Workers: 4
[68.471s][debug][gc,phases      ] GC(65)     Dead                           Min: 0, Avg:  0.0, Max: 0, Diff: 0, Sum: 0, Workers: 4
[68.471s][debug][gc,phases      ] GC(65)     Total                          Min: 0, Avg: 11645.0, Max: 46580, Diff: 46580, Sum: 46580, Workers: 4
[68.471s][debug][gc,phases      ] GC(65)   ResolvedMethodTable Weak       Min:  0.0, Avg:  0.0, Max:  0.1, Diff:  0.1, Sum:  0.1, Workers: 4
[68.471s][debug][gc,phases      ] GC(65)     Dead                           Min: 0, Avg:  0.0, Max: 0, Diff: 0, Sum: 0, Workers: 4
[68.471s][debug][gc,phases      ] GC(65)     Total                          Min: 0, Avg: 1951.8, Max: 7807, Diff: 7807, Sum: 7807, Workers: 4
[68.471s][debug][gc,phases      ] GC(65)   JNI Weak                       Min:  0.0, Avg:  0.0, Max:  0.0, Diff:  0.0, Sum:  0.0, Workers: 4
[68.471s][debug][gc,phases      ] GC(65)     Dead                           Min: 0, Avg:  0.0, Max: 0, Diff: 0, Sum: 0, Workers: 4
[68.471s][debug][gc,phases      ] GC(65)     Total                          Min: 0, Avg:  2.5, Max: 10, Diff: 10, Sum: 10, Workers: 4
[68.471s][debug][gc,phases      ] GC(65)   StringDedup Table Weak         Min:  0.0, Avg:  0.0, Max:  0.0, Diff:  0.0, Sum:  0.0, Workers: 4
[68.471s][debug][gc,phases      ] GC(65)     Dead                           Min: 0, Avg:  0.0, Max: 0, Diff: 0, Sum: 0, Workers: 4
[68.471s][debug][gc,phases      ] GC(65)     Total                          Min: 0, Avg:  0.0, Max: 0, Diff: 0, Sum: 0, Workers: 4
[68.471s][debug][gc,phases      ] GC(65)   StringDedup Requests0 Weak     Min:  0.0, Avg:  0.0, Max:  0.0, Diff:  0.0, Sum:  0.0, Workers: 4
[68.471s][debug][gc,phases      ] GC(65)     Dead                           Min: 0, Avg:  0.0, Max: 0, Diff: 0, Sum: 0, Workers: 4
[68.471s][debug][gc,phases      ] GC(65)     Total                          Min: 0, Avg:  0.0, Max: 0, Diff: 0, Sum: 0, Workers: 4
[68.471s][debug][gc,phases      ] GC(65)   StringDedup Requests1 Weak     Min:  0.0, Avg:  0.0, Max:  0.0, Diff:  0.0, Sum:  0.0, Workers: 4
[68.471s][debug][gc,phases      ] GC(65)     Dead                           Min: 0, Avg:  0.0, Max: 0, Diff: 0, Sum: 0, Workers: 4
[68.471s][debug][gc,phases      ] GC(65)     Total                          Min: 0, Avg:  0.0, Max: 0, Diff: 0, Sum: 0, Workers: 4
[68.471s][debug][gc,phases      ] GC(65)   Weak JFR Old Object Samples    Min:  0.0, Avg:  0.0, Max:  0.0, Diff:  0.0, Sum:  0.0, Workers: 4
[68.471s][debug][gc,phases      ] GC(65)     Dead                           Min: 0, Avg:  0.0, Max: 0, Diff: 0, Sum: 0, Workers: 4
[68.471s][debug][gc,phases      ] GC(65)     Total                          Min: 0, Avg:  0.0, Max: 0, Diff: 0, Sum: 0, Workers: 4
[68.471s][debug][gc,phases      ] GC(65) Weak Processing 0.811ms
[68.471s][debug][gc,age         ] GC(65) Desired survivor size 226492416 bytes, new threshold 15 (max threshold 15)
[68.471s][info ][gc,heap        ] GC(65) PSYoungGen: 1670256K(1873408K)->24272K(1875968K) Eden: 1649664K(1649664K)->0K(1652224K) From: 20592K(223744K)->24272K(223744K)
[68.471s][info ][gc,heap        ] GC(65) ParOldGen: 407940K(483328K)->407948K(483328K)
[68.471s][info ][gc,metaspace   ] GC(65) Metaspace: 79023K(79872K)->79023K(79872K) NonClass: 67778K(68224K)->67778K(68224K) Class: 11245K(11648K)->11245K(11648K)
[68.471s][info ][gc             ] GC(65) Pause Young (Allocation Failure) 2029M->422M(2304M) 45.442ms
[68.471s][info ][gc,cpu         ] GC(65) User=0.03s Sys=0.00s Real=0.04s
[68.471s][info ][safepoint      ] Safepoint "ParallelGCFailedAllocation", Time since last: 721176375 ns, Reaching safepoint: 19455428 ns, At safepoint: 45588003 ns, Total: 65043431 ns
[69.366s][info ][gc,start       ] GC(66) Pause Young (Allocation Failure)
[69.408s][debug][gc,phases      ] GC(66) Scavenge 41.955ms
[69.408s][debug][gc,ref         ] GC(66) Skipped phase 1 of Reference Processing: no references
[69.408s][debug][gc,ref         ] GC(66) ReferenceProcessor::execute queues: 1, RefProcThreadModel::Single, marks_oops_alive: false
[69.408s][debug][gc,ref         ] GC(66) Skipped phase 3 of Reference Processing: no references
[69.408s][debug][gc,ref         ] GC(66) ReferenceProcessor::execute queues: 1, RefProcThreadModel::Single, marks_oops_alive: false
[69.408s][debug][gc,phases      ] GC(66) Reference Processing 0.150ms
[69.409s][debug][gc,phases      ] GC(66)   VM Weak                        Min:  0.0, Avg:  0.0, Max:  0.0, Diff:  0.0, Sum:  0.0, Workers: 4
[69.409s][debug][gc,phases      ] GC(66)     Dead                           Min: 0, Avg:  0.0, Max: 0, Diff: 0, Sum: 0, Workers: 4
[69.409s][debug][gc,phases      ] GC(66)     Total                          Min: 0, Avg: 162.8, Max: 651, Diff: 651, Sum: 651, Workers: 4
[69.409s][debug][gc,phases      ] GC(66)   ObjectSynchronizer Weak        Min:  0.0, Avg:  0.0, Max:  0.0, Diff:  0.0, Sum:  0.0, Workers: 4
[69.409s][debug][gc,phases      ] GC(66)     Dead                           Min: 0, Avg:  0.0, Max: 0, Diff: 0, Sum: 0, Workers: 4
[69.409s][debug][gc,phases      ] GC(66)     Total                          Min: 0, Avg: 46.2, Max: 185, Diff: 185, Sum: 185, Workers: 4
[69.409s][debug][gc,phases      ] GC(66)   JVMTI Tag Weak OopStorage      Min:  0.0, Avg:  0.0, Max:  0.0, Diff:  0.0, Sum:  0.0, Workers: 4
[69.409s][debug][gc,phases      ] GC(66)     Dead                           Min: 0, Avg:  0.0, Max: 0, Diff: 0, Sum: 0, Workers: 4
[69.409s][debug][gc,phases      ] GC(66)     Total                          Min: 0, Avg:  0.0, Max: 0, Diff: 0, Sum: 0, Workers: 4
[69.409s][debug][gc,phases      ] GC(66)   StringTable Weak               Min:  0.0, Avg:  0.1, Max:  0.5, Diff:  0.5, Sum:  0.5, Workers: 4
[69.409s][debug][gc,phases      ] GC(66)     Dead                           Min: 0, Avg:  0.0, Max: 0, Diff: 0, Sum: 0, Workers: 4
[69.409s][debug][gc,phases      ] GC(66)     Total                          Min: 0, Avg: 11648.0, Max: 46592, Diff: 46592, Sum: 46592, Workers: 4
[69.409s][debug][gc,phases      ] GC(66)   ResolvedMethodTable Weak       Min:  0.0, Avg:  0.0, Max:  0.1, Diff:  0.1, Sum:  0.1, Workers: 4
[69.409s][debug][gc,phases      ] GC(66)     Dead                           Min: 0, Avg:  0.0, Max: 0, Diff: 0, Sum: 0, Workers: 4
[69.409s][debug][gc,phases      ] GC(66)     Total                          Min: 0, Avg: 1954.0, Max: 7816, Diff: 7816, Sum: 7816, Workers: 4
[69.409s][debug][gc,phases      ] GC(66)   JNI Weak                       Min:  0.0, Avg:  0.0, Max:  0.0, Diff:  0.0, Sum:  0.0, Workers: 4
[69.409s][debug][gc,phases      ] GC(66)     Dead                           Min: 0, Avg:  0.0, Max: 0, Diff: 0, Sum: 0, Workers: 4
[69.409s][debug][gc,phases      ] GC(66)     Total                          Min: 0, Avg:  3.5, Max: 14, Diff: 14, Sum: 14, Workers: 4
[69.409s][debug][gc,phases      ] GC(66)   StringDedup Table Weak         Min:  0.0, Avg:  0.0, Max:  0.0, Diff:  0.0, Sum:  0.0, Workers: 4
[69.409s][debug][gc,phases      ] GC(66)     Dead                           Min: 0, Avg:  0.0, Max: 0, Diff: 0, Sum: 0, Workers: 4
[69.409s][debug][gc,phases      ] GC(66)     Total                          Min: 0, Avg:  0.0, Max: 0, Diff: 0, Sum: 0, Workers: 4
[69.409s][debug][gc,phases      ] GC(66)   StringDedup Requests0 Weak     Min:  0.0, Avg:  0.0, Max:  0.0, Diff:  0.0, Sum:  0.0, Workers: 4
[69.409s][debug][gc,phases      ] GC(66)     Dead                           Min: 0, Avg:  0.0, Max: 0, Diff: 0, Sum: 0, Workers: 4
[69.409s][debug][gc,phases      ] GC(66)     Total                          Min: 0, Avg:  0.0, Max: 0, Diff: 0, Sum: 0, Workers: 4
[69.409s][debug][gc,phases      ] GC(66)   StringDedup Requests1 Weak     Min:  0.0, Avg:  0.0, Max:  0.0, Diff:  0.0, Sum:  0.0, Workers: 4
[69.409s][debug][gc,phases      ] GC(66)     Dead                           Min: 0, Avg:  0.0, Max: 0, Diff: 0, Sum: 0, Workers: 4
[69.409s][debug][gc,phases      ] GC(66)     Total                          Min: 0, Avg:  0.0, Max: 0, Diff: 0, Sum: 0, Workers: 4
[69.409s][debug][gc,phases      ] GC(66)   Weak JFR Old Object Samples    Min:  0.0, Avg:  0.0, Max:  0.0, Diff:  0.0, Sum:  0.0, Workers: 4
[69.409s][debug][gc,phases      ] GC(66)     Dead                           Min: 0, Avg:  0.0, Max: 0, Diff: 0, Sum: 0, Workers: 4
[69.409s][debug][gc,phases      ] GC(66)     Total                          Min: 0, Avg:  0.0, Max: 0, Diff: 0, Sum: 0, Workers: 4
[69.409s][debug][gc,phases      ] GC(66) Weak Processing 0.811ms
[69.409s][debug][gc,age         ] GC(66) Desired survivor size 221773824 bytes, new threshold 15 (max threshold 15)
[69.409s][info ][gc,heap        ] GC(66) PSYoungGen: 1676496K(1875968K)->27680K(1873408K) Eden: 1652224K(1652224K)->0K(1652224K) From: 24272K(223744K)->27680K(221184K)
[69.409s][info ][gc,heap        ] GC(66) ParOldGen: 407948K(483328K)->407956K(483328K)
[69.409s][info ][gc,metaspace   ] GC(66) Metaspace: 79067K(79872K)->79067K(79872K) NonClass: 67818K(68224K)->67818K(68224K) Class: 11249K(11648K)->11249K(11648K)
[69.409s][info ][gc             ] GC(66) Pause Young (Allocation Failure) 2035M->425M(2301M) 43.074ms
[69.409s][info ][gc,cpu         ] GC(66) User=0.05s Sys=0.00s Real=0.04s
[69.409s][info ][safepoint      ] Safepoint "ParallelGCFailedAllocation", Time since last: 887989837 ns, Reaching safepoint: 6507643 ns, At safepoint: 43214451 ns, Total: 49722094 ns
[70.382s][info ][gc,start       ] GC(67) Pause Young (Allocation Failure)
[70.414s][debug][gc,phases      ] GC(67) Scavenge 31.916ms
[70.414s][debug][gc,ref         ] GC(67) Skipped phase 1 of Reference Processing: no references
[70.414s][debug][gc,ref         ] GC(67) ReferenceProcessor::execute queues: 1, RefProcThreadModel::Single, marks_oops_alive: false
[70.414s][debug][gc,ref         ] GC(67) Skipped phase 3 of Reference Processing: no references
[70.414s][debug][gc,ref         ] GC(67) ReferenceProcessor::execute queues: 1, RefProcThreadModel::Single, marks_oops_alive: false
[70.414s][debug][gc,phases      ] GC(67) Reference Processing 0.245ms
[70.415s][debug][gc,phases      ] GC(67)   VM Weak                        Min:  0.0, Avg:  0.0, Max:  0.0, Diff:  0.0, Sum:  0.0, Workers: 4
[70.415s][debug][gc,phases      ] GC(67)     Dead                           Min: 0, Avg:  0.0, Max: 0, Diff: 0, Sum: 0, Workers: 4
[70.415s][debug][gc,phases      ] GC(67)     Total                          Min: 0, Avg: 163.8, Max: 655, Diff: 655, Sum: 655, Workers: 4
[70.415s][debug][gc,phases      ] GC(67)   ObjectSynchronizer Weak        Min:  0.0, Avg:  0.0, Max:  0.0, Diff:  0.0, Sum:  0.0, Workers: 4
[70.415s][debug][gc,phases      ] GC(67)     Dead                           Min: 0, Avg:  0.0, Max: 0, Diff: 0, Sum: 0, Workers: 4
[70.415s][debug][gc,phases      ] GC(67)     Total                          Min: 0, Avg: 46.2, Max: 185, Diff: 185, Sum: 185, Workers: 4
[70.415s][debug][gc,phases      ] GC(67)   JVMTI Tag Weak OopStorage      Min:  0.0, Avg:  0.0, Max:  0.0, Diff:  0.0, Sum:  0.0, Workers: 4
[70.415s][debug][gc,phases      ] GC(67)     Dead                           Min: 0, Avg:  0.0, Max: 0, Diff: 0, Sum: 0, Workers: 4
[70.415s][debug][gc,phases      ] GC(67)     Total                          Min: 0, Avg:  0.0, Max: 0, Diff: 0, Sum: 0, Workers: 4
[70.415s][debug][gc,phases      ] GC(67)   StringTable Weak               Min:  0.0, Avg:  0.2, Max:  0.6, Diff:  0.6, Sum:  0.6, Workers: 4
[70.415s][debug][gc,phases      ] GC(67)     Dead                           Min: 0, Avg:  0.0, Max: 0, Diff: 0, Sum: 0, Workers: 4
[70.415s][debug][gc,phases      ] GC(67)     Total                          Min: 0, Avg: 11651.0, Max: 46604, Diff: 46604, Sum: 46604, Workers: 4
[70.415s][debug][gc,phases      ] GC(67)   ResolvedMethodTable Weak       Min:  0.0, Avg:  0.0, Max:  0.1, Diff:  0.1, Sum:  0.1, Workers: 4
[70.415s][debug][gc,phases      ] GC(67)     Dead                           Min: 0, Avg:  0.0, Max: 0, Diff: 0, Sum: 0, Workers: 4
[70.415s][debug][gc,phases      ] GC(67)     Total                          Min: 0, Avg: 1957.8, Max: 7831, Diff: 7831, Sum: 7831, Workers: 4
[70.415s][debug][gc,phases      ] GC(67)   JNI Weak                       Min:  0.0, Avg:  0.0, Max:  0.0, Diff:  0.0, Sum:  0.0, Workers: 4
[70.415s][debug][gc,phases      ] GC(67)     Dead                           Min: 0, Avg:  0.0, Max: 0, Diff: 0, Sum: 0, Workers: 4
[70.415s][debug][gc,phases      ] GC(67)     Total                          Min: 0, Avg:  8.0, Max: 32, Diff: 32, Sum: 32, Workers: 4
[70.415s][debug][gc,phases      ] GC(67)   StringDedup Table Weak         Min:  0.0, Avg:  0.0, Max:  0.0, Diff:  0.0, Sum:  0.0, Workers: 4
[70.415s][debug][gc,phases      ] GC(67)     Dead                           Min: 0, Avg:  0.0, Max: 0, Diff: 0, Sum: 0, Workers: 4
[70.415s][debug][gc,phases      ] GC(67)     Total                          Min: 0, Avg:  0.0, Max: 0, Diff: 0, Sum: 0, Workers: 4
[70.415s][debug][gc,phases      ] GC(67)   StringDedup Requests0 Weak     Min:  0.0, Avg:  0.0, Max:  0.0, Diff:  0.0, Sum:  0.0, Workers: 4
[70.415s][debug][gc,phases      ] GC(67)     Dead                           Min: 0, Avg:  0.0, Max: 0, Diff: 0, Sum: 0, Workers: 4
[70.415s][debug][gc,phases      ] GC(67)     Total                          Min: 0, Avg:  0.0, Max: 0, Diff: 0, Sum: 0, Workers: 4
[70.415s][debug][gc,phases      ] GC(67)   StringDedup Requests1 Weak     Min:  0.0, Avg:  0.0, Max:  0.0, Diff:  0.0, Sum:  0.0, Workers: 4
[70.415s][debug][gc,phases      ] GC(67)     Dead                           Min: 0, Avg:  0.0, Max: 0, Diff: 0, Sum: 0, Workers: 4
[70.415s][debug][gc,phases      ] GC(67)     Total                          Min: 0, Avg:  0.0, Max: 0, Diff: 0, Sum: 0, Workers: 4
[70.415s][debug][gc,phases      ] GC(67)   Weak JFR Old Object Samples    Min:  0.0, Avg:  0.0, Max:  0.0, Diff:  0.0, Sum:  0.0, Workers: 4
[70.415s][debug][gc,phases      ] GC(67)     Dead                           Min: 0, Avg:  0.0, Max: 0, Diff: 0, Sum: 0, Workers: 4
[70.415s][debug][gc,phases      ] GC(67)     Total                          Min: 0, Avg:  0.0, Max: 0, Diff: 0, Sum: 0, Workers: 4
[70.415s][debug][gc,phases      ] GC(67) Weak Processing 1.005ms
[70.415s][debug][gc,age         ] GC(67) Desired survivor size 214958080 bytes, new threshold 15 (max threshold 15)
[70.415s][info ][gc,heap        ] GC(67) PSYoungGen: 1679904K(1873408K)->34352K(1887232K) Eden: 1652224K(1652224K)->0K(1670656K) From: 27680K(221184K)->34352K(216576K)
[70.415s][info ][gc,heap        ] GC(67) ParOldGen: 407956K(483328K)->407964K(483328K)
[70.415s][info ][gc,metaspace   ] GC(67) Metaspace: 79131K(79936K)->79131K(79936K) NonClass: 67876K(68288K)->67876K(68288K) Class: 11255K(11648K)->11255K(11648K)
[70.415s][info ][gc             ] GC(67) Pause Young (Allocation Failure) 2038M->431M(2315M) 33.397ms
[70.415s][info ][gc,cpu         ] GC(67) User=0.06s Sys=0.00s Real=0.04s
[70.415s][info ][safepoint      ] Safepoint "ParallelGCFailedAllocation", Time since last: 952867751 ns, Reaching safepoint: 19725934 ns, At safepoint: 33584938 ns, Total: 53310872 ns
[71.446s][info ][safepoint      ] Safepoint "Cleanup", Time since last: 1014857500 ns, Reaching safepoint: 15695745 ns, At safepoint: 44701 ns, Total: 15740446 ns
[71.526s][info ][gc,start       ] GC(68) Pause Young (Allocation Failure)
[71.566s][debug][gc,phases      ] GC(68) Scavenge 39.881ms
[71.566s][debug][gc,ref         ] GC(68) Skipped phase 1 of Reference Processing: no references
[71.566s][debug][gc,ref         ] GC(68) ReferenceProcessor::execute queues: 1, RefProcThreadModel::Single, marks_oops_alive: false
[71.566s][debug][gc,ref         ] GC(68) Skipped phase 3 of Reference Processing: no references
[71.566s][debug][gc,ref         ] GC(68) ReferenceProcessor::execute queues: 1, RefProcThreadModel::Single, marks_oops_alive: false
[71.566s][debug][gc,phases      ] GC(68) Reference Processing 0.163ms
[71.567s][debug][gc,phases      ] GC(68)   VM Weak                        Min:  0.0, Avg:  0.0, Max:  0.0, Diff:  0.0, Sum:  0.0, Workers: 4
[71.567s][debug][gc,phases      ] GC(68)     Dead                           Min: 0, Avg:  0.0, Max: 0, Diff: 0, Sum: 0, Workers: 4
[71.567s][debug][gc,phases      ] GC(68)     Total                          Min: 0, Avg: 163.8, Max: 655, Diff: 655, Sum: 655, Workers: 4
[71.567s][debug][gc,phases      ] GC(68)   ObjectSynchronizer Weak        Min:  0.0, Avg:  0.0, Max:  0.0, Diff:  0.0, Sum:  0.0, Workers: 4
[71.567s][debug][gc,phases      ] GC(68)     Dead                           Min: 0, Avg:  0.0, Max: 0, Diff: 0, Sum: 0, Workers: 4
[71.567s][debug][gc,phases      ] GC(68)     Total                          Min: 0, Avg: 46.2, Max: 185, Diff: 185, Sum: 185, Workers: 4
[71.567s][debug][gc,phases      ] GC(68)   JVMTI Tag Weak OopStorage      Min:  0.0, Avg:  0.0, Max:  0.0, Diff:  0.0, Sum:  0.0, Workers: 4
[71.567s][debug][gc,phases      ] GC(68)     Dead                           Min: 0, Avg:  0.0, Max: 0, Diff: 0, Sum: 0, Workers: 4
[71.567s][debug][gc,phases      ] GC(68)     Total                          Min: 0, Avg:  0.0, Max: 0, Diff: 0, Sum: 0, Workers: 4
[71.567s][debug][gc,phases      ] GC(68)   StringTable Weak               Min:  0.0, Avg:  0.1, Max:  0.5, Diff:  0.5, Sum:  0.5, Workers: 4
[71.567s][debug][gc,phases      ] GC(68)     Dead                           Min: 0, Avg:  0.0, Max: 0, Diff: 0, Sum: 0, Workers: 4
[71.567s][debug][gc,phases      ] GC(68)     Total                          Min: 0, Avg: 11668.0, Max: 46672, Diff: 46672, Sum: 46672, Workers: 4
[71.567s][debug][gc,phases      ] GC(68)   ResolvedMethodTable Weak       Min:  0.0, Avg:  0.0, Max:  0.1, Diff:  0.1, Sum:  0.1, Workers: 4
[71.567s][debug][gc,phases      ] GC(68)     Dead                           Min: 0, Avg:  0.0, Max: 0, Diff: 0, Sum: 0, Workers: 4
[71.567s][debug][gc,phases      ] GC(68)     Total                          Min: 0, Avg: 1957.8, Max: 7831, Diff: 7831, Sum: 7831, Workers: 4
[71.567s][debug][gc,phases      ] GC(68)   JNI Weak                       Min:  0.0, Avg:  0.0, Max:  0.0, Diff:  0.0, Sum:  0.0, Workers: 4
[71.567s][debug][gc,phases      ] GC(68)     Dead                           Min: 0, Avg:  0.0, Max: 0, Diff: 0, Sum: 0, Workers: 4
[71.567s][debug][gc,phases      ] GC(68)     Total                          Min: 0, Avg:  1.5, Max: 6, Diff: 6, Sum: 6, Workers: 4
[71.567s][debug][gc,phases      ] GC(68)   StringDedup Table Weak         Min:  0.0, Avg:  0.0, Max:  0.0, Diff:  0.0, Sum:  0.0, Workers: 4
[71.567s][debug][gc,phases      ] GC(68)     Dead                           Min: 0, Avg:  0.0, Max: 0, Diff: 0, Sum: 0, Workers: 4
[71.567s][debug][gc,phases      ] GC(68)     Total                          Min: 0, Avg:  0.0, Max: 0, Diff: 0, Sum: 0, Workers: 4
[71.567s][debug][gc,phases      ] GC(68)   StringDedup Requests0 Weak     Min:  0.0, Avg:  0.0, Max:  0.0, Diff:  0.0, Sum:  0.0, Workers: 4
[71.567s][debug][gc,phases      ] GC(68)     Dead                           Min: 0, Avg:  0.0, Max: 0, Diff: 0, Sum: 0, Workers: 4
[71.567s][debug][gc,phases      ] GC(68)     Total                          Min: 0, Avg:  0.0, Max: 0, Diff: 0, Sum: 0, Workers: 4
[71.567s][debug][gc,phases      ] GC(68)   StringDedup Requests1 Weak     Min:  0.0, Avg:  0.0, Max:  0.0, Diff:  0.0, Sum:  0.0, Workers: 4
[71.567s][debug][gc,phases      ] GC(68)     Dead                           Min: 0, Avg:  0.0, Max: 0, Diff: 0, Sum: 0, Workers: 4
[71.567s][debug][gc,phases      ] GC(68)     Total                          Min: 0, Avg:  0.0, Max: 0, Diff: 0, Sum: 0, Workers: 4
[71.567s][debug][gc,phases      ] GC(68)   Weak JFR Old Object Samples    Min:  0.0, Avg:  0.0, Max:  0.0, Diff:  0.0, Sum:  0.0, Workers: 4
[71.567s][debug][gc,phases      ] GC(68)     Dead                           Min: 0, Avg:  0.0, Max: 0, Diff: 0, Sum: 0, Workers: 4
[71.567s][debug][gc,phases      ] GC(68)     Total                          Min: 0, Avg:  0.0, Max: 0, Diff: 0, Sum: 0, Workers: 4
[71.567s][debug][gc,phases      ] GC(68) Weak Processing 0.901ms
[71.567s][debug][gc,age         ] GC(68) Desired survivor size 206569472 bytes, new threshold 15 (max threshold 15)
[71.567s][info ][gc,heap        ] GC(68) PSYoungGen: 1705008K(1887232K)->40080K(1880576K) Eden: 1670656K(1670656K)->0K(1670656K) From: 34352K(216576K)->40080K(209920K)
[71.567s][info ][gc,heap        ] GC(68) ParOldGen: 407964K(483328K)->407964K(483328K)
[71.567s][info ][gc,metaspace   ] GC(68) Metaspace: 79176K(80000K)->79176K(80000K) NonClass: 67919K(68352K)->67919K(68352K) Class: 11256K(11648K)->11256K(11648K)
[71.567s][info ][gc             ] GC(68) Pause Young (Allocation Failure) 2063M->437M(2308M) 41.144ms
[71.567s][info ][gc,cpu         ] GC(68) User=0.06s Sys=0.00s Real=0.04s
[71.567s][info ][safepoint      ] Safepoint "ParallelGCFailedAllocation", Time since last: 63845302 ns, Reaching safepoint: 15981551 ns, At safepoint: 41293007 ns, Total: 57274558 ns
[72.370s][info ][gc,start       ] GC(69) Pause Young (Allocation Failure)
[72.414s][debug][gc,phases      ] GC(69) Scavenge 43.904ms
[72.414s][debug][gc,ref         ] GC(69) Skipped phase 1 of Reference Processing: no references
[72.414s][debug][gc,ref         ] GC(69) ReferenceProcessor::execute queues: 1, RefProcThreadModel::Single, marks_oops_alive: false
[72.414s][debug][gc,ref         ] GC(69) Skipped phase 3 of Reference Processing: no references
[72.414s][debug][gc,ref         ] GC(69) ReferenceProcessor::execute queues: 1, RefProcThreadModel::Single, marks_oops_alive: false
[72.414s][debug][gc,phases      ] GC(69) Reference Processing 0.149ms
[72.422s][debug][gc,phases      ] GC(69)   VM Weak                        Min:  0.0, Avg:  0.0, Max:  0.0, Diff:  0.0, Sum:  0.0, Workers: 4
[72.422s][debug][gc,phases      ] GC(69)     Dead                           Min: 0, Avg:  0.0, Max: 0, Diff: 0, Sum: 0, Workers: 4
[72.422s][debug][gc,phases      ] GC(69)     Total                          Min: 0, Avg: 163.8, Max: 655, Diff: 655, Sum: 655, Workers: 4
[72.422s][debug][gc,phases      ] GC(69)   ObjectSynchronizer Weak        Min:  0.0, Avg:  0.0, Max:  0.0, Diff:  0.0, Sum:  0.0, Workers: 4
[72.422s][debug][gc,phases      ] GC(69)     Dead                           Min: 0, Avg:  0.0, Max: 0, Diff: 0, Sum: 0, Workers: 4
[72.422s][debug][gc,phases      ] GC(69)     Total                          Min: 0, Avg: 46.2, Max: 185, Diff: 185, Sum: 185, Workers: 4
[72.422s][debug][gc,phases      ] GC(69)   JVMTI Tag Weak OopStorage      Min:  0.0, Avg:  0.0, Max:  0.0, Diff:  0.0, Sum:  0.0, Workers: 4
[72.422s][debug][gc,phases      ] GC(69)     Dead                           Min: 0, Avg:  0.0, Max: 0, Diff: 0, Sum: 0, Workers: 4
[72.422s][debug][gc,phases      ] GC(69)     Total                          Min: 0, Avg:  0.0, Max: 0, Diff: 0, Sum: 0, Workers: 4
[72.422s][debug][gc,phases      ] GC(69)   StringTable Weak               Min:  0.0, Avg:  0.1, Max:  0.3, Diff:  0.3, Sum:  0.6, Workers: 4
[72.422s][debug][gc,phases      ] GC(69)     Dead                           Min: 0, Avg:  0.0, Max: 0, Diff: 0, Sum: 0, Workers: 4
[72.422s][debug][gc,phases      ] GC(69)     Total                          Min: 0, Avg: 11669.2, Max: 26368, Diff: 26368, Sum: 46677, Workers: 4
[72.422s][debug][gc,phases      ] GC(69)   ResolvedMethodTable Weak       Min:  0.0, Avg:  0.0, Max:  0.1, Diff:  0.1, Sum:  0.1, Workers: 4
[72.422s][debug][gc,phases      ] GC(69)     Dead                           Min: 0, Avg:  0.0, Max: 0, Diff: 0, Sum: 0, Workers: 4
[72.422s][debug][gc,phases      ] GC(69)     Total                          Min: 0, Avg: 1958.2, Max: 3967, Diff: 3967, Sum: 7833, Workers: 4
[72.422s][debug][gc,phases      ] GC(69)   JNI Weak                       Min:  0.0, Avg:  0.0, Max:  0.0, Diff:  0.0, Sum:  0.0, Workers: 4
[72.422s][debug][gc,phases      ] GC(69)     Dead                           Min: 0, Avg:  0.0, Max: 0, Diff: 0, Sum: 0, Workers: 4
[72.422s][debug][gc,phases      ] GC(69)     Total                          Min: 0, Avg:  2.2, Max: 9, Diff: 9, Sum: 9, Workers: 4
[72.422s][debug][gc,phases      ] GC(69)   StringDedup Table Weak         Min:  0.0, Avg:  0.0, Max:  0.0, Diff:  0.0, Sum:  0.0, Workers: 4
[72.422s][debug][gc,phases      ] GC(69)     Dead                           Min: 0, Avg:  0.0, Max: 0, Diff: 0, Sum: 0, Workers: 4
[72.422s][debug][gc,phases      ] GC(69)     Total                          Min: 0, Avg:  0.0, Max: 0, Diff: 0, Sum: 0, Workers: 4
[72.422s][debug][gc,phases      ] GC(69)   StringDedup Requests0 Weak     Min:  0.0, Avg:  0.0, Max:  0.0, Diff:  0.0, Sum:  0.0, Workers: 4
[72.422s][debug][gc,phases      ] GC(69)     Dead                           Min: 0, Avg:  0.0, Max: 0, Diff: 0, Sum: 0, Workers: 4
[72.422s][debug][gc,phases      ] GC(69)     Total                          Min: 0, Avg:  0.0, Max: 0, Diff: 0, Sum: 0, Workers: 4
[72.422s][debug][gc,phases      ] GC(69)   StringDedup Requests1 Weak     Min:  0.0, Avg:  0.0, Max:  0.0, Diff:  0.0, Sum:  0.0, Workers: 4
[72.422s][debug][gc,phases      ] GC(69)     Dead                           Min: 0, Avg:  0.0, Max: 0, Diff: 0, Sum: 0, Workers: 4
[72.422s][debug][gc,phases      ] GC(69)     Total                          Min: 0, Avg:  0.0, Max: 0, Diff: 0, Sum: 0, Workers: 4
[72.422s][debug][gc,phases      ] GC(69)   Weak JFR Old Object Samples    Min:  0.0, Avg:  0.0, Max:  0.0, Diff:  0.0, Sum:  0.0, Workers: 4
[72.422s][debug][gc,phases      ] GC(69)     Dead                           Min: 0, Avg:  0.0, Max: 0, Diff: 0, Sum: 0, Workers: 4
[72.422s][debug][gc,phases      ] GC(69)     Total                          Min: 0, Avg:  0.0, Max: 0, Diff: 0, Sum: 0, Workers: 4
[72.422s][debug][gc,phases      ] GC(69) Weak Processing 8.018ms
[72.422s][debug][gc,age         ] GC(69) Desired survivor size 197656576 bytes, new threshold 15 (max threshold 15)
[72.422s][info ][gc,heap        ] GC(69) PSYoungGen: 1710736K(1880576K)->41824K(1904128K) Eden: 1670656K(1670656K)->0K(1702400K) From: 40080K(209920K)->41824K(201728K)
[72.422s][info ][gc,heap        ] GC(69) ParOldGen: 407964K(483328K)->407972K(483328K)
[72.422s][info ][gc,metaspace   ] GC(69) Metaspace: 79187K(80064K)->79187K(80064K) NonClass: 67930K(68416K)->67930K(68416K) Class: 11257K(11648K)->11257K(11648K)
[72.422s][info ][gc             ] GC(69) Pause Young (Allocation Failure) 2069M->439M(2331M) 52.250ms
[72.422s][info ][gc,cpu         ] GC(69) User=0.06s Sys=0.00s Real=0.05s
[72.422s][info ][safepoint      ] Safepoint "ParallelGCFailedAllocation", Time since last: 781084253 ns, Reaching safepoint: 21605174 ns, At safepoint: 52393750 ns, Total: 73998924 ns
[73.442s][info ][safepoint      ] Safepoint "Cleanup", Time since last: 1003618326 ns, Reaching safepoint: 15991151 ns, At safepoint: 38501 ns, Total: 16029652 ns
[73.594s][info ][gc,start       ] GC(70) Pause Young (Allocation Failure)
[73.638s][debug][gc,phases      ] GC(70) Scavenge 43.176ms
[73.638s][debug][gc,ref         ] GC(70) Skipped phase 1 of Reference Processing: no references
[73.638s][debug][gc,ref         ] GC(70) ReferenceProcessor::execute queues: 1, RefProcThreadModel::Single, marks_oops_alive: false
[73.638s][debug][gc,ref         ] GC(70) Skipped phase 3 of Reference Processing: no references
[73.638s][debug][gc,ref         ] GC(70) ReferenceProcessor::execute queues: 1, RefProcThreadModel::Single, marks_oops_alive: false
[73.638s][debug][gc,phases      ] GC(70) Reference Processing 0.168ms
[73.639s][debug][gc,phases      ] GC(70)   VM Weak                        Min:  0.0, Avg:  0.0, Max:  0.0, Diff:  0.0, Sum:  0.0, Workers: 4
[73.639s][debug][gc,phases      ] GC(70)     Dead                           Min: 0, Avg:  0.0, Max: 0, Diff: 0, Sum: 0, Workers: 4
[73.639s][debug][gc,phases      ] GC(70)     Total                          Min: 0, Avg: 164.0, Max: 656, Diff: 656, Sum: 656, Workers: 4
[73.639s][debug][gc,phases      ] GC(70)   ObjectSynchronizer Weak        Min:  0.0, Avg:  0.0, Max:  0.0, Diff:  0.0, Sum:  0.0, Workers: 4
[73.639s][debug][gc,phases      ] GC(70)     Dead                           Min: 0, Avg:  0.0, Max: 0, Diff: 0, Sum: 0, Workers: 4
[73.639s][debug][gc,phases      ] GC(70)     Total                          Min: 0, Avg: 46.2, Max: 185, Diff: 185, Sum: 185, Workers: 4
[73.639s][debug][gc,phases      ] GC(70)   JVMTI Tag Weak OopStorage      Min:  0.0, Avg:  0.0, Max:  0.0, Diff:  0.0, Sum:  0.0, Workers: 4
[73.639s][debug][gc,phases      ] GC(70)     Dead                           Min: 0, Avg:  0.0, Max: 0, Diff: 0, Sum: 0, Workers: 4
[73.639s][debug][gc,phases      ] GC(70)     Total                          Min: 0, Avg:  0.0, Max: 0, Diff: 0, Sum: 0, Workers: 4
[73.639s][debug][gc,phases      ] GC(70)   StringTable Weak               Min:  0.0, Avg:  0.1, Max:  0.5, Diff:  0.5, Sum:  0.5, Workers: 4
[73.639s][debug][gc,phases      ] GC(70)     Dead                           Min: 0, Avg:  0.0, Max: 0, Diff: 0, Sum: 0, Workers: 4
[73.639s][debug][gc,phases      ] GC(70)     Total                          Min: 0, Avg: 11675.0, Max: 46700, Diff: 46700, Sum: 46700, Workers: 4
[73.639s][debug][gc,phases      ] GC(70)   ResolvedMethodTable Weak       Min:  0.0, Avg:  0.0, Max:  0.1, Diff:  0.1, Sum:  0.1, Workers: 4
[73.639s][debug][gc,phases      ] GC(70)     Dead                           Min: 0, Avg:  0.0, Max: 0, Diff: 0, Sum: 0, Workers: 4
[73.639s][debug][gc,phases      ] GC(70)     Total                          Min: 0, Avg: 1960.0, Max: 7840, Diff: 7840, Sum: 7840, Workers: 4
[73.639s][debug][gc,phases      ] GC(70)   JNI Weak                       Min:  0.0, Avg:  0.0, Max:  0.0, Diff:  0.0, Sum:  0.0, Workers: 4
[73.639s][debug][gc,phases      ] GC(70)     Dead                           Min: 0, Avg:  0.0, Max: 0, Diff: 0, Sum: 0, Workers: 4
[73.639s][debug][gc,phases      ] GC(70)     Total                          Min: 0, Avg:  1.0, Max: 4, Diff: 4, Sum: 4, Workers: 4
[73.639s][debug][gc,phases      ] GC(70)   StringDedup Table Weak         Min:  0.0, Avg:  0.0, Max:  0.0, Diff:  0.0, Sum:  0.0, Workers: 4
[73.639s][debug][gc,phases      ] GC(70)     Dead                           Min: 0, Avg:  0.0, Max: 0, Diff: 0, Sum: 0, Workers: 4
[73.639s][debug][gc,phases      ] GC(70)     Total                          Min: 0, Avg:  0.0, Max: 0, Diff: 0, Sum: 0, Workers: 4
[73.639s][debug][gc,phases      ] GC(70)   StringDedup Requests0 Weak     Min:  0.0, Avg:  0.0, Max:  0.0, Diff:  0.0, Sum:  0.0, Workers: 4
[73.639s][debug][gc,phases      ] GC(70)     Dead                           Min: 0, Avg:  0.0, Max: 0, Diff: 0, Sum: 0, Workers: 4
[73.639s][debug][gc,phases      ] GC(70)     Total                          Min: 0, Avg:  0.0, Max: 0, Diff: 0, Sum: 0, Workers: 4
[73.639s][debug][gc,phases      ] GC(70)   StringDedup Requests1 Weak     Min:  0.0, Avg:  0.0, Max:  0.0, Diff:  0.0, Sum:  0.0, Workers: 4
[73.639s][debug][gc,phases      ] GC(70)     Dead                           Min: 0, Avg:  0.0, Max: 0, Diff: 0, Sum: 0, Workers: 4
[73.639s][debug][gc,phases      ] GC(70)     Total                          Min: 0, Avg:  0.0, Max: 0, Diff: 0, Sum: 0, Workers: 4
[73.639s][debug][gc,phases      ] GC(70)   Weak JFR Old Object Samples    Min:  0.0, Avg:  0.0, Max:  0.0, Diff:  0.0, Sum:  0.0, Workers: 4
[73.639s][debug][gc,phases      ] GC(70)     Dead                           Min: 0, Avg:  0.0, Max: 0, Diff: 0, Sum: 0, Workers: 4
[73.639s][debug][gc,phases      ] GC(70)     Total                          Min: 0, Avg:  0.0, Max: 0, Diff: 0, Sum: 0, Workers: 4
[73.639s][debug][gc,phases      ] GC(70) Weak Processing 0.905ms
[73.639s][debug][gc,age         ] GC(70) Desired survivor size 188743680 bytes, new threshold 15 (max threshold 15)
[73.639s][info ][gc,heap        ] GC(70) PSYoungGen: 1744224K(1904128K)->41840K(1895424K) Eden: 1702400K(1702400K)->0K(1702400K) From: 41824K(201728K)->41840K(193024K)
[73.639s][info ][gc,heap        ] GC(70) ParOldGen: 407972K(483328K)->407980K(483328K)
[73.639s][info ][gc,metaspace   ] GC(70) Metaspace: 79383K(80256K)->79383K(80256K) NonClass: 68122K(68608K)->68122K(68608K) Class: 11260K(11648K)->11260K(11648K)
[73.639s][info ][gc             ] GC(70) Pause Young (Allocation Failure) 2101M->439M(2323M) 44.450ms
[73.639s][info ][gc,cpu         ] GC(70) User=0.05s Sys=0.00s Real=0.04s
[73.639s][info ][safepoint      ] Safepoint "ParallelGCFailedAllocation", Time since last: 136742100 ns, Reaching safepoint: 15870248 ns, At safepoint: 44636280 ns, Total: 60506528 ns
[74.614s][info ][gc,start       ] GC(71) Pause Young (Allocation Failure)
[74.662s][debug][gc,phases      ] GC(71) Scavenge 47.912ms
[74.662s][debug][gc,ref         ] GC(71) Skipped phase 1 of Reference Processing: no references
[74.662s][debug][gc,ref         ] GC(71) ReferenceProcessor::execute queues: 1, RefProcThreadModel::Single, marks_oops_alive: false
[74.662s][debug][gc,ref         ] GC(71) Skipped phase 3 of Reference Processing: no references
[74.662s][debug][gc,ref         ] GC(71) ReferenceProcessor::execute queues: 1, RefProcThreadModel::Single, marks_oops_alive: false
[74.662s][debug][gc,phases      ] GC(71) Reference Processing 0.140ms
[74.663s][debug][gc,phases      ] GC(71)   VM Weak                        Min:  0.0, Avg:  0.0, Max:  0.0, Diff:  0.0, Sum:  0.0, Workers: 4
[74.663s][debug][gc,phases      ] GC(71)     Dead                           Min: 0, Avg:  0.0, Max: 0, Diff: 0, Sum: 0, Workers: 4
[74.663s][debug][gc,phases      ] GC(71)     Total                          Min: 0, Avg: 164.0, Max: 656, Diff: 656, Sum: 656, Workers: 4
[74.663s][debug][gc,phases      ] GC(71)   ObjectSynchronizer Weak        Min:  0.0, Avg:  0.0, Max:  0.0, Diff:  0.0, Sum:  0.0, Workers: 4
[74.663s][debug][gc,phases      ] GC(71)     Dead                           Min: 0, Avg:  0.0, Max: 0, Diff: 0, Sum: 0, Workers: 4
[74.663s][debug][gc,phases      ] GC(71)     Total                          Min: 0, Avg: 46.2, Max: 185, Diff: 185, Sum: 185, Workers: 4
[74.663s][debug][gc,phases      ] GC(71)   JVMTI Tag Weak OopStorage      Min:  0.0, Avg:  0.0, Max:  0.0, Diff:  0.0, Sum:  0.0, Workers: 4
[74.663s][debug][gc,phases      ] GC(71)     Dead                           Min: 0, Avg:  0.0, Max: 0, Diff: 0, Sum: 0, Workers: 4
[74.663s][debug][gc,phases      ] GC(71)     Total                          Min: 0, Avg:  0.0, Max: 0, Diff: 0, Sum: 0, Workers: 4
[74.663s][debug][gc,phases      ] GC(71)   StringTable Weak               Min:  0.0, Avg:  0.1, Max:  0.4, Diff:  0.4, Sum:  0.4, Workers: 4
[74.663s][debug][gc,phases      ] GC(71)     Dead                           Min: 0, Avg:  0.0, Max: 0, Diff: 0, Sum: 0, Workers: 4
[74.663s][debug][gc,phases      ] GC(71)     Total                          Min: 0, Avg: 11675.2, Max: 46701, Diff: 46701, Sum: 46701, Workers: 4
[74.663s][debug][gc,phases      ] GC(71)   ResolvedMethodTable Weak       Min:  0.0, Avg:  0.0, Max:  0.1, Diff:  0.1, Sum:  0.1, Workers: 4
[74.663s][debug][gc,phases      ] GC(71)     Dead                           Min: 0, Avg:  0.0, Max: 0, Diff: 0, Sum: 0, Workers: 4
[74.663s][debug][gc,phases      ] GC(71)     Total                          Min: 0, Avg: 1960.0, Max: 7840, Diff: 7840, Sum: 7840, Workers: 4
[74.663s][debug][gc,phases      ] GC(71)   JNI Weak                       Min:  0.0, Avg:  0.0, Max:  0.0, Diff:  0.0, Sum:  0.0, Workers: 4
[74.663s][debug][gc,phases      ] GC(71)     Dead                           Min: 0, Avg:  0.0, Max: 0, Diff: 0, Sum: 0, Workers: 4
[74.663s][debug][gc,phases      ] GC(71)     Total                          Min: 0, Avg:  1.0, Max: 4, Diff: 4, Sum: 4, Workers: 4
[74.663s][debug][gc,phases      ] GC(71)   StringDedup Table Weak         Min:  0.0, Avg:  0.0, Max:  0.0, Diff:  0.0, Sum:  0.0, Workers: 4
[74.663s][debug][gc,phases      ] GC(71)     Dead                           Min: 0, Avg:  0.0, Max: 0, Diff: 0, Sum: 0, Workers: 4
[74.663s][debug][gc,phases      ] GC(71)     Total                          Min: 0, Avg:  0.0, Max: 0, Diff: 0, Sum: 0, Workers: 4
[74.663s][debug][gc,phases      ] GC(71)   StringDedup Requests0 Weak     Min:  0.0, Avg:  0.0, Max:  0.0, Diff:  0.0, Sum:  0.0, Workers: 4
[74.663s][debug][gc,phases      ] GC(71)     Dead                           Min: 0, Avg:  0.0, Max: 0, Diff: 0, Sum: 0, Workers: 4
[74.663s][debug][gc,phases      ] GC(71)     Total                          Min: 0, Avg:  0.0, Max: 0, Diff: 0, Sum: 0, Workers: 4
[74.663s][debug][gc,phases      ] GC(71)   StringDedup Requests1 Weak     Min:  0.0, Avg:  0.0, Max:  0.0, Diff:  0.0, Sum:  0.0, Workers: 4
[74.663s][debug][gc,phases      ] GC(71)     Dead                           Min: 0, Avg:  0.0, Max: 0, Diff: 0, Sum: 0, Workers: 4
[74.663s][debug][gc,phases      ] GC(71)     Total                          Min: 0, Avg:  0.0, Max: 0, Diff: 0, Sum: 0, Workers: 4
[74.663s][debug][gc,phases      ] GC(71)   Weak JFR Old Object Samples    Min:  0.0, Avg:  0.0, Max:  0.0, Diff:  0.0, Sum:  0.0, Workers: 4
[74.663s][debug][gc,phases      ] GC(71)     Dead                           Min: 0, Avg:  0.0, Max: 0, Diff: 0, Sum: 0, Workers: 4
[74.663s][debug][gc,phases      ] GC(71)     Total                          Min: 0, Avg:  0.0, Max: 0, Diff: 0, Sum: 0, Workers: 4
[74.663s][debug][gc,phases      ] GC(71) Weak Processing 0.780ms
[74.663s][debug][gc,age         ] GC(71) Desired survivor size 180355072 bytes, new threshold 15 (max threshold 15)
[74.663s][info ][gc,heap        ] GC(71) PSYoungGen: 1744240K(1895424K)->42304K(1921024K) Eden: 1702400K(1702400K)->0K(1736704K) From: 41840K(193024K)->42304K(184320K)
[74.663s][info ][gc,heap        ] GC(71) ParOldGen: 407980K(483328K)->407988K(483328K)
[74.663s][info ][gc,metaspace   ] GC(71) Metaspace: 79404K(80256K)->79404K(80256K) NonClass: 68143K(68608K)->68143K(68608K) Class: 11260K(11648K)->11260K(11648K)
[74.663s][info ][gc             ] GC(71) Pause Young (Allocation Failure) 2101M->439M(2348M) 48.990ms
[74.663s][info ][gc,cpu         ] GC(71) User=0.05s Sys=0.00s Real=0.04s
[74.663s][info ][safepoint      ] Safepoint "ParallelGCFailedAllocation", Time since last: 953645214 ns, Reaching safepoint: 21063561 ns, At safepoint: 49130678 ns, Total: 70194239 ns
[75.670s][info ][safepoint      ] Safepoint "Cleanup", Time since last: 1000090518 ns, Reaching safepoint: 6875551 ns, At safepoint: 36001 ns, Total: 6911552 ns
[75.690s][info ][gc,start       ] GC(72) Pause Young (Allocation Failure)
[75.738s][debug][gc,phases      ] GC(72) Scavenge 47.930ms
[75.738s][debug][gc,ref         ] GC(72) Skipped phase 1 of Reference Processing: no references
[75.738s][debug][gc,ref         ] GC(72) ReferenceProcessor::execute queues: 1, RefProcThreadModel::Single, marks_oops_alive: false
[75.738s][debug][gc,ref         ] GC(72) Skipped phase 3 of Reference Processing: no references
[75.738s][debug][gc,ref         ] GC(72) ReferenceProcessor::execute queues: 1, RefProcThreadModel::Single, marks_oops_alive: false
[75.738s][debug][gc,phases      ] GC(72) Reference Processing 0.160ms
[75.739s][debug][gc,phases      ] GC(72)   VM Weak                        Min:  0.0, Avg:  0.0, Max:  0.0, Diff:  0.0, Sum:  0.0, Workers: 4
[75.739s][debug][gc,phases      ] GC(72)     Dead                           Min: 0, Avg:  0.0, Max: 0, Diff: 0, Sum: 0, Workers: 4
[75.739s][debug][gc,phases      ] GC(72)     Total                          Min: 0, Avg: 164.0, Max: 656, Diff: 656, Sum: 656, Workers: 4
[75.739s][debug][gc,phases      ] GC(72)   ObjectSynchronizer Weak        Min:  0.0, Avg:  0.0, Max:  0.0, Diff:  0.0, Sum:  0.0, Workers: 4
[75.739s][debug][gc,phases      ] GC(72)     Dead                           Min: 0, Avg:  0.0, Max: 0, Diff: 0, Sum: 0, Workers: 4
[75.739s][debug][gc,phases      ] GC(72)     Total                          Min: 0, Avg: 46.2, Max: 185, Diff: 185, Sum: 185, Workers: 4
[75.739s][debug][gc,phases      ] GC(72)   JVMTI Tag Weak OopStorage      Min:  0.0, Avg:  0.0, Max:  0.0, Diff:  0.0, Sum:  0.0, Workers: 4
[75.739s][debug][gc,phases      ] GC(72)     Dead                           Min: 0, Avg:  0.0, Max: 0, Diff: 0, Sum: 0, Workers: 4
[75.739s][debug][gc,phases      ] GC(72)     Total                          Min: 0, Avg:  0.0, Max: 0, Diff: 0, Sum: 0, Workers: 4
[75.739s][debug][gc,phases      ] GC(72)   StringTable Weak               Min:  0.0, Avg:  0.1, Max:  0.4, Diff:  0.4, Sum:  0.4, Workers: 4
[75.739s][debug][gc,phases      ] GC(72)     Dead                           Min: 0, Avg:  0.0, Max: 0, Diff: 0, Sum: 0, Workers: 4
[75.739s][debug][gc,phases      ] GC(72)     Total                          Min: 0, Avg: 11676.8, Max: 46707, Diff: 46707, Sum: 46707, Workers: 4
[75.739s][debug][gc,phases      ] GC(72)   ResolvedMethodTable Weak       Min:  0.0, Avg:  0.0, Max:  0.1, Diff:  0.1, Sum:  0.1, Workers: 4
[75.739s][debug][gc,phases      ] GC(72)     Dead                           Min: 0, Avg:  0.0, Max: 0, Diff: 0, Sum: 0, Workers: 4
[75.739s][debug][gc,phases      ] GC(72)     Total                          Min: 0, Avg: 1960.0, Max: 7840, Diff: 7840, Sum: 7840, Workers: 4
[75.739s][debug][gc,phases      ] GC(72)   JNI Weak                       Min:  0.0, Avg:  0.0, Max:  0.0, Diff:  0.0, Sum:  0.0, Workers: 4
[75.739s][debug][gc,phases      ] GC(72)     Dead                           Min: 0, Avg:  0.0, Max: 0, Diff: 0, Sum: 0, Workers: 4
[75.739s][debug][gc,phases      ] GC(72)     Total                          Min: 0, Avg:  1.8, Max: 7, Diff: 7, Sum: 7, Workers: 4
[75.739s][debug][gc,phases      ] GC(72)   StringDedup Table Weak         Min:  0.0, Avg:  0.0, Max:  0.0, Diff:  0.0, Sum:  0.0, Workers: 4
[75.739s][debug][gc,phases      ] GC(72)     Dead                           Min: 0, Avg:  0.0, Max: 0, Diff: 0, Sum: 0, Workers: 4
[75.739s][debug][gc,phases      ] GC(72)     Total                          Min: 0, Avg:  0.0, Max: 0, Diff: 0, Sum: 0, Workers: 4
[75.739s][debug][gc,phases      ] GC(72)   StringDedup Requests0 Weak     Min:  0.0, Avg:  0.0, Max:  0.0, Diff:  0.0, Sum:  0.0, Workers: 4
[75.739s][debug][gc,phases      ] GC(72)     Dead                           Min: 0, Avg:  0.0, Max: 0, Diff: 0, Sum: 0, Workers: 4
[75.739s][debug][gc,phases      ] GC(72)     Total                          Min: 0, Avg:  0.0, Max: 0, Diff: 0, Sum: 0, Workers: 4
[75.739s][debug][gc,phases      ] GC(72)   StringDedup Requests1 Weak     Min:  0.0, Avg:  0.0, Max:  0.0, Diff:  0.0, Sum:  0.0, Workers: 4
[75.739s][debug][gc,phases      ] GC(72)     Dead                           Min: 0, Avg:  0.0, Max: 0, Diff: 0, Sum: 0, Workers: 4
[75.739s][debug][gc,phases      ] GC(72)     Total                          Min: 0, Avg:  0.0, Max: 0, Diff: 0, Sum: 0, Workers: 4
[75.739s][debug][gc,phases      ] GC(72)   Weak JFR Old Object Samples    Min:  0.0, Avg:  0.0, Max:  0.0, Diff:  0.0, Sum:  0.0, Workers: 4
[75.739s][debug][gc,phases      ] GC(72)     Dead                           Min: 0, Avg:  0.0, Max: 0, Diff: 0, Sum: 0, Workers: 4
[75.739s][debug][gc,phases      ] GC(72)     Total                          Min: 0, Avg:  0.0, Max: 0, Diff: 0, Sum: 0, Workers: 4
[75.739s][debug][gc,phases      ] GC(72) Weak Processing 0.828ms
[75.739s][debug][gc,age         ] GC(72) Desired survivor size 171966464 bytes, new threshold 15 (max threshold 15)
[75.739s][info ][gc,heap        ] GC(72) PSYoungGen: 1779008K(1921024K)->42560K(1912832K) Eden: 1736704K(1736704K)->0K(1736704K) From: 42304K(184320K)->42560K(176128K)
[75.739s][info ][gc,heap        ] GC(72) ParOldGen: 407988K(483328K)->407996K(483328K)
[75.739s][info ][gc,metaspace   ] GC(72) Metaspace: 79447K(80256K)->79447K(80256K) NonClass: 68187K(68608K)->68187K(68608K) Class: 11260K(11648K)->11260K(11648K)
[75.739s][info ][gc             ] GC(72) Pause Young (Allocation Failure) 2135M->439M(2340M) 49.086ms
[75.739s][info ][gc,cpu         ] GC(72) User=0.05s Sys=0.00s Real=0.05s
[75.739s][info ][safepoint      ] Safepoint "ParallelGCFailedAllocation", Time since last: 5838928 ns, Reaching safepoint: 14034507 ns, At safepoint: 49243579 ns, Total: 63278086 ns
[76.702s][info ][safepoint      ] Safepoint "ParallelGCFailedAllocation", Time since last: 957517472 ns, Reaching safepoint: 5349917 ns, At safepoint: 35301 ns, Total: 5385218 ns
[76.707s][info ][gc,start       ] GC(73) Pause Young (GCLocker Initiated GC)
[76.778s][debug][gc,phases      ] GC(73) Scavenge 70.499ms
[76.778s][debug][gc,ref         ] GC(73) Skipped phase 1 of Reference Processing: no references
[76.778s][debug][gc,ref         ] GC(73) ReferenceProcessor::execute queues: 1, RefProcThreadModel::Single, marks_oops_alive: false
[76.778s][debug][gc,ref         ] GC(73) Skipped phase 3 of Reference Processing: no references
[76.778s][debug][gc,ref         ] GC(73) ReferenceProcessor::execute queues: 1, RefProcThreadModel::Single, marks_oops_alive: false
[76.778s][debug][gc,phases      ] GC(73) Reference Processing 0.142ms
[76.779s][debug][gc,phases      ] GC(73)   VM Weak                        Min:  0.0, Avg:  0.0, Max:  0.0, Diff:  0.0, Sum:  0.0, Workers: 4
[76.779s][debug][gc,phases      ] GC(73)     Dead                           Min: 0, Avg:  0.0, Max: 0, Diff: 0, Sum: 0, Workers: 4
[76.779s][debug][gc,phases      ] GC(73)     Total                          Min: 0, Avg: 164.0, Max: 656, Diff: 656, Sum: 656, Workers: 4
[76.779s][debug][gc,phases      ] GC(73)   ObjectSynchronizer Weak        Min:  0.0, Avg:  0.0, Max:  0.0, Diff:  0.0, Sum:  0.0, Workers: 4
[76.779s][debug][gc,phases      ] GC(73)     Dead                           Min: 0, Avg:  0.0, Max: 0, Diff: 0, Sum: 0, Workers: 4
[76.779s][debug][gc,phases      ] GC(73)     Total                          Min: 0, Avg: 46.2, Max: 185, Diff: 185, Sum: 185, Workers: 4
[76.779s][debug][gc,phases      ] GC(73)   JVMTI Tag Weak OopStorage      Min:  0.0, Avg:  0.0, Max:  0.0, Diff:  0.0, Sum:  0.0, Workers: 4
[76.779s][debug][gc,phases      ] GC(73)     Dead                           Min: 0, Avg:  0.0, Max: 0, Diff: 0, Sum: 0, Workers: 4
[76.779s][debug][gc,phases      ] GC(73)     Total                          Min: 0, Avg:  0.0, Max: 0, Diff: 0, Sum: 0, Workers: 4
[76.779s][debug][gc,phases      ] GC(73)   StringTable Weak               Min:  0.0, Avg:  0.1, Max:  0.4, Diff:  0.4, Sum:  0.4, Workers: 4
[76.779s][debug][gc,phases      ] GC(73)     Dead                           Min: 0, Avg:  0.0, Max: 0, Diff: 0, Sum: 0, Workers: 4
[76.779s][debug][gc,phases      ] GC(73)     Total                          Min: 0, Avg: 11683.5, Max: 46734, Diff: 46734, Sum: 46734, Workers: 4
[76.779s][debug][gc,phases      ] GC(73)   ResolvedMethodTable Weak       Min:  0.0, Avg:  0.0, Max:  0.1, Diff:  0.1, Sum:  0.1, Workers: 4
[76.779s][debug][gc,phases      ] GC(73)     Dead                           Min: 0, Avg:  0.0, Max: 0, Diff: 0, Sum: 0, Workers: 4
[76.779s][debug][gc,phases      ] GC(73)     Total                          Min: 0, Avg: 1960.0, Max: 7840, Diff: 7840, Sum: 7840, Workers: 4
[76.779s][debug][gc,phases      ] GC(73)   JNI Weak                       Min:  0.0, Avg:  0.0, Max:  0.0, Diff:  0.0, Sum:  0.0, Workers: 4
[76.779s][debug][gc,phases      ] GC(73)     Dead                           Min: 0, Avg:  0.0, Max: 0, Diff: 0, Sum: 0, Workers: 4
[76.779s][debug][gc,phases      ] GC(73)     Total                          Min: 0, Avg:  1.2, Max: 5, Diff: 5, Sum: 5, Workers: 4
[76.779s][debug][gc,phases      ] GC(73)   StringDedup Table Weak         Min:  0.0, Avg:  0.0, Max:  0.0, Diff:  0.0, Sum:  0.0, Workers: 4
[76.779s][debug][gc,phases      ] GC(73)     Dead                           Min: 0, Avg:  0.0, Max: 0, Diff: 0, Sum: 0, Workers: 4
[76.779s][debug][gc,phases      ] GC(73)     Total                          Min: 0, Avg:  0.0, Max: 0, Diff: 0, Sum: 0, Workers: 4
[76.779s][debug][gc,phases      ] GC(73)   StringDedup Requests0 Weak     Min:  0.0, Avg:  0.0, Max:  0.0, Diff:  0.0, Sum:  0.0, Workers: 4
[76.779s][debug][gc,phases      ] GC(73)     Dead                           Min: 0, Avg:  0.0, Max: 0, Diff: 0, Sum: 0, Workers: 4
[76.779s][debug][gc,phases      ] GC(73)     Total                          Min: 0, Avg:  0.0, Max: 0, Diff: 0, Sum: 0, Workers: 4
[76.779s][debug][gc,phases      ] GC(73)   StringDedup Requests1 Weak     Min:  0.0, Avg:  0.0, Max:  0.0, Diff:  0.0, Sum:  0.0, Workers: 4
[76.779s][debug][gc,phases      ] GC(73)     Dead                           Min: 0, Avg:  0.0, Max: 0, Diff: 0, Sum: 0, Workers: 4
[76.779s][debug][gc,phases      ] GC(73)     Total                          Min: 0, Avg:  0.0, Max: 0, Diff: 0, Sum: 0, Workers: 4
[76.779s][debug][gc,phases      ] GC(73)   Weak JFR Old Object Samples    Min:  0.0, Avg:  0.0, Max:  0.0, Diff:  0.0, Sum:  0.0, Workers: 4
[76.779s][debug][gc,phases      ] GC(73)     Dead                           Min: 0, Avg:  0.0, Max: 0, Diff: 0, Sum: 0, Workers: 4
[76.779s][debug][gc,phases      ] GC(73)     Total                          Min: 0, Avg:  0.0, Max: 0, Diff: 0, Sum: 0, Workers: 4
[76.779s][debug][gc,phases      ] GC(73) Weak Processing 0.781ms
[76.779s][debug][gc,age         ] GC(73) Desired survivor size 164102144 bytes, new threshold 15 (max threshold 15)
[76.779s][info ][gc,heap        ] GC(73) PSYoungGen: 1779264K(1912832K)->43244K(1936896K) Eden: 1736704K(1736704K)->0K(1768960K) From: 42560K(176128K)->43244K(167936K)
[76.779s][info ][gc,heap        ] GC(73) ParOldGen: 407996K(483328K)->407996K(483328K)
[76.779s][info ][gc,metaspace   ] GC(73) Metaspace: 79523K(80384K)->79523K(80384K) NonClass: 68263K(68736K)->68263K(68736K) Class: 11260K(11648K)->11260K(11648K)
[76.779s][info ][gc             ] GC(73) Pause Young (GCLocker Initiated GC) 2135M->440M(2363M) 71.578ms
[76.779s][info ][gc,cpu         ] GC(73) User=0.06s Sys=0.00s Real=0.07s
[76.779s][info ][safepoint      ] Safepoint "ParallelGCSystemGC", Time since last: 3885385 ns, Reaching safepoint: 1400531 ns, At safepoint: 71691670 ns, Total: 73092201 ns
[77.834s][info ][gc,start       ] GC(74) Pause Young (Allocation Failure)
[77.886s][debug][gc,phases      ] GC(74) Scavenge 51.852ms
[77.886s][debug][gc,ref         ] GC(74) Skipped phase 1 of Reference Processing: no references
[77.886s][debug][gc,ref         ] GC(74) ReferenceProcessor::execute queues: 1, RefProcThreadModel::Single, marks_oops_alive: false
[77.886s][debug][gc,ref         ] GC(74) Skipped phase 3 of Reference Processing: no references
[77.886s][debug][gc,ref         ] GC(74) ReferenceProcessor::execute queues: 1, RefProcThreadModel::Single, marks_oops_alive: false
[77.886s][debug][gc,phases      ] GC(74) Reference Processing 0.147ms
[77.887s][debug][gc,phases      ] GC(74)   VM Weak                        Min:  0.0, Avg:  0.0, Max:  0.0, Diff:  0.0, Sum:  0.0, Workers: 4
[77.887s][debug][gc,phases      ] GC(74)     Dead                           Min: 0, Avg:  0.0, Max: 0, Diff: 0, Sum: 0, Workers: 4
[77.887s][debug][gc,phases      ] GC(74)     Total                          Min: 0, Avg: 164.0, Max: 656, Diff: 656, Sum: 656, Workers: 4
[77.887s][debug][gc,phases      ] GC(74)   ObjectSynchronizer Weak        Min:  0.0, Avg:  0.0, Max:  0.0, Diff:  0.0, Sum:  0.0, Workers: 4
[77.887s][debug][gc,phases      ] GC(74)     Dead                           Min: 0, Avg:  0.0, Max: 0, Diff: 0, Sum: 0, Workers: 4
[77.887s][debug][gc,phases      ] GC(74)     Total                          Min: 0, Avg: 46.2, Max: 185, Diff: 185, Sum: 185, Workers: 4
[77.887s][debug][gc,phases      ] GC(74)   JVMTI Tag Weak OopStorage      Min:  0.0, Avg:  0.0, Max:  0.0, Diff:  0.0, Sum:  0.0, Workers: 4
[77.887s][debug][gc,phases      ] GC(74)     Dead                           Min: 0, Avg:  0.0, Max: 0, Diff: 0, Sum: 0, Workers: 4
[77.887s][debug][gc,phases      ] GC(74)     Total                          Min: 0, Avg:  0.0, Max: 0, Diff: 0, Sum: 0, Workers: 4
[77.887s][debug][gc,phases      ] GC(74)   StringTable Weak               Min:  0.0, Avg:  0.1, Max:  0.4, Diff:  0.4, Sum:  0.4, Workers: 4
[77.887s][debug][gc,phases      ] GC(74)     Dead                           Min: 0, Avg:  0.2, Max: 1, Diff: 1, Sum: 1, Workers: 4
[77.887s][debug][gc,phases      ] GC(74)     Total                          Min: 0, Avg: 11691.0, Max: 46764, Diff: 46764, Sum: 46764, Workers: 4
[77.887s][debug][gc,phases      ] GC(74)   ResolvedMethodTable Weak       Min:  0.0, Avg:  0.0, Max:  0.1, Diff:  0.1, Sum:  0.1, Workers: 4
[77.887s][debug][gc,phases      ] GC(74)     Dead                           Min: 0, Avg:  4.0, Max: 16, Diff: 16, Sum: 16, Workers: 4
[77.887s][debug][gc,phases      ] GC(74)     Total                          Min: 0, Avg: 1962.8, Max: 7851, Diff: 7851, Sum: 7851, Workers: 4
[77.887s][debug][gc,phases      ] GC(74)   JNI Weak                       Min:  0.0, Avg:  0.0, Max:  0.0, Diff:  0.0, Sum:  0.0, Workers: 4
[77.887s][debug][gc,phases      ] GC(74)     Dead                           Min: 0, Avg:  0.0, Max: 0, Diff: 0, Sum: 0, Workers: 4
[77.887s][debug][gc,phases      ] GC(74)     Total                          Min: 0, Avg:  1.0, Max: 4, Diff: 4, Sum: 4, Workers: 4
[77.887s][debug][gc,phases      ] GC(74)   StringDedup Table Weak         Min:  0.0, Avg:  0.0, Max:  0.0, Diff:  0.0, Sum:  0.0, Workers: 4
[77.887s][debug][gc,phases      ] GC(74)     Dead                           Min: 0, Avg:  0.0, Max: 0, Diff: 0, Sum: 0, Workers: 4
[77.887s][debug][gc,phases      ] GC(74)     Total                          Min: 0, Avg:  0.0, Max: 0, Diff: 0, Sum: 0, Workers: 4
[77.887s][debug][gc,phases      ] GC(74)   StringDedup Requests0 Weak     Min:  0.0, Avg:  0.0, Max:  0.0, Diff:  0.0, Sum:  0.0, Workers: 4
[77.887s][debug][gc,phases      ] GC(74)     Dead                           Min: 0, Avg:  0.0, Max: 0, Diff: 0, Sum: 0, Workers: 4
[77.887s][debug][gc,phases      ] GC(74)     Total                          Min: 0, Avg:  0.0, Max: 0, Diff: 0, Sum: 0, Workers: 4
[77.887s][debug][gc,phases      ] GC(74)   StringDedup Requests1 Weak     Min:  0.0, Avg:  0.0, Max:  0.0, Diff:  0.0, Sum:  0.0, Workers: 4
[77.887s][debug][gc,phases      ] GC(74)     Dead                           Min: 0, Avg:  0.0, Max: 0, Diff: 0, Sum: 0, Workers: 4
[77.887s][debug][gc,phases      ] GC(74)     Total                          Min: 0, Avg:  0.0, Max: 0, Diff: 0, Sum: 0, Workers: 4
[77.887s][debug][gc,phases      ] GC(74)   Weak JFR Old Object Samples    Min:  0.0, Avg:  0.0, Max:  0.0, Diff:  0.0, Sum:  0.0, Workers: 4
[77.887s][debug][gc,phases      ] GC(74)     Dead                           Min: 0, Avg:  0.0, Max: 0, Diff: 0, Sum: 0, Workers: 4
[77.887s][debug][gc,phases      ] GC(74)     Total                          Min: 0, Avg:  0.0, Max: 0, Diff: 0, Sum: 0, Workers: 4
[77.887s][debug][gc,phases      ] GC(74) Weak Processing 0.776ms
[77.887s][debug][gc,age         ] GC(74) Desired survivor size 156237824 bytes, new threshold 15 (max threshold 15)
[77.887s][info ][gc,heap        ] GC(74) PSYoungGen: 1812204K(1936896K)->43360K(1929216K) Eden: 1768960K(1768960K)->0K(1768960K) From: 43244K(167936K)->43360K(160256K)
[77.887s][info ][gc,heap        ] GC(74) ParOldGen: 407997K(483328K)->408005K(483328K)
[77.887s][info ][gc,metaspace   ] GC(74) Metaspace: 79567K(80384K)->79567K(80384K) NonClass: 68301K(68736K)->68301K(68736K) Class: 11265K(11648K)->11265K(11648K)
[77.887s][info ][gc             ] GC(74) Pause Young (Allocation Failure) 2168M->440M(2356M) 52.929ms
[77.887s][info ][gc,cpu         ] GC(74) User=0.05s Sys=0.00s Real=0.05s
[77.887s][info ][safepoint      ] Safepoint "ParallelGCFailedAllocation", Time since last: 1043102431 ns, Reaching safepoint: 11869260 ns, At safepoint: 53066561 ns, Total: 64935821 ns
[78.894s][info ][safepoint      ] Safepoint "Cleanup", Time since last: 1002843536 ns, Reaching safepoint: 4125090 ns, At safepoint: 28301 ns, Total: 4153391 ns
[79.402s][info ][gc,start       ] GC(75) Pause Young (Allocation Failure)
[79.474s][debug][gc,phases      ] GC(75) Scavenge 71.830ms
[79.474s][debug][gc,ref         ] GC(75) Skipped phase 1 of Reference Processing: no references
[79.474s][debug][gc,ref         ] GC(75) ReferenceProcessor::execute queues: 1, RefProcThreadModel::Single, marks_oops_alive: false
[79.474s][debug][gc,ref         ] GC(75) Skipped phase 3 of Reference Processing: no references
[79.474s][debug][gc,ref         ] GC(75) ReferenceProcessor::execute queues: 1, RefProcThreadModel::Single, marks_oops_alive: false
[79.474s][debug][gc,phases      ] GC(75) Reference Processing 0.155ms
[79.475s][debug][gc,phases      ] GC(75)   VM Weak                        Min:  0.0, Avg:  0.0, Max:  0.0, Diff:  0.0, Sum:  0.0, Workers: 4
[79.475s][debug][gc,phases      ] GC(75)     Dead                           Min: 0, Avg:  0.0, Max: 0, Diff: 0, Sum: 0, Workers: 4
[79.475s][debug][gc,phases      ] GC(75)     Total                          Min: 0, Avg: 164.0, Max: 448, Diff: 448, Sum: 656, Workers: 4
[79.475s][debug][gc,phases      ] GC(75)   ObjectSynchronizer Weak        Min:  0.0, Avg:  0.0, Max:  0.0, Diff:  0.0, Sum:  0.0, Workers: 4
[79.475s][debug][gc,phases      ] GC(75)     Dead                           Min: 0, Avg:  0.0, Max: 0, Diff: 0, Sum: 0, Workers: 4
[79.475s][debug][gc,phases      ] GC(75)     Total                          Min: 0, Avg: 46.2, Max: 121, Diff: 121, Sum: 185, Workers: 4
[79.475s][debug][gc,phases      ] GC(75)   JVMTI Tag Weak OopStorage      Min:  0.0, Avg:  0.0, Max:  0.0, Diff:  0.0, Sum:  0.0, Workers: 4
[79.475s][debug][gc,phases      ] GC(75)     Dead                           Min: 0, Avg:  0.0, Max: 0, Diff: 0, Sum: 0, Workers: 4
[79.475s][debug][gc,phases      ] GC(75)     Total                          Min: 0, Avg:  0.0, Max: 0, Diff: 0, Sum: 0, Workers: 4
[79.475s][debug][gc,phases      ] GC(75)   StringTable Weak               Min:  0.0, Avg:  0.1, Max:  0.2, Diff:  0.2, Sum:  0.5, Workers: 4
[79.475s][debug][gc,phases      ] GC(75)     Dead                           Min: 0, Avg:  0.0, Max: 0, Diff: 0, Sum: 0, Workers: 4
[79.475s][debug][gc,phases      ] GC(75)     Total                          Min: 0, Avg: 11701.0, Max: 23572, Diff: 23572, Sum: 46804, Workers: 4
[79.475s][debug][gc,phases      ] GC(75)   ResolvedMethodTable Weak       Min:  0.0, Avg:  0.0, Max:  0.0, Diff:  0.0, Sum:  0.1, Workers: 4
[79.475s][debug][gc,phases      ] GC(75)     Dead                           Min: 0, Avg:  0.0, Max: 0, Diff: 0, Sum: 0, Workers: 4
[79.475s][debug][gc,phases      ] GC(75)     Total                          Min: 0, Avg: 1969.2, Max: 4096, Diff: 4096, Sum: 7877, Workers: 4
[79.475s][debug][gc,phases      ] GC(75)   JNI Weak                       Min:  0.0, Avg:  0.0, Max:  0.0, Diff:  0.0, Sum:  0.0, Workers: 4
[79.475s][debug][gc,phases      ] GC(75)     Dead                           Min: 0, Avg:  0.0, Max: 0, Diff: 0, Sum: 0, Workers: 4
[79.475s][debug][gc,phases      ] GC(75)     Total                          Min: 0, Avg:  0.2, Max: 1, Diff: 1, Sum: 1, Workers: 4
[79.475s][debug][gc,phases      ] GC(75)   StringDedup Table Weak         Min:  0.0, Avg:  0.0, Max:  0.0, Diff:  0.0, Sum:  0.0, Workers: 4
[79.475s][debug][gc,phases      ] GC(75)     Dead                           Min: 0, Avg:  0.0, Max: 0, Diff: 0, Sum: 0, Workers: 4
[79.475s][debug][gc,phases      ] GC(75)     Total                          Min: 0, Avg:  0.0, Max: 0, Diff: 0, Sum: 0, Workers: 4
[79.475s][debug][gc,phases      ] GC(75)   StringDedup Requests0 Weak     Min:  0.0, Avg:  0.0, Max:  0.0, Diff:  0.0, Sum:  0.0, Workers: 4
[79.475s][debug][gc,phases      ] GC(75)     Dead                           Min: 0, Avg:  0.0, Max: 0, Diff: 0, Sum: 0, Workers: 4
[79.475s][debug][gc,phases      ] GC(75)     Total                          Min: 0, Avg:  0.0, Max: 0, Diff: 0, Sum: 0, Workers: 4
[79.475s][debug][gc,phases      ] GC(75)   StringDedup Requests1 Weak     Min:  0.0, Avg:  0.0, Max:  0.0, Diff:  0.0, Sum:  0.0, Workers: 4
[79.475s][debug][gc,phases      ] GC(75)     Dead                           Min: 0, Avg:  0.0, Max: 0, Diff: 0, Sum: 0, Workers: 4
[79.475s][debug][gc,phases      ] GC(75)     Total                          Min: 0, Avg:  0.0, Max: 0, Diff: 0, Sum: 0, Workers: 4
[79.475s][debug][gc,phases      ] GC(75)   Weak JFR Old Object Samples    Min:  0.0, Avg:  0.0, Max:  0.0, Diff:  0.0, Sum:  0.0, Workers: 4
[79.475s][debug][gc,phases      ] GC(75)     Dead                           Min: 0, Avg:  0.0, Max: 0, Diff: 0, Sum: 0, Workers: 4
[79.475s][debug][gc,phases      ] GC(75)     Total                          Min: 0, Avg:  0.0, Max: 0, Diff: 0, Sum: 0, Workers: 4
[79.475s][debug][gc,phases      ] GC(75) Weak Processing 0.682ms
[79.475s][debug][gc,age         ] GC(75) Desired survivor size 147849216 bytes, new threshold 15 (max threshold 15)
[79.475s][info ][gc,heap        ] GC(75) PSYoungGen: 1812320K(1929216K)->46960K(1952768K) Eden: 1768960K(1768960K)->0K(1800192K) From: 43360K(160256K)->46960K(152576K)
[79.475s][info ][gc,heap        ] GC(75) ParOldGen: 408005K(483328K)->408013K(483328K)
[79.475s][info ][gc,metaspace   ] GC(75) Metaspace: 79669K(80448K)->79669K(80448K) NonClass: 68391K(68800K)->68391K(68800K) Class: 11278K(11648K)->11278K(11648K)
[79.475s][info ][gc             ] GC(75) Pause Young (Allocation Failure) 2168M->444M(2379M) 72.855ms
[79.475s][info ][gc,cpu         ] GC(75) User=0.07s Sys=0.00s Real=0.08s
[79.475s][info ][safepoint      ] Safepoint "ParallelGCFailedAllocation", Time since last: 492324962 ns, Reaching safepoint: 15654842 ns, At safepoint: 73009296 ns, Total: 88664138 ns
[80.346s][info ][gc,start       ] GC(76) Pause Young (Allocation Failure)
[80.410s][debug][gc,phases      ] GC(76) Scavenge 63.813ms
[80.410s][debug][gc,ref         ] GC(76) Skipped phase 1 of Reference Processing: no references
[80.410s][debug][gc,ref         ] GC(76) ReferenceProcessor::execute queues: 1, RefProcThreadModel::Single, marks_oops_alive: false
[80.410s][debug][gc,ref         ] GC(76) Skipped phase 3 of Reference Processing: no references
[80.410s][debug][gc,ref         ] GC(76) ReferenceProcessor::execute queues: 1, RefProcThreadModel::Single, marks_oops_alive: false
[80.410s][debug][gc,phases      ] GC(76) Reference Processing 0.150ms
[80.414s][debug][gc,phases      ] GC(76)   VM Weak                        Min:  0.0, Avg:  0.0, Max:  0.0, Diff:  0.0, Sum:  0.0, Workers: 4
[80.414s][debug][gc,phases      ] GC(76)     Dead                           Min: 0, Avg:  0.0, Max: 0, Diff: 0, Sum: 0, Workers: 4
[80.414s][debug][gc,phases      ] GC(76)     Total                          Min: 0, Avg: 164.0, Max: 336, Diff: 336, Sum: 656, Workers: 4
[80.414s][debug][gc,phases      ] GC(76)   ObjectSynchronizer Weak        Min:  0.0, Avg:  0.0, Max:  0.0, Diff:  0.0, Sum:  0.0, Workers: 4
[80.414s][debug][gc,phases      ] GC(76)     Dead                           Min: 0, Avg:  0.0, Max: 0, Diff: 0, Sum: 0, Workers: 4
[80.414s][debug][gc,phases      ] GC(76)     Total                          Min: 0, Avg: 46.2, Max: 121, Diff: 121, Sum: 185, Workers: 4
[80.414s][debug][gc,phases      ] GC(76)   JVMTI Tag Weak OopStorage      Min:  0.0, Avg:  0.0, Max:  0.0, Diff:  0.0, Sum:  0.0, Workers: 4
[80.414s][debug][gc,phases      ] GC(76)     Dead                           Min: 0, Avg:  0.0, Max: 0, Diff: 0, Sum: 0, Workers: 4
[80.414s][debug][gc,phases      ] GC(76)     Total                          Min: 0, Avg:  0.0, Max: 0, Diff: 0, Sum: 0, Workers: 4
[80.414s][debug][gc,phases      ] GC(76)   StringTable Weak               Min:  0.0, Avg:  0.1, Max:  0.2, Diff:  0.2, Sum:  0.5, Workers: 4
[80.414s][debug][gc,phases      ] GC(76)     Dead                           Min: 0, Avg:  0.0, Max: 0, Diff: 0, Sum: 0, Workers: 4
[80.414s][debug][gc,phases      ] GC(76)     Total                          Min: 0, Avg: 11701.0, Max: 23936, Diff: 23936, Sum: 46804, Workers: 4
[80.414s][debug][gc,phases      ] GC(76)   ResolvedMethodTable Weak       Min:  0.0, Avg:  0.0, Max:  0.0, Diff:  0.0, Sum:  0.1, Workers: 4
[80.414s][debug][gc,phases      ] GC(76)     Dead                           Min: 0, Avg:  0.0, Max: 0, Diff: 0, Sum: 0, Workers: 4
[80.414s][debug][gc,phases      ] GC(76)     Total                          Min: 0, Avg: 1969.2, Max: 4096, Diff: 4096, Sum: 7877, Workers: 4
[80.414s][debug][gc,phases      ] GC(76)   JNI Weak                       Min:  0.0, Avg:  0.0, Max:  0.0, Diff:  0.0, Sum:  0.0, Workers: 4
[80.414s][debug][gc,phases      ] GC(76)     Dead                           Min: 0, Avg:  0.0, Max: 0, Diff: 0, Sum: 0, Workers: 4
[80.414s][debug][gc,phases      ] GC(76)     Total                          Min: 0, Avg:  1.8, Max: 7, Diff: 7, Sum: 7, Workers: 4
[80.414s][debug][gc,phases      ] GC(76)   StringDedup Table Weak         Min:  0.0, Avg:  0.0, Max:  0.0, Diff:  0.0, Sum:  0.0, Workers: 4
[80.414s][debug][gc,phases      ] GC(76)     Dead                           Min: 0, Avg:  0.0, Max: 0, Diff: 0, Sum: 0, Workers: 4
[80.414s][debug][gc,phases      ] GC(76)     Total                          Min: 0, Avg:  0.0, Max: 0, Diff: 0, Sum: 0, Workers: 4
[80.414s][debug][gc,phases      ] GC(76)   StringDedup Requests0 Weak     Min:  0.0, Avg:  0.0, Max:  0.0, Diff:  0.0, Sum:  0.0, Workers: 4
[80.414s][debug][gc,phases      ] GC(76)     Dead                           Min: 0, Avg:  0.0, Max: 0, Diff: 0, Sum: 0, Workers: 4
[80.414s][debug][gc,phases      ] GC(76)     Total                          Min: 0, Avg:  0.0, Max: 0, Diff: 0, Sum: 0, Workers: 4
[80.414s][debug][gc,phases      ] GC(76)   StringDedup Requests1 Weak     Min:  0.0, Avg:  0.0, Max:  0.0, Diff:  0.0, Sum:  0.0, Workers: 4
[80.414s][debug][gc,phases      ] GC(76)     Dead                           Min: 0, Avg:  0.0, Max: 0, Diff: 0, Sum: 0, Workers: 4
[80.414s][debug][gc,phases      ] GC(76)     Total                          Min: 0, Avg:  0.0, Max: 0, Diff: 0, Sum: 0, Workers: 4
[80.414s][debug][gc,phases      ] GC(76)   Weak JFR Old Object Samples    Min:  0.0, Avg:  0.0, Max:  0.0, Diff:  0.0, Sum:  0.0, Workers: 4
[80.414s][debug][gc,phases      ] GC(76)     Dead                           Min: 0, Avg:  0.0, Max: 0, Diff: 0, Sum: 0, Workers: 4
[80.414s][debug][gc,phases      ] GC(76)     Total                          Min: 0, Avg:  0.0, Max: 0, Diff: 0, Sum: 0, Workers: 4
[80.414s][debug][gc,phases      ] GC(76) Weak Processing 3.987ms
[80.414s][debug][gc,age         ] GC(76) Desired survivor size 141033472 bytes, new threshold 15 (max threshold 15)
[80.414s][info ][gc,heap        ] GC(76) PSYoungGen: 1847152K(1952768K)->43696K(1944576K) Eden: 1800192K(1800192K)->0K(1800192K) From: 46960K(152576K)->43696K(144384K)
[80.414s][info ][gc,heap        ] GC(76) ParOldGen: 408013K(483328K)->408013K(483328K)
[80.414s][info ][gc,metaspace   ] GC(76) Metaspace: 79699K(80512K)->79699K(80512K) NonClass: 68421K(68864K)->68421K(68864K) Class: 11278K(11648K)->11278K(11648K)
[80.414s][info ][gc             ] GC(76) Pause Young (Allocation Failure) 2202M->441M(2371M) 68.123ms
[80.414s][info ][gc,cpu         ] GC(76) User=0.05s Sys=0.00s Real=0.07s
[80.414s][info ][safepoint      ] Safepoint "ParallelGCFailedAllocation", Time since last: 846871907 ns, Reaching safepoint: 24079626 ns, At safepoint: 68263091 ns, Total: 92342717 ns
[81.434s][info ][safepoint      ] Safepoint "Cleanup", Time since last: 1003643419 ns, Reaching safepoint: 16061651 ns, At safepoint: 35501 ns, Total: 16097152 ns
[81.538s][info ][gc,start       ] GC(77) Pause Young (Allocation Failure)
[81.596s][debug][gc,phases      ] GC(77) Scavenge 57.992ms
[81.596s][debug][gc,ref         ] GC(77) Skipped phase 1 of Reference Processing: no references
[81.596s][debug][gc,ref         ] GC(77) ReferenceProcessor::execute queues: 1, RefProcThreadModel::Single, marks_oops_alive: false
[81.596s][debug][gc,ref         ] GC(77) Skipped phase 3 of Reference Processing: no references
[81.596s][debug][gc,ref         ] GC(77) ReferenceProcessor::execute queues: 1, RefProcThreadModel::Single, marks_oops_alive: false
[81.596s][debug][gc,phases      ] GC(77) Reference Processing 0.143ms
[81.597s][debug][gc,phases      ] GC(77)   VM Weak                        Min:  0.0, Avg:  0.0, Max:  0.0, Diff:  0.0, Sum:  0.0, Workers: 4
[81.597s][debug][gc,phases      ] GC(77)     Dead                           Min: 0, Avg:  0.0, Max: 0, Diff: 0, Sum: 0, Workers: 4
[81.597s][debug][gc,phases      ] GC(77)     Total                          Min: 0, Avg: 164.0, Max: 656, Diff: 656, Sum: 656, Workers: 4
[81.597s][debug][gc,phases      ] GC(77)   ObjectSynchronizer Weak        Min:  0.0, Avg:  0.0, Max:  0.0, Diff:  0.0, Sum:  0.0, Workers: 4
[81.597s][debug][gc,phases      ] GC(77)     Dead                           Min: 0, Avg:  0.0, Max: 0, Diff: 0, Sum: 0, Workers: 4
[81.597s][debug][gc,phases      ] GC(77)     Total                          Min: 0, Avg: 46.2, Max: 185, Diff: 185, Sum: 185, Workers: 4
[81.597s][debug][gc,phases      ] GC(77)   JVMTI Tag Weak OopStorage      Min:  0.0, Avg:  0.0, Max:  0.0, Diff:  0.0, Sum:  0.0, Workers: 4
[81.597s][debug][gc,phases      ] GC(77)     Dead                           Min: 0, Avg:  0.0, Max: 0, Diff: 0, Sum: 0, Workers: 4
[81.597s][debug][gc,phases      ] GC(77)     Total                          Min: 0, Avg:  0.0, Max: 0, Diff: 0, Sum: 0, Workers: 4
[81.597s][debug][gc,phases      ] GC(77)   StringTable Weak               Min:  0.0, Avg:  0.1, Max:  0.5, Diff:  0.5, Sum:  0.5, Workers: 4
[81.597s][debug][gc,phases      ] GC(77)     Dead                           Min: 0, Avg:  0.0, Max: 0, Diff: 0, Sum: 0, Workers: 4
[81.597s][debug][gc,phases      ] GC(77)     Total                          Min: 0, Avg: 11701.0, Max: 46804, Diff: 46804, Sum: 46804, Workers: 4
[81.597s][debug][gc,phases      ] GC(77)   ResolvedMethodTable Weak       Min:  0.0, Avg:  0.0, Max:  0.1, Diff:  0.1, Sum:  0.1, Workers: 4
[81.597s][debug][gc,phases      ] GC(77)     Dead                           Min: 0, Avg:  0.0, Max: 0, Diff: 0, Sum: 0, Workers: 4
[81.597s][debug][gc,phases      ] GC(77)     Total                          Min: 0, Avg: 1969.2, Max: 7877, Diff: 7877, Sum: 7877, Workers: 4
[81.597s][debug][gc,phases      ] GC(77)   JNI Weak                       Min:  0.0, Avg:  0.0, Max:  0.0, Diff:  0.0, Sum:  0.0, Workers: 4
[81.597s][debug][gc,phases      ] GC(77)     Dead                           Min: 0, Avg:  0.0, Max: 0, Diff: 0, Sum: 0, Workers: 4
[81.597s][debug][gc,phases      ] GC(77)     Total                          Min: 0, Avg:  2.2, Max: 9, Diff: 9, Sum: 9, Workers: 4
[81.597s][debug][gc,phases      ] GC(77)   StringDedup Table Weak         Min:  0.0, Avg:  0.0, Max:  0.0, Diff:  0.0, Sum:  0.0, Workers: 4
[81.597s][debug][gc,phases      ] GC(77)     Dead                           Min: 0, Avg:  0.0, Max: 0, Diff: 0, Sum: 0, Workers: 4
[81.597s][debug][gc,phases      ] GC(77)     Total                          Min: 0, Avg:  0.0, Max: 0, Diff: 0, Sum: 0, Workers: 4
[81.597s][debug][gc,phases      ] GC(77)   StringDedup Requests0 Weak     Min:  0.0, Avg:  0.0, Max:  0.0, Diff:  0.0, Sum:  0.0, Workers: 4
[81.597s][debug][gc,phases      ] GC(77)     Dead                           Min: 0, Avg:  0.0, Max: 0, Diff: 0, Sum: 0, Workers: 4
[81.597s][debug][gc,phases      ] GC(77)     Total                          Min: 0, Avg:  0.0, Max: 0, Diff: 0, Sum: 0, Workers: 4
[81.597s][debug][gc,phases      ] GC(77)   StringDedup Requests1 Weak     Min:  0.0, Avg:  0.0, Max:  0.0, Diff:  0.0, Sum:  0.0, Workers: 4
[81.597s][debug][gc,phases      ] GC(77)     Dead                           Min: 0, Avg:  0.0, Max: 0, Diff: 0, Sum: 0, Workers: 4
[81.597s][debug][gc,phases      ] GC(77)     Total                          Min: 0, Avg:  0.0, Max: 0, Diff: 0, Sum: 0, Workers: 4
[81.597s][debug][gc,phases      ] GC(77)   Weak JFR Old Object Samples    Min:  0.0, Avg:  0.0, Max:  0.0, Diff:  0.0, Sum:  0.0, Workers: 4
[81.597s][debug][gc,phases      ] GC(77)     Dead                           Min: 0, Avg:  0.0, Max: 0, Diff: 0, Sum: 0, Workers: 4
[81.597s][debug][gc,phases      ] GC(77)     Total                          Min: 0, Avg:  0.0, Max: 0, Diff: 0, Sum: 0, Workers: 4
[81.597s][debug][gc,phases      ] GC(77) Weak Processing 0.815ms
[81.597s][debug][gc,age         ] GC(77) Desired survivor size 134742016 bytes, new threshold 15 (max threshold 15)
[81.597s][info ][gc,heap        ] GC(77) PSYoungGen: 1843888K(1944576K)->42816K(1965568K) Eden: 1800192K(1800192K)->0K(1827840K) From: 43696K(144384K)->42816K(137728K)
[81.597s][info ][gc,heap        ] GC(77) ParOldGen: 408013K(483328K)->409801K(483328K)
[81.597s][info ][gc,metaspace   ] GC(77) Metaspace: 79706K(80512K)->79706K(80512K) NonClass: 68427K(68864K)->68427K(68864K) Class: 11278K(11648K)->11278K(11648K)
[81.597s][info ][gc             ] GC(77) Pause Young (Allocation Failure) 2199M->442M(2391M) 59.141ms
[81.597s][info ][gc,cpu         ] GC(77) User=0.08s Sys=0.00s Real=0.06s
[81.597s][info ][safepoint      ] Safepoint "ParallelGCFailedAllocation", Time since last: 85562668 ns, Reaching safepoint: 18376001 ns, At safepoint: 59284495 ns, Total: 77660496 ns
[82.586s][info ][gc,start       ] GC(78) Pause Young (Allocation Failure)
[82.634s][debug][gc,phases      ] GC(78) Scavenge 47.827ms
[82.634s][debug][gc,ref         ] GC(78) Skipped phase 1 of Reference Processing: no references
[82.634s][debug][gc,ref         ] GC(78) ReferenceProcessor::execute queues: 1, RefProcThreadModel::Single, marks_oops_alive: false
[82.634s][debug][gc,ref         ] GC(78) Skipped phase 3 of Reference Processing: no references
[82.634s][debug][gc,ref         ] GC(78) ReferenceProcessor::execute queues: 1, RefProcThreadModel::Single, marks_oops_alive: false
[82.634s][debug][gc,phases      ] GC(78) Reference Processing 0.128ms
[82.635s][debug][gc,phases      ] GC(78)   VM Weak                        Min:  0.0, Avg:  0.0, Max:  0.0, Diff:  0.0, Sum:  0.0, Workers: 4
[82.635s][debug][gc,phases      ] GC(78)     Dead                           Min: 0, Avg:  0.0, Max: 0, Diff: 0, Sum: 0, Workers: 4
[82.635s][debug][gc,phases      ] GC(78)     Total                          Min: 0, Avg: 164.0, Max: 656, Diff: 656, Sum: 656, Workers: 4
[82.635s][debug][gc,phases      ] GC(78)   ObjectSynchronizer Weak        Min:  0.0, Avg:  0.0, Max:  0.0, Diff:  0.0, Sum:  0.0, Workers: 4
[82.635s][debug][gc,phases      ] GC(78)     Dead                           Min: 0, Avg:  0.0, Max: 0, Diff: 0, Sum: 0, Workers: 4
[82.635s][debug][gc,phases      ] GC(78)     Total                          Min: 0, Avg: 46.2, Max: 185, Diff: 185, Sum: 185, Workers: 4
[82.635s][debug][gc,phases      ] GC(78)   JVMTI Tag Weak OopStorage      Min:  0.0, Avg:  0.0, Max:  0.0, Diff:  0.0, Sum:  0.0, Workers: 4
[82.635s][debug][gc,phases      ] GC(78)     Dead                           Min: 0, Avg:  0.0, Max: 0, Diff: 0, Sum: 0, Workers: 4
[82.635s][debug][gc,phases      ] GC(78)     Total                          Min: 0, Avg:  0.0, Max: 0, Diff: 0, Sum: 0, Workers: 4
[82.635s][debug][gc,phases      ] GC(78)   StringTable Weak               Min:  0.0, Avg:  0.1, Max:  0.5, Diff:  0.5, Sum:  0.5, Workers: 4
[82.635s][debug][gc,phases      ] GC(78)     Dead                           Min: 0, Avg:  0.0, Max: 0, Diff: 0, Sum: 0, Workers: 4
[82.635s][debug][gc,phases      ] GC(78)     Total                          Min: 0, Avg: 11704.5, Max: 46818, Diff: 46818, Sum: 46818, Workers: 4
[82.635s][debug][gc,phases      ] GC(78)   ResolvedMethodTable Weak       Min:  0.0, Avg:  0.0, Max:  0.1, Diff:  0.1, Sum:  0.1, Workers: 4
[82.635s][debug][gc,phases      ] GC(78)     Dead                           Min: 0, Avg:  0.0, Max: 0, Diff: 0, Sum: 0, Workers: 4
[82.635s][debug][gc,phases      ] GC(78)     Total                          Min: 0, Avg: 1970.0, Max: 7880, Diff: 7880, Sum: 7880, Workers: 4
[82.635s][debug][gc,phases      ] GC(78)   JNI Weak                       Min:  0.0, Avg:  0.0, Max:  0.0, Diff:  0.0, Sum:  0.0, Workers: 4
[82.635s][debug][gc,phases      ] GC(78)     Dead                           Min: 0, Avg:  0.0, Max: 0, Diff: 0, Sum: 0, Workers: 4
[82.635s][debug][gc,phases      ] GC(78)     Total                          Min: 0, Avg:  1.2, Max: 5, Diff: 5, Sum: 5, Workers: 4
[82.635s][debug][gc,phases      ] GC(78)   StringDedup Table Weak         Min:  0.0, Avg:  0.0, Max:  0.0, Diff:  0.0, Sum:  0.0, Workers: 4
[82.635s][debug][gc,phases      ] GC(78)     Dead                           Min: 0, Avg:  0.0, Max: 0, Diff: 0, Sum: 0, Workers: 4
[82.635s][debug][gc,phases      ] GC(78)     Total                          Min: 0, Avg:  0.0, Max: 0, Diff: 0, Sum: 0, Workers: 4
[82.635s][debug][gc,phases      ] GC(78)   StringDedup Requests0 Weak     Min:  0.0, Avg:  0.0, Max:  0.0, Diff:  0.0, Sum:  0.0, Workers: 4
[82.635s][debug][gc,phases      ] GC(78)     Dead                           Min: 0, Avg:  0.0, Max: 0, Diff: 0, Sum: 0, Workers: 4
[82.635s][debug][gc,phases      ] GC(78)     Total                          Min: 0, Avg:  0.0, Max: 0, Diff: 0, Sum: 0, Workers: 4
[82.635s][debug][gc,phases      ] GC(78)   StringDedup Requests1 Weak     Min:  0.0, Avg:  0.0, Max:  0.0, Diff:  0.0, Sum:  0.0, Workers: 4
[82.635s][debug][gc,phases      ] GC(78)     Dead                           Min: 0, Avg:  0.0, Max: 0, Diff: 0, Sum: 0, Workers: 4
[82.635s][debug][gc,phases      ] GC(78)     Total                          Min: 0, Avg:  0.0, Max: 0, Diff: 0, Sum: 0, Workers: 4
[82.635s][debug][gc,phases      ] GC(78)   Weak JFR Old Object Samples    Min:  0.0, Avg:  0.0, Max:  0.0, Diff:  0.0, Sum:  0.0, Workers: 4
[82.635s][debug][gc,phases      ] GC(78)     Dead                           Min: 0, Avg:  0.0, Max: 0, Diff: 0, Sum: 0, Workers: 4
[82.635s][debug][gc,phases      ] GC(78)     Total                          Min: 0, Avg:  0.0, Max: 0, Diff: 0, Sum: 0, Workers: 4
[82.635s][debug][gc,phases      ] GC(78) Weak Processing 0.890ms
[82.635s][debug][gc,age         ] GC(78) Desired survivor size 128450560 bytes, new threshold 15 (max threshold 15)
[82.635s][info ][gc,heap        ] GC(78) PSYoungGen: 1870656K(1965568K)->42032K(1959424K) Eden: 1827840K(1827840K)->0K(1827840K) From: 42816K(137728K)->42032K(131584K)
[82.635s][info ][gc,heap        ] GC(78) ParOldGen: 409801K(483328K)->411774K(483328K)
[82.635s][info ][gc,metaspace   ] GC(78) Metaspace: 79739K(80512K)->79739K(80512K) NonClass: 68459K(68864K)->68459K(68864K) Class: 11280K(11648K)->11280K(11648K)
[82.635s][info ][gc             ] GC(78) Pause Young (Allocation Failure) 2227M->443M(2385M) 49.011ms
[82.635s][info ][gc,cpu         ] GC(78) User=0.06s Sys=0.00s Real=0.05s
[82.635s][info ][safepoint      ] Safepoint "ParallelGCFailedAllocation", Time since last: 965342367 ns, Reaching safepoint: 23434712 ns, At safepoint: 49158972 ns, Total: 72593684 ns
[83.650s][info ][safepoint      ] Safepoint "Cleanup", Time since last: 1002756070 ns, Reaching safepoint: 12119665 ns, At safepoint: 28800 ns, Total: 12148465 ns
[83.870s][info ][gc,start       ] GC(79) Pause Young (Allocation Failure)
[83.934s][debug][gc,phases      ] GC(79) Scavenge 63.891ms
[83.934s][debug][gc,ref         ] GC(79) Skipped phase 1 of Reference Processing: no references
[83.934s][debug][gc,ref         ] GC(79) ReferenceProcessor::execute queues: 1, RefProcThreadModel::Single, marks_oops_alive: false
[83.934s][debug][gc,ref         ] GC(79) Skipped phase 3 of Reference Processing: no references
[83.934s][debug][gc,ref         ] GC(79) ReferenceProcessor::execute queues: 1, RefProcThreadModel::Single, marks_oops_alive: false
[83.934s][debug][gc,phases      ] GC(79) Reference Processing 0.161ms
[83.935s][debug][gc,phases      ] GC(79)   VM Weak                        Min:  0.0, Avg:  0.0, Max:  0.0, Diff:  0.0, Sum:  0.0, Workers: 4
[83.935s][debug][gc,phases      ] GC(79)     Dead                           Min: 0, Avg:  0.0, Max: 0, Diff: 0, Sum: 0, Workers: 4
[83.935s][debug][gc,phases      ] GC(79)     Total                          Min: 0, Avg: 164.0, Max: 656, Diff: 656, Sum: 656, Workers: 4
[83.935s][debug][gc,phases      ] GC(79)   ObjectSynchronizer Weak        Min:  0.0, Avg:  0.0, Max:  0.0, Diff:  0.0, Sum:  0.0, Workers: 4
[83.935s][debug][gc,phases      ] GC(79)     Dead                           Min: 0, Avg:  0.0, Max: 0, Diff: 0, Sum: 0, Workers: 4
[83.935s][debug][gc,phases      ] GC(79)     Total                          Min: 0, Avg: 46.2, Max: 185, Diff: 185, Sum: 185, Workers: 4
[83.935s][debug][gc,phases      ] GC(79)   JVMTI Tag Weak OopStorage      Min:  0.0, Avg:  0.0, Max:  0.0, Diff:  0.0, Sum:  0.0, Workers: 4
[83.935s][debug][gc,phases      ] GC(79)     Dead                           Min: 0, Avg:  0.0, Max: 0, Diff: 0, Sum: 0, Workers: 4
[83.935s][debug][gc,phases      ] GC(79)     Total                          Min: 0, Avg:  0.0, Max: 0, Diff: 0, Sum: 0, Workers: 4
[83.935s][debug][gc,phases      ] GC(79)   StringTable Weak               Min:  0.0, Avg:  0.1, Max:  0.5, Diff:  0.5, Sum:  0.5, Workers: 4
[83.935s][debug][gc,phases      ] GC(79)     Dead                           Min: 0, Avg:  0.0, Max: 0, Diff: 0, Sum: 0, Workers: 4
[83.935s][debug][gc,phases      ] GC(79)     Total                          Min: 0, Avg: 11704.5, Max: 46818, Diff: 46818, Sum: 46818, Workers: 4
[83.935s][debug][gc,phases      ] GC(79)   ResolvedMethodTable Weak       Min:  0.0, Avg:  0.0, Max:  0.1, Diff:  0.1, Sum:  0.1, Workers: 4
[83.935s][debug][gc,phases      ] GC(79)     Dead                           Min: 0, Avg:  0.0, Max: 0, Diff: 0, Sum: 0, Workers: 4
[83.935s][debug][gc,phases      ] GC(79)     Total                          Min: 0, Avg: 1970.0, Max: 7880, Diff: 7880, Sum: 7880, Workers: 4
[83.935s][debug][gc,phases      ] GC(79)   JNI Weak                       Min:  0.0, Avg:  0.0, Max:  0.0, Diff:  0.0, Sum:  0.0, Workers: 4
[83.935s][debug][gc,phases      ] GC(79)     Dead                           Min: 0, Avg:  0.0, Max: 0, Diff: 0, Sum: 0, Workers: 4
[83.935s][debug][gc,phases      ] GC(79)     Total                          Min: 0, Avg:  1.5, Max: 6, Diff: 6, Sum: 6, Workers: 4
[83.935s][debug][gc,phases      ] GC(79)   StringDedup Table Weak         Min:  0.0, Avg:  0.0, Max:  0.0, Diff:  0.0, Sum:  0.0, Workers: 4
[83.935s][debug][gc,phases      ] GC(79)     Dead                           Min: 0, Avg:  0.0, Max: 0, Diff: 0, Sum: 0, Workers: 4
[83.935s][debug][gc,phases      ] GC(79)     Total                          Min: 0, Avg:  0.0, Max: 0, Diff: 0, Sum: 0, Workers: 4
[83.935s][debug][gc,phases      ] GC(79)   StringDedup Requests0 Weak     Min:  0.0, Avg:  0.0, Max:  0.0, Diff:  0.0, Sum:  0.0, Workers: 4
[83.935s][debug][gc,phases      ] GC(79)     Dead                           Min: 0, Avg:  0.0, Max: 0, Diff: 0, Sum: 0, Workers: 4
[83.935s][debug][gc,phases      ] GC(79)     Total                          Min: 0, Avg:  0.0, Max: 0, Diff: 0, Sum: 0, Workers: 4
[83.935s][debug][gc,phases      ] GC(79)   StringDedup Requests1 Weak     Min:  0.0, Avg:  0.0, Max:  0.0, Diff:  0.0, Sum:  0.0, Workers: 4
[83.935s][debug][gc,phases      ] GC(79)     Dead                           Min: 0, Avg:  0.0, Max: 0, Diff: 0, Sum: 0, Workers: 4
[83.935s][debug][gc,phases      ] GC(79)     Total                          Min: 0, Avg:  0.0, Max: 0, Diff: 0, Sum: 0, Workers: 4
[83.935s][debug][gc,phases      ] GC(79)   Weak JFR Old Object Samples    Min:  0.0, Avg:  0.0, Max:  0.0, Diff:  0.0, Sum:  0.0, Workers: 4
[83.935s][debug][gc,phases      ] GC(79)     Dead                           Min: 0, Avg:  0.0, Max: 0, Diff: 0, Sum: 0, Workers: 4
[83.935s][debug][gc,phases      ] GC(79)     Total                          Min: 0, Avg:  0.0, Max: 0, Diff: 0, Sum: 0, Workers: 4
[83.935s][debug][gc,phases      ] GC(79) Weak Processing 0.828ms
[83.935s][debug][gc,age         ] GC(79) Desired survivor size 124256256 bytes, new threshold 15 (max threshold 15)
[83.935s][info ][gc,heap        ] GC(79) PSYoungGen: 1869872K(1959424K)->32896K(1975808K) Eden: 1827840K(1827840K)->0K(1850368K) From: 42032K(131584K)->32896K(125440K)
[83.935s][info ][gc,heap        ] GC(79) ParOldGen: 411774K(483328K)->422014K(483328K)
[83.935s][info ][gc,metaspace   ] GC(79) Metaspace: 79745K(80512K)->79745K(80512K) NonClass: 68464K(68864K)->68464K(68864K) Class: 11280K(11648K)->11280K(11648K)
[83.935s][info ][gc             ] GC(79) Pause Young (Allocation Failure) 2228M->444M(2401M) 65.049ms
[83.935s][info ][gc,cpu         ] GC(79) User=0.06s Sys=0.00s Real=0.07s
[83.935s][info ][safepoint      ] Safepoint "ParallelGCFailedAllocation", Time since last: 214467877 ns, Reaching safepoint: 5406018 ns, At safepoint: 65183421 ns, Total: 70589439 ns
[85.023s][info ][gc,start       ] GC(80) Pause Young (Allocation Failure)
[85.070s][debug][gc,phases      ] GC(80) Scavenge 46.839ms
[85.070s][debug][gc,ref         ] GC(80) Skipped phase 1 of Reference Processing: no references
[85.070s][debug][gc,ref         ] GC(80) ReferenceProcessor::execute queues: 1, RefProcThreadModel::Single, marks_oops_alive: false
[85.070s][debug][gc,ref         ] GC(80) Skipped phase 3 of Reference Processing: no references
[85.070s][debug][gc,ref         ] GC(80) ReferenceProcessor::execute queues: 1, RefProcThreadModel::Single, marks_oops_alive: false
[85.070s][debug][gc,phases      ] GC(80) Reference Processing 0.153ms
[85.071s][debug][gc,phases      ] GC(80)   VM Weak                        Min:  0.0, Avg:  0.0, Max:  0.0, Diff:  0.0, Sum:  0.0, Workers: 4
[85.071s][debug][gc,phases      ] GC(80)     Dead                           Min: 0, Avg:  0.0, Max: 0, Diff: 0, Sum: 0, Workers: 4
[85.071s][debug][gc,phases      ] GC(80)     Total                          Min: 0, Avg: 164.0, Max: 656, Diff: 656, Sum: 656, Workers: 4
[85.071s][debug][gc,phases      ] GC(80)   ObjectSynchronizer Weak        Min:  0.0, Avg:  0.0, Max:  0.0, Diff:  0.0, Sum:  0.0, Workers: 4
[85.071s][debug][gc,phases      ] GC(80)     Dead                           Min: 0, Avg:  0.0, Max: 0, Diff: 0, Sum: 0, Workers: 4
[85.071s][debug][gc,phases      ] GC(80)     Total                          Min: 0, Avg: 46.2, Max: 185, Diff: 185, Sum: 185, Workers: 4
[85.071s][debug][gc,phases      ] GC(80)   JVMTI Tag Weak OopStorage      Min:  0.0, Avg:  0.0, Max:  0.0, Diff:  0.0, Sum:  0.0, Workers: 4
[85.071s][debug][gc,phases      ] GC(80)     Dead                           Min: 0, Avg:  0.0, Max: 0, Diff: 0, Sum: 0, Workers: 4
[85.071s][debug][gc,phases      ] GC(80)     Total                          Min: 0, Avg:  0.0, Max: 0, Diff: 0, Sum: 0, Workers: 4
[85.071s][debug][gc,phases      ] GC(80)   StringTable Weak               Min:  0.0, Avg:  0.1, Max:  0.4, Diff:  0.4, Sum:  0.4, Workers: 4
[85.071s][debug][gc,phases      ] GC(80)     Dead                           Min: 0, Avg:  0.0, Max: 0, Diff: 0, Sum: 0, Workers: 4
[85.071s][debug][gc,phases      ] GC(80)     Total                          Min: 0, Avg: 11705.2, Max: 46821, Diff: 46821, Sum: 46821, Workers: 4
[85.071s][debug][gc,phases      ] GC(80)   ResolvedMethodTable Weak       Min:  0.0, Avg:  0.0, Max:  0.1, Diff:  0.1, Sum:  0.1, Workers: 4
[85.071s][debug][gc,phases      ] GC(80)     Dead                           Min: 0, Avg:  0.0, Max: 0, Diff: 0, Sum: 0, Workers: 4
[85.071s][debug][gc,phases      ] GC(80)     Total                          Min: 0, Avg: 1970.0, Max: 7880, Diff: 7880, Sum: 7880, Workers: 4
[85.071s][debug][gc,phases      ] GC(80)   JNI Weak                       Min:  0.0, Avg:  0.0, Max:  0.0, Diff:  0.0, Sum:  0.0, Workers: 4
[85.071s][debug][gc,phases      ] GC(80)     Dead                           Min: 0, Avg:  0.0, Max: 0, Diff: 0, Sum: 0, Workers: 4
[85.071s][debug][gc,phases      ] GC(80)     Total                          Min: 0, Avg:  0.5, Max: 2, Diff: 2, Sum: 2, Workers: 4
[85.071s][debug][gc,phases      ] GC(80)   StringDedup Table Weak         Min:  0.0, Avg:  0.0, Max:  0.0, Diff:  0.0, Sum:  0.0, Workers: 4
[85.071s][debug][gc,phases      ] GC(80)     Dead                           Min: 0, Avg:  0.0, Max: 0, Diff: 0, Sum: 0, Workers: 4
[85.071s][debug][gc,phases      ] GC(80)     Total                          Min: 0, Avg:  0.0, Max: 0, Diff: 0, Sum: 0, Workers: 4
[85.071s][debug][gc,phases      ] GC(80)   StringDedup Requests0 Weak     Min:  0.0, Avg:  0.0, Max:  0.0, Diff:  0.0, Sum:  0.0, Workers: 4
[85.071s][debug][gc,phases      ] GC(80)     Dead                           Min: 0, Avg:  0.0, Max: 0, Diff: 0, Sum: 0, Workers: 4
[85.071s][debug][gc,phases      ] GC(80)     Total                          Min: 0, Avg:  0.0, Max: 0, Diff: 0, Sum: 0, Workers: 4
[85.071s][debug][gc,phases      ] GC(80)   StringDedup Requests1 Weak     Min:  0.0, Avg:  0.0, Max:  0.0, Diff:  0.0, Sum:  0.0, Workers: 4
[85.071s][debug][gc,phases      ] GC(80)     Dead                           Min: 0, Avg:  0.0, Max: 0, Diff: 0, Sum: 0, Workers: 4
[85.071s][debug][gc,phases      ] GC(80)     Total                          Min: 0, Avg:  0.0, Max: 0, Diff: 0, Sum: 0, Workers: 4
[85.071s][debug][gc,phases      ] GC(80)   Weak JFR Old Object Samples    Min:  0.0, Avg:  0.0, Max:  0.0, Diff:  0.0, Sum:  0.0, Workers: 4
[85.071s][debug][gc,phases      ] GC(80)     Dead                           Min: 0, Avg:  0.0, Max: 0, Diff: 0, Sum: 0, Workers: 4
[85.071s][debug][gc,phases      ] GC(80)     Total                          Min: 0, Avg:  0.0, Max: 0, Diff: 0, Sum: 0, Workers: 4
[85.071s][debug][gc,phases      ] GC(80) Weak Processing 0.794ms
[85.071s][debug][gc,age         ] GC(80) Desired survivor size 121110528 bytes, new threshold 15 (max threshold 15)
[85.071s][info ][gc,heap        ] GC(80) PSYoungGen: 1883264K(1975808K)->28752K(1971712K) Eden: 1850368K(1850368K)->0K(1850368K) From: 32896K(125440K)->28752K(121344K)
[85.071s][info ][gc,heap        ] GC(80) ParOldGen: 422014K(483328K)->427450K(483328K)
[85.071s][info ][gc,metaspace   ] GC(80) Metaspace: 79760K(80576K)->79760K(80576K) NonClass: 68479K(68928K)->68479K(68928K) Class: 11280K(11648K)->11280K(11648K)
[85.071s][info ][gc             ] GC(80) Pause Young (Allocation Failure) 2251M->445M(2397M) 47.957ms
[85.071s][info ][gc,cpu         ] GC(80) User=0.06s Sys=0.00s Real=0.05s
[85.071s][info ][safepoint      ] Safepoint "ParallelGCFailedAllocation", Time since last: 1076740365 ns, Reaching safepoint: 11614453 ns, At safepoint: 48100047 ns, Total: 59714500 ns
[86.078s][info ][safepoint      ] Safepoint "Cleanup", Time since last: 1000087180 ns, Reaching safepoint: 6424840 ns, At safepoint: 27301 ns, Total: 6452141 ns
[86.146s][info ][gc,start       ] GC(81) Pause Young (Allocation Failure)
[86.178s][debug][gc,phases      ] GC(81) Scavenge 31.881ms
[86.178s][debug][gc,ref         ] GC(81) Skipped phase 1 of Reference Processing: no references
[86.178s][debug][gc,ref         ] GC(81) ReferenceProcessor::execute queues: 1, RefProcThreadModel::Single, marks_oops_alive: false
[86.178s][debug][gc,ref         ] GC(81) Skipped phase 3 of Reference Processing: no references
[86.178s][debug][gc,ref         ] GC(81) ReferenceProcessor::execute queues: 1, RefProcThreadModel::Single, marks_oops_alive: false
[86.178s][debug][gc,phases      ] GC(81) Reference Processing 0.153ms
[86.179s][debug][gc,phases      ] GC(81)   VM Weak                        Min:  0.0, Avg:  0.0, Max:  0.0, Diff:  0.0, Sum:  0.0, Workers: 4
[86.179s][debug][gc,phases      ] GC(81)     Dead                           Min: 0, Avg:  0.0, Max: 0, Diff: 0, Sum: 0, Workers: 4
[86.179s][debug][gc,phases      ] GC(81)     Total                          Min: 0, Avg: 164.0, Max: 656, Diff: 656, Sum: 656, Workers: 4
[86.179s][debug][gc,phases      ] GC(81)   ObjectSynchronizer Weak        Min:  0.0, Avg:  0.0, Max:  0.0, Diff:  0.0, Sum:  0.0, Workers: 4
[86.179s][debug][gc,phases      ] GC(81)     Dead                           Min: 0, Avg:  0.0, Max: 0, Diff: 0, Sum: 0, Workers: 4
[86.179s][debug][gc,phases      ] GC(81)     Total                          Min: 0, Avg: 46.2, Max: 185, Diff: 185, Sum: 185, Workers: 4
[86.179s][debug][gc,phases      ] GC(81)   JVMTI Tag Weak OopStorage      Min:  0.0, Avg:  0.0, Max:  0.0, Diff:  0.0, Sum:  0.0, Workers: 4
[86.179s][debug][gc,phases      ] GC(81)     Dead                           Min: 0, Avg:  0.0, Max: 0, Diff: 0, Sum: 0, Workers: 4
[86.179s][debug][gc,phases      ] GC(81)     Total                          Min: 0, Avg:  0.0, Max: 0, Diff: 0, Sum: 0, Workers: 4
[86.179s][debug][gc,phases      ] GC(81)   StringTable Weak               Min:  0.0, Avg:  0.1, Max:  0.4, Diff:  0.4, Sum:  0.5, Workers: 4
[86.179s][debug][gc,phases      ] GC(81)     Dead                           Min: 0, Avg:  0.0, Max: 0, Diff: 0, Sum: 0, Workers: 4
[86.179s][debug][gc,phases      ] GC(81)     Total                          Min: 0, Avg: 11708.2, Max: 43648, Diff: 43648, Sum: 46833, Workers: 4
[86.179s][debug][gc,phases      ] GC(81)   ResolvedMethodTable Weak       Min:  0.0, Avg:  0.0, Max:  0.0, Diff:  0.0, Sum:  0.1, Workers: 4
[86.179s][debug][gc,phases      ] GC(81)     Dead                           Min: 0, Avg:  0.0, Max: 0, Diff: 0, Sum: 0, Workers: 4
[86.179s][debug][gc,phases      ] GC(81)     Total                          Min: 0, Avg: 1970.0, Max: 3976, Diff: 3976, Sum: 7880, Workers: 4
[86.179s][debug][gc,phases      ] GC(81)   JNI Weak                       Min:  0.0, Avg:  0.0, Max:  0.0, Diff:  0.0, Sum:  0.0, Workers: 4
[86.179s][debug][gc,phases      ] GC(81)     Dead                           Min: 0, Avg:  0.0, Max: 0, Diff: 0, Sum: 0, Workers: 4
[86.179s][debug][gc,phases      ] GC(81)     Total                          Min: 0, Avg:  0.8, Max: 3, Diff: 3, Sum: 3, Workers: 4
[86.179s][debug][gc,phases      ] GC(81)   StringDedup Table Weak         Min:  0.0, Avg:  0.0, Max:  0.0, Diff:  0.0, Sum:  0.0, Workers: 4
[86.179s][debug][gc,phases      ] GC(81)     Dead                           Min: 0, Avg:  0.0, Max: 0, Diff: 0, Sum: 0, Workers: 4
[86.179s][debug][gc,phases      ] GC(81)     Total                          Min: 0, Avg:  0.0, Max: 0, Diff: 0, Sum: 0, Workers: 4
[86.179s][debug][gc,phases      ] GC(81)   StringDedup Requests0 Weak     Min:  0.0, Avg:  0.0, Max:  0.0, Diff:  0.0, Sum:  0.0, Workers: 4
[86.179s][debug][gc,phases      ] GC(81)     Dead                           Min: 0, Avg:  0.0, Max: 0, Diff: 0, Sum: 0, Workers: 4
[86.179s][debug][gc,phases      ] GC(81)     Total                          Min: 0, Avg:  0.0, Max: 0, Diff: 0, Sum: 0, Workers: 4
[86.179s][debug][gc,phases      ] GC(81)   StringDedup Requests1 Weak     Min:  0.0, Avg:  0.0, Max:  0.0, Diff:  0.0, Sum:  0.0, Workers: 4
[86.179s][debug][gc,phases      ] GC(81)     Dead                           Min: 0, Avg:  0.0, Max: 0, Diff: 0, Sum: 0, Workers: 4
[86.179s][debug][gc,phases      ] GC(81)     Total                          Min: 0, Avg:  0.0, Max: 0, Diff: 0, Sum: 0, Workers: 4
[86.179s][debug][gc,phases      ] GC(81)   Weak JFR Old Object Samples    Min:  0.0, Avg:  0.0, Max:  0.0, Diff:  0.0, Sum:  0.0, Workers: 4
[86.179s][debug][gc,phases      ] GC(81)     Dead                           Min: 0, Avg:  0.0, Max: 0, Diff: 0, Sum: 0, Workers: 4
[86.179s][debug][gc,phases      ] GC(81)     Total                          Min: 0, Avg:  0.0, Max: 0, Diff: 0, Sum: 0, Workers: 4
[86.179s][debug][gc,phases      ] GC(81) Weak Processing 0.751ms
[86.179s][debug][gc,age         ] GC(81) Desired survivor size 117964800 bytes, new threshold 15 (max threshold 15)
[86.179s][info ][gc,heap        ] GC(81) PSYoungGen: 1879120K(1971712K)->24608K(1981952K) Eden: 1850368K(1850368K)->0K(1863680K) From: 28752K(121344K)->24608K(118272K)
[86.179s][info ][gc,heap        ] GC(81) ParOldGen: 427450K(483328K)->433670K(483328K)
[86.179s][info ][gc,metaspace   ] GC(81) Metaspace: 79767K(80576K)->79767K(80576K) NonClass: 68486K(68928K)->68486K(68928K) Class: 11280K(11648K)->11280K(11648K)
[86.179s][info ][gc             ] GC(81) Pause Young (Allocation Failure) 2252M->447M(2407M) 32.956ms
[86.179s][info ][gc,cpu         ] GC(81) User=0.05s Sys=0.00s Real=0.03s
[86.179s][info ][safepoint      ] Safepoint "ParallelGCFailedAllocation", Time since last: 60635719 ns, Reaching safepoint: 7186957 ns, At safepoint: 33086220 ns, Total: 40273177 ns
[87.082s][info ][gc,start       ] GC(82) Pause Young (Allocation Failure)
[87.140s][debug][gc,phases      ] GC(82) Scavenge 57.883ms
[87.140s][debug][gc,ref         ] GC(82) Skipped phase 1 of Reference Processing: no references
[87.140s][debug][gc,ref         ] GC(82) ReferenceProcessor::execute queues: 1, RefProcThreadModel::Single, marks_oops_alive: false
[87.140s][debug][gc,ref         ] GC(82) Skipped phase 3 of Reference Processing: no references
[87.140s][debug][gc,ref         ] GC(82) ReferenceProcessor::execute queues: 1, RefProcThreadModel::Single, marks_oops_alive: false
[87.140s][debug][gc,phases      ] GC(82) Reference Processing 0.126ms
[87.141s][debug][gc,phases      ] GC(82)   VM Weak                        Min:  0.0, Avg:  0.0, Max:  0.0, Diff:  0.0, Sum:  0.0, Workers: 4
[87.141s][debug][gc,phases      ] GC(82)     Dead                           Min: 0, Avg:  0.0, Max: 0, Diff: 0, Sum: 0, Workers: 4
[87.141s][debug][gc,phases      ] GC(82)     Total                          Min: 0, Avg: 164.0, Max: 656, Diff: 656, Sum: 656, Workers: 4
[87.141s][debug][gc,phases      ] GC(82)   ObjectSynchronizer Weak        Min:  0.0, Avg:  0.0, Max:  0.0, Diff:  0.0, Sum:  0.0, Workers: 4
[87.141s][debug][gc,phases      ] GC(82)     Dead                           Min: 0, Avg:  0.0, Max: 0, Diff: 0, Sum: 0, Workers: 4
[87.141s][debug][gc,phases      ] GC(82)     Total                          Min: 0, Avg: 46.2, Max: 185, Diff: 185, Sum: 185, Workers: 4
[87.141s][debug][gc,phases      ] GC(82)   JVMTI Tag Weak OopStorage      Min:  0.0, Avg:  0.0, Max:  0.0, Diff:  0.0, Sum:  0.0, Workers: 4
[87.141s][debug][gc,phases      ] GC(82)     Dead                           Min: 0, Avg:  0.0, Max: 0, Diff: 0, Sum: 0, Workers: 4
[87.141s][debug][gc,phases      ] GC(82)     Total                          Min: 0, Avg:  0.0, Max: 0, Diff: 0, Sum: 0, Workers: 4
[87.141s][debug][gc,phases      ] GC(82)   StringTable Weak               Min:  0.0, Avg:  0.1, Max:  0.5, Diff:  0.5, Sum:  0.5, Workers: 4
[87.141s][debug][gc,phases      ] GC(82)     Dead                           Min: 0, Avg:  0.0, Max: 0, Diff: 0, Sum: 0, Workers: 4
[87.141s][debug][gc,phases      ] GC(82)     Total                          Min: 0, Avg: 11711.2, Max: 46845, Diff: 46845, Sum: 46845, Workers: 4
[87.141s][debug][gc,phases      ] GC(82)   ResolvedMethodTable Weak       Min:  0.0, Avg:  0.0, Max:  0.1, Diff:  0.1, Sum:  0.1, Workers: 4
[87.141s][debug][gc,phases      ] GC(82)     Dead                           Min: 0, Avg:  0.0, Max: 0, Diff: 0, Sum: 0, Workers: 4
[87.141s][debug][gc,phases      ] GC(82)     Total                          Min: 0, Avg: 1970.0, Max: 7880, Diff: 7880, Sum: 7880, Workers: 4
[87.141s][debug][gc,phases      ] GC(82)   JNI Weak                       Min:  0.0, Avg:  0.0, Max:  0.0, Diff:  0.0, Sum:  0.0, Workers: 4
[87.141s][debug][gc,phases      ] GC(82)     Dead                           Min: 0, Avg:  0.0, Max: 0, Diff: 0, Sum: 0, Workers: 4
[87.141s][debug][gc,phases      ] GC(82)     Total                          Min: 0, Avg:  0.5, Max: 2, Diff: 2, Sum: 2, Workers: 4
[87.141s][debug][gc,phases      ] GC(82)   StringDedup Table Weak         Min:  0.0, Avg:  0.0, Max:  0.0, Diff:  0.0, Sum:  0.0, Workers: 4
[87.141s][debug][gc,phases      ] GC(82)     Dead                           Min: 0, Avg:  0.0, Max: 0, Diff: 0, Sum: 0, Workers: 4
[87.141s][debug][gc,phases      ] GC(82)     Total                          Min: 0, Avg:  0.0, Max: 0, Diff: 0, Sum: 0, Workers: 4
[87.141s][debug][gc,phases      ] GC(82)   StringDedup Requests0 Weak     Min:  0.0, Avg:  0.0, Max:  0.0, Diff:  0.0, Sum:  0.0, Workers: 4
[87.141s][debug][gc,phases      ] GC(82)     Dead                           Min: 0, Avg:  0.0, Max: 0, Diff: 0, Sum: 0, Workers: 4
[87.141s][debug][gc,phases      ] GC(82)     Total                          Min: 0, Avg:  0.0, Max: 0, Diff: 0, Sum: 0, Workers: 4
[87.141s][debug][gc,phases      ] GC(82)   StringDedup Requests1 Weak     Min:  0.0, Avg:  0.0, Max:  0.0, Diff:  0.0, Sum:  0.0, Workers: 4
[87.141s][debug][gc,phases      ] GC(82)     Dead                           Min: 0, Avg:  0.0, Max: 0, Diff: 0, Sum: 0, Workers: 4
[87.141s][debug][gc,phases      ] GC(82)     Total                          Min: 0, Avg:  0.0, Max: 0, Diff: 0, Sum: 0, Workers: 4
[87.141s][debug][gc,phases      ] GC(82)   Weak JFR Old Object Samples    Min:  0.0, Avg:  0.0, Max:  0.0, Diff:  0.0, Sum:  0.0, Workers: 4
[87.141s][debug][gc,phases      ] GC(82)     Dead                           Min: 0, Avg:  0.0, Max: 0, Diff: 0, Sum: 0, Workers: 4
[87.141s][debug][gc,phases      ] GC(82)     Total                          Min: 0, Avg:  0.0, Max: 0, Diff: 0, Sum: 0, Workers: 4
[87.141s][debug][gc,phases      ] GC(82) Weak Processing 0.819ms
[87.141s][debug][gc,age         ] GC(82) Desired survivor size 113770496 bytes, new threshold 15 (max threshold 15)
[87.141s][info ][gc,heap        ] GC(82) PSYoungGen: 1888288K(1981952K)->28512K(1978880K) Eden: 1863680K(1863680K)->0K(1863680K) From: 24608K(118272K)->28512K(115200K)
[87.141s][info ][gc,heap        ] GC(82) ParOldGen: 433670K(483328K)->438975K(483328K)
[87.141s][info ][gc,metaspace   ] GC(82) Metaspace: 79783K(80576K)->79783K(80576K) NonClass: 68502K(68928K)->68502K(68928K) Class: 11280K(11648K)->11280K(11648K)
[87.141s][info ][gc             ] GC(82) Pause Young (Allocation Failure) 2267M->456M(2404M) 58.982ms
[87.141s][info ][gc,cpu         ] GC(82) User=0.08s Sys=0.00s Real=0.06s
[87.141s][info ][safepoint      ] Safepoint "ParallelGCFailedAllocation", Time since last: 893437445 ns, Reaching safepoint: 9613010 ns, At safepoint: 59122586 ns, Total: 68735596 ns
[87.838s][info ][gc,start       ] GC(83) Pause Young (Allocation Failure)
[87.882s][debug][gc,phases      ] GC(83) Scavenge 43.814ms
[87.882s][debug][gc,ref         ] GC(83) Skipped phase 1 of Reference Processing: no references
[87.882s][debug][gc,ref         ] GC(83) ReferenceProcessor::execute queues: 1, RefProcThreadModel::Single, marks_oops_alive: false
[87.882s][debug][gc,ref         ] GC(83) Skipped phase 3 of Reference Processing: no references
[87.882s][debug][gc,ref         ] GC(83) ReferenceProcessor::execute queues: 1, RefProcThreadModel::Single, marks_oops_alive: false
[87.882s][debug][gc,phases      ] GC(83) Reference Processing 0.150ms
[87.883s][debug][gc,phases      ] GC(83)   VM Weak                        Min:  0.0, Avg:  0.0, Max:  0.0, Diff:  0.0, Sum:  0.0, Workers: 4
[87.883s][debug][gc,phases      ] GC(83)     Dead                           Min: 0, Avg:  0.0, Max: 0, Diff: 0, Sum: 0, Workers: 4
[87.883s][debug][gc,phases      ] GC(83)     Total                          Min: 0, Avg: 164.0, Max: 336, Diff: 336, Sum: 656, Workers: 4
[87.883s][debug][gc,phases      ] GC(83)   ObjectSynchronizer Weak        Min:  0.0, Avg:  0.0, Max:  0.0, Diff:  0.0, Sum:  0.0, Workers: 4
[87.883s][debug][gc,phases      ] GC(83)     Dead                           Min: 0, Avg:  0.0, Max: 0, Diff: 0, Sum: 0, Workers: 4
[87.883s][debug][gc,phases      ] GC(83)     Total                          Min: 0, Avg: 46.2, Max: 121, Diff: 121, Sum: 185, Workers: 4
[87.883s][debug][gc,phases      ] GC(83)   JVMTI Tag Weak OopStorage      Min:  0.0, Avg:  0.0, Max:  0.0, Diff:  0.0, Sum:  0.0, Workers: 4
[87.883s][debug][gc,phases      ] GC(83)     Dead                           Min: 0, Avg:  0.0, Max: 0, Diff: 0, Sum: 0, Workers: 4
[87.883s][debug][gc,phases      ] GC(83)     Total                          Min: 0, Avg:  0.0, Max: 0, Diff: 0, Sum: 0, Workers: 4
[87.883s][debug][gc,phases      ] GC(83)   StringTable Weak               Min:  0.0, Avg:  0.1, Max:  0.2, Diff:  0.2, Sum:  0.5, Workers: 4
[87.883s][debug][gc,phases      ] GC(83)     Dead                           Min: 0, Avg:  0.0, Max: 0, Diff: 0, Sum: 0, Workers: 4
[87.883s][debug][gc,phases      ] GC(83)     Total                          Min: 0, Avg: 11719.0, Max: 23836, Diff: 23836, Sum: 46876, Workers: 4
[87.883s][debug][gc,phases      ] GC(83)   ResolvedMethodTable Weak       Min:  0.0, Avg:  0.0, Max:  0.0, Diff:  0.0, Sum:  0.1, Workers: 4
[87.883s][debug][gc,phases      ] GC(83)     Dead                           Min: 0, Avg:  0.0, Max: 0, Diff: 0, Sum: 0, Workers: 4
[87.883s][debug][gc,phases      ] GC(83)     Total                          Min: 0, Avg: 1970.2, Max: 4287, Diff: 4287, Sum: 7881, Workers: 4
[87.883s][debug][gc,phases      ] GC(83)   JNI Weak                       Min:  0.0, Avg:  0.0, Max:  0.0, Diff:  0.0, Sum:  0.0, Workers: 4
[87.883s][debug][gc,phases      ] GC(83)     Dead                           Min: 0, Avg:  0.0, Max: 0, Diff: 0, Sum: 0, Workers: 4
[87.883s][debug][gc,phases      ] GC(83)     Total                          Min: 0, Avg:  1.8, Max: 7, Diff: 7, Sum: 7, Workers: 4
[87.883s][debug][gc,phases      ] GC(83)   StringDedup Table Weak         Min:  0.0, Avg:  0.0, Max:  0.0, Diff:  0.0, Sum:  0.0, Workers: 4
[87.883s][debug][gc,phases      ] GC(83)     Dead                           Min: 0, Avg:  0.0, Max: 0, Diff: 0, Sum: 0, Workers: 4
[87.883s][debug][gc,phases      ] GC(83)     Total                          Min: 0, Avg:  0.0, Max: 0, Diff: 0, Sum: 0, Workers: 4
[87.883s][debug][gc,phases      ] GC(83)   StringDedup Requests0 Weak     Min:  0.0, Avg:  0.0, Max:  0.0, Diff:  0.0, Sum:  0.0, Workers: 4
[87.883s][debug][gc,phases      ] GC(83)     Dead                           Min: 0, Avg:  0.0, Max: 0, Diff: 0, Sum: 0, Workers: 4
[87.883s][debug][gc,phases      ] GC(83)     Total                          Min: 0, Avg:  0.0, Max: 0, Diff: 0, Sum: 0, Workers: 4
[87.883s][debug][gc,phases      ] GC(83)   StringDedup Requests1 Weak     Min:  0.0, Avg:  0.0, Max:  0.0, Diff:  0.0, Sum:  0.0, Workers: 4
[87.883s][debug][gc,phases      ] GC(83)     Dead                           Min: 0, Avg:  0.0, Max: 0, Diff: 0, Sum: 0, Workers: 4
[87.883s][debug][gc,phases      ] GC(83)     Total                          Min: 0, Avg:  0.0, Max: 0, Diff: 0, Sum: 0, Workers: 4
[87.883s][debug][gc,phases      ] GC(83)   Weak JFR Old Object Samples    Min:  0.0, Avg:  0.0, Max:  0.0, Diff:  0.0, Sum:  0.0, Workers: 4
[87.883s][debug][gc,phases      ] GC(83)     Dead                           Min: 0, Avg:  0.0, Max: 0, Diff: 0, Sum: 0, Workers: 4
[87.883s][debug][gc,phases      ] GC(83)     Total                          Min: 0, Avg:  0.0, Max: 0, Diff: 0, Sum: 0, Workers: 4
[87.883s][debug][gc,phases      ] GC(83) Weak Processing 0.823ms
[87.883s][debug][gc,age         ] GC(83) Desired survivor size 110624768 bytes, new threshold 15 (max threshold 15)
[87.883s][info ][gc,heap        ] GC(83) PSYoungGen: 1892192K(1978880K)->23136K(1989120K) Eden: 1863680K(1863680K)->0K(1878016K) From: 28512K(115200K)->23136K(111104K)
[87.883s][info ][gc,heap        ] GC(83) ParOldGen: 438975K(483328K)->445823K(483328K)
[87.883s][info ][gc,metaspace   ] GC(83) Metaspace: 79868K(80640K)->79868K(80640K) NonClass: 68579K(68992K)->68579K(68992K) Class: 11289K(11648K)->11289K(11648K)
[87.883s][info ][gc             ] GC(83) Pause Young (Allocation Failure) 2276M->457M(2414M) 44.962ms
[87.883s][info ][gc,cpu         ] GC(83) User=0.11s Sys=0.00s Real=0.04s
[87.883s][info ][safepoint      ] Safepoint "ParallelGCFailedAllocation", Time since last: 691065133 ns, Reaching safepoint: 5727724 ns, At safepoint: 45092181 ns, Total: 50819905 ns
[88.666s][info ][gc,start       ] GC(84) Pause Young (Allocation Failure)
[88.722s][debug][gc,phases      ] GC(84) Scavenge 55.909ms
[88.722s][debug][gc,ref         ] GC(84) Skipped phase 1 of Reference Processing: no references
[88.722s][debug][gc,ref         ] GC(84) ReferenceProcessor::execute queues: 1, RefProcThreadModel::Single, marks_oops_alive: false
[88.722s][debug][gc,ref         ] GC(84) Skipped phase 3 of Reference Processing: no references
[88.722s][debug][gc,ref         ] GC(84) Skipped phase 4 of Reference Processing: no references
[88.722s][debug][gc,phases      ] GC(84) Reference Processing 0.154ms
[88.723s][debug][gc,phases      ] GC(84)   VM Weak                        Min:  0.0, Avg:  0.0, Max:  0.0, Diff:  0.0, Sum:  0.0, Workers: 4
[88.723s][debug][gc,phases      ] GC(84)     Dead                           Min: 0, Avg:  0.0, Max: 0, Diff: 0, Sum: 0, Workers: 4
[88.723s][debug][gc,phases      ] GC(84)     Total                          Min: 0, Avg: 164.0, Max: 656, Diff: 656, Sum: 656, Workers: 4
[88.723s][debug][gc,phases      ] GC(84)   ObjectSynchronizer Weak        Min:  0.0, Avg:  0.0, Max:  0.0, Diff:  0.0, Sum:  0.0, Workers: 4
[88.723s][debug][gc,phases      ] GC(84)     Dead                           Min: 0, Avg:  0.0, Max: 0, Diff: 0, Sum: 0, Workers: 4
[88.723s][debug][gc,phases      ] GC(84)     Total                          Min: 0, Avg: 46.2, Max: 185, Diff: 185, Sum: 185, Workers: 4
[88.723s][debug][gc,phases      ] GC(84)   JVMTI Tag Weak OopStorage      Min:  0.0, Avg:  0.0, Max:  0.0, Diff:  0.0, Sum:  0.0, Workers: 4
[88.723s][debug][gc,phases      ] GC(84)     Dead                           Min: 0, Avg:  0.0, Max: 0, Diff: 0, Sum: 0, Workers: 4
[88.723s][debug][gc,phases      ] GC(84)     Total                          Min: 0, Avg:  0.0, Max: 0, Diff: 0, Sum: 0, Workers: 4
[88.723s][debug][gc,phases      ] GC(84)   StringTable Weak               Min:  0.0, Avg:  0.1, Max:  0.5, Diff:  0.5, Sum:  0.5, Workers: 4
[88.723s][debug][gc,phases      ] GC(84)     Dead                           Min: 0, Avg:  0.0, Max: 0, Diff: 0, Sum: 0, Workers: 4
[88.723s][debug][gc,phases      ] GC(84)     Total                          Min: 0, Avg: 11721.0, Max: 46884, Diff: 46884, Sum: 46884, Workers: 4
[88.723s][debug][gc,phases      ] GC(84)   ResolvedMethodTable Weak       Min:  0.0, Avg:  0.0, Max:  0.1, Diff:  0.1, Sum:  0.1, Workers: 4
[88.723s][debug][gc,phases      ] GC(84)     Dead                           Min: 0, Avg:  0.0, Max: 0, Diff: 0, Sum: 0, Workers: 4
[88.723s][debug][gc,phases      ] GC(84)     Total                          Min: 0, Avg: 1970.2, Max: 7881, Diff: 7881, Sum: 7881, Workers: 4
[88.723s][debug][gc,phases      ] GC(84)   JNI Weak                       Min:  0.0, Avg:  0.0, Max:  0.0, Diff:  0.0, Sum:  0.0, Workers: 4
[88.723s][debug][gc,phases      ] GC(84)     Dead                           Min: 0, Avg:  0.0, Max: 0, Diff: 0, Sum: 0, Workers: 4
[88.723s][debug][gc,phases      ] GC(84)     Total                          Min: 0, Avg:  0.0, Max: 0, Diff: 0, Sum: 0, Workers: 4
[88.723s][debug][gc,phases      ] GC(84)   StringDedup Table Weak         Min:  0.0, Avg:  0.0, Max:  0.0, Diff:  0.0, Sum:  0.0, Workers: 4
[88.723s][debug][gc,phases      ] GC(84)     Dead                           Min: 0, Avg:  0.0, Max: 0, Diff: 0, Sum: 0, Workers: 4
[88.723s][debug][gc,phases      ] GC(84)     Total                          Min: 0, Avg:  0.0, Max: 0, Diff: 0, Sum: 0, Workers: 4
[88.723s][debug][gc,phases      ] GC(84)   StringDedup Requests0 Weak     Min:  0.0, Avg:  0.0, Max:  0.0, Diff:  0.0, Sum:  0.0, Workers: 4
[88.723s][debug][gc,phases      ] GC(84)     Dead                           Min: 0, Avg:  0.0, Max: 0, Diff: 0, Sum: 0, Workers: 4
[88.723s][debug][gc,phases      ] GC(84)     Total                          Min: 0, Avg:  0.0, Max: 0, Diff: 0, Sum: 0, Workers: 4
[88.723s][debug][gc,phases      ] GC(84)   StringDedup Requests1 Weak     Min:  0.0, Avg:  0.0, Max:  0.0, Diff:  0.0, Sum:  0.0, Workers: 4
[88.723s][debug][gc,phases      ] GC(84)     Dead                           Min: 0, Avg:  0.0, Max: 0, Diff: 0, Sum: 0, Workers: 4
[88.723s][debug][gc,phases      ] GC(84)     Total                          Min: 0, Avg:  0.0, Max: 0, Diff: 0, Sum: 0, Workers: 4
[88.723s][debug][gc,phases      ] GC(84)   Weak JFR Old Object Samples    Min:  0.0, Avg:  0.0, Max:  0.0, Diff:  0.0, Sum:  0.0, Workers: 4
[88.723s][debug][gc,phases      ] GC(84)     Dead                           Min: 0, Avg:  0.0, Max: 0, Diff: 0, Sum: 0, Workers: 4
[88.723s][debug][gc,phases      ] GC(84)     Total                          Min: 0, Avg:  0.0, Max: 0, Diff: 0, Sum: 0, Workers: 4
[88.723s][debug][gc,phases      ] GC(84) Weak Processing 0.904ms
[88.723s][debug][gc,age         ] GC(84) Desired survivor size 108003328 bytes, new threshold 15 (max threshold 15)
[88.723s][info ][gc,heap        ] GC(84) PSYoungGen: 1901152K(1989120K)->18640K(1986048K) Eden: 1878016K(1878016K)->0K(1878016K) From: 23136K(111104K)->18640K(108032K)
[88.723s][info ][gc,heap        ] GC(84) ParOldGen: 445823K(483328K)->451019K(483328K)
[88.723s][info ][gc,metaspace   ] GC(84) Metaspace: 79869K(80640K)->79869K(80640K) NonClass: 68579K(68992K)->68579K(68992K) Class: 11289K(11648K)->11289K(11648K)
[88.723s][info ][gc             ] GC(84) Pause Young (Allocation Failure) 2291M->458M(2411M) 57.143ms
[88.723s][info ][gc,cpu         ] GC(84) User=0.06s Sys=0.00s Real=0.05s
[88.723s][info ][safepoint      ] Safepoint "ParallelGCFailedAllocation", Time since last: 768037998 ns, Reaching safepoint: 14778622 ns, At safepoint: 57294645 ns, Total: 72073267 ns
[89.506s][info ][gc,start       ] GC(85) Pause Young (Allocation Failure)
[89.546s][debug][gc,phases      ] GC(85) Scavenge 39.884ms
[89.546s][debug][gc,ref         ] GC(85) Skipped phase 1 of Reference Processing: no references
[89.546s][debug][gc,ref         ] GC(85) ReferenceProcessor::execute queues: 1, RefProcThreadModel::Single, marks_oops_alive: false
[89.546s][debug][gc,ref         ] GC(85) Skipped phase 3 of Reference Processing: no references
[89.546s][debug][gc,ref         ] GC(85) Skipped phase 4 of Reference Processing: no references
[89.546s][debug][gc,phases      ] GC(85) Reference Processing 0.146ms
[89.547s][debug][gc,phases      ] GC(85)   VM Weak                        Min:  0.0, Avg:  0.0, Max:  0.0, Diff:  0.0, Sum:  0.0, Workers: 4
[89.547s][debug][gc,phases      ] GC(85)     Dead                           Min: 0, Avg:  0.0, Max: 0, Diff: 0, Sum: 0, Workers: 4
[89.547s][debug][gc,phases      ] GC(85)     Total                          Min: 0, Avg: 164.0, Max: 656, Diff: 656, Sum: 656, Workers: 4
[89.547s][debug][gc,phases      ] GC(85)   ObjectSynchronizer Weak        Min:  0.0, Avg:  0.0, Max:  0.0, Diff:  0.0, Sum:  0.0, Workers: 4
[89.547s][debug][gc,phases      ] GC(85)     Dead                           Min: 0, Avg:  0.0, Max: 0, Diff: 0, Sum: 0, Workers: 4
[89.547s][debug][gc,phases      ] GC(85)     Total                          Min: 0, Avg: 46.2, Max: 185, Diff: 185, Sum: 185, Workers: 4
[89.547s][debug][gc,phases      ] GC(85)   JVMTI Tag Weak OopStorage      Min:  0.0, Avg:  0.0, Max:  0.0, Diff:  0.0, Sum:  0.0, Workers: 4
[89.547s][debug][gc,phases      ] GC(85)     Dead                           Min: 0, Avg:  0.0, Max: 0, Diff: 0, Sum: 0, Workers: 4
[89.547s][debug][gc,phases      ] GC(85)     Total                          Min: 0, Avg:  0.0, Max: 0, Diff: 0, Sum: 0, Workers: 4
[89.547s][debug][gc,phases      ] GC(85)   StringTable Weak               Min:  0.0, Avg:  0.1, Max:  0.5, Diff:  0.5, Sum:  0.5, Workers: 4
[89.547s][debug][gc,phases      ] GC(85)     Dead                           Min: 0, Avg:  0.0, Max: 0, Diff: 0, Sum: 0, Workers: 4
[89.547s][debug][gc,phases      ] GC(85)     Total                          Min: 0, Avg: 11723.5, Max: 46894, Diff: 46894, Sum: 46894, Workers: 4
[89.547s][debug][gc,phases      ] GC(85)   ResolvedMethodTable Weak       Min:  0.0, Avg:  0.0, Max:  0.1, Diff:  0.1, Sum:  0.1, Workers: 4
[89.547s][debug][gc,phases      ] GC(85)     Dead                           Min: 0, Avg:  0.0, Max: 0, Diff: 0, Sum: 0, Workers: 4
[89.547s][debug][gc,phases      ] GC(85)     Total                          Min: 0, Avg: 1970.2, Max: 7881, Diff: 7881, Sum: 7881, Workers: 4
[89.547s][debug][gc,phases      ] GC(85)   JNI Weak                       Min:  0.0, Avg:  0.0, Max:  0.0, Diff:  0.0, Sum:  0.0, Workers: 4
[89.547s][debug][gc,phases      ] GC(85)     Dead                           Min: 0, Avg:  0.0, Max: 0, Diff: 0, Sum: 0, Workers: 4
[89.547s][debug][gc,phases      ] GC(85)     Total                          Min: 0, Avg:  1.0, Max: 4, Diff: 4, Sum: 4, Workers: 4
[89.547s][debug][gc,phases      ] GC(85)   StringDedup Table Weak         Min:  0.0, Avg:  0.0, Max:  0.0, Diff:  0.0, Sum:  0.0, Workers: 4
[89.547s][debug][gc,phases      ] GC(85)     Dead                           Min: 0, Avg:  0.0, Max: 0, Diff: 0, Sum: 0, Workers: 4
[89.547s][debug][gc,phases      ] GC(85)     Total                          Min: 0, Avg:  0.0, Max: 0, Diff: 0, Sum: 0, Workers: 4
[89.547s][debug][gc,phases      ] GC(85)   StringDedup Requests0 Weak     Min:  0.0, Avg:  0.0, Max:  0.0, Diff:  0.0, Sum:  0.0, Workers: 4
[89.547s][debug][gc,phases      ] GC(85)     Dead                           Min: 0, Avg:  0.0, Max: 0, Diff: 0, Sum: 0, Workers: 4
[89.547s][debug][gc,phases      ] GC(85)     Total                          Min: 0, Avg:  0.0, Max: 0, Diff: 0, Sum: 0, Workers: 4
[89.547s][debug][gc,phases      ] GC(85)   StringDedup Requests1 Weak     Min:  0.0, Avg:  0.0, Max:  0.0, Diff:  0.0, Sum:  0.0, Workers: 4
[89.547s][debug][gc,phases      ] GC(85)     Dead                           Min: 0, Avg:  0.0, Max: 0, Diff: 0, Sum: 0, Workers: 4
[89.547s][debug][gc,phases      ] GC(85)     Total                          Min: 0, Avg:  0.0, Max: 0, Diff: 0, Sum: 0, Workers: 4
[89.547s][debug][gc,phases      ] GC(85)   Weak JFR Old Object Samples    Min:  0.0, Avg:  0.0, Max:  0.0, Diff:  0.0, Sum:  0.0, Workers: 4
[89.547s][debug][gc,phases      ] GC(85)     Dead                           Min: 0, Avg:  0.0, Max: 0, Diff: 0, Sum: 0, Workers: 4
[89.547s][debug][gc,phases      ] GC(85)     Total                          Min: 0, Avg:  0.0, Max: 0, Diff: 0, Sum: 0, Workers: 4
[89.547s][debug][gc,phases      ] GC(85) Weak Processing 0.885ms
[89.547s][debug][gc,age         ] GC(85) Desired survivor size 104857600 bytes, new threshold 15 (max threshold 15)
[89.547s][info ][gc,heap        ] GC(85) PSYoungGen: 1896656K(1986048K)->18704K(1994752K) Eden: 1878016K(1878016K)->0K(1889280K) From: 18640K(108032K)->18704K(105472K)
[89.547s][info ][gc,heap        ] GC(85) ParOldGen: 451019K(483328K)->451459K(483328K)
[89.547s][info ][gc,metaspace   ] GC(85) Metaspace: 79869K(80640K)->79869K(80640K) NonClass: 68579K(68992K)->68579K(68992K) Class: 11289K(11648K)->11289K(11648K)
[89.547s][info ][gc             ] GC(85) Pause Young (Allocation Failure) 2292M->459M(2420M) 41.093ms
[89.547s][info ][gc,cpu         ] GC(85) User=0.06s Sys=0.00s Real=0.04s
[89.547s][info ][safepoint      ] Safepoint "ParallelGCFailedAllocation", Time since last: 768786507 ns, Reaching safepoint: 13941703 ns, At safepoint: 41243796 ns, Total: 55185499 ns
[90.193s][info ][gc,start       ] GC(86) Pause Young (Allocation Failure)
[90.226s][debug][gc,phases      ] GC(86) Scavenge 32.865ms
[90.226s][debug][gc,ref         ] GC(86) Skipped phase 1 of Reference Processing: no references
[90.226s][debug][gc,ref         ] GC(86) ReferenceProcessor::execute queues: 1, RefProcThreadModel::Single, marks_oops_alive: false
[90.226s][debug][gc,ref         ] GC(86) Skipped phase 3 of Reference Processing: no references
[90.226s][debug][gc,ref         ] GC(86) Skipped phase 4 of Reference Processing: no references
[90.226s][debug][gc,phases      ] GC(86) Reference Processing 0.141ms
[90.227s][debug][gc,phases      ] GC(86)   VM Weak                        Min:  0.0, Avg:  0.0, Max:  0.0, Diff:  0.0, Sum:  0.0, Workers: 4
[90.227s][debug][gc,phases      ] GC(86)     Dead                           Min: 0, Avg:  0.0, Max: 0, Diff: 0, Sum: 0, Workers: 4
[90.227s][debug][gc,phases      ] GC(86)     Total                          Min: 0, Avg: 164.0, Max: 656, Diff: 656, Sum: 656, Workers: 4
[90.227s][debug][gc,phases      ] GC(86)   ObjectSynchronizer Weak        Min:  0.0, Avg:  0.0, Max:  0.0, Diff:  0.0, Sum:  0.0, Workers: 4
[90.227s][debug][gc,phases      ] GC(86)     Dead                           Min: 0, Avg:  0.0, Max: 0, Diff: 0, Sum: 0, Workers: 4
[90.227s][debug][gc,phases      ] GC(86)     Total                          Min: 0, Avg: 46.2, Max: 185, Diff: 185, Sum: 185, Workers: 4
[90.227s][debug][gc,phases      ] GC(86)   JVMTI Tag Weak OopStorage      Min:  0.0, Avg:  0.0, Max:  0.0, Diff:  0.0, Sum:  0.0, Workers: 4
[90.227s][debug][gc,phases      ] GC(86)     Dead                           Min: 0, Avg:  0.0, Max: 0, Diff: 0, Sum: 0, Workers: 4
[90.227s][debug][gc,phases      ] GC(86)     Total                          Min: 0, Avg:  0.0, Max: 0, Diff: 0, Sum: 0, Workers: 4
[90.227s][debug][gc,phases      ] GC(86)   StringTable Weak               Min:  0.0, Avg:  0.1, Max:  0.4, Diff:  0.4, Sum:  0.5, Workers: 4
[90.227s][debug][gc,phases      ] GC(86)     Dead                           Min: 0, Avg:  0.0, Max: 0, Diff: 0, Sum: 0, Workers: 4
[90.227s][debug][gc,phases      ] GC(86)     Total                          Min: 0, Avg: 11725.5, Max: 46902, Diff: 46902, Sum: 46902, Workers: 4
[90.227s][debug][gc,phases      ] GC(86)   ResolvedMethodTable Weak       Min:  0.0, Avg:  0.0, Max:  0.1, Diff:  0.1, Sum:  0.1, Workers: 4
[90.227s][debug][gc,phases      ] GC(86)     Dead                           Min: 0, Avg:  0.0, Max: 0, Diff: 0, Sum: 0, Workers: 4
[90.227s][debug][gc,phases      ] GC(86)     Total                          Min: 0, Avg: 1970.2, Max: 7881, Diff: 7881, Sum: 7881, Workers: 4
[90.227s][debug][gc,phases      ] GC(86)   JNI Weak                       Min:  0.0, Avg:  0.0, Max:  0.0, Diff:  0.0, Sum:  0.0, Workers: 4
[90.227s][debug][gc,phases      ] GC(86)     Dead                           Min: 0, Avg:  0.0, Max: 0, Diff: 0, Sum: 0, Workers: 4
[90.227s][debug][gc,phases      ] GC(86)     Total                          Min: 0, Avg:  0.2, Max: 1, Diff: 1, Sum: 1, Workers: 4
[90.227s][debug][gc,phases      ] GC(86)   StringDedup Table Weak         Min:  0.0, Avg:  0.0, Max:  0.0, Diff:  0.0, Sum:  0.0, Workers: 4
[90.227s][debug][gc,phases      ] GC(86)     Dead                           Min: 0, Avg:  0.0, Max: 0, Diff: 0, Sum: 0, Workers: 4
[90.227s][debug][gc,phases      ] GC(86)     Total                          Min: 0, Avg:  0.0, Max: 0, Diff: 0, Sum: 0, Workers: 4
[90.227s][debug][gc,phases      ] GC(86)   StringDedup Requests0 Weak     Min:  0.0, Avg:  0.0, Max:  0.0, Diff:  0.0, Sum:  0.0, Workers: 4
[90.227s][debug][gc,phases      ] GC(86)     Dead                           Min: 0, Avg:  0.0, Max: 0, Diff: 0, Sum: 0, Workers: 4
[90.227s][debug][gc,phases      ] GC(86)     Total                          Min: 0, Avg:  0.0, Max: 0, Diff: 0, Sum: 0, Workers: 4
[90.227s][debug][gc,phases      ] GC(86)   StringDedup Requests1 Weak     Min:  0.0, Avg:  0.0, Max:  0.0, Diff:  0.0, Sum:  0.0, Workers: 4
[90.227s][debug][gc,phases      ] GC(86)     Dead                           Min: 0, Avg:  0.0, Max: 0, Diff: 0, Sum: 0, Workers: 4
[90.227s][debug][gc,phases      ] GC(86)     Total                          Min: 0, Avg:  0.0, Max: 0, Diff: 0, Sum: 0, Workers: 4
[90.227s][debug][gc,phases      ] GC(86)   Weak JFR Old Object Samples    Min:  0.0, Avg:  0.0, Max:  0.0, Diff:  0.0, Sum:  0.0, Workers: 4
[90.227s][debug][gc,phases      ] GC(86)     Dead                           Min: 0, Avg:  0.0, Max: 0, Diff: 0, Sum: 0, Workers: 4
[90.227s][debug][gc,phases      ] GC(86)     Total                          Min: 0, Avg:  0.0, Max: 0, Diff: 0, Sum: 0, Workers: 4
[90.227s][debug][gc,phases      ] GC(86) Weak Processing 0.807ms
[90.227s][debug][gc,age         ] GC(86) Desired survivor size 101711872 bytes, new threshold 15 (max threshold 15)
[90.227s][info ][gc,heap        ] GC(86) PSYoungGen: 1907984K(1994752K)->18672K(1991680K) Eden: 1889280K(1889280K)->0K(1889280K) From: 18704K(105472K)->18672K(102400K)
[90.227s][info ][gc,heap        ] GC(86) ParOldGen: 451459K(483328K)->451835K(483328K)
[90.227s][info ][gc,metaspace   ] GC(86) Metaspace: 79870K(80640K)->79870K(80640K) NonClass: 68581K(68992K)->68581K(68992K) Class: 11289K(11648K)->11289K(11648K)
[90.227s][info ][gc             ] GC(86) Pause Young (Allocation Failure) 2304M->459M(2417M) 33.981ms
[90.227s][info ][gc,cpu         ] GC(86) User=0.06s Sys=0.00s Real=0.04s
[90.227s][info ][safepoint      ] Safepoint "ParallelGCFailedAllocation", Time since last: 643300674 ns, Reaching safepoint: 2506454 ns, At safepoint: 34117441 ns, Total: 36623895 ns
[90.994s][info ][gc,start       ] GC(87) Pause Young (Allocation Failure)
[91.042s][debug][gc,phases      ] GC(87) Scavenge 47.721ms
[91.042s][debug][gc,ref         ] GC(87) Skipped phase 1 of Reference Processing: no references
[91.042s][debug][gc,ref         ] GC(87) ReferenceProcessor::execute queues: 1, RefProcThreadModel::Single, marks_oops_alive: false
[91.042s][debug][gc,ref         ] GC(87) Skipped phase 3 of Reference Processing: no references
[91.042s][debug][gc,ref         ] GC(87) Skipped phase 4 of Reference Processing: no references
[91.042s][debug][gc,phases      ] GC(87) Reference Processing 0.156ms
[91.043s][debug][gc,phases      ] GC(87)   VM Weak                        Min:  0.0, Avg:  0.0, Max:  0.0, Diff:  0.0, Sum:  0.0, Workers: 4
[91.043s][debug][gc,phases      ] GC(87)     Dead                           Min: 0, Avg:  0.0, Max: 0, Diff: 0, Sum: 0, Workers: 4
[91.043s][debug][gc,phases      ] GC(87)     Total                          Min: 0, Avg: 164.0, Max: 656, Diff: 656, Sum: 656, Workers: 4
[91.043s][debug][gc,phases      ] GC(87)   ObjectSynchronizer Weak        Min:  0.0, Avg:  0.0, Max:  0.0, Diff:  0.0, Sum:  0.0, Workers: 4
[91.043s][debug][gc,phases      ] GC(87)     Dead                           Min: 0, Avg:  0.0, Max: 0, Diff: 0, Sum: 0, Workers: 4
[91.043s][debug][gc,phases      ] GC(87)     Total                          Min: 0, Avg: 46.2, Max: 185, Diff: 185, Sum: 185, Workers: 4
[91.043s][debug][gc,phases      ] GC(87)   JVMTI Tag Weak OopStorage      Min:  0.0, Avg:  0.0, Max:  0.0, Diff:  0.0, Sum:  0.0, Workers: 4
[91.043s][debug][gc,phases      ] GC(87)     Dead                           Min: 0, Avg:  0.0, Max: 0, Diff: 0, Sum: 0, Workers: 4
[91.043s][debug][gc,phases      ] GC(87)     Total                          Min: 0, Avg:  0.0, Max: 0, Diff: 0, Sum: 0, Workers: 4
[91.043s][debug][gc,phases      ] GC(87)   StringTable Weak               Min:  0.0, Avg:  0.1, Max:  0.5, Diff:  0.5, Sum:  0.5, Workers: 4
[91.043s][debug][gc,phases      ] GC(87)     Dead                           Min: 0, Avg:  0.0, Max: 0, Diff: 0, Sum: 0, Workers: 4
[91.043s][debug][gc,phases      ] GC(87)     Total                          Min: 0, Avg: 11725.8, Max: 46903, Diff: 46903, Sum: 46903, Workers: 4
[91.043s][debug][gc,phases      ] GC(87)   ResolvedMethodTable Weak       Min:  0.0, Avg:  0.0, Max:  0.1, Diff:  0.1, Sum:  0.1, Workers: 4
[91.043s][debug][gc,phases      ] GC(87)     Dead                           Min: 0, Avg:  0.0, Max: 0, Diff: 0, Sum: 0, Workers: 4
[91.043s][debug][gc,phases      ] GC(87)     Total                          Min: 0, Avg: 1970.2, Max: 7881, Diff: 7881, Sum: 7881, Workers: 4
[91.043s][debug][gc,phases      ] GC(87)   JNI Weak                       Min:  0.0, Avg:  0.0, Max:  0.0, Diff:  0.0, Sum:  0.0, Workers: 4
[91.043s][debug][gc,phases      ] GC(87)     Dead                           Min: 0, Avg:  0.0, Max: 0, Diff: 0, Sum: 0, Workers: 4
[91.043s][debug][gc,phases      ] GC(87)     Total                          Min: 0, Avg:  0.0, Max: 0, Diff: 0, Sum: 0, Workers: 4
[91.043s][debug][gc,phases      ] GC(87)   StringDedup Table Weak         Min:  0.0, Avg:  0.0, Max:  0.0, Diff:  0.0, Sum:  0.0, Workers: 4
[91.043s][debug][gc,phases      ] GC(87)     Dead                           Min: 0, Avg:  0.0, Max: 0, Diff: 0, Sum: 0, Workers: 4
[91.043s][debug][gc,phases      ] GC(87)     Total                          Min: 0, Avg:  0.0, Max: 0, Diff: 0, Sum: 0, Workers: 4
[91.043s][debug][gc,phases      ] GC(87)   StringDedup Requests0 Weak     Min:  0.0, Avg:  0.0, Max:  0.0, Diff:  0.0, Sum:  0.0, Workers: 4
[91.043s][debug][gc,phases      ] GC(87)     Dead                           Min: 0, Avg:  0.0, Max: 0, Diff: 0, Sum: 0, Workers: 4
[91.043s][debug][gc,phases      ] GC(87)     Total                          Min: 0, Avg:  0.0, Max: 0, Diff: 0, Sum: 0, Workers: 4
[91.043s][debug][gc,phases      ] GC(87)   StringDedup Requests1 Weak     Min:  0.0, Avg:  0.0, Max:  0.0, Diff:  0.0, Sum:  0.0, Workers: 4
[91.043s][debug][gc,phases      ] GC(87)     Dead                           Min: 0, Avg:  0.0, Max: 0, Diff: 0, Sum: 0, Workers: 4
[91.043s][debug][gc,phases      ] GC(87)     Total                          Min: 0, Avg:  0.0, Max: 0, Diff: 0, Sum: 0, Workers: 4
[91.043s][debug][gc,phases      ] GC(87)   Weak JFR Old Object Samples    Min:  0.0, Avg:  0.0, Max:  0.0, Diff:  0.0, Sum:  0.0, Workers: 4
[91.043s][debug][gc,phases      ] GC(87)     Dead                           Min: 0, Avg:  0.0, Max: 0, Diff: 0, Sum: 0, Workers: 4
[91.043s][debug][gc,phases      ] GC(87)     Total                          Min: 0, Avg:  0.0, Max: 0, Diff: 0, Sum: 0, Workers: 4
[91.043s][debug][gc,phases      ] GC(87) Weak Processing 0.847ms
[91.043s][debug][gc,age         ] GC(87) Desired survivor size 98041856 bytes, new threshold 15 (max threshold 15)
[91.043s][info ][gc,heap        ] GC(87) PSYoungGen: 1907952K(1991680K)->18448K(2001408K) Eden: 1889280K(1889280K)->0K(1902080K) From: 18672K(102400K)->18448K(99328K)
[91.043s][info ][gc,heap        ] GC(87) ParOldGen: 451835K(483328K)->452195K(483328K)
[91.043s][info ][gc,metaspace   ] GC(87) Metaspace: 79870K(80640K)->79870K(80640K) NonClass: 68581K(68992K)->68581K(68992K) Class: 11289K(11648K)->11289K(11648K)
[91.043s][info ][gc             ] GC(87) Pause Young (Allocation Failure) 2304M->459M(2426M) 48.912ms
[91.043s][info ][gc,cpu         ] GC(87) User=0.06s Sys=0.00s Real=0.04s
[91.043s][info ][safepoint      ] Safepoint "ParallelGCFailedAllocation", Time since last: 759656294 ns, Reaching safepoint: 7327960 ns, At safepoint: 49063564 ns, Total: 56391524 ns
[91.778s][info ][gc,start       ] GC(88) Pause Young (Allocation Failure)
[91.818s][debug][gc,phases      ] GC(88) Scavenge 39.572ms
[91.818s][debug][gc,ref         ] GC(88) Skipped phase 1 of Reference Processing: no references
[91.818s][debug][gc,ref         ] GC(88) ReferenceProcessor::execute queues: 1, RefProcThreadModel::Single, marks_oops_alive: false
[91.818s][debug][gc,ref         ] GC(88) Skipped phase 3 of Reference Processing: no references
[91.818s][debug][gc,ref         ] GC(88) Skipped phase 4 of Reference Processing: no references
[91.818s][debug][gc,phases      ] GC(88) Reference Processing 0.151ms
[91.822s][debug][gc,phases      ] GC(88)   VM Weak                        Min:  0.0, Avg:  0.0, Max:  0.0, Diff:  0.0, Sum:  0.0, Workers: 4
[91.822s][debug][gc,phases      ] GC(88)     Dead                           Min: 0, Avg:  0.0, Max: 0, Diff: 0, Sum: 0, Workers: 4
[91.822s][debug][gc,phases      ] GC(88)     Total                          Min: 0, Avg: 164.0, Max: 656, Diff: 656, Sum: 656, Workers: 4
[91.822s][debug][gc,phases      ] GC(88)   ObjectSynchronizer Weak        Min:  0.0, Avg:  0.0, Max:  0.0, Diff:  0.0, Sum:  0.0, Workers: 4
[91.822s][debug][gc,phases      ] GC(88)     Dead                           Min: 0, Avg:  0.0, Max: 0, Diff: 0, Sum: 0, Workers: 4
[91.822s][debug][gc,phases      ] GC(88)     Total                          Min: 0, Avg: 46.2, Max: 185, Diff: 185, Sum: 185, Workers: 4
[91.822s][debug][gc,phases      ] GC(88)   JVMTI Tag Weak OopStorage      Min:  0.0, Avg:  0.0, Max:  0.0, Diff:  0.0, Sum:  0.0, Workers: 4
[91.822s][debug][gc,phases      ] GC(88)     Dead                           Min: 0, Avg:  0.0, Max: 0, Diff: 0, Sum: 0, Workers: 4
[91.822s][debug][gc,phases      ] GC(88)     Total                          Min: 0, Avg:  0.0, Max: 0, Diff: 0, Sum: 0, Workers: 4
[91.822s][debug][gc,phases      ] GC(88)   StringTable Weak               Min:  0.0, Avg:  0.2, Max:  0.6, Diff:  0.6, Sum:  0.6, Workers: 4
[91.822s][debug][gc,phases      ] GC(88)     Dead                           Min: 0, Avg:  0.0, Max: 0, Diff: 0, Sum: 0, Workers: 4
[91.822s][debug][gc,phases      ] GC(88)     Total                          Min: 0, Avg: 11726.5, Max: 46906, Diff: 46906, Sum: 46906, Workers: 4
[91.822s][debug][gc,phases      ] GC(88)   ResolvedMethodTable Weak       Min:  0.0, Avg:  0.0, Max:  0.1, Diff:  0.1, Sum:  0.1, Workers: 4
[91.822s][debug][gc,phases      ] GC(88)     Dead                           Min: 0, Avg:  0.0, Max: 0, Diff: 0, Sum: 0, Workers: 4
[91.822s][debug][gc,phases      ] GC(88)     Total                          Min: 0, Avg: 1970.2, Max: 7881, Diff: 7881, Sum: 7881, Workers: 4
[91.822s][debug][gc,phases      ] GC(88)   JNI Weak                       Min:  0.0, Avg:  0.0, Max:  0.0, Diff:  0.0, Sum:  0.0, Workers: 4
[91.822s][debug][gc,phases      ] GC(88)     Dead                           Min: 0, Avg:  0.0, Max: 0, Diff: 0, Sum: 0, Workers: 4
[91.822s][debug][gc,phases      ] GC(88)     Total                          Min: 0, Avg:  2.0, Max: 8, Diff: 8, Sum: 8, Workers: 4
[91.822s][debug][gc,phases      ] GC(88)   StringDedup Table Weak         Min:  0.0, Avg:  0.0, Max:  0.0, Diff:  0.0, Sum:  0.0, Workers: 4
[91.822s][debug][gc,phases      ] GC(88)     Dead                           Min: 0, Avg:  0.0, Max: 0, Diff: 0, Sum: 0, Workers: 4
[91.822s][debug][gc,phases      ] GC(88)     Total                          Min: 0, Avg:  0.0, Max: 0, Diff: 0, Sum: 0, Workers: 4
[91.822s][debug][gc,phases      ] GC(88)   StringDedup Requests0 Weak     Min:  0.0, Avg:  0.0, Max:  0.0, Diff:  0.0, Sum:  0.0, Workers: 4
[91.822s][debug][gc,phases      ] GC(88)     Dead                           Min: 0, Avg:  0.0, Max: 0, Diff: 0, Sum: 0, Workers: 4
[91.822s][debug][gc,phases      ] GC(88)     Total                          Min: 0, Avg:  0.0, Max: 0, Diff: 0, Sum: 0, Workers: 4
[91.822s][debug][gc,phases      ] GC(88)   StringDedup Requests1 Weak     Min:  0.0, Avg:  0.0, Max:  0.0, Diff:  0.0, Sum:  0.0, Workers: 4
[91.822s][debug][gc,phases      ] GC(88)     Dead                           Min: 0, Avg:  0.0, Max: 0, Diff: 0, Sum: 0, Workers: 4
[91.822s][debug][gc,phases      ] GC(88)     Total                          Min: 0, Avg:  0.0, Max: 0, Diff: 0, Sum: 0, Workers: 4
[91.822s][debug][gc,phases      ] GC(88)   Weak JFR Old Object Samples    Min:  0.0, Avg:  0.0, Max:  0.0, Diff:  0.0, Sum:  0.0, Workers: 4
[91.822s][debug][gc,phases      ] GC(88)     Dead                           Min: 0, Avg:  0.0, Max: 0, Diff: 0, Sum: 0, Workers: 4
[91.822s][debug][gc,phases      ] GC(88)     Total                          Min: 0, Avg:  0.0, Max: 0, Diff: 0, Sum: 0, Workers: 4
[91.822s][debug][gc,phases      ] GC(88) Weak Processing 4.081ms
[91.822s][debug][gc,age         ] GC(88) Desired survivor size 94371840 bytes, new threshold 15 (max threshold 15)
[91.822s][info ][gc,heap        ] GC(88) PSYoungGen: 1920528K(2001408K)->18688K(1997824K) Eden: 1902080K(1902080K)->0K(1902080K) From: 18448K(99328K)->18688K(95744K)
[91.822s][info ][gc,heap        ] GC(88) ParOldGen: 452195K(483328K)->452403K(483328K)
[91.822s][info ][gc,metaspace   ] GC(88) Metaspace: 79878K(80640K)->79878K(80640K) NonClass: 68588K(68992K)->68588K(68992K) Class: 11289K(11648K)->11289K(11648K)
[91.822s][info ][gc             ] GC(88) Pause Young (Allocation Failure) 2317M->460M(2423M) 43.986ms
[91.822s][info ][gc,cpu         ] GC(88) User=0.10s Sys=0.00s Real=0.04s
[91.822s][info ][safepoint      ] Safepoint "ParallelGCFailedAllocation", Time since last: 723734506 ns, Reaching safepoint: 11351547 ns, At safepoint: 44125057 ns, Total: 55476604 ns
[92.658s][info ][gc,start       ] GC(89) Pause Young (Allocation Failure)
[92.677s][debug][gc,phases      ] GC(89) Scavenge 18.526ms
[92.677s][debug][gc,ref         ] GC(89) Skipped phase 1 of Reference Processing: no references
[92.677s][debug][gc,ref         ] GC(89) ReferenceProcessor::execute queues: 1, RefProcThreadModel::Single, marks_oops_alive: false
[92.677s][debug][gc,ref         ] GC(89) Skipped phase 3 of Reference Processing: no references
[92.677s][debug][gc,ref         ] GC(89) Skipped phase 4 of Reference Processing: no references
[92.677s][debug][gc,phases      ] GC(89) Reference Processing 0.107ms
[92.682s][debug][gc,phases      ] GC(89)   VM Weak                        Min:  0.0, Avg:  0.0, Max:  0.0, Diff:  0.0, Sum:  0.0, Workers: 4
[92.682s][debug][gc,phases      ] GC(89)     Dead                           Min: 0, Avg:  0.0, Max: 0, Diff: 0, Sum: 0, Workers: 4
[92.682s][debug][gc,phases      ] GC(89)     Total                          Min: 0, Avg: 164.0, Max: 656, Diff: 656, Sum: 656, Workers: 4
[92.682s][debug][gc,phases      ] GC(89)   ObjectSynchronizer Weak        Min:  0.0, Avg:  0.0, Max:  0.0, Diff:  0.0, Sum:  0.0, Workers: 4
[92.682s][debug][gc,phases      ] GC(89)     Dead                           Min: 0, Avg:  0.0, Max: 0, Diff: 0, Sum: 0, Workers: 4
[92.682s][debug][gc,phases      ] GC(89)     Total                          Min: 0, Avg: 46.2, Max: 185, Diff: 185, Sum: 185, Workers: 4
[92.682s][debug][gc,phases      ] GC(89)   JVMTI Tag Weak OopStorage      Min:  0.0, Avg:  0.0, Max:  0.0, Diff:  0.0, Sum:  0.0, Workers: 4
[92.682s][debug][gc,phases      ] GC(89)     Dead                           Min: 0, Avg:  0.0, Max: 0, Diff: 0, Sum: 0, Workers: 4
[92.682s][debug][gc,phases      ] GC(89)     Total                          Min: 0, Avg:  0.0, Max: 0, Diff: 0, Sum: 0, Workers: 4
[92.682s][debug][gc,phases      ] GC(89)   StringTable Weak               Min:  0.0, Avg:  1.1, Max:  4.4, Diff:  4.4, Sum:  4.6, Workers: 4
[92.682s][debug][gc,phases      ] GC(89)     Dead                           Min: 0, Avg:  0.0, Max: 0, Diff: 0, Sum: 0, Workers: 4
[92.682s][debug][gc,phases      ] GC(89)     Total                          Min: 0, Avg: 11730.8, Max: 32395, Diff: 32395, Sum: 46923, Workers: 4
[92.682s][debug][gc,phases      ] GC(89)   ResolvedMethodTable Weak       Min:  0.0, Avg:  0.0, Max:  0.0, Diff:  0.0, Sum:  0.1, Workers: 4
[92.682s][debug][gc,phases      ] GC(89)     Dead                           Min: 0, Avg:  0.0, Max: 0, Diff: 0, Sum: 0, Workers: 4
[92.682s][debug][gc,phases      ] GC(89)     Total                          Min: 0, Avg: 1970.2, Max: 4105, Diff: 4105, Sum: 7881, Workers: 4
[92.682s][debug][gc,phases      ] GC(89)   JNI Weak                       Min:  0.0, Avg:  0.0, Max:  0.0, Diff:  0.0, Sum:  0.0, Workers: 4
[92.682s][debug][gc,phases      ] GC(89)     Dead                           Min: 0, Avg:  0.0, Max: 0, Diff: 0, Sum: 0, Workers: 4
[92.682s][debug][gc,phases      ] GC(89)     Total                          Min: 0, Avg:  0.0, Max: 0, Diff: 0, Sum: 0, Workers: 4
[92.682s][debug][gc,phases      ] GC(89)   StringDedup Table Weak         Min:  0.0, Avg:  0.0, Max:  0.0, Diff:  0.0, Sum:  0.0, Workers: 4
[92.682s][debug][gc,phases      ] GC(89)     Dead                           Min: 0, Avg:  0.0, Max: 0, Diff: 0, Sum: 0, Workers: 4
[92.682s][debug][gc,phases      ] GC(89)     Total                          Min: 0, Avg:  0.0, Max: 0, Diff: 0, Sum: 0, Workers: 4
[92.682s][debug][gc,phases      ] GC(89)   StringDedup Requests0 Weak     Min:  0.0, Avg:  0.0, Max:  0.0, Diff:  0.0, Sum:  0.0, Workers: 4
[92.682s][debug][gc,phases      ] GC(89)     Dead                           Min: 0, Avg:  0.0, Max: 0, Diff: 0, Sum: 0, Workers: 4
[92.682s][debug][gc,phases      ] GC(89)     Total                          Min: 0, Avg:  0.0, Max: 0, Diff: 0, Sum: 0, Workers: 4
[92.682s][debug][gc,phases      ] GC(89)   StringDedup Requests1 Weak     Min:  0.0, Avg:  0.0, Max:  0.0, Diff:  0.0, Sum:  0.0, Workers: 4
[92.682s][debug][gc,phases      ] GC(89)     Dead                           Min: 0, Avg:  0.0, Max: 0, Diff: 0, Sum: 0, Workers: 4
[92.682s][debug][gc,phases      ] GC(89)     Total                          Min: 0, Avg:  0.0, Max: 0, Diff: 0, Sum: 0, Workers: 4
[92.682s][debug][gc,phases      ] GC(89)   Weak JFR Old Object Samples    Min:  0.0, Avg:  0.0, Max:  0.0, Diff:  0.0, Sum:  0.0, Workers: 4
[92.682s][debug][gc,phases      ] GC(89)     Dead                           Min: 0, Avg:  0.0, Max: 0, Diff: 0, Sum: 0, Workers: 4
[92.682s][debug][gc,phases      ] GC(89)     Total                          Min: 0, Avg:  0.0, Max: 0, Diff: 0, Sum: 0, Workers: 4
[92.682s][debug][gc,phases      ] GC(89) Weak Processing 4.760ms
[92.682s][debug][gc,age         ] GC(89) Desired survivor size 90701824 bytes, new threshold 15 (max threshold 15)
[92.682s][info ][gc,heap        ] GC(89) PSYoungGen: 1920768K(1997824K)->18720K(2008576K) Eden: 1902080K(1902080K)->0K(1916416K) From: 18688K(95744K)->18720K(92160K)
[92.682s][info ][gc,heap        ] GC(89) ParOldGen: 452403K(483328K)->452627K(483328K)
[92.682s][info ][gc,metaspace   ] GC(89) Metaspace: 79881K(80640K)->79881K(80640K) NonClass: 68592K(68992K)->68592K(68992K) Class: 11289K(11648K)->11289K(11648K)
[92.682s][info ][gc             ] GC(89) Pause Young (Allocation Failure) 2317M->460M(2433M) 23.784ms
[92.682s][info ][gc,cpu         ] GC(89) User=0.06s Sys=0.01s Real=0.02s
[92.682s][info ][safepoint      ] Safepoint "ParallelGCFailedAllocation", Time since last: 833826986 ns, Reaching safepoint: 2334350 ns, At safepoint: 23983721 ns, Total: 26318071 ns
[93.602s][info ][gc,start       ] GC(90) Pause Young (Allocation Failure)
[93.634s][debug][gc,phases      ] GC(90) Scavenge 31.915ms
[93.634s][debug][gc,ref         ] GC(90) Skipped phase 1 of Reference Processing: no references
[93.634s][debug][gc,ref         ] GC(90) ReferenceProcessor::execute queues: 1, RefProcThreadModel::Single, marks_oops_alive: false
[93.634s][debug][gc,ref         ] GC(90) Skipped phase 3 of Reference Processing: no references
[93.634s][debug][gc,ref         ] GC(90) Skipped phase 4 of Reference Processing: no references
[93.634s][debug][gc,phases      ] GC(90) Reference Processing 0.134ms
[93.634s][debug][gc,phases      ] GC(90)   VM Weak                        Min:  0.0, Avg:  0.0, Max:  0.0, Diff:  0.0, Sum:  0.0, Workers: 4
[93.634s][debug][gc,phases      ] GC(90)     Dead                           Min: 0, Avg:  0.0, Max: 0, Diff: 0, Sum: 0, Workers: 4
[93.634s][debug][gc,phases      ] GC(90)     Total                          Min: 0, Avg: 164.0, Max: 400, Diff: 400, Sum: 656, Workers: 4
[93.634s][debug][gc,phases      ] GC(90)   ObjectSynchronizer Weak        Min:  0.0, Avg:  0.0, Max:  0.0, Diff:  0.0, Sum:  0.0, Workers: 4
[93.634s][debug][gc,phases      ] GC(90)     Dead                           Min: 0, Avg:  0.0, Max: 0, Diff: 0, Sum: 0, Workers: 4
[93.634s][debug][gc,phases      ] GC(90)     Total                          Min: 0, Avg: 46.2, Max: 121, Diff: 121, Sum: 185, Workers: 4
[93.634s][debug][gc,phases      ] GC(90)   JVMTI Tag Weak OopStorage      Min:  0.0, Avg:  0.0, Max:  0.0, Diff:  0.0, Sum:  0.0, Workers: 4
[93.634s][debug][gc,phases      ] GC(90)     Dead                           Min: 0, Avg:  0.0, Max: 0, Diff: 0, Sum: 0, Workers: 4
[93.634s][debug][gc,phases      ] GC(90)     Total                          Min: 0, Avg:  0.0, Max: 0, Diff: 0, Sum: 0, Workers: 4
[93.634s][debug][gc,phases      ] GC(90)   StringTable Weak               Min:  0.0, Avg:  0.1, Max:  0.2, Diff:  0.2, Sum:  0.4, Workers: 4
[93.634s][debug][gc,phases      ] GC(90)     Dead                           Min: 0, Avg:  0.0, Max: 0, Diff: 0, Sum: 0, Workers: 4
[93.634s][debug][gc,phases      ] GC(90)     Total                          Min: 0, Avg: 11731.0, Max: 16320, Diff: 16320, Sum: 46924, Workers: 4
[93.634s][debug][gc,phases      ] GC(90)   ResolvedMethodTable Weak       Min:  0.0, Avg:  0.0, Max:  0.0, Diff:  0.0, Sum:  0.1, Workers: 4
[93.634s][debug][gc,phases      ] GC(90)     Dead                           Min: 0, Avg:  0.0, Max: 0, Diff: 0, Sum: 0, Workers: 4
[93.634s][debug][gc,phases      ] GC(90)     Total                          Min: 0, Avg: 1970.2, Max: 2752, Diff: 2752, Sum: 7881, Workers: 4
[93.634s][debug][gc,phases      ] GC(90)   JNI Weak                       Min:  0.0, Avg:  0.0, Max:  0.0, Diff:  0.0, Sum:  0.0, Workers: 4
[93.634s][debug][gc,phases      ] GC(90)     Dead                           Min: 0, Avg:  0.0, Max: 0, Diff: 0, Sum: 0, Workers: 4
[93.634s][debug][gc,phases      ] GC(90)     Total                          Min: 0, Avg:  0.0, Max: 0, Diff: 0, Sum: 0, Workers: 4
[93.634s][debug][gc,phases      ] GC(90)   StringDedup Table Weak         Min:  0.0, Avg:  0.0, Max:  0.0, Diff:  0.0, Sum:  0.0, Workers: 4
[93.634s][debug][gc,phases      ] GC(90)     Dead                           Min: 0, Avg:  0.0, Max: 0, Diff: 0, Sum: 0, Workers: 4
[93.634s][debug][gc,phases      ] GC(90)     Total                          Min: 0, Avg:  0.0, Max: 0, Diff: 0, Sum: 0, Workers: 4
[93.634s][debug][gc,phases      ] GC(90)   StringDedup Requests0 Weak     Min:  0.0, Avg:  0.0, Max:  0.0, Diff:  0.0, Sum:  0.0, Workers: 4
[93.634s][debug][gc,phases      ] GC(90)     Dead                           Min: 0, Avg:  0.0, Max: 0, Diff: 0, Sum: 0, Workers: 4
[93.634s][debug][gc,phases      ] GC(90)     Total                          Min: 0, Avg:  0.0, Max: 0, Diff: 0, Sum: 0, Workers: 4
[93.634s][debug][gc,phases      ] GC(90)   StringDedup Requests1 Weak     Min:  0.0, Avg:  0.0, Max:  0.0, Diff:  0.0, Sum:  0.0, Workers: 4
[93.634s][debug][gc,phases      ] GC(90)     Dead                           Min: 0, Avg:  0.0, Max: 0, Diff: 0, Sum: 0, Workers: 4
[93.634s][debug][gc,phases      ] GC(90)     Total                          Min: 0, Avg:  0.0, Max: 0, Diff: 0, Sum: 0, Workers: 4
[93.634s][debug][gc,phases      ] GC(90)   Weak JFR Old Object Samples    Min:  0.0, Avg:  0.0, Max:  0.0, Diff:  0.0, Sum:  0.0, Workers: 4
[93.634s][debug][gc,phases      ] GC(90)     Dead                           Min: 0, Avg:  0.0, Max: 0, Diff: 0, Sum: 0, Workers: 4
[93.634s][debug][gc,phases      ] GC(90)     Total                          Min: 0, Avg:  0.0, Max: 0, Diff: 0, Sum: 0, Workers: 4
[93.634s][debug][gc,phases      ] GC(90) Weak Processing 0.444ms
[93.634s][debug][gc,age         ] GC(90) Desired survivor size 87031808 bytes, new threshold 15 (max threshold 15)
[93.634s][info ][gc,heap        ] GC(90) PSYoungGen: 1935136K(2008576K)->18352K(2004992K) Eden: 1916416K(1916416K)->0K(1916416K) From: 18720K(92160K)->18352K(88576K)
[93.634s][info ][gc,heap        ] GC(90) ParOldGen: 452627K(483328K)->453299K(483328K)
[93.634s][info ][gc,metaspace   ] GC(90) Metaspace: 79886K(80640K)->79886K(80640K) NonClass: 68596K(68992K)->68596K(68992K) Class: 11289K(11648K)->11289K(11648K)
[93.634s][info ][gc             ] GC(90) Pause Young (Allocation Failure) 2331M->460M(2430M) 32.657ms
[93.634s][info ][gc,cpu         ] GC(90) User=0.06s Sys=0.00s Real=0.04s
[93.635s][info ][safepoint      ] Safepoint "ParallelGCFailedAllocation", Time since last: 907815780 ns, Reaching safepoint: 11585051 ns, At safepoint: 32792011 ns, Total: 44377062 ns
[94.346s][info ][gc,start       ] GC(91) Pause Young (Allocation Failure)
[94.386s][debug][gc,phases      ] GC(91) Scavenge 39.852ms
[94.386s][debug][gc,ref         ] GC(91) Skipped phase 1 of Reference Processing: no references
[94.386s][debug][gc,ref         ] GC(91) ReferenceProcessor::execute queues: 1, RefProcThreadModel::Single, marks_oops_alive: false
[94.386s][debug][gc,ref         ] GC(91) Skipped phase 3 of Reference Processing: no references
[94.386s][debug][gc,ref         ] GC(91) Skipped phase 4 of Reference Processing: no references
[94.386s][debug][gc,phases      ] GC(91) Reference Processing 0.139ms
[94.386s][debug][gc,phases      ] GC(91)   VM Weak                        Min:  0.0, Avg:  0.0, Max:  0.0, Diff:  0.0, Sum:  0.0, Workers: 4
[94.386s][debug][gc,phases      ] GC(91)     Dead                           Min: 0, Avg:  0.0, Max: 0, Diff: 0, Sum: 0, Workers: 4
[94.386s][debug][gc,phases      ] GC(91)     Total                          Min: 0, Avg: 164.0, Max: 448, Diff: 448, Sum: 656, Workers: 4
[94.386s][debug][gc,phases      ] GC(91)   ObjectSynchronizer Weak        Min:  0.0, Avg:  0.0, Max:  0.0, Diff:  0.0, Sum:  0.0, Workers: 4
[94.386s][debug][gc,phases      ] GC(91)     Dead                           Min: 0, Avg:  0.0, Max: 0, Diff: 0, Sum: 0, Workers: 4
[94.386s][debug][gc,phases      ] GC(91)     Total                          Min: 0, Avg: 46.2, Max: 121, Diff: 121, Sum: 185, Workers: 4
[94.386s][debug][gc,phases      ] GC(91)   JVMTI Tag Weak OopStorage      Min:  0.0, Avg:  0.0, Max:  0.0, Diff:  0.0, Sum:  0.0, Workers: 4
[94.386s][debug][gc,phases      ] GC(91)     Dead                           Min: 0, Avg:  0.0, Max: 0, Diff: 0, Sum: 0, Workers: 4
[94.386s][debug][gc,phases      ] GC(91)     Total                          Min: 0, Avg:  0.0, Max: 0, Diff: 0, Sum: 0, Workers: 4
[94.386s][debug][gc,phases      ] GC(91)   StringTable Weak               Min:  0.0, Avg:  0.1, Max:  0.3, Diff:  0.3, Sum:  0.5, Workers: 4
[94.386s][debug][gc,phases      ] GC(91)     Dead                           Min: 0, Avg:  0.0, Max: 0, Diff: 0, Sum: 0, Workers: 4
[94.386s][debug][gc,phases      ] GC(91)     Total                          Min: 0, Avg: 11734.2, Max: 24576, Diff: 24576, Sum: 46937, Workers: 4
[94.386s][debug][gc,phases      ] GC(91)   ResolvedMethodTable Weak       Min:  0.0, Avg:  0.0, Max:  0.1, Diff:  0.1, Sum:  0.1, Workers: 4
[94.386s][debug][gc,phases      ] GC(91)     Dead                           Min: 0, Avg:  0.0, Max: 0, Diff: 0, Sum: 0, Workers: 4
[94.386s][debug][gc,phases      ] GC(91)     Total                          Min: 0, Avg: 1970.2, Max: 4159, Diff: 4159, Sum: 7881, Workers: 4
[94.386s][debug][gc,phases      ] GC(91)   JNI Weak                       Min:  0.0, Avg:  0.0, Max:  0.0, Diff:  0.0, Sum:  0.0, Workers: 4
[94.386s][debug][gc,phases      ] GC(91)     Dead                           Min: 0, Avg:  0.0, Max: 0, Diff: 0, Sum: 0, Workers: 4
[94.386s][debug][gc,phases      ] GC(91)     Total                          Min: 0, Avg:  0.0, Max: 0, Diff: 0, Sum: 0, Workers: 4
[94.386s][debug][gc,phases      ] GC(91)   StringDedup Table Weak         Min:  0.0, Avg:  0.0, Max:  0.0, Diff:  0.0, Sum:  0.0, Workers: 4
[94.386s][debug][gc,phases      ] GC(91)     Dead                           Min: 0, Avg:  0.0, Max: 0, Diff: 0, Sum: 0, Workers: 4
[94.386s][debug][gc,phases      ] GC(91)     Total                          Min: 0, Avg:  0.0, Max: 0, Diff: 0, Sum: 0, Workers: 4
[94.386s][debug][gc,phases      ] GC(91)   StringDedup Requests0 Weak     Min:  0.0, Avg:  0.0, Max:  0.0, Diff:  0.0, Sum:  0.0, Workers: 4
[94.387s][debug][gc,phases      ] GC(91)     Dead                           Min: 0, Avg:  0.0, Max: 0, Diff: 0, Sum: 0, Workers: 4
[94.387s][debug][gc,phases      ] GC(91)     Total                          Min: 0, Avg:  0.0, Max: 0, Diff: 0, Sum: 0, Workers: 4
[94.387s][debug][gc,phases      ] GC(91)   StringDedup Requests1 Weak     Min:  0.0, Avg:  0.0, Max:  0.0, Diff:  0.0, Sum:  0.0, Workers: 4
[94.387s][debug][gc,phases      ] GC(91)     Dead                           Min: 0, Avg:  0.0, Max: 0, Diff: 0, Sum: 0, Workers: 4
[94.387s][debug][gc,phases      ] GC(91)     Total                          Min: 0, Avg:  0.0, Max: 0, Diff: 0, Sum: 0, Workers: 4
[94.387s][debug][gc,phases      ] GC(91)   Weak JFR Old Object Samples    Min:  0.0, Avg:  0.0, Max:  0.0, Diff:  0.0, Sum:  0.0, Workers: 4
[94.387s][debug][gc,phases      ] GC(91)     Dead                           Min: 0, Avg:  0.0, Max: 0, Diff: 0, Sum: 0, Workers: 4
[94.387s][debug][gc,phases      ] GC(91)     Total                          Min: 0, Avg:  0.0, Max: 0, Diff: 0, Sum: 0, Workers: 4
[94.387s][debug][gc,phases      ] GC(91) Weak Processing 0.595ms
[94.387s][debug][gc,age         ] GC(91) Desired survivor size 83361792 bytes, new threshold 15 (max threshold 15)
[94.387s][info ][gc,heap        ] GC(91) PSYoungGen: 1934768K(2004992K)->18528K(2015744K) Eden: 1916416K(1916416K)->0K(1930752K) From: 18352K(88576K)->18528K(84992K)
[94.387s][info ][gc,heap        ] GC(91) ParOldGen: 453299K(483328K)->453507K(483328K)
[94.387s][info ][gc,metaspace   ] GC(91) Metaspace: 79886K(80640K)->79886K(80640K) NonClass: 68597K(68992K)->68597K(68992K) Class: 11289K(11648K)->11289K(11648K)
[94.387s][info ][gc             ] GC(91) Pause Young (Allocation Failure) 2332M->460M(2440M) 40.765ms
[94.387s][info ][gc,cpu         ] GC(91) User=0.05s Sys=0.00s Real=0.04s
[94.387s][info ][safepoint      ] Safepoint "ParallelGCFailedAllocation", Time since last: 702154814 ns, Reaching safepoint: 9128598 ns, At safepoint: 40910086 ns, Total: 50038684 ns
[95.119s][info ][gc,start       ] GC(92) Pause Young (Allocation Failure)
[95.154s][debug][gc,phases      ] GC(92) Scavenge 34.791ms
[95.154s][debug][gc,ref         ] GC(92) Skipped phase 1 of Reference Processing: no references
[95.154s][debug][gc,ref         ] GC(92) ReferenceProcessor::execute queues: 1, RefProcThreadModel::Single, marks_oops_alive: false
[95.154s][debug][gc,ref         ] GC(92) Skipped phase 3 of Reference Processing: no references
[95.154s][debug][gc,ref         ] GC(92) Skipped phase 4 of Reference Processing: no references
[95.154s][debug][gc,phases      ] GC(92) Reference Processing 0.155ms
[95.158s][debug][gc,phases      ] GC(92)   VM Weak                        Min:  0.0, Avg:  0.0, Max:  0.0, Diff:  0.0, Sum:  0.0, Workers: 4
[95.158s][debug][gc,phases      ] GC(92)     Dead                           Min: 0, Avg:  0.0, Max: 0, Diff: 0, Sum: 0, Workers: 4
[95.158s][debug][gc,phases      ] GC(92)     Total                          Min: 0, Avg: 164.0, Max: 256, Diff: 256, Sum: 656, Workers: 4
[95.158s][debug][gc,phases      ] GC(92)   ObjectSynchronizer Weak        Min:  0.0, Avg:  0.0, Max:  0.0, Diff:  0.0, Sum:  0.0, Workers: 4
[95.158s][debug][gc,phases      ] GC(92)     Dead                           Min: 0, Avg:  0.0, Max: 0, Diff: 0, Sum: 0, Workers: 4
[95.158s][debug][gc,phases      ] GC(92)     Total                          Min: 0, Avg: 46.2, Max: 64, Diff: 64, Sum: 185, Workers: 4
[95.158s][debug][gc,phases      ] GC(92)   JVMTI Tag Weak OopStorage      Min:  0.0, Avg:  0.0, Max:  0.0, Diff:  0.0, Sum:  0.0, Workers: 4
[95.158s][debug][gc,phases      ] GC(92)     Dead                           Min: 0, Avg:  0.0, Max: 0, Diff: 0, Sum: 0, Workers: 4
[95.158s][debug][gc,phases      ] GC(92)     Total                          Min: 0, Avg:  0.0, Max: 0, Diff: 0, Sum: 0, Workers: 4
[95.158s][debug][gc,phases      ] GC(92)   StringTable Weak               Min:  0.0, Avg:  0.1, Max:  0.2, Diff:  0.2, Sum:  0.5, Workers: 4
[95.158s][debug][gc,phases      ] GC(92)     Dead                           Min: 0, Avg:  0.0, Max: 0, Diff: 0, Sum: 0, Workers: 4
[95.158s][debug][gc,phases      ] GC(92)     Total                          Min: 0, Avg: 11734.2, Max: 16704, Diff: 16704, Sum: 46937, Workers: 4
[95.158s][debug][gc,phases      ] GC(92)   ResolvedMethodTable Weak       Min:  0.0, Avg:  0.0, Max:  0.0, Diff:  0.0, Sum:  0.1, Workers: 4
[95.158s][debug][gc,phases      ] GC(92)     Dead                           Min: 0, Avg:  0.0, Max: 0, Diff: 0, Sum: 0, Workers: 4
[95.158s][debug][gc,phases      ] GC(92)     Total                          Min: 0, Avg: 1970.2, Max: 2762, Diff: 2762, Sum: 7881, Workers: 4
[95.158s][debug][gc,phases      ] GC(92)   JNI Weak                       Min:  0.0, Avg:  0.0, Max:  0.0, Diff:  0.0, Sum:  0.0, Workers: 4
[95.158s][debug][gc,phases      ] GC(92)     Dead                           Min: 0, Avg:  0.0, Max: 0, Diff: 0, Sum: 0, Workers: 4
[95.158s][debug][gc,phases      ] GC(92)     Total                          Min: 0, Avg:  0.0, Max: 0, Diff: 0, Sum: 0, Workers: 4
[95.158s][debug][gc,phases      ] GC(92)   StringDedup Table Weak         Min:  0.0, Avg:  0.0, Max:  0.0, Diff:  0.0, Sum:  0.0, Workers: 4
[95.158s][debug][gc,phases      ] GC(92)     Dead                           Min: 0, Avg:  0.0, Max: 0, Diff: 0, Sum: 0, Workers: 4
[95.158s][debug][gc,phases      ] GC(92)     Total                          Min: 0, Avg:  0.0, Max: 0, Diff: 0, Sum: 0, Workers: 4
[95.158s][debug][gc,phases      ] GC(92)   StringDedup Requests0 Weak     Min:  0.0, Avg:  0.0, Max:  0.0, Diff:  0.0, Sum:  0.0, Workers: 4
[95.158s][debug][gc,phases      ] GC(92)     Dead                           Min: 0, Avg:  0.0, Max: 0, Diff: 0, Sum: 0, Workers: 4
[95.158s][debug][gc,phases      ] GC(92)     Total                          Min: 0, Avg:  0.0, Max: 0, Diff: 0, Sum: 0, Workers: 4
[95.158s][debug][gc,phases      ] GC(92)   StringDedup Requests1 Weak     Min:  0.0, Avg:  0.0, Max:  0.0, Diff:  0.0, Sum:  0.0, Workers: 4
[95.158s][debug][gc,phases      ] GC(92)     Dead                           Min: 0, Avg:  0.0, Max: 0, Diff: 0, Sum: 0, Workers: 4
[95.158s][debug][gc,phases      ] GC(92)     Total                          Min: 0, Avg:  0.0, Max: 0, Diff: 0, Sum: 0, Workers: 4
[95.158s][debug][gc,phases      ] GC(92)   Weak JFR Old Object Samples    Min:  0.0, Avg:  0.0, Max:  0.0, Diff:  0.0, Sum:  0.0, Workers: 4
[95.158s][debug][gc,phases      ] GC(92)     Dead                           Min: 0, Avg:  0.0, Max: 0, Diff: 0, Sum: 0, Workers: 4
[95.158s][debug][gc,phases      ] GC(92)     Total                          Min: 0, Avg:  0.0, Max: 0, Diff: 0, Sum: 0, Workers: 4
[95.158s][debug][gc,phases      ] GC(92) Weak Processing 4.193ms
[95.158s][debug][gc,age         ] GC(92) Desired survivor size 79691776 bytes, new threshold 15 (max threshold 15)
[95.158s][info ][gc,heap        ] GC(92) PSYoungGen: 1949280K(2015744K)->18096K(2012160K) Eden: 1930752K(1930752K)->0K(1930752K) From: 18528K(84992K)->18096K(81408K)
[95.158s][info ][gc,heap        ] GC(92) ParOldGen: 453507K(483328K)->454235K(483328K)
[95.158s][info ][gc,metaspace   ] GC(92) Metaspace: 79887K(80640K)->79887K(80640K) NonClass: 68598K(68992K)->68598K(68992K) Class: 11289K(11648K)->11289K(11648K)
[95.158s][info ][gc             ] GC(92) Pause Young (Allocation Failure) 2346M->461M(2437M) 39.322ms
[95.158s][info ][gc,cpu         ] GC(92) User=0.05s Sys=0.00s Real=0.04s
[95.158s][info ][safepoint      ] Safepoint "ParallelGCFailedAllocation", Time since last: 720975216 ns, Reaching safepoint: 11182442 ns, At safepoint: 39454954 ns, Total: 50637396 ns
[95.862s][info ][gc,start       ] GC(93) Pause Young (Allocation Failure)
[95.898s][debug][gc,phases      ] GC(93) Scavenge 35.796ms
[95.898s][debug][gc,ref         ] GC(93) Skipped phase 1 of Reference Processing: no references
[95.898s][debug][gc,ref         ] GC(93) ReferenceProcessor::execute queues: 1, RefProcThreadModel::Single, marks_oops_alive: false
[95.898s][debug][gc,ref         ] GC(93) Skipped phase 3 of Reference Processing: no references
[95.898s][debug][gc,ref         ] GC(93) Skipped phase 4 of Reference Processing: no references
[95.898s][debug][gc,phases      ] GC(93) Reference Processing 0.153ms
[95.899s][debug][gc,phases      ] GC(93)   VM Weak                        Min:  0.0, Avg:  0.0, Max:  0.0, Diff:  0.0, Sum:  0.0, Workers: 4
[95.899s][debug][gc,phases      ] GC(93)     Dead                           Min: 0, Avg:  0.0, Max: 0, Diff: 0, Sum: 0, Workers: 4
[95.899s][debug][gc,phases      ] GC(93)     Total                          Min: 0, Avg: 164.0, Max: 656, Diff: 656, Sum: 656, Workers: 4
[95.899s][debug][gc,phases      ] GC(93)   ObjectSynchronizer Weak        Min:  0.0, Avg:  0.0, Max:  0.0, Diff:  0.0, Sum:  0.0, Workers: 4
[95.899s][debug][gc,phases      ] GC(93)     Dead                           Min: 0, Avg:  0.0, Max: 0, Diff: 0, Sum: 0, Workers: 4
[95.899s][debug][gc,phases      ] GC(93)     Total                          Min: 0, Avg: 46.2, Max: 185, Diff: 185, Sum: 185, Workers: 4
[95.899s][debug][gc,phases      ] GC(93)   JVMTI Tag Weak OopStorage      Min:  0.0, Avg:  0.0, Max:  0.0, Diff:  0.0, Sum:  0.0, Workers: 4
[95.899s][debug][gc,phases      ] GC(93)     Dead                           Min: 0, Avg:  0.0, Max: 0, Diff: 0, Sum: 0, Workers: 4
[95.899s][debug][gc,phases      ] GC(93)     Total                          Min: 0, Avg:  0.0, Max: 0, Diff: 0, Sum: 0, Workers: 4
[95.899s][debug][gc,phases      ] GC(93)   StringTable Weak               Min:  0.0, Avg:  0.1, Max:  0.6, Diff:  0.6, Sum:  0.6, Workers: 4
[95.899s][debug][gc,phases      ] GC(93)     Dead                           Min: 0, Avg:  0.0, Max: 0, Diff: 0, Sum: 0, Workers: 4
[95.899s][debug][gc,phases      ] GC(93)     Total                          Min: 0, Avg: 11738.5, Max: 46954, Diff: 46954, Sum: 46954, Workers: 4
[95.899s][debug][gc,phases      ] GC(93)   ResolvedMethodTable Weak       Min:  0.0, Avg:  0.0, Max:  0.1, Diff:  0.1, Sum:  0.1, Workers: 4
[95.899s][debug][gc,phases      ] GC(93)     Dead                           Min: 0, Avg:  0.0, Max: 0, Diff: 0, Sum: 0, Workers: 4
[95.899s][debug][gc,phases      ] GC(93)     Total                          Min: 0, Avg: 1970.2, Max: 7881, Diff: 7881, Sum: 7881, Workers: 4
[95.899s][debug][gc,phases      ] GC(93)   JNI Weak                       Min:  0.0, Avg:  0.0, Max:  0.0, Diff:  0.0, Sum:  0.0, Workers: 4
[95.899s][debug][gc,phases      ] GC(93)     Dead                           Min: 0, Avg:  0.0, Max: 0, Diff: 0, Sum: 0, Workers: 4
[95.899s][debug][gc,phases      ] GC(93)     Total                          Min: 0, Avg:  0.0, Max: 0, Diff: 0, Sum: 0, Workers: 4
[95.899s][debug][gc,phases      ] GC(93)   StringDedup Table Weak         Min:  0.0, Avg:  0.0, Max:  0.0, Diff:  0.0, Sum:  0.0, Workers: 4
[95.899s][debug][gc,phases      ] GC(93)     Dead                           Min: 0, Avg:  0.0, Max: 0, Diff: 0, Sum: 0, Workers: 4
[95.899s][debug][gc,phases      ] GC(93)     Total                          Min: 0, Avg:  0.0, Max: 0, Diff: 0, Sum: 0, Workers: 4
[95.899s][debug][gc,phases      ] GC(93)   StringDedup Requests0 Weak     Min:  0.0, Avg:  0.0, Max:  0.0, Diff:  0.0, Sum:  0.0, Workers: 4
[95.899s][debug][gc,phases      ] GC(93)     Dead                           Min: 0, Avg:  0.0, Max: 0, Diff: 0, Sum: 0, Workers: 4
[95.899s][debug][gc,phases      ] GC(93)     Total                          Min: 0, Avg:  0.0, Max: 0, Diff: 0, Sum: 0, Workers: 4
[95.899s][debug][gc,phases      ] GC(93)   StringDedup Requests1 Weak     Min:  0.0, Avg:  0.0, Max:  0.0, Diff:  0.0, Sum:  0.0, Workers: 4
[95.899s][debug][gc,phases      ] GC(93)     Dead                           Min: 0, Avg:  0.0, Max: 0, Diff: 0, Sum: 0, Workers: 4
[95.899s][debug][gc,phases      ] GC(93)     Total                          Min: 0, Avg:  0.0, Max: 0, Diff: 0, Sum: 0, Workers: 4
[95.899s][debug][gc,phases      ] GC(93)   Weak JFR Old Object Samples    Min:  0.0, Avg:  0.0, Max:  0.0, Diff:  0.0, Sum:  0.0, Workers: 4
[95.899s][debug][gc,phases      ] GC(93)     Dead                           Min: 0, Avg:  0.0, Max: 0, Diff: 0, Sum: 0, Workers: 4
[95.899s][debug][gc,phases      ] GC(93)     Total                          Min: 0, Avg:  0.0, Max: 0, Diff: 0, Sum: 0, Workers: 4
[95.899s][debug][gc,phases      ] GC(93) Weak Processing 0.933ms
[95.899s][debug][gc,age         ] GC(93) Desired survivor size 76546048 bytes, new threshold 15 (max threshold 15)
[95.899s][info ][gc,heap        ] GC(93) PSYoungGen: 1948848K(2012160K)->17264K(2022400K) Eden: 1930752K(1930752K)->0K(1944576K) From: 18096K(81408K)->17264K(77824K)
[95.899s][info ][gc,heap        ] GC(93) ParOldGen: 454235K(483328K)->455355K(483328K)
[95.899s][info ][gc,metaspace   ] GC(93) Metaspace: 79891K(80640K)->79891K(80640K) NonClass: 68602K(68992K)->68602K(68992K) Class: 11289K(11648K)->11289K(11648K)
[95.899s][info ][gc             ] GC(93) Pause Young (Allocation Failure) 2346M->461M(2447M) 37.061ms
[95.899s][info ][gc,cpu         ] GC(93) User=0.06s Sys=0.00s Real=0.04s
[95.899s][info ][safepoint      ] Safepoint "ParallelGCFailedAllocation", Time since last: 701740792 ns, Reaching safepoint: 2201348 ns, At safepoint: 37179405 ns, Total: 39380753 ns
[96.674s][info ][gc,start       ] GC(94) Pause Young (Allocation Failure)
[96.693s][debug][gc,phases      ] GC(94) Scavenge 18.633ms
[96.693s][debug][gc,ref         ] GC(94) Skipped phase 1 of Reference Processing: no references
[96.693s][debug][gc,ref         ] GC(94) ReferenceProcessor::execute queues: 1, RefProcThreadModel::Single, marks_oops_alive: false
[96.693s][debug][gc,ref         ] GC(94) Skipped phase 3 of Reference Processing: no references
[96.693s][debug][gc,ref         ] GC(94) Skipped phase 4 of Reference Processing: no references
[96.693s][debug][gc,phases      ] GC(94) Reference Processing 0.156ms
[96.698s][debug][gc,phases      ] GC(94)   VM Weak                        Min:  0.0, Avg:  0.0, Max:  0.0, Diff:  0.0, Sum:  0.0, Workers: 4
[96.698s][debug][gc,phases      ] GC(94)     Dead                           Min: 0, Avg:  0.0, Max: 0, Diff: 0, Sum: 0, Workers: 4
[96.698s][debug][gc,phases      ] GC(94)     Total                          Min: 0, Avg: 164.0, Max: 336, Diff: 336, Sum: 656, Workers: 4
[96.698s][debug][gc,phases      ] GC(94)   ObjectSynchronizer Weak        Min:  0.0, Avg:  0.0, Max:  0.0, Diff:  0.0, Sum:  0.0, Workers: 4
[96.698s][debug][gc,phases      ] GC(94)     Dead                           Min: 0, Avg:  0.0, Max: 0, Diff: 0, Sum: 0, Workers: 4
[96.698s][debug][gc,phases      ] GC(94)     Total                          Min: 0, Avg: 46.2, Max: 121, Diff: 121, Sum: 185, Workers: 4
[96.698s][debug][gc,phases      ] GC(94)   JVMTI Tag Weak OopStorage      Min:  0.0, Avg:  0.0, Max:  0.0, Diff:  0.0, Sum:  0.0, Workers: 4
[96.698s][debug][gc,phases      ] GC(94)     Dead                           Min: 0, Avg:  0.0, Max: 0, Diff: 0, Sum: 0, Workers: 4
[96.698s][debug][gc,phases      ] GC(94)     Total                          Min: 0, Avg:  0.0, Max: 0, Diff: 0, Sum: 0, Workers: 4
[96.698s][debug][gc,phases      ] GC(94)   StringTable Weak               Min:  0.0, Avg:  0.1, Max:  0.3, Diff:  0.3, Sum:  0.5, Workers: 4
[96.698s][debug][gc,phases      ] GC(94)     Dead                           Min: 0, Avg:  0.0, Max: 0, Diff: 0, Sum: 0, Workers: 4
[96.698s][debug][gc,phases      ] GC(94)     Total                          Min: 0, Avg: 11740.0, Max: 24320, Diff: 24320, Sum: 46960, Workers: 4
[96.698s][debug][gc,phases      ] GC(94)   ResolvedMethodTable Weak       Min:  0.0, Avg:  0.0, Max:  0.0, Diff:  0.0, Sum:  0.1, Workers: 4
[96.698s][debug][gc,phases      ] GC(94)     Dead                           Min: 0, Avg:  0.0, Max: 0, Diff: 0, Sum: 0, Workers: 4
[96.698s][debug][gc,phases      ] GC(94)     Total                          Min: 0, Avg: 1970.2, Max: 4041, Diff: 4041, Sum: 7881, Workers: 4
[96.698s][debug][gc,phases      ] GC(94)   JNI Weak                       Min:  0.0, Avg:  0.0, Max:  0.0, Diff:  0.0, Sum:  0.0, Workers: 4
[96.698s][debug][gc,phases      ] GC(94)     Dead                           Min: 0, Avg:  0.0, Max: 0, Diff: 0, Sum: 0, Workers: 4
[96.698s][debug][gc,phases      ] GC(94)     Total                          Min: 0, Avg:  0.0, Max: 0, Diff: 0, Sum: 0, Workers: 4
[96.698s][debug][gc,phases      ] GC(94)   StringDedup Table Weak         Min:  0.0, Avg:  0.0, Max:  0.0, Diff:  0.0, Sum:  0.0, Workers: 4
[96.698s][debug][gc,phases      ] GC(94)     Dead                           Min: 0, Avg:  0.0, Max: 0, Diff: 0, Sum: 0, Workers: 4
[96.698s][debug][gc,phases      ] GC(94)     Total                          Min: 0, Avg:  0.0, Max: 0, Diff: 0, Sum: 0, Workers: 4
[96.698s][debug][gc,phases      ] GC(94)   StringDedup Requests0 Weak     Min:  0.0, Avg:  0.0, Max:  0.0, Diff:  0.0, Sum:  0.0, Workers: 4
[96.698s][debug][gc,phases      ] GC(94)     Dead                           Min: 0, Avg:  0.0, Max: 0, Diff: 0, Sum: 0, Workers: 4
[96.698s][debug][gc,phases      ] GC(94)     Total                          Min: 0, Avg:  0.0, Max: 0, Diff: 0, Sum: 0, Workers: 4
[96.698s][debug][gc,phases      ] GC(94)   StringDedup Requests1 Weak     Min:  0.0, Avg:  0.0, Max:  0.0, Diff:  0.0, Sum:  0.0, Workers: 4
[96.698s][debug][gc,phases      ] GC(94)     Dead                           Min: 0, Avg:  0.0, Max: 0, Diff: 0, Sum: 0, Workers: 4
[96.698s][debug][gc,phases      ] GC(94)     Total                          Min: 0, Avg:  0.0, Max: 0, Diff: 0, Sum: 0, Workers: 4
[96.698s][debug][gc,phases      ] GC(94)   Weak JFR Old Object Samples    Min:  0.0, Avg:  0.0, Max:  0.0, Diff:  0.0, Sum:  0.0, Workers: 4
[96.698s][debug][gc,phases      ] GC(94)     Dead                           Min: 0, Avg:  0.0, Max: 0, Diff: 0, Sum: 0, Workers: 4
[96.698s][debug][gc,phases      ] GC(94)     Total                          Min: 0, Avg:  0.0, Max: 0, Diff: 0, Sum: 0, Workers: 4
[96.698s][debug][gc,phases      ] GC(94) Weak Processing 5.125ms
[96.698s][debug][gc,age         ] GC(94) Desired survivor size 73400320 bytes, new threshold 15 (max threshold 15)
[96.698s][info ][gc,heap        ] GC(94) PSYoungGen: 1961840K(2022400K)->16928K(2019328K) Eden: 1944576K(1944576K)->0K(1944576K) From: 17264K(77824K)->16928K(74752K)
[96.698s][info ][gc,heap        ] GC(94) ParOldGen: 455355K(483328K)->456019K(483328K)
[96.698s][info ][gc,metaspace   ] GC(94) Metaspace: 79892K(80640K)->79892K(80640K) NonClass: 68602K(68992K)->68602K(68992K) Class: 11289K(11648K)->11289K(11648K)
[96.698s][info ][gc             ] GC(94) Pause Young (Allocation Failure) 2360M->461M(2444M) 24.101ms
[96.699s][info ][gc,cpu         ] GC(94) User=0.04s Sys=0.00s Real=0.02s
[96.699s][info ][safepoint      ] Safepoint "ParallelGCFailedAllocation", Time since last: 769460048 ns, Reaching safepoint: 5437718 ns, At safepoint: 24227724 ns, Total: 29665442 ns
[97.420s][info ][gc,start       ] GC(95) Pause Young (Allocation Failure)
[97.450s][debug][gc,phases      ] GC(95) Scavenge 29.679ms
[97.450s][debug][gc,ref         ] GC(95) Skipped phase 1 of Reference Processing: no references
[97.450s][debug][gc,ref         ] GC(95) ReferenceProcessor::execute queues: 1, RefProcThreadModel::Single, marks_oops_alive: false
[97.450s][debug][gc,ref         ] GC(95) Skipped phase 3 of Reference Processing: no references
[97.450s][debug][gc,ref         ] GC(95) Skipped phase 4 of Reference Processing: no references
[97.450s][debug][gc,phases      ] GC(95) Reference Processing 0.128ms
[97.451s][debug][gc,phases      ] GC(95)   VM Weak                        Min:  0.0, Avg:  0.0, Max:  0.0, Diff:  0.0, Sum:  0.0, Workers: 4
[97.451s][debug][gc,phases      ] GC(95)     Dead                           Min: 0, Avg:  0.0, Max: 0, Diff: 0, Sum: 0, Workers: 4
[97.451s][debug][gc,phases      ] GC(95)     Total                          Min: 0, Avg: 164.0, Max: 656, Diff: 656, Sum: 656, Workers: 4
[97.451s][debug][gc,phases      ] GC(95)   ObjectSynchronizer Weak        Min:  0.0, Avg:  0.0, Max:  0.0, Diff:  0.0, Sum:  0.0, Workers: 4
[97.451s][debug][gc,phases      ] GC(95)     Dead                           Min: 0, Avg:  0.0, Max: 0, Diff: 0, Sum: 0, Workers: 4
[97.451s][debug][gc,phases      ] GC(95)     Total                          Min: 0, Avg: 46.2, Max: 185, Diff: 185, Sum: 185, Workers: 4
[97.451s][debug][gc,phases      ] GC(95)   JVMTI Tag Weak OopStorage      Min:  0.0, Avg:  0.0, Max:  0.0, Diff:  0.0, Sum:  0.0, Workers: 4
[97.451s][debug][gc,phases      ] GC(95)     Dead                           Min: 0, Avg:  0.0, Max: 0, Diff: 0, Sum: 0, Workers: 4
[97.451s][debug][gc,phases      ] GC(95)     Total                          Min: 0, Avg:  0.0, Max: 0, Diff: 0, Sum: 0, Workers: 4
[97.451s][debug][gc,phases      ] GC(95)   StringTable Weak               Min:  0.0, Avg:  0.1, Max:  0.4, Diff:  0.4, Sum:  0.4, Workers: 4
[97.451s][debug][gc,phases      ] GC(95)     Dead                           Min: 0, Avg:  0.0, Max: 0, Diff: 0, Sum: 0, Workers: 4
[97.451s][debug][gc,phases      ] GC(95)     Total                          Min: 0, Avg: 11740.0, Max: 40192, Diff: 40192, Sum: 46960, Workers: 4
[97.451s][debug][gc,phases      ] GC(95)   ResolvedMethodTable Weak       Min:  0.0, Avg:  0.0, Max:  0.0, Diff:  0.0, Sum:  0.1, Workers: 4
[97.451s][debug][gc,phases      ] GC(95)     Dead                           Min: 0, Avg:  0.0, Max: 0, Diff: 0, Sum: 0, Workers: 4
[97.451s][debug][gc,phases      ] GC(95)     Total                          Min: 0, Avg: 1970.2, Max: 2688, Diff: 2688, Sum: 7881, Workers: 4
[97.451s][debug][gc,phases      ] GC(95)   JNI Weak                       Min:  0.0, Avg:  0.0, Max:  0.0, Diff:  0.0, Sum:  0.0, Workers: 4
[97.451s][debug][gc,phases      ] GC(95)     Dead                           Min: 0, Avg:  0.0, Max: 0, Diff: 0, Sum: 0, Workers: 4
[97.451s][debug][gc,phases      ] GC(95)     Total                          Min: 0, Avg:  0.0, Max: 0, Diff: 0, Sum: 0, Workers: 4
[97.451s][debug][gc,phases      ] GC(95)   StringDedup Table Weak         Min:  0.0, Avg:  0.0, Max:  0.0, Diff:  0.0, Sum:  0.0, Workers: 4
[97.451s][debug][gc,phases      ] GC(95)     Dead                           Min: 0, Avg:  0.0, Max: 0, Diff: 0, Sum: 0, Workers: 4
[97.451s][debug][gc,phases      ] GC(95)     Total                          Min: 0, Avg:  0.0, Max: 0, Diff: 0, Sum: 0, Workers: 4
[97.451s][debug][gc,phases      ] GC(95)   StringDedup Requests0 Weak     Min:  0.0, Avg:  0.0, Max:  0.0, Diff:  0.0, Sum:  0.0, Workers: 4
[97.451s][debug][gc,phases      ] GC(95)     Dead                           Min: 0, Avg:  0.0, Max: 0, Diff: 0, Sum: 0, Workers: 4
[97.451s][debug][gc,phases      ] GC(95)     Total                          Min: 0, Avg:  0.0, Max: 0, Diff: 0, Sum: 0, Workers: 4
[97.451s][debug][gc,phases      ] GC(95)   StringDedup Requests1 Weak     Min:  0.0, Avg:  0.0, Max:  0.0, Diff:  0.0, Sum:  0.0, Workers: 4
[97.451s][debug][gc,phases      ] GC(95)     Dead                           Min: 0, Avg:  0.0, Max: 0, Diff: 0, Sum: 0, Workers: 4
[97.451s][debug][gc,phases      ] GC(95)     Total                          Min: 0, Avg:  0.0, Max: 0, Diff: 0, Sum: 0, Workers: 4
[97.451s][debug][gc,phases      ] GC(95)   Weak JFR Old Object Samples    Min:  0.0, Avg:  0.0, Max:  0.0, Diff:  0.0, Sum:  0.0, Workers: 4
[97.451s][debug][gc,phases      ] GC(95)     Dead                           Min: 0, Avg:  0.0, Max: 0, Diff: 0, Sum: 0, Workers: 4
[97.451s][debug][gc,phases      ] GC(95)     Total                          Min: 0, Avg:  0.0, Max: 0, Diff: 0, Sum: 0, Workers: 4
[97.451s][debug][gc,phases      ] GC(95) Weak Processing 0.652ms
[97.451s][debug][gc,age         ] GC(95) Desired survivor size 70254592 bytes, new threshold 15 (max threshold 15)
[97.451s][info ][gc,heap        ] GC(95) PSYoungGen: 1961504K(2019328K)->16368K(2028544K) Eden: 1944576K(1944576K)->0K(1956864K) From: 16928K(74752K)->16368K(71680K)
[97.451s][info ][gc,heap        ] GC(95) ParOldGen: 456019K(483328K)->457003K(483328K)
[97.451s][info ][gc,metaspace   ] GC(95) Metaspace: 79892K(80640K)->79892K(80640K) NonClass: 68602K(68992K)->68602K(68992K) Class: 11289K(11648K)->11289K(11648K)
[97.451s][info ][gc             ] GC(95) Pause Young (Allocation Failure) 2360M->462M(2453M) 30.617ms
[97.451s][info ][gc,cpu         ] GC(95) User=0.05s Sys=0.00s Real=0.03s
[97.451s][info ][safepoint      ] Safepoint "ParallelGCFailedAllocation", Time since last: 721256199 ns, Reaching safepoint: 307807 ns, At safepoint: 30733965 ns, Total: 31041772 ns
[98.469s][info ][safepoint      ] Safepoint "Cleanup", Time since last: 1006866265 ns, Reaching safepoint: 11394646 ns, At safepoint: 33001 ns, Total: 11427647 ns
[98.646s][info ][gc,start       ] GC(96) Pause Young (Allocation Failure)
[98.694s][debug][gc,phases      ] GC(96) Scavenge 47.904ms
[98.694s][debug][gc,ref         ] GC(96) Skipped phase 1 of Reference Processing: no references
[98.694s][debug][gc,ref         ] GC(96) ReferenceProcessor::execute queues: 1, RefProcThreadModel::Single, marks_oops_alive: false
[98.694s][debug][gc,ref         ] GC(96) Skipped phase 3 of Reference Processing: no references
[98.694s][debug][gc,ref         ] GC(96) Skipped phase 4 of Reference Processing: no references
[98.694s][debug][gc,phases      ] GC(96) Reference Processing 0.124ms
[98.702s][debug][gc,phases      ] GC(96)   VM Weak                        Min:  0.0, Avg:  0.0, Max:  0.0, Diff:  0.0, Sum:  0.0, Workers: 4
[98.702s][debug][gc,phases      ] GC(96)     Dead                           Min: 0, Avg:  0.0, Max: 0, Diff: 0, Sum: 0, Workers: 4
[98.702s][debug][gc,phases      ] GC(96)     Total                          Min: 0, Avg: 164.0, Max: 256, Diff: 256, Sum: 656, Workers: 4
[98.702s][debug][gc,phases      ] GC(96)   ObjectSynchronizer Weak        Min:  0.0, Avg:  0.0, Max:  0.0, Diff:  0.0, Sum:  0.0, Workers: 4
[98.702s][debug][gc,phases      ] GC(96)     Dead                           Min: 0, Avg:  0.0, Max: 0, Diff: 0, Sum: 0, Workers: 4
[98.702s][debug][gc,phases      ] GC(96)     Total                          Min: 0, Avg: 46.2, Max: 64, Diff: 64, Sum: 185, Workers: 4
[98.702s][debug][gc,phases      ] GC(96)   JVMTI Tag Weak OopStorage      Min:  0.0, Avg:  0.0, Max:  0.0, Diff:  0.0, Sum:  0.0, Workers: 4
[98.702s][debug][gc,phases      ] GC(96)     Dead                           Min: 0, Avg:  0.0, Max: 0, Diff: 0, Sum: 0, Workers: 4
[98.702s][debug][gc,phases      ] GC(96)     Total                          Min: 0, Avg:  0.0, Max: 0, Diff: 0, Sum: 0, Workers: 4
[98.702s][debug][gc,phases      ] GC(96)   StringTable Weak               Min:  0.0, Avg:  0.1, Max:  0.2, Diff:  0.2, Sum:  0.5, Workers: 4
[98.702s][debug][gc,phases      ] GC(96)     Dead                           Min: 0, Avg:  0.0, Max: 0, Diff: 0, Sum: 0, Workers: 4
[98.702s][debug][gc,phases      ] GC(96)     Total                          Min: 0, Avg: 11745.2, Max: 16768, Diff: 16768, Sum: 46981, Workers: 4
[98.702s][debug][gc,phases      ] GC(96)   ResolvedMethodTable Weak       Min:  0.0, Avg:  0.0, Max:  0.0, Diff:  0.0, Sum:  0.1, Workers: 4
[98.702s][debug][gc,phases      ] GC(96)     Dead                           Min: 0, Avg:  0.0, Max: 0, Diff: 0, Sum: 0, Workers: 4
[98.702s][debug][gc,phases      ] GC(96)     Total                          Min: 0, Avg: 1970.2, Max: 2826, Diff: 2826, Sum: 7881, Workers: 4
[98.702s][debug][gc,phases      ] GC(96)   JNI Weak                       Min:  0.0, Avg:  0.0, Max:  0.0, Diff:  0.0, Sum:  0.0, Workers: 4
[98.702s][debug][gc,phases      ] GC(96)     Dead                           Min: 0, Avg:  0.0, Max: 0, Diff: 0, Sum: 0, Workers: 4
[98.702s][debug][gc,phases      ] GC(96)     Total                          Min: 0, Avg:  0.0, Max: 0, Diff: 0, Sum: 0, Workers: 4
[98.702s][debug][gc,phases      ] GC(96)   StringDedup Table Weak         Min:  0.0, Avg:  0.0, Max:  0.0, Diff:  0.0, Sum:  0.0, Workers: 4
[98.702s][debug][gc,phases      ] GC(96)     Dead                           Min: 0, Avg:  0.0, Max: 0, Diff: 0, Sum: 0, Workers: 4
[98.702s][debug][gc,phases      ] GC(96)     Total                          Min: 0, Avg:  0.0, Max: 0, Diff: 0, Sum: 0, Workers: 4
[98.702s][debug][gc,phases      ] GC(96)   StringDedup Requests0 Weak     Min:  0.0, Avg:  0.0, Max:  0.0, Diff:  0.0, Sum:  0.0, Workers: 4
[98.702s][debug][gc,phases      ] GC(96)     Dead                           Min: 0, Avg:  0.0, Max: 0, Diff: 0, Sum: 0, Workers: 4
[98.702s][debug][gc,phases      ] GC(96)     Total                          Min: 0, Avg:  0.0, Max: 0, Diff: 0, Sum: 0, Workers: 4
[98.702s][debug][gc,phases      ] GC(96)   StringDedup Requests1 Weak     Min:  0.0, Avg:  0.0, Max:  0.0, Diff:  0.0, Sum:  0.0, Workers: 4
[98.702s][debug][gc,phases      ] GC(96)     Dead                           Min: 0, Avg:  0.0, Max: 0, Diff: 0, Sum: 0, Workers: 4
[98.702s][debug][gc,phases      ] GC(96)     Total                          Min: 0, Avg:  0.0, Max: 0, Diff: 0, Sum: 0, Workers: 4
[98.702s][debug][gc,phases      ] GC(96)   Weak JFR Old Object Samples    Min:  0.0, Avg:  0.0, Max:  0.0, Diff:  0.0, Sum:  0.0, Workers: 4
[98.702s][debug][gc,phases      ] GC(96)     Dead                           Min: 0, Avg:  0.0, Max: 0, Diff: 0, Sum: 0, Workers: 4
[98.702s][debug][gc,phases      ] GC(96)     Total                          Min: 0, Avg:  0.0, Max: 0, Diff: 0, Sum: 0, Workers: 4
[98.702s][debug][gc,phases      ] GC(96) Weak Processing 8.046ms
[98.702s][debug][gc,age         ] GC(96) Desired survivor size 67633152 bytes, new threshold 15 (max threshold 15)
[98.702s][info ][gc,heap        ] GC(96) PSYoungGen: 1973232K(2028544K)->15024K(2025472K) Eden: 1956864K(1956864K)->0K(1956864K) From: 16368K(71680K)->15024K(68608K)
[98.702s][info ][gc,heap        ] GC(96) ParOldGen: 457003K(483328K)->458795K(483328K)
[98.702s][info ][gc,metaspace   ] GC(96) Metaspace: 79908K(80704K)->79908K(80704K) NonClass: 68618K(69056K)->68618K(69056K) Class: 11290K(11648K)->11290K(11648K)
[98.702s][info ][gc             ] GC(96) Pause Young (Allocation Failure) 2373M->462M(2450M) 56.239ms
[98.702s][info ][gc,cpu         ] GC(96) User=0.05s Sys=0.00s Real=0.05s
[98.702s][info ][safepoint      ] Safepoint "ParallelGCFailedAllocation", Time since last: 168583243 ns, Reaching safepoint: 7985573 ns, At safepoint: 56360918 ns, Total: 64346491 ns
[99.726s][info ][safepoint      ] Safepoint "Cleanup", Time since last: 1003654779 ns, Reaching safepoint: 19986932 ns, At safepoint: 52801 ns, Total: 20039733 ns
[100.038s][info ][gc,start       ] GC(97) Pause Young (Allocation Failure)
[100.086s][debug][gc,phases      ] GC(97) Scavenge 47.865ms
[100.086s][debug][gc,ref         ] GC(97) Skipped phase 1 of Reference Processing: no references
[100.086s][debug][gc,ref         ] GC(97) ReferenceProcessor::execute queues: 1, RefProcThreadModel::Single, marks_oops_alive: false
[100.086s][debug][gc,ref         ] GC(97) Skipped phase 3 of Reference Processing: no references
[100.086s][debug][gc,ref         ] GC(97) Skipped phase 4 of Reference Processing: no references
[100.086s][debug][gc,phases      ] GC(97) Reference Processing 0.138ms
[100.086s][debug][gc,phases      ] GC(97)   VM Weak                        Min:  0.0, Avg:  0.0, Max:  0.0, Diff:  0.0, Sum:  0.0, Workers: 4
[100.086s][debug][gc,phases      ] GC(97)     Dead                           Min: 0, Avg:  0.0, Max: 0, Diff: 0, Sum: 0, Workers: 4
[100.086s][debug][gc,phases      ] GC(97)     Total                          Min: 0, Avg: 164.0, Max: 336, Diff: 336, Sum: 656, Workers: 4
[100.086s][debug][gc,phases      ] GC(97)   ObjectSynchronizer Weak        Min:  0.0, Avg:  0.0, Max:  0.0, Diff:  0.0, Sum:  0.0, Workers: 4
[100.086s][debug][gc,phases      ] GC(97)     Dead                           Min: 0, Avg:  0.0, Max: 0, Diff: 0, Sum: 0, Workers: 4
[100.086s][debug][gc,phases      ] GC(97)     Total                          Min: 0, Avg: 46.2, Max: 121, Diff: 121, Sum: 185, Workers: 4
[100.086s][debug][gc,phases      ] GC(97)   JVMTI Tag Weak OopStorage      Min:  0.0, Avg:  0.0, Max:  0.0, Diff:  0.0, Sum:  0.0, Workers: 4
[100.086s][debug][gc,phases      ] GC(97)     Dead                           Min: 0, Avg:  0.0, Max: 0, Diff: 0, Sum: 0, Workers: 4
[100.086s][debug][gc,phases      ] GC(97)     Total                          Min: 0, Avg:  0.0, Max: 0, Diff: 0, Sum: 0, Workers: 4
[100.086s][debug][gc,phases      ] GC(97)   StringTable Weak               Min:  0.0, Avg:  0.1, Max:  0.3, Diff:  0.3, Sum:  0.5, Workers: 4
[100.086s][debug][gc,phases      ] GC(97)     Dead                           Min: 0, Avg:  0.0, Max: 0, Diff: 0, Sum: 0, Workers: 4
[100.086s][debug][gc,phases      ] GC(97)     Total                          Min: 0, Avg: 11746.2, Max: 23680, Diff: 23680, Sum: 46985, Workers: 4
[100.086s][debug][gc,phases      ] GC(97)   ResolvedMethodTable Weak       Min:  0.0, Avg:  0.0, Max:  0.0, Diff:  0.0, Sum:  0.1, Workers: 4
[100.086s][debug][gc,phases      ] GC(97)     Dead                           Min: 0, Avg:  0.0, Max: 0, Diff: 0, Sum: 0, Workers: 4
[100.086s][debug][gc,phases      ] GC(97)     Total                          Min: 0, Avg: 1970.2, Max: 3968, Diff: 3968, Sum: 7881, Workers: 4
[100.086s][debug][gc,phases      ] GC(97)   JNI Weak                       Min:  0.0, Avg:  0.0, Max:  0.0, Diff:  0.0, Sum:  0.0, Workers: 4
[100.086s][debug][gc,phases      ] GC(97)     Dead                           Min: 0, Avg:  0.0, Max: 0, Diff: 0, Sum: 0, Workers: 4
[100.086s][debug][gc,phases      ] GC(97)     Total                          Min: 0, Avg:  0.0, Max: 0, Diff: 0, Sum: 0, Workers: 4
[100.086s][debug][gc,phases      ] GC(97)   StringDedup Table Weak         Min:  0.0, Avg:  0.0, Max:  0.0, Diff:  0.0, Sum:  0.0, Workers: 4
[100.086s][debug][gc,phases      ] GC(97)     Dead                           Min: 0, Avg:  0.0, Max: 0, Diff: 0, Sum: 0, Workers: 4
[100.086s][debug][gc,phases      ] GC(97)     Total                          Min: 0, Avg:  0.0, Max: 0, Diff: 0, Sum: 0, Workers: 4
[100.086s][debug][gc,phases      ] GC(97)   StringDedup Requests0 Weak     Min:  0.0, Avg:  0.0, Max:  0.0, Diff:  0.0, Sum:  0.0, Workers: 4
[100.086s][debug][gc,phases      ] GC(97)     Dead                           Min: 0, Avg:  0.0, Max: 0, Diff: 0, Sum: 0, Workers: 4
[100.086s][debug][gc,phases      ] GC(97)     Total                          Min: 0, Avg:  0.0, Max: 0, Diff: 0, Sum: 0, Workers: 4
[100.087s][debug][gc,phases      ] GC(97)   StringDedup Requests1 Weak     Min:  0.0, Avg:  0.0, Max:  0.0, Diff:  0.0, Sum:  0.0, Workers: 4
[100.087s][debug][gc,phases      ] GC(97)     Dead                           Min: 0, Avg:  0.0, Max: 0, Diff: 0, Sum: 0, Workers: 4
[100.087s][debug][gc,phases      ] GC(97)     Total                          Min: 0, Avg:  0.0, Max: 0, Diff: 0, Sum: 0, Workers: 4
[100.087s][debug][gc,phases      ] GC(97)   Weak JFR Old Object Samples    Min:  0.0, Avg:  0.0, Max:  0.0, Diff:  0.0, Sum:  0.0, Workers: 4
[100.087s][debug][gc,phases      ] GC(97)     Dead                           Min: 0, Avg:  0.0, Max: 0, Diff: 0, Sum: 0, Workers: 4
[100.087s][debug][gc,phases      ] GC(97)     Total                          Min: 0, Avg:  0.0, Max: 0, Diff: 0, Sum: 0, Workers: 4
[100.087s][debug][gc,phases      ] GC(97) Weak Processing 0.641ms
[100.087s][debug][gc,age         ] GC(97) Desired survivor size 66060288 bytes, new threshold 15 (max threshold 15)
[100.087s][info ][gc,heap        ] GC(97) PSYoungGen: 1971888K(2025472K)->6624K(2032640K) Eden: 1956864K(1956864K)->0K(1966592K) From: 15024K(68608K)->6624K(66048K)
[100.087s][info ][gc,heap        ] GC(97) ParOldGen: 458795K(483328K)->467651K(483328K)
[100.087s][info ][gc,metaspace   ] GC(97) Metaspace: 79913K(80704K)->79913K(80704K) NonClass: 68622K(69056K)->68622K(69056K) Class: 11290K(11648K)->11290K(11648K)
[100.087s][info ][gc             ] GC(97) Pause Young (Allocation Failure) 2373M->463M(2457M) 48.834ms
[100.087s][info ][gc,cpu         ] GC(97) User=0.04s Sys=0.00s Real=0.05s
[100.087s][info ][safepoint      ] Safepoint "ParallelGCFailedAllocation", Time since last: 303966664 ns, Reaching safepoint: 8020073 ns, At safepoint: 48980857 ns, Total: 57000930 ns
[100.950s][info ][gc,start       ] GC(98) Pause Young (Allocation Failure)
[100.974s][debug][gc,phases      ] GC(98) Scavenge 23.892ms
[100.974s][debug][gc,ref         ] GC(98) Skipped phase 1 of Reference Processing: no references
[100.974s][debug][gc,ref         ] GC(98) ReferenceProcessor::execute queues: 1, RefProcThreadModel::Single, marks_oops_alive: false
[100.974s][debug][gc,ref         ] GC(98) Skipped phase 3 of Reference Processing: no references
[100.974s][debug][gc,ref         ] GC(98) Skipped phase 4 of Reference Processing: no references
[100.974s][debug][gc,phases      ] GC(98) Reference Processing 0.156ms
[100.976s][debug][gc,phases      ] GC(98)   VM Weak                        Min:  0.0, Avg:  0.0, Max:  0.0, Diff:  0.0, Sum:  0.0, Workers: 4
[100.976s][debug][gc,phases      ] GC(98)     Dead                           Min: 0, Avg:  0.0, Max: 0, Diff: 0, Sum: 0, Workers: 4
[100.976s][debug][gc,phases      ] GC(98)     Total                          Min: 0, Avg: 164.0, Max: 656, Diff: 656, Sum: 656, Workers: 4
[100.976s][debug][gc,phases      ] GC(98)   ObjectSynchronizer Weak        Min:  0.0, Avg:  0.0, Max:  0.2, Diff:  0.2, Sum:  0.2, Workers: 4
[100.976s][debug][gc,phases      ] GC(98)     Dead                           Min: 0, Avg:  0.0, Max: 0, Diff: 0, Sum: 0, Workers: 4
[100.976s][debug][gc,phases      ] GC(98)     Total                          Min: 0, Avg: 46.2, Max: 185, Diff: 185, Sum: 185, Workers: 4
[100.976s][debug][gc,phases      ] GC(98)   JVMTI Tag Weak OopStorage      Min:  0.0, Avg:  0.0, Max:  0.0, Diff:  0.0, Sum:  0.0, Workers: 4
[100.976s][debug][gc,phases      ] GC(98)     Dead                           Min: 0, Avg:  0.0, Max: 0, Diff: 0, Sum: 0, Workers: 4
[100.976s][debug][gc,phases      ] GC(98)     Total                          Min: 0, Avg:  0.0, Max: 0, Diff: 0, Sum: 0, Workers: 4
[100.976s][debug][gc,phases      ] GC(98)   StringTable Weak               Min:  0.0, Avg:  0.2, Max:  0.8, Diff:  0.8, Sum:  0.8, Workers: 4
[100.976s][debug][gc,phases      ] GC(98)     Dead                           Min: 0, Avg:  0.0, Max: 0, Diff: 0, Sum: 0, Workers: 4
[100.976s][debug][gc,phases      ] GC(98)     Total                          Min: 0, Avg: 11762.2, Max: 47049, Diff: 47049, Sum: 47049, Workers: 4
[100.976s][debug][gc,phases      ] GC(98)   ResolvedMethodTable Weak       Min:  0.0, Avg:  0.0, Max:  0.1, Diff:  0.1, Sum:  0.1, Workers: 4
[100.976s][debug][gc,phases      ] GC(98)     Dead                           Min: 0, Avg:  0.0, Max: 0, Diff: 0, Sum: 0, Workers: 4
[100.976s][debug][gc,phases      ] GC(98)     Total                          Min: 0, Avg: 1970.2, Max: 7881, Diff: 7881, Sum: 7881, Workers: 4
[100.976s][debug][gc,phases      ] GC(98)   JNI Weak                       Min:  0.0, Avg:  0.0, Max:  0.0, Diff:  0.0, Sum:  0.0, Workers: 4
[100.976s][debug][gc,phases      ] GC(98)     Dead                           Min: 0, Avg:  0.0, Max: 0, Diff: 0, Sum: 0, Workers: 4
[100.976s][debug][gc,phases      ] GC(98)     Total                          Min: 0, Avg:  0.0, Max: 0, Diff: 0, Sum: 0, Workers: 4
[100.976s][debug][gc,phases      ] GC(98)   StringDedup Table Weak         Min:  0.0, Avg:  0.0, Max:  0.0, Diff:  0.0, Sum:  0.0, Workers: 4
[100.976s][debug][gc,phases      ] GC(98)     Dead                           Min: 0, Avg:  0.0, Max: 0, Diff: 0, Sum: 0, Workers: 4
[100.976s][debug][gc,phases      ] GC(98)     Total                          Min: 0, Avg:  0.0, Max: 0, Diff: 0, Sum: 0, Workers: 4
[100.976s][debug][gc,phases      ] GC(98)   StringDedup Requests0 Weak     Min:  0.0, Avg:  0.0, Max:  0.0, Diff:  0.0, Sum:  0.0, Workers: 4
[100.976s][debug][gc,phases      ] GC(98)     Dead                           Min: 0, Avg:  0.0, Max: 0, Diff: 0, Sum: 0, Workers: 4
[100.976s][debug][gc,phases      ] GC(98)     Total                          Min: 0, Avg:  0.0, Max: 0, Diff: 0, Sum: 0, Workers: 4
[100.976s][debug][gc,phases      ] GC(98)   StringDedup Requests1 Weak     Min:  0.0, Avg:  0.0, Max:  0.0, Diff:  0.0, Sum:  0.0, Workers: 4
[100.976s][debug][gc,phases      ] GC(98)     Dead                           Min: 0, Avg:  0.0, Max: 0, Diff: 0, Sum: 0, Workers: 4
[100.976s][debug][gc,phases      ] GC(98)     Total                          Min: 0, Avg:  0.0, Max: 0, Diff: 0, Sum: 0, Workers: 4
[100.976s][debug][gc,phases      ] GC(98)   Weak JFR Old Object Samples    Min:  0.0, Avg:  0.0, Max:  0.0, Diff:  0.0, Sum:  0.0, Workers: 4
[100.976s][debug][gc,phases      ] GC(98)     Dead                           Min: 0, Avg:  0.0, Max: 0, Diff: 0, Sum: 0, Workers: 4
[100.976s][debug][gc,phases      ] GC(98)     Total                          Min: 0, Avg:  0.0, Max: 0, Diff: 0, Sum: 0, Workers: 4
[100.976s][debug][gc,phases      ] GC(98) Weak Processing 1.748ms
[100.976s][debug][gc,age         ] GC(98) Desired survivor size 64487424 bytes, new threshold 15 (max threshold 15)
[100.976s][info ][gc,heap        ] GC(98) PSYoungGen: 1973216K(2032640K)->6096K(2031104K) Eden: 1966592K(1966592K)->0K(1966592K) From: 6624K(66048K)->6096K(64512K)
[100.976s][info ][gc,heap        ] GC(98) ParOldGen: 467651K(483328K)->468579K(483328K)
[100.976s][info ][gc,metaspace   ] GC(98) Metaspace: 79915K(80704K)->79915K(80704K) NonClass: 68625K(69056K)->68625K(69056K) Class: 11290K(11648K)->11290K(11648K)
[100.976s][info ][gc             ] GC(98) Pause Young (Allocation Failure) 2383M->463M(2455M) 26.012ms
[100.976s][info ][gc,cpu         ] GC(98) User=0.03s Sys=0.00s Real=0.03s
[100.976s][info ][safepoint      ] Safepoint "ParallelGCFailedAllocation", Time since last: 860994185 ns, Reaching safepoint: 2191947 ns, At safepoint: 26144464 ns, Total: 28336411 ns
[101.806s][info ][gc,start       ] GC(99) Pause Young (Allocation Failure)
[101.820s][debug][gc,phases      ] GC(99) Scavenge 13.604ms
[101.820s][debug][gc,ref         ] GC(99) Skipped phase 1 of Reference Processing: no references
[101.820s][debug][gc,ref         ] GC(99) ReferenceProcessor::execute queues: 1, RefProcThreadModel::Single, marks_oops_alive: false
[101.820s][debug][gc,ref         ] GC(99) Skipped phase 3 of Reference Processing: no references
[101.820s][debug][gc,ref         ] GC(99) Skipped phase 4 of Reference Processing: no references
[101.820s][debug][gc,phases      ] GC(99) Reference Processing 0.156ms
[101.821s][debug][gc,phases      ] GC(99)   VM Weak                        Min:  0.0, Avg:  0.0, Max:  0.0, Diff:  0.0, Sum:  0.0, Workers: 4
[101.821s][debug][gc,phases      ] GC(99)     Dead                           Min: 0, Avg:  0.0, Max: 0, Diff: 0, Sum: 0, Workers: 4
[101.821s][debug][gc,phases      ] GC(99)     Total                          Min: 0, Avg: 164.0, Max: 656, Diff: 656, Sum: 656, Workers: 4
[101.821s][debug][gc,phases      ] GC(99)   ObjectSynchronizer Weak        Min:  0.0, Avg:  0.0, Max:  0.0, Diff:  0.0, Sum:  0.0, Workers: 4
[101.821s][debug][gc,phases      ] GC(99)     Dead                           Min: 0, Avg:  0.0, Max: 0, Diff: 0, Sum: 0, Workers: 4
[101.821s][debug][gc,phases      ] GC(99)     Total                          Min: 0, Avg: 46.2, Max: 185, Diff: 185, Sum: 185, Workers: 4
[101.821s][debug][gc,phases      ] GC(99)   JVMTI Tag Weak OopStorage      Min:  0.0, Avg:  0.0, Max:  0.0, Diff:  0.0, Sum:  0.0, Workers: 4
[101.821s][debug][gc,phases      ] GC(99)     Dead                           Min: 0, Avg:  0.0, Max: 0, Diff: 0, Sum: 0, Workers: 4
[101.821s][debug][gc,phases      ] GC(99)     Total                          Min: 0, Avg:  0.0, Max: 0, Diff: 0, Sum: 0, Workers: 4
[101.821s][debug][gc,phases      ] GC(99)   StringTable Weak               Min:  0.0, Avg:  0.1, Max:  0.5, Diff:  0.5, Sum:  0.5, Workers: 4
[101.821s][debug][gc,phases      ] GC(99)     Dead                           Min: 0, Avg:  0.0, Max: 0, Diff: 0, Sum: 0, Workers: 4
[101.821s][debug][gc,phases      ] GC(99)     Total                          Min: 0, Avg: 11768.0, Max: 47072, Diff: 47072, Sum: 47072, Workers: 4
[101.821s][debug][gc,phases      ] GC(99)   ResolvedMethodTable Weak       Min:  0.0, Avg:  0.0, Max:  0.1, Diff:  0.1, Sum:  0.1, Workers: 4
[101.821s][debug][gc,phases      ] GC(99)     Dead                           Min: 0, Avg:  0.0, Max: 0, Diff: 0, Sum: 0, Workers: 4
[101.821s][debug][gc,phases      ] GC(99)     Total                          Min: 0, Avg: 1970.2, Max: 7881, Diff: 7881, Sum: 7881, Workers: 4
[101.821s][debug][gc,phases      ] GC(99)   JNI Weak                       Min:  0.0, Avg:  0.0, Max:  0.0, Diff:  0.0, Sum:  0.0, Workers: 4
[101.821s][debug][gc,phases      ] GC(99)     Dead                           Min: 0, Avg:  0.0, Max: 0, Diff: 0, Sum: 0, Workers: 4
[101.821s][debug][gc,phases      ] GC(99)     Total                          Min: 0, Avg:  0.2, Max: 1, Diff: 1, Sum: 1, Workers: 4
[101.821s][debug][gc,phases      ] GC(99)   StringDedup Table Weak         Min:  0.0, Avg:  0.0, Max:  0.0, Diff:  0.0, Sum:  0.0, Workers: 4
[101.821s][debug][gc,phases      ] GC(99)     Dead                           Min: 0, Avg:  0.0, Max: 0, Diff: 0, Sum: 0, Workers: 4
[101.821s][debug][gc,phases      ] GC(99)     Total                          Min: 0, Avg:  0.0, Max: 0, Diff: 0, Sum: 0, Workers: 4
[101.821s][debug][gc,phases      ] GC(99)   StringDedup Requests0 Weak     Min:  0.0, Avg:  0.0, Max:  0.0, Diff:  0.0, Sum:  0.0, Workers: 4
[101.821s][debug][gc,phases      ] GC(99)     Dead                           Min: 0, Avg:  0.0, Max: 0, Diff: 0, Sum: 0, Workers: 4
[101.821s][debug][gc,phases      ] GC(99)     Total                          Min: 0, Avg:  0.0, Max: 0, Diff: 0, Sum: 0, Workers: 4
[101.821s][debug][gc,phases      ] GC(99)   StringDedup Requests1 Weak     Min:  0.0, Avg:  0.0, Max:  0.0, Diff:  0.0, Sum:  0.0, Workers: 4
[101.821s][debug][gc,phases      ] GC(99)     Dead                           Min: 0, Avg:  0.0, Max: 0, Diff: 0, Sum: 0, Workers: 4
[101.821s][debug][gc,phases      ] GC(99)     Total                          Min: 0, Avg:  0.0, Max: 0, Diff: 0, Sum: 0, Workers: 4
[101.821s][debug][gc,phases      ] GC(99)   Weak JFR Old Object Samples    Min:  0.0, Avg:  0.0, Max:  0.0, Diff:  0.0, Sum:  0.0, Workers: 4
[101.821s][debug][gc,phases      ] GC(99)     Dead                           Min: 0, Avg:  0.0, Max: 0, Diff: 0, Sum: 0, Workers: 4
[101.821s][debug][gc,phases      ] GC(99)     Total                          Min: 0, Avg:  0.0, Max: 0, Diff: 0, Sum: 0, Workers: 4
[101.821s][debug][gc,phases      ] GC(99) Weak Processing 0.804ms
[101.821s][debug][gc,age         ] GC(99) Desired survivor size 62914560 bytes, new threshold 15 (max threshold 15)
[101.821s][info ][gc,heap        ] GC(99) PSYoungGen: 1972688K(2031104K)->6288K(2035712K) Eden: 1966592K(1966592K)->0K(1972736K) From: 6096K(64512K)->6288K(62976K)
[101.821s][info ][gc,heap        ] GC(99) ParOldGen: 468579K(483328K)->468823K(483328K)
[101.821s][info ][gc,metaspace   ] GC(99) Metaspace: 79920K(80768K)->79920K(80768K) NonClass: 68629K(69120K)->68629K(69120K) Class: 11290K(11648K)->11290K(11648K)
[101.821s][info ][gc             ] GC(99) Pause Young (Allocation Failure) 2384M->463M(2460M) 14.724ms
[101.821s][info ][gc,cpu         ] GC(99) User=0.02s Sys=0.00s Real=0.01s
[101.821s][info ][safepoint      ] Safepoint "ParallelGCFailedAllocation", Time since last: 825648911 ns, Reaching safepoint: 4327294 ns, At safepoint: 14843820 ns, Total: 19171114 ns
[102.570s][info ][gc,start       ] GC(100) Pause Young (Allocation Failure)
[102.590s][debug][gc,phases      ] GC(100) Scavenge 20.099ms
[102.590s][debug][gc,ref         ] GC(100) Skipped phase 1 of Reference Processing: no references
[102.590s][debug][gc,ref         ] GC(100) ReferenceProcessor::execute queues: 1, RefProcThreadModel::Single, marks_oops_alive: false
[102.590s][debug][gc,ref         ] GC(100) Skipped phase 3 of Reference Processing: no references
[102.590s][debug][gc,ref         ] GC(100) Skipped phase 4 of Reference Processing: no references
[102.590s][debug][gc,phases      ] GC(100) Reference Processing 0.161ms
[102.591s][debug][gc,phases      ] GC(100)   VM Weak                        Min:  0.0, Avg:  0.0, Max:  0.0, Diff:  0.0, Sum:  0.0, Workers: 4
[102.591s][debug][gc,phases      ] GC(100)     Dead                           Min: 0, Avg:  0.0, Max: 0, Diff: 0, Sum: 0, Workers: 4
[102.591s][debug][gc,phases      ] GC(100)     Total                          Min: 0, Avg: 164.0, Max: 656, Diff: 656, Sum: 656, Workers: 4
[102.591s][debug][gc,phases      ] GC(100)   ObjectSynchronizer Weak        Min:  0.0, Avg:  0.0, Max:  0.0, Diff:  0.0, Sum:  0.0, Workers: 4
[102.591s][debug][gc,phases      ] GC(100)     Dead                           Min: 0, Avg:  0.0, Max: 0, Diff: 0, Sum: 0, Workers: 4
[102.591s][debug][gc,phases      ] GC(100)     Total                          Min: 0, Avg: 46.2, Max: 185, Diff: 185, Sum: 185, Workers: 4
[102.591s][debug][gc,phases      ] GC(100)   JVMTI Tag Weak OopStorage      Min:  0.0, Avg:  0.0, Max:  0.0, Diff:  0.0, Sum:  0.0, Workers: 4
[102.591s][debug][gc,phases      ] GC(100)     Dead                           Min: 0, Avg:  0.0, Max: 0, Diff: 0, Sum: 0, Workers: 4
[102.591s][debug][gc,phases      ] GC(100)     Total                          Min: 0, Avg:  0.0, Max: 0, Diff: 0, Sum: 0, Workers: 4
[102.591s][debug][gc,phases      ] GC(100)   StringTable Weak               Min:  0.0, Avg:  0.1, Max:  0.4, Diff:  0.4, Sum:  0.4, Workers: 4
[102.591s][debug][gc,phases      ] GC(100)     Dead                           Min: 0, Avg:  0.0, Max: 0, Diff: 0, Sum: 0, Workers: 4
[102.591s][debug][gc,phases      ] GC(100)     Total                          Min: 0, Avg: 11769.0, Max: 47076, Diff: 47076, Sum: 47076, Workers: 4
[102.591s][debug][gc,phases      ] GC(100)   ResolvedMethodTable Weak       Min:  0.0, Avg:  0.0, Max:  0.1, Diff:  0.1, Sum:  0.1, Workers: 4
[102.591s][debug][gc,phases      ] GC(100)     Dead                           Min: 0, Avg:  0.0, Max: 0, Diff: 0, Sum: 0, Workers: 4
[102.591s][debug][gc,phases      ] GC(100)     Total                          Min: 0, Avg: 1970.2, Max: 7881, Diff: 7881, Sum: 7881, Workers: 4
[102.591s][debug][gc,phases      ] GC(100)   JNI Weak                       Min:  0.0, Avg:  0.0, Max:  0.0, Diff:  0.0, Sum:  0.0, Workers: 4
[102.591s][debug][gc,phases      ] GC(100)     Dead                           Min: 0, Avg:  0.0, Max: 0, Diff: 0, Sum: 0, Workers: 4
[102.591s][debug][gc,phases      ] GC(100)     Total                          Min: 0, Avg:  0.0, Max: 0, Diff: 0, Sum: 0, Workers: 4
[102.591s][debug][gc,phases      ] GC(100)   StringDedup Table Weak         Min:  0.0, Avg:  0.0, Max:  0.0, Diff:  0.0, Sum:  0.0, Workers: 4
[102.591s][debug][gc,phases      ] GC(100)     Dead                           Min: 0, Avg:  0.0, Max: 0, Diff: 0, Sum: 0, Workers: 4
[102.591s][debug][gc,phases      ] GC(100)     Total                          Min: 0, Avg:  0.0, Max: 0, Diff: 0, Sum: 0, Workers: 4
[102.591s][debug][gc,phases      ] GC(100)   StringDedup Requests0 Weak     Min:  0.0, Avg:  0.0, Max:  0.0, Diff:  0.0, Sum:  0.0, Workers: 4
[102.591s][debug][gc,phases      ] GC(100)     Dead                           Min: 0, Avg:  0.0, Max: 0, Diff: 0, Sum: 0, Workers: 4
[102.591s][debug][gc,phases      ] GC(100)     Total                          Min: 0, Avg:  0.0, Max: 0, Diff: 0, Sum: 0, Workers: 4
[102.591s][debug][gc,phases      ] GC(100)   StringDedup Requests1 Weak     Min:  0.0, Avg:  0.0, Max:  0.0, Diff:  0.0, Sum:  0.0, Workers: 4
[102.591s][debug][gc,phases      ] GC(100)     Dead                           Min: 0, Avg:  0.0, Max: 0, Diff: 0, Sum: 0, Workers: 4
[102.591s][debug][gc,phases      ] GC(100)     Total                          Min: 0, Avg:  0.0, Max: 0, Diff: 0, Sum: 0, Workers: 4
[102.591s][debug][gc,phases      ] GC(100)   Weak JFR Old Object Samples    Min:  0.0, Avg:  0.0, Max:  0.0, Diff:  0.0, Sum:  0.0, Workers: 4
[102.591s][debug][gc,phases      ] GC(100)     Dead                           Min: 0, Avg:  0.0, Max: 0, Diff: 0, Sum: 0, Workers: 4
[102.591s][debug][gc,phases      ] GC(100)     Total                          Min: 0, Avg:  0.0, Max: 0, Diff: 0, Sum: 0, Workers: 4
[102.591s][debug][gc,phases      ] GC(100) Weak Processing 0.780ms
[102.591s][debug][gc,age         ] GC(100) Desired survivor size 60817408 bytes, new threshold 15 (max threshold 15)
[102.591s][info ][gc,heap        ] GC(100) PSYoungGen: 1979024K(2035712K)->6320K(2034176K) Eden: 1972736K(1972736K)->0K(1972736K) From: 6288K(62976K)->6320K(61440K)
[102.591s][info ][gc,heap        ] GC(100) ParOldGen: 468823K(483328K)->469255K(483328K)
[102.591s][info ][gc,metaspace   ] GC(100) Metaspace: 79927K(80768K)->79927K(80768K) NonClass: 68636K(69120K)->68636K(69120K) Class: 11290K(11648K)->11290K(11648K)
[102.591s][info ][gc             ] GC(100) Pause Young (Allocation Failure) 2390M->464M(2458M) 21.220ms
[102.591s][info ][gc,cpu         ] GC(100) User=0.03s Sys=0.00s Real=0.02s
[102.591s][info ][safepoint      ] Safepoint "ParallelGCFailedAllocation", Time since last: 748532339 ns, Reaching safepoint: 153503 ns, At safepoint: 21340961 ns, Total: 21494464 ns
[103.406s][info ][gc,start       ] GC(101) Pause Young (Allocation Failure)
[103.417s][debug][gc,phases      ] GC(101) Scavenge 10.741ms
[103.417s][debug][gc,ref         ] GC(101) Skipped phase 1 of Reference Processing: no references
[103.417s][debug][gc,ref         ] GC(101) ReferenceProcessor::execute queues: 1, RefProcThreadModel::Single, marks_oops_alive: false
[103.417s][debug][gc,ref         ] GC(101) Skipped phase 3 of Reference Processing: no references
[103.417s][debug][gc,ref         ] GC(101) Skipped phase 4 of Reference Processing: no references
[103.417s][debug][gc,phases      ] GC(101) Reference Processing 0.176ms
[103.418s][debug][gc,phases      ] GC(101)   VM Weak                        Min:  0.0, Avg:  0.0, Max:  0.0, Diff:  0.0, Sum:  0.0, Workers: 4
[103.418s][debug][gc,phases      ] GC(101)     Dead                           Min: 0, Avg:  0.0, Max: 0, Diff: 0, Sum: 0, Workers: 4
[103.418s][debug][gc,phases      ] GC(101)     Total                          Min: 0, Avg: 164.0, Max: 656, Diff: 656, Sum: 656, Workers: 4
[103.418s][debug][gc,phases      ] GC(101)   ObjectSynchronizer Weak        Min:  0.0, Avg:  0.0, Max:  0.0, Diff:  0.0, Sum:  0.0, Workers: 4
[103.418s][debug][gc,phases      ] GC(101)     Dead                           Min: 0, Avg:  0.0, Max: 0, Diff: 0, Sum: 0, Workers: 4
[103.418s][debug][gc,phases      ] GC(101)     Total                          Min: 0, Avg: 46.2, Max: 185, Diff: 185, Sum: 185, Workers: 4
[103.418s][debug][gc,phases      ] GC(101)   JVMTI Tag Weak OopStorage      Min:  0.0, Avg:  0.0, Max:  0.0, Diff:  0.0, Sum:  0.0, Workers: 4
[103.418s][debug][gc,phases      ] GC(101)     Dead                           Min: 0, Avg:  0.0, Max: 0, Diff: 0, Sum: 0, Workers: 4
[103.418s][debug][gc,phases      ] GC(101)     Total                          Min: 0, Avg:  0.0, Max: 0, Diff: 0, Sum: 0, Workers: 4
[103.418s][debug][gc,phases      ] GC(101)   StringTable Weak               Min:  0.0, Avg:  0.1, Max:  0.4, Diff:  0.4, Sum:  0.6, Workers: 4
[103.418s][debug][gc,phases      ] GC(101)     Dead                           Min: 0, Avg:  0.0, Max: 0, Diff: 0, Sum: 0, Workers: 4
[103.418s][debug][gc,phases      ] GC(101)     Total                          Min: 0, Avg: 11772.0, Max: 36992, Diff: 36992, Sum: 47088, Workers: 4
[103.418s][debug][gc,phases      ] GC(101)   ResolvedMethodTable Weak       Min:  0.0, Avg:  0.0, Max:  0.0, Diff:  0.0, Sum:  0.1, Workers: 4
[103.418s][debug][gc,phases      ] GC(101)     Dead                           Min: 0, Avg:  0.0, Max: 0, Diff: 0, Sum: 0, Workers: 4
[103.418s][debug][gc,phases      ] GC(101)     Total                          Min: 0, Avg: 1970.2, Max: 4095, Diff: 4095, Sum: 7881, Workers: 4
[103.418s][debug][gc,phases      ] GC(101)   JNI Weak                       Min:  0.0, Avg:  0.0, Max:  0.0, Diff:  0.0, Sum:  0.0, Workers: 4
[103.418s][debug][gc,phases      ] GC(101)     Dead                           Min: 0, Avg:  0.0, Max: 0, Diff: 0, Sum: 0, Workers: 4
[103.418s][debug][gc,phases      ] GC(101)     Total                          Min: 0, Avg:  0.0, Max: 0, Diff: 0, Sum: 0, Workers: 4
[103.418s][debug][gc,phases      ] GC(101)   StringDedup Table Weak         Min:  0.0, Avg:  0.0, Max:  0.0, Diff:  0.0, Sum:  0.0, Workers: 4
[103.418s][debug][gc,phases      ] GC(101)     Dead                           Min: 0, Avg:  0.0, Max: 0, Diff: 0, Sum: 0, Workers: 4
[103.418s][debug][gc,phases      ] GC(101)     Total                          Min: 0, Avg:  0.0, Max: 0, Diff: 0, Sum: 0, Workers: 4
[103.418s][debug][gc,phases      ] GC(101)   StringDedup Requests0 Weak     Min:  0.0, Avg:  0.0, Max:  0.0, Diff:  0.0, Sum:  0.0, Workers: 4
[103.418s][debug][gc,phases      ] GC(101)     Dead                           Min: 0, Avg:  0.0, Max: 0, Diff: 0, Sum: 0, Workers: 4
[103.418s][debug][gc,phases      ] GC(101)     Total                          Min: 0, Avg:  0.0, Max: 0, Diff: 0, Sum: 0, Workers: 4
[103.418s][debug][gc,phases      ] GC(101)   StringDedup Requests1 Weak     Min:  0.0, Avg:  0.0, Max:  0.0, Diff:  0.0, Sum:  0.0, Workers: 4
[103.418s][debug][gc,phases      ] GC(101)     Dead                           Min: 0, Avg:  0.0, Max: 0, Diff: 0, Sum: 0, Workers: 4
[103.418s][debug][gc,phases      ] GC(101)     Total                          Min: 0, Avg:  0.0, Max: 0, Diff: 0, Sum: 0, Workers: 4
[103.418s][debug][gc,phases      ] GC(101)   Weak JFR Old Object Samples    Min:  0.0, Avg:  0.0, Max:  0.0, Diff:  0.0, Sum:  0.0, Workers: 4
[103.418s][debug][gc,phases      ] GC(101)     Dead                           Min: 0, Avg:  0.0, Max: 0, Diff: 0, Sum: 0, Workers: 4
[103.418s][debug][gc,phases      ] GC(101)     Total                          Min: 0, Avg:  0.0, Max: 0, Diff: 0, Sum: 0, Workers: 4
[103.418s][debug][gc,phases      ] GC(101) Weak Processing 0.798ms
[103.418s][debug][gc,age         ] GC(101) Desired survivor size 58195968 bytes, new threshold 15 (max threshold 15)
[103.418s][info ][gc,heap        ] GC(101) PSYoungGen: 1979056K(2034176K)->6560K(2040320K) Eden: 1972736K(1972736K)->0K(1980928K) From: 6320K(61440K)->6560K(59392K)
[103.418s][info ][gc,heap        ] GC(101) ParOldGen: 469255K(483328K)->469511K(483328K)
[103.418s][info ][gc,metaspace   ] GC(101) Metaspace: 79927K(80768K)->79927K(80768K) NonClass: 68636K(69120K)->68636K(69120K) Class: 11290K(11648K)->11290K(11648K)
[103.418s][info ][gc             ] GC(101) Pause Young (Allocation Failure) 2390M->464M(2464M) 11.912ms
[103.418s][info ][gc,cpu         ] GC(101) User=0.02s Sys=0.00s Real=0.01s
[103.418s][info ][safepoint      ] Safepoint "ParallelGCFailedAllocation", Time since last: 806017871 ns, Reaching safepoint: 8916792 ns, At safepoint: 12061260 ns, Total: 20978052 ns
[104.173s][info ][gc,start       ] GC(102) Pause Young (Allocation Failure)
[104.186s][debug][gc,phases      ] GC(102) Scavenge 12.466ms
[104.186s][debug][gc,ref         ] GC(102) Skipped phase 1 of Reference Processing: no references
[104.186s][debug][gc,ref         ] GC(102) ReferenceProcessor::execute queues: 1, RefProcThreadModel::Single, marks_oops_alive: false
[104.186s][debug][gc,ref         ] GC(102) Skipped phase 3 of Reference Processing: no references
[104.186s][debug][gc,ref         ] GC(102) Skipped phase 4 of Reference Processing: no references
[104.186s][debug][gc,phases      ] GC(102) Reference Processing 0.141ms
[104.187s][debug][gc,phases      ] GC(102)   VM Weak                        Min:  0.0, Avg:  0.0, Max:  0.0, Diff:  0.0, Sum:  0.0, Workers: 4
[104.187s][debug][gc,phases      ] GC(102)     Dead                           Min: 0, Avg:  0.0, Max: 0, Diff: 0, Sum: 0, Workers: 4
[104.187s][debug][gc,phases      ] GC(102)     Total                          Min: 0, Avg: 164.0, Max: 656, Diff: 656, Sum: 656, Workers: 4
[104.187s][debug][gc,phases      ] GC(102)   ObjectSynchronizer Weak        Min:  0.0, Avg:  0.0, Max:  0.0, Diff:  0.0, Sum:  0.0, Workers: 4
[104.187s][debug][gc,phases      ] GC(102)     Dead                           Min: 0, Avg:  0.0, Max: 0, Diff: 0, Sum: 0, Workers: 4
[104.187s][debug][gc,phases      ] GC(102)     Total                          Min: 0, Avg: 46.2, Max: 185, Diff: 185, Sum: 185, Workers: 4
[104.187s][debug][gc,phases      ] GC(102)   JVMTI Tag Weak OopStorage      Min:  0.0, Avg:  0.0, Max:  0.0, Diff:  0.0, Sum:  0.0, Workers: 4
[104.187s][debug][gc,phases      ] GC(102)     Dead                           Min: 0, Avg:  0.0, Max: 0, Diff: 0, Sum: 0, Workers: 4
[104.187s][debug][gc,phases      ] GC(102)     Total                          Min: 0, Avg:  0.0, Max: 0, Diff: 0, Sum: 0, Workers: 4
[104.187s][debug][gc,phases      ] GC(102)   StringTable Weak               Min:  0.0, Avg:  0.1, Max:  0.5, Diff:  0.5, Sum:  0.5, Workers: 4
[104.187s][debug][gc,phases      ] GC(102)     Dead                           Min: 0, Avg:  0.0, Max: 0, Diff: 0, Sum: 0, Workers: 4
[104.187s][debug][gc,phases      ] GC(102)     Total                          Min: 0, Avg: 11772.0, Max: 47088, Diff: 47088, Sum: 47088, Workers: 4
[104.187s][debug][gc,phases      ] GC(102)   ResolvedMethodTable Weak       Min:  0.0, Avg:  0.0, Max:  0.1, Diff:  0.1, Sum:  0.1, Workers: 4
[104.187s][debug][gc,phases      ] GC(102)     Dead                           Min: 0, Avg:  0.0, Max: 0, Diff: 0, Sum: 0, Workers: 4
[104.187s][debug][gc,phases      ] GC(102)     Total                          Min: 0, Avg: 1970.2, Max: 7881, Diff: 7881, Sum: 7881, Workers: 4
[104.187s][debug][gc,phases      ] GC(102)   JNI Weak                       Min:  0.0, Avg:  0.0, Max:  0.0, Diff:  0.0, Sum:  0.0, Workers: 4
[104.187s][debug][gc,phases      ] GC(102)     Dead                           Min: 0, Avg:  0.0, Max: 0, Diff: 0, Sum: 0, Workers: 4
[104.187s][debug][gc,phases      ] GC(102)     Total                          Min: 0, Avg:  0.0, Max: 0, Diff: 0, Sum: 0, Workers: 4
[104.187s][debug][gc,phases      ] GC(102)   StringDedup Table Weak         Min:  0.0, Avg:  0.0, Max:  0.0, Diff:  0.0, Sum:  0.0, Workers: 4
[104.187s][debug][gc,phases      ] GC(102)     Dead                           Min: 0, Avg:  0.0, Max: 0, Diff: 0, Sum: 0, Workers: 4
[104.187s][debug][gc,phases      ] GC(102)     Total                          Min: 0, Avg:  0.0, Max: 0, Diff: 0, Sum: 0, Workers: 4
[104.187s][debug][gc,phases      ] GC(102)   StringDedup Requests0 Weak     Min:  0.0, Avg:  0.0, Max:  0.0, Diff:  0.0, Sum:  0.0, Workers: 4
[104.187s][debug][gc,phases      ] GC(102)     Dead                           Min: 0, Avg:  0.0, Max: 0, Diff: 0, Sum: 0, Workers: 4
[104.187s][debug][gc,phases      ] GC(102)     Total                          Min: 0, Avg:  0.0, Max: 0, Diff: 0, Sum: 0, Workers: 4
[104.187s][debug][gc,phases      ] GC(102)   StringDedup Requests1 Weak     Min:  0.0, Avg:  0.0, Max:  0.0, Diff:  0.0, Sum:  0.0, Workers: 4
[104.187s][debug][gc,phases      ] GC(102)     Dead                           Min: 0, Avg:  0.0, Max: 0, Diff: 0, Sum: 0, Workers: 4
[104.187s][debug][gc,phases      ] GC(102)     Total                          Min: 0, Avg:  0.0, Max: 0, Diff: 0, Sum: 0, Workers: 4
[104.187s][debug][gc,phases      ] GC(102)   Weak JFR Old Object Samples    Min:  0.0, Avg:  0.0, Max:  0.0, Diff:  0.0, Sum:  0.0, Workers: 4
[104.187s][debug][gc,phases      ] GC(102)     Dead                           Min: 0, Avg:  0.0, Max: 0, Diff: 0, Sum: 0, Workers: 4
[104.187s][debug][gc,phases      ] GC(102)     Total                          Min: 0, Avg:  0.0, Max: 0, Diff: 0, Sum: 0, Workers: 4
[104.187s][debug][gc,phases      ] GC(102) Weak Processing 0.822ms
[104.187s][debug][gc,age         ] GC(102) Desired survivor size 56098816 bytes, new threshold 15 (max threshold 15)
[104.187s][info ][gc,heap        ] GC(102) PSYoungGen: 1987488K(2040320K)->6880K(2037760K) Eden: 1980928K(1980928K)->0K(1980928K) From: 6560K(59392K)->6880K(56832K)
[104.187s][info ][gc,heap        ] GC(102) ParOldGen: 469511K(483328K)->469767K(483328K)
[104.187s][info ][gc,metaspace   ] GC(102) Metaspace: 79930K(80768K)->79930K(80768K) NonClass: 68639K(69120K)->68639K(69120K) Class: 11290K(11648K)->11290K(11648K)
[104.187s][info ][gc             ] GC(102) Pause Young (Allocation Failure) 2399M->465M(2462M) 13.593ms
[104.187s][info ][gc,cpu         ] GC(102) User=0.02s Sys=0.00s Real=0.02s
[104.187s][info ][safepoint      ] Safepoint "ParallelGCFailedAllocation", Time since last: 755007065 ns, Reaching safepoint: 273606 ns, At safepoint: 13714495 ns, Total: 13988101 ns
[105.087s][info ][gc,start       ] GC(103) Pause Young (Allocation Failure)
[105.106s][debug][gc,phases      ] GC(103) Scavenge 18.795ms
[105.106s][debug][gc,ref         ] GC(103) Skipped phase 1 of Reference Processing: no references
[105.106s][debug][gc,ref         ] GC(103) ReferenceProcessor::execute queues: 1, RefProcThreadModel::Single, marks_oops_alive: false
[105.106s][debug][gc,ref         ] GC(103) Skipped phase 3 of Reference Processing: no references
[105.106s][debug][gc,ref         ] GC(103) Skipped phase 4 of Reference Processing: no references
[105.106s][debug][gc,phases      ] GC(103) Reference Processing 0.170ms
[105.107s][debug][gc,phases      ] GC(103)   VM Weak                        Min:  0.0, Avg:  0.0, Max:  0.0, Diff:  0.0, Sum:  0.0, Workers: 4
[105.107s][debug][gc,phases      ] GC(103)     Dead                           Min: 0, Avg:  0.0, Max: 0, Diff: 0, Sum: 0, Workers: 4
[105.107s][debug][gc,phases      ] GC(103)     Total                          Min: 0, Avg: 164.0, Max: 656, Diff: 656, Sum: 656, Workers: 4
[105.107s][debug][gc,phases      ] GC(103)   ObjectSynchronizer Weak        Min:  0.0, Avg:  0.0, Max:  0.0, Diff:  0.0, Sum:  0.0, Workers: 4
[105.107s][debug][gc,phases      ] GC(103)     Dead                           Min: 0, Avg:  0.0, Max: 0, Diff: 0, Sum: 0, Workers: 4
[105.107s][debug][gc,phases      ] GC(103)     Total                          Min: 0, Avg: 46.2, Max: 185, Diff: 185, Sum: 185, Workers: 4
[105.107s][debug][gc,phases      ] GC(103)   JVMTI Tag Weak OopStorage      Min:  0.0, Avg:  0.0, Max:  0.0, Diff:  0.0, Sum:  0.0, Workers: 4
[105.107s][debug][gc,phases      ] GC(103)     Dead                           Min: 0, Avg:  0.0, Max: 0, Diff: 0, Sum: 0, Workers: 4
[105.107s][debug][gc,phases      ] GC(103)     Total                          Min: 0, Avg:  0.0, Max: 0, Diff: 0, Sum: 0, Workers: 4
[105.107s][debug][gc,phases      ] GC(103)   StringTable Weak               Min:  0.0, Avg:  0.2, Max:  0.6, Diff:  0.6, Sum:  0.6, Workers: 4
[105.107s][debug][gc,phases      ] GC(103)     Dead                           Min: 0, Avg:  0.0, Max: 0, Diff: 0, Sum: 0, Workers: 4
[105.107s][debug][gc,phases      ] GC(103)     Total                          Min: 0, Avg: 11772.0, Max: 47088, Diff: 47088, Sum: 47088, Workers: 4
[105.107s][debug][gc,phases      ] GC(103)   ResolvedMethodTable Weak       Min:  0.0, Avg:  0.0, Max:  0.1, Diff:  0.1, Sum:  0.1, Workers: 4
[105.107s][debug][gc,phases      ] GC(103)     Dead                           Min: 0, Avg:  0.0, Max: 0, Diff: 0, Sum: 0, Workers: 4
[105.107s][debug][gc,phases      ] GC(103)     Total                          Min: 0, Avg: 1970.2, Max: 7881, Diff: 7881, Sum: 7881, Workers: 4
[105.107s][debug][gc,phases      ] GC(103)   JNI Weak                       Min:  0.0, Avg:  0.0, Max:  0.0, Diff:  0.0, Sum:  0.0, Workers: 4
[105.107s][debug][gc,phases      ] GC(103)     Dead                           Min: 0, Avg:  0.0, Max: 0, Diff: 0, Sum: 0, Workers: 4
[105.107s][debug][gc,phases      ] GC(103)     Total                          Min: 0, Avg:  0.0, Max: 0, Diff: 0, Sum: 0, Workers: 4
[105.107s][debug][gc,phases      ] GC(103)   StringDedup Table Weak         Min:  0.0, Avg:  0.0, Max:  0.0, Diff:  0.0, Sum:  0.0, Workers: 4
[105.107s][debug][gc,phases      ] GC(103)     Dead                           Min: 0, Avg:  0.0, Max: 0, Diff: 0, Sum: 0, Workers: 4
[105.107s][debug][gc,phases      ] GC(103)     Total                          Min: 0, Avg:  0.0, Max: 0, Diff: 0, Sum: 0, Workers: 4
[105.107s][debug][gc,phases      ] GC(103)   StringDedup Requests0 Weak     Min:  0.0, Avg:  0.0, Max:  0.0, Diff:  0.0, Sum:  0.0, Workers: 4
[105.107s][debug][gc,phases      ] GC(103)     Dead                           Min: 0, Avg:  0.0, Max: 0, Diff: 0, Sum: 0, Workers: 4
[105.107s][debug][gc,phases      ] GC(103)     Total                          Min: 0, Avg:  0.0, Max: 0, Diff: 0, Sum: 0, Workers: 4
[105.107s][debug][gc,phases      ] GC(103)   StringDedup Requests1 Weak     Min:  0.0, Avg:  0.0, Max:  0.0, Diff:  0.0, Sum:  0.0, Workers: 4
[105.107s][debug][gc,phases      ] GC(103)     Dead                           Min: 0, Avg:  0.0, Max: 0, Diff: 0, Sum: 0, Workers: 4
[105.107s][debug][gc,phases      ] GC(103)     Total                          Min: 0, Avg:  0.0, Max: 0, Diff: 0, Sum: 0, Workers: 4
[105.107s][debug][gc,phases      ] GC(103)   Weak JFR Old Object Samples    Min:  0.0, Avg:  0.0, Max:  0.0, Diff:  0.0, Sum:  0.0, Workers: 4
[105.107s][debug][gc,phases      ] GC(103)     Dead                           Min: 0, Avg:  0.0, Max: 0, Diff: 0, Sum: 0, Workers: 4
[105.107s][debug][gc,phases      ] GC(103)     Total                          Min: 0, Avg:  0.0, Max: 0, Diff: 0, Sum: 0, Workers: 4
[105.107s][debug][gc,phases      ] GC(103) Weak Processing 1.048ms
[105.107s][debug][gc,age         ] GC(103) Desired survivor size 53477376 bytes, new threshold 15 (max threshold 15)
[105.107s][info ][gc,heap        ] GC(103) PSYoungGen: 1987808K(2037760K)->7040K(2044928K) Eden: 1980928K(1980928K)->0K(1990144K) From: 6880K(56832K)->7040K(54784K)
[105.107s][info ][gc,heap        ] GC(103) ParOldGen: 469767K(483328K)->470167K(483328K)
[105.107s][info ][gc,metaspace   ] GC(103) Metaspace: 79930K(80768K)->79930K(80768K) NonClass: 68640K(69120K)->68640K(69120K) Class: 11290K(11648K)->11290K(11648K)
[105.107s][info ][gc             ] GC(103) Pause Young (Allocation Failure) 2399M->466M(2469M) 20.384ms
[105.107s][info ][gc,cpu         ] GC(103) User=0.02s Sys=0.00s Real=0.02s
[105.107s][info ][safepoint      ] Safepoint "ParallelGCFailedAllocation", Time since last: 891436095 ns, Reaching safepoint: 8510283 ns, At safepoint: 20523141 ns, Total: 29033424 ns
[106.047s][info ][gc,start       ] GC(104) Pause Young (Allocation Failure)
[106.068s][debug][gc,phases      ] GC(104) Scavenge 20.436ms
[106.068s][debug][gc,ref         ] GC(104) Skipped phase 1 of Reference Processing: no references
[106.068s][debug][gc,ref         ] GC(104) ReferenceProcessor::execute queues: 1, RefProcThreadModel::Single, marks_oops_alive: false
[106.068s][debug][gc,ref         ] GC(104) Skipped phase 3 of Reference Processing: no references
[106.068s][debug][gc,ref         ] GC(104) Skipped phase 4 of Reference Processing: no references
[106.068s][debug][gc,phases      ] GC(104) Reference Processing 0.139ms
[106.069s][debug][gc,phases      ] GC(104)   VM Weak                        Min:  0.0, Avg:  0.0, Max:  0.0, Diff:  0.0, Sum:  0.0, Workers: 4
[106.069s][debug][gc,phases      ] GC(104)     Dead                           Min: 0, Avg:  0.0, Max: 0, Diff: 0, Sum: 0, Workers: 4
[106.069s][debug][gc,phases      ] GC(104)     Total                          Min: 0, Avg: 164.0, Max: 656, Diff: 656, Sum: 656, Workers: 4
[106.069s][debug][gc,phases      ] GC(104)   ObjectSynchronizer Weak        Min:  0.0, Avg:  0.0, Max:  0.0, Diff:  0.0, Sum:  0.0, Workers: 4
[106.069s][debug][gc,phases      ] GC(104)     Dead                           Min: 0, Avg:  0.0, Max: 0, Diff: 0, Sum: 0, Workers: 4
[106.069s][debug][gc,phases      ] GC(104)     Total                          Min: 0, Avg: 46.5, Max: 186, Diff: 186, Sum: 186, Workers: 4
[106.069s][debug][gc,phases      ] GC(104)   JVMTI Tag Weak OopStorage      Min:  0.0, Avg:  0.0, Max:  0.0, Diff:  0.0, Sum:  0.0, Workers: 4
[106.069s][debug][gc,phases      ] GC(104)     Dead                           Min: 0, Avg:  0.0, Max: 0, Diff: 0, Sum: 0, Workers: 4
[106.069s][debug][gc,phases      ] GC(104)     Total                          Min: 0, Avg:  0.0, Max: 0, Diff: 0, Sum: 0, Workers: 4
[106.069s][debug][gc,phases      ] GC(104)   StringTable Weak               Min:  0.0, Avg:  0.1, Max:  0.4, Diff:  0.4, Sum:  0.4, Workers: 4
[106.069s][debug][gc,phases      ] GC(104)     Dead                           Min: 0, Avg:  0.0, Max: 0, Diff: 0, Sum: 0, Workers: 4
[106.069s][debug][gc,phases      ] GC(104)     Total                          Min: 0, Avg: 11772.8, Max: 47091, Diff: 47091, Sum: 47091, Workers: 4
[106.069s][debug][gc,phases      ] GC(104)   ResolvedMethodTable Weak       Min:  0.0, Avg:  0.0, Max:  0.1, Diff:  0.1, Sum:  0.1, Workers: 4
[106.069s][debug][gc,phases      ] GC(104)     Dead                           Min: 0, Avg:  0.0, Max: 0, Diff: 0, Sum: 0, Workers: 4
[106.069s][debug][gc,phases      ] GC(104)     Total                          Min: 0, Avg: 1970.2, Max: 7881, Diff: 7881, Sum: 7881, Workers: 4
[106.069s][debug][gc,phases      ] GC(104)   JNI Weak                       Min:  0.0, Avg:  0.0, Max:  0.0, Diff:  0.0, Sum:  0.0, Workers: 4
[106.069s][debug][gc,phases      ] GC(104)     Dead                           Min: 0, Avg:  0.0, Max: 0, Diff: 0, Sum: 0, Workers: 4
[106.069s][debug][gc,phases      ] GC(104)     Total                          Min: 0, Avg:  0.2, Max: 1, Diff: 1, Sum: 1, Workers: 4
[106.069s][debug][gc,phases      ] GC(104)   StringDedup Table Weak         Min:  0.0, Avg:  0.0, Max:  0.0, Diff:  0.0, Sum:  0.0, Workers: 4
[106.069s][debug][gc,phases      ] GC(104)     Dead                           Min: 0, Avg:  0.0, Max: 0, Diff: 0, Sum: 0, Workers: 4
[106.069s][debug][gc,phases      ] GC(104)     Total                          Min: 0, Avg:  0.0, Max: 0, Diff: 0, Sum: 0, Workers: 4
[106.069s][debug][gc,phases      ] GC(104)   StringDedup Requests0 Weak     Min:  0.0, Avg:  0.0, Max:  0.0, Diff:  0.0, Sum:  0.0, Workers: 4
[106.069s][debug][gc,phases      ] GC(104)     Dead                           Min: 0, Avg:  0.0, Max: 0, Diff: 0, Sum: 0, Workers: 4
[106.069s][debug][gc,phases      ] GC(104)     Total                          Min: 0, Avg:  0.0, Max: 0, Diff: 0, Sum: 0, Workers: 4
[106.069s][debug][gc,phases      ] GC(104)   StringDedup Requests1 Weak     Min:  0.0, Avg:  0.0, Max:  0.0, Diff:  0.0, Sum:  0.0, Workers: 4
[106.069s][debug][gc,phases      ] GC(104)     Dead                           Min: 0, Avg:  0.0, Max: 0, Diff: 0, Sum: 0, Workers: 4
[106.069s][debug][gc,phases      ] GC(104)     Total                          Min: 0, Avg:  0.0, Max: 0, Diff: 0, Sum: 0, Workers: 4
[106.069s][debug][gc,phases      ] GC(104)   Weak JFR Old Object Samples    Min:  0.0, Avg:  0.0, Max:  0.0, Diff:  0.0, Sum:  0.0, Workers: 4
[106.069s][debug][gc,phases      ] GC(104)     Dead                           Min: 0, Avg:  0.0, Max: 0, Diff: 0, Sum: 0, Workers: 4
[106.069s][debug][gc,phases      ] GC(104)     Total                          Min: 0, Avg:  0.0, Max: 0, Diff: 0, Sum: 0, Workers: 4
[106.069s][debug][gc,phases      ] GC(104) Weak Processing 0.872ms
[106.069s][debug][gc,age         ] GC(104) Desired survivor size 50855936 bytes, new threshold 15 (max threshold 15)
[106.069s][info ][gc,heap        ] GC(104) PSYoungGen: 1997184K(2044928K)->7584K(2042368K) Eden: 1990144K(1990144K)->0K(1990144K) From: 7040K(54784K)->7584K(52224K)
[106.069s][info ][gc,heap        ] GC(104) ParOldGen: 470167K(483328K)->470455K(483328K)
[106.069s][info ][gc,metaspace   ] GC(104) Metaspace: 79940K(80768K)->79940K(80768K) NonClass: 68650K(69120K)->68650K(69120K) Class: 11290K(11648K)->11290K(11648K)
[106.069s][info ][gc             ] GC(104) Pause Young (Allocation Failure) 2409M->466M(2466M) 21.617ms
[106.069s][info ][gc,cpu         ] GC(104) User=0.02s Sys=0.00s Real=0.02s
[106.069s][info ][safepoint      ] Safepoint "ParallelGCFailedAllocation", Time since last: 934230605 ns, Reaching safepoint: 5704023 ns, At safepoint: 21743767 ns, Total: 27447790 ns
[106.970s][info ][gc,start       ] GC(105) Pause Young (Allocation Failure)
[106.999s][debug][gc,phases      ] GC(105) Scavenge 29.160ms
[106.999s][debug][gc,ref         ] GC(105) Skipped phase 1 of Reference Processing: no references
[106.999s][debug][gc,ref         ] GC(105) ReferenceProcessor::execute queues: 1, RefProcThreadModel::Single, marks_oops_alive: false
[106.999s][debug][gc,ref         ] GC(105) Skipped phase 3 of Reference Processing: no references
[106.999s][debug][gc,ref         ] GC(105) Skipped phase 4 of Reference Processing: no references
[106.999s][debug][gc,phases      ] GC(105) Reference Processing 0.146ms
[106.999s][debug][gc,phases      ] GC(105)   VM Weak                        Min:  0.0, Avg:  0.0, Max:  0.0, Diff:  0.0, Sum:  0.0, Workers: 4
[107.000s][debug][gc,phases      ] GC(105)     Dead                           Min: 0, Avg:  0.0, Max: 0, Diff: 0, Sum: 0, Workers: 4
[107.000s][debug][gc,phases      ] GC(105)     Total                          Min: 0, Avg: 164.0, Max: 464, Diff: 464, Sum: 656, Workers: 4
[107.000s][debug][gc,phases      ] GC(105)   ObjectSynchronizer Weak        Min:  0.0, Avg:  0.0, Max:  0.0, Diff:  0.0, Sum:  0.0, Workers: 4
[107.000s][debug][gc,phases      ] GC(105)     Dead                           Min: 0, Avg:  0.0, Max: 0, Diff: 0, Sum: 0, Workers: 4
[107.000s][debug][gc,phases      ] GC(105)     Total                          Min: 0, Avg: 46.8, Max: 64, Diff: 64, Sum: 187, Workers: 4
[107.000s][debug][gc,phases      ] GC(105)   JVMTI Tag Weak OopStorage      Min:  0.0, Avg:  0.0, Max:  0.0, Diff:  0.0, Sum:  0.0, Workers: 4
[107.000s][debug][gc,phases      ] GC(105)     Dead                           Min: 0, Avg:  0.0, Max: 0, Diff: 0, Sum: 0, Workers: 4
[107.000s][debug][gc,phases      ] GC(105)     Total                          Min: 0, Avg:  0.0, Max: 0, Diff: 0, Sum: 0, Workers: 4
[107.000s][debug][gc,phases      ] GC(105)   StringTable Weak               Min:  0.1, Avg:  0.1, Max:  0.1, Diff:  0.0, Sum:  0.5, Workers: 4
[107.000s][debug][gc,phases      ] GC(105)     Dead                           Min: 0, Avg:  0.0, Max: 0, Diff: 0, Sum: 0, Workers: 4
[107.000s][debug][gc,phases      ] GC(105)     Total                          Min: 11200, Avg: 11773.0, Max: 12160, Diff: 960, Sum: 47092, Workers: 4
[107.000s][debug][gc,phases      ] GC(105)   ResolvedMethodTable Weak       Min:  0.0, Avg:  0.0, Max:  0.0, Diff:  0.0, Sum:  0.1, Workers: 4
[107.000s][debug][gc,phases      ] GC(105)     Dead                           Min: 0, Avg:  0.0, Max: 0, Diff: 0, Sum: 0, Workers: 4
[107.000s][debug][gc,phases      ] GC(105)     Total                          Min: 1408, Avg: 1970.2, Max: 2250, Diff: 842, Sum: 7881, Workers: 4
[107.000s][debug][gc,phases      ] GC(105)   JNI Weak                       Min:  0.0, Avg:  0.0, Max:  0.0, Diff:  0.0, Sum:  0.0, Workers: 4
[107.000s][debug][gc,phases      ] GC(105)     Dead                           Min: 0, Avg:  0.0, Max: 0, Diff: 0, Sum: 0, Workers: 4
[107.000s][debug][gc,phases      ] GC(105)     Total                          Min: 0, Avg:  0.0, Max: 0, Diff: 0, Sum: 0, Workers: 4
[107.000s][debug][gc,phases      ] GC(105)   StringDedup Table Weak         Min:  0.0, Avg:  0.0, Max:  0.0, Diff:  0.0, Sum:  0.0, Workers: 4
[107.000s][debug][gc,phases      ] GC(105)     Dead                           Min: 0, Avg:  0.0, Max: 0, Diff: 0, Sum: 0, Workers: 4
[107.000s][debug][gc,phases      ] GC(105)     Total                          Min: 0, Avg:  0.0, Max: 0, Diff: 0, Sum: 0, Workers: 4
[107.000s][debug][gc,phases      ] GC(105)   StringDedup Requests0 Weak     Min:  0.0, Avg:  0.0, Max:  0.0, Diff:  0.0, Sum:  0.0, Workers: 4
[107.000s][debug][gc,phases      ] GC(105)     Dead                           Min: 0, Avg:  0.0, Max: 0, Diff: 0, Sum: 0, Workers: 4
[107.000s][debug][gc,phases      ] GC(105)     Total                          Min: 0, Avg:  0.0, Max: 0, Diff: 0, Sum: 0, Workers: 4
[107.000s][debug][gc,phases      ] GC(105)   StringDedup Requests1 Weak     Min:  0.0, Avg:  0.0, Max:  0.0, Diff:  0.0, Sum:  0.0, Workers: 4
[107.000s][debug][gc,phases      ] GC(105)     Dead                           Min: 0, Avg:  0.0, Max: 0, Diff: 0, Sum: 0, Workers: 4
[107.000s][debug][gc,phases      ] GC(105)     Total                          Min: 0, Avg:  0.0, Max: 0, Diff: 0, Sum: 0, Workers: 4
[107.000s][debug][gc,phases      ] GC(105)   Weak JFR Old Object Samples    Min:  0.0, Avg:  0.0, Max:  0.0, Diff:  0.0, Sum:  0.0, Workers: 4
[107.000s][debug][gc,phases      ] GC(105)     Dead                           Min: 0, Avg:  0.0, Max: 0, Diff: 0, Sum: 0, Workers: 4
[107.000s][debug][gc,phases      ] GC(105)     Total                          Min: 0, Avg:  0.0, Max: 0, Diff: 0, Sum: 0, Workers: 4
[107.000s][debug][gc,phases      ] GC(105) Weak Processing 0.409ms
[107.000s][debug][gc,age         ] GC(105) Desired survivor size 48234496 bytes, new threshold 15 (max threshold 15)
[107.000s][info ][gc,heap        ] GC(105) PSYoungGen: 1997728K(2042368K)->8640K(2050048K) Eden: 1990144K(1990144K)->0K(2000384K) From: 7584K(52224K)->8640K(49664K)
[107.000s][info ][gc,heap        ] GC(105) ParOldGen: 470455K(483328K)->470775K(483328K)
[107.000s][info ][gc,metaspace   ] GC(105) Metaspace: 79943K(80768K)->79943K(80768K) NonClass: 68652K(69120K)->68652K(69120K) Class: 11290K(11648K)->11290K(11648K)
[107.000s][info ][gc             ] GC(105) Pause Young (Allocation Failure) 2410M->468M(2474M) 29.884ms
[107.000s][info ][gc,cpu         ] GC(105) User=0.02s Sys=0.00s Real=0.03s
[107.000s][info ][safepoint      ] Safepoint "ParallelGCFailedAllocation", Time since last: 892993307 ns, Reaching safepoint: 7750867 ns, At safepoint: 30020745 ns, Total: 37771612 ns
[108.000s][info ][safepoint      ] Safepoint "Cleanup", Time since last: 1000041096 ns, Reaching safepoint: 87002 ns, At safepoint: 6200 ns, Total: 93202 ns
[109.000s][info ][safepoint      ] Safepoint "Cleanup", Time since last: 1000123285 ns, Reaching safepoint: 112203 ns, At safepoint: 15700 ns, Total: 127903 ns
[110.000s][info ][safepoint      ] Safepoint "Cleanup", Time since last: 1000112173 ns, Reaching safepoint: 85202 ns, At safepoint: 6100 ns, Total: 91302 ns
[111.001s][info ][safepoint      ] Safepoint "Cleanup", Time since last: 1000114260 ns, Reaching safepoint: 76801 ns, At safepoint: 5900 ns, Total: 82701 ns
[112.001s][info ][safepoint      ] Safepoint "Cleanup", Time since last: 1000108948 ns, Reaching safepoint: 54101 ns, At safepoint: 4500 ns, Total: 58601 ns
[113.001s][info ][safepoint      ] Safepoint "Cleanup", Time since last: 1000134335 ns, Reaching safepoint: 93102 ns, At safepoint: 11900 ns, Total: 105002 ns
[114.001s][info ][safepoint      ] Safepoint "Cleanup", Time since last: 1000122223 ns, Reaching safepoint: 77002 ns, At safepoint: 10600 ns, Total: 87602 ns
[115.001s][info ][safepoint      ] Safepoint "Cleanup", Time since last: 1000122310 ns, Reaching safepoint: 53901 ns, At safepoint: 4200 ns, Total: 58101 ns
[116.114s][info ][safepoint      ] Safepoint "Cleanup", Time since last: 1106695277 ns, Reaching safepoint: 5425216 ns, At safepoint: 13300 ns, Total: 5438516 ns
[117.118s][info ][safepoint      ] Safepoint "Cleanup", Time since last: 1004180771 ns, Reaching safepoint: 85702 ns, At safepoint: 7400 ns, Total: 93102 ns
[118.118s][info ][safepoint      ] Safepoint "Cleanup", Time since last: 1000079170 ns, Reaching safepoint: 155504 ns, At safepoint: 7100 ns, Total: 162604 ns
[119.262s][info ][safepoint      ] Safepoint "Cleanup", Time since last: 1143990530 ns, Reaching safepoint: 228305 ns, At safepoint: 13100 ns, Total: 241405 ns
[120.262s][info ][safepoint      ] Safepoint "Cleanup", Time since last: 1000104845 ns, Reaching safepoint: 83701 ns, At safepoint: 10301 ns, Total: 94002 ns
[121.263s][info ][safepoint      ] Safepoint "Cleanup", Time since last: 1000116932 ns, Reaching safepoint: 59901 ns, At safepoint: 12701 ns, Total: 72602 ns
[122.263s][info ][safepoint      ] Safepoint "Cleanup", Time since last: 1000120720 ns, Reaching safepoint: 65501 ns, At safepoint: 11401 ns, Total: 76902 ns
[123.394s][info ][safepoint      ] Safepoint "Cleanup", Time since last: 1131069397 ns, Reaching safepoint: 66401 ns, At safepoint: 3400 ns, Total: 69801 ns
[124.394s][info ][safepoint      ] Safepoint "Cleanup", Time since last: 1000091494 ns, Reaching safepoint: 45201 ns, At safepoint: 2700 ns, Total: 47901 ns
[125.394s][info ][safepoint      ] Safepoint "Cleanup", Time since last: 1000083281 ns, Reaching safepoint: 68701 ns, At safepoint: 6400 ns, Total: 75101 ns
[126.395s][info ][safepoint      ] Safepoint "Cleanup", Time since last: 1000139471 ns, Reaching safepoint: 60401 ns, At safepoint: 9800 ns, Total: 70201 ns
[127.395s][info ][safepoint      ] Safepoint "Cleanup", Time since last: 1000095657 ns, Reaching safepoint: 70302 ns, At safepoint: 8100 ns, Total: 78402 ns
[128.395s][info ][safepoint      ] Safepoint "Cleanup", Time since last: 1000112745 ns, Reaching safepoint: 58902 ns, At safepoint: 5600 ns, Total: 64502 ns
[129.395s][info ][safepoint      ] Safepoint "Cleanup", Time since last: 1000069232 ns, Reaching safepoint: 66201 ns, At safepoint: 3300 ns, Total: 69501 ns
[130.395s][info ][safepoint      ] Safepoint "Cleanup", Time since last: 1000132922 ns, Reaching safepoint: 71501 ns, At safepoint: 4701 ns, Total: 76202 ns
[131.395s][info ][safepoint      ] Safepoint "Cleanup", Time since last: 1000119409 ns, Reaching safepoint: 126702 ns, At safepoint: 13001 ns, Total: 139703 ns
[132.396s][info ][safepoint      ] Safepoint "Cleanup", Time since last: 1000112397 ns, Reaching safepoint: 53801 ns, At safepoint: 12000 ns, Total: 65801 ns
[133.396s][info ][safepoint      ] Safepoint "Cleanup", Time since last: 1000090485 ns, Reaching safepoint: 159903 ns, At safepoint: 34101 ns, Total: 194004 ns
[134.396s][info ][safepoint      ] Safepoint "Cleanup", Time since last: 1000119373 ns, Reaching safepoint: 54701 ns, At safepoint: 13400 ns, Total: 68101 ns
[135.396s][info ][safepoint      ] Safepoint "Cleanup", Time since last: 1000117561 ns, Reaching safepoint: 81402 ns, At safepoint: 10300 ns, Total: 91702 ns
[137.400s][info ][safepoint      ] Safepoint "Cleanup", Time since last: 2000209386 ns, Reaching safepoint: 3255369 ns, At safepoint: 19000 ns, Total: 3274369 ns
[138.402s][info ][safepoint      ] Safepoint "Cleanup", Time since last: 1002137168 ns, Reaching safepoint: 63202 ns, At safepoint: 4600 ns, Total: 67802 ns
[139.402s][info ][safepoint      ] Safepoint "Cleanup", Time since last: 1000102613 ns, Reaching safepoint: 56701 ns, At safepoint: 10400 ns, Total: 67101 ns
[140.402s][info ][safepoint      ] Safepoint "Cleanup", Time since last: 1000114502 ns, Reaching safepoint: 77401 ns, At safepoint: 9600 ns, Total: 87001 ns
[141.403s][info ][safepoint      ] Safepoint "Cleanup", Time since last: 1000129690 ns, Reaching safepoint: 83102 ns, At safepoint: 6900 ns, Total: 90002 ns
[142.403s][info ][safepoint      ] Safepoint "Cleanup", Time since last: 1000108578 ns, Reaching safepoint: 62101 ns, At safepoint: 6900 ns, Total: 69001 ns
[143.403s][info ][safepoint      ] Safepoint "Cleanup", Time since last: 1000359372 ns, Reaching safepoint: 54301 ns, At safepoint: 4700 ns, Total: 59001 ns
[145.403s][info ][safepoint      ] Safepoint "Cleanup", Time since last: 2000181396 ns, Reaching safepoint: 61101 ns, At safepoint: 4300 ns, Total: 65401 ns
[146.404s][info ][safepoint      ] Safepoint "Cleanup", Time since last: 1000119531 ns, Reaching safepoint: 60801 ns, At safepoint: 4500 ns, Total: 65301 ns
[147.404s][info ][safepoint      ] Safepoint "Cleanup", Time since last: 1000130219 ns, Reaching safepoint: 74202 ns, At safepoint: 7900 ns, Total: 82102 ns
[148.404s][info ][safepoint      ] Safepoint "Cleanup", Time since last: 1000116408 ns, Reaching safepoint: 70601 ns, At safepoint: 7400 ns, Total: 78001 ns
[149.404s][info ][safepoint      ] Safepoint "Cleanup", Time since last: 1000108196 ns, Reaching safepoint: 54501 ns, At safepoint: 3100 ns, Total: 57601 ns
[150.404s][info ][safepoint      ] Safepoint "Cleanup", Time since last: 1000100484 ns, Reaching safepoint: 70401 ns, At safepoint: 13501 ns, Total: 83902 ns
[151.405s][info ][safepoint      ] Safepoint "Cleanup", Time since last: 1000114772 ns, Reaching safepoint: 44101 ns, At safepoint: 4400 ns, Total: 48501 ns
[152.405s][info ][safepoint      ] Safepoint "Cleanup", Time since last: 1000112561 ns, Reaching safepoint: 61601 ns, At safepoint: 7200 ns, Total: 68801 ns
[153.405s][info ][safepoint      ] Safepoint "Cleanup", Time since last: 1000124950 ns, Reaching safepoint: 58601 ns, At safepoint: 7700 ns, Total: 66301 ns
[154.405s][info ][safepoint      ] Safepoint "Cleanup", Time since last: 1000129338 ns, Reaching safepoint: 66902 ns, At safepoint: 9400 ns, Total: 76302 ns
[155.405s][info ][safepoint      ] Safepoint "Cleanup", Time since last: 1000112326 ns, Reaching safepoint: 55001 ns, At safepoint: 3000 ns, Total: 58001 ns
[156.406s][info ][safepoint      ] Safepoint "Cleanup", Time since last: 1000119415 ns, Reaching safepoint: 52801 ns, At safepoint: 11100 ns, Total: 63901 ns
[157.406s][info ][safepoint      ] Safepoint "Cleanup", Time since last: 1000123204 ns, Reaching safepoint: 66001 ns, At safepoint: 24701 ns, Total: 90702 ns
[158.406s][info ][safepoint      ] Safepoint "Cleanup", Time since last: 1000115892 ns, Reaching safepoint: 69001 ns, At safepoint: 10000 ns, Total: 79001 ns
[159.406s][info ][safepoint      ] Safepoint "Cleanup", Time since last: 1000128781 ns, Reaching safepoint: 60401 ns, At safepoint: 4600 ns, Total: 65001 ns
[160.406s][info ][safepoint      ] Safepoint "Cleanup", Time since last: 1000118670 ns, Reaching safepoint: 71101 ns, At safepoint: 6900 ns, Total: 78001 ns
[161.407s][info ][safepoint      ] Safepoint "Cleanup", Time since last: 1000126858 ns, Reaching safepoint: 87402 ns, At safepoint: 10300 ns, Total: 97702 ns
[162.407s][info ][safepoint      ] Safepoint "Cleanup", Time since last: 1000116046 ns, Reaching safepoint: 49901 ns, At safepoint: 4300 ns, Total: 54201 ns
[163.407s][info ][safepoint      ] Safepoint "Cleanup", Time since last: 1000114035 ns, Reaching safepoint: 58802 ns, At safepoint: 6100 ns, Total: 64902 ns
[164.407s][info ][safepoint      ] Safepoint "Cleanup", Time since last: 1000115523 ns, Reaching safepoint: 70902 ns, At safepoint: 6500 ns, Total: 77402 ns
[165.407s][info ][safepoint      ] Safepoint "Cleanup", Time since last: 1000119512 ns, Reaching safepoint: 58002 ns, At safepoint: 4100 ns, Total: 62102 ns
[166.696s][info ][safepoint      ] Safepoint "Cleanup", Time since last: 1288887005 ns, Reaching safepoint: 113002 ns, At safepoint: 11801 ns, Total: 124803 ns
[167.696s][info ][safepoint      ] Safepoint "Cleanup", Time since last: 1000118686 ns, Reaching safepoint: 72302 ns, At safepoint: 3900 ns, Total: 76202 ns
[168.697s][info ][safepoint      ] Safepoint "Cleanup", Time since last: 1000115275 ns, Reaching safepoint: 53801 ns, At safepoint: 11601 ns, Total: 65402 ns
[169.697s][info ][safepoint      ] Safepoint "Cleanup", Time since last: 1000115464 ns, Reaching safepoint: 64101 ns, At safepoint: 20801 ns, Total: 84902 ns
[170.697s][info ][safepoint      ] Safepoint "Cleanup", Time since last: 1000130053 ns, Reaching safepoint: 59301 ns, At safepoint: 5000 ns, Total: 64301 ns
[172.697s][info ][safepoint      ] Safepoint "Cleanup", Time since last: 2000194672 ns, Reaching safepoint: 72701 ns, At safepoint: 10201 ns, Total: 82902 ns
[174.698s][info ][safepoint      ] Safepoint "Cleanup", Time since last: 2000174626 ns, Reaching safepoint: 55102 ns, At safepoint: 3900 ns, Total: 59002 ns
[175.698s][info ][safepoint      ] Safepoint "Cleanup", Time since last: 1000110597 ns, Reaching safepoint: 65701 ns, At safepoint: 25601 ns, Total: 91302 ns
[176.698s][info ][safepoint      ] Safepoint "Cleanup", Time since last: 1000110386 ns, Reaching safepoint: 58801 ns, At safepoint: 6300 ns, Total: 65101 ns
[177.698s][info ][safepoint      ] Safepoint "Cleanup", Time since last: 1000119376 ns, Reaching safepoint: 57801 ns, At safepoint: 18900 ns, Total: 76701 ns
[178.698s][info ][safepoint      ] Safepoint "Cleanup", Time since last: 1000093864 ns, Reaching safepoint: 79602 ns, At safepoint: 28801 ns, Total: 108403 ns
[179.699s][info ][safepoint      ] Safepoint "Cleanup", Time since last: 1000126953 ns, Reaching safepoint: 52901 ns, At safepoint: 8700 ns, Total: 61601 ns
[182.699s][info ][safepoint      ] Safepoint "Cleanup", Time since last: 3000236492 ns, Reaching safepoint: 52802 ns, At safepoint: 10500 ns, Total: 63302 ns
[183.699s][info ][safepoint      ] Safepoint "Cleanup", Time since last: 1000123410 ns, Reaching safepoint: 66301 ns, At safepoint: 9500 ns, Total: 75801 ns
[184.699s][info ][safepoint      ] Safepoint "Cleanup", Time since last: 1000131199 ns, Reaching safepoint: 55101 ns, At safepoint: 3300 ns, Total: 58401 ns
[185.699s][info ][safepoint      ] Safepoint "Cleanup", Time since last: 1000120888 ns, Reaching safepoint: 54602 ns, At safepoint: 7400 ns, Total: 62002 ns
[186.700s][info ][safepoint      ] Safepoint "Cleanup", Time since last: 1000114477 ns, Reaching safepoint: 53401 ns, At safepoint: 6400 ns, Total: 59801 ns
[187.700s][info ][safepoint      ] Safepoint "Cleanup", Time since last: 1000109966 ns, Reaching safepoint: 54301 ns, At safepoint: 8900 ns, Total: 63201 ns
[188.700s][info ][safepoint      ] Safepoint "Cleanup", Time since last: 1000110956 ns, Reaching safepoint: 60301 ns, At safepoint: 9200 ns, Total: 69501 ns
[189.700s][info ][safepoint      ] Safepoint "Cleanup", Time since last: 1000120145 ns, Reaching safepoint: 61401 ns, At safepoint: 7600 ns, Total: 69001 ns
[190.700s][info ][safepoint      ] Safepoint "Cleanup", Time since last: 1000122735 ns, Reaching safepoint: 51001 ns, At safepoint: 6400 ns, Total: 57401 ns
[192.590s][info ][gc,start       ] GC(106) Pause Young (Allocation Failure)
[192.598s][debug][gc,phases      ] GC(106) Scavenge 8.088ms
[192.598s][debug][gc,ref         ] GC(106) Skipped phase 1 of Reference Processing: no references
[192.598s][debug][gc,ref         ] GC(106) ReferenceProcessor::execute queues: 1, RefProcThreadModel::Single, marks_oops_alive: false
[192.598s][debug][gc,ref         ] GC(106) Skipped phase 3 of Reference Processing: no references
[192.598s][debug][gc,ref         ] GC(106) ReferenceProcessor::execute queues: 1, RefProcThreadModel::Single, marks_oops_alive: false
[192.598s][debug][gc,phases      ] GC(106) Reference Processing 0.129ms
[192.598s][debug][gc,phases      ] GC(106)   VM Weak                        Min:  0.0, Avg:  0.0, Max:  0.0, Diff:  0.0, Sum:  0.0, Workers: 4
[192.598s][debug][gc,phases      ] GC(106)     Dead                           Min: 0, Avg:  0.0, Max: 0, Diff: 0, Sum: 0, Workers: 4
[192.598s][debug][gc,phases      ] GC(106)     Total                          Min: 0, Avg: 164.2, Max: 401, Diff: 401, Sum: 657, Workers: 4
[192.598s][debug][gc,phases      ] GC(106)   ObjectSynchronizer Weak        Min:  0.0, Avg:  0.0, Max:  0.0, Diff:  0.0, Sum:  0.0, Workers: 4
[192.598s][debug][gc,phases      ] GC(106)     Dead                           Min: 0, Avg:  0.0, Max: 0, Diff: 0, Sum: 0, Workers: 4
[192.598s][debug][gc,phases      ] GC(106)     Total                          Min: 0, Avg: 47.2, Max: 64, Diff: 64, Sum: 189, Workers: 4
[192.598s][debug][gc,phases      ] GC(106)   JVMTI Tag Weak OopStorage      Min:  0.0, Avg:  0.0, Max:  0.0, Diff:  0.0, Sum:  0.0, Workers: 4
[192.598s][debug][gc,phases      ] GC(106)     Dead                           Min: 0, Avg:  0.0, Max: 0, Diff: 0, Sum: 0, Workers: 4
[192.598s][debug][gc,phases      ] GC(106)     Total                          Min: 0, Avg:  0.0, Max: 0, Diff: 0, Sum: 0, Workers: 4
[192.598s][debug][gc,phases      ] GC(106)   StringTable Weak               Min:  0.1, Avg:  0.1, Max:  0.1, Diff:  0.0, Sum:  0.5, Workers: 4
[192.598s][debug][gc,phases      ] GC(106)     Dead                           Min: 0, Avg:  0.8, Max: 3, Diff: 3, Sum: 3, Workers: 4
[192.598s][debug][gc,phases      ] GC(106)     Total                          Min: 11200, Avg: 11862.2, Max: 12608, Diff: 1408, Sum: 47449, Workers: 4
[192.598s][debug][gc,phases      ] GC(106)   ResolvedMethodTable Weak       Min:  0.0, Avg:  0.0, Max:  0.0, Diff:  0.0, Sum:  0.1, Workers: 4
[192.598s][debug][gc,phases      ] GC(106)     Dead                           Min: 0, Avg:  0.2, Max: 1, Diff: 1, Sum: 1, Workers: 4
[192.598s][debug][gc,phases      ] GC(106)     Total                          Min: 640, Avg: 1980.5, Max: 2816, Diff: 2176, Sum: 7922, Workers: 4
[192.598s][debug][gc,phases      ] GC(106)   JNI Weak                       Min:  0.0, Avg:  0.0, Max:  0.0, Diff:  0.0, Sum:  0.0, Workers: 4
[192.599s][debug][gc,phases      ] GC(106)     Dead                           Min: 0, Avg:  0.0, Max: 0, Diff: 0, Sum: 0, Workers: 4
[192.599s][debug][gc,phases      ] GC(106)     Total                          Min: 0, Avg:  0.0, Max: 0, Diff: 0, Sum: 0, Workers: 4
[192.599s][debug][gc,phases      ] GC(106)   StringDedup Table Weak         Min:  0.0, Avg:  0.0, Max:  0.0, Diff:  0.0, Sum:  0.0, Workers: 4
[192.599s][debug][gc,phases      ] GC(106)     Dead                           Min: 0, Avg:  0.0, Max: 0, Diff: 0, Sum: 0, Workers: 4
[192.599s][debug][gc,phases      ] GC(106)     Total                          Min: 0, Avg:  0.0, Max: 0, Diff: 0, Sum: 0, Workers: 4
[192.599s][debug][gc,phases      ] GC(106)   StringDedup Requests0 Weak     Min:  0.0, Avg:  0.0, Max:  0.0, Diff:  0.0, Sum:  0.0, Workers: 4
[192.599s][debug][gc,phases      ] GC(106)     Dead                           Min: 0, Avg:  0.0, Max: 0, Diff: 0, Sum: 0, Workers: 4
[192.599s][debug][gc,phases      ] GC(106)     Total                          Min: 0, Avg:  0.0, Max: 0, Diff: 0, Sum: 0, Workers: 4
[192.599s][debug][gc,phases      ] GC(106)   StringDedup Requests1 Weak     Min:  0.0, Avg:  0.0, Max:  0.0, Diff:  0.0, Sum:  0.0, Workers: 4
[192.599s][debug][gc,phases      ] GC(106)     Dead                           Min: 0, Avg:  0.0, Max: 0, Diff: 0, Sum: 0, Workers: 4
[192.599s][debug][gc,phases      ] GC(106)     Total                          Min: 0, Avg:  0.0, Max: 0, Diff: 0, Sum: 0, Workers: 4
[192.599s][debug][gc,phases      ] GC(106)   Weak JFR Old Object Samples    Min:  0.0, Avg:  0.0, Max:  0.0, Diff:  0.0, Sum:  0.0, Workers: 4
[192.599s][debug][gc,phases      ] GC(106)     Dead                           Min: 0, Avg:  0.0, Max: 0, Diff: 0, Sum: 0, Workers: 4
[192.599s][debug][gc,phases      ] GC(106)     Total                          Min: 0, Avg:  0.0, Max: 0, Diff: 0, Sum: 0, Workers: 4
[192.599s][debug][gc,phases      ] GC(106) Weak Processing 0.355ms
[192.599s][debug][gc,age         ] GC(106) Desired survivor size 45613056 bytes, new threshold 15 (max threshold 15)
[192.599s][info ][gc,heap        ] GC(106) PSYoungGen: 2009024K(2050048K)->9456K(2047488K) Eden: 2000384K(2000384K)->0K(2000384K) From: 8640K(49664K)->9456K(47104K)
[192.599s][info ][gc,heap        ] GC(106) ParOldGen: 470775K(483328K)->471087K(483328K)
[192.599s][info ][gc,metaspace   ] GC(106) Metaspace: 80321K(81152K)->80321K(81152K) NonClass: 69001K(69440K)->69001K(69440K) Class: 11319K(11712K)->11319K(11712K)
[192.599s][info ][gc             ] GC(106) Pause Young (Allocation Failure) 2421M->469M(2471M) 8.724ms
[192.599s][info ][gc,cpu         ] GC(106) User=0.03s Sys=0.01s Real=0.01s
[192.599s][info ][safepoint      ] Safepoint "ParallelGCFailedAllocation", Time since last: 1889516865 ns, Reaching safepoint: 57101 ns, At safepoint: 8817381 ns, Total: 8874482 ns
[193.599s][info ][safepoint      ] Safepoint "Cleanup", Time since last: 1000089902 ns, Reaching safepoint: 86002 ns, At safepoint: 14000 ns, Total: 100002 ns
[195.599s][info ][safepoint      ] Safepoint "Cleanup", Time since last: 2000191373 ns, Reaching safepoint: 61102 ns, At safepoint: 8800 ns, Total: 69902 ns
[198.599s][info ][safepoint      ] Safepoint "Cleanup", Time since last: 3000237179 ns, Reaching safepoint: 65101 ns, At safepoint: 8800 ns, Total: 73901 ns
[199.600s][info ][safepoint      ] Safepoint "Cleanup", Time since last: 1000113139 ns, Reaching safepoint: 56301 ns, At safepoint: 4101 ns, Total: 60402 ns
[200.600s][info ][safepoint      ] Safepoint "Cleanup", Time since last: 1000120728 ns, Reaching safepoint: 180704 ns, At safepoint: 21600 ns, Total: 202304 ns
[201.600s][info ][safepoint      ] Safepoint "Cleanup", Time since last: 1000101218 ns, Reaching safepoint: 68602 ns, At safepoint: 6200 ns, Total: 74802 ns
[202.600s][info ][safepoint      ] Safepoint "Cleanup", Time since last: 1000115908 ns, Reaching safepoint: 57001 ns, At safepoint: 6900 ns, Total: 63901 ns
[203.600s][info ][safepoint      ] Safepoint "Cleanup", Time since last: 1000116197 ns, Reaching safepoint: 82502 ns, At safepoint: 7800 ns, Total: 90302 ns
[204.601s][info ][safepoint      ] Safepoint "Cleanup", Time since last: 1000110486 ns, Reaching safepoint: 61902 ns, At safepoint: 8200 ns, Total: 70102 ns
[206.396s][info ][safepoint      ] Safepoint "Cleanup", Time since last: 1795132466 ns, Reaching safepoint: 130003 ns, At safepoint: 24600 ns, Total: 154603 ns
[207.885s][info ][safepoint      ] Safepoint "ICBufferFull", Time since last: 1488942705 ns, Reaching safepoint: 257606 ns, At safepoint: 9000 ns, Total: 266606 ns
[208.885s][info ][safepoint      ] Safepoint "Cleanup", Time since last: 1000104142 ns, Reaching safepoint: 155603 ns, At safepoint: 12800 ns, Total: 168403 ns
[209.200s][info ][safepoint      ] Safepoint "ParallelGCFailedAllocation", Time since last: 313979784 ns, Reaching safepoint: 119202 ns, At safepoint: 20900 ns, Total: 140102 ns
[209.200s][info ][gc,start       ] GC(107) Pause Young (GCLocker Initiated GC)
[209.213s][debug][gc,phases      ] GC(107) Scavenge 13.193ms
[209.213s][debug][gc,ref         ] GC(107) Skipped phase 1 of Reference Processing: no references
[209.213s][debug][gc,ref         ] GC(107) ReferenceProcessor::execute queues: 1, RefProcThreadModel::Single, marks_oops_alive: false
[209.213s][debug][gc,ref         ] GC(107) Skipped phase 3 of Reference Processing: no references
[209.213s][debug][gc,ref         ] GC(107) ReferenceProcessor::execute queues: 1, RefProcThreadModel::Single, marks_oops_alive: false
[209.213s][debug][gc,phases      ] GC(107) Reference Processing 0.128ms
[209.213s][debug][gc,phases      ] GC(107)   VM Weak                        Min:  0.0, Avg:  0.0, Max:  0.0, Diff:  0.0, Sum:  0.0, Workers: 4
[209.213s][debug][gc,phases      ] GC(107)     Dead                           Min: 0, Avg:  0.0, Max: 0, Diff: 0, Sum: 0, Workers: 4
[209.213s][debug][gc,phases      ] GC(107)     Total                          Min: 0, Avg: 164.2, Max: 448, Diff: 448, Sum: 657, Workers: 4
[209.213s][debug][gc,phases      ] GC(107)   ObjectSynchronizer Weak        Min:  0.0, Avg:  0.0, Max:  0.0, Diff:  0.0, Sum:  0.0, Workers: 4
[209.213s][debug][gc,phases      ] GC(107)     Dead                           Min: 0, Avg:  0.0, Max: 0, Diff: 0, Sum: 0, Workers: 4
[209.213s][debug][gc,phases      ] GC(107)     Total                          Min: 0, Avg: 47.5, Max: 64, Diff: 64, Sum: 190, Workers: 4
[209.213s][debug][gc,phases      ] GC(107)   JVMTI Tag Weak OopStorage      Min:  0.0, Avg:  0.0, Max:  0.0, Diff:  0.0, Sum:  0.0, Workers: 4
[209.213s][debug][gc,phases      ] GC(107)     Dead                           Min: 0, Avg:  0.0, Max: 0, Diff: 0, Sum: 0, Workers: 4
[209.213s][debug][gc,phases      ] GC(107)     Total                          Min: 0, Avg:  0.0, Max: 0, Diff: 0, Sum: 0, Workers: 4
[209.213s][debug][gc,phases      ] GC(107)   StringTable Weak               Min:  0.1, Avg:  0.1, Max:  0.1, Diff:  0.0, Sum:  0.4, Workers: 4
[209.213s][debug][gc,phases      ] GC(107)     Dead                           Min: 0, Avg:  0.5, Max: 2, Diff: 2, Sum: 2, Workers: 4
[209.213s][debug][gc,phases      ] GC(107)     Total                          Min: 11520, Avg: 11876.0, Max: 12160, Diff: 640, Sum: 47504, Workers: 4
[209.213s][debug][gc,phases      ] GC(107)   ResolvedMethodTable Weak       Min:  0.0, Avg:  0.0, Max:  0.0, Diff:  0.0, Sum:  0.1, Workers: 4
[209.213s][debug][gc,phases      ] GC(107)     Dead                           Min: 0, Avg:  0.0, Max: 0, Diff: 0, Sum: 0, Workers: 4
[209.213s][debug][gc,phases      ] GC(107)     Total                          Min: 1599, Avg: 1983.2, Max: 2176, Diff: 577, Sum: 7933, Workers: 4
[209.213s][debug][gc,phases      ] GC(107)   JNI Weak                       Min:  0.0, Avg:  0.0, Max:  0.0, Diff:  0.0, Sum:  0.0, Workers: 4
[209.213s][debug][gc,phases      ] GC(107)     Dead                           Min: 0, Avg:  0.0, Max: 0, Diff: 0, Sum: 0, Workers: 4
[209.213s][debug][gc,phases      ] GC(107)     Total                          Min: 0, Avg:  0.2, Max: 1, Diff: 1, Sum: 1, Workers: 4
[209.213s][debug][gc,phases      ] GC(107)   StringDedup Table Weak         Min:  0.0, Avg:  0.0, Max:  0.0, Diff:  0.0, Sum:  0.0, Workers: 4
[209.213s][debug][gc,phases      ] GC(107)     Dead                           Min: 0, Avg:  0.0, Max: 0, Diff: 0, Sum: 0, Workers: 4
[209.213s][debug][gc,phases      ] GC(107)     Total                          Min: 0, Avg:  0.0, Max: 0, Diff: 0, Sum: 0, Workers: 4
[209.213s][debug][gc,phases      ] GC(107)   StringDedup Requests0 Weak     Min:  0.0, Avg:  0.0, Max:  0.0, Diff:  0.0, Sum:  0.0, Workers: 4
[209.213s][debug][gc,phases      ] GC(107)     Dead                           Min: 0, Avg:  0.0, Max: 0, Diff: 0, Sum: 0, Workers: 4
[209.213s][debug][gc,phases      ] GC(107)     Total                          Min: 0, Avg:  0.0, Max: 0, Diff: 0, Sum: 0, Workers: 4
[209.213s][debug][gc,phases      ] GC(107)   StringDedup Requests1 Weak     Min:  0.0, Avg:  0.0, Max:  0.0, Diff:  0.0, Sum:  0.0, Workers: 4
[209.213s][debug][gc,phases      ] GC(107)     Dead                           Min: 0, Avg:  0.0, Max: 0, Diff: 0, Sum: 0, Workers: 4
[209.213s][debug][gc,phases      ] GC(107)     Total                          Min: 0, Avg:  0.0, Max: 0, Diff: 0, Sum: 0, Workers: 4
[209.213s][debug][gc,phases      ] GC(107)   Weak JFR Old Object Samples    Min:  0.0, Avg:  0.0, Max:  0.0, Diff:  0.0, Sum:  0.0, Workers: 4
[209.213s][debug][gc,phases      ] GC(107)     Dead                           Min: 0, Avg:  0.0, Max: 0, Diff: 0, Sum: 0, Workers: 4
[209.214s][debug][gc,phases      ] GC(107)     Total                          Min: 0, Avg:  0.0, Max: 0, Diff: 0, Sum: 0, Workers: 4
[209.214s][debug][gc,phases      ] GC(107) Weak Processing 0.339ms
[209.214s][debug][gc,age         ] GC(107) Desired survivor size 53477376 bytes, new threshold 15 (max threshold 15)
[209.214s][info ][gc,heap        ] GC(107) PSYoungGen: 2009840K(2047488K)->42352K(2037248K) Eden: 2000384K(2000384K)->0K(1992704K) From: 9456K(47104K)->42352K(44544K)
[209.214s][info ][gc,heap        ] GC(107) ParOldGen: 471087K(483328K)->471407K(483328K)
[209.214s][info ][gc,metaspace   ] GC(107) Metaspace: 80449K(81280K)->80449K(81280K) NonClass: 69121K(69568K)->69121K(69568K) Class: 11327K(11712K)->11327K(11712K)
[209.214s][info ][gc             ] GC(107) Pause Young (GCLocker Initiated GC) 2422M->501M(2461M) 13.802ms
[209.214s][info ][gc,cpu         ] GC(107) User=0.05s Sys=0.01s Real=0.01s
[209.214s][info ][safepoint      ] Safepoint "ParallelGCSystemGC", Time since last: 67902 ns, Reaching safepoint: 93602 ns, At safepoint: 13884482 ns, Total: 13978084 ns
[210.214s][info ][safepoint      ] Safepoint "Cleanup", Time since last: 1000093928 ns, Reaching safepoint: 192404 ns, At safepoint: 15200 ns, Total: 207604 ns
[211.204s][info ][gc,start       ] GC(108) Pause Young (Allocation Failure)
[211.226s][debug][gc,phases      ] GC(108) Scavenge 21.879ms
[211.226s][debug][gc,ref         ] GC(108) Skipped phase 1 of Reference Processing: no references
[211.227s][debug][gc,ref         ] GC(108) ReferenceProcessor::execute queues: 1, RefProcThreadModel::Single, marks_oops_alive: false
[211.227s][debug][gc,ref         ] GC(108) Skipped phase 3 of Reference Processing: no references
[211.227s][debug][gc,ref         ] GC(108) ReferenceProcessor::execute queues: 1, RefProcThreadModel::Single, marks_oops_alive: false
[211.227s][debug][gc,phases      ] GC(108) Reference Processing 0.135ms
[211.227s][debug][gc,phases      ] GC(108)   VM Weak                        Min:  0.0, Avg:  0.0, Max:  0.0, Diff:  0.0, Sum:  0.0, Workers: 4
[211.227s][debug][gc,phases      ] GC(108)     Dead                           Min: 0, Avg:  0.0, Max: 0, Diff: 0, Sum: 0, Workers: 4
[211.227s][debug][gc,phases      ] GC(108)     Total                          Min: 0, Avg: 164.2, Max: 448, Diff: 448, Sum: 657, Workers: 4
[211.227s][debug][gc,phases      ] GC(108)   ObjectSynchronizer Weak        Min:  0.0, Avg:  0.0, Max:  0.0, Diff:  0.0, Sum:  0.0, Workers: 4
[211.227s][debug][gc,phases      ] GC(108)     Dead                           Min: 0, Avg:  0.0, Max: 0, Diff: 0, Sum: 0, Workers: 4
[211.227s][debug][gc,phases      ] GC(108)     Total                          Min: 0, Avg: 47.5, Max: 126, Diff: 126, Sum: 190, Workers: 4
[211.227s][debug][gc,phases      ] GC(108)   JVMTI Tag Weak OopStorage      Min:  0.0, Avg:  0.0, Max:  0.0, Diff:  0.0, Sum:  0.0, Workers: 4
[211.227s][debug][gc,phases      ] GC(108)     Dead                           Min: 0, Avg:  0.0, Max: 0, Diff: 0, Sum: 0, Workers: 4
[211.227s][debug][gc,phases      ] GC(108)     Total                          Min: 0, Avg:  0.0, Max: 0, Diff: 0, Sum: 0, Workers: 4
[211.227s][debug][gc,phases      ] GC(108)   StringTable Weak               Min:  0.1, Avg:  0.1, Max:  0.1, Diff:  0.0, Sum:  0.4, Workers: 4
[211.227s][debug][gc,phases      ] GC(108)     Dead                           Min: 0, Avg:  0.0, Max: 0, Diff: 0, Sum: 0, Workers: 4
[211.227s][debug][gc,phases      ] GC(108)     Total                          Min: 10779, Avg: 11878.8, Max: 12608, Diff: 1829, Sum: 47515, Workers: 4
[211.227s][debug][gc,phases      ] GC(108)   ResolvedMethodTable Weak       Min:  0.0, Avg:  0.0, Max:  0.0, Diff:  0.0, Sum:  0.1, Workers: 4
[211.227s][debug][gc,phases      ] GC(108)     Dead                           Min: 0, Avg:  0.0, Max: 0, Diff: 0, Sum: 0, Workers: 4
[211.227s][debug][gc,phases      ] GC(108)     Total                          Min: 1545, Avg: 1986.2, Max: 2304, Diff: 759, Sum: 7945, Workers: 4
[211.227s][debug][gc,phases      ] GC(108)   JNI Weak                       Min:  0.0, Avg:  0.0, Max:  0.0, Diff:  0.0, Sum:  0.0, Workers: 4
[211.227s][debug][gc,phases      ] GC(108)     Dead                           Min: 0, Avg:  0.0, Max: 0, Diff: 0, Sum: 0, Workers: 4
[211.227s][debug][gc,phases      ] GC(108)     Total                          Min: 0, Avg:  0.0, Max: 0, Diff: 0, Sum: 0, Workers: 4
[211.227s][debug][gc,phases      ] GC(108)   StringDedup Table Weak         Min:  0.0, Avg:  0.0, Max:  0.0, Diff:  0.0, Sum:  0.0, Workers: 4
[211.227s][debug][gc,phases      ] GC(108)     Dead                           Min: 0, Avg:  0.0, Max: 0, Diff: 0, Sum: 0, Workers: 4
[211.227s][debug][gc,phases      ] GC(108)     Total                          Min: 0, Avg:  0.0, Max: 0, Diff: 0, Sum: 0, Workers: 4
[211.227s][debug][gc,phases      ] GC(108)   StringDedup Requests0 Weak     Min:  0.0, Avg:  0.0, Max:  0.0, Diff:  0.0, Sum:  0.0, Workers: 4
[211.227s][debug][gc,phases      ] GC(108)     Dead                           Min: 0, Avg:  0.0, Max: 0, Diff: 0, Sum: 0, Workers: 4
[211.227s][debug][gc,phases      ] GC(108)     Total                          Min: 0, Avg:  0.0, Max: 0, Diff: 0, Sum: 0, Workers: 4
[211.227s][debug][gc,phases      ] GC(108)   StringDedup Requests1 Weak     Min:  0.0, Avg:  0.0, Max:  0.0, Diff:  0.0, Sum:  0.0, Workers: 4
[211.227s][debug][gc,phases      ] GC(108)     Dead                           Min: 0, Avg:  0.0, Max: 0, Diff: 0, Sum: 0, Workers: 4
[211.227s][debug][gc,phases      ] GC(108)     Total                          Min: 0, Avg:  0.0, Max: 0, Diff: 0, Sum: 0, Workers: 4
[211.227s][debug][gc,phases      ] GC(108)   Weak JFR Old Object Samples    Min:  0.0, Avg:  0.0, Max:  0.0, Diff:  0.0, Sum:  0.0, Workers: 4
[211.227s][debug][gc,phases      ] GC(108)     Dead                           Min: 0, Avg:  0.0, Max: 0, Diff: 0, Sum: 0, Workers: 4
[211.227s][debug][gc,phases      ] GC(108)     Total                          Min: 0, Avg:  0.0, Max: 0, Diff: 0, Sum: 0, Workers: 4
[211.227s][debug][gc,phases      ] GC(108) Weak Processing 0.339ms
[211.227s][debug][gc,age         ] GC(108) Desired survivor size 74973184 bytes, new threshold 14 (max threshold 15)
[211.227s][info ][gc,heap        ] GC(108) PSYoungGen: 2035056K(2037248K)->52208K(2044928K) Eden: 1992704K(1992704K)->0K(1992704K) From: 42352K(44544K)->52208K(52224K)
[211.227s][info ][gc,heap        ] GC(108) ParOldGen: 471408K(483328K)->502545K(502784K)
[211.227s][info ][gc,metaspace   ] GC(108) Metaspace: 80521K(81344K)->80521K(81344K) NonClass: 69190K(69632K)->69190K(69632K) Class: 11330K(11712K)->11330K(11712K)
[211.227s][info ][gc             ] GC(108) Pause Young (Allocation Failure) 2447M->541M(2488M) 22.498ms
[211.227s][info ][gc,cpu         ] GC(108) User=0.09s Sys=0.00s Real=0.03s
[211.227s][debug][gc,phases      ] GC(109) Pre Compact 0.011ms
[211.227s][info ][gc,start       ] GC(109) Pause Full (Ergonomics)
[211.227s][info ][gc,phases,start] GC(109) Marking Phase
[211.360s][debug][gc,phases      ] GC(109) Par Mark 132.906ms
[211.360s][debug][gc,ref         ] GC(109) Skipped phase 1 of Reference Processing: no references
[211.360s][debug][gc,ref         ] GC(109) ReferenceProcessor::execute queues: 4, RefProcThreadModel::Multi, marks_oops_alive: false
[211.361s][debug][gc,ref         ] GC(109) ReferenceProcessor::execute queues: 4, RefProcThreadModel::Multi, marks_oops_alive: true
[211.361s][debug][gc,ref         ] GC(109) ReferenceProcessor::execute queues: 1, RefProcThreadModel::Single, marks_oops_alive: false
[211.361s][debug][gc,phases      ] GC(109) Reference Processing 0.847ms
[211.361s][debug][gc,phases      ] GC(109)   VM Weak                        Min:  0.0, Avg:  0.0, Max:  0.0, Diff:  0.0, Sum:  0.0, Workers: 4
[211.361s][debug][gc,phases      ] GC(109)     Dead                           Min: 0, Avg:  0.0, Max: 0, Diff: 0, Sum: 0, Workers: 4
[211.361s][debug][gc,phases      ] GC(109)     Total                          Min: 0, Avg: 164.2, Max: 337, Diff: 337, Sum: 657, Workers: 4
[211.361s][debug][gc,phases      ] GC(109)   ObjectSynchronizer Weak        Min:  0.0, Avg:  0.0, Max:  0.0, Diff:  0.0, Sum:  0.0, Workers: 4
[211.361s][debug][gc,phases      ] GC(109)     Dead                           Min: 0, Avg:  0.0, Max: 0, Diff: 0, Sum: 0, Workers: 4
[211.361s][debug][gc,phases      ] GC(109)     Total                          Min: 0, Avg: 47.5, Max: 126, Diff: 126, Sum: 190, Workers: 4
[211.361s][debug][gc,phases      ] GC(109)   JVMTI Tag Weak OopStorage      Min:  0.0, Avg:  0.0, Max:  0.0, Diff:  0.0, Sum:  0.0, Workers: 4
[211.361s][debug][gc,phases      ] GC(109)     Dead                           Min: 0, Avg:  0.0, Max: 0, Diff: 0, Sum: 0, Workers: 4
[211.361s][debug][gc,phases      ] GC(109)     Total                          Min: 0, Avg:  0.0, Max: 0, Diff: 0, Sum: 0, Workers: 4
[211.361s][debug][gc,phases      ] GC(109)   StringTable Weak               Min:  0.1, Avg:  0.1, Max:  0.1, Diff:  0.0, Sum:  0.6, Workers: 4
[211.361s][debug][gc,phases      ] GC(109)     Dead                           Min: 0, Avg:  0.0, Max: 0, Diff: 0, Sum: 0, Workers: 4
[211.361s][debug][gc,phases      ] GC(109)     Total                          Min: 11584, Avg: 11878.8, Max: 12160, Diff: 576, Sum: 47515, Workers: 4
[211.361s][debug][gc,phases      ] GC(109)   ResolvedMethodTable Weak       Min:  0.0, Avg:  0.0, Max:  0.0, Diff:  0.0, Sum:  0.1, Workers: 4
[211.361s][debug][gc,phases      ] GC(109)     Dead                           Min: 0, Avg:  0.0, Max: 0, Diff: 0, Sum: 0, Workers: 4
[211.361s][debug][gc,phases      ] GC(109)     Total                          Min: 1865, Avg: 1986.2, Max: 2112, Diff: 247, Sum: 7945, Workers: 4
[211.361s][debug][gc,phases      ] GC(109)   JNI Weak                       Min:  0.0, Avg:  0.0, Max:  0.0, Diff:  0.0, Sum:  0.0, Workers: 4
[211.361s][debug][gc,phases      ] GC(109)     Dead                           Min: 0, Avg:  0.0, Max: 0, Diff: 0, Sum: 0, Workers: 4
[211.361s][debug][gc,phases      ] GC(109)     Total                          Min: 0, Avg:  0.0, Max: 0, Diff: 0, Sum: 0, Workers: 4
[211.361s][debug][gc,phases      ] GC(109)   StringDedup Table Weak         Min:  0.0, Avg:  0.0, Max:  0.0, Diff:  0.0, Sum:  0.0, Workers: 4
[211.361s][debug][gc,phases      ] GC(109)     Dead                           Min: 0, Avg:  0.0, Max: 0, Diff: 0, Sum: 0, Workers: 4
[211.361s][debug][gc,phases      ] GC(109)     Total                          Min: 0, Avg:  0.0, Max: 0, Diff: 0, Sum: 0, Workers: 4
[211.361s][debug][gc,phases      ] GC(109)   StringDedup Requests0 Weak     Min:  0.0, Avg:  0.0, Max:  0.0, Diff:  0.0, Sum:  0.0, Workers: 4
[211.361s][debug][gc,phases      ] GC(109)     Dead                           Min: 0, Avg:  0.0, Max: 0, Diff: 0, Sum: 0, Workers: 4
[211.361s][debug][gc,phases      ] GC(109)     Total                          Min: 0, Avg:  0.0, Max: 0, Diff: 0, Sum: 0, Workers: 4
[211.361s][debug][gc,phases      ] GC(109)   StringDedup Requests1 Weak     Min:  0.0, Avg:  0.0, Max:  0.0, Diff:  0.0, Sum:  0.0, Workers: 4
[211.361s][debug][gc,phases      ] GC(109)     Dead                           Min: 0, Avg:  0.0, Max: 0, Diff: 0, Sum: 0, Workers: 4
[211.361s][debug][gc,phases      ] GC(109)     Total                          Min: 0, Avg:  0.0, Max: 0, Diff: 0, Sum: 0, Workers: 4
[211.361s][debug][gc,phases      ] GC(109)   Weak JFR Old Object Samples    Min:  0.0, Avg:  0.0, Max:  0.0, Diff:  0.0, Sum:  0.0, Workers: 4
[211.361s][debug][gc,phases      ] GC(109)     Dead                           Min: 0, Avg:  0.0, Max: 0, Diff: 0, Sum: 0, Workers: 4
[211.361s][debug][gc,phases      ] GC(109)     Total                          Min: 0, Avg:  0.0, Max: 0, Diff: 0, Sum: 0, Workers: 4
[211.361s][debug][gc,phases      ] GC(109) Weak Processing 0.387ms
[211.361s][debug][gc,phases      ] GC(109) ClassLoaderData 0.084ms
[211.361s][debug][gc,phases      ] GC(109) Trigger cleanups 0.000ms
[211.376s][debug][gc,phases      ] GC(109) Class Unloading 14.902ms
[211.376s][info ][gc,phases      ] GC(109) Marking Phase 149.221ms
[211.376s][info ][gc,phases,start] GC(109) Summary Phase
[211.376s][info ][gc,phases      ] GC(109) Summary Phase 0.012ms
[211.376s][info ][gc,phases,start] GC(109) Adjust Roots
[211.392s][info ][gc,phases      ] GC(109) Adjust Roots 15.477ms
[211.392s][info ][gc,phases,start] GC(109) Compaction Phase
[211.680s][info ][gc,phases      ] GC(109) Compaction Phase 287.943ms
[211.680s][info ][gc,phases,start] GC(109) Post Compact
[211.681s][info ][gc,phases      ] GC(109) Post Compact 1.604ms
[211.682s][info ][gc,heap        ] GC(109) PSYoungGen: 52208K(2044928K)->2936K(1995776K) Eden: 0K(1992704K)->0K(1992704K) From: 52208K(52224K)->2936K(3072K)
[211.682s][info ][gc,heap        ] GC(109) ParOldGen: 502545K(502784K)->502705K(575488K)
[211.682s][info ][gc,metaspace   ] GC(109) Metaspace: 80521K(81344K)->80521K(81344K) NonClass: 69190K(69632K)->69190K(69632K) Class: 11330K(11712K)->11330K(11712K)
[211.682s][info ][gc             ] GC(109) Pause Full (Ergonomics) 541M->493M(2511M) 454.576ms
[211.682s][info ][gc,cpu         ] GC(109) User=1.67s Sys=0.00s Real=0.45s
[211.682s][info ][safepoint      ] Safepoint "ParallelGCFailedAllocation", Time since last: 990456122 ns, Reaching safepoint: 92102 ns, At safepoint: 477260092 ns, Total: 477352194 ns
[213.110s][info ][safepoint      ] Safepoint "Cleanup", Time since last: 1428295893 ns, Reaching safepoint: 201004 ns, At safepoint: 9500 ns, Total: 210504 ns
[214.110s][info ][safepoint      ] Safepoint "Cleanup", Time since last: 1000107188 ns, Reaching safepoint: 121803 ns, At safepoint: 14400 ns, Total: 136203 ns
[214.573s][info ][gc,start       ] GC(110) Pause Young (Allocation Failure)
[214.630s][debug][gc,phases      ] GC(110) Scavenge 57.529ms
[214.630s][debug][gc,ref         ] GC(110) Skipped phase 1 of Reference Processing: no references
[214.630s][debug][gc,ref         ] GC(110) ReferenceProcessor::execute queues: 1, RefProcThreadModel::Single, marks_oops_alive: false
[214.630s][debug][gc,ref         ] GC(110) Skipped phase 3 of Reference Processing: no references
[214.630s][debug][gc,ref         ] GC(110) ReferenceProcessor::execute queues: 1, RefProcThreadModel::Single, marks_oops_alive: false
[214.630s][debug][gc,phases      ] GC(110) Reference Processing 0.147ms
[214.631s][debug][gc,phases      ] GC(110)   VM Weak                        Min:  0.0, Avg:  0.0, Max:  0.0, Diff:  0.0, Sum:  0.0, Workers: 4
[214.631s][debug][gc,phases      ] GC(110)     Dead                           Min: 0, Avg:  0.0, Max: 0, Diff: 0, Sum: 0, Workers: 4
[214.631s][debug][gc,phases      ] GC(110)     Total                          Min: 0, Avg: 164.2, Max: 337, Diff: 337, Sum: 657, Workers: 4
[214.631s][debug][gc,phases      ] GC(110)   ObjectSynchronizer Weak        Min:  0.0, Avg:  0.0, Max:  0.0, Diff:  0.0, Sum:  0.0, Workers: 4
[214.631s][debug][gc,phases      ] GC(110)     Dead                           Min: 0, Avg:  0.0, Max: 0, Diff: 0, Sum: 0, Workers: 4
[214.631s][debug][gc,phases      ] GC(110)     Total                          Min: 0, Avg: 47.5, Max: 64, Diff: 64, Sum: 190, Workers: 4
[214.631s][debug][gc,phases      ] GC(110)   JVMTI Tag Weak OopStorage      Min:  0.0, Avg:  0.0, Max:  0.0, Diff:  0.0, Sum:  0.0, Workers: 4
[214.631s][debug][gc,phases      ] GC(110)     Dead                           Min: 0, Avg:  0.0, Max: 0, Diff: 0, Sum: 0, Workers: 4
[214.631s][debug][gc,phases      ] GC(110)     Total                          Min: 0, Avg:  0.0, Max: 0, Diff: 0, Sum: 0, Workers: 4
[214.631s][debug][gc,phases      ] GC(110)   StringTable Weak               Min:  0.1, Avg:  0.1, Max:  0.1, Diff:  0.0, Sum:  0.4, Workers: 4
[214.631s][debug][gc,phases      ] GC(110)     Dead                           Min: 0, Avg:  0.0, Max: 0, Diff: 0, Sum: 0, Workers: 4
[214.631s][debug][gc,phases      ] GC(110)     Total                          Min: 11327, Avg: 11894.0, Max: 12352, Diff: 1025, Sum: 47576, Workers: 4
[214.631s][debug][gc,phases      ] GC(110)   ResolvedMethodTable Weak       Min:  0.0, Avg:  0.0, Max:  0.0, Diff:  0.0, Sum:  0.1, Workers: 4
[214.631s][debug][gc,phases      ] GC(110)     Dead                           Min: 0, Avg:  0.0, Max: 0, Diff: 0, Sum: 0, Workers: 4
[214.631s][debug][gc,phases      ] GC(110)     Total                          Min: 1856, Avg: 1988.8, Max: 2112, Diff: 256, Sum: 7955, Workers: 4
[214.631s][debug][gc,phases      ] GC(110)   JNI Weak                       Min:  0.0, Avg:  0.0, Max:  0.0, Diff:  0.0, Sum:  0.0, Workers: 4
[214.631s][debug][gc,phases      ] GC(110)     Dead                           Min: 0, Avg:  0.0, Max: 0, Diff: 0, Sum: 0, Workers: 4
[214.631s][debug][gc,phases      ] GC(110)     Total                          Min: 0, Avg:  0.0, Max: 0, Diff: 0, Sum: 0, Workers: 4
[214.631s][debug][gc,phases      ] GC(110)   StringDedup Table Weak         Min:  0.0, Avg:  0.0, Max:  0.0, Diff:  0.0, Sum:  0.0, Workers: 4
[214.631s][debug][gc,phases      ] GC(110)     Dead                           Min: 0, Avg:  0.0, Max: 0, Diff: 0, Sum: 0, Workers: 4
[214.631s][debug][gc,phases      ] GC(110)     Total                          Min: 0, Avg:  0.0, Max: 0, Diff: 0, Sum: 0, Workers: 4
[214.631s][debug][gc,phases      ] GC(110)   StringDedup Requests0 Weak     Min:  0.0, Avg:  0.0, Max:  0.0, Diff:  0.0, Sum:  0.0, Workers: 4
[214.631s][debug][gc,phases      ] GC(110)     Dead                           Min: 0, Avg:  0.0, Max: 0, Diff: 0, Sum: 0, Workers: 4
[214.631s][debug][gc,phases      ] GC(110)     Total                          Min: 0, Avg:  0.0, Max: 0, Diff: 0, Sum: 0, Workers: 4
[214.631s][debug][gc,phases      ] GC(110)   StringDedup Requests1 Weak     Min:  0.0, Avg:  0.0, Max:  0.0, Diff:  0.0, Sum:  0.0, Workers: 4
[214.631s][debug][gc,phases      ] GC(110)     Dead                           Min: 0, Avg:  0.0, Max: 0, Diff: 0, Sum: 0, Workers: 4
[214.631s][debug][gc,phases      ] GC(110)     Total                          Min: 0, Avg:  0.0, Max: 0, Diff: 0, Sum: 0, Workers: 4
[214.631s][debug][gc,phases      ] GC(110)   Weak JFR Old Object Samples    Min:  0.0, Avg:  0.0, Max:  0.0, Diff:  0.0, Sum:  0.0, Workers: 4
[214.631s][debug][gc,phases      ] GC(110)     Dead                           Min: 0, Avg:  0.0, Max: 0, Diff: 0, Sum: 0, Workers: 4
[214.631s][debug][gc,phases      ] GC(110)     Total                          Min: 0, Avg:  0.0, Max: 0, Diff: 0, Sum: 0, Workers: 4
[214.631s][debug][gc,phases      ] GC(110) Weak Processing 0.354ms
[214.631s][debug][gc,age         ] GC(110) Desired survivor size 73924608 bytes, new threshold 15 (max threshold 15)
[214.631s][info ][gc,heap        ] GC(110) PSYoungGen: 1995640K(1995776K)->32304K(2024960K) Eden: 1992704K(1992704K)->0K(1951744K) From: 2936K(3072K)->32304K(73216K)
[214.631s][info ][gc,heap        ] GC(110) ParOldGen: 502705K(575488K)->502713K(575488K)
[214.631s][info ][gc,metaspace   ] GC(110) Metaspace: 80634K(81472K)->80634K(81472K) NonClass: 69298K(69760K)->69298K(69760K) Class: 11336K(11712K)->11336K(11712K)
[214.631s][info ][gc             ] GC(110) Pause Young (Allocation Failure) 2439M->522M(2539M) 58.195ms
[214.631s][info ][gc,cpu         ] GC(110) User=0.22s Sys=0.01s Real=0.06s
[214.631s][info ][safepoint      ] Safepoint "ParallelGCFailedAllocation", Time since last: 462083170 ns, Reaching safepoint: 69401 ns, At safepoint: 58285282 ns, Total: 58354683 ns
[215.631s][info ][safepoint      ] Safepoint "Cleanup", Time since last: 1000104572 ns, Reaching safepoint: 103103 ns, At safepoint: 11500 ns, Total: 114603 ns
[216.631s][info ][safepoint      ] Safepoint "Cleanup", Time since last: 1000121762 ns, Reaching safepoint: 90302 ns, At safepoint: 11001 ns, Total: 101303 ns
[217.632s][info ][safepoint      ] Safepoint "Cleanup", Time since last: 1000107552 ns, Reaching safepoint: 191004 ns, At safepoint: 14000 ns, Total: 205004 ns
[218.264s][info ][gc,start       ] GC(111) Pause Young (Allocation Failure)
[218.279s][debug][gc,phases      ] GC(111) Scavenge 14.683ms
[218.279s][debug][gc,ref         ] GC(111) Skipped phase 1 of Reference Processing: no references
[218.279s][debug][gc,ref         ] GC(111) ReferenceProcessor::execute queues: 1, RefProcThreadModel::Single, marks_oops_alive: false
[218.279s][debug][gc,ref         ] GC(111) Skipped phase 3 of Reference Processing: no references
[218.279s][debug][gc,ref         ] GC(111) ReferenceProcessor::execute queues: 1, RefProcThreadModel::Single, marks_oops_alive: false
[218.279s][debug][gc,phases      ] GC(111) Reference Processing 0.134ms
[218.279s][debug][gc,phases      ] GC(111)   VM Weak                        Min:  0.0, Avg:  0.0, Max:  0.0, Diff:  0.0, Sum:  0.0, Workers: 4
[218.279s][debug][gc,phases      ] GC(111)     Dead                           Min: 0, Avg:  0.0, Max: 0, Diff: 0, Sum: 0, Workers: 4
[218.279s][debug][gc,phases      ] GC(111)     Total                          Min: 0, Avg: 164.5, Max: 658, Diff: 658, Sum: 658, Workers: 4
[218.279s][debug][gc,phases      ] GC(111)   ObjectSynchronizer Weak        Min:  0.0, Avg:  0.0, Max:  0.0, Diff:  0.0, Sum:  0.0, Workers: 4
[218.279s][debug][gc,phases      ] GC(111)     Dead                           Min: 0, Avg:  0.0, Max: 0, Diff: 0, Sum: 0, Workers: 4
[218.279s][debug][gc,phases      ] GC(111)     Total                          Min: 0, Avg: 47.5, Max: 190, Diff: 190, Sum: 190, Workers: 4
[218.279s][debug][gc,phases      ] GC(111)   JVMTI Tag Weak OopStorage      Min:  0.0, Avg:  0.0, Max:  0.0, Diff:  0.0, Sum:  0.0, Workers: 4
[218.279s][debug][gc,phases      ] GC(111)     Dead                           Min: 0, Avg:  0.0, Max: 0, Diff: 0, Sum: 0, Workers: 4
[218.279s][debug][gc,phases      ] GC(111)     Total                          Min: 0, Avg:  0.0, Max: 0, Diff: 0, Sum: 0, Workers: 4
[218.279s][debug][gc,phases      ] GC(111)   StringTable Weak               Min:  0.1, Avg:  0.1, Max:  0.1, Diff:  0.0, Sum:  0.5, Workers: 4
[218.279s][debug][gc,phases      ] GC(111)     Dead                           Min: 0, Avg:  0.2, Max: 1, Diff: 1, Sum: 1, Workers: 4
[218.279s][debug][gc,phases      ] GC(111)     Total                          Min: 9641, Avg: 11930.2, Max: 13632, Diff: 3991, Sum: 47721, Workers: 4
[218.279s][debug][gc,phases      ] GC(111)   ResolvedMethodTable Weak       Min:  0.0, Avg:  0.0, Max:  0.0, Diff:  0.0, Sum:  0.1, Workers: 4
[218.279s][debug][gc,phases      ] GC(111)     Dead                           Min: 0, Avg:  0.0, Max: 0, Diff: 0, Sum: 0, Workers: 4
[218.279s][debug][gc,phases      ] GC(111)     Total                          Min: 1792, Avg: 2018.0, Max: 2496, Diff: 704, Sum: 8072, Workers: 4
[218.279s][debug][gc,phases      ] GC(111)   JNI Weak                       Min:  0.0, Avg:  0.0, Max:  0.0, Diff:  0.0, Sum:  0.0, Workers: 4
[218.279s][debug][gc,phases      ] GC(111)     Dead                           Min: 0, Avg:  0.0, Max: 0, Diff: 0, Sum: 0, Workers: 4
[218.279s][debug][gc,phases      ] GC(111)     Total                          Min: 0, Avg:  0.0, Max: 0, Diff: 0, Sum: 0, Workers: 4
[218.279s][debug][gc,phases      ] GC(111)   StringDedup Table Weak         Min:  0.0, Avg:  0.0, Max:  0.0, Diff:  0.0, Sum:  0.0, Workers: 4
[218.279s][debug][gc,phases      ] GC(111)     Dead                           Min: 0, Avg:  0.0, Max: 0, Diff: 0, Sum: 0, Workers: 4
[218.279s][debug][gc,phases      ] GC(111)     Total                          Min: 0, Avg:  0.0, Max: 0, Diff: 0, Sum: 0, Workers: 4
[218.279s][debug][gc,phases      ] GC(111)   StringDedup Requests0 Weak     Min:  0.0, Avg:  0.0, Max:  0.0, Diff:  0.0, Sum:  0.0, Workers: 4
[218.279s][debug][gc,phases      ] GC(111)     Dead                           Min: 0, Avg:  0.0, Max: 0, Diff: 0, Sum: 0, Workers: 4
[218.279s][debug][gc,phases      ] GC(111)     Total                          Min: 0, Avg:  0.0, Max: 0, Diff: 0, Sum: 0, Workers: 4
[218.279s][debug][gc,phases      ] GC(111)   StringDedup Requests1 Weak     Min:  0.0, Avg:  0.0, Max:  0.0, Diff:  0.0, Sum:  0.0, Workers: 4
[218.279s][debug][gc,phases      ] GC(111)     Dead                           Min: 0, Avg:  0.0, Max: 0, Diff: 0, Sum: 0, Workers: 4
[218.279s][debug][gc,phases      ] GC(111)     Total                          Min: 0, Avg:  0.0, Max: 0, Diff: 0, Sum: 0, Workers: 4
[218.279s][debug][gc,phases      ] GC(111)   Weak JFR Old Object Samples    Min:  0.0, Avg:  0.0, Max:  0.0, Diff:  0.0, Sum:  0.0, Workers: 4
[218.279s][debug][gc,phases      ] GC(111)     Dead                           Min: 0, Avg:  0.0, Max: 0, Diff: 0, Sum: 0, Workers: 4
[218.279s][debug][gc,phases      ] GC(111)     Total                          Min: 0, Avg:  0.0, Max: 0, Diff: 0, Sum: 0, Workers: 4
[218.279s][debug][gc,phases      ] GC(111) Weak Processing 0.354ms
[218.279s][debug][gc,age         ] GC(111) Desired survivor size 78643200 bytes, new threshold 15 (max threshold 15)
[218.279s][info ][gc,heap        ] GC(111) PSYoungGen: 1984048K(2024960K)->50002K(2001920K) Eden: 1951744K(1951744K)->0K(1951744K) From: 32304K(73216K)->50002K(50176K)
[218.279s][info ][gc,heap        ] GC(111) ParOldGen: 502713K(575488K)->502721K(575488K)
[218.279s][info ][gc,metaspace   ] GC(111) Metaspace: 80904K(81728K)->80904K(81728K) NonClass: 69511K(69952K)->69511K(69952K) Class: 11393K(11776K)->11393K(11776K)
[218.279s][info ][gc             ] GC(111) Pause Young (Allocation Failure) 2428M->539M(2517M) 15.317ms
[218.279s][info ][gc,cpu         ] GC(111) User=0.05s Sys=0.01s Real=0.02s
[218.279s][info ][safepoint      ] Safepoint "ParallelGCFailedAllocation", Time since last: 631967692 ns, Reaching safepoint: 225604 ns, At safepoint: 15414612 ns, Total: 15640216 ns
[219.368s][info ][safepoint      ] Safepoint "Cleanup", Time since last: 1088872031 ns, Reaching safepoint: 101102 ns, At safepoint: 12800 ns, Total: 113902 ns
[220.368s][info ][safepoint      ] Safepoint "Cleanup", Time since last: 1000111125 ns, Reaching safepoint: 58501 ns, At safepoint: 6300 ns, Total: 64801 ns
[221.371s][info ][safepoint      ] Safepoint "Cleanup", Time since last: 1002959572 ns, Reaching safepoint: 76802 ns, At safepoint: 7300 ns, Total: 84102 ns
[222.372s][info ][safepoint      ] Safepoint "Cleanup", Time since last: 1000124204 ns, Reaching safepoint: 56301 ns, At safepoint: 9500 ns, Total: 65801 ns
[223.372s][info ][safepoint      ] Safepoint "Cleanup", Time since last: 1000111595 ns, Reaching safepoint: 131402 ns, At safepoint: 31401 ns, Total: 162803 ns
[224.372s][info ][safepoint      ] Safepoint "Cleanup", Time since last: 1000119284 ns, Reaching safepoint: 56801 ns, At safepoint: 8900 ns, Total: 65701 ns
[226.168s][info ][gc,start       ] GC(112) Pause Young (Allocation Failure)
[226.187s][debug][gc,phases      ] GC(112) Scavenge 18.376ms
[226.187s][debug][gc,ref         ] GC(112) Skipped phase 1 of Reference Processing: no references
[226.187s][debug][gc,ref         ] GC(112) ReferenceProcessor::execute queues: 1, RefProcThreadModel::Single, marks_oops_alive: false
[226.187s][debug][gc,ref         ] GC(112) Skipped phase 3 of Reference Processing: no references
[226.187s][debug][gc,ref         ] GC(112) ReferenceProcessor::execute queues: 1, RefProcThreadModel::Single, marks_oops_alive: false
[226.187s][debug][gc,phases      ] GC(112) Reference Processing 0.165ms
[226.187s][debug][gc,phases      ] GC(112)   VM Weak                        Min:  0.0, Avg:  0.0, Max:  0.0, Diff:  0.0, Sum:  0.0, Workers: 4
[226.187s][debug][gc,phases      ] GC(112)     Dead                           Min: 0, Avg:  0.0, Max: 0, Diff: 0, Sum: 0, Workers: 4
[226.187s][debug][gc,phases      ] GC(112)     Total                          Min: 0, Avg: 164.5, Max: 658, Diff: 658, Sum: 658, Workers: 4
[226.187s][debug][gc,phases      ] GC(112)   ObjectSynchronizer Weak        Min:  0.0, Avg:  0.0, Max:  0.0, Diff:  0.0, Sum:  0.0, Workers: 4
[226.187s][debug][gc,phases      ] GC(112)     Dead                           Min: 0, Avg:  0.0, Max: 0, Diff: 0, Sum: 0, Workers: 4
[226.187s][debug][gc,phases      ] GC(112)     Total                          Min: 0, Avg: 47.5, Max: 190, Diff: 190, Sum: 190, Workers: 4
[226.187s][debug][gc,phases      ] GC(112)   JVMTI Tag Weak OopStorage      Min:  0.0, Avg:  0.0, Max:  0.0, Diff:  0.0, Sum:  0.0, Workers: 4
[226.187s][debug][gc,phases      ] GC(112)     Dead                           Min: 0, Avg:  0.0, Max: 0, Diff: 0, Sum: 0, Workers: 4
[226.187s][debug][gc,phases      ] GC(112)     Total                          Min: 0, Avg:  0.0, Max: 0, Diff: 0, Sum: 0, Workers: 4
[226.187s][debug][gc,phases      ] GC(112)   StringTable Weak               Min:  0.1, Avg:  0.1, Max:  0.1, Diff:  0.0, Sum:  0.5, Workers: 4
[226.187s][debug][gc,phases      ] GC(112)     Dead                           Min: 0, Avg:  0.0, Max: 0, Diff: 0, Sum: 0, Workers: 4
[226.187s][debug][gc,phases      ] GC(112)     Total                          Min: 11264, Avg: 11931.2, Max: 12416, Diff: 1152, Sum: 47725, Workers: 4
[226.187s][debug][gc,phases      ] GC(112)   ResolvedMethodTable Weak       Min:  0.0, Avg:  0.0, Max:  0.0, Diff:  0.0, Sum:  0.1, Workers: 4
[226.187s][debug][gc,phases      ] GC(112)     Dead                           Min: 0, Avg:  0.0, Max: 0, Diff: 0, Sum: 0, Workers: 4
[226.187s][debug][gc,phases      ] GC(112)     Total                          Min: 1856, Avg: 2018.2, Max: 2314, Diff: 458, Sum: 8073, Workers: 4
[226.187s][debug][gc,phases      ] GC(112)   JNI Weak                       Min:  0.0, Avg:  0.0, Max:  0.0, Diff:  0.0, Sum:  0.0, Workers: 4
[226.187s][debug][gc,phases      ] GC(112)     Dead                           Min: 0, Avg:  0.0, Max: 0, Diff: 0, Sum: 0, Workers: 4
[226.187s][debug][gc,phases      ] GC(112)     Total                          Min: 0, Avg:  0.2, Max: 1, Diff: 1, Sum: 1, Workers: 4
[226.187s][debug][gc,phases      ] GC(112)   StringDedup Table Weak         Min:  0.0, Avg:  0.0, Max:  0.0, Diff:  0.0, Sum:  0.0, Workers: 4
[226.187s][debug][gc,phases      ] GC(112)     Dead                           Min: 0, Avg:  0.0, Max: 0, Diff: 0, Sum: 0, Workers: 4
[226.187s][debug][gc,phases      ] GC(112)     Total                          Min: 0, Avg:  0.0, Max: 0, Diff: 0, Sum: 0, Workers: 4
[226.187s][debug][gc,phases      ] GC(112)   StringDedup Requests0 Weak     Min:  0.0, Avg:  0.0, Max:  0.0, Diff:  0.0, Sum:  0.0, Workers: 4
[226.187s][debug][gc,phases      ] GC(112)     Dead                           Min: 0, Avg:  0.0, Max: 0, Diff: 0, Sum: 0, Workers: 4
[226.187s][debug][gc,phases      ] GC(112)     Total                          Min: 0, Avg:  0.0, Max: 0, Diff: 0, Sum: 0, Workers: 4
[226.187s][debug][gc,phases      ] GC(112)   StringDedup Requests1 Weak     Min:  0.0, Avg:  0.0, Max:  0.0, Diff:  0.0, Sum:  0.0, Workers: 4
[226.187s][debug][gc,phases      ] GC(112)     Dead                           Min: 0, Avg:  0.0, Max: 0, Diff: 0, Sum: 0, Workers: 4
[226.187s][debug][gc,phases      ] GC(112)     Total                          Min: 0, Avg:  0.0, Max: 0, Diff: 0, Sum: 0, Workers: 4
[226.187s][debug][gc,phases      ] GC(112)   Weak JFR Old Object Samples    Min:  0.0, Avg:  0.0, Max:  0.0, Diff:  0.0, Sum:  0.0, Workers: 4
[226.187s][debug][gc,phases      ] GC(112)     Dead                           Min: 0, Avg:  0.0, Max: 0, Diff: 0, Sum: 0, Workers: 4
[226.187s][debug][gc,phases      ] GC(112)     Total                          Min: 0, Avg:  0.0, Max: 0, Diff: 0, Sum: 0, Workers: 4
[226.187s][debug][gc,phases      ] GC(112) Weak Processing 0.398ms
[226.187s][debug][gc,age         ] GC(112) Desired survivor size 88080384 bytes, new threshold 15 (max threshold 15)
[226.187s][info ][gc,heap        ] GC(112) PSYoungGen: 2001746K(2001920K)->64928K(2001920K) Eden: 1951744K(1951744K)->0K(1925120K) From: 50002K(50176K)->64928K(76800K)
[226.187s][info ][gc,heap        ] GC(112) ParOldGen: 502721K(575488K)->502729K(575488K)
[226.187s][info ][gc,metaspace   ] GC(112) Metaspace: 80989K(81792K)->80989K(81792K) NonClass: 69595K(70016K)->69595K(70016K) Class: 11393K(11776K)->11393K(11776K)
[226.187s][info ][gc             ] GC(112) Pause Young (Allocation Failure) 2445M->554M(2517M) 19.120ms
[226.187s][info ][gc,cpu         ] GC(112) User=0.08s Sys=0.00s Real=0.02s
[226.187s][info ][safepoint      ] Safepoint "ParallelGCFailedAllocation", Time since last: 1795858119 ns, Reaching safepoint: 75402 ns, At safepoint: 19233187 ns, Total: 19308589 ns
[227.187s][info ][safepoint      ] Safepoint "Cleanup", Time since last: 1000062555 ns, Reaching safepoint: 78302 ns, At safepoint: 8900 ns, Total: 87202 ns
[228.188s][info ][safepoint      ] Safepoint "Cleanup", Time since last: 1000111346 ns, Reaching safepoint: 68901 ns, At safepoint: 12100 ns, Total: 81001 ns
[229.188s][info ][safepoint      ] Safepoint "Cleanup", Time since last: 1000069935 ns, Reaching safepoint: 93302 ns, At safepoint: 7800 ns, Total: 101102 ns
[230.188s][info ][safepoint      ] Safepoint "Cleanup", Time since last: 1000114626 ns, Reaching safepoint: 59801 ns, At safepoint: 6401 ns, Total: 66202 ns
[231.188s][info ][safepoint      ] Safepoint "Cleanup", Time since last: 1000120216 ns, Reaching safepoint: 76101 ns, At safepoint: 9400 ns, Total: 85501 ns
[232.188s][info ][safepoint      ] Safepoint "Cleanup", Time since last: 1000112406 ns, Reaching safepoint: 68902 ns, At safepoint: 10500 ns, Total: 79402 ns
[233.189s][info ][safepoint      ] Safepoint "Cleanup", Time since last: 1000099096 ns, Reaching safepoint: 58101 ns, At safepoint: 8500 ns, Total: 66601 ns
[233.453s][info ][gc,start       ] GC(113) Pause Young (Allocation Failure)
[233.466s][debug][gc,phases      ] GC(113) Scavenge 13.200ms
[233.466s][debug][gc,ref         ] GC(113) Skipped phase 1 of Reference Processing: no references
[233.466s][debug][gc,ref         ] GC(113) ReferenceProcessor::execute queues: 1, RefProcThreadModel::Single, marks_oops_alive: false
[233.466s][debug][gc,ref         ] GC(113) Skipped phase 3 of Reference Processing: no references
[233.466s][debug][gc,ref         ] GC(113) ReferenceProcessor::execute queues: 1, RefProcThreadModel::Single, marks_oops_alive: false
[233.466s][debug][gc,phases      ] GC(113) Reference Processing 0.128ms
[233.466s][debug][gc,phases      ] GC(113)   VM Weak                        Min:  0.0, Avg:  0.0, Max:  0.0, Diff:  0.0, Sum:  0.0, Workers: 4
[233.466s][debug][gc,phases      ] GC(113)     Dead                           Min: 0, Avg:  0.0, Max: 0, Diff: 0, Sum: 0, Workers: 4
[233.466s][debug][gc,phases      ] GC(113)     Total                          Min: 0, Avg: 164.5, Max: 530, Diff: 530, Sum: 658, Workers: 4
[233.466s][debug][gc,phases      ] GC(113)   ObjectSynchronizer Weak        Min:  0.0, Avg:  0.0, Max:  0.0, Diff:  0.0, Sum:  0.0, Workers: 4
[233.466s][debug][gc,phases      ] GC(113)     Dead                           Min: 0, Avg:  0.0, Max: 0, Diff: 0, Sum: 0, Workers: 4
[233.466s][debug][gc,phases      ] GC(113)     Total                          Min: 0, Avg: 47.5, Max: 126, Diff: 126, Sum: 190, Workers: 4
[233.466s][debug][gc,phases      ] GC(113)   JVMTI Tag Weak OopStorage      Min:  0.0, Avg:  0.0, Max:  0.0, Diff:  0.0, Sum:  0.0, Workers: 4
[233.466s][debug][gc,phases      ] GC(113)     Dead                           Min: 0, Avg:  0.0, Max: 0, Diff: 0, Sum: 0, Workers: 4
[233.466s][debug][gc,phases      ] GC(113)     Total                          Min: 0, Avg:  0.0, Max: 0, Diff: 0, Sum: 0, Workers: 4
[233.466s][debug][gc,phases      ] GC(113)   StringTable Weak               Min:  0.1, Avg:  0.1, Max:  0.1, Diff:  0.0, Sum:  0.4, Workers: 4
[233.466s][debug][gc,phases      ] GC(113)     Dead                           Min: 0, Avg:  0.0, Max: 0, Diff: 0, Sum: 0, Workers: 4
[233.466s][debug][gc,phases      ] GC(113)     Total                          Min: 11392, Avg: 11935.0, Max: 12480, Diff: 1088, Sum: 47740, Workers: 4
[233.466s][debug][gc,phases      ] GC(113)   ResolvedMethodTable Weak       Min:  0.0, Avg:  0.0, Max:  0.0, Diff:  0.0, Sum:  0.1, Workers: 4
[233.466s][debug][gc,phases      ] GC(113)     Dead                           Min: 0, Avg:  0.0, Max: 0, Diff: 0, Sum: 0, Workers: 4
[233.466s][debug][gc,phases      ] GC(113)     Total                          Min: 1920, Avg: 2018.8, Max: 2112, Diff: 192, Sum: 8075, Workers: 4
[233.466s][debug][gc,phases      ] GC(113)   JNI Weak                       Min:  0.0, Avg:  0.0, Max:  0.0, Diff:  0.0, Sum:  0.0, Workers: 4
[233.466s][debug][gc,phases      ] GC(113)     Dead                           Min: 0, Avg:  0.0, Max: 0, Diff: 0, Sum: 0, Workers: 4
[233.466s][debug][gc,phases      ] GC(113)     Total                          Min: 0, Avg:  0.5, Max: 2, Diff: 2, Sum: 2, Workers: 4
[233.466s][debug][gc,phases      ] GC(113)   StringDedup Table Weak         Min:  0.0, Avg:  0.0, Max:  0.0, Diff:  0.0, Sum:  0.0, Workers: 4
[233.466s][debug][gc,phases      ] GC(113)     Dead                           Min: 0, Avg:  0.0, Max: 0, Diff: 0, Sum: 0, Workers: 4
[233.466s][debug][gc,phases      ] GC(113)     Total                          Min: 0, Avg:  0.0, Max: 0, Diff: 0, Sum: 0, Workers: 4
[233.466s][debug][gc,phases      ] GC(113)   StringDedup Requests0 Weak     Min:  0.0, Avg:  0.0, Max:  0.0, Diff:  0.0, Sum:  0.0, Workers: 4
[233.466s][debug][gc,phases      ] GC(113)     Dead                           Min: 0, Avg:  0.0, Max: 0, Diff: 0, Sum: 0, Workers: 4
[233.466s][debug][gc,phases      ] GC(113)     Total                          Min: 0, Avg:  0.0, Max: 0, Diff: 0, Sum: 0, Workers: 4
[233.466s][debug][gc,phases      ] GC(113)   StringDedup Requests1 Weak     Min:  0.0, Avg:  0.0, Max:  0.0, Diff:  0.0, Sum:  0.0, Workers: 4
[233.466s][debug][gc,phases      ] GC(113)     Dead                           Min: 0, Avg:  0.0, Max: 0, Diff: 0, Sum: 0, Workers: 4
[233.466s][debug][gc,phases      ] GC(113)     Total                          Min: 0, Avg:  0.0, Max: 0, Diff: 0, Sum: 0, Workers: 4
[233.467s][debug][gc,phases      ] GC(113)   Weak JFR Old Object Samples    Min:  0.0, Avg:  0.0, Max:  0.0, Diff:  0.0, Sum:  0.0, Workers: 4
[233.467s][debug][gc,phases      ] GC(113)     Dead                           Min: 0, Avg:  0.0, Max: 0, Diff: 0, Sum: 0, Workers: 4
[233.467s][debug][gc,phases      ] GC(113)     Total                          Min: 0, Avg:  0.0, Max: 0, Diff: 0, Sum: 0, Workers: 4
[233.467s][debug][gc,phases      ] GC(113) Weak Processing 0.327ms
[233.467s][debug][gc,age         ] GC(113) Desired survivor size 91226112 bytes, new threshold 15 (max threshold 15)
[233.467s][info ][gc,heap        ] GC(113) PSYoungGen: 1990048K(2001920K)->53072K(1978368K) Eden: 1925120K(1925120K)->0K(1925120K) From: 64928K(76800K)->53072K(53248K)
[233.467s][info ][gc,heap        ] GC(113) ParOldGen: 502729K(575488K)->502729K(575488K)
[233.467s][info ][gc,metaspace   ] GC(113) Metaspace: 81059K(81856K)->81059K(81856K) NonClass: 69664K(70080K)->69664K(70080K) Class: 11395K(11776K)->11395K(11776K)
[233.467s][info ][gc             ] GC(113) Pause Young (Allocation Failure) 2434M->542M(2494M) 13.785ms
[233.467s][info ][gc,cpu         ] GC(113) User=0.05s Sys=0.01s Real=0.02s
[233.467s][info ][safepoint      ] Safepoint "ParallelGCFailedAllocation", Time since last: 264081305 ns, Reaching safepoint: 116302 ns, At safepoint: 13877279 ns, Total: 13993581 ns
[234.467s][info ][safepoint      ] Safepoint "Cleanup", Time since last: 1000098083 ns, Reaching safepoint: 57201 ns, At safepoint: 7200 ns, Total: 64401 ns
[235.467s][info ][safepoint      ] Safepoint "Cleanup", Time since last: 1000102074 ns, Reaching safepoint: 64001 ns, At safepoint: 8100 ns, Total: 72101 ns
[239.467s][info ][safepoint      ] Safepoint "Cleanup", Time since last: 4000332395 ns, Reaching safepoint: 70901 ns, At safepoint: 8200 ns, Total: 79101 ns
[240.468s][info ][safepoint      ] Safepoint "Cleanup", Time since last: 1000112525 ns, Reaching safepoint: 58901 ns, At safepoint: 6200 ns, Total: 65101 ns
[241.468s][info ][safepoint      ] Safepoint "Cleanup", Time since last: 1000109415 ns, Reaching safepoint: 64002 ns, At safepoint: 9900 ns, Total: 73902 ns
[242.468s][info ][safepoint      ] Safepoint "Cleanup", Time since last: 1000119905 ns, Reaching safepoint: 63301 ns, At safepoint: 8101 ns, Total: 71402 ns
[243.468s][info ][safepoint      ] Safepoint "Cleanup", Time since last: 1000107395 ns, Reaching safepoint: 55101 ns, At safepoint: 5900 ns, Total: 61001 ns
[244.094s][info ][gc,start       ] GC(114) Pause Young (Allocation Failure)
[244.107s][debug][gc,phases      ] GC(114) Scavenge 13.741ms
[244.108s][debug][gc,ref         ] GC(114) Skipped phase 1 of Reference Processing: no references
[244.108s][debug][gc,ref         ] GC(114) ReferenceProcessor::execute queues: 1, RefProcThreadModel::Single, marks_oops_alive: false
[244.108s][debug][gc,ref         ] GC(114) Skipped phase 3 of Reference Processing: no references
[244.108s][debug][gc,ref         ] GC(114) Skipped phase 4 of Reference Processing: no references
[244.108s][debug][gc,phases      ] GC(114) Reference Processing 0.126ms
[244.108s][debug][gc,phases      ] GC(114)   VM Weak                        Min:  0.0, Avg:  0.0, Max:  0.0, Diff:  0.0, Sum:  0.0, Workers: 4
[244.108s][debug][gc,phases      ] GC(114)     Dead                           Min: 0, Avg:  0.0, Max: 0, Diff: 0, Sum: 0, Workers: 4
[244.108s][debug][gc,phases      ] GC(114)     Total                          Min: 0, Avg: 164.5, Max: 658, Diff: 658, Sum: 658, Workers: 4
[244.108s][debug][gc,phases      ] GC(114)   ObjectSynchronizer Weak        Min:  0.0, Avg:  0.0, Max:  0.0, Diff:  0.0, Sum:  0.0, Workers: 4
[244.108s][debug][gc,phases      ] GC(114)     Dead                           Min: 0, Avg:  0.0, Max: 0, Diff: 0, Sum: 0, Workers: 4
[244.108s][debug][gc,phases      ] GC(114)     Total                          Min: 0, Avg: 47.5, Max: 126, Diff: 126, Sum: 190, Workers: 4
[244.108s][debug][gc,phases      ] GC(114)   JVMTI Tag Weak OopStorage      Min:  0.0, Avg:  0.0, Max:  0.0, Diff:  0.0, Sum:  0.0, Workers: 4
[244.108s][debug][gc,phases      ] GC(114)     Dead                           Min: 0, Avg:  0.0, Max: 0, Diff: 0, Sum: 0, Workers: 4
[244.108s][debug][gc,phases      ] GC(114)     Total                          Min: 0, Avg:  0.0, Max: 0, Diff: 0, Sum: 0, Workers: 4
[244.108s][debug][gc,phases      ] GC(114)   StringTable Weak               Min:  0.0, Avg:  0.1, Max:  0.2, Diff:  0.2, Sum:  0.5, Workers: 4
[244.108s][debug][gc,phases      ] GC(114)     Dead                           Min: 0, Avg:  0.0, Max: 0, Diff: 0, Sum: 0, Workers: 4
[244.108s][debug][gc,phases      ] GC(114)     Total                          Min: 0, Avg: 11937.8, Max: 16384, Diff: 16384, Sum: 47751, Workers: 4
[244.108s][debug][gc,phases      ] GC(114)   ResolvedMethodTable Weak       Min:  0.0, Avg:  0.0, Max:  0.0, Diff:  0.0, Sum:  0.1, Workers: 4
[244.108s][debug][gc,phases      ] GC(114)     Dead                           Min: 0, Avg:  0.0, Max: 0, Diff: 0, Sum: 0, Workers: 4
[244.108s][debug][gc,phases      ] GC(114)     Total                          Min: 587, Avg: 2018.8, Max: 2624, Diff: 2037, Sum: 8075, Workers: 4
[244.108s][debug][gc,phases      ] GC(114)   JNI Weak                       Min:  0.0, Avg:  0.0, Max:  0.0, Diff:  0.0, Sum:  0.0, Workers: 4
[244.108s][debug][gc,phases      ] GC(114)     Dead                           Min: 0, Avg:  0.0, Max: 0, Diff: 0, Sum: 0, Workers: 4
[244.108s][debug][gc,phases      ] GC(114)     Total                          Min: 0, Avg:  0.0, Max: 0, Diff: 0, Sum: 0, Workers: 4
[244.108s][debug][gc,phases      ] GC(114)   StringDedup Table Weak         Min:  0.0, Avg:  0.0, Max:  0.0, Diff:  0.0, Sum:  0.0, Workers: 4
[244.108s][debug][gc,phases      ] GC(114)     Dead                           Min: 0, Avg:  0.0, Max: 0, Diff: 0, Sum: 0, Workers: 4
[244.108s][debug][gc,phases      ] GC(114)     Total                          Min: 0, Avg:  0.0, Max: 0, Diff: 0, Sum: 0, Workers: 4
[244.108s][debug][gc,phases      ] GC(114)   StringDedup Requests0 Weak     Min:  0.0, Avg:  0.0, Max:  0.0, Diff:  0.0, Sum:  0.0, Workers: 4
[244.108s][debug][gc,phases      ] GC(114)     Dead                           Min: 0, Avg:  0.0, Max: 0, Diff: 0, Sum: 0, Workers: 4
[244.108s][debug][gc,phases      ] GC(114)     Total                          Min: 0, Avg:  0.0, Max: 0, Diff: 0, Sum: 0, Workers: 4
[244.108s][debug][gc,phases      ] GC(114)   StringDedup Requests1 Weak     Min:  0.0, Avg:  0.0, Max:  0.0, Diff:  0.0, Sum:  0.0, Workers: 4
[244.108s][debug][gc,phases      ] GC(114)     Dead                           Min: 0, Avg:  0.0, Max: 0, Diff: 0, Sum: 0, Workers: 4
[244.108s][debug][gc,phases      ] GC(114)     Total                          Min: 0, Avg:  0.0, Max: 0, Diff: 0, Sum: 0, Workers: 4
[244.108s][debug][gc,phases      ] GC(114)   Weak JFR Old Object Samples    Min:  0.0, Avg:  0.0, Max:  0.0, Diff:  0.0, Sum:  0.0, Workers: 4
[244.108s][debug][gc,phases      ] GC(114)     Dead                           Min: 0, Avg:  0.0, Max: 0, Diff: 0, Sum: 0, Workers: 4
[244.108s][debug][gc,phases      ] GC(114)     Total                          Min: 0, Avg:  0.0, Max: 0, Diff: 0, Sum: 0, Workers: 4
[244.108s][debug][gc,phases      ] GC(114) Weak Processing 0.376ms
[244.108s][debug][gc,age         ] GC(114) Desired survivor size 92798976 bytes, new threshold 15 (max threshold 15)
[244.108s][info ][gc,heap        ] GC(114) PSYoungGen: 1978192K(1978368K)->52112K(2004992K) Eden: 1925120K(1925120K)->0K(1915904K) From: 53072K(53248K)->52112K(89088K)
[244.108s][info ][gc,heap        ] GC(114) ParOldGen: 502729K(575488K)->502737K(575488K)
[244.108s][info ][gc,metaspace   ] GC(114) Metaspace: 81091K(81920K)->81091K(81920K) NonClass: 69696K(70144K)->69696K(70144K) Class: 11395K(11776K)->11395K(11776K)
[244.108s][info ][gc             ] GC(114) Pause Young (Allocation Failure) 2422M->541M(2520M) 14.400ms
[244.108s][info ][gc,cpu         ] GC(114) User=0.05s Sys=0.00s Real=0.02s
[244.108s][info ][safepoint      ] Safepoint "ParallelGCFailedAllocation", Time since last: 625473801 ns, Reaching safepoint: 55601 ns, At safepoint: 14484590 ns, Total: 14540191 ns
[245.108s][info ][safepoint      ] Safepoint "Cleanup", Time since last: 1000088679 ns, Reaching safepoint: 75302 ns, At safepoint: 10500 ns, Total: 85802 ns
[246.108s][info ][safepoint      ] Safepoint "Cleanup", Time since last: 1000116570 ns, Reaching safepoint: 60301 ns, At safepoint: 7400 ns, Total: 67701 ns
[247.109s][info ][safepoint      ] Safepoint "Cleanup", Time since last: 1000126561 ns, Reaching safepoint: 53901 ns, At safepoint: 3700 ns, Total: 57601 ns
[248.109s][info ][safepoint      ] Safepoint "Cleanup", Time since last: 1000106951 ns, Reaching safepoint: 54701 ns, At safepoint: 5900 ns, Total: 60601 ns
[249.109s][info ][safepoint      ] Safepoint "Cleanup", Time since last: 1000122142 ns, Reaching safepoint: 57301 ns, At safepoint: 12900 ns, Total: 70201 ns
[250.109s][info ][safepoint      ] Safepoint "Cleanup", Time since last: 1000111532 ns, Reaching safepoint: 63401 ns, At safepoint: 6500 ns, Total: 69901 ns
[251.109s][info ][safepoint      ] Safepoint "Cleanup", Time since last: 1000116922 ns, Reaching safepoint: 56002 ns, At safepoint: 4900 ns, Total: 60902 ns
[252.110s][info ][safepoint      ] Safepoint "Cleanup", Time since last: 1000120512 ns, Reaching safepoint: 49101 ns, At safepoint: 3500 ns, Total: 52601 ns
[253.110s][info ][safepoint      ] Safepoint "Cleanup", Time since last: 1000119004 ns, Reaching safepoint: 54101 ns, At safepoint: 4400 ns, Total: 58501 ns
[254.110s][info ][safepoint      ] Safepoint "Cleanup", Time since last: 1000085593 ns, Reaching safepoint: 79101 ns, At safepoint: 6301 ns, Total: 85402 ns
[254.742s][info ][gc,start       ] GC(115) Pause Young (Allocation Failure)
[254.756s][debug][gc,phases      ] GC(115) Scavenge 13.305ms
[254.756s][debug][gc,ref         ] GC(115) Skipped phase 1 of Reference Processing: no references
[254.756s][debug][gc,ref         ] GC(115) ReferenceProcessor::execute queues: 1, RefProcThreadModel::Single, marks_oops_alive: false
[254.756s][debug][gc,ref         ] GC(115) Skipped phase 3 of Reference Processing: no references
[254.756s][debug][gc,ref         ] GC(115) Skipped phase 4 of Reference Processing: no references
[254.756s][debug][gc,phases      ] GC(115) Reference Processing 0.123ms
[254.756s][debug][gc,phases      ] GC(115)   VM Weak                        Min:  0.0, Avg:  0.0, Max:  0.0, Diff:  0.0, Sum:  0.0, Workers: 4
[254.756s][debug][gc,phases      ] GC(115)     Dead                           Min: 0, Avg:  0.0, Max: 0, Diff: 0, Sum: 0, Workers: 4
[254.756s][debug][gc,phases      ] GC(115)     Total                          Min: 0, Avg: 164.5, Max: 576, Diff: 576, Sum: 658, Workers: 4
[254.756s][debug][gc,phases      ] GC(115)   ObjectSynchronizer Weak        Min:  0.0, Avg:  0.0, Max:  0.0, Diff:  0.0, Sum:  0.0, Workers: 4
[254.756s][debug][gc,phases      ] GC(115)     Dead                           Min: 0, Avg:  0.0, Max: 0, Diff: 0, Sum: 0, Workers: 4
[254.756s][debug][gc,phases      ] GC(115)     Total                          Min: 0, Avg: 47.5, Max: 126, Diff: 126, Sum: 190, Workers: 4
[254.756s][debug][gc,phases      ] GC(115)   JVMTI Tag Weak OopStorage      Min:  0.0, Avg:  0.0, Max:  0.0, Diff:  0.0, Sum:  0.0, Workers: 4
[254.756s][debug][gc,phases      ] GC(115)     Dead                           Min: 0, Avg:  0.0, Max: 0, Diff: 0, Sum: 0, Workers: 4
[254.756s][debug][gc,phases      ] GC(115)     Total                          Min: 0, Avg:  0.0, Max: 0, Diff: 0, Sum: 0, Workers: 4
[254.756s][debug][gc,phases      ] GC(115)   StringTable Weak               Min:  0.1, Avg:  0.1, Max:  0.1, Diff:  0.0, Sum:  0.5, Workers: 4
[254.756s][debug][gc,phases      ] GC(115)     Dead                           Min: 0, Avg:  0.0, Max: 0, Diff: 0, Sum: 0, Workers: 4
[254.756s][debug][gc,phases      ] GC(115)     Total                          Min: 11008, Avg: 11938.0, Max: 12736, Diff: 1728, Sum: 47752, Workers: 4
[254.756s][debug][gc,phases      ] GC(115)   ResolvedMethodTable Weak       Min:  0.0, Avg:  0.0, Max:  0.0, Diff:  0.0, Sum:  0.1, Workers: 4
[254.756s][debug][gc,phases      ] GC(115)     Dead                           Min: 0, Avg:  0.0, Max: 0, Diff: 0, Sum: 0, Workers: 4
[254.756s][debug][gc,phases      ] GC(115)     Total                          Min: 1344, Avg: 2018.8, Max: 2304, Diff: 960, Sum: 8075, Workers: 4
[254.756s][debug][gc,phases      ] GC(115)   JNI Weak                       Min:  0.0, Avg:  0.0, Max:  0.0, Diff:  0.0, Sum:  0.0, Workers: 4
[254.756s][debug][gc,phases      ] GC(115)     Dead                           Min: 0, Avg:  0.0, Max: 0, Diff: 0, Sum: 0, Workers: 4
[254.756s][debug][gc,phases      ] GC(115)     Total                          Min: 0, Avg:  0.0, Max: 0, Diff: 0, Sum: 0, Workers: 4
[254.756s][debug][gc,phases      ] GC(115)   StringDedup Table Weak         Min:  0.0, Avg:  0.0, Max:  0.0, Diff:  0.0, Sum:  0.0, Workers: 4
[254.756s][debug][gc,phases      ] GC(115)     Dead                           Min: 0, Avg:  0.0, Max: 0, Diff: 0, Sum: 0, Workers: 4
[254.756s][debug][gc,phases      ] GC(115)     Total                          Min: 0, Avg:  0.0, Max: 0, Diff: 0, Sum: 0, Workers: 4
[254.756s][debug][gc,phases      ] GC(115)   StringDedup Requests0 Weak     Min:  0.0, Avg:  0.0, Max:  0.0, Diff:  0.0, Sum:  0.0, Workers: 4
[254.756s][debug][gc,phases      ] GC(115)     Dead                           Min: 0, Avg:  0.0, Max: 0, Diff: 0, Sum: 0, Workers: 4
[254.756s][debug][gc,phases      ] GC(115)     Total                          Min: 0, Avg:  0.0, Max: 0, Diff: 0, Sum: 0, Workers: 4
[254.756s][debug][gc,phases      ] GC(115)   StringDedup Requests1 Weak     Min:  0.0, Avg:  0.0, Max:  0.0, Diff:  0.0, Sum:  0.0, Workers: 4
[254.756s][debug][gc,phases      ] GC(115)     Dead                           Min: 0, Avg:  0.0, Max: 0, Diff: 0, Sum: 0, Workers: 4
[254.756s][debug][gc,phases      ] GC(115)     Total                          Min: 0, Avg:  0.0, Max: 0, Diff: 0, Sum: 0, Workers: 4
[254.756s][debug][gc,phases      ] GC(115)   Weak JFR Old Object Samples    Min:  0.0, Avg:  0.0, Max:  0.0, Diff:  0.0, Sum:  0.0, Workers: 4
[254.756s][debug][gc,phases      ] GC(115)     Dead                           Min: 0, Avg:  0.0, Max: 0, Diff: 0, Sum: 0, Workers: 4
[254.756s][debug][gc,phases      ] GC(115)     Total                          Min: 0, Avg:  0.0, Max: 0, Diff: 0, Sum: 0, Workers: 4
[254.756s][debug][gc,phases      ] GC(115) Weak Processing 0.359ms
[254.756s][debug][gc,age         ] GC(115) Desired survivor size 93847552 bytes, new threshold 15 (max threshold 15)
[254.756s][info ][gc,heap        ] GC(115) PSYoungGen: 1968016K(2004992K)->52144K(1968128K) Eden: 1915904K(1915904K)->0K(1915904K) From: 52112K(89088K)->52144K(52224K)
[254.756s][info ][gc,heap        ] GC(115) ParOldGen: 502737K(575488K)->502737K(575488K)
[254.756s][info ][gc,metaspace   ] GC(115) Metaspace: 81109K(81920K)->81109K(81920K) NonClass: 69713K(70144K)->69713K(70144K) Class: 11395K(11776K)->11395K(11776K)
[254.756s][info ][gc             ] GC(115) Pause Young (Allocation Failure) 2412M->541M(2484M) 13.934ms
[254.756s][info ][gc,cpu         ] GC(115) User=0.06s Sys=0.00s Real=0.02s
[254.756s][info ][safepoint      ] Safepoint "ParallelGCFailedAllocation", Time since last: 632418474 ns, Reaching safepoint: 112503 ns, At safepoint: 14017978 ns, Total: 14130481 ns
[255.757s][info ][safepoint      ] Safepoint "Cleanup", Time since last: 1000084878 ns, Reaching safepoint: 57201 ns, At safepoint: 6100 ns, Total: 63301 ns
[256.757s][info ][safepoint      ] Safepoint "Cleanup", Time since last: 1000105968 ns, Reaching safepoint: 59402 ns, At safepoint: 12500 ns, Total: 71902 ns
[257.757s][info ][safepoint      ] Safepoint "Cleanup", Time since last: 1000083258 ns, Reaching safepoint: 56702 ns, At safepoint: 4700 ns, Total: 61402 ns
[258.757s][info ][safepoint      ] Safepoint "Cleanup", Time since last: 1000114549 ns, Reaching safepoint: 63002 ns, At safepoint: 8600 ns, Total: 71602 ns
[259.757s][info ][safepoint      ] Safepoint "Cleanup", Time since last: 1000114840 ns, Reaching safepoint: 54201 ns, At safepoint: 8101 ns, Total: 62302 ns
[260.757s][info ][safepoint      ] Safepoint "Cleanup", Time since last: 1000095930 ns, Reaching safepoint: 66101 ns, At safepoint: 4901 ns, Total: 71002 ns
[262.758s][info ][safepoint      ] Safepoint "Cleanup", Time since last: 2000179833 ns, Reaching safepoint: 46100 ns, At safepoint: 3701 ns, Total: 49801 ns
[264.758s][info ][safepoint      ] Safepoint "Cleanup", Time since last: 2000144995 ns, Reaching safepoint: 63401 ns, At safepoint: 10100 ns, Total: 73501 ns
[265.592s][info ][gc,start       ] GC(116) Pause Young (Allocation Failure)
[265.606s][debug][gc,phases      ] GC(116) Scavenge 13.860ms
[265.606s][debug][gc,ref         ] GC(116) Skipped phase 1 of Reference Processing: no references
[265.606s][debug][gc,ref         ] GC(116) ReferenceProcessor::execute queues: 1, RefProcThreadModel::Single, marks_oops_alive: false
[265.606s][debug][gc,ref         ] GC(116) Skipped phase 3 of Reference Processing: no references
[265.606s][debug][gc,ref         ] GC(116) Skipped phase 4 of Reference Processing: no references
[265.606s][debug][gc,phases      ] GC(116) Reference Processing 0.284ms
[265.607s][debug][gc,phases      ] GC(116)   VM Weak                        Min:  0.0, Avg:  0.0, Max:  0.0, Diff:  0.0, Sum:  0.0, Workers: 4
[265.607s][debug][gc,phases      ] GC(116)     Dead                           Min: 0, Avg:  0.0, Max: 0, Diff: 0, Sum: 0, Workers: 4
[265.607s][debug][gc,phases      ] GC(116)     Total                          Min: 0, Avg: 164.5, Max: 448, Diff: 448, Sum: 658, Workers: 4
[265.607s][debug][gc,phases      ] GC(116)   ObjectSynchronizer Weak        Min:  0.0, Avg:  0.0, Max:  0.0, Diff:  0.0, Sum:  0.0, Workers: 4
[265.607s][debug][gc,phases      ] GC(116)     Dead                           Min: 0, Avg:  0.0, Max: 0, Diff: 0, Sum: 0, Workers: 4
[265.607s][debug][gc,phases      ] GC(116)     Total                          Min: 0, Avg: 47.5, Max: 128, Diff: 128, Sum: 190, Workers: 4
[265.607s][debug][gc,phases      ] GC(116)   JVMTI Tag Weak OopStorage      Min:  0.0, Avg:  0.0, Max:  0.0, Diff:  0.0, Sum:  0.0, Workers: 4
[265.607s][debug][gc,phases      ] GC(116)     Dead                           Min: 0, Avg:  0.0, Max: 0, Diff: 0, Sum: 0, Workers: 4
[265.607s][debug][gc,phases      ] GC(116)     Total                          Min: 0, Avg:  0.0, Max: 0, Diff: 0, Sum: 0, Workers: 4
[265.607s][debug][gc,phases      ] GC(116)   StringTable Weak               Min:  0.1, Avg:  0.1, Max:  0.1, Diff:  0.0, Sum:  0.4, Workers: 4
[265.607s][debug][gc,phases      ] GC(116)     Dead                           Min: 0, Avg:  0.0, Max: 0, Diff: 0, Sum: 0, Workers: 4
[265.607s][debug][gc,phases      ] GC(116)     Total                          Min: 11072, Avg: 11938.2, Max: 12544, Diff: 1472, Sum: 47753, Workers: 4
[265.607s][debug][gc,phases      ] GC(116)   ResolvedMethodTable Weak       Min:  0.0, Avg:  0.0, Max:  0.0, Diff:  0.0, Sum:  0.1, Workers: 4
[265.607s][debug][gc,phases      ] GC(116)     Dead                           Min: 0, Avg:  0.0, Max: 0, Diff: 0, Sum: 0, Workers: 4
[265.607s][debug][gc,phases      ] GC(116)     Total                          Min: 1856, Avg: 2018.8, Max: 2240, Diff: 384, Sum: 8075, Workers: 4
[265.607s][debug][gc,phases      ] GC(116)   JNI Weak                       Min:  0.0, Avg:  0.0, Max:  0.0, Diff:  0.0, Sum:  0.0, Workers: 4
[265.607s][debug][gc,phases      ] GC(116)     Dead                           Min: 0, Avg:  0.0, Max: 0, Diff: 0, Sum: 0, Workers: 4
[265.607s][debug][gc,phases      ] GC(116)     Total                          Min: 0, Avg:  0.0, Max: 0, Diff: 0, Sum: 0, Workers: 4
[265.607s][debug][gc,phases      ] GC(116)   StringDedup Table Weak         Min:  0.0, Avg:  0.0, Max:  0.0, Diff:  0.0, Sum:  0.0, Workers: 4
[265.607s][debug][gc,phases      ] GC(116)     Dead                           Min: 0, Avg:  0.0, Max: 0, Diff: 0, Sum: 0, Workers: 4
[265.607s][debug][gc,phases      ] GC(116)     Total                          Min: 0, Avg:  0.0, Max: 0, Diff: 0, Sum: 0, Workers: 4
[265.607s][debug][gc,phases      ] GC(116)   StringDedup Requests0 Weak     Min:  0.0, Avg:  0.0, Max:  0.0, Diff:  0.0, Sum:  0.0, Workers: 4
[265.607s][debug][gc,phases      ] GC(116)     Dead                           Min: 0, Avg:  0.0, Max: 0, Diff: 0, Sum: 0, Workers: 4
[265.607s][debug][gc,phases      ] GC(116)     Total                          Min: 0, Avg:  0.0, Max: 0, Diff: 0, Sum: 0, Workers: 4
[265.607s][debug][gc,phases      ] GC(116)   StringDedup Requests1 Weak     Min:  0.0, Avg:  0.0, Max:  0.0, Diff:  0.0, Sum:  0.0, Workers: 4
[265.607s][debug][gc,phases      ] GC(116)     Dead                           Min: 0, Avg:  0.0, Max: 0, Diff: 0, Sum: 0, Workers: 4
[265.607s][debug][gc,phases      ] GC(116)     Total                          Min: 0, Avg:  0.0, Max: 0, Diff: 0, Sum: 0, Workers: 4
[265.607s][debug][gc,phases      ] GC(116)   Weak JFR Old Object Samples    Min:  0.0, Avg:  0.0, Max:  0.0, Diff:  0.0, Sum:  0.0, Workers: 4
[265.607s][debug][gc,phases      ] GC(116)     Dead                           Min: 0, Avg:  0.0, Max: 0, Diff: 0, Sum: 0, Workers: 4
[265.607s][debug][gc,phases      ] GC(116)     Total                          Min: 0, Avg:  0.0, Max: 0, Diff: 0, Sum: 0, Workers: 4
[265.607s][debug][gc,phases      ] GC(116) Weak Processing 0.335ms
[265.607s][debug][gc,age         ] GC(116) Desired survivor size 93847552 bytes, new threshold 15 (max threshold 15)
[265.607s][info ][gc,heap        ] GC(116) PSYoungGen: 1968048K(1968128K)->51824K(2005504K) Eden: 1915904K(1915904K)->0K(1913856K) From: 52144K(52224K)->51824K(91648K)
[265.607s][info ][gc,heap        ] GC(116) ParOldGen: 502737K(575488K)->502745K(575488K)
[265.607s][info ][gc,metaspace   ] GC(116) Metaspace: 81122K(81920K)->81122K(81920K) NonClass: 69726K(70144K)->69726K(70144K) Class: 11395K(11776K)->11395K(11776K)
[265.607s][info ][gc             ] GC(116) Pause Young (Allocation Failure) 2412M->541M(2520M) 14.629ms
[265.607s][info ][gc,cpu         ] GC(116) User=0.05s Sys=0.00s Real=0.02s
[265.607s][info ][safepoint      ] Safepoint "ParallelGCFailedAllocation", Time since last: 834142701 ns, Reaching safepoint: 81102 ns, At safepoint: 14723791 ns, Total: 14804893 ns
[266.607s][info ][safepoint      ] Safepoint "Cleanup", Time since last: 1000088476 ns, Reaching safepoint: 63702 ns, At safepoint: 8300 ns, Total: 72002 ns
[269.263s][info ][safepoint      ] Safepoint "Cleanup", Time since last: 2656390683 ns, Reaching safepoint: 67501 ns, At safepoint: 7001 ns, Total: 74502 ns
[271.264s][info ][safepoint      ] Safepoint "Cleanup", Time since last: 2000179375 ns, Reaching safepoint: 81802 ns, At safepoint: 4900 ns, Total: 86702 ns
[274.264s][info ][safepoint      ] Safepoint "Cleanup", Time since last: 3000259244 ns, Reaching safepoint: 63201 ns, At safepoint: 6901 ns, Total: 70102 ns
[276.264s][info ][safepoint      ] Safepoint "Cleanup", Time since last: 2000187384 ns, Reaching safepoint: 81101 ns, At safepoint: 8501 ns, Total: 89602 ns
[277.742s][info ][gc,start       ] GC(117) Pause Young (Allocation Failure)
[277.755s][debug][gc,phases      ] GC(117) Scavenge 13.181ms
[277.755s][debug][gc,ref         ] GC(117) Skipped phase 1 of Reference Processing: no references
[277.755s][debug][gc,ref         ] GC(117) ReferenceProcessor::execute queues: 1, RefProcThreadModel::Single, marks_oops_alive: false
[277.755s][debug][gc,ref         ] GC(117) Skipped phase 3 of Reference Processing: no references
[277.755s][debug][gc,ref         ] GC(117) Skipped phase 4 of Reference Processing: no references
[277.755s][debug][gc,phases      ] GC(117) Reference Processing 0.131ms
[277.755s][debug][gc,phases      ] GC(117)   VM Weak                        Min:  0.0, Avg:  0.0, Max:  0.0, Diff:  0.0, Sum:  0.0, Workers: 4
[277.755s][debug][gc,phases      ] GC(117)     Dead                           Min: 0, Avg:  0.0, Max: 0, Diff: 0, Sum: 0, Workers: 4
[277.755s][debug][gc,phases      ] GC(117)     Total                          Min: 0, Avg: 164.5, Max: 256, Diff: 256, Sum: 658, Workers: 4
[277.755s][debug][gc,phases      ] GC(117)   ObjectSynchronizer Weak        Min:  0.0, Avg:  0.0, Max:  0.0, Diff:  0.0, Sum:  0.0, Workers: 4
[277.755s][debug][gc,phases      ] GC(117)     Dead                           Min: 0, Avg:  0.0, Max: 0, Diff: 0, Sum: 0, Workers: 4
[277.755s][debug][gc,phases      ] GC(117)     Total                          Min: 0, Avg: 47.5, Max: 64, Diff: 64, Sum: 190, Workers: 4
[277.755s][debug][gc,phases      ] GC(117)   JVMTI Tag Weak OopStorage      Min:  0.0, Avg:  0.0, Max:  0.0, Diff:  0.0, Sum:  0.0, Workers: 4
[277.755s][debug][gc,phases      ] GC(117)     Dead                           Min: 0, Avg:  0.0, Max: 0, Diff: 0, Sum: 0, Workers: 4
[277.755s][debug][gc,phases      ] GC(117)     Total                          Min: 0, Avg:  0.0, Max: 0, Diff: 0, Sum: 0, Workers: 4
[277.755s][debug][gc,phases      ] GC(117)   StringTable Weak               Min:  0.1, Avg:  0.1, Max:  0.1, Diff:  0.0, Sum:  0.5, Workers: 4
[277.755s][debug][gc,phases      ] GC(117)     Dead                           Min: 0, Avg:  0.0, Max: 0, Diff: 0, Sum: 0, Workers: 4
[277.756s][debug][gc,phases      ] GC(117)     Total                          Min: 11648, Avg: 11938.5, Max: 12170, Diff: 522, Sum: 47754, Workers: 4
[277.756s][debug][gc,phases      ] GC(117)   ResolvedMethodTable Weak       Min:  0.0, Avg:  0.0, Max:  0.0, Diff:  0.0, Sum:  0.1, Workers: 4
[277.756s][debug][gc,phases      ] GC(117)     Dead                           Min: 0, Avg:  0.0, Max: 0, Diff: 0, Sum: 0, Workers: 4
[277.756s][debug][gc,phases      ] GC(117)     Total                          Min: 1728, Avg: 2018.8, Max: 2187, Diff: 459, Sum: 8075, Workers: 4
[277.756s][debug][gc,phases      ] GC(117)   JNI Weak                       Min:  0.0, Avg:  0.0, Max:  0.0, Diff:  0.0, Sum:  0.0, Workers: 4
[277.756s][debug][gc,phases      ] GC(117)     Dead                           Min: 0, Avg:  0.0, Max: 0, Diff: 0, Sum: 0, Workers: 4
[277.756s][debug][gc,phases      ] GC(117)     Total                          Min: 0, Avg:  0.0, Max: 0, Diff: 0, Sum: 0, Workers: 4
[277.756s][debug][gc,phases      ] GC(117)   StringDedup Table Weak         Min:  0.0, Avg:  0.0, Max:  0.0, Diff:  0.0, Sum:  0.0, Workers: 4
[277.756s][debug][gc,phases      ] GC(117)     Dead                           Min: 0, Avg:  0.0, Max: 0, Diff: 0, Sum: 0, Workers: 4
[277.756s][debug][gc,phases      ] GC(117)     Total                          Min: 0, Avg:  0.0, Max: 0, Diff: 0, Sum: 0, Workers: 4
[277.756s][debug][gc,phases      ] GC(117)   StringDedup Requests0 Weak     Min:  0.0, Avg:  0.0, Max:  0.0, Diff:  0.0, Sum:  0.0, Workers: 4
[277.756s][debug][gc,phases      ] GC(117)     Dead                           Min: 0, Avg:  0.0, Max: 0, Diff: 0, Sum: 0, Workers: 4
[277.756s][debug][gc,phases      ] GC(117)     Total                          Min: 0, Avg:  0.0, Max: 0, Diff: 0, Sum: 0, Workers: 4
[277.756s][debug][gc,phases      ] GC(117)   StringDedup Requests1 Weak     Min:  0.0, Avg:  0.0, Max:  0.0, Diff:  0.0, Sum:  0.0, Workers: 4
[277.756s][debug][gc,phases      ] GC(117)     Dead                           Min: 0, Avg:  0.0, Max: 0, Diff: 0, Sum: 0, Workers: 4
[277.756s][debug][gc,phases      ] GC(117)     Total                          Min: 0, Avg:  0.0, Max: 0, Diff: 0, Sum: 0, Workers: 4
[277.756s][debug][gc,phases      ] GC(117)   Weak JFR Old Object Samples    Min:  0.0, Avg:  0.0, Max:  0.0, Diff:  0.0, Sum:  0.0, Workers: 4
[277.756s][debug][gc,phases      ] GC(117)     Dead                           Min: 0, Avg:  0.0, Max: 0, Diff: 0, Sum: 0, Workers: 4
[277.756s][debug][gc,phases      ] GC(117)     Total                          Min: 0, Avg:  0.0, Max: 0, Diff: 0, Sum: 0, Workers: 4
[277.756s][debug][gc,phases      ] GC(117) Weak Processing 0.371ms
[277.756s][debug][gc,age         ] GC(117) Desired survivor size 93847552 bytes, new threshold 15 (max threshold 15)
[277.756s][info ][gc,heap        ] GC(117) PSYoungGen: 1965680K(2005504K)->51344K(2005504K) Eden: 1913856K(1913856K)->0K(1913856K) From: 51824K(91648K)->51344K(91648K)
[277.756s][info ][gc,heap        ] GC(117) ParOldGen: 502745K(575488K)->502745K(575488K)
[277.756s][info ][gc,metaspace   ] GC(117) Metaspace: 81125K(81920K)->81125K(81920K) NonClass: 69730K(70144K)->69730K(70144K) Class: 11395K(11776K)->11395K(11776K)
[277.756s][info ][gc             ] GC(117) Pause Young (Allocation Failure) 2410M->541M(2520M) 13.834ms
[277.756s][info ][gc,cpu         ] GC(117) User=0.05s Sys=0.00s Real=0.02s
[277.756s][info ][safepoint      ] Safepoint "ParallelGCFailedAllocation", Time since last: 1477388867 ns, Reaching safepoint: 59101 ns, At safepoint: 13926074 ns, Total: 13985175 ns
[278.756s][info ][safepoint      ] Safepoint "Cleanup", Time since last: 1000088565 ns, Reaching safepoint: 141703 ns, At safepoint: 17400 ns, Total: 159103 ns
[278.943s][info ][safepoint      ] Safepoint "ICBufferFull", Time since last: 187352884 ns, Reaching safepoint: 144602 ns, At safepoint: 7300 ns, Total: 151902 ns
[279.027s][info ][safepoint      ] Safepoint "ICBufferFull", Time since last: 83287737 ns, Reaching safepoint: 143503 ns, At safepoint: 14700 ns, Total: 158203 ns
[279.028s][info ][safepoint      ] Safepoint "ICBufferFull", Time since last: 909818 ns, Reaching safepoint: 116003 ns, At safepoint: 7700 ns, Total: 123703 ns
[279.072s][info ][safepoint      ] Safepoint "ICBufferFull", Time since last: 44382872 ns, Reaching safepoint: 137603 ns, At safepoint: 11100 ns, Total: 148703 ns
[279.481s][info ][safepoint      ] Safepoint "ICBufferFull", Time since last: 408371725 ns, Reaching safepoint: 124103 ns, At safepoint: 7600 ns, Total: 131703 ns
[279.521s][info ][safepoint      ] Safepoint "ICBufferFull", Time since last: 39619779 ns, Reaching safepoint: 133902 ns, At safepoint: 11801 ns, Total: 145703 ns
[279.549s][info ][safepoint      ] Safepoint "ICBufferFull", Time since last: 28400858 ns, Reaching safepoint: 79201 ns, At safepoint: 17901 ns, Total: 97102 ns
[279.581s][info ][safepoint      ] Safepoint "ICBufferFull", Time since last: 31648822 ns, Reaching safepoint: 120902 ns, At safepoint: 6300 ns, Total: 127202 ns
[279.606s][info ][safepoint      ] Safepoint "ICBufferFull", Time since last: 24602584 ns, Reaching safepoint: 141002 ns, At safepoint: 14801 ns, Total: 155803 ns
[279.610s][info ][safepoint      ] Safepoint "ICBufferFull", Time since last: 4079980 ns, Reaching safepoint: 119602 ns, At safepoint: 11300 ns, Total: 130902 ns
[279.617s][info ][safepoint      ] Safepoint "ICBufferFull", Time since last: 6934737 ns, Reaching safepoint: 141002 ns, At safepoint: 9601 ns, Total: 150603 ns
[279.644s][info ][safepoint      ] Safepoint "ICBufferFull", Time since last: 26538021 ns, Reaching safepoint: 137703 ns, At safepoint: 12200 ns, Total: 149903 ns
[279.660s][info ][safepoint      ] Safepoint "ICBufferFull", Time since last: 16579126 ns, Reaching safepoint: 125902 ns, At safepoint: 8301 ns, Total: 134203 ns
[279.665s][info ][safepoint      ] Safepoint "ICBufferFull", Time since last: 3931577 ns, Reaching safepoint: 117202 ns, At safepoint: 6100 ns, Total: 123302 ns
[279.665s][info ][safepoint      ] Safepoint "ICBufferFull", Time since last: 833617 ns, Reaching safepoint: 95802 ns, At safepoint: 7200 ns, Total: 103002 ns
[279.666s][info ][safepoint      ] Safepoint "ICBufferFull", Time since last: 697413 ns, Reaching safepoint: 34401 ns, At safepoint: 4400 ns, Total: 38801 ns
[279.670s][info ][safepoint      ] Safepoint "ICBufferFull", Time since last: 4081380 ns, Reaching safepoint: 118203 ns, At safepoint: 7100 ns, Total: 125303 ns
[279.671s][info ][safepoint      ] Safepoint "ICBufferFull", Time since last: 768415 ns, Reaching safepoint: 42201 ns, At safepoint: 2700 ns, Total: 44901 ns
[279.672s][info ][safepoint      ] Safepoint "ICBufferFull", Time since last: 610812 ns, Reaching safepoint: 33400 ns, At safepoint: 5901 ns, Total: 39301 ns
[279.679s][info ][safepoint      ] Safepoint "ICBufferFull", Time since last: 7264942 ns, Reaching safepoint: 127003 ns, At safepoint: 13100 ns, Total: 140103 ns
[279.734s][info ][safepoint      ] Safepoint "ICBufferFull", Time since last: 54142864 ns, Reaching safepoint: 133703 ns, At safepoint: 5600 ns, Total: 139303 ns
[279.764s][info ][safepoint      ] Safepoint "ICBufferFull", Time since last: 30065191 ns, Reaching safepoint: 109502 ns, At safepoint: 6000 ns, Total: 115502 ns
[279.795s][info ][safepoint      ] Safepoint "ICBufferFull", Time since last: 31583521 ns, Reaching safepoint: 132902 ns, At safepoint: 9900 ns, Total: 142802 ns
[279.832s][info ][safepoint      ] Safepoint "ICBufferFull", Time since last: 36493718 ns, Reaching safepoint: 112802 ns, At safepoint: 10600 ns, Total: 123402 ns
[279.864s][info ][safepoint      ] Safepoint "ICBufferFull", Time since last: 32222333 ns, Reaching safepoint: 115803 ns, At safepoint: 11000 ns, Total: 126803 ns
[279.879s][info ][safepoint      ] Safepoint "ICBufferFull", Time since last: 14490285 ns, Reaching safepoint: 117402 ns, At safepoint: 7500 ns, Total: 124902 ns
[279.880s][info ][safepoint      ] Safepoint "ICBufferFull", Time since last: 782715 ns, Reaching safepoint: 72702 ns, At safepoint: 5900 ns, Total: 78602 ns
[279.881s][info ][safepoint      ] Safepoint "ICBufferFull", Time since last: 559211 ns, Reaching safepoint: 96502 ns, At safepoint: 5200 ns, Total: 101702 ns
[279.881s][info ][safepoint      ] Safepoint "ICBufferFull", Time since last: 647513 ns, Reaching safepoint: 28300 ns, At safepoint: 1800 ns, Total: 30100 ns
[279.913s][info ][safepoint      ] Safepoint "ICBufferFull", Time since last: 32101731 ns, Reaching safepoint: 118603 ns, At safepoint: 7200 ns, Total: 125803 ns
[279.941s][info ][safepoint      ] Safepoint "ICBufferFull", Time since last: 27146833 ns, Reaching safepoint: 124903 ns, At safepoint: 7900 ns, Total: 132803 ns
[279.952s][info ][gc,start       ] GC(118) Pause Young (Allocation Failure)
[279.977s][debug][gc,phases      ] GC(118) Scavenge 25.412ms
[279.977s][debug][gc,ref         ] GC(118) Skipped phase 1 of Reference Processing: no references
[279.978s][debug][gc,ref         ] GC(118) ReferenceProcessor::execute queues: 1, RefProcThreadModel::Single, marks_oops_alive: false
[279.978s][debug][gc,ref         ] GC(118) Skipped phase 3 of Reference Processing: no references
[279.978s][debug][gc,ref         ] GC(118) ReferenceProcessor::execute queues: 1, RefProcThreadModel::Single, marks_oops_alive: false
[279.978s][debug][gc,phases      ] GC(118) Reference Processing 0.146ms
[279.978s][debug][gc,phases      ] GC(118)   VM Weak                        Min:  0.0, Avg:  0.0, Max:  0.0, Diff:  0.0, Sum:  0.0, Workers: 4
[279.978s][debug][gc,phases      ] GC(118)     Dead                           Min: 0, Avg:  0.0, Max: 0, Diff: 0, Sum: 0, Workers: 4
[279.978s][debug][gc,phases      ] GC(118)     Total                          Min: 0, Avg: 164.5, Max: 658, Diff: 658, Sum: 658, Workers: 4
[279.978s][debug][gc,phases      ] GC(118)   ObjectSynchronizer Weak        Min:  0.0, Avg:  0.0, Max:  0.0, Diff:  0.0, Sum:  0.0, Workers: 4
[279.978s][debug][gc,phases      ] GC(118)     Dead                           Min: 0, Avg:  0.0, Max: 0, Diff: 0, Sum: 0, Workers: 4
[279.978s][debug][gc,phases      ] GC(118)     Total                          Min: 0, Avg: 47.5, Max: 190, Diff: 190, Sum: 190, Workers: 4
[279.978s][debug][gc,phases      ] GC(118)   JVMTI Tag Weak OopStorage      Min:  0.0, Avg:  0.0, Max:  0.0, Diff:  0.0, Sum:  0.0, Workers: 4
[279.978s][debug][gc,phases      ] GC(118)     Dead                           Min: 0, Avg:  0.0, Max: 0, Diff: 0, Sum: 0, Workers: 4
[279.978s][debug][gc,phases      ] GC(118)     Total                          Min: 0, Avg:  0.0, Max: 0, Diff: 0, Sum: 0, Workers: 4
[279.978s][debug][gc,phases      ] GC(118)   StringTable Weak               Min:  0.1, Avg:  0.1, Max:  0.1, Diff:  0.0, Sum:  0.5, Workers: 4
[279.978s][debug][gc,phases      ] GC(118)     Dead                           Min: 0, Avg:  0.0, Max: 0, Diff: 0, Sum: 0, Workers: 4
[279.978s][debug][gc,phases      ] GC(118)     Total                          Min: 11712, Avg: 11949.5, Max: 12288, Diff: 576, Sum: 47798, Workers: 4
[279.978s][debug][gc,phases      ] GC(118)   ResolvedMethodTable Weak       Min:  0.0, Avg:  0.0, Max:  0.0, Diff:  0.0, Sum:  0.2, Workers: 4
[279.978s][debug][gc,phases      ] GC(118)     Dead                           Min: 0, Avg:  0.0, Max: 0, Diff: 0, Sum: 0, Workers: 4
[279.978s][debug][gc,phases      ] GC(118)     Total                          Min: 1792, Avg: 2033.5, Max: 2118, Diff: 326, Sum: 8134, Workers: 4
[279.978s][debug][gc,phases      ] GC(118)   JNI Weak                       Min:  0.0, Avg:  0.0, Max:  0.0, Diff:  0.0, Sum:  0.0, Workers: 4
[279.978s][debug][gc,phases      ] GC(118)     Dead                           Min: 0, Avg:  0.0, Max: 0, Diff: 0, Sum: 0, Workers: 4
[279.978s][debug][gc,phases      ] GC(118)     Total                          Min: 0, Avg:  0.0, Max: 0, Diff: 0, Sum: 0, Workers: 4
[279.978s][debug][gc,phases      ] GC(118)   StringDedup Table Weak         Min:  0.0, Avg:  0.0, Max:  0.0, Diff:  0.0, Sum:  0.0, Workers: 4
[279.978s][debug][gc,phases      ] GC(118)     Dead                           Min: 0, Avg:  0.0, Max: 0, Diff: 0, Sum: 0, Workers: 4
[279.978s][debug][gc,phases      ] GC(118)     Total                          Min: 0, Avg:  0.0, Max: 0, Diff: 0, Sum: 0, Workers: 4
[279.978s][debug][gc,phases      ] GC(118)   StringDedup Requests0 Weak     Min:  0.0, Avg:  0.0, Max:  0.0, Diff:  0.0, Sum:  0.0, Workers: 4
[279.978s][debug][gc,phases      ] GC(118)     Dead                           Min: 0, Avg:  0.0, Max: 0, Diff: 0, Sum: 0, Workers: 4
[279.978s][debug][gc,phases      ] GC(118)     Total                          Min: 0, Avg:  0.0, Max: 0, Diff: 0, Sum: 0, Workers: 4
[279.978s][debug][gc,phases      ] GC(118)   StringDedup Requests1 Weak     Min:  0.0, Avg:  0.0, Max:  0.0, Diff:  0.0, Sum:  0.0, Workers: 4
[279.978s][debug][gc,phases      ] GC(118)     Dead                           Min: 0, Avg:  0.0, Max: 0, Diff: 0, Sum: 0, Workers: 4
[279.978s][debug][gc,phases      ] GC(118)     Total                          Min: 0, Avg:  0.0, Max: 0, Diff: 0, Sum: 0, Workers: 4
[279.978s][debug][gc,phases      ] GC(118)   Weak JFR Old Object Samples    Min:  0.0, Avg:  0.0, Max:  0.0, Diff:  0.0, Sum:  0.0, Workers: 4
[279.978s][debug][gc,phases      ] GC(118)     Dead                           Min: 0, Avg:  0.0, Max: 0, Diff: 0, Sum: 0, Workers: 4
[279.978s][debug][gc,phases      ] GC(118)     Total                          Min: 0, Avg:  0.0, Max: 0, Diff: 0, Sum: 0, Workers: 4
[279.978s][debug][gc,phases      ] GC(118) Weak Processing 0.353ms
[279.978s][debug][gc,age         ] GC(118) Desired survivor size 107479040 bytes, new threshold 15 (max threshold 15)
[279.978s][info ][gc,heap        ] GC(118) PSYoungGen: 1965200K(2005504K)->89552K(1978880K) Eden: 1913856K(1913856K)->0K(1887232K) From: 51344K(91648K)->89552K(91648K)
[279.978s][info ][gc,heap        ] GC(118) ParOldGen: 502745K(575488K)->502753K(575488K)
[279.978s][info ][gc,metaspace   ] GC(118) Metaspace: 81278K(82048K)->81278K(82048K) NonClass: 69860K(70272K)->69860K(70272K) Class: 11418K(11776K)->11418K(11776K)
[279.978s][info ][gc             ] GC(118) Pause Young (Allocation Failure) 2410M->578M(2494M) 26.055ms
[279.978s][info ][gc,cpu         ] GC(118) User=0.10s Sys=0.00s Real=0.03s
[279.978s][info ][safepoint      ] Safepoint "ParallelGCFailedAllocation", Time since last: 11010616 ns, Reaching safepoint: 106302 ns, At safepoint: 26139314 ns, Total: 26245616 ns
[280.001s][info ][safepoint      ] Safepoint "ICBufferFull", Time since last: 23194255 ns, Reaching safepoint: 119303 ns, At safepoint: 7300 ns, Total: 126603 ns
[280.025s][info ][safepoint      ] Safepoint "ICBufferFull", Time since last: 23281857 ns, Reaching safepoint: 110002 ns, At safepoint: 11200 ns, Total: 121202 ns
[281.025s][info ][safepoint      ] Safepoint "Cleanup", Time since last: 1000119145 ns, Reaching safepoint: 60902 ns, At safepoint: 3600 ns, Total: 64502 ns
[282.025s][info ][safepoint      ] Safepoint "Cleanup", Time since last: 1000101535 ns, Reaching safepoint: 55902 ns, At safepoint: 7000 ns, Total: 62902 ns
[283.025s][info ][safepoint      ] Safepoint "Cleanup", Time since last: 1000121227 ns, Reaching safepoint: 60501 ns, At safepoint: 4000 ns, Total: 64501 ns
[284.025s][info ][safepoint      ] Safepoint "Cleanup", Time since last: 1000127518 ns, Reaching safepoint: 70802 ns, At safepoint: 11300 ns, Total: 82102 ns
[285.026s][info ][safepoint      ] Safepoint "Cleanup", Time since last: 1000130909 ns, Reaching safepoint: 151403 ns, At safepoint: 10101 ns, Total: 161504 ns
[286.026s][info ][safepoint      ] Safepoint "Cleanup", Time since last: 1000116400 ns, Reaching safepoint: 49601 ns, At safepoint: 3700 ns, Total: 53301 ns
[287.026s][info ][safepoint      ] Safepoint "Cleanup", Time since last: 1000101991 ns, Reaching safepoint: 53601 ns, At safepoint: 4700 ns, Total: 58301 ns
[288.026s][info ][safepoint      ] Safepoint "Cleanup", Time since last: 1000128283 ns, Reaching safepoint: 86801 ns, At safepoint: 25701 ns, Total: 112502 ns
[289.027s][info ][safepoint      ] Safepoint "Cleanup", Time since last: 1000125774 ns, Reaching safepoint: 61101 ns, At safepoint: 7600 ns, Total: 68701 ns
[289.263s][info ][gc,start       ] GC(119) Pause Young (Allocation Failure)
[289.280s][debug][gc,phases      ] GC(119) Scavenge 17.291ms
[289.280s][debug][gc,ref         ] GC(119) Skipped phase 1 of Reference Processing: no references
[289.280s][debug][gc,ref         ] GC(119) ReferenceProcessor::execute queues: 1, RefProcThreadModel::Single, marks_oops_alive: false
[289.280s][debug][gc,ref         ] GC(119) Skipped phase 3 of Reference Processing: no references
[289.280s][debug][gc,ref         ] GC(119) ReferenceProcessor::execute queues: 1, RefProcThreadModel::Single, marks_oops_alive: false
[289.280s][debug][gc,phases      ] GC(119) Reference Processing 0.120ms
[289.281s][debug][gc,phases      ] GC(119)   VM Weak                        Min:  0.0, Avg:  0.0, Max:  0.0, Diff:  0.0, Sum:  0.0, Workers: 4
[289.281s][debug][gc,phases      ] GC(119)     Dead                           Min: 0, Avg:  0.0, Max: 0, Diff: 0, Sum: 0, Workers: 4
[289.281s][debug][gc,phases      ] GC(119)     Total                          Min: 0, Avg: 164.5, Max: 512, Diff: 512, Sum: 658, Workers: 4
[289.281s][debug][gc,phases      ] GC(119)   ObjectSynchronizer Weak        Min:  0.0, Avg:  0.0, Max:  0.0, Diff:  0.0, Sum:  0.0, Workers: 4
[289.281s][debug][gc,phases      ] GC(119)     Dead                           Min: 0, Avg:  0.0, Max: 0, Diff: 0, Sum: 0, Workers: 4
[289.281s][debug][gc,phases      ] GC(119)     Total                          Min: 0, Avg: 47.5, Max: 126, Diff: 126, Sum: 190, Workers: 4
[289.281s][debug][gc,phases      ] GC(119)   JVMTI Tag Weak OopStorage      Min:  0.0, Avg:  0.0, Max:  0.0, Diff:  0.0, Sum:  0.0, Workers: 4
[289.281s][debug][gc,phases      ] GC(119)     Dead                           Min: 0, Avg:  0.0, Max: 0, Diff: 0, Sum: 0, Workers: 4
[289.281s][debug][gc,phases      ] GC(119)     Total                          Min: 0, Avg:  0.0, Max: 0, Diff: 0, Sum: 0, Workers: 4
[289.281s][debug][gc,phases      ] GC(119)   StringTable Weak               Min:  0.1, Avg:  0.1, Max:  0.1, Diff:  0.0, Sum:  0.4, Workers: 4
[289.281s][debug][gc,phases      ] GC(119)     Dead                           Min: 0, Avg:  0.0, Max: 0, Diff: 0, Sum: 0, Workers: 4
[289.281s][debug][gc,phases      ] GC(119)     Total                          Min: 11008, Avg: 11954.0, Max: 12552, Diff: 1544, Sum: 47816, Workers: 4
[289.281s][debug][gc,phases      ] GC(119)   ResolvedMethodTable Weak       Min:  0.0, Avg:  0.0, Max:  0.0, Diff:  0.0, Sum:  0.1, Workers: 4
[289.281s][debug][gc,phases      ] GC(119)     Dead                           Min: 0, Avg:  0.0, Max: 0, Diff: 0, Sum: 0, Workers: 4
[289.281s][debug][gc,phases      ] GC(119)     Total                          Min: 1856, Avg: 2033.5, Max: 2176, Diff: 320, Sum: 8134, Workers: 4
[289.281s][debug][gc,phases      ] GC(119)   JNI Weak                       Min:  0.0, Avg:  0.0, Max:  0.0, Diff:  0.0, Sum:  0.0, Workers: 4
[289.281s][debug][gc,phases      ] GC(119)     Dead                           Min: 0, Avg:  0.0, Max: 0, Diff: 0, Sum: 0, Workers: 4
[289.281s][debug][gc,phases      ] GC(119)     Total                          Min: 0, Avg:  0.0, Max: 0, Diff: 0, Sum: 0, Workers: 4
[289.281s][debug][gc,phases      ] GC(119)   StringDedup Table Weak         Min:  0.0, Avg:  0.0, Max:  0.0, Diff:  0.0, Sum:  0.0, Workers: 4
[289.281s][debug][gc,phases      ] GC(119)     Dead                           Min: 0, Avg:  0.0, Max: 0, Diff: 0, Sum: 0, Workers: 4
[289.281s][debug][gc,phases      ] GC(119)     Total                          Min: 0, Avg:  0.0, Max: 0, Diff: 0, Sum: 0, Workers: 4
[289.281s][debug][gc,phases      ] GC(119)   StringDedup Requests0 Weak     Min:  0.0, Avg:  0.0, Max:  0.0, Diff:  0.0, Sum:  0.0, Workers: 4
[289.281s][debug][gc,phases      ] GC(119)     Dead                           Min: 0, Avg:  0.0, Max: 0, Diff: 0, Sum: 0, Workers: 4
[289.281s][debug][gc,phases      ] GC(119)     Total                          Min: 0, Avg:  0.0, Max: 0, Diff: 0, Sum: 0, Workers: 4
[289.281s][debug][gc,phases      ] GC(119)   StringDedup Requests1 Weak     Min:  0.0, Avg:  0.0, Max:  0.0, Diff:  0.0, Sum:  0.0, Workers: 4
[289.281s][debug][gc,phases      ] GC(119)     Dead                           Min: 0, Avg:  0.0, Max: 0, Diff: 0, Sum: 0, Workers: 4
[289.281s][debug][gc,phases      ] GC(119)     Total                          Min: 0, Avg:  0.0, Max: 0, Diff: 0, Sum: 0, Workers: 4
[289.281s][debug][gc,phases      ] GC(119)   Weak JFR Old Object Samples    Min:  0.0, Avg:  0.0, Max:  0.0, Diff:  0.0, Sum:  0.0, Workers: 4
[289.281s][debug][gc,phases      ] GC(119)     Dead                           Min: 0, Avg:  0.0, Max: 0, Diff: 0, Sum: 0, Workers: 4
[289.281s][debug][gc,phases      ] GC(119)     Total                          Min: 0, Avg:  0.0, Max: 0, Diff: 0, Sum: 0, Workers: 4
[289.281s][debug][gc,phases      ] GC(119) Weak Processing 0.325ms
[289.281s][debug][gc,age         ] GC(119) Desired survivor size 112721920 bytes, new threshold 15 (max threshold 15)
[289.281s][info ][gc,heap        ] GC(119) PSYoungGen: 1976784K(1978880K)->74872K(1962496K) Eden: 1887232K(1887232K)->0K(1887232K) From: 89552K(91648K)->74872K(75264K)
[289.281s][info ][gc,heap        ] GC(119) ParOldGen: 502753K(575488K)->502761K(575488K)
[289.281s][info ][gc,metaspace   ] GC(119) Metaspace: 81290K(82048K)->81290K(82048K) NonClass: 69871K(70272K)->69871K(70272K) Class: 11418K(11776K)->11418K(11776K)
[289.281s][info ][gc             ] GC(119) Pause Young (Allocation Failure) 2421M->564M(2478M) 17.885ms
[289.281s][info ][gc,cpu         ] GC(119) User=0.07s Sys=0.00s Real=0.02s
[289.281s][info ][safepoint      ] Safepoint "ParallelGCFailedAllocation", Time since last: 236257022 ns, Reaching safepoint: 30700 ns, At safepoint: 17965952 ns, Total: 17996652 ns
[292.281s][info ][safepoint      ] Safepoint "Cleanup", Time since last: 3000217658 ns, Reaching safepoint: 54401 ns, At safepoint: 8200 ns, Total: 62601 ns
[294.281s][info ][safepoint      ] Safepoint "Cleanup", Time since last: 2000191563 ns, Reaching safepoint: 55401 ns, At safepoint: 7200 ns, Total: 62601 ns
[299.282s][info ][safepoint      ] Safepoint "Cleanup", Time since last: 5000322200 ns, Reaching safepoint: 97002 ns, At safepoint: 8600 ns, Total: 105602 ns
[300.282s][info ][safepoint      ] Safepoint "Cleanup", Time since last: 1000104975 ns, Reaching safepoint: 50301 ns, At safepoint: 3100 ns, Total: 53401 ns
[300.292s][info ][gc,start       ] GC(120) Pause Young (Allocation Failure)
[300.313s][debug][gc,phases      ] GC(120) Scavenge 20.997ms
[300.313s][debug][gc,ref         ] GC(120) Skipped phase 1 of Reference Processing: no references
[300.313s][debug][gc,ref         ] GC(120) ReferenceProcessor::execute queues: 1, RefProcThreadModel::Single, marks_oops_alive: false
[300.313s][debug][gc,ref         ] GC(120) Skipped phase 3 of Reference Processing: no references
[300.313s][debug][gc,ref         ] GC(120) ReferenceProcessor::execute queues: 1, RefProcThreadModel::Single, marks_oops_alive: false
[300.313s][debug][gc,phases      ] GC(120) Reference Processing 0.144ms
[300.313s][debug][gc,phases      ] GC(120)   VM Weak                        Min:  0.0, Avg:  0.0, Max:  0.0, Diff:  0.0, Sum:  0.0, Workers: 4
[300.313s][debug][gc,phases      ] GC(120)     Dead                           Min: 0, Avg:  0.0, Max: 0, Diff: 0, Sum: 0, Workers: 4
[300.313s][debug][gc,phases      ] GC(120)     Total                          Min: 0, Avg: 164.5, Max: 338, Diff: 338, Sum: 658, Workers: 4
[300.313s][debug][gc,phases      ] GC(120)   ObjectSynchronizer Weak        Min:  0.0, Avg:  0.0, Max:  0.0, Diff:  0.0, Sum:  0.0, Workers: 4
[300.313s][debug][gc,phases      ] GC(120)     Dead                           Min: 0, Avg:  0.0, Max: 0, Diff: 0, Sum: 0, Workers: 4
[300.313s][debug][gc,phases      ] GC(120)     Total                          Min: 0, Avg: 47.5, Max: 126, Diff: 126, Sum: 190, Workers: 4
[300.313s][debug][gc,phases      ] GC(120)   JVMTI Tag Weak OopStorage      Min:  0.0, Avg:  0.0, Max:  0.0, Diff:  0.0, Sum:  0.0, Workers: 4
[300.313s][debug][gc,phases      ] GC(120)     Dead                           Min: 0, Avg:  0.0, Max: 0, Diff: 0, Sum: 0, Workers: 4
[300.313s][debug][gc,phases      ] GC(120)     Total                          Min: 0, Avg:  0.0, Max: 0, Diff: 0, Sum: 0, Workers: 4
[300.313s][debug][gc,phases      ] GC(120)   StringTable Weak               Min:  0.1, Avg:  0.1, Max:  0.1, Diff:  0.0, Sum:  0.5, Workers: 4
[300.313s][debug][gc,phases      ] GC(120)     Dead                           Min: 0, Avg:  0.0, Max: 0, Diff: 0, Sum: 0, Workers: 4
[300.313s][debug][gc,phases      ] GC(120)     Total                          Min: 11533, Avg: 11955.2, Max: 12480, Diff: 947, Sum: 47821, Workers: 4
[300.313s][debug][gc,phases      ] GC(120)   ResolvedMethodTable Weak       Min:  0.0, Avg:  0.0, Max:  0.0, Diff:  0.0, Sum:  0.1, Workers: 4
[300.313s][debug][gc,phases      ] GC(120)     Dead                           Min: 0, Avg:  0.0, Max: 0, Diff: 0, Sum: 0, Workers: 4
[300.313s][debug][gc,phases      ] GC(120)     Total                          Min: 1856, Avg: 2033.5, Max: 2182, Diff: 326, Sum: 8134, Workers: 4
[300.313s][debug][gc,phases      ] GC(120)   JNI Weak                       Min:  0.0, Avg:  0.0, Max:  0.0, Diff:  0.0, Sum:  0.0, Workers: 4
[300.313s][debug][gc,phases      ] GC(120)     Dead                           Min: 0, Avg:  0.0, Max: 0, Diff: 0, Sum: 0, Workers: 4
[300.313s][debug][gc,phases      ] GC(120)     Total                          Min: 0, Avg:  0.0, Max: 0, Diff: 0, Sum: 0, Workers: 4
[300.313s][debug][gc,phases      ] GC(120)   StringDedup Table Weak         Min:  0.0, Avg:  0.0, Max:  0.0, Diff:  0.0, Sum:  0.0, Workers: 4
[300.313s][debug][gc,phases      ] GC(120)     Dead                           Min: 0, Avg:  0.0, Max: 0, Diff: 0, Sum: 0, Workers: 4
[300.313s][debug][gc,phases      ] GC(120)     Total                          Min: 0, Avg:  0.0, Max: 0, Diff: 0, Sum: 0, Workers: 4
[300.313s][debug][gc,phases      ] GC(120)   StringDedup Requests0 Weak     Min:  0.0, Avg:  0.0, Max:  0.0, Diff:  0.0, Sum:  0.0, Workers: 4
[300.313s][debug][gc,phases      ] GC(120)     Dead                           Min: 0, Avg:  0.0, Max: 0, Diff: 0, Sum: 0, Workers: 4
[300.313s][debug][gc,phases      ] GC(120)     Total                          Min: 0, Avg:  0.0, Max: 0, Diff: 0, Sum: 0, Workers: 4
[300.313s][debug][gc,phases      ] GC(120)   StringDedup Requests1 Weak     Min:  0.0, Avg:  0.0, Max:  0.0, Diff:  0.0, Sum:  0.0, Workers: 4
[300.313s][debug][gc,phases      ] GC(120)     Dead                           Min: 0, Avg:  0.0, Max: 0, Diff: 0, Sum: 0, Workers: 4
[300.313s][debug][gc,phases      ] GC(120)     Total                          Min: 0, Avg:  0.0, Max: 0, Diff: 0, Sum: 0, Workers: 4
[300.313s][debug][gc,phases      ] GC(120)   Weak JFR Old Object Samples    Min:  0.0, Avg:  0.0, Max:  0.0, Diff:  0.0, Sum:  0.0, Workers: 4
[300.313s][debug][gc,phases      ] GC(120)     Dead                           Min: 0, Avg:  0.0, Max: 0, Diff: 0, Sum: 0, Workers: 4
[300.313s][debug][gc,phases      ] GC(120)     Total                          Min: 0, Avg:  0.0, Max: 0, Diff: 0, Sum: 0, Workers: 4
[300.313s][debug][gc,phases      ] GC(120) Weak Processing 0.341ms
[300.314s][debug][gc,age         ] GC(120) Desired survivor size 115867648 bytes, new threshold 15 (max threshold 15)
[300.314s][info ][gc,heap        ] GC(120) PSYoungGen: 1962104K(1962496K)->72216K(1980928K) Eden: 1887232K(1887232K)->0K(1870848K) From: 74872K(75264K)->72216K(110080K)
[300.314s][info ][gc,heap        ] GC(120) ParOldGen: 502761K(575488K)->502761K(575488K)
[300.314s][info ][gc,metaspace   ] GC(120) Metaspace: 81290K(82048K)->81290K(82048K) NonClass: 69872K(70272K)->69872K(70272K) Class: 11418K(11776K)->11418K(11776K)
[300.314s][info ][gc             ] GC(120) Pause Young (Allocation Failure) 2407M->561M(2496M) 21.625ms
[300.314s][info ][gc,cpu         ] GC(120) User=0.09s Sys=0.00s Real=0.02s
[300.314s][info ][safepoint      ] Safepoint "ParallelGCFailedAllocation", Time since last: 9917993 ns, Reaching safepoint: 53801 ns, At safepoint: 21717623 ns, Total: 21771424 ns
[301.601s][info ][safepoint      ] Safepoint "Cleanup", Time since last: 1286939347 ns, Reaching safepoint: 73601 ns, At safepoint: 10201 ns, Total: 83802 ns
[302.601s][info ][safepoint      ] Safepoint "Cleanup", Time since last: 1000112154 ns, Reaching safepoint: 48101 ns, At safepoint: 3300 ns, Total: 51401 ns
[303.601s][info ][safepoint      ] Safepoint "Cleanup", Time since last: 1000076846 ns, Reaching safepoint: 50801 ns, At safepoint: 6600 ns, Total: 57401 ns
[304.601s][info ][safepoint      ] Safepoint "Cleanup", Time since last: 1000128438 ns, Reaching safepoint: 58401 ns, At safepoint: 4400 ns, Total: 62801 ns
[307.601s][info ][safepoint      ] Safepoint "Cleanup", Time since last: 3000293161 ns, Reaching safepoint: 52901 ns, At safepoint: 3200 ns, Total: 56101 ns
[308.602s][info ][safepoint      ] Safepoint "Cleanup", Time since last: 1000116603 ns, Reaching safepoint: 53401 ns, At safepoint: 7100 ns, Total: 60501 ns
[310.602s][info ][safepoint      ] Safepoint "Cleanup", Time since last: 2000174680 ns, Reaching safepoint: 168204 ns, At safepoint: 34200 ns, Total: 202404 ns
[310.794s][info ][gc,start       ] GC(121) Pause Young (Allocation Failure)
[310.811s][debug][gc,phases      ] GC(121) Scavenge 16.467ms
[310.811s][debug][gc,ref         ] GC(121) Skipped phase 1 of Reference Processing: no references
[310.811s][debug][gc,ref         ] GC(121) ReferenceProcessor::execute queues: 1, RefProcThreadModel::Single, marks_oops_alive: false
[310.811s][debug][gc,ref         ] GC(121) Skipped phase 3 of Reference Processing: no references
[310.811s][debug][gc,ref         ] GC(121) ReferenceProcessor::execute queues: 1, RefProcThreadModel::Single, marks_oops_alive: false
[310.811s][debug][gc,phases      ] GC(121) Reference Processing 0.130ms
[310.811s][debug][gc,phases      ] GC(121)   VM Weak                        Min:  0.0, Avg:  0.0, Max:  0.0, Diff:  0.0, Sum:  0.0, Workers: 4
[310.811s][debug][gc,phases      ] GC(121)     Dead                           Min: 0, Avg:  0.0, Max: 0, Diff: 0, Sum: 0, Workers: 4
[310.811s][debug][gc,phases      ] GC(121)     Total                          Min: 0, Avg: 164.5, Max: 384, Diff: 384, Sum: 658, Workers: 4
[310.811s][debug][gc,phases      ] GC(121)   ObjectSynchronizer Weak        Min:  0.0, Avg:  0.0, Max:  0.0, Diff:  0.0, Sum:  0.0, Workers: 4
[310.811s][debug][gc,phases      ] GC(121)     Dead                           Min: 0, Avg:  0.0, Max: 0, Diff: 0, Sum: 0, Workers: 4
[310.811s][debug][gc,phases      ] GC(121)     Total                          Min: 0, Avg: 47.5, Max: 64, Diff: 64, Sum: 190, Workers: 4
[310.811s][debug][gc,phases      ] GC(121)   JVMTI Tag Weak OopStorage      Min:  0.0, Avg:  0.0, Max:  0.0, Diff:  0.0, Sum:  0.0, Workers: 4
[310.811s][debug][gc,phases      ] GC(121)     Dead                           Min: 0, Avg:  0.0, Max: 0, Diff: 0, Sum: 0, Workers: 4
[310.811s][debug][gc,phases      ] GC(121)     Total                          Min: 0, Avg:  0.0, Max: 0, Diff: 0, Sum: 0, Workers: 4
[310.811s][debug][gc,phases      ] GC(121)   StringTable Weak               Min:  0.1, Avg:  0.1, Max:  0.1, Diff:  0.0, Sum:  0.5, Workers: 4
[310.811s][debug][gc,phases      ] GC(121)     Dead                           Min: 0, Avg:  0.0, Max: 0, Diff: 0, Sum: 0, Workers: 4
[310.811s][debug][gc,phases      ] GC(121)     Total                          Min: 11328, Avg: 11955.2, Max: 13056, Diff: 1728, Sum: 47821, Workers: 4
[310.811s][debug][gc,phases      ] GC(121)   ResolvedMethodTable Weak       Min:  0.0, Avg:  0.0, Max:  0.0, Diff:  0.0, Sum:  0.1, Workers: 4
[310.811s][debug][gc,phases      ] GC(121)     Dead                           Min: 0, Avg:  0.2, Max: 1, Diff: 1, Sum: 1, Workers: 4
[310.811s][debug][gc,phases      ] GC(121)     Total                          Min: 1792, Avg: 2033.5, Max: 2240, Diff: 448, Sum: 8134, Workers: 4
[310.811s][debug][gc,phases      ] GC(121)   JNI Weak                       Min:  0.0, Avg:  0.0, Max:  0.0, Diff:  0.0, Sum:  0.0, Workers: 4
[310.811s][debug][gc,phases      ] GC(121)     Dead                           Min: 0, Avg:  0.0, Max: 0, Diff: 0, Sum: 0, Workers: 4
[310.811s][debug][gc,phases      ] GC(121)     Total                          Min: 0, Avg:  0.0, Max: 0, Diff: 0, Sum: 0, Workers: 4
[310.811s][debug][gc,phases      ] GC(121)   StringDedup Table Weak         Min:  0.0, Avg:  0.0, Max:  0.0, Diff:  0.0, Sum:  0.0, Workers: 4
[310.811s][debug][gc,phases      ] GC(121)     Dead                           Min: 0, Avg:  0.0, Max: 0, Diff: 0, Sum: 0, Workers: 4
[310.811s][debug][gc,phases      ] GC(121)     Total                          Min: 0, Avg:  0.0, Max: 0, Diff: 0, Sum: 0, Workers: 4
[310.811s][debug][gc,phases      ] GC(121)   StringDedup Requests0 Weak     Min:  0.0, Avg:  0.0, Max:  0.0, Diff:  0.0, Sum:  0.0, Workers: 4
[310.811s][debug][gc,phases      ] GC(121)     Dead                           Min: 0, Avg:  0.0, Max: 0, Diff: 0, Sum: 0, Workers: 4
[310.811s][debug][gc,phases      ] GC(121)     Total                          Min: 0, Avg:  0.0, Max: 0, Diff: 0, Sum: 0, Workers: 4
[310.811s][debug][gc,phases      ] GC(121)   StringDedup Requests1 Weak     Min:  0.0, Avg:  0.0, Max:  0.0, Diff:  0.0, Sum:  0.0, Workers: 4
[310.811s][debug][gc,phases      ] GC(121)     Dead                           Min: 0, Avg:  0.0, Max: 0, Diff: 0, Sum: 0, Workers: 4
[310.811s][debug][gc,phases      ] GC(121)     Total                          Min: 0, Avg:  0.0, Max: 0, Diff: 0, Sum: 0, Workers: 4
[310.811s][debug][gc,phases      ] GC(121)   Weak JFR Old Object Samples    Min:  0.0, Avg:  0.0, Max:  0.0, Diff:  0.0, Sum:  0.0, Workers: 4
[310.811s][debug][gc,phases      ] GC(121)     Dead                           Min: 0, Avg:  0.0, Max: 0, Diff: 0, Sum: 0, Workers: 4
[310.811s][debug][gc,phases      ] GC(121)     Total                          Min: 0, Avg:  0.0, Max: 0, Diff: 0, Sum: 0, Workers: 4
[310.811s][debug][gc,phases      ] GC(121) Weak Processing 0.353ms
[310.811s][debug][gc,age         ] GC(121) Desired survivor size 114819072 bytes, new threshold 15 (max threshold 15)
[310.811s][info ][gc,heap        ] GC(121) PSYoungGen: 1943064K(1980928K)->63944K(1984000K) Eden: 1870848K(1870848K)->0K(1870848K) From: 72216K(110080K)->63944K(113152K)
[310.811s][info ][gc,heap        ] GC(121) ParOldGen: 502761K(575488K)->502761K(575488K)
[310.811s][info ][gc,metaspace   ] GC(121) Metaspace: 81294K(82048K)->81294K(82048K) NonClass: 69876K(70272K)->69876K(70272K) Class: 11418K(11776K)->11418K(11776K)
[310.811s][info ][gc             ] GC(121) Pause Young (Allocation Failure) 2388M->553M(2499M) 17.099ms
[310.811s][info ][gc,cpu         ] GC(121) User=0.07s Sys=0.00s Real=0.01s
[310.811s][info ][safepoint      ] Safepoint "ParallelGCFailedAllocation", Time since last: 192159225 ns, Reaching safepoint: 44401 ns, At safepoint: 17186933 ns, Total: 17231334 ns
[313.812s][info ][safepoint      ] Safepoint "Cleanup", Time since last: 3000212600 ns, Reaching safepoint: 51801 ns, At safepoint: 3100 ns, Total: 54901 ns
[314.812s][info ][safepoint      ] Safepoint "Cleanup", Time since last: 1000120851 ns, Reaching safepoint: 53401 ns, At safepoint: 6400 ns, Total: 59801 ns
[317.950s][info ][safepoint      ] Safepoint "Cleanup", Time since last: 3137887659 ns, Reaching safepoint: 137603 ns, At safepoint: 9300 ns, Total: 146903 ns
[318.950s][info ][safepoint      ] Safepoint "Cleanup", Time since last: 1000063915 ns, Reaching safepoint: 57101 ns, At safepoint: 3501 ns, Total: 60602 ns
[321.950s][info ][safepoint      ] Safepoint "Cleanup", Time since last: 3000253396 ns, Reaching safepoint: 117802 ns, At safepoint: 6800 ns, Total: 124602 ns
[322.095s][info ][gc,start       ] GC(122) Pause Young (Allocation Failure)
[322.112s][debug][gc,phases      ] GC(122) Scavenge 17.036ms
[322.112s][debug][gc,ref         ] GC(122) Skipped phase 1 of Reference Processing: no references
[322.112s][debug][gc,ref         ] GC(122) ReferenceProcessor::execute queues: 1, RefProcThreadModel::Single, marks_oops_alive: false
[322.112s][debug][gc,ref         ] GC(122) Skipped phase 3 of Reference Processing: no references
[322.112s][debug][gc,ref         ] GC(122) ReferenceProcessor::execute queues: 1, RefProcThreadModel::Single, marks_oops_alive: false
[322.112s][debug][gc,phases      ] GC(122) Reference Processing 0.134ms
[322.112s][debug][gc,phases      ] GC(122)   VM Weak                        Min:  0.0, Avg:  0.0, Max:  0.1, Diff:  0.1, Sum:  0.1, Workers: 4
[322.112s][debug][gc,phases      ] GC(122)     Dead                           Min: 0, Avg:  0.0, Max: 0, Diff: 0, Sum: 0, Workers: 4
[322.112s][debug][gc,phases      ] GC(122)     Total                          Min: 0, Avg: 164.5, Max: 338, Diff: 338, Sum: 658, Workers: 4
[322.112s][debug][gc,phases      ] GC(122)   ObjectSynchronizer Weak        Min:  0.0, Avg:  0.0, Max:  0.0, Diff:  0.0, Sum:  0.0, Workers: 4
[322.112s][debug][gc,phases      ] GC(122)     Dead                           Min: 0, Avg:  0.0, Max: 0, Diff: 0, Sum: 0, Workers: 4
[322.112s][debug][gc,phases      ] GC(122)     Total                          Min: 0, Avg: 47.5, Max: 126, Diff: 126, Sum: 190, Workers: 4
[322.112s][debug][gc,phases      ] GC(122)   JVMTI Tag Weak OopStorage      Min:  0.0, Avg:  0.0, Max:  0.0, Diff:  0.0, Sum:  0.0, Workers: 4
[322.112s][debug][gc,phases      ] GC(122)     Dead                           Min: 0, Avg:  0.0, Max: 0, Diff: 0, Sum: 0, Workers: 4
[322.112s][debug][gc,phases      ] GC(122)     Total                          Min: 0, Avg:  0.0, Max: 0, Diff: 0, Sum: 0, Workers: 4
[322.112s][debug][gc,phases      ] GC(122)   StringTable Weak               Min:  0.1, Avg:  0.1, Max:  0.1, Diff:  0.1, Sum:  0.5, Workers: 4
[322.112s][debug][gc,phases      ] GC(122)     Dead                           Min: 0, Avg:  0.0, Max: 0, Diff: 0, Sum: 0, Workers: 4
[322.112s][debug][gc,phases      ] GC(122)     Total                          Min: 5888, Avg: 11955.8, Max: 14464, Diff: 8576, Sum: 47823, Workers: 4
[322.112s][debug][gc,phases      ] GC(122)   ResolvedMethodTable Weak       Min:  0.0, Avg:  0.0, Max:  0.0, Diff:  0.0, Sum:  0.1, Workers: 4
[322.112s][debug][gc,phases      ] GC(122)     Dead                           Min: 0, Avg:  0.0, Max: 0, Diff: 0, Sum: 0, Workers: 4
[322.112s][debug][gc,phases      ] GC(122)     Total                          Min: 1728, Avg: 2033.5, Max: 2246, Diff: 518, Sum: 8134, Workers: 4
[322.112s][debug][gc,phases      ] GC(122)   JNI Weak                       Min:  0.0, Avg:  0.0, Max:  0.0, Diff:  0.0, Sum:  0.0, Workers: 4
[322.112s][debug][gc,phases      ] GC(122)     Dead                           Min: 0, Avg:  0.0, Max: 0, Diff: 0, Sum: 0, Workers: 4
[322.112s][debug][gc,phases      ] GC(122)     Total                          Min: 0, Avg:  0.0, Max: 0, Diff: 0, Sum: 0, Workers: 4
[322.112s][debug][gc,phases      ] GC(122)   StringDedup Table Weak         Min:  0.0, Avg:  0.0, Max:  0.0, Diff:  0.0, Sum:  0.0, Workers: 4
[322.112s][debug][gc,phases      ] GC(122)     Dead                           Min: 0, Avg:  0.0, Max: 0, Diff: 0, Sum: 0, Workers: 4
[322.112s][debug][gc,phases      ] GC(122)     Total                          Min: 0, Avg:  0.0, Max: 0, Diff: 0, Sum: 0, Workers: 4
[322.112s][debug][gc,phases      ] GC(122)   StringDedup Requests0 Weak     Min:  0.0, Avg:  0.0, Max:  0.0, Diff:  0.0, Sum:  0.0, Workers: 4
[322.112s][debug][gc,phases      ] GC(122)     Dead                           Min: 0, Avg:  0.0, Max: 0, Diff: 0, Sum: 0, Workers: 4
[322.112s][debug][gc,phases      ] GC(122)     Total                          Min: 0, Avg:  0.0, Max: 0, Diff: 0, Sum: 0, Workers: 4
[322.112s][debug][gc,phases      ] GC(122)   StringDedup Requests1 Weak     Min:  0.0, Avg:  0.0, Max:  0.0, Diff:  0.0, Sum:  0.0, Workers: 4
[322.112s][debug][gc,phases      ] GC(122)     Dead                           Min: 0, Avg:  0.0, Max: 0, Diff: 0, Sum: 0, Workers: 4
[322.112s][debug][gc,phases      ] GC(122)     Total                          Min: 0, Avg:  0.0, Max: 0, Diff: 0, Sum: 0, Workers: 4
[322.112s][debug][gc,phases      ] GC(122)   Weak JFR Old Object Samples    Min:  0.0, Avg:  0.0, Max:  0.0, Diff:  0.0, Sum:  0.0, Workers: 4
[322.112s][debug][gc,phases      ] GC(122)     Dead                           Min: 0, Avg:  0.0, Max: 0, Diff: 0, Sum: 0, Workers: 4
[322.112s][debug][gc,phases      ] GC(122)     Total                          Min: 0, Avg:  0.0, Max: 0, Diff: 0, Sum: 0, Workers: 4
[322.112s][debug][gc,phases      ] GC(122) Weak Processing 0.382ms
[322.112s][debug][gc,age         ] GC(122) Desired survivor size 113246208 bytes, new threshold 15 (max threshold 15)
[322.112s][info ][gc,heap        ] GC(122) PSYoungGen: 1934792K(1984000K)->63864K(1986560K) Eden: 1870848K(1870848K)->0K(1874432K) From: 63944K(113152K)->63864K(112128K)
[322.112s][info ][gc,heap        ] GC(122) ParOldGen: 502761K(575488K)->502761K(575488K)
[322.112s][info ][gc,metaspace   ] GC(122) Metaspace: 81307K(82048K)->81307K(82048K) NonClass: 69889K(70272K)->69889K(70272K) Class: 11418K(11776K)->11418K(11776K)
[322.112s][info ][gc             ] GC(122) Pause Young (Allocation Failure) 2380M->553M(2502M) 17.691ms
[322.112s][info ][gc,cpu         ] GC(122) User=0.07s Sys=0.00s Real=0.01s
[322.112s][info ][safepoint      ] Safepoint "ParallelGCFailedAllocation", Time since last: 144043577 ns, Reaching safepoint: 35801 ns, At safepoint: 17786943 ns, Total: 17822744 ns
[324.112s][info ][safepoint      ] Safepoint "Cleanup", Time since last: 2000148953 ns, Reaching safepoint: 54201 ns, At safepoint: 8100 ns, Total: 62301 ns
[328.114s][info ][safepoint      ] Safepoint "Cleanup", Time since last: 4001749835 ns, Reaching safepoint: 55801 ns, At safepoint: 6800 ns, Total: 62601 ns
[329.114s][info ][safepoint      ] Safepoint "Cleanup", Time since last: 1000107532 ns, Reaching safepoint: 54401 ns, At safepoint: 4000 ns, Total: 58401 ns
[331.115s][info ][safepoint      ] Safepoint "Cleanup", Time since last: 2000173338 ns, Reaching safepoint: 53701 ns, At safepoint: 9701 ns, Total: 63402 ns
[332.115s][info ][safepoint      ] Safepoint "Cleanup", Time since last: 1000093607 ns, Reaching safepoint: 56001 ns, At safepoint: 4000 ns, Total: 60001 ns
[332.359s][info ][gc,start       ] GC(123) Pause Young (Allocation Failure)
[332.374s][debug][gc,phases      ] GC(123) Scavenge 15.718ms
[332.374s][debug][gc,ref         ] GC(123) Skipped phase 1 of Reference Processing: no references
[332.374s][debug][gc,ref         ] GC(123) ReferenceProcessor::execute queues: 1, RefProcThreadModel::Single, marks_oops_alive: false
[332.374s][debug][gc,ref         ] GC(123) Skipped phase 3 of Reference Processing: no references
[332.374s][debug][gc,ref         ] GC(123) ReferenceProcessor::execute queues: 1, RefProcThreadModel::Single, marks_oops_alive: false
[332.374s][debug][gc,phases      ] GC(123) Reference Processing 0.134ms
[332.375s][debug][gc,phases      ] GC(123)   VM Weak                        Min:  0.0, Avg:  0.0, Max:  0.0, Diff:  0.0, Sum:  0.0, Workers: 4
[332.375s][debug][gc,phases      ] GC(123)     Dead                           Min: 0, Avg:  0.0, Max: 0, Diff: 0, Sum: 0, Workers: 4
[332.375s][debug][gc,phases      ] GC(123)     Total                          Min: 0, Avg: 164.5, Max: 338, Diff: 338, Sum: 658, Workers: 4
[332.375s][debug][gc,phases      ] GC(123)   ObjectSynchronizer Weak        Min:  0.0, Avg:  0.0, Max:  0.0, Diff:  0.0, Sum:  0.0, Workers: 4
[332.375s][debug][gc,phases      ] GC(123)     Dead                           Min: 0, Avg:  0.0, Max: 0, Diff: 0, Sum: 0, Workers: 4
[332.375s][debug][gc,phases      ] GC(123)     Total                          Min: 0, Avg: 47.5, Max: 64, Diff: 64, Sum: 190, Workers: 4
[332.375s][debug][gc,phases      ] GC(123)   JVMTI Tag Weak OopStorage      Min:  0.0, Avg:  0.0, Max:  0.0, Diff:  0.0, Sum:  0.0, Workers: 4
[332.375s][debug][gc,phases      ] GC(123)     Dead                           Min: 0, Avg:  0.0, Max: 0, Diff: 0, Sum: 0, Workers: 4
[332.375s][debug][gc,phases      ] GC(123)     Total                          Min: 0, Avg:  0.0, Max: 0, Diff: 0, Sum: 0, Workers: 4
[332.375s][debug][gc,phases      ] GC(123)   StringTable Weak               Min:  0.1, Avg:  0.1, Max:  0.1, Diff:  0.0, Sum:  0.4, Workers: 4
[332.375s][debug][gc,phases      ] GC(123)     Dead                           Min: 0, Avg:  0.0, Max: 0, Diff: 0, Sum: 0, Workers: 4
[332.375s][debug][gc,phases      ] GC(123)     Total                          Min: 11538, Avg: 11956.5, Max: 12480, Diff: 942, Sum: 47826, Workers: 4
[332.375s][debug][gc,phases      ] GC(123)   ResolvedMethodTable Weak       Min:  0.0, Avg:  0.0, Max:  0.0, Diff:  0.0, Sum:  0.1, Workers: 4
[332.375s][debug][gc,phases      ] GC(123)     Dead                           Min: 0, Avg:  0.0, Max: 0, Diff: 0, Sum: 0, Workers: 4
[332.375s][debug][gc,phases      ] GC(123)     Total                          Min: 1728, Avg: 2033.5, Max: 2304, Diff: 576, Sum: 8134, Workers: 4
[332.375s][debug][gc,phases      ] GC(123)   JNI Weak                       Min:  0.0, Avg:  0.0, Max:  0.0, Diff:  0.0, Sum:  0.0, Workers: 4
[332.375s][debug][gc,phases      ] GC(123)     Dead                           Min: 0, Avg:  0.0, Max: 0, Diff: 0, Sum: 0, Workers: 4
[332.375s][debug][gc,phases      ] GC(123)     Total                          Min: 0, Avg:  0.0, Max: 0, Diff: 0, Sum: 0, Workers: 4
[332.375s][debug][gc,phases      ] GC(123)   StringDedup Table Weak         Min:  0.0, Avg:  0.0, Max:  0.0, Diff:  0.0, Sum:  0.0, Workers: 4
[332.375s][debug][gc,phases      ] GC(123)     Dead                           Min: 0, Avg:  0.0, Max: 0, Diff: 0, Sum: 0, Workers: 4
[332.375s][debug][gc,phases      ] GC(123)     Total                          Min: 0, Avg:  0.0, Max: 0, Diff: 0, Sum: 0, Workers: 4
[332.375s][debug][gc,phases      ] GC(123)   StringDedup Requests0 Weak     Min:  0.0, Avg:  0.0, Max:  0.0, Diff:  0.0, Sum:  0.0, Workers: 4
[332.375s][debug][gc,phases      ] GC(123)     Dead                           Min: 0, Avg:  0.0, Max: 0, Diff: 0, Sum: 0, Workers: 4
[332.375s][debug][gc,phases      ] GC(123)     Total                          Min: 0, Avg:  0.0, Max: 0, Diff: 0, Sum: 0, Workers: 4
[332.375s][debug][gc,phases      ] GC(123)   StringDedup Requests1 Weak     Min:  0.0, Avg:  0.0, Max:  0.0, Diff:  0.0, Sum:  0.0, Workers: 4
[332.375s][debug][gc,phases      ] GC(123)     Dead                           Min: 0, Avg:  0.0, Max: 0, Diff: 0, Sum: 0, Workers: 4
[332.375s][debug][gc,phases      ] GC(123)     Total                          Min: 0, Avg:  0.0, Max: 0, Diff: 0, Sum: 0, Workers: 4
[332.375s][debug][gc,phases      ] GC(123)   Weak JFR Old Object Samples    Min:  0.0, Avg:  0.0, Max:  0.0, Diff:  0.0, Sum:  0.0, Workers: 4
[332.375s][debug][gc,phases      ] GC(123)     Dead                           Min: 0, Avg:  0.0, Max: 0, Diff: 0, Sum: 0, Workers: 4
[332.375s][debug][gc,phases      ] GC(123)     Total                          Min: 0, Avg:  0.0, Max: 0, Diff: 0, Sum: 0, Workers: 4
[332.375s][debug][gc,phases      ] GC(123) Weak Processing 0.414ms
[332.375s][debug][gc,age         ] GC(123) Desired survivor size 110100480 bytes, new threshold 15 (max threshold 15)
[332.375s][info ][gc,heap        ] GC(123) PSYoungGen: 1938296K(1986560K)->59688K(1985024K) Eden: 1874432K(1874432K)->0K(1874432K) From: 63864K(112128K)->59688K(110592K)
[332.375s][info ][gc,heap        ] GC(123) ParOldGen: 502761K(575488K)->504809K(575488K)
[332.375s][info ][gc,metaspace   ] GC(123) Metaspace: 81314K(82048K)->81314K(82048K) NonClass: 69896K(70272K)->69896K(70272K) Class: 11418K(11776K)->11418K(11776K)
[332.375s][info ][gc             ] GC(123) Pause Young (Allocation Failure) 2383M->551M(2500M) 16.419ms
[332.375s][info ][gc,cpu         ] GC(123) User=0.06s Sys=0.01s Real=0.02s
[332.375s][info ][safepoint      ] Safepoint "ParallelGCFailedAllocation", Time since last: 243609177 ns, Reaching safepoint: 36700 ns, At safepoint: 16507217 ns, Total: 16543917 ns
[333.375s][info ][safepoint      ] Safepoint "Cleanup", Time since last: 1000089997 ns, Reaching safepoint: 83102 ns, At safepoint: 12600 ns, Total: 95702 ns
[334.375s][info ][safepoint      ] Safepoint "Cleanup", Time since last: 1000121289 ns, Reaching safepoint: 55901 ns, At safepoint: 8300 ns, Total: 64201 ns
[335.376s][info ][safepoint      ] Safepoint "Cleanup", Time since last: 1000111081 ns, Reaching safepoint: 53201 ns, At safepoint: 5500 ns, Total: 58701 ns
[336.376s][info ][safepoint      ] Safepoint "Cleanup", Time since last: 1000113973 ns, Reaching safepoint: 54501 ns, At safepoint: 3800 ns, Total: 58301 ns
[339.376s][info ][safepoint      ] Safepoint "Cleanup", Time since last: 3000243869 ns, Reaching safepoint: 52101 ns, At safepoint: 3600 ns, Total: 55701 ns
[342.887s][info ][gc,start       ] GC(124) Pause Young (Allocation Failure)
[342.903s][debug][gc,phases      ] GC(124) Scavenge 15.795ms
[342.903s][debug][gc,ref         ] GC(124) Skipped phase 1 of Reference Processing: no references
[342.903s][debug][gc,ref         ] GC(124) ReferenceProcessor::execute queues: 1, RefProcThreadModel::Single, marks_oops_alive: false
[342.903s][debug][gc,ref         ] GC(124) Skipped phase 3 of Reference Processing: no references
[342.903s][debug][gc,ref         ] GC(124) ReferenceProcessor::execute queues: 1, RefProcThreadModel::Single, marks_oops_alive: false
[342.904s][debug][gc,phases      ] GC(124) Reference Processing 0.128ms
[342.904s][debug][gc,phases      ] GC(124)   VM Weak                        Min:  0.0, Avg:  0.0, Max:  0.0, Diff:  0.0, Sum:  0.0, Workers: 4
[342.904s][debug][gc,phases      ] GC(124)     Dead                           Min: 0, Avg:  0.0, Max: 0, Diff: 0, Sum: 0, Workers: 4
[342.904s][debug][gc,phases      ] GC(124)     Total                          Min: 0, Avg: 164.5, Max: 384, Diff: 384, Sum: 658, Workers: 4
[342.904s][debug][gc,phases      ] GC(124)   ObjectSynchronizer Weak        Min:  0.0, Avg:  0.0, Max:  0.0, Diff:  0.0, Sum:  0.0, Workers: 4
[342.904s][debug][gc,phases      ] GC(124)     Dead                           Min: 0, Avg:  0.0, Max: 0, Diff: 0, Sum: 0, Workers: 4
[342.904s][debug][gc,phases      ] GC(124)     Total                          Min: 0, Avg: 47.5, Max: 126, Diff: 126, Sum: 190, Workers: 4
[342.904s][debug][gc,phases      ] GC(124)   JVMTI Tag Weak OopStorage      Min:  0.0, Avg:  0.0, Max:  0.0, Diff:  0.0, Sum:  0.0, Workers: 4
[342.904s][debug][gc,phases      ] GC(124)     Dead                           Min: 0, Avg:  0.0, Max: 0, Diff: 0, Sum: 0, Workers: 4
[342.904s][debug][gc,phases      ] GC(124)     Total                          Min: 0, Avg:  0.0, Max: 0, Diff: 0, Sum: 0, Workers: 4
[342.904s][debug][gc,phases      ] GC(124)   StringTable Weak               Min:  0.1, Avg:  0.1, Max:  0.1, Diff:  0.0, Sum:  0.5, Workers: 4
[342.904s][debug][gc,phases      ] GC(124)     Dead                           Min: 0, Avg:  0.0, Max: 0, Diff: 0, Sum: 0, Workers: 4
[342.904s][debug][gc,phases      ] GC(124)     Total                          Min: 7552, Avg: 11957.0, Max: 14016, Diff: 6464, Sum: 47828, Workers: 4
[342.904s][debug][gc,phases      ] GC(124)   ResolvedMethodTable Weak       Min:  0.0, Avg:  0.0, Max:  0.0, Diff:  0.0, Sum:  0.1, Workers: 4
[342.904s][debug][gc,phases      ] GC(124)     Dead                           Min: 0, Avg:  0.0, Max: 0, Diff: 0, Sum: 0, Workers: 4
[342.904s][debug][gc,phases      ] GC(124)     Total                          Min: 1536, Avg: 2033.5, Max: 2368, Diff: 832, Sum: 8134, Workers: 4
[342.904s][debug][gc,phases      ] GC(124)   JNI Weak                       Min:  0.0, Avg:  0.0, Max:  0.0, Diff:  0.0, Sum:  0.0, Workers: 4
[342.904s][debug][gc,phases      ] GC(124)     Dead                           Min: 0, Avg:  0.0, Max: 0, Diff: 0, Sum: 0, Workers: 4
[342.904s][debug][gc,phases      ] GC(124)     Total                          Min: 0, Avg:  0.0, Max: 0, Diff: 0, Sum: 0, Workers: 4
[342.904s][debug][gc,phases      ] GC(124)   StringDedup Table Weak         Min:  0.0, Avg:  0.0, Max:  0.0, Diff:  0.0, Sum:  0.0, Workers: 4
[342.904s][debug][gc,phases      ] GC(124)     Dead                           Min: 0, Avg:  0.0, Max: 0, Diff: 0, Sum: 0, Workers: 4
[342.904s][debug][gc,phases      ] GC(124)     Total                          Min: 0, Avg:  0.0, Max: 0, Diff: 0, Sum: 0, Workers: 4
[342.904s][debug][gc,phases      ] GC(124)   StringDedup Requests0 Weak     Min:  0.0, Avg:  0.0, Max:  0.0, Diff:  0.0, Sum:  0.0, Workers: 4
[342.904s][debug][gc,phases      ] GC(124)     Dead                           Min: 0, Avg:  0.0, Max: 0, Diff: 0, Sum: 0, Workers: 4
[342.904s][debug][gc,phases      ] GC(124)     Total                          Min: 0, Avg:  0.0, Max: 0, Diff: 0, Sum: 0, Workers: 4
[342.904s][debug][gc,phases      ] GC(124)   StringDedup Requests1 Weak     Min:  0.0, Avg:  0.0, Max:  0.0, Diff:  0.0, Sum:  0.0, Workers: 4
[342.904s][debug][gc,phases      ] GC(124)     Dead                           Min: 0, Avg:  0.0, Max: 0, Diff: 0, Sum: 0, Workers: 4
[342.904s][debug][gc,phases      ] GC(124)     Total                          Min: 0, Avg:  0.0, Max: 0, Diff: 0, Sum: 0, Workers: 4
[342.904s][debug][gc,phases      ] GC(124)   Weak JFR Old Object Samples    Min:  0.0, Avg:  0.0, Max:  0.0, Diff:  0.0, Sum:  0.0, Workers: 4
[342.904s][debug][gc,phases      ] GC(124)     Dead                           Min: 0, Avg:  0.0, Max: 0, Diff: 0, Sum: 0, Workers: 4
[342.904s][debug][gc,phases      ] GC(124)     Total                          Min: 0, Avg:  0.0, Max: 0, Diff: 0, Sum: 0, Workers: 4
[342.904s][debug][gc,phases      ] GC(124) Weak Processing 0.345ms
[342.904s][debug][gc,age         ] GC(124) Desired survivor size 106430464 bytes, new threshold 15 (max threshold 15)
[342.904s][info ][gc,heap        ] GC(124) PSYoungGen: 1934120K(1985024K)->58408K(1993216K) Eden: 1874432K(1874432K)->0K(1885696K) From: 59688K(110592K)->58408K(107520K)
[342.904s][info ][gc,heap        ] GC(124) ParOldGen: 504809K(575488K)->506337K(575488K)
[342.904s][info ][gc,metaspace   ] GC(124) Metaspace: 81319K(82112K)->81319K(82112K) NonClass: 69901K(70336K)->69901K(70336K) Class: 11418K(11776K)->11418K(11776K)
[342.904s][info ][gc             ] GC(124) Pause Young (Allocation Failure) 2381M->551M(2508M) 16.434ms
[342.904s][info ][gc,cpu         ] GC(124) User=0.07s Sys=0.00s Real=0.01s
[342.904s][info ][safepoint      ] Safepoint "ParallelGCFailedAllocation", Time since last: 3511401868 ns, Reaching safepoint: 53701 ns, At safepoint: 16518916 ns, Total: 16572617 ns
[343.904s][info ][safepoint      ] Safepoint "Cleanup", Time since last: 1000097912 ns, Reaching safepoint: 49601 ns, At safepoint: 7700 ns, Total: 57301 ns
[345.904s][info ][safepoint      ] Safepoint "Cleanup", Time since last: 2000170401 ns, Reaching safepoint: 49301 ns, At safepoint: 4600 ns, Total: 53901 ns
[347.905s][info ][safepoint      ] Safepoint "Cleanup", Time since last: 2000177668 ns, Reaching safepoint: 50301 ns, At safepoint: 3300 ns, Total: 53601 ns
[348.905s][info ][safepoint      ] Safepoint "Cleanup", Time since last: 1000107873 ns, Reaching safepoint: 49501 ns, At safepoint: 5200 ns, Total: 54701 ns
[350.602s][info ][safepoint      ] Safepoint "Cleanup", Time since last: 1697486753 ns, Reaching safepoint: 61702 ns, At safepoint: 12900 ns, Total: 74602 ns
[351.602s][info ][safepoint      ] Safepoint "Cleanup", Time since last: 1000116152 ns, Reaching safepoint: 54401 ns, At safepoint: 7900 ns, Total: 62301 ns
[353.394s][info ][gc,start       ] GC(125) Pause Young (Allocation Failure)
[353.413s][debug][gc,phases      ] GC(125) Scavenge 18.414ms
[353.413s][debug][gc,ref         ] GC(125) Skipped phase 1 of Reference Processing: no references
[353.413s][debug][gc,ref         ] GC(125) ReferenceProcessor::execute queues: 1, RefProcThreadModel::Single, marks_oops_alive: false
[353.413s][debug][gc,ref         ] GC(125) Skipped phase 3 of Reference Processing: no references
[353.413s][debug][gc,ref         ] GC(125) ReferenceProcessor::execute queues: 1, RefProcThreadModel::Single, marks_oops_alive: false
[353.413s][debug][gc,phases      ] GC(125) Reference Processing 0.124ms
[353.413s][debug][gc,phases      ] GC(125)   VM Weak                        Min:  0.0, Avg:  0.0, Max:  0.0, Diff:  0.0, Sum:  0.0, Workers: 4
[353.413s][debug][gc,phases      ] GC(125)     Dead                           Min: 0, Avg:  0.0, Max: 0, Diff: 0, Sum: 0, Workers: 4
[353.413s][debug][gc,phases      ] GC(125)     Total                          Min: 0, Avg: 164.5, Max: 338, Diff: 338, Sum: 658, Workers: 4
[353.413s][debug][gc,phases      ] GC(125)   ObjectSynchronizer Weak        Min:  0.0, Avg:  0.0, Max:  0.0, Diff:  0.0, Sum:  0.0, Workers: 4
[353.413s][debug][gc,phases      ] GC(125)     Dead                           Min: 0, Avg:  0.0, Max: 0, Diff: 0, Sum: 0, Workers: 4
[353.413s][debug][gc,phases      ] GC(125)     Total                          Min: 0, Avg: 47.5, Max: 126, Diff: 126, Sum: 190, Workers: 4
[353.413s][debug][gc,phases      ] GC(125)   JVMTI Tag Weak OopStorage      Min:  0.0, Avg:  0.0, Max:  0.0, Diff:  0.0, Sum:  0.0, Workers: 4
[353.413s][debug][gc,phases      ] GC(125)     Dead                           Min: 0, Avg:  0.0, Max: 0, Diff: 0, Sum: 0, Workers: 4
[353.413s][debug][gc,phases      ] GC(125)     Total                          Min: 0, Avg:  0.0, Max: 0, Diff: 0, Sum: 0, Workers: 4
[353.413s][debug][gc,phases      ] GC(125)   StringTable Weak               Min:  0.1, Avg:  0.1, Max:  0.1, Diff:  0.0, Sum:  0.4, Workers: 4
[353.413s][debug][gc,phases      ] GC(125)     Dead                           Min: 0, Avg:  0.0, Max: 0, Diff: 0, Sum: 0, Workers: 4
[353.413s][debug][gc,phases      ] GC(125)     Total                          Min: 11284, Avg: 11957.0, Max: 12416, Diff: 1132, Sum: 47828, Workers: 4
[353.413s][debug][gc,phases      ] GC(125)   ResolvedMethodTable Weak       Min:  0.0, Avg:  0.0, Max:  0.0, Diff:  0.0, Sum:  0.1, Workers: 4
[353.413s][debug][gc,phases      ] GC(125)     Dead                           Min: 0, Avg:  0.0, Max: 0, Diff: 0, Sum: 0, Workers: 4
[353.413s][debug][gc,phases      ] GC(125)     Total                          Min: 1920, Avg: 2033.5, Max: 2183, Diff: 263, Sum: 8134, Workers: 4
[353.413s][debug][gc,phases      ] GC(125)   JNI Weak                       Min:  0.0, Avg:  0.0, Max:  0.0, Diff:  0.0, Sum:  0.0, Workers: 4
[353.413s][debug][gc,phases      ] GC(125)     Dead                           Min: 0, Avg:  0.0, Max: 0, Diff: 0, Sum: 0, Workers: 4
[353.413s][debug][gc,phases      ] GC(125)     Total                          Min: 0, Avg:  0.0, Max: 0, Diff: 0, Sum: 0, Workers: 4
[353.413s][debug][gc,phases      ] GC(125)   StringDedup Table Weak         Min:  0.0, Avg:  0.0, Max:  0.0, Diff:  0.0, Sum:  0.0, Workers: 4
[353.413s][debug][gc,phases      ] GC(125)     Dead                           Min: 0, Avg:  0.0, Max: 0, Diff: 0, Sum: 0, Workers: 4
[353.413s][debug][gc,phases      ] GC(125)     Total                          Min: 0, Avg:  0.0, Max: 0, Diff: 0, Sum: 0, Workers: 4
[353.413s][debug][gc,phases      ] GC(125)   StringDedup Requests0 Weak     Min:  0.0, Avg:  0.0, Max:  0.0, Diff:  0.0, Sum:  0.0, Workers: 4
[353.413s][debug][gc,phases      ] GC(125)     Dead                           Min: 0, Avg:  0.0, Max: 0, Diff: 0, Sum: 0, Workers: 4
[353.413s][debug][gc,phases      ] GC(125)     Total                          Min: 0, Avg:  0.0, Max: 0, Diff: 0, Sum: 0, Workers: 4
[353.413s][debug][gc,phases      ] GC(125)   StringDedup Requests1 Weak     Min:  0.0, Avg:  0.0, Max:  0.0, Diff:  0.0, Sum:  0.0, Workers: 4
[353.413s][debug][gc,phases      ] GC(125)     Dead                           Min: 0, Avg:  0.0, Max: 0, Diff: 0, Sum: 0, Workers: 4
[353.413s][debug][gc,phases      ] GC(125)     Total                          Min: 0, Avg:  0.0, Max: 0, Diff: 0, Sum: 0, Workers: 4
[353.413s][debug][gc,phases      ] GC(125)   Weak JFR Old Object Samples    Min:  0.0, Avg:  0.0, Max:  0.0, Diff:  0.0, Sum:  0.0, Workers: 4
[353.413s][debug][gc,phases      ] GC(125)     Dead                           Min: 0, Avg:  0.0, Max: 0, Diff: 0, Sum: 0, Workers: 4
[353.413s][debug][gc,phases      ] GC(125)     Total                          Min: 0, Avg:  0.0, Max: 0, Diff: 0, Sum: 0, Workers: 4
[353.413s][debug][gc,phases      ] GC(125) Weak Processing 0.347ms
[353.413s][debug][gc,age         ] GC(125) Desired survivor size 104857600 bytes, new threshold 15 (max threshold 15)
[353.413s][info ][gc,heap        ] GC(125) PSYoungGen: 1944104K(1993216K)->34368K(1989632K) Eden: 1885696K(1885696K)->0K(1885696K) From: 58408K(107520K)->34368K(103936K)
[353.413s][info ][gc,heap        ] GC(125) ParOldGen: 506337K(575488K)->533006K(575488K)
[353.413s][info ][gc,metaspace   ] GC(125) Metaspace: 81325K(82176K)->81325K(82176K) NonClass: 69906K(70400K)->69906K(70400K) Class: 11418K(11776K)->11418K(11776K)
[353.413s][info ][gc             ] GC(125) Pause Young (Allocation Failure) 2393M->554M(2505M) 19.052ms
[353.413s][info ][gc,cpu         ] GC(125) User=0.05s Sys=0.02s Real=0.01s
[353.414s][info ][safepoint      ] Safepoint "ParallelGCFailedAllocation", Time since last: 1791864214 ns, Reaching safepoint: 50701 ns, At safepoint: 19136564 ns, Total: 19187265 ns
[355.414s][info ][safepoint      ] Safepoint "Cleanup", Time since last: 2000160851 ns, Reaching safepoint: 62601 ns, At safepoint: 7700 ns, Total: 70301 ns
[357.414s][info ][safepoint      ] Safepoint "Cleanup", Time since last: 2000175720 ns, Reaching safepoint: 75401 ns, At safepoint: 7000 ns, Total: 82401 ns
[363.414s][info ][safepoint      ] Safepoint "Cleanup", Time since last: 6000374470 ns, Reaching safepoint: 48701 ns, At safepoint: 2900 ns, Total: 51601 ns
[363.929s][info ][gc,start       ] GC(126) Pause Young (Allocation Failure)
[363.941s][debug][gc,phases      ] GC(126) Scavenge 12.643ms
[363.941s][debug][gc,ref         ] GC(126) Skipped phase 1 of Reference Processing: no references
[363.942s][debug][gc,ref         ] GC(126) ReferenceProcessor::execute queues: 1, RefProcThreadModel::Single, marks_oops_alive: false
[363.942s][debug][gc,ref         ] GC(126) Skipped phase 3 of Reference Processing: no references
[363.942s][debug][gc,ref         ] GC(126) ReferenceProcessor::execute queues: 1, RefProcThreadModel::Single, marks_oops_alive: false
[363.942s][debug][gc,phases      ] GC(126) Reference Processing 0.133ms
[363.942s][debug][gc,phases      ] GC(126)   VM Weak                        Min:  0.0, Avg:  0.0, Max:  0.0, Diff:  0.0, Sum:  0.0, Workers: 4
[363.942s][debug][gc,phases      ] GC(126)     Dead                           Min: 0, Avg:  0.0, Max: 0, Diff: 0, Sum: 0, Workers: 4
[363.942s][debug][gc,phases      ] GC(126)     Total                          Min: 0, Avg: 164.5, Max: 402, Diff: 402, Sum: 658, Workers: 4
[363.942s][debug][gc,phases      ] GC(126)   ObjectSynchronizer Weak        Min:  0.0, Avg:  0.0, Max:  0.0, Diff:  0.0, Sum:  0.0, Workers: 4
[363.942s][debug][gc,phases      ] GC(126)     Dead                           Min: 0, Avg:  0.0, Max: 0, Diff: 0, Sum: 0, Workers: 4
[363.942s][debug][gc,phases      ] GC(126)     Total                          Min: 0, Avg: 47.5, Max: 126, Diff: 126, Sum: 190, Workers: 4
[363.942s][debug][gc,phases      ] GC(126)   JVMTI Tag Weak OopStorage      Min:  0.0, Avg:  0.0, Max:  0.0, Diff:  0.0, Sum:  0.0, Workers: 4
[363.942s][debug][gc,phases      ] GC(126)     Dead                           Min: 0, Avg:  0.0, Max: 0, Diff: 0, Sum: 0, Workers: 4
[363.942s][debug][gc,phases      ] GC(126)     Total                          Min: 0, Avg:  0.0, Max: 0, Diff: 0, Sum: 0, Workers: 4
[363.942s][debug][gc,phases      ] GC(126)   StringTable Weak               Min:  0.0, Avg:  0.1, Max:  0.2, Diff:  0.1, Sum:  0.6, Workers: 4
[363.942s][debug][gc,phases      ] GC(126)     Dead                           Min: 0, Avg:  0.0, Max: 0, Diff: 0, Sum: 0, Workers: 4
[363.942s][debug][gc,phases      ] GC(126)     Total                          Min: 2688, Avg: 11959.2, Max: 15360, Diff: 12672, Sum: 47837, Workers: 4
[363.942s][debug][gc,phases      ] GC(126)   ResolvedMethodTable Weak       Min:  0.0, Avg:  0.0, Max:  0.0, Diff:  0.0, Sum:  0.1, Workers: 4
[363.942s][debug][gc,phases      ] GC(126)     Dead                           Min: 0, Avg:  0.0, Max: 0, Diff: 0, Sum: 0, Workers: 4
[363.942s][debug][gc,phases      ] GC(126)     Total                          Min: 1931, Avg: 2034.8, Max: 2176, Diff: 245, Sum: 8139, Workers: 4
[363.942s][debug][gc,phases      ] GC(126)   JNI Weak                       Min:  0.0, Avg:  0.0, Max:  0.0, Diff:  0.0, Sum:  0.0, Workers: 4
[363.942s][debug][gc,phases      ] GC(126)     Dead                           Min: 0, Avg:  0.0, Max: 0, Diff: 0, Sum: 0, Workers: 4
[363.942s][debug][gc,phases      ] GC(126)     Total                          Min: 0, Avg:  0.0, Max: 0, Diff: 0, Sum: 0, Workers: 4
[363.942s][debug][gc,phases      ] GC(126)   StringDedup Table Weak         Min:  0.0, Avg:  0.0, Max:  0.0, Diff:  0.0, Sum:  0.0, Workers: 4
[363.942s][debug][gc,phases      ] GC(126)     Dead                           Min: 0, Avg:  0.0, Max: 0, Diff: 0, Sum: 0, Workers: 4
[363.942s][debug][gc,phases      ] GC(126)     Total                          Min: 0, Avg:  0.0, Max: 0, Diff: 0, Sum: 0, Workers: 4
[363.942s][debug][gc,phases      ] GC(126)   StringDedup Requests0 Weak     Min:  0.0, Avg:  0.0, Max:  0.0, Diff:  0.0, Sum:  0.0, Workers: 4
[363.942s][debug][gc,phases      ] GC(126)     Dead                           Min: 0, Avg:  0.0, Max: 0, Diff: 0, Sum: 0, Workers: 4
[363.942s][debug][gc,phases      ] GC(126)     Total                          Min: 0, Avg:  0.0, Max: 0, Diff: 0, Sum: 0, Workers: 4
[363.942s][debug][gc,phases      ] GC(126)   StringDedup Requests1 Weak     Min:  0.0, Avg:  0.0, Max:  0.0, Diff:  0.0, Sum:  0.0, Workers: 4
[363.942s][debug][gc,phases      ] GC(126)     Dead                           Min: 0, Avg:  0.0, Max: 0, Diff: 0, Sum: 0, Workers: 4
[363.942s][debug][gc,phases      ] GC(126)     Total                          Min: 0, Avg:  0.0, Max: 0, Diff: 0, Sum: 0, Workers: 4
[363.942s][debug][gc,phases      ] GC(126)   Weak JFR Old Object Samples    Min:  0.0, Avg:  0.0, Max:  0.0, Diff:  0.0, Sum:  0.0, Workers: 4
[363.942s][debug][gc,phases      ] GC(126)     Dead                           Min: 0, Avg:  0.0, Max: 0, Diff: 0, Sum: 0, Workers: 4
[363.942s][debug][gc,phases      ] GC(126)     Total                          Min: 0, Avg:  0.0, Max: 0, Diff: 0, Sum: 0, Workers: 4
[363.942s][debug][gc,phases      ] GC(126) Weak Processing 0.430ms
[363.942s][debug][gc,age         ] GC(126) Desired survivor size 104857600 bytes, new threshold 15 (max threshold 15)
[363.942s][info ][gc,heap        ] GC(126) PSYoungGen: 1920064K(1989632K)->21152K(1994752K) Eden: 1885696K(1885696K)->0K(1892352K) From: 34368K(103936K)->21152K(102400K)
[363.942s][info ][gc,heap        ] GC(126) ParOldGen: 533006K(575488K)->547830K(575488K)
[363.942s][info ][gc,metaspace   ] GC(126) Metaspace: 81352K(82176K)->81352K(82176K) NonClass: 69932K(70400K)->69932K(70400K) Class: 11420K(11776K)->11420K(11776K)
[363.942s][info ][gc             ] GC(126) Pause Young (Allocation Failure) 2395M->555M(2510M) 13.361ms
[363.942s][info ][gc,cpu         ] GC(126) User=0.05s Sys=0.00s Real=0.01s
[363.942s][info ][safepoint      ] Safepoint "ParallelGCFailedAllocation", Time since last: 514155546 ns, Reaching safepoint: 56001 ns, At safepoint: 13446755 ns, Total: 13502756 ns
[364.942s][info ][safepoint      ] Safepoint "Cleanup", Time since last: 1000088047 ns, Reaching safepoint: 140803 ns, At safepoint: 14200 ns, Total: 155003 ns
[369.943s][info ][safepoint      ] Safepoint "Cleanup", Time since last: 5000429526 ns, Reaching safepoint: 121102 ns, At safepoint: 10200 ns, Total: 131302 ns
[371.943s][info ][safepoint      ] Safepoint "Cleanup", Time since last: 2000159597 ns, Reaching safepoint: 122503 ns, At safepoint: 9100 ns, Total: 131603 ns
[374.591s][info ][gc,start       ] GC(127) Pause Young (Allocation Failure)
[374.600s][debug][gc,phases      ] GC(127) Scavenge 9.311ms
[374.601s][debug][gc,ref         ] GC(127) Skipped phase 1 of Reference Processing: no references
[374.601s][debug][gc,ref         ] GC(127) ReferenceProcessor::execute queues: 1, RefProcThreadModel::Single, marks_oops_alive: false
[374.601s][debug][gc,ref         ] GC(127) Skipped phase 3 of Reference Processing: no references
[374.601s][debug][gc,ref         ] GC(127) ReferenceProcessor::execute queues: 1, RefProcThreadModel::Single, marks_oops_alive: false
[374.601s][debug][gc,phases      ] GC(127) Reference Processing 0.136ms
[374.601s][debug][gc,phases      ] GC(127)   VM Weak                        Min:  0.0, Avg:  0.0, Max:  0.0, Diff:  0.0, Sum:  0.0, Workers: 4
[374.601s][debug][gc,phases      ] GC(127)     Dead                           Min: 0, Avg:  0.0, Max: 0, Diff: 0, Sum: 0, Workers: 4
[374.601s][debug][gc,phases      ] GC(127)     Total                          Min: 0, Avg: 164.5, Max: 530, Diff: 530, Sum: 658, Workers: 4
[374.601s][debug][gc,phases      ] GC(127)   ObjectSynchronizer Weak        Min:  0.0, Avg:  0.0, Max:  0.0, Diff:  0.0, Sum:  0.0, Workers: 4
[374.601s][debug][gc,phases      ] GC(127)     Dead                           Min: 0, Avg:  0.0, Max: 0, Diff: 0, Sum: 0, Workers: 4
[374.601s][debug][gc,phases      ] GC(127)     Total                          Min: 0, Avg: 47.5, Max: 126, Diff: 126, Sum: 190, Workers: 4
[374.601s][debug][gc,phases      ] GC(127)   JVMTI Tag Weak OopStorage      Min:  0.0, Avg:  0.0, Max:  0.0, Diff:  0.0, Sum:  0.0, Workers: 4
[374.601s][debug][gc,phases      ] GC(127)     Dead                           Min: 0, Avg:  0.0, Max: 0, Diff: 0, Sum: 0, Workers: 4
[374.601s][debug][gc,phases      ] GC(127)     Total                          Min: 0, Avg:  0.0, Max: 0, Diff: 0, Sum: 0, Workers: 4
[374.601s][debug][gc,phases      ] GC(127)   StringTable Weak               Min:  0.1, Avg:  0.1, Max:  0.1, Diff:  0.0, Sum:  0.5, Workers: 4
[374.601s][debug][gc,phases      ] GC(127)     Dead                           Min: 0, Avg:  0.0, Max: 0, Diff: 0, Sum: 0, Workers: 4
[374.601s][debug][gc,phases      ] GC(127)     Total                          Min: 11456, Avg: 11959.2, Max: 12381, Diff: 925, Sum: 47837, Workers: 4
[374.601s][debug][gc,phases      ] GC(127)   ResolvedMethodTable Weak       Min:  0.0, Avg:  0.0, Max:  0.0, Diff:  0.0, Sum:  0.1, Workers: 4
[374.601s][debug][gc,phases      ] GC(127)     Dead                           Min: 0, Avg:  0.0, Max: 0, Diff: 0, Sum: 0, Workers: 4
[374.601s][debug][gc,phases      ] GC(127)     Total                          Min: 1920, Avg: 2034.8, Max: 2176, Diff: 256, Sum: 8139, Workers: 4
[374.601s][debug][gc,phases      ] GC(127)   JNI Weak                       Min:  0.0, Avg:  0.0, Max:  0.0, Diff:  0.0, Sum:  0.0, Workers: 4
[374.601s][debug][gc,phases      ] GC(127)     Dead                           Min: 0, Avg:  0.0, Max: 0, Diff: 0, Sum: 0, Workers: 4
[374.601s][debug][gc,phases      ] GC(127)     Total                          Min: 0, Avg:  0.0, Max: 0, Diff: 0, Sum: 0, Workers: 4
[374.601s][debug][gc,phases      ] GC(127)   StringDedup Table Weak         Min:  0.0, Avg:  0.0, Max:  0.0, Diff:  0.0, Sum:  0.0, Workers: 4
[374.601s][debug][gc,phases      ] GC(127)     Dead                           Min: 0, Avg:  0.0, Max: 0, Diff: 0, Sum: 0, Workers: 4
[374.601s][debug][gc,phases      ] GC(127)     Total                          Min: 0, Avg:  0.0, Max: 0, Diff: 0, Sum: 0, Workers: 4
[374.601s][debug][gc,phases      ] GC(127)   StringDedup Requests0 Weak     Min:  0.0, Avg:  0.0, Max:  0.0, Diff:  0.0, Sum:  0.0, Workers: 4
[374.601s][debug][gc,phases      ] GC(127)     Dead                           Min: 0, Avg:  0.0, Max: 0, Diff: 0, Sum: 0, Workers: 4
[374.601s][debug][gc,phases      ] GC(127)     Total                          Min: 0, Avg:  0.0, Max: 0, Diff: 0, Sum: 0, Workers: 4
[374.601s][debug][gc,phases      ] GC(127)   StringDedup Requests1 Weak     Min:  0.0, Avg:  0.0, Max:  0.0, Diff:  0.0, Sum:  0.0, Workers: 4
[374.601s][debug][gc,phases      ] GC(127)     Dead                           Min: 0, Avg:  0.0, Max: 0, Diff: 0, Sum: 0, Workers: 4
[374.601s][debug][gc,phases      ] GC(127)     Total                          Min: 0, Avg:  0.0, Max: 0, Diff: 0, Sum: 0, Workers: 4
[374.601s][debug][gc,phases      ] GC(127)   Weak JFR Old Object Samples    Min:  0.0, Avg:  0.0, Max:  0.0, Diff:  0.0, Sum:  0.0, Workers: 4
[374.601s][debug][gc,phases      ] GC(127)     Dead                           Min: 0, Avg:  0.0, Max: 0, Diff: 0, Sum: 0, Workers: 4
[374.601s][debug][gc,phases      ] GC(127)     Total                          Min: 0, Avg:  0.0, Max: 0, Diff: 0, Sum: 0, Workers: 4
[374.601s][debug][gc,phases      ] GC(127) Weak Processing 0.362ms
[374.601s][debug][gc,age         ] GC(127) Desired survivor size 105381888 bytes, new threshold 15 (max threshold 15)
[374.601s][info ][gc,heap        ] GC(127) PSYoungGen: 1913504K(1994752K)->14520K(1907200K) Eden: 1892352K(1892352K)->0K(1892352K) From: 21152K(102400K)->14520K(14848K)
[374.601s][info ][gc,heap        ] GC(127) ParOldGen: 547830K(575488K)->554806K(575488K)
[374.601s][info ][gc,metaspace   ] GC(127) Metaspace: 81354K(82176K)->81354K(82176K) NonClass: 69934K(70400K)->69934K(70400K) Class: 11420K(11776K)->11420K(11776K)
[374.601s][info ][gc             ] GC(127) Pause Young (Allocation Failure) 2403M->555M(2424M) 10.000ms
[374.601s][info ][gc,cpu         ] GC(127) User=0.04s Sys=0.01s Real=0.01s
[374.601s][info ][safepoint      ] Safepoint "ParallelGCFailedAllocation", Time since last: 2647781388 ns, Reaching safepoint: 53801 ns, At safepoint: 10083590 ns, Total: 10137391 ns
[375.601s][info ][safepoint      ] Safepoint "Cleanup", Time since last: 1000092268 ns, Reaching safepoint: 61001 ns, At safepoint: 9800 ns, Total: 70801 ns
[376.602s][info ][safepoint      ] Safepoint "Cleanup", Time since last: 1000113060 ns, Reaching safepoint: 103802 ns, At safepoint: 26001 ns, Total: 129803 ns
[377.602s][info ][safepoint      ] Safepoint "Cleanup", Time since last: 1000151253 ns, Reaching safepoint: 85102 ns, At safepoint: 8000 ns, Total: 93102 ns
[382.602s][info ][safepoint      ] Safepoint "Cleanup", Time since last: 5000372050 ns, Reaching safepoint: 55801 ns, At safepoint: 15700 ns, Total: 71501 ns
[385.245s][info ][gc,start       ] GC(128) Pause Young (Allocation Failure)
[385.252s][debug][gc,phases      ] GC(128) Scavenge 7.697ms
[385.252s][debug][gc,ref         ] GC(128) Skipped phase 1 of Reference Processing: no references
[385.252s][debug][gc,ref         ] GC(128) ReferenceProcessor::execute queues: 1, RefProcThreadModel::Single, marks_oops_alive: false
[385.252s][debug][gc,ref         ] GC(128) Skipped phase 3 of Reference Processing: no references
[385.252s][debug][gc,ref         ] GC(128) ReferenceProcessor::execute queues: 1, RefProcThreadModel::Single, marks_oops_alive: false
[385.252s][debug][gc,phases      ] GC(128) Reference Processing 0.096ms
[385.253s][debug][gc,phases      ] GC(128)   VM Weak                        Min:  0.0, Avg:  0.0, Max:  0.0, Diff:  0.0, Sum:  0.0, Workers: 4
[385.253s][debug][gc,phases      ] GC(128)     Dead                           Min: 0, Avg:  0.0, Max: 0, Diff: 0, Sum: 0, Workers: 4
[385.253s][debug][gc,phases      ] GC(128)     Total                          Min: 0, Avg: 164.5, Max: 576, Diff: 576, Sum: 658, Workers: 4
[385.253s][debug][gc,phases      ] GC(128)   ObjectSynchronizer Weak        Min:  0.0, Avg:  0.0, Max:  0.0, Diff:  0.0, Sum:  0.0, Workers: 4
[385.253s][debug][gc,phases      ] GC(128)     Dead                           Min: 0, Avg:  0.0, Max: 0, Diff: 0, Sum: 0, Workers: 4
[385.253s][debug][gc,phases      ] GC(128)     Total                          Min: 0, Avg: 47.5, Max: 64, Diff: 64, Sum: 190, Workers: 4
[385.253s][debug][gc,phases      ] GC(128)   JVMTI Tag Weak OopStorage      Min:  0.0, Avg:  0.0, Max:  0.0, Diff:  0.0, Sum:  0.0, Workers: 4
[385.253s][debug][gc,phases      ] GC(128)     Dead                           Min: 0, Avg:  0.0, Max: 0, Diff: 0, Sum: 0, Workers: 4
[385.253s][debug][gc,phases      ] GC(128)     Total                          Min: 0, Avg:  0.0, Max: 0, Diff: 0, Sum: 0, Workers: 4
[385.253s][debug][gc,phases      ] GC(128)   StringTable Weak               Min:  0.1, Avg:  0.1, Max:  0.1, Diff:  0.0, Sum:  0.5, Workers: 4
[385.253s][debug][gc,phases      ] GC(128)     Dead                           Min: 0, Avg:  0.0, Max: 0, Diff: 0, Sum: 0, Workers: 4
[385.253s][debug][gc,phases      ] GC(128)     Total                          Min: 11520, Avg: 11959.5, Max: 12416, Diff: 896, Sum: 47838, Workers: 4
[385.253s][debug][gc,phases      ] GC(128)   ResolvedMethodTable Weak       Min:  0.0, Avg:  0.0, Max:  0.0, Diff:  0.0, Sum:  0.1, Workers: 4
[385.253s][debug][gc,phases      ] GC(128)     Dead                           Min: 0, Avg:  0.0, Max: 0, Diff: 0, Sum: 0, Workers: 4
[385.253s][debug][gc,phases      ] GC(128)     Total                          Min: 1344, Avg: 2034.8, Max: 2443, Diff: 1099, Sum: 8139, Workers: 4
[385.253s][debug][gc,phases      ] GC(128)   JNI Weak                       Min:  0.0, Avg:  0.0, Max:  0.0, Diff:  0.0, Sum:  0.0, Workers: 4
[385.253s][debug][gc,phases      ] GC(128)     Dead                           Min: 0, Avg:  0.0, Max: 0, Diff: 0, Sum: 0, Workers: 4
[385.253s][debug][gc,phases      ] GC(128)     Total                          Min: 0, Avg:  0.0, Max: 0, Diff: 0, Sum: 0, Workers: 4
[385.253s][debug][gc,phases      ] GC(128)   StringDedup Table Weak         Min:  0.0, Avg:  0.0, Max:  0.0, Diff:  0.0, Sum:  0.0, Workers: 4
[385.253s][debug][gc,phases      ] GC(128)     Dead                           Min: 0, Avg:  0.0, Max: 0, Diff: 0, Sum: 0, Workers: 4
[385.253s][debug][gc,phases      ] GC(128)     Total                          Min: 0, Avg:  0.0, Max: 0, Diff: 0, Sum: 0, Workers: 4
[385.253s][debug][gc,phases      ] GC(128)   StringDedup Requests0 Weak     Min:  0.0, Avg:  0.0, Max:  0.0, Diff:  0.0, Sum:  0.0, Workers: 4
[385.253s][debug][gc,phases      ] GC(128)     Dead                           Min: 0, Avg:  0.0, Max: 0, Diff: 0, Sum: 0, Workers: 4
[385.253s][debug][gc,phases      ] GC(128)     Total                          Min: 0, Avg:  0.0, Max: 0, Diff: 0, Sum: 0, Workers: 4
[385.253s][debug][gc,phases      ] GC(128)   StringDedup Requests1 Weak     Min:  0.0, Avg:  0.0, Max:  0.0, Diff:  0.0, Sum:  0.0, Workers: 4
[385.253s][debug][gc,phases      ] GC(128)     Dead                           Min: 0, Avg:  0.0, Max: 0, Diff: 0, Sum: 0, Workers: 4
[385.253s][debug][gc,phases      ] GC(128)     Total                          Min: 0, Avg:  0.0, Max: 0, Diff: 0, Sum: 0, Workers: 4
[385.253s][debug][gc,phases      ] GC(128)   Weak JFR Old Object Samples    Min:  0.0, Avg:  0.0, Max:  0.0, Diff:  0.0, Sum:  0.0, Workers: 4
[385.253s][debug][gc,phases      ] GC(128)     Dead                           Min: 0, Avg:  0.0, Max: 0, Diff: 0, Sum: 0, Workers: 4
[385.253s][debug][gc,phases      ] GC(128)     Total                          Min: 0, Avg:  0.0, Max: 0, Diff: 0, Sum: 0, Workers: 4
[385.253s][debug][gc,phases      ] GC(128) Weak Processing 0.340ms
[385.253s][debug][gc,age         ] GC(128) Desired survivor size 104857600 bytes, new threshold 15 (max threshold 15)
[385.253s][info ][gc,heap        ] GC(128) PSYoungGen: 1906872K(1907200K)->14312K(1994752K) Eden: 1892352K(1892352K)->0K(1891840K) From: 14520K(14848K)->14312K(102912K)
[385.253s][info ][gc,heap        ] GC(128) ParOldGen: 554806K(575488K)->554982K(575488K)
[385.253s][info ][gc,metaspace   ] GC(128) Metaspace: 81355K(82176K)->81355K(82176K) NonClass: 69935K(70400K)->69935K(70400K) Class: 11420K(11776K)->11420K(11776K)
[385.253s][info ][gc             ] GC(128) Pause Young (Allocation Failure) 2403M->555M(2510M) 8.295ms
[385.253s][info ][gc,cpu         ] GC(128) User=0.04s Sys=0.00s Real=0.01s
[385.253s][info ][safepoint      ] Safepoint "ParallelGCFailedAllocation", Time since last: 2642227375 ns, Reaching safepoint: 30001 ns, At safepoint: 8370057 ns, Total: 8400058 ns
[386.253s][info ][safepoint      ] Safepoint "Cleanup", Time since last: 1000086988 ns, Reaching safepoint: 54901 ns, At safepoint: 5501 ns, Total: 60402 ns
[387.253s][info ][safepoint      ] Safepoint "Cleanup", Time since last: 1000110881 ns, Reaching safepoint: 59001 ns, At safepoint: 3700 ns, Total: 62701 ns
[388.253s][info ][safepoint      ] Safepoint "Cleanup", Time since last: 1000112975 ns, Reaching safepoint: 57901 ns, At safepoint: 8000 ns, Total: 65901 ns
[395.940s][info ][gc,start       ] GC(129) Pause Young (Allocation Failure)
[395.947s][debug][gc,phases      ] GC(129) Scavenge 7.161ms
[395.947s][debug][gc,ref         ] GC(129) Skipped phase 1 of Reference Processing: no references
[395.947s][debug][gc,ref         ] GC(129) ReferenceProcessor::execute queues: 1, RefProcThreadModel::Single, marks_oops_alive: false
[395.947s][debug][gc,ref         ] GC(129) Skipped phase 3 of Reference Processing: no references
[395.947s][debug][gc,ref         ] GC(129) ReferenceProcessor::execute queues: 1, RefProcThreadModel::Single, marks_oops_alive: false
[395.947s][debug][gc,phases      ] GC(129) Reference Processing 0.122ms
[395.948s][debug][gc,phases      ] GC(129)   VM Weak                        Min:  0.0, Avg:  0.0, Max:  0.0, Diff:  0.0, Sum:  0.0, Workers: 4
[395.948s][debug][gc,phases      ] GC(129)     Dead                           Min: 0, Avg:  0.0, Max: 0, Diff: 0, Sum: 0, Workers: 4
[395.948s][debug][gc,phases      ] GC(129)     Total                          Min: 0, Avg: 164.5, Max: 640, Diff: 640, Sum: 658, Workers: 4
[395.948s][debug][gc,phases      ] GC(129)   ObjectSynchronizer Weak        Min:  0.0, Avg:  0.0, Max:  0.0, Diff:  0.0, Sum:  0.0, Workers: 4
[395.948s][debug][gc,phases      ] GC(129)     Dead                           Min: 0, Avg:  0.0, Max: 0, Diff: 0, Sum: 0, Workers: 4
[395.948s][debug][gc,phases      ] GC(129)     Total                          Min: 0, Avg: 47.5, Max: 126, Diff: 126, Sum: 190, Workers: 4
[395.948s][debug][gc,phases      ] GC(129)   JVMTI Tag Weak OopStorage      Min:  0.0, Avg:  0.0, Max:  0.0, Diff:  0.0, Sum:  0.0, Workers: 4
[395.948s][debug][gc,phases      ] GC(129)     Dead                           Min: 0, Avg:  0.0, Max: 0, Diff: 0, Sum: 0, Workers: 4
[395.948s][debug][gc,phases      ] GC(129)     Total                          Min: 0, Avg:  0.0, Max: 0, Diff: 0, Sum: 0, Workers: 4
[395.948s][debug][gc,phases      ] GC(129)   StringTable Weak               Min:  0.1, Avg:  0.1, Max:  0.1, Diff:  0.0, Sum:  0.5, Workers: 4
[395.948s][debug][gc,phases      ] GC(129)     Dead                           Min: 0, Avg:  0.0, Max: 0, Diff: 0, Sum: 0, Workers: 4
[395.948s][debug][gc,phases      ] GC(129)     Total                          Min: 10880, Avg: 11959.5, Max: 13120, Diff: 2240, Sum: 47838, Workers: 4
[395.948s][debug][gc,phases      ] GC(129)   ResolvedMethodTable Weak       Min:  0.0, Avg:  0.0, Max:  0.0, Diff:  0.0, Sum:  0.1, Workers: 4
[395.948s][debug][gc,phases      ] GC(129)     Dead                           Min: 0, Avg:  0.0, Max: 0, Diff: 0, Sum: 0, Workers: 4
[395.948s][debug][gc,phases      ] GC(129)     Total                          Min: 1931, Avg: 2034.8, Max: 2176, Diff: 245, Sum: 8139, Workers: 4
[395.948s][debug][gc,phases      ] GC(129)   JNI Weak                       Min:  0.0, Avg:  0.0, Max:  0.0, Diff:  0.0, Sum:  0.0, Workers: 4
[395.948s][debug][gc,phases      ] GC(129)     Dead                           Min: 0, Avg:  0.0, Max: 0, Diff: 0, Sum: 0, Workers: 4
[395.948s][debug][gc,phases      ] GC(129)     Total                          Min: 0, Avg:  0.0, Max: 0, Diff: 0, Sum: 0, Workers: 4
[395.948s][debug][gc,phases      ] GC(129)   StringDedup Table Weak         Min:  0.0, Avg:  0.0, Max:  0.0, Diff:  0.0, Sum:  0.0, Workers: 4
[395.948s][debug][gc,phases      ] GC(129)     Dead                           Min: 0, Avg:  0.0, Max: 0, Diff: 0, Sum: 0, Workers: 4
[395.948s][debug][gc,phases      ] GC(129)     Total                          Min: 0, Avg:  0.0, Max: 0, Diff: 0, Sum: 0, Workers: 4
[395.948s][debug][gc,phases      ] GC(129)   StringDedup Requests0 Weak     Min:  0.0, Avg:  0.0, Max:  0.0, Diff:  0.0, Sum:  0.0, Workers: 4
[395.948s][debug][gc,phases      ] GC(129)     Dead                           Min: 0, Avg:  0.0, Max: 0, Diff: 0, Sum: 0, Workers: 4
[395.948s][debug][gc,phases      ] GC(129)     Total                          Min: 0, Avg:  0.0, Max: 0, Diff: 0, Sum: 0, Workers: 4
[395.948s][debug][gc,phases      ] GC(129)   StringDedup Requests1 Weak     Min:  0.0, Avg:  0.0, Max:  0.0, Diff:  0.0, Sum:  0.0, Workers: 4
[395.948s][debug][gc,phases      ] GC(129)     Dead                           Min: 0, Avg:  0.0, Max: 0, Diff: 0, Sum: 0, Workers: 4
[395.948s][debug][gc,phases      ] GC(129)     Total                          Min: 0, Avg:  0.0, Max: 0, Diff: 0, Sum: 0, Workers: 4
[395.948s][debug][gc,phases      ] GC(129)   Weak JFR Old Object Samples    Min:  0.0, Avg:  0.0, Max:  0.0, Diff:  0.0, Sum:  0.0, Workers: 4
[395.948s][debug][gc,phases      ] GC(129)     Dead                           Min: 0, Avg:  0.0, Max: 0, Diff: 0, Sum: 0, Workers: 4
[395.948s][debug][gc,phases      ] GC(129)     Total                          Min: 0, Avg:  0.0, Max: 0, Diff: 0, Sum: 0, Workers: 4
[395.948s][debug][gc,phases      ] GC(129) Weak Processing 0.410ms
[395.948s][debug][gc,age         ] GC(129) Desired survivor size 103809024 bytes, new threshold 15 (max threshold 15)
[395.948s][info ][gc,heap        ] GC(129) PSYoungGen: 1906152K(1994752K)->14168K(1994240K) Eden: 1891840K(1891840K)->0K(1891840K) From: 14312K(102912K)->14168K(102400K)
[395.948s][info ][gc,heap        ] GC(129) ParOldGen: 554982K(575488K)->555194K(575488K)
[395.948s][info ][gc,metaspace   ] GC(129) Metaspace: 81364K(82176K)->81364K(82176K) NonClass: 69944K(70400K)->69944K(70400K) Class: 11420K(11776K)->11420K(11776K)
[395.948s][info ][gc             ] GC(129) Pause Young (Allocation Failure) 2403M->556M(2509M) 7.833ms
[395.948s][info ][gc,cpu         ] GC(129) User=0.02s Sys=0.00s Real=0.01s
[395.948s][info ][safepoint      ] Safepoint "ParallelGCFailedAllocation", Time since last: 7686595153 ns, Reaching safepoint: 50201 ns, At safepoint: 7953849 ns, Total: 8004050 ns
[398.949s][info ][safepoint      ] Safepoint "Cleanup", Time since last: 3000934824 ns, Reaching safepoint: 116803 ns, At safepoint: 8000 ns, Total: 124803 ns
[402.949s][info ][safepoint      ] Safepoint "Cleanup", Time since last: 4000338715 ns, Reaching safepoint: 64701 ns, At safepoint: 10600 ns, Total: 75301 ns
[406.645s][info ][gc,start       ] GC(130) Pause Young (Allocation Failure)
[406.650s][debug][gc,phases      ] GC(130) Scavenge 5.055ms
[406.650s][debug][gc,ref         ] GC(130) Skipped phase 1 of Reference Processing: no references
[406.650s][debug][gc,ref         ] GC(130) ReferenceProcessor::execute queues: 1, RefProcThreadModel::Single, marks_oops_alive: false
[406.650s][debug][gc,ref         ] GC(130) Skipped phase 3 of Reference Processing: no references
[406.650s][debug][gc,ref         ] GC(130) ReferenceProcessor::execute queues: 1, RefProcThreadModel::Single, marks_oops_alive: false
[406.650s][debug][gc,phases      ] GC(130) Reference Processing 0.122ms
[406.650s][debug][gc,phases      ] GC(130)   VM Weak                        Min:  0.0, Avg:  0.0, Max:  0.0, Diff:  0.0, Sum:  0.0, Workers: 4
[406.650s][debug][gc,phases      ] GC(130)     Dead                           Min: 0, Avg:  0.0, Max: 0, Diff: 0, Sum: 0, Workers: 4
[406.650s][debug][gc,phases      ] GC(130)     Total                          Min: 0, Avg: 164.5, Max: 530, Diff: 530, Sum: 658, Workers: 4
[406.650s][debug][gc,phases      ] GC(130)   ObjectSynchronizer Weak        Min:  0.0, Avg:  0.0, Max:  0.0, Diff:  0.0, Sum:  0.0, Workers: 4
[406.650s][debug][gc,phases      ] GC(130)     Dead                           Min: 0, Avg:  0.0, Max: 0, Diff: 0, Sum: 0, Workers: 4
[406.650s][debug][gc,phases      ] GC(130)     Total                          Min: 0, Avg: 47.5, Max: 126, Diff: 126, Sum: 190, Workers: 4
[406.650s][debug][gc,phases      ] GC(130)   JVMTI Tag Weak OopStorage      Min:  0.0, Avg:  0.0, Max:  0.0, Diff:  0.0, Sum:  0.0, Workers: 4
[406.650s][debug][gc,phases      ] GC(130)     Dead                           Min: 0, Avg:  0.0, Max: 0, Diff: 0, Sum: 0, Workers: 4
[406.650s][debug][gc,phases      ] GC(130)     Total                          Min: 0, Avg:  0.0, Max: 0, Diff: 0, Sum: 0, Workers: 4
[406.650s][debug][gc,phases      ] GC(130)   StringTable Weak               Min:  0.1, Avg:  0.1, Max:  0.1, Diff:  0.0, Sum:  0.4, Workers: 4
[406.650s][debug][gc,phases      ] GC(130)     Dead                           Min: 0, Avg:  0.0, Max: 0, Diff: 0, Sum: 0, Workers: 4
[406.650s][debug][gc,phases      ] GC(130)     Total                          Min: 11328, Avg: 11959.5, Max: 12864, Diff: 1536, Sum: 47838, Workers: 4
[406.650s][debug][gc,phases      ] GC(130)   ResolvedMethodTable Weak       Min:  0.0, Avg:  0.0, Max:  0.0, Diff:  0.0, Sum:  0.1, Workers: 4
[406.650s][debug][gc,phases      ] GC(130)     Dead                           Min: 0, Avg:  0.0, Max: 0, Diff: 0, Sum: 0, Workers: 4
[406.650s][debug][gc,phases      ] GC(130)     Total                          Min: 1920, Avg: 2034.8, Max: 2187, Diff: 267, Sum: 8139, Workers: 4
[406.650s][debug][gc,phases      ] GC(130)   JNI Weak                       Min:  0.0, Avg:  0.0, Max:  0.0, Diff:  0.0, Sum:  0.0, Workers: 4
[406.650s][debug][gc,phases      ] GC(130)     Dead                           Min: 0, Avg:  0.0, Max: 0, Diff: 0, Sum: 0, Workers: 4
[406.650s][debug][gc,phases      ] GC(130)     Total                          Min: 0, Avg:  0.0, Max: 0, Diff: 0, Sum: 0, Workers: 4
[406.650s][debug][gc,phases      ] GC(130)   StringDedup Table Weak         Min:  0.0, Avg:  0.0, Max:  0.0, Diff:  0.0, Sum:  0.0, Workers: 4
[406.650s][debug][gc,phases      ] GC(130)     Dead                           Min: 0, Avg:  0.0, Max: 0, Diff: 0, Sum: 0, Workers: 4
[406.650s][debug][gc,phases      ] GC(130)     Total                          Min: 0, Avg:  0.0, Max: 0, Diff: 0, Sum: 0, Workers: 4
[406.650s][debug][gc,phases      ] GC(130)   StringDedup Requests0 Weak     Min:  0.0, Avg:  0.0, Max:  0.0, Diff:  0.0, Sum:  0.0, Workers: 4
[406.650s][debug][gc,phases      ] GC(130)     Dead                           Min: 0, Avg:  0.0, Max: 0, Diff: 0, Sum: 0, Workers: 4
[406.650s][debug][gc,phases      ] GC(130)     Total                          Min: 0, Avg:  0.0, Max: 0, Diff: 0, Sum: 0, Workers: 4
[406.650s][debug][gc,phases      ] GC(130)   StringDedup Requests1 Weak     Min:  0.0, Avg:  0.0, Max:  0.0, Diff:  0.0, Sum:  0.0, Workers: 4
[406.650s][debug][gc,phases      ] GC(130)     Dead                           Min: 0, Avg:  0.0, Max: 0, Diff: 0, Sum: 0, Workers: 4
[406.650s][debug][gc,phases      ] GC(130)     Total                          Min: 0, Avg:  0.0, Max: 0, Diff: 0, Sum: 0, Workers: 4
[406.650s][debug][gc,phases      ] GC(130)   Weak JFR Old Object Samples    Min:  0.0, Avg:  0.0, Max:  0.0, Diff:  0.0, Sum:  0.0, Workers: 4
[406.650s][debug][gc,phases      ] GC(130)     Dead                           Min: 0, Avg:  0.0, Max: 0, Diff: 0, Sum: 0, Workers: 4
[406.650s][debug][gc,phases      ] GC(130)     Total                          Min: 0, Avg:  0.0, Max: 0, Diff: 0, Sum: 0, Workers: 4
[406.650s][debug][gc,phases      ] GC(130) Weak Processing 0.319ms
[406.650s][debug][gc,age         ] GC(130) Desired survivor size 101711872 bytes, new threshold 15 (max threshold 15)
[406.650s][info ][gc,heap        ] GC(130) PSYoungGen: 1906008K(1994240K)->14152K(1997824K) Eden: 1891840K(1891840K)->0K(1896448K) From: 14168K(102400K)->14152K(101376K)
[406.650s][info ][gc,heap        ] GC(130) ParOldGen: 555194K(575488K)->555266K(575488K)
[406.650s][info ][gc,metaspace   ] GC(130) Metaspace: 81364K(82176K)->81364K(82176K) NonClass: 69944K(70400K)->69944K(70400K) Class: 11420K(11776K)->11420K(11776K)
[406.650s][info ][gc             ] GC(130) Pause Young (Allocation Failure) 2403M->556M(2513M) 5.633ms
[406.650s][info ][gc,cpu         ] GC(130) User=0.02s Sys=0.00s Real=0.01s
[406.650s][info ][safepoint      ] Safepoint "ParallelGCFailedAllocation", Time since last: 3695113414 ns, Reaching safepoint: 52201 ns, At safepoint: 5715006 ns, Total: 5767207 ns
[409.651s][info ][safepoint      ] Safepoint "Cleanup", Time since last: 3000255784 ns, Reaching safepoint: 59501 ns, At safepoint: 7200 ns, Total: 66701 ns
[411.651s][info ][safepoint      ] Safepoint "Cleanup", Time since last: 2000194522 ns, Reaching safepoint: 120302 ns, At safepoint: 6700 ns, Total: 127002 ns
[412.651s][info ][safepoint      ] Safepoint "Cleanup", Time since last: 1000125901 ns, Reaching safepoint: 130802 ns, At safepoint: 11000 ns, Total: 141802 ns
[417.443s][info ][gc,start       ] GC(131) Pause Young (Allocation Failure)
[417.448s][debug][gc,phases      ] GC(131) Scavenge 5.131ms
[417.448s][debug][gc,ref         ] GC(131) Skipped phase 1 of Reference Processing: no references
[417.448s][debug][gc,ref         ] GC(131) ReferenceProcessor::execute queues: 1, RefProcThreadModel::Single, marks_oops_alive: false
[417.448s][debug][gc,ref         ] GC(131) Skipped phase 3 of Reference Processing: no references
[417.448s][debug][gc,ref         ] GC(131) ReferenceProcessor::execute queues: 1, RefProcThreadModel::Single, marks_oops_alive: false
[417.449s][debug][gc,phases      ] GC(131) Reference Processing 0.125ms
[417.449s][debug][gc,phases      ] GC(131)   VM Weak                        Min:  0.0, Avg:  0.0, Max:  0.0, Diff:  0.0, Sum:  0.0, Workers: 4
[417.449s][debug][gc,phases      ] GC(131)     Dead                           Min: 0, Avg:  0.0, Max: 0, Diff: 0, Sum: 0, Workers: 4
[417.449s][debug][gc,phases      ] GC(131)     Total                          Min: 0, Avg: 164.5, Max: 402, Diff: 402, Sum: 658, Workers: 4
[417.449s][debug][gc,phases      ] GC(131)   ObjectSynchronizer Weak        Min:  0.0, Avg:  0.0, Max:  0.0, Diff:  0.0, Sum:  0.0, Workers: 4
[417.449s][debug][gc,phases      ] GC(131)     Dead                           Min: 0, Avg:  0.0, Max: 0, Diff: 0, Sum: 0, Workers: 4
[417.449s][debug][gc,phases      ] GC(131)     Total                          Min: 0, Avg: 47.5, Max: 126, Diff: 126, Sum: 190, Workers: 4
[417.449s][debug][gc,phases      ] GC(131)   JVMTI Tag Weak OopStorage      Min:  0.0, Avg:  0.0, Max:  0.0, Diff:  0.0, Sum:  0.0, Workers: 4
[417.449s][debug][gc,phases      ] GC(131)     Dead                           Min: 0, Avg:  0.0, Max: 0, Diff: 0, Sum: 0, Workers: 4
[417.449s][debug][gc,phases      ] GC(131)     Total                          Min: 0, Avg:  0.0, Max: 0, Diff: 0, Sum: 0, Workers: 4
[417.449s][debug][gc,phases      ] GC(131)   StringTable Weak               Min:  0.1, Avg:  0.1, Max:  0.1, Diff:  0.0, Sum:  0.4, Workers: 4
[417.449s][debug][gc,phases      ] GC(131)     Dead                           Min: 0, Avg:  0.0, Max: 0, Diff: 0, Sum: 0, Workers: 4
[417.449s][debug][gc,phases      ] GC(131)     Total                          Min: 8384, Avg: 11968.2, Max: 13760, Diff: 5376, Sum: 47873, Workers: 4
[417.449s][debug][gc,phases      ] GC(131)   ResolvedMethodTable Weak       Min:  0.0, Avg:  0.0, Max:  0.0, Diff:  0.0, Sum:  0.1, Workers: 4
[417.449s][debug][gc,phases      ] GC(131)     Dead                           Min: 0, Avg:  0.0, Max: 0, Diff: 0, Sum: 0, Workers: 4
[417.449s][debug][gc,phases      ] GC(131)     Total                          Min: 1664, Avg: 2034.8, Max: 2240, Diff: 576, Sum: 8139, Workers: 4
[417.449s][debug][gc,phases      ] GC(131)   JNI Weak                       Min:  0.0, Avg:  0.0, Max:  0.0, Diff:  0.0, Sum:  0.0, Workers: 4
[417.449s][debug][gc,phases      ] GC(131)     Dead                           Min: 0, Avg:  0.0, Max: 0, Diff: 0, Sum: 0, Workers: 4
[417.449s][debug][gc,phases      ] GC(131)     Total                          Min: 0, Avg:  0.0, Max: 0, Diff: 0, Sum: 0, Workers: 4
[417.449s][debug][gc,phases      ] GC(131)   StringDedup Table Weak         Min:  0.0, Avg:  0.0, Max:  0.0, Diff:  0.0, Sum:  0.0, Workers: 4
[417.449s][debug][gc,phases      ] GC(131)     Dead                           Min: 0, Avg:  0.0, Max: 0, Diff: 0, Sum: 0, Workers: 4
[417.449s][debug][gc,phases      ] GC(131)     Total                          Min: 0, Avg:  0.0, Max: 0, Diff: 0, Sum: 0, Workers: 4
[417.449s][debug][gc,phases      ] GC(131)   StringDedup Requests0 Weak     Min:  0.0, Avg:  0.0, Max:  0.0, Diff:  0.0, Sum:  0.0, Workers: 4
[417.449s][debug][gc,phases      ] GC(131)     Dead                           Min: 0, Avg:  0.0, Max: 0, Diff: 0, Sum: 0, Workers: 4
[417.449s][debug][gc,phases      ] GC(131)     Total                          Min: 0, Avg:  0.0, Max: 0, Diff: 0, Sum: 0, Workers: 4
[417.449s][debug][gc,phases      ] GC(131)   StringDedup Requests1 Weak     Min:  0.0, Avg:  0.0, Max:  0.0, Diff:  0.0, Sum:  0.0, Workers: 4
[417.449s][debug][gc,phases      ] GC(131)     Dead                           Min: 0, Avg:  0.0, Max: 0, Diff: 0, Sum: 0, Workers: 4
[417.449s][debug][gc,phases      ] GC(131)     Total                          Min: 0, Avg:  0.0, Max: 0, Diff: 0, Sum: 0, Workers: 4
[417.449s][debug][gc,phases      ] GC(131)   Weak JFR Old Object Samples    Min:  0.0, Avg:  0.0, Max:  0.0, Diff:  0.0, Sum:  0.0, Workers: 4
[417.449s][debug][gc,phases      ] GC(131)     Dead                           Min: 0, Avg:  0.0, Max: 0, Diff: 0, Sum: 0, Workers: 4
[417.449s][debug][gc,phases      ] GC(131)     Total                          Min: 0, Avg:  0.0, Max: 0, Diff: 0, Sum: 0, Workers: 4
[417.449s][debug][gc,phases      ] GC(131) Weak Processing 0.356ms
[417.449s][debug][gc,age         ] GC(131) Desired survivor size 99614720 bytes, new threshold 15 (max threshold 15)
[417.449s][info ][gc,heap        ] GC(131) PSYoungGen: 1910600K(1997824K)->14088K(1995776K) Eden: 1896448K(1896448K)->0K(1896448K) From: 14152K(101376K)->14088K(99328K)
[417.449s][info ][gc,heap        ] GC(131) ParOldGen: 555266K(575488K)->555314K(575488K)
[417.449s][info ][gc,metaspace   ] GC(131) Metaspace: 81370K(82176K)->81370K(82176K) NonClass: 69950K(70400K)->69950K(70400K) Class: 11420K(11776K)->11420K(11776K)
[417.449s][info ][gc             ] GC(131) Pause Young (Allocation Failure) 2408M->556M(2511M) 5.757ms
[417.449s][info ][gc,cpu         ] GC(131) User=0.02s Sys=0.00s Real=0.01s
[417.449s][info ][safepoint      ] Safepoint "ParallelGCFailedAllocation", Time since last: 4791870526 ns, Reaching safepoint: 43800 ns, At safepoint: 5845009 ns, Total: 5888809 ns
[421.449s][info ][safepoint      ] Safepoint "Cleanup", Time since last: 4000298798 ns, Reaching safepoint: 127302 ns, At safepoint: 14300 ns, Total: 141602 ns
[426.450s][info ][safepoint      ] Safepoint "Cleanup", Time since last: 5000401795 ns, Reaching safepoint: 119302 ns, At safepoint: 9200 ns, Total: 128502 ns
[428.143s][info ][gc,start       ] GC(132) Pause Young (Allocation Failure)
[428.148s][debug][gc,phases      ] GC(132) Scavenge 4.879ms
[428.148s][debug][gc,ref         ] GC(132) Skipped phase 1 of Reference Processing: no references
[428.148s][debug][gc,ref         ] GC(132) ReferenceProcessor::execute queues: 1, RefProcThreadModel::Single, marks_oops_alive: false
[428.148s][debug][gc,ref         ] GC(132) Skipped phase 3 of Reference Processing: no references
[428.148s][debug][gc,ref         ] GC(132) ReferenceProcessor::execute queues: 1, RefProcThreadModel::Single, marks_oops_alive: false
[428.148s][debug][gc,phases      ] GC(132) Reference Processing 0.119ms
[428.148s][debug][gc,phases      ] GC(132)   VM Weak                        Min:  0.0, Avg:  0.0, Max:  0.0, Diff:  0.0, Sum:  0.0, Workers: 4
[428.148s][debug][gc,phases      ] GC(132)     Dead                           Min: 0, Avg:  0.0, Max: 0, Diff: 0, Sum: 0, Workers: 4
[428.148s][debug][gc,phases      ] GC(132)     Total                          Min: 0, Avg: 164.5, Max: 594, Diff: 594, Sum: 658, Workers: 4
[428.148s][debug][gc,phases      ] GC(132)   ObjectSynchronizer Weak        Min:  0.0, Avg:  0.0, Max:  0.0, Diff:  0.0, Sum:  0.0, Workers: 4
[428.148s][debug][gc,phases      ] GC(132)     Dead                           Min: 0, Avg:  0.0, Max: 0, Diff: 0, Sum: 0, Workers: 4
[428.148s][debug][gc,phases      ] GC(132)     Total                          Min: 0, Avg: 47.5, Max: 126, Diff: 126, Sum: 190, Workers: 4
[428.148s][debug][gc,phases      ] GC(132)   JVMTI Tag Weak OopStorage      Min:  0.0, Avg:  0.0, Max:  0.0, Diff:  0.0, Sum:  0.0, Workers: 4
[428.148s][debug][gc,phases      ] GC(132)     Dead                           Min: 0, Avg:  0.0, Max: 0, Diff: 0, Sum: 0, Workers: 4
[428.148s][debug][gc,phases      ] GC(132)     Total                          Min: 0, Avg:  0.0, Max: 0, Diff: 0, Sum: 0, Workers: 4
[428.148s][debug][gc,phases      ] GC(132)   StringTable Weak               Min:  0.1, Avg:  0.1, Max:  0.1, Diff:  0.0, Sum:  0.4, Workers: 4
[428.148s][debug][gc,phases      ] GC(132)     Dead                           Min: 0, Avg:  0.0, Max: 0, Diff: 0, Sum: 0, Workers: 4
[428.148s][debug][gc,phases      ] GC(132)     Total                          Min: 10496, Avg: 11968.5, Max: 13314, Diff: 2818, Sum: 47874, Workers: 4
[428.148s][debug][gc,phases      ] GC(132)   ResolvedMethodTable Weak       Min:  0.0, Avg:  0.0, Max:  0.0, Diff:  0.0, Sum:  0.1, Workers: 4
[428.148s][debug][gc,phases      ] GC(132)     Dead                           Min: 0, Avg:  0.0, Max: 0, Diff: 0, Sum: 0, Workers: 4
[428.148s][debug][gc,phases      ] GC(132)     Total                          Min: 1739, Avg: 2034.8, Max: 2304, Diff: 565, Sum: 8139, Workers: 4
[428.148s][debug][gc,phases      ] GC(132)   JNI Weak                       Min:  0.0, Avg:  0.0, Max:  0.0, Diff:  0.0, Sum:  0.0, Workers: 4
[428.148s][debug][gc,phases      ] GC(132)     Dead                           Min: 0, Avg:  0.0, Max: 0, Diff: 0, Sum: 0, Workers: 4
[428.148s][debug][gc,phases      ] GC(132)     Total                          Min: 0, Avg:  0.0, Max: 0, Diff: 0, Sum: 0, Workers: 4
[428.148s][debug][gc,phases      ] GC(132)   StringDedup Table Weak         Min:  0.0, Avg:  0.0, Max:  0.0, Diff:  0.0, Sum:  0.0, Workers: 4
[428.148s][debug][gc,phases      ] GC(132)     Dead                           Min: 0, Avg:  0.0, Max: 0, Diff: 0, Sum: 0, Workers: 4
[428.148s][debug][gc,phases      ] GC(132)     Total                          Min: 0, Avg:  0.0, Max: 0, Diff: 0, Sum: 0, Workers: 4
[428.148s][debug][gc,phases      ] GC(132)   StringDedup Requests0 Weak     Min:  0.0, Avg:  0.0, Max:  0.0, Diff:  0.0, Sum:  0.0, Workers: 4
[428.148s][debug][gc,phases      ] GC(132)     Dead                           Min: 0, Avg:  0.0, Max: 0, Diff: 0, Sum: 0, Workers: 4
[428.148s][debug][gc,phases      ] GC(132)     Total                          Min: 0, Avg:  0.0, Max: 0, Diff: 0, Sum: 0, Workers: 4
[428.148s][debug][gc,phases      ] GC(132)   StringDedup Requests1 Weak     Min:  0.0, Avg:  0.0, Max:  0.0, Diff:  0.0, Sum:  0.0, Workers: 4
[428.148s][debug][gc,phases      ] GC(132)     Dead                           Min: 0, Avg:  0.0, Max: 0, Diff: 0, Sum: 0, Workers: 4
[428.148s][debug][gc,phases      ] GC(132)     Total                          Min: 0, Avg:  0.0, Max: 0, Diff: 0, Sum: 0, Workers: 4
[428.148s][debug][gc,phases      ] GC(132)   Weak JFR Old Object Samples    Min:  0.0, Avg:  0.0, Max:  0.0, Diff:  0.0, Sum:  0.0, Workers: 4
[428.148s][debug][gc,phases      ] GC(132)     Dead                           Min: 0, Avg:  0.0, Max: 0, Diff: 0, Sum: 0, Workers: 4
[428.148s][debug][gc,phases      ] GC(132)     Total                          Min: 0, Avg:  0.0, Max: 0, Diff: 0, Sum: 0, Workers: 4
[428.148s][debug][gc,phases      ] GC(132) Weak Processing 0.319ms
[428.148s][debug][gc,age         ] GC(132) Desired survivor size 96468992 bytes, new threshold 15 (max threshold 15)
[428.148s][info ][gc,heap        ] GC(132) PSYoungGen: 1910536K(1995776K)->14008K(2002944K) Eden: 1896448K(1896448K)->0K(1905664K) From: 14088K(99328K)->14008K(97280K)
[428.148s][info ][gc,heap        ] GC(132) ParOldGen: 555314K(575488K)->555450K(575488K)
[428.148s][info ][gc,metaspace   ] GC(132) Metaspace: 81371K(82176K)->81371K(82176K) NonClass: 69951K(70400K)->69951K(70400K) Class: 11420K(11776K)->11420K(11776K)
[428.148s][info ][gc             ] GC(132) Pause Young (Allocation Failure) 2408M->556M(2518M) 5.448ms
[428.148s][info ][gc,cpu         ] GC(132) User=0.02s Sys=0.00s Real=0.01s
[428.148s][info ][safepoint      ] Safepoint "ParallelGCFailedAllocation", Time since last: 1692853609 ns, Reaching safepoint: 33901 ns, At safepoint: 5544002 ns, Total: 5577903 ns
[434.149s][info ][safepoint      ] Safepoint "Cleanup", Time since last: 6000469622 ns, Reaching safepoint: 118402 ns, At safepoint: 8100 ns, Total: 126502 ns
[437.149s][info ][safepoint      ] Safepoint "Cleanup", Time since last: 3000274921 ns, Reaching safepoint: 53401 ns, At safepoint: 3300 ns, Total: 56701 ns
[438.893s][info ][gc,start       ] GC(133) Pause Young (Allocation Failure)
[438.899s][debug][gc,phases      ] GC(133) Scavenge 6.729ms
[438.900s][debug][gc,ref         ] GC(133) Skipped phase 1 of Reference Processing: no references
[438.900s][debug][gc,ref         ] GC(133) ReferenceProcessor::execute queues: 1, RefProcThreadModel::Single, marks_oops_alive: false
[438.900s][debug][gc,ref         ] GC(133) Skipped phase 3 of Reference Processing: no references
[438.900s][debug][gc,ref         ] GC(133) Skipped phase 4 of Reference Processing: no references
[438.900s][debug][gc,phases      ] GC(133) Reference Processing 0.124ms
[438.900s][debug][gc,phases      ] GC(133)   VM Weak                        Min:  0.0, Avg:  0.0, Max:  0.0, Diff:  0.0, Sum:  0.0, Workers: 4
[438.900s][debug][gc,phases      ] GC(133)     Dead                           Min: 0, Avg:  0.0, Max: 0, Diff: 0, Sum: 0, Workers: 4
[438.900s][debug][gc,phases      ] GC(133)     Total                          Min: 0, Avg: 164.5, Max: 402, Diff: 402, Sum: 658, Workers: 4
[438.900s][debug][gc,phases      ] GC(133)   ObjectSynchronizer Weak        Min:  0.0, Avg:  0.0, Max:  0.0, Diff:  0.0, Sum:  0.0, Workers: 4
[438.900s][debug][gc,phases      ] GC(133)     Dead                           Min: 0, Avg:  0.0, Max: 0, Diff: 0, Sum: 0, Workers: 4
[438.900s][debug][gc,phases      ] GC(133)     Total                          Min: 0, Avg: 47.5, Max: 64, Diff: 64, Sum: 190, Workers: 4
[438.900s][debug][gc,phases      ] GC(133)   JVMTI Tag Weak OopStorage      Min:  0.0, Avg:  0.0, Max:  0.0, Diff:  0.0, Sum:  0.0, Workers: 4
[438.900s][debug][gc,phases      ] GC(133)     Dead                           Min: 0, Avg:  0.0, Max: 0, Diff: 0, Sum: 0, Workers: 4
[438.900s][debug][gc,phases      ] GC(133)     Total                          Min: 0, Avg:  0.0, Max: 0, Diff: 0, Sum: 0, Workers: 4
[438.900s][debug][gc,phases      ] GC(133)   StringTable Weak               Min:  0.1, Avg:  0.1, Max:  0.1, Diff:  0.0, Sum:  0.5, Workers: 4
[438.900s][debug][gc,phases      ] GC(133)     Dead                           Min: 0, Avg:  0.0, Max: 0, Diff: 0, Sum: 0, Workers: 4
[438.900s][debug][gc,phases      ] GC(133)     Total                          Min: 11074, Avg: 11968.5, Max: 12608, Diff: 1534, Sum: 47874, Workers: 4
[438.900s][debug][gc,phases      ] GC(133)   ResolvedMethodTable Weak       Min:  0.0, Avg:  0.0, Max:  0.0, Diff:  0.0, Sum:  0.1, Workers: 4
[438.900s][debug][gc,phases      ] GC(133)     Dead                           Min: 0, Avg:  0.0, Max: 0, Diff: 0, Sum: 0, Workers: 4
[438.900s][debug][gc,phases      ] GC(133)     Total                          Min: 1931, Avg: 2034.8, Max: 2112, Diff: 181, Sum: 8139, Workers: 4
[438.900s][debug][gc,phases      ] GC(133)   JNI Weak                       Min:  0.0, Avg:  0.0, Max:  0.0, Diff:  0.0, Sum:  0.0, Workers: 4
[438.900s][debug][gc,phases      ] GC(133)     Dead                           Min: 0, Avg:  0.0, Max: 0, Diff: 0, Sum: 0, Workers: 4
[438.900s][debug][gc,phases      ] GC(133)     Total                          Min: 0, Avg:  0.0, Max: 0, Diff: 0, Sum: 0, Workers: 4
[438.900s][debug][gc,phases      ] GC(133)   StringDedup Table Weak         Min:  0.0, Avg:  0.0, Max:  0.0, Diff:  0.0, Sum:  0.0, Workers: 4
[438.900s][debug][gc,phases      ] GC(133)     Dead                           Min: 0, Avg:  0.0, Max: 0, Diff: 0, Sum: 0, Workers: 4
[438.900s][debug][gc,phases      ] GC(133)     Total                          Min: 0, Avg:  0.0, Max: 0, Diff: 0, Sum: 0, Workers: 4
[438.900s][debug][gc,phases      ] GC(133)   StringDedup Requests0 Weak     Min:  0.0, Avg:  0.0, Max:  0.0, Diff:  0.0, Sum:  0.0, Workers: 4
[438.900s][debug][gc,phases      ] GC(133)     Dead                           Min: 0, Avg:  0.0, Max: 0, Diff: 0, Sum: 0, Workers: 4
[438.900s][debug][gc,phases      ] GC(133)     Total                          Min: 0, Avg:  0.0, Max: 0, Diff: 0, Sum: 0, Workers: 4
[438.900s][debug][gc,phases      ] GC(133)   StringDedup Requests1 Weak     Min:  0.0, Avg:  0.0, Max:  0.0, Diff:  0.0, Sum:  0.0, Workers: 4
[438.900s][debug][gc,phases      ] GC(133)     Dead                           Min: 0, Avg:  0.0, Max: 0, Diff: 0, Sum: 0, Workers: 4
[438.900s][debug][gc,phases      ] GC(133)     Total                          Min: 0, Avg:  0.0, Max: 0, Diff: 0, Sum: 0, Workers: 4
[438.900s][debug][gc,phases      ] GC(133)   Weak JFR Old Object Samples    Min:  0.0, Avg:  0.0, Max:  0.0, Diff:  0.0, Sum:  0.0, Workers: 4
[438.900s][debug][gc,phases      ] GC(133)     Dead                           Min: 0, Avg:  0.0, Max: 0, Diff: 0, Sum: 0, Workers: 4
[438.900s][debug][gc,phases      ] GC(133)     Total                          Min: 0, Avg:  0.0, Max: 0, Diff: 0, Sum: 0, Workers: 4
[438.900s][debug][gc,phases      ] GC(133) Weak Processing 0.349ms
[438.900s][debug][gc,age         ] GC(133) Desired survivor size 95420416 bytes, new threshold 15 (max threshold 15)
[438.900s][info ][gc,heap        ] GC(133) PSYoungGen: 1919672K(2002944K)->3872K(1999872K) Eden: 1905664K(1905664K)->0K(1905664K) From: 14008K(97280K)->3872K(94208K)
[438.900s][info ][gc,heap        ] GC(133) ParOldGen: 555450K(575488K)->566010K(575488K)
[438.900s][info ][gc,metaspace   ] GC(133) Metaspace: 81373K(82176K)->81373K(82176K) NonClass: 69952K(70400K)->69952K(70400K) Class: 11420K(11776K)->11420K(11776K)
[438.900s][info ][gc             ] GC(133) Pause Young (Allocation Failure) 2417M->556M(2515M) 7.352ms
[438.900s][info ][gc,cpu         ] GC(133) User=0.02s Sys=0.01s Real=0.01s
[438.900s][debug][gc,phases      ] GC(134) Pre Compact 0.010ms
[438.900s][info ][gc,start       ] GC(134) Pause Full (Ergonomics)
[438.900s][info ][gc,phases,start] GC(134) Marking Phase
[439.050s][debug][gc,phases      ] GC(134) Par Mark 149.858ms
[439.050s][debug][gc,ref         ] GC(134) Skipped phase 1 of Reference Processing: no references
[439.050s][debug][gc,ref         ] GC(134) ReferenceProcessor::execute queues: 4, RefProcThreadModel::Multi, marks_oops_alive: false
[439.051s][debug][gc,ref         ] GC(134) Skipped phase 3 of Reference Processing: no references
[439.051s][debug][gc,ref         ] GC(134) ReferenceProcessor::execute queues: 1, RefProcThreadModel::Single, marks_oops_alive: false
[439.051s][debug][gc,phases      ] GC(134) Reference Processing 0.758ms
[439.051s][debug][gc,phases      ] GC(134)   VM Weak                        Min:  0.0, Avg:  0.0, Max:  0.0, Diff:  0.0, Sum:  0.0, Workers: 4
[439.051s][debug][gc,phases      ] GC(134)     Dead                           Min: 0, Avg:  0.0, Max: 0, Diff: 0, Sum: 0, Workers: 4
[439.051s][debug][gc,phases      ] GC(134)     Total                          Min: 0, Avg: 164.5, Max: 338, Diff: 338, Sum: 658, Workers: 4
[439.051s][debug][gc,phases      ] GC(134)   ObjectSynchronizer Weak        Min:  0.0, Avg:  0.0, Max:  0.0, Diff:  0.0, Sum:  0.0, Workers: 4
[439.051s][debug][gc,phases      ] GC(134)     Dead                           Min: 0, Avg:  1.8, Max: 6, Diff: 6, Sum: 7, Workers: 4
[439.051s][debug][gc,phases      ] GC(134)     Total                          Min: 0, Avg: 47.5, Max: 126, Diff: 126, Sum: 190, Workers: 4
[439.051s][debug][gc,phases      ] GC(134)   JVMTI Tag Weak OopStorage      Min:  0.0, Avg:  0.0, Max:  0.0, Diff:  0.0, Sum:  0.0, Workers: 4
[439.051s][debug][gc,phases      ] GC(134)     Dead                           Min: 0, Avg:  0.0, Max: 0, Diff: 0, Sum: 0, Workers: 4
[439.051s][debug][gc,phases      ] GC(134)     Total                          Min: 0, Avg:  0.0, Max: 0, Diff: 0, Sum: 0, Workers: 4
[439.051s][debug][gc,phases      ] GC(134)   StringTable Weak               Min:  0.2, Avg:  0.2, Max:  0.2, Diff:  0.0, Sum:  0.7, Workers: 4
[439.051s][debug][gc,phases      ] GC(134)     Dead                           Min: 0, Avg:  0.0, Max: 0, Diff: 0, Sum: 0, Workers: 4
[439.051s][debug][gc,phases      ] GC(134)     Total                          Min: 9408, Avg: 11968.5, Max: 12994, Diff: 3586, Sum: 47874, Workers: 4
[439.051s][debug][gc,phases      ] GC(134)   ResolvedMethodTable Weak       Min:  0.0, Avg:  0.0, Max:  0.0, Diff:  0.0, Sum:  0.1, Workers: 4
[439.051s][debug][gc,phases      ] GC(134)     Dead                           Min: 0, Avg:  0.0, Max: 0, Diff: 0, Sum: 0, Workers: 4
[439.051s][debug][gc,phases      ] GC(134)     Total                          Min: 1280, Avg: 2034.8, Max: 2432, Diff: 1152, Sum: 8139, Workers: 4
[439.051s][debug][gc,phases      ] GC(134)   JNI Weak                       Min:  0.0, Avg:  0.0, Max:  0.0, Diff:  0.0, Sum:  0.0, Workers: 4
[439.051s][debug][gc,phases      ] GC(134)     Dead                           Min: 0, Avg:  0.0, Max: 0, Diff: 0, Sum: 0, Workers: 4
[439.051s][debug][gc,phases      ] GC(134)     Total                          Min: 0, Avg:  0.0, Max: 0, Diff: 0, Sum: 0, Workers: 4
[439.051s][debug][gc,phases      ] GC(134)   StringDedup Table Weak         Min:  0.0, Avg:  0.0, Max:  0.0, Diff:  0.0, Sum:  0.0, Workers: 4
[439.051s][debug][gc,phases      ] GC(134)     Dead                           Min: 0, Avg:  0.0, Max: 0, Diff: 0, Sum: 0, Workers: 4
[439.051s][debug][gc,phases      ] GC(134)     Total                          Min: 0, Avg:  0.0, Max: 0, Diff: 0, Sum: 0, Workers: 4
[439.051s][debug][gc,phases      ] GC(134)   StringDedup Requests0 Weak     Min:  0.0, Avg:  0.0, Max:  0.0, Diff:  0.0, Sum:  0.0, Workers: 4
[439.051s][debug][gc,phases      ] GC(134)     Dead                           Min: 0, Avg:  0.0, Max: 0, Diff: 0, Sum: 0, Workers: 4
[439.051s][debug][gc,phases      ] GC(134)     Total                          Min: 0, Avg:  0.0, Max: 0, Diff: 0, Sum: 0, Workers: 4
[439.051s][debug][gc,phases      ] GC(134)   StringDedup Requests1 Weak     Min:  0.0, Avg:  0.0, Max:  0.0, Diff:  0.0, Sum:  0.0, Workers: 4
[439.051s][debug][gc,phases      ] GC(134)     Dead                           Min: 0, Avg:  0.0, Max: 0, Diff: 0, Sum: 0, Workers: 4
[439.051s][debug][gc,phases      ] GC(134)     Total                          Min: 0, Avg:  0.0, Max: 0, Diff: 0, Sum: 0, Workers: 4
[439.051s][debug][gc,phases      ] GC(134)   Weak JFR Old Object Samples    Min:  0.0, Avg:  0.0, Max:  0.0, Diff:  0.0, Sum:  0.0, Workers: 4
[439.051s][debug][gc,phases      ] GC(134)     Dead                           Min: 0, Avg:  0.0, Max: 0, Diff: 0, Sum: 0, Workers: 4
[439.051s][debug][gc,phases      ] GC(134)     Total                          Min: 0, Avg:  0.0, Max: 0, Diff: 0, Sum: 0, Workers: 4
[439.051s][debug][gc,phases      ] GC(134) Weak Processing 0.410ms
[439.051s][debug][gc,phases      ] GC(134) ClassLoaderData 0.089ms
[439.051s][debug][gc,phases      ] GC(134) Trigger cleanups 0.001ms
[439.068s][debug][gc,phases      ] GC(134) Class Unloading 16.358ms
[439.068s][info ][gc,phases      ] GC(134) Marking Phase 167.574ms
[439.068s][info ][gc,phases,start] GC(134) Summary Phase
[439.068s][info ][gc,phases      ] GC(134) Summary Phase 0.019ms
[439.068s][info ][gc,phases,start] GC(134) Adjust Roots
[439.079s][info ][gc,phases      ] GC(134) Adjust Roots 11.437ms
[439.079s][info ][gc,phases,start] GC(134) Compaction Phase
[439.191s][info ][gc,phases      ] GC(134) Compaction Phase 112.187ms
[439.191s][info ][gc,phases,start] GC(134) Post Compact
[439.193s][info ][gc,phases      ] GC(134) Post Compact 1.372ms
[439.193s][info ][gc,heap        ] GC(134) PSYoungGen: 3872K(1999872K)->0K(2003968K) Eden: 0K(1905664K)->0K(1910784K) From: 3872K(94208K)->0K(93184K)
[439.193s][info ][gc,heap        ] GC(134) ParOldGen: 566010K(575488K)->547170K(637952K)
[439.193s][info ][gc,metaspace   ] GC(134) Metaspace: 81373K(82176K)->81373K(82176K) NonClass: 69952K(70400K)->69952K(70400K) Class: 11420K(11776K)->11420K(11776K)
[439.193s][info ][gc             ] GC(134) Pause Full (Ergonomics) 556M->534M(2580M) 292.897ms
[439.193s][info ][gc,cpu         ] GC(134) User=1.07s Sys=0.00s Real=0.29s
[439.193s][info ][safepoint      ] Safepoint "ParallelGCFailedAllocation", Time since last: 1743338118 ns, Reaching safepoint: 32101 ns, At safepoint: 300402632 ns, Total: 300434733 ns
[440.193s][info ][safepoint      ] Safepoint "Cleanup", Time since last: 1000104413 ns, Reaching safepoint: 132603 ns, At safepoint: 6900 ns, Total: 139503 ns
[441.194s][info ][safepoint      ] Safepoint "Cleanup", Time since last: 1000116407 ns, Reaching safepoint: 119803 ns, At safepoint: 8900 ns, Total: 128703 ns
[443.194s][info ][safepoint      ] Safepoint "Cleanup", Time since last: 2000159694 ns, Reaching safepoint: 115402 ns, At safepoint: 8100 ns, Total: 123502 ns
[445.194s][info ][safepoint      ] Safepoint "Cleanup", Time since last: 2000182768 ns, Reaching safepoint: 128003 ns, At safepoint: 13900 ns, Total: 141903 ns
[448.195s][info ][safepoint      ] Safepoint "Cleanup", Time since last: 3000240103 ns, Reaching safepoint: 122602 ns, At safepoint: 8700 ns, Total: 131302 ns
[449.195s][info ][safepoint      ] Safepoint "Cleanup", Time since last: 1000113855 ns, Reaching safepoint: 137903 ns, At safepoint: 14700 ns, Total: 152603 ns
[449.510s][info ][gc,start       ] GC(135) Pause Young (Allocation Failure)
[449.512s][debug][gc,phases      ] GC(135) Scavenge 1.807ms
[449.512s][debug][gc,ref         ] GC(135) Skipped phase 1 of Reference Processing: no references
[449.512s][debug][gc,ref         ] GC(135) ReferenceProcessor::execute queues: 1, RefProcThreadModel::Single, marks_oops_alive: false
[449.512s][debug][gc,ref         ] GC(135) Skipped phase 3 of Reference Processing: no references
[449.512s][debug][gc,ref         ] GC(135) ReferenceProcessor::execute queues: 1, RefProcThreadModel::Single, marks_oops_alive: false
[449.512s][debug][gc,phases      ] GC(135) Reference Processing 0.111ms
[449.512s][debug][gc,phases      ] GC(135)   VM Weak                        Min:  0.0, Avg:  0.0, Max:  0.0, Diff:  0.0, Sum:  0.0, Workers: 4
[449.512s][debug][gc,phases      ] GC(135)     Dead                           Min: 0, Avg:  0.0, Max: 0, Diff: 0, Sum: 0, Workers: 4
[449.512s][debug][gc,phases      ] GC(135)     Total                          Min: 0, Avg: 164.5, Max: 658, Diff: 658, Sum: 658, Workers: 4
[449.512s][debug][gc,phases      ] GC(135)   ObjectSynchronizer Weak        Min:  0.0, Avg:  0.0, Max:  0.0, Diff:  0.0, Sum:  0.0, Workers: 4
[449.512s][debug][gc,phases      ] GC(135)     Dead                           Min: 0, Avg:  0.0, Max: 0, Diff: 0, Sum: 0, Workers: 4
[449.512s][debug][gc,phases      ] GC(135)     Total                          Min: 0, Avg: 47.5, Max: 126, Diff: 126, Sum: 190, Workers: 4
[449.512s][debug][gc,phases      ] GC(135)   JVMTI Tag Weak OopStorage      Min:  0.0, Avg:  0.0, Max:  0.0, Diff:  0.0, Sum:  0.0, Workers: 4
[449.512s][debug][gc,phases      ] GC(135)     Dead                           Min: 0, Avg:  0.0, Max: 0, Diff: 0, Sum: 0, Workers: 4
[449.512s][debug][gc,phases      ] GC(135)     Total                          Min: 0, Avg:  0.0, Max: 0, Diff: 0, Sum: 0, Workers: 4
[449.512s][debug][gc,phases      ] GC(135)   StringTable Weak               Min:  0.1, Avg:  0.1, Max:  0.1, Diff:  0.0, Sum:  0.4, Workers: 4
[449.512s][debug][gc,phases      ] GC(135)     Dead                           Min: 0, Avg:  0.0, Max: 0, Diff: 0, Sum: 0, Workers: 4
[449.512s][debug][gc,phases      ] GC(135)     Total                          Min: 11072, Avg: 11969.2, Max: 12672, Diff: 1600, Sum: 47877, Workers: 4
[449.512s][debug][gc,phases      ] GC(135)   ResolvedMethodTable Weak       Min:  0.0, Avg:  0.0, Max:  0.0, Diff:  0.0, Sum:  0.1, Workers: 4
[449.512s][debug][gc,phases      ] GC(135)     Dead                           Min: 0, Avg:  0.0, Max: 0, Diff: 0, Sum: 0, Workers: 4
[449.512s][debug][gc,phases      ] GC(135)     Total                          Min: 1856, Avg: 2035.2, Max: 2304, Diff: 448, Sum: 8141, Workers: 4
[449.512s][debug][gc,phases      ] GC(135)   JNI Weak                       Min:  0.0, Avg:  0.0, Max:  0.0, Diff:  0.0, Sum:  0.0, Workers: 4
[449.512s][debug][gc,phases      ] GC(135)     Dead                           Min: 0, Avg:  0.0, Max: 0, Diff: 0, Sum: 0, Workers: 4
[449.512s][debug][gc,phases      ] GC(135)     Total                          Min: 0, Avg:  0.0, Max: 0, Diff: 0, Sum: 0, Workers: 4
[449.512s][debug][gc,phases      ] GC(135)   StringDedup Table Weak         Min:  0.0, Avg:  0.0, Max:  0.0, Diff:  0.0, Sum:  0.0, Workers: 4
[449.512s][debug][gc,phases      ] GC(135)     Dead                           Min: 0, Avg:  0.0, Max: 0, Diff: 0, Sum: 0, Workers: 4
[449.512s][debug][gc,phases      ] GC(135)     Total                          Min: 0, Avg:  0.0, Max: 0, Diff: 0, Sum: 0, Workers: 4
[449.512s][debug][gc,phases      ] GC(135)   StringDedup Requests0 Weak     Min:  0.0, Avg:  0.0, Max:  0.0, Diff:  0.0, Sum:  0.0, Workers: 4
[449.512s][debug][gc,phases      ] GC(135)     Dead                           Min: 0, Avg:  0.0, Max: 0, Diff: 0, Sum: 0, Workers: 4
[449.512s][debug][gc,phases      ] GC(135)     Total                          Min: 0, Avg:  0.0, Max: 0, Diff: 0, Sum: 0, Workers: 4
[449.512s][debug][gc,phases      ] GC(135)   StringDedup Requests1 Weak     Min:  0.0, Avg:  0.0, Max:  0.0, Diff:  0.0, Sum:  0.0, Workers: 4
[449.512s][debug][gc,phases      ] GC(135)     Dead                           Min: 0, Avg:  0.0, Max: 0, Diff: 0, Sum: 0, Workers: 4
[449.512s][debug][gc,phases      ] GC(135)     Total                          Min: 0, Avg:  0.0, Max: 0, Diff: 0, Sum: 0, Workers: 4
[449.512s][debug][gc,phases      ] GC(135)   Weak JFR Old Object Samples    Min:  0.0, Avg:  0.0, Max:  0.0, Diff:  0.0, Sum:  0.0, Workers: 4
[449.512s][debug][gc,phases      ] GC(135)     Dead                           Min: 0, Avg:  0.0, Max: 0, Diff: 0, Sum: 0, Workers: 4
[449.512s][debug][gc,phases      ] GC(135)     Total                          Min: 0, Avg:  0.0, Max: 0, Diff: 0, Sum: 0, Workers: 4
[449.512s][debug][gc,phases      ] GC(135) Weak Processing 0.325ms
[449.512s][debug][gc,age         ] GC(135) Desired survivor size 93847552 bytes, new threshold 15 (max threshold 15)
[449.512s][info ][gc,heap        ] GC(135) PSYoungGen: 1910784K(2003968K)->1064K(2003968K) Eden: 1910784K(1910784K)->0K(1910784K) From: 0K(93184K)->1064K(93184K)
[449.512s][info ][gc,heap        ] GC(135) ParOldGen: 547170K(637952K)->547170K(637952K)
[449.512s][info ][gc,metaspace   ] GC(135) Metaspace: 81388K(82176K)->81388K(82176K) NonClass: 69967K(70400K)->69967K(70400K) Class: 11421K(11776K)->11421K(11776K)
[449.512s][info ][gc             ] GC(135) Pause Young (Allocation Failure) 2400M->535M(2580M) 2.368ms
[449.512s][info ][gc,cpu         ] GC(135) User=0.00s Sys=0.00s Real=0.00s
[449.512s][info ][safepoint      ] Safepoint "ParallelGCFailedAllocation", Time since last: 314868277 ns, Reaching safepoint: 70302 ns, At safepoint: 2455045 ns, Total: 2525347 ns
[450.512s][info ][safepoint      ] Safepoint "Cleanup", Time since last: 1000048745 ns, Reaching safepoint: 58301 ns, At safepoint: 2900 ns, Total: 61201 ns
[451.513s][info ][safepoint      ] Safepoint "Cleanup", Time since last: 1000111841 ns, Reaching safepoint: 133602 ns, At safepoint: 10100 ns, Total: 143702 ns
[452.513s][info ][safepoint      ] Safepoint "Cleanup", Time since last: 1000106134 ns, Reaching safepoint: 43201 ns, At safepoint: 3000 ns, Total: 46201 ns
[453.513s][info ][safepoint      ] Safepoint "Cleanup", Time since last: 1000107427 ns, Reaching safepoint: 104702 ns, At safepoint: 7700 ns, Total: 112402 ns
[454.513s][info ][safepoint      ] Safepoint "Cleanup", Time since last: 1000116721 ns, Reaching safepoint: 57401 ns, At safepoint: 6100 ns, Total: 63501 ns
[455.513s][info ][safepoint      ] Safepoint "Cleanup", Time since last: 1000109015 ns, Reaching safepoint: 48801 ns, At safepoint: 4100 ns, Total: 52901 ns
[457.217s][info ][safepoint      ] Safepoint "Cleanup", Time since last: 1703896688 ns, Reaching safepoint: 81501 ns, At safepoint: 20501 ns, Total: 102002 ns
[458.217s][info ][safepoint      ] Safepoint "Cleanup", Time since last: 1000116297 ns, Reaching safepoint: 56701 ns, At safepoint: 9200 ns, Total: 65901 ns
[459.218s][info ][safepoint      ] Safepoint "Cleanup", Time since last: 1000109691 ns, Reaching safepoint: 53701 ns, At safepoint: 7600 ns, Total: 61301 ns
[462.218s][info ][safepoint      ] Safepoint "Cleanup", Time since last: 3000247116 ns, Reaching safepoint: 41203 ns, At safepoint: 3200 ns, Total: 44403 ns
[463.837s][info ][gc,start       ] GC(136) Pause Young (Allocation Failure)
[463.850s][debug][gc,phases      ] GC(136) Scavenge 13.467ms
[463.850s][debug][gc,ref         ] GC(136) Skipped phase 1 of Reference Processing: no references
[463.850s][debug][gc,ref         ] GC(136) ReferenceProcessor::execute queues: 1, RefProcThreadModel::Single, marks_oops_alive: false
[463.850s][debug][gc,ref         ] GC(136) Skipped phase 3 of Reference Processing: no references
[463.850s][debug][gc,ref         ] GC(136) ReferenceProcessor::execute queues: 1, RefProcThreadModel::Single, marks_oops_alive: false
[463.850s][debug][gc,phases      ] GC(136) Reference Processing 0.132ms
[463.851s][debug][gc,phases      ] GC(136)   VM Weak                        Min:  0.0, Avg:  0.0, Max:  0.0, Diff:  0.0, Sum:  0.0, Workers: 4
[463.851s][debug][gc,phases      ] GC(136)     Dead                           Min: 0, Avg:  0.0, Max: 0, Diff: 0, Sum: 0, Workers: 4
[463.851s][debug][gc,phases      ] GC(136)     Total                          Min: 0, Avg: 164.5, Max: 256, Diff: 256, Sum: 658, Workers: 4
[463.851s][debug][gc,phases      ] GC(136)   ObjectSynchronizer Weak        Min:  0.0, Avg:  0.0, Max:  0.0, Diff:  0.0, Sum:  0.0, Workers: 4
[463.851s][debug][gc,phases      ] GC(136)     Dead                           Min: 0, Avg:  0.0, Max: 0, Diff: 0, Sum: 0, Workers: 4
[463.851s][debug][gc,phases      ] GC(136)     Total                          Min: 0, Avg: 47.5, Max: 64, Diff: 64, Sum: 190, Workers: 4
[463.851s][debug][gc,phases      ] GC(136)   JVMTI Tag Weak OopStorage      Min:  0.0, Avg:  0.0, Max:  0.0, Diff:  0.0, Sum:  0.0, Workers: 4
[463.851s][debug][gc,phases      ] GC(136)     Dead                           Min: 0, Avg:  0.0, Max: 0, Diff: 0, Sum: 0, Workers: 4
[463.851s][debug][gc,phases      ] GC(136)     Total                          Min: 0, Avg:  0.0, Max: 0, Diff: 0, Sum: 0, Workers: 4
[463.851s][debug][gc,phases      ] GC(136)   StringTable Weak               Min:  0.1, Avg:  0.1, Max:  0.1, Diff:  0.0, Sum:  0.4, Workers: 4
[463.851s][debug][gc,phases      ] GC(136)     Dead                           Min: 0, Avg:  0.0, Max: 0, Diff: 0, Sum: 0, Workers: 4
[463.851s][debug][gc,phases      ] GC(136)     Total                          Min: 11648, Avg: 11973.5, Max: 12502, Diff: 854, Sum: 47894, Workers: 4
[463.851s][debug][gc,phases      ] GC(136)   ResolvedMethodTable Weak       Min:  0.0, Avg:  0.0, Max:  0.0, Diff:  0.0, Sum:  0.1, Workers: 4
[463.851s][debug][gc,phases      ] GC(136)     Dead                           Min: 0, Avg:  0.0, Max: 0, Diff: 0, Sum: 0, Workers: 4
[463.851s][debug][gc,phases      ] GC(136)     Total                          Min: 1920, Avg: 2035.2, Max: 2240, Diff: 320, Sum: 8141, Workers: 4
[463.851s][debug][gc,phases      ] GC(136)   JNI Weak                       Min:  0.0, Avg:  0.0, Max:  0.0, Diff:  0.0, Sum:  0.0, Workers: 4
[463.851s][debug][gc,phases      ] GC(136)     Dead                           Min: 0, Avg:  0.0, Max: 0, Diff: 0, Sum: 0, Workers: 4
[463.851s][debug][gc,phases      ] GC(136)     Total                          Min: 0, Avg:  0.0, Max: 0, Diff: 0, Sum: 0, Workers: 4
[463.851s][debug][gc,phases      ] GC(136)   StringDedup Table Weak         Min:  0.0, Avg:  0.0, Max:  0.0, Diff:  0.0, Sum:  0.0, Workers: 4
[463.851s][debug][gc,phases      ] GC(136)     Dead                           Min: 0, Avg:  0.0, Max: 0, Diff: 0, Sum: 0, Workers: 4
[463.851s][debug][gc,phases      ] GC(136)     Total                          Min: 0, Avg:  0.0, Max: 0, Diff: 0, Sum: 0, Workers: 4
[463.851s][debug][gc,phases      ] GC(136)   StringDedup Requests0 Weak     Min:  0.0, Avg:  0.0, Max:  0.0, Diff:  0.0, Sum:  0.0, Workers: 4
[463.851s][debug][gc,phases      ] GC(136)     Dead                           Min: 0, Avg:  0.0, Max: 0, Diff: 0, Sum: 0, Workers: 4
[463.851s][debug][gc,phases      ] GC(136)     Total                          Min: 0, Avg:  0.0, Max: 0, Diff: 0, Sum: 0, Workers: 4
[463.851s][debug][gc,phases      ] GC(136)   StringDedup Requests1 Weak     Min:  0.0, Avg:  0.0, Max:  0.0, Diff:  0.0, Sum:  0.0, Workers: 4
[463.851s][debug][gc,phases      ] GC(136)     Dead                           Min: 0, Avg:  0.0, Max: 0, Diff: 0, Sum: 0, Workers: 4
[463.851s][debug][gc,phases      ] GC(136)     Total                          Min: 0, Avg:  0.0, Max: 0, Diff: 0, Sum: 0, Workers: 4
[463.851s][debug][gc,phases      ] GC(136)   Weak JFR Old Object Samples    Min:  0.0, Avg:  0.0, Max:  0.0, Diff:  0.0, Sum:  0.0, Workers: 4
[463.851s][debug][gc,phases      ] GC(136)     Dead                           Min: 0, Avg:  0.0, Max: 0, Diff: 0, Sum: 0, Workers: 4
[463.851s][debug][gc,phases      ] GC(136)     Total                          Min: 0, Avg:  0.0, Max: 0, Diff: 0, Sum: 0, Workers: 4
[463.851s][debug][gc,phases      ] GC(136) Weak Processing 0.347ms
[463.851s][debug][gc,age         ] GC(136) Desired survivor size 89128960 bytes, new threshold 15 (max threshold 15)
[463.851s][info ][gc,heap        ] GC(136) PSYoungGen: 1911583K(2003968K)->32547K(2010112K) Eden: 1910518K(1910784K)->0K(1918464K) From: 1064K(93184K)->32547K(91648K)
[463.851s][info ][gc,heap        ] GC(136) ParOldGen: 547170K(637952K)->547170K(637952K)
[463.851s][info ][gc,metaspace   ] GC(136) Metaspace: 81394K(82176K)->81394K(82176K) NonClass: 69973K(70400K)->69973K(70400K) Class: 11421K(11776K)->11421K(11776K)
[463.851s][info ][gc             ] GC(136) Pause Young (Allocation Failure) 2401M->566M(2586M) 14.094ms
[463.851s][info ][gc,cpu         ] GC(136) User=0.06s Sys=0.00s Real=0.01s
[463.851s][info ][safepoint      ] Safepoint "ParallelGCFailedAllocation", Time since last: 1618735166 ns, Reaching safepoint: 114707 ns, At safepoint: 14191487 ns, Total: 14306194 ns
[464.851s][info ][safepoint      ] Safepoint "Cleanup", Time since last: 1000083951 ns, Reaching safepoint: 52403 ns, At safepoint: 3100 ns, Total: 55503 ns
[465.851s][info ][safepoint      ] Safepoint "Cleanup", Time since last: 1000138773 ns, Reaching safepoint: 94405 ns, At safepoint: 12701 ns, Total: 107106 ns
[466.852s][info ][safepoint      ] Safepoint "Cleanup", Time since last: 1000114284 ns, Reaching safepoint: 45603 ns, At safepoint: 8200 ns, Total: 53803 ns
[467.852s][info ][safepoint      ] Safepoint "Cleanup", Time since last: 1000092696 ns, Reaching safepoint: 62104 ns, At safepoint: 6000 ns, Total: 68104 ns
[468.852s][info ][safepoint      ] Safepoint "Cleanup", Time since last: 1000117611 ns, Reaching safepoint: 50703 ns, At safepoint: 3600 ns, Total: 54303 ns
[469.852s][info ][safepoint      ] Safepoint "Cleanup", Time since last: 1000117624 ns, Reaching safepoint: 49503 ns, At safepoint: 9901 ns, Total: 59404 ns
[472.852s][info ][safepoint      ] Safepoint "Cleanup", Time since last: 3000249848 ns, Reaching safepoint: 62103 ns, At safepoint: 11501 ns, Total: 73604 ns
[473.853s][info ][safepoint      ] Safepoint "Cleanup", Time since last: 1000142381 ns, Reaching safepoint: 67004 ns, At safepoint: 3501 ns, Total: 70505 ns
[476.853s][info ][safepoint      ] Safepoint "Cleanup", Time since last: 3000284220 ns, Reaching safepoint: 64904 ns, At safepoint: 8201 ns, Total: 73105 ns
[480.853s][info ][safepoint      ] Safepoint "Cleanup", Time since last: 4000333733 ns, Reaching safepoint: 55903 ns, At safepoint: 6101 ns, Total: 62004 ns
[483.854s][info ][safepoint      ] Safepoint "Cleanup", Time since last: 3000258637 ns, Reaching safepoint: 54603 ns, At safepoint: 8701 ns, Total: 63304 ns
[486.854s][info ][safepoint      ] Safepoint "Cleanup", Time since last: 3000231379 ns, Reaching safepoint: 53704 ns, At safepoint: 5500 ns, Total: 59204 ns
[489.854s][info ][safepoint      ] Safepoint "Cleanup", Time since last: 3000312232 ns, Reaching safepoint: 58604 ns, At safepoint: 4900 ns, Total: 63504 ns
[494.855s][info ][safepoint      ] Safepoint "Cleanup", Time since last: 5000457190 ns, Reaching safepoint: 55204 ns, At safepoint: 8600 ns, Total: 63804 ns
[497.855s][info ][safepoint      ] Safepoint "Cleanup", Time since last: 3000246844 ns, Reaching safepoint: 53704 ns, At safepoint: 4100 ns, Total: 57804 ns
[498.858s][info ][safepoint      ] Safepoint "Cleanup", Time since last: 1000117486 ns, Reaching safepoint: 3208391 ns, At safepoint: 10901 ns, Total: 3219292 ns
[499.859s][info ][safepoint      ] Safepoint "Cleanup", Time since last: 1000142606 ns, Reaching safepoint: 143409 ns, At safepoint: 6400 ns, Total: 149809 ns
[504.859s][info ][safepoint      ] Safepoint "Cleanup", Time since last: 5000437795 ns, Reaching safepoint: 56204 ns, At safepoint: 4100 ns, Total: 60304 ns
[518.860s][info ][safepoint      ] Safepoint "Cleanup", Time since last: 14000948150 ns, Reaching safepoint: 56403 ns, At safepoint: 3901 ns, Total: 60304 ns
[521.861s][info ][safepoint      ] Safepoint "Cleanup", Time since last: 3000265378 ns, Reaching safepoint: 51503 ns, At safepoint: 3800 ns, Total: 55303 ns
[524.861s][info ][safepoint      ] Safepoint "Cleanup", Time since last: 3000256575 ns, Reaching safepoint: 51503 ns, At safepoint: 8801 ns, Total: 60304 ns
[525.861s][info ][safepoint      ] Safepoint "Cleanup", Time since last: 1000117038 ns, Reaching safepoint: 54503 ns, At safepoint: 5401 ns, Total: 59904 ns
[528.861s][info ][safepoint      ] Safepoint "Cleanup", Time since last: 3000272146 ns, Reaching safepoint: 51203 ns, At safepoint: 5001 ns, Total: 56204 ns
[533.768s][info ][gc,start       ] GC(137) Pause Young (Allocation Failure)
[533.777s][debug][gc,phases      ] GC(137) Scavenge 9.238ms
[533.777s][debug][gc,ref         ] GC(137) Skipped phase 1 of Reference Processing: no references
[533.777s][debug][gc,ref         ] GC(137) ReferenceProcessor::execute queues: 1, RefProcThreadModel::Single, marks_oops_alive: false
[533.777s][debug][gc,ref         ] GC(137) Skipped phase 3 of Reference Processing: no references
[533.777s][debug][gc,ref         ] GC(137) ReferenceProcessor::execute queues: 1, RefProcThreadModel::Single, marks_oops_alive: false
[533.777s][debug][gc,phases      ] GC(137) Reference Processing 0.154ms
[533.777s][debug][gc,phases      ] GC(137)   VM Weak                        Min:  0.0, Avg:  0.0, Max:  0.0, Diff:  0.0, Sum:  0.0, Workers: 4
[533.777s][debug][gc,phases      ] GC(137)     Dead                           Min: 0, Avg:  0.0, Max: 0, Diff: 0, Sum: 0, Workers: 4
[533.777s][debug][gc,phases      ] GC(137)     Total                          Min: 0, Avg: 164.8, Max: 659, Diff: 659, Sum: 659, Workers: 4
[533.777s][debug][gc,phases      ] GC(137)   ObjectSynchronizer Weak        Min:  0.0, Avg:  0.0, Max:  0.0, Diff:  0.0, Sum:  0.0, Workers: 4
[533.777s][debug][gc,phases      ] GC(137)     Dead                           Min: 0, Avg:  0.0, Max: 0, Diff: 0, Sum: 0, Workers: 4
[533.777s][debug][gc,phases      ] GC(137)     Total                          Min: 0, Avg: 47.5, Max: 190, Diff: 190, Sum: 190, Workers: 4
[533.777s][debug][gc,phases      ] GC(137)   JVMTI Tag Weak OopStorage      Min:  0.0, Avg:  0.0, Max:  0.0, Diff:  0.0, Sum:  0.0, Workers: 4
[533.777s][debug][gc,phases      ] GC(137)     Dead                           Min: 0, Avg:  0.0, Max: 0, Diff: 0, Sum: 0, Workers: 4
[533.777s][debug][gc,phases      ] GC(137)     Total                          Min: 0, Avg:  0.0, Max: 0, Diff: 0, Sum: 0, Workers: 4
[533.777s][debug][gc,phases      ] GC(137)   StringTable Weak               Min:  0.1, Avg:  0.1, Max:  0.1, Diff:  0.0, Sum:  0.5, Workers: 4
[533.777s][debug][gc,phases      ] GC(137)     Dead                           Min: 0, Avg:  0.0, Max: 0, Diff: 0, Sum: 0, Workers: 4
[533.777s][debug][gc,phases      ] GC(137)     Total                          Min: 11392, Avg: 11985.0, Max: 12992, Diff: 1600, Sum: 47940, Workers: 4
[533.777s][debug][gc,phases      ] GC(137)   ResolvedMethodTable Weak       Min:  0.0, Avg:  0.0, Max:  0.0, Diff:  0.0, Sum:  0.1, Workers: 4
[533.777s][debug][gc,phases      ] GC(137)     Dead                           Min: 0, Avg:  0.0, Max: 0, Diff: 0, Sum: 0, Workers: 4
[533.777s][debug][gc,phases      ] GC(137)     Total                          Min: 1920, Avg: 2037.0, Max: 2197, Diff: 277, Sum: 8148, Workers: 4
[533.777s][debug][gc,phases      ] GC(137)   JNI Weak                       Min:  0.0, Avg:  0.0, Max:  0.0, Diff:  0.0, Sum:  0.0, Workers: 4
[533.777s][debug][gc,phases      ] GC(137)     Dead                           Min: 0, Avg:  0.0, Max: 0, Diff: 0, Sum: 0, Workers: 4
[533.777s][debug][gc,phases      ] GC(137)     Total                          Min: 0, Avg:  0.0, Max: 0, Diff: 0, Sum: 0, Workers: 4
[533.777s][debug][gc,phases      ] GC(137)   StringDedup Table Weak         Min:  0.0, Avg:  0.0, Max:  0.0, Diff:  0.0, Sum:  0.0, Workers: 4
[533.777s][debug][gc,phases      ] GC(137)     Dead                           Min: 0, Avg:  0.0, Max: 0, Diff: 0, Sum: 0, Workers: 4
[533.777s][debug][gc,phases      ] GC(137)     Total                          Min: 0, Avg:  0.0, Max: 0, Diff: 0, Sum: 0, Workers: 4
[533.777s][debug][gc,phases      ] GC(137)   StringDedup Requests0 Weak     Min:  0.0, Avg:  0.0, Max:  0.0, Diff:  0.0, Sum:  0.0, Workers: 4
[533.777s][debug][gc,phases      ] GC(137)     Dead                           Min: 0, Avg:  0.0, Max: 0, Diff: 0, Sum: 0, Workers: 4
[533.777s][debug][gc,phases      ] GC(137)     Total                          Min: 0, Avg:  0.0, Max: 0, Diff: 0, Sum: 0, Workers: 4
[533.777s][debug][gc,phases      ] GC(137)   StringDedup Requests1 Weak     Min:  0.0, Avg:  0.0, Max:  0.0, Diff:  0.0, Sum:  0.0, Workers: 4
[533.777s][debug][gc,phases      ] GC(137)     Dead                           Min: 0, Avg:  0.0, Max: 0, Diff: 0, Sum: 0, Workers: 4
[533.777s][debug][gc,phases      ] GC(137)     Total                          Min: 0, Avg:  0.0, Max: 0, Diff: 0, Sum: 0, Workers: 4
[533.777s][debug][gc,phases      ] GC(137)   Weak JFR Old Object Samples    Min:  0.0, Avg:  0.0, Max:  0.0, Diff:  0.0, Sum:  0.0, Workers: 4
[533.777s][debug][gc,phases      ] GC(137)     Dead                           Min: 0, Avg:  0.0, Max: 0, Diff: 0, Sum: 0, Workers: 4
[533.777s][debug][gc,phases      ] GC(137)     Total                          Min: 0, Avg:  0.0, Max: 0, Diff: 0, Sum: 0, Workers: 4
[533.777s][debug][gc,phases      ] GC(137) Weak Processing 0.363ms
[533.777s][debug][gc,age         ] GC(137) Desired survivor size 85458944 bytes, new threshold 15 (max threshold 15)
[533.777s][info ][gc,heap        ] GC(137) PSYoungGen: 1951011K(2010112K)->32614K(2005504K) Eden: 1918464K(1918464K)->0K(1918464K) From: 32547K(91648K)->32614K(87040K)
[533.777s][info ][gc,heap        ] GC(137) ParOldGen: 547170K(637952K)->547170K(637952K)
[533.777s][info ][gc,metaspace   ] GC(137) Metaspace: 81418K(82304K)->81418K(82304K) NonClass: 69994K(70464K)->69994K(70464K) Class: 11424K(11840K)->11424K(11840K)
[533.777s][info ][gc             ] GC(137) Pause Young (Allocation Failure) 2439M->566M(2581M) 9.911ms
[533.777s][info ][gc,cpu         ] GC(137) User=0.03s Sys=0.00s Real=0.01s
[533.777s][info ][safepoint      ] Safepoint "ParallelGCFailedAllocation", Time since last: 4905975406 ns, Reaching safepoint: 105006 ns, At safepoint: 10002068 ns, Total: 10107074 ns
[543.778s][info ][safepoint      ] Safepoint "Cleanup", Time since last: 10000686303 ns, Reaching safepoint: 57304 ns, At safepoint: 11300 ns, Total: 68604 ns
[550.779s][info ][safepoint      ] Safepoint "Cleanup", Time since last: 7000475717 ns, Reaching safepoint: 59003 ns, At safepoint: 16201 ns, Total: 75204 ns
[556.779s][info ][safepoint      ] Safepoint "Cleanup", Time since last: 6000431567 ns, Reaching safepoint: 55103 ns, At safepoint: 5900 ns, Total: 61003 ns
[560.780s][info ][safepoint      ] Safepoint "Cleanup", Time since last: 4000330022 ns, Reaching safepoint: 116606 ns, At safepoint: 6900 ns, Total: 123506 ns
[568.780s][info ][safepoint      ] Safepoint "Cleanup", Time since last: 8000607277 ns, Reaching safepoint: 57003 ns, At safepoint: 8400 ns, Total: 65403 ns
[573.781s][info ][safepoint      ] Safepoint "Cleanup", Time since last: 5000375567 ns, Reaching safepoint: 63004 ns, At safepoint: 9800 ns, Total: 72804 ns
[589.782s][info ][safepoint      ] Safepoint "Cleanup", Time since last: 16001066774 ns, Reaching safepoint: 53003 ns, At safepoint: 7301 ns, Total: 60304 ns
[590.872s][info ][safepoint      ] Safepoint "Cleanup", Time since last: 1089884145 ns, Reaching safepoint: 75004 ns, At safepoint: 10501 ns, Total: 85505 ns
[591.872s][info ][safepoint      ] Safepoint "Cleanup", Time since last: 1000127041 ns, Reaching safepoint: 44602 ns, At safepoint: 3200 ns, Total: 47802 ns
[592.872s][info ][safepoint      ] Safepoint "Cleanup", Time since last: 1000111972 ns, Reaching safepoint: 62604 ns, At safepoint: 4800 ns, Total: 67404 ns
[600.873s][info ][safepoint      ] Safepoint "Cleanup", Time since last: 8000579528 ns, Reaching safepoint: 47903 ns, At safepoint: 3900 ns, Total: 51803 ns
[601.873s][info ][safepoint      ] Safepoint "Cleanup", Time since last: 1000129067 ns, Reaching safepoint: 53703 ns, At safepoint: 7000 ns, Total: 60703 ns
[602.873s][info ][safepoint      ] Safepoint "Cleanup", Time since last: 1000122600 ns, Reaching safepoint: 51303 ns, At safepoint: 5900 ns, Total: 57203 ns
[605.861s][info ][gc,start       ] GC(138) Pause Young (Allocation Failure)
[605.871s][debug][gc,phases      ] GC(138) Scavenge 9.943ms
[605.872s][debug][gc,ref         ] GC(138) Skipped phase 1 of Reference Processing: no references
[605.872s][debug][gc,ref         ] GC(138) ReferenceProcessor::execute queues: 1, RefProcThreadModel::Single, marks_oops_alive: false
[605.872s][debug][gc,ref         ] GC(138) Skipped phase 3 of Reference Processing: no references
[605.872s][debug][gc,ref         ] GC(138) ReferenceProcessor::execute queues: 1, RefProcThreadModel::Single, marks_oops_alive: false
[605.872s][debug][gc,phases      ] GC(138) Reference Processing 0.148ms
[605.872s][debug][gc,phases      ] GC(138)   VM Weak                        Min:  0.0, Avg:  0.0, Max:  0.0, Diff:  0.0, Sum:  0.0, Workers: 4
[605.872s][debug][gc,phases      ] GC(138)     Dead                           Min: 0, Avg:  0.0, Max: 0, Diff: 0, Sum: 0, Workers: 4
[605.872s][debug][gc,phases      ] GC(138)     Total                          Min: 0, Avg: 165.2, Max: 640, Diff: 640, Sum: 661, Workers: 4
[605.872s][debug][gc,phases      ] GC(138)   ObjectSynchronizer Weak        Min:  0.0, Avg:  0.0, Max:  0.0, Diff:  0.0, Sum:  0.0, Workers: 4
[605.872s][debug][gc,phases      ] GC(138)     Dead                           Min: 0, Avg:  0.0, Max: 0, Diff: 0, Sum: 0, Workers: 4
[605.872s][debug][gc,phases      ] GC(138)     Total                          Min: 0, Avg: 47.5, Max: 128, Diff: 128, Sum: 190, Workers: 4
[605.872s][debug][gc,phases      ] GC(138)   JVMTI Tag Weak OopStorage      Min:  0.0, Avg:  0.0, Max:  0.0, Diff:  0.0, Sum:  0.0, Workers: 4
[605.872s][debug][gc,phases      ] GC(138)     Dead                           Min: 0, Avg:  0.0, Max: 0, Diff: 0, Sum: 0, Workers: 4
[605.872s][debug][gc,phases      ] GC(138)     Total                          Min: 0, Avg:  0.0, Max: 0, Diff: 0, Sum: 0, Workers: 4
[605.872s][debug][gc,phases      ] GC(138)   StringTable Weak               Min:  0.1, Avg:  0.1, Max:  0.1, Diff:  0.0, Sum:  0.5, Workers: 4
[605.872s][debug][gc,phases      ] GC(138)     Dead                           Min: 0, Avg:  0.0, Max: 0, Diff: 0, Sum: 0, Workers: 4
[605.872s][debug][gc,phases      ] GC(138)     Total                          Min: 11392, Avg: 11993.8, Max: 12928, Diff: 1536, Sum: 47975, Workers: 4
[605.872s][debug][gc,phases      ] GC(138)   ResolvedMethodTable Weak       Min:  0.0, Avg:  0.0, Max:  0.0, Diff:  0.0, Sum:  0.1, Workers: 4
[605.872s][debug][gc,phases      ] GC(138)     Dead                           Min: 0, Avg:  0.0, Max: 0, Diff: 0, Sum: 0, Workers: 4
[605.872s][debug][gc,phases      ] GC(138)     Total                          Min: 1856, Avg: 2039.0, Max: 2175, Diff: 319, Sum: 8156, Workers: 4
[605.872s][debug][gc,phases      ] GC(138)   JNI Weak                       Min:  0.0, Avg:  0.0, Max:  0.0, Diff:  0.0, Sum:  0.0, Workers: 4
[605.872s][debug][gc,phases      ] GC(138)     Dead                           Min: 0, Avg:  0.0, Max: 0, Diff: 0, Sum: 0, Workers: 4
[605.872s][debug][gc,phases      ] GC(138)     Total                          Min: 0, Avg:  0.0, Max: 0, Diff: 0, Sum: 0, Workers: 4
[605.872s][debug][gc,phases      ] GC(138)   StringDedup Table Weak         Min:  0.0, Avg:  0.0, Max:  0.0, Diff:  0.0, Sum:  0.0, Workers: 4
[605.872s][debug][gc,phases      ] GC(138)     Dead                           Min: 0, Avg:  0.0, Max: 0, Diff: 0, Sum: 0, Workers: 4
[605.872s][debug][gc,phases      ] GC(138)     Total                          Min: 0, Avg:  0.0, Max: 0, Diff: 0, Sum: 0, Workers: 4
[605.872s][debug][gc,phases      ] GC(138)   StringDedup Requests0 Weak     Min:  0.0, Avg:  0.0, Max:  0.0, Diff:  0.0, Sum:  0.0, Workers: 4
[605.872s][debug][gc,phases      ] GC(138)     Dead                           Min: 0, Avg:  0.0, Max: 0, Diff: 0, Sum: 0, Workers: 4
[605.872s][debug][gc,phases      ] GC(138)     Total                          Min: 0, Avg:  0.0, Max: 0, Diff: 0, Sum: 0, Workers: 4
[605.872s][debug][gc,phases      ] GC(138)   StringDedup Requests1 Weak     Min:  0.0, Avg:  0.0, Max:  0.0, Diff:  0.0, Sum:  0.0, Workers: 4
[605.872s][debug][gc,phases      ] GC(138)     Dead                           Min: 0, Avg:  0.0, Max: 0, Diff: 0, Sum: 0, Workers: 4
[605.872s][debug][gc,phases      ] GC(138)     Total                          Min: 0, Avg:  0.0, Max: 0, Diff: 0, Sum: 0, Workers: 4
[605.872s][debug][gc,phases      ] GC(138)   Weak JFR Old Object Samples    Min:  0.0, Avg:  0.0, Max:  0.0, Diff:  0.0, Sum:  0.0, Workers: 4
[605.872s][debug][gc,phases      ] GC(138)     Dead                           Min: 0, Avg:  0.0, Max: 0, Diff: 0, Sum: 0, Workers: 4
[605.872s][debug][gc,phases      ] GC(138)     Total                          Min: 0, Avg:  0.0, Max: 0, Diff: 0, Sum: 0, Workers: 4
[605.872s][debug][gc,phases      ] GC(138) Weak Processing 0.366ms
[605.872s][debug][gc,age         ] GC(138) Desired survivor size 81788928 bytes, new threshold 15 (max threshold 15)
[605.872s][info ][gc,heap        ] GC(138) PSYoungGen: 1951078K(2005504K)->33127K(2017280K) Eden: 1918464K(1918464K)->0K(1933824K) From: 32614K(87040K)->33127K(83456K)
[605.872s][info ][gc,heap        ] GC(138) ParOldGen: 547170K(637952K)->547178K(637952K)
[605.872s][info ][gc,metaspace   ] GC(138) Metaspace: 81511K(82368K)->81511K(82368K) NonClass: 70082K(70528K)->70082K(70528K) Class: 11429K(11840K)->11429K(11840K)
[605.872s][info ][gc             ] GC(138) Pause Young (Allocation Failure) 2439M->566M(2593M) 10.614ms
[605.872s][info ][gc,cpu         ] GC(138) User=0.04s Sys=0.00s Real=0.01s
[605.872s][info ][safepoint      ] Safepoint "ParallelGCFailedAllocation", Time since last: 2987974160 ns, Reaching safepoint: 159808 ns, At safepoint: 10700853 ns, Total: 10860661 ns
[607.872s][info ][safepoint      ] Safepoint "Cleanup", Time since last: 2000153298 ns, Reaching safepoint: 49002 ns, At safepoint: 3300 ns, Total: 52302 ns
[608.873s][info ][safepoint      ] Safepoint "Cleanup", Time since last: 1000116602 ns, Reaching safepoint: 50603 ns, At safepoint: 3100 ns, Total: 53703 ns
[610.873s][info ][safepoint      ] Safepoint "Cleanup", Time since last: 2000182404 ns, Reaching safepoint: 46803 ns, At safepoint: 3100 ns, Total: 49903 ns
[614.873s][info ][safepoint      ] Safepoint "Cleanup", Time since last: 4000295419 ns, Reaching safepoint: 53303 ns, At safepoint: 3700 ns, Total: 57003 ns
[615.873s][info ][safepoint      ] Safepoint "Cleanup", Time since last: 1000121744 ns, Reaching safepoint: 126707 ns, At safepoint: 46302 ns, Total: 173009 ns
[616.874s][info ][safepoint      ] Safepoint "Cleanup", Time since last: 1000116779 ns, Reaching safepoint: 61003 ns, At safepoint: 4200 ns, Total: 65203 ns
[619.874s][info ][safepoint      ] Safepoint "Cleanup", Time since last: 3000252744 ns, Reaching safepoint: 60403 ns, At safepoint: 4101 ns, Total: 64504 ns
[624.874s][info ][safepoint      ] Safepoint "Cleanup", Time since last: 5000398952 ns, Reaching safepoint: 47903 ns, At safepoint: 4100 ns, Total: 52003 ns
[627.875s][info ][safepoint      ] Safepoint "Cleanup", Time since last: 3000279407 ns, Reaching safepoint: 46102 ns, At safepoint: 3901 ns, Total: 50003 ns
[630.875s][info ][safepoint      ] Safepoint "Cleanup", Time since last: 3000249635 ns, Reaching safepoint: 58303 ns, At safepoint: 52402 ns, Total: 110705 ns
[636.570s][info ][safepoint      ] Safepoint "Cleanup", Time since last: 5694955287 ns, Reaching safepoint: 56003 ns, At safepoint: 4000 ns, Total: 60003 ns
[643.571s][info ][safepoint      ] Safepoint "Cleanup", Time since last: 7000506427 ns, Reaching safepoint: 52703 ns, At safepoint: 7300 ns, Total: 60003 ns
[644.571s][info ][safepoint      ] Safepoint "Cleanup", Time since last: 1000119431 ns, Reaching safepoint: 56803 ns, At safepoint: 4700 ns, Total: 61503 ns
[646.571s][info ][safepoint      ] Safepoint "Cleanup", Time since last: 2000184275 ns, Reaching safepoint: 52102 ns, At safepoint: 3000 ns, Total: 55102 ns
[647.571s][info ][safepoint      ] Safepoint "Cleanup", Time since last: 1000117247 ns, Reaching safepoint: 60603 ns, At safepoint: 3000 ns, Total: 63603 ns
[652.572s][info ][safepoint      ] Safepoint "Cleanup", Time since last: 5000396713 ns, Reaching safepoint: 64503 ns, At safepoint: 13601 ns, Total: 78104 ns
[657.572s][info ][safepoint      ] Safepoint "Cleanup", Time since last: 5000395301 ns, Reaching safepoint: 56703 ns, At safepoint: 7700 ns, Total: 64403 ns
[661.573s][info ][safepoint      ] Safepoint "Cleanup", Time since last: 4000331165 ns, Reaching safepoint: 52002 ns, At safepoint: 33202 ns, Total: 85204 ns
[663.573s][info ][safepoint      ] Safepoint "Cleanup", Time since last: 2000187327 ns, Reaching safepoint: 50402 ns, At safepoint: 3300 ns, Total: 53702 ns
[671.573s][info ][safepoint      ] Safepoint "Cleanup", Time since last: 8000586145 ns, Reaching safepoint: 58903 ns, At safepoint: 8800 ns, Total: 67703 ns
[682.986s][info ][gc,start       ] GC(139) Pause Young (Allocation Failure)
[682.995s][debug][gc,phases      ] GC(139) Scavenge 9.138ms
[682.995s][debug][gc,ref         ] GC(139) Skipped phase 1 of Reference Processing: no references
[682.995s][debug][gc,ref         ] GC(139) ReferenceProcessor::execute queues: 1, RefProcThreadModel::Single, marks_oops_alive: false
[682.995s][debug][gc,ref         ] GC(139) Skipped phase 3 of Reference Processing: no references
[682.995s][debug][gc,ref         ] GC(139) ReferenceProcessor::execute queues: 1, RefProcThreadModel::Single, marks_oops_alive: false
[682.995s][debug][gc,phases      ] GC(139) Reference Processing 0.143ms
[682.996s][debug][gc,phases      ] GC(139)   VM Weak                        Min:  0.0, Avg:  0.0, Max:  0.0, Diff:  0.0, Sum:  0.0, Workers: 4
[682.996s][debug][gc,phases      ] GC(139)     Dead                           Min: 0, Avg:  0.0, Max: 0, Diff: 0, Sum: 0, Workers: 4
[682.996s][debug][gc,phases      ] GC(139)     Total                          Min: 0, Avg: 165.2, Max: 533, Diff: 533, Sum: 661, Workers: 4
[682.996s][debug][gc,phases      ] GC(139)   ObjectSynchronizer Weak        Min:  0.0, Avg:  0.0, Max:  0.0, Diff:  0.0, Sum:  0.0, Workers: 4
[682.996s][debug][gc,phases      ] GC(139)     Dead                           Min: 0, Avg:  0.0, Max: 0, Diff: 0, Sum: 0, Workers: 4
[682.996s][debug][gc,phases      ] GC(139)     Total                          Min: 0, Avg: 47.5, Max: 126, Diff: 126, Sum: 190, Workers: 4
[682.996s][debug][gc,phases      ] GC(139)   JVMTI Tag Weak OopStorage      Min:  0.0, Avg:  0.0, Max:  0.0, Diff:  0.0, Sum:  0.0, Workers: 4
[682.996s][debug][gc,phases      ] GC(139)     Dead                           Min: 0, Avg:  0.0, Max: 0, Diff: 0, Sum: 0, Workers: 4
[682.996s][debug][gc,phases      ] GC(139)     Total                          Min: 0, Avg:  0.0, Max: 0, Diff: 0, Sum: 0, Workers: 4
[682.996s][debug][gc,phases      ] GC(139)   StringTable Weak               Min:  0.1, Avg:  0.1, Max:  0.1, Diff:  0.0, Sum:  0.5, Workers: 4
[682.996s][debug][gc,phases      ] GC(139)     Dead                           Min: 0, Avg:  0.0, Max: 0, Diff: 0, Sum: 0, Workers: 4
[682.996s][debug][gc,phases      ] GC(139)     Total                          Min: 11008, Avg: 11994.5, Max: 13184, Diff: 2176, Sum: 47978, Workers: 4
[682.996s][debug][gc,phases      ] GC(139)   ResolvedMethodTable Weak       Min:  0.0, Avg:  0.0, Max:  0.0, Diff:  0.0, Sum:  0.1, Workers: 4
[682.996s][debug][gc,phases      ] GC(139)     Dead                           Min: 0, Avg:  0.0, Max: 0, Diff: 0, Sum: 0, Workers: 4
[682.996s][debug][gc,phases      ] GC(139)     Total                          Min: 1181, Avg: 2039.0, Max: 2432, Diff: 1251, Sum: 8156, Workers: 4
[682.996s][debug][gc,phases      ] GC(139)   JNI Weak                       Min:  0.0, Avg:  0.0, Max:  0.0, Diff:  0.0, Sum:  0.0, Workers: 4
[682.996s][debug][gc,phases      ] GC(139)     Dead                           Min: 0, Avg:  0.0, Max: 0, Diff: 0, Sum: 0, Workers: 4
[682.996s][debug][gc,phases      ] GC(139)     Total                          Min: 0, Avg:  0.0, Max: 0, Diff: 0, Sum: 0, Workers: 4
[682.996s][debug][gc,phases      ] GC(139)   StringDedup Table Weak         Min:  0.0, Avg:  0.0, Max:  0.0, Diff:  0.0, Sum:  0.0, Workers: 4
[682.996s][debug][gc,phases      ] GC(139)     Dead                           Min: 0, Avg:  0.0, Max: 0, Diff: 0, Sum: 0, Workers: 4
[682.996s][debug][gc,phases      ] GC(139)     Total                          Min: 0, Avg:  0.0, Max: 0, Diff: 0, Sum: 0, Workers: 4
[682.996s][debug][gc,phases      ] GC(139)   StringDedup Requests0 Weak     Min:  0.0, Avg:  0.0, Max:  0.0, Diff:  0.0, Sum:  0.0, Workers: 4
[682.996s][debug][gc,phases      ] GC(139)     Dead                           Min: 0, Avg:  0.0, Max: 0, Diff: 0, Sum: 0, Workers: 4
[682.996s][debug][gc,phases      ] GC(139)     Total                          Min: 0, Avg:  0.0, Max: 0, Diff: 0, Sum: 0, Workers: 4
[682.996s][debug][gc,phases      ] GC(139)   StringDedup Requests1 Weak     Min:  0.0, Avg:  0.0, Max:  0.0, Diff:  0.0, Sum:  0.0, Workers: 4
[682.996s][debug][gc,phases      ] GC(139)     Dead                           Min: 0, Avg:  0.0, Max: 0, Diff: 0, Sum: 0, Workers: 4
[682.996s][debug][gc,phases      ] GC(139)     Total                          Min: 0, Avg:  0.0, Max: 0, Diff: 0, Sum: 0, Workers: 4
[682.996s][debug][gc,phases      ] GC(139)   Weak JFR Old Object Samples    Min:  0.0, Avg:  0.0, Max:  0.0, Diff:  0.0, Sum:  0.0, Workers: 4
[682.996s][debug][gc,phases      ] GC(139)     Dead                           Min: 0, Avg:  0.0, Max: 0, Diff: 0, Sum: 0, Workers: 4
[682.996s][debug][gc,phases      ] GC(139)     Total                          Min: 0, Avg:  0.0, Max: 0, Diff: 0, Sum: 0, Workers: 4
[682.996s][debug][gc,phases      ] GC(139) Weak Processing 0.367ms
[682.996s][debug][gc,age         ] GC(139) Desired survivor size 76546048 bytes, new threshold 15 (max threshold 15)
[682.996s][info ][gc,heap        ] GC(139) PSYoungGen: 1966951K(2017280K)->27646K(2013696K) Eden: 1933824K(1933824K)->0K(1933824K) From: 33127K(83456K)->27646K(79872K)
[682.996s][info ][gc,heap        ] GC(139) ParOldGen: 547178K(637952K)->547178K(637952K)
[682.996s][info ][gc,metaspace   ] GC(139) Metaspace: 81526K(82368K)->81526K(82368K) NonClass: 70096K(70528K)->70096K(70528K) Class: 11429K(11840K)->11429K(11840K)
[682.996s][info ][gc             ] GC(139) Pause Young (Allocation Failure) 2455M->561M(2589M) 9.793ms
[682.996s][info ][gc,cpu         ] GC(139) User=0.03s Sys=0.00s Real=0.01s
[682.996s][info ][safepoint      ] Safepoint "ParallelGCFailedAllocation", Time since last: 11412362549 ns, Reaching safepoint: 54903 ns, At safepoint: 9882363 ns, Total: 9937266 ns
[684.996s][info ][safepoint      ] Safepoint "Cleanup", Time since last: 2000157540 ns, Reaching safepoint: 53302 ns, At safepoint: 6901 ns, Total: 60203 ns
[695.997s][info ][safepoint      ] Safepoint "Cleanup", Time since last: 11000816835 ns, Reaching safepoint: 57303 ns, At safepoint: 8200 ns, Total: 65503 ns
[703.998s][info ][safepoint      ] Safepoint "Cleanup", Time since last: 8000601900 ns, Reaching safepoint: 55703 ns, At safepoint: 6500 ns, Total: 62203 ns
[712.998s][info ][safepoint      ] Safepoint "Cleanup", Time since last: 9000783002 ns, Reaching safepoint: 51003 ns, At safepoint: 6700 ns, Total: 57703 ns
[719.993s][info ][safepoint      ] Safepoint "Cleanup", Time since last: 6994242684 ns, Reaching safepoint: 115105 ns, At safepoint: 12000 ns, Total: 127105 ns
[720.993s][info ][safepoint      ] Safepoint "Cleanup", Time since last: 1000105770 ns, Reaching safepoint: 150907 ns, At safepoint: 6100 ns, Total: 157007 ns
[722.993s][info ][safepoint      ] Safepoint "Cleanup", Time since last: 2000207281 ns, Reaching safepoint: 142906 ns, At safepoint: 9201 ns, Total: 152107 ns
[725.994s][info ][safepoint      ] Safepoint "Cleanup", Time since last: 3000247373 ns, Reaching safepoint: 81204 ns, At safepoint: 20201 ns, Total: 101405 ns
[732.994s][info ][safepoint      ] Safepoint "Cleanup", Time since last: 7000497173 ns, Reaching safepoint: 71704 ns, At safepoint: 3500 ns, Total: 75204 ns
[750.996s][info ][safepoint      ] Safepoint "Cleanup", Time since last: 18001482809 ns, Reaching safepoint: 63602 ns, At safepoint: 11301 ns, Total: 74903 ns
[772.521s][info ][gc,start       ] GC(140) Pause Young (Allocation Failure)
[772.530s][debug][gc,phases      ] GC(140) Scavenge 8.949ms
[772.530s][debug][gc,ref         ] GC(140) Skipped phase 1 of Reference Processing: no references
[772.530s][debug][gc,ref         ] GC(140) ReferenceProcessor::execute queues: 1, RefProcThreadModel::Single, marks_oops_alive: false
[772.530s][debug][gc,ref         ] GC(140) Skipped phase 3 of Reference Processing: no references
[772.530s][debug][gc,ref         ] GC(140) ReferenceProcessor::execute queues: 1, RefProcThreadModel::Single, marks_oops_alive: false
[772.530s][debug][gc,phases      ] GC(140) Reference Processing 0.123ms
[772.530s][debug][gc,phases      ] GC(140)   VM Weak                        Min:  0.0, Avg:  0.0, Max:  0.0, Diff:  0.0, Sum:  0.0, Workers: 4
[772.530s][debug][gc,phases      ] GC(140)     Dead                           Min: 0, Avg:  0.0, Max: 0, Diff: 0, Sum: 0, Workers: 4
[772.530s][debug][gc,phases      ] GC(140)     Total                          Min: 0, Avg: 165.2, Max: 469, Diff: 469, Sum: 661, Workers: 4
[772.530s][debug][gc,phases      ] GC(140)   ObjectSynchronizer Weak        Min:  0.0, Avg:  0.0, Max:  0.0, Diff:  0.0, Sum:  0.0, Workers: 4
[772.530s][debug][gc,phases      ] GC(140)     Dead                           Min: 0, Avg:  0.0, Max: 0, Diff: 0, Sum: 0, Workers: 4
[772.530s][debug][gc,phases      ] GC(140)     Total                          Min: 0, Avg: 47.5, Max: 64, Diff: 64, Sum: 190, Workers: 4
[772.530s][debug][gc,phases      ] GC(140)   JVMTI Tag Weak OopStorage      Min:  0.0, Avg:  0.0, Max:  0.0, Diff:  0.0, Sum:  0.0, Workers: 4
[772.530s][debug][gc,phases      ] GC(140)     Dead                           Min: 0, Avg:  0.0, Max: 0, Diff: 0, Sum: 0, Workers: 4
[772.530s][debug][gc,phases      ] GC(140)     Total                          Min: 0, Avg:  0.0, Max: 0, Diff: 0, Sum: 0, Workers: 4
[772.530s][debug][gc,phases      ] GC(140)   StringTable Weak               Min:  0.1, Avg:  0.1, Max:  0.1, Diff:  0.0, Sum:  0.5, Workers: 4
[772.530s][debug][gc,phases      ] GC(140)     Dead                           Min: 0, Avg:  0.0, Max: 0, Diff: 0, Sum: 0, Workers: 4
[772.530s][debug][gc,phases      ] GC(140)     Total                          Min: 9600, Avg: 11995.0, Max: 13036, Diff: 3436, Sum: 47980, Workers: 4
[772.530s][debug][gc,phases      ] GC(140)   ResolvedMethodTable Weak       Min:  0.0, Avg:  0.0, Max:  0.0, Diff:  0.0, Sum:  0.1, Workers: 4
[772.530s][debug][gc,phases      ] GC(140)     Dead                           Min: 0, Avg:  0.0, Max: 0, Diff: 0, Sum: 0, Workers: 4
[772.530s][debug][gc,phases      ] GC(140)     Total                          Min: 1856, Avg: 2039.0, Max: 2269, Diff: 413, Sum: 8156, Workers: 4
[772.530s][debug][gc,phases      ] GC(140)   JNI Weak                       Min:  0.0, Avg:  0.0, Max:  0.0, Diff:  0.0, Sum:  0.0, Workers: 4
[772.530s][debug][gc,phases      ] GC(140)     Dead                           Min: 0, Avg:  0.0, Max: 0, Diff: 0, Sum: 0, Workers: 4
[772.531s][debug][gc,phases      ] GC(140)     Total                          Min: 0, Avg:  0.0, Max: 0, Diff: 0, Sum: 0, Workers: 4
[772.531s][debug][gc,phases      ] GC(140)   StringDedup Table Weak         Min:  0.0, Avg:  0.0, Max:  0.0, Diff:  0.0, Sum:  0.0, Workers: 4
[772.531s][debug][gc,phases      ] GC(140)     Dead                           Min: 0, Avg:  0.0, Max: 0, Diff: 0, Sum: 0, Workers: 4
[772.531s][debug][gc,phases      ] GC(140)     Total                          Min: 0, Avg:  0.0, Max: 0, Diff: 0, Sum: 0, Workers: 4
[772.531s][debug][gc,phases      ] GC(140)   StringDedup Requests0 Weak     Min:  0.0, Avg:  0.0, Max:  0.0, Diff:  0.0, Sum:  0.0, Workers: 4
[772.531s][debug][gc,phases      ] GC(140)     Dead                           Min: 0, Avg:  0.0, Max: 0, Diff: 0, Sum: 0, Workers: 4
[772.531s][debug][gc,phases      ] GC(140)     Total                          Min: 0, Avg:  0.0, Max: 0, Diff: 0, Sum: 0, Workers: 4
[772.531s][debug][gc,phases      ] GC(140)   StringDedup Requests1 Weak     Min:  0.0, Avg:  0.0, Max:  0.0, Diff:  0.0, Sum:  0.0, Workers: 4
[772.531s][debug][gc,phases      ] GC(140)     Dead                           Min: 0, Avg:  0.0, Max: 0, Diff: 0, Sum: 0, Workers: 4
[772.531s][debug][gc,phases      ] GC(140)     Total                          Min: 0, Avg:  0.0, Max: 0, Diff: 0, Sum: 0, Workers: 4
[772.531s][debug][gc,phases      ] GC(140)   Weak JFR Old Object Samples    Min:  0.0, Avg:  0.0, Max:  0.0, Diff:  0.0, Sum:  0.0, Workers: 4
[772.531s][debug][gc,phases      ] GC(140)     Dead                           Min: 0, Avg:  0.0, Max: 0, Diff: 0, Sum: 0, Workers: 4
[772.531s][debug][gc,phases      ] GC(140)     Total                          Min: 0, Avg:  0.0, Max: 0, Diff: 0, Sum: 0, Workers: 4
[772.531s][debug][gc,phases      ] GC(140) Weak Processing 0.426ms
[772.531s][debug][gc,age         ] GC(140) Desired survivor size 71827456 bytes, new threshold 15 (max threshold 15)
[772.531s][info ][gc,heap        ] GC(140) PSYoungGen: 1961470K(2013696K)->27669K(2027008K) Eden: 1933824K(1933824K)->0K(1952256K) From: 27646K(79872K)->27669K(74752K)
[772.531s][info ][gc,heap        ] GC(140) ParOldGen: 547178K(637952K)->547178K(637952K)
[772.531s][info ][gc,metaspace   ] GC(140) Metaspace: 81536K(82368K)->81536K(82368K) NonClass: 70107K(70528K)->70107K(70528K) Class: 11429K(11840K)->11429K(11840K)
[772.531s][info ][gc             ] GC(140) Pause Young (Allocation Failure) 2449M->561M(2602M) 9.665ms
[772.531s][info ][gc,cpu         ] GC(140) User=0.03s Sys=0.00s Real=0.01s
[772.531s][info ][safepoint      ] Safepoint "ParallelGCFailedAllocation", Time since last: 21524940515 ns, Reaching safepoint: 120205 ns, At safepoint: 9759812 ns, Total: 9880017 ns
[786.532s][info ][safepoint      ] Safepoint "Cleanup", Time since last: 14000870967 ns, Reaching safepoint: 51702 ns, At safepoint: 33401 ns, Total: 85103 ns
[795.532s][info ][safepoint      ] Safepoint "Cleanup", Time since last: 9000645747 ns, Reaching safepoint: 55202 ns, At safepoint: 8201 ns, Total: 63403 ns
[848.536s][info ][safepoint      ] Safepoint "Cleanup", Time since last: 53003487415 ns, Reaching safepoint: 60302 ns, At safepoint: 4400 ns, Total: 64702 ns
[849.536s][info ][safepoint      ] Safepoint "Cleanup", Time since last: 1000123958 ns, Reaching safepoint: 58402 ns, At safepoint: 3700 ns, Total: 62102 ns
[852.618s][info ][safepoint      ] Safepoint "ParallelGCFailedAllocation", Time since last: 3081608071 ns, Reaching safepoint: 109305 ns, At safepoint: 23100 ns, Total: 132405 ns
[852.618s][info ][gc,start       ] GC(141) Pause Young (GCLocker Initiated GC)
[852.628s][debug][gc,phases      ] GC(141) Scavenge 9.292ms
[852.628s][debug][gc,ref         ] GC(141) Skipped phase 1 of Reference Processing: no references
[852.628s][debug][gc,ref         ] GC(141) ReferenceProcessor::execute queues: 1, RefProcThreadModel::Single, marks_oops_alive: false
[852.628s][debug][gc,ref         ] GC(141) Skipped phase 3 of Reference Processing: no references
[852.628s][debug][gc,ref         ] GC(141) ReferenceProcessor::execute queues: 1, RefProcThreadModel::Single, marks_oops_alive: false
[852.628s][debug][gc,phases      ] GC(141) Reference Processing 0.126ms
[852.628s][debug][gc,phases      ] GC(141)   VM Weak                        Min:  0.0, Avg:  0.0, Max:  0.0, Diff:  0.0, Sum:  0.0, Workers: 4
[852.628s][debug][gc,phases      ] GC(141)     Dead                           Min: 0, Avg:  0.0, Max: 0, Diff: 0, Sum: 0, Workers: 4
[852.628s][debug][gc,phases      ] GC(141)     Total                          Min: 0, Avg: 165.2, Max: 661, Diff: 661, Sum: 661, Workers: 4
[852.628s][debug][gc,phases      ] GC(141)   ObjectSynchronizer Weak        Min:  0.0, Avg:  0.0, Max:  0.0, Diff:  0.0, Sum:  0.0, Workers: 4
[852.628s][debug][gc,phases      ] GC(141)     Dead                           Min: 0, Avg:  0.0, Max: 0, Diff: 0, Sum: 0, Workers: 4
[852.628s][debug][gc,phases      ] GC(141)     Total                          Min: 0, Avg: 47.5, Max: 128, Diff: 128, Sum: 190, Workers: 4
[852.628s][debug][gc,phases      ] GC(141)   JVMTI Tag Weak OopStorage      Min:  0.0, Avg:  0.0, Max:  0.0, Diff:  0.0, Sum:  0.0, Workers: 4
[852.628s][debug][gc,phases      ] GC(141)     Dead                           Min: 0, Avg:  0.0, Max: 0, Diff: 0, Sum: 0, Workers: 4
[852.628s][debug][gc,phases      ] GC(141)     Total                          Min: 0, Avg:  0.0, Max: 0, Diff: 0, Sum: 0, Workers: 4
[852.628s][debug][gc,phases      ] GC(141)   StringTable Weak               Min:  0.1, Avg:  0.1, Max:  0.1, Diff:  0.0, Sum:  0.5, Workers: 4
[852.628s][debug][gc,phases      ] GC(141)     Dead                           Min: 0, Avg:  0.0, Max: 0, Diff: 0, Sum: 0, Workers: 4
[852.628s][debug][gc,phases      ] GC(141)     Total                          Min: 10880, Avg: 11997.2, Max: 12800, Diff: 1920, Sum: 47989, Workers: 4
[852.628s][debug][gc,phases      ] GC(141)   ResolvedMethodTable Weak       Min:  0.0, Avg:  0.0, Max:  0.0, Diff:  0.0, Sum:  0.1, Workers: 4
[852.628s][debug][gc,phases      ] GC(141)     Dead                           Min: 0, Avg:  0.0, Max: 0, Diff: 0, Sum: 0, Workers: 4
[852.628s][debug][gc,phases      ] GC(141)     Total                          Min: 1920, Avg: 2039.0, Max: 2112, Diff: 192, Sum: 8156, Workers: 4
[852.628s][debug][gc,phases      ] GC(141)   JNI Weak                       Min:  0.0, Avg:  0.0, Max:  0.0, Diff:  0.0, Sum:  0.0, Workers: 4
[852.628s][debug][gc,phases      ] GC(141)     Dead                           Min: 0, Avg:  0.0, Max: 0, Diff: 0, Sum: 0, Workers: 4
[852.628s][debug][gc,phases      ] GC(141)     Total                          Min: 0, Avg:  0.0, Max: 0, Diff: 0, Sum: 0, Workers: 4
[852.628s][debug][gc,phases      ] GC(141)   StringDedup Table Weak         Min:  0.0, Avg:  0.0, Max:  0.0, Diff:  0.0, Sum:  0.0, Workers: 4
[852.628s][debug][gc,phases      ] GC(141)     Dead                           Min: 0, Avg:  0.0, Max: 0, Diff: 0, Sum: 0, Workers: 4
[852.628s][debug][gc,phases      ] GC(141)     Total                          Min: 0, Avg:  0.0, Max: 0, Diff: 0, Sum: 0, Workers: 4
[852.628s][debug][gc,phases      ] GC(141)   StringDedup Requests0 Weak     Min:  0.0, Avg:  0.0, Max:  0.0, Diff:  0.0, Sum:  0.0, Workers: 4
[852.628s][debug][gc,phases      ] GC(141)     Dead                           Min: 0, Avg:  0.0, Max: 0, Diff: 0, Sum: 0, Workers: 4
[852.628s][debug][gc,phases      ] GC(141)     Total                          Min: 0, Avg:  0.0, Max: 0, Diff: 0, Sum: 0, Workers: 4
[852.628s][debug][gc,phases      ] GC(141)   StringDedup Requests1 Weak     Min:  0.0, Avg:  0.0, Max:  0.0, Diff:  0.0, Sum:  0.0, Workers: 4
[852.628s][debug][gc,phases      ] GC(141)     Dead                           Min: 0, Avg:  0.0, Max: 0, Diff: 0, Sum: 0, Workers: 4
[852.628s][debug][gc,phases      ] GC(141)     Total                          Min: 0, Avg:  0.0, Max: 0, Diff: 0, Sum: 0, Workers: 4
[852.628s][debug][gc,phases      ] GC(141)   Weak JFR Old Object Samples    Min:  0.0, Avg:  0.0, Max:  0.0, Diff:  0.0, Sum:  0.0, Workers: 4
[852.628s][debug][gc,phases      ] GC(141)     Dead                           Min: 0, Avg:  0.0, Max: 0, Diff: 0, Sum: 0, Workers: 4
[852.628s][debug][gc,phases      ] GC(141)     Total                          Min: 0, Avg:  0.0, Max: 0, Diff: 0, Sum: 0, Workers: 4
[852.628s][debug][gc,phases      ] GC(141) Weak Processing 0.366ms
[852.628s][debug][gc,age         ] GC(141) Desired survivor size 67633152 bytes, new threshold 15 (max threshold 15)
[852.628s][info ][gc,heap        ] GC(141) PSYoungGen: 1979925K(2027008K)->27918K(2022400K) Eden: 1952256K(1952256K)->0K(1952256K) From: 27669K(74752K)->27918K(70144K)
[852.628s][info ][gc,heap        ] GC(141) ParOldGen: 547179K(637952K)->547187K(637952K)
[852.628s][info ][gc,metaspace   ] GC(141) Metaspace: 81546K(82368K)->81546K(82368K) NonClass: 70116K(70528K)->70116K(70528K) Class: 11429K(11840K)->11429K(11840K)
[852.628s][info ][gc             ] GC(141) Pause Young (GCLocker Initiated GC) 2467M->561M(2598M) 9.909ms
[852.628s][info ][gc,cpu         ] GC(141) User=0.04s Sys=0.01s Real=0.01s
[852.628s][info ][safepoint      ] Safepoint "ParallelGCSystemGC", Time since last: 327413 ns, Reaching safepoint: 108604 ns, At safepoint: 10006788 ns, Total: 10115392 ns
[866.629s][info ][safepoint      ] Safepoint "Cleanup", Time since last: 14000953245 ns, Reaching safepoint: 52502 ns, At safepoint: 3300 ns, Total: 55802 ns
[870.630s][info ][safepoint      ] Safepoint "Cleanup", Time since last: 4000303259 ns, Reaching safepoint: 52602 ns, At safepoint: 4000 ns, Total: 56602 ns
[873.630s][info ][safepoint      ] Safepoint "Cleanup", Time since last: 3000253281 ns, Reaching safepoint: 68903 ns, At safepoint: 5100 ns, Total: 74003 ns
[891.631s][info ][safepoint      ] Safepoint "Cleanup", Time since last: 18001308837 ns, Reaching safepoint: 56802 ns, At safepoint: 3400 ns, Total: 60202 ns
[893.632s][info ][safepoint      ] Safepoint "Cleanup", Time since last: 2000184974 ns, Reaching safepoint: 67503 ns, At safepoint: 9100 ns, Total: 76603 ns
[894.632s][info ][safepoint      ] Safepoint "Cleanup", Time since last: 1000116281 ns, Reaching safepoint: 53802 ns, At safepoint: 3300 ns, Total: 57102 ns
[913.633s][info ][safepoint      ] Safepoint "Cleanup", Time since last: 19001378943 ns, Reaching safepoint: 55602 ns, At safepoint: 6300 ns, Total: 61902 ns
[917.634s][info ][safepoint      ] Safepoint "Cleanup", Time since last: 4000326147 ns, Reaching safepoint: 56402 ns, At safepoint: 7100 ns, Total: 63502 ns
[936.635s][info ][safepoint      ] Safepoint "Cleanup", Time since last: 19001243687 ns, Reaching safepoint: 56904 ns, At safepoint: 3401 ns, Total: 60305 ns
[937.891s][info ][gc,start       ] GC(142) Pause Young (Allocation Failure)
[937.900s][debug][gc,phases      ] GC(142) Scavenge 8.772ms
[937.900s][debug][gc,ref         ] GC(142) Skipped phase 1 of Reference Processing: no references
[937.900s][debug][gc,ref         ] GC(142) ReferenceProcessor::execute queues: 1, RefProcThreadModel::Single, marks_oops_alive: false
[937.900s][debug][gc,ref         ] GC(142) Skipped phase 3 of Reference Processing: no references
[937.900s][debug][gc,ref         ] GC(142) Skipped phase 4 of Reference Processing: no references
[937.900s][debug][gc,phases      ] GC(142) Reference Processing 0.140ms
[937.900s][debug][gc,phases      ] GC(142)   VM Weak                        Min:  0.0, Avg:  0.0, Max:  0.0, Diff:  0.0, Sum:  0.0, Workers: 4
[937.900s][debug][gc,phases      ] GC(142)     Dead                           Min: 0, Avg:  0.0, Max: 0, Diff: 0, Sum: 0, Workers: 4
[937.900s][debug][gc,phases      ] GC(142)     Total                          Min: 0, Avg: 165.2, Max: 661, Diff: 661, Sum: 661, Workers: 4
[937.900s][debug][gc,phases      ] GC(142)   ObjectSynchronizer Weak        Min:  0.0, Avg:  0.0, Max:  0.0, Diff:  0.0, Sum:  0.0, Workers: 4
[937.900s][debug][gc,phases      ] GC(142)     Dead                           Min: 0, Avg:  0.0, Max: 0, Diff: 0, Sum: 0, Workers: 4
[937.900s][debug][gc,phases      ] GC(142)     Total                          Min: 0, Avg: 47.5, Max: 126, Diff: 126, Sum: 190, Workers: 4
[937.900s][debug][gc,phases      ] GC(142)   JVMTI Tag Weak OopStorage      Min:  0.0, Avg:  0.0, Max:  0.0, Diff:  0.0, Sum:  0.0, Workers: 4
[937.900s][debug][gc,phases      ] GC(142)     Dead                           Min: 0, Avg:  0.0, Max: 0, Diff: 0, Sum: 0, Workers: 4
[937.900s][debug][gc,phases      ] GC(142)     Total                          Min: 0, Avg:  0.0, Max: 0, Diff: 0, Sum: 0, Workers: 4
[937.900s][debug][gc,phases      ] GC(142)   StringTable Weak               Min:  0.1, Avg:  0.1, Max:  0.1, Diff:  0.0, Sum:  0.5, Workers: 4
[937.900s][debug][gc,phases      ] GC(142)     Dead                           Min: 0, Avg:  0.0, Max: 0, Diff: 0, Sum: 0, Workers: 4
[937.900s][debug][gc,phases      ] GC(142)     Total                          Min: 11136, Avg: 11997.2, Max: 12725, Diff: 1589, Sum: 47989, Workers: 4
[937.900s][debug][gc,phases      ] GC(142)   ResolvedMethodTable Weak       Min:  0.0, Avg:  0.0, Max:  0.0, Diff:  0.0, Sum:  0.1, Workers: 4
[937.900s][debug][gc,phases      ] GC(142)     Dead                           Min: 0, Avg:  0.0, Max: 0, Diff: 0, Sum: 0, Workers: 4
[937.900s][debug][gc,phases      ] GC(142)     Total                          Min: 1792, Avg: 2039.0, Max: 2240, Diff: 448, Sum: 8156, Workers: 4
[937.900s][debug][gc,phases      ] GC(142)   JNI Weak                       Min:  0.0, Avg:  0.0, Max:  0.0, Diff:  0.0, Sum:  0.0, Workers: 4
[937.900s][debug][gc,phases      ] GC(142)     Dead                           Min: 0, Avg:  0.0, Max: 0, Diff: 0, Sum: 0, Workers: 4
[937.900s][debug][gc,phases      ] GC(142)     Total                          Min: 0, Avg:  0.0, Max: 0, Diff: 0, Sum: 0, Workers: 4
[937.900s][debug][gc,phases      ] GC(142)   StringDedup Table Weak         Min:  0.0, Avg:  0.0, Max:  0.0, Diff:  0.0, Sum:  0.0, Workers: 4
[937.900s][debug][gc,phases      ] GC(142)     Dead                           Min: 0, Avg:  0.0, Max: 0, Diff: 0, Sum: 0, Workers: 4
[937.900s][debug][gc,phases      ] GC(142)     Total                          Min: 0, Avg:  0.0, Max: 0, Diff: 0, Sum: 0, Workers: 4
[937.900s][debug][gc,phases      ] GC(142)   StringDedup Requests0 Weak     Min:  0.0, Avg:  0.0, Max:  0.0, Diff:  0.0, Sum:  0.0, Workers: 4
[937.900s][debug][gc,phases      ] GC(142)     Dead                           Min: 0, Avg:  0.0, Max: 0, Diff: 0, Sum: 0, Workers: 4
[937.900s][debug][gc,phases      ] GC(142)     Total                          Min: 0, Avg:  0.0, Max: 0, Diff: 0, Sum: 0, Workers: 4
[937.900s][debug][gc,phases      ] GC(142)   StringDedup Requests1 Weak     Min:  0.0, Avg:  0.0, Max:  0.0, Diff:  0.0, Sum:  0.0, Workers: 4
[937.900s][debug][gc,phases      ] GC(142)     Dead                           Min: 0, Avg:  0.0, Max: 0, Diff: 0, Sum: 0, Workers: 4
[937.900s][debug][gc,phases      ] GC(142)     Total                          Min: 0, Avg:  0.0, Max: 0, Diff: 0, Sum: 0, Workers: 4
[937.900s][debug][gc,phases      ] GC(142)   Weak JFR Old Object Samples    Min:  0.0, Avg:  0.0, Max:  0.0, Diff:  0.0, Sum:  0.0, Workers: 4
[937.900s][debug][gc,phases      ] GC(142)     Dead                           Min: 0, Avg:  0.0, Max: 0, Diff: 0, Sum: 0, Workers: 4
[937.900s][debug][gc,phases      ] GC(142)     Total                          Min: 0, Avg:  0.0, Max: 0, Diff: 0, Sum: 0, Workers: 4
[937.901s][debug][gc,phases      ] GC(142) Weak Processing 0.380ms
[937.901s][debug][gc,age         ] GC(142) Desired survivor size 63963136 bytes, new threshold 15 (max threshold 15)
[937.901s][info ][gc,heap        ] GC(142) PSYoungGen: 1980174K(2022400K)->27488K(2034688K) Eden: 1952256K(1952256K)->0K(1968640K) From: 27918K(70144K)->27488K(66048K)
[937.901s][info ][gc,heap        ] GC(142) ParOldGen: 547315K(637952K)->547315K(637952K)
[937.901s][info ][gc,metaspace   ] GC(142) Metaspace: 81558K(82432K)->81558K(82432K) NonClass: 70129K(70592K)->70129K(70592K) Class: 11429K(11840K)->11429K(11840K)
[937.901s][info ][gc             ] GC(142) Pause Young (Allocation Failure) 2468M->561M(2610M) 9.444ms
[937.901s][info ][gc,cpu         ] GC(142) User=0.04s Sys=0.00s Real=0.01s
[937.901s][info ][safepoint      ] Safepoint "ParallelGCFailedAllocation", Time since last: 1256047931 ns, Reaching safepoint: 129310 ns, At safepoint: 9537603 ns, Total: 9666913 ns
[938.901s][info ][safepoint      ] Safepoint "Cleanup", Time since last: 1000080129 ns, Reaching safepoint: 59905 ns, At safepoint: 10101 ns, Total: 70006 ns
[939.901s][info ][safepoint      ] Safepoint "Cleanup", Time since last: 1000109328 ns, Reaching safepoint: 46704 ns, At safepoint: 14801 ns, Total: 61505 ns
[941.901s][info ][safepoint      ] Safepoint "Cleanup", Time since last: 2000178947 ns, Reaching safepoint: 52104 ns, At safepoint: 6501 ns, Total: 58605 ns
[945.902s][info ][safepoint      ] Safepoint "Cleanup", Time since last: 4000311664 ns, Reaching safepoint: 93806 ns, At safepoint: 10101 ns, Total: 103907 ns
[957.902s][info ][safepoint      ] Safepoint "Cleanup", Time since last: 12000761775 ns, Reaching safepoint: 53404 ns, At safepoint: 4001 ns, Total: 57405 ns
[964.903s][info ][safepoint      ] Safepoint "Cleanup", Time since last: 7000484374 ns, Reaching safepoint: 99907 ns, At safepoint: 8401 ns, Total: 108308 ns
[965.903s][info ][safepoint      ] Safepoint "Cleanup", Time since last: 1000114921 ns, Reaching safepoint: 63704 ns, At safepoint: 12001 ns, Total: 75705 ns
[966.903s][info ][safepoint      ] Safepoint "Cleanup", Time since last: 1000109923 ns, Reaching safepoint: 56804 ns, At safepoint: 8000 ns, Total: 64804 ns
[980.904s][info ][safepoint      ] Safepoint "Cleanup", Time since last: 14000958222 ns, Reaching safepoint: 58204 ns, At safepoint: 3300 ns, Total: 61504 ns
[989.905s][info ][safepoint      ] Safepoint "Cleanup", Time since last: 9001011020 ns, Reaching safepoint: 61404 ns, At safepoint: 33602 ns, Total: 95006 ns
[996.906s][info ][safepoint      ] Safepoint "Cleanup", Time since last: 7000519669 ns, Reaching safepoint: 51804 ns, At safepoint: 6200 ns, Total: 58004 ns
[1002.907s][info ][safepoint      ] Safepoint "Cleanup", Time since last: 6000485132 ns, Reaching safepoint: 77805 ns, At safepoint: 3701 ns, Total: 81506 ns
[1015.563s][info ][safepoint      ] Safepoint "ParallelGCFailedAllocation", Time since last: 12653829440 ns, Reaching safepoint: 2137441 ns, At safepoint: 30502 ns, Total: 2167943 ns
[1015.563s][info ][gc,start       ] GC(143) Pause Young (GCLocker Initiated GC)
[1015.578s][debug][gc,phases      ] GC(143) Scavenge 14.865ms
[1015.578s][debug][gc,ref         ] GC(143) Skipped phase 1 of Reference Processing: no references
[1015.578s][debug][gc,ref         ] GC(143) ReferenceProcessor::execute queues: 1, RefProcThreadModel::Single, marks_oops_alive: false
[1015.578s][debug][gc,ref         ] GC(143) Skipped phase 3 of Reference Processing: no references
[1015.578s][debug][gc,ref         ] GC(143) ReferenceProcessor::execute queues: 1, RefProcThreadModel::Single, marks_oops_alive: false
[1015.578s][debug][gc,phases      ] GC(143) Reference Processing 0.155ms
[1015.578s][debug][gc,phases      ] GC(143)   VM Weak                        Min:  0.0, Avg:  0.0, Max:  0.0, Diff:  0.0, Sum:  0.0, Workers: 4
[1015.578s][debug][gc,phases      ] GC(143)     Dead                           Min: 0, Avg:  0.0, Max: 0, Diff: 0, Sum: 0, Workers: 4
[1015.578s][debug][gc,phases      ] GC(143)     Total                          Min: 0, Avg: 165.5, Max: 512, Diff: 512, Sum: 662, Workers: 4
[1015.578s][debug][gc,phases      ] GC(143)   ObjectSynchronizer Weak        Min:  0.0, Avg:  0.0, Max:  0.0, Diff:  0.0, Sum:  0.0, Workers: 4
[1015.578s][debug][gc,phases      ] GC(143)     Dead                           Min: 0, Avg:  0.0, Max: 0, Diff: 0, Sum: 0, Workers: 4
[1015.578s][debug][gc,phases      ] GC(143)     Total                          Min: 0, Avg: 47.5, Max: 126, Diff: 126, Sum: 190, Workers: 4
[1015.578s][debug][gc,phases      ] GC(143)   JVMTI Tag Weak OopStorage      Min:  0.0, Avg:  0.0, Max:  0.0, Diff:  0.0, Sum:  0.0, Workers: 4
[1015.578s][debug][gc,phases      ] GC(143)     Dead                           Min: 0, Avg:  0.0, Max: 0, Diff: 0, Sum: 0, Workers: 4
[1015.578s][debug][gc,phases      ] GC(143)     Total                          Min: 0, Avg:  0.0, Max: 0, Diff: 0, Sum: 0, Workers: 4
[1015.578s][debug][gc,phases      ] GC(143)   StringTable Weak               Min:  0.1, Avg:  0.1, Max:  0.1, Diff:  0.0, Sum:  0.5, Workers: 4
[1015.578s][debug][gc,phases      ] GC(143)     Dead                           Min: 0, Avg:  0.0, Max: 0, Diff: 0, Sum: 0, Workers: 4
[1015.578s][debug][gc,phases      ] GC(143)     Total                          Min: 11136, Avg: 11997.5, Max: 12544, Diff: 1408, Sum: 47990, Workers: 4
[1015.578s][debug][gc,phases      ] GC(143)   ResolvedMethodTable Weak       Min:  0.0, Avg:  0.0, Max:  0.0, Diff:  0.0, Sum:  0.1, Workers: 4
[1015.578s][debug][gc,phases      ] GC(143)     Dead                           Min: 0, Avg:  0.0, Max: 0, Diff: 0, Sum: 0, Workers: 4
[1015.578s][debug][gc,phases      ] GC(143)     Total                          Min: 1792, Avg: 2039.0, Max: 2175, Diff: 383, Sum: 8156, Workers: 4
[1015.578s][debug][gc,phases      ] GC(143)   JNI Weak                       Min:  0.0, Avg:  0.0, Max:  0.0, Diff:  0.0, Sum:  0.0, Workers: 4
[1015.578s][debug][gc,phases      ] GC(143)     Dead                           Min: 0, Avg:  0.0, Max: 0, Diff: 0, Sum: 0, Workers: 4
[1015.578s][debug][gc,phases      ] GC(143)     Total                          Min: 0, Avg:  0.0, Max: 0, Diff: 0, Sum: 0, Workers: 4
[1015.578s][debug][gc,phases      ] GC(143)   StringDedup Table Weak         Min:  0.0, Avg:  0.0, Max:  0.0, Diff:  0.0, Sum:  0.0, Workers: 4
[1015.578s][debug][gc,phases      ] GC(143)     Dead                           Min: 0, Avg:  0.0, Max: 0, Diff: 0, Sum: 0, Workers: 4
[1015.578s][debug][gc,phases      ] GC(143)     Total                          Min: 0, Avg:  0.0, Max: 0, Diff: 0, Sum: 0, Workers: 4
[1015.578s][debug][gc,phases      ] GC(143)   StringDedup Requests0 Weak     Min:  0.0, Avg:  0.0, Max:  0.0, Diff:  0.0, Sum:  0.0, Workers: 4
[1015.578s][debug][gc,phases      ] GC(143)     Dead                           Min: 0, Avg:  0.0, Max: 0, Diff: 0, Sum: 0, Workers: 4
[1015.578s][debug][gc,phases      ] GC(143)     Total                          Min: 0, Avg:  0.0, Max: 0, Diff: 0, Sum: 0, Workers: 4
[1015.578s][debug][gc,phases      ] GC(143)   StringDedup Requests1 Weak     Min:  0.0, Avg:  0.0, Max:  0.0, Diff:  0.0, Sum:  0.0, Workers: 4
[1015.578s][debug][gc,phases      ] GC(143)     Dead                           Min: 0, Avg:  0.0, Max: 0, Diff: 0, Sum: 0, Workers: 4
[1015.578s][debug][gc,phases      ] GC(143)     Total                          Min: 0, Avg:  0.0, Max: 0, Diff: 0, Sum: 0, Workers: 4
[1015.578s][debug][gc,phases      ] GC(143)   Weak JFR Old Object Samples    Min:  0.0, Avg:  0.0, Max:  0.0, Diff:  0.0, Sum:  0.0, Workers: 4
[1015.578s][debug][gc,phases      ] GC(143)     Dead                           Min: 0, Avg:  0.0, Max: 0, Diff: 0, Sum: 0, Workers: 4
[1015.578s][debug][gc,phases      ] GC(143)     Total                          Min: 0, Avg:  0.0, Max: 0, Diff: 0, Sum: 0, Workers: 4
[1015.578s][debug][gc,phases      ] GC(143) Weak Processing 0.412ms
[1015.578s][debug][gc,age         ] GC(143) Desired survivor size 60293120 bytes, new threshold 15 (max threshold 15)
[1015.578s][info ][gc,heap        ] GC(143) PSYoungGen: 1996128K(2034688K)->27795K(2031104K) Eden: 1968640K(1968640K)->0K(1968640K) From: 27488K(66048K)->27795K(62464K)
[1015.578s][info ][gc,heap        ] GC(143) ParOldGen: 547315K(637952K)->547323K(637952K)
[1015.578s][info ][gc,metaspace   ] GC(143) Metaspace: 81579K(82432K)->81579K(82432K) NonClass: 70149K(70592K)->70149K(70592K) Class: 11429K(11840K)->11429K(11840K)
[1015.578s][info ][gc             ] GC(143) Pause Young (GCLocker Initiated GC) 2483M->561M(2606M) 15.576ms
[1015.578s][info ][gc,cpu         ] GC(143) User=0.05s Sys=0.00s Real=0.02s
[1015.579s][info ][safepoint      ] Safepoint "ParallelGCSystemGC", Time since last: 102007 ns, Reaching safepoint: 102807 ns, At safepoint: 15679539 ns, Total: 15782346 ns
[1021.579s][info ][safepoint      ] Safepoint "Cleanup", Time since last: 6000424769 ns, Reaching safepoint: 62004 ns, At safepoint: 9501 ns, Total: 71505 ns
[1027.580s][info ][safepoint      ] Safepoint "Cleanup", Time since last: 6000466018 ns, Reaching safepoint: 65304 ns, At safepoint: 6500 ns, Total: 71804 ns
[1029.580s][info ][safepoint      ] Safepoint "Cleanup", Time since last: 2000194714 ns, Reaching safepoint: 45803 ns, At safepoint: 3200 ns, Total: 49003 ns
[1054.581s][info ][safepoint      ] Safepoint "Cleanup", Time since last: 25001634326 ns, Reaching safepoint: 42402 ns, At safepoint: 36903 ns, Total: 79305 ns
[1060.582s][info ][safepoint      ] Safepoint "Cleanup", Time since last: 6000421207 ns, Reaching safepoint: 48003 ns, At safepoint: 3800 ns, Total: 51803 ns
[1061.582s][info ][safepoint      ] Safepoint "Cleanup", Time since last: 1000109886 ns, Reaching safepoint: 58003 ns, At safepoint: 11101 ns, Total: 69104 ns
[1077.583s][info ][safepoint      ] Safepoint "Cleanup", Time since last: 16001085109 ns, Reaching safepoint: 55003 ns, At safepoint: 6101 ns, Total: 61104 ns
[1081.584s][info ][safepoint      ] Safepoint "Cleanup", Time since last: 4000357440 ns, Reaching safepoint: 54804 ns, At safepoint: 3900 ns, Total: 58704 ns
[1082.584s][info ][safepoint      ] Safepoint "Cleanup", Time since last: 1000113716 ns, Reaching safepoint: 58804 ns, At safepoint: 4600 ns, Total: 63404 ns
[1086.584s][info ][safepoint      ] Safepoint "Cleanup", Time since last: 4000304880 ns, Reaching safepoint: 78205 ns, At safepoint: 7501 ns, Total: 85706 ns
[1100.585s][info ][safepoint      ] Safepoint "Cleanup", Time since last: 14000966412 ns, Reaching safepoint: 59904 ns, At safepoint: 4000 ns, Total: 63904 ns
[1103.586s][info ][safepoint      ] Safepoint "Cleanup", Time since last: 3000279964 ns, Reaching safepoint: 73004 ns, At safepoint: 8001 ns, Total: 81005 ns
[1108.498s][info ][gc,start       ] GC(144) Pause Young (Allocation Failure)
[1108.506s][debug][gc,phases      ] GC(144) Scavenge 7.815ms
[1108.506s][debug][gc,ref         ] GC(144) Skipped phase 1 of Reference Processing: no references
[1108.506s][debug][gc,ref         ] GC(144) ReferenceProcessor::execute queues: 1, RefProcThreadModel::Single, marks_oops_alive: false
[1108.506s][debug][gc,ref         ] GC(144) Skipped phase 3 of Reference Processing: no references
[1108.506s][debug][gc,ref         ] GC(144) Skipped phase 4 of Reference Processing: no references
[1108.506s][debug][gc,phases      ] GC(144) Reference Processing 0.144ms
[1108.506s][debug][gc,phases      ] GC(144)   VM Weak                        Min:  0.0, Avg:  0.0, Max:  0.0, Diff:  0.0, Sum:  0.0, Workers: 4
[1108.506s][debug][gc,phases      ] GC(144)     Dead                           Min: 0, Avg:  0.0, Max: 0, Diff: 0, Sum: 0, Workers: 4
[1108.506s][debug][gc,phases      ] GC(144)     Total                          Min: 0, Avg: 165.5, Max: 406, Diff: 406, Sum: 662, Workers: 4
[1108.506s][debug][gc,phases      ] GC(144)   ObjectSynchronizer Weak        Min:  0.0, Avg:  0.0, Max:  0.0, Diff:  0.0, Sum:  0.0, Workers: 4
[1108.506s][debug][gc,phases      ] GC(144)     Dead                           Min: 0, Avg:  0.0, Max: 0, Diff: 0, Sum: 0, Workers: 4
[1108.506s][debug][gc,phases      ] GC(144)     Total                          Min: 0, Avg: 47.5, Max: 126, Diff: 126, Sum: 190, Workers: 4
[1108.506s][debug][gc,phases      ] GC(144)   JVMTI Tag Weak OopStorage      Min:  0.0, Avg:  0.0, Max:  0.0, Diff:  0.0, Sum:  0.0, Workers: 4
[1108.506s][debug][gc,phases      ] GC(144)     Dead                           Min: 0, Avg:  0.0, Max: 0, Diff: 0, Sum: 0, Workers: 4
[1108.506s][debug][gc,phases      ] GC(144)     Total                          Min: 0, Avg:  0.0, Max: 0, Diff: 0, Sum: 0, Workers: 4
[1108.506s][debug][gc,phases      ] GC(144)   StringTable Weak               Min:  0.1, Avg:  0.1, Max:  0.1, Diff:  0.0, Sum:  0.4, Workers: 4
[1108.506s][debug][gc,phases      ] GC(144)     Dead                           Min: 0, Avg:  0.0, Max: 0, Diff: 0, Sum: 0, Workers: 4
[1108.506s][debug][gc,phases      ] GC(144)     Total                          Min: 10999, Avg: 11997.8, Max: 12480, Diff: 1481, Sum: 47991, Workers: 4
[1108.506s][debug][gc,phases      ] GC(144)   ResolvedMethodTable Weak       Min:  0.0, Avg:  0.0, Max:  0.0, Diff:  0.0, Sum:  0.1, Workers: 4
[1108.506s][debug][gc,phases      ] GC(144)     Dead                           Min: 0, Avg:  0.0, Max: 0, Diff: 0, Sum: 0, Workers: 4
[1108.506s][debug][gc,phases      ] GC(144)     Total                          Min: 1792, Avg: 2039.0, Max: 2205, Diff: 413, Sum: 8156, Workers: 4
[1108.506s][debug][gc,phases      ] GC(144)   JNI Weak                       Min:  0.0, Avg:  0.0, Max:  0.0, Diff:  0.0, Sum:  0.0, Workers: 4
[1108.506s][debug][gc,phases      ] GC(144)     Dead                           Min: 0, Avg:  0.0, Max: 0, Diff: 0, Sum: 0, Workers: 4
[1108.506s][debug][gc,phases      ] GC(144)     Total                          Min: 0, Avg:  0.0, Max: 0, Diff: 0, Sum: 0, Workers: 4
[1108.506s][debug][gc,phases      ] GC(144)   StringDedup Table Weak         Min:  0.0, Avg:  0.0, Max:  0.0, Diff:  0.0, Sum:  0.0, Workers: 4
[1108.506s][debug][gc,phases      ] GC(144)     Dead                           Min: 0, Avg:  0.0, Max: 0, Diff: 0, Sum: 0, Workers: 4
[1108.506s][debug][gc,phases      ] GC(144)     Total                          Min: 0, Avg:  0.0, Max: 0, Diff: 0, Sum: 0, Workers: 4
[1108.506s][debug][gc,phases      ] GC(144)   StringDedup Requests0 Weak     Min:  0.0, Avg:  0.0, Max:  0.0, Diff:  0.0, Sum:  0.0, Workers: 4
[1108.506s][debug][gc,phases      ] GC(144)     Dead                           Min: 0, Avg:  0.0, Max: 0, Diff: 0, Sum: 0, Workers: 4
[1108.506s][debug][gc,phases      ] GC(144)     Total                          Min: 0, Avg:  0.0, Max: 0, Diff: 0, Sum: 0, Workers: 4
[1108.506s][debug][gc,phases      ] GC(144)   StringDedup Requests1 Weak     Min:  0.0, Avg:  0.0, Max:  0.0, Diff:  0.0, Sum:  0.0, Workers: 4
[1108.506s][debug][gc,phases      ] GC(144)     Dead                           Min: 0, Avg:  0.0, Max: 0, Diff: 0, Sum: 0, Workers: 4
[1108.506s][debug][gc,phases      ] GC(144)     Total                          Min: 0, Avg:  0.0, Max: 0, Diff: 0, Sum: 0, Workers: 4
[1108.506s][debug][gc,phases      ] GC(144)   Weak JFR Old Object Samples    Min:  0.0, Avg:  0.0, Max:  0.0, Diff:  0.0, Sum:  0.0, Workers: 4
[1108.506s][debug][gc,phases      ] GC(144)     Dead                           Min: 0, Avg:  0.0, Max: 0, Diff: 0, Sum: 0, Workers: 4
[1108.506s][debug][gc,phases      ] GC(144)     Total                          Min: 0, Avg:  0.0, Max: 0, Diff: 0, Sum: 0, Workers: 4
[1108.506s][debug][gc,phases      ] GC(144) Weak Processing 0.319ms
[1108.506s][debug][gc,age         ] GC(144) Desired survivor size 57671680 bytes, new threshold 15 (max threshold 15)
[1108.506s][info ][gc,heap        ] GC(144) PSYoungGen: 1996435K(2031104K)->27600K(2040832K) Eden: 1968640K(1968640K)->0K(1981952K) From: 27795K(62464K)->27600K(58880K)
[1108.506s][info ][gc,heap        ] GC(144) ParOldGen: 547326K(637952K)->547326K(637952K)
[1108.506s][info ][gc,metaspace   ] GC(144) Metaspace: 81580K(82432K)->81580K(82432K) NonClass: 70150K(70592K)->70150K(70592K) Class: 11429K(11840K)->11429K(11840K)
[1108.506s][info ][gc             ] GC(144) Pause Young (Allocation Failure) 2484M->561M(2616M) 8.422ms
[1108.506s][info ][gc,cpu         ] GC(144) User=0.03s Sys=0.01s Real=0.01s
[1108.506s][info ][safepoint      ] Safepoint "ParallelGCFailedAllocation", Time since last: 4912114860 ns, Reaching safepoint: 42502 ns, At safepoint: 8505800 ns, Total: 8548302 ns
[1125.507s][info ][safepoint      ] Safepoint "Cleanup", Time since last: 17001030769 ns, Reaching safepoint: 47103 ns, At safepoint: 3500 ns, Total: 50603 ns
[1153.510s][info ][safepoint      ] Safepoint "Cleanup", Time since last: 28002834246 ns, Reaching safepoint: 45202 ns, At safepoint: 3800 ns, Total: 49002 ns
[1154.510s][info ][safepoint      ] Safepoint "Cleanup", Time since last: 1000121693 ns, Reaching safepoint: 48403 ns, At safepoint: 3800 ns, Total: 52203 ns
[1187.513s][info ][safepoint      ] Safepoint "Cleanup", Time since last: 33002196116 ns, Reaching safepoint: 50002 ns, At safepoint: 3801 ns, Total: 53803 ns
[1191.513s][info ][safepoint      ] Safepoint "Cleanup", Time since last: 4000314980 ns, Reaching safepoint: 59003 ns, At safepoint: 10200 ns, Total: 69203 ns
[1197.514s][info ][safepoint      ] Safepoint "Cleanup", Time since last: 6000468636 ns, Reaching safepoint: 54503 ns, At safepoint: 7601 ns, Total: 62104 ns
[1203.614s][info ][gc,start       ] GC(145) Pause Young (Allocation Failure)
[1203.621s][debug][gc,phases      ] GC(145) Scavenge 7.415ms
[1203.621s][debug][gc,ref         ] GC(145) Skipped phase 1 of Reference Processing: no references
[1203.621s][debug][gc,ref         ] GC(145) ReferenceProcessor::execute queues: 1, RefProcThreadModel::Single, marks_oops_alive: false
[1203.621s][debug][gc,ref         ] GC(145) Skipped phase 3 of Reference Processing: no references
[1203.621s][debug][gc,ref         ] GC(145) ReferenceProcessor::execute queues: 1, RefProcThreadModel::Single, marks_oops_alive: false
[1203.621s][debug][gc,phases      ] GC(145) Reference Processing 0.122ms
[1203.621s][debug][gc,phases      ] GC(145)   VM Weak                        Min:  0.0, Avg:  0.0, Max:  0.0, Diff:  0.0, Sum:  0.0, Workers: 4
[1203.621s][debug][gc,phases      ] GC(145)     Dead                           Min: 0, Avg:  0.0, Max: 0, Diff: 0, Sum: 0, Workers: 4
[1203.621s][debug][gc,phases      ] GC(145)     Total                          Min: 0, Avg: 165.5, Max: 384, Diff: 384, Sum: 662, Workers: 4
[1203.621s][debug][gc,phases      ] GC(145)   ObjectSynchronizer Weak        Min:  0.0, Avg:  0.0, Max:  0.0, Diff:  0.0, Sum:  0.0, Workers: 4
[1203.621s][debug][gc,phases      ] GC(145)     Dead                           Min: 0, Avg:  0.0, Max: 0, Diff: 0, Sum: 0, Workers: 4
[1203.621s][debug][gc,phases      ] GC(145)     Total                          Min: 0, Avg: 47.5, Max: 126, Diff: 126, Sum: 190, Workers: 4
[1203.621s][debug][gc,phases      ] GC(145)   JVMTI Tag Weak OopStorage      Min:  0.0, Avg:  0.0, Max:  0.0, Diff:  0.0, Sum:  0.0, Workers: 4
[1203.621s][debug][gc,phases      ] GC(145)     Dead                           Min: 0, Avg:  0.0, Max: 0, Diff: 0, Sum: 0, Workers: 4
[1203.621s][debug][gc,phases      ] GC(145)     Total                          Min: 0, Avg:  0.0, Max: 0, Diff: 0, Sum: 0, Workers: 4
[1203.621s][debug][gc,phases      ] GC(145)   StringTable Weak               Min:  0.1, Avg:  0.1, Max:  0.1, Diff:  0.0, Sum:  0.5, Workers: 4
[1203.621s][debug][gc,phases      ] GC(145)     Dead                           Min: 0, Avg:  0.0, Max: 0, Diff: 0, Sum: 0, Workers: 4
[1203.621s][debug][gc,phases      ] GC(145)     Total                          Min: 10240, Avg: 12010.8, Max: 13291, Diff: 3051, Sum: 48043, Workers: 4
[1203.621s][debug][gc,phases      ] GC(145)   ResolvedMethodTable Weak       Min:  0.0, Avg:  0.0, Max:  0.0, Diff:  0.0, Sum:  0.1, Workers: 4
[1203.621s][debug][gc,phases      ] GC(145)     Dead                           Min: 0, Avg:  0.0, Max: 0, Diff: 0, Sum: 0, Workers: 4
[1203.621s][debug][gc,phases      ] GC(145)     Total                          Min: 1728, Avg: 2039.0, Max: 2397, Diff: 669, Sum: 8156, Workers: 4
[1203.621s][debug][gc,phases      ] GC(145)   JNI Weak                       Min:  0.0, Avg:  0.0, Max:  0.0, Diff:  0.0, Sum:  0.0, Workers: 4
[1203.621s][debug][gc,phases      ] GC(145)     Dead                           Min: 0, Avg:  0.0, Max: 0, Diff: 0, Sum: 0, Workers: 4
[1203.621s][debug][gc,phases      ] GC(145)     Total                          Min: 0, Avg:  0.0, Max: 0, Diff: 0, Sum: 0, Workers: 4
[1203.621s][debug][gc,phases      ] GC(145)   StringDedup Table Weak         Min:  0.0, Avg:  0.0, Max:  0.0, Diff:  0.0, Sum:  0.0, Workers: 4
[1203.621s][debug][gc,phases      ] GC(145)     Dead                           Min: 0, Avg:  0.0, Max: 0, Diff: 0, Sum: 0, Workers: 4
[1203.621s][debug][gc,phases      ] GC(145)     Total                          Min: 0, Avg:  0.0, Max: 0, Diff: 0, Sum: 0, Workers: 4
[1203.621s][debug][gc,phases      ] GC(145)   StringDedup Requests0 Weak     Min:  0.0, Avg:  0.0, Max:  0.0, Diff:  0.0, Sum:  0.0, Workers: 4
[1203.621s][debug][gc,phases      ] GC(145)     Dead                           Min: 0, Avg:  0.0, Max: 0, Diff: 0, Sum: 0, Workers: 4
[1203.621s][debug][gc,phases      ] GC(145)     Total                          Min: 0, Avg:  0.0, Max: 0, Diff: 0, Sum: 0, Workers: 4
[1203.622s][debug][gc,phases      ] GC(145)   StringDedup Requests1 Weak     Min:  0.0, Avg:  0.0, Max:  0.0, Diff:  0.0, Sum:  0.0, Workers: 4
[1203.622s][debug][gc,phases      ] GC(145)     Dead                           Min: 0, Avg:  0.0, Max: 0, Diff: 0, Sum: 0, Workers: 4
[1203.622s][debug][gc,phases      ] GC(145)     Total                          Min: 0, Avg:  0.0, Max: 0, Diff: 0, Sum: 0, Workers: 4
[1203.622s][debug][gc,phases      ] GC(145)   Weak JFR Old Object Samples    Min:  0.0, Avg:  0.0, Max:  0.0, Diff:  0.0, Sum:  0.0, Workers: 4
[1203.622s][debug][gc,phases      ] GC(145)     Dead                           Min: 0, Avg:  0.0, Max: 0, Diff: 0, Sum: 0, Workers: 4
[1203.622s][debug][gc,phases      ] GC(145)     Total                          Min: 0, Avg:  0.0, Max: 0, Diff: 0, Sum: 0, Workers: 4
[1203.622s][debug][gc,phases      ] GC(145) Weak Processing 0.370ms
[1203.622s][debug][gc,age         ] GC(145) Desired survivor size 54525952 bytes, new threshold 15 (max threshold 15)
[1203.622s][info ][gc,heap        ] GC(145) PSYoungGen: 2009552K(2040832K)->27520K(2038272K) Eden: 1981952K(1981952K)->0K(1981952K) From: 27600K(58880K)->27520K(56320K)
[1203.622s][info ][gc,heap        ] GC(145) ParOldGen: 547326K(637952K)->547326K(637952K)
[1203.622s][info ][gc,metaspace   ] GC(145) Metaspace: 81580K(82432K)->81580K(82432K) NonClass: 70150K(70592K)->70150K(70592K) Class: 11429K(11840K)->11429K(11840K)
[1203.622s][info ][gc             ] GC(145) Pause Young (Allocation Failure) 2496M->561M(2613M) 8.057ms
[1203.622s][info ][gc,cpu         ] GC(145) User=0.03s Sys=0.00s Real=0.01s
[1203.622s][info ][safepoint      ] Safepoint "ParallelGCFailedAllocation", Time since last: 6099811696 ns, Reaching safepoint: 33502 ns, At safepoint: 8143626 ns, Total: 8177128 ns
[1204.622s][info ][safepoint      ] Safepoint "Cleanup", Time since last: 1000044159 ns, Reaching safepoint: 83904 ns, At safepoint: 31702 ns, Total: 115606 ns
[1210.622s][info ][safepoint      ] Safepoint "Cleanup", Time since last: 6000460184 ns, Reaching safepoint: 56903 ns, At safepoint: 9001 ns, Total: 65904 ns
[1230.624s][info ][safepoint      ] Safepoint "Cleanup", Time since last: 20001392735 ns, Reaching safepoint: 46103 ns, At safepoint: 7200 ns, Total: 53303 ns
[1257.628s][info ][safepoint      ] Safepoint "Cleanup", Time since last: 27004478039 ns, Reaching safepoint: 67603 ns, At safepoint: 10501 ns, Total: 78104 ns
[1264.629s][info ][safepoint      ] Safepoint "Cleanup", Time since last: 7000462364 ns, Reaching safepoint: 54103 ns, At safepoint: 3800 ns, Total: 57903 ns
[1274.630s][info ][safepoint      ] Safepoint "Cleanup", Time since last: 10001493538 ns, Reaching safepoint: 52602 ns, At safepoint: 3601 ns, Total: 56203 ns
[1286.631s][info ][safepoint      ] Safepoint "Cleanup", Time since last: 12000864337 ns, Reaching safepoint: 47802 ns, At safepoint: 3700 ns, Total: 51502 ns
[1294.632s][info ][safepoint      ] Safepoint "Cleanup", Time since last: 8000489435 ns, Reaching safepoint: 49902 ns, At safepoint: 8100 ns, Total: 58002 ns
[1300.864s][info ][safepoint      ] Safepoint "ParallelGCFailedAllocation", Time since last: 6231695858 ns, Reaching safepoint: 126706 ns, At safepoint: 27401 ns, Total: 154107 ns
[1300.865s][info ][gc,start       ] GC(146) Pause Young (GCLocker Initiated GC)
[1300.875s][debug][gc,phases      ] GC(146) Scavenge 10.278ms
[1300.875s][debug][gc,ref         ] GC(146) Skipped phase 1 of Reference Processing: no references
[1300.875s][debug][gc,ref         ] GC(146) ReferenceProcessor::execute queues: 1, RefProcThreadModel::Single, marks_oops_alive: false
[1300.875s][debug][gc,ref         ] GC(146) Skipped phase 3 of Reference Processing: no references
[1300.875s][debug][gc,ref         ] GC(146) Skipped phase 4 of Reference Processing: no references
[1300.875s][debug][gc,phases      ] GC(146) Reference Processing 0.130ms
[1300.875s][debug][gc,phases      ] GC(146)   VM Weak                        Min:  0.0, Avg:  0.0, Max:  0.0, Diff:  0.0, Sum:  0.0, Workers: 4
[1300.875s][debug][gc,phases      ] GC(146)     Dead                           Min: 0, Avg:  0.0, Max: 0, Diff: 0, Sum: 0, Workers: 4
[1300.875s][debug][gc,phases      ] GC(146)     Total                          Min: 0, Avg: 165.5, Max: 598, Diff: 598, Sum: 662, Workers: 4
[1300.875s][debug][gc,phases      ] GC(146)   ObjectSynchronizer Weak        Min:  0.0, Avg:  0.0, Max:  0.0, Diff:  0.0, Sum:  0.0, Workers: 4
[1300.875s][debug][gc,phases      ] GC(146)     Dead                           Min: 0, Avg:  0.0, Max: 0, Diff: 0, Sum: 0, Workers: 4
[1300.875s][debug][gc,phases      ] GC(146)     Total                          Min: 0, Avg: 47.5, Max: 64, Diff: 64, Sum: 190, Workers: 4
[1300.875s][debug][gc,phases      ] GC(146)   JVMTI Tag Weak OopStorage      Min:  0.0, Avg:  0.0, Max:  0.0, Diff:  0.0, Sum:  0.0, Workers: 4
[1300.875s][debug][gc,phases      ] GC(146)     Dead                           Min: 0, Avg:  0.0, Max: 0, Diff: 0, Sum: 0, Workers: 4
[1300.875s][debug][gc,phases      ] GC(146)     Total                          Min: 0, Avg:  0.0, Max: 0, Diff: 0, Sum: 0, Workers: 4
[1300.875s][debug][gc,phases      ] GC(146)   StringTable Weak               Min:  0.1, Avg:  0.1, Max:  0.1, Diff:  0.0, Sum:  0.5, Workers: 4
[1300.875s][debug][gc,phases      ] GC(146)     Dead                           Min: 0, Avg:  0.0, Max: 0, Diff: 0, Sum: 0, Workers: 4
[1300.875s][debug][gc,phases      ] GC(146)     Total                          Min: 9344, Avg: 12021.0, Max: 14228, Diff: 4884, Sum: 48084, Workers: 4
[1300.875s][debug][gc,phases      ] GC(146)   ResolvedMethodTable Weak       Min:  0.0, Avg:  0.0, Max:  0.0, Diff:  0.0, Sum:  0.1, Workers: 4
[1300.875s][debug][gc,phases      ] GC(146)     Dead                           Min: 0, Avg:  0.0, Max: 0, Diff: 0, Sum: 0, Workers: 4
[1300.875s][debug][gc,phases      ] GC(146)     Total                          Min: 1664, Avg: 2039.0, Max: 2303, Diff: 639, Sum: 8156, Workers: 4
[1300.875s][debug][gc,phases      ] GC(146)   JNI Weak                       Min:  0.0, Avg:  0.0, Max:  0.0, Diff:  0.0, Sum:  0.0, Workers: 4
[1300.875s][debug][gc,phases      ] GC(146)     Dead                           Min: 0, Avg:  0.0, Max: 0, Diff: 0, Sum: 0, Workers: 4
[1300.875s][debug][gc,phases      ] GC(146)     Total                          Min: 0, Avg:  0.0, Max: 0, Diff: 0, Sum: 0, Workers: 4
[1300.875s][debug][gc,phases      ] GC(146)   StringDedup Table Weak         Min:  0.0, Avg:  0.0, Max:  0.0, Diff:  0.0, Sum:  0.0, Workers: 4
[1300.875s][debug][gc,phases      ] GC(146)     Dead                           Min: 0, Avg:  0.0, Max: 0, Diff: 0, Sum: 0, Workers: 4
[1300.875s][debug][gc,phases      ] GC(146)     Total                          Min: 0, Avg:  0.0, Max: 0, Diff: 0, Sum: 0, Workers: 4
[1300.875s][debug][gc,phases      ] GC(146)   StringDedup Requests0 Weak     Min:  0.0, Avg:  0.0, Max:  0.0, Diff:  0.0, Sum:  0.0, Workers: 4
[1300.875s][debug][gc,phases      ] GC(146)     Dead                           Min: 0, Avg:  0.0, Max: 0, Diff: 0, Sum: 0, Workers: 4
[1300.875s][debug][gc,phases      ] GC(146)     Total                          Min: 0, Avg:  0.0, Max: 0, Diff: 0, Sum: 0, Workers: 4
[1300.875s][debug][gc,phases      ] GC(146)   StringDedup Requests1 Weak     Min:  0.0, Avg:  0.0, Max:  0.0, Diff:  0.0, Sum:  0.0, Workers: 4
[1300.875s][debug][gc,phases      ] GC(146)     Dead                           Min: 0, Avg:  0.0, Max: 0, Diff: 0, Sum: 0, Workers: 4
[1300.875s][debug][gc,phases      ] GC(146)     Total                          Min: 0, Avg:  0.0, Max: 0, Diff: 0, Sum: 0, Workers: 4
[1300.875s][debug][gc,phases      ] GC(146)   Weak JFR Old Object Samples    Min:  0.0, Avg:  0.0, Max:  0.0, Diff:  0.0, Sum:  0.0, Workers: 4
[1300.875s][debug][gc,phases      ] GC(146)     Dead                           Min: 0, Avg:  0.0, Max: 0, Diff: 0, Sum: 0, Workers: 4
[1300.875s][debug][gc,phases      ] GC(146)     Total                          Min: 0, Avg:  0.0, Max: 0, Diff: 0, Sum: 0, Workers: 4
[1300.875s][debug][gc,phases      ] GC(146) Weak Processing 0.370ms
[1300.875s][debug][gc,age         ] GC(146) Desired survivor size 52428800 bytes, new threshold 15 (max threshold 15)
[1300.875s][info ][gc,heap        ] GC(146) PSYoungGen: 2009472K(2038272K)->28236K(2045952K) Eden: 1981952K(1981952K)->0K(1992704K) From: 27520K(56320K)->28236K(53248K)
[1300.875s][info ][gc,heap        ] GC(146) ParOldGen: 547330K(637952K)->547330K(637952K)
[1300.875s][info ][gc,metaspace   ] GC(146) Metaspace: 81582K(82432K)->81582K(82432K) NonClass: 70153K(70592K)->70153K(70592K) Class: 11429K(11840K)->11429K(11840K)
[1300.875s][info ][gc             ] GC(146) Pause Young (GCLocker Initiated GC) 2496M->562M(2621M) 10.922ms
[1300.875s][info ][gc,cpu         ] GC(146) User=0.03s Sys=0.00s Real=0.02s
[1300.876s][info ][safepoint      ] Safepoint "ParallelGCSystemGC", Time since last: 765536 ns, Reaching safepoint: 45502 ns, At safepoint: 11006316 ns, Total: 11051818 ns
[1315.877s][info ][safepoint      ] Safepoint "Cleanup", Time since last: 15001043457 ns, Reaching safepoint: 57602 ns, At safepoint: 9501 ns, Total: 67103 ns
[1321.877s][info ][safepoint      ] Safepoint "Cleanup", Time since last: 6000466641 ns, Reaching safepoint: 59702 ns, At safepoint: 6001 ns, Total: 65703 ns
[1366.881s][info ][safepoint      ] Safepoint "Cleanup", Time since last: 45003293220 ns, Reaching safepoint: 53202 ns, At safepoint: 9600 ns, Total: 62802 ns
[1376.881s][info ][safepoint      ] Safepoint "Cleanup", Time since last: 10000641990 ns, Reaching safepoint: 46602 ns, At safepoint: 9400 ns, Total: 56002 ns
[1377.881s][info ][safepoint      ] Safepoint "Cleanup", Time since last: 1000115049 ns, Reaching safepoint: 51002 ns, At safepoint: 4900 ns, Total: 55902 ns
[1383.882s][info ][safepoint      ] Safepoint "Cleanup", Time since last: 6000425069 ns, Reaching safepoint: 55602 ns, At safepoint: 3601 ns, Total: 59203 ns
[1395.834s][info ][gc,start       ] GC(147) Pause Young (Allocation Failure)
[1395.843s][debug][gc,phases      ] GC(147) Scavenge 8.881ms
[1395.843s][debug][gc,ref         ] GC(147) Skipped phase 1 of Reference Processing: no references
[1395.843s][debug][gc,ref         ] GC(147) ReferenceProcessor::execute queues: 1, RefProcThreadModel::Single, marks_oops_alive: false
[1395.843s][debug][gc,ref         ] GC(147) Skipped phase 3 of Reference Processing: no references
[1395.843s][debug][gc,ref         ] GC(147) Skipped phase 4 of Reference Processing: no references
[1395.843s][debug][gc,phases      ] GC(147) Reference Processing 0.174ms
[1395.843s][debug][gc,phases      ] GC(147)   VM Weak                        Min:  0.0, Avg:  0.0, Max:  0.0, Diff:  0.0, Sum:  0.0, Workers: 4
[1395.843s][debug][gc,phases      ] GC(147)     Dead                           Min: 0, Avg:  0.0, Max: 0, Diff: 0, Sum: 0, Workers: 4
[1395.843s][debug][gc,phases      ] GC(147)     Total                          Min: 0, Avg: 165.5, Max: 534, Diff: 534, Sum: 662, Workers: 4
[1395.843s][debug][gc,phases      ] GC(147)   ObjectSynchronizer Weak        Min:  0.0, Avg:  0.0, Max:  0.0, Diff:  0.0, Sum:  0.0, Workers: 4
[1395.843s][debug][gc,phases      ] GC(147)     Dead                           Min: 0, Avg:  0.0, Max: 0, Diff: 0, Sum: 0, Workers: 4
[1395.843s][debug][gc,phases      ] GC(147)     Total                          Min: 0, Avg: 47.5, Max: 64, Diff: 64, Sum: 190, Workers: 4
[1395.843s][debug][gc,phases      ] GC(147)   JVMTI Tag Weak OopStorage      Min:  0.0, Avg:  0.0, Max:  0.0, Diff:  0.0, Sum:  0.0, Workers: 4
[1395.843s][debug][gc,phases      ] GC(147)     Dead                           Min: 0, Avg:  0.0, Max: 0, Diff: 0, Sum: 0, Workers: 4
[1395.843s][debug][gc,phases      ] GC(147)     Total                          Min: 0, Avg:  0.0, Max: 0, Diff: 0, Sum: 0, Workers: 4
[1395.843s][debug][gc,phases      ] GC(147)   StringTable Weak               Min:  0.1, Avg:  0.1, Max:  0.1, Diff:  0.0, Sum:  0.5, Workers: 4
[1395.843s][debug][gc,phases      ] GC(147)     Dead                           Min: 0, Avg:  0.0, Max: 0, Diff: 0, Sum: 0, Workers: 4
[1395.843s][debug][gc,phases      ] GC(147)     Total                          Min: 11169, Avg: 12024.2, Max: 12544, Diff: 1375, Sum: 48097, Workers: 4
[1395.843s][debug][gc,phases      ] GC(147)   ResolvedMethodTable Weak       Min:  0.0, Avg:  0.0, Max:  0.0, Diff:  0.0, Sum:  0.1, Workers: 4
[1395.843s][debug][gc,phases      ] GC(147)     Dead                           Min: 0, Avg:  0.0, Max: 0, Diff: 0, Sum: 0, Workers: 4
[1395.843s][debug][gc,phases      ] GC(147)     Total                          Min: 1920, Avg: 2039.0, Max: 2175, Diff: 255, Sum: 8156, Workers: 4
[1395.843s][debug][gc,phases      ] GC(147)   JNI Weak                       Min:  0.0, Avg:  0.0, Max:  0.0, Diff:  0.0, Sum:  0.0, Workers: 4
[1395.843s][debug][gc,phases      ] GC(147)     Dead                           Min: 0, Avg:  0.0, Max: 0, Diff: 0, Sum: 0, Workers: 4
[1395.843s][debug][gc,phases      ] GC(147)     Total                          Min: 0, Avg:  0.0, Max: 0, Diff: 0, Sum: 0, Workers: 4
[1395.843s][debug][gc,phases      ] GC(147)   StringDedup Table Weak         Min:  0.0, Avg:  0.0, Max:  0.0, Diff:  0.0, Sum:  0.0, Workers: 4
[1395.843s][debug][gc,phases      ] GC(147)     Dead                           Min: 0, Avg:  0.0, Max: 0, Diff: 0, Sum: 0, Workers: 4
[1395.843s][debug][gc,phases      ] GC(147)     Total                          Min: 0, Avg:  0.0, Max: 0, Diff: 0, Sum: 0, Workers: 4
[1395.843s][debug][gc,phases      ] GC(147)   StringDedup Requests0 Weak     Min:  0.0, Avg:  0.0, Max:  0.0, Diff:  0.0, Sum:  0.0, Workers: 4
[1395.843s][debug][gc,phases      ] GC(147)     Dead                           Min: 0, Avg:  0.0, Max: 0, Diff: 0, Sum: 0, Workers: 4
[1395.843s][debug][gc,phases      ] GC(147)     Total                          Min: 0, Avg:  0.0, Max: 0, Diff: 0, Sum: 0, Workers: 4
[1395.843s][debug][gc,phases      ] GC(147)   StringDedup Requests1 Weak     Min:  0.0, Avg:  0.0, Max:  0.0, Diff:  0.0, Sum:  0.0, Workers: 4
[1395.843s][debug][gc,phases      ] GC(147)     Dead                           Min: 0, Avg:  0.0, Max: 0, Diff: 0, Sum: 0, Workers: 4
[1395.843s][debug][gc,phases      ] GC(147)     Total                          Min: 0, Avg:  0.0, Max: 0, Diff: 0, Sum: 0, Workers: 4
[1395.843s][debug][gc,phases      ] GC(147)   Weak JFR Old Object Samples    Min:  0.0, Avg:  0.0, Max:  0.0, Diff:  0.0, Sum:  0.0, Workers: 4
[1395.843s][debug][gc,phases      ] GC(147)     Dead                           Min: 0, Avg:  0.0, Max: 0, Diff: 0, Sum: 0, Workers: 4
[1395.843s][debug][gc,phases      ] GC(147)     Total                          Min: 0, Avg:  0.0, Max: 0, Diff: 0, Sum: 0, Workers: 4
[1395.843s][debug][gc,phases      ] GC(147) Weak Processing 0.412ms
[1395.843s][debug][gc,age         ] GC(147) Desired survivor size 49807360 bytes, new threshold 15 (max threshold 15)
[1395.843s][info ][gc,heap        ] GC(147) PSYoungGen: 2020940K(2045952K)->27520K(2043904K) Eden: 1992704K(1992704K)->0K(1992704K) From: 28236K(53248K)->27520K(51200K)
[1395.843s][info ][gc,heap        ] GC(147) ParOldGen: 547333K(637952K)->547341K(637952K)
[1395.843s][info ][gc,metaspace   ] GC(147) Metaspace: 81587K(82432K)->81587K(82432K) NonClass: 70158K(70592K)->70158K(70592K) Class: 11429K(11840K)->11429K(11840K)
[1395.844s][info ][gc             ] GC(147) Pause Young (Allocation Failure) 2508M->561M(2619M) 9.636ms
[1395.844s][info ][gc,cpu         ] GC(147) User=0.04s Sys=0.00s Real=0.00s
[1395.844s][info ][safepoint      ] Safepoint "ParallelGCFailedAllocation", Time since last: 11951926316 ns, Reaching safepoint: 48202 ns, At safepoint: 9738213 ns, Total: 9786415 ns
[1403.844s][info ][safepoint      ] Safepoint "Cleanup", Time since last: 8000542393 ns, Reaching safepoint: 66003 ns, At safepoint: 9000 ns, Total: 75003 ns
[1441.847s][info ][safepoint      ] Safepoint "Cleanup", Time since last: 38002636309 ns, Reaching safepoint: 63402 ns, At safepoint: 8700 ns, Total: 72102 ns
[1459.848s][info ][safepoint      ] Safepoint "Cleanup", Time since last: 18001361425 ns, Reaching safepoint: 43401 ns, At safepoint: 10401 ns, Total: 53802 ns
[1487.608s][info ][gc,start       ] GC(148) Pause Young (Allocation Failure)
[1487.617s][debug][gc,phases      ] GC(148) Scavenge 8.812ms
[1487.617s][debug][gc,ref         ] GC(148) Skipped phase 1 of Reference Processing: no references
[1487.617s][debug][gc,ref         ] GC(148) ReferenceProcessor::execute queues: 1, RefProcThreadModel::Single, marks_oops_alive: false
[1487.617s][debug][gc,ref         ] GC(148) Skipped phase 3 of Reference Processing: no references
[1487.617s][debug][gc,ref         ] GC(148) Skipped phase 4 of Reference Processing: no references
[1487.617s][debug][gc,phases      ] GC(148) Reference Processing 0.115ms
[1487.617s][debug][gc,phases      ] GC(148)   VM Weak                        Min:  0.0, Avg:  0.0, Max:  0.0, Diff:  0.0, Sum:  0.0, Workers: 4
[1487.617s][debug][gc,phases      ] GC(148)     Dead                           Min: 0, Avg:  0.0, Max: 0, Diff: 0, Sum: 0, Workers: 4
[1487.617s][debug][gc,phases      ] GC(148)     Total                          Min: 0, Avg: 165.5, Max: 534, Diff: 534, Sum: 662, Workers: 4
[1487.617s][debug][gc,phases      ] GC(148)   ObjectSynchronizer Weak        Min:  0.0, Avg:  0.0, Max:  0.0, Diff:  0.0, Sum:  0.0, Workers: 4
[1487.617s][debug][gc,phases      ] GC(148)     Dead                           Min: 0, Avg:  0.0, Max: 0, Diff: 0, Sum: 0, Workers: 4
[1487.617s][debug][gc,phases      ] GC(148)     Total                          Min: 0, Avg: 47.5, Max: 64, Diff: 64, Sum: 190, Workers: 4
[1487.617s][debug][gc,phases      ] GC(148)   JVMTI Tag Weak OopStorage      Min:  0.0, Avg:  0.0, Max:  0.0, Diff:  0.0, Sum:  0.0, Workers: 4
[1487.617s][debug][gc,phases      ] GC(148)     Dead                           Min: 0, Avg:  0.0, Max: 0, Diff: 0, Sum: 0, Workers: 4
[1487.617s][debug][gc,phases      ] GC(148)     Total                          Min: 0, Avg:  0.0, Max: 0, Diff: 0, Sum: 0, Workers: 4
[1487.617s][debug][gc,phases      ] GC(148)   StringTable Weak               Min:  0.1, Avg:  0.1, Max:  0.1, Diff:  0.0, Sum:  0.5, Workers: 4
[1487.617s][debug][gc,phases      ] GC(148)     Dead                           Min: 0, Avg:  0.0, Max: 0, Diff: 0, Sum: 0, Workers: 4
[1487.617s][debug][gc,phases      ] GC(148)     Total                          Min: 10850, Avg: 12024.5, Max: 12672, Diff: 1822, Sum: 48098, Workers: 4
[1487.617s][debug][gc,phases      ] GC(148)   ResolvedMethodTable Weak       Min:  0.0, Avg:  0.0, Max:  0.0, Diff:  0.0, Sum:  0.1, Workers: 4
[1487.617s][debug][gc,phases      ] GC(148)     Dead                           Min: 0, Avg:  0.0, Max: 0, Diff: 0, Sum: 0, Workers: 4
[1487.617s][debug][gc,phases      ] GC(148)     Total                          Min: 1886, Avg: 2039.0, Max: 2176, Diff: 290, Sum: 8156, Workers: 4
[1487.617s][debug][gc,phases      ] GC(148)   JNI Weak                       Min:  0.0, Avg:  0.0, Max:  0.0, Diff:  0.0, Sum:  0.0, Workers: 4
[1487.617s][debug][gc,phases      ] GC(148)     Dead                           Min: 0, Avg:  0.0, Max: 0, Diff: 0, Sum: 0, Workers: 4
[1487.617s][debug][gc,phases      ] GC(148)     Total                          Min: 0, Avg:  0.0, Max: 0, Diff: 0, Sum: 0, Workers: 4
[1487.617s][debug][gc,phases      ] GC(148)   StringDedup Table Weak         Min:  0.0, Avg:  0.0, Max:  0.0, Diff:  0.0, Sum:  0.0, Workers: 4
[1487.617s][debug][gc,phases      ] GC(148)     Dead                           Min: 0, Avg:  0.0, Max: 0, Diff: 0, Sum: 0, Workers: 4
[1487.617s][debug][gc,phases      ] GC(148)     Total                          Min: 0, Avg:  0.0, Max: 0, Diff: 0, Sum: 0, Workers: 4
[1487.617s][debug][gc,phases      ] GC(148)   StringDedup Requests0 Weak     Min:  0.0, Avg:  0.0, Max:  0.0, Diff:  0.0, Sum:  0.0, Workers: 4
[1487.617s][debug][gc,phases      ] GC(148)     Dead                           Min: 0, Avg:  0.0, Max: 0, Diff: 0, Sum: 0, Workers: 4
[1487.617s][debug][gc,phases      ] GC(148)     Total                          Min: 0, Avg:  0.0, Max: 0, Diff: 0, Sum: 0, Workers: 4
[1487.617s][debug][gc,phases      ] GC(148)   StringDedup Requests1 Weak     Min:  0.0, Avg:  0.0, Max:  0.0, Diff:  0.0, Sum:  0.0, Workers: 4
[1487.617s][debug][gc,phases      ] GC(148)     Dead                           Min: 0, Avg:  0.0, Max: 0, Diff: 0, Sum: 0, Workers: 4
[1487.617s][debug][gc,phases      ] GC(148)     Total                          Min: 0, Avg:  0.0, Max: 0, Diff: 0, Sum: 0, Workers: 4
[1487.617s][debug][gc,phases      ] GC(148)   Weak JFR Old Object Samples    Min:  0.0, Avg:  0.0, Max:  0.0, Diff:  0.0, Sum:  0.0, Workers: 4
[1487.617s][debug][gc,phases      ] GC(148)     Dead                           Min: 0, Avg:  0.0, Max: 0, Diff: 0, Sum: 0, Workers: 4
[1487.617s][debug][gc,phases      ] GC(148)     Total                          Min: 0, Avg:  0.0, Max: 0, Diff: 0, Sum: 0, Workers: 4
[1487.617s][debug][gc,phases      ] GC(148) Weak Processing 0.370ms
[1487.617s][debug][gc,age         ] GC(148) Desired survivor size 47710208 bytes, new threshold 15 (max threshold 15)
[1487.617s][info ][gc,heap        ] GC(148) PSYoungGen: 2020224K(2043904K)->28022K(2050560K) Eden: 1992704K(1992704K)->0K(2001920K) From: 27520K(51200K)->28022K(48640K)
[1487.617s][info ][gc,heap        ] GC(148) ParOldGen: 547341K(637952K)->547341K(637952K)
[1487.617s][info ][gc,metaspace   ] GC(148) Metaspace: 81597K(82432K)->81597K(82432K) NonClass: 70167K(70592K)->70167K(70592K) Class: 11429K(11840K)->11429K(11840K)
[1487.617s][info ][gc             ] GC(148) Pause Young (Allocation Failure) 2507M->561M(2625M) 9.446ms
[1487.617s][info ][gc,cpu         ] GC(148) User=0.03s Sys=0.00s Real=0.01s
[1487.618s][info ][safepoint      ] Safepoint "ParallelGCFailedAllocation", Time since last: 27759544849 ns, Reaching safepoint: 120904 ns, At safepoint: 9540672 ns, Total: 9661576 ns
[1557.622s][info ][safepoint      ] Safepoint "Cleanup", Time since last: 70004587832 ns, Reaching safepoint: 52102 ns, At safepoint: 6800 ns, Total: 58902 ns
[1583.490s][info ][gc,start       ] GC(149) Pause Young (Allocation Failure)
[1583.500s][debug][gc,phases      ] GC(149) Scavenge 9.679ms
[1583.500s][debug][gc,ref         ] GC(149) Skipped phase 1 of Reference Processing: no references
[1583.500s][debug][gc,ref         ] GC(149) ReferenceProcessor::execute queues: 1, RefProcThreadModel::Single, marks_oops_alive: false
[1583.500s][debug][gc,ref         ] GC(149) Skipped phase 3 of Reference Processing: no references
[1583.500s][debug][gc,ref         ] GC(149) Skipped phase 4 of Reference Processing: no references
[1583.500s][debug][gc,phases      ] GC(149) Reference Processing 0.128ms
[1583.500s][debug][gc,phases      ] GC(149)   VM Weak                        Min:  0.0, Avg:  0.0, Max:  0.0, Diff:  0.0, Sum:  0.0, Workers: 4
[1583.500s][debug][gc,phases      ] GC(149)     Dead                           Min: 0, Avg:  0.0, Max: 0, Diff: 0, Sum: 0, Workers: 4
[1583.500s][debug][gc,phases      ] GC(149)     Total                          Min: 0, Avg: 165.5, Max: 320, Diff: 320, Sum: 662, Workers: 4
[1583.500s][debug][gc,phases      ] GC(149)   ObjectSynchronizer Weak        Min:  0.0, Avg:  0.0, Max:  0.0, Diff:  0.0, Sum:  0.0, Workers: 4
[1583.500s][debug][gc,phases      ] GC(149)     Dead                           Min: 0, Avg:  0.0, Max: 0, Diff: 0, Sum: 0, Workers: 4
[1583.500s][debug][gc,phases      ] GC(149)     Total                          Min: 0, Avg: 47.5, Max: 64, Diff: 64, Sum: 190, Workers: 4
[1583.500s][debug][gc,phases      ] GC(149)   JVMTI Tag Weak OopStorage      Min:  0.0, Avg:  0.0, Max:  0.0, Diff:  0.0, Sum:  0.0, Workers: 4
[1583.500s][debug][gc,phases      ] GC(149)     Dead                           Min: 0, Avg:  0.0, Max: 0, Diff: 0, Sum: 0, Workers: 4
[1583.500s][debug][gc,phases      ] GC(149)     Total                          Min: 0, Avg:  0.0, Max: 0, Diff: 0, Sum: 0, Workers: 4
[1583.500s][debug][gc,phases      ] GC(149)   StringTable Weak               Min:  0.1, Avg:  0.1, Max:  0.1, Diff:  0.0, Sum:  0.5, Workers: 4
[1583.500s][debug][gc,phases      ] GC(149)     Dead                           Min: 0, Avg:  0.0, Max: 0, Diff: 0, Sum: 0, Workers: 4
[1583.500s][debug][gc,phases      ] GC(149)     Total                          Min: 11200, Avg: 12024.8, Max: 12771, Diff: 1571, Sum: 48099, Workers: 4
[1583.500s][debug][gc,phases      ] GC(149)   ResolvedMethodTable Weak       Min:  0.0, Avg:  0.0, Max:  0.0, Diff:  0.0, Sum:  0.1, Workers: 4
[1583.500s][debug][gc,phases      ] GC(149)     Dead                           Min: 0, Avg:  0.0, Max: 0, Diff: 0, Sum: 0, Workers: 4
[1583.500s][debug][gc,phases      ] GC(149)     Total                          Min: 1919, Avg: 2039.0, Max: 2269, Diff: 350, Sum: 8156, Workers: 4
[1583.500s][debug][gc,phases      ] GC(149)   JNI Weak                       Min:  0.0, Avg:  0.0, Max:  0.0, Diff:  0.0, Sum:  0.0, Workers: 4
[1583.500s][debug][gc,phases      ] GC(149)     Dead                           Min: 0, Avg:  0.0, Max: 0, Diff: 0, Sum: 0, Workers: 4
[1583.500s][debug][gc,phases      ] GC(149)     Total                          Min: 0, Avg:  0.0, Max: 0, Diff: 0, Sum: 0, Workers: 4
[1583.500s][debug][gc,phases      ] GC(149)   StringDedup Table Weak         Min:  0.0, Avg:  0.0, Max:  0.0, Diff:  0.0, Sum:  0.0, Workers: 4
[1583.500s][debug][gc,phases      ] GC(149)     Dead                           Min: 0, Avg:  0.0, Max: 0, Diff: 0, Sum: 0, Workers: 4
[1583.500s][debug][gc,phases      ] GC(149)     Total                          Min: 0, Avg:  0.0, Max: 0, Diff: 0, Sum: 0, Workers: 4
[1583.500s][debug][gc,phases      ] GC(149)   StringDedup Requests0 Weak     Min:  0.0, Avg:  0.0, Max:  0.0, Diff:  0.0, Sum:  0.0, Workers: 4
[1583.500s][debug][gc,phases      ] GC(149)     Dead                           Min: 0, Avg:  0.0, Max: 0, Diff: 0, Sum: 0, Workers: 4
[1583.500s][debug][gc,phases      ] GC(149)     Total                          Min: 0, Avg:  0.0, Max: 0, Diff: 0, Sum: 0, Workers: 4
[1583.500s][debug][gc,phases      ] GC(149)   StringDedup Requests1 Weak     Min:  0.0, Avg:  0.0, Max:  0.0, Diff:  0.0, Sum:  0.0, Workers: 4
[1583.500s][debug][gc,phases      ] GC(149)     Dead                           Min: 0, Avg:  0.0, Max: 0, Diff: 0, Sum: 0, Workers: 4
[1583.500s][debug][gc,phases      ] GC(149)     Total                          Min: 0, Avg:  0.0, Max: 0, Diff: 0, Sum: 0, Workers: 4
[1583.500s][debug][gc,phases      ] GC(149)   Weak JFR Old Object Samples    Min:  0.0, Avg:  0.0, Max:  0.0, Diff:  0.0, Sum:  0.0, Workers: 4
[1583.500s][debug][gc,phases      ] GC(149)     Dead                           Min: 0, Avg:  0.0, Max: 0, Diff: 0, Sum: 0, Workers: 4
[1583.500s][debug][gc,phases      ] GC(149)     Total                          Min: 0, Avg:  0.0, Max: 0, Diff: 0, Sum: 0, Workers: 4
[1583.500s][debug][gc,phases      ] GC(149) Weak Processing 0.322ms
[1583.500s][debug][gc,age         ] GC(149) Desired survivor size 46137344 bytes, new threshold 15 (max threshold 15)
[1583.500s][info ][gc,heap        ] GC(149) PSYoungGen: 2029942K(2050560K)->27504K(2048512K) Eden: 2001920K(2001920K)->0K(2001920K) From: 28022K(48640K)->27504K(46592K)
[1583.500s][info ][gc,heap        ] GC(149) ParOldGen: 547341K(637952K)->547349K(637952K)
[1583.500s][info ][gc,metaspace   ] GC(149) Metaspace: 81614K(82432K)->81614K(82432K) NonClass: 70181K(70592K)->70181K(70592K) Class: 11433K(11840K)->11433K(11840K)
[1583.500s][info ][gc             ] GC(149) Pause Young (Allocation Failure) 2516M->561M(2623M) 10.280ms
[1583.500s][info ][gc,cpu         ] GC(149) User=0.04s Sys=0.00s Real=0.01s
[1583.500s][info ][safepoint      ] Safepoint "ParallelGCFailedAllocation", Time since last: 25867626063 ns, Reaching safepoint: 50302 ns, At safepoint: 10359871 ns, Total: 10410173 ns
[1585.500s][info ][safepoint      ] Safepoint "Cleanup", Time since last: 2000150006 ns, Reaching safepoint: 47002 ns, At safepoint: 4300 ns, Total: 51302 ns
[1617.503s][info ][safepoint      ] Safepoint "Cleanup", Time since last: 32002197253 ns, Reaching safepoint: 44702 ns, At safepoint: 30801 ns, Total: 75503 ns
[1655.505s][info ][safepoint      ] Safepoint "Cleanup", Time since last: 38002583825 ns, Reaching safepoint: 50502 ns, At safepoint: 3500 ns, Total: 54002 ns
[1684.529s][info ][safepoint      ] Safepoint "ParallelGCFailedAllocation", Time since last: 29023440552 ns, Reaching safepoint: 106803 ns, At safepoint: 18201 ns, Total: 125004 ns
[1684.530s][info ][gc,start       ] GC(150) Pause Young (GCLocker Initiated GC)
[1684.540s][debug][gc,phases      ] GC(150) Scavenge 10.281ms
[1684.540s][debug][gc,ref         ] GC(150) Skipped phase 1 of Reference Processing: no references
[1684.540s][debug][gc,ref         ] GC(150) ReferenceProcessor::execute queues: 1, RefProcThreadModel::Single, marks_oops_alive: false
[1684.540s][debug][gc,ref         ] GC(150) Skipped phase 3 of Reference Processing: no references
[1684.540s][debug][gc,ref         ] GC(150) ReferenceProcessor::execute queues: 1, RefProcThreadModel::Single, marks_oops_alive: false
[1684.540s][debug][gc,phases      ] GC(150) Reference Processing 0.117ms
[1684.540s][debug][gc,phases      ] GC(150)   VM Weak                        Min:  0.0, Avg:  0.0, Max:  0.0, Diff:  0.0, Sum:  0.0, Workers: 4
[1684.540s][debug][gc,phases      ] GC(150)     Dead                           Min: 0, Avg:  0.0, Max: 0, Diff: 0, Sum: 0, Workers: 4
[1684.540s][debug][gc,phases      ] GC(150)     Total                          Min: 0, Avg: 165.5, Max: 342, Diff: 342, Sum: 662, Workers: 4
[1684.540s][debug][gc,phases      ] GC(150)   ObjectSynchronizer Weak        Min:  0.0, Avg:  0.0, Max:  0.0, Diff:  0.0, Sum:  0.0, Workers: 4
[1684.540s][debug][gc,phases      ] GC(150)     Dead                           Min: 0, Avg:  0.0, Max: 0, Diff: 0, Sum: 0, Workers: 4
[1684.540s][debug][gc,phases      ] GC(150)     Total                          Min: 0, Avg: 47.5, Max: 126, Diff: 126, Sum: 190, Workers: 4
[1684.540s][debug][gc,phases      ] GC(150)   JVMTI Tag Weak OopStorage      Min:  0.0, Avg:  0.0, Max:  0.0, Diff:  0.0, Sum:  0.0, Workers: 4
[1684.540s][debug][gc,phases      ] GC(150)     Dead                           Min: 0, Avg:  0.0, Max: 0, Diff: 0, Sum: 0, Workers: 4
[1684.540s][debug][gc,phases      ] GC(150)     Total                          Min: 0, Avg:  0.0, Max: 0, Diff: 0, Sum: 0, Workers: 4
[1684.540s][debug][gc,phases      ] GC(150)   StringTable Weak               Min:  0.1, Avg:  0.1, Max:  0.1, Diff:  0.0, Sum:  0.4, Workers: 4
[1684.540s][debug][gc,phases      ] GC(150)     Dead                           Min: 0, Avg:  0.0, Max: 0, Diff: 0, Sum: 0, Workers: 4
[1684.540s][debug][gc,phases      ] GC(150)     Total                          Min: 10560, Avg: 12028.0, Max: 12928, Diff: 2368, Sum: 48112, Workers: 4
[1684.540s][debug][gc,phases      ] GC(150)   ResolvedMethodTable Weak       Min:  0.0, Avg:  0.0, Max:  0.0, Diff:  0.0, Sum:  0.1, Workers: 4
[1684.540s][debug][gc,phases      ] GC(150)     Dead                           Min: 0, Avg:  0.0, Max: 0, Diff: 0, Sum: 0, Workers: 4
[1684.540s][debug][gc,phases      ] GC(150)     Total                          Min: 1728, Avg: 2039.0, Max: 2303, Diff: 575, Sum: 8156, Workers: 4
[1684.540s][debug][gc,phases      ] GC(150)   JNI Weak                       Min:  0.0, Avg:  0.0, Max:  0.0, Diff:  0.0, Sum:  0.0, Workers: 4
[1684.540s][debug][gc,phases      ] GC(150)     Dead                           Min: 0, Avg:  0.0, Max: 0, Diff: 0, Sum: 0, Workers: 4
[1684.540s][debug][gc,phases      ] GC(150)     Total                          Min: 0, Avg:  0.0, Max: 0, Diff: 0, Sum: 0, Workers: 4
[1684.540s][debug][gc,phases      ] GC(150)   StringDedup Table Weak         Min:  0.0, Avg:  0.0, Max:  0.0, Diff:  0.0, Sum:  0.0, Workers: 4
[1684.540s][debug][gc,phases      ] GC(150)     Dead                           Min: 0, Avg:  0.0, Max: 0, Diff: 0, Sum: 0, Workers: 4
[1684.540s][debug][gc,phases      ] GC(150)     Total                          Min: 0, Avg:  0.0, Max: 0, Diff: 0, Sum: 0, Workers: 4
[1684.540s][debug][gc,phases      ] GC(150)   StringDedup Requests0 Weak     Min:  0.0, Avg:  0.0, Max:  0.0, Diff:  0.0, Sum:  0.0, Workers: 4
[1684.540s][debug][gc,phases      ] GC(150)     Dead                           Min: 0, Avg:  0.0, Max: 0, Diff: 0, Sum: 0, Workers: 4
[1684.540s][debug][gc,phases      ] GC(150)     Total                          Min: 0, Avg:  0.0, Max: 0, Diff: 0, Sum: 0, Workers: 4
[1684.540s][debug][gc,phases      ] GC(150)   StringDedup Requests1 Weak     Min:  0.0, Avg:  0.0, Max:  0.0, Diff:  0.0, Sum:  0.0, Workers: 4
[1684.540s][debug][gc,phases      ] GC(150)     Dead                           Min: 0, Avg:  0.0, Max: 0, Diff: 0, Sum: 0, Workers: 4
[1684.540s][debug][gc,phases      ] GC(150)     Total                          Min: 0, Avg:  0.0, Max: 0, Diff: 0, Sum: 0, Workers: 4
[1684.540s][debug][gc,phases      ] GC(150)   Weak JFR Old Object Samples    Min:  0.0, Avg:  0.0, Max:  0.0, Diff:  0.0, Sum:  0.0, Workers: 4
[1684.540s][debug][gc,phases      ] GC(150)     Dead                           Min: 0, Avg:  0.0, Max: 0, Diff: 0, Sum: 0, Workers: 4
[1684.540s][debug][gc,phases      ] GC(150)     Total                          Min: 0, Avg:  0.0, Max: 0, Diff: 0, Sum: 0, Workers: 4
[1684.540s][debug][gc,phases      ] GC(150) Weak Processing 0.339ms
[1684.540s][debug][gc,age         ] GC(150) Desired survivor size 44564480 bytes, new threshold 15 (max threshold 15)
[1684.540s][info ][gc,heap        ] GC(150) PSYoungGen: 2029424K(2048512K)->27554K(2053632K) Eden: 2001920K(2001920K)->0K(2008576K) From: 27504K(46592K)->27554K(45056K)
[1684.540s][info ][gc,heap        ] GC(150) ParOldGen: 547349K(637952K)->547613K(637952K)
[1684.540s][info ][gc,metaspace   ] GC(150) Metaspace: 81619K(82432K)->81619K(82432K) NonClass: 70186K(70592K)->70186K(70592K) Class: 11433K(11840K)->11433K(11840K)
[1684.540s][info ][gc             ] GC(150) Pause Young (GCLocker Initiated GC) 2516M->561M(2628M) 10.852ms
[1684.540s][info ][gc,cpu         ] GC(150) User=0.04s Sys=0.00s Real=0.01s
[1684.540s][info ][safepoint      ] Safepoint "ParallelGCSystemGC", Time since last: 515117 ns, Reaching safepoint: 106804 ns, At safepoint: 10923862 ns, Total: 11030666 ns
[1725.546s][info ][safepoint      ] Safepoint "Cleanup", Time since last: 41005030127 ns, Reaching safepoint: 61702 ns, At safepoint: 8200 ns, Total: 69902 ns
[1752.547s][info ][safepoint      ] Safepoint "Cleanup", Time since last: 27001791198 ns, Reaching safepoint: 69202 ns, At safepoint: 14601 ns, Total: 83803 ns
[1777.549s][info ][safepoint      ] Safepoint "Cleanup", Time since last: 25001615400 ns, Reaching safepoint: 55502 ns, At safepoint: 4400 ns, Total: 59902 ns
[1779.343s][info ][gc,start       ] GC(151) Pause Young (Allocation Failure)
[1779.355s][debug][gc,phases      ] GC(151) Scavenge 11.310ms
[1779.355s][debug][gc,ref         ] GC(151) Skipped phase 1 of Reference Processing: no references
[1779.355s][debug][gc,ref         ] GC(151) ReferenceProcessor::execute queues: 1, RefProcThreadModel::Single, marks_oops_alive: false
[1779.355s][debug][gc,ref         ] GC(151) Skipped phase 3 of Reference Processing: no references
[1779.355s][debug][gc,ref         ] GC(151) ReferenceProcessor::execute queues: 1, RefProcThreadModel::Single, marks_oops_alive: false
[1779.355s][debug][gc,phases      ] GC(151) Reference Processing 0.120ms
[1779.355s][debug][gc,phases      ] GC(151)   VM Weak                        Min:  0.0, Avg:  0.0, Max:  0.0, Diff:  0.0, Sum:  0.0, Workers: 4
[1779.355s][debug][gc,phases      ] GC(151)     Dead                           Min: 0, Avg:  0.0, Max: 0, Diff: 0, Sum: 0, Workers: 4
[1779.355s][debug][gc,phases      ] GC(151)     Total                          Min: 0, Avg: 165.5, Max: 662, Diff: 662, Sum: 662, Workers: 4
[1779.355s][debug][gc,phases      ] GC(151)   ObjectSynchronizer Weak        Min:  0.0, Avg:  0.0, Max:  0.0, Diff:  0.0, Sum:  0.0, Workers: 4
[1779.355s][debug][gc,phases      ] GC(151)     Dead                           Min: 0, Avg:  0.0, Max: 0, Diff: 0, Sum: 0, Workers: 4
[1779.355s][debug][gc,phases      ] GC(151)     Total                          Min: 0, Avg: 47.5, Max: 126, Diff: 126, Sum: 190, Workers: 4
[1779.355s][debug][gc,phases      ] GC(151)   JVMTI Tag Weak OopStorage      Min:  0.0, Avg:  0.0, Max:  0.0, Diff:  0.0, Sum:  0.0, Workers: 4
[1779.355s][debug][gc,phases      ] GC(151)     Dead                           Min: 0, Avg:  0.0, Max: 0, Diff: 0, Sum: 0, Workers: 4
[1779.355s][debug][gc,phases      ] GC(151)     Total                          Min: 0, Avg:  0.0, Max: 0, Diff: 0, Sum: 0, Workers: 4
[1779.355s][debug][gc,phases      ] GC(151)   StringTable Weak               Min:  0.1, Avg:  0.1, Max:  0.1, Diff:  0.0, Sum:  0.5, Workers: 4
[1779.355s][debug][gc,phases      ] GC(151)     Dead                           Min: 0, Avg:  0.0, Max: 0, Diff: 0, Sum: 0, Workers: 4
[1779.355s][debug][gc,phases      ] GC(151)     Total                          Min: 10816, Avg: 12033.2, Max: 12736, Diff: 1920, Sum: 48133, Workers: 4
[1779.355s][debug][gc,phases      ] GC(151)   ResolvedMethodTable Weak       Min:  0.0, Avg:  0.0, Max:  0.0, Diff:  0.0, Sum:  0.1, Workers: 4
[1779.355s][debug][gc,phases      ] GC(151)     Dead                           Min: 0, Avg:  0.0, Max: 0, Diff: 0, Sum: 0, Workers: 4
[1779.355s][debug][gc,phases      ] GC(151)     Total                          Min: 1792, Avg: 2039.0, Max: 2205, Diff: 413, Sum: 8156, Workers: 4
[1779.355s][debug][gc,phases      ] GC(151)   JNI Weak                       Min:  0.0, Avg:  0.0, Max:  0.0, Diff:  0.0, Sum:  0.0, Workers: 4
[1779.355s][debug][gc,phases      ] GC(151)     Dead                           Min: 0, Avg:  0.0, Max: 0, Diff: 0, Sum: 0, Workers: 4
[1779.355s][debug][gc,phases      ] GC(151)     Total                          Min: 0, Avg:  0.0, Max: 0, Diff: 0, Sum: 0, Workers: 4
[1779.355s][debug][gc,phases      ] GC(151)   StringDedup Table Weak         Min:  0.0, Avg:  0.0, Max:  0.0, Diff:  0.0, Sum:  0.0, Workers: 4
[1779.355s][debug][gc,phases      ] GC(151)     Dead                           Min: 0, Avg:  0.0, Max: 0, Diff: 0, Sum: 0, Workers: 4
[1779.355s][debug][gc,phases      ] GC(151)     Total                          Min: 0, Avg:  0.0, Max: 0, Diff: 0, Sum: 0, Workers: 4
[1779.355s][debug][gc,phases      ] GC(151)   StringDedup Requests0 Weak     Min:  0.0, Avg:  0.0, Max:  0.0, Diff:  0.0, Sum:  0.0, Workers: 4
[1779.355s][debug][gc,phases      ] GC(151)     Dead                           Min: 0, Avg:  0.0, Max: 0, Diff: 0, Sum: 0, Workers: 4
[1779.355s][debug][gc,phases      ] GC(151)     Total                          Min: 0, Avg:  0.0, Max: 0, Diff: 0, Sum: 0, Workers: 4
[1779.355s][debug][gc,phases      ] GC(151)   StringDedup Requests1 Weak     Min:  0.0, Avg:  0.0, Max:  0.0, Diff:  0.0, Sum:  0.0, Workers: 4
[1779.355s][debug][gc,phases      ] GC(151)     Dead                           Min: 0, Avg:  0.0, Max: 0, Diff: 0, Sum: 0, Workers: 4
[1779.355s][debug][gc,phases      ] GC(151)     Total                          Min: 0, Avg:  0.0, Max: 0, Diff: 0, Sum: 0, Workers: 4
[1779.355s][debug][gc,phases      ] GC(151)   Weak JFR Old Object Samples    Min:  0.0, Avg:  0.0, Max:  0.0, Diff:  0.0, Sum:  0.0, Workers: 4
[1779.355s][debug][gc,phases      ] GC(151)     Dead                           Min: 0, Avg:  0.0, Max: 0, Diff: 0, Sum: 0, Workers: 4
[1779.355s][debug][gc,phases      ] GC(151)     Total                          Min: 0, Avg:  0.0, Max: 0, Diff: 0, Sum: 0, Workers: 4
[1779.355s][debug][gc,phases      ] GC(151) Weak Processing 0.366ms
[1779.355s][debug][gc,age         ] GC(151) Desired survivor size 47185920 bytes, new threshold 15 (max threshold 15)
[1779.355s][info ][gc,heap        ] GC(151) PSYoungGen: 2036130K(2053632K)->3152K(2012160K) Eden: 2008576K(2008576K)->0K(2008576K) From: 27554K(45056K)->3152K(3584K)
[1779.355s][info ][gc,heap        ] GC(151) ParOldGen: 547615K(637952K)->573784K(637952K)
[1779.355s][info ][gc,metaspace   ] GC(151) Metaspace: 81622K(82496K)->81622K(82496K) NonClass: 70189K(70656K)->70189K(70656K) Class: 11433K(11840K)->11433K(11840K)
[1779.355s][info ][gc             ] GC(151) Pause Young (Allocation Failure) 2523M->563M(2588M) 11.946ms
[1779.355s][info ][gc,cpu         ] GC(151) User=0.04s Sys=0.00s Real=0.02s
[1779.355s][info ][safepoint      ] Safepoint "ParallelGCFailedAllocation", Time since last: 1794078785 ns, Reaching safepoint: 39701 ns, At safepoint: 12027874 ns, Total: 12067575 ns
[1837.361s][info ][safepoint      ] Safepoint "Cleanup", Time since last: 58006173018 ns, Reaching safepoint: 51201 ns, At safepoint: 9400 ns, Total: 60601 ns
[1850.362s][info ][safepoint      ] Safepoint "Cleanup", Time since last: 13000904725 ns, Reaching safepoint: 54602 ns, At safepoint: 34201 ns, Total: 88803 ns
[1854.363s][info ][safepoint      ] Safepoint "Cleanup", Time since last: 4000299592 ns, Reaching safepoint: 50801 ns, At safepoint: 6100 ns, Total: 56901 ns
[1857.363s][info ][safepoint      ] Safepoint "Cleanup", Time since last: 3000236989 ns, Reaching safepoint: 57102 ns, At safepoint: 10600 ns, Total: 67702 ns
[1872.663s][info ][gc,start       ] GC(152) Pause Young (Allocation Failure)
[1872.666s][debug][gc,phases      ] GC(152) Scavenge 3.089ms
[1872.666s][debug][gc,ref         ] GC(152) Skipped phase 1 of Reference Processing: no references
[1872.666s][debug][gc,ref         ] GC(152) ReferenceProcessor::execute queues: 1, RefProcThreadModel::Single, marks_oops_alive: false
[1872.666s][debug][gc,ref         ] GC(152) Skipped phase 3 of Reference Processing: no references
[1872.666s][debug][gc,ref         ] GC(152) ReferenceProcessor::execute queues: 1, RefProcThreadModel::Single, marks_oops_alive: false
[1872.666s][debug][gc,phases      ] GC(152) Reference Processing 0.117ms
[1872.666s][debug][gc,phases      ] GC(152)   VM Weak                        Min:  0.0, Avg:  0.0, Max:  0.0, Diff:  0.0, Sum:  0.0, Workers: 4
[1872.666s][debug][gc,phases      ] GC(152)     Dead                           Min: 0, Avg:  0.0, Max: 0, Diff: 0, Sum: 0, Workers: 4
[1872.666s][debug][gc,phases      ] GC(152)     Total                          Min: 0, Avg: 165.5, Max: 662, Diff: 662, Sum: 662, Workers: 4
[1872.666s][debug][gc,phases      ] GC(152)   ObjectSynchronizer Weak        Min:  0.0, Avg:  0.0, Max:  0.0, Diff:  0.0, Sum:  0.0, Workers: 4
[1872.666s][debug][gc,phases      ] GC(152)     Dead                           Min: 0, Avg:  0.0, Max: 0, Diff: 0, Sum: 0, Workers: 4
[1872.666s][debug][gc,phases      ] GC(152)     Total                          Min: 0, Avg: 47.5, Max: 128, Diff: 128, Sum: 190, Workers: 4
[1872.666s][debug][gc,phases      ] GC(152)   JVMTI Tag Weak OopStorage      Min:  0.0, Avg:  0.0, Max:  0.0, Diff:  0.0, Sum:  0.0, Workers: 4
[1872.667s][debug][gc,phases      ] GC(152)     Dead                           Min: 0, Avg:  0.0, Max: 0, Diff: 0, Sum: 0, Workers: 4
[1872.667s][debug][gc,phases      ] GC(152)     Total                          Min: 0, Avg:  0.0, Max: 0, Diff: 0, Sum: 0, Workers: 4
[1872.667s][debug][gc,phases      ] GC(152)   StringTable Weak               Min:  0.1, Avg:  0.1, Max:  0.1, Diff:  0.0, Sum:  0.4, Workers: 4
[1872.667s][debug][gc,phases      ] GC(152)     Dead                           Min: 0, Avg:  0.0, Max: 0, Diff: 0, Sum: 0, Workers: 4
[1872.667s][debug][gc,phases      ] GC(152)     Total                          Min: 11008, Avg: 12033.8, Max: 13063, Diff: 2055, Sum: 48135, Workers: 4
[1872.667s][debug][gc,phases      ] GC(152)   ResolvedMethodTable Weak       Min:  0.0, Avg:  0.0, Max:  0.0, Diff:  0.0, Sum:  0.1, Workers: 4
[1872.667s][debug][gc,phases      ] GC(152)     Dead                           Min: 0, Avg:  0.0, Max: 0, Diff: 0, Sum: 0, Workers: 4
[1872.667s][debug][gc,phases      ] GC(152)     Total                          Min: 1792, Avg: 2039.0, Max: 2205, Diff: 413, Sum: 8156, Workers: 4
[1872.667s][debug][gc,phases      ] GC(152)   JNI Weak                       Min:  0.0, Avg:  0.0, Max:  0.0, Diff:  0.0, Sum:  0.0, Workers: 4
[1872.667s][debug][gc,phases      ] GC(152)     Dead                           Min: 0, Avg:  0.0, Max: 0, Diff: 0, Sum: 0, Workers: 4
[1872.667s][debug][gc,phases      ] GC(152)     Total                          Min: 0, Avg:  0.0, Max: 0, Diff: 0, Sum: 0, Workers: 4
[1872.667s][debug][gc,phases      ] GC(152)   StringDedup Table Weak         Min:  0.0, Avg:  0.0, Max:  0.0, Diff:  0.0, Sum:  0.0, Workers: 4
[1872.667s][debug][gc,phases      ] GC(152)     Dead                           Min: 0, Avg:  0.0, Max: 0, Diff: 0, Sum: 0, Workers: 4
[1872.667s][debug][gc,phases      ] GC(152)     Total                          Min: 0, Avg:  0.0, Max: 0, Diff: 0, Sum: 0, Workers: 4
[1872.667s][debug][gc,phases      ] GC(152)   StringDedup Requests0 Weak     Min:  0.0, Avg:  0.0, Max:  0.0, Diff:  0.0, Sum:  0.0, Workers: 4
[1872.667s][debug][gc,phases      ] GC(152)     Dead                           Min: 0, Avg:  0.0, Max: 0, Diff: 0, Sum: 0, Workers: 4
[1872.667s][debug][gc,phases      ] GC(152)     Total                          Min: 0, Avg:  0.0, Max: 0, Diff: 0, Sum: 0, Workers: 4
[1872.667s][debug][gc,phases      ] GC(152)   StringDedup Requests1 Weak     Min:  0.0, Avg:  0.0, Max:  0.0, Diff:  0.0, Sum:  0.0, Workers: 4
[1872.667s][debug][gc,phases      ] GC(152)     Dead                           Min: 0, Avg:  0.0, Max: 0, Diff: 0, Sum: 0, Workers: 4
[1872.667s][debug][gc,phases      ] GC(152)     Total                          Min: 0, Avg:  0.0, Max: 0, Diff: 0, Sum: 0, Workers: 4
[1872.667s][debug][gc,phases      ] GC(152)   Weak JFR Old Object Samples    Min:  0.0, Avg:  0.0, Max:  0.0, Diff:  0.0, Sum:  0.0, Workers: 4
[1872.667s][debug][gc,phases      ] GC(152)     Dead                           Min: 0, Avg:  0.0, Max: 0, Diff: 0, Sum: 0, Workers: 4
[1872.667s][debug][gc,phases      ] GC(152)     Total                          Min: 0, Avg:  0.0, Max: 0, Diff: 0, Sum: 0, Workers: 4
[1872.667s][debug][gc,phases      ] GC(152) Weak Processing 0.326ms
[1872.667s][debug][gc,age         ] GC(152) Desired survivor size 48758784 bytes, new threshold 15 (max threshold 15)
[1872.667s][info ][gc,heap        ] GC(152) PSYoungGen: 2011728K(2012160K)->3158K(2048000K) Eden: 2008576K(2008576K)->0K(2001920K) From: 3152K(3584K)->3158K(46080K)
[1872.667s][info ][gc,heap        ] GC(152) ParOldGen: 573784K(637952K)->574008K(637952K)
[1872.667s][info ][gc,metaspace   ] GC(152) Metaspace: 81627K(82496K)->81627K(82496K) NonClass: 70194K(70656K)->70194K(70656K) Class: 11433K(11840K)->11433K(11840K)
[1872.667s][info ][gc             ] GC(152) Pause Young (Allocation Failure) 2524M->563M(2623M) 3.829ms
[1872.667s][info ][gc,cpu         ] GC(152) User=0.01s Sys=0.00s Real=0.01s
[1872.667s][info ][safepoint      ] Safepoint "ParallelGCFailedAllocation", Time since last: 15299555919 ns, Reaching safepoint: 120103 ns, At safepoint: 3916915 ns, Total: 4037018 ns
[1876.667s][info ][safepoint      ] Safepoint "Cleanup", Time since last: 4000307385 ns, Reaching safepoint: 47101 ns, At safepoint: 4000 ns, Total: 51101 ns
[1896.669s][info ][safepoint      ] Safepoint "Cleanup", Time since last: 20001364706 ns, Reaching safepoint: 71002 ns, At safepoint: 5201 ns, Total: 76203 ns
[1917.670s][info ][safepoint      ] Safepoint "Cleanup", Time since last: 21001412139 ns, Reaching safepoint: 60102 ns, At safepoint: 8700 ns, Total: 68802 ns
[1919.670s][info ][safepoint      ] Safepoint "Cleanup", Time since last: 2000184899 ns, Reaching safepoint: 50901 ns, At safepoint: 5400 ns, Total: 56301 ns
[1964.902s][info ][gc,start       ] GC(153) Pause Young (Allocation Failure)
[1964.905s][debug][gc,phases      ] GC(153) Scavenge 3.116ms
[1964.905s][debug][gc,ref         ] GC(153) Skipped phase 1 of Reference Processing: no references
[1964.905s][debug][gc,ref         ] GC(153) ReferenceProcessor::execute queues: 1, RefProcThreadModel::Single, marks_oops_alive: false
[1964.905s][debug][gc,ref         ] GC(153) Skipped phase 3 of Reference Processing: no references
[1964.905s][debug][gc,ref         ] GC(153) ReferenceProcessor::execute queues: 1, RefProcThreadModel::Single, marks_oops_alive: false
[1964.905s][debug][gc,phases      ] GC(153) Reference Processing 0.132ms
[1964.905s][debug][gc,phases      ] GC(153)   VM Weak                        Min:  0.0, Avg:  0.0, Max:  0.0, Diff:  0.0, Sum:  0.0, Workers: 4
[1964.905s][debug][gc,phases      ] GC(153)     Dead                           Min: 0, Avg:  0.0, Max: 0, Diff: 0, Sum: 0, Workers: 4
[1964.905s][debug][gc,phases      ] GC(153)     Total                          Min: 0, Avg: 165.5, Max: 662, Diff: 662, Sum: 662, Workers: 4
[1964.905s][debug][gc,phases      ] GC(153)   ObjectSynchronizer Weak        Min:  0.0, Avg:  0.0, Max:  0.0, Diff:  0.0, Sum:  0.0, Workers: 4
[1964.905s][debug][gc,phases      ] GC(153)     Dead                           Min: 0, Avg:  0.0, Max: 0, Diff: 0, Sum: 0, Workers: 4
[1964.905s][debug][gc,phases      ] GC(153)     Total                          Min: 0, Avg: 47.5, Max: 190, Diff: 190, Sum: 190, Workers: 4
[1964.905s][debug][gc,phases      ] GC(153)   JVMTI Tag Weak OopStorage      Min:  0.0, Avg:  0.0, Max:  0.0, Diff:  0.0, Sum:  0.0, Workers: 4
[1964.905s][debug][gc,phases      ] GC(153)     Dead                           Min: 0, Avg:  0.0, Max: 0, Diff: 0, Sum: 0, Workers: 4
[1964.905s][debug][gc,phases      ] GC(153)     Total                          Min: 0, Avg:  0.0, Max: 0, Diff: 0, Sum: 0, Workers: 4
[1964.905s][debug][gc,phases      ] GC(153)   StringTable Weak               Min:  0.1, Avg:  0.1, Max:  0.1, Diff:  0.0, Sum:  0.4, Workers: 4
[1964.905s][debug][gc,phases      ] GC(153)     Dead                           Min: 0, Avg:  0.0, Max: 0, Diff: 0, Sum: 0, Workers: 4
[1964.905s][debug][gc,phases      ] GC(153)     Total                          Min: 7488, Avg: 12034.5, Max: 14464, Diff: 6976, Sum: 48138, Workers: 4
[1964.905s][debug][gc,phases      ] GC(153)   ResolvedMethodTable Weak       Min:  0.0, Avg:  0.0, Max:  0.0, Diff:  0.0, Sum:  0.1, Workers: 4
[1964.905s][debug][gc,phases      ] GC(153)     Dead                           Min: 0, Avg:  0.0, Max: 0, Diff: 0, Sum: 0, Workers: 4
[1964.905s][debug][gc,phases      ] GC(153)     Total                          Min: 1664, Avg: 2039.0, Max: 2269, Diff: 605, Sum: 8156, Workers: 4
[1964.905s][debug][gc,phases      ] GC(153)   JNI Weak                       Min:  0.0, Avg:  0.0, Max:  0.0, Diff:  0.0, Sum:  0.0, Workers: 4
[1964.905s][debug][gc,phases      ] GC(153)     Dead                           Min: 0, Avg:  0.0, Max: 0, Diff: 0, Sum: 0, Workers: 4
[1964.905s][debug][gc,phases      ] GC(153)     Total                          Min: 0, Avg:  0.0, Max: 0, Diff: 0, Sum: 0, Workers: 4
[1964.905s][debug][gc,phases      ] GC(153)   StringDedup Table Weak         Min:  0.0, Avg:  0.0, Max:  0.0, Diff:  0.0, Sum:  0.0, Workers: 4
[1964.906s][debug][gc,phases      ] GC(153)     Dead                           Min: 0, Avg:  0.0, Max: 0, Diff: 0, Sum: 0, Workers: 4
[1964.906s][debug][gc,phases      ] GC(153)     Total                          Min: 0, Avg:  0.0, Max: 0, Diff: 0, Sum: 0, Workers: 4
[1964.906s][debug][gc,phases      ] GC(153)   StringDedup Requests0 Weak     Min:  0.0, Avg:  0.0, Max:  0.0, Diff:  0.0, Sum:  0.0, Workers: 4
[1964.906s][debug][gc,phases      ] GC(153)     Dead                           Min: 0, Avg:  0.0, Max: 0, Diff: 0, Sum: 0, Workers: 4
[1964.906s][debug][gc,phases      ] GC(153)     Total                          Min: 0, Avg:  0.0, Max: 0, Diff: 0, Sum: 0, Workers: 4
[1964.906s][debug][gc,phases      ] GC(153)   StringDedup Requests1 Weak     Min:  0.0, Avg:  0.0, Max:  0.0, Diff:  0.0, Sum:  0.0, Workers: 4
[1964.906s][debug][gc,phases      ] GC(153)     Dead                           Min: 0, Avg:  0.0, Max: 0, Diff: 0, Sum: 0, Workers: 4
[1964.906s][debug][gc,phases      ] GC(153)     Total                          Min: 0, Avg:  0.0, Max: 0, Diff: 0, Sum: 0, Workers: 4
[1964.906s][debug][gc,phases      ] GC(153)   Weak JFR Old Object Samples    Min:  0.0, Avg:  0.0, Max:  0.0, Diff:  0.0, Sum:  0.0, Workers: 4
[1964.906s][debug][gc,phases      ] GC(153)     Dead                           Min: 0, Avg:  0.0, Max: 0, Diff: 0, Sum: 0, Workers: 4
[1964.906s][debug][gc,phases      ] GC(153)     Total                          Min: 0, Avg:  0.0, Max: 0, Diff: 0, Sum: 0, Workers: 4
[1964.906s][debug][gc,phases      ] GC(153) Weak Processing 0.376ms
[1964.906s][debug][gc,age         ] GC(153) Desired survivor size 49807360 bytes, new threshold 15 (max threshold 15)
[1964.906s][info ][gc,heap        ] GC(153) PSYoungGen: 2005078K(2048000K)->2827K(2004992K) Eden: 2001920K(2001920K)->0K(2001920K) From: 3158K(46080K)->2827K(3072K)
[1964.906s][info ][gc,heap        ] GC(153) ParOldGen: 574008K(637952K)->574240K(637952K)
[1964.906s][info ][gc,metaspace   ] GC(153) Metaspace: 81637K(82496K)->81637K(82496K) NonClass: 70204K(70656K)->70204K(70656K) Class: 11433K(11840K)->11433K(11840K)
[1964.906s][info ][gc             ] GC(153) Pause Young (Allocation Failure) 2518M->563M(2581M) 3.769ms
[1964.906s][info ][gc,cpu         ] GC(153) User=0.01s Sys=0.01s Real=0.00s
[1964.906s][info ][safepoint      ] Safepoint "ParallelGCFailedAllocation", Time since last: 45231456711 ns, Reaching safepoint: 112203 ns, At safepoint: 3858108 ns, Total: 3970311 ns
[1979.907s][info ][safepoint      ] Safepoint "Cleanup", Time since last: 15000952725 ns, Reaching safepoint: 53402 ns, At safepoint: 8800 ns, Total: 62202 ns
[2015.909s][info ][safepoint      ] Safepoint "Cleanup", Time since last: 36002344012 ns, Reaching safepoint: 54401 ns, At safepoint: 38401 ns, Total: 92802 ns
[2016.909s][info ][safepoint      ] Safepoint "Cleanup", Time since last: 1000101800 ns, Reaching safepoint: 51901 ns, At safepoint: 6201 ns, Total: 58102 ns
[2059.065s][info ][safepoint      ] Safepoint "ParallelGCFailedAllocation", Time since last: 42155587339 ns, Reaching safepoint: 92302 ns, At safepoint: 17401 ns, Total: 109703 ns
[2059.065s][info ][gc,start       ] GC(154) Pause Young (GCLocker Initiated GC)
[2059.069s][debug][gc,phases      ] GC(154) Scavenge 3.208ms
[2059.069s][debug][gc,ref         ] GC(154) Skipped phase 1 of Reference Processing: no references
[2059.069s][debug][gc,ref         ] GC(154) ReferenceProcessor::execute queues: 1, RefProcThreadModel::Single, marks_oops_alive: false
[2059.069s][debug][gc,ref         ] GC(154) Skipped phase 3 of Reference Processing: no references
[2059.069s][debug][gc,ref         ] GC(154) ReferenceProcessor::execute queues: 1, RefProcThreadModel::Single, marks_oops_alive: false
[2059.069s][debug][gc,phases      ] GC(154) Reference Processing 0.124ms
[2059.069s][debug][gc,phases      ] GC(154)   VM Weak                        Min:  0.0, Avg:  0.0, Max:  0.0, Diff:  0.0, Sum:  0.0, Workers: 4
[2059.069s][debug][gc,phases      ] GC(154)     Dead                           Min: 0, Avg:  0.0, Max: 0, Diff: 0, Sum: 0, Workers: 4
[2059.069s][debug][gc,phases      ] GC(154)     Total                          Min: 0, Avg: 165.5, Max: 406, Diff: 406, Sum: 662, Workers: 4
[2059.069s][debug][gc,phases      ] GC(154)   ObjectSynchronizer Weak        Min:  0.0, Avg:  0.0, Max:  0.0, Diff:  0.0, Sum:  0.0, Workers: 4
[2059.069s][debug][gc,phases      ] GC(154)     Dead                           Min: 0, Avg:  0.0, Max: 0, Diff: 0, Sum: 0, Workers: 4
[2059.069s][debug][gc,phases      ] GC(154)     Total                          Min: 0, Avg: 47.8, Max: 127, Diff: 127, Sum: 191, Workers: 4
[2059.069s][debug][gc,phases      ] GC(154)   JVMTI Tag Weak OopStorage      Min:  0.0, Avg:  0.0, Max:  0.0, Diff:  0.0, Sum:  0.0, Workers: 4
[2059.069s][debug][gc,phases      ] GC(154)     Dead                           Min: 0, Avg:  0.0, Max: 0, Diff: 0, Sum: 0, Workers: 4
[2059.069s][debug][gc,phases      ] GC(154)     Total                          Min: 0, Avg:  0.0, Max: 0, Diff: 0, Sum: 0, Workers: 4
[2059.069s][debug][gc,phases      ] GC(154)   StringTable Weak               Min:  0.1, Avg:  0.1, Max:  0.1, Diff:  0.0, Sum:  0.4, Workers: 4
[2059.069s][debug][gc,phases      ] GC(154)     Dead                           Min: 0, Avg:  0.0, Max: 0, Diff: 0, Sum: 0, Workers: 4
[2059.069s][debug][gc,phases      ] GC(154)     Total                          Min: 11662, Avg: 12035.5, Max: 12288, Diff: 626, Sum: 48142, Workers: 4
[2059.069s][debug][gc,phases      ] GC(154)   ResolvedMethodTable Weak       Min:  0.0, Avg:  0.0, Max:  0.0, Diff:  0.0, Sum:  0.1, Workers: 4
[2059.069s][debug][gc,phases      ] GC(154)     Dead                           Min: 0, Avg:  0.0, Max: 0, Diff: 0, Sum: 0, Workers: 4
[2059.069s][debug][gc,phases      ] GC(154)     Total                          Min: 1920, Avg: 2039.5, Max: 2240, Diff: 320, Sum: 8158, Workers: 4
[2059.069s][debug][gc,phases      ] GC(154)   JNI Weak                       Min:  0.0, Avg:  0.0, Max:  0.0, Diff:  0.0, Sum:  0.0, Workers: 4
[2059.069s][debug][gc,phases      ] GC(154)     Dead                           Min: 0, Avg:  0.0, Max: 0, Diff: 0, Sum: 0, Workers: 4
[2059.069s][debug][gc,phases      ] GC(154)     Total                          Min: 0, Avg:  0.0, Max: 0, Diff: 0, Sum: 0, Workers: 4
[2059.069s][debug][gc,phases      ] GC(154)   StringDedup Table Weak         Min:  0.0, Avg:  0.0, Max:  0.0, Diff:  0.0, Sum:  0.0, Workers: 4
[2059.069s][debug][gc,phases      ] GC(154)     Dead                           Min: 0, Avg:  0.0, Max: 0, Diff: 0, Sum: 0, Workers: 4
[2059.069s][debug][gc,phases      ] GC(154)     Total                          Min: 0, Avg:  0.0, Max: 0, Diff: 0, Sum: 0, Workers: 4
[2059.069s][debug][gc,phases      ] GC(154)   StringDedup Requests0 Weak     Min:  0.0, Avg:  0.0, Max:  0.0, Diff:  0.0, Sum:  0.0, Workers: 4
[2059.069s][debug][gc,phases      ] GC(154)     Dead                           Min: 0, Avg:  0.0, Max: 0, Diff: 0, Sum: 0, Workers: 4
[2059.069s][debug][gc,phases      ] GC(154)     Total                          Min: 0, Avg:  0.0, Max: 0, Diff: 0, Sum: 0, Workers: 4
[2059.069s][debug][gc,phases      ] GC(154)   StringDedup Requests1 Weak     Min:  0.0, Avg:  0.0, Max:  0.0, Diff:  0.0, Sum:  0.0, Workers: 4
[2059.069s][debug][gc,phases      ] GC(154)     Dead                           Min: 0, Avg:  0.0, Max: 0, Diff: 0, Sum: 0, Workers: 4
[2059.069s][debug][gc,phases      ] GC(154)     Total                          Min: 0, Avg:  0.0, Max: 0, Diff: 0, Sum: 0, Workers: 4
[2059.069s][debug][gc,phases      ] GC(154)   Weak JFR Old Object Samples    Min:  0.0, Avg:  0.0, Max:  0.0, Diff:  0.0, Sum:  0.0, Workers: 4
[2059.069s][debug][gc,phases      ] GC(154)     Dead                           Min: 0, Avg:  0.0, Max: 0, Diff: 0, Sum: 0, Workers: 4
[2059.069s][debug][gc,phases      ] GC(154)     Total                          Min: 0, Avg:  0.0, Max: 0, Diff: 0, Sum: 0, Workers: 4
[2059.069s][debug][gc,phases      ] GC(154) Weak Processing 0.322ms
[2059.069s][debug][gc,age         ] GC(154) Desired survivor size 50331648 bytes, new threshold 15 (max threshold 15)
[2059.069s][info ][gc,heap        ] GC(154) PSYoungGen: 2004747K(2004992K)->3163K(2047488K) Eden: 2001920K(2001920K)->0K(1998848K) From: 2827K(3072K)->3163K(48640K)
[2059.069s][info ][gc,heap        ] GC(154) ParOldGen: 574241K(637952K)->574373K(637952K)
[2059.069s][info ][gc,metaspace   ] GC(154) Metaspace: 81653K(82496K)->81653K(82496K) NonClass: 70218K(70656K)->70218K(70656K) Class: 11435K(11840K)->11435K(11840K)
[2059.069s][info ][gc             ] GC(154) Pause Young (GCLocker Initiated GC) 2518M->564M(2622M) 3.779ms
[2059.069s][info ][gc,cpu         ] GC(154) User=0.02s Sys=0.00s Real=0.01s
[2059.069s][info ][safepoint      ] Safepoint "ParallelGCSystemGC", Time since last: 356109 ns, Reaching safepoint: 16101 ns, At safepoint: 3849203 ns, Total: 3865304 ns
[2111.072s][info ][safepoint      ] Safepoint "Cleanup", Time since last: 52003217995 ns, Reaching safepoint: 41101 ns, At safepoint: 9000 ns, Total: 50101 ns
[2154.040s][info ][gc,start       ] GC(155) Pause Young (Allocation Failure)
[2154.043s][debug][gc,phases      ] GC(155) Scavenge 3.274ms
[2154.043s][debug][gc,ref         ] GC(155) Skipped phase 1 of Reference Processing: no references
[2154.043s][debug][gc,ref         ] GC(155) ReferenceProcessor::execute queues: 1, RefProcThreadModel::Single, marks_oops_alive: false
[2154.043s][debug][gc,ref         ] GC(155) Skipped phase 3 of Reference Processing: no references
[2154.043s][debug][gc,ref         ] GC(155) ReferenceProcessor::execute queues: 1, RefProcThreadModel::Single, marks_oops_alive: false
[2154.043s][debug][gc,phases      ] GC(155) Reference Processing 0.126ms
[2154.044s][debug][gc,phases      ] GC(155)   VM Weak                        Min:  0.0, Avg:  0.0, Max:  0.0, Diff:  0.0, Sum:  0.0, Workers: 4
[2154.044s][debug][gc,phases      ] GC(155)     Dead                           Min: 0, Avg:  0.0, Max: 0, Diff: 0, Sum: 0, Workers: 4
[2154.044s][debug][gc,phases      ] GC(155)     Total                          Min: 0, Avg: 165.5, Max: 512, Diff: 512, Sum: 662, Workers: 4
[2154.044s][debug][gc,phases      ] GC(155)   ObjectSynchronizer Weak        Min:  0.0, Avg:  0.0, Max:  0.0, Diff:  0.0, Sum:  0.0, Workers: 4
[2154.044s][debug][gc,phases      ] GC(155)     Dead                           Min: 0, Avg:  0.0, Max: 0, Diff: 0, Sum: 0, Workers: 4
[2154.044s][debug][gc,phases      ] GC(155)     Total                          Min: 0, Avg: 47.8, Max: 128, Diff: 128, Sum: 191, Workers: 4
[2154.044s][debug][gc,phases      ] GC(155)   JVMTI Tag Weak OopStorage      Min:  0.0, Avg:  0.0, Max:  0.0, Diff:  0.0, Sum:  0.0, Workers: 4
[2154.044s][debug][gc,phases      ] GC(155)     Dead                           Min: 0, Avg:  0.0, Max: 0, Diff: 0, Sum: 0, Workers: 4
[2154.044s][debug][gc,phases      ] GC(155)     Total                          Min: 0, Avg:  0.0, Max: 0, Diff: 0, Sum: 0, Workers: 4
[2154.044s][debug][gc,phases      ] GC(155)   StringTable Weak               Min:  0.1, Avg:  0.1, Max:  0.1, Diff:  0.0, Sum:  0.5, Workers: 4
[2154.044s][debug][gc,phases      ] GC(155)     Dead                           Min: 0, Avg:  0.0, Max: 0, Diff: 0, Sum: 0, Workers: 4
[2154.044s][debug][gc,phases      ] GC(155)     Total                          Min: 11520, Avg: 12035.5, Max: 12494, Diff: 974, Sum: 48142, Workers: 4
[2154.044s][debug][gc,phases      ] GC(155)   ResolvedMethodTable Weak       Min:  0.0, Avg:  0.0, Max:  0.0, Diff:  0.0, Sum:  0.1, Workers: 4
[2154.044s][debug][gc,phases      ] GC(155)     Dead                           Min: 0, Avg:  0.0, Max: 0, Diff: 0, Sum: 0, Workers: 4
[2154.044s][debug][gc,phases      ] GC(155)     Total                          Min: 1984, Avg: 2039.5, Max: 2112, Diff: 128, Sum: 8158, Workers: 4
[2154.044s][debug][gc,phases      ] GC(155)   JNI Weak                       Min:  0.0, Avg:  0.0, Max:  0.0, Diff:  0.0, Sum:  0.0, Workers: 4
[2154.044s][debug][gc,phases      ] GC(155)     Dead                           Min: 0, Avg:  0.0, Max: 0, Diff: 0, Sum: 0, Workers: 4
[2154.044s][debug][gc,phases      ] GC(155)     Total                          Min: 0, Avg:  0.0, Max: 0, Diff: 0, Sum: 0, Workers: 4
[2154.044s][debug][gc,phases      ] GC(155)   StringDedup Table Weak         Min:  0.0, Avg:  0.0, Max:  0.0, Diff:  0.0, Sum:  0.0, Workers: 4
[2154.044s][debug][gc,phases      ] GC(155)     Dead                           Min: 0, Avg:  0.0, Max: 0, Diff: 0, Sum: 0, Workers: 4
[2154.044s][debug][gc,phases      ] GC(155)     Total                          Min: 0, Avg:  0.0, Max: 0, Diff: 0, Sum: 0, Workers: 4
[2154.044s][debug][gc,phases      ] GC(155)   StringDedup Requests0 Weak     Min:  0.0, Avg:  0.0, Max:  0.0, Diff:  0.0, Sum:  0.0, Workers: 4
[2154.044s][debug][gc,phases      ] GC(155)     Dead                           Min: 0, Avg:  0.0, Max: 0, Diff: 0, Sum: 0, Workers: 4
[2154.044s][debug][gc,phases      ] GC(155)     Total                          Min: 0, Avg:  0.0, Max: 0, Diff: 0, Sum: 0, Workers: 4
[2154.044s][debug][gc,phases      ] GC(155)   StringDedup Requests1 Weak     Min:  0.0, Avg:  0.0, Max:  0.0, Diff:  0.0, Sum:  0.0, Workers: 4
[2154.044s][debug][gc,phases      ] GC(155)     Dead                           Min: 0, Avg:  0.0, Max: 0, Diff: 0, Sum: 0, Workers: 4
[2154.044s][debug][gc,phases      ] GC(155)     Total                          Min: 0, Avg:  0.0, Max: 0, Diff: 0, Sum: 0, Workers: 4
[2154.044s][debug][gc,phases      ] GC(155)   Weak JFR Old Object Samples    Min:  0.0, Avg:  0.0, Max:  0.0, Diff:  0.0, Sum:  0.0, Workers: 4
[2154.044s][debug][gc,phases      ] GC(155)     Dead                           Min: 0, Avg:  0.0, Max: 0, Diff: 0, Sum: 0, Workers: 4
[2154.044s][debug][gc,phases      ] GC(155)     Total                          Min: 0, Avg:  0.0, Max: 0, Diff: 0, Sum: 0, Workers: 4
[2154.044s][debug][gc,phases      ] GC(155) Weak Processing 0.425ms
[2154.044s][debug][gc,age         ] GC(155) Desired survivor size 50331648 bytes, new threshold 15 (max threshold 15)
[2154.044s][info ][gc,heap        ] GC(155) PSYoungGen: 2002011K(2047488K)->2496K(2048000K) Eden: 1998848K(1998848K)->0K(1998848K) From: 3163K(48640K)->2496K(49152K)
[2154.044s][info ][gc,heap        ] GC(155) ParOldGen: 574376K(637952K)->574496K(637952K)
[2154.044s][info ][gc,metaspace   ] GC(155) Metaspace: 81655K(82496K)->81655K(82496K) NonClass: 70220K(70656K)->70220K(70656K) Class: 11435K(11840K)->11435K(11840K)
[2154.044s][info ][gc             ] GC(155) Pause Young (Allocation Failure) 2516M->563M(2623M) 3.979ms
[2154.044s][info ][gc,cpu         ] GC(155) User=0.02s Sys=0.00s Real=0.00s
[2154.044s][info ][safepoint      ] Safepoint "ParallelGCFailedAllocation", Time since last: 42967276205 ns, Reaching safepoint: 39501 ns, At safepoint: 4057105 ns, Total: 4096606 ns
[2157.044s][info ][safepoint      ] Safepoint "Cleanup", Time since last: 3000219718 ns, Reaching safepoint: 55101 ns, At safepoint: 3700 ns, Total: 58801 ns
[2222.048s][info ][safepoint      ] Safepoint "Cleanup", Time since last: 65004181786 ns, Reaching safepoint: 66201 ns, At safepoint: 28801 ns, Total: 95002 ns
[2223.049s][info ][safepoint      ] Safepoint "Cleanup", Time since last: 1000103474 ns, Reaching safepoint: 44501 ns, At safepoint: 4000 ns, Total: 48501 ns
[2243.857s][info ][gc,start       ] GC(156) Pause Young (Allocation Failure)
[2243.860s][debug][gc,phases      ] GC(156) Scavenge 2.833ms
[2243.860s][debug][gc,ref         ] GC(156) Skipped phase 1 of Reference Processing: no references
[2243.860s][debug][gc,ref         ] GC(156) ReferenceProcessor::execute queues: 1, RefProcThreadModel::Single, marks_oops_alive: false
[2243.860s][debug][gc,ref         ] GC(156) Skipped phase 3 of Reference Processing: no references
[2243.860s][debug][gc,ref         ] GC(156) ReferenceProcessor::execute queues: 1, RefProcThreadModel::Single, marks_oops_alive: false
[2243.860s][debug][gc,phases      ] GC(156) Reference Processing 0.132ms
[2243.860s][debug][gc,phases      ] GC(156)   VM Weak                        Min:  0.0, Avg:  0.0, Max:  0.0, Diff:  0.0, Sum:  0.0, Workers: 4
[2243.860s][debug][gc,phases      ] GC(156)     Dead                           Min: 0, Avg:  0.0, Max: 0, Diff: 0, Sum: 0, Workers: 4
[2243.860s][debug][gc,phases      ] GC(156)     Total                          Min: 0, Avg: 165.5, Max: 662, Diff: 662, Sum: 662, Workers: 4
[2243.860s][debug][gc,phases      ] GC(156)   ObjectSynchronizer Weak        Min:  0.0, Avg:  0.0, Max:  0.0, Diff:  0.0, Sum:  0.0, Workers: 4
[2243.860s][debug][gc,phases      ] GC(156)     Dead                           Min: 0, Avg:  0.0, Max: 0, Diff: 0, Sum: 0, Workers: 4
[2243.860s][debug][gc,phases      ] GC(156)     Total                          Min: 0, Avg: 47.8, Max: 128, Diff: 128, Sum: 191, Workers: 4
[2243.860s][debug][gc,phases      ] GC(156)   JVMTI Tag Weak OopStorage      Min:  0.0, Avg:  0.0, Max:  0.0, Diff:  0.0, Sum:  0.0, Workers: 4
[2243.860s][debug][gc,phases      ] GC(156)     Dead                           Min: 0, Avg:  0.0, Max: 0, Diff: 0, Sum: 0, Workers: 4
[2243.860s][debug][gc,phases      ] GC(156)     Total                          Min: 0, Avg:  0.0, Max: 0, Diff: 0, Sum: 0, Workers: 4
[2243.860s][debug][gc,phases      ] GC(156)   StringTable Weak               Min:  0.1, Avg:  0.1, Max:  0.1, Diff:  0.0, Sum:  0.4, Workers: 4
[2243.860s][debug][gc,phases      ] GC(156)     Dead                           Min: 0, Avg:  0.0, Max: 0, Diff: 0, Sum: 0, Workers: 4
[2243.860s][debug][gc,phases      ] GC(156)     Total                          Min: 11712, Avg: 12038.8, Max: 12699, Diff: 987, Sum: 48155, Workers: 4
[2243.860s][debug][gc,phases      ] GC(156)   ResolvedMethodTable Weak       Min:  0.0, Avg:  0.0, Max:  0.0, Diff:  0.0, Sum:  0.1, Workers: 4
[2243.860s][debug][gc,phases      ] GC(156)     Dead                           Min: 0, Avg:  0.0, Max: 0, Diff: 0, Sum: 0, Workers: 4
[2243.860s][debug][gc,phases      ] GC(156)     Total                          Min: 1792, Avg: 2039.5, Max: 2304, Diff: 512, Sum: 8158, Workers: 4
[2243.860s][debug][gc,phases      ] GC(156)   JNI Weak                       Min:  0.0, Avg:  0.0, Max:  0.0, Diff:  0.0, Sum:  0.0, Workers: 4
[2243.860s][debug][gc,phases      ] GC(156)     Dead                           Min: 0, Avg:  0.0, Max: 0, Diff: 0, Sum: 0, Workers: 4
[2243.860s][debug][gc,phases      ] GC(156)     Total                          Min: 0, Avg:  0.0, Max: 0, Diff: 0, Sum: 0, Workers: 4
[2243.860s][debug][gc,phases      ] GC(156)   StringDedup Table Weak         Min:  0.0, Avg:  0.0, Max:  0.0, Diff:  0.0, Sum:  0.0, Workers: 4
[2243.860s][debug][gc,phases      ] GC(156)     Dead                           Min: 0, Avg:  0.0, Max: 0, Diff: 0, Sum: 0, Workers: 4
[2243.860s][debug][gc,phases      ] GC(156)     Total                          Min: 0, Avg:  0.0, Max: 0, Diff: 0, Sum: 0, Workers: 4
[2243.860s][debug][gc,phases      ] GC(156)   StringDedup Requests0 Weak     Min:  0.0, Avg:  0.0, Max:  0.0, Diff:  0.0, Sum:  0.0, Workers: 4
[2243.860s][debug][gc,phases      ] GC(156)     Dead                           Min: 0, Avg:  0.0, Max: 0, Diff: 0, Sum: 0, Workers: 4
[2243.860s][debug][gc,phases      ] GC(156)     Total                          Min: 0, Avg:  0.0, Max: 0, Diff: 0, Sum: 0, Workers: 4
[2243.860s][debug][gc,phases      ] GC(156)   StringDedup Requests1 Weak     Min:  0.0, Avg:  0.0, Max:  0.0, Diff:  0.0, Sum:  0.0, Workers: 4
[2243.860s][debug][gc,phases      ] GC(156)     Dead                           Min: 0, Avg:  0.0, Max: 0, Diff: 0, Sum: 0, Workers: 4
[2243.860s][debug][gc,phases      ] GC(156)     Total                          Min: 0, Avg:  0.0, Max: 0, Diff: 0, Sum: 0, Workers: 4
[2243.860s][debug][gc,phases      ] GC(156)   Weak JFR Old Object Samples    Min:  0.0, Avg:  0.0, Max:  0.0, Diff:  0.0, Sum:  0.0, Workers: 4
[2243.860s][debug][gc,phases      ] GC(156)     Dead                           Min: 0, Avg:  0.0, Max: 0, Diff: 0, Sum: 0, Workers: 4
[2243.860s][debug][gc,phases      ] GC(156)     Total                          Min: 0, Avg:  0.0, Max: 0, Diff: 0, Sum: 0, Workers: 4
[2243.860s][debug][gc,phases      ] GC(156) Weak Processing 0.335ms
[2243.860s][debug][gc,age         ] GC(156) Desired survivor size 49807360 bytes, new threshold 15 (max threshold 15)
[2243.860s][info ][gc,heap        ] GC(156) PSYoungGen: 2001344K(2048000K)->3127K(2048512K) Eden: 1998848K(1998848K)->0K(1999360K) From: 2496K(49152K)->3127K(49152K)
[2243.860s][info ][gc,heap        ] GC(156) ParOldGen: 574496K(637952K)->574528K(637952K)
[2243.860s][info ][gc,metaspace   ] GC(156) Metaspace: 81659K(82496K)->81659K(82496K) NonClass: 70224K(70656K)->70224K(70656K) Class: 11435K(11840K)->11435K(11840K)
[2243.860s][info ][gc             ] GC(156) Pause Young (Allocation Failure) 2515M->564M(2623M) 3.442ms
[2243.860s][info ][gc,cpu         ] GC(156) User=0.02s Sys=0.00s Real=0.00s
[2243.860s][info ][safepoint      ] Safepoint "ParallelGCFailedAllocation", Time since last: 20808068088 ns, Reaching safepoint: 119203 ns, At safepoint: 3528788 ns, Total: 3647991 ns
[2290.863s][info ][safepoint      ] Safepoint "Cleanup", Time since last: 47002952193 ns, Reaching safepoint: 41001 ns, At safepoint: 4500 ns, Total: 45501 ns
[2306.865s][info ][safepoint      ] Safepoint "Cleanup", Time since last: 16001207471 ns, Reaching safepoint: 53101 ns, At safepoint: 3600 ns, Total: 56701 ns
[2327.866s][info ][safepoint      ] Safepoint "Cleanup", Time since last: 21001360211 ns, Reaching safepoint: 55102 ns, At safepoint: 12500 ns, Total: 67602 ns
[2338.749s][info ][gc,start       ] GC(157) Pause Young (Allocation Failure)
[2338.752s][debug][gc,phases      ] GC(157) Scavenge 3.087ms
[2338.752s][debug][gc,ref         ] GC(157) Skipped phase 1 of Reference Processing: no references
[2338.753s][debug][gc,ref         ] GC(157) ReferenceProcessor::execute queues: 1, RefProcThreadModel::Single, marks_oops_alive: false
[2338.753s][debug][gc,ref         ] GC(157) Skipped phase 3 of Reference Processing: no references
[2338.753s][debug][gc,ref         ] GC(157) ReferenceProcessor::execute queues: 1, RefProcThreadModel::Single, marks_oops_alive: false
[2338.753s][debug][gc,phases      ] GC(157) Reference Processing 0.139ms
[2338.753s][debug][gc,phases      ] GC(157)   VM Weak                        Min:  0.0, Avg:  0.0, Max:  0.0, Diff:  0.0, Sum:  0.0, Workers: 4
[2338.753s][debug][gc,phases      ] GC(157)     Dead                           Min: 0, Avg:  0.0, Max: 0, Diff: 0, Sum: 0, Workers: 4
[2338.753s][debug][gc,phases      ] GC(157)     Total                          Min: 0, Avg: 165.5, Max: 470, Diff: 470, Sum: 662, Workers: 4
[2338.753s][debug][gc,phases      ] GC(157)   ObjectSynchronizer Weak        Min:  0.0, Avg:  0.0, Max:  0.0, Diff:  0.0, Sum:  0.0, Workers: 4
[2338.753s][debug][gc,phases      ] GC(157)     Dead                           Min: 0, Avg:  0.0, Max: 0, Diff: 0, Sum: 0, Workers: 4
[2338.753s][debug][gc,phases      ] GC(157)     Total                          Min: 0, Avg: 47.8, Max: 127, Diff: 127, Sum: 191, Workers: 4
[2338.753s][debug][gc,phases      ] GC(157)   JVMTI Tag Weak OopStorage      Min:  0.0, Avg:  0.0, Max:  0.0, Diff:  0.0, Sum:  0.0, Workers: 4
[2338.753s][debug][gc,phases      ] GC(157)     Dead                           Min: 0, Avg:  0.0, Max: 0, Diff: 0, Sum: 0, Workers: 4
[2338.753s][debug][gc,phases      ] GC(157)     Total                          Min: 0, Avg:  0.0, Max: 0, Diff: 0, Sum: 0, Workers: 4
[2338.753s][debug][gc,phases      ] GC(157)   StringTable Weak               Min:  0.1, Avg:  0.1, Max:  0.1, Diff:  0.0, Sum:  0.4, Workers: 4
[2338.753s][debug][gc,phases      ] GC(157)     Dead                           Min: 0, Avg:  0.0, Max: 0, Diff: 0, Sum: 0, Workers: 4
[2338.753s][debug][gc,phases      ] GC(157)     Total                          Min: 10651, Avg: 12038.8, Max: 13248, Diff: 2597, Sum: 48155, Workers: 4
[2338.753s][debug][gc,phases      ] GC(157)   ResolvedMethodTable Weak       Min:  0.0, Avg:  0.0, Max:  0.0, Diff:  0.0, Sum:  0.1, Workers: 4
[2338.753s][debug][gc,phases      ] GC(157)     Dead                           Min: 0, Avg:  0.0, Max: 0, Diff: 0, Sum: 0, Workers: 4
[2338.753s][debug][gc,phases      ] GC(157)     Total                          Min: 1920, Avg: 2039.5, Max: 2206, Diff: 286, Sum: 8158, Workers: 4
[2338.753s][debug][gc,phases      ] GC(157)   JNI Weak                       Min:  0.0, Avg:  0.0, Max:  0.0, Diff:  0.0, Sum:  0.0, Workers: 4
[2338.753s][debug][gc,phases      ] GC(157)     Dead                           Min: 0, Avg:  0.0, Max: 0, Diff: 0, Sum: 0, Workers: 4
[2338.753s][debug][gc,phases      ] GC(157)     Total                          Min: 0, Avg:  0.0, Max: 0, Diff: 0, Sum: 0, Workers: 4
[2338.753s][debug][gc,phases      ] GC(157)   StringDedup Table Weak         Min:  0.0, Avg:  0.0, Max:  0.0, Diff:  0.0, Sum:  0.0, Workers: 4
[2338.753s][debug][gc,phases      ] GC(157)     Dead                           Min: 0, Avg:  0.0, Max: 0, Diff: 0, Sum: 0, Workers: 4
[2338.753s][debug][gc,phases      ] GC(157)     Total                          Min: 0, Avg:  0.0, Max: 0, Diff: 0, Sum: 0, Workers: 4
[2338.753s][debug][gc,phases      ] GC(157)   StringDedup Requests0 Weak     Min:  0.0, Avg:  0.0, Max:  0.0, Diff:  0.0, Sum:  0.0, Workers: 4
[2338.753s][debug][gc,phases      ] GC(157)     Dead                           Min: 0, Avg:  0.0, Max: 0, Diff: 0, Sum: 0, Workers: 4
[2338.753s][debug][gc,phases      ] GC(157)     Total                          Min: 0, Avg:  0.0, Max: 0, Diff: 0, Sum: 0, Workers: 4
[2338.753s][debug][gc,phases      ] GC(157)   StringDedup Requests1 Weak     Min:  0.0, Avg:  0.0, Max:  0.0, Diff:  0.0, Sum:  0.0, Workers: 4
[2338.753s][debug][gc,phases      ] GC(157)     Dead                           Min: 0, Avg:  0.0, Max: 0, Diff: 0, Sum: 0, Workers: 4
[2338.753s][debug][gc,phases      ] GC(157)     Total                          Min: 0, Avg:  0.0, Max: 0, Diff: 0, Sum: 0, Workers: 4
[2338.753s][debug][gc,phases      ] GC(157)   Weak JFR Old Object Samples    Min:  0.0, Avg:  0.0, Max:  0.0, Diff:  0.0, Sum:  0.0, Workers: 4
[2338.753s][debug][gc,phases      ] GC(157)     Dead                           Min: 0, Avg:  0.0, Max: 0, Diff: 0, Sum: 0, Workers: 4
[2338.753s][debug][gc,phases      ] GC(157)     Total                          Min: 0, Avg:  0.0, Max: 0, Diff: 0, Sum: 0, Workers: 4
[2338.753s][debug][gc,phases      ] GC(157) Weak Processing 0.667ms
[2338.753s][debug][gc,age         ] GC(157) Desired survivor size 48758784 bytes, new threshold 15 (max threshold 15)
[2338.753s][info ][gc,heap        ] GC(157) PSYoungGen: 2002487K(2048512K)->3267K(2048000K) Eden: 1999360K(1999360K)->0K(1999360K) From: 3127K(49152K)->3267K(48640K)
[2338.753s][info ][gc,heap        ] GC(157) ParOldGen: 574528K(637952K)->574560K(637952K)
[2338.753s][info ][gc,metaspace   ] GC(157) Metaspace: 81672K(82496K)->81672K(82496K) NonClass: 70236K(70656K)->70236K(70656K) Class: 11435K(11840K)->11435K(11840K)
[2338.753s][info ][gc             ] GC(157) Pause Young (Allocation Failure) 2516M->564M(2623M) 4.646ms
[2338.753s][info ][gc,cpu         ] GC(157) User=0.02s Sys=0.00s Real=0.00s
[2338.753s][info ][safepoint      ] Safepoint "ParallelGCFailedAllocation", Time since last: 10882572751 ns, Reaching safepoint: 94802 ns, At safepoint: 4729915 ns, Total: 4824717 ns
[2342.754s][info ][safepoint      ] Safepoint "Cleanup", Time since last: 4000285356 ns, Reaching safepoint: 57902 ns, At safepoint: 37900 ns, Total: 95802 ns
[2345.754s][info ][safepoint      ] Safepoint "Cleanup", Time since last: 3000231098 ns, Reaching safepoint: 60102 ns, At safepoint: 6600 ns, Total: 66702 ns
[2373.756s][info ][safepoint      ] Safepoint "Cleanup", Time since last: 28001874928 ns, Reaching safepoint: 36901 ns, At safepoint: 3400 ns, Total: 40301 ns
[2430.760s][info ][safepoint      ] Safepoint "Cleanup", Time since last: 57003806398 ns, Reaching safepoint: 62701 ns, At safepoint: 6000 ns, Total: 68701 ns
[2432.733s][info ][gc,start       ] GC(158) Pause Young (Allocation Failure)
[2432.736s][debug][gc,phases      ] GC(158) Scavenge 3.113ms
[2432.736s][debug][gc,ref         ] GC(158) Skipped phase 1 of Reference Processing: no references
[2432.736s][debug][gc,ref         ] GC(158) ReferenceProcessor::execute queues: 1, RefProcThreadModel::Single, marks_oops_alive: false
[2432.736s][debug][gc,ref         ] GC(158) Skipped phase 3 of Reference Processing: no references
[2432.736s][debug][gc,ref         ] GC(158) ReferenceProcessor::execute queues: 1, RefProcThreadModel::Single, marks_oops_alive: false
[2432.736s][debug][gc,phases      ] GC(158) Reference Processing 0.134ms
[2432.736s][debug][gc,phases      ] GC(158)   VM Weak                        Min:  0.0, Avg:  0.0, Max:  0.0, Diff:  0.0, Sum:  0.0, Workers: 4
[2432.736s][debug][gc,phases      ] GC(158)     Dead                           Min: 0, Avg:  0.0, Max: 0, Diff: 0, Sum: 0, Workers: 4
[2432.736s][debug][gc,phases      ] GC(158)     Total                          Min: 0, Avg: 165.5, Max: 512, Diff: 512, Sum: 662, Workers: 4
[2432.736s][debug][gc,phases      ] GC(158)   ObjectSynchronizer Weak        Min:  0.0, Avg:  0.0, Max:  0.0, Diff:  0.0, Sum:  0.0, Workers: 4
[2432.736s][debug][gc,phases      ] GC(158)     Dead                           Min: 0, Avg:  0.0, Max: 0, Diff: 0, Sum: 0, Workers: 4
[2432.736s][debug][gc,phases      ] GC(158)     Total                          Min: 0, Avg: 47.8, Max: 127, Diff: 127, Sum: 191, Workers: 4
[2432.736s][debug][gc,phases      ] GC(158)   JVMTI Tag Weak OopStorage      Min:  0.0, Avg:  0.0, Max:  0.0, Diff:  0.0, Sum:  0.0, Workers: 4
[2432.736s][debug][gc,phases      ] GC(158)     Dead                           Min: 0, Avg:  0.0, Max: 0, Diff: 0, Sum: 0, Workers: 4
[2432.736s][debug][gc,phases      ] GC(158)     Total                          Min: 0, Avg:  0.0, Max: 0, Diff: 0, Sum: 0, Workers: 4
[2432.736s][debug][gc,phases      ] GC(158)   StringTable Weak               Min:  0.1, Avg:  0.1, Max:  0.1, Diff:  0.0, Sum:  0.5, Workers: 4
[2432.736s][debug][gc,phases      ] GC(158)     Dead                           Min: 0, Avg:  0.0, Max: 0, Diff: 0, Sum: 0, Workers: 4
[2432.736s][debug][gc,phases      ] GC(158)     Total                          Min: 8704, Avg: 12038.8, Max: 14235, Diff: 5531, Sum: 48155, Workers: 4
[2432.736s][debug][gc,phases      ] GC(158)   ResolvedMethodTable Weak       Min:  0.0, Avg:  0.0, Max:  0.0, Diff:  0.0, Sum:  0.1, Workers: 4
[2432.736s][debug][gc,phases      ] GC(158)     Dead                           Min: 0, Avg:  0.0, Max: 0, Diff: 0, Sum: 0, Workers: 4
[2432.736s][debug][gc,phases      ] GC(158)     Total                          Min: 1822, Avg: 2039.5, Max: 2496, Diff: 674, Sum: 8158, Workers: 4
[2432.736s][debug][gc,phases      ] GC(158)   JNI Weak                       Min:  0.0, Avg:  0.0, Max:  0.0, Diff:  0.0, Sum:  0.0, Workers: 4
[2432.736s][debug][gc,phases      ] GC(158)     Dead                           Min: 0, Avg:  0.0, Max: 0, Diff: 0, Sum: 0, Workers: 4
[2432.736s][debug][gc,phases      ] GC(158)     Total                          Min: 0, Avg:  0.0, Max: 0, Diff: 0, Sum: 0, Workers: 4
[2432.736s][debug][gc,phases      ] GC(158)   StringDedup Table Weak         Min:  0.0, Avg:  0.0, Max:  0.0, Diff:  0.0, Sum:  0.0, Workers: 4
[2432.736s][debug][gc,phases      ] GC(158)     Dead                           Min: 0, Avg:  0.0, Max: 0, Diff: 0, Sum: 0, Workers: 4
[2432.736s][debug][gc,phases      ] GC(158)     Total                          Min: 0, Avg:  0.0, Max: 0, Diff: 0, Sum: 0, Workers: 4
[2432.736s][debug][gc,phases      ] GC(158)   StringDedup Requests0 Weak     Min:  0.0, Avg:  0.0, Max:  0.0, Diff:  0.0, Sum:  0.0, Workers: 4
[2432.736s][debug][gc,phases      ] GC(158)     Dead                           Min: 0, Avg:  0.0, Max: 0, Diff: 0, Sum: 0, Workers: 4
[2432.736s][debug][gc,phases      ] GC(158)     Total                          Min: 0, Avg:  0.0, Max: 0, Diff: 0, Sum: 0, Workers: 4
[2432.736s][debug][gc,phases      ] GC(158)   StringDedup Requests1 Weak     Min:  0.0, Avg:  0.0, Max:  0.0, Diff:  0.0, Sum:  0.0, Workers: 4
[2432.736s][debug][gc,phases      ] GC(158)     Dead                           Min: 0, Avg:  0.0, Max: 0, Diff: 0, Sum: 0, Workers: 4
[2432.736s][debug][gc,phases      ] GC(158)     Total                          Min: 0, Avg:  0.0, Max: 0, Diff: 0, Sum: 0, Workers: 4
[2432.736s][debug][gc,phases      ] GC(158)   Weak JFR Old Object Samples    Min:  0.0, Avg:  0.0, Max:  0.0, Diff:  0.0, Sum:  0.0, Workers: 4
[2432.736s][debug][gc,phases      ] GC(158)     Dead                           Min: 0, Avg:  0.0, Max: 0, Diff: 0, Sum: 0, Workers: 4
[2432.736s][debug][gc,phases      ] GC(158)     Total                          Min: 0, Avg:  0.0, Max: 0, Diff: 0, Sum: 0, Workers: 4
[2432.736s][debug][gc,phases      ] GC(158) Weak Processing 0.354ms
[2432.736s][debug][gc,age         ] GC(158) Desired survivor size 47710208 bytes, new threshold 15 (max threshold 15)
[2432.736s][info ][gc,heap        ] GC(158) PSYoungGen: 2002627K(2048000K)->1504K(2050560K) Eden: 1999360K(1999360K)->0K(2002944K) From: 3267K(48640K)->1504K(47616K)
[2432.736s][info ][gc,heap        ] GC(158) ParOldGen: 574560K(637952K)->575537K(637952K)
[2432.736s][info ][gc,metaspace   ] GC(158) Metaspace: 81682K(82496K)->81682K(82496K) NonClass: 70247K(70656K)->70247K(70656K) Class: 11435K(11840K)->11435K(11840K)
[2432.736s][info ][gc             ] GC(158) Pause Young (Allocation Failure) 2516M->563M(2625M) 3.731ms
[2432.737s][info ][gc,cpu         ] GC(158) User=0.02s Sys=0.00s Real=0.01s
[2432.737s][info ][safepoint      ] Safepoint "ParallelGCFailedAllocation", Time since last: 1972856322 ns, Reaching safepoint: 27101 ns, At safepoint: 3832591 ns, Total: 3859692 ns
[2436.737s][info ][safepoint      ] Safepoint "Cleanup", Time since last: 4000280073 ns, Reaching safepoint: 53101 ns, At safepoint: 4100 ns, Total: 57201 ns
[2446.738s][info ][safepoint      ] Safepoint "Cleanup", Time since last: 10000702599 ns, Reaching safepoint: 58001 ns, At safepoint: 3701 ns, Total: 61702 ns
[2469.739s][info ][safepoint      ] Safepoint "Cleanup", Time since last: 23001612403 ns, Reaching safepoint: 116702 ns, At safepoint: 9001 ns, Total: 125703 ns
[2471.740s][info ][safepoint      ] Safepoint "Cleanup", Time since last: 2000194053 ns, Reaching safepoint: 125203 ns, At safepoint: 8000 ns, Total: 133203 ns
[2472.740s][info ][safepoint      ] Safepoint "Cleanup", Time since last: 1000126520 ns, Reaching safepoint: 111502 ns, At safepoint: 7400 ns, Total: 118902 ns
[2523.744s][info ][safepoint      ] Safepoint "Cleanup", Time since last: 51003600938 ns, Reaching safepoint: 60002 ns, At safepoint: 4800 ns, Total: 64802 ns
[2533.891s][info ][gc,start       ] GC(159) Pause Young (Allocation Failure)
[2533.894s][debug][gc,phases      ] GC(159) Scavenge 2.945ms
[2533.894s][debug][gc,ref         ] GC(159) Skipped phase 1 of Reference Processing: no references
[2533.894s][debug][gc,ref         ] GC(159) ReferenceProcessor::execute queues: 1, RefProcThreadModel::Single, marks_oops_alive: false
[2533.894s][debug][gc,ref         ] GC(159) Skipped phase 3 of Reference Processing: no references
[2533.894s][debug][gc,ref         ] GC(159) ReferenceProcessor::execute queues: 1, RefProcThreadModel::Single, marks_oops_alive: false
[2533.894s][debug][gc,phases      ] GC(159) Reference Processing 0.126ms
[2533.894s][debug][gc,phases      ] GC(159)   VM Weak                        Min:  0.0, Avg:  0.0, Max:  0.0, Diff:  0.0, Sum:  0.0, Workers: 4
[2533.894s][debug][gc,phases      ] GC(159)     Dead                           Min: 0, Avg:  0.0, Max: 0, Diff: 0, Sum: 0, Workers: 4
[2533.894s][debug][gc,phases      ] GC(159)     Total                          Min: 0, Avg: 165.5, Max: 662, Diff: 662, Sum: 662, Workers: 4
[2533.894s][debug][gc,phases      ] GC(159)   ObjectSynchronizer Weak        Min:  0.0, Avg:  0.0, Max:  0.0, Diff:  0.0, Sum:  0.0, Workers: 4
[2533.894s][debug][gc,phases      ] GC(159)     Dead                           Min: 0, Avg:  0.0, Max: 0, Diff: 0, Sum: 0, Workers: 4
[2533.894s][debug][gc,phases      ] GC(159)     Total                          Min: 0, Avg: 47.8, Max: 191, Diff: 191, Sum: 191, Workers: 4
[2533.894s][debug][gc,phases      ] GC(159)   JVMTI Tag Weak OopStorage      Min:  0.0, Avg:  0.0, Max:  0.0, Diff:  0.0, Sum:  0.0, Workers: 4
[2533.894s][debug][gc,phases      ] GC(159)     Dead                           Min: 0, Avg:  0.0, Max: 0, Diff: 0, Sum: 0, Workers: 4
[2533.894s][debug][gc,phases      ] GC(159)     Total                          Min: 0, Avg:  0.0, Max: 0, Diff: 0, Sum: 0, Workers: 4
[2533.894s][debug][gc,phases      ] GC(159)   StringTable Weak               Min:  0.1, Avg:  0.1, Max:  0.1, Diff:  0.0, Sum:  0.4, Workers: 4
[2533.894s][debug][gc,phases      ] GC(159)     Dead                           Min: 0, Avg:  0.0, Max: 0, Diff: 0, Sum: 0, Workers: 4
[2533.894s][debug][gc,phases      ] GC(159)     Total                          Min: 10624, Avg: 12038.8, Max: 13339, Diff: 2715, Sum: 48155, Workers: 4
[2533.894s][debug][gc,phases      ] GC(159)   ResolvedMethodTable Weak       Min:  0.0, Avg:  0.0, Max:  0.0, Diff:  0.0, Sum:  0.1, Workers: 4
[2533.894s][debug][gc,phases      ] GC(159)     Dead                           Min: 0, Avg:  0.0, Max: 0, Diff: 0, Sum: 0, Workers: 4
[2533.894s][debug][gc,phases      ] GC(159)     Total                          Min: 1728, Avg: 2039.5, Max: 2334, Diff: 606, Sum: 8158, Workers: 4
[2533.894s][debug][gc,phases      ] GC(159)   JNI Weak                       Min:  0.0, Avg:  0.0, Max:  0.0, Diff:  0.0, Sum:  0.0, Workers: 4
[2533.894s][debug][gc,phases      ] GC(159)     Dead                           Min: 0, Avg:  0.0, Max: 0, Diff: 0, Sum: 0, Workers: 4
[2533.894s][debug][gc,phases      ] GC(159)     Total                          Min: 0, Avg:  0.0, Max: 0, Diff: 0, Sum: 0, Workers: 4
[2533.894s][debug][gc,phases      ] GC(159)   StringDedup Table Weak         Min:  0.0, Avg:  0.0, Max:  0.0, Diff:  0.0, Sum:  0.0, Workers: 4
[2533.894s][debug][gc,phases      ] GC(159)     Dead                           Min: 0, Avg:  0.0, Max: 0, Diff: 0, Sum: 0, Workers: 4
[2533.894s][debug][gc,phases      ] GC(159)     Total                          Min: 0, Avg:  0.0, Max: 0, Diff: 0, Sum: 0, Workers: 4
[2533.894s][debug][gc,phases      ] GC(159)   StringDedup Requests0 Weak     Min:  0.0, Avg:  0.0, Max:  0.0, Diff:  0.0, Sum:  0.0, Workers: 4
[2533.894s][debug][gc,phases      ] GC(159)     Dead                           Min: 0, Avg:  0.0, Max: 0, Diff: 0, Sum: 0, Workers: 4
[2533.894s][debug][gc,phases      ] GC(159)     Total                          Min: 0, Avg:  0.0, Max: 0, Diff: 0, Sum: 0, Workers: 4
[2533.894s][debug][gc,phases      ] GC(159)   StringDedup Requests1 Weak     Min:  0.0, Avg:  0.0, Max:  0.0, Diff:  0.0, Sum:  0.0, Workers: 4
[2533.894s][debug][gc,phases      ] GC(159)     Dead                           Min: 0, Avg:  0.0, Max: 0, Diff: 0, Sum: 0, Workers: 4
[2533.894s][debug][gc,phases      ] GC(159)     Total                          Min: 0, Avg:  0.0, Max: 0, Diff: 0, Sum: 0, Workers: 4
[2533.894s][debug][gc,phases      ] GC(159)   Weak JFR Old Object Samples    Min:  0.0, Avg:  0.0, Max:  0.0, Diff:  0.0, Sum:  0.0, Workers: 4
[2533.894s][debug][gc,phases      ] GC(159)     Dead                           Min: 0, Avg:  0.0, Max: 0, Diff: 0, Sum: 0, Workers: 4
[2533.894s][debug][gc,phases      ] GC(159)     Total                          Min: 0, Avg:  0.0, Max: 0, Diff: 0, Sum: 0, Workers: 4
[2533.894s][debug][gc,phases      ] GC(159) Weak Processing 0.346ms
[2533.894s][debug][gc,age         ] GC(159) Desired survivor size 46137344 bytes, new threshold 15 (max threshold 15)
[2533.894s][info ][gc,heap        ] GC(159) PSYoungGen: 2004448K(2050560K)->1536K(2049536K) Eden: 2002944K(2002944K)->0K(2002944K) From: 1504K(47616K)->1536K(46592K)
[2533.894s][info ][gc,heap        ] GC(159) ParOldGen: 575537K(637952K)->575561K(637952K)
[2533.894s][info ][gc,metaspace   ] GC(159) Metaspace: 81687K(82496K)->81687K(82496K) NonClass: 70252K(70656K)->70252K(70656K) Class: 11435K(11840K)->11435K(11840K)
[2533.894s][info ][gc             ] GC(159) Pause Young (Allocation Failure) 2519M->563M(2624M) 3.581ms
[2533.894s][info ][gc,cpu         ] GC(159) User=0.01s Sys=0.00s Real=0.01s
[2533.894s][info ][safepoint      ] Safepoint "ParallelGCFailedAllocation", Time since last: 10147117732 ns, Reaching safepoint: 44901 ns, At safepoint: 3687286 ns, Total: 3732187 ns
[2546.895s][info ][safepoint      ] Safepoint "Cleanup", Time since last: 13000765570 ns, Reaching safepoint: 42501 ns, At safepoint: 3600 ns, Total: 46101 ns
[2549.896s][info ][safepoint      ] Safepoint "Cleanup", Time since last: 3000242165 ns, Reaching safepoint: 65601 ns, At safepoint: 3700 ns, Total: 69301 ns
[2557.295s][info ][safepoint      ] Safepoint "Cleanup", Time since last: 7399723455 ns, Reaching safepoint: 121403 ns, At safepoint: 30301 ns, Total: 151704 ns
[2558.296s][info ][safepoint      ] Safepoint "Cleanup", Time since last: 1000109614 ns, Reaching safepoint: 86402 ns, At safepoint: 6600 ns, Total: 93002 ns
[2562.296s][info ][safepoint      ] Safepoint "Cleanup", Time since last: 4000341411 ns, Reaching safepoint: 65802 ns, At safepoint: 7900 ns, Total: 73702 ns
[2563.296s][info ][safepoint      ] Safepoint "Cleanup", Time since last: 1000086492 ns, Reaching safepoint: 115503 ns, At safepoint: 14100 ns, Total: 129603 ns
[2564.296s][info ][safepoint      ] Safepoint "Cleanup", Time since last: 1000108288 ns, Reaching safepoint: 64702 ns, At safepoint: 5000 ns, Total: 69702 ns
[2565.297s][info ][safepoint      ] Safepoint "Cleanup", Time since last: 1000121484 ns, Reaching safepoint: 126603 ns, At safepoint: 16200 ns, Total: 142803 ns
[2565.877s][info ][gc,start       ] GC(160) Pause Young (Allocation Failure)
[2565.896s][debug][gc,phases      ] GC(160) Scavenge 19.125ms
[2565.896s][debug][gc,ref         ] GC(160) Skipped phase 1 of Reference Processing: no references
[2565.896s][debug][gc,ref         ] GC(160) ReferenceProcessor::execute queues: 1, RefProcThreadModel::Single, marks_oops_alive: false
[2565.896s][debug][gc,ref         ] GC(160) Skipped phase 3 of Reference Processing: no references
[2565.896s][debug][gc,ref         ] GC(160) ReferenceProcessor::execute queues: 1, RefProcThreadModel::Single, marks_oops_alive: false
[2565.896s][debug][gc,phases      ] GC(160) Reference Processing 0.128ms
[2565.896s][debug][gc,phases      ] GC(160)   VM Weak                        Min:  0.0, Avg:  0.0, Max:  0.0, Diff:  0.0, Sum:  0.0, Workers: 4
[2565.896s][debug][gc,phases      ] GC(160)     Dead                           Min: 0, Avg:  0.0, Max: 0, Diff: 0, Sum: 0, Workers: 4
[2565.896s][debug][gc,phases      ] GC(160)     Total                          Min: 0, Avg: 165.5, Max: 640, Diff: 640, Sum: 662, Workers: 4
[2565.896s][debug][gc,phases      ] GC(160)   ObjectSynchronizer Weak        Min:  0.0, Avg:  0.0, Max:  0.0, Diff:  0.0, Sum:  0.0, Workers: 4
[2565.896s][debug][gc,phases      ] GC(160)     Dead                           Min: 0, Avg:  0.0, Max: 0, Diff: 0, Sum: 0, Workers: 4
[2565.896s][debug][gc,phases      ] GC(160)     Total                          Min: 0, Avg: 47.8, Max: 127, Diff: 127, Sum: 191, Workers: 4
[2565.896s][debug][gc,phases      ] GC(160)   JVMTI Tag Weak OopStorage      Min:  0.0, Avg:  0.0, Max:  0.0, Diff:  0.0, Sum:  0.0, Workers: 4
[2565.896s][debug][gc,phases      ] GC(160)     Dead                           Min: 0, Avg:  0.0, Max: 0, Diff: 0, Sum: 0, Workers: 4
[2565.896s][debug][gc,phases      ] GC(160)     Total                          Min: 0, Avg:  0.0, Max: 0, Diff: 0, Sum: 0, Workers: 4
[2565.896s][debug][gc,phases      ] GC(160)   StringTable Weak               Min:  0.1, Avg:  0.1, Max:  0.1, Diff:  0.0, Sum:  0.4, Workers: 4
[2565.896s][debug][gc,phases      ] GC(160)     Dead                           Min: 0, Avg:  0.0, Max: 0, Diff: 0, Sum: 0, Workers: 4
[2565.896s][debug][gc,phases      ] GC(160)     Total                          Min: 10752, Avg: 12039.0, Max: 13760, Diff: 3008, Sum: 48156, Workers: 4
[2565.896s][debug][gc,phases      ] GC(160)   ResolvedMethodTable Weak       Min:  0.0, Avg:  0.0, Max:  0.0, Diff:  0.0, Sum:  0.1, Workers: 4
[2565.896s][debug][gc,phases      ] GC(160)     Dead                           Min: 0, Avg:  0.0, Max: 0, Diff: 0, Sum: 0, Workers: 4
[2565.896s][debug][gc,phases      ] GC(160)     Total                          Min: 1664, Avg: 2040.2, Max: 2465, Diff: 801, Sum: 8161, Workers: 4
[2565.896s][debug][gc,phases      ] GC(160)   JNI Weak                       Min:  0.0, Avg:  0.0, Max:  0.0, Diff:  0.0, Sum:  0.0, Workers: 4
[2565.896s][debug][gc,phases      ] GC(160)     Dead                           Min: 0, Avg:  0.0, Max: 0, Diff: 0, Sum: 0, Workers: 4
[2565.896s][debug][gc,phases      ] GC(160)     Total                          Min: 0, Avg:  0.0, Max: 0, Diff: 0, Sum: 0, Workers: 4
[2565.896s][debug][gc,phases      ] GC(160)   StringDedup Table Weak         Min:  0.0, Avg:  0.0, Max:  0.0, Diff:  0.0, Sum:  0.0, Workers: 4
[2565.896s][debug][gc,phases      ] GC(160)     Dead                           Min: 0, Avg:  0.0, Max: 0, Diff: 0, Sum: 0, Workers: 4
[2565.896s][debug][gc,phases      ] GC(160)     Total                          Min: 0, Avg:  0.0, Max: 0, Diff: 0, Sum: 0, Workers: 4
[2565.896s][debug][gc,phases      ] GC(160)   StringDedup Requests0 Weak     Min:  0.0, Avg:  0.0, Max:  0.0, Diff:  0.0, Sum:  0.0, Workers: 4
[2565.896s][debug][gc,phases      ] GC(160)     Dead                           Min: 0, Avg:  0.0, Max: 0, Diff: 0, Sum: 0, Workers: 4
[2565.896s][debug][gc,phases      ] GC(160)     Total                          Min: 0, Avg:  0.0, Max: 0, Diff: 0, Sum: 0, Workers: 4
[2565.896s][debug][gc,phases      ] GC(160)   StringDedup Requests1 Weak     Min:  0.0, Avg:  0.0, Max:  0.0, Diff:  0.0, Sum:  0.0, Workers: 4
[2565.896s][debug][gc,phases      ] GC(160)     Dead                           Min: 0, Avg:  0.0, Max: 0, Diff: 0, Sum: 0, Workers: 4
[2565.896s][debug][gc,phases      ] GC(160)     Total                          Min: 0, Avg:  0.0, Max: 0, Diff: 0, Sum: 0, Workers: 4
[2565.896s][debug][gc,phases      ] GC(160)   Weak JFR Old Object Samples    Min:  0.0, Avg:  0.0, Max:  0.0, Diff:  0.0, Sum:  0.0, Workers: 4
[2565.896s][debug][gc,phases      ] GC(160)     Dead                           Min: 0, Avg:  0.0, Max: 0, Diff: 0, Sum: 0, Workers: 4
[2565.896s][debug][gc,phases      ] GC(160)     Total                          Min: 0, Avg:  0.0, Max: 0, Diff: 0, Sum: 0, Workers: 4
[2565.896s][debug][gc,phases      ] GC(160) Weak Processing 0.338ms
[2565.896s][debug][gc,age         ] GC(160) Desired survivor size 58195968 bytes, new threshold 14 (max threshold 15)
[2565.897s][info ][gc,heap        ] GC(160) PSYoungGen: 2004480K(2049536K)->45024K(2028544K) Eden: 2002944K(2002944K)->0K(1983488K) From: 1536K(46592K)->45024K(45056K)
[2565.897s][info ][gc,heap        ] GC(160) ParOldGen: 575561K(637952K)->582849K(637952K)
[2565.897s][info ][gc,metaspace   ] GC(160) Metaspace: 81703K(82560K)->81703K(82560K) NonClass: 70266K(70720K)->70266K(70720K) Class: 11437K(11840K)->11437K(11840K)
[2565.897s][info ][gc             ] GC(160) Pause Young (Allocation Failure) 2519M->613M(2604M) 19.742ms
[2565.897s][info ][gc,cpu         ] GC(160) User=0.07s Sys=0.00s Real=0.02s
[2565.897s][info ][safepoint      ] Safepoint "ParallelGCFailedAllocation", Time since last: 579958985 ns, Reaching safepoint: 55201 ns, At safepoint: 19830258 ns, Total: 19885459 ns
[2566.897s][info ][safepoint      ] Safepoint "Cleanup", Time since last: 1000083876 ns, Reaching safepoint: 63102 ns, At safepoint: 9500 ns, Total: 72602 ns
[2567.897s][info ][safepoint      ] Safepoint "Cleanup", Time since last: 1000107073 ns, Reaching safepoint: 55401 ns, At safepoint: 4300 ns, Total: 59701 ns
[2568.897s][info ][safepoint      ] Safepoint "Cleanup", Time since last: 1000113369 ns, Reaching safepoint: 59201 ns, At safepoint: 15601 ns, Total: 74802 ns
[2570.897s][info ][safepoint      ] Safepoint "Cleanup", Time since last: 2000209824 ns, Reaching safepoint: 58901 ns, At safepoint: 14200 ns, Total: 73101 ns
[2572.898s][info ][safepoint      ] Safepoint "Cleanup", Time since last: 2000186207 ns, Reaching safepoint: 48801 ns, At safepoint: 4700 ns, Total: 53501 ns
[2573.898s][info ][safepoint      ] Safepoint "Cleanup", Time since last: 1000119948 ns, Reaching safepoint: 59901 ns, At safepoint: 3500 ns, Total: 63401 ns
[2574.898s][info ][safepoint      ] Safepoint "Cleanup", Time since last: 1000108143 ns, Reaching safepoint: 55402 ns, At safepoint: 8600 ns, Total: 64002 ns
[2576.898s][info ][safepoint      ] Safepoint "Cleanup", Time since last: 2000160772 ns, Reaching safepoint: 67602 ns, At safepoint: 10700 ns, Total: 78302 ns
[2579.899s][info ][safepoint      ] Safepoint "Cleanup", Time since last: 3000236977 ns, Reaching safepoint: 64501 ns, At safepoint: 7301 ns, Total: 71802 ns
[2581.899s][info ][safepoint      ] Safepoint "Cleanup", Time since last: 2000190931 ns, Reaching safepoint: 45601 ns, At safepoint: 4500 ns, Total: 50101 ns
[2589.899s][info ][safepoint      ] Safepoint "Cleanup", Time since last: 8000486353 ns, Reaching safepoint: 50601 ns, At safepoint: 4501 ns, Total: 55102 ns
[2590.797s][info ][gc,start       ] GC(161) Pause Young (Allocation Failure)
[2590.810s][debug][gc,phases      ] GC(161) Scavenge 12.945ms
[2590.810s][debug][gc,ref         ] GC(161) Skipped phase 1 of Reference Processing: no references
[2590.810s][debug][gc,ref         ] GC(161) ReferenceProcessor::execute queues: 1, RefProcThreadModel::Single, marks_oops_alive: false
[2590.810s][debug][gc,ref         ] GC(161) Skipped phase 3 of Reference Processing: no references
[2590.810s][debug][gc,ref         ] GC(161) ReferenceProcessor::execute queues: 1, RefProcThreadModel::Single, marks_oops_alive: false
[2590.810s][debug][gc,phases      ] GC(161) Reference Processing 0.122ms
[2590.811s][debug][gc,phases      ] GC(161)   VM Weak                        Min:  0.0, Avg:  0.0, Max:  0.0, Diff:  0.0, Sum:  0.0, Workers: 4
[2590.811s][debug][gc,phases      ] GC(161)     Dead                           Min: 0, Avg:  0.0, Max: 0, Diff: 0, Sum: 0, Workers: 4
[2590.811s][debug][gc,phases      ] GC(161)     Total                          Min: 0, Avg: 165.5, Max: 320, Diff: 320, Sum: 662, Workers: 4
[2590.811s][debug][gc,phases      ] GC(161)   ObjectSynchronizer Weak        Min:  0.0, Avg:  0.0, Max:  0.0, Diff:  0.0, Sum:  0.0, Workers: 4
[2590.811s][debug][gc,phases      ] GC(161)     Dead                           Min: 0, Avg:  0.0, Max: 0, Diff: 0, Sum: 0, Workers: 4
[2590.811s][debug][gc,phases      ] GC(161)     Total                          Min: 0, Avg: 47.8, Max: 64, Diff: 64, Sum: 191, Workers: 4
[2590.811s][debug][gc,phases      ] GC(161)   JVMTI Tag Weak OopStorage      Min:  0.0, Avg:  0.0, Max:  0.0, Diff:  0.0, Sum:  0.0, Workers: 4
[2590.811s][debug][gc,phases      ] GC(161)     Dead                           Min: 0, Avg:  0.0, Max: 0, Diff: 0, Sum: 0, Workers: 4
[2590.811s][debug][gc,phases      ] GC(161)     Total                          Min: 0, Avg:  0.0, Max: 0, Diff: 0, Sum: 0, Workers: 4
[2590.811s][debug][gc,phases      ] GC(161)   StringTable Weak               Min:  0.1, Avg:  0.1, Max:  0.1, Diff:  0.0, Sum:  0.5, Workers: 4
[2590.811s][debug][gc,phases      ] GC(161)     Dead                           Min: 0, Avg:  0.0, Max: 0, Diff: 0, Sum: 0, Workers: 4
[2590.811s][debug][gc,phases      ] GC(161)     Total                          Min: 11392, Avg: 12039.0, Max: 12928, Diff: 1536, Sum: 48156, Workers: 4
[2590.811s][debug][gc,phases      ] GC(161)   ResolvedMethodTable Weak       Min:  0.0, Avg:  0.0, Max:  0.0, Diff:  0.0, Sum:  0.1, Workers: 4
[2590.811s][debug][gc,phases      ] GC(161)     Dead                           Min: 0, Avg:  0.0, Max: 0, Diff: 0, Sum: 0, Workers: 4
[2590.811s][debug][gc,phases      ] GC(161)     Total                          Min: 1920, Avg: 2040.2, Max: 2145, Diff: 225, Sum: 8161, Workers: 4
[2590.811s][debug][gc,phases      ] GC(161)   JNI Weak                       Min:  0.0, Avg:  0.0, Max:  0.0, Diff:  0.0, Sum:  0.0, Workers: 4
[2590.811s][debug][gc,phases      ] GC(161)     Dead                           Min: 0, Avg:  0.0, Max: 0, Diff: 0, Sum: 0, Workers: 4
[2590.811s][debug][gc,phases      ] GC(161)     Total                          Min: 0, Avg:  0.0, Max: 0, Diff: 0, Sum: 0, Workers: 4
[2590.811s][debug][gc,phases      ] GC(161)   StringDedup Table Weak         Min:  0.0, Avg:  0.0, Max:  0.0, Diff:  0.0, Sum:  0.0, Workers: 4
[2590.811s][debug][gc,phases      ] GC(161)     Dead                           Min: 0, Avg:  0.0, Max: 0, Diff: 0, Sum: 0, Workers: 4
[2590.811s][debug][gc,phases      ] GC(161)     Total                          Min: 0, Avg:  0.0, Max: 0, Diff: 0, Sum: 0, Workers: 4
[2590.811s][debug][gc,phases      ] GC(161)   StringDedup Requests0 Weak     Min:  0.0, Avg:  0.0, Max:  0.0, Diff:  0.0, Sum:  0.0, Workers: 4
[2590.811s][debug][gc,phases      ] GC(161)     Dead                           Min: 0, Avg:  0.0, Max: 0, Diff: 0, Sum: 0, Workers: 4
[2590.811s][debug][gc,phases      ] GC(161)     Total                          Min: 0, Avg:  0.0, Max: 0, Diff: 0, Sum: 0, Workers: 4
[2590.811s][debug][gc,phases      ] GC(161)   StringDedup Requests1 Weak     Min:  0.0, Avg:  0.0, Max:  0.0, Diff:  0.0, Sum:  0.0, Workers: 4
[2590.811s][debug][gc,phases      ] GC(161)     Dead                           Min: 0, Avg:  0.0, Max: 0, Diff: 0, Sum: 0, Workers: 4
[2590.811s][debug][gc,phases      ] GC(161)     Total                          Min: 0, Avg:  0.0, Max: 0, Diff: 0, Sum: 0, Workers: 4
[2590.811s][debug][gc,phases      ] GC(161)   Weak JFR Old Object Samples    Min:  0.0, Avg:  0.0, Max:  0.0, Diff:  0.0, Sum:  0.0, Workers: 4
[2590.811s][debug][gc,phases      ] GC(161)     Dead                           Min: 0, Avg:  0.0, Max: 0, Diff: 0, Sum: 0, Workers: 4
[2590.811s][debug][gc,phases      ] GC(161)     Total                          Min: 0, Avg:  0.0, Max: 0, Diff: 0, Sum: 0, Workers: 4
[2590.811s][debug][gc,phases      ] GC(161) Weak Processing 0.339ms
[2590.811s][debug][gc,age         ] GC(161) Desired survivor size 61341696 bytes, new threshold 15 (max threshold 15)
[2590.811s][info ][gc,heap        ] GC(161) PSYoungGen: 2028512K(2028544K)->35840K(2019840K) Eden: 1983488K(1983488K)->0K(1983488K) From: 45024K(45056K)->35840K(36352K)
[2590.811s][info ][gc,heap        ] GC(161) ParOldGen: 582849K(637952K)->582881K(637952K)
[2590.811s][info ][gc,metaspace   ] GC(161) Metaspace: 81712K(82560K)->81712K(82560K) NonClass: 70274K(70720K)->70274K(70720K) Class: 11437K(11840K)->11437K(11840K)
[2590.811s][info ][gc             ] GC(161) Pause Young (Allocation Failure) 2550M->604M(2595M) 13.547ms
[2590.811s][info ][gc,cpu         ] GC(161) User=0.05s Sys=0.00s Real=0.01s
[2590.811s][info ][safepoint      ] Safepoint "ParallelGCFailedAllocation", Time since last: 897795026 ns, Reaching safepoint: 106202 ns, At safepoint: 13633113 ns, Total: 13739315 ns
[2591.811s][info ][safepoint      ] Safepoint "Cleanup", Time since last: 1000085573 ns, Reaching safepoint: 33701 ns, At safepoint: 4200 ns, Total: 37901 ns
[2592.811s][info ][safepoint      ] Safepoint "Cleanup", Time since last: 1000117169 ns, Reaching safepoint: 50701 ns, At safepoint: 5000 ns, Total: 55701 ns
[2593.811s][info ][safepoint      ] Safepoint "Cleanup", Time since last: 1000116165 ns, Reaching safepoint: 79202 ns, At safepoint: 9701 ns, Total: 88903 ns
[2594.812s][info ][safepoint      ] Safepoint "Cleanup", Time since last: 1000101160 ns, Reaching safepoint: 84602 ns, At safepoint: 9900 ns, Total: 94502 ns
[2597.812s][info ][safepoint      ] Safepoint "Cleanup", Time since last: 3000245657 ns, Reaching safepoint: 60001 ns, At safepoint: 9301 ns, Total: 69302 ns
[2598.812s][info ][safepoint      ] Safepoint "Cleanup", Time since last: 1000111244 ns, Reaching safepoint: 88902 ns, At safepoint: 12901 ns, Total: 101803 ns
[2599.812s][info ][safepoint      ] Safepoint "Cleanup", Time since last: 1000066640 ns, Reaching safepoint: 123602 ns, At safepoint: 10901 ns, Total: 134503 ns
[2601.812s][info ][safepoint      ] Safepoint "Cleanup", Time since last: 2000180968 ns, Reaching safepoint: 50401 ns, At safepoint: 3301 ns, Total: 53702 ns
[2606.813s][info ][safepoint      ] Safepoint "Cleanup", Time since last: 5000368400 ns, Reaching safepoint: 65301 ns, At safepoint: 8900 ns, Total: 74201 ns
[2614.814s][info ][safepoint      ] Safepoint "Cleanup", Time since last: 8000680657 ns, Reaching safepoint: 61902 ns, At safepoint: 11100 ns, Total: 73002 ns
[2615.814s][info ][safepoint      ] Safepoint "Cleanup", Time since last: 1000131078 ns, Reaching safepoint: 50201 ns, At safepoint: 4000 ns, Total: 54201 ns
[2628.815s][info ][safepoint      ] Safepoint "Cleanup", Time since last: 13000894746 ns, Reaching safepoint: 63202 ns, At safepoint: 15200 ns, Total: 78402 ns
[2630.815s][info ][safepoint      ] Safepoint "Cleanup", Time since last: 2000191844 ns, Reaching safepoint: 52401 ns, At safepoint: 4400 ns, Total: 56801 ns
[2648.816s][info ][safepoint      ] Safepoint "Cleanup", Time since last: 18001276709 ns, Reaching safepoint: 53401 ns, At safepoint: 4000 ns, Total: 57401 ns
[2666.818s][info ][safepoint      ] Safepoint "Cleanup", Time since last: 18001168727 ns, Reaching safepoint: 33101 ns, At safepoint: 4100 ns, Total: 37201 ns
[2673.390s][info ][gc,start       ] GC(162) Pause Young (Allocation Failure)
[2673.399s][debug][gc,phases      ] GC(162) Scavenge 8.938ms
[2673.399s][debug][gc,ref         ] GC(162) Skipped phase 1 of Reference Processing: no references
[2673.399s][debug][gc,ref         ] GC(162) ReferenceProcessor::execute queues: 1, RefProcThreadModel::Single, marks_oops_alive: false
[2673.399s][debug][gc,ref         ] GC(162) Skipped phase 3 of Reference Processing: no references
[2673.399s][debug][gc,ref         ] GC(162) ReferenceProcessor::execute queues: 1, RefProcThreadModel::Single, marks_oops_alive: false
[2673.399s][debug][gc,phases      ] GC(162) Reference Processing 0.127ms
[2673.400s][debug][gc,phases      ] GC(162)   VM Weak                        Min:  0.0, Avg:  0.0, Max:  0.0, Diff:  0.0, Sum:  0.0, Workers: 4
[2673.400s][debug][gc,phases      ] GC(162)     Dead                           Min: 0, Avg:  0.0, Max: 0, Diff: 0, Sum: 0, Workers: 4
[2673.400s][debug][gc,phases      ] GC(162)     Total                          Min: 0, Avg: 165.5, Max: 662, Diff: 662, Sum: 662, Workers: 4
[2673.400s][debug][gc,phases      ] GC(162)   ObjectSynchronizer Weak        Min:  0.0, Avg:  0.0, Max:  0.0, Diff:  0.0, Sum:  0.0, Workers: 4
[2673.400s][debug][gc,phases      ] GC(162)     Dead                           Min: 0, Avg:  0.0, Max: 0, Diff: 0, Sum: 0, Workers: 4
[2673.400s][debug][gc,phases      ] GC(162)     Total                          Min: 0, Avg: 47.8, Max: 127, Diff: 127, Sum: 191, Workers: 4
[2673.400s][debug][gc,phases      ] GC(162)   JVMTI Tag Weak OopStorage      Min:  0.0, Avg:  0.0, Max:  0.0, Diff:  0.0, Sum:  0.0, Workers: 4
[2673.400s][debug][gc,phases      ] GC(162)     Dead                           Min: 0, Avg:  0.0, Max: 0, Diff: 0, Sum: 0, Workers: 4
[2673.400s][debug][gc,phases      ] GC(162)     Total                          Min: 0, Avg:  0.0, Max: 0, Diff: 0, Sum: 0, Workers: 4
[2673.400s][debug][gc,phases      ] GC(162)   StringTable Weak               Min:  0.1, Avg:  0.1, Max:  0.1, Diff:  0.0, Sum:  0.5, Workers: 4
[2673.400s][debug][gc,phases      ] GC(162)     Dead                           Min: 0, Avg:  0.0, Max: 0, Diff: 0, Sum: 0, Workers: 4
[2673.400s][debug][gc,phases      ] GC(162)     Total                          Min: 10816, Avg: 12042.0, Max: 12928, Diff: 2112, Sum: 48168, Workers: 4
[2673.400s][debug][gc,phases      ] GC(162)   ResolvedMethodTable Weak       Min:  0.0, Avg:  0.0, Max:  0.0, Diff:  0.0, Sum:  0.1, Workers: 4
[2673.400s][debug][gc,phases      ] GC(162)     Dead                           Min: 0, Avg:  0.0, Max: 0, Diff: 0, Sum: 0, Workers: 4
[2673.400s][debug][gc,phases      ] GC(162)     Total                          Min: 1856, Avg: 2040.2, Max: 2337, Diff: 481, Sum: 8161, Workers: 4
[2673.400s][debug][gc,phases      ] GC(162)   JNI Weak                       Min:  0.0, Avg:  0.0, Max:  0.0, Diff:  0.0, Sum:  0.0, Workers: 4
[2673.400s][debug][gc,phases      ] GC(162)     Dead                           Min: 0, Avg:  0.0, Max: 0, Diff: 0, Sum: 0, Workers: 4
[2673.400s][debug][gc,phases      ] GC(162)     Total                          Min: 0, Avg:  0.0, Max: 0, Diff: 0, Sum: 0, Workers: 4
[2673.400s][debug][gc,phases      ] GC(162)   StringDedup Table Weak         Min:  0.0, Avg:  0.0, Max:  0.0, Diff:  0.0, Sum:  0.0, Workers: 4
[2673.400s][debug][gc,phases      ] GC(162)     Dead                           Min: 0, Avg:  0.0, Max: 0, Diff: 0, Sum: 0, Workers: 4
[2673.400s][debug][gc,phases      ] GC(162)     Total                          Min: 0, Avg:  0.0, Max: 0, Diff: 0, Sum: 0, Workers: 4
[2673.400s][debug][gc,phases      ] GC(162)   StringDedup Requests0 Weak     Min:  0.0, Avg:  0.0, Max:  0.0, Diff:  0.0, Sum:  0.0, Workers: 4
[2673.400s][debug][gc,phases      ] GC(162)     Dead                           Min: 0, Avg:  0.0, Max: 0, Diff: 0, Sum: 0, Workers: 4
[2673.400s][debug][gc,phases      ] GC(162)     Total                          Min: 0, Avg:  0.0, Max: 0, Diff: 0, Sum: 0, Workers: 4
[2673.400s][debug][gc,phases      ] GC(162)   StringDedup Requests1 Weak     Min:  0.0, Avg:  0.0, Max:  0.0, Diff:  0.0, Sum:  0.0, Workers: 4
[2673.400s][debug][gc,phases      ] GC(162)     Dead                           Min: 0, Avg:  0.0, Max: 0, Diff: 0, Sum: 0, Workers: 4
[2673.400s][debug][gc,phases      ] GC(162)     Total                          Min: 0, Avg:  0.0, Max: 0, Diff: 0, Sum: 0, Workers: 4
[2673.400s][debug][gc,phases      ] GC(162)   Weak JFR Old Object Samples    Min:  0.0, Avg:  0.0, Max:  0.0, Diff:  0.0, Sum:  0.0, Workers: 4
[2673.400s][debug][gc,phases      ] GC(162)     Dead                           Min: 0, Avg:  0.0, Max: 0, Diff: 0, Sum: 0, Workers: 4
[2673.400s][debug][gc,phases      ] GC(162)     Total                          Min: 0, Avg:  0.0, Max: 0, Diff: 0, Sum: 0, Workers: 4
[2673.400s][debug][gc,phases      ] GC(162) Weak Processing 0.369ms
[2673.400s][debug][gc,age         ] GC(162) Desired survivor size 62390272 bytes, new threshold 15 (max threshold 15)
[2673.400s][info ][gc,heap        ] GC(162) PSYoungGen: 2019328K(2019840K)->32528K(2035200K) Eden: 1983488K(1983488K)->0K(1975296K) From: 35840K(36352K)->32528K(59904K)
[2673.400s][info ][gc,heap        ] GC(162) ParOldGen: 582881K(637952K)->582881K(637952K)
[2673.400s][info ][gc,metaspace   ] GC(162) Metaspace: 81726K(82560K)->81726K(82560K) NonClass: 70288K(70720K)->70288K(70720K) Class: 11437K(11840K)->11437K(11840K)
[2673.400s][info ][gc             ] GC(162) Pause Young (Allocation Failure) 2541M->600M(2610M) 9.584ms
[2673.400s][info ][gc,cpu         ] GC(162) User=0.04s Sys=0.00s Real=0.01s
[2673.400s][info ][safepoint      ] Safepoint "ParallelGCFailedAllocation", Time since last: 6572523220 ns, Reaching safepoint: 43301 ns, At safepoint: 9661019 ns, Total: 9704320 ns
[2686.401s][info ][safepoint      ] Safepoint "Cleanup", Time since last: 13000830231 ns, Reaching safepoint: 53301 ns, At safepoint: 9000 ns, Total: 62301 ns
[2702.402s][info ][safepoint      ] Safepoint "Cleanup", Time since last: 16001582582 ns, Reaching safepoint: 52002 ns, At safepoint: 7600 ns, Total: 59602 ns
[2705.403s][info ][safepoint      ] Safepoint "Cleanup", Time since last: 3000249382 ns, Reaching safepoint: 52202 ns, At safepoint: 6700 ns, Total: 58902 ns
[2709.403s][info ][safepoint      ] Safepoint "Cleanup", Time since last: 4000318897 ns, Reaching safepoint: 72702 ns, At safepoint: 40801 ns, Total: 113503 ns
[2751.406s][info ][safepoint      ] Safepoint "Cleanup", Time since last: 42002848016 ns, Reaching safepoint: 82202 ns, At safepoint: 3700 ns, Total: 85902 ns
[2753.406s][info ][safepoint      ] Safepoint "Cleanup", Time since last: 2000179419 ns, Reaching safepoint: 57701 ns, At safepoint: 9801 ns, Total: 67502 ns
[2758.407s][info ][safepoint      ] Safepoint "Cleanup", Time since last: 5000350395 ns, Reaching safepoint: 62101 ns, At safepoint: 6500 ns, Total: 68601 ns
[2765.407s][info ][safepoint      ] Safepoint "Cleanup", Time since last: 7000489470 ns, Reaching safepoint: 60301 ns, At safepoint: 10600 ns, Total: 70901 ns
[2802.290s][info ][gc,start       ] GC(163) Pause Young (Allocation Failure)
[2802.292s][debug][gc,phases      ] GC(163) Scavenge 2.552ms
[2802.292s][debug][gc,ref         ] GC(163) Skipped phase 1 of Reference Processing: no references
[2802.293s][debug][gc,ref         ] GC(163) ReferenceProcessor::execute queues: 1, RefProcThreadModel::Single, marks_oops_alive: false
[2802.293s][debug][gc,ref         ] GC(163) ReferenceProcessor::execute queues: 4, RefProcThreadModel::Multi, marks_oops_alive: true
[2802.293s][debug][gc,ref         ] GC(163) ReferenceProcessor::execute queues: 1, RefProcThreadModel::Single, marks_oops_alive: false
[2802.293s][debug][gc,phases      ] GC(163) Reference Processing 0.213ms
[2802.293s][debug][gc,phases      ] GC(163)   VM Weak                        Min:  0.0, Avg:  0.0, Max:  0.0, Diff:  0.0, Sum:  0.0, Workers: 4
[2802.293s][debug][gc,phases      ] GC(163)     Dead                           Min: 0, Avg:  0.0, Max: 0, Diff: 0, Sum: 0, Workers: 4
[2802.293s][debug][gc,phases      ] GC(163)     Total                          Min: 0, Avg: 165.5, Max: 576, Diff: 576, Sum: 662, Workers: 4
[2802.293s][debug][gc,phases      ] GC(163)   ObjectSynchronizer Weak        Min:  0.0, Avg:  0.0, Max:  0.0, Diff:  0.0, Sum:  0.0, Workers: 4
[2802.293s][debug][gc,phases      ] GC(163)     Dead                           Min: 0, Avg:  0.0, Max: 0, Diff: 0, Sum: 0, Workers: 4
[2802.293s][debug][gc,phases      ] GC(163)     Total                          Min: 0, Avg: 48.0, Max: 64, Diff: 64, Sum: 192, Workers: 4
[2802.293s][debug][gc,phases      ] GC(163)   JVMTI Tag Weak OopStorage      Min:  0.0, Avg:  0.0, Max:  0.0, Diff:  0.0, Sum:  0.0, Workers: 4
[2802.293s][debug][gc,phases      ] GC(163)     Dead                           Min: 0, Avg:  0.0, Max: 0, Diff: 0, Sum: 0, Workers: 4
[2802.293s][debug][gc,phases      ] GC(163)     Total                          Min: 0, Avg:  0.0, Max: 0, Diff: 0, Sum: 0, Workers: 4
[2802.293s][debug][gc,phases      ] GC(163)   StringTable Weak               Min:  0.1, Avg:  0.1, Max:  0.1, Diff:  0.0, Sum:  0.4, Workers: 4
[2802.293s][debug][gc,phases      ] GC(163)     Dead                           Min: 0, Avg:  0.0, Max: 0, Diff: 0, Sum: 0, Workers: 4
[2802.293s][debug][gc,phases      ] GC(163)     Total                          Min: 11328, Avg: 12075.2, Max: 12864, Diff: 1536, Sum: 48301, Workers: 4
[2802.293s][debug][gc,phases      ] GC(163)   ResolvedMethodTable Weak       Min:  0.0, Avg:  0.0, Max:  0.0, Diff:  0.0, Sum:  0.1, Workers: 4
[2802.293s][debug][gc,phases      ] GC(163)     Dead                           Min: 0, Avg:  0.0, Max: 0, Diff: 0, Sum: 0, Workers: 4
[2802.293s][debug][gc,phases      ] GC(163)     Total                          Min: 1856, Avg: 2040.2, Max: 2337, Diff: 481, Sum: 8161, Workers: 4
[2802.293s][debug][gc,phases      ] GC(163)   JNI Weak                       Min:  0.0, Avg:  0.0, Max:  0.0, Diff:  0.0, Sum:  0.0, Workers: 4
[2802.293s][debug][gc,phases      ] GC(163)     Dead                           Min: 0, Avg:  0.0, Max: 0, Diff: 0, Sum: 0, Workers: 4
[2802.293s][debug][gc,phases      ] GC(163)     Total                          Min: 0, Avg:  0.0, Max: 0, Diff: 0, Sum: 0, Workers: 4
[2802.293s][debug][gc,phases      ] GC(163)   StringDedup Table Weak         Min:  0.0, Avg:  0.0, Max:  0.0, Diff:  0.0, Sum:  0.0, Workers: 4
[2802.293s][debug][gc,phases      ] GC(163)     Dead                           Min: 0, Avg:  0.0, Max: 0, Diff: 0, Sum: 0, Workers: 4
[2802.293s][debug][gc,phases      ] GC(163)     Total                          Min: 0, Avg:  0.0, Max: 0, Diff: 0, Sum: 0, Workers: 4
[2802.293s][debug][gc,phases      ] GC(163)   StringDedup Requests0 Weak     Min:  0.0, Avg:  0.0, Max:  0.0, Diff:  0.0, Sum:  0.0, Workers: 4
[2802.293s][debug][gc,phases      ] GC(163)     Dead                           Min: 0, Avg:  0.0, Max: 0, Diff: 0, Sum: 0, Workers: 4
[2802.293s][debug][gc,phases      ] GC(163)     Total                          Min: 0, Avg:  0.0, Max: 0, Diff: 0, Sum: 0, Workers: 4
[2802.293s][debug][gc,phases      ] GC(163)   StringDedup Requests1 Weak     Min:  0.0, Avg:  0.0, Max:  0.0, Diff:  0.0, Sum:  0.0, Workers: 4
[2802.293s][debug][gc,phases      ] GC(163)     Dead                           Min: 0, Avg:  0.0, Max: 0, Diff: 0, Sum: 0, Workers: 4
[2802.293s][debug][gc,phases      ] GC(163)     Total                          Min: 0, Avg:  0.0, Max: 0, Diff: 0, Sum: 0, Workers: 4
[2802.293s][debug][gc,phases      ] GC(163)   Weak JFR Old Object Samples    Min:  0.0, Avg:  0.0, Max:  0.0, Diff:  0.0, Sum:  0.0, Workers: 4
[2802.293s][debug][gc,phases      ] GC(163)     Dead                           Min: 0, Avg:  0.0, Max: 0, Diff: 0, Sum: 0, Workers: 4
[2802.293s][debug][gc,phases      ] GC(163)     Total                          Min: 0, Avg:  0.0, Max: 0, Diff: 0, Sum: 0, Workers: 4
[2802.293s][debug][gc,phases      ] GC(163) Weak Processing 0.307ms
[2802.293s][debug][gc,age         ] GC(163) Desired survivor size 60293120 bytes, new threshold 15 (max threshold 15)
[2802.293s][info ][gc,heap        ] GC(163) PSYoungGen: 2007824K(2035200K)->7296K(2036224K) Eden: 1975296K(1975296K)->0K(1975296K) From: 32528K(59904K)->7296K(60928K)
[2802.293s][info ][gc,heap        ] GC(163) ParOldGen: 582881K(637952K)->582905K(637952K)
[2802.293s][info ][gc,metaspace   ] GC(163) Metaspace: 81779K(82560K)->81779K(82560K) NonClass: 70338K(70720K)->70338K(70720K) Class: 11440K(11840K)->11440K(11840K)
[2802.293s][info ][gc             ] GC(163) Pause Young (Allocation Failure) 2529M->576M(2611M) 3.231ms
[2802.293s][info ][gc,cpu         ] GC(163) User=0.01s Sys=0.00s Real=0.00s
[2802.293s][info ][safepoint      ] Safepoint "ParallelGCFailedAllocation", Time since last: 36882399222 ns, Reaching safepoint: 61501 ns, At safepoint: 3324374 ns, Total: 3385875 ns
[2810.294s][info ][safepoint      ] Safepoint "Cleanup", Time since last: 8000573459 ns, Reaching safepoint: 63702 ns, At safepoint: 4400 ns, Total: 68102 ns
[2817.294s][info ][safepoint      ] Safepoint "Cleanup", Time since last: 7000435360 ns, Reaching safepoint: 61502 ns, At safepoint: 7200 ns, Total: 68702 ns
[3002.307s][info ][safepoint      ] Safepoint "Cleanup", Time since last: 185013167413 ns, Reaching safepoint: 56410 ns, At safepoint: 28106 ns, Total: 84516 ns
[3010.440s][info ][gc,start       ] GC(164) Pause Young (Allocation Failure)
[3010.443s][debug][gc,phases      ] GC(164) Scavenge 3.372ms
[3010.443s][debug][gc,ref         ] GC(164) Skipped phase 1 of Reference Processing: no references
[3010.443s][debug][gc,ref         ] GC(164) ReferenceProcessor::execute queues: 1, RefProcThreadModel::Single, marks_oops_alive: false
[3010.443s][debug][gc,ref         ] GC(164) Skipped phase 3 of Reference Processing: no references
[3010.443s][debug][gc,ref         ] GC(164) ReferenceProcessor::execute queues: 1, RefProcThreadModel::Single, marks_oops_alive: false
[3010.443s][debug][gc,phases      ] GC(164) Reference Processing 0.122ms
[3010.443s][debug][gc,phases      ] GC(164)   VM Weak                        Min:  0.0, Avg:  0.0, Max:  0.0, Diff:  0.0, Sum:  0.0, Workers: 4
[3010.443s][debug][gc,phases      ] GC(164)     Dead                           Min: 0, Avg:  0.0, Max: 0, Diff: 0, Sum: 0, Workers: 4
[3010.443s][debug][gc,phases      ] GC(164)     Total                          Min: 0, Avg: 165.5, Max: 662, Diff: 662, Sum: 662, Workers: 4
[3010.443s][debug][gc,phases      ] GC(164)   ObjectSynchronizer Weak        Min:  0.0, Avg:  0.0, Max:  0.0, Diff:  0.0, Sum:  0.0, Workers: 4
[3010.443s][debug][gc,phases      ] GC(164)     Dead                           Min: 0, Avg:  0.0, Max: 0, Diff: 0, Sum: 0, Workers: 4
[3010.443s][debug][gc,phases      ] GC(164)     Total                          Min: 0, Avg: 48.0, Max: 192, Diff: 192, Sum: 192, Workers: 4
[3010.443s][debug][gc,phases      ] GC(164)   JVMTI Tag Weak OopStorage      Min:  0.0, Avg:  0.0, Max:  0.0, Diff:  0.0, Sum:  0.0, Workers: 4
[3010.443s][debug][gc,phases      ] GC(164)     Dead                           Min: 0, Avg:  0.0, Max: 0, Diff: 0, Sum: 0, Workers: 4
[3010.443s][debug][gc,phases      ] GC(164)     Total                          Min: 0, Avg:  0.0, Max: 0, Diff: 0, Sum: 0, Workers: 4
[3010.443s][debug][gc,phases      ] GC(164)   StringTable Weak               Min:  0.1, Avg:  0.1, Max:  0.1, Diff:  0.0, Sum:  0.4, Workers: 4
[3010.443s][debug][gc,phases      ] GC(164)     Dead                           Min: 0, Avg:  0.0, Max: 0, Diff: 0, Sum: 0, Workers: 4
[3010.443s][debug][gc,phases      ] GC(164)     Total                          Min: 10496, Avg: 12075.8, Max: 13615, Diff: 3119, Sum: 48303, Workers: 4
[3010.443s][debug][gc,phases      ] GC(164)   ResolvedMethodTable Weak       Min:  0.0, Avg:  0.0, Max:  0.0, Diff:  0.0, Sum:  0.1, Workers: 4
[3010.443s][debug][gc,phases      ] GC(164)     Dead                           Min: 0, Avg:  0.0, Max: 0, Diff: 0, Sum: 0, Workers: 4
[3010.443s][debug][gc,phases      ] GC(164)     Total                          Min: 1920, Avg: 2040.2, Max: 2112, Diff: 192, Sum: 8161, Workers: 4
[3010.443s][debug][gc,phases      ] GC(164)   JNI Weak                       Min:  0.0, Avg:  0.0, Max:  0.0, Diff:  0.0, Sum:  0.0, Workers: 4
[3010.443s][debug][gc,phases      ] GC(164)     Dead                           Min: 0, Avg:  0.0, Max: 0, Diff: 0, Sum: 0, Workers: 4
[3010.443s][debug][gc,phases      ] GC(164)     Total                          Min: 0, Avg:  0.0, Max: 0, Diff: 0, Sum: 0, Workers: 4
[3010.443s][debug][gc,phases      ] GC(164)   StringDedup Table Weak         Min:  0.0, Avg:  0.0, Max:  0.0, Diff:  0.0, Sum:  0.0, Workers: 4
[3010.443s][debug][gc,phases      ] GC(164)     Dead                           Min: 0, Avg:  0.0, Max: 0, Diff: 0, Sum: 0, Workers: 4
[3010.443s][debug][gc,phases      ] GC(164)     Total                          Min: 0, Avg:  0.0, Max: 0, Diff: 0, Sum: 0, Workers: 4
[3010.443s][debug][gc,phases      ] GC(164)   StringDedup Requests0 Weak     Min:  0.0, Avg:  0.0, Max:  0.0, Diff:  0.0, Sum:  0.0, Workers: 4
[3010.443s][debug][gc,phases      ] GC(164)     Dead                           Min: 0, Avg:  0.0, Max: 0, Diff: 0, Sum: 0, Workers: 4
[3010.443s][debug][gc,phases      ] GC(164)     Total                          Min: 0, Avg:  0.0, Max: 0, Diff: 0, Sum: 0, Workers: 4
[3010.443s][debug][gc,phases      ] GC(164)   StringDedup Requests1 Weak     Min:  0.0, Avg:  0.0, Max:  0.0, Diff:  0.0, Sum:  0.0, Workers: 4
[3010.443s][debug][gc,phases      ] GC(164)     Dead                           Min: 0, Avg:  0.0, Max: 0, Diff: 0, Sum: 0, Workers: 4
[3010.444s][debug][gc,phases      ] GC(164)     Total                          Min: 0, Avg:  0.0, Max: 0, Diff: 0, Sum: 0, Workers: 4
[3010.444s][debug][gc,phases      ] GC(164)   Weak JFR Old Object Samples    Min:  0.0, Avg:  0.0, Max:  0.0, Diff:  0.0, Sum:  0.0, Workers: 4
[3010.444s][debug][gc,phases      ] GC(164)     Dead                           Min: 0, Avg:  0.0, Max: 0, Diff: 0, Sum: 0, Workers: 4
[3010.444s][debug][gc,phases      ] GC(164)     Total                          Min: 0, Avg:  0.0, Max: 0, Diff: 0, Sum: 0, Workers: 4
[3010.444s][debug][gc,phases      ] GC(164) Weak Processing 0.367ms
[3010.444s][debug][gc,age         ] GC(164) Desired survivor size 58195968 bytes, new threshold 15 (max threshold 15)
[3010.444s][info ][gc,heap        ] GC(164) PSYoungGen: 1982592K(2036224K)->7232K(2040320K) Eden: 1975296K(1975296K)->0K(1981440K) From: 7296K(60928K)->7232K(58880K)
[3010.444s][info ][gc,heap        ] GC(164) ParOldGen: 582905K(637952K)->582937K(637952K)
[3010.444s][info ][gc,metaspace   ] GC(164) Metaspace: 81800K(82624K)->81800K(82624K) NonClass: 70359K(70784K)->70359K(70784K) Class: 11440K(11840K)->11440K(11840K)
[3010.444s][info ][gc             ] GC(164) Pause Young (Allocation Failure) 2505M->576M(2615M) 4.001ms
[3010.444s][info ][gc,cpu         ] GC(164) User=0.01s Sys=0.00s Real=0.00s
[3010.444s][info ][safepoint      ] Safepoint "ParallelGCFailedAllocation", Time since last: 8132004619 ns, Reaching safepoint: 39807 ns, At safepoint: 4088826 ns, Total: 4128633 ns
[3055.263s][info ][safepoint      ] Safepoint "Cleanup", Time since last: 44818967818 ns, Reaching safepoint: 116020 ns, At safepoint: 12202 ns, Total: 128222 ns
[3056.263s][info ][safepoint      ] Safepoint "Cleanup", Time since last: 1000115800 ns, Reaching safepoint: 175829 ns, At safepoint: 16702 ns, Total: 192531 ns
[3056.894s][info ][gc,heap,exit   ] Heap
[3056.894s][info ][gc,heap,exit   ]  PSYoungGen      total 2040320K, used 719215K [0x0000000780000000, 0x0000000800000000, 0x0000000800000000)
[3056.894s][info ][gc,heap,exit   ]   eden space 1981440K, 35% used [0x0000000780000000,0x00000007ab74bd10,0x00000007f8f00000)
[3056.894s][info ][gc,heap,exit   ]   from space 58880K, 12% used [0x00000007fc680000,0x00000007fcd900d8,0x0000000800000000)
[3056.894s][info ][gc,heap,exit   ]   to   space 56832K, 0% used [0x00000007f8f00000,0x00000007f8f00000,0x00000007fc680000)
[3056.894s][info ][gc,heap,exit   ]  ParOldGen       total 637952K, used 582937K [0x0000000740000000, 0x0000000766f00000, 0x0000000780000000)
[3056.894s][info ][gc,heap,exit   ]   object space 637952K, 91% used [0x0000000740000000,0x0000000763946400,0x0000000766f00000)
[3056.894s][info ][gc,heap,exit   ]  Metaspace       used 81835K, committed 82688K, reserved 1122304K
[3056.894s][info ][gc,heap,exit   ]   class space    used 11446K, committed 11840K, reserved 1048576K
