[0.003s][info][gc] Using Parallel
[0.004s][info][gc,init] Version: 17.0.3+7-LTS (release)
[0.004s][info][gc,init] CPUs: 8 total, 8 available
[0.004s][info][gc,init] Memory: 32112M
[0.004s][info][gc,init] Large Page Support: Disabled
[0.004s][info][gc,init] NUMA Support: Disabled
[0.004s][info][gc,init] Compressed Oops: Enabled (Zero based)
[0.004s][info][gc,init] Alignments: Space 512K, Generation 512K, Heap 2M
[0.004s][info][gc,init] Heap Min Capacity: 2054M
[0.004s][info][gc,init] Heap Initial Capacity: 2054M
[0.004s][info][gc,init] Heap Max Capacity: 3G
[0.004s][info][gc,init] Pre-touch: Disabled
[0.004s][info][gc,init] Parallel Workers: 4
[0.004s][info][gc,metaspace] CDS archive(s) not mapped
[0.004s][info][gc,metaspace] Compressed class space mapped at: 0x0000000800000000-0x0000000840000000, reserved size: 1073741824
[0.004s][info][gc,metaspace] Narrow klass base: 0x0000000800000000, Narrow klass shift: 0, Narrow klass range: 0x40000000
[0.778s][info][safepoint   ] Safepoint "ICBufferFull", Time since last: 757191907 ns, Reaching safepoint: 149702 ns, At safepoint: 5800 ns, Total: 155502 ns
[1.046s][info][safepoint   ] Safepoint "ICBufferFull", Time since last: 266981669 ns, Reaching safepoint: 227503 ns, At safepoint: 6700 ns, Total: 234203 ns
[1.220s][info][gc,start    ] GC(0) Pause Young (Metadata GC Threshold)
[1.230s][debug][gc,phases   ] GC(0) Scavenge 9.843ms
[1.230s][debug][gc,ref      ] GC(0) Skipped phase 1 of Reference Processing: no references
[1.230s][debug][gc,ref      ] GC(0) ReferenceProcessor::execute queues: 1, RefProcThreadModel::Single, marks_oops_alive: false
[1.230s][debug][gc,ref      ] GC(0) Skipped phase 3 of Reference Processing: no references
[1.230s][debug][gc,ref      ] GC(0) ReferenceProcessor::execute queues: 1, RefProcThreadModel::Single, marks_oops_alive: false
[1.230s][debug][gc,phases   ] GC(0) Reference Processing 0.212ms
[1.230s][debug][gc,phases   ] GC(0)   VM Weak                        Min:  0.0, Avg:  0.0, Max:  0.0, Diff:  0.0, Sum:  0.0, Workers: 4
[1.230s][debug][gc,phases   ] GC(0)     Dead                           Min: 0, Avg:  0.0, Max: 0, Diff: 0, Sum: 0, Workers: 4
[1.230s][debug][gc,phases   ] GC(0)     Total                          Min: 0, Avg: 31.8, Max: 64, Diff: 64, Sum: 127, Workers: 4
[1.230s][debug][gc,phases   ] GC(0)   ObjectSynchronizer Weak        Min:  0.0, Avg:  0.0, Max:  0.0, Diff:  0.0, Sum:  0.0, Workers: 4
[1.230s][debug][gc,phases   ] GC(0)     Dead                           Min: 0, Avg:  0.2, Max: 1, Diff: 1, Sum: 1, Workers: 4
[1.230s][debug][gc,phases   ] GC(0)     Total                          Min: 0, Avg:  2.2, Max: 9, Diff: 9, Sum: 9, Workers: 4
[1.230s][debug][gc,phases   ] GC(0)   JVMTI Tag Weak OopStorage      Min:  0.0, Avg:  0.0, Max:  0.0, Diff:  0.0, Sum:  0.0, Workers: 4
[1.230s][debug][gc,phases   ] GC(0)     Dead                           Min: 0, Avg:  0.0, Max: 0, Diff: 0, Sum: 0, Workers: 4
[1.230s][debug][gc,phases   ] GC(0)     Total                          Min: 0, Avg:  0.0, Max: 0, Diff: 0, Sum: 0, Workers: 4
[1.230s][debug][gc,phases   ] GC(0)   StringTable Weak               Min:  0.1, Avg:  0.1, Max:  0.1, Diff:  0.0, Sum:  0.5, Workers: 4
[1.230s][debug][gc,phases   ] GC(0)     Dead                           Min: 0, Avg:  7.5, Max: 21, Diff: 21, Sum: 30, Workers: 4
[1.230s][debug][gc,phases   ] GC(0)     Total                          Min: 2752, Avg: 2864.0, Max: 2944, Diff: 192, Sum: 11456, Workers: 4
[1.230s][debug][gc,phases   ] GC(0)   ResolvedMethodTable Weak       Min:  0.0, Avg:  0.0, Max:  0.0, Diff:  0.0, Sum:  0.0, Workers: 4
[1.230s][debug][gc,phases   ] GC(0)     Dead                           Min: 1, Avg:  6.8, Max: 13, Diff: 12, Sum: 27, Workers: 4
[1.231s][debug][gc,phases   ] GC(0)     Total                          Min: 128, Avg: 157.2, Max: 192, Diff: 64, Sum: 629, Workers: 4
[1.231s][debug][gc,phases   ] GC(0)   JNI Weak                       Min:  0.0, Avg:  0.0, Max:  0.0, Diff:  0.0, Sum:  0.0, Workers: 4
[1.231s][debug][gc,phases   ] GC(0)     Dead                           Min: 0, Avg:  0.0, Max: 0, Diff: 0, Sum: 0, Workers: 4
[1.231s][debug][gc,phases   ] GC(0)     Total                          Min: 0, Avg:  0.0, Max: 0, Diff: 0, Sum: 0, Workers: 4
[1.231s][debug][gc,phases   ] GC(0)   StringDedup Table Weak         Min:  0.0, Avg:  0.0, Max:  0.0, Diff:  0.0, Sum:  0.0, Workers: 4
[1.231s][debug][gc,phases   ] GC(0)     Dead                           Min: 0, Avg:  0.0, Max: 0, Diff: 0, Sum: 0, Workers: 4
[1.231s][debug][gc,phases   ] GC(0)     Total                          Min: 0, Avg:  0.0, Max: 0, Diff: 0, Sum: 0, Workers: 4
[1.231s][debug][gc,phases   ] GC(0)   StringDedup Requests0 Weak     Min:  0.0, Avg:  0.0, Max:  0.0, Diff:  0.0, Sum:  0.0, Workers: 4
[1.231s][debug][gc,phases   ] GC(0)     Dead                           Min: 0, Avg:  0.0, Max: 0, Diff: 0, Sum: 0, Workers: 4
[1.231s][debug][gc,phases   ] GC(0)     Total                          Min: 0, Avg:  0.0, Max: 0, Diff: 0, Sum: 0, Workers: 4
[1.231s][debug][gc,phases   ] GC(0)   StringDedup Requests1 Weak     Min:  0.0, Avg:  0.0, Max:  0.0, Diff:  0.0, Sum:  0.0, Workers: 4
[1.231s][debug][gc,phases   ] GC(0)     Dead                           Min: 0, Avg:  0.0, Max: 0, Diff: 0, Sum: 0, Workers: 4
[1.231s][debug][gc,phases   ] GC(0)     Total                          Min: 0, Avg:  0.0, Max: 0, Diff: 0, Sum: 0, Workers: 4
[1.231s][debug][gc,phases   ] GC(0)   Weak JFR Old Object Samples    Min:  0.0, Avg:  0.0, Max:  0.0, Diff:  0.0, Sum:  0.0, Workers: 4
[1.231s][debug][gc,phases   ] GC(0)     Dead                           Min: 0, Avg:  0.0, Max: 0, Diff: 0, Sum: 0, Workers: 4
[1.231s][debug][gc,phases   ] GC(0)     Total                          Min: 0, Avg:  0.0, Max: 0, Diff: 0, Sum: 0, Workers: 4
[1.231s][debug][gc,phases   ] GC(0) Weak Processing 0.403ms
[1.231s][debug][gc,age      ] GC(0) Desired survivor size 536870912 bytes, new threshold 7 (max threshold 15)
[1.231s][info ][gc,heap     ] GC(0) PSYoungGen: 316470K(1572864K)->16941K(1572864K) Eden: 316470K(1048576K)->0K(1048576K) From: 0K(524288K)->16941K(524288K)
[1.231s][info ][gc,heap     ] GC(0) ParOldGen: 0K(6144K)->88K(6144K)
[1.231s][info ][gc,metaspace] GC(0) Metaspace: 21297K(21504K)->21297K(21504K) NonClass: 18803K(18880K)->18803K(18880K) Class: 2493K(2624K)->2493K(2624K)
[1.231s][info ][gc          ] GC(0) Pause Young (Metadata GC Threshold) 309M->16M(1542M) 10.856ms
[1.231s][info ][gc,cpu      ] GC(0) User=0.04s Sys=0.00s Real=0.01s
[1.231s][debug][gc,phases   ] GC(1) Pre Compact 0.016ms
[1.231s][info ][gc,start    ] GC(1) Pause Full (Metadata GC Threshold)
[1.231s][info ][gc,phases,start] GC(1) Marking Phase
[1.237s][debug][gc,phases      ] GC(1) Par Mark 6.027ms
[1.237s][debug][gc,ref         ] GC(1) Skipped phase 1 of Reference Processing: no references
[1.237s][debug][gc,ref         ] GC(1) ReferenceProcessor::execute queues: 1, RefProcThreadModel::Single, marks_oops_alive: false
[1.237s][debug][gc,ref         ] GC(1) Skipped phase 3 of Reference Processing: no references
[1.237s][debug][gc,ref         ] GC(1) ReferenceProcessor::execute queues: 1, RefProcThreadModel::Single, marks_oops_alive: false
[1.237s][debug][gc,phases      ] GC(1) Reference Processing 0.142ms
[1.237s][debug][gc,phases      ] GC(1)   VM Weak                        Min:  0.0, Avg:  0.0, Max:  0.0, Diff:  0.0, Sum:  0.0, Workers: 4
[1.237s][debug][gc,phases      ] GC(1)     Dead                           Min: 0, Avg:  0.0, Max: 0, Diff: 0, Sum: 0, Workers: 4
[1.237s][debug][gc,phases      ] GC(1)     Total                          Min: 0, Avg: 31.8, Max: 127, Diff: 127, Sum: 127, Workers: 4
[1.237s][debug][gc,phases      ] GC(1)   ObjectSynchronizer Weak        Min:  0.0, Avg:  0.0, Max:  0.0, Diff:  0.0, Sum:  0.0, Workers: 4
[1.237s][debug][gc,phases      ] GC(1)     Dead                           Min: 0, Avg:  0.0, Max: 0, Diff: 0, Sum: 0, Workers: 4
[1.237s][debug][gc,phases      ] GC(1)     Total                          Min: 0, Avg:  2.2, Max: 9, Diff: 9, Sum: 9, Workers: 4
[1.237s][debug][gc,phases      ] GC(1)   JVMTI Tag Weak OopStorage      Min:  0.0, Avg:  0.0, Max:  0.0, Diff:  0.0, Sum:  0.0, Workers: 4
[1.237s][debug][gc,phases      ] GC(1)     Dead                           Min: 0, Avg:  0.0, Max: 0, Diff: 0, Sum: 0, Workers: 4
[1.237s][debug][gc,phases      ] GC(1)     Total                          Min: 0, Avg:  0.0, Max: 0, Diff: 0, Sum: 0, Workers: 4
[1.237s][debug][gc,phases      ] GC(1)   StringTable Weak               Min:  0.0, Avg:  0.0, Max:  0.0, Diff:  0.0, Sum:  0.1, Workers: 4
[1.237s][debug][gc,phases      ] GC(1)     Dead                           Min: 0, Avg:  0.0, Max: 0, Diff: 0, Sum: 0, Workers: 4
[1.237s][debug][gc,phases      ] GC(1)     Total                          Min: 2368, Avg: 2864.0, Max: 3904, Diff: 1536, Sum: 11456, Workers: 4
[1.237s][debug][gc,phases      ] GC(1)   ResolvedMethodTable Weak       Min:  0.0, Avg:  0.0, Max:  0.0, Diff:  0.0, Sum:  0.0, Workers: 4
[1.237s][debug][gc,phases      ] GC(1)     Dead                           Min: 0, Avg:  0.0, Max: 0, Diff: 0, Sum: 0, Workers: 4
[1.237s][debug][gc,phases      ] GC(1)     Total                          Min: 117, Avg: 157.2, Max: 192, Diff: 75, Sum: 629, Workers: 4
[1.237s][debug][gc,phases      ] GC(1)   JNI Weak                       Min:  0.0, Avg:  0.0, Max:  0.0, Diff:  0.0, Sum:  0.0, Workers: 4
[1.237s][debug][gc,phases      ] GC(1)     Dead                           Min: 0, Avg:  0.0, Max: 0, Diff: 0, Sum: 0, Workers: 4
[1.237s][debug][gc,phases      ] GC(1)     Total                          Min: 0, Avg:  0.0, Max: 0, Diff: 0, Sum: 0, Workers: 4
[1.237s][debug][gc,phases      ] GC(1)   StringDedup Table Weak         Min:  0.0, Avg:  0.0, Max:  0.0, Diff:  0.0, Sum:  0.0, Workers: 4
[1.237s][debug][gc,phases      ] GC(1)     Dead                           Min: 0, Avg:  0.0, Max: 0, Diff: 0, Sum: 0, Workers: 4
[1.237s][debug][gc,phases      ] GC(1)     Total                          Min: 0, Avg:  0.0, Max: 0, Diff: 0, Sum: 0, Workers: 4
[1.237s][debug][gc,phases      ] GC(1)   StringDedup Requests0 Weak     Min:  0.0, Avg:  0.0, Max:  0.0, Diff:  0.0, Sum:  0.0, Workers: 4
[1.237s][debug][gc,phases      ] GC(1)     Dead                           Min: 0, Avg:  0.0, Max: 0, Diff: 0, Sum: 0, Workers: 4
[1.237s][debug][gc,phases      ] GC(1)     Total                          Min: 0, Avg:  0.0, Max: 0, Diff: 0, Sum: 0, Workers: 4
[1.237s][debug][gc,phases      ] GC(1)   StringDedup Requests1 Weak     Min:  0.0, Avg:  0.0, Max:  0.0, Diff:  0.0, Sum:  0.0, Workers: 4
[1.237s][debug][gc,phases      ] GC(1)     Dead                           Min: 0, Avg:  0.0, Max: 0, Diff: 0, Sum: 0, Workers: 4
[1.237s][debug][gc,phases      ] GC(1)     Total                          Min: 0, Avg:  0.0, Max: 0, Diff: 0, Sum: 0, Workers: 4
[1.237s][debug][gc,phases      ] GC(1)   Weak JFR Old Object Samples    Min:  0.0, Avg:  0.0, Max:  0.0, Diff:  0.0, Sum:  0.0, Workers: 4
[1.237s][debug][gc,phases      ] GC(1)     Dead                           Min: 0, Avg:  0.0, Max: 0, Diff: 0, Sum: 0, Workers: 4
[1.237s][debug][gc,phases      ] GC(1)     Total                          Min: 0, Avg:  0.0, Max: 0, Diff: 0, Sum: 0, Workers: 4
[1.237s][debug][gc,phases      ] GC(1) Weak Processing 0.231ms
[1.237s][debug][gc,phases      ] GC(1) ClassLoaderData 0.017ms
[1.237s][debug][gc,phases      ] GC(1) Trigger cleanups 0.000ms
[1.239s][debug][gc,phases      ] GC(1) Class Unloading 1.965ms
[1.239s][info ][gc,phases      ] GC(1) Marking Phase 8.451ms
[1.239s][info ][gc,phases,start] GC(1) Summary Phase
[1.239s][info ][gc,phases      ] GC(1) Summary Phase 0.006ms
[1.239s][info ][gc,phases,start] GC(1) Adjust Roots
[1.242s][info ][gc,phases      ] GC(1) Adjust Roots 2.852ms
[1.242s][info ][gc,phases,start] GC(1) Compaction Phase
[1.253s][info ][gc,phases      ] GC(1) Compaction Phase 11.234ms
[1.253s][info ][gc,phases,start] GC(1) Post Compact
[1.254s][info ][gc,phases      ] GC(1) Post Compact 0.603ms
[1.254s][info ][gc,heap        ] GC(1) PSYoungGen: 16941K(1572864K)->11224K(1572864K) Eden: 0K(1048576K)->0K(1048576K) From: 16941K(524288K)->11224K(524288K)
[1.254s][info ][gc,heap        ] GC(1) ParOldGen: 88K(6144K)->5688K(6144K)
[1.254s][info ][gc,metaspace   ] GC(1) Metaspace: 21297K(21504K)->21297K(21504K) NonClass: 18803K(18880K)->18803K(18880K) Class: 2493K(2624K)->2493K(2624K)
[1.254s][info ][gc             ] GC(1) Pause Full (Metadata GC Threshold) 16M->16M(1542M) 23.303ms
[1.254s][info ][gc,cpu         ] GC(1) User=0.06s Sys=0.02s Real=0.03s
[1.254s][info ][safepoint      ] Safepoint "CollectForMetadataAllocation", Time since last: 173992582 ns, Reaching safepoint: 190903 ns, At safepoint: 34302748 ns, Total: 34493651 ns
[1.666s][info ][safepoint      ] Safepoint "ICBufferFull", Time since last: 412177390 ns, Reaching safepoint: 111001 ns, At safepoint: 7601 ns, Total: 118602 ns
[1.678s][info ][safepoint      ] Safepoint "ICBufferFull", Time since last: 11807888 ns, Reaching safepoint: 50901 ns, At safepoint: 8300 ns, Total: 59201 ns
[1.684s][info ][safepoint      ] Safepoint "ICBufferFull", Time since last: 5244484 ns, Reaching safepoint: 39401 ns, At safepoint: 5800 ns, Total: 45201 ns
[1.695s][info ][safepoint      ] Safepoint "ICBufferFull", Time since last: 11839789 ns, Reaching safepoint: 67901 ns, At safepoint: 3800 ns, Total: 71701 ns
[1.699s][info ][safepoint      ] Safepoint "ICBufferFull", Time since last: 3248152 ns, Reaching safepoint: 45001 ns, At safepoint: 5300 ns, Total: 50301 ns
[1.702s][info ][safepoint      ] Safepoint "ICBufferFull", Time since last: 3057249 ns, Reaching safepoint: 100602 ns, At safepoint: 4500 ns, Total: 105102 ns
[1.705s][info ][safepoint      ] Safepoint "ICBufferFull", Time since last: 2693043 ns, Reaching safepoint: 57001 ns, At safepoint: 2200 ns, Total: 59201 ns
[1.707s][info ][safepoint      ] Safepoint "ICBufferFull", Time since last: 2575841 ns, Reaching safepoint: 39200 ns, At safepoint: 1900 ns, Total: 41100 ns
[1.710s][info ][safepoint      ] Safepoint "ICBufferFull", Time since last: 2230336 ns, Reaching safepoint: 37801 ns, At safepoint: 5900 ns, Total: 43701 ns
[1.716s][info ][safepoint      ] Safepoint "ICBufferFull", Time since last: 6608705 ns, Reaching safepoint: 55201 ns, At safepoint: 3100 ns, Total: 58301 ns
[1.718s][info ][safepoint      ] Safepoint "ICBufferFull", Time since last: 1838530 ns, Reaching safepoint: 44200 ns, At safepoint: 2500 ns, Total: 46700 ns
[1.719s][info ][safepoint      ] Safepoint "ICBufferFull", Time since last: 494108 ns, Reaching safepoint: 29501 ns, At safepoint: 1800 ns, Total: 31301 ns
[1.776s][info ][safepoint      ] Safepoint "ICBufferFull", Time since last: 57563020 ns, Reaching safepoint: 101902 ns, At safepoint: 7800 ns, Total: 109702 ns
[1.789s][info ][safepoint      ] Safepoint "ICBufferFull", Time since last: 12954407 ns, Reaching safepoint: 62701 ns, At safepoint: 6600 ns, Total: 69301 ns
[1.791s][info ][safepoint      ] Safepoint "ICBufferFull", Time since last: 1303721 ns, Reaching safepoint: 24900 ns, At safepoint: 9700 ns, Total: 34600 ns
[1.792s][info ][safepoint      ] Safepoint "ICBufferFull", Time since last: 1261021 ns, Reaching safepoint: 34600 ns, At safepoint: 7500 ns, Total: 42100 ns
[1.793s][info ][safepoint      ] Safepoint "ICBufferFull", Time since last: 885014 ns, Reaching safepoint: 30901 ns, At safepoint: 6500 ns, Total: 37401 ns
[1.794s][info ][safepoint      ] Safepoint "ICBufferFull", Time since last: 1082717 ns, Reaching safepoint: 225704 ns, At safepoint: 8100 ns, Total: 233804 ns
[1.795s][info ][safepoint      ] Safepoint "ICBufferFull", Time since last: 1023016 ns, Reaching safepoint: 18601 ns, At safepoint: 6300 ns, Total: 24901 ns
[1.796s][info ][safepoint      ] Safepoint "ICBufferFull", Time since last: 1044217 ns, Reaching safepoint: 17600 ns, At safepoint: 2400 ns, Total: 20000 ns
[1.797s][info ][safepoint      ] Safepoint "ICBufferFull", Time since last: 849213 ns, Reaching safepoint: 34901 ns, At safepoint: 4800 ns, Total: 39701 ns
[1.798s][info ][safepoint      ] Safepoint "ICBufferFull", Time since last: 1034717 ns, Reaching safepoint: 18700 ns, At safepoint: 2000 ns, Total: 20700 ns
[1.799s][info ][safepoint      ] Safepoint "ICBufferFull", Time since last: 817813 ns, Reaching safepoint: 18000 ns, At safepoint: 2000 ns, Total: 20000 ns
[1.801s][info ][safepoint      ] Safepoint "ICBufferFull", Time since last: 1383922 ns, Reaching safepoint: 21101 ns, At safepoint: 2700 ns, Total: 23801 ns
[1.801s][info ][safepoint      ] Safepoint "ICBufferFull", Time since last: 492008 ns, Reaching safepoint: 17500 ns, At safepoint: 2400 ns, Total: 19900 ns
[1.802s][info ][safepoint      ] Safepoint "ICBufferFull", Time since last: 1361222 ns, Reaching safepoint: 97801 ns, At safepoint: 6600 ns, Total: 104401 ns
[1.804s][info ][safepoint      ] Safepoint "ICBufferFull", Time since last: 1869930 ns, Reaching safepoint: 41801 ns, At safepoint: 2700 ns, Total: 44501 ns
[1.806s][info ][safepoint      ] Safepoint "ICBufferFull", Time since last: 1422923 ns, Reaching safepoint: 113402 ns, At safepoint: 5000 ns, Total: 118402 ns
[1.813s][info ][safepoint      ] Safepoint "ICBufferFull", Time since last: 6619706 ns, Reaching safepoint: 51300 ns, At safepoint: 5400 ns, Total: 56700 ns
[1.822s][info ][safepoint      ] Safepoint "ICBufferFull", Time since last: 8985044 ns, Reaching safepoint: 48001 ns, At safepoint: 3800 ns, Total: 51801 ns
[1.836s][info ][safepoint      ] Safepoint "ICBufferFull", Time since last: 14643534 ns, Reaching safepoint: 42801 ns, At safepoint: 3400 ns, Total: 46201 ns
[1.869s][info ][safepoint      ] Safepoint "ICBufferFull", Time since last: 32856925 ns, Reaching safepoint: 144002 ns, At safepoint: 9100 ns, Total: 153102 ns
[1.870s][info ][safepoint      ] Safepoint "ICBufferFull", Time since last: 535409 ns, Reaching safepoint: 86801 ns, At safepoint: 7301 ns, Total: 94102 ns
[1.973s][info ][safepoint      ] Safepoint "ICBufferFull", Time since last: 103117948 ns, Reaching safepoint: 124702 ns, At safepoint: 6500 ns, Total: 131202 ns
[2.277s][info ][safepoint      ] Safepoint "ICBufferFull", Time since last: 303331749 ns, Reaching safepoint: 159302 ns, At safepoint: 11101 ns, Total: 170403 ns
[2.277s][info ][safepoint      ] Safepoint "ICBufferFull", Time since last: 62801 ns, Reaching safepoint: 87301 ns, At safepoint: 10400 ns, Total: 97701 ns
[2.486s][info ][gc,start       ] GC(2) Pause Young (Metadata GC Threshold)
[2.515s][debug][gc,phases      ] GC(2) Scavenge 29.118ms
[2.515s][debug][gc,ref         ] GC(2) Skipped phase 1 of Reference Processing: no references
[2.515s][debug][gc,ref         ] GC(2) ReferenceProcessor::execute queues: 2, RefProcThreadModel::Multi, marks_oops_alive: false
[2.515s][debug][gc,ref         ] GC(2) Skipped phase 3 of Reference Processing: no references
[2.515s][debug][gc,ref         ] GC(2) ReferenceProcessor::execute queues: 1, RefProcThreadModel::Single, marks_oops_alive: false
[2.515s][debug][gc,phases      ] GC(2) Reference Processing 0.351ms
[2.516s][debug][gc,phases      ] GC(2)   VM Weak                        Min:  0.0, Avg:  0.0, Max:  0.0, Diff:  0.0, Sum:  0.0, Workers: 4
[2.516s][debug][gc,phases      ] GC(2)     Dead                           Min: 0, Avg:  0.0, Max: 0, Diff: 0, Sum: 0, Workers: 4
[2.516s][debug][gc,phases      ] GC(2)     Total                          Min: 0, Avg: 68.2, Max: 192, Diff: 192, Sum: 273, Workers: 4
[2.516s][debug][gc,phases      ] GC(2)   ObjectSynchronizer Weak        Min:  0.0, Avg:  0.0, Max:  0.0, Diff:  0.0, Sum:  0.0, Workers: 4
[2.516s][debug][gc,phases      ] GC(2)     Dead                           Min: 0, Avg:  0.0, Max: 0, Diff: 0, Sum: 0, Workers: 4
[2.516s][debug][gc,phases      ] GC(2)     Total                          Min: 0, Avg:  2.8, Max: 11, Diff: 11, Sum: 11, Workers: 4
[2.516s][debug][gc,phases      ] GC(2)   JVMTI Tag Weak OopStorage      Min:  0.0, Avg:  0.0, Max:  0.0, Diff:  0.0, Sum:  0.0, Workers: 4
[2.516s][debug][gc,phases      ] GC(2)     Dead                           Min: 0, Avg:  0.0, Max: 0, Diff: 0, Sum: 0, Workers: 4
[2.516s][debug][gc,phases      ] GC(2)     Total                          Min: 0, Avg:  0.0, Max: 0, Diff: 0, Sum: 0, Workers: 4
[2.516s][debug][gc,phases      ] GC(2)   StringTable Weak               Min:  0.2, Avg:  0.2, Max:  0.2, Diff:  0.0, Sum:  0.7, Workers: 4
[2.516s][debug][gc,phases      ] GC(2)     Dead                           Min: 1, Avg:  6.0, Max: 16, Diff: 15, Sum: 24, Workers: 4
[2.516s][debug][gc,phases      ] GC(2)     Total                          Min: 3968, Avg: 4937.5, Max: 6400, Diff: 2432, Sum: 19750, Workers: 4
[2.516s][debug][gc,phases      ] GC(2)   ResolvedMethodTable Weak       Min:  0.0, Avg:  0.0, Max:  0.0, Diff:  0.0, Sum:  0.1, Workers: 4
[2.516s][debug][gc,phases      ] GC(2)     Dead                           Min: 7, Avg: 18.2, Max: 31, Diff: 24, Sum: 73, Workers: 4
[2.516s][debug][gc,phases      ] GC(2)     Total                          Min: 384, Avg: 473.5, Max: 678, Diff: 294, Sum: 1894, Workers: 4
[2.516s][debug][gc,phases      ] GC(2)   JNI Weak                       Min:  0.0, Avg:  0.0, Max:  0.0, Diff:  0.0, Sum:  0.0, Workers: 4
[2.516s][debug][gc,phases      ] GC(2)     Dead                           Min: 0, Avg:  0.0, Max: 0, Diff: 0, Sum: 0, Workers: 4
[2.516s][debug][gc,phases      ] GC(2)     Total                          Min: 0, Avg:  0.0, Max: 0, Diff: 0, Sum: 0, Workers: 4
[2.516s][debug][gc,phases      ] GC(2)   StringDedup Table Weak         Min:  0.0, Avg:  0.0, Max:  0.0, Diff:  0.0, Sum:  0.0, Workers: 4
[2.516s][debug][gc,phases      ] GC(2)     Dead                           Min: 0, Avg:  0.0, Max: 0, Diff: 0, Sum: 0, Workers: 4
[2.516s][debug][gc,phases      ] GC(2)     Total                          Min: 0, Avg:  0.0, Max: 0, Diff: 0, Sum: 0, Workers: 4
[2.516s][debug][gc,phases      ] GC(2)   StringDedup Requests0 Weak     Min:  0.0, Avg:  0.0, Max:  0.0, Diff:  0.0, Sum:  0.0, Workers: 4
[2.516s][debug][gc,phases      ] GC(2)     Dead                           Min: 0, Avg:  0.0, Max: 0, Diff: 0, Sum: 0, Workers: 4
[2.516s][debug][gc,phases      ] GC(2)     Total                          Min: 0, Avg:  0.0, Max: 0, Diff: 0, Sum: 0, Workers: 4
[2.516s][debug][gc,phases      ] GC(2)   StringDedup Requests1 Weak     Min:  0.0, Avg:  0.0, Max:  0.0, Diff:  0.0, Sum:  0.0, Workers: 4
[2.516s][debug][gc,phases      ] GC(2)     Dead                           Min: 0, Avg:  0.0, Max: 0, Diff: 0, Sum: 0, Workers: 4
[2.516s][debug][gc,phases      ] GC(2)     Total                          Min: 0, Avg:  0.0, Max: 0, Diff: 0, Sum: 0, Workers: 4
[2.516s][debug][gc,phases      ] GC(2)   Weak JFR Old Object Samples    Min:  0.0, Avg:  0.0, Max:  0.0, Diff:  0.0, Sum:  0.0, Workers: 4
[2.516s][debug][gc,phases      ] GC(2)     Dead                           Min: 0, Avg:  0.0, Max: 0, Diff: 0, Sum: 0, Workers: 4
[2.516s][debug][gc,phases      ] GC(2)     Total                          Min: 0, Avg:  0.0, Max: 0, Diff: 0, Sum: 0, Workers: 4
[2.516s][debug][gc,phases      ] GC(2) Weak Processing 0.402ms
[2.516s][debug][gc,age         ] GC(2) Desired survivor size 536870912 bytes, new threshold 7 (max threshold 15)
[2.516s][info ][gc,heap        ] GC(2) PSYoungGen: 455121K(1572864K)->56599K(1572864K) Eden: 443897K(1048576K)->0K(1048576K) From: 11224K(524288K)->56599K(524288K)
[2.516s][info ][gc,heap        ] GC(2) ParOldGen: 5688K(6144K)->5696K(6144K)
[2.516s][info ][gc,metaspace   ] GC(2) Metaspace: 35432K(35840K)->35432K(35840K) NonClass: 30964K(31168K)->30964K(31168K) Class: 4468K(4672K)->4468K(4672K)
[2.516s][info ][gc             ] GC(2) Pause Young (Metadata GC Threshold) 450M->60M(1542M) 30.004ms
[2.516s][info ][gc,cpu         ] GC(2) User=0.05s Sys=0.06s Real=0.03s
[2.516s][debug][gc,phases      ] GC(3) Pre Compact 0.010ms
[2.516s][info ][gc,start       ] GC(3) Pause Full (Metadata GC Threshold)
[2.516s][info ][gc,phases,start] GC(3) Marking Phase
[2.535s][debug][gc,phases      ] GC(3) Par Mark 19.355ms
[2.535s][debug][gc,ref         ] GC(3) Skipped phase 1 of Reference Processing: no references
[2.535s][debug][gc,ref         ] GC(3) ReferenceProcessor::execute queues: 2, RefProcThreadModel::Multi, marks_oops_alive: false
[2.536s][debug][gc,ref         ] GC(3) Skipped phase 3 of Reference Processing: no references
[2.536s][debug][gc,ref         ] GC(3) ReferenceProcessor::execute queues: 1, RefProcThreadModel::Single, marks_oops_alive: false
[2.536s][debug][gc,phases      ] GC(3) Reference Processing 0.201ms
[2.536s][debug][gc,phases      ] GC(3)   VM Weak                        Min:  0.0, Avg:  0.0, Max:  0.0, Diff:  0.0, Sum:  0.0, Workers: 4
[2.536s][debug][gc,phases      ] GC(3)     Dead                           Min: 0, Avg:  0.0, Max: 0, Diff: 0, Sum: 0, Workers: 4
[2.536s][debug][gc,phases      ] GC(3)     Total                          Min: 0, Avg: 68.2, Max: 209, Diff: 209, Sum: 273, Workers: 4
[2.536s][debug][gc,phases      ] GC(3)   ObjectSynchronizer Weak        Min:  0.0, Avg:  0.0, Max:  0.0, Diff:  0.0, Sum:  0.0, Workers: 4
[2.536s][debug][gc,phases      ] GC(3)     Dead                           Min: 0, Avg:  0.0, Max: 0, Diff: 0, Sum: 0, Workers: 4
[2.536s][debug][gc,phases      ] GC(3)     Total                          Min: 0, Avg:  2.8, Max: 11, Diff: 11, Sum: 11, Workers: 4
[2.536s][debug][gc,phases      ] GC(3)   JVMTI Tag Weak OopStorage      Min:  0.0, Avg:  0.0, Max:  0.0, Diff:  0.0, Sum:  0.0, Workers: 4
[2.536s][debug][gc,phases      ] GC(3)     Dead                           Min: 0, Avg:  0.0, Max: 0, Diff: 0, Sum: 0, Workers: 4
[2.536s][debug][gc,phases      ] GC(3)     Total                          Min: 0, Avg:  0.0, Max: 0, Diff: 0, Sum: 0, Workers: 4
[2.536s][debug][gc,phases      ] GC(3)   StringTable Weak               Min:  0.1, Avg:  0.1, Max:  0.1, Diff:  0.0, Sum:  0.2, Workers: 4
[2.536s][debug][gc,phases      ] GC(3)     Dead                           Min: 0, Avg:  0.0, Max: 0, Diff: 0, Sum: 0, Workers: 4
[2.536s][debug][gc,phases      ] GC(3)     Total                          Min: 4160, Avg: 4937.5, Max: 6016, Diff: 1856, Sum: 19750, Workers: 4
[2.536s][debug][gc,phases      ] GC(3)   ResolvedMethodTable Weak       Min:  0.0, Avg:  0.0, Max:  0.0, Diff:  0.0, Sum:  0.0, Workers: 4
[2.536s][debug][gc,phases      ] GC(3)     Dead                           Min: 0, Avg:  0.0, Max: 0, Diff: 0, Sum: 0, Workers: 4
[2.536s][debug][gc,phases      ] GC(3)     Total                          Min: 422, Avg: 473.5, Max: 576, Diff: 154, Sum: 1894, Workers: 4
[2.536s][debug][gc,phases      ] GC(3)   JNI Weak                       Min:  0.0, Avg:  0.0, Max:  0.0, Diff:  0.0, Sum:  0.0, Workers: 4
[2.536s][debug][gc,phases      ] GC(3)     Dead                           Min: 0, Avg:  0.0, Max: 0, Diff: 0, Sum: 0, Workers: 4
[2.536s][debug][gc,phases      ] GC(3)     Total                          Min: 0, Avg:  0.0, Max: 0, Diff: 0, Sum: 0, Workers: 4
[2.536s][debug][gc,phases      ] GC(3)   StringDedup Table Weak         Min:  0.0, Avg:  0.0, Max:  0.0, Diff:  0.0, Sum:  0.0, Workers: 4
[2.536s][debug][gc,phases      ] GC(3)     Dead                           Min: 0, Avg:  0.0, Max: 0, Diff: 0, Sum: 0, Workers: 4
[2.536s][debug][gc,phases      ] GC(3)     Total                          Min: 0, Avg:  0.0, Max: 0, Diff: 0, Sum: 0, Workers: 4
[2.536s][debug][gc,phases      ] GC(3)   StringDedup Requests0 Weak     Min:  0.0, Avg:  0.0, Max:  0.0, Diff:  0.0, Sum:  0.0, Workers: 4
[2.536s][debug][gc,phases      ] GC(3)     Dead                           Min: 0, Avg:  0.0, Max: 0, Diff: 0, Sum: 0, Workers: 4
[2.536s][debug][gc,phases      ] GC(3)     Total                          Min: 0, Avg:  0.0, Max: 0, Diff: 0, Sum: 0, Workers: 4
[2.536s][debug][gc,phases      ] GC(3)   StringDedup Requests1 Weak     Min:  0.0, Avg:  0.0, Max:  0.0, Diff:  0.0, Sum:  0.0, Workers: 4
[2.536s][debug][gc,phases      ] GC(3)     Dead                           Min: 0, Avg:  0.0, Max: 0, Diff: 0, Sum: 0, Workers: 4
[2.536s][debug][gc,phases      ] GC(3)     Total                          Min: 0, Avg:  0.0, Max: 0, Diff: 0, Sum: 0, Workers: 4
[2.536s][debug][gc,phases      ] GC(3)   Weak JFR Old Object Samples    Min:  0.0, Avg:  0.0, Max:  0.0, Diff:  0.0, Sum:  0.0, Workers: 4
[2.536s][debug][gc,phases      ] GC(3)     Dead                           Min: 0, Avg:  0.0, Max: 0, Diff: 0, Sum: 0, Workers: 4
[2.536s][debug][gc,phases      ] GC(3)     Total                          Min: 0, Avg:  0.0, Max: 0, Diff: 0, Sum: 0, Workers: 4
[2.536s][debug][gc,phases      ] GC(3) Weak Processing 0.239ms
[2.536s][debug][gc,phases      ] GC(3) ClassLoaderData 0.034ms
[2.536s][debug][gc,phases      ] GC(3) Trigger cleanups 0.001ms
[2.539s][debug][gc,phases      ] GC(3) Class Unloading 3.566ms
[2.539s][info ][gc,phases      ] GC(3) Marking Phase 23.489ms
[2.539s][info ][gc,phases,start] GC(3) Summary Phase
[2.539s][info ][gc,phases      ] GC(3) Summary Phase 0.006ms
[2.539s][info ][gc,phases,start] GC(3) Adjust Roots
[2.544s][info ][gc,phases      ] GC(3) Adjust Roots 4.735ms
[2.544s][info ][gc,phases,start] GC(3) Compaction Phase
[2.803s][info ][gc,phases      ] GC(3) Compaction Phase 259.291ms
[2.804s][info ][gc,phases,start] GC(3) Post Compact
[2.804s][info ][gc,phases      ] GC(3) Post Compact 0.592ms
[2.804s][info ][gc,heap        ] GC(3) PSYoungGen: 56599K(1572864K)->56402K(1572864K) Eden: 0K(1048576K)->0K(1048576K) From: 56599K(524288K)->56402K(524288K)
[2.804s][info ][gc,heap        ] GC(3) ParOldGen: 5696K(6144K)->5637K(6144K)
[2.804s][info ][gc,metaspace   ] GC(3) Metaspace: 35432K(35840K)->35432K(35840K) NonClass: 30964K(31168K)->30964K(31168K) Class: 4468K(4672K)->4468K(4672K)
[2.804s][info ][gc             ] GC(3) Pause Full (Metadata GC Threshold) 60M->60M(1542M) 288.220ms
[2.804s][info ][gc,cpu         ] GC(3) User=0.62s Sys=0.00s Real=0.29s
[2.804s][info ][safepoint      ] Safepoint "CollectForMetadataAllocation", Time since last: 208837138 ns, Reaching safepoint: 117202 ns, At safepoint: 318338789 ns, Total: 318455991 ns
[3.026s][info ][safepoint      ] Safepoint "ICBufferFull", Time since last: 221324237 ns, Reaching safepoint: 144303 ns, At safepoint: 8700 ns, Total: 153003 ns
[3.161s][info ][safepoint      ] Safepoint "ICBufferFull", Time since last: 134954157 ns, Reaching safepoint: 293404 ns, At safepoint: 11201 ns, Total: 304605 ns
[3.355s][info ][safepoint      ] Safepoint "ICBufferFull", Time since last: 194194503 ns, Reaching safepoint: 201403 ns, At safepoint: 28801 ns, Total: 230204 ns
[3.500s][info ][safepoint      ] Safepoint "ICBufferFull", Time since last: 144456409 ns, Reaching safepoint: 170902 ns, At safepoint: 22201 ns, Total: 193103 ns
[3.503s][info ][safepoint      ] Safepoint "ICBufferFull", Time since last: 3182251 ns, Reaching safepoint: 106801 ns, At safepoint: 13501 ns, Total: 120302 ns
[3.503s][info ][safepoint      ] Safepoint "ICBufferFull", Time since last: 43200 ns, Reaching safepoint: 85402 ns, At safepoint: 17800 ns, Total: 103202 ns
[3.638s][info ][safepoint      ] Safepoint "ICBufferFull", Time since last: 134097643 ns, Reaching safepoint: 403907 ns, At safepoint: 20100 ns, Total: 424007 ns
[3.638s][info ][safepoint      ] Safepoint "ICBufferFull", Time since last: 82801 ns, Reaching safepoint: 99102 ns, At safepoint: 20700 ns, Total: 119802 ns
[3.638s][info ][safepoint      ] Safepoint "ICBufferFull", Time since last: 51301 ns, Reaching safepoint: 94401 ns, At safepoint: 21201 ns, Total: 115602 ns
[3.642s][info ][safepoint      ] Safepoint "ICBufferFull", Time since last: 3452155 ns, Reaching safepoint: 105902 ns, At safepoint: 23100 ns, Total: 129002 ns
[3.643s][info ][safepoint      ] Safepoint "ICBufferFull", Time since last: 1040617 ns, Reaching safepoint: 106201 ns, At safepoint: 21601 ns, Total: 127802 ns
[3.715s][info ][safepoint      ] Safepoint "ICBufferFull", Time since last: 71839248 ns, Reaching safepoint: 410006 ns, At safepoint: 26001 ns, Total: 436007 ns
[3.940s][info ][safepoint      ] Safepoint "ICBufferFull", Time since last: 224801893 ns, Reaching safepoint: 210803 ns, At safepoint: 27000 ns, Total: 237803 ns
[4.205s][info ][safepoint      ] Safepoint "ICBufferFull", Time since last: 264808232 ns, Reaching safepoint: 210604 ns, At safepoint: 38300 ns, Total: 248904 ns
[4.279s][info ][safepoint      ] Safepoint "ICBufferFull", Time since last: 73620577 ns, Reaching safepoint: 278104 ns, At safepoint: 27801 ns, Total: 305905 ns
[4.354s][info ][safepoint      ] Safepoint "ICBufferFull", Time since last: 74188485 ns, Reaching safepoint: 353106 ns, At safepoint: 27800 ns, Total: 380906 ns
[4.365s][info ][safepoint      ] Safepoint "ICBufferFull", Time since last: 10793773 ns, Reaching safepoint: 131502 ns, At safepoint: 21500 ns, Total: 153002 ns
[4.368s][info ][safepoint      ] Safepoint "ICBufferFull", Time since last: 2709144 ns, Reaching safepoint: 112301 ns, At safepoint: 21901 ns, Total: 134202 ns
[4.371s][info ][safepoint      ] Safepoint "ICBufferFull", Time since last: 3308053 ns, Reaching safepoint: 113501 ns, At safepoint: 25101 ns, Total: 138602 ns
[4.378s][info ][safepoint      ] Safepoint "ICBufferFull", Time since last: 7005412 ns, Reaching safepoint: 131502 ns, At safepoint: 25800 ns, Total: 157302 ns
[4.392s][info ][safepoint      ] Safepoint "ICBufferFull", Time since last: 13112610 ns, Reaching safepoint: 129302 ns, At safepoint: 25200 ns, Total: 154502 ns
[4.407s][info ][safepoint      ] Safepoint "ICBufferFull", Time since last: 14798037 ns, Reaching safepoint: 272704 ns, At safepoint: 29401 ns, Total: 302105 ns
[4.420s][info ][safepoint      ] Safepoint "ICBufferFull", Time since last: 12718703 ns, Reaching safepoint: 134702 ns, At safepoint: 20900 ns, Total: 155602 ns
[4.420s][info ][gc,start       ] GC(4) Pause Young (Allocation Failure)
[4.547s][debug][gc,phases      ] GC(4) Scavenge 126.392ms
[4.547s][debug][gc,ref         ] GC(4) Skipped phase 1 of Reference Processing: no references
[4.547s][debug][gc,ref         ] GC(4) ReferenceProcessor::execute queues: 4, RefProcThreadModel::Multi, marks_oops_alive: false
[4.547s][debug][gc,ref         ] GC(4) Skipped phase 3 of Reference Processing: no references
[4.547s][debug][gc,ref         ] GC(4) ReferenceProcessor::execute queues: 3, RefProcThreadModel::Multi, marks_oops_alive: false
[4.547s][debug][gc,phases      ] GC(4) Reference Processing 0.506ms
[4.548s][debug][gc,phases      ] GC(4)   VM Weak                        Min:  0.0, Avg:  0.0, Max:  0.0, Diff:  0.0, Sum:  0.0, Workers: 4
[4.548s][debug][gc,phases      ] GC(4)     Dead                           Min: 0, Avg:  0.0, Max: 0, Diff: 0, Sum: 0, Workers: 4
[4.548s][debug][gc,phases      ] GC(4)     Total                          Min: 0, Avg: 106.0, Max: 192, Diff: 192, Sum: 424, Workers: 4
[4.548s][debug][gc,phases      ] GC(4)   ObjectSynchronizer Weak        Min:  0.0, Avg:  0.0, Max:  0.0, Diff:  0.0, Sum:  0.0, Workers: 4
[4.548s][debug][gc,phases      ] GC(4)     Dead                           Min: 0, Avg: 69.8, Max: 115, Diff: 115, Sum: 279, Workers: 4
[4.548s][debug][gc,phases      ] GC(4)     Total                          Min: 0, Avg: 80.0, Max: 128, Diff: 128, Sum: 320, Workers: 4
[4.548s][debug][gc,phases      ] GC(4)   JVMTI Tag Weak OopStorage      Min:  0.0, Avg:  0.0, Max:  0.0, Diff:  0.0, Sum:  0.0, Workers: 4
[4.548s][debug][gc,phases      ] GC(4)     Dead                           Min: 0, Avg:  0.0, Max: 0, Diff: 0, Sum: 0, Workers: 4
[4.548s][debug][gc,phases      ] GC(4)     Total                          Min: 0, Avg:  0.0, Max: 0, Diff: 0, Sum: 0, Workers: 4
[4.548s][debug][gc,phases      ] GC(4)   StringTable Weak               Min:  0.4, Avg:  0.4, Max:  0.4, Diff:  0.0, Sum:  1.5, Workers: 4
[4.548s][debug][gc,phases      ] GC(4)     Dead                           Min: 3, Avg:  6.5, Max: 14, Diff: 11, Sum: 26, Workers: 4
[4.548s][debug][gc,phases      ] GC(4)     Total                          Min: 7938, Avg: 9520.5, Max: 12032, Diff: 4094, Sum: 38082, Workers: 4
[4.548s][debug][gc,phases      ] GC(4)   ResolvedMethodTable Weak       Min:  0.0, Avg:  0.0, Max:  0.0, Diff:  0.0, Sum:  0.2, Workers: 4
[4.548s][debug][gc,phases      ] GC(4)     Dead                           Min: 31, Avg: 40.2, Max: 54, Diff: 23, Sum: 161, Workers: 4
[4.548s][debug][gc,phases      ] GC(4)     Total                          Min: 768, Avg: 1226.8, Max: 1600, Diff: 832, Sum: 4907, Workers: 4
[4.548s][debug][gc,phases      ] GC(4)   JNI Weak                       Min:  0.0, Avg:  0.0, Max:  0.0, Diff:  0.0, Sum:  0.0, Workers: 4
[4.548s][debug][gc,phases      ] GC(4)     Dead                           Min: 0, Avg:  0.0, Max: 0, Diff: 0, Sum: 0, Workers: 4
[4.548s][debug][gc,phases      ] GC(4)     Total                          Min: 0, Avg:  2.5, Max: 10, Diff: 10, Sum: 10, Workers: 4
[4.548s][debug][gc,phases      ] GC(4)   StringDedup Table Weak         Min:  0.0, Avg:  0.0, Max:  0.0, Diff:  0.0, Sum:  0.0, Workers: 4
[4.548s][debug][gc,phases      ] GC(4)     Dead                           Min: 0, Avg:  0.0, Max: 0, Diff: 0, Sum: 0, Workers: 4
[4.548s][debug][gc,phases      ] GC(4)     Total                          Min: 0, Avg:  0.0, Max: 0, Diff: 0, Sum: 0, Workers: 4
[4.548s][debug][gc,phases      ] GC(4)   StringDedup Requests0 Weak     Min:  0.0, Avg:  0.0, Max:  0.0, Diff:  0.0, Sum:  0.0, Workers: 4
[4.548s][debug][gc,phases      ] GC(4)     Dead                           Min: 0, Avg:  0.0, Max: 0, Diff: 0, Sum: 0, Workers: 4
[4.548s][debug][gc,phases      ] GC(4)     Total                          Min: 0, Avg:  0.0, Max: 0, Diff: 0, Sum: 0, Workers: 4
[4.548s][debug][gc,phases      ] GC(4)   StringDedup Requests1 Weak     Min:  0.0, Avg:  0.0, Max:  0.0, Diff:  0.0, Sum:  0.0, Workers: 4
[4.548s][debug][gc,phases      ] GC(4)     Dead                           Min: 0, Avg:  0.0, Max: 0, Diff: 0, Sum: 0, Workers: 4
[4.548s][debug][gc,phases      ] GC(4)     Total                          Min: 0, Avg:  0.0, Max: 0, Diff: 0, Sum: 0, Workers: 4
[4.548s][debug][gc,phases      ] GC(4)   Weak JFR Old Object Samples    Min:  0.0, Avg:  0.0, Max:  0.0, Diff:  0.0, Sum:  0.0, Workers: 4
[4.548s][debug][gc,phases      ] GC(4)     Dead                           Min: 0, Avg:  0.0, Max: 0, Diff: 0, Sum: 0, Workers: 4
[4.548s][debug][gc,phases      ] GC(4)     Total                          Min: 0, Avg:  0.0, Max: 0, Diff: 0, Sum: 0, Workers: 4
[4.548s][debug][gc,phases      ] GC(4) Weak Processing 0.686ms
[4.548s][debug][gc,age         ] GC(4) Desired survivor size 536870912 bytes, new threshold 7 (max threshold 15)
[4.548s][info ][gc,heap        ] GC(4) PSYoungGen: 1104978K(1572864K)->172786K(1572864K) Eden: 1048576K(1048576K)->0K(1048576K) From: 56402K(524288K)->172786K(524288K)
[4.548s][info ][gc,heap        ] GC(4) ParOldGen: 5637K(6144K)->5653K(6144K)
[4.548s][info ][gc,metaspace   ] GC(4) Metaspace: 53454K(54080K)->53454K(54080K) NonClass: 45559K(45888K)->45559K(45888K) Class: 7895K(8192K)->7895K(8192K)
[4.548s][info ][gc             ] GC(4) Pause Young (Allocation Failure) 1084M->174M(1542M) 127.719ms
[4.548s][info ][gc,cpu         ] GC(4) User=0.46s Sys=0.05s Real=0.13s
[4.548s][info ][safepoint      ] Safepoint "ParallelGCFailedAllocation", Time since last: 702512 ns, Reaching safepoint: 107301 ns, At safepoint: 127821543 ns, Total: 127928844 ns
[4.574s][info ][safepoint      ] Safepoint "ICBufferFull", Time since last: 25989415 ns, Reaching safepoint: 137202 ns, At safepoint: 23001 ns, Total: 160203 ns
[4.789s][info ][gc,start       ] GC(5) Pause Young (Allocation Failure)
[4.876s][debug][gc,phases      ] GC(5) Scavenge 87.546ms
[4.876s][debug][gc,ref         ] GC(5) Skipped phase 1 of Reference Processing: no references
[4.877s][debug][gc,ref         ] GC(5) ReferenceProcessor::execute queues: 4, RefProcThreadModel::Multi, marks_oops_alive: false
[4.877s][debug][gc,ref         ] GC(5) Skipped phase 3 of Reference Processing: no references
[4.877s][debug][gc,ref         ] GC(5) ReferenceProcessor::execute queues: 1, RefProcThreadModel::Single, marks_oops_alive: false
[4.877s][debug][gc,phases      ] GC(5) Reference Processing 0.324ms
[4.877s][debug][gc,phases      ] GC(5)   VM Weak                        Min:  0.0, Avg:  0.0, Max:  0.0, Diff:  0.0, Sum:  0.0, Workers: 4
[4.877s][debug][gc,phases      ] GC(5)     Dead                           Min: 0, Avg:  0.0, Max: 0, Diff: 0, Sum: 0, Workers: 4
[4.877s][debug][gc,phases      ] GC(5)     Total                          Min: 0, Avg: 107.0, Max: 320, Diff: 320, Sum: 428, Workers: 4
[4.877s][debug][gc,phases      ] GC(5)   ObjectSynchronizer Weak        Min:  0.0, Avg:  0.0, Max:  0.0, Diff:  0.0, Sum:  0.0, Workers: 4
[4.877s][debug][gc,phases      ] GC(5)     Dead                           Min: 0, Avg:  0.8, Max: 3, Diff: 3, Sum: 3, Workers: 4
[4.877s][debug][gc,phases      ] GC(5)     Total                          Min: 0, Avg: 81.2, Max: 133, Diff: 133, Sum: 325, Workers: 4
[4.877s][debug][gc,phases      ] GC(5)   JVMTI Tag Weak OopStorage      Min:  0.0, Avg:  0.0, Max:  0.0, Diff:  0.0, Sum:  0.0, Workers: 4
[4.877s][debug][gc,phases      ] GC(5)     Dead                           Min: 0, Avg:  0.0, Max: 0, Diff: 0, Sum: 0, Workers: 4
[4.877s][debug][gc,phases      ] GC(5)     Total                          Min: 0, Avg:  0.0, Max: 0, Diff: 0, Sum: 0, Workers: 4
[4.877s][debug][gc,phases      ] GC(5)   StringTable Weak               Min:  0.4, Avg:  0.4, Max:  0.4, Diff:  0.0, Sum:  1.4, Workers: 4
[4.877s][debug][gc,phases      ] GC(5)     Dead                           Min: 0, Avg:  0.2, Max: 1, Diff: 1, Sum: 1, Workers: 4
[4.877s][debug][gc,phases      ] GC(5)     Total                          Min: 6848, Avg: 9538.5, Max: 12427, Diff: 5579, Sum: 38154, Workers: 4
[4.877s][debug][gc,phases      ] GC(5)   ResolvedMethodTable Weak       Min:  0.0, Avg:  0.0, Max:  0.1, Diff:  0.0, Sum:  0.2, Workers: 4
[4.877s][debug][gc,phases      ] GC(5)     Dead                           Min: 0, Avg:  0.0, Max: 0, Diff: 0, Sum: 0, Workers: 4
[4.877s][debug][gc,phases      ] GC(5)     Total                          Min: 832, Avg: 1216.8, Max: 1649, Diff: 817, Sum: 4867, Workers: 4
[4.877s][debug][gc,phases      ] GC(5)   JNI Weak                       Min:  0.0, Avg:  0.0, Max:  0.0, Diff:  0.0, Sum:  0.0, Workers: 4
[4.877s][debug][gc,phases      ] GC(5)     Dead                           Min: 0, Avg:  0.0, Max: 0, Diff: 0, Sum: 0, Workers: 4
[4.877s][debug][gc,phases      ] GC(5)     Total                          Min: 0, Avg:  2.8, Max: 11, Diff: 11, Sum: 11, Workers: 4
[4.877s][debug][gc,phases      ] GC(5)   StringDedup Table Weak         Min:  0.0, Avg:  0.0, Max:  0.0, Diff:  0.0, Sum:  0.0, Workers: 4
[4.877s][debug][gc,phases      ] GC(5)     Dead                           Min: 0, Avg:  0.0, Max: 0, Diff: 0, Sum: 0, Workers: 4
[4.877s][debug][gc,phases      ] GC(5)     Total                          Min: 0, Avg:  0.0, Max: 0, Diff: 0, Sum: 0, Workers: 4
[4.877s][debug][gc,phases      ] GC(5)   StringDedup Requests0 Weak     Min:  0.0, Avg:  0.0, Max:  0.0, Diff:  0.0, Sum:  0.0, Workers: 4
[4.877s][debug][gc,phases      ] GC(5)     Dead                           Min: 0, Avg:  0.0, Max: 0, Diff: 0, Sum: 0, Workers: 4
[4.877s][debug][gc,phases      ] GC(5)     Total                          Min: 0, Avg:  0.0, Max: 0, Diff: 0, Sum: 0, Workers: 4
[4.877s][debug][gc,phases      ] GC(5)   StringDedup Requests1 Weak     Min:  0.0, Avg:  0.0, Max:  0.0, Diff:  0.0, Sum:  0.0, Workers: 4
[4.877s][debug][gc,phases      ] GC(5)     Dead                           Min: 0, Avg:  0.0, Max: 0, Diff: 0, Sum: 0, Workers: 4
[4.877s][debug][gc,phases      ] GC(5)     Total                          Min: 0, Avg:  0.0, Max: 0, Diff: 0, Sum: 0, Workers: 4
[4.877s][debug][gc,phases      ] GC(5)   Weak JFR Old Object Samples    Min:  0.0, Avg:  0.0, Max:  0.0, Diff:  0.0, Sum:  0.0, Workers: 4
[4.877s][debug][gc,phases      ] GC(5)     Dead                           Min: 0, Avg:  0.0, Max: 0, Diff: 0, Sum: 0, Workers: 4
[4.877s][debug][gc,phases      ] GC(5)     Total                          Min: 0, Avg:  0.0, Max: 0, Diff: 0, Sum: 0, Workers: 4
[4.877s][debug][gc,phases      ] GC(5) Weak Processing 0.608ms
[4.877s][debug][gc,age         ] GC(5) Desired survivor size 536870912 bytes, new threshold 7 (max threshold 15)
[4.877s][info ][gc,heap        ] GC(5) PSYoungGen: 1221362K(1572864K)->180618K(1572864K) Eden: 1048576K(1048576K)->0K(1048576K) From: 172786K(524288K)->180618K(524288K)
[4.877s][info ][gc,heap        ] GC(5) ParOldGen: 5653K(6144K)->5661K(6144K)
[4.877s][info ][gc,metaspace   ] GC(5) Metaspace: 53804K(54464K)->53804K(54464K) NonClass: 45848K(46208K)->45848K(46208K) Class: 7955K(8256K)->7955K(8256K)
[4.877s][info ][gc             ] GC(5) Pause Young (Allocation Failure) 1198M->181M(1542M) 88.617ms
[4.877s][info ][gc,cpu         ] GC(5) User=0.32s Sys=0.03s Real=0.09s
[4.878s][info ][safepoint      ] Safepoint "ParallelGCFailedAllocation", Time since last: 214091021 ns, Reaching safepoint: 329105 ns, At safepoint: 88722818 ns, Total: 89051923 ns
[4.955s][info ][safepoint      ] Safepoint "ICBufferFull", Time since last: 77658641 ns, Reaching safepoint: 163303 ns, At safepoint: 19000 ns, Total: 182303 ns
[4.956s][info ][safepoint      ] Safepoint "ICBufferFull", Time since last: 72301 ns, Reaching safepoint: 101502 ns, At safepoint: 21800 ns, Total: 123302 ns
[4.956s][info ][safepoint      ] Safepoint "ICBufferFull", Time since last: 113802 ns, Reaching safepoint: 96401 ns, At safepoint: 22601 ns, Total: 119002 ns
[4.971s][info ][safepoint      ] Safepoint "ICBufferFull", Time since last: 12721703 ns, Reaching safepoint: 2108834 ns, At safepoint: 25600 ns, Total: 2134434 ns
[4.983s][info ][safepoint      ] Safepoint "ICBufferFull", Time since last: 12535901 ns, Reaching safepoint: 117301 ns, At safepoint: 17901 ns, Total: 135202 ns
[4.983s][info ][safepoint      ] Safepoint "ICBufferFull", Time since last: 56301 ns, Reaching safepoint: 86101 ns, At safepoint: 22600 ns, Total: 108701 ns
[5.004s][info ][safepoint      ] Safepoint "ICBufferFull", Time since last: 20692131 ns, Reaching safepoint: 140302 ns, At safepoint: 29701 ns, Total: 170003 ns
[5.018s][info ][safepoint      ] Safepoint "ICBufferFull", Time since last: 13203811 ns, Reaching safepoint: 217203 ns, At safepoint: 23701 ns, Total: 240904 ns
[5.029s][info ][safepoint      ] Safepoint "ICBufferFull", Time since last: 10953075 ns, Reaching safepoint: 128902 ns, At safepoint: 21600 ns, Total: 150502 ns
[5.041s][info ][safepoint      ] Safepoint "ICBufferFull", Time since last: 11970391 ns, Reaching safepoint: 147603 ns, At safepoint: 23600 ns, Total: 171203 ns
[5.053s][info ][safepoint      ] Safepoint "ICBufferFull", Time since last: 11850689 ns, Reaching safepoint: 129402 ns, At safepoint: 26801 ns, Total: 156203 ns
[5.081s][info ][safepoint      ] Safepoint "ICBufferFull", Time since last: 27517940 ns, Reaching safepoint: 130002 ns, At safepoint: 25100 ns, Total: 155102 ns
[5.099s][info ][safepoint      ] Safepoint "ICBufferFull", Time since last: 17720183 ns, Reaching safepoint: 471608 ns, At safepoint: 33600 ns, Total: 505208 ns
[5.121s][info ][safepoint      ] Safepoint "ICBufferFull", Time since last: 22133954 ns, Reaching safepoint: 129902 ns, At safepoint: 26400 ns, Total: 156302 ns
[5.130s][info ][safepoint      ] Safepoint "ICBufferFull", Time since last: 8314233 ns, Reaching safepoint: 113302 ns, At safepoint: 26501 ns, Total: 139803 ns
[5.131s][info ][safepoint      ] Safepoint "ICBufferFull", Time since last: 715911 ns, Reaching safepoint: 102002 ns, At safepoint: 23200 ns, Total: 125202 ns
[5.135s][info ][safepoint      ] Safepoint "ICBufferFull", Time since last: 4418171 ns, Reaching safepoint: 110301 ns, At safepoint: 24801 ns, Total: 135102 ns
[5.142s][info ][safepoint      ] Safepoint "ICBufferFull", Time since last: 6719707 ns, Reaching safepoint: 123902 ns, At safepoint: 25801 ns, Total: 149703 ns
[5.148s][info ][safepoint      ] Safepoint "ICBufferFull", Time since last: 5509588 ns, Reaching safepoint: 118701 ns, At safepoint: 24201 ns, Total: 142902 ns
[5.155s][info ][safepoint      ] Safepoint "ICBufferFull", Time since last: 7640322 ns, Reaching safepoint: 113802 ns, At safepoint: 23400 ns, Total: 137202 ns
[5.157s][info ][gc,start       ] GC(6) Pause Young (Allocation Failure)
[5.233s][debug][gc,phases      ] GC(6) Scavenge 75.911ms
[5.233s][debug][gc,ref         ] GC(6) Skipped phase 1 of Reference Processing: no references
[5.233s][debug][gc,ref         ] GC(6) ReferenceProcessor::execute queues: 4, RefProcThreadModel::Multi, marks_oops_alive: false
[5.233s][debug][gc,ref         ] GC(6) Skipped phase 3 of Reference Processing: no references
[5.233s][debug][gc,ref         ] GC(6) ReferenceProcessor::execute queues: 1, RefProcThreadModel::Single, marks_oops_alive: false
[5.233s][debug][gc,phases      ] GC(6) Reference Processing 0.339ms
[5.234s][debug][gc,phases      ] GC(6)   VM Weak                        Min:  0.0, Avg:  0.0, Max:  0.0, Diff:  0.0, Sum:  0.0, Workers: 4
[5.234s][debug][gc,phases      ] GC(6)     Dead                           Min: 0, Avg:  0.0, Max: 0, Diff: 0, Sum: 0, Workers: 4
[5.234s][debug][gc,phases      ] GC(6)     Total                          Min: 0, Avg: 110.5, Max: 314, Diff: 314, Sum: 442, Workers: 4
[5.234s][debug][gc,phases      ] GC(6)   ObjectSynchronizer Weak        Min:  0.0, Avg:  0.0, Max:  0.0, Diff:  0.0, Sum:  0.0, Workers: 4
[5.234s][debug][gc,phases      ] GC(6)     Dead                           Min: 0, Avg:  0.0, Max: 0, Diff: 0, Sum: 0, Workers: 4
[5.234s][debug][gc,phases      ] GC(6)     Total                          Min: 5, Avg: 81.2, Max: 128, Diff: 123, Sum: 325, Workers: 4
[5.234s][debug][gc,phases      ] GC(6)   JVMTI Tag Weak OopStorage      Min:  0.0, Avg:  0.0, Max:  0.0, Diff:  0.0, Sum:  0.0, Workers: 4
[5.234s][debug][gc,phases      ] GC(6)     Dead                           Min: 0, Avg:  0.0, Max: 0, Diff: 0, Sum: 0, Workers: 4
[5.234s][debug][gc,phases      ] GC(6)     Total                          Min: 0, Avg:  0.0, Max: 0, Diff: 0, Sum: 0, Workers: 4
[5.234s][debug][gc,phases      ] GC(6)   StringTable Weak               Min:  0.5, Avg:  0.5, Max:  0.5, Diff:  0.0, Sum:  1.8, Workers: 4
[5.234s][debug][gc,phases      ] GC(6)     Dead                           Min: 0, Avg:  3.2, Max: 13, Diff: 13, Sum: 13, Workers: 4
[5.234s][debug][gc,phases      ] GC(6)     Total                          Min: 7424, Avg: 9566.2, Max: 11456, Diff: 4032, Sum: 38265, Workers: 4
[5.234s][debug][gc,phases      ] GC(6)   ResolvedMethodTable Weak       Min:  0.1, Avg:  0.1, Max:  0.1, Diff:  0.0, Sum:  0.2, Workers: 4
[5.234s][debug][gc,phases      ] GC(6)     Dead                           Min: 0, Avg:  0.0, Max: 0, Diff: 0, Sum: 0, Workers: 4
[5.234s][debug][gc,phases      ] GC(6)     Total                          Min: 896, Avg: 1228.8, Max: 1459, Diff: 563, Sum: 4915, Workers: 4
[5.234s][debug][gc,phases      ] GC(6)   JNI Weak                       Min:  0.0, Avg:  0.0, Max:  0.0, Diff:  0.0, Sum:  0.0, Workers: 4
[5.234s][debug][gc,phases      ] GC(6)     Dead                           Min: 0, Avg:  0.0, Max: 0, Diff: 0, Sum: 0, Workers: 4
[5.234s][debug][gc,phases      ] GC(6)     Total                          Min: 0, Avg:  3.5, Max: 14, Diff: 14, Sum: 14, Workers: 4
[5.234s][debug][gc,phases      ] GC(6)   StringDedup Table Weak         Min:  0.0, Avg:  0.0, Max:  0.0, Diff:  0.0, Sum:  0.0, Workers: 4
[5.234s][debug][gc,phases      ] GC(6)     Dead                           Min: 0, Avg:  0.0, Max: 0, Diff: 0, Sum: 0, Workers: 4
[5.234s][debug][gc,phases      ] GC(6)     Total                          Min: 0, Avg:  0.0, Max: 0, Diff: 0, Sum: 0, Workers: 4
[5.234s][debug][gc,phases      ] GC(6)   StringDedup Requests0 Weak     Min:  0.0, Avg:  0.0, Max:  0.0, Diff:  0.0, Sum:  0.0, Workers: 4
[5.234s][debug][gc,phases      ] GC(6)     Dead                           Min: 0, Avg:  0.0, Max: 0, Diff: 0, Sum: 0, Workers: 4
[5.234s][debug][gc,phases      ] GC(6)     Total                          Min: 0, Avg:  0.0, Max: 0, Diff: 0, Sum: 0, Workers: 4
[5.234s][debug][gc,phases      ] GC(6)   StringDedup Requests1 Weak     Min:  0.0, Avg:  0.0, Max:  0.0, Diff:  0.0, Sum:  0.0, Workers: 4
[5.234s][debug][gc,phases      ] GC(6)     Dead                           Min: 0, Avg:  0.0, Max: 0, Diff: 0, Sum: 0, Workers: 4
[5.234s][debug][gc,phases      ] GC(6)     Total                          Min: 0, Avg:  0.0, Max: 0, Diff: 0, Sum: 0, Workers: 4
[5.234s][debug][gc,phases      ] GC(6)   Weak JFR Old Object Samples    Min:  0.0, Avg:  0.0, Max:  0.0, Diff:  0.0, Sum:  0.0, Workers: 4
[5.234s][debug][gc,phases      ] GC(6)     Dead                           Min: 0, Avg:  0.0, Max: 0, Diff: 0, Sum: 0, Workers: 4
[5.234s][debug][gc,phases      ] GC(6)     Total                          Min: 0, Avg:  0.0, Max: 0, Diff: 0, Sum: 0, Workers: 4
[5.234s][debug][gc,phases      ] GC(6) Weak Processing 0.733ms
[5.234s][debug][gc,age         ] GC(6) Desired survivor size 275251200 bytes, new threshold 6 (max threshold 15)
[5.234s][info ][gc,heap        ] GC(6) PSYoungGen: 1229194K(1572864K)->182474K(1572864K) Eden: 1048576K(1048576K)->0K(1048576K) From: 180618K(524288K)->182474K(524288K)
[5.234s][info ][gc,heap        ] GC(6) ParOldGen: 5661K(6144K)->5669K(6144K)
[5.234s][info ][gc,metaspace   ] GC(6) Metaspace: 54122K(54720K)->54122K(54720K) NonClass: 46135K(46464K)->46135K(46464K) Class: 7986K(8256K)->7986K(8256K)
[5.234s][info ][gc             ] GC(6) Pause Young (Allocation Failure) 1205M->183M(1542M) 77.133ms
[5.234s][info ][gc,cpu         ] GC(6) User=0.30s Sys=0.02s Real=0.08s
[5.234s][info ][safepoint      ] Safepoint "ParallelGCFailedAllocation", Time since last: 1570025 ns, Reaching safepoint: 90702 ns, At safepoint: 77245034 ns, Total: 77335736 ns
[5.244s][info ][safepoint      ] Safepoint "ICBufferFull", Time since last: 9583053 ns, Reaching safepoint: 118202 ns, At safepoint: 29000 ns, Total: 147202 ns
[5.260s][info ][safepoint      ] Safepoint "ICBufferFull", Time since last: 14927639 ns, Reaching safepoint: 878614 ns, At safepoint: 39001 ns, Total: 917615 ns
[5.265s][info ][safepoint      ] Safepoint "ICBufferFull", Time since last: 5355585 ns, Reaching safepoint: 114902 ns, At safepoint: 20200 ns, Total: 135102 ns
[5.284s][info ][safepoint      ] Safepoint "ICBufferFull", Time since last: 18579197 ns, Reaching safepoint: 130002 ns, At safepoint: 29301 ns, Total: 159303 ns
[5.287s][info ][safepoint      ] Safepoint "ICBufferFull", Time since last: 3003748 ns, Reaching safepoint: 100901 ns, At safepoint: 28801 ns, Total: 129702 ns
[5.290s][info ][safepoint      ] Safepoint "ICBufferFull", Time since last: 2850145 ns, Reaching safepoint: 97602 ns, At safepoint: 24100 ns, Total: 121702 ns
[5.296s][info ][safepoint      ] Safepoint "ICBufferFull", Time since last: 2441839 ns, Reaching safepoint: 3172451 ns, At safepoint: 30900 ns, Total: 3203351 ns
[5.299s][info ][safepoint      ] Safepoint "ICBufferFull", Time since last: 2927847 ns, Reaching safepoint: 111802 ns, At safepoint: 24400 ns, Total: 136202 ns
[5.316s][info ][safepoint      ] Safepoint "ICBufferFull", Time since last: 15230844 ns, Reaching safepoint: 2118834 ns, At safepoint: 24400 ns, Total: 2143234 ns
[5.319s][info ][safepoint      ] Safepoint "ICBufferFull", Time since last: 2408238 ns, Reaching safepoint: 113502 ns, At safepoint: 21901 ns, Total: 135403 ns
[5.321s][info ][safepoint      ] Safepoint "ICBufferFull", Time since last: 2144634 ns, Reaching safepoint: 109602 ns, At safepoint: 20200 ns, Total: 129802 ns
[5.324s][info ][safepoint      ] Safepoint "ICBufferFull", Time since last: 2545741 ns, Reaching safepoint: 100101 ns, At safepoint: 18601 ns, Total: 118702 ns
[5.339s][info ][safepoint      ] Safepoint "ICBufferFull", Time since last: 15411146 ns, Reaching safepoint: 109501 ns, At safepoint: 26701 ns, Total: 136202 ns
[5.342s][info ][safepoint      ] Safepoint "ICBufferFull", Time since last: 2380338 ns, Reaching safepoint: 116902 ns, At safepoint: 22200 ns, Total: 139102 ns
[5.344s][info ][safepoint      ] Safepoint "ICBufferFull", Time since last: 2282937 ns, Reaching safepoint: 105701 ns, At safepoint: 20801 ns, Total: 126502 ns
[5.378s][info ][safepoint      ] Safepoint "ICBufferFull", Time since last: 33909341 ns, Reaching safepoint: 137903 ns, At safepoint: 22300 ns, Total: 160203 ns
[5.414s][info ][safepoint      ] Safepoint "ICBufferFull", Time since last: 36007875 ns, Reaching safepoint: 139803 ns, At safepoint: 26800 ns, Total: 166603 ns
[5.415s][info ][safepoint      ] Safepoint "ICBufferFull", Time since last: 70101 ns, Reaching safepoint: 101702 ns, At safepoint: 20900 ns, Total: 122602 ns
[5.436s][info ][safepoint      ] Safepoint "ICBufferFull", Time since last: 11570585 ns, Reaching safepoint: 9529352 ns, At safepoint: 35301 ns, Total: 9564653 ns
[5.442s][info ][safepoint      ] Safepoint "ICBufferFull", Time since last: 5843493 ns, Reaching safepoint: 121802 ns, At safepoint: 26101 ns, Total: 147903 ns
[5.515s][info ][safepoint      ] Safepoint "ICBufferFull", Time since last: 73295171 ns, Reaching safepoint: 202703 ns, At safepoint: 26100 ns, Total: 228803 ns
[5.523s][info ][safepoint      ] Safepoint "ICBufferFull", Time since last: 8028729 ns, Reaching safepoint: 122402 ns, At safepoint: 24100 ns, Total: 146502 ns
[5.524s][info ][safepoint      ] Safepoint "ICBufferFull", Time since last: 65201 ns, Reaching safepoint: 87001 ns, At safepoint: 18901 ns, Total: 105902 ns
[5.525s][info ][safepoint      ] Safepoint "ICBufferFull", Time since last: 775812 ns, Reaching safepoint: 89402 ns, At safepoint: 20200 ns, Total: 109602 ns
[5.525s][info ][safepoint      ] Safepoint "ICBufferFull", Time since last: 743612 ns, Reaching safepoint: 176103 ns, At safepoint: 23900 ns, Total: 200003 ns
[5.527s][info ][safepoint      ] Safepoint "ICBufferFull", Time since last: 1594225 ns, Reaching safepoint: 96102 ns, At safepoint: 21500 ns, Total: 117602 ns
[5.527s][info ][safepoint      ] Safepoint "ICBufferFull", Time since last: 49301 ns, Reaching safepoint: 88701 ns, At safepoint: 16701 ns, Total: 105402 ns
[5.528s][info ][safepoint      ] Safepoint "ICBufferFull", Time since last: 706711 ns, Reaching safepoint: 100002 ns, At safepoint: 21700 ns, Total: 121702 ns
[5.535s][info ][safepoint      ] Safepoint "ICBufferFull", Time since last: 6227399 ns, Reaching safepoint: 113302 ns, At safepoint: 27701 ns, Total: 141003 ns
[5.548s][info ][safepoint      ] Safepoint "ICBufferFull", Time since last: 12881406 ns, Reaching safepoint: 122902 ns, At safepoint: 29700 ns, Total: 152602 ns
[5.548s][info ][safepoint      ] Safepoint "ICBufferFull", Time since last: 685611 ns, Reaching safepoint: 92201 ns, At safepoint: 24801 ns, Total: 117002 ns
[5.549s][info ][safepoint      ] Safepoint "ICBufferFull", Time since last: 697911 ns, Reaching safepoint: 162103 ns, At safepoint: 24800 ns, Total: 186903 ns
[5.550s][info ][safepoint      ] Safepoint "ICBufferFull", Time since last: 665511 ns, Reaching safepoint: 90601 ns, At safepoint: 25100 ns, Total: 115701 ns
[5.551s][info ][safepoint      ] Safepoint "ICBufferFull", Time since last: 679911 ns, Reaching safepoint: 96802 ns, At safepoint: 27700 ns, Total: 124502 ns
[5.552s][info ][safepoint      ] Safepoint "ICBufferFull", Time since last: 734212 ns, Reaching safepoint: 95302 ns, At safepoint: 25100 ns, Total: 120402 ns
[5.553s][info ][safepoint      ] Safepoint "ICBufferFull", Time since last: 689711 ns, Reaching safepoint: 94101 ns, At safepoint: 22801 ns, Total: 116902 ns
[5.553s][info ][safepoint      ] Safepoint "ICBufferFull", Time since last: 724311 ns, Reaching safepoint: 95302 ns, At safepoint: 21400 ns, Total: 116702 ns
[5.554s][info ][safepoint      ] Safepoint "ICBufferFull", Time since last: 698311 ns, Reaching safepoint: 93202 ns, At safepoint: 20900 ns, Total: 114102 ns
[5.555s][info ][safepoint      ] Safepoint "ICBufferFull", Time since last: 659511 ns, Reaching safepoint: 95401 ns, At safepoint: 24201 ns, Total: 119602 ns
[5.556s][info ][safepoint      ] Safepoint "ICBufferFull", Time since last: 678111 ns, Reaching safepoint: 92401 ns, At safepoint: 21300 ns, Total: 113701 ns
[5.557s][info ][safepoint      ] Safepoint "ICBufferFull", Time since last: 699012 ns, Reaching safepoint: 92301 ns, At safepoint: 23900 ns, Total: 116201 ns
[5.557s][info ][safepoint      ] Safepoint "ICBufferFull", Time since last: 692011 ns, Reaching safepoint: 91202 ns, At safepoint: 23000 ns, Total: 114202 ns
[5.559s][info ][safepoint      ] Safepoint "ICBufferFull", Time since last: 759612 ns, Reaching safepoint: 752612 ns, At safepoint: 27701 ns, Total: 780313 ns
[5.560s][info ][safepoint      ] Safepoint "ICBufferFull", Time since last: 722711 ns, Reaching safepoint: 88902 ns, At safepoint: 22200 ns, Total: 111102 ns
[5.561s][info ][safepoint      ] Safepoint "ICBufferFull", Time since last: 690811 ns, Reaching safepoint: 101502 ns, At safepoint: 27800 ns, Total: 129302 ns
[5.561s][info ][safepoint      ] Safepoint "ICBufferFull", Time since last: 692911 ns, Reaching safepoint: 105502 ns, At safepoint: 28300 ns, Total: 133802 ns
[5.562s][info ][safepoint      ] Safepoint "ICBufferFull", Time since last: 687311 ns, Reaching safepoint: 95802 ns, At safepoint: 30900 ns, Total: 126702 ns
[5.563s][info ][safepoint      ] Safepoint "ICBufferFull", Time since last: 696312 ns, Reaching safepoint: 306405 ns, At safepoint: 23800 ns, Total: 330205 ns
[5.564s][info ][safepoint      ] Safepoint "ICBufferFull", Time since last: 730312 ns, Reaching safepoint: 89801 ns, At safepoint: 21800 ns, Total: 111601 ns
[5.567s][info ][safepoint      ] Safepoint "ICBufferFull", Time since last: 3089850 ns, Reaching safepoint: 94201 ns, At safepoint: 22401 ns, Total: 116602 ns
[5.568s][info ][safepoint      ] Safepoint "ICBufferFull", Time since last: 790612 ns, Reaching safepoint: 91402 ns, At safepoint: 24000 ns, Total: 115402 ns
[5.569s][info ][safepoint      ] Safepoint "ICBufferFull", Time since last: 719112 ns, Reaching safepoint: 90401 ns, At safepoint: 22600 ns, Total: 113001 ns
[5.571s][info ][safepoint      ] Safepoint "ICBufferFull", Time since last: 2145135 ns, Reaching safepoint: 223403 ns, At safepoint: 24601 ns, Total: 248004 ns
[5.575s][info ][safepoint      ] Safepoint "ICBufferFull", Time since last: 3755560 ns, Reaching safepoint: 114101 ns, At safepoint: 27401 ns, Total: 141502 ns
[5.576s][info ][safepoint      ] Safepoint "ICBufferFull", Time since last: 730812 ns, Reaching safepoint: 103101 ns, At safepoint: 21101 ns, Total: 124202 ns
[5.577s][info ][safepoint      ] Safepoint "ICBufferFull", Time since last: 678210 ns, Reaching safepoint: 92202 ns, At safepoint: 20900 ns, Total: 113102 ns
[5.578s][info ][safepoint      ] Safepoint "ICBufferFull", Time since last: 667111 ns, Reaching safepoint: 93101 ns, At safepoint: 19001 ns, Total: 112102 ns
[5.579s][info ][safepoint      ] Safepoint "ICBufferFull", Time since last: 697711 ns, Reaching safepoint: 443207 ns, At safepoint: 25500 ns, Total: 468707 ns
[5.580s][info ][safepoint      ] Safepoint "ICBufferFull", Time since last: 700411 ns, Reaching safepoint: 89902 ns, At safepoint: 28200 ns, Total: 118102 ns
[5.581s][info ][safepoint      ] Safepoint "ICBufferFull", Time since last: 681111 ns, Reaching safepoint: 90302 ns, At safepoint: 25700 ns, Total: 116002 ns
[5.581s][info ][safepoint      ] Safepoint "ICBufferFull", Time since last: 730612 ns, Reaching safepoint: 89401 ns, At safepoint: 25101 ns, Total: 114502 ns
[5.582s][info ][safepoint      ] Safepoint "ICBufferFull", Time since last: 716311 ns, Reaching safepoint: 89601 ns, At safepoint: 23001 ns, Total: 112602 ns
[5.583s][info ][safepoint      ] Safepoint "ICBufferFull", Time since last: 1028616 ns, Reaching safepoint: 115902 ns, At safepoint: 25001 ns, Total: 140903 ns
[5.588s][info ][safepoint      ] Safepoint "ICBufferFull", Time since last: 4477971 ns, Reaching safepoint: 108902 ns, At safepoint: 19800 ns, Total: 128702 ns
[5.589s][info ][safepoint      ] Safepoint "ICBufferFull", Time since last: 699111 ns, Reaching safepoint: 99802 ns, At safepoint: 22900 ns, Total: 122702 ns
[5.590s][info ][safepoint      ] Safepoint "ICBufferFull", Time since last: 697911 ns, Reaching safepoint: 101402 ns, At safepoint: 20700 ns, Total: 122102 ns
[5.590s][info ][safepoint      ] Safepoint "ICBufferFull", Time since last: 694311 ns, Reaching safepoint: 88302 ns, At safepoint: 21700 ns, Total: 110002 ns
[5.591s][info ][safepoint      ] Safepoint "ICBufferFull", Time since last: 781413 ns, Reaching safepoint: 89801 ns, At safepoint: 19800 ns, Total: 109601 ns
[5.596s][info ][safepoint      ] Safepoint "ICBufferFull", Time since last: 4111666 ns, Reaching safepoint: 110602 ns, At safepoint: 25200 ns, Total: 135802 ns
[5.596s][info ][safepoint      ] Safepoint "ICBufferFull", Time since last: 694711 ns, Reaching safepoint: 89602 ns, At safepoint: 28700 ns, Total: 118302 ns
[5.597s][info ][safepoint      ] Safepoint "ICBufferFull", Time since last: 673211 ns, Reaching safepoint: 89301 ns, At safepoint: 25901 ns, Total: 115202 ns
[5.598s][info ][safepoint      ] Safepoint "ICBufferFull", Time since last: 695911 ns, Reaching safepoint: 89901 ns, At safepoint: 27101 ns, Total: 117002 ns
[5.599s][info ][safepoint      ] Safepoint "ICBufferFull", Time since last: 671411 ns, Reaching safepoint: 87401 ns, At safepoint: 23800 ns, Total: 111201 ns
[5.602s][info ][safepoint      ] Safepoint "ICBufferFull", Time since last: 2718444 ns, Reaching safepoint: 89101 ns, At safepoint: 24101 ns, Total: 113202 ns
[5.602s][info ][safepoint      ] Safepoint "ICBufferFull", Time since last: 682711 ns, Reaching safepoint: 90201 ns, At safepoint: 21300 ns, Total: 111501 ns
[5.603s][info ][safepoint      ] Safepoint "ICBufferFull", Time since last: 668711 ns, Reaching safepoint: 162303 ns, At safepoint: 21300 ns, Total: 183603 ns
[5.604s][info ][safepoint      ] Safepoint "ICBufferFull", Time since last: 587009 ns, Reaching safepoint: 108202 ns, At safepoint: 26400 ns, Total: 134602 ns
[5.804s][info ][gc,start       ] GC(7) Pause Young (Allocation Failure)
[5.899s][debug][gc,phases      ] GC(7) Scavenge 94.658ms
[5.899s][debug][gc,ref         ] GC(7) Skipped phase 1 of Reference Processing: no references
[5.899s][debug][gc,ref         ] GC(7) ReferenceProcessor::execute queues: 4, RefProcThreadModel::Multi, marks_oops_alive: false
[5.900s][debug][gc,ref         ] GC(7) Skipped phase 3 of Reference Processing: no references
[5.900s][debug][gc,ref         ] GC(7) ReferenceProcessor::execute queues: 1, RefProcThreadModel::Single, marks_oops_alive: false
[5.900s][debug][gc,phases      ] GC(7) Reference Processing 0.327ms
[5.900s][debug][gc,phases      ] GC(7)   VM Weak                        Min:  0.0, Avg:  0.0, Max:  0.0, Diff:  0.0, Sum:  0.0, Workers: 4
[5.900s][debug][gc,phases      ] GC(7)     Dead                           Min: 0, Avg:  0.0, Max: 0, Diff: 0, Sum: 0, Workers: 4
[5.900s][debug][gc,phases      ] GC(7)     Total                          Min: 0, Avg: 111.5, Max: 256, Diff: 256, Sum: 446, Workers: 4
[5.900s][debug][gc,phases      ] GC(7)   ObjectSynchronizer Weak        Min:  0.0, Avg:  0.0, Max:  0.0, Diff:  0.0, Sum:  0.0, Workers: 4
[5.900s][debug][gc,phases      ] GC(7)     Dead                           Min: 0, Avg:  0.5, Max: 2, Diff: 2, Sum: 2, Workers: 4
[5.900s][debug][gc,phases      ] GC(7)     Total                          Min: 5, Avg: 81.2, Max: 128, Diff: 123, Sum: 325, Workers: 4
[5.900s][debug][gc,phases      ] GC(7)   JVMTI Tag Weak OopStorage      Min:  0.0, Avg:  0.0, Max:  0.0, Diff:  0.0, Sum:  0.0, Workers: 4
[5.900s][debug][gc,phases      ] GC(7)     Dead                           Min: 0, Avg:  0.0, Max: 0, Diff: 0, Sum: 0, Workers: 4
[5.900s][debug][gc,phases      ] GC(7)     Total                          Min: 0, Avg:  0.0, Max: 0, Diff: 0, Sum: 0, Workers: 4
[5.900s][debug][gc,phases      ] GC(7)   StringTable Weak               Min:  0.4, Avg:  0.4, Max:  0.4, Diff:  0.0, Sum:  1.7, Workers: 4
[5.900s][debug][gc,phases      ] GC(7)     Dead                           Min: 0, Avg:  3.8, Max: 8, Diff: 8, Sum: 15, Workers: 4
[5.900s][debug][gc,phases      ] GC(7)     Total                          Min: 8192, Avg: 9590.8, Max: 11584, Diff: 3392, Sum: 38363, Workers: 4
[5.900s][debug][gc,phases      ] GC(7)   ResolvedMethodTable Weak       Min:  0.1, Avg:  0.1, Max:  0.1, Diff:  0.0, Sum:  0.2, Workers: 4
[5.900s][debug][gc,phases      ] GC(7)     Dead                           Min: 0, Avg:  3.5, Max: 14, Diff: 14, Sum: 14, Workers: 4
[5.900s][debug][gc,phases      ] GC(7)     Total                          Min: 1088, Avg: 1248.8, Max: 1411, Diff: 323, Sum: 4995, Workers: 4
[5.900s][debug][gc,phases      ] GC(7)   JNI Weak                       Min:  0.0, Avg:  0.0, Max:  0.0, Diff:  0.0, Sum:  0.0, Workers: 4
[5.900s][debug][gc,phases      ] GC(7)     Dead                           Min: 0, Avg:  0.0, Max: 0, Diff: 0, Sum: 0, Workers: 4
[5.900s][debug][gc,phases      ] GC(7)     Total                          Min: 0, Avg:  1.0, Max: 4, Diff: 4, Sum: 4, Workers: 4
[5.900s][debug][gc,phases      ] GC(7)   StringDedup Table Weak         Min:  0.0, Avg:  0.0, Max:  0.0, Diff:  0.0, Sum:  0.0, Workers: 4
[5.900s][debug][gc,phases      ] GC(7)     Dead                           Min: 0, Avg:  0.0, Max: 0, Diff: 0, Sum: 0, Workers: 4
[5.900s][debug][gc,phases      ] GC(7)     Total                          Min: 0, Avg:  0.0, Max: 0, Diff: 0, Sum: 0, Workers: 4
[5.900s][debug][gc,phases      ] GC(7)   StringDedup Requests0 Weak     Min:  0.0, Avg:  0.0, Max:  0.0, Diff:  0.0, Sum:  0.0, Workers: 4
[5.900s][debug][gc,phases      ] GC(7)     Dead                           Min: 0, Avg:  0.0, Max: 0, Diff: 0, Sum: 0, Workers: 4
[5.900s][debug][gc,phases      ] GC(7)     Total                          Min: 0, Avg:  0.0, Max: 0, Diff: 0, Sum: 0, Workers: 4
[5.900s][debug][gc,phases      ] GC(7)   StringDedup Requests1 Weak     Min:  0.0, Avg:  0.0, Max:  0.0, Diff:  0.0, Sum:  0.0, Workers: 4
[5.900s][debug][gc,phases      ] GC(7)     Dead                           Min: 0, Avg:  0.0, Max: 0, Diff: 0, Sum: 0, Workers: 4
[5.900s][debug][gc,phases      ] GC(7)     Total                          Min: 0, Avg:  0.0, Max: 0, Diff: 0, Sum: 0, Workers: 4
[5.900s][debug][gc,phases      ] GC(7)   Weak JFR Old Object Samples    Min:  0.0, Avg:  0.0, Max:  0.0, Diff:  0.0, Sum:  0.0, Workers: 4
[5.900s][debug][gc,phases      ] GC(7)     Dead                           Min: 0, Avg:  0.0, Max: 0, Diff: 0, Sum: 0, Workers: 4
[5.900s][debug][gc,phases      ] GC(7)     Total                          Min: 0, Avg:  0.0, Max: 0, Diff: 0, Sum: 0, Workers: 4
[5.900s][debug][gc,phases      ] GC(7) Weak Processing 0.700ms
[5.900s][debug][gc,age         ] GC(7) Desired survivor size 286785536 bytes, new threshold 5 (max threshold 15)
[5.900s][info ][gc,heap        ] GC(7) PSYoungGen: 1231050K(1572864K)->183093K(1805824K) Eden: 1048576K(1048576K)->0K(1537024K) From: 182474K(524288K)->183093K(268800K)
[5.900s][info ][gc,heap        ] GC(7) ParOldGen: 5669K(6144K)->5677K(6144K)
[5.900s][info ][gc,metaspace   ] GC(7) Metaspace: 54506K(55168K)->54506K(55168K) NonClass: 46474K(46848K)->46474K(46848K) Class: 8032K(8320K)->8032K(8320K)
[5.900s][info ][gc             ] GC(7) Pause Young (Allocation Failure) 1207M->184M(1769M) 95.831ms
[5.900s][info ][gc,cpu         ] GC(7) User=0.26s Sys=0.11s Real=0.09s
[5.900s][info ][safepoint      ] Safepoint "ParallelGCFailedAllocation", Time since last: 200336601 ns, Reaching safepoint: 139203 ns, At safepoint: 95946433 ns, Total: 96085636 ns
[6.384s][info ][gc,start       ] GC(8) Pause Young (Allocation Failure)
[6.479s][debug][gc,phases      ] GC(8) Scavenge 94.653ms
[6.479s][debug][gc,ref         ] GC(8) Skipped phase 1 of Reference Processing: no references
[6.479s][debug][gc,ref         ] GC(8) ReferenceProcessor::execute queues: 3, RefProcThreadModel::Multi, marks_oops_alive: false
[6.479s][debug][gc,ref         ] GC(8) Skipped phase 3 of Reference Processing: no references
[6.479s][debug][gc,ref         ] GC(8) ReferenceProcessor::execute queues: 1, RefProcThreadModel::Single, marks_oops_alive: false
[6.479s][debug][gc,phases      ] GC(8) Reference Processing 0.310ms
[6.480s][debug][gc,phases      ] GC(8)   VM Weak                        Min:  0.0, Avg:  0.0, Max:  0.0, Diff:  0.0, Sum:  0.0, Workers: 4
[6.480s][debug][gc,phases      ] GC(8)     Dead                           Min: 0, Avg:  0.0, Max: 0, Diff: 0, Sum: 0, Workers: 4
[6.480s][debug][gc,phases      ] GC(8)     Total                          Min: 0, Avg: 126.2, Max: 313, Diff: 313, Sum: 505, Workers: 4
[6.480s][debug][gc,phases      ] GC(8)   ObjectSynchronizer Weak        Min:  0.0, Avg:  0.0, Max:  0.0, Diff:  0.0, Sum:  0.0, Workers: 4
[6.480s][debug][gc,phases      ] GC(8)     Dead                           Min: 0, Avg:  0.0, Max: 0, Diff: 0, Sum: 0, Workers: 4
[6.480s][debug][gc,phases      ] GC(8)     Total                          Min: 5, Avg: 81.2, Max: 128, Diff: 123, Sum: 325, Workers: 4
[6.480s][debug][gc,phases      ] GC(8)   JVMTI Tag Weak OopStorage      Min:  0.0, Avg:  0.0, Max:  0.0, Diff:  0.0, Sum:  0.0, Workers: 4
[6.480s][debug][gc,phases      ] GC(8)     Dead                           Min: 0, Avg:  0.0, Max: 0, Diff: 0, Sum: 0, Workers: 4
[6.480s][debug][gc,phases      ] GC(8)     Total                          Min: 0, Avg:  0.0, Max: 0, Diff: 0, Sum: 0, Workers: 4
[6.480s][debug][gc,phases      ] GC(8)   StringTable Weak               Min:  0.4, Avg:  0.4, Max:  0.4, Diff:  0.0, Sum:  1.5, Workers: 4
[6.480s][debug][gc,phases      ] GC(8)     Dead                           Min: 0, Avg:  3.2, Max: 13, Diff: 13, Sum: 13, Workers: 4
[6.480s][debug][gc,phases      ] GC(8)     Total                          Min: 7552, Avg: 9606.0, Max: 12096, Diff: 4544, Sum: 38424, Workers: 4
[6.480s][debug][gc,phases      ] GC(8)   ResolvedMethodTable Weak       Min:  0.0, Avg:  0.0, Max:  0.1, Diff:  0.0, Sum:  0.2, Workers: 4
[6.480s][debug][gc,phases      ] GC(8)     Dead                           Min: 0, Avg:  0.2, Max: 1, Diff: 1, Sum: 1, Workers: 4
[6.480s][debug][gc,phases      ] GC(8)     Total                          Min: 832, Avg: 1273.8, Max: 1831, Diff: 999, Sum: 5095, Workers: 4
[6.480s][debug][gc,phases      ] GC(8)   JNI Weak                       Min:  0.0, Avg:  0.0, Max:  0.0, Diff:  0.0, Sum:  0.0, Workers: 4
[6.480s][debug][gc,phases      ] GC(8)     Dead                           Min: 0, Avg:  0.0, Max: 0, Diff: 0, Sum: 0, Workers: 4
[6.480s][debug][gc,phases      ] GC(8)     Total                          Min: 0, Avg:  0.8, Max: 3, Diff: 3, Sum: 3, Workers: 4
[6.480s][debug][gc,phases      ] GC(8)   StringDedup Table Weak         Min:  0.0, Avg:  0.0, Max:  0.0, Diff:  0.0, Sum:  0.0, Workers: 4
[6.480s][debug][gc,phases      ] GC(8)     Dead                           Min: 0, Avg:  0.0, Max: 0, Diff: 0, Sum: 0, Workers: 4
[6.480s][debug][gc,phases      ] GC(8)     Total                          Min: 0, Avg:  0.0, Max: 0, Diff: 0, Sum: 0, Workers: 4
[6.480s][debug][gc,phases      ] GC(8)   StringDedup Requests0 Weak     Min:  0.0, Avg:  0.0, Max:  0.0, Diff:  0.0, Sum:  0.0, Workers: 4
[6.480s][debug][gc,phases      ] GC(8)     Dead                           Min: 0, Avg:  0.0, Max: 0, Diff: 0, Sum: 0, Workers: 4
[6.480s][debug][gc,phases      ] GC(8)     Total                          Min: 0, Avg:  0.0, Max: 0, Diff: 0, Sum: 0, Workers: 4
[6.480s][debug][gc,phases      ] GC(8)   StringDedup Requests1 Weak     Min:  0.0, Avg:  0.0, Max:  0.0, Diff:  0.0, Sum:  0.0, Workers: 4
[6.480s][debug][gc,phases      ] GC(8)     Dead                           Min: 0, Avg:  0.0, Max: 0, Diff: 0, Sum: 0, Workers: 4
[6.480s][debug][gc,phases      ] GC(8)     Total                          Min: 0, Avg:  0.0, Max: 0, Diff: 0, Sum: 0, Workers: 4
[6.480s][debug][gc,phases      ] GC(8)   Weak JFR Old Object Samples    Min:  0.0, Avg:  0.0, Max:  0.0, Diff:  0.0, Sum:  0.0, Workers: 4
[6.480s][debug][gc,phases      ] GC(8)     Dead                           Min: 0, Avg:  0.0, Max: 0, Diff: 0, Sum: 0, Workers: 4
[6.480s][debug][gc,phases      ] GC(8)     Total                          Min: 0, Avg:  0.0, Max: 0, Diff: 0, Sum: 0, Workers: 4
[6.480s][debug][gc,phases      ] GC(8) Weak Processing 0.639ms
[6.480s][debug][gc,age         ] GC(8) Desired survivor size 266338304 bytes, new threshold 4 (max threshold 15)
[6.480s][info ][gc,heap        ] GC(8) PSYoungGen: 1720117K(1805824K)->128962K(1817088K) Eden: 1537024K(1537024K)->0K(1537024K) From: 183093K(268800K)->128962K(280064K)
[6.480s][info ][gc,heap        ] GC(8) ParOldGen: 5677K(6144K)->61912K(61952K)
[6.480s][info ][gc,metaspace   ] GC(8) Metaspace: 54896K(55552K)->54896K(55552K) NonClass: 46808K(47168K)->46808K(47168K) Class: 8087K(8384K)->8087K(8384K)
[6.480s][info ][gc             ] GC(8) Pause Young (Allocation Failure) 1685M->186M(1835M) 95.744ms
[6.480s][info ][gc,cpu         ] GC(8) User=0.35s Sys=0.02s Real=0.09s
[6.480s][debug][gc,phases      ] GC(9) Pre Compact 0.009ms
[6.480s][info ][gc,start       ] GC(9) Pause Full (Ergonomics)
[6.480s][info ][gc,phases,start] GC(9) Marking Phase
[6.557s][debug][gc,phases      ] GC(9) Par Mark 76.728ms
[6.557s][debug][gc,ref         ] GC(9) Skipped phase 1 of Reference Processing: no references
[6.557s][debug][gc,ref         ] GC(9) ReferenceProcessor::execute queues: 4, RefProcThreadModel::Multi, marks_oops_alive: false
[6.557s][debug][gc,ref         ] GC(9) Skipped phase 3 of Reference Processing: no references
[6.557s][debug][gc,ref         ] GC(9) ReferenceProcessor::execute queues: 1, RefProcThreadModel::Single, marks_oops_alive: false
[6.557s][debug][gc,phases      ] GC(9) Reference Processing 0.334ms
[6.557s][debug][gc,phases      ] GC(9)   VM Weak                        Min:  0.0, Avg:  0.0, Max:  0.0, Diff:  0.0, Sum:  0.0, Workers: 4
[6.557s][debug][gc,phases      ] GC(9)     Dead                           Min: 0, Avg:  1.2, Max: 5, Diff: 5, Sum: 5, Workers: 4
[6.557s][debug][gc,phases      ] GC(9)     Total                          Min: 0, Avg: 126.2, Max: 256, Diff: 256, Sum: 505, Workers: 4
[6.557s][debug][gc,phases      ] GC(9)   ObjectSynchronizer Weak        Min:  0.0, Avg:  0.0, Max:  0.0, Diff:  0.0, Sum:  0.0, Workers: 4
[6.557s][debug][gc,phases      ] GC(9)     Dead                           Min: 0, Avg:  0.0, Max: 0, Diff: 0, Sum: 0, Workers: 4
[6.557s][debug][gc,phases      ] GC(9)     Total                          Min: 0, Avg: 81.2, Max: 197, Diff: 197, Sum: 325, Workers: 4
[6.557s][debug][gc,phases      ] GC(9)   JVMTI Tag Weak OopStorage      Min:  0.0, Avg:  0.0, Max:  0.0, Diff:  0.0, Sum:  0.0, Workers: 4
[6.557s][debug][gc,phases      ] GC(9)     Dead                           Min: 0, Avg:  0.0, Max: 0, Diff: 0, Sum: 0, Workers: 4
[6.557s][debug][gc,phases      ] GC(9)     Total                          Min: 0, Avg:  0.0, Max: 0, Diff: 0, Sum: 0, Workers: 4
[6.557s][debug][gc,phases      ] GC(9)   StringTable Weak               Min:  0.1, Avg:  0.1, Max:  0.1, Diff:  0.0, Sum:  0.5, Workers: 4
[6.557s][debug][gc,phases      ] GC(9)     Dead                           Min: 0, Avg:  0.0, Max: 0, Diff: 0, Sum: 0, Workers: 4
[6.557s][debug][gc,phases      ] GC(9)     Total                          Min: 8344, Avg: 9606.0, Max: 10624, Diff: 2280, Sum: 38424, Workers: 4
[6.557s][debug][gc,phases      ] GC(9)   ResolvedMethodTable Weak       Min:  0.0, Avg:  0.0, Max:  0.0, Diff:  0.0, Sum:  0.1, Workers: 4
[6.557s][debug][gc,phases      ] GC(9)     Dead                           Min: 0, Avg:  1.2, Max: 5, Diff: 5, Sum: 5, Workers: 4
[6.557s][debug][gc,phases      ] GC(9)     Total                          Min: 1088, Avg: 1273.8, Max: 1472, Diff: 384, Sum: 5095, Workers: 4
[6.557s][debug][gc,phases      ] GC(9)   JNI Weak                       Min:  0.0, Avg:  0.0, Max:  0.0, Diff:  0.0, Sum:  0.0, Workers: 4
[6.557s][debug][gc,phases      ] GC(9)     Dead                           Min: 0, Avg:  0.0, Max: 0, Diff: 0, Sum: 0, Workers: 4
[6.557s][debug][gc,phases      ] GC(9)     Total                          Min: 0, Avg:  0.8, Max: 3, Diff: 3, Sum: 3, Workers: 4
[6.557s][debug][gc,phases      ] GC(9)   StringDedup Table Weak         Min:  0.0, Avg:  0.0, Max:  0.0, Diff:  0.0, Sum:  0.0, Workers: 4
[6.557s][debug][gc,phases      ] GC(9)     Dead                           Min: 0, Avg:  0.0, Max: 0, Diff: 0, Sum: 0, Workers: 4
[6.557s][debug][gc,phases      ] GC(9)     Total                          Min: 0, Avg:  0.0, Max: 0, Diff: 0, Sum: 0, Workers: 4
[6.557s][debug][gc,phases      ] GC(9)   StringDedup Requests0 Weak     Min:  0.0, Avg:  0.0, Max:  0.0, Diff:  0.0, Sum:  0.0, Workers: 4
[6.557s][debug][gc,phases      ] GC(9)     Dead                           Min: 0, Avg:  0.0, Max: 0, Diff: 0, Sum: 0, Workers: 4
[6.557s][debug][gc,phases      ] GC(9)     Total                          Min: 0, Avg:  0.0, Max: 0, Diff: 0, Sum: 0, Workers: 4
[6.557s][debug][gc,phases      ] GC(9)   StringDedup Requests1 Weak     Min:  0.0, Avg:  0.0, Max:  0.0, Diff:  0.0, Sum:  0.0, Workers: 4
[6.557s][debug][gc,phases      ] GC(9)     Dead                           Min: 0, Avg:  0.0, Max: 0, Diff: 0, Sum: 0, Workers: 4
[6.557s][debug][gc,phases      ] GC(9)     Total                          Min: 0, Avg:  0.0, Max: 0, Diff: 0, Sum: 0, Workers: 4
[6.557s][debug][gc,phases      ] GC(9)   Weak JFR Old Object Samples    Min:  0.0, Avg:  0.0, Max:  0.0, Diff:  0.0, Sum:  0.0, Workers: 4
[6.557s][debug][gc,phases      ] GC(9)     Dead                           Min: 0, Avg:  0.0, Max: 0, Diff: 0, Sum: 0, Workers: 4
[6.557s][debug][gc,phases      ] GC(9)     Total                          Min: 0, Avg:  0.0, Max: 0, Diff: 0, Sum: 0, Workers: 4
[6.557s][debug][gc,phases      ] GC(9) Weak Processing 0.351ms
[6.558s][debug][gc,phases      ] GC(9) ClassLoaderData 0.183ms
[6.558s][debug][gc,phases      ] GC(9) Trigger cleanups 0.001ms
[6.567s][debug][gc,phases      ] GC(9) Class Unloading 10.135ms
[6.567s][info ][gc,phases      ] GC(9) Marking Phase 87.710ms
[6.567s][info ][gc,phases,start] GC(9) Summary Phase
[6.568s][info ][gc,phases      ] GC(9) Summary Phase 0.010ms
[6.568s][info ][gc,phases,start] GC(9) Adjust Roots
[6.576s][info ][gc,phases      ] GC(9) Adjust Roots 8.943ms
[6.576s][info ][gc,phases,start] GC(9) Compaction Phase
[7.347s][info ][gc,phases      ] GC(9) Compaction Phase 770.536ms
[7.347s][info ][gc,phases,start] GC(9) Post Compact
[7.348s][info ][gc,phases      ] GC(9) Post Compact 0.886ms
[7.348s][info ][gc,heap        ] GC(9) PSYoungGen: 128962K(1817088K)->128776K(1817088K) Eden: 0K(1537024K)->0K(1537024K) From: 128962K(280064K)->128776K(280064K)
[7.348s][info ][gc,heap        ] GC(9) ParOldGen: 61912K(61952K)->61630K(99840K)
[7.348s][info ][gc,metaspace   ] GC(9) Metaspace: 54896K(55552K)->54887K(55552K) NonClass: 46808K(47168K)->46802K(47168K) Class: 8087K(8384K)->8085K(8384K)
[7.348s][info ][gc             ] GC(9) Pause Full (Ergonomics) 186M->185M(1872M) 868.293ms
[7.348s][info ][gc,cpu         ] GC(9) User=2.05s Sys=0.01s Real=0.87s
[7.348s][info ][safepoint      ] Safepoint "ParallelGCFailedAllocation", Time since last: 483381923 ns, Reaching safepoint: 195603 ns, At safepoint: 964202103 ns, Total: 964397706 ns
[7.635s][info ][gc,start       ] GC(10) Pause Young (Allocation Failure)
[7.747s][debug][gc,phases      ] GC(10) Scavenge 111.673ms
[7.747s][debug][gc,ref         ] GC(10) Skipped phase 1 of Reference Processing: no references
[7.747s][debug][gc,ref         ] GC(10) ReferenceProcessor::execute queues: 1, RefProcThreadModel::Single, marks_oops_alive: false
[7.747s][debug][gc,ref         ] GC(10) Skipped phase 3 of Reference Processing: no references
[7.747s][debug][gc,ref         ] GC(10) ReferenceProcessor::execute queues: 1, RefProcThreadModel::Single, marks_oops_alive: false
[7.747s][debug][gc,phases      ] GC(10) Reference Processing 0.172ms
[7.747s][debug][gc,phases      ] GC(10)   VM Weak                        Min:  0.0, Avg:  0.0, Max:  0.0, Diff:  0.0, Sum:  0.0, Workers: 4
[7.747s][debug][gc,phases      ] GC(10)     Dead                           Min: 0, Avg:  0.0, Max: 0, Diff: 0, Sum: 0, Workers: 4
[7.747s][debug][gc,phases      ] GC(10)     Total                          Min: 0, Avg: 127.8, Max: 256, Diff: 256, Sum: 511, Workers: 4
[7.747s][debug][gc,phases      ] GC(10)   ObjectSynchronizer Weak        Min:  0.0, Avg:  0.0, Max:  0.0, Diff:  0.0, Sum:  0.0, Workers: 4
[7.747s][debug][gc,phases      ] GC(10)     Dead                           Min: 0, Avg:  0.0, Max: 0, Diff: 0, Sum: 0, Workers: 4
[7.747s][debug][gc,phases      ] GC(10)     Total                          Min: 0, Avg: 81.2, Max: 133, Diff: 133, Sum: 325, Workers: 4
[7.747s][debug][gc,phases      ] GC(10)   JVMTI Tag Weak OopStorage      Min:  0.0, Avg:  0.0, Max:  0.0, Diff:  0.0, Sum:  0.0, Workers: 4
[7.747s][debug][gc,phases      ] GC(10)     Dead                           Min: 0, Avg:  0.0, Max: 0, Diff: 0, Sum: 0, Workers: 4
[7.747s][debug][gc,phases      ] GC(10)     Total                          Min: 0, Avg:  0.0, Max: 0, Diff: 0, Sum: 0, Workers: 4
[7.747s][debug][gc,phases      ] GC(10)   StringTable Weak               Min:  0.3, Avg:  0.3, Max:  0.3, Diff:  0.0, Sum:  1.1, Workers: 4
[7.747s][debug][gc,phases      ] GC(10)     Dead                           Min: 0, Avg:  4.2, Max: 14, Diff: 14, Sum: 17, Workers: 4
[7.747s][debug][gc,phases      ] GC(10)     Total                          Min: 8960, Avg: 9753.2, Max: 11493, Diff: 2533, Sum: 39013, Workers: 4
[7.747s][debug][gc,phases      ] GC(10)   ResolvedMethodTable Weak       Min:  0.0, Avg:  0.1, Max:  0.1, Diff:  0.0, Sum:  0.2, Workers: 4
[7.747s][debug][gc,phases      ] GC(10)     Dead                           Min: 0, Avg:  8.0, Max: 30, Diff: 30, Sum: 32, Workers: 4
[7.747s][debug][gc,phases      ] GC(10)     Total                          Min: 960, Avg: 1431.2, Max: 2112, Diff: 1152, Sum: 5725, Workers: 4
[7.747s][debug][gc,phases      ] GC(10)   JNI Weak                       Min:  0.0, Avg:  0.0, Max:  0.0, Diff:  0.0, Sum:  0.0, Workers: 4
[7.747s][debug][gc,phases      ] GC(10)     Dead                           Min: 0, Avg:  0.0, Max: 0, Diff: 0, Sum: 0, Workers: 4
[7.747s][debug][gc,phases      ] GC(10)     Total                          Min: 0, Avg:  1.0, Max: 4, Diff: 4, Sum: 4, Workers: 4
[7.747s][debug][gc,phases      ] GC(10)   StringDedup Table Weak         Min:  0.0, Avg:  0.0, Max:  0.0, Diff:  0.0, Sum:  0.0, Workers: 4
[7.747s][debug][gc,phases      ] GC(10)     Dead                           Min: 0, Avg:  0.0, Max: 0, Diff: 0, Sum: 0, Workers: 4
[7.747s][debug][gc,phases      ] GC(10)     Total                          Min: 0, Avg:  0.0, Max: 0, Diff: 0, Sum: 0, Workers: 4
[7.747s][debug][gc,phases      ] GC(10)   StringDedup Requests0 Weak     Min:  0.0, Avg:  0.0, Max:  0.0, Diff:  0.0, Sum:  0.0, Workers: 4
[7.747s][debug][gc,phases      ] GC(10)     Dead                           Min: 0, Avg:  0.0, Max: 0, Diff: 0, Sum: 0, Workers: 4
[7.747s][debug][gc,phases      ] GC(10)     Total                          Min: 0, Avg:  0.0, Max: 0, Diff: 0, Sum: 0, Workers: 4
[7.747s][debug][gc,phases      ] GC(10)   StringDedup Requests1 Weak     Min:  0.0, Avg:  0.0, Max:  0.0, Diff:  0.0, Sum:  0.0, Workers: 4
[7.747s][debug][gc,phases      ] GC(10)     Dead                           Min: 0, Avg:  0.0, Max: 0, Diff: 0, Sum: 0, Workers: 4
[7.747s][debug][gc,phases      ] GC(10)     Total                          Min: 0, Avg:  0.0, Max: 0, Diff: 0, Sum: 0, Workers: 4
[7.747s][debug][gc,phases      ] GC(10)   Weak JFR Old Object Samples    Min:  0.0, Avg:  0.0, Max:  0.0, Diff:  0.0, Sum:  0.0, Workers: 4
[7.747s][debug][gc,phases      ] GC(10)     Dead                           Min: 0, Avg:  0.0, Max: 0, Diff: 0, Sum: 0, Workers: 4
[7.747s][debug][gc,phases      ] GC(10)     Total                          Min: 0, Avg:  0.0, Max: 0, Diff: 0, Sum: 0, Workers: 4
[7.747s][debug][gc,phases      ] GC(10) Weak Processing 0.542ms
[7.747s][debug][gc,age         ] GC(10) Desired survivor size 274726912 bytes, new threshold 5 (max threshold 15)
[7.748s][info ][gc,heap        ] GC(10) PSYoungGen: 1665800K(1817088K)->10269K(1820672K) Eden: 1537024K(1537024K)->0K(1560576K) From: 128776K(280064K)->10269K(260096K)
[7.748s][info ][gc,heap        ] GC(10) ParOldGen: 61630K(99840K)->181859K(182272K)
[7.748s][info ][gc,metaspace   ] GC(10) Metaspace: 56581K(57280K)->56581K(57280K) NonClass: 48127K(48448K)->48127K(48448K) Class: 8453K(8832K)->8453K(8832K)
[7.748s][info ][gc             ] GC(10) Pause Young (Allocation Failure) 1686M->187M(1956M) 112.529ms
[7.748s][info ][gc,cpu         ] GC(10) User=0.43s Sys=0.05s Real=0.11s
[7.748s][debug][gc,phases      ] GC(11) Pre Compact 0.010ms
[7.748s][info ][gc,start       ] GC(11) Pause Full (Ergonomics)
[7.748s][info ][gc,phases,start] GC(11) Marking Phase
[7.827s][debug][gc,phases      ] GC(11) Par Mark 78.910ms
[7.827s][debug][gc,ref         ] GC(11) Skipped phase 1 of Reference Processing: no references
[7.827s][debug][gc,ref         ] GC(11) ReferenceProcessor::execute queues: 4, RefProcThreadModel::Multi, marks_oops_alive: false
[7.827s][debug][gc,ref         ] GC(11) Skipped phase 3 of Reference Processing: no references
[7.827s][debug][gc,ref         ] GC(11) ReferenceProcessor::execute queues: 1, RefProcThreadModel::Single, marks_oops_alive: false
[7.827s][debug][gc,phases      ] GC(11) Reference Processing 0.400ms
[7.827s][debug][gc,phases      ] GC(11)   VM Weak                        Min:  0.0, Avg:  0.0, Max:  0.0, Diff:  0.0, Sum:  0.0, Workers: 4
[7.827s][debug][gc,phases      ] GC(11)     Dead                           Min: 0, Avg:  0.0, Max: 0, Diff: 0, Sum: 0, Workers: 4
[7.827s][debug][gc,phases      ] GC(11)     Total                          Min: 0, Avg: 127.8, Max: 192, Diff: 192, Sum: 511, Workers: 4
[7.827s][debug][gc,phases      ] GC(11)   ObjectSynchronizer Weak        Min:  0.0, Avg:  0.0, Max:  0.0, Diff:  0.0, Sum:  0.0, Workers: 4
[7.827s][debug][gc,phases      ] GC(11)     Dead                           Min: 0, Avg:  0.0, Max: 0, Diff: 0, Sum: 0, Workers: 4
[7.827s][debug][gc,phases      ] GC(11)     Total                          Min: 0, Avg: 81.2, Max: 128, Diff: 128, Sum: 325, Workers: 4
[7.827s][debug][gc,phases      ] GC(11)   JVMTI Tag Weak OopStorage      Min:  0.0, Avg:  0.0, Max:  0.0, Diff:  0.0, Sum:  0.0, Workers: 4
[7.827s][debug][gc,phases      ] GC(11)     Dead                           Min: 0, Avg:  0.0, Max: 0, Diff: 0, Sum: 0, Workers: 4
[7.827s][debug][gc,phases      ] GC(11)     Total                          Min: 0, Avg:  0.0, Max: 0, Diff: 0, Sum: 0, Workers: 4
[7.827s][debug][gc,phases      ] GC(11)   StringTable Weak               Min:  0.2, Avg:  0.2, Max:  0.2, Diff:  0.0, Sum:  0.7, Workers: 4
[7.827s][debug][gc,phases      ] GC(11)     Dead                           Min: 0, Avg:  0.0, Max: 0, Diff: 0, Sum: 0, Workers: 4
[7.827s][debug][gc,phases      ] GC(11)     Total                          Min: 9152, Avg: 9753.2, Max: 10661, Diff: 1509, Sum: 39013, Workers: 4
[7.827s][debug][gc,phases      ] GC(11)   ResolvedMethodTable Weak       Min:  0.0, Avg:  0.0, Max:  0.0, Diff:  0.0, Sum:  0.1, Workers: 4
[7.827s][debug][gc,phases      ] GC(11)     Dead                           Min: 0, Avg:  0.0, Max: 0, Diff: 0, Sum: 0, Workers: 4
[7.827s][debug][gc,phases      ] GC(11)     Total                          Min: 1344, Avg: 1431.2, Max: 1600, Diff: 256, Sum: 5725, Workers: 4
[7.827s][debug][gc,phases      ] GC(11)   JNI Weak                       Min:  0.0, Avg:  0.0, Max:  0.0, Diff:  0.0, Sum:  0.0, Workers: 4
[7.827s][debug][gc,phases      ] GC(11)     Dead                           Min: 0, Avg:  0.0, Max: 0, Diff: 0, Sum: 0, Workers: 4
[7.827s][debug][gc,phases      ] GC(11)     Total                          Min: 0, Avg:  1.0, Max: 4, Diff: 4, Sum: 4, Workers: 4
[7.827s][debug][gc,phases      ] GC(11)   StringDedup Table Weak         Min:  0.0, Avg:  0.0, Max:  0.0, Diff:  0.0, Sum:  0.0, Workers: 4
[7.827s][debug][gc,phases      ] GC(11)     Dead                           Min: 0, Avg:  0.0, Max: 0, Diff: 0, Sum: 0, Workers: 4
[7.827s][debug][gc,phases      ] GC(11)     Total                          Min: 0, Avg:  0.0, Max: 0, Diff: 0, Sum: 0, Workers: 4
[7.827s][debug][gc,phases      ] GC(11)   StringDedup Requests0 Weak     Min:  0.0, Avg:  0.0, Max:  0.0, Diff:  0.0, Sum:  0.0, Workers: 4
[7.827s][debug][gc,phases      ] GC(11)     Dead                           Min: 0, Avg:  0.0, Max: 0, Diff: 0, Sum: 0, Workers: 4
[7.827s][debug][gc,phases      ] GC(11)     Total                          Min: 0, Avg:  0.0, Max: 0, Diff: 0, Sum: 0, Workers: 4
[7.827s][debug][gc,phases      ] GC(11)   StringDedup Requests1 Weak     Min:  0.0, Avg:  0.0, Max:  0.0, Diff:  0.0, Sum:  0.0, Workers: 4
[7.827s][debug][gc,phases      ] GC(11)     Dead                           Min: 0, Avg:  0.0, Max: 0, Diff: 0, Sum: 0, Workers: 4
[7.827s][debug][gc,phases      ] GC(11)     Total                          Min: 0, Avg:  0.0, Max: 0, Diff: 0, Sum: 0, Workers: 4
[7.827s][debug][gc,phases      ] GC(11)   Weak JFR Old Object Samples    Min:  0.0, Avg:  0.0, Max:  0.0, Diff:  0.0, Sum:  0.0, Workers: 4
[7.827s][debug][gc,phases      ] GC(11)     Dead                           Min: 0, Avg:  0.0, Max: 0, Diff: 0, Sum: 0, Workers: 4
[7.827s][debug][gc,phases      ] GC(11)     Total                          Min: 0, Avg:  0.0, Max: 0, Diff: 0, Sum: 0, Workers: 4
[7.827s][debug][gc,phases      ] GC(11) Weak Processing 0.383ms
[7.827s][debug][gc,phases      ] GC(11) ClassLoaderData 0.070ms
[7.827s][debug][gc,phases      ] GC(11) Trigger cleanups 0.001ms
[7.833s][debug][gc,phases      ] GC(11) Class Unloading 5.218ms
[7.833s][info ][gc,phases      ] GC(11) Marking Phase 85.055ms
[7.833s][info ][gc,phases,start] GC(11) Summary Phase
[7.833s][info ][gc,phases      ] GC(11) Summary Phase 0.007ms
[7.833s][info ][gc,phases,start] GC(11) Adjust Roots
[7.840s][info ][gc,phases      ] GC(11) Adjust Roots 6.838ms
[7.840s][info ][gc,phases,start] GC(11) Compaction Phase
[8.123s][info ][gc,phases      ] GC(11) Compaction Phase 283.635ms
[8.123s][info ][gc,phases,start] GC(11) Post Compact
[8.124s][info ][gc,phases      ] GC(11) Post Compact 0.649ms
[8.124s][info ][gc,heap        ] GC(11) PSYoungGen: 10269K(1820672K)->9679K(1820672K) Eden: 0K(1560576K)->0K(1560576K) From: 10269K(260096K)->9679K(260096K)
[8.124s][info ][gc,heap        ] GC(11) ParOldGen: 181859K(182272K)->181915K(273920K)
[8.124s][info ][gc,metaspace   ] GC(11) Metaspace: 56581K(57280K)->56581K(57280K) NonClass: 48127K(48448K)->48127K(48448K) Class: 8453K(8832K)->8453K(8832K)
[8.124s][info ][gc             ] GC(11) Pause Full (Ergonomics) 187M->187M(2045M) 376.497ms
[8.124s][info ][gc,cpu         ] GC(11) User=1.29s Sys=0.00s Real=0.38s
[8.124s][info ][safepoint      ] Safepoint "ParallelGCFailedAllocation", Time since last: 286630279 ns, Reaching safepoint: 188003 ns, At safepoint: 489204914 ns, Total: 489392917 ns
[8.541s][info ][gc,start       ] GC(12) Pause Young (Allocation Failure)
[8.570s][debug][gc,phases      ] GC(12) Scavenge 28.527ms
[8.570s][debug][gc,ref         ] GC(12) Skipped phase 1 of Reference Processing: no references
[8.570s][debug][gc,ref         ] GC(12) ReferenceProcessor::execute queues: 1, RefProcThreadModel::Single, marks_oops_alive: false
[8.570s][debug][gc,ref         ] GC(12) Skipped phase 3 of Reference Processing: no references
[8.570s][debug][gc,ref         ] GC(12) ReferenceProcessor::execute queues: 1, RefProcThreadModel::Single, marks_oops_alive: false
[8.570s][debug][gc,phases      ] GC(12) Reference Processing 0.164ms
[8.570s][debug][gc,phases      ] GC(12)   VM Weak                        Min:  0.0, Avg:  0.0, Max:  0.0, Diff:  0.0, Sum:  0.0, Workers: 4
[8.570s][debug][gc,phases      ] GC(12)     Dead                           Min: 0, Avg:  0.0, Max: 0, Diff: 0, Sum: 0, Workers: 4
[8.570s][debug][gc,phases      ] GC(12)     Total                          Min: 0, Avg: 131.0, Max: 384, Diff: 384, Sum: 524, Workers: 4
[8.570s][debug][gc,phases      ] GC(12)   ObjectSynchronizer Weak        Min:  0.0, Avg:  0.0, Max:  0.0, Diff:  0.0, Sum:  0.0, Workers: 4
[8.570s][debug][gc,phases      ] GC(12)     Dead                           Min: 0, Avg:  0.2, Max: 1, Diff: 1, Sum: 1, Workers: 4
[8.570s][debug][gc,phases      ] GC(12)     Total                          Min: 0, Avg: 82.8, Max: 192, Diff: 192, Sum: 331, Workers: 4
[8.570s][debug][gc,phases      ] GC(12)   JVMTI Tag Weak OopStorage      Min:  0.0, Avg:  0.0, Max:  0.0, Diff:  0.0, Sum:  0.0, Workers: 4
[8.570s][debug][gc,phases      ] GC(12)     Dead                           Min: 0, Avg:  0.0, Max: 0, Diff: 0, Sum: 0, Workers: 4
[8.570s][debug][gc,phases      ] GC(12)     Total                          Min: 0, Avg:  0.0, Max: 0, Diff: 0, Sum: 0, Workers: 4
[8.570s][debug][gc,phases      ] GC(12)   StringTable Weak               Min:  0.1, Avg:  0.1, Max:  0.1, Diff:  0.0, Sum:  0.4, Workers: 4
[8.570s][debug][gc,phases      ] GC(12)     Dead                           Min: 1, Avg:  4.2, Max: 13, Diff: 12, Sum: 17, Workers: 4
[8.570s][debug][gc,phases      ] GC(12)     Total                          Min: 9183, Avg: 9895.8, Max: 10560, Diff: 1377, Sum: 39583, Workers: 4
[8.570s][debug][gc,phases      ] GC(12)   ResolvedMethodTable Weak       Min:  0.0, Avg:  0.0, Max:  0.0, Diff:  0.0, Sum:  0.1, Workers: 4
[8.570s][debug][gc,phases      ] GC(12)     Dead                           Min: 0, Avg:  7.8, Max: 28, Diff: 28, Sum: 31, Workers: 4
[8.570s][debug][gc,phases      ] GC(12)     Total                          Min: 1344, Avg: 1498.5, Max: 1642, Diff: 298, Sum: 5994, Workers: 4
[8.570s][debug][gc,phases      ] GC(12)   JNI Weak                       Min:  0.0, Avg:  0.0, Max:  0.0, Diff:  0.0, Sum:  0.0, Workers: 4
[8.570s][debug][gc,phases      ] GC(12)     Dead                           Min: 0, Avg:  0.0, Max: 0, Diff: 0, Sum: 0, Workers: 4
[8.570s][debug][gc,phases      ] GC(12)     Total                          Min: 0, Avg:  0.0, Max: 0, Diff: 0, Sum: 0, Workers: 4
[8.570s][debug][gc,phases      ] GC(12)   StringDedup Table Weak         Min:  0.0, Avg:  0.0, Max:  0.0, Diff:  0.0, Sum:  0.0, Workers: 4
[8.570s][debug][gc,phases      ] GC(12)     Dead                           Min: 0, Avg:  0.0, Max: 0, Diff: 0, Sum: 0, Workers: 4
[8.570s][debug][gc,phases      ] GC(12)     Total                          Min: 0, Avg:  0.0, Max: 0, Diff: 0, Sum: 0, Workers: 4
[8.570s][debug][gc,phases      ] GC(12)   StringDedup Requests0 Weak     Min:  0.0, Avg:  0.0, Max:  0.0, Diff:  0.0, Sum:  0.0, Workers: 4
[8.570s][debug][gc,phases      ] GC(12)     Dead                           Min: 0, Avg:  0.0, Max: 0, Diff: 0, Sum: 0, Workers: 4
[8.570s][debug][gc,phases      ] GC(12)     Total                          Min: 0, Avg:  0.0, Max: 0, Diff: 0, Sum: 0, Workers: 4
[8.570s][debug][gc,phases      ] GC(12)   StringDedup Requests1 Weak     Min:  0.0, Avg:  0.0, Max:  0.0, Diff:  0.0, Sum:  0.0, Workers: 4
[8.570s][debug][gc,phases      ] GC(12)     Dead                           Min: 0, Avg:  0.0, Max: 0, Diff: 0, Sum: 0, Workers: 4
[8.570s][debug][gc,phases      ] GC(12)     Total                          Min: 0, Avg:  0.0, Max: 0, Diff: 0, Sum: 0, Workers: 4
[8.570s][debug][gc,phases      ] GC(12)   Weak JFR Old Object Samples    Min:  0.0, Avg:  0.0, Max:  0.0, Diff:  0.0, Sum:  0.0, Workers: 4
[8.570s][debug][gc,phases      ] GC(12)     Dead                           Min: 0, Avg:  0.0, Max: 0, Diff: 0, Sum: 0, Workers: 4
[8.570s][debug][gc,phases      ] GC(12)     Total                          Min: 0, Avg:  0.0, Max: 0, Diff: 0, Sum: 0, Workers: 4
[8.570s][debug][gc,phases      ] GC(12) Weak Processing 0.321ms
[8.570s][debug][gc,age         ] GC(12) Desired survivor size 277348352 bytes, new threshold 6 (max threshold 15)
[8.570s][info ][gc,heap        ] GC(12) PSYoungGen: 1570255K(1820672K)->11693K(1572352K) Eden: 1560576K(1560576K)->0K(1560576K) From: 9679K(260096K)->11693K(11776K)
[8.570s][info ][gc,heap        ] GC(12) ParOldGen: 181915K(273920K)->181923K(273920K)
[8.570s][info ][gc,metaspace   ] GC(12) Metaspace: 58194K(58880K)->58194K(58880K) NonClass: 49487K(49856K)->49487K(49856K) Class: 8707K(9024K)->8707K(9024K)
[8.570s][info ][gc             ] GC(12) Pause Young (Allocation Failure) 1711M->189M(1803M) 29.141ms
[8.570s][info ][gc,cpu         ] GC(12) User=0.11s Sys=0.00s Real=0.03s
[8.570s][info ][safepoint      ] Safepoint "ParallelGCFailedAllocation", Time since last: 416584654 ns, Reaching safepoint: 211804 ns, At safepoint: 29257067 ns, Total: 29468871 ns
[9.064s][info ][gc,start       ] GC(13) Pause Young (Allocation Failure)
[9.076s][debug][gc,phases      ] GC(13) Scavenge 11.931ms
[9.076s][debug][gc,ref         ] GC(13) Skipped phase 1 of Reference Processing: no references
[9.076s][debug][gc,ref         ] GC(13) ReferenceProcessor::execute queues: 1, RefProcThreadModel::Single, marks_oops_alive: false
[9.076s][debug][gc,ref         ] GC(13) Skipped phase 3 of Reference Processing: no references
[9.076s][debug][gc,ref         ] GC(13) ReferenceProcessor::execute queues: 1, RefProcThreadModel::Single, marks_oops_alive: false
[9.076s][debug][gc,phases      ] GC(13) Reference Processing 0.209ms
[9.077s][debug][gc,phases      ] GC(13)   VM Weak                        Min:  0.0, Avg:  0.0, Max:  0.0, Diff:  0.0, Sum:  0.0, Workers: 4
[9.077s][debug][gc,phases      ] GC(13)     Dead                           Min: 0, Avg:  0.0, Max: 0, Diff: 0, Sum: 0, Workers: 4
[9.077s][debug][gc,phases      ] GC(13)     Total                          Min: 0, Avg: 131.0, Max: 460, Diff: 460, Sum: 524, Workers: 4
[9.077s][debug][gc,phases      ] GC(13)   ObjectSynchronizer Weak        Min:  0.0, Avg:  0.0, Max:  0.0, Diff:  0.0, Sum:  0.0, Workers: 4
[9.077s][debug][gc,phases      ] GC(13)     Dead                           Min: 0, Avg:  0.2, Max: 1, Diff: 1, Sum: 1, Workers: 4
[9.077s][debug][gc,phases      ] GC(13)     Total                          Min: 0, Avg: 86.5, Max: 192, Diff: 192, Sum: 346, Workers: 4
[9.077s][debug][gc,phases      ] GC(13)   JVMTI Tag Weak OopStorage      Min:  0.0, Avg:  0.0, Max:  0.0, Diff:  0.0, Sum:  0.0, Workers: 4
[9.077s][debug][gc,phases      ] GC(13)     Dead                           Min: 0, Avg:  0.0, Max: 0, Diff: 0, Sum: 0, Workers: 4
[9.077s][debug][gc,phases      ] GC(13)     Total                          Min: 0, Avg:  0.0, Max: 0, Diff: 0, Sum: 0, Workers: 4
[9.077s][debug][gc,phases      ] GC(13)   StringTable Weak               Min:  0.1, Avg:  0.1, Max:  0.1, Diff:  0.0, Sum:  0.5, Workers: 4
[9.077s][debug][gc,phases      ] GC(13)     Dead                           Min: 0, Avg:  3.2, Max: 13, Diff: 13, Sum: 13, Workers: 4
[9.077s][debug][gc,phases      ] GC(13)     Total                          Min: 8704, Avg: 9932.0, Max: 10608, Diff: 1904, Sum: 39728, Workers: 4
[9.077s][debug][gc,phases      ] GC(13)   ResolvedMethodTable Weak       Min:  0.0, Avg:  0.0, Max:  0.0, Diff:  0.0, Sum:  0.1, Workers: 4
[9.077s][debug][gc,phases      ] GC(13)     Dead                           Min: 0, Avg:  0.0, Max: 0, Diff: 0, Sum: 0, Workers: 4
[9.077s][debug][gc,phases      ] GC(13)     Total                          Min: 1344, Avg: 1506.5, Max: 1674, Diff: 330, Sum: 6026, Workers: 4
[9.077s][debug][gc,phases      ] GC(13)   JNI Weak                       Min:  0.0, Avg:  0.0, Max:  0.0, Diff:  0.0, Sum:  0.0, Workers: 4
[9.077s][debug][gc,phases      ] GC(13)     Dead                           Min: 0, Avg:  0.0, Max: 0, Diff: 0, Sum: 0, Workers: 4
[9.077s][debug][gc,phases      ] GC(13)     Total                          Min: 0, Avg:  2.0, Max: 8, Diff: 8, Sum: 8, Workers: 4
[9.077s][debug][gc,phases      ] GC(13)   StringDedup Table Weak         Min:  0.0, Avg:  0.0, Max:  0.0, Diff:  0.0, Sum:  0.0, Workers: 4
[9.077s][debug][gc,phases      ] GC(13)     Dead                           Min: 0, Avg:  0.0, Max: 0, Diff: 0, Sum: 0, Workers: 4
[9.077s][debug][gc,phases      ] GC(13)     Total                          Min: 0, Avg:  0.0, Max: 0, Diff: 0, Sum: 0, Workers: 4
[9.077s][debug][gc,phases      ] GC(13)   StringDedup Requests0 Weak     Min:  0.0, Avg:  0.0, Max:  0.0, Diff:  0.0, Sum:  0.0, Workers: 4
[9.077s][debug][gc,phases      ] GC(13)     Dead                           Min: 0, Avg:  0.0, Max: 0, Diff: 0, Sum: 0, Workers: 4
[9.077s][debug][gc,phases      ] GC(13)     Total                          Min: 0, Avg:  0.0, Max: 0, Diff: 0, Sum: 0, Workers: 4
[9.077s][debug][gc,phases      ] GC(13)   StringDedup Requests1 Weak     Min:  0.0, Avg:  0.0, Max:  0.0, Diff:  0.0, Sum:  0.0, Workers: 4
[9.077s][debug][gc,phases      ] GC(13)     Dead                           Min: 0, Avg:  0.0, Max: 0, Diff: 0, Sum: 0, Workers: 4
[9.077s][debug][gc,phases      ] GC(13)     Total                          Min: 0, Avg:  0.0, Max: 0, Diff: 0, Sum: 0, Workers: 4
[9.077s][debug][gc,phases      ] GC(13)   Weak JFR Old Object Samples    Min:  0.0, Avg:  0.0, Max:  0.0, Diff:  0.0, Sum:  0.0, Workers: 4
[9.077s][debug][gc,phases      ] GC(13)     Dead                           Min: 0, Avg:  0.0, Max: 0, Diff: 0, Sum: 0, Workers: 4
[9.077s][debug][gc,phases      ] GC(13)     Total                          Min: 0, Avg:  0.0, Max: 0, Diff: 0, Sum: 0, Workers: 4
[9.077s][debug][gc,phases      ] GC(13) Weak Processing 0.422ms
[9.077s][debug][gc,age         ] GC(13) Desired survivor size 274726912 bytes, new threshold 7 (max threshold 15)
[9.077s][info ][gc,heap        ] GC(13) PSYoungGen: 1572269K(1572352K)->22905K(1828864K) Eden: 1560576K(1560576K)->0K(1558016K) From: 11693K(11776K)->22905K(270848K)
[9.077s][info ][gc,heap        ] GC(13) ParOldGen: 181923K(273920K)->181931K(273920K)
[9.077s][info ][gc,metaspace   ] GC(13) Metaspace: 58573K(59264K)->58573K(59264K) NonClass: 49846K(50240K)->49846K(50240K) Class: 8726K(9024K)->8726K(9024K)
[9.077s][info ][gc             ] GC(13) Pause Young (Allocation Failure) 1713M->200M(2053M) 12.722ms
[9.077s][info ][gc,cpu         ] GC(13) User=0.05s Sys=0.00s Real=0.01s
[9.077s][info ][safepoint      ] Safepoint "ParallelGCFailedAllocation", Time since last: 493731686 ns, Reaching safepoint: 173002 ns, At safepoint: 12848606 ns, Total: 13021608 ns
[9.502s][info ][gc,start       ] GC(14) Pause Young (Allocation Failure)
[9.514s][debug][gc,phases      ] GC(14) Scavenge 11.957ms
[9.514s][debug][gc,ref         ] GC(14) Skipped phase 1 of Reference Processing: no references
[9.514s][debug][gc,ref         ] GC(14) ReferenceProcessor::execute queues: 1, RefProcThreadModel::Single, marks_oops_alive: false
[9.514s][debug][gc,ref         ] GC(14) Skipped phase 3 of Reference Processing: no references
[9.514s][debug][gc,ref         ] GC(14) ReferenceProcessor::execute queues: 1, RefProcThreadModel::Single, marks_oops_alive: false
[9.514s][debug][gc,phases      ] GC(14) Reference Processing 0.184ms
[9.514s][debug][gc,phases      ] GC(14)   VM Weak                        Min:  0.0, Avg:  0.0, Max:  0.0, Diff:  0.0, Sum:  0.0, Workers: 4
[9.514s][debug][gc,phases      ] GC(14)     Dead                           Min: 0, Avg:  0.0, Max: 0, Diff: 0, Sum: 0, Workers: 4
[9.514s][debug][gc,phases      ] GC(14)     Total                          Min: 0, Avg: 131.8, Max: 271, Diff: 271, Sum: 527, Workers: 4
[9.514s][debug][gc,phases      ] GC(14)   ObjectSynchronizer Weak        Min:  0.0, Avg:  0.0, Max:  0.0, Diff:  0.0, Sum:  0.0, Workers: 4
[9.514s][debug][gc,phases      ] GC(14)     Dead                           Min: 0, Avg:  0.0, Max: 0, Diff: 0, Sum: 0, Workers: 4
[9.514s][debug][gc,phases      ] GC(14)     Total                          Min: 0, Avg: 86.5, Max: 192, Diff: 192, Sum: 346, Workers: 4
[9.514s][debug][gc,phases      ] GC(14)   JVMTI Tag Weak OopStorage      Min:  0.0, Avg:  0.0, Max:  0.0, Diff:  0.0, Sum:  0.0, Workers: 4
[9.514s][debug][gc,phases      ] GC(14)     Dead                           Min: 0, Avg:  0.0, Max: 0, Diff: 0, Sum: 0, Workers: 4
[9.514s][debug][gc,phases      ] GC(14)     Total                          Min: 0, Avg:  0.0, Max: 0, Diff: 0, Sum: 0, Workers: 4
[9.514s][debug][gc,phases      ] GC(14)   StringTable Weak               Min:  0.1, Avg:  0.1, Max:  0.1, Diff:  0.0, Sum:  0.5, Workers: 4
[9.514s][debug][gc,phases      ] GC(14)     Dead                           Min: 0, Avg:  4.0, Max: 15, Diff: 15, Sum: 16, Workers: 4
[9.514s][debug][gc,phases      ] GC(14)     Total                          Min: 9344, Avg: 10068.5, Max: 10816, Diff: 1472, Sum: 40274, Workers: 4
[9.514s][debug][gc,phases      ] GC(14)   ResolvedMethodTable Weak       Min:  0.0, Avg:  0.0, Max:  0.0, Diff:  0.0, Sum:  0.1, Workers: 4
[9.515s][debug][gc,phases      ] GC(14)     Dead                           Min: 2, Avg: 12.8, Max: 26, Diff: 24, Sum: 51, Workers: 4
[9.515s][debug][gc,phases      ] GC(14)     Total                          Min: 1280, Avg: 1553.5, Max: 1792, Diff: 512, Sum: 6214, Workers: 4
[9.515s][debug][gc,phases      ] GC(14)   JNI Weak                       Min:  0.0, Avg:  0.0, Max:  0.0, Diff:  0.0, Sum:  0.0, Workers: 4
[9.515s][debug][gc,phases      ] GC(14)     Dead                           Min: 0, Avg:  0.0, Max: 0, Diff: 0, Sum: 0, Workers: 4
[9.515s][debug][gc,phases      ] GC(14)     Total                          Min: 0, Avg:  5.8, Max: 23, Diff: 23, Sum: 23, Workers: 4
[9.515s][debug][gc,phases      ] GC(14)   StringDedup Table Weak         Min:  0.0, Avg:  0.0, Max:  0.0, Diff:  0.0, Sum:  0.0, Workers: 4
[9.515s][debug][gc,phases      ] GC(14)     Dead                           Min: 0, Avg:  0.0, Max: 0, Diff: 0, Sum: 0, Workers: 4
[9.515s][debug][gc,phases      ] GC(14)     Total                          Min: 0, Avg:  0.0, Max: 0, Diff: 0, Sum: 0, Workers: 4
[9.515s][debug][gc,phases      ] GC(14)   StringDedup Requests0 Weak     Min:  0.0, Avg:  0.0, Max:  0.0, Diff:  0.0, Sum:  0.0, Workers: 4
[9.515s][debug][gc,phases      ] GC(14)     Dead                           Min: 0, Avg:  0.0, Max: 0, Diff: 0, Sum: 0, Workers: 4
[9.515s][debug][gc,phases      ] GC(14)     Total                          Min: 0, Avg:  0.0, Max: 0, Diff: 0, Sum: 0, Workers: 4
[9.515s][debug][gc,phases      ] GC(14)   StringDedup Requests1 Weak     Min:  0.0, Avg:  0.0, Max:  0.0, Diff:  0.0, Sum:  0.0, Workers: 4
[9.515s][debug][gc,phases      ] GC(14)     Dead                           Min: 0, Avg:  0.0, Max: 0, Diff: 0, Sum: 0, Workers: 4
[9.515s][debug][gc,phases      ] GC(14)     Total                          Min: 0, Avg:  0.0, Max: 0, Diff: 0, Sum: 0, Workers: 4
[9.515s][debug][gc,phases      ] GC(14)   Weak JFR Old Object Samples    Min:  0.0, Avg:  0.0, Max:  0.0, Diff:  0.0, Sum:  0.0, Workers: 4
[9.515s][debug][gc,phases      ] GC(14)     Dead                           Min: 0, Avg:  0.0, Max: 0, Diff: 0, Sum: 0, Workers: 4
[9.515s][debug][gc,phases      ] GC(14)     Total                          Min: 0, Avg:  0.0, Max: 0, Diff: 0, Sum: 0, Workers: 4
[9.515s][debug][gc,phases      ] GC(14) Weak Processing 0.387ms
[9.515s][debug][gc,age         ] GC(14) Desired survivor size 269484032 bytes, new threshold 8 (max threshold 15)
[9.515s][info ][gc,heap        ] GC(14) PSYoungGen: 1580921K(1828864K)->26277K(1826304K) Eden: 1558016K(1558016K)->0K(1558016K) From: 22905K(270848K)->26277K(268288K)
[9.515s][info ][gc,heap        ] GC(14) ParOldGen: 181931K(273920K)->181939K(273920K)
[9.515s][info ][gc,metaspace   ] GC(14) Metaspace: 59949K(60608K)->59949K(60608K) NonClass: 51027K(51392K)->51027K(51392K) Class: 8921K(9216K)->8921K(9216K)
[9.515s][info ][gc             ] GC(14) Pause Young (Allocation Failure) 1721M->203M(2051M) 12.676ms
[9.515s][info ][gc,cpu         ] GC(14) User=0.05s Sys=0.01s Real=0.02s
[9.515s][info ][safepoint      ] Safepoint "ParallelGCFailedAllocation", Time since last: 424741683 ns, Reaching safepoint: 216403 ns, At safepoint: 12790304 ns, Total: 13006707 ns
[9.824s][info ][safepoint      ] Safepoint "ICBufferFull", Time since last: 309153538 ns, Reaching safepoint: 474407 ns, At safepoint: 32001 ns, Total: 506408 ns
[9.942s][info ][gc,start       ] GC(15) Pause Young (Allocation Failure)
[9.951s][debug][gc,phases      ] GC(15) Scavenge 9.630ms
[9.951s][debug][gc,ref         ] GC(15) Skipped phase 1 of Reference Processing: no references
[9.951s][debug][gc,ref         ] GC(15) ReferenceProcessor::execute queues: 2, RefProcThreadModel::Multi, marks_oops_alive: false
[9.952s][debug][gc,ref         ] GC(15) Skipped phase 3 of Reference Processing: no references
[9.952s][debug][gc,ref         ] GC(15) ReferenceProcessor::execute queues: 1, RefProcThreadModel::Single, marks_oops_alive: false
[9.952s][debug][gc,phases      ] GC(15) Reference Processing 0.247ms
[9.952s][debug][gc,phases      ] GC(15)   VM Weak                        Min:  0.0, Avg:  0.0, Max:  0.0, Diff:  0.0, Sum:  0.0, Workers: 4
[9.952s][debug][gc,phases      ] GC(15)     Dead                           Min: 0, Avg:  0.0, Max: 0, Diff: 0, Sum: 0, Workers: 4
[9.952s][debug][gc,phases      ] GC(15)     Total                          Min: 0, Avg: 135.2, Max: 541, Diff: 541, Sum: 541, Workers: 4
[9.952s][debug][gc,phases      ] GC(15)   ObjectSynchronizer Weak        Min:  0.0, Avg:  0.0, Max:  0.0, Diff:  0.0, Sum:  0.0, Workers: 4
[9.952s][debug][gc,phases      ] GC(15)     Dead                           Min: 0, Avg:  0.0, Max: 0, Diff: 0, Sum: 0, Workers: 4
[9.952s][debug][gc,phases      ] GC(15)     Total                          Min: 0, Avg: 86.5, Max: 346, Diff: 346, Sum: 346, Workers: 4
[9.952s][debug][gc,phases      ] GC(15)   JVMTI Tag Weak OopStorage      Min:  0.0, Avg:  0.0, Max:  0.0, Diff:  0.0, Sum:  0.0, Workers: 4
[9.952s][debug][gc,phases      ] GC(15)     Dead                           Min: 0, Avg:  0.0, Max: 0, Diff: 0, Sum: 0, Workers: 4
[9.952s][debug][gc,phases      ] GC(15)     Total                          Min: 0, Avg:  0.0, Max: 0, Diff: 0, Sum: 0, Workers: 4
[9.952s][debug][gc,phases      ] GC(15)   StringTable Weak               Min:  0.1, Avg:  0.1, Max:  0.1, Diff:  0.0, Sum:  0.4, Workers: 4
[9.952s][debug][gc,phases      ] GC(15)     Dead                           Min: 0, Avg:  3.0, Max: 12, Diff: 12, Sum: 12, Workers: 4
[9.952s][debug][gc,phases      ] GC(15)     Total                          Min: 9214, Avg: 10095.5, Max: 11520, Diff: 2306, Sum: 40382, Workers: 4
[9.952s][debug][gc,phases      ] GC(15)   ResolvedMethodTable Weak       Min:  0.0, Avg:  0.0, Max:  0.0, Diff:  0.0, Sum:  0.1, Workers: 4
[9.952s][debug][gc,phases      ] GC(15)     Dead                           Min: 0, Avg:  0.5, Max: 2, Diff: 2, Sum: 2, Workers: 4
[9.952s][debug][gc,phases      ] GC(15)     Total                          Min: 1344, Avg: 1572.0, Max: 1664, Diff: 320, Sum: 6288, Workers: 4
[9.952s][debug][gc,phases      ] GC(15)   JNI Weak                       Min:  0.0, Avg:  0.0, Max:  0.0, Diff:  0.0, Sum:  0.0, Workers: 4
[9.952s][debug][gc,phases      ] GC(15)     Dead                           Min: 0, Avg:  0.0, Max: 0, Diff: 0, Sum: 0, Workers: 4
[9.952s][debug][gc,phases      ] GC(15)     Total                          Min: 0, Avg:  4.8, Max: 19, Diff: 19, Sum: 19, Workers: 4
[9.952s][debug][gc,phases      ] GC(15)   StringDedup Table Weak         Min:  0.0, Avg:  0.0, Max:  0.0, Diff:  0.0, Sum:  0.0, Workers: 4
[9.952s][debug][gc,phases      ] GC(15)     Dead                           Min: 0, Avg:  0.0, Max: 0, Diff: 0, Sum: 0, Workers: 4
[9.952s][debug][gc,phases      ] GC(15)     Total                          Min: 0, Avg:  0.0, Max: 0, Diff: 0, Sum: 0, Workers: 4
[9.952s][debug][gc,phases      ] GC(15)   StringDedup Requests0 Weak     Min:  0.0, Avg:  0.0, Max:  0.0, Diff:  0.0, Sum:  0.0, Workers: 4
[9.952s][debug][gc,phases      ] GC(15)     Dead                           Min: 0, Avg:  0.0, Max: 0, Diff: 0, Sum: 0, Workers: 4
[9.952s][debug][gc,phases      ] GC(15)     Total                          Min: 0, Avg:  0.0, Max: 0, Diff: 0, Sum: 0, Workers: 4
[9.952s][debug][gc,phases      ] GC(15)   StringDedup Requests1 Weak     Min:  0.0, Avg:  0.0, Max:  0.0, Diff:  0.0, Sum:  0.0, Workers: 4
[9.952s][debug][gc,phases      ] GC(15)     Dead                           Min: 0, Avg:  0.0, Max: 0, Diff: 0, Sum: 0, Workers: 4
[9.952s][debug][gc,phases      ] GC(15)     Total                          Min: 0, Avg:  0.0, Max: 0, Diff: 0, Sum: 0, Workers: 4
[9.952s][debug][gc,phases      ] GC(15)   Weak JFR Old Object Samples    Min:  0.0, Avg:  0.0, Max:  0.0, Diff:  0.0, Sum:  0.0, Workers: 4
[9.952s][debug][gc,phases      ] GC(15)     Dead                           Min: 0, Avg:  0.0, Max: 0, Diff: 0, Sum: 0, Workers: 4
[9.952s][debug][gc,phases      ] GC(15)     Total                          Min: 0, Avg:  0.0, Max: 0, Diff: 0, Sum: 0, Workers: 4
[9.952s][debug][gc,phases      ] GC(15) Weak Processing 0.334ms
[9.952s][debug][gc,age         ] GC(15) Desired survivor size 264241152 bytes, new threshold 9 (max threshold 15)
[9.952s][info ][gc,heap        ] GC(15) PSYoungGen: 1584293K(1826304K)->17945K(1839104K) Eden: 1558016K(1558016K)->0K(1575936K) From: 26277K(268288K)->17945K(263168K)
[9.952s][info ][gc,heap        ] GC(15) ParOldGen: 181939K(273920K)->181947K(273920K)
[9.952s][info ][gc,metaspace   ] GC(15) Metaspace: 60447K(61248K)->60447K(61248K) NonClass: 51464K(51904K)->51464K(51904K) Class: 8982K(9344K)->8982K(9344K)
[9.952s][info ][gc             ] GC(15) Pause Young (Allocation Failure) 1724M->195M(2063M) 10.348ms
[9.952s][info ][gc,cpu         ] GC(15) User=0.04s Sys=0.00s Real=0.02s
[9.952s][info ][safepoint      ] Safepoint "ParallelGCFailedAllocation", Time since last: 116969568 ns, Reaching safepoint: 201003 ns, At safepoint: 10456267 ns, Total: 10657270 ns
[10.307s][info ][safepoint      ] Safepoint "ICBufferFull", Time since last: 354872267 ns, Reaching safepoint: 280104 ns, At safepoint: 27301 ns, Total: 307405 ns
[10.355s][info ][gc,start       ] GC(16) Pause Young (Allocation Failure)
[10.366s][debug][gc,phases      ] GC(16) Scavenge 10.823ms
[10.366s][debug][gc,ref         ] GC(16) Skipped phase 1 of Reference Processing: no references
[10.366s][debug][gc,ref         ] GC(16) ReferenceProcessor::execute queues: 1, RefProcThreadModel::Single, marks_oops_alive: false
[10.366s][debug][gc,ref         ] GC(16) Skipped phase 3 of Reference Processing: no references
[10.366s][debug][gc,ref         ] GC(16) ReferenceProcessor::execute queues: 1, RefProcThreadModel::Single, marks_oops_alive: false
[10.366s][debug][gc,phases      ] GC(16) Reference Processing 0.196ms
[10.367s][debug][gc,phases      ] GC(16)   VM Weak                        Min:  0.0, Avg:  0.0, Max:  0.0, Diff:  0.0, Sum:  0.0, Workers: 4
[10.367s][debug][gc,phases      ] GC(16)     Dead                           Min: 0, Avg:  0.0, Max: 0, Diff: 0, Sum: 0, Workers: 4
[10.367s][debug][gc,phases      ] GC(16)     Total                          Min: 0, Avg: 136.0, Max: 448, Diff: 448, Sum: 544, Workers: 4
[10.367s][debug][gc,phases      ] GC(16)   ObjectSynchronizer Weak        Min:  0.0, Avg:  0.0, Max:  0.0, Diff:  0.0, Sum:  0.0, Workers: 4
[10.367s][debug][gc,phases      ] GC(16)     Dead                           Min: 0, Avg:  0.0, Max: 0, Diff: 0, Sum: 0, Workers: 4
[10.367s][debug][gc,phases      ] GC(16)     Total                          Min: 0, Avg: 86.5, Max: 282, Diff: 282, Sum: 346, Workers: 4
[10.367s][debug][gc,phases      ] GC(16)   JVMTI Tag Weak OopStorage      Min:  0.0, Avg:  0.0, Max:  0.0, Diff:  0.0, Sum:  0.0, Workers: 4
[10.367s][debug][gc,phases      ] GC(16)     Dead                           Min: 0, Avg:  0.0, Max: 0, Diff: 0, Sum: 0, Workers: 4
[10.367s][debug][gc,phases      ] GC(16)     Total                          Min: 0, Avg:  0.0, Max: 0, Diff: 0, Sum: 0, Workers: 4
[10.367s][debug][gc,phases      ] GC(16)   StringTable Weak               Min:  0.1, Avg:  0.1, Max:  0.1, Diff:  0.0, Sum:  0.5, Workers: 4
[10.367s][debug][gc,phases      ] GC(16)     Dead                           Min: 0, Avg:  3.0, Max: 12, Diff: 12, Sum: 12, Workers: 4
[10.367s][debug][gc,phases      ] GC(16)     Total                          Min: 9472, Avg: 10133.5, Max: 10880, Diff: 1408, Sum: 40534, Workers: 4
[10.367s][debug][gc,phases      ] GC(16)   ResolvedMethodTable Weak       Min:  0.0, Avg:  0.0, Max:  0.0, Diff:  0.0, Sum:  0.1, Workers: 4
[10.367s][debug][gc,phases      ] GC(16)     Dead                           Min: 0, Avg:  0.0, Max: 0, Diff: 0, Sum: 0, Workers: 4
[10.367s][debug][gc,phases      ] GC(16)     Total                          Min: 1370, Avg: 1574.5, Max: 1792, Diff: 422, Sum: 6298, Workers: 4
[10.367s][debug][gc,phases      ] GC(16)   JNI Weak                       Min:  0.0, Avg:  0.0, Max:  0.0, Diff:  0.0, Sum:  0.0, Workers: 4
[10.367s][debug][gc,phases      ] GC(16)     Dead                           Min: 0, Avg:  0.0, Max: 0, Diff: 0, Sum: 0, Workers: 4
[10.367s][debug][gc,phases      ] GC(16)     Total                          Min: 0, Avg:  6.5, Max: 26, Diff: 26, Sum: 26, Workers: 4
[10.367s][debug][gc,phases      ] GC(16)   StringDedup Table Weak         Min:  0.0, Avg:  0.0, Max:  0.0, Diff:  0.0, Sum:  0.0, Workers: 4
[10.367s][debug][gc,phases      ] GC(16)     Dead                           Min: 0, Avg:  0.0, Max: 0, Diff: 0, Sum: 0, Workers: 4
[10.367s][debug][gc,phases      ] GC(16)     Total                          Min: 0, Avg:  0.0, Max: 0, Diff: 0, Sum: 0, Workers: 4
[10.367s][debug][gc,phases      ] GC(16)   StringDedup Requests0 Weak     Min:  0.0, Avg:  0.0, Max:  0.0, Diff:  0.0, Sum:  0.0, Workers: 4
[10.367s][debug][gc,phases      ] GC(16)     Dead                           Min: 0, Avg:  0.0, Max: 0, Diff: 0, Sum: 0, Workers: 4
[10.367s][debug][gc,phases      ] GC(16)     Total                          Min: 0, Avg:  0.0, Max: 0, Diff: 0, Sum: 0, Workers: 4
[10.367s][debug][gc,phases      ] GC(16)   StringDedup Requests1 Weak     Min:  0.0, Avg:  0.0, Max:  0.0, Diff:  0.0, Sum:  0.0, Workers: 4
[10.367s][debug][gc,phases      ] GC(16)     Dead                           Min: 0, Avg:  0.0, Max: 0, Diff: 0, Sum: 0, Workers: 4
[10.367s][debug][gc,phases      ] GC(16)     Total                          Min: 0, Avg:  0.0, Max: 0, Diff: 0, Sum: 0, Workers: 4
[10.367s][debug][gc,phases      ] GC(16)   Weak JFR Old Object Samples    Min:  0.0, Avg:  0.0, Max:  0.0, Diff:  0.0, Sum:  0.0, Workers: 4
[10.367s][debug][gc,phases      ] GC(16)     Dead                           Min: 0, Avg:  0.0, Max: 0, Diff: 0, Sum: 0, Workers: 4
[10.367s][debug][gc,phases      ] GC(16)     Total                          Min: 0, Avg:  0.0, Max: 0, Diff: 0, Sum: 0, Workers: 4
[10.367s][debug][gc,phases      ] GC(16) Weak Processing 0.437ms
[10.367s][debug][gc,age         ] GC(16) Desired survivor size 257425408 bytes, new threshold 10 (max threshold 15)
[10.367s][info ][gc,heap        ] GC(16) PSYoungGen: 1593881K(1839104K)->20153K(1833984K) Eden: 1575936K(1575936K)->0K(1575936K) From: 17945K(263168K)->20153K(258048K)
[10.367s][info ][gc,heap        ] GC(16) ParOldGen: 181947K(273920K)->181947K(273920K)
[10.367s][info ][gc,metaspace   ] GC(16) Metaspace: 60737K(61504K)->60737K(61504K) NonClass: 51722K(52160K)->51722K(52160K) Class: 9015K(9344K)->9015K(9344K)
[10.367s][info ][gc             ] GC(16) Pause Young (Allocation Failure) 1734M->197M(2058M) 11.618ms
[10.367s][info ][gc,cpu         ] GC(16) User=0.05s Sys=0.00s Real=0.01s
[10.367s][info ][safepoint      ] Safepoint "ParallelGCFailedAllocation", Time since last: 47898164 ns, Reaching safepoint: 160003 ns, At safepoint: 11726487 ns, Total: 11886490 ns
[10.586s][info ][safepoint      ] Safepoint "ICBufferFull", Time since last: 218716793 ns, Reaching safepoint: 260204 ns, At safepoint: 26900 ns, Total: 287104 ns
[10.856s][info ][gc,start       ] GC(17) Pause Young (Allocation Failure)
[10.869s][debug][gc,phases      ] GC(17) Scavenge 12.834ms
[10.869s][debug][gc,ref         ] GC(17) Skipped phase 1 of Reference Processing: no references
[10.870s][debug][gc,ref         ] GC(17) ReferenceProcessor::execute queues: 2, RefProcThreadModel::Multi, marks_oops_alive: false
[10.870s][debug][gc,ref         ] GC(17) Skipped phase 3 of Reference Processing: no references
[10.870s][debug][gc,ref         ] GC(17) ReferenceProcessor::execute queues: 1, RefProcThreadModel::Single, marks_oops_alive: false
[10.870s][debug][gc,phases      ] GC(17) Reference Processing 0.241ms
[10.870s][debug][gc,phases      ] GC(17)   VM Weak                        Min:  0.0, Avg:  0.0, Max:  0.0, Diff:  0.0, Sum:  0.0, Workers: 4
[10.870s][debug][gc,phases      ] GC(17)     Dead                           Min: 0, Avg:  0.0, Max: 0, Diff: 0, Sum: 0, Workers: 4
[10.870s][debug][gc,phases      ] GC(17)     Total                          Min: 0, Avg: 136.0, Max: 416, Diff: 416, Sum: 544, Workers: 4
[10.870s][debug][gc,phases      ] GC(17)   ObjectSynchronizer Weak        Min:  0.0, Avg:  0.0, Max:  0.0, Diff:  0.0, Sum:  0.0, Workers: 4
[10.870s][debug][gc,phases      ] GC(17)     Dead                           Min: 0, Avg:  0.0, Max: 0, Diff: 0, Sum: 0, Workers: 4
[10.870s][debug][gc,phases      ] GC(17)     Total                          Min: 0, Avg: 86.5, Max: 154, Diff: 154, Sum: 346, Workers: 4
[10.870s][debug][gc,phases      ] GC(17)   JVMTI Tag Weak OopStorage      Min:  0.0, Avg:  0.0, Max:  0.0, Diff:  0.0, Sum:  0.0, Workers: 4
[10.870s][debug][gc,phases      ] GC(17)     Dead                           Min: 0, Avg:  0.0, Max: 0, Diff: 0, Sum: 0, Workers: 4
[10.870s][debug][gc,phases      ] GC(17)     Total                          Min: 0, Avg:  0.0, Max: 0, Diff: 0, Sum: 0, Workers: 4
[10.870s][debug][gc,phases      ] GC(17)   StringTable Weak               Min:  0.1, Avg:  0.1, Max:  0.1, Diff:  0.0, Sum:  0.4, Workers: 4
[10.870s][debug][gc,phases      ] GC(17)     Dead                           Min: 0, Avg:  2.8, Max: 11, Diff: 11, Sum: 11, Workers: 4
[10.870s][debug][gc,phases      ] GC(17)     Total                          Min: 9536, Avg: 10135.5, Max: 10944, Diff: 1408, Sum: 40542, Workers: 4
[10.870s][debug][gc,phases      ] GC(17)   ResolvedMethodTable Weak       Min:  0.0, Avg:  0.0, Max:  0.0, Diff:  0.0, Sum:  0.1, Workers: 4
[10.870s][debug][gc,phases      ] GC(17)     Dead                           Min: 0, Avg:  0.0, Max: 0, Diff: 0, Sum: 0, Workers: 4
[10.870s][debug][gc,phases      ] GC(17)     Total                          Min: 1408, Avg: 1574.5, Max: 1792, Diff: 384, Sum: 6298, Workers: 4
[10.870s][debug][gc,phases      ] GC(17)   JNI Weak                       Min:  0.0, Avg:  0.0, Max:  0.0, Diff:  0.0, Sum:  0.0, Workers: 4
[10.870s][debug][gc,phases      ] GC(17)     Dead                           Min: 0, Avg:  0.0, Max: 0, Diff: 0, Sum: 0, Workers: 4
[10.870s][debug][gc,phases      ] GC(17)     Total                          Min: 0, Avg:  2.0, Max: 8, Diff: 8, Sum: 8, Workers: 4
[10.870s][debug][gc,phases      ] GC(17)   StringDedup Table Weak         Min:  0.0, Avg:  0.0, Max:  0.0, Diff:  0.0, Sum:  0.0, Workers: 4
[10.870s][debug][gc,phases      ] GC(17)     Dead                           Min: 0, Avg:  0.0, Max: 0, Diff: 0, Sum: 0, Workers: 4
[10.870s][debug][gc,phases      ] GC(17)     Total                          Min: 0, Avg:  0.0, Max: 0, Diff: 0, Sum: 0, Workers: 4
[10.870s][debug][gc,phases      ] GC(17)   StringDedup Requests0 Weak     Min:  0.0, Avg:  0.0, Max:  0.0, Diff:  0.0, Sum:  0.0, Workers: 4
[10.870s][debug][gc,phases      ] GC(17)     Dead                           Min: 0, Avg:  0.0, Max: 0, Diff: 0, Sum: 0, Workers: 4
[10.870s][debug][gc,phases      ] GC(17)     Total                          Min: 0, Avg:  0.0, Max: 0, Diff: 0, Sum: 0, Workers: 4
[10.870s][debug][gc,phases      ] GC(17)   StringDedup Requests1 Weak     Min:  0.0, Avg:  0.0, Max:  0.0, Diff:  0.0, Sum:  0.0, Workers: 4
[10.870s][debug][gc,phases      ] GC(17)     Dead                           Min: 0, Avg:  0.0, Max: 0, Diff: 0, Sum: 0, Workers: 4
[10.870s][debug][gc,phases      ] GC(17)     Total                          Min: 0, Avg:  0.0, Max: 0, Diff: 0, Sum: 0, Workers: 4
[10.870s][debug][gc,phases      ] GC(17)   Weak JFR Old Object Samples    Min:  0.0, Avg:  0.0, Max:  0.0, Diff:  0.0, Sum:  0.0, Workers: 4
[10.870s][debug][gc,phases      ] GC(17)     Dead                           Min: 0, Avg:  0.0, Max: 0, Diff: 0, Sum: 0, Workers: 4
[10.870s][debug][gc,phases      ] GC(17)     Total                          Min: 0, Avg:  0.0, Max: 0, Diff: 0, Sum: 0, Workers: 4
[10.870s][debug][gc,phases      ] GC(17) Weak Processing 0.386ms
[10.870s][debug][gc,age         ] GC(17) Desired survivor size 248512512 bytes, new threshold 11 (max threshold 15)
[10.870s][info ][gc,heap        ] GC(17) PSYoungGen: 1596089K(1833984K)->23097K(1854464K) Eden: 1575936K(1575936K)->0K(1603072K) From: 20153K(258048K)->23097K(251392K)
[10.870s][info ][gc,heap        ] GC(17) ParOldGen: 181947K(273920K)->181947K(273920K)
[10.870s][info ][gc,metaspace   ] GC(17) Metaspace: 60745K(61504K)->60745K(61504K) NonClass: 51729K(52160K)->51729K(52160K) Class: 9016K(9344K)->9016K(9344K)
[10.870s][info ][gc             ] GC(17) Pause Young (Allocation Failure) 1736M->200M(2078M) 13.613ms
[10.870s][info ][gc,cpu         ] GC(17) User=0.06s Sys=0.00s Real=0.01s
[10.870s][info ][safepoint      ] Safepoint "ParallelGCFailedAllocation", Time since last: 270231215 ns, Reaching safepoint: 206004 ns, At safepoint: 13728519 ns, Total: 13934523 ns
[11.215s][info ][gc,start       ] GC(18) Pause Young (Allocation Failure)
[11.229s][debug][gc,phases      ] GC(18) Scavenge 14.051ms
[11.229s][debug][gc,ref         ] GC(18) Skipped phase 1 of Reference Processing: no references
[11.230s][debug][gc,ref         ] GC(18) ReferenceProcessor::execute queues: 2, RefProcThreadModel::Multi, marks_oops_alive: false
[11.230s][debug][gc,ref         ] GC(18) Skipped phase 3 of Reference Processing: no references
[11.230s][debug][gc,ref         ] GC(18) ReferenceProcessor::execute queues: 1, RefProcThreadModel::Single, marks_oops_alive: false
[11.230s][debug][gc,phases      ] GC(18) Reference Processing 0.232ms
[11.230s][debug][gc,phases      ] GC(18)   VM Weak                        Min:  0.0, Avg:  0.0, Max:  0.0, Diff:  0.0, Sum:  0.0, Workers: 4
[11.230s][debug][gc,phases      ] GC(18)     Dead                           Min: 0, Avg:  0.0, Max: 0, Diff: 0, Sum: 0, Workers: 4
[11.230s][debug][gc,phases      ] GC(18)     Total                          Min: 0, Avg: 136.0, Max: 416, Diff: 416, Sum: 544, Workers: 4
[11.230s][debug][gc,phases      ] GC(18)   ObjectSynchronizer Weak        Min:  0.0, Avg:  0.0, Max:  0.0, Diff:  0.0, Sum:  0.0, Workers: 4
[11.230s][debug][gc,phases      ] GC(18)     Dead                           Min: 0, Avg:  0.0, Max: 0, Diff: 0, Sum: 0, Workers: 4
[11.230s][debug][gc,phases      ] GC(18)     Total                          Min: 0, Avg: 86.5, Max: 218, Diff: 218, Sum: 346, Workers: 4
[11.230s][debug][gc,phases      ] GC(18)   JVMTI Tag Weak OopStorage      Min:  0.0, Avg:  0.0, Max:  0.0, Diff:  0.0, Sum:  0.0, Workers: 4
[11.230s][debug][gc,phases      ] GC(18)     Dead                           Min: 0, Avg:  0.0, Max: 0, Diff: 0, Sum: 0, Workers: 4
[11.230s][debug][gc,phases      ] GC(18)     Total                          Min: 0, Avg:  0.0, Max: 0, Diff: 0, Sum: 0, Workers: 4
[11.230s][debug][gc,phases      ] GC(18)   StringTable Weak               Min:  0.1, Avg:  0.1, Max:  0.1, Diff:  0.0, Sum:  0.5, Workers: 4
[11.230s][debug][gc,phases      ] GC(18)     Dead                           Min: 0, Avg:  2.8, Max: 11, Diff: 11, Sum: 11, Workers: 4
[11.230s][debug][gc,phases      ] GC(18)     Total                          Min: 9536, Avg: 10145.0, Max: 10496, Diff: 960, Sum: 40580, Workers: 4
[11.230s][debug][gc,phases      ] GC(18)   ResolvedMethodTable Weak       Min:  0.0, Avg:  0.0, Max:  0.0, Diff:  0.0, Sum:  0.1, Workers: 4
[11.230s][debug][gc,phases      ] GC(18)     Dead                           Min: 0, Avg:  0.0, Max: 0, Diff: 0, Sum: 0, Workers: 4
[11.230s][debug][gc,phases      ] GC(18)     Total                          Min: 1344, Avg: 1574.5, Max: 1818, Diff: 474, Sum: 6298, Workers: 4
[11.230s][debug][gc,phases      ] GC(18)   JNI Weak                       Min:  0.0, Avg:  0.0, Max:  0.0, Diff:  0.0, Sum:  0.0, Workers: 4
[11.230s][debug][gc,phases      ] GC(18)     Dead                           Min: 0, Avg:  0.0, Max: 0, Diff: 0, Sum: 0, Workers: 4
[11.230s][debug][gc,phases      ] GC(18)     Total                          Min: 0, Avg:  2.8, Max: 11, Diff: 11, Sum: 11, Workers: 4
[11.230s][debug][gc,phases      ] GC(18)   StringDedup Table Weak         Min:  0.0, Avg:  0.0, Max:  0.0, Diff:  0.0, Sum:  0.0, Workers: 4
[11.230s][debug][gc,phases      ] GC(18)     Dead                           Min: 0, Avg:  0.0, Max: 0, Diff: 0, Sum: 0, Workers: 4
[11.230s][debug][gc,phases      ] GC(18)     Total                          Min: 0, Avg:  0.0, Max: 0, Diff: 0, Sum: 0, Workers: 4
[11.230s][debug][gc,phases      ] GC(18)   StringDedup Requests0 Weak     Min:  0.0, Avg:  0.0, Max:  0.0, Diff:  0.0, Sum:  0.0, Workers: 4
[11.230s][debug][gc,phases      ] GC(18)     Dead                           Min: 0, Avg:  0.0, Max: 0, Diff: 0, Sum: 0, Workers: 4
[11.230s][debug][gc,phases      ] GC(18)     Total                          Min: 0, Avg:  0.0, Max: 0, Diff: 0, Sum: 0, Workers: 4
[11.230s][debug][gc,phases      ] GC(18)   StringDedup Requests1 Weak     Min:  0.0, Avg:  0.0, Max:  0.0, Diff:  0.0, Sum:  0.0, Workers: 4
[11.230s][debug][gc,phases      ] GC(18)     Dead                           Min: 0, Avg:  0.0, Max: 0, Diff: 0, Sum: 0, Workers: 4
[11.230s][debug][gc,phases      ] GC(18)     Total                          Min: 0, Avg:  0.0, Max: 0, Diff: 0, Sum: 0, Workers: 4
[11.230s][debug][gc,phases      ] GC(18)   Weak JFR Old Object Samples    Min:  0.0, Avg:  0.0, Max:  0.0, Diff:  0.0, Sum:  0.0, Workers: 4
[11.230s][debug][gc,phases      ] GC(18)     Dead                           Min: 0, Avg:  0.0, Max: 0, Diff: 0, Sum: 0, Workers: 4
[11.230s][debug][gc,phases      ] GC(18)     Total                          Min: 0, Avg:  0.0, Max: 0, Diff: 0, Sum: 0, Workers: 4
[11.230s][debug][gc,phases      ] GC(18) Weak Processing 0.374ms
[11.230s][debug][gc,age         ] GC(18) Desired survivor size 239075328 bytes, new threshold 12 (max threshold 15)
[11.230s][info ][gc,heap        ] GC(18) PSYoungGen: 1626169K(1854464K)->25945K(1845760K) Eden: 1603072K(1603072K)->0K(1603072K) From: 23097K(251392K)->25945K(242688K)
[11.230s][info ][gc,heap        ] GC(18) ParOldGen: 181947K(273920K)->181955K(273920K)
[11.230s][info ][gc,metaspace   ] GC(18) Metaspace: 60762K(61504K)->60762K(61504K) NonClass: 51744K(52160K)->51744K(52160K) Class: 9018K(9344K)->9018K(9344K)
[11.230s][info ][gc             ] GC(18) Pause Young (Allocation Failure) 1765M->203M(2070M) 14.802ms
[11.230s][info ][gc,cpu         ] GC(18) User=0.06s Sys=0.00s Real=0.01s
[11.230s][info ][safepoint      ] Safepoint "ParallelGCFailedAllocation", Time since last: 344880507 ns, Reaching safepoint: 213303 ns, At safepoint: 14911938 ns, Total: 15125241 ns
[11.668s][info ][gc,start       ] GC(19) Pause Young (Allocation Failure)
[11.683s][debug][gc,phases      ] GC(19) Scavenge 14.260ms
[11.683s][debug][gc,ref         ] GC(19) Skipped phase 1 of Reference Processing: no references
[11.683s][debug][gc,ref         ] GC(19) ReferenceProcessor::execute queues: 2, RefProcThreadModel::Multi, marks_oops_alive: false
[11.683s][debug][gc,ref         ] GC(19) Skipped phase 3 of Reference Processing: no references
[11.683s][debug][gc,ref         ] GC(19) ReferenceProcessor::execute queues: 1, RefProcThreadModel::Single, marks_oops_alive: false
[11.683s][debug][gc,phases      ] GC(19) Reference Processing 0.150ms
[11.683s][debug][gc,phases      ] GC(19)   VM Weak                        Min:  0.0, Avg:  0.0, Max:  0.0, Diff:  0.0, Sum:  0.0, Workers: 4
[11.683s][debug][gc,phases      ] GC(19)     Dead                           Min: 0, Avg:  0.0, Max: 0, Diff: 0, Sum: 0, Workers: 4
[11.683s][debug][gc,phases      ] GC(19)     Total                          Min: 0, Avg: 137.0, Max: 292, Diff: 292, Sum: 548, Workers: 4
[11.683s][debug][gc,phases      ] GC(19)   ObjectSynchronizer Weak        Min:  0.0, Avg:  0.0, Max:  0.0, Diff:  0.0, Sum:  0.0, Workers: 4
[11.683s][debug][gc,phases      ] GC(19)     Dead                           Min: 0, Avg:  0.0, Max: 0, Diff: 0, Sum: 0, Workers: 4
[11.683s][debug][gc,phases      ] GC(19)     Total                          Min: 0, Avg: 86.5, Max: 192, Diff: 192, Sum: 346, Workers: 4
[11.683s][debug][gc,phases      ] GC(19)   JVMTI Tag Weak OopStorage      Min:  0.0, Avg:  0.0, Max:  0.0, Diff:  0.0, Sum:  0.0, Workers: 4
[11.683s][debug][gc,phases      ] GC(19)     Dead                           Min: 0, Avg:  0.0, Max: 0, Diff: 0, Sum: 0, Workers: 4
[11.683s][debug][gc,phases      ] GC(19)     Total                          Min: 0, Avg:  0.0, Max: 0, Diff: 0, Sum: 0, Workers: 4
[11.683s][debug][gc,phases      ] GC(19)   StringTable Weak               Min:  0.1, Avg:  0.1, Max:  0.1, Diff:  0.0, Sum:  0.4, Workers: 4
[11.683s][debug][gc,phases      ] GC(19)     Dead                           Min: 0, Avg:  3.8, Max: 15, Diff: 15, Sum: 15, Workers: 4
[11.683s][debug][gc,phases      ] GC(19)     Total                          Min: 8960, Avg: 10158.5, Max: 11962, Diff: 3002, Sum: 40634, Workers: 4
[11.683s][debug][gc,phases      ] GC(19)   ResolvedMethodTable Weak       Min:  0.0, Avg:  0.0, Max:  0.0, Diff:  0.0, Sum:  0.1, Workers: 4
[11.683s][debug][gc,phases      ] GC(19)     Dead                           Min: 0, Avg:  5.0, Max: 9, Diff: 9, Sum: 20, Workers: 4
[11.683s][debug][gc,phases      ] GC(19)     Total                          Min: 1344, Avg: 1589.0, Max: 1685, Diff: 341, Sum: 6356, Workers: 4
[11.683s][debug][gc,phases      ] GC(19)   JNI Weak                       Min:  0.0, Avg:  0.0, Max:  0.0, Diff:  0.0, Sum:  0.0, Workers: 4
[11.683s][debug][gc,phases      ] GC(19)     Dead                           Min: 0, Avg:  0.0, Max: 0, Diff: 0, Sum: 0, Workers: 4
[11.683s][debug][gc,phases      ] GC(19)     Total                          Min: 0, Avg:  2.2, Max: 9, Diff: 9, Sum: 9, Workers: 4
[11.683s][debug][gc,phases      ] GC(19)   StringDedup Table Weak         Min:  0.0, Avg:  0.0, Max:  0.0, Diff:  0.0, Sum:  0.0, Workers: 4
[11.683s][debug][gc,phases      ] GC(19)     Dead                           Min: 0, Avg:  0.0, Max: 0, Diff: 0, Sum: 0, Workers: 4
[11.683s][debug][gc,phases      ] GC(19)     Total                          Min: 0, Avg:  0.0, Max: 0, Diff: 0, Sum: 0, Workers: 4
[11.683s][debug][gc,phases      ] GC(19)   StringDedup Requests0 Weak     Min:  0.0, Avg:  0.0, Max:  0.0, Diff:  0.0, Sum:  0.0, Workers: 4
[11.683s][debug][gc,phases      ] GC(19)     Dead                           Min: 0, Avg:  0.0, Max: 0, Diff: 0, Sum: 0, Workers: 4
[11.683s][debug][gc,phases      ] GC(19)     Total                          Min: 0, Avg:  0.0, Max: 0, Diff: 0, Sum: 0, Workers: 4
[11.683s][debug][gc,phases      ] GC(19)   StringDedup Requests1 Weak     Min:  0.0, Avg:  0.0, Max:  0.0, Diff:  0.0, Sum:  0.0, Workers: 4
[11.683s][debug][gc,phases      ] GC(19)     Dead                           Min: 0, Avg:  0.0, Max: 0, Diff: 0, Sum: 0, Workers: 4
[11.683s][debug][gc,phases      ] GC(19)     Total                          Min: 0, Avg:  0.0, Max: 0, Diff: 0, Sum: 0, Workers: 4
[11.683s][debug][gc,phases      ] GC(19)   Weak JFR Old Object Samples    Min:  0.0, Avg:  0.0, Max:  0.0, Diff:  0.0, Sum:  0.0, Workers: 4
[11.683s][debug][gc,phases      ] GC(19)     Dead                           Min: 0, Avg:  0.0, Max: 0, Diff: 0, Sum: 0, Workers: 4
[11.683s][debug][gc,phases      ] GC(19)     Total                          Min: 0, Avg:  0.0, Max: 0, Diff: 0, Sum: 0, Workers: 4
[11.683s][debug][gc,phases      ] GC(19) Weak Processing 0.358ms
[11.683s][debug][gc,age         ] GC(19) Desired survivor size 228065280 bytes, new threshold 13 (max threshold 15)
[11.683s][info ][gc,heap        ] GC(19) PSYoungGen: 1629017K(1845760K)->29495K(1874432K) Eden: 1603072K(1603072K)->0K(1640960K) From: 25945K(242688K)->29495K(233472K)
[11.683s][info ][gc,heap        ] GC(19) ParOldGen: 181955K(273920K)->181955K(273920K)
[11.683s][info ][gc,metaspace   ] GC(19) Metaspace: 61097K(61888K)->61097K(61888K) NonClass: 52040K(52480K)->52040K(52480K) Class: 9056K(9408K)->9056K(9408K)
[11.683s][info ][gc             ] GC(19) Pause Young (Allocation Failure) 1768M->206M(2098M) 14.910ms
[11.683s][info ][gc,cpu         ] GC(19) User=0.06s Sys=0.00s Real=0.02s
[11.683s][info ][safepoint      ] Safepoint "ParallelGCFailedAllocation", Time since last: 437827090 ns, Reaching safepoint: 299005 ns, At safepoint: 15016640 ns, Total: 15315645 ns
[12.140s][info ][gc,start       ] GC(20) Pause Young (Allocation Failure)
[12.155s][debug][gc,phases      ] GC(20) Scavenge 15.613ms
[12.155s][debug][gc,ref         ] GC(20) Skipped phase 1 of Reference Processing: no references
[12.156s][debug][gc,ref         ] GC(20) ReferenceProcessor::execute queues: 2, RefProcThreadModel::Multi, marks_oops_alive: false
[12.156s][debug][gc,ref         ] GC(20) Skipped phase 3 of Reference Processing: no references
[12.156s][debug][gc,ref         ] GC(20) ReferenceProcessor::execute queues: 1, RefProcThreadModel::Single, marks_oops_alive: false
[12.156s][debug][gc,phases      ] GC(20) Reference Processing 0.230ms
[12.156s][debug][gc,phases      ] GC(20)   VM Weak                        Min:  0.0, Avg:  0.0, Max:  0.0, Diff:  0.0, Sum:  0.0, Workers: 4
[12.156s][debug][gc,phases      ] GC(20)     Dead                           Min: 0, Avg:  0.0, Max: 0, Diff: 0, Sum: 0, Workers: 4
[12.156s][debug][gc,phases      ] GC(20)     Total                          Min: 0, Avg: 137.2, Max: 384, Diff: 384, Sum: 549, Workers: 4
[12.156s][debug][gc,phases      ] GC(20)   ObjectSynchronizer Weak        Min:  0.0, Avg:  0.0, Max:  0.0, Diff:  0.0, Sum:  0.0, Workers: 4
[12.156s][debug][gc,phases      ] GC(20)     Dead                           Min: 0, Avg:  0.0, Max: 0, Diff: 0, Sum: 0, Workers: 4
[12.156s][debug][gc,phases      ] GC(20)     Total                          Min: 0, Avg: 86.5, Max: 192, Diff: 192, Sum: 346, Workers: 4
[12.156s][debug][gc,phases      ] GC(20)   JVMTI Tag Weak OopStorage      Min:  0.0, Avg:  0.0, Max:  0.0, Diff:  0.0, Sum:  0.0, Workers: 4
[12.156s][debug][gc,phases      ] GC(20)     Dead                           Min: 0, Avg:  0.0, Max: 0, Diff: 0, Sum: 0, Workers: 4
[12.156s][debug][gc,phases      ] GC(20)     Total                          Min: 0, Avg:  0.0, Max: 0, Diff: 0, Sum: 0, Workers: 4
[12.156s][debug][gc,phases      ] GC(20)   StringTable Weak               Min:  0.1, Avg:  0.1, Max:  0.1, Diff:  0.0, Sum:  0.5, Workers: 4
[12.156s][debug][gc,phases      ] GC(20)     Dead                           Min: 0, Avg:  0.8, Max: 3, Diff: 3, Sum: 3, Workers: 4
[12.156s][debug][gc,phases      ] GC(20)     Total                          Min: 9600, Avg: 10364.5, Max: 11634, Diff: 2034, Sum: 41458, Workers: 4
[12.156s][debug][gc,phases      ] GC(20)   ResolvedMethodTable Weak       Min:  0.0, Avg:  0.0, Max:  0.0, Diff:  0.0, Sum:  0.1, Workers: 4
[12.156s][debug][gc,phases      ] GC(20)     Dead                           Min: 0, Avg: 16.0, Max: 45, Diff: 45, Sum: 64, Workers: 4
[12.156s][debug][gc,phases      ] GC(20)     Total                          Min: 1407, Avg: 1603.5, Max: 1792, Diff: 385, Sum: 6414, Workers: 4
[12.156s][debug][gc,phases      ] GC(20)   JNI Weak                       Min:  0.0, Avg:  0.0, Max:  0.0, Diff:  0.0, Sum:  0.0, Workers: 4
[12.156s][debug][gc,phases      ] GC(20)     Dead                           Min: 0, Avg:  0.0, Max: 0, Diff: 0, Sum: 0, Workers: 4
[12.156s][debug][gc,phases      ] GC(20)     Total                          Min: 0, Avg:  0.2, Max: 1, Diff: 1, Sum: 1, Workers: 4
[12.156s][debug][gc,phases      ] GC(20)   StringDedup Table Weak         Min:  0.0, Avg:  0.0, Max:  0.0, Diff:  0.0, Sum:  0.0, Workers: 4
[12.156s][debug][gc,phases      ] GC(20)     Dead                           Min: 0, Avg:  0.0, Max: 0, Diff: 0, Sum: 0, Workers: 4
[12.156s][debug][gc,phases      ] GC(20)     Total                          Min: 0, Avg:  0.0, Max: 0, Diff: 0, Sum: 0, Workers: 4
[12.156s][debug][gc,phases      ] GC(20)   StringDedup Requests0 Weak     Min:  0.0, Avg:  0.0, Max:  0.0, Diff:  0.0, Sum:  0.0, Workers: 4
[12.156s][debug][gc,phases      ] GC(20)     Dead                           Min: 0, Avg:  0.0, Max: 0, Diff: 0, Sum: 0, Workers: 4
[12.156s][debug][gc,phases      ] GC(20)     Total                          Min: 0, Avg:  0.0, Max: 0, Diff: 0, Sum: 0, Workers: 4
[12.156s][debug][gc,phases      ] GC(20)   StringDedup Requests1 Weak     Min:  0.0, Avg:  0.0, Max:  0.0, Diff:  0.0, Sum:  0.0, Workers: 4
[12.156s][debug][gc,phases      ] GC(20)     Dead                           Min: 0, Avg:  0.0, Max: 0, Diff: 0, Sum: 0, Workers: 4
[12.156s][debug][gc,phases      ] GC(20)     Total                          Min: 0, Avg:  0.0, Max: 0, Diff: 0, Sum: 0, Workers: 4
[12.156s][debug][gc,phases      ] GC(20)   Weak JFR Old Object Samples    Min:  0.0, Avg:  0.0, Max:  0.0, Diff:  0.0, Sum:  0.0, Workers: 4
[12.156s][debug][gc,phases      ] GC(20)     Dead                           Min: 0, Avg:  0.0, Max: 0, Diff: 0, Sum: 0, Workers: 4
[12.156s][debug][gc,phases      ] GC(20)     Total                          Min: 0, Avg:  0.0, Max: 0, Diff: 0, Sum: 0, Workers: 4
[12.156s][debug][gc,phases      ] GC(20) Weak Processing 0.347ms
[12.156s][debug][gc,age         ] GC(20) Desired survivor size 217579520 bytes, new threshold 14 (max threshold 15)
[12.156s][info ][gc,heap        ] GC(20) PSYoungGen: 1670455K(1874432K)->30137K(1863680K) Eden: 1640960K(1640960K)->0K(1640960K) From: 29495K(233472K)->30137K(222720K)
[12.156s][info ][gc,heap        ] GC(20) ParOldGen: 181955K(273920K)->181963K(273920K)
[12.156s][info ][gc,metaspace   ] GC(20) Metaspace: 62972K(63744K)->62972K(63744K) NonClass: 53674K(54080K)->53674K(54080K) Class: 9298K(9664K)->9298K(9664K)
[12.156s][info ][gc             ] GC(20) Pause Young (Allocation Failure) 1808M->207M(2087M) 16.317ms
[12.156s][info ][gc,cpu         ] GC(20) User=0.07s Sys=0.01s Real=0.02s
[12.156s][info ][safepoint      ] Safepoint "ParallelGCFailedAllocation", Time since last: 456258884 ns, Reaching safepoint: 171103 ns, At safepoint: 16424962 ns, Total: 16596065 ns
[12.586s][info ][gc,start       ] GC(21) Pause Young (Allocation Failure)
[12.602s][debug][gc,phases      ] GC(21) Scavenge 16.338ms
[12.602s][debug][gc,ref         ] GC(21) Skipped phase 1 of Reference Processing: no references
[12.602s][debug][gc,ref         ] GC(21) ReferenceProcessor::execute queues: 2, RefProcThreadModel::Multi, marks_oops_alive: false
[12.602s][debug][gc,ref         ] GC(21) Skipped phase 3 of Reference Processing: no references
[12.602s][debug][gc,ref         ] GC(21) ReferenceProcessor::execute queues: 1, RefProcThreadModel::Single, marks_oops_alive: false
[12.602s][debug][gc,phases      ] GC(21) Reference Processing 0.222ms
[12.603s][debug][gc,phases      ] GC(21)   VM Weak                        Min:  0.0, Avg:  0.0, Max:  0.0, Diff:  0.0, Sum:  0.0, Workers: 4
[12.603s][debug][gc,phases      ] GC(21)     Dead                           Min: 0, Avg:  0.0, Max: 0, Diff: 0, Sum: 0, Workers: 4
[12.603s][debug][gc,phases      ] GC(21)     Total                          Min: 0, Avg: 140.2, Max: 305, Diff: 305, Sum: 561, Workers: 4
[12.603s][debug][gc,phases      ] GC(21)   ObjectSynchronizer Weak        Min:  0.0, Avg:  0.0, Max:  0.0, Diff:  0.0, Sum:  0.0, Workers: 4
[12.603s][debug][gc,phases      ] GC(21)     Dead                           Min: 0, Avg:  0.0, Max: 0, Diff: 0, Sum: 0, Workers: 4
[12.603s][debug][gc,phases      ] GC(21)     Total                          Min: 0, Avg: 87.0, Max: 192, Diff: 192, Sum: 348, Workers: 4
[12.603s][debug][gc,phases      ] GC(21)   JVMTI Tag Weak OopStorage      Min:  0.0, Avg:  0.0, Max:  0.0, Diff:  0.0, Sum:  0.0, Workers: 4
[12.603s][debug][gc,phases      ] GC(21)     Dead                           Min: 0, Avg:  0.0, Max: 0, Diff: 0, Sum: 0, Workers: 4
[12.603s][debug][gc,phases      ] GC(21)     Total                          Min: 0, Avg:  0.0, Max: 0, Diff: 0, Sum: 0, Workers: 4
[12.603s][debug][gc,phases      ] GC(21)   StringTable Weak               Min:  0.1, Avg:  0.1, Max:  0.1, Diff:  0.0, Sum:  0.5, Workers: 4
[12.603s][debug][gc,phases      ] GC(21)     Dead                           Min: 0, Avg:  3.5, Max: 12, Diff: 12, Sum: 14, Workers: 4
[12.603s][debug][gc,phases      ] GC(21)     Total                          Min: 9728, Avg: 10527.8, Max: 11455, Diff: 1727, Sum: 42111, Workers: 4
[12.603s][debug][gc,phases      ] GC(21)   ResolvedMethodTable Weak       Min:  0.0, Avg:  0.0, Max:  0.0, Diff:  0.0, Sum:  0.1, Workers: 4
[12.603s][debug][gc,phases      ] GC(21)     Dead                           Min: 1, Avg: 22.5, Max: 63, Diff: 62, Sum: 90, Workers: 4
[12.603s][debug][gc,phases      ] GC(21)     Total                          Min: 1472, Avg: 1653.8, Max: 1855, Diff: 383, Sum: 6615, Workers: 4
[12.603s][debug][gc,phases      ] GC(21)   JNI Weak                       Min:  0.0, Avg:  0.0, Max:  0.0, Diff:  0.0, Sum:  0.0, Workers: 4
[12.603s][debug][gc,phases      ] GC(21)     Dead                           Min: 0, Avg:  0.0, Max: 0, Diff: 0, Sum: 0, Workers: 4
[12.603s][debug][gc,phases      ] GC(21)     Total                          Min: 0, Avg:  2.5, Max: 10, Diff: 10, Sum: 10, Workers: 4
[12.603s][debug][gc,phases      ] GC(21)   StringDedup Table Weak         Min:  0.0, Avg:  0.0, Max:  0.0, Diff:  0.0, Sum:  0.0, Workers: 4
[12.603s][debug][gc,phases      ] GC(21)     Dead                           Min: 0, Avg:  0.0, Max: 0, Diff: 0, Sum: 0, Workers: 4
[12.603s][debug][gc,phases      ] GC(21)     Total                          Min: 0, Avg:  0.0, Max: 0, Diff: 0, Sum: 0, Workers: 4
[12.603s][debug][gc,phases      ] GC(21)   StringDedup Requests0 Weak     Min:  0.0, Avg:  0.0, Max:  0.0, Diff:  0.0, Sum:  0.0, Workers: 4
[12.603s][debug][gc,phases      ] GC(21)     Dead                           Min: 0, Avg:  0.0, Max: 0, Diff: 0, Sum: 0, Workers: 4
[12.603s][debug][gc,phases      ] GC(21)     Total                          Min: 0, Avg:  0.0, Max: 0, Diff: 0, Sum: 0, Workers: 4
[12.603s][debug][gc,phases      ] GC(21)   StringDedup Requests1 Weak     Min:  0.0, Avg:  0.0, Max:  0.0, Diff:  0.0, Sum:  0.0, Workers: 4
[12.603s][debug][gc,phases      ] GC(21)     Dead                           Min: 0, Avg:  0.0, Max: 0, Diff: 0, Sum: 0, Workers: 4
[12.603s][debug][gc,phases      ] GC(21)     Total                          Min: 0, Avg:  0.0, Max: 0, Diff: 0, Sum: 0, Workers: 4
[12.603s][debug][gc,phases      ] GC(21)   Weak JFR Old Object Samples    Min:  0.0, Avg:  0.0, Max:  0.0, Diff:  0.0, Sum:  0.0, Workers: 4
[12.603s][debug][gc,phases      ] GC(21)     Dead                           Min: 0, Avg:  0.0, Max: 0, Diff: 0, Sum: 0, Workers: 4
[12.603s][debug][gc,phases      ] GC(21)     Total                          Min: 0, Avg:  0.0, Max: 0, Diff: 0, Sum: 0, Workers: 4
[12.603s][debug][gc,phases      ] GC(21) Weak Processing 0.336ms
[12.603s][debug][gc,age         ] GC(21) Desired survivor size 206045184 bytes, new threshold 15 (max threshold 15)
[12.603s][info ][gc,heap        ] GC(21) PSYoungGen: 1671097K(1863680K)->34723K(1895936K) Eden: 1640960K(1640960K)->0K(1683456K) From: 30137K(222720K)->34723K(212480K)
[12.603s][info ][gc,heap        ] GC(21) ParOldGen: 181963K(273920K)->181971K(273920K)
[12.603s][info ][gc,metaspace   ] GC(21) Metaspace: 66050K(66752K)->66050K(66752K) NonClass: 56389K(56768K)->56389K(56768K) Class: 9661K(9984K)->9661K(9984K)
[12.603s][info ][gc             ] GC(21) Pause Young (Allocation Failure) 1809M->211M(2119M) 17.038ms
[12.603s][info ][gc,cpu         ] GC(21) User=0.06s Sys=0.00s Real=0.01s
[12.603s][info ][safepoint      ] Safepoint "ParallelGCFailedAllocation", Time since last: 429353454 ns, Reaching safepoint: 210104 ns, At safepoint: 17152673 ns, Total: 17362777 ns
[13.125s][info ][gc,start       ] GC(22) Pause Young (Allocation Failure)
[13.208s][debug][gc,phases      ] GC(22) Scavenge 82.054ms
[13.208s][debug][gc,ref         ] GC(22) Skipped phase 1 of Reference Processing: no references
[13.208s][debug][gc,ref         ] GC(22) ReferenceProcessor::execute queues: 2, RefProcThreadModel::Multi, marks_oops_alive: false
[13.208s][debug][gc,ref         ] GC(22) Skipped phase 3 of Reference Processing: no references
[13.208s][debug][gc,ref         ] GC(22) ReferenceProcessor::execute queues: 1, RefProcThreadModel::Single, marks_oops_alive: false
[13.208s][debug][gc,phases      ] GC(22) Reference Processing 0.220ms
[13.208s][debug][gc,phases      ] GC(22)   VM Weak                        Min:  0.0, Avg:  0.0, Max:  0.0, Diff:  0.0, Sum:  0.0, Workers: 4
[13.208s][debug][gc,phases      ] GC(22)     Dead                           Min: 0, Avg:  0.0, Max: 0, Diff: 0, Sum: 0, Workers: 4
[13.208s][debug][gc,phases      ] GC(22)     Total                          Min: 0, Avg: 142.8, Max: 384, Diff: 384, Sum: 571, Workers: 4
[13.208s][debug][gc,phases      ] GC(22)   ObjectSynchronizer Weak        Min:  0.0, Avg:  0.0, Max:  0.0, Diff:  0.0, Sum:  0.0, Workers: 4
[13.208s][debug][gc,phases      ] GC(22)     Dead                           Min: 0, Avg:  0.0, Max: 0, Diff: 0, Sum: 0, Workers: 4
[13.208s][debug][gc,phases      ] GC(22)     Total                          Min: 0, Avg: 87.0, Max: 128, Diff: 128, Sum: 348, Workers: 4
[13.208s][debug][gc,phases      ] GC(22)   JVMTI Tag Weak OopStorage      Min:  0.0, Avg:  0.0, Max:  0.0, Diff:  0.0, Sum:  0.0, Workers: 4
[13.208s][debug][gc,phases      ] GC(22)     Dead                           Min: 0, Avg:  0.0, Max: 0, Diff: 0, Sum: 0, Workers: 4
[13.208s][debug][gc,phases      ] GC(22)     Total                          Min: 0, Avg:  0.0, Max: 0, Diff: 0, Sum: 0, Workers: 4
[13.208s][debug][gc,phases      ] GC(22)   StringTable Weak               Min:  0.1, Avg:  0.1, Max:  0.1, Diff:  0.0, Sum:  0.5, Workers: 4
[13.208s][debug][gc,phases      ] GC(22)     Dead                           Min: 0, Avg:  3.2, Max: 12, Diff: 12, Sum: 13, Workers: 4
[13.208s][debug][gc,phases      ] GC(22)     Total                          Min: 9728, Avg: 10555.5, Max: 11776, Diff: 2048, Sum: 42222, Workers: 4
[13.208s][debug][gc,phases      ] GC(22)   ResolvedMethodTable Weak       Min:  0.0, Avg:  0.0, Max:  0.0, Diff:  0.0, Sum:  0.1, Workers: 4
[13.208s][debug][gc,phases      ] GC(22)     Dead                           Min: 0, Avg:  0.0, Max: 0, Diff: 0, Sum: 0, Workers: 4
[13.208s][debug][gc,phases      ] GC(22)     Total                          Min: 1471, Avg: 1666.8, Max: 1792, Diff: 321, Sum: 6667, Workers: 4
[13.208s][debug][gc,phases      ] GC(22)   JNI Weak                       Min:  0.0, Avg:  0.0, Max:  0.0, Diff:  0.0, Sum:  0.0, Workers: 4
[13.208s][debug][gc,phases      ] GC(22)     Dead                           Min: 0, Avg:  0.0, Max: 0, Diff: 0, Sum: 0, Workers: 4
[13.208s][debug][gc,phases      ] GC(22)     Total                          Min: 0, Avg:  2.0, Max: 8, Diff: 8, Sum: 8, Workers: 4
[13.208s][debug][gc,phases      ] GC(22)   StringDedup Table Weak         Min:  0.0, Avg:  0.0, Max:  0.0, Diff:  0.0, Sum:  0.0, Workers: 4
[13.208s][debug][gc,phases      ] GC(22)     Dead                           Min: 0, Avg:  0.0, Max: 0, Diff: 0, Sum: 0, Workers: 4
[13.208s][debug][gc,phases      ] GC(22)     Total                          Min: 0, Avg:  0.0, Max: 0, Diff: 0, Sum: 0, Workers: 4
[13.208s][debug][gc,phases      ] GC(22)   StringDedup Requests0 Weak     Min:  0.0, Avg:  0.0, Max:  0.0, Diff:  0.0, Sum:  0.0, Workers: 4
[13.208s][debug][gc,phases      ] GC(22)     Dead                           Min: 0, Avg:  0.0, Max: 0, Diff: 0, Sum: 0, Workers: 4
[13.208s][debug][gc,phases      ] GC(22)     Total                          Min: 0, Avg:  0.0, Max: 0, Diff: 0, Sum: 0, Workers: 4
[13.208s][debug][gc,phases      ] GC(22)   StringDedup Requests1 Weak     Min:  0.0, Avg:  0.0, Max:  0.0, Diff:  0.0, Sum:  0.0, Workers: 4
[13.208s][debug][gc,phases      ] GC(22)     Dead                           Min: 0, Avg:  0.0, Max: 0, Diff: 0, Sum: 0, Workers: 4
[13.208s][debug][gc,phases      ] GC(22)     Total                          Min: 0, Avg:  0.0, Max: 0, Diff: 0, Sum: 0, Workers: 4
[13.208s][debug][gc,phases      ] GC(22)   Weak JFR Old Object Samples    Min:  0.0, Avg:  0.0, Max:  0.0, Diff:  0.0, Sum:  0.0, Workers: 4
[13.208s][debug][gc,phases      ] GC(22)     Dead                           Min: 0, Avg:  0.0, Max: 0, Diff: 0, Sum: 0, Workers: 4
[13.208s][debug][gc,phases      ] GC(22)     Total                          Min: 0, Avg:  0.0, Max: 0, Diff: 0, Sum: 0, Workers: 4
[13.208s][debug][gc,phases      ] GC(22) Weak Processing 0.334ms
[13.208s][debug][gc,age         ] GC(22) Desired survivor size 217055232 bytes, new threshold 15 (max threshold 15)
[13.208s][info ][gc,heap        ] GC(22) PSYoungGen: 1718179K(1895936K)->125043K(1884672K) Eden: 1683456K(1683456K)->0K(1683456K) From: 34723K(212480K)->125043K(201216K)
[13.208s][info ][gc,heap        ] GC(22) ParOldGen: 181971K(273920K)->181979K(273920K)
[13.208s][info ][gc,metaspace   ] GC(22) Metaspace: 66160K(66944K)->66160K(66944K) NonClass: 56480K(56896K)->56480K(56896K) Class: 9680K(10048K)->9680K(10048K)
[13.208s][info ][gc             ] GC(22) Pause Young (Allocation Failure) 1855M->299M(2108M) 82.752ms
[13.208s][info ][gc,cpu         ] GC(22) User=0.29s Sys=0.06s Real=0.08s
[13.208s][info ][safepoint      ] Safepoint "ParallelGCFailedAllocation", Time since last: 522380140 ns, Reaching safepoint: 160402 ns, At safepoint: 82869323 ns, Total: 83029725 ns
[13.694s][info ][gc,start       ] GC(23) Pause Young (Allocation Failure)
[13.868s][debug][gc,phases      ] GC(23) Scavenge 174.491ms
[13.868s][debug][gc,ref         ] GC(23) Skipped phase 1 of Reference Processing: no references
[13.869s][debug][gc,ref         ] GC(23) ReferenceProcessor::execute queues: 2, RefProcThreadModel::Multi, marks_oops_alive: false
[13.869s][debug][gc,ref         ] GC(23) Skipped phase 3 of Reference Processing: no references
[13.869s][debug][gc,ref         ] GC(23) ReferenceProcessor::execute queues: 1, RefProcThreadModel::Single, marks_oops_alive: false
[13.869s][debug][gc,phases      ] GC(23) Reference Processing 0.285ms
[13.869s][debug][gc,phases      ] GC(23)   VM Weak                        Min:  0.0, Avg:  0.0, Max:  0.0, Diff:  0.0, Sum:  0.0, Workers: 4
[13.869s][debug][gc,phases      ] GC(23)     Dead                           Min: 0, Avg:  0.0, Max: 0, Diff: 0, Sum: 0, Workers: 4
[13.869s][debug][gc,phases      ] GC(23)     Total                          Min: 59, Avg: 142.8, Max: 256, Diff: 197, Sum: 571, Workers: 4
[13.869s][debug][gc,phases      ] GC(23)   ObjectSynchronizer Weak        Min:  0.0, Avg:  0.0, Max:  0.0, Diff:  0.0, Sum:  0.0, Workers: 4
[13.869s][debug][gc,phases      ] GC(23)     Dead                           Min: 0, Avg:  0.0, Max: 0, Diff: 0, Sum: 0, Workers: 4
[13.869s][debug][gc,phases      ] GC(23)     Total                          Min: 0, Avg: 87.0, Max: 156, Diff: 156, Sum: 348, Workers: 4
[13.869s][debug][gc,phases      ] GC(23)   JVMTI Tag Weak OopStorage      Min:  0.0, Avg:  0.0, Max:  0.0, Diff:  0.0, Sum:  0.0, Workers: 4
[13.869s][debug][gc,phases      ] GC(23)     Dead                           Min: 0, Avg:  0.0, Max: 0, Diff: 0, Sum: 0, Workers: 4
[13.869s][debug][gc,phases      ] GC(23)     Total                          Min: 0, Avg:  0.0, Max: 0, Diff: 0, Sum: 0, Workers: 4
[13.869s][debug][gc,phases      ] GC(23)   StringTable Weak               Min:  0.1, Avg:  0.1, Max:  0.2, Diff:  0.0, Sum:  0.6, Workers: 4
[13.869s][debug][gc,phases      ] GC(23)     Dead                           Min: 0, Avg:  2.8, Max: 11, Diff: 11, Sum: 11, Workers: 4
[13.869s][debug][gc,phases      ] GC(23)     Total                          Min: 9721, Avg: 10555.5, Max: 11072, Diff: 1351, Sum: 42222, Workers: 4
[13.869s][debug][gc,phases      ] GC(23)   ResolvedMethodTable Weak       Min:  0.0, Avg:  0.0, Max:  0.0, Diff:  0.0, Sum:  0.1, Workers: 4
[13.869s][debug][gc,phases      ] GC(23)     Dead                           Min: 0, Avg:  0.2, Max: 1, Diff: 1, Sum: 1, Workers: 4
[13.869s][debug][gc,phases      ] GC(23)     Total                          Min: 1472, Avg: 1667.0, Max: 1792, Diff: 320, Sum: 6668, Workers: 4
[13.869s][debug][gc,phases      ] GC(23)   JNI Weak                       Min:  0.0, Avg:  0.0, Max:  0.0, Diff:  0.0, Sum:  0.0, Workers: 4
[13.869s][debug][gc,phases      ] GC(23)     Dead                           Min: 0, Avg:  0.0, Max: 0, Diff: 0, Sum: 0, Workers: 4
[13.869s][debug][gc,phases      ] GC(23)     Total                          Min: 0, Avg:  1.0, Max: 4, Diff: 4, Sum: 4, Workers: 4
[13.869s][debug][gc,phases      ] GC(23)   StringDedup Table Weak         Min:  0.0, Avg:  0.0, Max:  0.0, Diff:  0.0, Sum:  0.0, Workers: 4
[13.869s][debug][gc,phases      ] GC(23)     Dead                           Min: 0, Avg:  0.0, Max: 0, Diff: 0, Sum: 0, Workers: 4
[13.869s][debug][gc,phases      ] GC(23)     Total                          Min: 0, Avg:  0.0, Max: 0, Diff: 0, Sum: 0, Workers: 4
[13.869s][debug][gc,phases      ] GC(23)   StringDedup Requests0 Weak     Min:  0.0, Avg:  0.0, Max:  0.0, Diff:  0.0, Sum:  0.0, Workers: 4
[13.869s][debug][gc,phases      ] GC(23)     Dead                           Min: 0, Avg:  0.0, Max: 0, Diff: 0, Sum: 0, Workers: 4
[13.869s][debug][gc,phases      ] GC(23)     Total                          Min: 0, Avg:  0.0, Max: 0, Diff: 0, Sum: 0, Workers: 4
[13.869s][debug][gc,phases      ] GC(23)   StringDedup Requests1 Weak     Min:  0.0, Avg:  0.0, Max:  0.0, Diff:  0.0, Sum:  0.0, Workers: 4
[13.869s][debug][gc,phases      ] GC(23)     Dead                           Min: 0, Avg:  0.0, Max: 0, Diff: 0, Sum: 0, Workers: 4
[13.869s][debug][gc,phases      ] GC(23)     Total                          Min: 0, Avg:  0.0, Max: 0, Diff: 0, Sum: 0, Workers: 4
[13.869s][debug][gc,phases      ] GC(23)   Weak JFR Old Object Samples    Min:  0.0, Avg:  0.0, Max:  0.0, Diff:  0.0, Sum:  0.0, Workers: 4
[13.869s][debug][gc,phases      ] GC(23)     Dead                           Min: 0, Avg:  0.0, Max: 0, Diff: 0, Sum: 0, Workers: 4
[13.869s][debug][gc,phases      ] GC(23)     Total                          Min: 0, Avg:  0.0, Max: 0, Diff: 0, Sum: 0, Workers: 4
[13.869s][debug][gc,phases      ] GC(23) Weak Processing 0.388ms
[13.869s][debug][gc,age         ] GC(23) Desired survivor size 277872640 bytes, new threshold 14 (max threshold 15)
[13.869s][info ][gc,heap        ] GC(23) PSYoungGen: 1808499K(1884672K)->211950K(1766400K) Eden: 1683456K(1683456K)->0K(1554432K) From: 125043K(201216K)->211950K(211968K)
[13.869s][info ][gc,heap        ] GC(23) ParOldGen: 181979K(273920K)->233445K(273920K)
[13.869s][info ][gc,metaspace   ] GC(23) Metaspace: 66166K(66944K)->66166K(66944K) NonClass: 56486K(56896K)->56486K(56896K) Class: 9680K(10048K)->9680K(10048K)
[13.869s][info ][gc             ] GC(23) Pause Young (Allocation Failure) 1943M->434M(1992M) 175.314ms
[13.869s][info ][gc,cpu         ] GC(23) User=0.61s Sys=0.09s Real=0.17s
[13.869s][debug][gc,phases      ] GC(24) Pre Compact 0.010ms
[13.869s][info ][gc,start       ] GC(24) Pause Full (Ergonomics)
[13.869s][info ][gc,phases,start] GC(24) Marking Phase
[14.047s][debug][gc,phases      ] GC(24) Par Mark 177.807ms
[14.047s][debug][gc,ref         ] GC(24) Skipped phase 1 of Reference Processing: no references
[14.047s][debug][gc,ref         ] GC(24) ReferenceProcessor::execute queues: 4, RefProcThreadModel::Multi, marks_oops_alive: false
[14.048s][debug][gc,ref         ] GC(24) Skipped phase 3 of Reference Processing: no references
[14.048s][debug][gc,ref         ] GC(24) ReferenceProcessor::execute queues: 1, RefProcThreadModel::Single, marks_oops_alive: false
[14.048s][debug][gc,phases      ] GC(24) Reference Processing 0.460ms
[14.048s][debug][gc,phases      ] GC(24)   VM Weak                        Min:  0.0, Avg:  0.0, Max:  0.0, Diff:  0.0, Sum:  0.0, Workers: 4
[14.048s][debug][gc,phases      ] GC(24)     Dead                           Min: 0, Avg:  0.0, Max: 0, Diff: 0, Sum: 0, Workers: 4
[14.048s][debug][gc,phases      ] GC(24)     Total                          Min: 0, Avg: 142.8, Max: 320, Diff: 320, Sum: 571, Workers: 4
[14.048s][debug][gc,phases      ] GC(24)   ObjectSynchronizer Weak        Min:  0.0, Avg:  0.0, Max:  0.0, Diff:  0.0, Sum:  0.0, Workers: 4
[14.048s][debug][gc,phases      ] GC(24)     Dead                           Min: 0, Avg:  0.0, Max: 0, Diff: 0, Sum: 0, Workers: 4
[14.048s][debug][gc,phases      ] GC(24)     Total                          Min: 0, Avg: 87.0, Max: 128, Diff: 128, Sum: 348, Workers: 4
[14.048s][debug][gc,phases      ] GC(24)   JVMTI Tag Weak OopStorage      Min:  0.0, Avg:  0.0, Max:  0.0, Diff:  0.0, Sum:  0.0, Workers: 4
[14.048s][debug][gc,phases      ] GC(24)     Dead                           Min: 0, Avg:  0.0, Max: 0, Diff: 0, Sum: 0, Workers: 4
[14.048s][debug][gc,phases      ] GC(24)     Total                          Min: 0, Avg:  0.0, Max: 0, Diff: 0, Sum: 0, Workers: 4
[14.048s][debug][gc,phases      ] GC(24)   StringTable Weak               Min:  0.2, Avg:  0.2, Max:  0.2, Diff:  0.0, Sum:  0.6, Workers: 4
[14.048s][debug][gc,phases      ] GC(24)     Dead                           Min: 0, Avg:  0.0, Max: 0, Diff: 0, Sum: 0, Workers: 4
[14.048s][debug][gc,phases      ] GC(24)     Total                          Min: 9273, Avg: 10555.5, Max: 11765, Diff: 2492, Sum: 42222, Workers: 4
[14.048s][debug][gc,phases      ] GC(24)   ResolvedMethodTable Weak       Min:  0.0, Avg:  0.0, Max:  0.0, Diff:  0.0, Sum:  0.1, Workers: 4
[14.048s][debug][gc,phases      ] GC(24)     Dead                           Min: 0, Avg:  0.2, Max: 1, Diff: 1, Sum: 1, Workers: 4
[14.048s][debug][gc,phases      ] GC(24)     Total                          Min: 1408, Avg: 1667.0, Max: 1984, Diff: 576, Sum: 6668, Workers: 4
[14.048s][debug][gc,phases      ] GC(24)   JNI Weak                       Min:  0.0, Avg:  0.0, Max:  0.0, Diff:  0.0, Sum:  0.0, Workers: 4
[14.048s][debug][gc,phases      ] GC(24)     Dead                           Min: 0, Avg:  0.0, Max: 0, Diff: 0, Sum: 0, Workers: 4
[14.048s][debug][gc,phases      ] GC(24)     Total                          Min: 0, Avg:  1.0, Max: 4, Diff: 4, Sum: 4, Workers: 4
[14.048s][debug][gc,phases      ] GC(24)   StringDedup Table Weak         Min:  0.0, Avg:  0.0, Max:  0.0, Diff:  0.0, Sum:  0.0, Workers: 4
[14.048s][debug][gc,phases      ] GC(24)     Dead                           Min: 0, Avg:  0.0, Max: 0, Diff: 0, Sum: 0, Workers: 4
[14.048s][debug][gc,phases      ] GC(24)     Total                          Min: 0, Avg:  0.0, Max: 0, Diff: 0, Sum: 0, Workers: 4
[14.048s][debug][gc,phases      ] GC(24)   StringDedup Requests0 Weak     Min:  0.0, Avg:  0.0, Max:  0.0, Diff:  0.0, Sum:  0.0, Workers: 4
[14.048s][debug][gc,phases      ] GC(24)     Dead                           Min: 0, Avg:  0.0, Max: 0, Diff: 0, Sum: 0, Workers: 4
[14.048s][debug][gc,phases      ] GC(24)     Total                          Min: 0, Avg:  0.0, Max: 0, Diff: 0, Sum: 0, Workers: 4
[14.048s][debug][gc,phases      ] GC(24)   StringDedup Requests1 Weak     Min:  0.0, Avg:  0.0, Max:  0.0, Diff:  0.0, Sum:  0.0, Workers: 4
[14.048s][debug][gc,phases      ] GC(24)     Dead                           Min: 0, Avg:  0.0, Max: 0, Diff: 0, Sum: 0, Workers: 4
[14.048s][debug][gc,phases      ] GC(24)     Total                          Min: 0, Avg:  0.0, Max: 0, Diff: 0, Sum: 0, Workers: 4
[14.048s][debug][gc,phases      ] GC(24)   Weak JFR Old Object Samples    Min:  0.0, Avg:  0.0, Max:  0.0, Diff:  0.0, Sum:  0.0, Workers: 4
[14.048s][debug][gc,phases      ] GC(24)     Dead                           Min: 0, Avg:  0.0, Max: 0, Diff: 0, Sum: 0, Workers: 4
[14.048s][debug][gc,phases      ] GC(24)     Total                          Min: 0, Avg:  0.0, Max: 0, Diff: 0, Sum: 0, Workers: 4
[14.048s][debug][gc,phases      ] GC(24) Weak Processing 0.378ms
[14.048s][debug][gc,phases      ] GC(24) ClassLoaderData 0.079ms
[14.048s][debug][gc,phases      ] GC(24) Trigger cleanups 0.000ms
[14.056s][debug][gc,phases      ] GC(24) Class Unloading 8.139ms
[14.056s][info ][gc,phases      ] GC(24) Marking Phase 186.937ms
[14.056s][info ][gc,phases,start] GC(24) Summary Phase
[14.056s][info ][gc,phases      ] GC(24) Summary Phase 0.021ms
[14.056s][info ][gc,phases,start] GC(24) Adjust Roots
[14.067s][info ][gc,phases      ] GC(24) Adjust Roots 10.817ms
[14.067s][info ][gc,phases,start] GC(24) Compaction Phase
[14.600s][info ][gc,phases      ] GC(24) Compaction Phase 532.945ms
[14.600s][info ][gc,phases,start] GC(24) Post Compact
[14.602s][info ][gc,phases      ] GC(24) Post Compact 1.837ms
[14.602s][info ][gc,heap        ] GC(24) PSYoungGen: 211950K(1766400K)->170208K(1766400K) Eden: 0K(1554432K)->0K(1554432K) From: 211950K(211968K)->170208K(211968K)
[14.602s][info ][gc,heap        ] GC(24) ParOldGen: 233445K(273920K)->273651K(358912K)
[14.602s][info ][gc,metaspace   ] GC(24) Metaspace: 66166K(66944K)->66166K(66944K) NonClass: 56486K(56896K)->56486K(56896K) Class: 9680K(10048K)->9680K(10048K)
[14.602s][info ][gc             ] GC(24) Pause Full (Ergonomics) 434M->433M(2075M) 732.836ms
[14.602s][info ][gc,cpu         ] GC(24) User=2.83s Sys=0.02s Real=0.73s
[14.602s][info ][safepoint      ] Safepoint "ParallelGCFailedAllocation", Time since last: 484858539 ns, Reaching safepoint: 716411 ns, At safepoint: 908330998 ns, Total: 909047409 ns
[14.937s][info ][gc,start       ] GC(25) Pause Young (Allocation Failure)
[15.096s][debug][gc,phases      ] GC(25) Scavenge 158.970ms
[15.096s][debug][gc,ref         ] GC(25) Skipped phase 1 of Reference Processing: no references
[15.096s][debug][gc,ref         ] GC(25) ReferenceProcessor::execute queues: 1, RefProcThreadModel::Single, marks_oops_alive: false
[15.096s][debug][gc,ref         ] GC(25) Skipped phase 3 of Reference Processing: no references
[15.096s][debug][gc,ref         ] GC(25) ReferenceProcessor::execute queues: 1, RefProcThreadModel::Single, marks_oops_alive: false
[15.096s][debug][gc,phases      ] GC(25) Reference Processing 0.130ms
[15.096s][debug][gc,phases      ] GC(25)   VM Weak                        Min:  0.0, Avg:  0.0, Max:  0.0, Diff:  0.0, Sum:  0.0, Workers: 4
[15.096s][debug][gc,phases      ] GC(25)     Dead                           Min: 0, Avg:  0.0, Max: 0, Diff: 0, Sum: 0, Workers: 4
[15.096s][debug][gc,phases      ] GC(25)     Total                          Min: 0, Avg: 142.8, Max: 571, Diff: 571, Sum: 571, Workers: 4
[15.096s][debug][gc,phases      ] GC(25)   ObjectSynchronizer Weak        Min:  0.0, Avg:  0.0, Max:  0.0, Diff:  0.0, Sum:  0.0, Workers: 4
[15.096s][debug][gc,phases      ] GC(25)     Dead                           Min: 0, Avg:  0.0, Max: 0, Diff: 0, Sum: 0, Workers: 4
[15.096s][debug][gc,phases      ] GC(25)     Total                          Min: 0, Avg: 87.0, Max: 284, Diff: 284, Sum: 348, Workers: 4
[15.096s][debug][gc,phases      ] GC(25)   JVMTI Tag Weak OopStorage      Min:  0.0, Avg:  0.0, Max:  0.0, Diff:  0.0, Sum:  0.0, Workers: 4
[15.096s][debug][gc,phases      ] GC(25)     Dead                           Min: 0, Avg:  0.0, Max: 0, Diff: 0, Sum: 0, Workers: 4
[15.096s][debug][gc,phases      ] GC(25)     Total                          Min: 0, Avg:  0.0, Max: 0, Diff: 0, Sum: 0, Workers: 4
[15.096s][debug][gc,phases      ] GC(25)   StringTable Weak               Min:  0.1, Avg:  0.1, Max:  0.1, Diff:  0.0, Sum:  0.4, Workers: 4
[15.096s][debug][gc,phases      ] GC(25)     Dead                           Min: 0, Avg:  3.5, Max: 11, Diff: 11, Sum: 14, Workers: 4
[15.096s][debug][gc,phases      ] GC(25)     Total                          Min: 9984, Avg: 10562.8, Max: 11148, Diff: 1164, Sum: 42251, Workers: 4
[15.096s][debug][gc,phases      ] GC(25)   ResolvedMethodTable Weak       Min:  0.0, Avg:  0.0, Max:  0.0, Diff:  0.0, Sum:  0.1, Workers: 4
[15.096s][debug][gc,phases      ] GC(25)     Dead                           Min: 0, Avg:  4.0, Max: 16, Diff: 16, Sum: 16, Workers: 4
[15.096s][debug][gc,phases      ] GC(25)     Total                          Min: 1342, Avg: 1673.0, Max: 1914, Diff: 572, Sum: 6692, Workers: 4
[15.096s][debug][gc,phases      ] GC(25)   JNI Weak                       Min:  0.0, Avg:  0.0, Max:  0.0, Diff:  0.0, Sum:  0.0, Workers: 4
[15.096s][debug][gc,phases      ] GC(25)     Dead                           Min: 0, Avg:  0.0, Max: 0, Diff: 0, Sum: 0, Workers: 4
[15.096s][debug][gc,phases      ] GC(25)     Total                          Min: 0, Avg:  0.0, Max: 0, Diff: 0, Sum: 0, Workers: 4
[15.096s][debug][gc,phases      ] GC(25)   StringDedup Table Weak         Min:  0.0, Avg:  0.0, Max:  0.0, Diff:  0.0, Sum:  0.0, Workers: 4
[15.096s][debug][gc,phases      ] GC(25)     Dead                           Min: 0, Avg:  0.0, Max: 0, Diff: 0, Sum: 0, Workers: 4
[15.096s][debug][gc,phases      ] GC(25)     Total                          Min: 0, Avg:  0.0, Max: 0, Diff: 0, Sum: 0, Workers: 4
[15.096s][debug][gc,phases      ] GC(25)   StringDedup Requests0 Weak     Min:  0.0, Avg:  0.0, Max:  0.0, Diff:  0.0, Sum:  0.0, Workers: 4
[15.096s][debug][gc,phases      ] GC(25)     Dead                           Min: 0, Avg:  0.0, Max: 0, Diff: 0, Sum: 0, Workers: 4
[15.096s][debug][gc,phases      ] GC(25)     Total                          Min: 0, Avg:  0.0, Max: 0, Diff: 0, Sum: 0, Workers: 4
[15.096s][debug][gc,phases      ] GC(25)   StringDedup Requests1 Weak     Min:  0.0, Avg:  0.0, Max:  0.0, Diff:  0.0, Sum:  0.0, Workers: 4
[15.096s][debug][gc,phases      ] GC(25)     Dead                           Min: 0, Avg:  0.0, Max: 0, Diff: 0, Sum: 0, Workers: 4
[15.096s][debug][gc,phases      ] GC(25)     Total                          Min: 0, Avg:  0.0, Max: 0, Diff: 0, Sum: 0, Workers: 4
[15.096s][debug][gc,phases      ] GC(25)   Weak JFR Old Object Samples    Min:  0.0, Avg:  0.0, Max:  0.0, Diff:  0.0, Sum:  0.0, Workers: 4
[15.096s][debug][gc,phases      ] GC(25)     Dead                           Min: 0, Avg:  0.0, Max: 0, Diff: 0, Sum: 0, Workers: 4
[15.096s][debug][gc,phases      ] GC(25)     Total                          Min: 0, Avg:  0.0, Max: 0, Diff: 0, Sum: 0, Workers: 4
[15.096s][debug][gc,phases      ] GC(25) Weak Processing 0.347ms
[15.096s][debug][gc,age         ] GC(25) Desired survivor size 323485696 bytes, new threshold 15 (max threshold 15)
[15.096s][info ][gc,heap        ] GC(25) PSYoungGen: 1724640K(1766400K)->255008K(1809920K) Eden: 1554432K(1554432K)->0K(1554432K) From: 170208K(211968K)->255008K(255488K)
[15.096s][info ][gc,heap        ] GC(25) ParOldGen: 273651K(358912K)->273667K(358912K)
[15.096s][info ][gc,metaspace   ] GC(25) Metaspace: 66230K(67008K)->66230K(67008K) NonClass: 56542K(56960K)->56542K(56960K) Class: 9687K(10048K)->9687K(10048K)
[15.096s][info ][gc             ] GC(25) Pause Young (Allocation Failure) 1951M->516M(2118M) 159.594ms
[15.096s][info ][gc,cpu         ] GC(25) User=0.63s Sys=0.00s Real=0.16s
[15.096s][info ][safepoint      ] Safepoint "ParallelGCFailedAllocation", Time since last: 334436437 ns, Reaching safepoint: 101702 ns, At safepoint: 159703149 ns, Total: 159804851 ns
[15.280s][info ][safepoint      ] Safepoint "ICBufferFull", Time since last: 182955119 ns, Reaching safepoint: 274805 ns, At safepoint: 21900 ns, Total: 296705 ns
[15.304s][info ][safepoint      ] Safepoint "ICBufferFull", Time since last: 24083485 ns, Reaching safepoint: 145702 ns, At safepoint: 28000 ns, Total: 173702 ns
[15.327s][info ][safepoint      ] Safepoint "ICBufferFull", Time since last: 20165622 ns, Reaching safepoint: 3236052 ns, At safepoint: 36400 ns, Total: 3272452 ns
[15.348s][info ][safepoint      ] Safepoint "ICBufferFull", Time since last: 18197691 ns, Reaching safepoint: 2139234 ns, At safepoint: 35600 ns, Total: 2174834 ns
[15.358s][info ][safepoint      ] Safepoint "ICBufferFull", Time since last: 9976160 ns, Reaching safepoint: 120302 ns, At safepoint: 26500 ns, Total: 146802 ns
[15.371s][info ][safepoint      ] Safepoint "ICBufferFull", Time since last: 12482799 ns, Reaching safepoint: 121402 ns, At safepoint: 34901 ns, Total: 156303 ns
[15.404s][info ][safepoint      ] Safepoint "ICBufferFull", Time since last: 30528687 ns, Reaching safepoint: 3205751 ns, At safepoint: 30700 ns, Total: 3236451 ns
[15.414s][info ][safepoint      ] Safepoint "ICBufferFull", Time since last: 9774556 ns, Reaching safepoint: 115702 ns, At safepoint: 20801 ns, Total: 136503 ns
[15.435s][info ][safepoint      ] Safepoint "ICBufferFull", Time since last: 21037335 ns, Reaching safepoint: 140003 ns, At safepoint: 39800 ns, Total: 179803 ns
[15.440s][info ][safepoint      ] Safepoint "ICBufferFull", Time since last: 4718675 ns, Reaching safepoint: 209604 ns, At safepoint: 28600 ns, Total: 238204 ns
[15.468s][info ][safepoint      ] Safepoint "ICBufferFull", Time since last: 23244671 ns, Reaching safepoint: 4274368 ns, At safepoint: 33801 ns, Total: 4308169 ns
[15.484s][info ][safepoint      ] Safepoint "ICBufferFull", Time since last: 12957507 ns, Reaching safepoint: 3196151 ns, At safepoint: 31500 ns, Total: 3227651 ns
[15.508s][info ][safepoint      ] Safepoint "ICBufferFull", Time since last: 23457775 ns, Reaching safepoint: 277904 ns, At safepoint: 39501 ns, Total: 317405 ns
[15.544s][info ][safepoint      ] Safepoint "ICBufferFull", Time since last: 36378380 ns, Reaching safepoint: 156203 ns, At safepoint: 28600 ns, Total: 184803 ns
[15.568s][info ][safepoint      ] Safepoint "ICBufferFull", Time since last: 20913834 ns, Reaching safepoint: 2164134 ns, At safepoint: 34601 ns, Total: 2198735 ns
[15.575s][info ][safepoint      ] Safepoint "ICBufferFull", Time since last: 7534820 ns, Reaching safepoint: 120702 ns, At safepoint: 29001 ns, Total: 149703 ns
[15.598s][info ][safepoint      ] Safepoint "ICBufferFull", Time since last: 22642161 ns, Reaching safepoint: 123702 ns, At safepoint: 39400 ns, Total: 163102 ns
[15.619s][info ][safepoint      ] Safepoint "ICBufferFull", Time since last: 20473227 ns, Reaching safepoint: 131702 ns, At safepoint: 25501 ns, Total: 157203 ns
[15.644s][info ][safepoint      ] Safepoint "ICBufferFull", Time since last: 25095200 ns, Reaching safepoint: 124002 ns, At safepoint: 33801 ns, Total: 157803 ns
[15.651s][info ][gc,start       ] GC(26) Pause Young (Allocation Failure)
[15.776s][debug][gc,phases      ] GC(26) Scavenge 124.745ms
[15.776s][debug][gc,ref         ] GC(26) Skipped phase 1 of Reference Processing: no references
[15.776s][debug][gc,ref         ] GC(26) ReferenceProcessor::execute queues: 1, RefProcThreadModel::Single, marks_oops_alive: false
[15.776s][debug][gc,ref         ] GC(26) Skipped phase 3 of Reference Processing: no references
[15.776s][debug][gc,ref         ] GC(26) ReferenceProcessor::execute queues: 1, RefProcThreadModel::Single, marks_oops_alive: false
[15.776s][debug][gc,phases      ] GC(26) Reference Processing 0.145ms
[15.776s][debug][gc,phases      ] GC(26)   VM Weak                        Min:  0.0, Avg:  0.0, Max:  0.0, Diff:  0.0, Sum:  0.0, Workers: 4
[15.776s][debug][gc,phases      ] GC(26)     Dead                           Min: 0, Avg:  0.0, Max: 0, Diff: 0, Sum: 0, Workers: 4
[15.776s][debug][gc,phases      ] GC(26)     Total                          Min: 0, Avg: 145.2, Max: 325, Diff: 325, Sum: 581, Workers: 4
[15.776s][debug][gc,phases      ] GC(26)   ObjectSynchronizer Weak        Min:  0.0, Avg:  0.0, Max:  0.0, Diff:  0.0, Sum:  0.0, Workers: 4
[15.776s][debug][gc,phases      ] GC(26)     Dead                           Min: 0, Avg:  0.0, Max: 0, Diff: 0, Sum: 0, Workers: 4
[15.776s][debug][gc,phases      ] GC(26)     Total                          Min: 0, Avg: 87.0, Max: 128, Diff: 128, Sum: 348, Workers: 4
[15.776s][debug][gc,phases      ] GC(26)   JVMTI Tag Weak OopStorage      Min:  0.0, Avg:  0.0, Max:  0.0, Diff:  0.0, Sum:  0.0, Workers: 4
[15.776s][debug][gc,phases      ] GC(26)     Dead                           Min: 0, Avg:  0.0, Max: 0, Diff: 0, Sum: 0, Workers: 4
[15.776s][debug][gc,phases      ] GC(26)     Total                          Min: 0, Avg:  0.0, Max: 0, Diff: 0, Sum: 0, Workers: 4
[15.776s][debug][gc,phases      ] GC(26)   StringTable Weak               Min:  0.1, Avg:  0.1, Max:  0.1, Diff:  0.0, Sum:  0.4, Workers: 4
[15.776s][debug][gc,phases      ] GC(26)     Dead                           Min: 0, Avg:  3.5, Max: 12, Diff: 12, Sum: 14, Workers: 4
[15.776s][debug][gc,phases      ] GC(26)     Total                          Min: 9280, Avg: 10617.5, Max: 11814, Diff: 2534, Sum: 42470, Workers: 4
[15.777s][debug][gc,phases      ] GC(26)   ResolvedMethodTable Weak       Min:  0.0, Avg:  0.0, Max:  0.0, Diff:  0.0, Sum:  0.1, Workers: 4
[15.777s][debug][gc,phases      ] GC(26)     Dead                           Min: 0, Avg:  7.0, Max: 13, Diff: 13, Sum: 28, Workers: 4
[15.777s][debug][gc,phases      ] GC(26)     Total                          Min: 1279, Avg: 1707.8, Max: 2240, Diff: 961, Sum: 6831, Workers: 4
[15.777s][debug][gc,phases      ] GC(26)   JNI Weak                       Min:  0.0, Avg:  0.0, Max:  0.0, Diff:  0.0, Sum:  0.0, Workers: 4
[15.777s][debug][gc,phases      ] GC(26)     Dead                           Min: 0, Avg:  0.0, Max: 0, Diff: 0, Sum: 0, Workers: 4
[15.777s][debug][gc,phases      ] GC(26)     Total                          Min: 0, Avg:  0.0, Max: 0, Diff: 0, Sum: 0, Workers: 4
[15.777s][debug][gc,phases      ] GC(26)   StringDedup Table Weak         Min:  0.0, Avg:  0.0, Max:  0.0, Diff:  0.0, Sum:  0.0, Workers: 4
[15.777s][debug][gc,phases      ] GC(26)     Dead                           Min: 0, Avg:  0.0, Max: 0, Diff: 0, Sum: 0, Workers: 4
[15.777s][debug][gc,phases      ] GC(26)     Total                          Min: 0, Avg:  0.0, Max: 0, Diff: 0, Sum: 0, Workers: 4
[15.777s][debug][gc,phases      ] GC(26)   StringDedup Requests0 Weak     Min:  0.0, Avg:  0.0, Max:  0.0, Diff:  0.0, Sum:  0.0, Workers: 4
[15.777s][debug][gc,phases      ] GC(26)     Dead                           Min: 0, Avg:  0.0, Max: 0, Diff: 0, Sum: 0, Workers: 4
[15.777s][debug][gc,phases      ] GC(26)     Total                          Min: 0, Avg:  0.0, Max: 0, Diff: 0, Sum: 0, Workers: 4
[15.777s][debug][gc,phases      ] GC(26)   StringDedup Requests1 Weak     Min:  0.0, Avg:  0.0, Max:  0.0, Diff:  0.0, Sum:  0.0, Workers: 4
[15.777s][debug][gc,phases      ] GC(26)     Dead                           Min: 0, Avg:  0.0, Max: 0, Diff: 0, Sum: 0, Workers: 4
[15.777s][debug][gc,phases      ] GC(26)     Total                          Min: 0, Avg:  0.0, Max: 0, Diff: 0, Sum: 0, Workers: 4
[15.777s][debug][gc,phases      ] GC(26)   Weak JFR Old Object Samples    Min:  0.0, Avg:  0.0, Max:  0.0, Diff:  0.0, Sum:  0.0, Workers: 4
[15.777s][debug][gc,phases      ] GC(26)     Dead                           Min: 0, Avg:  0.0, Max: 0, Diff: 0, Sum: 0, Workers: 4
[15.777s][debug][gc,phases      ] GC(26)     Total                          Min: 0, Avg:  0.0, Max: 0, Diff: 0, Sum: 0, Workers: 4
[15.777s][debug][gc,phases      ] GC(26) Weak Processing 0.338ms
[15.777s][debug][gc,age         ] GC(26) Desired survivor size 360185856 bytes, new threshold 15 (max threshold 15)
[15.777s][info ][gc,heap        ] GC(26) PSYoungGen: 1809440K(1809920K)->256048K(1680896K) Eden: 1554432K(1554432K)->0K(1393664K) From: 255008K(255488K)->256048K(287232K)
[15.777s][info ][gc,heap        ] GC(26) ParOldGen: 273667K(358912K)->273675K(358912K)
[15.777s][info ][gc,metaspace   ] GC(26) Metaspace: 67045K(67776K)->67045K(67776K) NonClass: 57249K(57664K)->57249K(57664K) Class: 9795K(10112K)->9795K(10112K)
[15.777s][info ][gc             ] GC(26) Pause Young (Allocation Failure) 2034M->517M(1992M) 125.382ms
[15.777s][info ][gc,cpu         ] GC(26) User=0.49s Sys=0.01s Real=0.12s
[15.777s][info ][safepoint      ] Safepoint "ParallelGCFailedAllocation", Time since last: 7158214 ns, Reaching safepoint: 136102 ns, At safepoint: 125492703 ns, Total: 125628805 ns
[15.796s][info ][safepoint      ] Safepoint "ICBufferFull", Time since last: 18770099 ns, Reaching safepoint: 319605 ns, At safepoint: 35701 ns, Total: 355306 ns
[15.810s][info ][safepoint      ] Safepoint "ICBufferFull", Time since last: 13643218 ns, Reaching safepoint: 110001 ns, At safepoint: 27301 ns, Total: 137302 ns
[15.830s][info ][safepoint      ] Safepoint "ICBufferFull", Time since last: 18577396 ns, Reaching safepoint: 2115434 ns, At safepoint: 32200 ns, Total: 2147634 ns
[15.837s][info ][safepoint      ] Safepoint "ICBufferFull", Time since last: 6879010 ns, Reaching safepoint: 117102 ns, At safepoint: 26201 ns, Total: 143303 ns
[15.853s][info ][safepoint      ] Safepoint "ICBufferFull", Time since last: 15653249 ns, Reaching safepoint: 117302 ns, At safepoint: 27401 ns, Total: 144703 ns
[15.864s][info ][safepoint      ] Safepoint "ICBufferFull", Time since last: 8441334 ns, Reaching safepoint: 2133934 ns, At safepoint: 28601 ns, Total: 2162535 ns
[15.890s][info ][safepoint      ] Safepoint "ICBufferFull", Time since last: 25974014 ns, Reaching safepoint: 112502 ns, At safepoint: 32701 ns, Total: 145203 ns
[15.912s][info ][safepoint      ] Safepoint "ICBufferFull", Time since last: 19896917 ns, Reaching safepoint: 2177835 ns, At safepoint: 36000 ns, Total: 2213835 ns
[15.939s][info ][safepoint      ] Safepoint "ICBufferFull", Time since last: 27068732 ns, Reaching safepoint: 154003 ns, At safepoint: 51701 ns, Total: 205704 ns
[15.951s][info ][safepoint      ] Safepoint "ICBufferFull", Time since last: 11553384 ns, Reaching safepoint: 135502 ns, At safepoint: 29701 ns, Total: 165203 ns
[15.968s][info ][safepoint      ] Safepoint "ICBufferFull", Time since last: 14424230 ns, Reaching safepoint: 2139434 ns, At safepoint: 27400 ns, Total: 2166834 ns
[15.999s][info ][safepoint      ] Safepoint "ICBufferFull", Time since last: 29958679 ns, Reaching safepoint: 1052116 ns, At safepoint: 34401 ns, Total: 1086517 ns
[16.018s][info ][safepoint      ] Safepoint "ICBufferFull", Time since last: 19142305 ns, Reaching safepoint: 130302 ns, At safepoint: 21201 ns, Total: 151503 ns
[16.031s][info ][safepoint      ] Safepoint "ICBufferFull", Time since last: 12564000 ns, Reaching safepoint: 130302 ns, At safepoint: 29601 ns, Total: 159903 ns
[16.052s][info ][safepoint      ] Safepoint "ICBufferFull", Time since last: 19411110 ns, Reaching safepoint: 2156134 ns, At safepoint: 33000 ns, Total: 2189134 ns
[16.059s][info ][safepoint      ] Safepoint "ICBufferFull", Time since last: 6355702 ns, Reaching safepoint: 134502 ns, At safepoint: 31001 ns, Total: 165503 ns
[16.079s][info ][safepoint      ] Safepoint "ICBufferFull", Time since last: 20254423 ns, Reaching safepoint: 150502 ns, At safepoint: 29701 ns, Total: 180203 ns
[16.085s][info ][safepoint      ] Safepoint "ICBufferFull", Time since last: 5590489 ns, Reaching safepoint: 118502 ns, At safepoint: 29000 ns, Total: 147502 ns
[16.098s][info ][safepoint      ] Safepoint "ICBufferFull", Time since last: 12991608 ns, Reaching safepoint: 185602 ns, At safepoint: 35701 ns, Total: 221303 ns
[16.107s][info ][safepoint      ] Safepoint "ICBufferFull", Time since last: 8628438 ns, Reaching safepoint: 130002 ns, At safepoint: 29400 ns, Total: 159402 ns
[16.116s][info ][safepoint      ] Safepoint "ICBufferFull", Time since last: 4945179 ns, Reaching safepoint: 4270568 ns, At safepoint: 35301 ns, Total: 4305869 ns
[16.138s][info ][safepoint      ] Safepoint "ICBufferFull", Time since last: 21444242 ns, Reaching safepoint: 117602 ns, At safepoint: 29200 ns, Total: 146802 ns
[16.155s][info ][safepoint      ] Safepoint "ICBufferFull", Time since last: 16887870 ns, Reaching safepoint: 603909 ns, At safepoint: 23901 ns, Total: 627810 ns
[16.174s][info ][safepoint      ] Safepoint "ICBufferFull", Time since last: 18626597 ns, Reaching safepoint: 133002 ns, At safepoint: 28101 ns, Total: 161103 ns
[16.181s][info ][gc,start       ] GC(27) Pause Young (Allocation Failure)
[16.297s][debug][gc,phases      ] GC(27) Scavenge 115.968ms
[16.297s][debug][gc,ref         ] GC(27) Skipped phase 1 of Reference Processing: no references
[16.298s][debug][gc,ref         ] GC(27) ReferenceProcessor::execute queues: 1, RefProcThreadModel::Single, marks_oops_alive: false
[16.298s][debug][gc,ref         ] GC(27) Skipped phase 3 of Reference Processing: no references
[16.298s][debug][gc,ref         ] GC(27) ReferenceProcessor::execute queues: 1, RefProcThreadModel::Single, marks_oops_alive: false
[16.298s][debug][gc,phases      ] GC(27) Reference Processing 0.131ms
[16.298s][debug][gc,phases      ] GC(27)   VM Weak                        Min:  0.0, Avg:  0.0, Max:  0.0, Diff:  0.0, Sum:  0.0, Workers: 4
[16.298s][debug][gc,phases      ] GC(27)     Dead                           Min: 0, Avg:  0.0, Max: 0, Diff: 0, Sum: 0, Workers: 4
[16.298s][debug][gc,phases      ] GC(27)     Total                          Min: 0, Avg: 145.2, Max: 581, Diff: 581, Sum: 581, Workers: 4
[16.298s][debug][gc,phases      ] GC(27)   ObjectSynchronizer Weak        Min:  0.0, Avg:  0.0, Max:  0.0, Diff:  0.0, Sum:  0.0, Workers: 4
[16.298s][debug][gc,phases      ] GC(27)     Dead                           Min: 0, Avg:  0.0, Max: 0, Diff: 0, Sum: 0, Workers: 4
[16.298s][debug][gc,phases      ] GC(27)     Total                          Min: 0, Avg: 87.0, Max: 348, Diff: 348, Sum: 348, Workers: 4
[16.298s][debug][gc,phases      ] GC(27)   JVMTI Tag Weak OopStorage      Min:  0.0, Avg:  0.0, Max:  0.0, Diff:  0.0, Sum:  0.0, Workers: 4
[16.298s][debug][gc,phases      ] GC(27)     Dead                           Min: 0, Avg:  0.0, Max: 0, Diff: 0, Sum: 0, Workers: 4
[16.298s][debug][gc,phases      ] GC(27)     Total                          Min: 0, Avg:  0.0, Max: 0, Diff: 0, Sum: 0, Workers: 4
[16.298s][debug][gc,phases      ] GC(27)   StringTable Weak               Min:  0.1, Avg:  0.1, Max:  0.1, Diff:  0.0, Sum:  0.4, Workers: 4
[16.298s][debug][gc,phases      ] GC(27)     Dead                           Min: 0, Avg:  2.8, Max: 11, Diff: 11, Sum: 11, Workers: 4
[16.298s][debug][gc,phases      ] GC(27)     Total                          Min: 10112, Avg: 10619.5, Max: 11263, Diff: 1151, Sum: 42478, Workers: 4
[16.298s][debug][gc,phases      ] GC(27)   ResolvedMethodTable Weak       Min:  0.0, Avg:  0.0, Max:  0.0, Diff:  0.0, Sum:  0.1, Workers: 4
[16.298s][debug][gc,phases      ] GC(27)     Dead                           Min: 0, Avg:  0.0, Max: 0, Diff: 0, Sum: 0, Workers: 4
[16.298s][debug][gc,phases      ] GC(27)     Total                          Min: 1408, Avg: 1708.2, Max: 2033, Diff: 625, Sum: 6833, Workers: 4
[16.298s][debug][gc,phases      ] GC(27)   JNI Weak                       Min:  0.0, Avg:  0.0, Max:  0.0, Diff:  0.0, Sum:  0.0, Workers: 4
[16.298s][debug][gc,phases      ] GC(27)     Dead                           Min: 0, Avg:  0.0, Max: 0, Diff: 0, Sum: 0, Workers: 4
[16.298s][debug][gc,phases      ] GC(27)     Total                          Min: 0, Avg:  0.0, Max: 0, Diff: 0, Sum: 0, Workers: 4
[16.298s][debug][gc,phases      ] GC(27)   StringDedup Table Weak         Min:  0.0, Avg:  0.0, Max:  0.0, Diff:  0.0, Sum:  0.0, Workers: 4
[16.298s][debug][gc,phases      ] GC(27)     Dead                           Min: 0, Avg:  0.0, Max: 0, Diff: 0, Sum: 0, Workers: 4
[16.298s][debug][gc,phases      ] GC(27)     Total                          Min: 0, Avg:  0.0, Max: 0, Diff: 0, Sum: 0, Workers: 4
[16.298s][debug][gc,phases      ] GC(27)   StringDedup Requests0 Weak     Min:  0.0, Avg:  0.0, Max:  0.0, Diff:  0.0, Sum:  0.0, Workers: 4
[16.298s][debug][gc,phases      ] GC(27)     Dead                           Min: 0, Avg:  0.0, Max: 0, Diff: 0, Sum: 0, Workers: 4
[16.298s][debug][gc,phases      ] GC(27)     Total                          Min: 0, Avg:  0.0, Max: 0, Diff: 0, Sum: 0, Workers: 4
[16.298s][debug][gc,phases      ] GC(27)   StringDedup Requests1 Weak     Min:  0.0, Avg:  0.0, Max:  0.0, Diff:  0.0, Sum:  0.0, Workers: 4
[16.298s][debug][gc,phases      ] GC(27)     Dead                           Min: 0, Avg:  0.0, Max: 0, Diff: 0, Sum: 0, Workers: 4
[16.298s][debug][gc,phases      ] GC(27)     Total                          Min: 0, Avg:  0.0, Max: 0, Diff: 0, Sum: 0, Workers: 4
[16.298s][debug][gc,phases      ] GC(27)   Weak JFR Old Object Samples    Min:  0.0, Avg:  0.0, Max:  0.0, Diff:  0.0, Sum:  0.0, Workers: 4
[16.298s][debug][gc,phases      ] GC(27)     Dead                           Min: 0, Avg:  0.0, Max: 0, Diff: 0, Sum: 0, Workers: 4
[16.298s][debug][gc,phases      ] GC(27)     Total                          Min: 0, Avg:  0.0, Max: 0, Diff: 0, Sum: 0, Workers: 4
[16.298s][debug][gc,phases      ] GC(27) Weak Processing 0.311ms
[16.298s][debug][gc,age         ] GC(27) Desired survivor size 389021696 bytes, new threshold 15 (max threshold 15)
[16.298s][info ][gc,heap        ] GC(27) PSYoungGen: 1649712K(1680896K)->256000K(1650176K) Eden: 1393664K(1393664K)->0K(1393664K) From: 256048K(287232K)->256000K(256512K)
[16.298s][info ][gc,heap        ] GC(27) ParOldGen: 273675K(358912K)->273683K(358912K)
[16.298s][info ][gc,metaspace   ] GC(27) Metaspace: 67134K(67840K)->67134K(67840K) NonClass: 57337K(57728K)->57337K(57728K) Class: 9796K(10112K)->9796K(10112K)
[16.298s][info ][gc             ] GC(27) Pause Young (Allocation Failure) 1878M->517M(1962M) 116.549ms
[16.298s][info ][gc,cpu         ] GC(27) User=0.46s Sys=0.00s Real=0.12s
[16.298s][info ][safepoint      ] Safepoint "ParallelGCFailedAllocation", Time since last: 7166114 ns, Reaching safepoint: 115002 ns, At safepoint: 116652461 ns, Total: 116767463 ns
[16.327s][info ][safepoint      ] Safepoint "ICBufferFull", Time since last: 29051064 ns, Reaching safepoint: 125902 ns, At safepoint: 25800 ns, Total: 151702 ns
[16.332s][info ][safepoint      ] Safepoint "ICBufferFull", Time since last: 4963979 ns, Reaching safepoint: 90602 ns, At safepoint: 28300 ns, Total: 118902 ns
[16.395s][info ][safepoint      ] Safepoint "ICBufferFull", Time since last: 62870203 ns, Reaching safepoint: 154203 ns, At safepoint: 27700 ns, Total: 181903 ns
[16.516s][info ][safepoint      ] Safepoint "ICBufferFull", Time since last: 120791627 ns, Reaching safepoint: 154503 ns, At safepoint: 27100 ns, Total: 181603 ns
[16.517s][info ][safepoint      ] Safepoint "ICBufferFull", Time since last: 715112 ns, Reaching safepoint: 109202 ns, At safepoint: 27000 ns, Total: 136202 ns
[16.518s][info ][safepoint      ] Safepoint "ICBufferFull", Time since last: 714011 ns, Reaching safepoint: 385506 ns, At safepoint: 30901 ns, Total: 416407 ns
[16.521s][info ][safepoint      ] Safepoint "ICBufferFull", Time since last: 2233736 ns, Reaching safepoint: 116701 ns, At safepoint: 27301 ns, Total: 144002 ns
[16.521s][info ][safepoint      ] Safepoint "ICBufferFull", Time since last: 675111 ns, Reaching safepoint: 94201 ns, At safepoint: 24001 ns, Total: 118202 ns
[16.522s][info ][safepoint      ] Safepoint "ICBufferFull", Time since last: 665310 ns, Reaching safepoint: 93902 ns, At safepoint: 26400 ns, Total: 120302 ns
[16.523s][info ][safepoint      ] Safepoint "ICBufferFull", Time since last: 696111 ns, Reaching safepoint: 94602 ns, At safepoint: 25200 ns, Total: 119802 ns
[16.524s][info ][safepoint      ] Safepoint "ICBufferFull", Time since last: 714212 ns, Reaching safepoint: 98701 ns, At safepoint: 22900 ns, Total: 121601 ns
[16.535s][info ][safepoint      ] Safepoint "ICBufferFull", Time since last: 11241580 ns, Reaching safepoint: 122202 ns, At safepoint: 29000 ns, Total: 151202 ns
[16.724s][info ][gc,start       ] GC(28) Pause Young (Allocation Failure)
[16.836s][debug][gc,phases      ] GC(28) Scavenge 111.811ms
[16.836s][debug][gc,ref         ] GC(28) Skipped phase 1 of Reference Processing: no references
[16.836s][debug][gc,ref         ] GC(28) ReferenceProcessor::execute queues: 1, RefProcThreadModel::Single, marks_oops_alive: false
[16.836s][debug][gc,ref         ] GC(28) Skipped phase 3 of Reference Processing: no references
[16.836s][debug][gc,ref         ] GC(28) ReferenceProcessor::execute queues: 1, RefProcThreadModel::Single, marks_oops_alive: false
[16.837s][debug][gc,phases      ] GC(28) Reference Processing 0.166ms
[16.837s][debug][gc,phases      ] GC(28)   VM Weak                        Min:  0.0, Avg:  0.0, Max:  0.0, Diff:  0.0, Sum:  0.0, Workers: 4
[16.837s][debug][gc,phases      ] GC(28)     Dead                           Min: 0, Avg:  0.0, Max: 0, Diff: 0, Sum: 0, Workers: 4
[16.837s][debug][gc,phases      ] GC(28)     Total                          Min: 0, Avg: 146.5, Max: 394, Diff: 394, Sum: 586, Workers: 4
[16.837s][debug][gc,phases      ] GC(28)   ObjectSynchronizer Weak        Min:  0.0, Avg:  0.0, Max:  0.0, Diff:  0.0, Sum:  0.0, Workers: 4
[16.837s][debug][gc,phases      ] GC(28)     Dead                           Min: 0, Avg:  0.0, Max: 0, Diff: 0, Sum: 0, Workers: 4
[16.837s][debug][gc,phases      ] GC(28)     Total                          Min: 0, Avg: 87.0, Max: 220, Diff: 220, Sum: 348, Workers: 4
[16.837s][debug][gc,phases      ] GC(28)   JVMTI Tag Weak OopStorage      Min:  0.0, Avg:  0.0, Max:  0.0, Diff:  0.0, Sum:  0.0, Workers: 4
[16.837s][debug][gc,phases      ] GC(28)     Dead                           Min: 0, Avg:  0.0, Max: 0, Diff: 0, Sum: 0, Workers: 4
[16.837s][debug][gc,phases      ] GC(28)     Total                          Min: 0, Avg:  0.0, Max: 0, Diff: 0, Sum: 0, Workers: 4
[16.837s][debug][gc,phases      ] GC(28)   StringTable Weak               Min:  0.0, Avg:  0.1, Max:  0.1, Diff:  0.1, Sum:  0.4, Workers: 4
[16.837s][debug][gc,phases      ] GC(28)     Dead                           Min: 0, Avg:  2.8, Max: 11, Diff: 11, Sum: 11, Workers: 4
[16.837s][debug][gc,phases      ] GC(28)     Total                          Min: 0, Avg: 10629.5, Max: 15029, Diff: 15029, Sum: 42518, Workers: 4
[16.837s][debug][gc,phases      ] GC(28)   ResolvedMethodTable Weak       Min:  0.0, Avg:  0.0, Max:  0.0, Diff:  0.0, Sum:  0.1, Workers: 4
[16.837s][debug][gc,phases      ] GC(28)     Dead                           Min: 0, Avg:  4.0, Max: 9, Diff: 9, Sum: 16, Workers: 4
[16.837s][debug][gc,phases      ] GC(28)     Total                          Min: 0, Avg: 1719.8, Max: 2722, Diff: 2722, Sum: 6879, Workers: 4
[16.837s][debug][gc,phases      ] GC(28)   JNI Weak                       Min:  0.0, Avg:  0.0, Max:  0.0, Diff:  0.0, Sum:  0.0, Workers: 4
[16.837s][debug][gc,phases      ] GC(28)     Dead                           Min: 0, Avg:  0.0, Max: 0, Diff: 0, Sum: 0, Workers: 4
[16.837s][debug][gc,phases      ] GC(28)     Total                          Min: 0, Avg:  1.2, Max: 5, Diff: 5, Sum: 5, Workers: 4
[16.837s][debug][gc,phases      ] GC(28)   StringDedup Table Weak         Min:  0.0, Avg:  0.0, Max:  0.0, Diff:  0.0, Sum:  0.0, Workers: 4
[16.837s][debug][gc,phases      ] GC(28)     Dead                           Min: 0, Avg:  0.0, Max: 0, Diff: 0, Sum: 0, Workers: 4
[16.837s][debug][gc,phases      ] GC(28)     Total                          Min: 0, Avg:  0.0, Max: 0, Diff: 0, Sum: 0, Workers: 4
[16.837s][debug][gc,phases      ] GC(28)   StringDedup Requests0 Weak     Min:  0.0, Avg:  0.0, Max:  0.0, Diff:  0.0, Sum:  0.0, Workers: 4
[16.837s][debug][gc,phases      ] GC(28)     Dead                           Min: 0, Avg:  0.0, Max: 0, Diff: 0, Sum: 0, Workers: 4
[16.837s][debug][gc,phases      ] GC(28)     Total                          Min: 0, Avg:  0.0, Max: 0, Diff: 0, Sum: 0, Workers: 4
[16.837s][debug][gc,phases      ] GC(28)   StringDedup Requests1 Weak     Min:  0.0, Avg:  0.0, Max:  0.0, Diff:  0.0, Sum:  0.0, Workers: 4
[16.837s][debug][gc,phases      ] GC(28)     Dead                           Min: 0, Avg:  0.0, Max: 0, Diff: 0, Sum: 0, Workers: 4
[16.837s][debug][gc,phases      ] GC(28)     Total                          Min: 0, Avg:  0.0, Max: 0, Diff: 0, Sum: 0, Workers: 4
[16.837s][debug][gc,phases      ] GC(28)   Weak JFR Old Object Samples    Min:  0.0, Avg:  0.0, Max:  0.0, Diff:  0.0, Sum:  0.0, Workers: 4
[16.837s][debug][gc,phases      ] GC(28)     Dead                           Min: 0, Avg:  0.0, Max: 0, Diff: 0, Sum: 0, Workers: 4
[16.837s][debug][gc,phases      ] GC(28)     Total                          Min: 0, Avg:  0.0, Max: 0, Diff: 0, Sum: 0, Workers: 4
[16.837s][debug][gc,phases      ] GC(28) Weak Processing 0.419ms
[16.837s][debug][gc,age         ] GC(28) Desired survivor size 411041792 bytes, new threshold 15 (max threshold 15)
[16.837s][info ][gc,heap        ] GC(28) PSYoungGen: 1649664K(1650176K)->256624K(1674240K) Eden: 1393664K(1393664K)->0K(1294336K) From: 256000K(256512K)->256624K(379904K)
[16.837s][info ][gc,heap        ] GC(28) ParOldGen: 273683K(358912K)->273691K(358912K)
[16.837s][info ][gc,metaspace   ] GC(28) Metaspace: 67294K(68096K)->67294K(68096K) NonClass: 57471K(57920K)->57471K(57920K) Class: 9822K(10176K)->9822K(10176K)
[16.837s][info ][gc             ] GC(28) Pause Young (Allocation Failure) 1878M->517M(1985M) 112.550ms
[16.837s][info ][gc,cpu         ] GC(28) User=0.45s Sys=0.00s Real=0.11s
[16.837s][info ][safepoint      ] Safepoint "ParallelGCFailedAllocation", Time since last: 188030400 ns, Reaching safepoint: 1053817 ns, At safepoint: 112673498 ns, Total: 113727315 ns
[17.235s][info ][gc,start       ] GC(29) Pause Young (Allocation Failure)
[17.351s][debug][gc,phases      ] GC(29) Scavenge 116.171ms
[17.351s][debug][gc,ref         ] GC(29) Skipped phase 1 of Reference Processing: no references
[17.351s][debug][gc,ref         ] GC(29) ReferenceProcessor::execute queues: 1, RefProcThreadModel::Single, marks_oops_alive: false
[17.351s][debug][gc,ref         ] GC(29) Skipped phase 3 of Reference Processing: no references
[17.351s][debug][gc,ref         ] GC(29) ReferenceProcessor::execute queues: 1, RefProcThreadModel::Single, marks_oops_alive: false
[17.351s][debug][gc,phases      ] GC(29) Reference Processing 0.133ms
[17.351s][debug][gc,phases      ] GC(29)   VM Weak                        Min:  0.0, Avg:  0.0, Max:  0.0, Diff:  0.0, Sum:  0.0, Workers: 4
[17.351s][debug][gc,phases      ] GC(29)     Dead                           Min: 0, Avg:  0.0, Max: 0, Diff: 0, Sum: 0, Workers: 4
[17.351s][debug][gc,phases      ] GC(29)     Total                          Min: 0, Avg: 146.5, Max: 384, Diff: 384, Sum: 586, Workers: 4
[17.351s][debug][gc,phases      ] GC(29)   ObjectSynchronizer Weak        Min:  0.0, Avg:  0.0, Max:  0.0, Diff:  0.0, Sum:  0.0, Workers: 4
[17.351s][debug][gc,phases      ] GC(29)     Dead                           Min: 0, Avg:  0.0, Max: 0, Diff: 0, Sum: 0, Workers: 4
[17.351s][debug][gc,phases      ] GC(29)     Total                          Min: 0, Avg: 87.0, Max: 192, Diff: 192, Sum: 348, Workers: 4
[17.351s][debug][gc,phases      ] GC(29)   JVMTI Tag Weak OopStorage      Min:  0.0, Avg:  0.0, Max:  0.0, Diff:  0.0, Sum:  0.0, Workers: 4
[17.351s][debug][gc,phases      ] GC(29)     Dead                           Min: 0, Avg:  0.0, Max: 0, Diff: 0, Sum: 0, Workers: 4
[17.351s][debug][gc,phases      ] GC(29)     Total                          Min: 0, Avg:  0.0, Max: 0, Diff: 0, Sum: 0, Workers: 4
[17.351s][debug][gc,phases      ] GC(29)   StringTable Weak               Min:  0.1, Avg:  0.1, Max:  0.1, Diff:  0.0, Sum:  0.4, Workers: 4
[17.351s][debug][gc,phases      ] GC(29)     Dead                           Min: 0, Avg:  2.8, Max: 11, Diff: 11, Sum: 11, Workers: 4
[17.352s][debug][gc,phases      ] GC(29)     Total                          Min: 10240, Avg: 10635.8, Max: 11119, Diff: 879, Sum: 42543, Workers: 4
[17.352s][debug][gc,phases      ] GC(29)   ResolvedMethodTable Weak       Min:  0.0, Avg:  0.0, Max:  0.0, Diff:  0.0, Sum:  0.1, Workers: 4
[17.352s][debug][gc,phases      ] GC(29)     Dead                           Min: 0, Avg:  5.5, Max: 12, Diff: 12, Sum: 22, Workers: 4
[17.352s][debug][gc,phases      ] GC(29)     Total                          Min: 1532, Avg: 1722.5, Max: 1917, Diff: 385, Sum: 6890, Workers: 4
[17.352s][debug][gc,phases      ] GC(29)   JNI Weak                       Min:  0.0, Avg:  0.0, Max:  0.0, Diff:  0.0, Sum:  0.0, Workers: 4
[17.352s][debug][gc,phases      ] GC(29)     Dead                           Min: 0, Avg:  0.0, Max: 0, Diff: 0, Sum: 0, Workers: 4
[17.352s][debug][gc,phases      ] GC(29)     Total                          Min: 0, Avg:  0.2, Max: 1, Diff: 1, Sum: 1, Workers: 4
[17.352s][debug][gc,phases      ] GC(29)   StringDedup Table Weak         Min:  0.0, Avg:  0.0, Max:  0.0, Diff:  0.0, Sum:  0.0, Workers: 4
[17.352s][debug][gc,phases      ] GC(29)     Dead                           Min: 0, Avg:  0.0, Max: 0, Diff: 0, Sum: 0, Workers: 4
[17.352s][debug][gc,phases      ] GC(29)     Total                          Min: 0, Avg:  0.0, Max: 0, Diff: 0, Sum: 0, Workers: 4
[17.352s][debug][gc,phases      ] GC(29)   StringDedup Requests0 Weak     Min:  0.0, Avg:  0.0, Max:  0.0, Diff:  0.0, Sum:  0.0, Workers: 4
[17.352s][debug][gc,phases      ] GC(29)     Dead                           Min: 0, Avg:  0.0, Max: 0, Diff: 0, Sum: 0, Workers: 4
[17.352s][debug][gc,phases      ] GC(29)     Total                          Min: 0, Avg:  0.0, Max: 0, Diff: 0, Sum: 0, Workers: 4
[17.352s][debug][gc,phases      ] GC(29)   StringDedup Requests1 Weak     Min:  0.0, Avg:  0.0, Max:  0.0, Diff:  0.0, Sum:  0.0, Workers: 4
[17.352s][debug][gc,phases      ] GC(29)     Dead                           Min: 0, Avg:  0.0, Max: 0, Diff: 0, Sum: 0, Workers: 4
[17.352s][debug][gc,phases      ] GC(29)     Total                          Min: 0, Avg:  0.0, Max: 0, Diff: 0, Sum: 0, Workers: 4
[17.352s][debug][gc,phases      ] GC(29)   Weak JFR Old Object Samples    Min:  0.0, Avg:  0.0, Max:  0.0, Diff:  0.0, Sum:  0.0, Workers: 4
[17.352s][debug][gc,phases      ] GC(29)     Dead                           Min: 0, Avg:  0.0, Max: 0, Diff: 0, Sum: 0, Workers: 4
[17.352s][debug][gc,phases      ] GC(29)     Total                          Min: 0, Avg:  0.0, Max: 0, Diff: 0, Sum: 0, Workers: 4
[17.352s][debug][gc,phases      ] GC(29) Weak Processing 0.305ms
[17.352s][debug][gc,age         ] GC(29) Desired survivor size 427819008 bytes, new threshold 15 (max threshold 15)
[17.352s][info ][gc,heap        ] GC(29) PSYoungGen: 1550960K(1674240K)->256416K(1550848K) Eden: 1294336K(1294336K)->0K(1294336K) From: 256624K(379904K)->256416K(256512K)
[17.352s][info ][gc,heap        ] GC(29) ParOldGen: 273691K(358912K)->273707K(358912K)
[17.352s][info ][gc,metaspace   ] GC(29) Metaspace: 67403K(68160K)->67403K(68160K) NonClass: 57575K(57984K)->57575K(57984K) Class: 9827K(10176K)->9827K(10176K)
[17.352s][info ][gc             ] GC(29) Pause Young (Allocation Failure) 1781M->517M(1865M) 116.753ms
[17.352s][info ][gc,cpu         ] GC(29) User=0.46s Sys=0.00s Real=0.12s
[17.352s][info ][safepoint      ] Safepoint "ParallelGCFailedAllocation", Time since last: 397626044 ns, Reaching safepoint: 158403 ns, At safepoint: 116870064 ns, Total: 117028467 ns
[17.689s][info ][gc,start       ] GC(30) Pause Young (Allocation Failure)
[17.807s][debug][gc,phases      ] GC(30) Scavenge 118.071ms
[17.807s][debug][gc,ref         ] GC(30) Skipped phase 1 of Reference Processing: no references
[17.807s][debug][gc,ref         ] GC(30) ReferenceProcessor::execute queues: 1, RefProcThreadModel::Single, marks_oops_alive: false
[17.807s][debug][gc,ref         ] GC(30) Skipped phase 3 of Reference Processing: no references
[17.807s][debug][gc,ref         ] GC(30) ReferenceProcessor::execute queues: 1, RefProcThreadModel::Single, marks_oops_alive: false
[17.807s][debug][gc,phases      ] GC(30) Reference Processing 0.143ms
[17.808s][debug][gc,phases      ] GC(30)   VM Weak                        Min:  0.0, Avg:  0.0, Max:  0.0, Diff:  0.0, Sum:  0.0, Workers: 4
[17.808s][debug][gc,phases      ] GC(30)     Dead                           Min: 0, Avg:  0.0, Max: 0, Diff: 0, Sum: 0, Workers: 4
[17.808s][debug][gc,phases      ] GC(30)     Total                          Min: 0, Avg: 147.2, Max: 397, Diff: 397, Sum: 589, Workers: 4
[17.808s][debug][gc,phases      ] GC(30)   ObjectSynchronizer Weak        Min:  0.0, Avg:  0.0, Max:  0.0, Diff:  0.0, Sum:  0.0, Workers: 4
[17.808s][debug][gc,phases      ] GC(30)     Dead                           Min: 0, Avg:  0.0, Max: 0, Diff: 0, Sum: 0, Workers: 4
[17.808s][debug][gc,phases      ] GC(30)     Total                          Min: 0, Avg: 87.0, Max: 128, Diff: 128, Sum: 348, Workers: 4
[17.808s][debug][gc,phases      ] GC(30)   JVMTI Tag Weak OopStorage      Min:  0.0, Avg:  0.0, Max:  0.0, Diff:  0.0, Sum:  0.0, Workers: 4
[17.808s][debug][gc,phases      ] GC(30)     Dead                           Min: 0, Avg:  0.0, Max: 0, Diff: 0, Sum: 0, Workers: 4
[17.808s][debug][gc,phases      ] GC(30)     Total                          Min: 0, Avg:  0.0, Max: 0, Diff: 0, Sum: 0, Workers: 4
[17.808s][debug][gc,phases      ] GC(30)   StringTable Weak               Min:  0.1, Avg:  0.1, Max:  0.1, Diff:  0.0, Sum:  0.4, Workers: 4
[17.808s][debug][gc,phases      ] GC(30)     Dead                           Min: 0, Avg:  2.8, Max: 11, Diff: 11, Sum: 11, Workers: 4
[17.808s][debug][gc,phases      ] GC(30)     Total                          Min: 9984, Avg: 10637.5, Max: 11712, Diff: 1728, Sum: 42550, Workers: 4
[17.808s][debug][gc,phases      ] GC(30)   ResolvedMethodTable Weak       Min:  0.0, Avg:  0.0, Max:  0.0, Diff:  0.0, Sum:  0.1, Workers: 4
[17.808s][debug][gc,phases      ] GC(30)     Dead                           Min: 0, Avg:  0.0, Max: 0, Diff: 0, Sum: 0, Workers: 4
[17.808s][debug][gc,phases      ] GC(30)     Total                          Min: 1594, Avg: 1725.0, Max: 1979, Diff: 385, Sum: 6900, Workers: 4
[17.808s][debug][gc,phases      ] GC(30)   JNI Weak                       Min:  0.0, Avg:  0.0, Max:  0.0, Diff:  0.0, Sum:  0.0, Workers: 4
[17.808s][debug][gc,phases      ] GC(30)     Dead                           Min: 0, Avg:  0.0, Max: 0, Diff: 0, Sum: 0, Workers: 4
[17.808s][debug][gc,phases      ] GC(30)     Total                          Min: 0, Avg:  1.0, Max: 4, Diff: 4, Sum: 4, Workers: 4
[17.808s][debug][gc,phases      ] GC(30)   StringDedup Table Weak         Min:  0.0, Avg:  0.0, Max:  0.0, Diff:  0.0, Sum:  0.0, Workers: 4
[17.808s][debug][gc,phases      ] GC(30)     Dead                           Min: 0, Avg:  0.0, Max: 0, Diff: 0, Sum: 0, Workers: 4
[17.808s][debug][gc,phases      ] GC(30)     Total                          Min: 0, Avg:  0.0, Max: 0, Diff: 0, Sum: 0, Workers: 4
[17.808s][debug][gc,phases      ] GC(30)   StringDedup Requests0 Weak     Min:  0.0, Avg:  0.0, Max:  0.0, Diff:  0.0, Sum:  0.0, Workers: 4
[17.808s][debug][gc,phases      ] GC(30)     Dead                           Min: 0, Avg:  0.0, Max: 0, Diff: 0, Sum: 0, Workers: 4
[17.808s][debug][gc,phases      ] GC(30)     Total                          Min: 0, Avg:  0.0, Max: 0, Diff: 0, Sum: 0, Workers: 4
[17.808s][debug][gc,phases      ] GC(30)   StringDedup Requests1 Weak     Min:  0.0, Avg:  0.0, Max:  0.0, Diff:  0.0, Sum:  0.0, Workers: 4
[17.808s][debug][gc,phases      ] GC(30)     Dead                           Min: 0, Avg:  0.0, Max: 0, Diff: 0, Sum: 0, Workers: 4
[17.808s][debug][gc,phases      ] GC(30)     Total                          Min: 0, Avg:  0.0, Max: 0, Diff: 0, Sum: 0, Workers: 4
[17.808s][debug][gc,phases      ] GC(30)   Weak JFR Old Object Samples    Min:  0.0, Avg:  0.0, Max:  0.0, Diff:  0.0, Sum:  0.0, Workers: 4
[17.808s][debug][gc,phases      ] GC(30)     Dead                           Min: 0, Avg:  0.0, Max: 0, Diff: 0, Sum: 0, Workers: 4
[17.808s][debug][gc,phases      ] GC(30)     Total                          Min: 0, Avg:  0.0, Max: 0, Diff: 0, Sum: 0, Workers: 4
[17.808s][debug][gc,phases      ] GC(30) Weak Processing 0.322ms
[17.808s][debug][gc,age         ] GC(30) Desired survivor size 439353344 bytes, new threshold 15 (max threshold 15)
[17.808s][info ][gc,heap        ] GC(30) PSYoungGen: 1550752K(1550848K)->256464K(1656832K) Eden: 1294336K(1294336K)->0K(1239040K) From: 256416K(256512K)->256464K(417792K)
[17.808s][info ][gc,heap        ] GC(30) ParOldGen: 273707K(358912K)->273723K(358912K)
[17.808s][info ][gc,metaspace   ] GC(30) Metaspace: 67439K(68224K)->67439K(68224K) NonClass: 57608K(58048K)->57608K(58048K) Class: 9830K(10176K)->9830K(10176K)
[17.808s][info ][gc             ] GC(30) Pause Young (Allocation Failure) 1781M->517M(1968M) 118.671ms
[17.808s][info ][gc,cpu         ] GC(30) User=0.47s Sys=0.00s Real=0.12s
[17.808s][info ][safepoint      ] Safepoint "ParallelGCFailedAllocation", Time since last: 337112578 ns, Reaching safepoint: 217304 ns, At safepoint: 118786095 ns, Total: 119003399 ns
[18.142s][info ][gc,start       ] GC(31) Pause Young (Allocation Failure)
[18.269s][debug][gc,phases      ] GC(31) Scavenge 126.699ms
[18.269s][debug][gc,ref         ] GC(31) Skipped phase 1 of Reference Processing: no references
[18.269s][debug][gc,ref         ] GC(31) ReferenceProcessor::execute queues: 1, RefProcThreadModel::Single, marks_oops_alive: false
[18.269s][debug][gc,ref         ] GC(31) Skipped phase 3 of Reference Processing: no references
[18.269s][debug][gc,ref         ] GC(31) ReferenceProcessor::execute queues: 1, RefProcThreadModel::Single, marks_oops_alive: false
[18.269s][debug][gc,phases      ] GC(31) Reference Processing 0.150ms
[18.269s][debug][gc,phases      ] GC(31)   VM Weak                        Min:  0.0, Avg:  0.0, Max:  0.0, Diff:  0.0, Sum:  0.0, Workers: 4
[18.269s][debug][gc,phases      ] GC(31)     Dead                           Min: 0, Avg:  0.0, Max: 0, Diff: 0, Sum: 0, Workers: 4
[18.269s][debug][gc,phases      ] GC(31)     Total                          Min: 0, Avg: 147.2, Max: 525, Diff: 525, Sum: 589, Workers: 4
[18.269s][debug][gc,phases      ] GC(31)   ObjectSynchronizer Weak        Min:  0.0, Avg:  0.0, Max:  0.0, Diff:  0.0, Sum:  0.0, Workers: 4
[18.269s][debug][gc,phases      ] GC(31)     Dead                           Min: 0, Avg:  0.0, Max: 0, Diff: 0, Sum: 0, Workers: 4
[18.269s][debug][gc,phases      ] GC(31)     Total                          Min: 0, Avg: 87.2, Max: 192, Diff: 192, Sum: 349, Workers: 4
[18.269s][debug][gc,phases      ] GC(31)   JVMTI Tag Weak OopStorage      Min:  0.0, Avg:  0.0, Max:  0.0, Diff:  0.0, Sum:  0.0, Workers: 4
[18.269s][debug][gc,phases      ] GC(31)     Dead                           Min: 0, Avg:  0.0, Max: 0, Diff: 0, Sum: 0, Workers: 4
[18.269s][debug][gc,phases      ] GC(31)     Total                          Min: 0, Avg:  0.0, Max: 0, Diff: 0, Sum: 0, Workers: 4
[18.269s][debug][gc,phases      ] GC(31)   StringTable Weak               Min:  0.1, Avg:  0.1, Max:  0.1, Diff:  0.0, Sum:  0.4, Workers: 4
[18.269s][debug][gc,phases      ] GC(31)     Dead                           Min: 0, Avg:  2.8, Max: 11, Diff: 11, Sum: 11, Workers: 4
[18.269s][debug][gc,phases      ] GC(31)     Total                          Min: 9920, Avg: 10638.5, Max: 11066, Diff: 1146, Sum: 42554, Workers: 4
[18.269s][debug][gc,phases      ] GC(31)   ResolvedMethodTable Weak       Min:  0.0, Avg:  0.0, Max:  0.0, Diff:  0.0, Sum:  0.1, Workers: 4
[18.269s][debug][gc,phases      ] GC(31)     Dead                           Min: 0, Avg:  0.0, Max: 0, Diff: 0, Sum: 0, Workers: 4
[18.269s][debug][gc,phases      ] GC(31)     Total                          Min: 1528, Avg: 1725.0, Max: 1856, Diff: 328, Sum: 6900, Workers: 4
[18.269s][debug][gc,phases      ] GC(31)   JNI Weak                       Min:  0.0, Avg:  0.0, Max:  0.0, Diff:  0.0, Sum:  0.0, Workers: 4
[18.269s][debug][gc,phases      ] GC(31)     Dead                           Min: 0, Avg:  0.0, Max: 0, Diff: 0, Sum: 0, Workers: 4
[18.269s][debug][gc,phases      ] GC(31)     Total                          Min: 0, Avg:  1.8, Max: 7, Diff: 7, Sum: 7, Workers: 4
[18.269s][debug][gc,phases      ] GC(31)   StringDedup Table Weak         Min:  0.0, Avg:  0.0, Max:  0.0, Diff:  0.0, Sum:  0.0, Workers: 4
[18.269s][debug][gc,phases      ] GC(31)     Dead                           Min: 0, Avg:  0.0, Max: 0, Diff: 0, Sum: 0, Workers: 4
[18.269s][debug][gc,phases      ] GC(31)     Total                          Min: 0, Avg:  0.0, Max: 0, Diff: 0, Sum: 0, Workers: 4
[18.269s][debug][gc,phases      ] GC(31)   StringDedup Requests0 Weak     Min:  0.0, Avg:  0.0, Max:  0.0, Diff:  0.0, Sum:  0.0, Workers: 4
[18.269s][debug][gc,phases      ] GC(31)     Dead                           Min: 0, Avg:  0.0, Max: 0, Diff: 0, Sum: 0, Workers: 4
[18.269s][debug][gc,phases      ] GC(31)     Total                          Min: 0, Avg:  0.0, Max: 0, Diff: 0, Sum: 0, Workers: 4
[18.269s][debug][gc,phases      ] GC(31)   StringDedup Requests1 Weak     Min:  0.0, Avg:  0.0, Max:  0.0, Diff:  0.0, Sum:  0.0, Workers: 4
[18.269s][debug][gc,phases      ] GC(31)     Dead                           Min: 0, Avg:  0.0, Max: 0, Diff: 0, Sum: 0, Workers: 4
[18.269s][debug][gc,phases      ] GC(31)     Total                          Min: 0, Avg:  0.0, Max: 0, Diff: 0, Sum: 0, Workers: 4
[18.269s][debug][gc,phases      ] GC(31)   Weak JFR Old Object Samples    Min:  0.0, Avg:  0.0, Max:  0.0, Diff:  0.0, Sum:  0.0, Workers: 4
[18.269s][debug][gc,phases      ] GC(31)     Dead                           Min: 0, Avg:  0.0, Max: 0, Diff: 0, Sum: 0, Workers: 4
[18.269s][debug][gc,phases      ] GC(31)     Total                          Min: 0, Avg:  0.0, Max: 0, Diff: 0, Sum: 0, Workers: 4
[18.269s][debug][gc,phases      ] GC(31) Weak Processing 0.330ms
[18.269s][debug][gc,age         ] GC(31) Desired survivor size 446693376 bytes, new threshold 15 (max threshold 15)
[18.269s][info ][gc,heap        ] GC(31) PSYoungGen: 1495504K(1656832K)->254688K(1494016K) Eden: 1239040K(1239040K)->0K(1239040K) From: 256464K(417792K)->254688K(254976K)
[18.269s][info ][gc,heap        ] GC(31) ParOldGen: 273723K(358912K)->273739K(358912K)
[18.269s][info ][gc,metaspace   ] GC(31) Metaspace: 67504K(68224K)->67504K(68224K) NonClass: 57673K(58048K)->57673K(58048K) Class: 9830K(10176K)->9830K(10176K)
[18.269s][info ][gc             ] GC(31) Pause Young (Allocation Failure) 1727M->516M(1809M) 127.316ms
[18.269s][info ][gc,cpu         ] GC(31) User=0.51s Sys=0.00s Real=0.13s
[18.269s][info ][safepoint      ] Safepoint "ParallelGCFailedAllocation", Time since last: 333774025 ns, Reaching safepoint: 179203 ns, At safepoint: 127431832 ns, Total: 127611035 ns
[18.667s][info ][gc,start       ] GC(32) Pause Young (Allocation Failure)
[18.782s][debug][gc,phases      ] GC(32) Scavenge 115.477ms
[18.782s][debug][gc,ref         ] GC(32) Skipped phase 1 of Reference Processing: no references
[18.782s][debug][gc,ref         ] GC(32) ReferenceProcessor::execute queues: 1, RefProcThreadModel::Single, marks_oops_alive: false
[18.782s][debug][gc,ref         ] GC(32) Skipped phase 3 of Reference Processing: no references
[18.782s][debug][gc,ref         ] GC(32) ReferenceProcessor::execute queues: 1, RefProcThreadModel::Single, marks_oops_alive: false
[18.782s][debug][gc,phases      ] GC(32) Reference Processing 0.149ms
[18.782s][debug][gc,phases      ] GC(32)   VM Weak                        Min:  0.0, Avg:  0.0, Max:  0.0, Diff:  0.0, Sum:  0.0, Workers: 4
[18.782s][debug][gc,phases      ] GC(32)     Dead                           Min: 0, Avg:  0.0, Max: 0, Diff: 0, Sum: 0, Workers: 4
[18.782s][debug][gc,phases      ] GC(32)     Total                          Min: 0, Avg: 147.2, Max: 320, Diff: 320, Sum: 589, Workers: 4
[18.783s][debug][gc,phases      ] GC(32)   ObjectSynchronizer Weak        Min:  0.0, Avg:  0.0, Max:  0.0, Diff:  0.0, Sum:  0.0, Workers: 4
[18.783s][debug][gc,phases      ] GC(32)     Dead                           Min: 0, Avg:  0.0, Max: 0, Diff: 0, Sum: 0, Workers: 4
[18.783s][debug][gc,phases      ] GC(32)     Total                          Min: 0, Avg: 87.2, Max: 157, Diff: 157, Sum: 349, Workers: 4
[18.783s][debug][gc,phases      ] GC(32)   JVMTI Tag Weak OopStorage      Min:  0.0, Avg:  0.0, Max:  0.0, Diff:  0.0, Sum:  0.0, Workers: 4
[18.783s][debug][gc,phases      ] GC(32)     Dead                           Min: 0, Avg:  0.0, Max: 0, Diff: 0, Sum: 0, Workers: 4
[18.783s][debug][gc,phases      ] GC(32)     Total                          Min: 0, Avg:  0.0, Max: 0, Diff: 0, Sum: 0, Workers: 4
[18.783s][debug][gc,phases      ] GC(32)   StringTable Weak               Min:  0.1, Avg:  0.1, Max:  0.1, Diff:  0.0, Sum:  0.4, Workers: 4
[18.783s][debug][gc,phases      ] GC(32)     Dead                           Min: 0, Avg:  2.8, Max: 11, Diff: 11, Sum: 11, Workers: 4
[18.783s][debug][gc,phases      ] GC(32)     Total                          Min: 9344, Avg: 10640.5, Max: 11520, Diff: 2176, Sum: 42562, Workers: 4
[18.783s][debug][gc,phases      ] GC(32)   ResolvedMethodTable Weak       Min:  0.0, Avg:  0.0, Max:  0.0, Diff:  0.0, Sum:  0.1, Workers: 4
[18.783s][debug][gc,phases      ] GC(32)     Dead                           Min: 0, Avg:  0.0, Max: 0, Diff: 0, Sum: 0, Workers: 4
[18.783s][debug][gc,phases      ] GC(32)     Total                          Min: 1532, Avg: 1725.0, Max: 1856, Diff: 324, Sum: 6900, Workers: 4
[18.783s][debug][gc,phases      ] GC(32)   JNI Weak                       Min:  0.0, Avg:  0.0, Max:  0.0, Diff:  0.0, Sum:  0.0, Workers: 4
[18.783s][debug][gc,phases      ] GC(32)     Dead                           Min: 0, Avg:  0.0, Max: 0, Diff: 0, Sum: 0, Workers: 4
[18.783s][debug][gc,phases      ] GC(32)     Total                          Min: 0, Avg:  1.5, Max: 6, Diff: 6, Sum: 6, Workers: 4
[18.783s][debug][gc,phases      ] GC(32)   StringDedup Table Weak         Min:  0.0, Avg:  0.0, Max:  0.0, Diff:  0.0, Sum:  0.0, Workers: 4
[18.783s][debug][gc,phases      ] GC(32)     Dead                           Min: 0, Avg:  0.0, Max: 0, Diff: 0, Sum: 0, Workers: 4
[18.783s][debug][gc,phases      ] GC(32)     Total                          Min: 0, Avg:  0.0, Max: 0, Diff: 0, Sum: 0, Workers: 4
[18.783s][debug][gc,phases      ] GC(32)   StringDedup Requests0 Weak     Min:  0.0, Avg:  0.0, Max:  0.0, Diff:  0.0, Sum:  0.0, Workers: 4
[18.783s][debug][gc,phases      ] GC(32)     Dead                           Min: 0, Avg:  0.0, Max: 0, Diff: 0, Sum: 0, Workers: 4
[18.783s][debug][gc,phases      ] GC(32)     Total                          Min: 0, Avg:  0.0, Max: 0, Diff: 0, Sum: 0, Workers: 4
[18.783s][debug][gc,phases      ] GC(32)   StringDedup Requests1 Weak     Min:  0.0, Avg:  0.0, Max:  0.0, Diff:  0.0, Sum:  0.0, Workers: 4
[18.783s][debug][gc,phases      ] GC(32)     Dead                           Min: 0, Avg:  0.0, Max: 0, Diff: 0, Sum: 0, Workers: 4
[18.783s][debug][gc,phases      ] GC(32)     Total                          Min: 0, Avg:  0.0, Max: 0, Diff: 0, Sum: 0, Workers: 4
[18.783s][debug][gc,phases      ] GC(32)   Weak JFR Old Object Samples    Min:  0.0, Avg:  0.0, Max:  0.0, Diff:  0.0, Sum:  0.0, Workers: 4
[18.783s][debug][gc,phases      ] GC(32)     Dead                           Min: 0, Avg:  0.0, Max: 0, Diff: 0, Sum: 0, Workers: 4
[18.783s][debug][gc,phases      ] GC(32)     Total                          Min: 0, Avg:  0.0, Max: 0, Diff: 0, Sum: 0, Workers: 4
[18.783s][debug][gc,phases      ] GC(32) Weak Processing 0.347ms
[18.783s][debug][gc,age         ] GC(32) Desired survivor size 449839104 bytes, new threshold 15 (max threshold 15)
[18.783s][info ][gc,heap        ] GC(32) PSYoungGen: 1493728K(1494016K)->252928K(1654784K) Eden: 1239040K(1239040K)->0K(1218560K) From: 254688K(254976K)->252928K(436224K)
[18.783s][info ][gc,heap        ] GC(32) ParOldGen: 273739K(358912K)->273747K(358912K)
[18.783s][info ][gc,metaspace   ] GC(32) Metaspace: 67530K(68288K)->67530K(68288K) NonClass: 57699K(58112K)->57699K(58112K) Class: 9831K(10176K)->9831K(10176K)
[18.783s][info ][gc             ] GC(32) Pause Young (Allocation Failure) 1726M->514M(1966M) 116.127ms
[18.783s][info ][gc,cpu         ] GC(32) User=0.47s Sys=0.00s Real=0.11s
[18.783s][info ][safepoint      ] Safepoint "ParallelGCFailedAllocation", Time since last: 397111035 ns, Reaching safepoint: 195103 ns, At safepoint: 116245554 ns, Total: 116440657 ns
[19.125s][info ][gc,start       ] GC(33) Pause Young (Allocation Failure)
[19.231s][debug][gc,phases      ] GC(33) Scavenge 105.962ms
[19.231s][debug][gc,ref         ] GC(33) Skipped phase 1 of Reference Processing: no references
[19.232s][debug][gc,ref         ] GC(33) ReferenceProcessor::execute queues: 1, RefProcThreadModel::Single, marks_oops_alive: false
[19.232s][debug][gc,ref         ] GC(33) Skipped phase 3 of Reference Processing: no references
[19.232s][debug][gc,ref         ] GC(33) ReferenceProcessor::execute queues: 1, RefProcThreadModel::Single, marks_oops_alive: false
[19.232s][debug][gc,phases      ] GC(33) Reference Processing 0.165ms
[19.232s][debug][gc,phases      ] GC(33)   VM Weak                        Min:  0.0, Avg:  0.0, Max:  0.0, Diff:  0.0, Sum:  0.0, Workers: 4
[19.232s][debug][gc,phases      ] GC(33)     Dead                           Min: 0, Avg:  0.0, Max: 0, Diff: 0, Sum: 0, Workers: 4
[19.232s][debug][gc,phases      ] GC(33)     Total                          Min: 0, Avg: 147.2, Max: 320, Diff: 320, Sum: 589, Workers: 4
[19.232s][debug][gc,phases      ] GC(33)   ObjectSynchronizer Weak        Min:  0.0, Avg:  0.0, Max:  0.0, Diff:  0.0, Sum:  0.0, Workers: 4
[19.232s][debug][gc,phases      ] GC(33)     Dead                           Min: 0, Avg:  0.0, Max: 0, Diff: 0, Sum: 0, Workers: 4
[19.232s][debug][gc,phases      ] GC(33)     Total                          Min: 0, Avg: 87.2, Max: 192, Diff: 192, Sum: 349, Workers: 4
[19.232s][debug][gc,phases      ] GC(33)   JVMTI Tag Weak OopStorage      Min:  0.0, Avg:  0.0, Max:  0.0, Diff:  0.0, Sum:  0.0, Workers: 4
[19.232s][debug][gc,phases      ] GC(33)     Dead                           Min: 0, Avg:  0.0, Max: 0, Diff: 0, Sum: 0, Workers: 4
[19.232s][debug][gc,phases      ] GC(33)     Total                          Min: 0, Avg:  0.0, Max: 0, Diff: 0, Sum: 0, Workers: 4
[19.232s][debug][gc,phases      ] GC(33)   StringTable Weak               Min:  0.1, Avg:  0.1, Max:  0.1, Diff:  0.0, Sum:  0.4, Workers: 4
[19.232s][debug][gc,phases      ] GC(33)     Dead                           Min: 0, Avg:  0.0, Max: 0, Diff: 0, Sum: 0, Workers: 4
[19.232s][debug][gc,phases      ] GC(33)     Total                          Min: 9849, Avg: 10641.5, Max: 11405, Diff: 1556, Sum: 42566, Workers: 4
[19.232s][debug][gc,phases      ] GC(33)   ResolvedMethodTable Weak       Min:  0.0, Avg:  0.0, Max:  0.0, Diff:  0.0, Sum:  0.1, Workers: 4
[19.232s][debug][gc,phases      ] GC(33)     Dead                           Min: 0, Avg:  0.0, Max: 0, Diff: 0, Sum: 0, Workers: 4
[19.232s][debug][gc,phases      ] GC(33)     Total                          Min: 1660, Avg: 1725.0, Max: 1856, Diff: 196, Sum: 6900, Workers: 4
[19.232s][debug][gc,phases      ] GC(33)   JNI Weak                       Min:  0.0, Avg:  0.0, Max:  0.0, Diff:  0.0, Sum:  0.0, Workers: 4
[19.232s][debug][gc,phases      ] GC(33)     Dead                           Min: 0, Avg:  0.0, Max: 0, Diff: 0, Sum: 0, Workers: 4
[19.232s][debug][gc,phases      ] GC(33)     Total                          Min: 0, Avg:  0.2, Max: 1, Diff: 1, Sum: 1, Workers: 4
[19.232s][debug][gc,phases      ] GC(33)   StringDedup Table Weak         Min:  0.0, Avg:  0.0, Max:  0.0, Diff:  0.0, Sum:  0.0, Workers: 4
[19.232s][debug][gc,phases      ] GC(33)     Dead                           Min: 0, Avg:  0.0, Max: 0, Diff: 0, Sum: 0, Workers: 4
[19.232s][debug][gc,phases      ] GC(33)     Total                          Min: 0, Avg:  0.0, Max: 0, Diff: 0, Sum: 0, Workers: 4
[19.232s][debug][gc,phases      ] GC(33)   StringDedup Requests0 Weak     Min:  0.0, Avg:  0.0, Max:  0.0, Diff:  0.0, Sum:  0.0, Workers: 4
[19.232s][debug][gc,phases      ] GC(33)     Dead                           Min: 0, Avg:  0.0, Max: 0, Diff: 0, Sum: 0, Workers: 4
[19.232s][debug][gc,phases      ] GC(33)     Total                          Min: 0, Avg:  0.0, Max: 0, Diff: 0, Sum: 0, Workers: 4
[19.232s][debug][gc,phases      ] GC(33)   StringDedup Requests1 Weak     Min:  0.0, Avg:  0.0, Max:  0.0, Diff:  0.0, Sum:  0.0, Workers: 4
[19.232s][debug][gc,phases      ] GC(33)     Dead                           Min: 0, Avg:  0.0, Max: 0, Diff: 0, Sum: 0, Workers: 4
[19.232s][debug][gc,phases      ] GC(33)     Total                          Min: 0, Avg:  0.0, Max: 0, Diff: 0, Sum: 0, Workers: 4
[19.232s][debug][gc,phases      ] GC(33)   Weak JFR Old Object Samples    Min:  0.0, Avg:  0.0, Max:  0.0, Diff:  0.0, Sum:  0.0, Workers: 4
[19.232s][debug][gc,phases      ] GC(33)     Dead                           Min: 0, Avg:  0.0, Max: 0, Diff: 0, Sum: 0, Workers: 4
[19.232s][debug][gc,phases      ] GC(33)     Total                          Min: 0, Avg:  0.0, Max: 0, Diff: 0, Sum: 0, Workers: 4
[19.232s][debug][gc,phases      ] GC(33) Weak Processing 0.323ms
[19.232s][debug][gc,age         ] GC(33) Desired survivor size 449314816 bytes, new threshold 15 (max threshold 15)
[19.232s][info ][gc,heap        ] GC(33) PSYoungGen: 1471488K(1654784K)->249120K(1657856K) Eden: 1218560K(1218560K)->0K(1218560K) From: 252928K(436224K)->249120K(439296K)
[19.232s][info ][gc,heap        ] GC(33) ParOldGen: 273747K(358912K)->273747K(358912K)
[19.232s][info ][gc,metaspace   ] GC(33) Metaspace: 67563K(68288K)->67563K(68288K) NonClass: 57732K(58112K)->57732K(58112K) Class: 9831K(10176K)->9831K(10176K)
[19.232s][info ][gc             ] GC(33) Pause Young (Allocation Failure) 1704M->510M(1969M) 106.591ms
[19.232s][info ][gc,cpu         ] GC(33) User=0.42s Sys=0.00s Real=0.11s
[19.232s][info ][safepoint      ] Safepoint "ParallelGCFailedAllocation", Time since last: 342467763 ns, Reaching safepoint: 154503 ns, At safepoint: 106705702 ns, Total: 106860205 ns
[19.607s][info ][gc,start       ] GC(34) Pause Young (Allocation Failure)
[19.714s][debug][gc,phases      ] GC(34) Scavenge 107.268ms
[19.714s][debug][gc,ref         ] GC(34) Skipped phase 1 of Reference Processing: no references
[19.714s][debug][gc,ref         ] GC(34) ReferenceProcessor::execute queues: 1, RefProcThreadModel::Single, marks_oops_alive: false
[19.714s][debug][gc,ref         ] GC(34) Skipped phase 3 of Reference Processing: no references
[19.714s][debug][gc,ref         ] GC(34) ReferenceProcessor::execute queues: 1, RefProcThreadModel::Single, marks_oops_alive: false
[19.715s][debug][gc,phases      ] GC(34) Reference Processing 0.146ms
[19.715s][debug][gc,phases      ] GC(34)   VM Weak                        Min:  0.0, Avg:  0.0, Max:  0.0, Diff:  0.0, Sum:  0.0, Workers: 4
[19.715s][debug][gc,phases      ] GC(34)     Dead                           Min: 0, Avg:  0.0, Max: 0, Diff: 0, Sum: 0, Workers: 4
[19.715s][debug][gc,phases      ] GC(34)     Total                          Min: 0, Avg: 147.2, Max: 589, Diff: 589, Sum: 589, Workers: 4
[19.715s][debug][gc,phases      ] GC(34)   ObjectSynchronizer Weak        Min:  0.0, Avg:  0.0, Max:  0.0, Diff:  0.0, Sum:  0.0, Workers: 4
[19.715s][debug][gc,phases      ] GC(34)     Dead                           Min: 0, Avg:  0.0, Max: 0, Diff: 0, Sum: 0, Workers: 4
[19.715s][debug][gc,phases      ] GC(34)     Total                          Min: 0, Avg: 87.2, Max: 128, Diff: 128, Sum: 349, Workers: 4
[19.715s][debug][gc,phases      ] GC(34)   JVMTI Tag Weak OopStorage      Min:  0.0, Avg:  0.0, Max:  0.0, Diff:  0.0, Sum:  0.0, Workers: 4
[19.715s][debug][gc,phases      ] GC(34)     Dead                           Min: 0, Avg:  0.0, Max: 0, Diff: 0, Sum: 0, Workers: 4
[19.715s][debug][gc,phases      ] GC(34)     Total                          Min: 0, Avg:  0.0, Max: 0, Diff: 0, Sum: 0, Workers: 4
[19.715s][debug][gc,phases      ] GC(34)   StringTable Weak               Min:  0.1, Avg:  0.1, Max:  0.1, Diff:  0.0, Sum:  0.4, Workers: 4
[19.715s][debug][gc,phases      ] GC(34)     Dead                           Min: 0, Avg:  3.0, Max: 7, Diff: 7, Sum: 12, Workers: 4
[19.715s][debug][gc,phases      ] GC(34)     Total                          Min: 9727, Avg: 10647.8, Max: 11232, Diff: 1505, Sum: 42591, Workers: 4
[19.715s][debug][gc,phases      ] GC(34)   ResolvedMethodTable Weak       Min:  0.0, Avg:  0.0, Max:  0.0, Diff:  0.0, Sum:  0.1, Workers: 4
[19.715s][debug][gc,phases      ] GC(34)     Dead                           Min: 0, Avg:  0.2, Max: 1, Diff: 1, Sum: 1, Workers: 4
[19.715s][debug][gc,phases      ] GC(34)     Total                          Min: 1600, Avg: 1730.2, Max: 1856, Diff: 256, Sum: 6921, Workers: 4
[19.715s][debug][gc,phases      ] GC(34)   JNI Weak                       Min:  0.0, Avg:  0.0, Max:  0.0, Diff:  0.0, Sum:  0.0, Workers: 4
[19.715s][debug][gc,phases      ] GC(34)     Dead                           Min: 0, Avg:  0.0, Max: 0, Diff: 0, Sum: 0, Workers: 4
[19.715s][debug][gc,phases      ] GC(34)     Total                          Min: 0, Avg:  3.2, Max: 13, Diff: 13, Sum: 13, Workers: 4
[19.715s][debug][gc,phases      ] GC(34)   StringDedup Table Weak         Min:  0.0, Avg:  0.0, Max:  0.0, Diff:  0.0, Sum:  0.0, Workers: 4
[19.715s][debug][gc,phases      ] GC(34)     Dead                           Min: 0, Avg:  0.0, Max: 0, Diff: 0, Sum: 0, Workers: 4
[19.715s][debug][gc,phases      ] GC(34)     Total                          Min: 0, Avg:  0.0, Max: 0, Diff: 0, Sum: 0, Workers: 4
[19.715s][debug][gc,phases      ] GC(34)   StringDedup Requests0 Weak     Min:  0.0, Avg:  0.0, Max:  0.0, Diff:  0.0, Sum:  0.0, Workers: 4
[19.715s][debug][gc,phases      ] GC(34)     Dead                           Min: 0, Avg:  0.0, Max: 0, Diff: 0, Sum: 0, Workers: 4
[19.715s][debug][gc,phases      ] GC(34)     Total                          Min: 0, Avg:  0.0, Max: 0, Diff: 0, Sum: 0, Workers: 4
[19.715s][debug][gc,phases      ] GC(34)   StringDedup Requests1 Weak     Min:  0.0, Avg:  0.0, Max:  0.0, Diff:  0.0, Sum:  0.0, Workers: 4
[19.715s][debug][gc,phases      ] GC(34)     Dead                           Min: 0, Avg:  0.0, Max: 0, Diff: 0, Sum: 0, Workers: 4
[19.715s][debug][gc,phases      ] GC(34)     Total                          Min: 0, Avg:  0.0, Max: 0, Diff: 0, Sum: 0, Workers: 4
[19.715s][debug][gc,phases      ] GC(34)   Weak JFR Old Object Samples    Min:  0.0, Avg:  0.0, Max:  0.0, Diff:  0.0, Sum:  0.0, Workers: 4
[19.715s][debug][gc,phases      ] GC(34)     Dead                           Min: 0, Avg:  0.0, Max: 0, Diff: 0, Sum: 0, Workers: 4
[19.715s][debug][gc,phases      ] GC(34)     Total                          Min: 0, Avg:  0.0, Max: 0, Diff: 0, Sum: 0, Workers: 4
[19.715s][debug][gc,phases      ] GC(34) Weak Processing 0.338ms
[19.715s][debug][gc,age         ] GC(34) Desired survivor size 445120512 bytes, new threshold 15 (max threshold 15)
[19.715s][info ][gc,heap        ] GC(34) PSYoungGen: 1467680K(1657856K)->245312K(1662464K) Eden: 1218560K(1218560K)->0K(1223680K) From: 249120K(439296K)->245312K(438784K)
[19.715s][info ][gc,heap        ] GC(34) ParOldGen: 273747K(358912K)->273755K(358912K)
[19.715s][info ][gc,metaspace   ] GC(34) Metaspace: 67626K(68352K)->67626K(68352K) NonClass: 57786K(58176K)->57786K(58176K) Class: 9839K(10176K)->9839K(10176K)
[19.715s][info ][gc             ] GC(34) Pause Young (Allocation Failure) 1700M->506M(1974M) 107.902ms
[19.715s][info ][gc,cpu         ] GC(34) User=0.43s Sys=0.00s Real=0.11s
[19.715s][info ][safepoint      ] Safepoint "ParallelGCFailedAllocation", Time since last: 374647875 ns, Reaching safepoint: 207903 ns, At safepoint: 108040724 ns, Total: 108248627 ns
[20.024s][info ][gc,start       ] GC(35) Pause Young (Allocation Failure)
[20.129s][debug][gc,phases      ] GC(35) Scavenge 105.403ms
[20.129s][debug][gc,ref         ] GC(35) Skipped phase 1 of Reference Processing: no references
[20.129s][debug][gc,ref         ] GC(35) ReferenceProcessor::execute queues: 1, RefProcThreadModel::Single, marks_oops_alive: false
[20.129s][debug][gc,ref         ] GC(35) Skipped phase 3 of Reference Processing: no references
[20.129s][debug][gc,ref         ] GC(35) ReferenceProcessor::execute queues: 1, RefProcThreadModel::Single, marks_oops_alive: false
[20.129s][debug][gc,phases      ] GC(35) Reference Processing 0.161ms
[20.130s][debug][gc,phases      ] GC(35)   VM Weak                        Min:  0.0, Avg:  0.0, Max:  0.0, Diff:  0.0, Sum:  0.0, Workers: 4
[20.130s][debug][gc,phases      ] GC(35)     Dead                           Min: 0, Avg:  0.0, Max: 0, Diff: 0, Sum: 0, Workers: 4
[20.130s][debug][gc,phases      ] GC(35)     Total                          Min: 0, Avg: 147.2, Max: 589, Diff: 589, Sum: 589, Workers: 4
[20.130s][debug][gc,phases      ] GC(35)   ObjectSynchronizer Weak        Min:  0.0, Avg:  0.0, Max:  0.0, Diff:  0.0, Sum:  0.0, Workers: 4
[20.130s][debug][gc,phases      ] GC(35)     Dead                           Min: 0, Avg:  0.0, Max: 0, Diff: 0, Sum: 0, Workers: 4
[20.130s][debug][gc,phases      ] GC(35)     Total                          Min: 0, Avg: 87.2, Max: 285, Diff: 285, Sum: 349, Workers: 4
[20.130s][debug][gc,phases      ] GC(35)   JVMTI Tag Weak OopStorage      Min:  0.0, Avg:  0.0, Max:  0.0, Diff:  0.0, Sum:  0.0, Workers: 4
[20.130s][debug][gc,phases      ] GC(35)     Dead                           Min: 0, Avg:  0.0, Max: 0, Diff: 0, Sum: 0, Workers: 4
[20.130s][debug][gc,phases      ] GC(35)     Total                          Min: 0, Avg:  0.0, Max: 0, Diff: 0, Sum: 0, Workers: 4
[20.130s][debug][gc,phases      ] GC(35)   StringTable Weak               Min:  0.1, Avg:  0.1, Max:  0.1, Diff:  0.0, Sum:  0.4, Workers: 4
[20.130s][debug][gc,phases      ] GC(35)     Dead                           Min: 0, Avg:  2.8, Max: 11, Diff: 11, Sum: 11, Workers: 4
[20.130s][debug][gc,phases      ] GC(35)     Total                          Min: 10105, Avg: 10648.0, Max: 11367, Diff: 1262, Sum: 42592, Workers: 4
[20.130s][debug][gc,phases      ] GC(35)   ResolvedMethodTable Weak       Min:  0.0, Avg:  0.0, Max:  0.0, Diff:  0.0, Sum:  0.1, Workers: 4
[20.130s][debug][gc,phases      ] GC(35)     Dead                           Min: 0, Avg:  0.0, Max: 0, Diff: 0, Sum: 0, Workers: 4
[20.130s][debug][gc,phases      ] GC(35)     Total                          Min: 1536, Avg: 1730.2, Max: 1856, Diff: 320, Sum: 6921, Workers: 4
[20.130s][debug][gc,phases      ] GC(35)   JNI Weak                       Min:  0.0, Avg:  0.0, Max:  0.0, Diff:  0.0, Sum:  0.0, Workers: 4
[20.130s][debug][gc,phases      ] GC(35)     Dead                           Min: 0, Avg:  0.0, Max: 0, Diff: 0, Sum: 0, Workers: 4
[20.130s][debug][gc,phases      ] GC(35)     Total                          Min: 0, Avg:  2.2, Max: 9, Diff: 9, Sum: 9, Workers: 4
[20.130s][debug][gc,phases      ] GC(35)   StringDedup Table Weak         Min:  0.0, Avg:  0.0, Max:  0.0, Diff:  0.0, Sum:  0.0, Workers: 4
[20.130s][debug][gc,phases      ] GC(35)     Dead                           Min: 0, Avg:  0.0, Max: 0, Diff: 0, Sum: 0, Workers: 4
[20.130s][debug][gc,phases      ] GC(35)     Total                          Min: 0, Avg:  0.0, Max: 0, Diff: 0, Sum: 0, Workers: 4
[20.130s][debug][gc,phases      ] GC(35)   StringDedup Requests0 Weak     Min:  0.0, Avg:  0.0, Max:  0.0, Diff:  0.0, Sum:  0.0, Workers: 4
[20.130s][debug][gc,phases      ] GC(35)     Dead                           Min: 0, Avg:  0.0, Max: 0, Diff: 0, Sum: 0, Workers: 4
[20.130s][debug][gc,phases      ] GC(35)     Total                          Min: 0, Avg:  0.0, Max: 0, Diff: 0, Sum: 0, Workers: 4
[20.130s][debug][gc,phases      ] GC(35)   StringDedup Requests1 Weak     Min:  0.0, Avg:  0.0, Max:  0.0, Diff:  0.0, Sum:  0.0, Workers: 4
[20.130s][debug][gc,phases      ] GC(35)     Dead                           Min: 0, Avg:  0.0, Max: 0, Diff: 0, Sum: 0, Workers: 4
[20.130s][debug][gc,phases      ] GC(35)     Total                          Min: 0, Avg:  0.0, Max: 0, Diff: 0, Sum: 0, Workers: 4
[20.130s][debug][gc,phases      ] GC(35)   Weak JFR Old Object Samples    Min:  0.0, Avg:  0.0, Max:  0.0, Diff:  0.0, Sum:  0.0, Workers: 4
[20.130s][debug][gc,phases      ] GC(35)     Dead                           Min: 0, Avg:  0.0, Max: 0, Diff: 0, Sum: 0, Workers: 4
[20.130s][debug][gc,phases      ] GC(35)     Total                          Min: 0, Avg:  0.0, Max: 0, Diff: 0, Sum: 0, Workers: 4
[20.130s][debug][gc,phases      ] GC(35) Weak Processing 0.366ms
[20.130s][debug][gc,age         ] GC(35) Desired survivor size 438304768 bytes, new threshold 15 (max threshold 15)
[20.130s][info ][gc,heap        ] GC(35) PSYoungGen: 1468992K(1662464K)->241728K(1658368K) Eden: 1223680K(1223680K)->0K(1223680K) From: 245312K(438784K)->241728K(434688K)
[20.130s][info ][gc,heap        ] GC(35) ParOldGen: 273755K(358912K)->273763K(358912K)
[20.130s][info ][gc,metaspace   ] GC(35) Metaspace: 67654K(68352K)->67654K(68352K) NonClass: 57814K(58176K)->57814K(58176K) Class: 9839K(10176K)->9839K(10176K)
[20.130s][info ][gc             ] GC(35) Pause Young (Allocation Failure) 1701M->503M(1970M) 106.091ms
[20.130s][info ][gc,cpu         ] GC(35) User=0.42s Sys=0.00s Real=0.10s
[20.130s][info ][safepoint      ] Safepoint "ParallelGCFailedAllocation", Time since last: 304199051 ns, Reaching safepoint: 4336370 ns, At safepoint: 106292995 ns, Total: 110629365 ns
[20.522s][info ][gc,start       ] GC(36) Pause Young (Allocation Failure)
[20.632s][debug][gc,phases      ] GC(36) Scavenge 110.527ms
[20.632s][debug][gc,ref         ] GC(36) Skipped phase 1 of Reference Processing: no references
[20.632s][debug][gc,ref         ] GC(36) ReferenceProcessor::execute queues: 1, RefProcThreadModel::Single, marks_oops_alive: false
[20.633s][debug][gc,ref         ] GC(36) Skipped phase 3 of Reference Processing: no references
[20.633s][debug][gc,ref         ] GC(36) ReferenceProcessor::execute queues: 1, RefProcThreadModel::Single, marks_oops_alive: false
[20.633s][debug][gc,phases      ] GC(36) Reference Processing 0.158ms
[20.633s][debug][gc,phases      ] GC(36)   VM Weak                        Min:  0.0, Avg:  0.0, Max:  0.0, Diff:  0.0, Sum:  0.0, Workers: 4
[20.633s][debug][gc,phases      ] GC(36)     Dead                           Min: 0, Avg:  0.0, Max: 0, Diff: 0, Sum: 0, Workers: 4
[20.633s][debug][gc,phases      ] GC(36)     Total                          Min: 0, Avg: 147.2, Max: 333, Diff: 333, Sum: 589, Workers: 4
[20.633s][debug][gc,phases      ] GC(36)   ObjectSynchronizer Weak        Min:  0.0, Avg:  0.0, Max:  0.0, Diff:  0.0, Sum:  0.0, Workers: 4
[20.633s][debug][gc,phases      ] GC(36)     Dead                           Min: 0, Avg:  0.0, Max: 0, Diff: 0, Sum: 0, Workers: 4
[20.633s][debug][gc,phases      ] GC(36)     Total                          Min: 0, Avg: 87.2, Max: 192, Diff: 192, Sum: 349, Workers: 4
[20.633s][debug][gc,phases      ] GC(36)   JVMTI Tag Weak OopStorage      Min:  0.0, Avg:  0.0, Max:  0.0, Diff:  0.0, Sum:  0.0, Workers: 4
[20.633s][debug][gc,phases      ] GC(36)     Dead                           Min: 0, Avg:  0.0, Max: 0, Diff: 0, Sum: 0, Workers: 4
[20.633s][debug][gc,phases      ] GC(36)     Total                          Min: 0, Avg:  0.0, Max: 0, Diff: 0, Sum: 0, Workers: 4
[20.633s][debug][gc,phases      ] GC(36)   StringTable Weak               Min:  0.1, Avg:  0.1, Max:  0.1, Diff:  0.0, Sum:  0.5, Workers: 4
[20.633s][debug][gc,phases      ] GC(36)     Dead                           Min: 0, Avg:  2.8, Max: 11, Diff: 11, Sum: 11, Workers: 4
[20.633s][debug][gc,phases      ] GC(36)     Total                          Min: 10534, Avg: 10649.2, Max: 10815, Diff: 281, Sum: 42597, Workers: 4
[20.633s][debug][gc,phases      ] GC(36)   ResolvedMethodTable Weak       Min:  0.0, Avg:  0.0, Max:  0.0, Diff:  0.0, Sum:  0.1, Workers: 4
[20.633s][debug][gc,phases      ] GC(36)     Dead                           Min: 0, Avg:  0.0, Max: 0, Diff: 0, Sum: 0, Workers: 4
[20.633s][debug][gc,phases      ] GC(36)     Total                          Min: 1481, Avg: 1730.2, Max: 1920, Diff: 439, Sum: 6921, Workers: 4
[20.633s][debug][gc,phases      ] GC(36)   JNI Weak                       Min:  0.0, Avg:  0.0, Max:  0.0, Diff:  0.0, Sum:  0.0, Workers: 4
[20.633s][debug][gc,phases      ] GC(36)     Dead                           Min: 0, Avg:  0.0, Max: 0, Diff: 0, Sum: 0, Workers: 4
[20.633s][debug][gc,phases      ] GC(36)     Total                          Min: 0, Avg:  0.2, Max: 1, Diff: 1, Sum: 1, Workers: 4
[20.633s][debug][gc,phases      ] GC(36)   StringDedup Table Weak         Min:  0.0, Avg:  0.0, Max:  0.0, Diff:  0.0, Sum:  0.0, Workers: 4
[20.633s][debug][gc,phases      ] GC(36)     Dead                           Min: 0, Avg:  0.0, Max: 0, Diff: 0, Sum: 0, Workers: 4
[20.633s][debug][gc,phases      ] GC(36)     Total                          Min: 0, Avg:  0.0, Max: 0, Diff: 0, Sum: 0, Workers: 4
[20.633s][debug][gc,phases      ] GC(36)   StringDedup Requests0 Weak     Min:  0.0, Avg:  0.0, Max:  0.0, Diff:  0.0, Sum:  0.0, Workers: 4
[20.633s][debug][gc,phases      ] GC(36)     Dead                           Min: 0, Avg:  0.0, Max: 0, Diff: 0, Sum: 0, Workers: 4
[20.633s][debug][gc,phases      ] GC(36)     Total                          Min: 0, Avg:  0.0, Max: 0, Diff: 0, Sum: 0, Workers: 4
[20.633s][debug][gc,phases      ] GC(36)   StringDedup Requests1 Weak     Min:  0.0, Avg:  0.0, Max:  0.0, Diff:  0.0, Sum:  0.0, Workers: 4
[20.633s][debug][gc,phases      ] GC(36)     Dead                           Min: 0, Avg:  0.0, Max: 0, Diff: 0, Sum: 0, Workers: 4
[20.633s][debug][gc,phases      ] GC(36)     Total                          Min: 0, Avg:  0.0, Max: 0, Diff: 0, Sum: 0, Workers: 4
[20.633s][debug][gc,phases      ] GC(36)   Weak JFR Old Object Samples    Min:  0.0, Avg:  0.0, Max:  0.0, Diff:  0.0, Sum:  0.0, Workers: 4
[20.633s][debug][gc,phases      ] GC(36)     Dead                           Min: 0, Avg:  0.0, Max: 0, Diff: 0, Sum: 0, Workers: 4
[20.633s][debug][gc,phases      ] GC(36)     Total                          Min: 0, Avg:  0.0, Max: 0, Diff: 0, Sum: 0, Workers: 4
[20.633s][debug][gc,phases      ] GC(36) Weak Processing 0.366ms
[20.633s][debug][gc,age         ] GC(36) Desired survivor size 430440448 bytes, new threshold 15 (max threshold 15)
[20.633s][info ][gc,heap        ] GC(36) PSYoungGen: 1465408K(1658368K)->239408K(1676800K) Eden: 1223680K(1223680K)->0K(1248768K) From: 241728K(434688K)->239408K(428032K)
[20.633s][info ][gc,heap        ] GC(36) ParOldGen: 273763K(358912K)->273843K(358912K)
[20.633s][info ][gc,metaspace   ] GC(36) Metaspace: 67661K(68352K)->67661K(68352K) NonClass: 57822K(58176K)->57822K(58176K) Class: 9839K(10176K)->9839K(10176K)
[20.633s][info ][gc             ] GC(36) Pause Young (Allocation Failure) 1698M->501M(1988M) 111.197ms
[20.633s][info ][gc,cpu         ] GC(36) User=0.44s Sys=0.00s Real=0.12s
[20.633s][info ][safepoint      ] Safepoint "ParallelGCFailedAllocation", Time since last: 391755347 ns, Reaching safepoint: 143903 ns, At safepoint: 111315775 ns, Total: 111459678 ns
[20.949s][info ][gc,start       ] GC(37) Pause Young (Allocation Failure)
[21.053s][debug][gc,phases      ] GC(37) Scavenge 103.589ms
[21.053s][debug][gc,ref         ] GC(37) Skipped phase 1 of Reference Processing: no references
[21.053s][debug][gc,ref         ] GC(37) ReferenceProcessor::execute queues: 1, RefProcThreadModel::Single, marks_oops_alive: false
[21.053s][debug][gc,ref         ] GC(37) Skipped phase 3 of Reference Processing: no references
[21.053s][debug][gc,ref         ] GC(37) ReferenceProcessor::execute queues: 1, RefProcThreadModel::Single, marks_oops_alive: false
[21.053s][debug][gc,phases      ] GC(37) Reference Processing 0.136ms
[21.053s][debug][gc,phases      ] GC(37)   VM Weak                        Min:  0.0, Avg:  0.0, Max:  0.0, Diff:  0.0, Sum:  0.0, Workers: 4
[21.053s][debug][gc,phases      ] GC(37)     Dead                           Min: 0, Avg:  0.0, Max: 0, Diff: 0, Sum: 0, Workers: 4
[21.053s][debug][gc,phases      ] GC(37)     Total                          Min: 0, Avg: 147.2, Max: 589, Diff: 589, Sum: 589, Workers: 4
[21.053s][debug][gc,phases      ] GC(37)   ObjectSynchronizer Weak        Min:  0.0, Avg:  0.0, Max:  0.0, Diff:  0.0, Sum:  0.0, Workers: 4
[21.053s][debug][gc,phases      ] GC(37)     Dead                           Min: 0, Avg:  0.0, Max: 0, Diff: 0, Sum: 0, Workers: 4
[21.053s][debug][gc,phases      ] GC(37)     Total                          Min: 0, Avg: 87.2, Max: 349, Diff: 349, Sum: 349, Workers: 4
[21.053s][debug][gc,phases      ] GC(37)   JVMTI Tag Weak OopStorage      Min:  0.0, Avg:  0.0, Max:  0.0, Diff:  0.0, Sum:  0.0, Workers: 4
[21.053s][debug][gc,phases      ] GC(37)     Dead                           Min: 0, Avg:  0.0, Max: 0, Diff: 0, Sum: 0, Workers: 4
[21.053s][debug][gc,phases      ] GC(37)     Total                          Min: 0, Avg:  0.0, Max: 0, Diff: 0, Sum: 0, Workers: 4
[21.053s][debug][gc,phases      ] GC(37)   StringTable Weak               Min:  0.1, Avg:  0.1, Max:  0.1, Diff:  0.0, Sum:  0.4, Workers: 4
[21.053s][debug][gc,phases      ] GC(37)     Dead                           Min: 0, Avg:  2.8, Max: 7, Diff: 7, Sum: 11, Workers: 4
[21.053s][debug][gc,phases      ] GC(37)     Total                          Min: 9344, Avg: 10651.2, Max: 11456, Diff: 2112, Sum: 42605, Workers: 4
[21.053s][debug][gc,phases      ] GC(37)   ResolvedMethodTable Weak       Min:  0.0, Avg:  0.0, Max:  0.0, Diff:  0.0, Sum:  0.1, Workers: 4
[21.053s][debug][gc,phases      ] GC(37)     Dead                           Min: 0, Avg:  0.0, Max: 0, Diff: 0, Sum: 0, Workers: 4
[21.053s][debug][gc,phases      ] GC(37)     Total                          Min: 1600, Avg: 1730.2, Max: 1856, Diff: 256, Sum: 6921, Workers: 4
[21.053s][debug][gc,phases      ] GC(37)   JNI Weak                       Min:  0.0, Avg:  0.0, Max:  0.0, Diff:  0.0, Sum:  0.0, Workers: 4
[21.053s][debug][gc,phases      ] GC(37)     Dead                           Min: 0, Avg:  0.0, Max: 0, Diff: 0, Sum: 0, Workers: 4
[21.053s][debug][gc,phases      ] GC(37)     Total                          Min: 0, Avg:  1.2, Max: 5, Diff: 5, Sum: 5, Workers: 4
[21.053s][debug][gc,phases      ] GC(37)   StringDedup Table Weak         Min:  0.0, Avg:  0.0, Max:  0.0, Diff:  0.0, Sum:  0.0, Workers: 4
[21.053s][debug][gc,phases      ] GC(37)     Dead                           Min: 0, Avg:  0.0, Max: 0, Diff: 0, Sum: 0, Workers: 4
[21.053s][debug][gc,phases      ] GC(37)     Total                          Min: 0, Avg:  0.0, Max: 0, Diff: 0, Sum: 0, Workers: 4
[21.053s][debug][gc,phases      ] GC(37)   StringDedup Requests0 Weak     Min:  0.0, Avg:  0.0, Max:  0.0, Diff:  0.0, Sum:  0.0, Workers: 4
[21.053s][debug][gc,phases      ] GC(37)     Dead                           Min: 0, Avg:  0.0, Max: 0, Diff: 0, Sum: 0, Workers: 4
[21.053s][debug][gc,phases      ] GC(37)     Total                          Min: 0, Avg:  0.0, Max: 0, Diff: 0, Sum: 0, Workers: 4
[21.053s][debug][gc,phases      ] GC(37)   StringDedup Requests1 Weak     Min:  0.0, Avg:  0.0, Max:  0.0, Diff:  0.0, Sum:  0.0, Workers: 4
[21.053s][debug][gc,phases      ] GC(37)     Dead                           Min: 0, Avg:  0.0, Max: 0, Diff: 0, Sum: 0, Workers: 4
[21.053s][debug][gc,phases      ] GC(37)     Total                          Min: 0, Avg:  0.0, Max: 0, Diff: 0, Sum: 0, Workers: 4
[21.053s][debug][gc,phases      ] GC(37)   Weak JFR Old Object Samples    Min:  0.0, Avg:  0.0, Max:  0.0, Diff:  0.0, Sum:  0.0, Workers: 4
[21.053s][debug][gc,phases      ] GC(37)     Dead                           Min: 0, Avg:  0.0, Max: 0, Diff: 0, Sum: 0, Workers: 4
[21.053s][debug][gc,phases      ] GC(37)     Total                          Min: 0, Avg:  0.0, Max: 0, Diff: 0, Sum: 0, Workers: 4
[21.053s][debug][gc,phases      ] GC(37) Weak Processing 0.321ms
[21.053s][debug][gc,age         ] GC(37) Desired survivor size 420478976 bytes, new threshold 15 (max threshold 15)
[21.053s][info ][gc,heap        ] GC(37) PSYoungGen: 1488176K(1676800K)->235840K(1669120K) Eden: 1248768K(1248768K)->0K(1248768K) From: 239408K(428032K)->235840K(420352K)
[21.053s][info ][gc,heap        ] GC(37) ParOldGen: 273843K(358912K)->274791K(358912K)
[21.053s][info ][gc,metaspace   ] GC(37) Metaspace: 67663K(68416K)->67663K(68416K) NonClass: 57824K(58240K)->57824K(58240K) Class: 9839K(10176K)->9839K(10176K)
[21.053s][info ][gc             ] GC(37) Pause Young (Allocation Failure) 1720M->498M(1980M) 104.194ms
[21.053s][info ][gc,cpu         ] GC(37) User=0.42s Sys=0.00s Real=0.11s
[21.053s][info ][safepoint      ] Safepoint "ParallelGCFailedAllocation", Time since last: 315963739 ns, Reaching safepoint: 111502 ns, At safepoint: 104315863 ns, Total: 104427365 ns
[21.393s][info ][gc,start       ] GC(38) Pause Young (Allocation Failure)
[21.509s][debug][gc,phases      ] GC(38) Scavenge 116.496ms
[21.509s][debug][gc,ref         ] GC(38) Skipped phase 1 of Reference Processing: no references
[21.509s][debug][gc,ref         ] GC(38) ReferenceProcessor::execute queues: 1, RefProcThreadModel::Single, marks_oops_alive: false
[21.509s][debug][gc,ref         ] GC(38) Skipped phase 3 of Reference Processing: no references
[21.509s][debug][gc,ref         ] GC(38) ReferenceProcessor::execute queues: 1, RefProcThreadModel::Single, marks_oops_alive: false
[21.509s][debug][gc,phases      ] GC(38) Reference Processing 0.138ms
[21.510s][debug][gc,phases      ] GC(38)   VM Weak                        Min:  0.0, Avg:  0.0, Max:  0.0, Diff:  0.0, Sum:  0.0, Workers: 4
[21.510s][debug][gc,phases      ] GC(38)     Dead                           Min: 0, Avg:  0.0, Max: 0, Diff: 0, Sum: 0, Workers: 4
[21.510s][debug][gc,phases      ] GC(38)     Total                          Min: 0, Avg: 147.2, Max: 589, Diff: 589, Sum: 589, Workers: 4
[21.510s][debug][gc,phases      ] GC(38)   ObjectSynchronizer Weak        Min:  0.0, Avg:  0.0, Max:  0.0, Diff:  0.0, Sum:  0.0, Workers: 4
[21.510s][debug][gc,phases      ] GC(38)     Dead                           Min: 0, Avg:  0.0, Max: 0, Diff: 0, Sum: 0, Workers: 4
[21.510s][debug][gc,phases      ] GC(38)     Total                          Min: 0, Avg: 87.2, Max: 128, Diff: 128, Sum: 349, Workers: 4
[21.510s][debug][gc,phases      ] GC(38)   JVMTI Tag Weak OopStorage      Min:  0.0, Avg:  0.0, Max:  0.0, Diff:  0.0, Sum:  0.0, Workers: 4
[21.510s][debug][gc,phases      ] GC(38)     Dead                           Min: 0, Avg:  0.0, Max: 0, Diff: 0, Sum: 0, Workers: 4
[21.510s][debug][gc,phases      ] GC(38)     Total                          Min: 0, Avg:  0.0, Max: 0, Diff: 0, Sum: 0, Workers: 4
[21.510s][debug][gc,phases      ] GC(38)   StringTable Weak               Min:  0.1, Avg:  0.1, Max:  0.1, Diff:  0.0, Sum:  0.4, Workers: 4
[21.510s][debug][gc,phases      ] GC(38)     Dead                           Min: 0, Avg:  2.8, Max: 11, Diff: 11, Sum: 11, Workers: 4
[21.510s][debug][gc,phases      ] GC(38)     Total                          Min: 9280, Avg: 10651.8, Max: 11504, Diff: 2224, Sum: 42607, Workers: 4
[21.510s][debug][gc,phases      ] GC(38)   ResolvedMethodTable Weak       Min:  0.0, Avg:  0.0, Max:  0.0, Diff:  0.0, Sum:  0.1, Workers: 4
[21.510s][debug][gc,phases      ] GC(38)     Dead                           Min: 0, Avg:  0.0, Max: 0, Diff: 0, Sum: 0, Workers: 4
[21.510s][debug][gc,phases      ] GC(38)     Total                          Min: 1536, Avg: 1730.2, Max: 1865, Diff: 329, Sum: 6921, Workers: 4
[21.510s][debug][gc,phases      ] GC(38)   JNI Weak                       Min:  0.0, Avg:  0.0, Max:  0.0, Diff:  0.0, Sum:  0.0, Workers: 4
[21.510s][debug][gc,phases      ] GC(38)     Dead                           Min: 0, Avg:  0.0, Max: 0, Diff: 0, Sum: 0, Workers: 4
[21.510s][debug][gc,phases      ] GC(38)     Total                          Min: 0, Avg:  1.2, Max: 5, Diff: 5, Sum: 5, Workers: 4
[21.510s][debug][gc,phases      ] GC(38)   StringDedup Table Weak         Min:  0.0, Avg:  0.0, Max:  0.0, Diff:  0.0, Sum:  0.0, Workers: 4
[21.510s][debug][gc,phases      ] GC(38)     Dead                           Min: 0, Avg:  0.0, Max: 0, Diff: 0, Sum: 0, Workers: 4
[21.510s][debug][gc,phases      ] GC(38)     Total                          Min: 0, Avg:  0.0, Max: 0, Diff: 0, Sum: 0, Workers: 4
[21.510s][debug][gc,phases      ] GC(38)   StringDedup Requests0 Weak     Min:  0.0, Avg:  0.0, Max:  0.0, Diff:  0.0, Sum:  0.0, Workers: 4
[21.510s][debug][gc,phases      ] GC(38)     Dead                           Min: 0, Avg:  0.0, Max: 0, Diff: 0, Sum: 0, Workers: 4
[21.510s][debug][gc,phases      ] GC(38)     Total                          Min: 0, Avg:  0.0, Max: 0, Diff: 0, Sum: 0, Workers: 4
[21.510s][debug][gc,phases      ] GC(38)   StringDedup Requests1 Weak     Min:  0.0, Avg:  0.0, Max:  0.0, Diff:  0.0, Sum:  0.0, Workers: 4
[21.510s][debug][gc,phases      ] GC(38)     Dead                           Min: 0, Avg:  0.0, Max: 0, Diff: 0, Sum: 0, Workers: 4
[21.510s][debug][gc,phases      ] GC(38)     Total                          Min: 0, Avg:  0.0, Max: 0, Diff: 0, Sum: 0, Workers: 4
[21.510s][debug][gc,phases      ] GC(38)   Weak JFR Old Object Samples    Min:  0.0, Avg:  0.0, Max:  0.0, Diff:  0.0, Sum:  0.0, Workers: 4
[21.510s][debug][gc,phases      ] GC(38)     Dead                           Min: 0, Avg:  0.0, Max: 0, Diff: 0, Sum: 0, Workers: 4
[21.510s][debug][gc,phases      ] GC(38)     Total                          Min: 0, Avg:  0.0, Max: 0, Diff: 0, Sum: 0, Workers: 4
[21.510s][debug][gc,phases      ] GC(38) Weak Processing 0.326ms
[21.510s][debug][gc,age         ] GC(38) Desired survivor size 400031744 bytes, new threshold 15 (max threshold 15)
[21.510s][info ][gc,heap        ] GC(38) PSYoungGen: 1484608K(1669120K)->206352K(1706496K) Eden: 1248768K(1248768K)->0K(1295872K) From: 235840K(420352K)->206352K(410624K)
[21.510s][info ][gc,heap        ] GC(38) ParOldGen: 274791K(358912K)->303839K(358912K)
[21.510s][info ][gc,metaspace   ] GC(38) Metaspace: 67663K(68416K)->67663K(68416K) NonClass: 57824K(58240K)->57824K(58240K) Class: 9839K(10176K)->9839K(10176K)
[21.510s][info ][gc             ] GC(38) Pause Young (Allocation Failure) 1718M->498M(2017M) 117.098ms
[21.510s][info ][gc,cpu         ] GC(38) User=0.46s Sys=0.00s Real=0.11s
[21.510s][info ][safepoint      ] Safepoint "ParallelGCFailedAllocation", Time since last: 338933905 ns, Reaching safepoint: 289604 ns, At safepoint: 117214169 ns, Total: 117503773 ns
[21.849s][info ][gc,start       ] GC(39) Pause Young (Allocation Failure)
[21.939s][debug][gc,phases      ] GC(39) Scavenge 90.090ms
[21.939s][debug][gc,ref         ] GC(39) Skipped phase 1 of Reference Processing: no references
[21.939s][debug][gc,ref         ] GC(39) ReferenceProcessor::execute queues: 1, RefProcThreadModel::Single, marks_oops_alive: false
[21.939s][debug][gc,ref         ] GC(39) Skipped phase 3 of Reference Processing: no references
[21.939s][debug][gc,ref         ] GC(39) ReferenceProcessor::execute queues: 1, RefProcThreadModel::Single, marks_oops_alive: false
[21.939s][debug][gc,phases      ] GC(39) Reference Processing 0.152ms
[21.940s][debug][gc,phases      ] GC(39)   VM Weak                        Min:  0.0, Avg:  0.0, Max:  0.0, Diff:  0.0, Sum:  0.0, Workers: 4
[21.940s][debug][gc,phases      ] GC(39)     Dead                           Min: 0, Avg:  0.0, Max: 0, Diff: 0, Sum: 0, Workers: 4
[21.940s][debug][gc,phases      ] GC(39)     Total                          Min: 0, Avg: 147.2, Max: 397, Diff: 397, Sum: 589, Workers: 4
[21.940s][debug][gc,phases      ] GC(39)   ObjectSynchronizer Weak        Min:  0.0, Avg:  0.0, Max:  0.0, Diff:  0.0, Sum:  0.0, Workers: 4
[21.940s][debug][gc,phases      ] GC(39)     Dead                           Min: 0, Avg:  0.0, Max: 0, Diff: 0, Sum: 0, Workers: 4
[21.940s][debug][gc,phases      ] GC(39)     Total                          Min: 0, Avg: 87.2, Max: 157, Diff: 157, Sum: 349, Workers: 4
[21.940s][debug][gc,phases      ] GC(39)   JVMTI Tag Weak OopStorage      Min:  0.0, Avg:  0.0, Max:  0.0, Diff:  0.0, Sum:  0.0, Workers: 4
[21.940s][debug][gc,phases      ] GC(39)     Dead                           Min: 0, Avg:  0.0, Max: 0, Diff: 0, Sum: 0, Workers: 4
[21.940s][debug][gc,phases      ] GC(39)     Total                          Min: 0, Avg:  0.0, Max: 0, Diff: 0, Sum: 0, Workers: 4
[21.940s][debug][gc,phases      ] GC(39)   StringTable Weak               Min:  0.1, Avg:  0.1, Max:  0.1, Diff:  0.0, Sum:  0.4, Workers: 4
[21.940s][debug][gc,phases      ] GC(39)     Dead                           Min: 0, Avg:  2.8, Max: 11, Diff: 11, Sum: 11, Workers: 4
[21.940s][debug][gc,phases      ] GC(39)     Total                          Min: 9472, Avg: 10657.2, Max: 11573, Diff: 2101, Sum: 42629, Workers: 4
[21.940s][debug][gc,phases      ] GC(39)   ResolvedMethodTable Weak       Min:  0.0, Avg:  0.0, Max:  0.0, Diff:  0.0, Sum:  0.1, Workers: 4
[21.940s][debug][gc,phases      ] GC(39)     Dead                           Min: 0, Avg:  4.0, Max: 16, Diff: 16, Sum: 16, Workers: 4
[21.940s][debug][gc,phases      ] GC(39)     Total                          Min: 1500, Avg: 1731.2, Max: 2042, Diff: 542, Sum: 6925, Workers: 4
[21.940s][debug][gc,phases      ] GC(39)   JNI Weak                       Min:  0.0, Avg:  0.0, Max:  0.0, Diff:  0.0, Sum:  0.0, Workers: 4
[21.940s][debug][gc,phases      ] GC(39)     Dead                           Min: 0, Avg:  0.0, Max: 0, Diff: 0, Sum: 0, Workers: 4
[21.940s][debug][gc,phases      ] GC(39)     Total                          Min: 0, Avg:  1.0, Max: 4, Diff: 4, Sum: 4, Workers: 4
[21.940s][debug][gc,phases      ] GC(39)   StringDedup Table Weak         Min:  0.0, Avg:  0.0, Max:  0.0, Diff:  0.0, Sum:  0.0, Workers: 4
[21.940s][debug][gc,phases      ] GC(39)     Dead                           Min: 0, Avg:  0.0, Max: 0, Diff: 0, Sum: 0, Workers: 4
[21.940s][debug][gc,phases      ] GC(39)     Total                          Min: 0, Avg:  0.0, Max: 0, Diff: 0, Sum: 0, Workers: 4
[21.940s][debug][gc,phases      ] GC(39)   StringDedup Requests0 Weak     Min:  0.0, Avg:  0.0, Max:  0.0, Diff:  0.0, Sum:  0.0, Workers: 4
[21.940s][debug][gc,phases      ] GC(39)     Dead                           Min: 0, Avg:  0.0, Max: 0, Diff: 0, Sum: 0, Workers: 4
[21.940s][debug][gc,phases      ] GC(39)     Total                          Min: 0, Avg:  0.0, Max: 0, Diff: 0, Sum: 0, Workers: 4
[21.940s][debug][gc,phases      ] GC(39)   StringDedup Requests1 Weak     Min:  0.0, Avg:  0.0, Max:  0.0, Diff:  0.0, Sum:  0.0, Workers: 4
[21.940s][debug][gc,phases      ] GC(39)     Dead                           Min: 0, Avg:  0.0, Max: 0, Diff: 0, Sum: 0, Workers: 4
[21.940s][debug][gc,phases      ] GC(39)     Total                          Min: 0, Avg:  0.0, Max: 0, Diff: 0, Sum: 0, Workers: 4
[21.940s][debug][gc,phases      ] GC(39)   Weak JFR Old Object Samples    Min:  0.0, Avg:  0.0, Max:  0.0, Diff:  0.0, Sum:  0.0, Workers: 4
[21.940s][debug][gc,phases      ] GC(39)     Dead                           Min: 0, Avg:  0.0, Max: 0, Diff: 0, Sum: 0, Workers: 4
[21.940s][debug][gc,phases      ] GC(39)     Total                          Min: 0, Avg:  0.0, Max: 0, Diff: 0, Sum: 0, Workers: 4
[21.940s][debug][gc,phases      ] GC(39) Weak Processing 0.326ms
[21.940s][debug][gc,age         ] GC(39) Desired survivor size 391118848 bytes, new threshold 15 (max threshold 15)
[21.940s][info ][gc,heap        ] GC(39) PSYoungGen: 1502224K(1706496K)->147952K(1686528K) Eden: 1295872K(1295872K)->0K(1295872K) From: 206352K(410624K)->147952K(390656K)
[21.940s][info ][gc,heap        ] GC(39) ParOldGen: 303839K(358912K)->364759K(365056K)
[21.940s][info ][gc,metaspace   ] GC(39) Metaspace: 67683K(68480K)->67683K(68480K) NonClass: 57841K(58304K)->57841K(58304K) Class: 9841K(10176K)->9841K(10176K)
[21.940s][info ][gc             ] GC(39) Pause Young (Allocation Failure) 1763M->500M(2003M) 90.713ms
[21.940s][info ][gc,cpu         ] GC(39) User=0.35s Sys=0.01s Real=0.09s
[21.940s][debug][gc,phases      ] GC(40) Pre Compact 0.011ms
[21.940s][info ][gc,start       ] GC(40) Pause Full (Ergonomics)
[21.940s][info ][gc,phases,start] GC(40) Marking Phase
[22.127s][debug][gc,phases      ] GC(40) Par Mark 187.470ms
[22.127s][debug][gc,ref         ] GC(40) Skipped phase 1 of Reference Processing: no references
[22.128s][debug][gc,ref         ] GC(40) ReferenceProcessor::execute queues: 4, RefProcThreadModel::Multi, marks_oops_alive: false
[22.128s][debug][gc,ref         ] GC(40) Skipped phase 3 of Reference Processing: no references
[22.128s][debug][gc,ref         ] GC(40) ReferenceProcessor::execute queues: 1, RefProcThreadModel::Single, marks_oops_alive: false
[22.128s][debug][gc,phases      ] GC(40) Reference Processing 0.817ms
[22.129s][debug][gc,phases      ] GC(40)   VM Weak                        Min:  0.0, Avg:  0.0, Max:  0.0, Diff:  0.0, Sum:  0.0, Workers: 4
[22.129s][debug][gc,phases      ] GC(40)     Dead                           Min: 0, Avg:  0.0, Max: 0, Diff: 0, Sum: 0, Workers: 4
[22.129s][debug][gc,phases      ] GC(40)     Total                          Min: 0, Avg: 147.2, Max: 512, Diff: 512, Sum: 589, Workers: 4
[22.129s][debug][gc,phases      ] GC(40)   ObjectSynchronizer Weak        Min:  0.0, Avg:  0.0, Max:  0.0, Diff:  0.0, Sum:  0.0, Workers: 4
[22.129s][debug][gc,phases      ] GC(40)     Dead                           Min: 0, Avg:  0.0, Max: 0, Diff: 0, Sum: 0, Workers: 4
[22.129s][debug][gc,phases      ] GC(40)     Total                          Min: 29, Avg: 87.2, Max: 128, Diff: 99, Sum: 349, Workers: 4
[22.129s][debug][gc,phases      ] GC(40)   JVMTI Tag Weak OopStorage      Min:  0.0, Avg:  0.0, Max:  0.0, Diff:  0.0, Sum:  0.0, Workers: 4
[22.129s][debug][gc,phases      ] GC(40)     Dead                           Min: 0, Avg:  0.0, Max: 0, Diff: 0, Sum: 0, Workers: 4
[22.129s][debug][gc,phases      ] GC(40)     Total                          Min: 0, Avg:  0.0, Max: 0, Diff: 0, Sum: 0, Workers: 4
[22.129s][debug][gc,phases      ] GC(40)   StringTable Weak               Min:  0.2, Avg:  0.2, Max:  0.2, Diff:  0.0, Sum:  0.8, Workers: 4
[22.129s][debug][gc,phases      ] GC(40)     Dead                           Min: 0, Avg:  0.0, Max: 0, Diff: 0, Sum: 0, Workers: 4
[22.129s][debug][gc,phases      ] GC(40)     Total                          Min: 9936, Avg: 10657.2, Max: 12533, Diff: 2597, Sum: 42629, Workers: 4
[22.129s][debug][gc,phases      ] GC(40)   ResolvedMethodTable Weak       Min:  0.0, Avg:  0.0, Max:  0.0, Diff:  0.0, Sum:  0.1, Workers: 4
[22.129s][debug][gc,phases      ] GC(40)     Dead                           Min: 0, Avg:  0.0, Max: 0, Diff: 0, Sum: 0, Workers: 4
[22.129s][debug][gc,phases      ] GC(40)     Total                          Min: 1536, Avg: 1731.2, Max: 1850, Diff: 314, Sum: 6925, Workers: 4
[22.129s][debug][gc,phases      ] GC(40)   JNI Weak                       Min:  0.0, Avg:  0.0, Max:  0.0, Diff:  0.0, Sum:  0.0, Workers: 4
[22.129s][debug][gc,phases      ] GC(40)     Dead                           Min: 0, Avg:  0.0, Max: 0, Diff: 0, Sum: 0, Workers: 4
[22.129s][debug][gc,phases      ] GC(40)     Total                          Min: 0, Avg:  1.0, Max: 4, Diff: 4, Sum: 4, Workers: 4
[22.129s][debug][gc,phases      ] GC(40)   StringDedup Table Weak         Min:  0.0, Avg:  0.0, Max:  0.0, Diff:  0.0, Sum:  0.0, Workers: 4
[22.129s][debug][gc,phases      ] GC(40)     Dead                           Min: 0, Avg:  0.0, Max: 0, Diff: 0, Sum: 0, Workers: 4
[22.129s][debug][gc,phases      ] GC(40)     Total                          Min: 0, Avg:  0.0, Max: 0, Diff: 0, Sum: 0, Workers: 4
[22.129s][debug][gc,phases      ] GC(40)   StringDedup Requests0 Weak     Min:  0.0, Avg:  0.0, Max:  0.0, Diff:  0.0, Sum:  0.0, Workers: 4
[22.129s][debug][gc,phases      ] GC(40)     Dead                           Min: 0, Avg:  0.0, Max: 0, Diff: 0, Sum: 0, Workers: 4
[22.129s][debug][gc,phases      ] GC(40)     Total                          Min: 0, Avg:  0.0, Max: 0, Diff: 0, Sum: 0, Workers: 4
[22.129s][debug][gc,phases      ] GC(40)   StringDedup Requests1 Weak     Min:  0.0, Avg:  0.0, Max:  0.0, Diff:  0.0, Sum:  0.0, Workers: 4
[22.129s][debug][gc,phases      ] GC(40)     Dead                           Min: 0, Avg:  0.0, Max: 0, Diff: 0, Sum: 0, Workers: 4
[22.129s][debug][gc,phases      ] GC(40)     Total                          Min: 0, Avg:  0.0, Max: 0, Diff: 0, Sum: 0, Workers: 4
[22.129s][debug][gc,phases      ] GC(40)   Weak JFR Old Object Samples    Min:  0.0, Avg:  0.0, Max:  0.0, Diff:  0.0, Sum:  0.0, Workers: 4
[22.129s][debug][gc,phases      ] GC(40)     Dead                           Min: 0, Avg:  0.0, Max: 0, Diff: 0, Sum: 0, Workers: 4
[22.129s][debug][gc,phases      ] GC(40)     Total                          Min: 0, Avg:  0.0, Max: 0, Diff: 0, Sum: 0, Workers: 4
[22.129s][debug][gc,phases      ] GC(40) Weak Processing 0.437ms
[22.129s][debug][gc,phases      ] GC(40) ClassLoaderData 0.091ms
[22.129s][debug][gc,phases      ] GC(40) Trigger cleanups 0.000ms
[22.138s][debug][gc,phases      ] GC(40) Class Unloading 9.490ms
[22.138s][info ][gc,phases      ] GC(40) Marking Phase 198.404ms
[22.138s][info ][gc,phases,start] GC(40) Summary Phase
[22.138s][info ][gc,phases      ] GC(40) Summary Phase 0.013ms
[22.138s][info ][gc,phases,start] GC(40) Adjust Roots
[22.147s][info ][gc,phases      ] GC(40) Adjust Roots 8.832ms
[22.147s][info ][gc,phases,start] GC(40) Compaction Phase
[22.637s][info ][gc,phases      ] GC(40) Compaction Phase 489.379ms
[22.637s][info ][gc,phases,start] GC(40) Post Compact
[22.638s][info ][gc,phases      ] GC(40) Post Compact 1.638ms
[22.638s][info ][gc,heap        ] GC(40) PSYoungGen: 147952K(1686528K)->128207K(1686528K) Eden: 0K(1295872K)->0K(1295872K) From: 147952K(390656K)->128207K(390656K)
[22.638s][info ][gc,heap        ] GC(40) ParOldGen: 364759K(365056K)->364666K(449024K)
[22.638s][info ][gc,metaspace   ] GC(40) Metaspace: 67683K(68480K)->67683K(68480K) NonClass: 57841K(58304K)->57841K(58304K) Class: 9841K(10176K)->9841K(10176K)
[22.638s][info ][gc             ] GC(40) Pause Full (Ergonomics) 500M->481M(2085M) 698.582ms
[22.638s][info ][gc,cpu         ] GC(40) User=2.71s Sys=0.01s Real=0.70s
[22.659s][info ][safepoint      ] Safepoint "ParallelGCFailedAllocation", Time since last: 338993606 ns, Reaching safepoint: 131602 ns, At safepoint: 809846012 ns, Total: 809977614 ns
[23.035s][info ][gc,start       ] GC(41) Pause Young (Allocation Failure)
[23.131s][debug][gc,phases      ] GC(41) Scavenge 96.056ms
[23.131s][debug][gc,ref         ] GC(41) Skipped phase 1 of Reference Processing: no references
[23.131s][debug][gc,ref         ] GC(41) ReferenceProcessor::execute queues: 1, RefProcThreadModel::Single, marks_oops_alive: false
[23.131s][debug][gc,ref         ] GC(41) Skipped phase 3 of Reference Processing: no references
[23.131s][debug][gc,ref         ] GC(41) ReferenceProcessor::execute queues: 1, RefProcThreadModel::Single, marks_oops_alive: false
[23.131s][debug][gc,phases      ] GC(41) Reference Processing 0.188ms
[23.132s][debug][gc,phases      ] GC(41)   VM Weak                        Min:  0.0, Avg:  0.0, Max:  0.0, Diff:  0.0, Sum:  0.0, Workers: 4
[23.132s][debug][gc,phases      ] GC(41)     Dead                           Min: 0, Avg:  0.0, Max: 0, Diff: 0, Sum: 0, Workers: 4
[23.132s][debug][gc,phases      ] GC(41)     Total                          Min: 0, Avg: 147.5, Max: 512, Diff: 512, Sum: 590, Workers: 4
[23.132s][debug][gc,phases      ] GC(41)   ObjectSynchronizer Weak        Min:  0.0, Avg:  0.0, Max:  0.0, Diff:  0.0, Sum:  0.0, Workers: 4
[23.132s][debug][gc,phases      ] GC(41)     Dead                           Min: 0, Avg:  0.0, Max: 0, Diff: 0, Sum: 0, Workers: 4
[23.132s][debug][gc,phases      ] GC(41)     Total                          Min: 0, Avg: 87.2, Max: 221, Diff: 221, Sum: 349, Workers: 4
[23.132s][debug][gc,phases      ] GC(41)   JVMTI Tag Weak OopStorage      Min:  0.0, Avg:  0.0, Max:  0.0, Diff:  0.0, Sum:  0.0, Workers: 4
[23.132s][debug][gc,phases      ] GC(41)     Dead                           Min: 0, Avg:  0.0, Max: 0, Diff: 0, Sum: 0, Workers: 4
[23.132s][debug][gc,phases      ] GC(41)     Total                          Min: 0, Avg:  0.0, Max: 0, Diff: 0, Sum: 0, Workers: 4
[23.132s][debug][gc,phases      ] GC(41)   StringTable Weak               Min:  0.0, Avg:  0.1, Max:  0.1, Diff:  0.1, Sum:  0.4, Workers: 4
[23.132s][debug][gc,phases      ] GC(41)     Dead                           Min: 0, Avg:  3.2, Max: 13, Diff: 13, Sum: 13, Workers: 4
[23.132s][debug][gc,phases      ] GC(41)     Total                          Min: 0, Avg: 10666.8, Max: 15477, Diff: 15477, Sum: 42667, Workers: 4
[23.132s][debug][gc,phases      ] GC(41)   ResolvedMethodTable Weak       Min:  0.0, Avg:  0.0, Max:  0.0, Diff:  0.0, Sum:  0.1, Workers: 4
[23.132s][debug][gc,phases      ] GC(41)     Dead                           Min: 0, Avg:  4.5, Max: 18, Diff: 18, Sum: 18, Workers: 4
[23.132s][debug][gc,phases      ] GC(41)     Total                          Min: 0, Avg: 1737.0, Max: 2613, Diff: 2613, Sum: 6948, Workers: 4
[23.132s][debug][gc,phases      ] GC(41)   JNI Weak                       Min:  0.0, Avg:  0.0, Max:  0.0, Diff:  0.0, Sum:  0.0, Workers: 4
[23.132s][debug][gc,phases      ] GC(41)     Dead                           Min: 0, Avg:  0.0, Max: 0, Diff: 0, Sum: 0, Workers: 4
[23.132s][debug][gc,phases      ] GC(41)     Total                          Min: 0, Avg:  2.0, Max: 8, Diff: 8, Sum: 8, Workers: 4
[23.132s][debug][gc,phases      ] GC(41)   StringDedup Table Weak         Min:  0.0, Avg:  0.0, Max:  0.0, Diff:  0.0, Sum:  0.0, Workers: 4
[23.132s][debug][gc,phases      ] GC(41)     Dead                           Min: 0, Avg:  0.0, Max: 0, Diff: 0, Sum: 0, Workers: 4
[23.132s][debug][gc,phases      ] GC(41)     Total                          Min: 0, Avg:  0.0, Max: 0, Diff: 0, Sum: 0, Workers: 4
[23.132s][debug][gc,phases      ] GC(41)   StringDedup Requests0 Weak     Min:  0.0, Avg:  0.0, Max:  0.0, Diff:  0.0, Sum:  0.0, Workers: 4
[23.132s][debug][gc,phases      ] GC(41)     Dead                           Min: 0, Avg:  0.0, Max: 0, Diff: 0, Sum: 0, Workers: 4
[23.132s][debug][gc,phases      ] GC(41)     Total                          Min: 0, Avg:  0.0, Max: 0, Diff: 0, Sum: 0, Workers: 4
[23.132s][debug][gc,phases      ] GC(41)   StringDedup Requests1 Weak     Min:  0.0, Avg:  0.0, Max:  0.0, Diff:  0.0, Sum:  0.0, Workers: 4
[23.132s][debug][gc,phases      ] GC(41)     Dead                           Min: 0, Avg:  0.0, Max: 0, Diff: 0, Sum: 0, Workers: 4
[23.132s][debug][gc,phases      ] GC(41)     Total                          Min: 0, Avg:  0.0, Max: 0, Diff: 0, Sum: 0, Workers: 4
[23.132s][debug][gc,phases      ] GC(41)   Weak JFR Old Object Samples    Min:  0.0, Avg:  0.0, Max:  0.0, Diff:  0.0, Sum:  0.0, Workers: 4
[23.132s][debug][gc,phases      ] GC(41)     Dead                           Min: 0, Avg:  0.0, Max: 0, Diff: 0, Sum: 0, Workers: 4
[23.132s][debug][gc,phases      ] GC(41)     Total                          Min: 0, Avg:  0.0, Max: 0, Diff: 0, Sum: 0, Workers: 4
[23.132s][debug][gc,phases      ] GC(41) Weak Processing 0.442ms
[23.132s][debug][gc,age         ] GC(41) Desired survivor size 392167424 bytes, new threshold 15 (max threshold 15)
[23.132s][info ][gc,heap        ] GC(41) PSYoungGen: 1424079K(1686528K)->88208K(1713152K) Eden: 1295872K(1295872K)->0K(1331200K) From: 128207K(390656K)->88208K(381952K)
[23.132s][info ][gc,heap        ] GC(41) ParOldGen: 364666K(449024K)->413358K(449024K)
[23.132s][info ][gc,metaspace   ] GC(41) Metaspace: 67784K(68544K)->67784K(68544K) NonClass: 57926K(58368K)->57926K(58368K) Class: 9858K(10176K)->9858K(10176K)
[23.132s][info ][gc             ] GC(41) Pause Young (Allocation Failure) 1746M->489M(2111M) 96.840ms
[23.132s][info ][gc,cpu         ] GC(41) User=0.46s Sys=0.02s Real=0.10s
[23.132s][debug][gc,phases      ] GC(42) Pre Compact 0.016ms
[23.132s][info ][gc,start       ] GC(42) Pause Full (Ergonomics)
[23.132s][info ][gc,phases,start] GC(42) Marking Phase
[23.298s][debug][gc,phases      ] GC(42) Par Mark 166.511ms
[23.299s][debug][gc,ref         ] GC(42) Skipped phase 1 of Reference Processing: no references
[23.299s][debug][gc,ref         ] GC(42) ReferenceProcessor::execute queues: 4, RefProcThreadModel::Multi, marks_oops_alive: false
[23.299s][debug][gc,ref         ] GC(42) Skipped phase 3 of Reference Processing: no references
[23.299s][debug][gc,ref         ] GC(42) ReferenceProcessor::execute queues: 1, RefProcThreadModel::Single, marks_oops_alive: false
[23.299s][debug][gc,phases      ] GC(42) Reference Processing 0.454ms
[23.299s][debug][gc,phases      ] GC(42)   VM Weak                        Min:  0.0, Avg:  0.0, Max:  0.0, Diff:  0.0, Sum:  0.0, Workers: 4
[23.299s][debug][gc,phases      ] GC(42)     Dead                           Min: 0, Avg:  0.0, Max: 0, Diff: 0, Sum: 0, Workers: 4
[23.299s][debug][gc,phases      ] GC(42)     Total                          Min: 0, Avg: 147.5, Max: 334, Diff: 334, Sum: 590, Workers: 4
[23.299s][debug][gc,phases      ] GC(42)   ObjectSynchronizer Weak        Min:  0.0, Avg:  0.0, Max:  0.0, Diff:  0.0, Sum:  0.0, Workers: 4
[23.299s][debug][gc,phases      ] GC(42)     Dead                           Min: 0, Avg:  0.0, Max: 0, Diff: 0, Sum: 0, Workers: 4
[23.299s][debug][gc,phases      ] GC(42)     Total                          Min: 0, Avg: 87.2, Max: 157, Diff: 157, Sum: 349, Workers: 4
[23.299s][debug][gc,phases      ] GC(42)   JVMTI Tag Weak OopStorage      Min:  0.0, Avg:  0.0, Max:  0.0, Diff:  0.0, Sum:  0.0, Workers: 4
[23.299s][debug][gc,phases      ] GC(42)     Dead                           Min: 0, Avg:  0.0, Max: 0, Diff: 0, Sum: 0, Workers: 4
[23.299s][debug][gc,phases      ] GC(42)     Total                          Min: 0, Avg:  0.0, Max: 0, Diff: 0, Sum: 0, Workers: 4
[23.299s][debug][gc,phases      ] GC(42)   StringTable Weak               Min:  0.2, Avg:  0.2, Max:  0.2, Diff:  0.0, Sum:  0.7, Workers: 4
[23.299s][debug][gc,phases      ] GC(42)     Dead                           Min: 0, Avg:  0.0, Max: 0, Diff: 0, Sum: 0, Workers: 4
[23.299s][debug][gc,phases      ] GC(42)     Total                          Min: 9077, Avg: 10666.8, Max: 11775, Diff: 2698, Sum: 42667, Workers: 4
[23.299s][debug][gc,phases      ] GC(42)   ResolvedMethodTable Weak       Min:  0.0, Avg:  0.0, Max:  0.0, Diff:  0.0, Sum:  0.1, Workers: 4
[23.299s][debug][gc,phases      ] GC(42)     Dead                           Min: 0, Avg:  0.0, Max: 0, Diff: 0, Sum: 0, Workers: 4
[23.299s][debug][gc,phases      ] GC(42)     Total                          Min: 1529, Avg: 1737.0, Max: 1855, Diff: 326, Sum: 6948, Workers: 4
[23.299s][debug][gc,phases      ] GC(42)   JNI Weak                       Min:  0.0, Avg:  0.0, Max:  0.0, Diff:  0.0, Sum:  0.0, Workers: 4
[23.299s][debug][gc,phases      ] GC(42)     Dead                           Min: 0, Avg:  0.0, Max: 0, Diff: 0, Sum: 0, Workers: 4
[23.299s][debug][gc,phases      ] GC(42)     Total                          Min: 0, Avg:  2.0, Max: 8, Diff: 8, Sum: 8, Workers: 4
[23.299s][debug][gc,phases      ] GC(42)   StringDedup Table Weak         Min:  0.0, Avg:  0.0, Max:  0.0, Diff:  0.0, Sum:  0.0, Workers: 4
[23.299s][debug][gc,phases      ] GC(42)     Dead                           Min: 0, Avg:  0.0, Max: 0, Diff: 0, Sum: 0, Workers: 4
[23.299s][debug][gc,phases      ] GC(42)     Total                          Min: 0, Avg:  0.0, Max: 0, Diff: 0, Sum: 0, Workers: 4
[23.299s][debug][gc,phases      ] GC(42)   StringDedup Requests0 Weak     Min:  0.0, Avg:  0.0, Max:  0.0, Diff:  0.0, Sum:  0.0, Workers: 4
[23.299s][debug][gc,phases      ] GC(42)     Dead                           Min: 0, Avg:  0.0, Max: 0, Diff: 0, Sum: 0, Workers: 4
[23.299s][debug][gc,phases      ] GC(42)     Total                          Min: 0, Avg:  0.0, Max: 0, Diff: 0, Sum: 0, Workers: 4
[23.299s][debug][gc,phases      ] GC(42)   StringDedup Requests1 Weak     Min:  0.0, Avg:  0.0, Max:  0.0, Diff:  0.0, Sum:  0.0, Workers: 4
[23.299s][debug][gc,phases      ] GC(42)     Dead                           Min: 0, Avg:  0.0, Max: 0, Diff: 0, Sum: 0, Workers: 4
[23.299s][debug][gc,phases      ] GC(42)     Total                          Min: 0, Avg:  0.0, Max: 0, Diff: 0, Sum: 0, Workers: 4
[23.299s][debug][gc,phases      ] GC(42)   Weak JFR Old Object Samples    Min:  0.0, Avg:  0.0, Max:  0.0, Diff:  0.0, Sum:  0.0, Workers: 4
[23.299s][debug][gc,phases      ] GC(42)     Dead                           Min: 0, Avg:  0.0, Max: 0, Diff: 0, Sum: 0, Workers: 4
[23.299s][debug][gc,phases      ] GC(42)     Total                          Min: 0, Avg:  0.0, Max: 0, Diff: 0, Sum: 0, Workers: 4
[23.299s][debug][gc,phases      ] GC(42) Weak Processing 0.387ms
[23.299s][debug][gc,phases      ] GC(42) ClassLoaderData 0.081ms
[23.299s][debug][gc,phases      ] GC(42) Trigger cleanups 0.001ms
[23.308s][debug][gc,phases      ] GC(42) Class Unloading 9.063ms
[23.308s][info ][gc,phases      ] GC(42) Marking Phase 176.591ms
[23.308s][info ][gc,phases,start] GC(42) Summary Phase
[23.308s][info ][gc,phases      ] GC(42) Summary Phase 0.024ms
[23.308s][info ][gc,phases,start] GC(42) Adjust Roots
[23.316s][info ][gc,phases      ] GC(42) Adjust Roots 7.011ms
[23.316s][info ][gc,phases,start] GC(42) Compaction Phase
[23.596s][info ][gc,phases      ] GC(42) Compaction Phase 280.768ms
[23.596s][info ][gc,phases,start] GC(42) Post Compact
[23.598s][info ][gc,phases      ] GC(42) Post Compact 1.324ms
[23.598s][info ][gc,heap        ] GC(42) PSYoungGen: 88208K(1713152K)->44584K(1713152K) Eden: 0K(1331200K)->0K(1331200K) From: 88208K(381952K)->44584K(381952K)
[23.598s][info ][gc,heap        ] GC(42) ParOldGen: 413358K(449024K)->448763K(550912K)
[23.598s][info ][gc,metaspace   ] GC(42) Metaspace: 67784K(68544K)->67784K(68544K) NonClass: 57926K(58368K)->57926K(58368K) Class: 9858K(10176K)->9858K(10176K)
[23.598s][info ][gc             ] GC(42) Pause Full (Ergonomics) 489M->481M(2211M) 466.041ms
[23.598s][info ][gc,cpu         ] GC(42) User=1.82s Sys=0.01s Real=0.46s
[23.623s][info ][safepoint      ] Safepoint "ParallelGCFailedAllocation", Time since last: 375919294 ns, Reaching safepoint: 139002 ns, At safepoint: 588255878 ns, Total: 588394880 ns
[24.005s][info ][gc,start       ] GC(43) Pause Young (Allocation Failure)
[24.068s][debug][gc,phases      ] GC(43) Scavenge 62.959ms
[24.068s][debug][gc,ref         ] GC(43) Skipped phase 1 of Reference Processing: no references
[24.068s][debug][gc,ref         ] GC(43) ReferenceProcessor::execute queues: 1, RefProcThreadModel::Single, marks_oops_alive: false
[24.068s][debug][gc,ref         ] GC(43) Skipped phase 3 of Reference Processing: no references
[24.068s][debug][gc,ref         ] GC(43) Skipped phase 4 of Reference Processing: no references
[24.068s][debug][gc,phases      ] GC(43) Reference Processing 0.150ms
[24.068s][debug][gc,phases      ] GC(43)   VM Weak                        Min:  0.0, Avg:  0.0, Max:  0.0, Diff:  0.0, Sum:  0.0, Workers: 4
[24.068s][debug][gc,phases      ] GC(43)     Dead                           Min: 0, Avg:  0.0, Max: 0, Diff: 0, Sum: 0, Workers: 4
[24.068s][debug][gc,phases      ] GC(43)     Total                          Min: 0, Avg: 147.5, Max: 512, Diff: 512, Sum: 590, Workers: 4
[24.068s][debug][gc,phases      ] GC(43)   ObjectSynchronizer Weak        Min:  0.0, Avg:  0.0, Max:  0.0, Diff:  0.0, Sum:  0.0, Workers: 4
[24.068s][debug][gc,phases      ] GC(43)     Dead                           Min: 0, Avg:  0.0, Max: 0, Diff: 0, Sum: 0, Workers: 4
[24.068s][debug][gc,phases      ] GC(43)     Total                          Min: 0, Avg: 87.2, Max: 192, Diff: 192, Sum: 349, Workers: 4
[24.068s][debug][gc,phases      ] GC(43)   JVMTI Tag Weak OopStorage      Min:  0.0, Avg:  0.0, Max:  0.0, Diff:  0.0, Sum:  0.0, Workers: 4
[24.068s][debug][gc,phases      ] GC(43)     Dead                           Min: 0, Avg:  0.0, Max: 0, Diff: 0, Sum: 0, Workers: 4
[24.068s][debug][gc,phases      ] GC(43)     Total                          Min: 0, Avg:  0.0, Max: 0, Diff: 0, Sum: 0, Workers: 4
[24.068s][debug][gc,phases      ] GC(43)   StringTable Weak               Min:  0.2, Avg:  0.2, Max:  0.2, Diff:  0.0, Sum:  0.7, Workers: 4
[24.068s][debug][gc,phases      ] GC(43)     Dead                           Min: 0, Avg:  2.8, Max: 11, Diff: 11, Sum: 11, Workers: 4
[24.068s][debug][gc,phases      ] GC(43)     Total                          Min: 10176, Avg: 10668.5, Max: 11008, Diff: 832, Sum: 42674, Workers: 4
[24.068s][debug][gc,phases      ] GC(43)   ResolvedMethodTable Weak       Min:  0.0, Avg:  0.0, Max:  0.0, Diff:  0.0, Sum:  0.1, Workers: 4
[24.068s][debug][gc,phases      ] GC(43)     Dead                           Min: 0, Avg:  0.0, Max: 0, Diff: 0, Sum: 0, Workers: 4
[24.068s][debug][gc,phases      ] GC(43)     Total                          Min: 1536, Avg: 1737.0, Max: 2036, Diff: 500, Sum: 6948, Workers: 4
[24.068s][debug][gc,phases      ] GC(43)   JNI Weak                       Min:  0.0, Avg:  0.0, Max:  0.0, Diff:  0.0, Sum:  0.0, Workers: 4
[24.068s][debug][gc,phases      ] GC(43)     Dead                           Min: 0, Avg:  0.0, Max: 0, Diff: 0, Sum: 0, Workers: 4
[24.068s][debug][gc,phases      ] GC(43)     Total                          Min: 0, Avg:  0.0, Max: 0, Diff: 0, Sum: 0, Workers: 4
[24.068s][debug][gc,phases      ] GC(43)   StringDedup Table Weak         Min:  0.0, Avg:  0.0, Max:  0.0, Diff:  0.0, Sum:  0.0, Workers: 4
[24.068s][debug][gc,phases      ] GC(43)     Dead                           Min: 0, Avg:  0.0, Max: 0, Diff: 0, Sum: 0, Workers: 4
[24.068s][debug][gc,phases      ] GC(43)     Total                          Min: 0, Avg:  0.0, Max: 0, Diff: 0, Sum: 0, Workers: 4
[24.068s][debug][gc,phases      ] GC(43)   StringDedup Requests0 Weak     Min:  0.0, Avg:  0.0, Max:  0.0, Diff:  0.0, Sum:  0.0, Workers: 4
[24.068s][debug][gc,phases      ] GC(43)     Dead                           Min: 0, Avg:  0.0, Max: 0, Diff: 0, Sum: 0, Workers: 4
[24.068s][debug][gc,phases      ] GC(43)     Total                          Min: 0, Avg:  0.0, Max: 0, Diff: 0, Sum: 0, Workers: 4
[24.068s][debug][gc,phases      ] GC(43)   StringDedup Requests1 Weak     Min:  0.0, Avg:  0.0, Max:  0.0, Diff:  0.0, Sum:  0.0, Workers: 4
[24.068s][debug][gc,phases      ] GC(43)     Dead                           Min: 0, Avg:  0.0, Max: 0, Diff: 0, Sum: 0, Workers: 4
[24.068s][debug][gc,phases      ] GC(43)     Total                          Min: 0, Avg:  0.0, Max: 0, Diff: 0, Sum: 0, Workers: 4
[24.068s][debug][gc,phases      ] GC(43)   Weak JFR Old Object Samples    Min:  0.0, Avg:  0.0, Max:  0.0, Diff:  0.0, Sum:  0.0, Workers: 4
[24.068s][debug][gc,phases      ] GC(43)     Dead                           Min: 0, Avg:  0.0, Max: 0, Diff: 0, Sum: 0, Workers: 4
[24.068s][debug][gc,phases      ] GC(43)     Total                          Min: 0, Avg:  0.0, Max: 0, Diff: 0, Sum: 0, Workers: 4
[24.068s][debug][gc,phases      ] GC(43) Weak Processing 0.485ms
[24.068s][debug][gc,age         ] GC(43) Desired survivor size 395837440 bytes, new threshold 15 (max threshold 15)
[24.068s][info ][gc,heap        ] GC(43) PSYoungGen: 1375784K(1713152K)->52640K(1383936K) Eden: 1331200K(1331200K)->0K(1331200K) From: 44584K(381952K)->52640K(52736K)
[24.068s][info ][gc,heap        ] GC(43) ParOldGen: 448763K(550912K)->450739K(550912K)
[24.068s][info ][gc,metaspace   ] GC(43) Metaspace: 67796K(68544K)->67796K(68544K) NonClass: 57937K(58368K)->57937K(58368K) Class: 9858K(10176K)->9858K(10176K)
[24.068s][info ][gc             ] GC(43) Pause Young (Allocation Failure) 1781M->491M(1889M) 63.825ms
[24.068s][info ][gc,cpu         ] GC(43) User=0.25s Sys=0.00s Real=0.06s
[24.069s][info ][safepoint      ] Safepoint "ParallelGCFailedAllocation", Time since last: 381250278 ns, Reaching safepoint: 172302 ns, At safepoint: 63955920 ns, Total: 64128222 ns
[24.444s][info ][gc,start       ] GC(44) Pause Young (Allocation Failure)
[24.460s][debug][gc,phases      ] GC(44) Scavenge 15.561ms
[24.460s][debug][gc,ref         ] GC(44) Skipped phase 1 of Reference Processing: no references
[24.460s][debug][gc,ref         ] GC(44) ReferenceProcessor::execute queues: 1, RefProcThreadModel::Single, marks_oops_alive: false
[24.460s][debug][gc,ref         ] GC(44) Skipped phase 3 of Reference Processing: no references
[24.460s][debug][gc,ref         ] GC(44) Skipped phase 4 of Reference Processing: no references
[24.460s][debug][gc,phases      ] GC(44) Reference Processing 0.133ms
[24.460s][debug][gc,phases      ] GC(44)   VM Weak                        Min:  0.0, Avg:  0.0, Max:  0.0, Diff:  0.0, Sum:  0.0, Workers: 4
[24.460s][debug][gc,phases      ] GC(44)     Dead                           Min: 0, Avg:  0.0, Max: 0, Diff: 0, Sum: 0, Workers: 4
[24.460s][debug][gc,phases      ] GC(44)     Total                          Min: 0, Avg: 147.5, Max: 526, Diff: 526, Sum: 590, Workers: 4
[24.460s][debug][gc,phases      ] GC(44)   ObjectSynchronizer Weak        Min:  0.0, Avg:  0.0, Max:  0.0, Diff:  0.0, Sum:  0.0, Workers: 4
[24.460s][debug][gc,phases      ] GC(44)     Dead                           Min: 0, Avg:  0.0, Max: 0, Diff: 0, Sum: 0, Workers: 4
[24.460s][debug][gc,phases      ] GC(44)     Total                          Min: 0, Avg: 87.2, Max: 128, Diff: 128, Sum: 349, Workers: 4
[24.460s][debug][gc,phases      ] GC(44)   JVMTI Tag Weak OopStorage      Min:  0.0, Avg:  0.0, Max:  0.0, Diff:  0.0, Sum:  0.0, Workers: 4
[24.460s][debug][gc,phases      ] GC(44)     Dead                           Min: 0, Avg:  0.0, Max: 0, Diff: 0, Sum: 0, Workers: 4
[24.460s][debug][gc,phases      ] GC(44)     Total                          Min: 0, Avg:  0.0, Max: 0, Diff: 0, Sum: 0, Workers: 4
[24.460s][debug][gc,phases      ] GC(44)   StringTable Weak               Min:  0.1, Avg:  0.1, Max:  0.1, Diff:  0.0, Sum:  0.4, Workers: 4
[24.460s][debug][gc,phases      ] GC(44)     Dead                           Min: 0, Avg:  2.8, Max: 11, Diff: 11, Sum: 11, Workers: 4
[24.460s][debug][gc,phases      ] GC(44)     Total                          Min: 10047, Avg: 10671.8, Max: 12224, Diff: 2177, Sum: 42687, Workers: 4
[24.460s][debug][gc,phases      ] GC(44)   ResolvedMethodTable Weak       Min:  0.0, Avg:  0.0, Max:  0.0, Diff:  0.0, Sum:  0.1, Workers: 4
[24.460s][debug][gc,phases      ] GC(44)     Dead                           Min: 0, Avg:  0.0, Max: 0, Diff: 0, Sum: 0, Workers: 4
[24.460s][debug][gc,phases      ] GC(44)     Total                          Min: 1529, Avg: 1737.0, Max: 1908, Diff: 379, Sum: 6948, Workers: 4
[24.460s][debug][gc,phases      ] GC(44)   JNI Weak                       Min:  0.0, Avg:  0.0, Max:  0.0, Diff:  0.0, Sum:  0.0, Workers: 4
[24.460s][debug][gc,phases      ] GC(44)     Dead                           Min: 0, Avg:  0.0, Max: 0, Diff: 0, Sum: 0, Workers: 4
[24.460s][debug][gc,phases      ] GC(44)     Total                          Min: 0, Avg:  0.8, Max: 3, Diff: 3, Sum: 3, Workers: 4
[24.460s][debug][gc,phases      ] GC(44)   StringDedup Table Weak         Min:  0.0, Avg:  0.0, Max:  0.0, Diff:  0.0, Sum:  0.0, Workers: 4
[24.460s][debug][gc,phases      ] GC(44)     Dead                           Min: 0, Avg:  0.0, Max: 0, Diff: 0, Sum: 0, Workers: 4
[24.460s][debug][gc,phases      ] GC(44)     Total                          Min: 0, Avg:  0.0, Max: 0, Diff: 0, Sum: 0, Workers: 4
[24.460s][debug][gc,phases      ] GC(44)   StringDedup Requests0 Weak     Min:  0.0, Avg:  0.0, Max:  0.0, Diff:  0.0, Sum:  0.0, Workers: 4
[24.460s][debug][gc,phases      ] GC(44)     Dead                           Min: 0, Avg:  0.0, Max: 0, Diff: 0, Sum: 0, Workers: 4
[24.460s][debug][gc,phases      ] GC(44)     Total                          Min: 0, Avg:  0.0, Max: 0, Diff: 0, Sum: 0, Workers: 4
[24.460s][debug][gc,phases      ] GC(44)   StringDedup Requests1 Weak     Min:  0.0, Avg:  0.0, Max:  0.0, Diff:  0.0, Sum:  0.0, Workers: 4
[24.460s][debug][gc,phases      ] GC(44)     Dead                           Min: 0, Avg:  0.0, Max: 0, Diff: 0, Sum: 0, Workers: 4
[24.460s][debug][gc,phases      ] GC(44)     Total                          Min: 0, Avg:  0.0, Max: 0, Diff: 0, Sum: 0, Workers: 4
[24.460s][debug][gc,phases      ] GC(44)   Weak JFR Old Object Samples    Min:  0.0, Avg:  0.0, Max:  0.0, Diff:  0.0, Sum:  0.0, Workers: 4
[24.460s][debug][gc,phases      ] GC(44)     Dead                           Min: 0, Avg:  0.0, Max: 0, Diff: 0, Sum: 0, Workers: 4
[24.460s][debug][gc,phases      ] GC(44)     Total                          Min: 0, Avg:  0.0, Max: 0, Diff: 0, Sum: 0, Workers: 4
[24.460s][debug][gc,phases      ] GC(44) Weak Processing 0.340ms
[24.460s][debug][gc,age         ] GC(44) Desired survivor size 395313152 bytes, new threshold 15 (max threshold 15)
[24.460s][info ][gc,heap        ] GC(44) PSYoungGen: 1383840K(1383936K)->55168K(1711104K) Eden: 1331200K(1331200K)->0K(1324544K) From: 52640K(52736K)->55168K(386560K)
[24.460s][info ][gc,heap        ] GC(44) ParOldGen: 450739K(550912K)->453427K(550912K)
[24.460s][info ][gc,metaspace   ] GC(44) Metaspace: 67809K(68544K)->67809K(68544K) NonClass: 57950K(58368K)->57950K(58368K) Class: 9858K(10176K)->9858K(10176K)
[24.460s][info ][gc             ] GC(44) Pause Young (Allocation Failure) 1791M->496M(2209M) 16.170ms
[24.460s][info ][gc,cpu         ] GC(44) User=0.06s Sys=0.00s Real=0.01s
[24.460s][info ][safepoint      ] Safepoint "ParallelGCFailedAllocation", Time since last: 373490753 ns, Reaching safepoint: 2159735 ns, At safepoint: 16291960 ns, Total: 18451695 ns
[24.781s][info ][gc,start       ] GC(45) Pause Young (Allocation Failure)
[24.797s][debug][gc,phases      ] GC(45) Scavenge 16.210ms
[24.797s][debug][gc,ref         ] GC(45) Skipped phase 1 of Reference Processing: no references
[24.797s][debug][gc,ref         ] GC(45) ReferenceProcessor::execute queues: 1, RefProcThreadModel::Single, marks_oops_alive: false
[24.797s][debug][gc,ref         ] GC(45) Skipped phase 3 of Reference Processing: no references
[24.797s][debug][gc,ref         ] GC(45) Skipped phase 4 of Reference Processing: no references
[24.797s][debug][gc,phases      ] GC(45) Reference Processing 0.127ms
[24.798s][debug][gc,phases      ] GC(45)   VM Weak                        Min:  0.0, Avg:  0.0, Max:  0.0, Diff:  0.0, Sum:  0.0, Workers: 4
[24.798s][debug][gc,phases      ] GC(45)     Dead                           Min: 0, Avg:  0.0, Max: 0, Diff: 0, Sum: 0, Workers: 4
[24.798s][debug][gc,phases      ] GC(45)     Total                          Min: 0, Avg: 147.5, Max: 384, Diff: 384, Sum: 590, Workers: 4
[24.798s][debug][gc,phases      ] GC(45)   ObjectSynchronizer Weak        Min:  0.0, Avg:  0.0, Max:  0.0, Diff:  0.0, Sum:  0.0, Workers: 4
[24.798s][debug][gc,phases      ] GC(45)     Dead                           Min: 0, Avg:  0.0, Max: 0, Diff: 0, Sum: 0, Workers: 4
[24.798s][debug][gc,phases      ] GC(45)     Total                          Min: 0, Avg: 87.2, Max: 128, Diff: 128, Sum: 349, Workers: 4
[24.798s][debug][gc,phases      ] GC(45)   JVMTI Tag Weak OopStorage      Min:  0.0, Avg:  0.0, Max:  0.0, Diff:  0.0, Sum:  0.0, Workers: 4
[24.798s][debug][gc,phases      ] GC(45)     Dead                           Min: 0, Avg:  0.0, Max: 0, Diff: 0, Sum: 0, Workers: 4
[24.798s][debug][gc,phases      ] GC(45)     Total                          Min: 0, Avg:  0.0, Max: 0, Diff: 0, Sum: 0, Workers: 4
[24.798s][debug][gc,phases      ] GC(45)   StringTable Weak               Min:  0.1, Avg:  0.1, Max:  0.1, Diff:  0.0, Sum:  0.5, Workers: 4
[24.798s][debug][gc,phases      ] GC(45)     Dead                           Min: 0, Avg:  2.8, Max: 10, Diff: 10, Sum: 11, Workers: 4
[24.798s][debug][gc,phases      ] GC(45)     Total                          Min: 9408, Avg: 10671.8, Max: 11136, Diff: 1728, Sum: 42687, Workers: 4
[24.798s][debug][gc,phases      ] GC(45)   ResolvedMethodTable Weak       Min:  0.0, Avg:  0.0, Max:  0.0, Diff:  0.0, Sum:  0.1, Workers: 4
[24.798s][debug][gc,phases      ] GC(45)     Dead                           Min: 0, Avg:  0.0, Max: 0, Diff: 0, Sum: 0, Workers: 4
[24.798s][debug][gc,phases      ] GC(45)     Total                          Min: 1452, Avg: 1737.0, Max: 1983, Diff: 531, Sum: 6948, Workers: 4
[24.798s][debug][gc,phases      ] GC(45)   JNI Weak                       Min:  0.0, Avg:  0.0, Max:  0.0, Diff:  0.0, Sum:  0.0, Workers: 4
[24.798s][debug][gc,phases      ] GC(45)     Dead                           Min: 0, Avg:  0.0, Max: 0, Diff: 0, Sum: 0, Workers: 4
[24.798s][debug][gc,phases      ] GC(45)     Total                          Min: 0, Avg:  0.0, Max: 0, Diff: 0, Sum: 0, Workers: 4
[24.798s][debug][gc,phases      ] GC(45)   StringDedup Table Weak         Min:  0.0, Avg:  0.0, Max:  0.0, Diff:  0.0, Sum:  0.0, Workers: 4
[24.798s][debug][gc,phases      ] GC(45)     Dead                           Min: 0, Avg:  0.0, Max: 0, Diff: 0, Sum: 0, Workers: 4
[24.798s][debug][gc,phases      ] GC(45)     Total                          Min: 0, Avg:  0.0, Max: 0, Diff: 0, Sum: 0, Workers: 4
[24.798s][debug][gc,phases      ] GC(45)   StringDedup Requests0 Weak     Min:  0.0, Avg:  0.0, Max:  0.0, Diff:  0.0, Sum:  0.0, Workers: 4
[24.798s][debug][gc,phases      ] GC(45)     Dead                           Min: 0, Avg:  0.0, Max: 0, Diff: 0, Sum: 0, Workers: 4
[24.798s][debug][gc,phases      ] GC(45)     Total                          Min: 0, Avg:  0.0, Max: 0, Diff: 0, Sum: 0, Workers: 4
[24.798s][debug][gc,phases      ] GC(45)   StringDedup Requests1 Weak     Min:  0.0, Avg:  0.0, Max:  0.0, Diff:  0.0, Sum:  0.0, Workers: 4
[24.798s][debug][gc,phases      ] GC(45)     Dead                           Min: 0, Avg:  0.0, Max: 0, Diff: 0, Sum: 0, Workers: 4
[24.798s][debug][gc,phases      ] GC(45)     Total                          Min: 0, Avg:  0.0, Max: 0, Diff: 0, Sum: 0, Workers: 4
[24.798s][debug][gc,phases      ] GC(45)   Weak JFR Old Object Samples    Min:  0.0, Avg:  0.0, Max:  0.0, Diff:  0.0, Sum:  0.0, Workers: 4
[24.798s][debug][gc,phases      ] GC(45)     Dead                           Min: 0, Avg:  0.0, Max: 0, Diff: 0, Sum: 0, Workers: 4
[24.798s][debug][gc,phases      ] GC(45)     Total                          Min: 0, Avg:  0.0, Max: 0, Diff: 0, Sum: 0, Workers: 4
[24.798s][debug][gc,phases      ] GC(45) Weak Processing 0.383ms
[24.798s][debug][gc,age         ] GC(45) Desired survivor size 391643136 bytes, new threshold 15 (max threshold 15)
[24.798s][info ][gc,heap        ] GC(45) PSYoungGen: 1379712K(1711104K)->55248K(1710592K) Eden: 1324544K(1324544K)->0K(1324544K) From: 55168K(386560K)->55248K(386048K)
[24.798s][info ][gc,heap        ] GC(45) ParOldGen: 453427K(550912K)->457331K(550912K)
[24.798s][info ][gc,metaspace   ] GC(45) Metaspace: 67809K(68544K)->67809K(68544K) NonClass: 57950K(58368K)->57950K(58368K) Class: 9858K(10176K)->9858K(10176K)
[24.798s][info ][gc             ] GC(45) Pause Young (Allocation Failure) 1790M->500M(2208M) 16.889ms
[24.798s][info ][gc,cpu         ] GC(45) User=0.05s Sys=0.01s Real=0.02s
[24.798s][info ][safepoint      ] Safepoint "ParallelGCFailedAllocation", Time since last: 320205404 ns, Reaching safepoint: 151602 ns, At safepoint: 17020571 ns, Total: 17172173 ns
[25.107s][info ][gc,start       ] GC(46) Pause Young (Allocation Failure)
[25.125s][debug][gc,phases      ] GC(46) Scavenge 17.619ms
[25.125s][debug][gc,ref         ] GC(46) Skipped phase 1 of Reference Processing: no references
[25.125s][debug][gc,ref         ] GC(46) ReferenceProcessor::execute queues: 1, RefProcThreadModel::Single, marks_oops_alive: false
[25.125s][debug][gc,ref         ] GC(46) Skipped phase 3 of Reference Processing: no references
[25.125s][debug][gc,ref         ] GC(46) Skipped phase 4 of Reference Processing: no references
[25.125s][debug][gc,phases      ] GC(46) Reference Processing 0.124ms
[25.125s][debug][gc,phases      ] GC(46)   VM Weak                        Min:  0.0, Avg:  0.0, Max:  0.0, Diff:  0.0, Sum:  0.0, Workers: 4
[25.125s][debug][gc,phases      ] GC(46)     Dead                           Min: 0, Avg:  0.0, Max: 0, Diff: 0, Sum: 0, Workers: 4
[25.125s][debug][gc,phases      ] GC(46)     Total                          Min: 0, Avg: 147.5, Max: 462, Diff: 462, Sum: 590, Workers: 4
[25.125s][debug][gc,phases      ] GC(46)   ObjectSynchronizer Weak        Min:  0.0, Avg:  0.0, Max:  0.0, Diff:  0.0, Sum:  0.0, Workers: 4
[25.125s][debug][gc,phases      ] GC(46)     Dead                           Min: 0, Avg:  0.0, Max: 0, Diff: 0, Sum: 0, Workers: 4
[25.125s][debug][gc,phases      ] GC(46)     Total                          Min: 0, Avg: 87.2, Max: 157, Diff: 157, Sum: 349, Workers: 4
[25.125s][debug][gc,phases      ] GC(46)   JVMTI Tag Weak OopStorage      Min:  0.0, Avg:  0.0, Max:  0.0, Diff:  0.0, Sum:  0.0, Workers: 4
[25.125s][debug][gc,phases      ] GC(46)     Dead                           Min: 0, Avg:  0.0, Max: 0, Diff: 0, Sum: 0, Workers: 4
[25.125s][debug][gc,phases      ] GC(46)     Total                          Min: 0, Avg:  0.0, Max: 0, Diff: 0, Sum: 0, Workers: 4
[25.125s][debug][gc,phases      ] GC(46)   StringTable Weak               Min:  0.1, Avg:  0.1, Max:  0.1, Diff:  0.0, Sum:  0.4, Workers: 4
[25.125s][debug][gc,phases      ] GC(46)     Dead                           Min: 0, Avg:  0.0, Max: 0, Diff: 0, Sum: 0, Workers: 4
[25.125s][debug][gc,phases      ] GC(46)     Total                          Min: 10048, Avg: 10675.2, Max: 11712, Diff: 1664, Sum: 42701, Workers: 4
[25.125s][debug][gc,phases      ] GC(46)   ResolvedMethodTable Weak       Min:  0.0, Avg:  0.0, Max:  0.0, Diff:  0.0, Sum:  0.1, Workers: 4
[25.125s][debug][gc,phases      ] GC(46)     Dead                           Min: 0, Avg:  0.0, Max: 0, Diff: 0, Sum: 0, Workers: 4
[25.125s][debug][gc,phases      ] GC(46)     Total                          Min: 1589, Avg: 1737.0, Max: 1983, Diff: 394, Sum: 6948, Workers: 4
[25.125s][debug][gc,phases      ] GC(46)   JNI Weak                       Min:  0.0, Avg:  0.0, Max:  0.0, Diff:  0.0, Sum:  0.0, Workers: 4
[25.125s][debug][gc,phases      ] GC(46)     Dead                           Min: 0, Avg:  0.0, Max: 0, Diff: 0, Sum: 0, Workers: 4
[25.125s][debug][gc,phases      ] GC(46)     Total                          Min: 0, Avg:  0.0, Max: 0, Diff: 0, Sum: 0, Workers: 4
[25.125s][debug][gc,phases      ] GC(46)   StringDedup Table Weak         Min:  0.0, Avg:  0.0, Max:  0.0, Diff:  0.0, Sum:  0.0, Workers: 4
[25.125s][debug][gc,phases      ] GC(46)     Dead                           Min: 0, Avg:  0.0, Max: 0, Diff: 0, Sum: 0, Workers: 4
[25.125s][debug][gc,phases      ] GC(46)     Total                          Min: 0, Avg:  0.0, Max: 0, Diff: 0, Sum: 0, Workers: 4
[25.125s][debug][gc,phases      ] GC(46)   StringDedup Requests0 Weak     Min:  0.0, Avg:  0.0, Max:  0.0, Diff:  0.0, Sum:  0.0, Workers: 4
[25.126s][debug][gc,phases      ] GC(46)     Dead                           Min: 0, Avg:  0.0, Max: 0, Diff: 0, Sum: 0, Workers: 4
[25.126s][debug][gc,phases      ] GC(46)     Total                          Min: 0, Avg:  0.0, Max: 0, Diff: 0, Sum: 0, Workers: 4
[25.126s][debug][gc,phases      ] GC(46)   StringDedup Requests1 Weak     Min:  0.0, Avg:  0.0, Max:  0.0, Diff:  0.0, Sum:  0.0, Workers: 4
[25.126s][debug][gc,phases      ] GC(46)     Dead                           Min: 0, Avg:  0.0, Max: 0, Diff: 0, Sum: 0, Workers: 4
[25.126s][debug][gc,phases      ] GC(46)     Total                          Min: 0, Avg:  0.0, Max: 0, Diff: 0, Sum: 0, Workers: 4
[25.126s][debug][gc,phases      ] GC(46)   Weak JFR Old Object Samples    Min:  0.0, Avg:  0.0, Max:  0.0, Diff:  0.0, Sum:  0.0, Workers: 4
[25.126s][debug][gc,phases      ] GC(46)     Dead                           Min: 0, Avg:  0.0, Max: 0, Diff: 0, Sum: 0, Workers: 4
[25.126s][debug][gc,phases      ] GC(46)     Total                          Min: 0, Avg:  0.0, Max: 0, Diff: 0, Sum: 0, Workers: 4
[25.126s][debug][gc,phases      ] GC(46) Weak Processing 0.338ms
[25.126s][debug][gc,age         ] GC(46) Desired survivor size 384303104 bytes, new threshold 15 (max threshold 15)
[25.126s][info ][gc,heap        ] GC(46) PSYoungGen: 1379792K(1710592K)->60080K(1721856K) Eden: 1324544K(1324544K)->0K(1339392K) From: 55248K(386048K)->60080K(382464K)
[25.126s][info ][gc,heap        ] GC(46) ParOldGen: 457331K(550912K)->459283K(550912K)
[25.126s][info ][gc,metaspace   ] GC(46) Metaspace: 67841K(68608K)->67841K(68608K) NonClass: 57982K(58368K)->57982K(58368K) Class: 9858K(10240K)->9858K(10240K)
[25.126s][info ][gc             ] GC(46) Pause Young (Allocation Failure) 1794M->507M(2219M) 18.222ms
[25.126s][info ][gc,cpu         ] GC(46) User=0.07s Sys=0.01s Real=0.02s
[25.126s][info ][safepoint      ] Safepoint "ParallelGCFailedAllocation", Time since last: 309312231 ns, Reaching safepoint: 159102 ns, At safepoint: 18338592 ns, Total: 18497694 ns
[25.490s][info ][gc,start       ] GC(47) Pause Young (Allocation Failure)
[25.508s][debug][gc,phases      ] GC(47) Scavenge 18.017ms
[25.508s][debug][gc,ref         ] GC(47) Skipped phase 1 of Reference Processing: no references
[25.508s][debug][gc,ref         ] GC(47) ReferenceProcessor::execute queues: 1, RefProcThreadModel::Single, marks_oops_alive: false
[25.508s][debug][gc,ref         ] GC(47) Skipped phase 3 of Reference Processing: no references
[25.508s][debug][gc,ref         ] GC(47) Skipped phase 4 of Reference Processing: no references
[25.508s][debug][gc,phases      ] GC(47) Reference Processing 0.143ms
[25.508s][debug][gc,phases      ] GC(47)   VM Weak                        Min:  0.0, Avg:  0.0, Max:  0.0, Diff:  0.0, Sum:  0.0, Workers: 4
[25.508s][debug][gc,phases      ] GC(47)     Dead                           Min: 0, Avg:  0.0, Max: 0, Diff: 0, Sum: 0, Workers: 4
[25.508s][debug][gc,phases      ] GC(47)     Total                          Min: 0, Avg: 147.5, Max: 576, Diff: 576, Sum: 590, Workers: 4
[25.508s][debug][gc,phases      ] GC(47)   ObjectSynchronizer Weak        Min:  0.0, Avg:  0.0, Max:  0.0, Diff:  0.0, Sum:  0.0, Workers: 4
[25.508s][debug][gc,phases      ] GC(47)     Dead                           Min: 0, Avg:  0.0, Max: 0, Diff: 0, Sum: 0, Workers: 4
[25.508s][debug][gc,phases      ] GC(47)     Total                          Min: 0, Avg: 87.2, Max: 157, Diff: 157, Sum: 349, Workers: 4
[25.508s][debug][gc,phases      ] GC(47)   JVMTI Tag Weak OopStorage      Min:  0.0, Avg:  0.0, Max:  0.0, Diff:  0.0, Sum:  0.0, Workers: 4
[25.508s][debug][gc,phases      ] GC(47)     Dead                           Min: 0, Avg:  0.0, Max: 0, Diff: 0, Sum: 0, Workers: 4
[25.508s][debug][gc,phases      ] GC(47)     Total                          Min: 0, Avg:  0.0, Max: 0, Diff: 0, Sum: 0, Workers: 4
[25.508s][debug][gc,phases      ] GC(47)   StringTable Weak               Min:  0.1, Avg:  0.1, Max:  0.1, Diff:  0.0, Sum:  0.5, Workers: 4
[25.508s][debug][gc,phases      ] GC(47)     Dead                           Min: 0, Avg:  2.8, Max: 11, Diff: 11, Sum: 11, Workers: 4
[25.508s][debug][gc,phases      ] GC(47)     Total                          Min: 9088, Avg: 10680.0, Max: 12598, Diff: 3510, Sum: 42720, Workers: 4
[25.508s][debug][gc,phases      ] GC(47)   ResolvedMethodTable Weak       Min:  0.0, Avg:  0.0, Max:  0.0, Diff:  0.0, Sum:  0.1, Workers: 4
[25.508s][debug][gc,phases      ] GC(47)     Dead                           Min: 0, Avg:  0.0, Max: 0, Diff: 0, Sum: 0, Workers: 4
[25.508s][debug][gc,phases      ] GC(47)     Total                          Min: 1589, Avg: 1737.0, Max: 1791, Diff: 202, Sum: 6948, Workers: 4
[25.508s][debug][gc,phases      ] GC(47)   JNI Weak                       Min:  0.0, Avg:  0.0, Max:  0.0, Diff:  0.0, Sum:  0.0, Workers: 4
[25.508s][debug][gc,phases      ] GC(47)     Dead                           Min: 0, Avg:  0.0, Max: 0, Diff: 0, Sum: 0, Workers: 4
[25.508s][debug][gc,phases      ] GC(47)     Total                          Min: 0, Avg:  0.0, Max: 0, Diff: 0, Sum: 0, Workers: 4
[25.508s][debug][gc,phases      ] GC(47)   StringDedup Table Weak         Min:  0.0, Avg:  0.0, Max:  0.0, Diff:  0.0, Sum:  0.0, Workers: 4
[25.508s][debug][gc,phases      ] GC(47)     Dead                           Min: 0, Avg:  0.0, Max: 0, Diff: 0, Sum: 0, Workers: 4
[25.508s][debug][gc,phases      ] GC(47)     Total                          Min: 0, Avg:  0.0, Max: 0, Diff: 0, Sum: 0, Workers: 4
[25.508s][debug][gc,phases      ] GC(47)   StringDedup Requests0 Weak     Min:  0.0, Avg:  0.0, Max:  0.0, Diff:  0.0, Sum:  0.0, Workers: 4
[25.508s][debug][gc,phases      ] GC(47)     Dead                           Min: 0, Avg:  0.0, Max: 0, Diff: 0, Sum: 0, Workers: 4
[25.508s][debug][gc,phases      ] GC(47)     Total                          Min: 0, Avg:  0.0, Max: 0, Diff: 0, Sum: 0, Workers: 4
[25.508s][debug][gc,phases      ] GC(47)   StringDedup Requests1 Weak     Min:  0.0, Avg:  0.0, Max:  0.0, Diff:  0.0, Sum:  0.0, Workers: 4
[25.508s][debug][gc,phases      ] GC(47)     Dead                           Min: 0, Avg:  0.0, Max: 0, Diff: 0, Sum: 0, Workers: 4
[25.508s][debug][gc,phases      ] GC(47)     Total                          Min: 0, Avg:  0.0, Max: 0, Diff: 0, Sum: 0, Workers: 4
[25.508s][debug][gc,phases      ] GC(47)   Weak JFR Old Object Samples    Min:  0.0, Avg:  0.0, Max:  0.0, Diff:  0.0, Sum:  0.0, Workers: 4
[25.508s][debug][gc,phases      ] GC(47)     Dead                           Min: 0, Avg:  0.0, Max: 0, Diff: 0, Sum: 0, Workers: 4
[25.508s][debug][gc,phases      ] GC(47)     Total                          Min: 0, Avg:  0.0, Max: 0, Diff: 0, Sum: 0, Workers: 4
[25.508s][debug][gc,phases      ] GC(47) Weak Processing 0.380ms
[25.508s][debug][gc,age         ] GC(47) Desired survivor size 373293056 bytes, new threshold 15 (max threshold 15)
[25.509s][info ][gc,heap        ] GC(47) PSYoungGen: 1399472K(1721856K)->68400K(1714688K) Eden: 1339392K(1339392K)->0K(1339392K) From: 60080K(382464K)->68400K(375296K)
[25.509s][info ][gc,heap        ] GC(47) ParOldGen: 459283K(550912K)->460795K(550912K)
[25.509s][info ][gc,metaspace   ] GC(47) Metaspace: 67845K(68608K)->67845K(68608K) NonClass: 57986K(58368K)->57986K(58368K) Class: 9858K(10240K)->9858K(10240K)
[25.509s][info ][gc             ] GC(47) Pause Young (Allocation Failure) 1815M->516M(2212M) 18.694ms
[25.509s][info ][gc,cpu         ] GC(47) User=0.08s Sys=0.00s Real=0.02s
[25.509s][info ][safepoint      ] Safepoint "ParallelGCFailedAllocation", Time since last: 363963101 ns, Reaching safepoint: 171803 ns, At safepoint: 18802299 ns, Total: 18974102 ns
[25.848s][info ][gc,start       ] GC(48) Pause Young (Allocation Failure)
[25.874s][debug][gc,phases      ] GC(48) Scavenge 26.100ms
[25.874s][debug][gc,ref         ] GC(48) Skipped phase 1 of Reference Processing: no references
[25.874s][debug][gc,ref         ] GC(48) ReferenceProcessor::execute queues: 1, RefProcThreadModel::Single, marks_oops_alive: false
[25.874s][debug][gc,ref         ] GC(48) Skipped phase 3 of Reference Processing: no references
[25.874s][debug][gc,ref         ] GC(48) Skipped phase 4 of Reference Processing: no references
[25.874s][debug][gc,phases      ] GC(48) Reference Processing 0.132ms
[25.874s][debug][gc,phases      ] GC(48)   VM Weak                        Min:  0.0, Avg:  0.0, Max:  0.0, Diff:  0.0, Sum:  0.0, Workers: 4
[25.874s][debug][gc,phases      ] GC(48)     Dead                           Min: 0, Avg:  0.0, Max: 0, Diff: 0, Sum: 0, Workers: 4
[25.874s][debug][gc,phases      ] GC(48)     Total                          Min: 0, Avg: 147.5, Max: 590, Diff: 590, Sum: 590, Workers: 4
[25.874s][debug][gc,phases      ] GC(48)   ObjectSynchronizer Weak        Min:  0.0, Avg:  0.0, Max:  0.0, Diff:  0.0, Sum:  0.0, Workers: 4
[25.874s][debug][gc,phases      ] GC(48)     Dead                           Min: 0, Avg:  0.0, Max: 0, Diff: 0, Sum: 0, Workers: 4
[25.874s][debug][gc,phases      ] GC(48)     Total                          Min: 0, Avg: 87.2, Max: 349, Diff: 349, Sum: 349, Workers: 4
[25.874s][debug][gc,phases      ] GC(48)   JVMTI Tag Weak OopStorage      Min:  0.0, Avg:  0.0, Max:  0.0, Diff:  0.0, Sum:  0.0, Workers: 4
[25.874s][debug][gc,phases      ] GC(48)     Dead                           Min: 0, Avg:  0.0, Max: 0, Diff: 0, Sum: 0, Workers: 4
[25.874s][debug][gc,phases      ] GC(48)     Total                          Min: 0, Avg:  0.0, Max: 0, Diff: 0, Sum: 0, Workers: 4
[25.874s][debug][gc,phases      ] GC(48)   StringTable Weak               Min:  0.1, Avg:  0.1, Max:  0.1, Diff:  0.0, Sum:  0.4, Workers: 4
[25.874s][debug][gc,phases      ] GC(48)     Dead                           Min: 0, Avg:  2.8, Max: 11, Diff: 11, Sum: 11, Workers: 4
[25.874s][debug][gc,phases      ] GC(48)     Total                          Min: 9728, Avg: 10683.8, Max: 12278, Diff: 2550, Sum: 42735, Workers: 4
[25.874s][debug][gc,phases      ] GC(48)   ResolvedMethodTable Weak       Min:  0.0, Avg:  0.0, Max:  0.0, Diff:  0.0, Sum:  0.1, Workers: 4
[25.874s][debug][gc,phases      ] GC(48)     Dead                           Min: 0, Avg:  0.0, Max: 0, Diff: 0, Sum: 0, Workers: 4
[25.874s][debug][gc,phases      ] GC(48)     Total                          Min: 1648, Avg: 1737.0, Max: 1791, Diff: 143, Sum: 6948, Workers: 4
[25.874s][debug][gc,phases      ] GC(48)   JNI Weak                       Min:  0.0, Avg:  0.0, Max:  0.0, Diff:  0.0, Sum:  0.0, Workers: 4
[25.874s][debug][gc,phases      ] GC(48)     Dead                           Min: 0, Avg:  0.0, Max: 0, Diff: 0, Sum: 0, Workers: 4
[25.874s][debug][gc,phases      ] GC(48)     Total                          Min: 0, Avg:  0.5, Max: 2, Diff: 2, Sum: 2, Workers: 4
[25.874s][debug][gc,phases      ] GC(48)   StringDedup Table Weak         Min:  0.0, Avg:  0.0, Max:  0.0, Diff:  0.0, Sum:  0.0, Workers: 4
[25.874s][debug][gc,phases      ] GC(48)     Dead                           Min: 0, Avg:  0.0, Max: 0, Diff: 0, Sum: 0, Workers: 4
[25.874s][debug][gc,phases      ] GC(48)     Total                          Min: 0, Avg:  0.0, Max: 0, Diff: 0, Sum: 0, Workers: 4
[25.874s][debug][gc,phases      ] GC(48)   StringDedup Requests0 Weak     Min:  0.0, Avg:  0.0, Max:  0.0, Diff:  0.0, Sum:  0.0, Workers: 4
[25.874s][debug][gc,phases      ] GC(48)     Dead                           Min: 0, Avg:  0.0, Max: 0, Diff: 0, Sum: 0, Workers: 4
[25.874s][debug][gc,phases      ] GC(48)     Total                          Min: 0, Avg:  0.0, Max: 0, Diff: 0, Sum: 0, Workers: 4
[25.874s][debug][gc,phases      ] GC(48)   StringDedup Requests1 Weak     Min:  0.0, Avg:  0.0, Max:  0.0, Diff:  0.0, Sum:  0.0, Workers: 4
[25.875s][debug][gc,phases      ] GC(48)     Dead                           Min: 0, Avg:  0.0, Max: 0, Diff: 0, Sum: 0, Workers: 4
[25.875s][debug][gc,phases      ] GC(48)     Total                          Min: 0, Avg:  0.0, Max: 0, Diff: 0, Sum: 0, Workers: 4
[25.875s][debug][gc,phases      ] GC(48)   Weak JFR Old Object Samples    Min:  0.0, Avg:  0.0, Max:  0.0, Diff:  0.0, Sum:  0.0, Workers: 4
[25.875s][debug][gc,phases      ] GC(48)     Dead                           Min: 0, Avg:  0.0, Max: 0, Diff: 0, Sum: 0, Workers: 4
[25.875s][debug][gc,phases      ] GC(48)     Total                          Min: 0, Avg:  0.0, Max: 0, Diff: 0, Sum: 0, Workers: 4
[25.875s][debug][gc,phases      ] GC(48) Weak Processing 0.331ms
[25.875s][debug][gc,age         ] GC(48) Desired survivor size 360185856 bytes, new threshold 15 (max threshold 15)
[25.875s][info ][gc,heap        ] GC(48) PSYoungGen: 1407792K(1714688K)->78048K(1745408K) Eden: 1339392K(1339392K)->0K(1380864K) From: 68400K(375296K)->78048K(364544K)
[25.875s][info ][gc,heap        ] GC(48) ParOldGen: 460795K(550912K)->462955K(550912K)
[25.875s][info ][gc,metaspace   ] GC(48) Metaspace: 68006K(68800K)->68006K(68800K) NonClass: 58133K(58560K)->58133K(58560K) Class: 9872K(10240K)->9872K(10240K)
[25.875s][info ][gc             ] GC(48) Pause Young (Allocation Failure) 1824M->528M(2242M) 26.718ms
[25.875s][info ][gc,cpu         ] GC(48) User=0.11s Sys=0.00s Real=0.03s
[25.875s][info ][safepoint      ] Safepoint "ParallelGCFailedAllocation", Time since last: 334929438 ns, Reaching safepoint: 4295369 ns, At safepoint: 26850528 ns, Total: 31145897 ns
[26.234s][info ][gc,start       ] GC(49) Pause Young (Allocation Failure)
[26.258s][debug][gc,phases      ] GC(49) Scavenge 24.531ms
[26.258s][debug][gc,ref         ] GC(49) Skipped phase 1 of Reference Processing: no references
[26.258s][debug][gc,ref         ] GC(49) ReferenceProcessor::execute queues: 1, RefProcThreadModel::Single, marks_oops_alive: false
[26.258s][debug][gc,ref         ] GC(49) Skipped phase 3 of Reference Processing: no references
[26.258s][debug][gc,ref         ] GC(49) Skipped phase 4 of Reference Processing: no references
[26.258s][debug][gc,phases      ] GC(49) Reference Processing 0.137ms
[26.258s][debug][gc,phases      ] GC(49)   VM Weak                        Min:  0.0, Avg:  0.0, Max:  0.0, Diff:  0.0, Sum:  0.0, Workers: 4
[26.259s][debug][gc,phases      ] GC(49)     Dead                           Min: 0, Avg:  0.0, Max: 0, Diff: 0, Sum: 0, Workers: 4
[26.259s][debug][gc,phases      ] GC(49)     Total                          Min: 0, Avg: 147.5, Max: 334, Diff: 334, Sum: 590, Workers: 4
[26.259s][debug][gc,phases      ] GC(49)   ObjectSynchronizer Weak        Min:  0.0, Avg:  0.0, Max:  0.0, Diff:  0.0, Sum:  0.0, Workers: 4
[26.259s][debug][gc,phases      ] GC(49)     Dead                           Min: 0, Avg:  0.0, Max: 0, Diff: 0, Sum: 0, Workers: 4
[26.259s][debug][gc,phases      ] GC(49)     Total                          Min: 0, Avg: 87.2, Max: 192, Diff: 192, Sum: 349, Workers: 4
[26.259s][debug][gc,phases      ] GC(49)   JVMTI Tag Weak OopStorage      Min:  0.0, Avg:  0.0, Max:  0.0, Diff:  0.0, Sum:  0.0, Workers: 4
[26.259s][debug][gc,phases      ] GC(49)     Dead                           Min: 0, Avg:  0.0, Max: 0, Diff: 0, Sum: 0, Workers: 4
[26.259s][debug][gc,phases      ] GC(49)     Total                          Min: 0, Avg:  0.0, Max: 0, Diff: 0, Sum: 0, Workers: 4
[26.259s][debug][gc,phases      ] GC(49)   StringTable Weak               Min:  0.1, Avg:  0.1, Max:  0.1, Diff:  0.0, Sum:  0.4, Workers: 4
[26.259s][debug][gc,phases      ] GC(49)     Dead                           Min: 0, Avg:  2.8, Max: 11, Diff: 11, Sum: 11, Workers: 4
[26.259s][debug][gc,phases      ] GC(49)     Total                          Min: 9990, Avg: 10689.5, Max: 11264, Diff: 1274, Sum: 42758, Workers: 4
[26.259s][debug][gc,phases      ] GC(49)   ResolvedMethodTable Weak       Min:  0.0, Avg:  0.0, Max:  0.0, Diff:  0.0, Sum:  0.1, Workers: 4
[26.259s][debug][gc,phases      ] GC(49)     Dead                           Min: 0, Avg:  0.0, Max: 0, Diff: 0, Sum: 0, Workers: 4
[26.259s][debug][gc,phases      ] GC(49)     Total                          Min: 1657, Avg: 1737.0, Max: 1844, Diff: 187, Sum: 6948, Workers: 4
[26.259s][debug][gc,phases      ] GC(49)   JNI Weak                       Min:  0.0, Avg:  0.0, Max:  0.0, Diff:  0.0, Sum:  0.0, Workers: 4
[26.259s][debug][gc,phases      ] GC(49)     Dead                           Min: 0, Avg:  0.0, Max: 0, Diff: 0, Sum: 0, Workers: 4
[26.259s][debug][gc,phases      ] GC(49)     Total                          Min: 0, Avg:  0.0, Max: 0, Diff: 0, Sum: 0, Workers: 4
[26.259s][debug][gc,phases      ] GC(49)   StringDedup Table Weak         Min:  0.0, Avg:  0.0, Max:  0.0, Diff:  0.0, Sum:  0.0, Workers: 4
[26.259s][debug][gc,phases      ] GC(49)     Dead                           Min: 0, Avg:  0.0, Max: 0, Diff: 0, Sum: 0, Workers: 4
[26.259s][debug][gc,phases      ] GC(49)     Total                          Min: 0, Avg:  0.0, Max: 0, Diff: 0, Sum: 0, Workers: 4
[26.259s][debug][gc,phases      ] GC(49)   StringDedup Requests0 Weak     Min:  0.0, Avg:  0.0, Max:  0.0, Diff:  0.0, Sum:  0.0, Workers: 4
[26.259s][debug][gc,phases      ] GC(49)     Dead                           Min: 0, Avg:  0.0, Max: 0, Diff: 0, Sum: 0, Workers: 4
[26.259s][debug][gc,phases      ] GC(49)     Total                          Min: 0, Avg:  0.0, Max: 0, Diff: 0, Sum: 0, Workers: 4
[26.259s][debug][gc,phases      ] GC(49)   StringDedup Requests1 Weak     Min:  0.0, Avg:  0.0, Max:  0.0, Diff:  0.0, Sum:  0.0, Workers: 4
[26.259s][debug][gc,phases      ] GC(49)     Dead                           Min: 0, Avg:  0.0, Max: 0, Diff: 0, Sum: 0, Workers: 4
[26.259s][debug][gc,phases      ] GC(49)     Total                          Min: 0, Avg:  0.0, Max: 0, Diff: 0, Sum: 0, Workers: 4
[26.259s][debug][gc,phases      ] GC(49)   Weak JFR Old Object Samples    Min:  0.0, Avg:  0.0, Max:  0.0, Diff:  0.0, Sum:  0.0, Workers: 4
[26.259s][debug][gc,phases      ] GC(49)     Dead                           Min: 0, Avg:  0.0, Max: 0, Diff: 0, Sum: 0, Workers: 4
[26.259s][debug][gc,phases      ] GC(49)     Total                          Min: 0, Avg:  0.0, Max: 0, Diff: 0, Sum: 0, Workers: 4
[26.259s][debug][gc,phases      ] GC(49) Weak Processing 0.329ms
[26.259s][debug][gc,age         ] GC(49) Desired survivor size 345505792 bytes, new threshold 15 (max threshold 15)
[26.259s][info ][gc,heap        ] GC(49) PSYoungGen: 1458912K(1745408K)->82096K(1732608K) Eden: 1380864K(1380864K)->0K(1380864K) From: 78048K(364544K)->82096K(351744K)
[26.259s][info ][gc,heap        ] GC(49) ParOldGen: 462955K(550912K)->468771K(550912K)
[26.259s][info ][gc,metaspace   ] GC(49) Metaspace: 68044K(68864K)->68044K(68864K) NonClass: 58171K(58624K)->58171K(58624K) Class: 9872K(10240K)->9872K(10240K)
[26.259s][info ][gc             ] GC(49) Pause Young (Allocation Failure) 1876M->537M(2230M) 25.147ms
[26.259s][info ][gc,cpu         ] GC(49) User=0.09s Sys=0.01s Real=0.02s
[26.259s][info ][safepoint      ] Safepoint "ParallelGCFailedAllocation", Time since last: 358697916 ns, Reaching safepoint: 135903 ns, At safepoint: 25261802 ns, Total: 25397705 ns
[26.674s][info ][gc,start       ] GC(50) Pause Young (Allocation Failure)
[26.710s][debug][gc,phases      ] GC(50) Scavenge 36.382ms
[26.711s][debug][gc,ref         ] GC(50) Skipped phase 1 of Reference Processing: no references
[26.711s][debug][gc,ref         ] GC(50) ReferenceProcessor::execute queues: 1, RefProcThreadModel::Single, marks_oops_alive: false
[26.711s][debug][gc,ref         ] GC(50) Skipped phase 3 of Reference Processing: no references
[26.711s][debug][gc,ref         ] GC(50) ReferenceProcessor::execute queues: 1, RefProcThreadModel::Single, marks_oops_alive: false
[26.711s][debug][gc,phases      ] GC(50) Reference Processing 0.136ms
[26.711s][debug][gc,phases      ] GC(50)   VM Weak                        Min:  0.0, Avg:  0.0, Max:  0.0, Diff:  0.0, Sum:  0.0, Workers: 4
[26.711s][debug][gc,phases      ] GC(50)     Dead                           Min: 0, Avg:  0.0, Max: 0, Diff: 0, Sum: 0, Workers: 4
[26.711s][debug][gc,phases      ] GC(50)     Total                          Min: 0, Avg: 147.5, Max: 320, Diff: 320, Sum: 590, Workers: 4
[26.711s][debug][gc,phases      ] GC(50)   ObjectSynchronizer Weak        Min:  0.0, Avg:  0.0, Max:  0.0, Diff:  0.0, Sum:  0.0, Workers: 4
[26.711s][debug][gc,phases      ] GC(50)     Dead                           Min: 0, Avg:  0.0, Max: 0, Diff: 0, Sum: 0, Workers: 4
[26.711s][debug][gc,phases      ] GC(50)     Total                          Min: 0, Avg: 87.2, Max: 192, Diff: 192, Sum: 349, Workers: 4
[26.711s][debug][gc,phases      ] GC(50)   JVMTI Tag Weak OopStorage      Min:  0.0, Avg:  0.0, Max:  0.0, Diff:  0.0, Sum:  0.0, Workers: 4
[26.711s][debug][gc,phases      ] GC(50)     Dead                           Min: 0, Avg:  0.0, Max: 0, Diff: 0, Sum: 0, Workers: 4
[26.711s][debug][gc,phases      ] GC(50)     Total                          Min: 0, Avg:  0.0, Max: 0, Diff: 0, Sum: 0, Workers: 4
[26.711s][debug][gc,phases      ] GC(50)   StringTable Weak               Min:  0.1, Avg:  0.1, Max:  0.1, Diff:  0.0, Sum:  0.5, Workers: 4
[26.711s][debug][gc,phases      ] GC(50)     Dead                           Min: 0, Avg:  2.8, Max: 11, Diff: 11, Sum: 11, Workers: 4
[26.711s][debug][gc,phases      ] GC(50)     Total                          Min: 8896, Avg: 10689.5, Max: 11765, Diff: 2869, Sum: 42758, Workers: 4
[26.711s][debug][gc,phases      ] GC(50)   ResolvedMethodTable Weak       Min:  0.0, Avg:  0.0, Max:  0.0, Diff:  0.0, Sum:  0.1, Workers: 4
[26.711s][debug][gc,phases      ] GC(50)     Dead                           Min: 0, Avg:  0.0, Max: 0, Diff: 0, Sum: 0, Workers: 4
[26.711s][debug][gc,phases      ] GC(50)     Total                          Min: 1536, Avg: 1737.0, Max: 1901, Diff: 365, Sum: 6948, Workers: 4
[26.711s][debug][gc,phases      ] GC(50)   JNI Weak                       Min:  0.0, Avg:  0.0, Max:  0.0, Diff:  0.0, Sum:  0.0, Workers: 4
[26.711s][debug][gc,phases      ] GC(50)     Dead                           Min: 0, Avg:  0.0, Max: 0, Diff: 0, Sum: 0, Workers: 4
[26.711s][debug][gc,phases      ] GC(50)     Total                          Min: 0, Avg:  1.5, Max: 6, Diff: 6, Sum: 6, Workers: 4
[26.711s][debug][gc,phases      ] GC(50)   StringDedup Table Weak         Min:  0.0, Avg:  0.0, Max:  0.0, Diff:  0.0, Sum:  0.0, Workers: 4
[26.711s][debug][gc,phases      ] GC(50)     Dead                           Min: 0, Avg:  0.0, Max: 0, Diff: 0, Sum: 0, Workers: 4
[26.711s][debug][gc,phases      ] GC(50)     Total                          Min: 0, Avg:  0.0, Max: 0, Diff: 0, Sum: 0, Workers: 4
[26.711s][debug][gc,phases      ] GC(50)   StringDedup Requests0 Weak     Min:  0.0, Avg:  0.0, Max:  0.0, Diff:  0.0, Sum:  0.0, Workers: 4
[26.711s][debug][gc,phases      ] GC(50)     Dead                           Min: 0, Avg:  0.0, Max: 0, Diff: 0, Sum: 0, Workers: 4
[26.711s][debug][gc,phases      ] GC(50)     Total                          Min: 0, Avg:  0.0, Max: 0, Diff: 0, Sum: 0, Workers: 4
[26.711s][debug][gc,phases      ] GC(50)   StringDedup Requests1 Weak     Min:  0.0, Avg:  0.0, Max:  0.0, Diff:  0.0, Sum:  0.0, Workers: 4
[26.711s][debug][gc,phases      ] GC(50)     Dead                           Min: 0, Avg:  0.0, Max: 0, Diff: 0, Sum: 0, Workers: 4
[26.711s][debug][gc,phases      ] GC(50)     Total                          Min: 0, Avg:  0.0, Max: 0, Diff: 0, Sum: 0, Workers: 4
[26.711s][debug][gc,phases      ] GC(50)   Weak JFR Old Object Samples    Min:  0.0, Avg:  0.0, Max:  0.0, Diff:  0.0, Sum:  0.0, Workers: 4
[26.711s][debug][gc,phases      ] GC(50)     Dead                           Min: 0, Avg:  0.0, Max: 0, Diff: 0, Sum: 0, Workers: 4
[26.711s][debug][gc,phases      ] GC(50)     Total                          Min: 0, Avg:  0.0, Max: 0, Diff: 0, Sum: 0, Workers: 4
[26.711s][debug][gc,phases      ] GC(50) Weak Processing 0.346ms
[26.711s][debug][gc,age         ] GC(50) Desired survivor size 329252864 bytes, new threshold 15 (max threshold 15)
[26.711s][info ][gc,heap        ] GC(50) PSYoungGen: 1462960K(1732608K)->94784K(1775616K) Eden: 1380864K(1380864K)->0K(1438208K) From: 82096K(351744K)->94784K(337408K)
[26.711s][info ][gc,heap        ] GC(50) ParOldGen: 468771K(550912K)->473123K(550912K)
[26.711s][info ][gc,metaspace   ] GC(50) Metaspace: 68062K(68864K)->68062K(68864K) NonClass: 58189K(58624K)->58189K(58624K) Class: 9872K(10240K)->9872K(10240K)
[26.711s][info ][gc             ] GC(50) Pause Young (Allocation Failure) 1886M->554M(2272M) 37.018ms
[26.711s][info ][gc,cpu         ] GC(50) User=0.15s Sys=0.00s Real=0.03s
[26.711s][info ][safepoint      ] Safepoint "ParallelGCFailedAllocation", Time since last: 414884212 ns, Reaching safepoint: 355005 ns, At safepoint: 37169893 ns, Total: 37524898 ns
[27.063s][info ][gc,start       ] GC(51) Pause Young (Allocation Failure)
[27.101s][debug][gc,phases      ] GC(51) Scavenge 38.554ms
[27.101s][debug][gc,ref         ] GC(51) Skipped phase 1 of Reference Processing: no references
[27.102s][debug][gc,ref         ] GC(51) ReferenceProcessor::execute queues: 1, RefProcThreadModel::Single, marks_oops_alive: false
[27.102s][debug][gc,ref         ] GC(51) Skipped phase 3 of Reference Processing: no references
[27.102s][debug][gc,ref         ] GC(51) ReferenceProcessor::execute queues: 1, RefProcThreadModel::Single, marks_oops_alive: false
[27.102s][debug][gc,phases      ] GC(51) Reference Processing 0.112ms
[27.102s][debug][gc,phases      ] GC(51)   VM Weak                        Min:  0.0, Avg:  0.0, Max:  0.0, Diff:  0.0, Sum:  0.0, Workers: 4
[27.102s][debug][gc,phases      ] GC(51)     Dead                           Min: 0, Avg:  0.0, Max: 0, Diff: 0, Sum: 0, Workers: 4
[27.102s][debug][gc,phases      ] GC(51)     Total                          Min: 0, Avg: 147.5, Max: 462, Diff: 462, Sum: 590, Workers: 4
[27.102s][debug][gc,phases      ] GC(51)   ObjectSynchronizer Weak        Min:  0.0, Avg:  0.0, Max:  0.0, Diff:  0.0, Sum:  0.0, Workers: 4
[27.102s][debug][gc,phases      ] GC(51)     Dead                           Min: 0, Avg:  0.0, Max: 0, Diff: 0, Sum: 0, Workers: 4
[27.102s][debug][gc,phases      ] GC(51)     Total                          Min: 0, Avg: 87.2, Max: 221, Diff: 221, Sum: 349, Workers: 4
[27.102s][debug][gc,phases      ] GC(51)   JVMTI Tag Weak OopStorage      Min:  0.0, Avg:  0.0, Max:  0.0, Diff:  0.0, Sum:  0.0, Workers: 4
[27.102s][debug][gc,phases      ] GC(51)     Dead                           Min: 0, Avg:  0.0, Max: 0, Diff: 0, Sum: 0, Workers: 4
[27.102s][debug][gc,phases      ] GC(51)     Total                          Min: 0, Avg:  0.0, Max: 0, Diff: 0, Sum: 0, Workers: 4
[27.102s][debug][gc,phases      ] GC(51)   StringTable Weak               Min:  0.1, Avg:  0.1, Max:  0.1, Diff:  0.0, Sum:  0.4, Workers: 4
[27.102s][debug][gc,phases      ] GC(51)     Dead                           Min: 0, Avg:  0.0, Max: 0, Diff: 0, Sum: 0, Workers: 4
[27.102s][debug][gc,phases      ] GC(51)     Total                          Min: 10359, Avg: 10690.0, Max: 11008, Diff: 649, Sum: 42760, Workers: 4
[27.102s][debug][gc,phases      ] GC(51)   ResolvedMethodTable Weak       Min:  0.0, Avg:  0.0, Max:  0.0, Diff:  0.0, Sum:  0.1, Workers: 4
[27.102s][debug][gc,phases      ] GC(51)     Dead                           Min: 0, Avg:  0.0, Max: 0, Diff: 0, Sum: 0, Workers: 4
[27.102s][debug][gc,phases      ] GC(51)     Total                          Min: 1664, Avg: 1737.0, Max: 1791, Diff: 127, Sum: 6948, Workers: 4
[27.102s][debug][gc,phases      ] GC(51)   JNI Weak                       Min:  0.0, Avg:  0.0, Max:  0.0, Diff:  0.0, Sum:  0.0, Workers: 4
[27.102s][debug][gc,phases      ] GC(51)     Dead                           Min: 0, Avg:  0.0, Max: 0, Diff: 0, Sum: 0, Workers: 4
[27.102s][debug][gc,phases      ] GC(51)     Total                          Min: 0, Avg:  0.8, Max: 3, Diff: 3, Sum: 3, Workers: 4
[27.102s][debug][gc,phases      ] GC(51)   StringDedup Table Weak         Min:  0.0, Avg:  0.0, Max:  0.0, Diff:  0.0, Sum:  0.0, Workers: 4
[27.102s][debug][gc,phases      ] GC(51)     Dead                           Min: 0, Avg:  0.0, Max: 0, Diff: 0, Sum: 0, Workers: 4
[27.102s][debug][gc,phases      ] GC(51)     Total                          Min: 0, Avg:  0.0, Max: 0, Diff: 0, Sum: 0, Workers: 4
[27.102s][debug][gc,phases      ] GC(51)   StringDedup Requests0 Weak     Min:  0.0, Avg:  0.0, Max:  0.0, Diff:  0.0, Sum:  0.0, Workers: 4
[27.102s][debug][gc,phases      ] GC(51)     Dead                           Min: 0, Avg:  0.0, Max: 0, Diff: 0, Sum: 0, Workers: 4
[27.102s][debug][gc,phases      ] GC(51)     Total                          Min: 0, Avg:  0.0, Max: 0, Diff: 0, Sum: 0, Workers: 4
[27.102s][debug][gc,phases      ] GC(51)   StringDedup Requests1 Weak     Min:  0.0, Avg:  0.0, Max:  0.0, Diff:  0.0, Sum:  0.0, Workers: 4
[27.102s][debug][gc,phases      ] GC(51)     Dead                           Min: 0, Avg:  0.0, Max: 0, Diff: 0, Sum: 0, Workers: 4
[27.102s][debug][gc,phases      ] GC(51)     Total                          Min: 0, Avg:  0.0, Max: 0, Diff: 0, Sum: 0, Workers: 4
[27.102s][debug][gc,phases      ] GC(51)   Weak JFR Old Object Samples    Min:  0.0, Avg:  0.0, Max:  0.0, Diff:  0.0, Sum:  0.0, Workers: 4
[27.102s][debug][gc,phases      ] GC(51)     Dead                           Min: 0, Avg:  0.0, Max: 0, Diff: 0, Sum: 0, Workers: 4
[27.102s][debug][gc,phases      ] GC(51)     Total                          Min: 0, Avg:  0.0, Max: 0, Diff: 0, Sum: 0, Workers: 4
[27.102s][debug][gc,phases      ] GC(51) Weak Processing 0.340ms
[27.102s][debug][gc,age         ] GC(51) Desired survivor size 312999936 bytes, new threshold 15 (max threshold 15)
[27.102s][info ][gc,heap        ] GC(51) PSYoungGen: 1532992K(1775616K)->100432K(1759744K) Eden: 1438208K(1438208K)->0K(1438208K) From: 94784K(337408K)->100432K(321536K)
[27.102s][info ][gc,heap        ] GC(51) ParOldGen: 473123K(550912K)->476899K(550912K)
[27.102s][info ][gc,metaspace   ] GC(51) Metaspace: 68064K(68864K)->68064K(68864K) NonClass: 58191K(58624K)->58191K(58624K) Class: 9872K(10240K)->9872K(10240K)
[27.102s][info ][gc             ] GC(51) Pause Young (Allocation Failure) 1959M->563M(2256M) 39.135ms
[27.102s][info ][gc,cpu         ] GC(51) User=0.14s Sys=0.00s Real=0.04s
[27.102s][info ][safepoint      ] Safepoint "ParallelGCFailedAllocation", Time since last: 351497301 ns, Reaching safepoint: 119902 ns, At safepoint: 39255725 ns, Total: 39375627 ns
[27.517s][info ][gc,start       ] GC(52) Pause Young (Allocation Failure)
[27.569s][debug][gc,phases      ] GC(52) Scavenge 51.609ms
[27.569s][debug][gc,ref         ] GC(52) Skipped phase 1 of Reference Processing: no references
[27.569s][debug][gc,ref         ] GC(52) ReferenceProcessor::execute queues: 1, RefProcThreadModel::Single, marks_oops_alive: false
[27.569s][debug][gc,ref         ] GC(52) Skipped phase 3 of Reference Processing: no references
[27.569s][debug][gc,ref         ] GC(52) ReferenceProcessor::execute queues: 1, RefProcThreadModel::Single, marks_oops_alive: false
[27.569s][debug][gc,phases      ] GC(52) Reference Processing 0.141ms
[27.569s][debug][gc,phases      ] GC(52)   VM Weak                        Min:  0.0, Avg:  0.0, Max:  0.0, Diff:  0.0, Sum:  0.0, Workers: 4
[27.569s][debug][gc,phases      ] GC(52)     Dead                           Min: 0, Avg:  0.0, Max: 0, Diff: 0, Sum: 0, Workers: 4
[27.569s][debug][gc,phases      ] GC(52)     Total                          Min: 0, Avg: 147.5, Max: 526, Diff: 526, Sum: 590, Workers: 4
[27.569s][debug][gc,phases      ] GC(52)   ObjectSynchronizer Weak        Min:  0.0, Avg:  0.0, Max:  0.0, Diff:  0.0, Sum:  0.0, Workers: 4
[27.569s][debug][gc,phases      ] GC(52)     Dead                           Min: 0, Avg:  0.0, Max: 0, Diff: 0, Sum: 0, Workers: 4
[27.569s][debug][gc,phases      ] GC(52)     Total                          Min: 0, Avg: 87.2, Max: 221, Diff: 221, Sum: 349, Workers: 4
[27.569s][debug][gc,phases      ] GC(52)   JVMTI Tag Weak OopStorage      Min:  0.0, Avg:  0.0, Max:  0.0, Diff:  0.0, Sum:  0.0, Workers: 4
[27.569s][debug][gc,phases      ] GC(52)     Dead                           Min: 0, Avg:  0.0, Max: 0, Diff: 0, Sum: 0, Workers: 4
[27.569s][debug][gc,phases      ] GC(52)     Total                          Min: 0, Avg:  0.0, Max: 0, Diff: 0, Sum: 0, Workers: 4
[27.569s][debug][gc,phases      ] GC(52)   StringTable Weak               Min:  0.0, Avg:  0.1, Max:  0.1, Diff:  0.1, Sum:  0.4, Workers: 4
[27.569s][debug][gc,phases      ] GC(52)     Dead                           Min: 0, Avg:  2.8, Max: 9, Diff: 9, Sum: 11, Workers: 4
[27.569s][debug][gc,phases      ] GC(52)     Total                          Min: 0, Avg: 10690.0, Max: 14528, Diff: 14528, Sum: 42760, Workers: 4
[27.569s][debug][gc,phases      ] GC(52)   ResolvedMethodTable Weak       Min:  0.0, Avg:  0.0, Max:  0.0, Diff:  0.0, Sum:  0.1, Workers: 4
[27.569s][debug][gc,phases      ] GC(52)     Dead                           Min: 0, Avg:  0.0, Max: 0, Diff: 0, Sum: 0, Workers: 4
[27.569s][debug][gc,phases      ] GC(52)     Total                          Min: 0, Avg: 1737.0, Max: 2425, Diff: 2425, Sum: 6948, Workers: 4
[27.569s][debug][gc,phases      ] GC(52)   JNI Weak                       Min:  0.0, Avg:  0.0, Max:  0.0, Diff:  0.0, Sum:  0.0, Workers: 4
[27.569s][debug][gc,phases      ] GC(52)     Dead                           Min: 0, Avg:  0.0, Max: 0, Diff: 0, Sum: 0, Workers: 4
[27.569s][debug][gc,phases      ] GC(52)     Total                          Min: 0, Avg:  2.0, Max: 8, Diff: 8, Sum: 8, Workers: 4
[27.569s][debug][gc,phases      ] GC(52)   StringDedup Table Weak         Min:  0.0, Avg:  0.0, Max:  0.0, Diff:  0.0, Sum:  0.0, Workers: 4
[27.569s][debug][gc,phases      ] GC(52)     Dead                           Min: 0, Avg:  0.0, Max: 0, Diff: 0, Sum: 0, Workers: 4
[27.569s][debug][gc,phases      ] GC(52)     Total                          Min: 0, Avg:  0.0, Max: 0, Diff: 0, Sum: 0, Workers: 4
[27.569s][debug][gc,phases      ] GC(52)   StringDedup Requests0 Weak     Min:  0.0, Avg:  0.0, Max:  0.0, Diff:  0.0, Sum:  0.0, Workers: 4
[27.569s][debug][gc,phases      ] GC(52)     Dead                           Min: 0, Avg:  0.0, Max: 0, Diff: 0, Sum: 0, Workers: 4
[27.569s][debug][gc,phases      ] GC(52)     Total                          Min: 0, Avg:  0.0, Max: 0, Diff: 0, Sum: 0, Workers: 4
[27.569s][debug][gc,phases      ] GC(52)   StringDedup Requests1 Weak     Min:  0.0, Avg:  0.0, Max:  0.0, Diff:  0.0, Sum:  0.0, Workers: 4
[27.569s][debug][gc,phases      ] GC(52)     Dead                           Min: 0, Avg:  0.0, Max: 0, Diff: 0, Sum: 0, Workers: 4
[27.569s][debug][gc,phases      ] GC(52)     Total                          Min: 0, Avg:  0.0, Max: 0, Diff: 0, Sum: 0, Workers: 4
[27.569s][debug][gc,phases      ] GC(52)   Weak JFR Old Object Samples    Min:  0.0, Avg:  0.0, Max:  0.0, Diff:  0.0, Sum:  0.0, Workers: 4
[27.569s][debug][gc,phases      ] GC(52)     Dead                           Min: 0, Avg:  0.0, Max: 0, Diff: 0, Sum: 0, Workers: 4
[27.569s][debug][gc,phases      ] GC(52)     Total                          Min: 0, Avg:  0.0, Max: 0, Diff: 0, Sum: 0, Workers: 4
[27.569s][debug][gc,phases      ] GC(52) Weak Processing 0.408ms
[27.569s][debug][gc,age         ] GC(52) Desired survivor size 296222720 bytes, new threshold 15 (max threshold 15)
[27.569s][info ][gc,heap        ] GC(52) PSYoungGen: 1538640K(1759744K)->107392K(1807872K) Eden: 1438208K(1438208K)->0K(1502208K) From: 100432K(321536K)->107392K(305664K)
[27.569s][info ][gc,heap        ] GC(52) ParOldGen: 476899K(550912K)->485883K(550912K)
[27.569s][info ][gc,metaspace   ] GC(52) Metaspace: 68073K(68864K)->68073K(68864K) NonClass: 58200K(58624K)->58200K(58624K) Class: 9872K(10240K)->9872K(10240K)
[27.569s][info ][gc             ] GC(52) Pause Young (Allocation Failure) 1968M->579M(2303M) 52.322ms
[27.569s][info ][gc,cpu         ] GC(52) User=0.24s Sys=0.00s Real=0.05s
[27.569s][info ][safepoint      ] Safepoint "ParallelGCFailedAllocation", Time since last: 414620807 ns, Reaching safepoint: 137002 ns, At safepoint: 52441836 ns, Total: 52578838 ns
[27.973s][info ][gc,start       ] GC(53) Pause Young (Allocation Failure)
[28.009s][debug][gc,phases      ] GC(53) Scavenge 36.379ms
[28.009s][debug][gc,ref         ] GC(53) Skipped phase 1 of Reference Processing: no references
[28.010s][debug][gc,ref         ] GC(53) ReferenceProcessor::execute queues: 1, RefProcThreadModel::Single, marks_oops_alive: false
[28.010s][debug][gc,ref         ] GC(53) Skipped phase 3 of Reference Processing: no references
[28.010s][debug][gc,ref         ] GC(53) ReferenceProcessor::execute queues: 1, RefProcThreadModel::Single, marks_oops_alive: false
[28.010s][debug][gc,phases      ] GC(53) Reference Processing 0.184ms
[28.010s][debug][gc,phases      ] GC(53)   VM Weak                        Min:  0.0, Avg:  0.0, Max:  0.0, Diff:  0.0, Sum:  0.0, Workers: 4
[28.010s][debug][gc,phases      ] GC(53)     Dead                           Min: 0, Avg:  0.0, Max: 0, Diff: 0, Sum: 0, Workers: 4
[28.010s][debug][gc,phases      ] GC(53)     Total                          Min: 0, Avg: 147.5, Max: 448, Diff: 448, Sum: 590, Workers: 4
[28.010s][debug][gc,phases      ] GC(53)   ObjectSynchronizer Weak        Min:  0.0, Avg:  0.0, Max:  0.0, Diff:  0.0, Sum:  0.0, Workers: 4
[28.010s][debug][gc,phases      ] GC(53)     Dead                           Min: 0, Avg:  0.0, Max: 0, Diff: 0, Sum: 0, Workers: 4
[28.010s][debug][gc,phases      ] GC(53)     Total                          Min: 0, Avg: 87.2, Max: 128, Diff: 128, Sum: 349, Workers: 4
[28.010s][debug][gc,phases      ] GC(53)   JVMTI Tag Weak OopStorage      Min:  0.0, Avg:  0.0, Max:  0.0, Diff:  0.0, Sum:  0.0, Workers: 4
[28.010s][debug][gc,phases      ] GC(53)     Dead                           Min: 0, Avg:  0.0, Max: 0, Diff: 0, Sum: 0, Workers: 4
[28.010s][debug][gc,phases      ] GC(53)     Total                          Min: 0, Avg:  0.0, Max: 0, Diff: 0, Sum: 0, Workers: 4
[28.010s][debug][gc,phases      ] GC(53)   StringTable Weak               Min:  0.0, Avg:  0.1, Max:  0.1, Diff:  0.1, Sum:  0.4, Workers: 4
[28.010s][debug][gc,phases      ] GC(53)     Dead                           Min: 0, Avg:  2.8, Max: 11, Diff: 11, Sum: 11, Workers: 4
[28.010s][debug][gc,phases      ] GC(53)     Total                          Min: 0, Avg: 10709.5, Max: 15360, Diff: 15360, Sum: 42838, Workers: 4
[28.010s][debug][gc,phases      ] GC(53)   ResolvedMethodTable Weak       Min:  0.0, Avg:  0.0, Max:  0.0, Diff:  0.0, Sum:  0.1, Workers: 4
[28.010s][debug][gc,phases      ] GC(53)     Dead                           Min: 0, Avg:  0.0, Max: 0, Diff: 0, Sum: 0, Workers: 4
[28.010s][debug][gc,phases      ] GC(53)     Total                          Min: 0, Avg: 1738.8, Max: 2613, Diff: 2613, Sum: 6955, Workers: 4
[28.010s][debug][gc,phases      ] GC(53)   JNI Weak                       Min:  0.0, Avg:  0.0, Max:  0.0, Diff:  0.0, Sum:  0.0, Workers: 4
[28.010s][debug][gc,phases      ] GC(53)     Dead                           Min: 0, Avg:  0.0, Max: 0, Diff: 0, Sum: 0, Workers: 4
[28.010s][debug][gc,phases      ] GC(53)     Total                          Min: 0, Avg:  2.5, Max: 10, Diff: 10, Sum: 10, Workers: 4
[28.010s][debug][gc,phases      ] GC(53)   StringDedup Table Weak         Min:  0.0, Avg:  0.0, Max:  0.0, Diff:  0.0, Sum:  0.0, Workers: 4
[28.010s][debug][gc,phases      ] GC(53)     Dead                           Min: 0, Avg:  0.0, Max: 0, Diff: 0, Sum: 0, Workers: 4
[28.010s][debug][gc,phases      ] GC(53)     Total                          Min: 0, Avg:  0.0, Max: 0, Diff: 0, Sum: 0, Workers: 4
[28.010s][debug][gc,phases      ] GC(53)   StringDedup Requests0 Weak     Min:  0.0, Avg:  0.0, Max:  0.0, Diff:  0.0, Sum:  0.0, Workers: 4
[28.010s][debug][gc,phases      ] GC(53)     Dead                           Min: 0, Avg:  0.0, Max: 0, Diff: 0, Sum: 0, Workers: 4
[28.010s][debug][gc,phases      ] GC(53)     Total                          Min: 0, Avg:  0.0, Max: 0, Diff: 0, Sum: 0, Workers: 4
[28.010s][debug][gc,phases      ] GC(53)   StringDedup Requests1 Weak     Min:  0.0, Avg:  0.0, Max:  0.0, Diff:  0.0, Sum:  0.0, Workers: 4
[28.010s][debug][gc,phases      ] GC(53)     Dead                           Min: 0, Avg:  0.0, Max: 0, Diff: 0, Sum: 0, Workers: 4
[28.010s][debug][gc,phases      ] GC(53)     Total                          Min: 0, Avg:  0.0, Max: 0, Diff: 0, Sum: 0, Workers: 4
[28.010s][debug][gc,phases      ] GC(53)   Weak JFR Old Object Samples    Min:  0.0, Avg:  0.0, Max:  0.0, Diff:  0.0, Sum:  0.0, Workers: 4
[28.010s][debug][gc,phases      ] GC(53)     Dead                           Min: 0, Avg:  0.0, Max: 0, Diff: 0, Sum: 0, Workers: 4
[28.010s][debug][gc,phases      ] GC(53)     Total                          Min: 0, Avg:  0.0, Max: 0, Diff: 0, Sum: 0, Workers: 4
[28.010s][debug][gc,phases      ] GC(53) Weak Processing 0.407ms
[28.010s][debug][gc,age         ] GC(53) Desired survivor size 281542656 bytes, new threshold 15 (max threshold 15)
[28.010s][info ][gc,heap        ] GC(53) PSYoungGen: 1609600K(1807872K)->102864K(1791488K) Eden: 1502208K(1502208K)->0K(1502208K) From: 107392K(305664K)->102864K(289280K)
[28.010s][info ][gc,heap        ] GC(53) ParOldGen: 485883K(550912K)->489611K(550912K)
[28.010s][info ][gc,metaspace   ] GC(53) Metaspace: 68112K(68928K)->68112K(68928K) NonClass: 58236K(58688K)->58236K(58688K) Class: 9875K(10240K)->9875K(10240K)
[28.010s][info ][gc             ] GC(53) Pause Young (Allocation Failure) 2046M->578M(2287M) 37.143ms
[28.010s][info ][gc,cpu         ] GC(53) User=0.14s Sys=0.00s Real=0.03s
[28.010s][info ][safepoint      ] Safepoint "ParallelGCFailedAllocation", Time since last: 403534129 ns, Reaching safepoint: 159003 ns, At safepoint: 37271294 ns, Total: 37430297 ns
[28.371s][info ][gc,start       ] GC(54) Pause Young (Allocation Failure)
[28.404s][debug][gc,phases      ] GC(54) Scavenge 33.038ms
[28.405s][debug][gc,ref         ] GC(54) Skipped phase 1 of Reference Processing: no references
[28.405s][debug][gc,ref         ] GC(54) ReferenceProcessor::execute queues: 1, RefProcThreadModel::Single, marks_oops_alive: false
[28.405s][debug][gc,ref         ] GC(54) Skipped phase 3 of Reference Processing: no references
[28.405s][debug][gc,ref         ] GC(54) ReferenceProcessor::execute queues: 1, RefProcThreadModel::Single, marks_oops_alive: false
[28.405s][debug][gc,phases      ] GC(54) Reference Processing 0.180ms
[28.405s][debug][gc,phases      ] GC(54)   VM Weak                        Min:  0.0, Avg:  0.0, Max:  0.0, Diff:  0.0, Sum:  0.0, Workers: 4
[28.405s][debug][gc,phases      ] GC(54)     Dead                           Min: 0, Avg:  0.0, Max: 0, Diff: 0, Sum: 0, Workers: 4
[28.405s][debug][gc,phases      ] GC(54)     Total                          Min: 0, Avg: 148.5, Max: 594, Diff: 594, Sum: 594, Workers: 4
[28.405s][debug][gc,phases      ] GC(54)   ObjectSynchronizer Weak        Min:  0.0, Avg:  0.0, Max:  0.0, Diff:  0.0, Sum:  0.0, Workers: 4
[28.405s][debug][gc,phases      ] GC(54)     Dead                           Min: 0, Avg:  0.0, Max: 0, Diff: 0, Sum: 0, Workers: 4
[28.405s][debug][gc,phases      ] GC(54)     Total                          Min: 0, Avg: 87.2, Max: 192, Diff: 192, Sum: 349, Workers: 4
[28.405s][debug][gc,phases      ] GC(54)   JVMTI Tag Weak OopStorage      Min:  0.0, Avg:  0.0, Max:  0.0, Diff:  0.0, Sum:  0.0, Workers: 4
[28.405s][debug][gc,phases      ] GC(54)     Dead                           Min: 0, Avg:  0.0, Max: 0, Diff: 0, Sum: 0, Workers: 4
[28.405s][debug][gc,phases      ] GC(54)     Total                          Min: 0, Avg:  0.0, Max: 0, Diff: 0, Sum: 0, Workers: 4
[28.405s][debug][gc,phases      ] GC(54)   StringTable Weak               Min:  0.1, Avg:  0.1, Max:  0.1, Diff:  0.0, Sum:  0.5, Workers: 4
[28.405s][debug][gc,phases      ] GC(54)     Dead                           Min: 0, Avg:  2.8, Max: 11, Diff: 11, Sum: 11, Workers: 4
[28.405s][debug][gc,phases      ] GC(54)     Total                          Min: 10176, Avg: 10762.2, Max: 11392, Diff: 1216, Sum: 43049, Workers: 4
[28.405s][debug][gc,phases      ] GC(54)   ResolvedMethodTable Weak       Min:  0.0, Avg:  0.0, Max:  0.0, Diff:  0.0, Sum:  0.1, Workers: 4
[28.405s][debug][gc,phases      ] GC(54)     Dead                           Min: 0, Avg:  6.2, Max: 13, Diff: 13, Sum: 25, Workers: 4
[28.405s][debug][gc,phases      ] GC(54)     Total                          Min: 1599, Avg: 1766.0, Max: 1946, Diff: 347, Sum: 7064, Workers: 4
[28.405s][debug][gc,phases      ] GC(54)   JNI Weak                       Min:  0.0, Avg:  0.0, Max:  0.0, Diff:  0.0, Sum:  0.0, Workers: 4
[28.405s][debug][gc,phases      ] GC(54)     Dead                           Min: 0, Avg:  0.0, Max: 0, Diff: 0, Sum: 0, Workers: 4
[28.405s][debug][gc,phases      ] GC(54)     Total                          Min: 0, Avg:  1.0, Max: 4, Diff: 4, Sum: 4, Workers: 4
[28.405s][debug][gc,phases      ] GC(54)   StringDedup Table Weak         Min:  0.0, Avg:  0.0, Max:  0.0, Diff:  0.0, Sum:  0.0, Workers: 4
[28.405s][debug][gc,phases      ] GC(54)     Dead                           Min: 0, Avg:  0.0, Max: 0, Diff: 0, Sum: 0, Workers: 4
[28.405s][debug][gc,phases      ] GC(54)     Total                          Min: 0, Avg:  0.0, Max: 0, Diff: 0, Sum: 0, Workers: 4
[28.405s][debug][gc,phases      ] GC(54)   StringDedup Requests0 Weak     Min:  0.0, Avg:  0.0, Max:  0.0, Diff:  0.0, Sum:  0.0, Workers: 4
[28.405s][debug][gc,phases      ] GC(54)     Dead                           Min: 0, Avg:  0.0, Max: 0, Diff: 0, Sum: 0, Workers: 4
[28.405s][debug][gc,phases      ] GC(54)     Total                          Min: 0, Avg:  0.0, Max: 0, Diff: 0, Sum: 0, Workers: 4
[28.405s][debug][gc,phases      ] GC(54)   StringDedup Requests1 Weak     Min:  0.0, Avg:  0.0, Max:  0.0, Diff:  0.0, Sum:  0.0, Workers: 4
[28.405s][debug][gc,phases      ] GC(54)     Dead                           Min: 0, Avg:  0.0, Max: 0, Diff: 0, Sum: 0, Workers: 4
[28.405s][debug][gc,phases      ] GC(54)     Total                          Min: 0, Avg:  0.0, Max: 0, Diff: 0, Sum: 0, Workers: 4
[28.405s][debug][gc,phases      ] GC(54)   Weak JFR Old Object Samples    Min:  0.0, Avg:  0.0, Max:  0.0, Diff:  0.0, Sum:  0.0, Workers: 4
[28.405s][debug][gc,phases      ] GC(54)     Dead                           Min: 0, Avg:  0.0, Max: 0, Diff: 0, Sum: 0, Workers: 4
[28.405s][debug][gc,phases      ] GC(54)     Total                          Min: 0, Avg:  0.0, Max: 0, Diff: 0, Sum: 0, Workers: 4
[28.405s][debug][gc,phases      ] GC(54) Weak Processing 0.360ms
[28.405s][debug][gc,age         ] GC(54) Desired survivor size 268435456 bytes, new threshold 15 (max threshold 15)
[28.405s][info ][gc,heap        ] GC(54) PSYoungGen: 1605072K(1791488K)->100416K(1835008K) Eden: 1502208K(1502208K)->0K(1560064K) From: 102864K(289280K)->100416K(274944K)
[28.405s][info ][gc,heap        ] GC(54) ParOldGen: 489611K(550912K)->490931K(550912K)
[28.405s][info ][gc,metaspace   ] GC(54) Metaspace: 68661K(69440K)->68661K(69440K) NonClass: 58691K(59136K)->58691K(59136K) Class: 9969K(10304K)->9969K(10304K)
[28.405s][info ][gc             ] GC(54) Pause Young (Allocation Failure) 2045M->577M(2330M) 33.732ms
[28.405s][info ][gc,cpu         ] GC(54) User=0.13s Sys=0.00s Real=0.03s
[28.405s][info ][safepoint      ] Safepoint "ParallelGCFailedAllocation", Time since last: 360713547 ns, Reaching safepoint: 388506 ns, At safepoint: 33850839 ns, Total: 34239345 ns
[28.836s][info ][gc,start       ] GC(55) Pause Young (Allocation Failure)
[28.872s][debug][gc,phases      ] GC(55) Scavenge 35.569ms
[28.872s][debug][gc,ref         ] GC(55) Skipped phase 1 of Reference Processing: no references
[28.872s][debug][gc,ref         ] GC(55) ReferenceProcessor::execute queues: 1, RefProcThreadModel::Single, marks_oops_alive: false
[28.872s][debug][gc,ref         ] GC(55) Skipped phase 3 of Reference Processing: no references
[28.872s][debug][gc,ref         ] GC(55) ReferenceProcessor::execute queues: 1, RefProcThreadModel::Single, marks_oops_alive: false
[28.872s][debug][gc,phases      ] GC(55) Reference Processing 0.189ms
[28.872s][debug][gc,phases      ] GC(55)   VM Weak                        Min:  0.0, Avg:  0.0, Max:  0.0, Diff:  0.0, Sum:  0.0, Workers: 4
[28.872s][debug][gc,phases      ] GC(55)     Dead                           Min: 0, Avg:  0.0, Max: 0, Diff: 0, Sum: 0, Workers: 4
[28.872s][debug][gc,phases      ] GC(55)     Total                          Min: 0, Avg: 148.8, Max: 384, Diff: 384, Sum: 595, Workers: 4
[28.872s][debug][gc,phases      ] GC(55)   ObjectSynchronizer Weak        Min:  0.0, Avg:  0.0, Max:  0.0, Diff:  0.0, Sum:  0.0, Workers: 4
[28.872s][debug][gc,phases      ] GC(55)     Dead                           Min: 0, Avg:  0.0, Max: 0, Diff: 0, Sum: 0, Workers: 4
[28.872s][debug][gc,phases      ] GC(55)     Total                          Min: 29, Avg: 87.2, Max: 128, Diff: 99, Sum: 349, Workers: 4
[28.872s][debug][gc,phases      ] GC(55)   JVMTI Tag Weak OopStorage      Min:  0.0, Avg:  0.0, Max:  0.0, Diff:  0.0, Sum:  0.0, Workers: 4
[28.872s][debug][gc,phases      ] GC(55)     Dead                           Min: 0, Avg:  0.0, Max: 0, Diff: 0, Sum: 0, Workers: 4
[28.872s][debug][gc,phases      ] GC(55)     Total                          Min: 0, Avg:  0.0, Max: 0, Diff: 0, Sum: 0, Workers: 4
[28.872s][debug][gc,phases      ] GC(55)   StringTable Weak               Min:  0.1, Avg:  0.1, Max:  0.1, Diff:  0.0, Sum:  0.6, Workers: 4
[28.872s][debug][gc,phases      ] GC(55)     Dead                           Min: 0, Avg:  2.8, Max: 11, Diff: 11, Sum: 11, Workers: 4
[28.872s][debug][gc,phases      ] GC(55)     Total                          Min: 10209, Avg: 10792.2, Max: 11328, Diff: 1119, Sum: 43169, Workers: 4
[28.872s][debug][gc,phases      ] GC(55)   ResolvedMethodTable Weak       Min:  0.0, Avg:  0.0, Max:  0.0, Diff:  0.0, Sum:  0.1, Workers: 4
[28.872s][debug][gc,phases      ] GC(55)     Dead                           Min: 0, Avg:  6.0, Max: 15, Diff: 15, Sum: 24, Workers: 4
[28.872s][debug][gc,phases      ] GC(55)     Total                          Min: 1664, Avg: 1778.2, Max: 1920, Diff: 256, Sum: 7113, Workers: 4
[28.872s][debug][gc,phases      ] GC(55)   JNI Weak                       Min:  0.0, Avg:  0.0, Max:  0.0, Diff:  0.0, Sum:  0.0, Workers: 4
[28.872s][debug][gc,phases      ] GC(55)     Dead                           Min: 0, Avg:  0.0, Max: 0, Diff: 0, Sum: 0, Workers: 4
[28.872s][debug][gc,phases      ] GC(55)     Total                          Min: 0, Avg:  0.0, Max: 0, Diff: 0, Sum: 0, Workers: 4
[28.872s][debug][gc,phases      ] GC(55)   StringDedup Table Weak         Min:  0.0, Avg:  0.0, Max:  0.0, Diff:  0.0, Sum:  0.0, Workers: 4
[28.872s][debug][gc,phases      ] GC(55)     Dead                           Min: 0, Avg:  0.0, Max: 0, Diff: 0, Sum: 0, Workers: 4
[28.872s][debug][gc,phases      ] GC(55)     Total                          Min: 0, Avg:  0.0, Max: 0, Diff: 0, Sum: 0, Workers: 4
[28.872s][debug][gc,phases      ] GC(55)   StringDedup Requests0 Weak     Min:  0.0, Avg:  0.0, Max:  0.0, Diff:  0.0, Sum:  0.0, Workers: 4
[28.872s][debug][gc,phases      ] GC(55)     Dead                           Min: 0, Avg:  0.0, Max: 0, Diff: 0, Sum: 0, Workers: 4
[28.872s][debug][gc,phases      ] GC(55)     Total                          Min: 0, Avg:  0.0, Max: 0, Diff: 0, Sum: 0, Workers: 4
[28.872s][debug][gc,phases      ] GC(55)   StringDedup Requests1 Weak     Min:  0.0, Avg:  0.0, Max:  0.0, Diff:  0.0, Sum:  0.0, Workers: 4
[28.872s][debug][gc,phases      ] GC(55)     Dead                           Min: 0, Avg:  0.0, Max: 0, Diff: 0, Sum: 0, Workers: 4
[28.872s][debug][gc,phases      ] GC(55)     Total                          Min: 0, Avg:  0.0, Max: 0, Diff: 0, Sum: 0, Workers: 4
[28.872s][debug][gc,phases      ] GC(55)   Weak JFR Old Object Samples    Min:  0.0, Avg:  0.0, Max:  0.0, Diff:  0.0, Sum:  0.0, Workers: 4
[28.872s][debug][gc,phases      ] GC(55)     Dead                           Min: 0, Avg:  0.0, Max: 0, Diff: 0, Sum: 0, Workers: 4
[28.873s][debug][gc,phases      ] GC(55)     Total                          Min: 0, Avg:  0.0, Max: 0, Diff: 0, Sum: 0, Workers: 4
[28.873s][debug][gc,phases      ] GC(55) Weak Processing 0.427ms
[28.873s][debug][gc,age         ] GC(55) Desired survivor size 255852544 bytes, new threshold 15 (max threshold 15)
[28.873s][info ][gc,heap        ] GC(55) PSYoungGen: 1660480K(1835008K)->100352K(1822208K) Eden: 1560064K(1560064K)->0K(1560064K) From: 100416K(274944K)->100352K(262144K)
[28.873s][info ][gc,heap        ] GC(55) ParOldGen: 490931K(550912K)->492219K(550912K)
[28.873s][info ][gc,metaspace   ] GC(55) Metaspace: 69170K(69888K)->69170K(69888K) NonClass: 59144K(59520K)->59144K(59520K) Class: 10026K(10368K)->10026K(10368K)
[28.873s][info ][gc             ] GC(55) Pause Young (Allocation Failure) 2100M->578M(2317M) 36.343ms
[28.873s][info ][gc,cpu         ] GC(55) User=0.17s Sys=0.00s Real=0.04s
[28.873s][info ][safepoint      ] Safepoint "ParallelGCFailedAllocation", Time since last: 430815564 ns, Reaching safepoint: 198503 ns, At safepoint: 36453681 ns, Total: 36652184 ns
[29.115s][info ][safepoint      ] Safepoint "ICBufferFull", Time since last: 241537748 ns, Reaching safepoint: 303105 ns, At safepoint: 19600 ns, Total: 322705 ns
[29.115s][info ][safepoint      ] Safepoint "ICBufferFull", Time since last: 96302 ns, Reaching safepoint: 168202 ns, At safepoint: 27501 ns, Total: 195703 ns
[29.344s][info ][gc,start       ] GC(56) Pause Young (Allocation Failure)
[29.381s][debug][gc,phases      ] GC(56) Scavenge 37.049ms
[29.381s][debug][gc,ref         ] GC(56) Skipped phase 1 of Reference Processing: no references
[29.381s][debug][gc,ref         ] GC(56) ReferenceProcessor::execute queues: 1, RefProcThreadModel::Single, marks_oops_alive: false
[29.382s][debug][gc,ref         ] GC(56) Skipped phase 3 of Reference Processing: no references
[29.382s][debug][gc,ref         ] GC(56) ReferenceProcessor::execute queues: 1, RefProcThreadModel::Single, marks_oops_alive: false
[29.382s][debug][gc,phases      ] GC(56) Reference Processing 0.235ms
[29.382s][debug][gc,phases      ] GC(56)   VM Weak                        Min:  0.0, Avg:  0.0, Max:  0.0, Diff:  0.0, Sum:  0.0, Workers: 4
[29.382s][debug][gc,phases      ] GC(56)     Dead                           Min: 0, Avg:  0.0, Max: 0, Diff: 0, Sum: 0, Workers: 4
[29.382s][debug][gc,phases      ] GC(56)     Total                          Min: 0, Avg: 153.0, Max: 512, Diff: 512, Sum: 612, Workers: 4
[29.382s][debug][gc,phases      ] GC(56)   ObjectSynchronizer Weak        Min:  0.0, Avg:  0.0, Max:  0.0, Diff:  0.0, Sum:  0.0, Workers: 4
[29.382s][debug][gc,phases      ] GC(56)     Dead                           Min: 0, Avg:  0.0, Max: 0, Diff: 0, Sum: 0, Workers: 4
[29.382s][debug][gc,phases      ] GC(56)     Total                          Min: 0, Avg: 87.2, Max: 285, Diff: 285, Sum: 349, Workers: 4
[29.382s][debug][gc,phases      ] GC(56)   JVMTI Tag Weak OopStorage      Min:  0.0, Avg:  0.0, Max:  0.0, Diff:  0.0, Sum:  0.0, Workers: 4
[29.382s][debug][gc,phases      ] GC(56)     Dead                           Min: 0, Avg:  0.0, Max: 0, Diff: 0, Sum: 0, Workers: 4
[29.382s][debug][gc,phases      ] GC(56)     Total                          Min: 0, Avg:  0.0, Max: 0, Diff: 0, Sum: 0, Workers: 4
[29.382s][debug][gc,phases      ] GC(56)   StringTable Weak               Min:  0.1, Avg:  0.1, Max:  0.1, Diff:  0.0, Sum:  0.5, Workers: 4
[29.382s][debug][gc,phases      ] GC(56)     Dead                           Min: 0, Avg:  1.5, Max: 3, Diff: 3, Sum: 6, Workers: 4
[29.382s][debug][gc,phases      ] GC(56)     Total                          Min: 10482, Avg: 10860.5, Max: 11456, Diff: 974, Sum: 43442, Workers: 4
[29.382s][debug][gc,phases      ] GC(56)   ResolvedMethodTable Weak       Min:  0.0, Avg:  0.0, Max:  0.0, Diff:  0.0, Sum:  0.1, Workers: 4
[29.382s][debug][gc,phases      ] GC(56)     Dead                           Min: 0, Avg:  5.8, Max: 23, Diff: 23, Sum: 23, Workers: 4
[29.382s][debug][gc,phases      ] GC(56)     Total                          Min: 1727, Avg: 1823.8, Max: 1984, Diff: 257, Sum: 7295, Workers: 4
[29.382s][debug][gc,phases      ] GC(56)   JNI Weak                       Min:  0.0, Avg:  0.0, Max:  0.0, Diff:  0.0, Sum:  0.0, Workers: 4
[29.382s][debug][gc,phases      ] GC(56)     Dead                           Min: 0, Avg:  0.0, Max: 0, Diff: 0, Sum: 0, Workers: 4
[29.382s][debug][gc,phases      ] GC(56)     Total                          Min: 0, Avg:  0.0, Max: 0, Diff: 0, Sum: 0, Workers: 4
[29.382s][debug][gc,phases      ] GC(56)   StringDedup Table Weak         Min:  0.0, Avg:  0.0, Max:  0.0, Diff:  0.0, Sum:  0.0, Workers: 4
[29.382s][debug][gc,phases      ] GC(56)     Dead                           Min: 0, Avg:  0.0, Max: 0, Diff: 0, Sum: 0, Workers: 4
[29.382s][debug][gc,phases      ] GC(56)     Total                          Min: 0, Avg:  0.0, Max: 0, Diff: 0, Sum: 0, Workers: 4
[29.382s][debug][gc,phases      ] GC(56)   StringDedup Requests0 Weak     Min:  0.0, Avg:  0.0, Max:  0.0, Diff:  0.0, Sum:  0.0, Workers: 4
[29.382s][debug][gc,phases      ] GC(56)     Dead                           Min: 0, Avg:  0.0, Max: 0, Diff: 0, Sum: 0, Workers: 4
[29.382s][debug][gc,phases      ] GC(56)     Total                          Min: 0, Avg:  0.0, Max: 0, Diff: 0, Sum: 0, Workers: 4
[29.382s][debug][gc,phases      ] GC(56)   StringDedup Requests1 Weak     Min:  0.0, Avg:  0.0, Max:  0.0, Diff:  0.0, Sum:  0.0, Workers: 4
[29.382s][debug][gc,phases      ] GC(56)     Dead                           Min: 0, Avg:  0.0, Max: 0, Diff: 0, Sum: 0, Workers: 4
[29.382s][debug][gc,phases      ] GC(56)     Total                          Min: 0, Avg:  0.0, Max: 0, Diff: 0, Sum: 0, Workers: 4
[29.382s][debug][gc,phases      ] GC(56)   Weak JFR Old Object Samples    Min:  0.0, Avg:  0.0, Max:  0.0, Diff:  0.0, Sum:  0.0, Workers: 4
[29.382s][debug][gc,phases      ] GC(56)     Dead                           Min: 0, Avg:  0.0, Max: 0, Diff: 0, Sum: 0, Workers: 4
[29.382s][debug][gc,phases      ] GC(56)     Total                          Min: 0, Avg:  0.0, Max: 0, Diff: 0, Sum: 0, Workers: 4
[29.382s][debug][gc,phases      ] GC(56) Weak Processing 0.416ms
[29.382s][debug][gc,age         ] GC(56) Desired survivor size 244842496 bytes, new threshold 15 (max threshold 15)
[29.382s][info ][gc,heap        ] GC(56) PSYoungGen: 1660416K(1822208K)->98736K(1858048K) Eden: 1560064K(1560064K)->0K(1608192K) From: 100352K(262144K)->98736K(249856K)
[29.382s][info ][gc,heap        ] GC(56) ParOldGen: 492219K(550912K)->494779K(550912K)
[29.382s][info ][gc,metaspace   ] GC(56) Metaspace: 69944K(70720K)->69944K(70720K) NonClass: 59801K(60224K)->59801K(60224K) Class: 10143K(10496K)->10143K(10496K)
[29.382s][info ][gc             ] GC(56) Pause Young (Allocation Failure) 2102M->579M(2352M) 37.873ms
[29.382s][info ][gc,cpu         ] GC(56) User=0.15s Sys=0.00s Real=0.03s
[29.382s][info ][safepoint      ] Safepoint "ParallelGCFailedAllocation", Time since last: 229082149 ns, Reaching safepoint: 242704 ns, At safepoint: 37996305 ns, Total: 38239009 ns
[29.612s][info ][safepoint      ] Safepoint "ICBufferFull", Time since last: 229859362 ns, Reaching safepoint: 239004 ns, At safepoint: 28700 ns, Total: 267704 ns
[29.890s][info ][safepoint      ] Safepoint "ICBufferFull", Time since last: 277661023 ns, Reaching safepoint: 285105 ns, At safepoint: 33100 ns, Total: 318205 ns
[29.940s][info ][gc,start       ] GC(57) Pause Young (Allocation Failure)
[29.975s][debug][gc,phases      ] GC(57) Scavenge 34.997ms
[29.975s][debug][gc,ref         ] GC(57) Skipped phase 1 of Reference Processing: no references
[29.975s][debug][gc,ref         ] GC(57) ReferenceProcessor::execute queues: 1, RefProcThreadModel::Single, marks_oops_alive: false
[29.975s][debug][gc,ref         ] GC(57) Skipped phase 3 of Reference Processing: no references
[29.975s][debug][gc,ref         ] GC(57) ReferenceProcessor::execute queues: 1, RefProcThreadModel::Single, marks_oops_alive: false
[29.975s][debug][gc,phases      ] GC(57) Reference Processing 0.198ms
[29.975s][debug][gc,phases      ] GC(57)   VM Weak                        Min:  0.0, Avg:  0.0, Max:  0.0, Diff:  0.0, Sum:  0.0, Workers: 4
[29.975s][debug][gc,phases      ] GC(57)     Dead                           Min: 0, Avg:  0.0, Max: 0, Diff: 0, Sum: 0, Workers: 4
[29.975s][debug][gc,phases      ] GC(57)     Total                          Min: 0, Avg: 153.5, Max: 448, Diff: 448, Sum: 614, Workers: 4
[29.975s][debug][gc,phases      ] GC(57)   ObjectSynchronizer Weak        Min:  0.0, Avg:  0.0, Max:  0.0, Diff:  0.0, Sum:  0.0, Workers: 4
[29.975s][debug][gc,phases      ] GC(57)     Dead                           Min: 0, Avg:  0.0, Max: 0, Diff: 0, Sum: 0, Workers: 4
[29.975s][debug][gc,phases      ] GC(57)     Total                          Min: 0, Avg: 87.2, Max: 256, Diff: 256, Sum: 349, Workers: 4
[29.975s][debug][gc,phases      ] GC(57)   JVMTI Tag Weak OopStorage      Min:  0.0, Avg:  0.0, Max:  0.0, Diff:  0.0, Sum:  0.0, Workers: 4
[29.975s][debug][gc,phases      ] GC(57)     Dead                           Min: 0, Avg:  0.0, Max: 0, Diff: 0, Sum: 0, Workers: 4
[29.975s][debug][gc,phases      ] GC(57)     Total                          Min: 0, Avg:  0.0, Max: 0, Diff: 0, Sum: 0, Workers: 4
[29.975s][debug][gc,phases      ] GC(57)   StringTable Weak               Min:  0.1, Avg:  0.1, Max:  0.1, Diff:  0.0, Sum:  0.5, Workers: 4
[29.975s][debug][gc,phases      ] GC(57)     Dead                           Min: 0, Avg:  0.5, Max: 2, Diff: 2, Sum: 2, Workers: 4
[29.975s][debug][gc,phases      ] GC(57)     Total                          Min: 10515, Avg: 10964.8, Max: 11584, Diff: 1069, Sum: 43859, Workers: 4
[29.975s][debug][gc,phases      ] GC(57)   ResolvedMethodTable Weak       Min:  0.0, Avg:  0.0, Max:  0.0, Diff:  0.0, Sum:  0.1, Workers: 4
[29.975s][debug][gc,phases      ] GC(57)     Dead                           Min: 0, Avg: 17.2, Max: 40, Diff: 40, Sum: 69, Workers: 4
[29.975s][debug][gc,phases      ] GC(57)     Total                          Min: 1664, Avg: 1883.0, Max: 2048, Diff: 384, Sum: 7532, Workers: 4
[29.975s][debug][gc,phases      ] GC(57)   JNI Weak                       Min:  0.0, Avg:  0.0, Max:  0.0, Diff:  0.0, Sum:  0.0, Workers: 4
[29.975s][debug][gc,phases      ] GC(57)     Dead                           Min: 0, Avg:  0.0, Max: 0, Diff: 0, Sum: 0, Workers: 4
[29.975s][debug][gc,phases      ] GC(57)     Total                          Min: 0, Avg:  4.5, Max: 18, Diff: 18, Sum: 18, Workers: 4
[29.975s][debug][gc,phases      ] GC(57)   StringDedup Table Weak         Min:  0.0, Avg:  0.0, Max:  0.0, Diff:  0.0, Sum:  0.0, Workers: 4
[29.975s][debug][gc,phases      ] GC(57)     Dead                           Min: 0, Avg:  0.0, Max: 0, Diff: 0, Sum: 0, Workers: 4
[29.975s][debug][gc,phases      ] GC(57)     Total                          Min: 0, Avg:  0.0, Max: 0, Diff: 0, Sum: 0, Workers: 4
[29.975s][debug][gc,phases      ] GC(57)   StringDedup Requests0 Weak     Min:  0.0, Avg:  0.0, Max:  0.0, Diff:  0.0, Sum:  0.0, Workers: 4
[29.975s][debug][gc,phases      ] GC(57)     Dead                           Min: 0, Avg:  0.0, Max: 0, Diff: 0, Sum: 0, Workers: 4
[29.975s][debug][gc,phases      ] GC(57)     Total                          Min: 0, Avg:  0.0, Max: 0, Diff: 0, Sum: 0, Workers: 4
[29.975s][debug][gc,phases      ] GC(57)   StringDedup Requests1 Weak     Min:  0.0, Avg:  0.0, Max:  0.0, Diff:  0.0, Sum:  0.0, Workers: 4
[29.975s][debug][gc,phases      ] GC(57)     Dead                           Min: 0, Avg:  0.0, Max: 0, Diff: 0, Sum: 0, Workers: 4
[29.975s][debug][gc,phases      ] GC(57)     Total                          Min: 0, Avg:  0.0, Max: 0, Diff: 0, Sum: 0, Workers: 4
[29.975s][debug][gc,phases      ] GC(57)   Weak JFR Old Object Samples    Min:  0.0, Avg:  0.0, Max:  0.0, Diff:  0.0, Sum:  0.0, Workers: 4
[29.975s][debug][gc,phases      ] GC(57)     Dead                           Min: 0, Avg:  0.0, Max: 0, Diff: 0, Sum: 0, Workers: 4
[29.975s][debug][gc,phases      ] GC(57)     Total                          Min: 0, Avg:  0.0, Max: 0, Diff: 0, Sum: 0, Workers: 4
[29.975s][debug][gc,phases      ] GC(57) Weak Processing 0.418ms
[29.975s][debug][gc,age         ] GC(57) Desired survivor size 234881024 bytes, new threshold 15 (max threshold 15)
[29.975s][info ][gc,heap        ] GC(57) PSYoungGen: 1706928K(1858048K)->95216K(1847296K) Eden: 1608192K(1608192K)->0K(1608192K) From: 98736K(249856K)->95216K(239104K)
[29.975s][info ][gc,heap        ] GC(57) ParOldGen: 494779K(550912K)->499643K(550912K)
[29.975s][info ][gc,metaspace   ] GC(57) Metaspace: 72310K(73152K)->72310K(73152K) NonClass: 61804K(62272K)->61804K(62272K) Class: 10505K(10880K)->10505K(10880K)
[29.975s][info ][gc             ] GC(57) Pause Young (Allocation Failure) 2150M->580M(2342M) 35.770ms
[29.975s][info ][gc,cpu         ] GC(57) User=0.14s Sys=0.00s Real=0.04s
[29.975s][info ][safepoint      ] Safepoint "ParallelGCFailedAllocation", Time since last: 44969716 ns, Reaching safepoint: 4284069 ns, At safepoint: 35895472 ns, Total: 40179541 ns
[30.470s][info ][gc,start       ] GC(58) Pause Young (Allocation Failure)
[30.503s][debug][gc,phases      ] GC(58) Scavenge 32.412ms
[30.503s][debug][gc,ref         ] GC(58) Skipped phase 1 of Reference Processing: no references
[30.503s][debug][gc,ref         ] GC(58) ReferenceProcessor::execute queues: 1, RefProcThreadModel::Single, marks_oops_alive: false
[30.503s][debug][gc,ref         ] GC(58) Skipped phase 3 of Reference Processing: no references
[30.503s][debug][gc,ref         ] GC(58) ReferenceProcessor::execute queues: 1, RefProcThreadModel::Single, marks_oops_alive: false
[30.503s][debug][gc,phases      ] GC(58) Reference Processing 0.190ms
[30.503s][debug][gc,phases      ] GC(58)   VM Weak                        Min:  0.0, Avg:  0.0, Max:  0.0, Diff:  0.0, Sum:  0.0, Workers: 4
[30.503s][debug][gc,phases      ] GC(58)     Dead                           Min: 0, Avg:  0.0, Max: 0, Diff: 0, Sum: 0, Workers: 4
[30.503s][debug][gc,phases      ] GC(58)     Total                          Min: 0, Avg: 153.5, Max: 614, Diff: 614, Sum: 614, Workers: 4
[30.503s][debug][gc,phases      ] GC(58)   ObjectSynchronizer Weak        Min:  0.0, Avg:  0.0, Max:  0.0, Diff:  0.0, Sum:  0.0, Workers: 4
[30.503s][debug][gc,phases      ] GC(58)     Dead                           Min: 0, Avg:  0.0, Max: 0, Diff: 0, Sum: 0, Workers: 4
[30.503s][debug][gc,phases      ] GC(58)     Total                          Min: 0, Avg: 87.2, Max: 192, Diff: 192, Sum: 349, Workers: 4
[30.503s][debug][gc,phases      ] GC(58)   JVMTI Tag Weak OopStorage      Min:  0.0, Avg:  0.0, Max:  0.0, Diff:  0.0, Sum:  0.0, Workers: 4
[30.503s][debug][gc,phases      ] GC(58)     Dead                           Min: 0, Avg:  0.0, Max: 0, Diff: 0, Sum: 0, Workers: 4
[30.503s][debug][gc,phases      ] GC(58)     Total                          Min: 0, Avg:  0.0, Max: 0, Diff: 0, Sum: 0, Workers: 4
[30.503s][debug][gc,phases      ] GC(58)   StringTable Weak               Min:  0.1, Avg:  0.2, Max:  0.2, Diff:  0.0, Sum:  0.6, Workers: 4
[30.503s][debug][gc,phases      ] GC(58)     Dead                           Min: 0, Avg:  0.5, Max: 2, Diff: 2, Sum: 2, Workers: 4
[30.503s][debug][gc,phases      ] GC(58)     Total                          Min: 9216, Avg: 10971.5, Max: 12335, Diff: 3119, Sum: 43886, Workers: 4
[30.503s][debug][gc,phases      ] GC(58)   ResolvedMethodTable Weak       Min:  0.0, Avg:  0.0, Max:  0.0, Diff:  0.0, Sum:  0.1, Workers: 4
[30.503s][debug][gc,phases      ] GC(58)     Dead                           Min: 0, Avg:  4.0, Max: 16, Diff: 16, Sum: 16, Workers: 4
[30.503s][debug][gc,phases      ] GC(58)     Total                          Min: 1664, Avg: 1885.2, Max: 2176, Diff: 512, Sum: 7541, Workers: 4
[30.503s][debug][gc,phases      ] GC(58)   JNI Weak                       Min:  0.0, Avg:  0.0, Max:  0.0, Diff:  0.0, Sum:  0.0, Workers: 4
[30.503s][debug][gc,phases      ] GC(58)     Dead                           Min: 0, Avg:  0.0, Max: 0, Diff: 0, Sum: 0, Workers: 4
[30.503s][debug][gc,phases      ] GC(58)     Total                          Min: 0, Avg:  0.5, Max: 2, Diff: 2, Sum: 2, Workers: 4
[30.503s][debug][gc,phases      ] GC(58)   StringDedup Table Weak         Min:  0.0, Avg:  0.0, Max:  0.0, Diff:  0.0, Sum:  0.0, Workers: 4
[30.503s][debug][gc,phases      ] GC(58)     Dead                           Min: 0, Avg:  0.0, Max: 0, Diff: 0, Sum: 0, Workers: 4
[30.503s][debug][gc,phases      ] GC(58)     Total                          Min: 0, Avg:  0.0, Max: 0, Diff: 0, Sum: 0, Workers: 4
[30.503s][debug][gc,phases      ] GC(58)   StringDedup Requests0 Weak     Min:  0.0, Avg:  0.0, Max:  0.0, Diff:  0.0, Sum:  0.0, Workers: 4
[30.503s][debug][gc,phases      ] GC(58)     Dead                           Min: 0, Avg:  0.0, Max: 0, Diff: 0, Sum: 0, Workers: 4
[30.503s][debug][gc,phases      ] GC(58)     Total                          Min: 0, Avg:  0.0, Max: 0, Diff: 0, Sum: 0, Workers: 4
[30.503s][debug][gc,phases      ] GC(58)   StringDedup Requests1 Weak     Min:  0.0, Avg:  0.0, Max:  0.0, Diff:  0.0, Sum:  0.0, Workers: 4
[30.503s][debug][gc,phases      ] GC(58)     Dead                           Min: 0, Avg:  0.0, Max: 0, Diff: 0, Sum: 0, Workers: 4
[30.503s][debug][gc,phases      ] GC(58)     Total                          Min: 0, Avg:  0.0, Max: 0, Diff: 0, Sum: 0, Workers: 4
[30.503s][debug][gc,phases      ] GC(58)   Weak JFR Old Object Samples    Min:  0.0, Avg:  0.0, Max:  0.0, Diff:  0.0, Sum:  0.0, Workers: 4
[30.503s][debug][gc,phases      ] GC(58)     Dead                           Min: 0, Avg:  0.0, Max: 0, Diff: 0, Sum: 0, Workers: 4
[30.503s][debug][gc,phases      ] GC(58)     Total                          Min: 0, Avg:  0.0, Max: 0, Diff: 0, Sum: 0, Workers: 4
[30.503s][debug][gc,phases      ] GC(58) Weak Processing 0.392ms
[30.503s][debug][gc,age         ] GC(58) Desired survivor size 226492416 bytes, new threshold 15 (max threshold 15)
[30.503s][info ][gc,heap        ] GC(58) PSYoungGen: 1703408K(1847296K)->87248K(1875968K) Eden: 1608192K(1608192K)->0K(1646592K) From: 95216K(239104K)->87248K(229376K)
[30.503s][info ][gc,heap        ] GC(58) ParOldGen: 499643K(550912K)->508803K(550912K)
[30.503s][info ][gc,metaspace   ] GC(58) Metaspace: 72553K(73344K)->72553K(73344K) NonClass: 62039K(62464K)->62039K(62464K) Class: 10514K(10880K)->10514K(10880K)
[30.503s][info ][gc             ] GC(58) Pause Young (Allocation Failure) 2151M->582M(2370M) 33.149ms
[30.503s][info ][gc,cpu         ] GC(58) User=0.13s Sys=0.00s Real=0.04s
[30.504s][info ][safepoint      ] Safepoint "ParallelGCFailedAllocation", Time since last: 492612746 ns, Reaching safepoint: 2282236 ns, At safepoint: 33273530 ns, Total: 35555766 ns
[30.897s][info ][safepoint      ] Safepoint "ParallelGCFailedAllocation", Time since last: 393510568 ns, Reaching safepoint: 224004 ns, At safepoint: 42300 ns, Total: 266304 ns
[30.898s][info ][gc,start       ] GC(59) Pause Young (GCLocker Initiated GC)
[30.927s][debug][gc,phases      ] GC(59) Scavenge 29.028ms
[30.927s][debug][gc,ref         ] GC(59) Skipped phase 1 of Reference Processing: no references
[30.927s][debug][gc,ref         ] GC(59) ReferenceProcessor::execute queues: 1, RefProcThreadModel::Single, marks_oops_alive: false
[30.927s][debug][gc,ref         ] GC(59) Skipped phase 3 of Reference Processing: no references
[30.927s][debug][gc,ref         ] GC(59) ReferenceProcessor::execute queues: 1, RefProcThreadModel::Single, marks_oops_alive: false
[30.927s][debug][gc,phases      ] GC(59) Reference Processing 0.246ms
[30.928s][debug][gc,phases      ] GC(59)   VM Weak                        Min:  0.0, Avg:  0.0, Max:  0.0, Diff:  0.0, Sum:  0.0, Workers: 4
[30.928s][debug][gc,phases      ] GC(59)     Dead                           Min: 0, Avg:  0.0, Max: 0, Diff: 0, Sum: 0, Workers: 4
[30.928s][debug][gc,phases      ] GC(59)     Total                          Min: 0, Avg: 155.0, Max: 620, Diff: 620, Sum: 620, Workers: 4
[30.928s][debug][gc,phases      ] GC(59)   ObjectSynchronizer Weak        Min:  0.0, Avg:  0.0, Max:  0.0, Diff:  0.0, Sum:  0.0, Workers: 4
[30.928s][debug][gc,phases      ] GC(59)     Dead                           Min: 0, Avg:  0.0, Max: 0, Diff: 0, Sum: 0, Workers: 4
[30.928s][debug][gc,phases      ] GC(59)     Total                          Min: 0, Avg: 87.2, Max: 192, Diff: 192, Sum: 349, Workers: 4
[30.928s][debug][gc,phases      ] GC(59)   JVMTI Tag Weak OopStorage      Min:  0.0, Avg:  0.0, Max:  0.0, Diff:  0.0, Sum:  0.0, Workers: 4
[30.928s][debug][gc,phases      ] GC(59)     Dead                           Min: 0, Avg:  0.0, Max: 0, Diff: 0, Sum: 0, Workers: 4
[30.928s][debug][gc,phases      ] GC(59)     Total                          Min: 0, Avg:  0.0, Max: 0, Diff: 0, Sum: 0, Workers: 4
[30.928s][debug][gc,phases      ] GC(59)   StringTable Weak               Min:  0.2, Avg:  0.2, Max:  0.2, Diff:  0.0, Sum:  0.7, Workers: 4
[30.928s][debug][gc,phases      ] GC(59)     Dead                           Min: 0, Avg:  0.2, Max: 1, Diff: 1, Sum: 1, Workers: 4
[30.928s][debug][gc,phases      ] GC(59)     Total                          Min: 10438, Avg: 11153.5, Max: 12672, Diff: 2234, Sum: 44614, Workers: 4
[30.928s][debug][gc,phases      ] GC(59)   ResolvedMethodTable Weak       Min:  0.0, Avg:  0.0, Max:  0.0, Diff:  0.0, Sum:  0.1, Workers: 4
[30.928s][debug][gc,phases      ] GC(59)     Dead                           Min: 0, Avg:  0.0, Max: 0, Diff: 0, Sum: 0, Workers: 4
[30.928s][debug][gc,phases      ] GC(59)     Total                          Min: 1728, Avg: 1889.2, Max: 2053, Diff: 325, Sum: 7557, Workers: 4
[30.928s][debug][gc,phases      ] GC(59)   JNI Weak                       Min:  0.0, Avg:  0.0, Max:  0.0, Diff:  0.0, Sum:  0.0, Workers: 4
[30.928s][debug][gc,phases      ] GC(59)     Dead                           Min: 0, Avg:  0.0, Max: 0, Diff: 0, Sum: 0, Workers: 4
[30.928s][debug][gc,phases      ] GC(59)     Total                          Min: 0, Avg:  1.5, Max: 6, Diff: 6, Sum: 6, Workers: 4
[30.928s][debug][gc,phases      ] GC(59)   StringDedup Table Weak         Min:  0.0, Avg:  0.0, Max:  0.0, Diff:  0.0, Sum:  0.0, Workers: 4
[30.928s][debug][gc,phases      ] GC(59)     Dead                           Min: 0, Avg:  0.0, Max: 0, Diff: 0, Sum: 0, Workers: 4
[30.928s][debug][gc,phases      ] GC(59)     Total                          Min: 0, Avg:  0.0, Max: 0, Diff: 0, Sum: 0, Workers: 4
[30.928s][debug][gc,phases      ] GC(59)   StringDedup Requests0 Weak     Min:  0.0, Avg:  0.0, Max:  0.0, Diff:  0.0, Sum:  0.0, Workers: 4
[30.928s][debug][gc,phases      ] GC(59)     Dead                           Min: 0, Avg:  0.0, Max: 0, Diff: 0, Sum: 0, Workers: 4
[30.928s][debug][gc,phases      ] GC(59)     Total                          Min: 0, Avg:  0.0, Max: 0, Diff: 0, Sum: 0, Workers: 4
[30.928s][debug][gc,phases      ] GC(59)   StringDedup Requests1 Weak     Min:  0.0, Avg:  0.0, Max:  0.0, Diff:  0.0, Sum:  0.0, Workers: 4
[30.928s][debug][gc,phases      ] GC(59)     Dead                           Min: 0, Avg:  0.0, Max: 0, Diff: 0, Sum: 0, Workers: 4
[30.928s][debug][gc,phases      ] GC(59)     Total                          Min: 0, Avg:  0.0, Max: 0, Diff: 0, Sum: 0, Workers: 4
[30.928s][debug][gc,phases      ] GC(59)   Weak JFR Old Object Samples    Min:  0.0, Avg:  0.0, Max:  0.0, Diff:  0.0, Sum:  0.0, Workers: 4
[30.928s][debug][gc,phases      ] GC(59)     Dead                           Min: 0, Avg:  0.0, Max: 0, Diff: 0, Sum: 0, Workers: 4
[30.928s][debug][gc,phases      ] GC(59)     Total                          Min: 0, Avg:  0.0, Max: 0, Diff: 0, Sum: 0, Workers: 4
[30.928s][debug][gc,phases      ] GC(59) Weak Processing 0.434ms
[30.928s][debug][gc,age         ] GC(59) Desired survivor size 219676672 bytes, new threshold 15 (max threshold 15)
[30.928s][info ][gc,heap        ] GC(59) PSYoungGen: 1733840K(1875968K)->82816K(1867776K) Eden: 1646592K(1646592K)->0K(1646592K) From: 87248K(229376K)->82816K(221184K)
[30.928s][info ][gc,heap        ] GC(59) ParOldGen: 508803K(550912K)->513995K(550912K)
[30.928s][info ][gc,metaspace   ] GC(59) Metaspace: 73366K(74112K)->73366K(74112K) NonClass: 62759K(63168K)->62759K(63168K) Class: 10607K(10944K)->10607K(10944K)
[30.928s][info ][gc             ] GC(59) Pause Young (GCLocker Initiated GC) 2190M->582M(2362M) 29.851ms
[30.928s][info ][gc,cpu         ] GC(59) User=0.12s Sys=0.00s Real=0.03s
[30.928s][info ][safepoint      ] Safepoint "ParallelGCSystemGC", Time since last: 239204 ns, Reaching safepoint: 298005 ns, At safepoint: 29964977 ns, Total: 30262982 ns
[31.376s][info ][safepoint      ] Safepoint "ParallelGCFailedAllocation", Time since last: 447214223 ns, Reaching safepoint: 437307 ns, At safepoint: 33600 ns, Total: 470907 ns
[31.376s][info ][gc,start       ] GC(60) Pause Young (GCLocker Initiated GC)
[31.404s][debug][gc,phases      ] GC(60) Scavenge 28.616ms
[31.404s][debug][gc,ref         ] GC(60) Skipped phase 1 of Reference Processing: no references
[31.404s][debug][gc,ref         ] GC(60) ReferenceProcessor::execute queues: 1, RefProcThreadModel::Single, marks_oops_alive: false
[31.405s][debug][gc,ref         ] GC(60) Skipped phase 3 of Reference Processing: no references
[31.405s][debug][gc,ref         ] GC(60) ReferenceProcessor::execute queues: 1, RefProcThreadModel::Single, marks_oops_alive: false
[31.405s][debug][gc,phases      ] GC(60) Reference Processing 0.174ms
[31.405s][debug][gc,phases      ] GC(60)   VM Weak                        Min:  0.0, Avg:  0.0, Max:  0.0, Diff:  0.0, Sum:  0.0, Workers: 4
[31.405s][debug][gc,phases      ] GC(60)     Dead                           Min: 0, Avg:  0.0, Max: 0, Diff: 0, Sum: 0, Workers: 4
[31.405s][debug][gc,phases      ] GC(60)     Total                          Min: 0, Avg: 156.2, Max: 448, Diff: 448, Sum: 625, Workers: 4
[31.405s][debug][gc,phases      ] GC(60)   ObjectSynchronizer Weak        Min:  0.0, Avg:  0.0, Max:  0.0, Diff:  0.0, Sum:  0.0, Workers: 4
[31.405s][debug][gc,phases      ] GC(60)     Dead                           Min: 0, Avg:  0.0, Max: 0, Diff: 0, Sum: 0, Workers: 4
[31.405s][debug][gc,phases      ] GC(60)     Total                          Min: 0, Avg: 87.5, Max: 158, Diff: 158, Sum: 350, Workers: 4
[31.405s][debug][gc,phases      ] GC(60)   JVMTI Tag Weak OopStorage      Min:  0.0, Avg:  0.0, Max:  0.0, Diff:  0.0, Sum:  0.0, Workers: 4
[31.405s][debug][gc,phases      ] GC(60)     Dead                           Min: 0, Avg:  0.0, Max: 0, Diff: 0, Sum: 0, Workers: 4
[31.405s][debug][gc,phases      ] GC(60)     Total                          Min: 0, Avg:  0.0, Max: 0, Diff: 0, Sum: 0, Workers: 4
[31.405s][debug][gc,phases      ] GC(60)   StringTable Weak               Min:  0.1, Avg:  0.1, Max:  0.1, Diff:  0.0, Sum:  0.5, Workers: 4
[31.405s][debug][gc,phases      ] GC(60)     Dead                           Min: 0, Avg:  0.2, Max: 1, Diff: 1, Sum: 1, Workers: 4
[31.405s][debug][gc,phases      ] GC(60)     Total                          Min: 10496, Avg: 11447.0, Max: 12764, Diff: 2268, Sum: 45788, Workers: 4
[31.405s][debug][gc,phases      ] GC(60)   ResolvedMethodTable Weak       Min:  0.0, Avg:  0.0, Max:  0.0, Diff:  0.0, Sum:  0.1, Workers: 4
[31.405s][debug][gc,phases      ] GC(60)     Dead                           Min: 0, Avg:  0.2, Max: 1, Diff: 1, Sum: 1, Workers: 4
[31.405s][debug][gc,phases      ] GC(60)     Total                          Min: 1664, Avg: 1893.0, Max: 2047, Diff: 383, Sum: 7572, Workers: 4
[31.405s][debug][gc,phases      ] GC(60)   JNI Weak                       Min:  0.0, Avg:  0.0, Max:  0.0, Diff:  0.0, Sum:  0.0, Workers: 4
[31.405s][debug][gc,phases      ] GC(60)     Dead                           Min: 0, Avg:  0.0, Max: 0, Diff: 0, Sum: 0, Workers: 4
[31.405s][debug][gc,phases      ] GC(60)     Total                          Min: 0, Avg:  0.8, Max: 3, Diff: 3, Sum: 3, Workers: 4
[31.405s][debug][gc,phases      ] GC(60)   StringDedup Table Weak         Min:  0.0, Avg:  0.0, Max:  0.0, Diff:  0.0, Sum:  0.0, Workers: 4
[31.405s][debug][gc,phases      ] GC(60)     Dead                           Min: 0, Avg:  0.0, Max: 0, Diff: 0, Sum: 0, Workers: 4
[31.405s][debug][gc,phases      ] GC(60)     Total                          Min: 0, Avg:  0.0, Max: 0, Diff: 0, Sum: 0, Workers: 4
[31.405s][debug][gc,phases      ] GC(60)   StringDedup Requests0 Weak     Min:  0.0, Avg:  0.0, Max:  0.0, Diff:  0.0, Sum:  0.0, Workers: 4
[31.405s][debug][gc,phases      ] GC(60)     Dead                           Min: 0, Avg:  0.0, Max: 0, Diff: 0, Sum: 0, Workers: 4
[31.405s][debug][gc,phases      ] GC(60)     Total                          Min: 0, Avg:  0.0, Max: 0, Diff: 0, Sum: 0, Workers: 4
[31.405s][debug][gc,phases      ] GC(60)   StringDedup Requests1 Weak     Min:  0.0, Avg:  0.0, Max:  0.0, Diff:  0.0, Sum:  0.0, Workers: 4
[31.405s][debug][gc,phases      ] GC(60)     Dead                           Min: 0, Avg:  0.0, Max: 0, Diff: 0, Sum: 0, Workers: 4
[31.405s][debug][gc,phases      ] GC(60)     Total                          Min: 0, Avg:  0.0, Max: 0, Diff: 0, Sum: 0, Workers: 4
[31.405s][debug][gc,phases      ] GC(60)   Weak JFR Old Object Samples    Min:  0.0, Avg:  0.0, Max:  0.0, Diff:  0.0, Sum:  0.0, Workers: 4
[31.405s][debug][gc,phases      ] GC(60)     Dead                           Min: 0, Avg:  0.0, Max: 0, Diff: 0, Sum: 0, Workers: 4
[31.405s][debug][gc,phases      ] GC(60)     Total                          Min: 0, Avg:  0.0, Max: 0, Diff: 0, Sum: 0, Workers: 4
[31.405s][debug][gc,phases      ] GC(60) Weak Processing 0.359ms
[31.405s][debug][gc,age         ] GC(60) Desired survivor size 212860928 bytes, new threshold 15 (max threshold 15)
[31.405s][info ][gc,heap        ] GC(60) PSYoungGen: 1729408K(1867776K)->81781K(1889280K) Eden: 1646592K(1646592K)->0K(1674752K) From: 82816K(221184K)->81781K(214528K)
[31.405s][info ][gc,heap        ] GC(60) ParOldGen: 513997K(550912K)->518058K(550912K)
[31.405s][info ][gc,metaspace   ] GC(60) Metaspace: 75920K(76736K)->75920K(76736K) NonClass: 64978K(65408K)->64978K(65408K) Class: 10942K(11328K)->10942K(11328K)
[31.405s][info ][gc             ] GC(60) Pause Young (GCLocker Initiated GC) 2190M->585M(2383M) 29.277ms
[31.405s][info ][gc,cpu         ] GC(60) User=0.12s Sys=0.00s Real=0.03s
[31.405s][info ][safepoint      ] Safepoint "ParallelGCSystemGC", Time since last: 70201 ns, Reaching safepoint: 100902 ns, At safepoint: 29384868 ns, Total: 29485770 ns
[31.839s][info ][gc,start       ] GC(61) Pause Young (Allocation Failure)
[31.865s][debug][gc,phases      ] GC(61) Scavenge 26.361ms
[31.865s][debug][gc,ref         ] GC(61) Skipped phase 1 of Reference Processing: no references
[31.865s][debug][gc,ref         ] GC(61) ReferenceProcessor::execute queues: 1, RefProcThreadModel::Single, marks_oops_alive: false
[31.865s][debug][gc,ref         ] GC(61) Skipped phase 3 of Reference Processing: no references
[31.865s][debug][gc,ref         ] GC(61) ReferenceProcessor::execute queues: 1, RefProcThreadModel::Single, marks_oops_alive: false
[31.865s][debug][gc,phases      ] GC(61) Reference Processing 0.191ms
[31.866s][debug][gc,phases      ] GC(61)   VM Weak                        Min:  0.0, Avg:  0.0, Max:  0.0, Diff:  0.0, Sum:  0.0, Workers: 4
[31.866s][debug][gc,phases      ] GC(61)     Dead                           Min: 0, Avg:  0.0, Max: 0, Diff: 0, Sum: 0, Workers: 4
[31.866s][debug][gc,phases      ] GC(61)     Total                          Min: 0, Avg: 157.2, Max: 576, Diff: 576, Sum: 629, Workers: 4
[31.866s][debug][gc,phases      ] GC(61)   ObjectSynchronizer Weak        Min:  0.0, Avg:  0.0, Max:  0.0, Diff:  0.0, Sum:  0.0, Workers: 4
[31.866s][debug][gc,phases      ] GC(61)     Dead                           Min: 0, Avg:  0.0, Max: 0, Diff: 0, Sum: 0, Workers: 4
[31.866s][debug][gc,phases      ] GC(61)     Total                          Min: 0, Avg: 87.5, Max: 350, Diff: 350, Sum: 350, Workers: 4
[31.866s][debug][gc,phases      ] GC(61)   JVMTI Tag Weak OopStorage      Min:  0.0, Avg:  0.0, Max:  0.0, Diff:  0.0, Sum:  0.0, Workers: 4
[31.866s][debug][gc,phases      ] GC(61)     Dead                           Min: 0, Avg:  0.0, Max: 0, Diff: 0, Sum: 0, Workers: 4
[31.866s][debug][gc,phases      ] GC(61)     Total                          Min: 0, Avg:  0.0, Max: 0, Diff: 0, Sum: 0, Workers: 4
[31.866s][debug][gc,phases      ] GC(61)   StringTable Weak               Min:  0.1, Avg:  0.1, Max:  0.2, Diff:  0.0, Sum:  0.6, Workers: 4
[31.866s][debug][gc,phases      ] GC(61)     Dead                           Min: 0, Avg:  0.8, Max: 2, Diff: 2, Sum: 3, Workers: 4
[31.866s][debug][gc,phases      ] GC(61)     Total                          Min: 10880, Avg: 11522.8, Max: 13056, Diff: 2176, Sum: 46091, Workers: 4
[31.866s][debug][gc,phases      ] GC(61)   ResolvedMethodTable Weak       Min:  0.0, Avg:  0.0, Max:  0.0, Diff:  0.0, Sum:  0.1, Workers: 4
[31.866s][debug][gc,phases      ] GC(61)     Dead                           Min: 0, Avg:  7.8, Max: 27, Diff: 27, Sum: 31, Workers: 4
[31.866s][debug][gc,phases      ] GC(61)     Total                          Min: 1600, Avg: 1904.0, Max: 2176, Diff: 576, Sum: 7616, Workers: 4
[31.866s][debug][gc,phases      ] GC(61)   JNI Weak                       Min:  0.0, Avg:  0.0, Max:  0.0, Diff:  0.0, Sum:  0.0, Workers: 4
[31.866s][debug][gc,phases      ] GC(61)     Dead                           Min: 0, Avg:  0.0, Max: 0, Diff: 0, Sum: 0, Workers: 4
[31.866s][debug][gc,phases      ] GC(61)     Total                          Min: 0, Avg:  0.0, Max: 0, Diff: 0, Sum: 0, Workers: 4
[31.866s][debug][gc,phases      ] GC(61)   StringDedup Table Weak         Min:  0.0, Avg:  0.0, Max:  0.0, Diff:  0.0, Sum:  0.0, Workers: 4
[31.866s][debug][gc,phases      ] GC(61)     Dead                           Min: 0, Avg:  0.0, Max: 0, Diff: 0, Sum: 0, Workers: 4
[31.866s][debug][gc,phases      ] GC(61)     Total                          Min: 0, Avg:  0.0, Max: 0, Diff: 0, Sum: 0, Workers: 4
[31.866s][debug][gc,phases      ] GC(61)   StringDedup Requests0 Weak     Min:  0.0, Avg:  0.0, Max:  0.0, Diff:  0.0, Sum:  0.0, Workers: 4
[31.866s][debug][gc,phases      ] GC(61)     Dead                           Min: 0, Avg:  0.0, Max: 0, Diff: 0, Sum: 0, Workers: 4
[31.866s][debug][gc,phases      ] GC(61)     Total                          Min: 0, Avg:  0.0, Max: 0, Diff: 0, Sum: 0, Workers: 4
[31.866s][debug][gc,phases      ] GC(61)   StringDedup Requests1 Weak     Min:  0.0, Avg:  0.0, Max:  0.0, Diff:  0.0, Sum:  0.0, Workers: 4
[31.866s][debug][gc,phases      ] GC(61)     Dead                           Min: 0, Avg:  0.0, Max: 0, Diff: 0, Sum: 0, Workers: 4
[31.866s][debug][gc,phases      ] GC(61)     Total                          Min: 0, Avg:  0.0, Max: 0, Diff: 0, Sum: 0, Workers: 4
[31.866s][debug][gc,phases      ] GC(61)   Weak JFR Old Object Samples    Min:  0.0, Avg:  0.0, Max:  0.0, Diff:  0.0, Sum:  0.0, Workers: 4
[31.866s][debug][gc,phases      ] GC(61)     Dead                           Min: 0, Avg:  0.0, Max: 0, Diff: 0, Sum: 0, Workers: 4
[31.866s][debug][gc,phases      ] GC(61)     Total                          Min: 0, Avg:  0.0, Max: 0, Diff: 0, Sum: 0, Workers: 4
[31.866s][debug][gc,phases      ] GC(61) Weak Processing 0.389ms
[31.866s][debug][gc,age         ] GC(61) Desired survivor size 206569472 bytes, new threshold 15 (max threshold 15)
[31.866s][info ][gc,heap        ] GC(61) PSYoungGen: 1756533K(1889280K)->76506K(1882624K) Eden: 1674752K(1674752K)->0K(1674752K) From: 81781K(214528K)->76506K(207872K)
[31.866s][info ][gc,heap        ] GC(61) ParOldGen: 518060K(550912K)->525276K(550912K)
[31.866s][info ][gc,metaspace   ] GC(61) Metaspace: 77232K(78016K)->77232K(78016K) NonClass: 66132K(66560K)->66132K(66560K) Class: 11100K(11456K)->11100K(11456K)
[31.866s][info ][gc             ] GC(61) Pause Young (Allocation Failure) 2221M->587M(2376M) 27.084ms
[31.866s][info ][gc,cpu         ] GC(61) User=0.10s Sys=0.00s Real=0.03s
[31.866s][info ][safepoint      ] Safepoint "ParallelGCFailedAllocation", Time since last: 433387602 ns, Reaching safepoint: 211203 ns, At safepoint: 27196934 ns, Total: 27408137 ns
[32.300s][info ][gc,start       ] GC(62) Pause Young (Allocation Failure)
[32.334s][debug][gc,phases      ] GC(62) Scavenge 33.859ms
[32.334s][debug][gc,ref         ] GC(62) Skipped phase 1 of Reference Processing: no references
[32.334s][debug][gc,ref         ] GC(62) ReferenceProcessor::execute queues: 1, RefProcThreadModel::Single, marks_oops_alive: false
[32.334s][debug][gc,ref         ] GC(62) Skipped phase 3 of Reference Processing: no references
[32.334s][debug][gc,ref         ] GC(62) ReferenceProcessor::execute queues: 1, RefProcThreadModel::Single, marks_oops_alive: false
[32.334s][debug][gc,phases      ] GC(62) Reference Processing 0.200ms
[32.334s][debug][gc,phases      ] GC(62)   VM Weak                        Min:  0.0, Avg:  0.0, Max:  0.0, Diff:  0.0, Sum:  0.0, Workers: 4
[32.334s][debug][gc,phases      ] GC(62)     Dead                           Min: 0, Avg:  0.0, Max: 0, Diff: 0, Sum: 0, Workers: 4
[32.334s][debug][gc,phases      ] GC(62)     Total                          Min: 0, Avg: 157.5, Max: 566, Diff: 566, Sum: 630, Workers: 4
[32.334s][debug][gc,phases      ] GC(62)   ObjectSynchronizer Weak        Min:  0.0, Avg:  0.0, Max:  0.0, Diff:  0.0, Sum:  0.0, Workers: 4
[32.334s][debug][gc,phases      ] GC(62)     Dead                           Min: 0, Avg:  0.0, Max: 0, Diff: 0, Sum: 0, Workers: 4
[32.334s][debug][gc,phases      ] GC(62)     Total                          Min: 0, Avg: 87.5, Max: 256, Diff: 256, Sum: 350, Workers: 4
[32.334s][debug][gc,phases      ] GC(62)   JVMTI Tag Weak OopStorage      Min:  0.0, Avg:  0.0, Max:  0.0, Diff:  0.0, Sum:  0.0, Workers: 4
[32.334s][debug][gc,phases      ] GC(62)     Dead                           Min: 0, Avg:  0.0, Max: 0, Diff: 0, Sum: 0, Workers: 4
[32.334s][debug][gc,phases      ] GC(62)     Total                          Min: 0, Avg:  0.0, Max: 0, Diff: 0, Sum: 0, Workers: 4
[32.334s][debug][gc,phases      ] GC(62)   StringTable Weak               Min:  0.2, Avg:  0.2, Max:  0.2, Diff:  0.0, Sum:  0.6, Workers: 4
[32.334s][debug][gc,phases      ] GC(62)     Dead                           Min: 0, Avg:  0.2, Max: 1, Diff: 1, Sum: 1, Workers: 4
[32.334s][debug][gc,phases      ] GC(62)     Total                          Min: 9600, Avg: 11549.8, Max: 12480, Diff: 2880, Sum: 46199, Workers: 4
[32.334s][debug][gc,phases      ] GC(62)   ResolvedMethodTable Weak       Min:  0.0, Avg:  0.0, Max:  0.0, Diff:  0.0, Sum:  0.1, Workers: 4
[32.334s][debug][gc,phases      ] GC(62)     Dead                           Min: 0, Avg:  4.5, Max: 18, Diff: 18, Sum: 18, Workers: 4
[32.334s][debug][gc,phases      ] GC(62)     Total                          Min: 1722, Avg: 1917.5, Max: 2174, Diff: 452, Sum: 7670, Workers: 4
[32.334s][debug][gc,phases      ] GC(62)   JNI Weak                       Min:  0.0, Avg:  0.0, Max:  0.0, Diff:  0.0, Sum:  0.0, Workers: 4
[32.334s][debug][gc,phases      ] GC(62)     Dead                           Min: 0, Avg:  0.0, Max: 0, Diff: 0, Sum: 0, Workers: 4
[32.334s][debug][gc,phases      ] GC(62)     Total                          Min: 0, Avg:  2.0, Max: 8, Diff: 8, Sum: 8, Workers: 4
[32.334s][debug][gc,phases      ] GC(62)   StringDedup Table Weak         Min:  0.0, Avg:  0.0, Max:  0.0, Diff:  0.0, Sum:  0.0, Workers: 4
[32.334s][debug][gc,phases      ] GC(62)     Dead                           Min: 0, Avg:  0.0, Max: 0, Diff: 0, Sum: 0, Workers: 4
[32.334s][debug][gc,phases      ] GC(62)     Total                          Min: 0, Avg:  0.0, Max: 0, Diff: 0, Sum: 0, Workers: 4
[32.334s][debug][gc,phases      ] GC(62)   StringDedup Requests0 Weak     Min:  0.0, Avg:  0.0, Max:  0.0, Diff:  0.0, Sum:  0.0, Workers: 4
[32.334s][debug][gc,phases      ] GC(62)     Dead                           Min: 0, Avg:  0.0, Max: 0, Diff: 0, Sum: 0, Workers: 4
[32.334s][debug][gc,phases      ] GC(62)     Total                          Min: 0, Avg:  0.0, Max: 0, Diff: 0, Sum: 0, Workers: 4
[32.334s][debug][gc,phases      ] GC(62)   StringDedup Requests1 Weak     Min:  0.0, Avg:  0.0, Max:  0.0, Diff:  0.0, Sum:  0.0, Workers: 4
[32.334s][debug][gc,phases      ] GC(62)     Dead                           Min: 0, Avg:  0.0, Max: 0, Diff: 0, Sum: 0, Workers: 4
[32.334s][debug][gc,phases      ] GC(62)     Total                          Min: 0, Avg:  0.0, Max: 0, Diff: 0, Sum: 0, Workers: 4
[32.334s][debug][gc,phases      ] GC(62)   Weak JFR Old Object Samples    Min:  0.0, Avg:  0.0, Max:  0.0, Diff:  0.0, Sum:  0.0, Workers: 4
[32.334s][debug][gc,phases      ] GC(62)     Dead                           Min: 0, Avg:  0.0, Max: 0, Diff: 0, Sum: 0, Workers: 4
[32.334s][debug][gc,phases      ] GC(62)     Total                          Min: 0, Avg:  0.0, Max: 0, Diff: 0, Sum: 0, Workers: 4
[32.334s][debug][gc,phases      ] GC(62) Weak Processing 0.403ms
[32.334s][debug][gc,age         ] GC(62) Desired survivor size 201850880 bytes, new threshold 15 (max threshold 15)
[32.334s][info ][gc,heap        ] GC(62) PSYoungGen: 1751258K(1882624K)->68997K(1900032K) Eden: 1674752K(1674752K)->0K(1698304K) From: 76506K(207872K)->68997K(201728K)
[32.334s][info ][gc,heap        ] GC(62) ParOldGen: 525276K(550912K)->534861K(550912K)
[32.334s][info ][gc,metaspace   ] GC(62) Metaspace: 77516K(78272K)->77516K(78272K) NonClass: 66380K(66752K)->66380K(66752K) Class: 11135K(11520K)->11135K(11520K)
[32.334s][info ][gc             ] GC(62) Pause Young (Allocation Failure) 2223M->589M(2393M) 34.618ms
[32.334s][info ][gc,cpu         ] GC(62) User=0.16s Sys=0.00s Real=0.04s
[32.334s][debug][gc,phases      ] GC(63) Pre Compact 0.012ms
[32.334s][info ][gc,start       ] GC(63) Pause Full (Ergonomics)
[32.334s][info ][gc,phases,start] GC(63) Marking Phase
[32.458s][debug][gc,phases      ] GC(63) Par Mark 123.463ms
[32.458s][debug][gc,ref         ] GC(63) Skipped phase 1 of Reference Processing: no references
[32.458s][debug][gc,ref         ] GC(63) ReferenceProcessor::execute queues: 4, RefProcThreadModel::Multi, marks_oops_alive: false
[32.459s][debug][gc,ref         ] GC(63) Skipped phase 3 of Reference Processing: no references
[32.459s][debug][gc,ref         ] GC(63) ReferenceProcessor::execute queues: 1, RefProcThreadModel::Single, marks_oops_alive: false
[32.459s][debug][gc,phases      ] GC(63) Reference Processing 0.542ms
[32.459s][debug][gc,phases      ] GC(63)   VM Weak                        Min:  0.0, Avg:  0.0, Max:  0.0, Diff:  0.0, Sum:  0.0, Workers: 4
[32.459s][debug][gc,phases      ] GC(63)     Dead                           Min: 0, Avg:  0.0, Max: 0, Diff: 0, Sum: 0, Workers: 4
[32.459s][debug][gc,phases      ] GC(63)     Total                          Min: 0, Avg: 157.5, Max: 320, Diff: 320, Sum: 630, Workers: 4
[32.459s][debug][gc,phases      ] GC(63)   ObjectSynchronizer Weak        Min:  0.0, Avg:  0.0, Max:  0.0, Diff:  0.0, Sum:  0.0, Workers: 4
[32.459s][debug][gc,phases      ] GC(63)     Dead                           Min: 0, Avg:  0.0, Max: 0, Diff: 0, Sum: 0, Workers: 4
[32.459s][debug][gc,phases      ] GC(63)     Total                          Min: 0, Avg: 87.5, Max: 158, Diff: 158, Sum: 350, Workers: 4
[32.459s][debug][gc,phases      ] GC(63)   JVMTI Tag Weak OopStorage      Min:  0.0, Avg:  0.0, Max:  0.0, Diff:  0.0, Sum:  0.0, Workers: 4
[32.459s][debug][gc,phases      ] GC(63)     Dead                           Min: 0, Avg:  0.0, Max: 0, Diff: 0, Sum: 0, Workers: 4
[32.459s][debug][gc,phases      ] GC(63)     Total                          Min: 0, Avg:  0.0, Max: 0, Diff: 0, Sum: 0, Workers: 4
[32.459s][debug][gc,phases      ] GC(63)   StringTable Weak               Min:  0.2, Avg:  0.2, Max:  0.2, Diff:  0.0, Sum:  0.6, Workers: 4
[32.459s][debug][gc,phases      ] GC(63)     Dead                           Min: 0, Avg:  0.0, Max: 0, Diff: 0, Sum: 0, Workers: 4
[32.459s][debug][gc,phases      ] GC(63)     Total                          Min: 10112, Avg: 11549.8, Max: 12288, Diff: 2176, Sum: 46199, Workers: 4
[32.459s][debug][gc,phases      ] GC(63)   ResolvedMethodTable Weak       Min:  0.0, Avg:  0.0, Max:  0.0, Diff:  0.0, Sum:  0.1, Workers: 4
[32.459s][debug][gc,phases      ] GC(63)     Dead                           Min: 0, Avg:  0.0, Max: 0, Diff: 0, Sum: 0, Workers: 4
[32.459s][debug][gc,phases      ] GC(63)     Total                          Min: 1599, Avg: 1917.5, Max: 2107, Diff: 508, Sum: 7670, Workers: 4
[32.459s][debug][gc,phases      ] GC(63)   JNI Weak                       Min:  0.0, Avg:  0.0, Max:  0.0, Diff:  0.0, Sum:  0.0, Workers: 4
[32.459s][debug][gc,phases      ] GC(63)     Dead                           Min: 0, Avg:  0.0, Max: 0, Diff: 0, Sum: 0, Workers: 4
[32.459s][debug][gc,phases      ] GC(63)     Total                          Min: 0, Avg:  2.0, Max: 8, Diff: 8, Sum: 8, Workers: 4
[32.459s][debug][gc,phases      ] GC(63)   StringDedup Table Weak         Min:  0.0, Avg:  0.0, Max:  0.0, Diff:  0.0, Sum:  0.0, Workers: 4
[32.459s][debug][gc,phases      ] GC(63)     Dead                           Min: 0, Avg:  0.0, Max: 0, Diff: 0, Sum: 0, Workers: 4
[32.459s][debug][gc,phases      ] GC(63)     Total                          Min: 0, Avg:  0.0, Max: 0, Diff: 0, Sum: 0, Workers: 4
[32.459s][debug][gc,phases      ] GC(63)   StringDedup Requests0 Weak     Min:  0.0, Avg:  0.0, Max:  0.0, Diff:  0.0, Sum:  0.0, Workers: 4
[32.459s][debug][gc,phases      ] GC(63)     Dead                           Min: 0, Avg:  0.0, Max: 0, Diff: 0, Sum: 0, Workers: 4
[32.459s][debug][gc,phases      ] GC(63)     Total                          Min: 0, Avg:  0.0, Max: 0, Diff: 0, Sum: 0, Workers: 4
[32.459s][debug][gc,phases      ] GC(63)   StringDedup Requests1 Weak     Min:  0.0, Avg:  0.0, Max:  0.0, Diff:  0.0, Sum:  0.0, Workers: 4
[32.459s][debug][gc,phases      ] GC(63)     Dead                           Min: 0, Avg:  0.0, Max: 0, Diff: 0, Sum: 0, Workers: 4
[32.459s][debug][gc,phases      ] GC(63)     Total                          Min: 0, Avg:  0.0, Max: 0, Diff: 0, Sum: 0, Workers: 4
[32.459s][debug][gc,phases      ] GC(63)   Weak JFR Old Object Samples    Min:  0.0, Avg:  0.0, Max:  0.0, Diff:  0.0, Sum:  0.0, Workers: 4
[32.459s][debug][gc,phases      ] GC(63)     Dead                           Min: 0, Avg:  0.0, Max: 0, Diff: 0, Sum: 0, Workers: 4
[32.459s][debug][gc,phases      ] GC(63)     Total                          Min: 0, Avg:  0.0, Max: 0, Diff: 0, Sum: 0, Workers: 4
[32.459s][debug][gc,phases      ] GC(63) Weak Processing 0.385ms
[32.459s][debug][gc,phases      ] GC(63) ClassLoaderData 0.085ms
[32.459s][debug][gc,phases      ] GC(63) Trigger cleanups 0.000ms
[32.472s][debug][gc,phases      ] GC(63) Class Unloading 12.717ms
[32.472s][info ][gc,phases      ] GC(63) Marking Phase 137.306ms
[32.472s][info ][gc,phases,start] GC(63) Summary Phase
[32.472s][info ][gc,phases      ] GC(63) Summary Phase 0.020ms
[32.472s][info ][gc,phases,start] GC(63) Adjust Roots
[32.483s][info ][gc,phases      ] GC(63) Adjust Roots 11.420ms
[32.483s][info ][gc,phases,start] GC(63) Compaction Phase
[32.642s][info ][gc,phases      ] GC(63) Compaction Phase 159.045ms
[32.642s][info ][gc,phases,start] GC(63) Post Compact
[32.646s][info ][gc,phases      ] GC(63) Post Compact 3.801ms
[32.647s][info ][gc,heap        ] GC(63) PSYoungGen: 68997K(1900032K)->0K(1895424K) Eden: 0K(1698304K)->0K(1698304K) From: 68997K(201728K)->0K(197120K)
[32.647s][info ][gc,heap        ] GC(63) ParOldGen: 534861K(550912K)->388521K(461312K)
[32.647s][info ][gc,metaspace   ] GC(63) Metaspace: 77516K(78272K)->77516K(78272K) NonClass: 66380K(66752K)->66380K(66752K) Class: 11135K(11520K)->11135K(11520K)
[32.647s][info ][gc             ] GC(63) Pause Full (Ergonomics) 589M->379M(2301M) 312.251ms
[32.647s][info ][gc,cpu         ] GC(63) User=1.38s Sys=0.01s Real=0.31s
[32.687s][info ][safepoint      ] Safepoint "ParallelGCFailedAllocation", Time since last: 433656805 ns, Reaching safepoint: 246504 ns, At safepoint: 387391469 ns, Total: 387637973 ns
[33.206s][info ][gc,start       ] GC(64) Pause Young (Allocation Failure)
[33.218s][debug][gc,phases      ] GC(64) Scavenge 11.809ms
[33.218s][debug][gc,ref         ] GC(64) Skipped phase 1 of Reference Processing: no references
[33.218s][debug][gc,ref         ] GC(64) ReferenceProcessor::execute queues: 1, RefProcThreadModel::Single, marks_oops_alive: false
[33.218s][debug][gc,ref         ] GC(64) Skipped phase 3 of Reference Processing: no references
[33.218s][debug][gc,ref         ] GC(64) ReferenceProcessor::execute queues: 1, RefProcThreadModel::Single, marks_oops_alive: false
[33.218s][debug][gc,phases      ] GC(64) Reference Processing 0.141ms
[33.219s][debug][gc,phases      ] GC(64)   VM Weak                        Min:  0.0, Avg:  0.0, Max:  0.0, Diff:  0.0, Sum:  0.0, Workers: 4
[33.219s][debug][gc,phases      ] GC(64)     Dead                           Min: 0, Avg:  0.0, Max: 0, Diff: 0, Sum: 0, Workers: 4
[33.219s][debug][gc,phases      ] GC(64)     Total                          Min: 0, Avg: 159.5, Max: 638, Diff: 638, Sum: 638, Workers: 4
[33.219s][debug][gc,phases      ] GC(64)   ObjectSynchronizer Weak        Min:  0.0, Avg:  0.0, Max:  0.0, Diff:  0.0, Sum:  0.0, Workers: 4
[33.219s][debug][gc,phases      ] GC(64)     Dead                           Min: 0, Avg:  0.0, Max: 0, Diff: 0, Sum: 0, Workers: 4
[33.219s][debug][gc,phases      ] GC(64)     Total                          Min: 0, Avg: 87.8, Max: 351, Diff: 351, Sum: 351, Workers: 4
[33.219s][debug][gc,phases      ] GC(64)   JVMTI Tag Weak OopStorage      Min:  0.0, Avg:  0.0, Max:  0.0, Diff:  0.0, Sum:  0.0, Workers: 4
[33.219s][debug][gc,phases      ] GC(64)     Dead                           Min: 0, Avg:  0.0, Max: 0, Diff: 0, Sum: 0, Workers: 4
[33.219s][debug][gc,phases      ] GC(64)     Total                          Min: 0, Avg:  0.0, Max: 0, Diff: 0, Sum: 0, Workers: 4
[33.219s][debug][gc,phases      ] GC(64)   StringTable Weak               Min:  0.0, Avg:  0.1, Max:  0.2, Diff:  0.2, Sum:  0.5, Workers: 4
[33.219s][debug][gc,phases      ] GC(64)     Dead                           Min: 0, Avg:  0.5, Max: 1, Diff: 1, Sum: 2, Workers: 4
[33.219s][debug][gc,phases      ] GC(64)     Total                          Min: 0, Avg: 11577.0, Max: 16064, Diff: 16064, Sum: 46308, Workers: 4
[33.219s][debug][gc,phases      ] GC(64)   ResolvedMethodTable Weak       Min:  0.0, Avg:  0.0, Max:  0.0, Diff:  0.0, Sum:  0.1, Workers: 4
[33.219s][debug][gc,phases      ] GC(64)     Dead                           Min: 0, Avg:  5.0, Max: 20, Diff: 20, Sum: 20, Workers: 4
[33.219s][debug][gc,phases      ] GC(64)     Total                          Min: 0, Avg: 1932.5, Max: 2806, Diff: 2806, Sum: 7730, Workers: 4
[33.219s][debug][gc,phases      ] GC(64)   JNI Weak                       Min:  0.0, Avg:  0.0, Max:  0.0, Diff:  0.0, Sum:  0.0, Workers: 4
[33.219s][debug][gc,phases      ] GC(64)     Dead                           Min: 0, Avg:  0.0, Max: 0, Diff: 0, Sum: 0, Workers: 4
[33.219s][debug][gc,phases      ] GC(64)     Total                          Min: 0, Avg:  4.2, Max: 17, Diff: 17, Sum: 17, Workers: 4
[33.219s][debug][gc,phases      ] GC(64)   StringDedup Table Weak         Min:  0.0, Avg:  0.0, Max:  0.0, Diff:  0.0, Sum:  0.0, Workers: 4
[33.219s][debug][gc,phases      ] GC(64)     Dead                           Min: 0, Avg:  0.0, Max: 0, Diff: 0, Sum: 0, Workers: 4
[33.219s][debug][gc,phases      ] GC(64)     Total                          Min: 0, Avg:  0.0, Max: 0, Diff: 0, Sum: 0, Workers: 4
[33.219s][debug][gc,phases      ] GC(64)   StringDedup Requests0 Weak     Min:  0.0, Avg:  0.0, Max:  0.0, Diff:  0.0, Sum:  0.0, Workers: 4
[33.219s][debug][gc,phases      ] GC(64)     Dead                           Min: 0, Avg:  0.0, Max: 0, Diff: 0, Sum: 0, Workers: 4
[33.219s][debug][gc,phases      ] GC(64)     Total                          Min: 0, Avg:  0.0, Max: 0, Diff: 0, Sum: 0, Workers: 4
[33.219s][debug][gc,phases      ] GC(64)   StringDedup Requests1 Weak     Min:  0.0, Avg:  0.0, Max:  0.0, Diff:  0.0, Sum:  0.0, Workers: 4
[33.219s][debug][gc,phases      ] GC(64)     Dead                           Min: 0, Avg:  0.0, Max: 0, Diff: 0, Sum: 0, Workers: 4
[33.219s][debug][gc,phases      ] GC(64)     Total                          Min: 0, Avg:  0.0, Max: 0, Diff: 0, Sum: 0, Workers: 4
[33.219s][debug][gc,phases      ] GC(64)   Weak JFR Old Object Samples    Min:  0.0, Avg:  0.0, Max:  0.0, Diff:  0.0, Sum:  0.0, Workers: 4
[33.219s][debug][gc,phases      ] GC(64)     Dead                           Min: 0, Avg:  0.0, Max: 0, Diff: 0, Sum: 0, Workers: 4
[33.219s][debug][gc,phases      ] GC(64)     Total                          Min: 0, Avg:  0.0, Max: 0, Diff: 0, Sum: 0, Workers: 4
[33.219s][debug][gc,phases      ] GC(64) Weak Processing 0.485ms
[33.219s][debug][gc,age         ] GC(64) Desired survivor size 202375168 bytes, new threshold 15 (max threshold 15)
[33.219s][info ][gc,heap        ] GC(64) PSYoungGen: 1698304K(1895424K)->35762K(1899008K) Eden: 1698304K(1698304K)->0K(1701888K) From: 0K(197120K)->35762K(197120K)
[33.219s][info ][gc,heap        ] GC(64) ParOldGen: 388521K(461312K)->388529K(461312K)
[33.219s][info ][gc,metaspace   ] GC(64) Metaspace: 77940K(78720K)->77940K(78720K) NonClass: 66742K(67136K)->66742K(67136K) Class: 11198K(11584K)->11198K(11584K)
[33.219s][info ][gc             ] GC(64) Pause Young (Allocation Failure) 2037M->414M(2305M) 12.596ms
[33.219s][info ][gc,cpu         ] GC(64) User=0.05s Sys=0.00s Real=0.01s
[33.219s][info ][safepoint      ] Safepoint "ParallelGCFailedAllocation", Time since last: 518943064 ns, Reaching safepoint: 245603 ns, At safepoint: 12722603 ns, Total: 12968206 ns
[33.632s][info ][gc,start       ] GC(65) Pause Young (Allocation Failure)
[33.645s][debug][gc,phases      ] GC(65) Scavenge 13.240ms
[33.645s][debug][gc,ref         ] GC(65) Skipped phase 1 of Reference Processing: no references
[33.645s][debug][gc,ref         ] GC(65) ReferenceProcessor::execute queues: 1, RefProcThreadModel::Single, marks_oops_alive: false
[33.645s][debug][gc,ref         ] GC(65) Skipped phase 3 of Reference Processing: no references
[33.645s][debug][gc,ref         ] GC(65) ReferenceProcessor::execute queues: 1, RefProcThreadModel::Single, marks_oops_alive: false
[33.645s][debug][gc,phases      ] GC(65) Reference Processing 0.172ms
[33.646s][debug][gc,phases      ] GC(65)   VM Weak                        Min:  0.0, Avg:  0.0, Max:  0.0, Diff:  0.0, Sum:  0.0, Workers: 4
[33.646s][debug][gc,phases      ] GC(65)     Dead                           Min: 0, Avg:  0.0, Max: 0, Diff: 0, Sum: 0, Workers: 4
[33.646s][debug][gc,phases      ] GC(65)     Total                          Min: 0, Avg: 159.5, Max: 574, Diff: 574, Sum: 638, Workers: 4
[33.646s][debug][gc,phases      ] GC(65)   ObjectSynchronizer Weak        Min:  0.0, Avg:  0.0, Max:  0.0, Diff:  0.0, Sum:  0.0, Workers: 4
[33.646s][debug][gc,phases      ] GC(65)     Dead                           Min: 0, Avg:  0.0, Max: 0, Diff: 0, Sum: 0, Workers: 4
[33.646s][debug][gc,phases      ] GC(65)     Total                          Min: 31, Avg: 87.8, Max: 128, Diff: 97, Sum: 351, Workers: 4
[33.646s][debug][gc,phases      ] GC(65)   JVMTI Tag Weak OopStorage      Min:  0.0, Avg:  0.0, Max:  0.0, Diff:  0.0, Sum:  0.0, Workers: 4
[33.646s][debug][gc,phases      ] GC(65)     Dead                           Min: 0, Avg:  0.0, Max: 0, Diff: 0, Sum: 0, Workers: 4
[33.646s][debug][gc,phases      ] GC(65)     Total                          Min: 0, Avg:  0.0, Max: 0, Diff: 0, Sum: 0, Workers: 4
[33.646s][debug][gc,phases      ] GC(65)   StringTable Weak               Min:  0.1, Avg:  0.1, Max:  0.1, Diff:  0.0, Sum:  0.5, Workers: 4
[33.646s][debug][gc,phases      ] GC(65)     Dead                           Min: 0, Avg:  0.0, Max: 0, Diff: 0, Sum: 0, Workers: 4
[33.646s][debug][gc,phases      ] GC(65)     Total                          Min: 10688, Avg: 11577.0, Max: 12964, Diff: 2276, Sum: 46308, Workers: 4
[33.646s][debug][gc,phases      ] GC(65)   ResolvedMethodTable Weak       Min:  0.0, Avg:  0.0, Max:  0.0, Diff:  0.0, Sum:  0.1, Workers: 4
[33.646s][debug][gc,phases      ] GC(65)     Dead                           Min: 0, Avg:  0.0, Max: 0, Diff: 0, Sum: 0, Workers: 4
[33.646s][debug][gc,phases      ] GC(65)     Total                          Min: 1788, Avg: 1932.5, Max: 2302, Diff: 514, Sum: 7730, Workers: 4
[33.646s][debug][gc,phases      ] GC(65)   JNI Weak                       Min:  0.0, Avg:  0.0, Max:  0.0, Diff:  0.0, Sum:  0.0, Workers: 4
[33.646s][debug][gc,phases      ] GC(65)     Dead                           Min: 0, Avg:  0.0, Max: 0, Diff: 0, Sum: 0, Workers: 4
[33.646s][debug][gc,phases      ] GC(65)     Total                          Min: 0, Avg:  3.5, Max: 14, Diff: 14, Sum: 14, Workers: 4
[33.646s][debug][gc,phases      ] GC(65)   StringDedup Table Weak         Min:  0.0, Avg:  0.0, Max:  0.0, Diff:  0.0, Sum:  0.0, Workers: 4
[33.646s][debug][gc,phases      ] GC(65)     Dead                           Min: 0, Avg:  0.0, Max: 0, Diff: 0, Sum: 0, Workers: 4
[33.646s][debug][gc,phases      ] GC(65)     Total                          Min: 0, Avg:  0.0, Max: 0, Diff: 0, Sum: 0, Workers: 4
[33.646s][debug][gc,phases      ] GC(65)   StringDedup Requests0 Weak     Min:  0.0, Avg:  0.0, Max:  0.0, Diff:  0.0, Sum:  0.0, Workers: 4
[33.646s][debug][gc,phases      ] GC(65)     Dead                           Min: 0, Avg:  0.0, Max: 0, Diff: 0, Sum: 0, Workers: 4
[33.646s][debug][gc,phases      ] GC(65)     Total                          Min: 0, Avg:  0.0, Max: 0, Diff: 0, Sum: 0, Workers: 4
[33.646s][debug][gc,phases      ] GC(65)   StringDedup Requests1 Weak     Min:  0.0, Avg:  0.0, Max:  0.0, Diff:  0.0, Sum:  0.0, Workers: 4
[33.646s][debug][gc,phases      ] GC(65)     Dead                           Min: 0, Avg:  0.0, Max: 0, Diff: 0, Sum: 0, Workers: 4
[33.646s][debug][gc,phases      ] GC(65)     Total                          Min: 0, Avg:  0.0, Max: 0, Diff: 0, Sum: 0, Workers: 4
[33.646s][debug][gc,phases      ] GC(65)   Weak JFR Old Object Samples    Min:  0.0, Avg:  0.0, Max:  0.0, Diff:  0.0, Sum:  0.0, Workers: 4
[33.646s][debug][gc,phases      ] GC(65)     Dead                           Min: 0, Avg:  0.0, Max: 0, Diff: 0, Sum: 0, Workers: 4
[33.646s][debug][gc,phases      ] GC(65)     Total                          Min: 0, Avg:  0.0, Max: 0, Diff: 0, Sum: 0, Workers: 4
[33.646s][debug][gc,phases      ] GC(65) Weak Processing 0.344ms
[33.646s][debug][gc,age         ] GC(65) Desired survivor size 199229440 bytes, new threshold 15 (max threshold 15)
[33.646s][info ][gc,heap        ] GC(65) PSYoungGen: 1737650K(1899008K)->48197K(1899520K) Eden: 1701888K(1701888K)->0K(1701888K) From: 35762K(197120K)->48197K(197632K)
[33.646s][info ][gc,heap        ] GC(65) ParOldGen: 388529K(461312K)->388529K(461312K)
[33.646s][info ][gc,metaspace   ] GC(65) Metaspace: 77944K(78720K)->77944K(78720K) NonClass: 66745K(67136K)->66745K(67136K) Class: 11198K(11584K)->11198K(11584K)
[33.646s][info ][gc             ] GC(65) Pause Young (Allocation Failure) 2076M->426M(2305M) 13.954ms
[33.646s][info ][gc,cpu         ] GC(65) User=0.06s Sys=0.00s Real=0.01s
[33.646s][info ][safepoint      ] Safepoint "ParallelGCFailedAllocation", Time since last: 412679271 ns, Reaching safepoint: 131202 ns, At safepoint: 14084424 ns, Total: 14215626 ns
[34.037s][info ][gc,start       ] GC(66) Pause Young (Allocation Failure)
[34.053s][debug][gc,phases      ] GC(66) Scavenge 15.317ms
[34.053s][debug][gc,ref         ] GC(66) Skipped phase 1 of Reference Processing: no references
[34.053s][debug][gc,ref         ] GC(66) ReferenceProcessor::execute queues: 1, RefProcThreadModel::Single, marks_oops_alive: false
[34.053s][debug][gc,ref         ] GC(66) Skipped phase 3 of Reference Processing: no references
[34.053s][debug][gc,ref         ] GC(66) ReferenceProcessor::execute queues: 1, RefProcThreadModel::Single, marks_oops_alive: false
[34.053s][debug][gc,phases      ] GC(66) Reference Processing 0.130ms
[34.053s][debug][gc,phases      ] GC(66)   VM Weak                        Min:  0.0, Avg:  0.0, Max:  0.0, Diff:  0.0, Sum:  0.0, Workers: 4
[34.053s][debug][gc,phases      ] GC(66)     Dead                           Min: 0, Avg:  0.0, Max: 0, Diff: 0, Sum: 0, Workers: 4
[34.053s][debug][gc,phases      ] GC(66)     Total                          Min: 0, Avg: 159.5, Max: 512, Diff: 512, Sum: 638, Workers: 4
[34.053s][debug][gc,phases      ] GC(66)   ObjectSynchronizer Weak        Min:  0.0, Avg:  0.0, Max:  0.0, Diff:  0.0, Sum:  0.0, Workers: 4
[34.053s][debug][gc,phases      ] GC(66)     Dead                           Min: 0, Avg:  0.0, Max: 0, Diff: 0, Sum: 0, Workers: 4
[34.053s][debug][gc,phases      ] GC(66)     Total                          Min: 0, Avg: 87.8, Max: 192, Diff: 192, Sum: 351, Workers: 4
[34.053s][debug][gc,phases      ] GC(66)   JVMTI Tag Weak OopStorage      Min:  0.0, Avg:  0.0, Max:  0.0, Diff:  0.0, Sum:  0.0, Workers: 4
[34.053s][debug][gc,phases      ] GC(66)     Dead                           Min: 0, Avg:  0.0, Max: 0, Diff: 0, Sum: 0, Workers: 4
[34.053s][debug][gc,phases      ] GC(66)     Total                          Min: 0, Avg:  0.0, Max: 0, Diff: 0, Sum: 0, Workers: 4
[34.053s][debug][gc,phases      ] GC(66)   StringTable Weak               Min:  0.1, Avg:  0.1, Max:  0.1, Diff:  0.0, Sum:  0.5, Workers: 4
[34.053s][debug][gc,phases      ] GC(66)     Dead                           Min: 0, Avg:  0.0, Max: 0, Diff: 0, Sum: 0, Workers: 4
[34.053s][debug][gc,phases      ] GC(66)     Total                          Min: 10432, Avg: 11577.0, Max: 12517, Diff: 2085, Sum: 46308, Workers: 4
[34.053s][debug][gc,phases      ] GC(66)   ResolvedMethodTable Weak       Min:  0.0, Avg:  0.0, Max:  0.0, Diff:  0.0, Sum:  0.1, Workers: 4
[34.053s][debug][gc,phases      ] GC(66)     Dead                           Min: 0, Avg:  0.0, Max: 0, Diff: 0, Sum: 0, Workers: 4
[34.053s][debug][gc,phases      ] GC(66)     Total                          Min: 1661, Avg: 1932.5, Max: 2169, Diff: 508, Sum: 7730, Workers: 4
[34.053s][debug][gc,phases      ] GC(66)   JNI Weak                       Min:  0.0, Avg:  0.0, Max:  0.0, Diff:  0.0, Sum:  0.0, Workers: 4
[34.053s][debug][gc,phases      ] GC(66)     Dead                           Min: 0, Avg:  0.0, Max: 0, Diff: 0, Sum: 0, Workers: 4
[34.053s][debug][gc,phases      ] GC(66)     Total                          Min: 0, Avg:  3.2, Max: 13, Diff: 13, Sum: 13, Workers: 4
[34.053s][debug][gc,phases      ] GC(66)   StringDedup Table Weak         Min:  0.0, Avg:  0.0, Max:  0.0, Diff:  0.0, Sum:  0.0, Workers: 4
[34.053s][debug][gc,phases      ] GC(66)     Dead                           Min: 0, Avg:  0.0, Max: 0, Diff: 0, Sum: 0, Workers: 4
[34.053s][debug][gc,phases      ] GC(66)     Total                          Min: 0, Avg:  0.0, Max: 0, Diff: 0, Sum: 0, Workers: 4
[34.053s][debug][gc,phases      ] GC(66)   StringDedup Requests0 Weak     Min:  0.0, Avg:  0.0, Max:  0.0, Diff:  0.0, Sum:  0.0, Workers: 4
[34.053s][debug][gc,phases      ] GC(66)     Dead                           Min: 0, Avg:  0.0, Max: 0, Diff: 0, Sum: 0, Workers: 4
[34.053s][debug][gc,phases      ] GC(66)     Total                          Min: 0, Avg:  0.0, Max: 0, Diff: 0, Sum: 0, Workers: 4
[34.053s][debug][gc,phases      ] GC(66)   StringDedup Requests1 Weak     Min:  0.0, Avg:  0.0, Max:  0.0, Diff:  0.0, Sum:  0.0, Workers: 4
[34.053s][debug][gc,phases      ] GC(66)     Dead                           Min: 0, Avg:  0.0, Max: 0, Diff: 0, Sum: 0, Workers: 4
[34.053s][debug][gc,phases      ] GC(66)     Total                          Min: 0, Avg:  0.0, Max: 0, Diff: 0, Sum: 0, Workers: 4
[34.053s][debug][gc,phases      ] GC(66)   Weak JFR Old Object Samples    Min:  0.0, Avg:  0.0, Max:  0.0, Diff:  0.0, Sum:  0.0, Workers: 4
[34.053s][debug][gc,phases      ] GC(66)     Dead                           Min: 0, Avg:  0.0, Max: 0, Diff: 0, Sum: 0, Workers: 4
[34.053s][debug][gc,phases      ] GC(66)     Total                          Min: 0, Avg:  0.0, Max: 0, Diff: 0, Sum: 0, Workers: 4
[34.053s][debug][gc,phases      ] GC(66) Weak Processing 0.363ms
[34.053s][debug][gc,age         ] GC(66) Desired survivor size 193462272 bytes, new threshold 15 (max threshold 15)
[34.053s][info ][gc,heap        ] GC(66) PSYoungGen: 1750085K(1899520K)->58117K(1908224K) Eden: 1701888K(1701888K)->0K(1713664K) From: 48197K(197632K)->58117K(194560K)
[34.053s][info ][gc,heap        ] GC(66) ParOldGen: 388529K(461312K)->388529K(461312K)
[34.053s][info ][gc,metaspace   ] GC(66) Metaspace: 77946K(78720K)->77946K(78720K) NonClass: 66748K(67136K)->66748K(67136K) Class: 11198K(11584K)->11198K(11584K)
[34.053s][info ][gc             ] GC(66) Pause Young (Allocation Failure) 2088M->436M(2314M) 15.967ms
[34.053s][info ][gc,cpu         ] GC(66) User=0.08s Sys=0.00s Real=0.02s
[34.053s][info ][safepoint      ] Safepoint "ParallelGCFailedAllocation", Time since last: 391120827 ns, Reaching safepoint: 130703 ns, At safepoint: 16088256 ns, Total: 16218959 ns
[34.519s][info ][gc,start       ] GC(67) Pause Young (Allocation Failure)
[34.535s][debug][gc,phases      ] GC(67) Scavenge 15.651ms
[34.535s][debug][gc,ref         ] GC(67) Skipped phase 1 of Reference Processing: no references
[34.535s][debug][gc,ref         ] GC(67) ReferenceProcessor::execute queues: 1, RefProcThreadModel::Single, marks_oops_alive: false
[34.535s][debug][gc,ref         ] GC(67) Skipped phase 3 of Reference Processing: no references
[34.535s][debug][gc,ref         ] GC(67) ReferenceProcessor::execute queues: 1, RefProcThreadModel::Single, marks_oops_alive: false
[34.535s][debug][gc,phases      ] GC(67) Reference Processing 0.174ms
[34.535s][debug][gc,phases      ] GC(67)   VM Weak                        Min:  0.0, Avg:  0.0, Max:  0.0, Diff:  0.0, Sum:  0.0, Workers: 4
[34.535s][debug][gc,phases      ] GC(67)     Dead                           Min: 0, Avg:  0.0, Max: 0, Diff: 0, Sum: 0, Workers: 4
[34.535s][debug][gc,phases      ] GC(67)     Total                          Min: 0, Avg: 159.5, Max: 574, Diff: 574, Sum: 638, Workers: 4
[34.535s][debug][gc,phases      ] GC(67)   ObjectSynchronizer Weak        Min:  0.0, Avg:  0.0, Max:  0.0, Diff:  0.0, Sum:  0.0, Workers: 4
[34.535s][debug][gc,phases      ] GC(67)     Dead                           Min: 0, Avg:  0.0, Max: 0, Diff: 0, Sum: 0, Workers: 4
[34.535s][debug][gc,phases      ] GC(67)     Total                          Min: 0, Avg: 87.8, Max: 159, Diff: 159, Sum: 351, Workers: 4
[34.535s][debug][gc,phases      ] GC(67)   JVMTI Tag Weak OopStorage      Min:  0.0, Avg:  0.0, Max:  0.0, Diff:  0.0, Sum:  0.0, Workers: 4
[34.536s][debug][gc,phases      ] GC(67)     Dead                           Min: 0, Avg:  0.0, Max: 0, Diff: 0, Sum: 0, Workers: 4
[34.536s][debug][gc,phases      ] GC(67)     Total                          Min: 0, Avg:  0.0, Max: 0, Diff: 0, Sum: 0, Workers: 4
[34.536s][debug][gc,phases      ] GC(67)   StringTable Weak               Min:  0.1, Avg:  0.1, Max:  0.1, Diff:  0.0, Sum:  0.5, Workers: 4
[34.536s][debug][gc,phases      ] GC(67)     Dead                           Min: 0, Avg:  0.0, Max: 0, Diff: 0, Sum: 0, Workers: 4
[34.536s][debug][gc,phases      ] GC(67)     Total                          Min: 10816, Avg: 11577.2, Max: 12390, Diff: 1574, Sum: 46309, Workers: 4
[34.536s][debug][gc,phases      ] GC(67)   ResolvedMethodTable Weak       Min:  0.0, Avg:  0.0, Max:  0.0, Diff:  0.0, Sum:  0.1, Workers: 4
[34.536s][debug][gc,phases      ] GC(67)     Dead                           Min: 0, Avg:  0.0, Max: 0, Diff: 0, Sum: 0, Workers: 4
[34.536s][debug][gc,phases      ] GC(67)     Total                          Min: 1661, Avg: 1932.5, Max: 2240, Diff: 579, Sum: 7730, Workers: 4
[34.536s][debug][gc,phases      ] GC(67)   JNI Weak                       Min:  0.0, Avg:  0.0, Max:  0.0, Diff:  0.0, Sum:  0.0, Workers: 4
[34.536s][debug][gc,phases      ] GC(67)     Dead                           Min: 0, Avg:  0.0, Max: 0, Diff: 0, Sum: 0, Workers: 4
[34.536s][debug][gc,phases      ] GC(67)     Total                          Min: 0, Avg:  2.5, Max: 10, Diff: 10, Sum: 10, Workers: 4
[34.536s][debug][gc,phases      ] GC(67)   StringDedup Table Weak         Min:  0.0, Avg:  0.0, Max:  0.0, Diff:  0.0, Sum:  0.0, Workers: 4
[34.536s][debug][gc,phases      ] GC(67)     Dead                           Min: 0, Avg:  0.0, Max: 0, Diff: 0, Sum: 0, Workers: 4
[34.536s][debug][gc,phases      ] GC(67)     Total                          Min: 0, Avg:  0.0, Max: 0, Diff: 0, Sum: 0, Workers: 4
[34.536s][debug][gc,phases      ] GC(67)   StringDedup Requests0 Weak     Min:  0.0, Avg:  0.0, Max:  0.0, Diff:  0.0, Sum:  0.0, Workers: 4
[34.536s][debug][gc,phases      ] GC(67)     Dead                           Min: 0, Avg:  0.0, Max: 0, Diff: 0, Sum: 0, Workers: 4
[34.536s][debug][gc,phases      ] GC(67)     Total                          Min: 0, Avg:  0.0, Max: 0, Diff: 0, Sum: 0, Workers: 4
[34.536s][debug][gc,phases      ] GC(67)   StringDedup Requests1 Weak     Min:  0.0, Avg:  0.0, Max:  0.0, Diff:  0.0, Sum:  0.0, Workers: 4
[34.536s][debug][gc,phases      ] GC(67)     Dead                           Min: 0, Avg:  0.0, Max: 0, Diff: 0, Sum: 0, Workers: 4
[34.536s][debug][gc,phases      ] GC(67)     Total                          Min: 0, Avg:  0.0, Max: 0, Diff: 0, Sum: 0, Workers: 4
[34.536s][debug][gc,phases      ] GC(67)   Weak JFR Old Object Samples    Min:  0.0, Avg:  0.0, Max:  0.0, Diff:  0.0, Sum:  0.0, Workers: 4
[34.536s][debug][gc,phases      ] GC(67)     Dead                           Min: 0, Avg:  0.0, Max: 0, Diff: 0, Sum: 0, Workers: 4
[34.536s][debug][gc,phases      ] GC(67)     Total                          Min: 0, Avg:  0.0, Max: 0, Diff: 0, Sum: 0, Workers: 4
[34.536s][debug][gc,phases      ] GC(67) Weak Processing 0.368ms
[34.536s][debug][gc,age         ] GC(67) Desired survivor size 185597952 bytes, new threshold 15 (max threshold 15)
[34.536s][info ][gc,heap        ] GC(67) PSYoungGen: 1771781K(1908224K)->65586K(1902592K) Eden: 1713664K(1713664K)->0K(1713664K) From: 58117K(194560K)->65586K(188928K)
[34.536s][info ][gc,heap        ] GC(67) ParOldGen: 388529K(461312K)->388537K(461312K)
[34.536s][info ][gc,metaspace   ] GC(67) Metaspace: 77946K(78720K)->77946K(78720K) NonClass: 66748K(67136K)->66748K(67136K) Class: 11198K(11584K)->11198K(11584K)
[34.536s][info ][gc             ] GC(67) Pause Young (Allocation Failure) 2109M->443M(2308M) 16.350ms
[34.536s][info ][gc,cpu         ] GC(67) User=0.06s Sys=0.00s Real=0.02s
[34.536s][info ][safepoint      ] Safepoint "ParallelGCFailedAllocation", Time since last: 465408109 ns, Reaching safepoint: 557809 ns, At safepoint: 16474462 ns, Total: 17032271 ns
[35.035s][info ][gc,start       ] GC(68) Pause Young (Allocation Failure)
[35.050s][debug][gc,phases      ] GC(68) Scavenge 14.957ms
[35.050s][debug][gc,ref         ] GC(68) Skipped phase 1 of Reference Processing: no references
[35.050s][debug][gc,ref         ] GC(68) ReferenceProcessor::execute queues: 1, RefProcThreadModel::Single, marks_oops_alive: false
[35.050s][debug][gc,ref         ] GC(68) Skipped phase 3 of Reference Processing: no references
[35.050s][debug][gc,ref         ] GC(68) ReferenceProcessor::execute queues: 1, RefProcThreadModel::Single, marks_oops_alive: false
[35.050s][debug][gc,phases      ] GC(68) Reference Processing 0.134ms
[35.051s][debug][gc,phases      ] GC(68)   VM Weak                        Min:  0.0, Avg:  0.0, Max:  0.0, Diff:  0.0, Sum:  0.0, Workers: 4
[35.051s][debug][gc,phases      ] GC(68)     Dead                           Min: 0, Avg:  0.0, Max: 0, Diff: 0, Sum: 0, Workers: 4
[35.051s][debug][gc,phases      ] GC(68)     Total                          Min: 0, Avg: 159.5, Max: 448, Diff: 448, Sum: 638, Workers: 4
[35.051s][debug][gc,phases      ] GC(68)   ObjectSynchronizer Weak        Min:  0.0, Avg:  0.0, Max:  0.0, Diff:  0.0, Sum:  0.0, Workers: 4
[35.051s][debug][gc,phases      ] GC(68)     Dead                           Min: 0, Avg:  0.0, Max: 0, Diff: 0, Sum: 0, Workers: 4
[35.051s][debug][gc,phases      ] GC(68)     Total                          Min: 0, Avg: 87.8, Max: 159, Diff: 159, Sum: 351, Workers: 4
[35.051s][debug][gc,phases      ] GC(68)   JVMTI Tag Weak OopStorage      Min:  0.0, Avg:  0.0, Max:  0.0, Diff:  0.0, Sum:  0.0, Workers: 4
[35.051s][debug][gc,phases      ] GC(68)     Dead                           Min: 0, Avg:  0.0, Max: 0, Diff: 0, Sum: 0, Workers: 4
[35.051s][debug][gc,phases      ] GC(68)     Total                          Min: 0, Avg:  0.0, Max: 0, Diff: 0, Sum: 0, Workers: 4
[35.051s][debug][gc,phases      ] GC(68)   StringTable Weak               Min:  0.1, Avg:  0.1, Max:  0.1, Diff:  0.0, Sum:  0.5, Workers: 4
[35.051s][debug][gc,phases      ] GC(68)     Dead                           Min: 0, Avg:  0.0, Max: 0, Diff: 0, Sum: 0, Workers: 4
[35.051s][debug][gc,phases      ] GC(68)     Total                          Min: 10943, Avg: 11577.8, Max: 12096, Diff: 1153, Sum: 46311, Workers: 4
[35.051s][debug][gc,phases      ] GC(68)   ResolvedMethodTable Weak       Min:  0.0, Avg:  0.0, Max:  0.0, Diff:  0.0, Sum:  0.1, Workers: 4
[35.051s][debug][gc,phases      ] GC(68)     Dead                           Min: 0, Avg:  0.0, Max: 0, Diff: 0, Sum: 0, Workers: 4
[35.051s][debug][gc,phases      ] GC(68)     Total                          Min: 1660, Avg: 1934.0, Max: 2239, Diff: 579, Sum: 7736, Workers: 4
[35.051s][debug][gc,phases      ] GC(68)   JNI Weak                       Min:  0.0, Avg:  0.0, Max:  0.0, Diff:  0.0, Sum:  0.0, Workers: 4
[35.051s][debug][gc,phases      ] GC(68)     Dead                           Min: 0, Avg:  0.0, Max: 0, Diff: 0, Sum: 0, Workers: 4
[35.051s][debug][gc,phases      ] GC(68)     Total                          Min: 0, Avg:  2.8, Max: 11, Diff: 11, Sum: 11, Workers: 4
[35.051s][debug][gc,phases      ] GC(68)   StringDedup Table Weak         Min:  0.0, Avg:  0.0, Max:  0.0, Diff:  0.0, Sum:  0.0, Workers: 4
[35.051s][debug][gc,phases      ] GC(68)     Dead                           Min: 0, Avg:  0.0, Max: 0, Diff: 0, Sum: 0, Workers: 4
[35.051s][debug][gc,phases      ] GC(68)     Total                          Min: 0, Avg:  0.0, Max: 0, Diff: 0, Sum: 0, Workers: 4
[35.051s][debug][gc,phases      ] GC(68)   StringDedup Requests0 Weak     Min:  0.0, Avg:  0.0, Max:  0.0, Diff:  0.0, Sum:  0.0, Workers: 4
[35.051s][debug][gc,phases      ] GC(68)     Dead                           Min: 0, Avg:  0.0, Max: 0, Diff: 0, Sum: 0, Workers: 4
[35.051s][debug][gc,phases      ] GC(68)     Total                          Min: 0, Avg:  0.0, Max: 0, Diff: 0, Sum: 0, Workers: 4
[35.051s][debug][gc,phases      ] GC(68)   StringDedup Requests1 Weak     Min:  0.0, Avg:  0.0, Max:  0.0, Diff:  0.0, Sum:  0.0, Workers: 4
[35.051s][debug][gc,phases      ] GC(68)     Dead                           Min: 0, Avg:  0.0, Max: 0, Diff: 0, Sum: 0, Workers: 4
[35.051s][debug][gc,phases      ] GC(68)     Total                          Min: 0, Avg:  0.0, Max: 0, Diff: 0, Sum: 0, Workers: 4
[35.051s][debug][gc,phases      ] GC(68)   Weak JFR Old Object Samples    Min:  0.0, Avg:  0.0, Max:  0.0, Diff:  0.0, Sum:  0.0, Workers: 4
[35.051s][debug][gc,phases      ] GC(68)     Dead                           Min: 0, Avg:  0.0, Max: 0, Diff: 0, Sum: 0, Workers: 4
[35.051s][debug][gc,phases      ] GC(68)     Total                          Min: 0, Avg:  0.0, Max: 0, Diff: 0, Sum: 0, Workers: 4
[35.051s][debug][gc,phases      ] GC(68) Weak Processing 0.347ms
[35.051s][debug][gc,age         ] GC(68) Desired survivor size 177733632 bytes, new threshold 15 (max threshold 15)
[35.051s][info ][gc,heap        ] GC(68) PSYoungGen: 1779250K(1902592K)->69749K(1923584K) Eden: 1713664K(1713664K)->0K(1742336K) From: 65586K(188928K)->69749K(181248K)
[35.051s][info ][gc,heap        ] GC(68) ParOldGen: 388537K(461312K)->388537K(461312K)
[35.051s][info ][gc,metaspace   ] GC(68) Metaspace: 77957K(78720K)->77957K(78720K) NonClass: 66756K(67136K)->66756K(67136K) Class: 11201K(11584K)->11201K(11584K)
[35.051s][info ][gc             ] GC(68) Pause Young (Allocation Failure) 2116M->447M(2329M) 15.579ms
[35.051s][info ][gc,cpu         ] GC(68) User=0.07s Sys=0.00s Real=0.01s
[35.051s][info ][safepoint      ] Safepoint "ParallelGCFailedAllocation", Time since last: 499269449 ns, Reaching safepoint: 184402 ns, At safepoint: 15731251 ns, Total: 15915653 ns
[35.494s][info ][gc,start       ] GC(69) Pause Young (Allocation Failure)
[35.506s][debug][gc,phases      ] GC(69) Scavenge 11.803ms
[35.506s][debug][gc,ref         ] GC(69) Skipped phase 1 of Reference Processing: no references
[35.506s][debug][gc,ref         ] GC(69) ReferenceProcessor::execute queues: 1, RefProcThreadModel::Single, marks_oops_alive: false
[35.506s][debug][gc,ref         ] GC(69) Skipped phase 3 of Reference Processing: no references
[35.506s][debug][gc,ref         ] GC(69) ReferenceProcessor::execute queues: 1, RefProcThreadModel::Single, marks_oops_alive: false
[35.506s][debug][gc,phases      ] GC(69) Reference Processing 0.130ms
[35.506s][debug][gc,phases      ] GC(69)   VM Weak                        Min:  0.0, Avg:  0.0, Max:  0.0, Diff:  0.0, Sum:  0.0, Workers: 4
[35.506s][debug][gc,phases      ] GC(69)     Dead                           Min: 0, Avg:  0.0, Max: 0, Diff: 0, Sum: 0, Workers: 4
[35.506s][debug][gc,phases      ] GC(69)     Total                          Min: 0, Avg: 159.5, Max: 446, Diff: 446, Sum: 638, Workers: 4
[35.506s][debug][gc,phases      ] GC(69)   ObjectSynchronizer Weak        Min:  0.0, Avg:  0.0, Max:  0.0, Diff:  0.0, Sum:  0.0, Workers: 4
[35.506s][debug][gc,phases      ] GC(69)     Dead                           Min: 0, Avg:  0.0, Max: 0, Diff: 0, Sum: 0, Workers: 4
[35.506s][debug][gc,phases      ] GC(69)     Total                          Min: 0, Avg: 87.8, Max: 192, Diff: 192, Sum: 351, Workers: 4
[35.506s][debug][gc,phases      ] GC(69)   JVMTI Tag Weak OopStorage      Min:  0.0, Avg:  0.0, Max:  0.0, Diff:  0.0, Sum:  0.0, Workers: 4
[35.506s][debug][gc,phases      ] GC(69)     Dead                           Min: 0, Avg:  0.0, Max: 0, Diff: 0, Sum: 0, Workers: 4
[35.506s][debug][gc,phases      ] GC(69)     Total                          Min: 0, Avg:  0.0, Max: 0, Diff: 0, Sum: 0, Workers: 4
[35.506s][debug][gc,phases      ] GC(69)   StringTable Weak               Min:  0.1, Avg:  0.1, Max:  0.1, Diff:  0.0, Sum:  0.4, Workers: 4
[35.506s][debug][gc,phases      ] GC(69)     Dead                           Min: 0, Avg:  0.0, Max: 0, Diff: 0, Sum: 0, Workers: 4
[35.506s][debug][gc,phases      ] GC(69)     Total                          Min: 10560, Avg: 11577.8, Max: 12608, Diff: 2048, Sum: 46311, Workers: 4
[35.506s][debug][gc,phases      ] GC(69)   ResolvedMethodTable Weak       Min:  0.0, Avg:  0.0, Max:  0.0, Diff:  0.0, Sum:  0.1, Workers: 4
[35.506s][debug][gc,phases      ] GC(69)     Dead                           Min: 0, Avg:  0.0, Max: 0, Diff: 0, Sum: 0, Workers: 4
[35.506s][debug][gc,phases      ] GC(69)     Total                          Min: 1788, Avg: 1934.0, Max: 2108, Diff: 320, Sum: 7736, Workers: 4
[35.506s][debug][gc,phases      ] GC(69)   JNI Weak                       Min:  0.0, Avg:  0.0, Max:  0.0, Diff:  0.0, Sum:  0.0, Workers: 4
[35.506s][debug][gc,phases      ] GC(69)     Dead                           Min: 0, Avg:  0.0, Max: 0, Diff: 0, Sum: 0, Workers: 4
[35.506s][debug][gc,phases      ] GC(69)     Total                          Min: 0, Avg:  0.0, Max: 0, Diff: 0, Sum: 0, Workers: 4
[35.506s][debug][gc,phases      ] GC(69)   StringDedup Table Weak         Min:  0.0, Avg:  0.0, Max:  0.0, Diff:  0.0, Sum:  0.0, Workers: 4
[35.506s][debug][gc,phases      ] GC(69)     Dead                           Min: 0, Avg:  0.0, Max: 0, Diff: 0, Sum: 0, Workers: 4
[35.506s][debug][gc,phases      ] GC(69)     Total                          Min: 0, Avg:  0.0, Max: 0, Diff: 0, Sum: 0, Workers: 4
[35.506s][debug][gc,phases      ] GC(69)   StringDedup Requests0 Weak     Min:  0.0, Avg:  0.0, Max:  0.0, Diff:  0.0, Sum:  0.0, Workers: 4
[35.506s][debug][gc,phases      ] GC(69)     Dead                           Min: 0, Avg:  0.0, Max: 0, Diff: 0, Sum: 0, Workers: 4
[35.506s][debug][gc,phases      ] GC(69)     Total                          Min: 0, Avg:  0.0, Max: 0, Diff: 0, Sum: 0, Workers: 4
[35.506s][debug][gc,phases      ] GC(69)   StringDedup Requests1 Weak     Min:  0.0, Avg:  0.0, Max:  0.0, Diff:  0.0, Sum:  0.0, Workers: 4
[35.506s][debug][gc,phases      ] GC(69)     Dead                           Min: 0, Avg:  0.0, Max: 0, Diff: 0, Sum: 0, Workers: 4
[35.506s][debug][gc,phases      ] GC(69)     Total                          Min: 0, Avg:  0.0, Max: 0, Diff: 0, Sum: 0, Workers: 4
[35.506s][debug][gc,phases      ] GC(69)   Weak JFR Old Object Samples    Min:  0.0, Avg:  0.0, Max:  0.0, Diff:  0.0, Sum:  0.0, Workers: 4
[35.506s][debug][gc,phases      ] GC(69)     Dead                           Min: 0, Avg:  0.0, Max: 0, Diff: 0, Sum: 0, Workers: 4
[35.506s][debug][gc,phases      ] GC(69)     Total                          Min: 0, Avg:  0.0, Max: 0, Diff: 0, Sum: 0, Workers: 4
[35.506s][debug][gc,phases      ] GC(69) Weak Processing 0.333ms
[35.506s][debug][gc,age         ] GC(69) Desired survivor size 170393600 bytes, new threshold 15 (max threshold 15)
[35.506s][info ][gc,heap        ] GC(69) PSYoungGen: 1812085K(1923584K)->70053K(1915904K) Eden: 1742336K(1742336K)->0K(1742336K) From: 69749K(181248K)->70053K(173568K)
[35.506s][info ][gc,heap        ] GC(69) ParOldGen: 388537K(461312K)->388537K(461312K)
[35.506s][info ][gc,metaspace   ] GC(69) Metaspace: 77957K(78720K)->77957K(78720K) NonClass: 66756K(67136K)->66756K(67136K) Class: 11201K(11584K)->11201K(11584K)
[35.506s][info ][gc             ] GC(69) Pause Young (Allocation Failure) 2149M->447M(2321M) 12.426ms
[35.506s][info ][gc,cpu         ] GC(69) User=0.05s Sys=0.00s Real=0.01s
[35.507s][info ][safepoint      ] Safepoint "ParallelGCFailedAllocation", Time since last: 442885650 ns, Reaching safepoint: 121702 ns, At safepoint: 12583600 ns, Total: 12705302 ns
[35.880s][info ][gc,start       ] GC(70) Pause Young (Allocation Failure)
[35.895s][debug][gc,phases      ] GC(70) Scavenge 14.805ms
[35.895s][debug][gc,ref         ] GC(70) Skipped phase 1 of Reference Processing: no references
[35.895s][debug][gc,ref         ] GC(70) ReferenceProcessor::execute queues: 1, RefProcThreadModel::Single, marks_oops_alive: false
[35.895s][debug][gc,ref         ] GC(70) Skipped phase 3 of Reference Processing: no references
[35.895s][debug][gc,ref         ] GC(70) ReferenceProcessor::execute queues: 1, RefProcThreadModel::Single, marks_oops_alive: false
[35.895s][debug][gc,phases      ] GC(70) Reference Processing 0.131ms
[35.895s][debug][gc,phases      ] GC(70)   VM Weak                        Min:  0.0, Avg:  0.0, Max:  0.0, Diff:  0.0, Sum:  0.0, Workers: 4
[35.895s][debug][gc,phases      ] GC(70)     Dead                           Min: 0, Avg:  0.0, Max: 0, Diff: 0, Sum: 0, Workers: 4
[35.895s][debug][gc,phases      ] GC(70)     Total                          Min: 0, Avg: 159.5, Max: 638, Diff: 638, Sum: 638, Workers: 4
[35.895s][debug][gc,phases      ] GC(70)   ObjectSynchronizer Weak        Min:  0.0, Avg:  0.0, Max:  0.0, Diff:  0.0, Sum:  0.0, Workers: 4
[35.895s][debug][gc,phases      ] GC(70)     Dead                           Min: 0, Avg:  0.0, Max: 0, Diff: 0, Sum: 0, Workers: 4
[35.895s][debug][gc,phases      ] GC(70)     Total                          Min: 0, Avg: 87.8, Max: 192, Diff: 192, Sum: 351, Workers: 4
[35.895s][debug][gc,phases      ] GC(70)   JVMTI Tag Weak OopStorage      Min:  0.0, Avg:  0.0, Max:  0.0, Diff:  0.0, Sum:  0.0, Workers: 4
[35.895s][debug][gc,phases      ] GC(70)     Dead                           Min: 0, Avg:  0.0, Max: 0, Diff: 0, Sum: 0, Workers: 4
[35.895s][debug][gc,phases      ] GC(70)     Total                          Min: 0, Avg:  0.0, Max: 0, Diff: 0, Sum: 0, Workers: 4
[35.895s][debug][gc,phases      ] GC(70)   StringTable Weak               Min:  0.1, Avg:  0.1, Max:  0.1, Diff:  0.0, Sum:  0.5, Workers: 4
[35.895s][debug][gc,phases      ] GC(70)     Dead                           Min: 0, Avg:  0.0, Max: 0, Diff: 0, Sum: 0, Workers: 4
[35.895s][debug][gc,phases      ] GC(70)     Total                          Min: 10815, Avg: 11577.8, Max: 13032, Diff: 2217, Sum: 46311, Workers: 4
[35.895s][debug][gc,phases      ] GC(70)   ResolvedMethodTable Weak       Min:  0.0, Avg:  0.0, Max:  0.0, Diff:  0.0, Sum:  0.1, Workers: 4
[35.895s][debug][gc,phases      ] GC(70)     Dead                           Min: 0, Avg:  0.0, Max: 0, Diff: 0, Sum: 0, Workers: 4
[35.895s][debug][gc,phases      ] GC(70)     Total                          Min: 1728, Avg: 1934.0, Max: 2240, Diff: 512, Sum: 7736, Workers: 4
[35.895s][debug][gc,phases      ] GC(70)   JNI Weak                       Min:  0.0, Avg:  0.0, Max:  0.0, Diff:  0.0, Sum:  0.0, Workers: 4
[35.895s][debug][gc,phases      ] GC(70)     Dead                           Min: 0, Avg:  0.0, Max: 0, Diff: 0, Sum: 0, Workers: 4
[35.895s][debug][gc,phases      ] GC(70)     Total                          Min: 0, Avg:  0.0, Max: 0, Diff: 0, Sum: 0, Workers: 4
[35.895s][debug][gc,phases      ] GC(70)   StringDedup Table Weak         Min:  0.0, Avg:  0.0, Max:  0.0, Diff:  0.0, Sum:  0.0, Workers: 4
[35.895s][debug][gc,phases      ] GC(70)     Dead                           Min: 0, Avg:  0.0, Max: 0, Diff: 0, Sum: 0, Workers: 4
[35.895s][debug][gc,phases      ] GC(70)     Total                          Min: 0, Avg:  0.0, Max: 0, Diff: 0, Sum: 0, Workers: 4
[35.895s][debug][gc,phases      ] GC(70)   StringDedup Requests0 Weak     Min:  0.0, Avg:  0.0, Max:  0.0, Diff:  0.0, Sum:  0.0, Workers: 4
[35.895s][debug][gc,phases      ] GC(70)     Dead                           Min: 0, Avg:  0.0, Max: 0, Diff: 0, Sum: 0, Workers: 4
[35.895s][debug][gc,phases      ] GC(70)     Total                          Min: 0, Avg:  0.0, Max: 0, Diff: 0, Sum: 0, Workers: 4
[35.895s][debug][gc,phases      ] GC(70)   StringDedup Requests1 Weak     Min:  0.0, Avg:  0.0, Max:  0.0, Diff:  0.0, Sum:  0.0, Workers: 4
[35.895s][debug][gc,phases      ] GC(70)     Dead                           Min: 0, Avg:  0.0, Max: 0, Diff: 0, Sum: 0, Workers: 4
[35.895s][debug][gc,phases      ] GC(70)     Total                          Min: 0, Avg:  0.0, Max: 0, Diff: 0, Sum: 0, Workers: 4
[35.895s][debug][gc,phases      ] GC(70)   Weak JFR Old Object Samples    Min:  0.0, Avg:  0.0, Max:  0.0, Diff:  0.0, Sum:  0.0, Workers: 4
[35.895s][debug][gc,phases      ] GC(70)     Dead                           Min: 0, Avg:  0.0, Max: 0, Diff: 0, Sum: 0, Workers: 4
[35.895s][debug][gc,phases      ] GC(70)     Total                          Min: 0, Avg:  0.0, Max: 0, Diff: 0, Sum: 0, Workers: 4
[35.895s][debug][gc,phases      ] GC(70) Weak Processing 0.365ms
[35.895s][debug][gc,age         ] GC(70) Desired survivor size 163053568 bytes, new threshold 15 (max threshold 15)
[35.895s][info ][gc,heap        ] GC(70) PSYoungGen: 1812389K(1915904K)->70661K(1937920K) Eden: 1742336K(1742336K)->0K(1771520K) From: 70053K(173568K)->70661K(166400K)
[35.895s][info ][gc,heap        ] GC(70) ParOldGen: 388537K(461312K)->388537K(461312K)
[35.895s][info ][gc,metaspace   ] GC(70) Metaspace: 77959K(78720K)->77959K(78720K) NonClass: 66758K(67136K)->66758K(67136K) Class: 11201K(11584K)->11201K(11584K)
[35.895s][info ][gc             ] GC(70) Pause Young (Allocation Failure) 2149M->448M(2343M) 15.471ms
[35.895s][info ][gc,cpu         ] GC(70) User=0.06s Sys=0.00s Real=0.02s
[35.896s][info ][safepoint      ] Safepoint "ParallelGCFailedAllocation", Time since last: 373259742 ns, Reaching safepoint: 135502 ns, At safepoint: 15615148 ns, Total: 15750650 ns
[36.305s][info ][gc,start       ] GC(71) Pause Young (Allocation Failure)
[36.320s][debug][gc,phases      ] GC(71) Scavenge 15.127ms
[36.320s][debug][gc,ref         ] GC(71) Skipped phase 1 of Reference Processing: no references
[36.320s][debug][gc,ref         ] GC(71) ReferenceProcessor::execute queues: 1, RefProcThreadModel::Single, marks_oops_alive: false
[36.320s][debug][gc,ref         ] GC(71) Skipped phase 3 of Reference Processing: no references
[36.320s][debug][gc,ref         ] GC(71) ReferenceProcessor::execute queues: 1, RefProcThreadModel::Single, marks_oops_alive: false
[36.320s][debug][gc,phases      ] GC(71) Reference Processing 0.228ms
[36.321s][debug][gc,phases      ] GC(71)   VM Weak                        Min:  0.0, Avg:  0.0, Max:  0.0, Diff:  0.0, Sum:  0.0, Workers: 4
[36.321s][debug][gc,phases      ] GC(71)     Dead                           Min: 0, Avg:  0.0, Max: 0, Diff: 0, Sum: 0, Workers: 4
[36.321s][debug][gc,phases      ] GC(71)     Total                          Min: 0, Avg: 159.5, Max: 638, Diff: 638, Sum: 638, Workers: 4
[36.321s][debug][gc,phases      ] GC(71)   ObjectSynchronizer Weak        Min:  0.0, Avg:  0.0, Max:  0.0, Diff:  0.0, Sum:  0.0, Workers: 4
[36.321s][debug][gc,phases      ] GC(71)     Dead                           Min: 0, Avg:  0.0, Max: 0, Diff: 0, Sum: 0, Workers: 4
[36.321s][debug][gc,phases      ] GC(71)     Total                          Min: 0, Avg: 87.8, Max: 223, Diff: 223, Sum: 351, Workers: 4
[36.321s][debug][gc,phases      ] GC(71)   JVMTI Tag Weak OopStorage      Min:  0.0, Avg:  0.0, Max:  0.0, Diff:  0.0, Sum:  0.0, Workers: 4
[36.321s][debug][gc,phases      ] GC(71)     Dead                           Min: 0, Avg:  0.0, Max: 0, Diff: 0, Sum: 0, Workers: 4
[36.321s][debug][gc,phases      ] GC(71)     Total                          Min: 0, Avg:  0.0, Max: 0, Diff: 0, Sum: 0, Workers: 4
[36.321s][debug][gc,phases      ] GC(71)   StringTable Weak               Min:  0.1, Avg:  0.1, Max:  0.1, Diff:  0.0, Sum:  0.5, Workers: 4
[36.321s][debug][gc,phases      ] GC(71)     Dead                           Min: 0, Avg:  0.0, Max: 0, Diff: 0, Sum: 0, Workers: 4
[36.321s][debug][gc,phases      ] GC(71)     Total                          Min: 10856, Avg: 11578.0, Max: 13120, Diff: 2264, Sum: 46312, Workers: 4
[36.321s][debug][gc,phases      ] GC(71)   ResolvedMethodTable Weak       Min:  0.0, Avg:  0.0, Max:  0.0, Diff:  0.0, Sum:  0.1, Workers: 4
[36.321s][debug][gc,phases      ] GC(71)     Dead                           Min: 0, Avg:  0.0, Max: 0, Diff: 0, Sum: 0, Workers: 4
[36.321s][debug][gc,phases      ] GC(71)     Total                          Min: 1722, Avg: 1934.0, Max: 2112, Diff: 390, Sum: 7736, Workers: 4
[36.321s][debug][gc,phases      ] GC(71)   JNI Weak                       Min:  0.0, Avg:  0.0, Max:  0.0, Diff:  0.0, Sum:  0.0, Workers: 4
[36.321s][debug][gc,phases      ] GC(71)     Dead                           Min: 0, Avg:  0.0, Max: 0, Diff: 0, Sum: 0, Workers: 4
[36.321s][debug][gc,phases      ] GC(71)     Total                          Min: 0, Avg:  0.0, Max: 0, Diff: 0, Sum: 0, Workers: 4
[36.321s][debug][gc,phases      ] GC(71)   StringDedup Table Weak         Min:  0.0, Avg:  0.0, Max:  0.0, Diff:  0.0, Sum:  0.0, Workers: 4
[36.321s][debug][gc,phases      ] GC(71)     Dead                           Min: 0, Avg:  0.0, Max: 0, Diff: 0, Sum: 0, Workers: 4
[36.321s][debug][gc,phases      ] GC(71)     Total                          Min: 0, Avg:  0.0, Max: 0, Diff: 0, Sum: 0, Workers: 4
[36.321s][debug][gc,phases      ] GC(71)   StringDedup Requests0 Weak     Min:  0.0, Avg:  0.0, Max:  0.0, Diff:  0.0, Sum:  0.0, Workers: 4
[36.321s][debug][gc,phases      ] GC(71)     Dead                           Min: 0, Avg:  0.0, Max: 0, Diff: 0, Sum: 0, Workers: 4
[36.321s][debug][gc,phases      ] GC(71)     Total                          Min: 0, Avg:  0.0, Max: 0, Diff: 0, Sum: 0, Workers: 4
[36.321s][debug][gc,phases      ] GC(71)   StringDedup Requests1 Weak     Min:  0.0, Avg:  0.0, Max:  0.0, Diff:  0.0, Sum:  0.0, Workers: 4
[36.321s][debug][gc,phases      ] GC(71)     Dead                           Min: 0, Avg:  0.0, Max: 0, Diff: 0, Sum: 0, Workers: 4
[36.321s][debug][gc,phases      ] GC(71)     Total                          Min: 0, Avg:  0.0, Max: 0, Diff: 0, Sum: 0, Workers: 4
[36.321s][debug][gc,phases      ] GC(71)   Weak JFR Old Object Samples    Min:  0.0, Avg:  0.0, Max:  0.0, Diff:  0.0, Sum:  0.0, Workers: 4
[36.321s][debug][gc,phases      ] GC(71)     Dead                           Min: 0, Avg:  0.0, Max: 0, Diff: 0, Sum: 0, Workers: 4
[36.321s][debug][gc,phases      ] GC(71)     Total                          Min: 0, Avg:  0.0, Max: 0, Diff: 0, Sum: 0, Workers: 4
[36.321s][debug][gc,phases      ] GC(71) Weak Processing 0.371ms
[36.321s][debug][gc,age         ] GC(71) Desired survivor size 156237824 bytes, new threshold 15 (max threshold 15)
[36.321s][info ][gc,heap        ] GC(71) PSYoungGen: 1842181K(1937920K)->71509K(1930752K) Eden: 1771520K(1771520K)->0K(1771520K) From: 70661K(166400K)->71509K(159232K)
[36.321s][info ][gc,heap        ] GC(71) ParOldGen: 388537K(461312K)->388537K(461312K)
[36.321s][info ][gc,metaspace   ] GC(71) Metaspace: 77963K(78720K)->77963K(78720K) NonClass: 66761K(67136K)->66761K(67136K) Class: 11202K(11584K)->11202K(11584K)
[36.321s][info ][gc             ] GC(71) Pause Young (Allocation Failure) 2178M->449M(2336M) 15.889ms
[36.321s][info ][gc,cpu         ] GC(71) User=0.06s Sys=0.00s Real=0.01s
[36.321s][info ][safepoint      ] Safepoint "ParallelGCFailedAllocation", Time since last: 409342116 ns, Reaching safepoint: 137202 ns, At safepoint: 16012455 ns, Total: 16149657 ns
[36.856s][info ][gc,start       ] GC(72) Pause Young (Allocation Failure)
[36.871s][debug][gc,phases      ] GC(72) Scavenge 15.363ms
[36.871s][debug][gc,ref         ] GC(72) Skipped phase 1 of Reference Processing: no references
[36.872s][debug][gc,ref         ] GC(72) ReferenceProcessor::execute queues: 1, RefProcThreadModel::Single, marks_oops_alive: false
[36.872s][debug][gc,ref         ] GC(72) Skipped phase 3 of Reference Processing: no references
[36.872s][debug][gc,ref         ] GC(72) ReferenceProcessor::execute queues: 1, RefProcThreadModel::Single, marks_oops_alive: false
[36.872s][debug][gc,phases      ] GC(72) Reference Processing 0.146ms
[36.872s][debug][gc,phases      ] GC(72)   VM Weak                        Min:  0.0, Avg:  0.0, Max:  0.0, Diff:  0.0, Sum:  0.0, Workers: 4
[36.872s][debug][gc,phases      ] GC(72)     Dead                           Min: 0, Avg:  0.0, Max: 0, Diff: 0, Sum: 0, Workers: 4
[36.872s][debug][gc,phases      ] GC(72)     Total                          Min: 0, Avg: 159.5, Max: 320, Diff: 320, Sum: 638, Workers: 4
[36.872s][debug][gc,phases      ] GC(72)   ObjectSynchronizer Weak        Min:  0.0, Avg:  0.0, Max:  0.0, Diff:  0.0, Sum:  0.0, Workers: 4
[36.872s][debug][gc,phases      ] GC(72)     Dead                           Min: 0, Avg:  0.0, Max: 0, Diff: 0, Sum: 0, Workers: 4
[36.872s][debug][gc,phases      ] GC(72)     Total                          Min: 0, Avg: 87.8, Max: 192, Diff: 192, Sum: 351, Workers: 4
[36.872s][debug][gc,phases      ] GC(72)   JVMTI Tag Weak OopStorage      Min:  0.0, Avg:  0.0, Max:  0.0, Diff:  0.0, Sum:  0.0, Workers: 4
[36.872s][debug][gc,phases      ] GC(72)     Dead                           Min: 0, Avg:  0.0, Max: 0, Diff: 0, Sum: 0, Workers: 4
[36.872s][debug][gc,phases      ] GC(72)     Total                          Min: 0, Avg:  0.0, Max: 0, Diff: 0, Sum: 0, Workers: 4
[36.872s][debug][gc,phases      ] GC(72)   StringTable Weak               Min:  0.1, Avg:  0.1, Max:  0.1, Diff:  0.0, Sum:  0.5, Workers: 4
[36.872s][debug][gc,phases      ] GC(72)     Dead                           Min: 0, Avg:  0.0, Max: 0, Diff: 0, Sum: 0, Workers: 4
[36.872s][debug][gc,phases      ] GC(72)     Total                          Min: 10368, Avg: 11579.0, Max: 12908, Diff: 2540, Sum: 46316, Workers: 4
[36.872s][debug][gc,phases      ] GC(72)   ResolvedMethodTable Weak       Min:  0.0, Avg:  0.0, Max:  0.0, Diff:  0.0, Sum:  0.1, Workers: 4
[36.872s][debug][gc,phases      ] GC(72)     Dead                           Min: 0, Avg:  0.0, Max: 0, Diff: 0, Sum: 0, Workers: 4
[36.872s][debug][gc,phases      ] GC(72)     Total                          Min: 1790, Avg: 1934.0, Max: 2112, Diff: 322, Sum: 7736, Workers: 4
[36.872s][debug][gc,phases      ] GC(72)   JNI Weak                       Min:  0.0, Avg:  0.0, Max:  0.0, Diff:  0.0, Sum:  0.0, Workers: 4
[36.872s][debug][gc,phases      ] GC(72)     Dead                           Min: 0, Avg:  0.0, Max: 0, Diff: 0, Sum: 0, Workers: 4
[36.872s][debug][gc,phases      ] GC(72)     Total                          Min: 0, Avg:  0.0, Max: 0, Diff: 0, Sum: 0, Workers: 4
[36.872s][debug][gc,phases      ] GC(72)   StringDedup Table Weak         Min:  0.0, Avg:  0.0, Max:  0.0, Diff:  0.0, Sum:  0.0, Workers: 4
[36.872s][debug][gc,phases      ] GC(72)     Dead                           Min: 0, Avg:  0.0, Max: 0, Diff: 0, Sum: 0, Workers: 4
[36.872s][debug][gc,phases      ] GC(72)     Total                          Min: 0, Avg:  0.0, Max: 0, Diff: 0, Sum: 0, Workers: 4
[36.872s][debug][gc,phases      ] GC(72)   StringDedup Requests0 Weak     Min:  0.0, Avg:  0.0, Max:  0.0, Diff:  0.0, Sum:  0.0, Workers: 4
[36.872s][debug][gc,phases      ] GC(72)     Dead                           Min: 0, Avg:  0.0, Max: 0, Diff: 0, Sum: 0, Workers: 4
[36.872s][debug][gc,phases      ] GC(72)     Total                          Min: 0, Avg:  0.0, Max: 0, Diff: 0, Sum: 0, Workers: 4
[36.872s][debug][gc,phases      ] GC(72)   StringDedup Requests1 Weak     Min:  0.0, Avg:  0.0, Max:  0.0, Diff:  0.0, Sum:  0.0, Workers: 4
[36.872s][debug][gc,phases      ] GC(72)     Dead                           Min: 0, Avg:  0.0, Max: 0, Diff: 0, Sum: 0, Workers: 4
[36.872s][debug][gc,phases      ] GC(72)     Total                          Min: 0, Avg:  0.0, Max: 0, Diff: 0, Sum: 0, Workers: 4
[36.872s][debug][gc,phases      ] GC(72)   Weak JFR Old Object Samples    Min:  0.0, Avg:  0.0, Max:  0.0, Diff:  0.0, Sum:  0.0, Workers: 4
[36.872s][debug][gc,phases      ] GC(72)     Dead                           Min: 0, Avg:  0.0, Max: 0, Diff: 0, Sum: 0, Workers: 4
[36.872s][debug][gc,phases      ] GC(72)     Total                          Min: 0, Avg:  0.0, Max: 0, Diff: 0, Sum: 0, Workers: 4
[36.872s][debug][gc,phases      ] GC(72) Weak Processing 0.369ms
[36.872s][debug][gc,age         ] GC(72) Desired survivor size 149946368 bytes, new threshold 15 (max threshold 15)
[36.872s][info ][gc,heap        ] GC(72) PSYoungGen: 1843029K(1930752K)->72053K(1950720K) Eden: 1771520K(1771520K)->0K(1798144K) From: 71509K(159232K)->72053K(152576K)
[36.872s][info ][gc,heap        ] GC(72) ParOldGen: 388537K(461312K)->388537K(461312K)
[36.872s][info ][gc,metaspace   ] GC(72) Metaspace: 77965K(78784K)->77965K(78784K) NonClass: 66763K(67200K)->66763K(67200K) Class: 11202K(11584K)->11202K(11584K)
[36.872s][info ][gc             ] GC(72) Pause Young (Allocation Failure) 2179M->449M(2355M) 16.026ms
[36.872s][info ][gc,cpu         ] GC(72) User=0.07s Sys=0.00s Real=0.02s
[36.872s][info ][safepoint      ] Safepoint "ParallelGCFailedAllocation", Time since last: 534838713 ns, Reaching safepoint: 51800 ns, At safepoint: 16138557 ns, Total: 16190357 ns
[37.242s][info ][gc,start       ] GC(73) Pause Young (Allocation Failure)
[37.256s][debug][gc,phases      ] GC(73) Scavenge 13.953ms
[37.256s][debug][gc,ref         ] GC(73) Skipped phase 1 of Reference Processing: no references
[37.256s][debug][gc,ref         ] GC(73) ReferenceProcessor::execute queues: 1, RefProcThreadModel::Single, marks_oops_alive: false
[37.256s][debug][gc,ref         ] GC(73) Skipped phase 3 of Reference Processing: no references
[37.256s][debug][gc,ref         ] GC(73) ReferenceProcessor::execute queues: 1, RefProcThreadModel::Single, marks_oops_alive: false
[37.256s][debug][gc,phases      ] GC(73) Reference Processing 0.144ms
[37.257s][debug][gc,phases      ] GC(73)   VM Weak                        Min:  0.0, Avg:  0.0, Max:  0.0, Diff:  0.0, Sum:  0.0, Workers: 4
[37.257s][debug][gc,phases      ] GC(73)     Dead                           Min: 0, Avg:  0.0, Max: 0, Diff: 0, Sum: 0, Workers: 4
[37.257s][debug][gc,phases      ] GC(73)     Total                          Min: 0, Avg: 159.5, Max: 446, Diff: 446, Sum: 638, Workers: 4
[37.257s][debug][gc,phases      ] GC(73)   ObjectSynchronizer Weak        Min:  0.0, Avg:  0.0, Max:  0.0, Diff:  0.0, Sum:  0.0, Workers: 4
[37.257s][debug][gc,phases      ] GC(73)     Dead                           Min: 0, Avg:  0.0, Max: 0, Diff: 0, Sum: 0, Workers: 4
[37.257s][debug][gc,phases      ] GC(73)     Total                          Min: 0, Avg: 87.8, Max: 159, Diff: 159, Sum: 351, Workers: 4
[37.257s][debug][gc,phases      ] GC(73)   JVMTI Tag Weak OopStorage      Min:  0.0, Avg:  0.0, Max:  0.0, Diff:  0.0, Sum:  0.0, Workers: 4
[37.257s][debug][gc,phases      ] GC(73)     Dead                           Min: 0, Avg:  0.0, Max: 0, Diff: 0, Sum: 0, Workers: 4
[37.257s][debug][gc,phases      ] GC(73)     Total                          Min: 0, Avg:  0.0, Max: 0, Diff: 0, Sum: 0, Workers: 4
[37.257s][debug][gc,phases      ] GC(73)   StringTable Weak               Min:  0.1, Avg:  0.1, Max:  0.1, Diff:  0.0, Sum:  0.5, Workers: 4
[37.257s][debug][gc,phases      ] GC(73)     Dead                           Min: 0, Avg:  0.0, Max: 0, Diff: 0, Sum: 0, Workers: 4
[37.257s][debug][gc,phases      ] GC(73)     Total                          Min: 5184, Avg: 11579.0, Max: 14188, Diff: 9004, Sum: 46316, Workers: 4
[37.257s][debug][gc,phases      ] GC(73)   ResolvedMethodTable Weak       Min:  0.0, Avg:  0.0, Max:  0.0, Diff:  0.0, Sum:  0.1, Workers: 4
[37.257s][debug][gc,phases      ] GC(73)     Dead                           Min: 0, Avg:  0.0, Max: 0, Diff: 0, Sum: 0, Workers: 4
[37.257s][debug][gc,phases      ] GC(73)     Total                          Min: 1916, Avg: 1934.0, Max: 1983, Diff: 67, Sum: 7736, Workers: 4
[37.257s][debug][gc,phases      ] GC(73)   JNI Weak                       Min:  0.0, Avg:  0.0, Max:  0.0, Diff:  0.0, Sum:  0.0, Workers: 4
[37.257s][debug][gc,phases      ] GC(73)     Dead                           Min: 0, Avg:  0.0, Max: 0, Diff: 0, Sum: 0, Workers: 4
[37.257s][debug][gc,phases      ] GC(73)     Total                          Min: 0, Avg:  0.0, Max: 0, Diff: 0, Sum: 0, Workers: 4
[37.257s][debug][gc,phases      ] GC(73)   StringDedup Table Weak         Min:  0.0, Avg:  0.0, Max:  0.0, Diff:  0.0, Sum:  0.0, Workers: 4
[37.257s][debug][gc,phases      ] GC(73)     Dead                           Min: 0, Avg:  0.0, Max: 0, Diff: 0, Sum: 0, Workers: 4
[37.257s][debug][gc,phases      ] GC(73)     Total                          Min: 0, Avg:  0.0, Max: 0, Diff: 0, Sum: 0, Workers: 4
[37.257s][debug][gc,phases      ] GC(73)   StringDedup Requests0 Weak     Min:  0.0, Avg:  0.0, Max:  0.0, Diff:  0.0, Sum:  0.0, Workers: 4
[37.257s][debug][gc,phases      ] GC(73)     Dead                           Min: 0, Avg:  0.0, Max: 0, Diff: 0, Sum: 0, Workers: 4
[37.257s][debug][gc,phases      ] GC(73)     Total                          Min: 0, Avg:  0.0, Max: 0, Diff: 0, Sum: 0, Workers: 4
[37.257s][debug][gc,phases      ] GC(73)   StringDedup Requests1 Weak     Min:  0.0, Avg:  0.0, Max:  0.0, Diff:  0.0, Sum:  0.0, Workers: 4
[37.257s][debug][gc,phases      ] GC(73)     Dead                           Min: 0, Avg:  0.0, Max: 0, Diff: 0, Sum: 0, Workers: 4
[37.257s][debug][gc,phases      ] GC(73)     Total                          Min: 0, Avg:  0.0, Max: 0, Diff: 0, Sum: 0, Workers: 4
[37.257s][debug][gc,phases      ] GC(73)   Weak JFR Old Object Samples    Min:  0.0, Avg:  0.0, Max:  0.0, Diff:  0.0, Sum:  0.0, Workers: 4
[37.257s][debug][gc,phases      ] GC(73)     Dead                           Min: 0, Avg:  0.0, Max: 0, Diff: 0, Sum: 0, Workers: 4
[37.257s][debug][gc,phases      ] GC(73)     Total                          Min: 0, Avg:  0.0, Max: 0, Diff: 0, Sum: 0, Workers: 4
[37.257s][debug][gc,phases      ] GC(73) Weak Processing 0.351ms
[37.257s][debug][gc,age         ] GC(73) Desired survivor size 143654912 bytes, new threshold 15 (max threshold 15)
[37.257s][info ][gc,heap        ] GC(73) PSYoungGen: 1870197K(1950720K)->72930K(1944576K) Eden: 1798144K(1798144K)->0K(1798144K) From: 72053K(152576K)->72930K(146432K)
[37.257s][info ][gc,heap        ] GC(73) ParOldGen: 388537K(461312K)->388537K(461312K)
[37.257s][info ][gc,metaspace   ] GC(73) Metaspace: 77965K(78784K)->77965K(78784K) NonClass: 66763K(67200K)->66763K(67200K) Class: 11202K(11584K)->11202K(11584K)
[37.257s][info ][gc             ] GC(73) Pause Young (Allocation Failure) 2205M->450M(2349M) 14.593ms
[37.257s][info ][gc,cpu         ] GC(73) User=0.06s Sys=0.00s Real=0.02s
[37.257s][info ][safepoint      ] Safepoint "ParallelGCFailedAllocation", Time since last: 370037789 ns, Reaching safepoint: 139703 ns, At safepoint: 14719434 ns, Total: 14859137 ns
[37.672s][info ][gc,start       ] GC(74) Pause Young (Allocation Failure)
[37.687s][debug][gc,phases      ] GC(74) Scavenge 15.852ms
[37.687s][debug][gc,ref         ] GC(74) Skipped phase 1 of Reference Processing: no references
[37.688s][debug][gc,ref         ] GC(74) ReferenceProcessor::execute queues: 1, RefProcThreadModel::Single, marks_oops_alive: false
[37.688s][debug][gc,ref         ] GC(74) Skipped phase 3 of Reference Processing: no references
[37.688s][debug][gc,ref         ] GC(74) ReferenceProcessor::execute queues: 1, RefProcThreadModel::Single, marks_oops_alive: false
[37.688s][debug][gc,phases      ] GC(74) Reference Processing 0.141ms
[37.688s][debug][gc,phases      ] GC(74)   VM Weak                        Min:  0.0, Avg:  0.0, Max:  0.0, Diff:  0.0, Sum:  0.0, Workers: 4
[37.688s][debug][gc,phases      ] GC(74)     Dead                           Min: 0, Avg:  0.0, Max: 0, Diff: 0, Sum: 0, Workers: 4
[37.688s][debug][gc,phases      ] GC(74)     Total                          Min: 0, Avg: 159.5, Max: 384, Diff: 384, Sum: 638, Workers: 4
[37.688s][debug][gc,phases      ] GC(74)   ObjectSynchronizer Weak        Min:  0.0, Avg:  0.0, Max:  0.0, Diff:  0.0, Sum:  0.0, Workers: 4
[37.688s][debug][gc,phases      ] GC(74)     Dead                           Min: 0, Avg:  0.0, Max: 0, Diff: 0, Sum: 0, Workers: 4
[37.688s][debug][gc,phases      ] GC(74)     Total                          Min: 0, Avg: 87.8, Max: 223, Diff: 223, Sum: 351, Workers: 4
[37.688s][debug][gc,phases      ] GC(74)   JVMTI Tag Weak OopStorage      Min:  0.0, Avg:  0.0, Max:  0.0, Diff:  0.0, Sum:  0.0, Workers: 4
[37.688s][debug][gc,phases      ] GC(74)     Dead                           Min: 0, Avg:  0.0, Max: 0, Diff: 0, Sum: 0, Workers: 4
[37.688s][debug][gc,phases      ] GC(74)     Total                          Min: 0, Avg:  0.0, Max: 0, Diff: 0, Sum: 0, Workers: 4
[37.688s][debug][gc,phases      ] GC(74)   StringTable Weak               Min:  0.1, Avg:  0.1, Max:  0.1, Diff:  0.0, Sum:  0.5, Workers: 4
[37.688s][debug][gc,phases      ] GC(74)     Dead                           Min: 0, Avg:  0.0, Max: 0, Diff: 0, Sum: 0, Workers: 4
[37.688s][debug][gc,phases      ] GC(74)     Total                          Min: 11136, Avg: 11579.0, Max: 12096, Diff: 960, Sum: 46316, Workers: 4
[37.688s][debug][gc,phases      ] GC(74)   ResolvedMethodTable Weak       Min:  0.0, Avg:  0.0, Max:  0.0, Diff:  0.0, Sum:  0.1, Workers: 4
[37.688s][debug][gc,phases      ] GC(74)     Dead                           Min: 0, Avg:  0.0, Max: 0, Diff: 0, Sum: 0, Workers: 4
[37.688s][debug][gc,phases      ] GC(74)     Total                          Min: 1662, Avg: 1934.0, Max: 2304, Diff: 642, Sum: 7736, Workers: 4
[37.688s][debug][gc,phases      ] GC(74)   JNI Weak                       Min:  0.0, Avg:  0.0, Max:  0.0, Diff:  0.0, Sum:  0.0, Workers: 4
[37.688s][debug][gc,phases      ] GC(74)     Dead                           Min: 0, Avg:  0.0, Max: 0, Diff: 0, Sum: 0, Workers: 4
[37.688s][debug][gc,phases      ] GC(74)     Total                          Min: 0, Avg:  0.0, Max: 0, Diff: 0, Sum: 0, Workers: 4
[37.688s][debug][gc,phases      ] GC(74)   StringDedup Table Weak         Min:  0.0, Avg:  0.0, Max:  0.0, Diff:  0.0, Sum:  0.0, Workers: 4
[37.688s][debug][gc,phases      ] GC(74)     Dead                           Min: 0, Avg:  0.0, Max: 0, Diff: 0, Sum: 0, Workers: 4
[37.688s][debug][gc,phases      ] GC(74)     Total                          Min: 0, Avg:  0.0, Max: 0, Diff: 0, Sum: 0, Workers: 4
[37.688s][debug][gc,phases      ] GC(74)   StringDedup Requests0 Weak     Min:  0.0, Avg:  0.0, Max:  0.0, Diff:  0.0, Sum:  0.0, Workers: 4
[37.688s][debug][gc,phases      ] GC(74)     Dead                           Min: 0, Avg:  0.0, Max: 0, Diff: 0, Sum: 0, Workers: 4
[37.688s][debug][gc,phases      ] GC(74)     Total                          Min: 0, Avg:  0.0, Max: 0, Diff: 0, Sum: 0, Workers: 4
[37.688s][debug][gc,phases      ] GC(74)   StringDedup Requests1 Weak     Min:  0.0, Avg:  0.0, Max:  0.0, Diff:  0.0, Sum:  0.0, Workers: 4
[37.688s][debug][gc,phases      ] GC(74)     Dead                           Min: 0, Avg:  0.0, Max: 0, Diff: 0, Sum: 0, Workers: 4
[37.688s][debug][gc,phases      ] GC(74)     Total                          Min: 0, Avg:  0.0, Max: 0, Diff: 0, Sum: 0, Workers: 4
[37.688s][debug][gc,phases      ] GC(74)   Weak JFR Old Object Samples    Min:  0.0, Avg:  0.0, Max:  0.0, Diff:  0.0, Sum:  0.0, Workers: 4
[37.688s][debug][gc,phases      ] GC(74)     Dead                           Min: 0, Avg:  0.0, Max: 0, Diff: 0, Sum: 0, Workers: 4
[37.688s][debug][gc,phases      ] GC(74)     Total                          Min: 0, Avg:  0.0, Max: 0, Diff: 0, Sum: 0, Workers: 4
[37.688s][debug][gc,phases      ] GC(74) Weak Processing 0.334ms
[37.688s][debug][gc,age         ] GC(74) Desired survivor size 137887744 bytes, new threshold 15 (max threshold 15)
[37.688s][info ][gc,heap        ] GC(74) PSYoungGen: 1871074K(1944576K)->73045K(1962496K) Eden: 1798144K(1798144K)->0K(1822208K) From: 72930K(146432K)->73045K(140288K)
[37.688s][info ][gc,heap        ] GC(74) ParOldGen: 388537K(461312K)->388537K(461312K)
[37.688s][info ][gc,metaspace   ] GC(74) Metaspace: 77965K(78784K)->77965K(78784K) NonClass: 66763K(67200K)->66763K(67200K) Class: 11202K(11584K)->11202K(11584K)
[37.688s][info ][gc             ] GC(74) Pause Young (Allocation Failure) 2206M->450M(2367M) 16.473ms
[37.688s][info ][gc,cpu         ] GC(74) User=0.06s Sys=0.00s Real=0.01s
[37.688s][info ][safepoint      ] Safepoint "ParallelGCFailedAllocation", Time since last: 414394495 ns, Reaching safepoint: 168702 ns, At safepoint: 16597665 ns, Total: 16766367 ns
[38.156s][info ][gc,start       ] GC(75) Pause Young (Allocation Failure)
[38.179s][debug][gc,phases      ] GC(75) Scavenge 22.683ms
[38.179s][debug][gc,ref         ] GC(75) Skipped phase 1 of Reference Processing: no references
[38.179s][debug][gc,ref         ] GC(75) ReferenceProcessor::execute queues: 1, RefProcThreadModel::Single, marks_oops_alive: false
[38.179s][debug][gc,ref         ] GC(75) Skipped phase 3 of Reference Processing: no references
[38.179s][debug][gc,ref         ] GC(75) ReferenceProcessor::execute queues: 1, RefProcThreadModel::Single, marks_oops_alive: false
[38.179s][debug][gc,phases      ] GC(75) Reference Processing 0.150ms
[38.179s][debug][gc,phases      ] GC(75)   VM Weak                        Min:  0.0, Avg:  0.0, Max:  0.0, Diff:  0.0, Sum:  0.0, Workers: 4
[38.179s][debug][gc,phases      ] GC(75)     Dead                           Min: 0, Avg:  0.0, Max: 0, Diff: 0, Sum: 0, Workers: 4
[38.179s][debug][gc,phases      ] GC(75)     Total                          Min: 0, Avg: 159.5, Max: 382, Diff: 382, Sum: 638, Workers: 4
[38.179s][debug][gc,phases      ] GC(75)   ObjectSynchronizer Weak        Min:  0.0, Avg:  0.0, Max:  0.0, Diff:  0.0, Sum:  0.0, Workers: 4
[38.179s][debug][gc,phases      ] GC(75)     Dead                           Min: 0, Avg:  0.0, Max: 0, Diff: 0, Sum: 0, Workers: 4
[38.179s][debug][gc,phases      ] GC(75)     Total                          Min: 0, Avg: 87.8, Max: 223, Diff: 223, Sum: 351, Workers: 4
[38.179s][debug][gc,phases      ] GC(75)   JVMTI Tag Weak OopStorage      Min:  0.0, Avg:  0.0, Max:  0.0, Diff:  0.0, Sum:  0.0, Workers: 4
[38.179s][debug][gc,phases      ] GC(75)     Dead                           Min: 0, Avg:  0.0, Max: 0, Diff: 0, Sum: 0, Workers: 4
[38.179s][debug][gc,phases      ] GC(75)     Total                          Min: 0, Avg:  0.0, Max: 0, Diff: 0, Sum: 0, Workers: 4
[38.179s][debug][gc,phases      ] GC(75)   StringTable Weak               Min:  0.1, Avg:  0.1, Max:  0.1, Diff:  0.0, Sum:  0.5, Workers: 4
[38.179s][debug][gc,phases      ] GC(75)     Dead                           Min: 0, Avg:  0.0, Max: 0, Diff: 0, Sum: 0, Workers: 4
[38.179s][debug][gc,phases      ] GC(75)     Total                          Min: 11052, Avg: 11579.0, Max: 12160, Diff: 1108, Sum: 46316, Workers: 4
[38.179s][debug][gc,phases      ] GC(75)   ResolvedMethodTable Weak       Min:  0.0, Avg:  0.0, Max:  0.0, Diff:  0.0, Sum:  0.1, Workers: 4
[38.180s][debug][gc,phases      ] GC(75)     Dead                           Min: 0, Avg:  0.0, Max: 0, Diff: 0, Sum: 0, Workers: 4
[38.180s][debug][gc,phases      ] GC(75)     Total                          Min: 1727, Avg: 1934.0, Max: 2047, Diff: 320, Sum: 7736, Workers: 4
[38.180s][debug][gc,phases      ] GC(75)   JNI Weak                       Min:  0.0, Avg:  0.0, Max:  0.0, Diff:  0.0, Sum:  0.0, Workers: 4
[38.180s][debug][gc,phases      ] GC(75)     Dead                           Min: 0, Avg:  0.0, Max: 0, Diff: 0, Sum: 0, Workers: 4
[38.180s][debug][gc,phases      ] GC(75)     Total                          Min: 0, Avg:  0.0, Max: 0, Diff: 0, Sum: 0, Workers: 4
[38.180s][debug][gc,phases      ] GC(75)   StringDedup Table Weak         Min:  0.0, Avg:  0.0, Max:  0.0, Diff:  0.0, Sum:  0.0, Workers: 4
[38.180s][debug][gc,phases      ] GC(75)     Dead                           Min: 0, Avg:  0.0, Max: 0, Diff: 0, Sum: 0, Workers: 4
[38.180s][debug][gc,phases      ] GC(75)     Total                          Min: 0, Avg:  0.0, Max: 0, Diff: 0, Sum: 0, Workers: 4
[38.180s][debug][gc,phases      ] GC(75)   StringDedup Requests0 Weak     Min:  0.0, Avg:  0.0, Max:  0.0, Diff:  0.0, Sum:  0.0, Workers: 4
[38.180s][debug][gc,phases      ] GC(75)     Dead                           Min: 0, Avg:  0.0, Max: 0, Diff: 0, Sum: 0, Workers: 4
[38.180s][debug][gc,phases      ] GC(75)     Total                          Min: 0, Avg:  0.0, Max: 0, Diff: 0, Sum: 0, Workers: 4
[38.180s][debug][gc,phases      ] GC(75)   StringDedup Requests1 Weak     Min:  0.0, Avg:  0.0, Max:  0.0, Diff:  0.0, Sum:  0.0, Workers: 4
[38.180s][debug][gc,phases      ] GC(75)     Dead                           Min: 0, Avg:  0.0, Max: 0, Diff: 0, Sum: 0, Workers: 4
[38.180s][debug][gc,phases      ] GC(75)     Total                          Min: 0, Avg:  0.0, Max: 0, Diff: 0, Sum: 0, Workers: 4
[38.180s][debug][gc,phases      ] GC(75)   Weak JFR Old Object Samples    Min:  0.0, Avg:  0.0, Max:  0.0, Diff:  0.0, Sum:  0.0, Workers: 4
[38.180s][debug][gc,phases      ] GC(75)     Dead                           Min: 0, Avg:  0.0, Max: 0, Diff: 0, Sum: 0, Workers: 4
[38.180s][debug][gc,phases      ] GC(75)     Total                          Min: 0, Avg:  0.0, Max: 0, Diff: 0, Sum: 0, Workers: 4
[38.180s][debug][gc,phases      ] GC(75) Weak Processing 0.352ms
[38.180s][debug][gc,age         ] GC(75) Desired survivor size 133693440 bytes, new threshold 15 (max threshold 15)
[38.180s][info ][gc,heap        ] GC(75) PSYoungGen: 1895253K(1962496K)->81877K(1956864K) Eden: 1822208K(1822208K)->0K(1822208K) From: 73045K(140288K)->81877K(134656K)
[38.180s][info ][gc,heap        ] GC(75) ParOldGen: 388537K(461312K)->388537K(461312K)
[38.180s][info ][gc,metaspace   ] GC(75) Metaspace: 77967K(78784K)->77967K(78784K) NonClass: 66764K(67200K)->66764K(67200K) Class: 11202K(11584K)->11202K(11584K)
[38.180s][info ][gc             ] GC(75) Pause Young (Allocation Failure) 2230M->459M(2361M) 23.338ms
[38.180s][info ][gc,cpu         ] GC(75) User=0.09s Sys=0.00s Real=0.02s
[38.180s][info ][safepoint      ] Safepoint "ParallelGCFailedAllocation", Time since last: 467602641 ns, Reaching safepoint: 543809 ns, At safepoint: 23465273 ns, Total: 24009082 ns
[38.450s][info ][safepoint      ] Safepoint "ICBufferFull", Time since last: 269925195 ns, Reaching safepoint: 277704 ns, At safepoint: 46001 ns, Total: 323705 ns
[38.730s][info ][safepoint      ] Safepoint "ParallelGCFailedAllocation", Time since last: 276330597 ns, Reaching safepoint: 3361054 ns, At safepoint: 46100 ns, Total: 3407154 ns
[38.735s][info ][gc,start       ] GC(76) Pause Young (GCLocker Initiated GC)
[38.764s][debug][gc,phases      ] GC(76) Scavenge 28.411ms
[38.764s][debug][gc,ref         ] GC(76) Skipped phase 1 of Reference Processing: no references
[38.764s][debug][gc,ref         ] GC(76) ReferenceProcessor::execute queues: 1, RefProcThreadModel::Single, marks_oops_alive: false
[38.764s][debug][gc,ref         ] GC(76) Skipped phase 3 of Reference Processing: no references
[38.764s][debug][gc,ref         ] GC(76) ReferenceProcessor::execute queues: 1, RefProcThreadModel::Single, marks_oops_alive: false
[38.764s][debug][gc,phases      ] GC(76) Reference Processing 0.142ms
[38.764s][debug][gc,phases      ] GC(76)   VM Weak                        Min:  0.0, Avg:  0.0, Max:  0.0, Diff:  0.0, Sum:  0.0, Workers: 4
[38.764s][debug][gc,phases      ] GC(76)     Dead                           Min: 0, Avg:  0.0, Max: 0, Diff: 0, Sum: 0, Workers: 4
[38.764s][debug][gc,phases      ] GC(76)     Total                          Min: 0, Avg: 162.8, Max: 459, Diff: 459, Sum: 651, Workers: 4
[38.764s][debug][gc,phases      ] GC(76)   ObjectSynchronizer Weak        Min:  0.0, Avg:  0.0, Max:  0.0, Diff:  0.0, Sum:  0.0, Workers: 4
[38.764s][debug][gc,phases      ] GC(76)     Dead                           Min: 0, Avg:  0.0, Max: 0, Diff: 0, Sum: 0, Workers: 4
[38.764s][debug][gc,phases      ] GC(76)     Total                          Min: 0, Avg: 87.8, Max: 192, Diff: 192, Sum: 351, Workers: 4
[38.764s][debug][gc,phases      ] GC(76)   JVMTI Tag Weak OopStorage      Min:  0.0, Avg:  0.0, Max:  0.0, Diff:  0.0, Sum:  0.0, Workers: 4
[38.764s][debug][gc,phases      ] GC(76)     Dead                           Min: 0, Avg:  0.0, Max: 0, Diff: 0, Sum: 0, Workers: 4
[38.764s][debug][gc,phases      ] GC(76)     Total                          Min: 0, Avg:  0.0, Max: 0, Diff: 0, Sum: 0, Workers: 4
[38.764s][debug][gc,phases      ] GC(76)   StringTable Weak               Min:  0.0, Avg:  0.1, Max:  0.2, Diff:  0.2, Sum:  0.5, Workers: 4
[38.764s][debug][gc,phases      ] GC(76)     Dead                           Min: 0, Avg:  0.0, Max: 0, Diff: 0, Sum: 0, Workers: 4
[38.764s][debug][gc,phases      ] GC(76)     Total                          Min: 0, Avg: 11600.0, Max: 16512, Diff: 16512, Sum: 46400, Workers: 4
[38.764s][debug][gc,phases      ] GC(76)   ResolvedMethodTable Weak       Min:  0.0, Avg:  0.0, Max:  0.0, Diff:  0.0, Sum:  0.1, Workers: 4
[38.764s][debug][gc,phases      ] GC(76)     Dead                           Min: 0, Avg:  0.0, Max: 0, Diff: 0, Sum: 0, Workers: 4
[38.764s][debug][gc,phases      ] GC(76)     Total                          Min: 0, Avg: 1957.0, Max: 2752, Diff: 2752, Sum: 7828, Workers: 4
[38.764s][debug][gc,phases      ] GC(76)   JNI Weak                       Min:  0.0, Avg:  0.0, Max:  0.0, Diff:  0.0, Sum:  0.0, Workers: 4
[38.764s][debug][gc,phases      ] GC(76)     Dead                           Min: 0, Avg:  0.0, Max: 0, Diff: 0, Sum: 0, Workers: 4
[38.764s][debug][gc,phases      ] GC(76)     Total                          Min: 0, Avg:  7.0, Max: 28, Diff: 28, Sum: 28, Workers: 4
[38.764s][debug][gc,phases      ] GC(76)   StringDedup Table Weak         Min:  0.0, Avg:  0.0, Max:  0.0, Diff:  0.0, Sum:  0.0, Workers: 4
[38.764s][debug][gc,phases      ] GC(76)     Dead                           Min: 0, Avg:  0.0, Max: 0, Diff: 0, Sum: 0, Workers: 4
[38.764s][debug][gc,phases      ] GC(76)     Total                          Min: 0, Avg:  0.0, Max: 0, Diff: 0, Sum: 0, Workers: 4
[38.764s][debug][gc,phases      ] GC(76)   StringDedup Requests0 Weak     Min:  0.0, Avg:  0.0, Max:  0.0, Diff:  0.0, Sum:  0.0, Workers: 4
[38.764s][debug][gc,phases      ] GC(76)     Dead                           Min: 0, Avg:  0.0, Max: 0, Diff: 0, Sum: 0, Workers: 4
[38.764s][debug][gc,phases      ] GC(76)     Total                          Min: 0, Avg:  0.0, Max: 0, Diff: 0, Sum: 0, Workers: 4
[38.764s][debug][gc,phases      ] GC(76)   StringDedup Requests1 Weak     Min:  0.0, Avg:  0.0, Max:  0.0, Diff:  0.0, Sum:  0.0, Workers: 4
[38.764s][debug][gc,phases      ] GC(76)     Dead                           Min: 0, Avg:  0.0, Max: 0, Diff: 0, Sum: 0, Workers: 4
[38.764s][debug][gc,phases      ] GC(76)     Total                          Min: 0, Avg:  0.0, Max: 0, Diff: 0, Sum: 0, Workers: 4
[38.764s][debug][gc,phases      ] GC(76)   Weak JFR Old Object Samples    Min:  0.0, Avg:  0.0, Max:  0.0, Diff:  0.0, Sum:  0.0, Workers: 4
[38.764s][debug][gc,phases      ] GC(76)     Dead                           Min: 0, Avg:  0.0, Max: 0, Diff: 0, Sum: 0, Workers: 4
[38.764s][debug][gc,phases      ] GC(76)     Total                          Min: 0, Avg:  0.0, Max: 0, Diff: 0, Sum: 0, Workers: 4
[38.764s][debug][gc,phases      ] GC(76) Weak Processing 0.400ms
[38.764s][debug][gc,age         ] GC(76) Desired survivor size 131072000 bytes, new threshold 15 (max threshold 15)
[38.764s][info ][gc,heap        ] GC(76) PSYoungGen: 1904085K(1956864K)->84229K(1969152K) Eden: 1822208K(1822208K)->0K(1838592K) From: 81877K(134656K)->84229K(130560K)
[38.764s][info ][gc,heap        ] GC(76) ParOldGen: 388537K(461312K)->388545K(461312K)
[38.764s][info ][gc,metaspace   ] GC(76) Metaspace: 78358K(79232K)->78358K(79232K) NonClass: 67108K(67584K)->67108K(67584K) Class: 11250K(11648K)->11250K(11648K)
[38.765s][info ][gc             ] GC(76) Pause Young (GCLocker Initiated GC) 2238M->461M(2373M) 29.102ms
[38.765s][info ][gc,cpu         ] GC(76) User=0.14s Sys=0.00s Real=0.03s
[38.765s][info ][safepoint      ] Safepoint "ParallelGCSystemGC", Time since last: 5543089 ns, Reaching safepoint: 112201 ns, At safepoint: 29213165 ns, Total: 29325366 ns
[39.309s][info ][gc,start       ] GC(77) Pause Young (Allocation Failure)
[39.333s][debug][gc,phases      ] GC(77) Scavenge 24.599ms
[39.333s][debug][gc,ref         ] GC(77) Skipped phase 1 of Reference Processing: no references
[39.333s][debug][gc,ref         ] GC(77) ReferenceProcessor::execute queues: 1, RefProcThreadModel::Single, marks_oops_alive: false
[39.334s][debug][gc,ref         ] GC(77) Skipped phase 3 of Reference Processing: no references
[39.334s][debug][gc,ref         ] GC(77) ReferenceProcessor::execute queues: 1, RefProcThreadModel::Single, marks_oops_alive: false
[39.334s][debug][gc,phases      ] GC(77) Reference Processing 0.172ms
[39.334s][debug][gc,phases      ] GC(77)   VM Weak                        Min:  0.0, Avg:  0.0, Max:  0.0, Diff:  0.0, Sum:  0.0, Workers: 4
[39.334s][debug][gc,phases      ] GC(77)     Dead                           Min: 0, Avg:  0.0, Max: 0, Diff: 0, Sum: 0, Workers: 4
[39.334s][debug][gc,phases      ] GC(77)     Total                          Min: 0, Avg: 162.8, Max: 395, Diff: 395, Sum: 651, Workers: 4
[39.334s][debug][gc,phases      ] GC(77)   ObjectSynchronizer Weak        Min:  0.0, Avg:  0.0, Max:  0.0, Diff:  0.0, Sum:  0.0, Workers: 4
[39.334s][debug][gc,phases      ] GC(77)     Dead                           Min: 0, Avg:  0.0, Max: 0, Diff: 0, Sum: 0, Workers: 4
[39.334s][debug][gc,phases      ] GC(77)     Total                          Min: 0, Avg: 87.8, Max: 159, Diff: 159, Sum: 351, Workers: 4
[39.334s][debug][gc,phases      ] GC(77)   JVMTI Tag Weak OopStorage      Min:  0.0, Avg:  0.0, Max:  0.0, Diff:  0.0, Sum:  0.0, Workers: 4
[39.334s][debug][gc,phases      ] GC(77)     Dead                           Min: 0, Avg:  0.0, Max: 0, Diff: 0, Sum: 0, Workers: 4
[39.334s][debug][gc,phases      ] GC(77)     Total                          Min: 0, Avg:  0.0, Max: 0, Diff: 0, Sum: 0, Workers: 4
[39.334s][debug][gc,phases      ] GC(77)   StringTable Weak               Min:  0.1, Avg:  0.1, Max:  0.2, Diff:  0.0, Sum:  0.6, Workers: 4
[39.334s][debug][gc,phases      ] GC(77)     Dead                           Min: 0, Avg:  0.0, Max: 0, Diff: 0, Sum: 0, Workers: 4
[39.334s][debug][gc,phases      ] GC(77)     Total                          Min: 11008, Avg: 11617.0, Max: 12672, Diff: 1664, Sum: 46468, Workers: 4
[39.334s][debug][gc,phases      ] GC(77)   ResolvedMethodTable Weak       Min:  0.0, Avg:  0.0, Max:  0.0, Diff:  0.0, Sum:  0.1, Workers: 4
[39.334s][debug][gc,phases      ] GC(77)     Dead                           Min: 0, Avg:  0.0, Max: 0, Diff: 0, Sum: 0, Workers: 4
[39.334s][debug][gc,phases      ] GC(77)     Total                          Min: 1663, Avg: 1959.5, Max: 2237, Diff: 574, Sum: 7838, Workers: 4
[39.334s][debug][gc,phases      ] GC(77)   JNI Weak                       Min:  0.0, Avg:  0.0, Max:  0.0, Diff:  0.0, Sum:  0.0, Workers: 4
[39.334s][debug][gc,phases      ] GC(77)     Dead                           Min: 0, Avg:  0.0, Max: 0, Diff: 0, Sum: 0, Workers: 4
[39.334s][debug][gc,phases      ] GC(77)     Total                          Min: 0, Avg:  7.8, Max: 31, Diff: 31, Sum: 31, Workers: 4
[39.334s][debug][gc,phases      ] GC(77)   StringDedup Table Weak         Min:  0.0, Avg:  0.0, Max:  0.0, Diff:  0.0, Sum:  0.0, Workers: 4
[39.334s][debug][gc,phases      ] GC(77)     Dead                           Min: 0, Avg:  0.0, Max: 0, Diff: 0, Sum: 0, Workers: 4
[39.334s][debug][gc,phases      ] GC(77)     Total                          Min: 0, Avg:  0.0, Max: 0, Diff: 0, Sum: 0, Workers: 4
[39.334s][debug][gc,phases      ] GC(77)   StringDedup Requests0 Weak     Min:  0.0, Avg:  0.0, Max:  0.0, Diff:  0.0, Sum:  0.0, Workers: 4
[39.334s][debug][gc,phases      ] GC(77)     Dead                           Min: 0, Avg:  0.0, Max: 0, Diff: 0, Sum: 0, Workers: 4
[39.334s][debug][gc,phases      ] GC(77)     Total                          Min: 0, Avg:  0.0, Max: 0, Diff: 0, Sum: 0, Workers: 4
[39.334s][debug][gc,phases      ] GC(77)   StringDedup Requests1 Weak     Min:  0.0, Avg:  0.0, Max:  0.0, Diff:  0.0, Sum:  0.0, Workers: 4
[39.334s][debug][gc,phases      ] GC(77)     Dead                           Min: 0, Avg:  0.0, Max: 0, Diff: 0, Sum: 0, Workers: 4
[39.334s][debug][gc,phases      ] GC(77)     Total                          Min: 0, Avg:  0.0, Max: 0, Diff: 0, Sum: 0, Workers: 4
[39.334s][debug][gc,phases      ] GC(77)   Weak JFR Old Object Samples    Min:  0.0, Avg:  0.0, Max:  0.0, Diff:  0.0, Sum:  0.0, Workers: 4
[39.334s][debug][gc,phases      ] GC(77)     Dead                           Min: 0, Avg:  0.0, Max: 0, Diff: 0, Sum: 0, Workers: 4
[39.334s][debug][gc,phases      ] GC(77)     Total                          Min: 0, Avg:  0.0, Max: 0, Diff: 0, Sum: 0, Workers: 4
[39.334s][debug][gc,phases      ] GC(77) Weak Processing 0.389ms
[39.334s][debug][gc,age         ] GC(77) Desired survivor size 128450560 bytes, new threshold 15 (max threshold 15)
[39.334s][info ][gc,heap        ] GC(77) PSYoungGen: 1922821K(1969152K)->84519K(1966592K) Eden: 1838592K(1838592K)->0K(1838592K) From: 84229K(130560K)->84519K(128000K)
[39.334s][info ][gc,heap        ] GC(77) ParOldGen: 388546K(461312K)->388554K(461312K)
[39.334s][info ][gc,metaspace   ] GC(77) Metaspace: 78557K(79360K)->78557K(79360K) NonClass: 67300K(67712K)->67300K(67712K) Class: 11257K(11648K)->11257K(11648K)
[39.334s][info ][gc             ] GC(77) Pause Young (Allocation Failure) 2257M->461M(2371M) 25.318ms
[39.334s][info ][gc,cpu         ] GC(77) User=0.10s Sys=0.00s Real=0.03s
[39.334s][info ][safepoint      ] Safepoint "ParallelGCFailedAllocation", Time since last: 543844554 ns, Reaching safepoint: 200603 ns, At safepoint: 25439005 ns, Total: 25639608 ns
[39.855s][info ][safepoint      ] Safepoint "ParallelGCFailedAllocation", Time since last: 521009589 ns, Reaching safepoint: 278404 ns, At safepoint: 36001 ns, Total: 314405 ns
[39.856s][info ][gc,start       ] GC(78) Pause Young (GCLocker Initiated GC)
[39.880s][debug][gc,phases      ] GC(78) Scavenge 23.970ms
[39.880s][debug][gc,ref         ] GC(78) Skipped phase 1 of Reference Processing: no references
[39.880s][debug][gc,ref         ] GC(78) ReferenceProcessor::execute queues: 1, RefProcThreadModel::Single, marks_oops_alive: false
[39.880s][debug][gc,ref         ] GC(78) Skipped phase 3 of Reference Processing: no references
[39.880s][debug][gc,ref         ] GC(78) ReferenceProcessor::execute queues: 1, RefProcThreadModel::Single, marks_oops_alive: false
[39.880s][debug][gc,phases      ] GC(78) Reference Processing 0.138ms
[39.880s][debug][gc,phases      ] GC(78)   VM Weak                        Min:  0.0, Avg:  0.0, Max:  0.0, Diff:  0.0, Sum:  0.0, Workers: 4
[39.880s][debug][gc,phases      ] GC(78)     Dead                           Min: 0, Avg:  0.0, Max: 0, Diff: 0, Sum: 0, Workers: 4
[39.880s][debug][gc,phases      ] GC(78)     Total                          Min: 0, Avg: 162.8, Max: 384, Diff: 384, Sum: 651, Workers: 4
[39.880s][debug][gc,phases      ] GC(78)   ObjectSynchronizer Weak        Min:  0.0, Avg:  0.0, Max:  0.0, Diff:  0.0, Sum:  0.0, Workers: 4
[39.880s][debug][gc,phases      ] GC(78)     Dead                           Min: 0, Avg:  0.0, Max: 0, Diff: 0, Sum: 0, Workers: 4
[39.880s][debug][gc,phases      ] GC(78)     Total                          Min: 0, Avg: 87.8, Max: 159, Diff: 159, Sum: 351, Workers: 4
[39.880s][debug][gc,phases      ] GC(78)   JVMTI Tag Weak OopStorage      Min:  0.0, Avg:  0.0, Max:  0.0, Diff:  0.0, Sum:  0.0, Workers: 4
[39.880s][debug][gc,phases      ] GC(78)     Dead                           Min: 0, Avg:  0.0, Max: 0, Diff: 0, Sum: 0, Workers: 4
[39.880s][debug][gc,phases      ] GC(78)     Total                          Min: 0, Avg:  0.0, Max: 0, Diff: 0, Sum: 0, Workers: 4
[39.880s][debug][gc,phases      ] GC(78)   StringTable Weak               Min:  0.1, Avg:  0.1, Max:  0.1, Diff:  0.0, Sum:  0.5, Workers: 4
[39.880s][debug][gc,phases      ] GC(78)     Dead                           Min: 0, Avg:  0.0, Max: 0, Diff: 0, Sum: 0, Workers: 4
[39.880s][debug][gc,phases      ] GC(78)     Total                          Min: 10752, Avg: 11623.8, Max: 12160, Diff: 1408, Sum: 46495, Workers: 4
[39.880s][debug][gc,phases      ] GC(78)   ResolvedMethodTable Weak       Min:  0.0, Avg:  0.0, Max:  0.0, Diff:  0.0, Sum:  0.1, Workers: 4
[39.880s][debug][gc,phases      ] GC(78)     Dead                           Min: 0, Avg:  0.0, Max: 0, Diff: 0, Sum: 0, Workers: 4
[39.880s][debug][gc,phases      ] GC(78)     Total                          Min: 1856, Avg: 1959.5, Max: 2176, Diff: 320, Sum: 7838, Workers: 4
[39.880s][debug][gc,phases      ] GC(78)   JNI Weak                       Min:  0.0, Avg:  0.0, Max:  0.0, Diff:  0.0, Sum:  0.0, Workers: 4
[39.880s][debug][gc,phases      ] GC(78)     Dead                           Min: 0, Avg:  0.0, Max: 0, Diff: 0, Sum: 0, Workers: 4
[39.880s][debug][gc,phases      ] GC(78)     Total                          Min: 0, Avg:  0.5, Max: 2, Diff: 2, Sum: 2, Workers: 4
[39.880s][debug][gc,phases      ] GC(78)   StringDedup Table Weak         Min:  0.0, Avg:  0.0, Max:  0.0, Diff:  0.0, Sum:  0.0, Workers: 4
[39.880s][debug][gc,phases      ] GC(78)     Dead                           Min: 0, Avg:  0.0, Max: 0, Diff: 0, Sum: 0, Workers: 4
[39.880s][debug][gc,phases      ] GC(78)     Total                          Min: 0, Avg:  0.0, Max: 0, Diff: 0, Sum: 0, Workers: 4
[39.880s][debug][gc,phases      ] GC(78)   StringDedup Requests0 Weak     Min:  0.0, Avg:  0.0, Max:  0.0, Diff:  0.0, Sum:  0.0, Workers: 4
[39.880s][debug][gc,phases      ] GC(78)     Dead                           Min: 0, Avg:  0.0, Max: 0, Diff: 0, Sum: 0, Workers: 4
[39.880s][debug][gc,phases      ] GC(78)     Total                          Min: 0, Avg:  0.0, Max: 0, Diff: 0, Sum: 0, Workers: 4
[39.880s][debug][gc,phases      ] GC(78)   StringDedup Requests1 Weak     Min:  0.0, Avg:  0.0, Max:  0.0, Diff:  0.0, Sum:  0.0, Workers: 4
[39.880s][debug][gc,phases      ] GC(78)     Dead                           Min: 0, Avg:  0.0, Max: 0, Diff: 0, Sum: 0, Workers: 4
[39.880s][debug][gc,phases      ] GC(78)     Total                          Min: 0, Avg:  0.0, Max: 0, Diff: 0, Sum: 0, Workers: 4
[39.880s][debug][gc,phases      ] GC(78)   Weak JFR Old Object Samples    Min:  0.0, Avg:  0.0, Max:  0.0, Diff:  0.0, Sum:  0.0, Workers: 4
[39.880s][debug][gc,phases      ] GC(78)     Dead                           Min: 0, Avg:  0.0, Max: 0, Diff: 0, Sum: 0, Workers: 4
[39.880s][debug][gc,phases      ] GC(78)     Total                          Min: 0, Avg:  0.0, Max: 0, Diff: 0, Sum: 0, Workers: 4
[39.880s][debug][gc,phases      ] GC(78) Weak Processing 0.376ms
[39.880s][debug][gc,age         ] GC(78) Desired survivor size 126353408 bytes, new threshold 15 (max threshold 15)
[39.880s][info ][gc,heap        ] GC(78) PSYoungGen: 1923111K(1966592K)->85290K(1973760K) Eden: 1838592K(1838592K)->0K(1848320K) From: 84519K(128000K)->85290K(125440K)
[39.880s][info ][gc,heap        ] GC(78) ParOldGen: 388570K(461312K)->388578K(461312K)
[39.880s][info ][gc,metaspace   ] GC(78) Metaspace: 78721K(79552K)->78721K(79552K) NonClass: 67464K(67904K)->67464K(67904K) Class: 11257K(11648K)->11257K(11648K)
[39.880s][info ][gc             ] GC(78) Pause Young (GCLocker Initiated GC) 2257M->462M(2378M) 24.625ms
[39.880s][info ][gc,cpu         ] GC(78) User=0.09s Sys=0.00s Real=0.02s
[39.880s][info ][safepoint      ] Safepoint "ParallelGCSystemGC", Time since last: 258904 ns, Reaching safepoint: 91202 ns, At safepoint: 24744393 ns, Total: 24835595 ns
[40.352s][info ][gc,start       ] GC(79) Pause Young (Allocation Failure)
[40.375s][debug][gc,phases      ] GC(79) Scavenge 22.853ms
[40.375s][debug][gc,ref         ] GC(79) Skipped phase 1 of Reference Processing: no references
[40.375s][debug][gc,ref         ] GC(79) ReferenceProcessor::execute queues: 1, RefProcThreadModel::Single, marks_oops_alive: false
[40.375s][debug][gc,ref         ] GC(79) Skipped phase 3 of Reference Processing: no references
[40.375s][debug][gc,ref         ] GC(79) ReferenceProcessor::execute queues: 1, RefProcThreadModel::Single, marks_oops_alive: false
[40.375s][debug][gc,phases      ] GC(79) Reference Processing 0.130ms
[40.376s][debug][gc,phases      ] GC(79)   VM Weak                        Min:  0.0, Avg:  0.0, Max:  0.0, Diff:  0.0, Sum:  0.0, Workers: 4
[40.376s][debug][gc,phases      ] GC(79)     Dead                           Min: 0, Avg:  0.0, Max: 0, Diff: 0, Sum: 0, Workers: 4
[40.376s][debug][gc,phases      ] GC(79)     Total                          Min: 0, Avg: 162.8, Max: 331, Diff: 331, Sum: 651, Workers: 4
[40.376s][debug][gc,phases      ] GC(79)   ObjectSynchronizer Weak        Min:  0.0, Avg:  0.0, Max:  0.0, Diff:  0.0, Sum:  0.0, Workers: 4
[40.376s][debug][gc,phases      ] GC(79)     Dead                           Min: 0, Avg:  0.0, Max: 0, Diff: 0, Sum: 0, Workers: 4
[40.376s][debug][gc,phases      ] GC(79)     Total                          Min: 0, Avg: 87.8, Max: 192, Diff: 192, Sum: 351, Workers: 4
[40.376s][debug][gc,phases      ] GC(79)   JVMTI Tag Weak OopStorage      Min:  0.0, Avg:  0.0, Max:  0.0, Diff:  0.0, Sum:  0.0, Workers: 4
[40.376s][debug][gc,phases      ] GC(79)     Dead                           Min: 0, Avg:  0.0, Max: 0, Diff: 0, Sum: 0, Workers: 4
[40.376s][debug][gc,phases      ] GC(79)     Total                          Min: 0, Avg:  0.0, Max: 0, Diff: 0, Sum: 0, Workers: 4
[40.376s][debug][gc,phases      ] GC(79)   StringTable Weak               Min:  0.1, Avg:  0.1, Max:  0.1, Diff:  0.0, Sum:  0.5, Workers: 4
[40.376s][debug][gc,phases      ] GC(79)     Dead                           Min: 0, Avg:  0.0, Max: 0, Diff: 0, Sum: 0, Workers: 4
[40.376s][debug][gc,phases      ] GC(79)     Total                          Min: 10304, Avg: 11628.0, Max: 12992, Diff: 2688, Sum: 46512, Workers: 4
[40.376s][debug][gc,phases      ] GC(79)   ResolvedMethodTable Weak       Min:  0.0, Avg:  0.0, Max:  0.0, Diff:  0.0, Sum:  0.1, Workers: 4
[40.376s][debug][gc,phases      ] GC(79)     Dead                           Min: 0, Avg:  0.0, Max: 0, Diff: 0, Sum: 0, Workers: 4
[40.376s][debug][gc,phases      ] GC(79)     Total                          Min: 1792, Avg: 1959.5, Max: 2112, Diff: 320, Sum: 7838, Workers: 4
[40.376s][debug][gc,phases      ] GC(79)   JNI Weak                       Min:  0.0, Avg:  0.0, Max:  0.0, Diff:  0.0, Sum:  0.0, Workers: 4
[40.376s][debug][gc,phases      ] GC(79)     Dead                           Min: 0, Avg:  0.0, Max: 0, Diff: 0, Sum: 0, Workers: 4
[40.376s][debug][gc,phases      ] GC(79)     Total                          Min: 0, Avg:  1.8, Max: 7, Diff: 7, Sum: 7, Workers: 4
[40.376s][debug][gc,phases      ] GC(79)   StringDedup Table Weak         Min:  0.0, Avg:  0.0, Max:  0.0, Diff:  0.0, Sum:  0.0, Workers: 4
[40.376s][debug][gc,phases      ] GC(79)     Dead                           Min: 0, Avg:  0.0, Max: 0, Diff: 0, Sum: 0, Workers: 4
[40.376s][debug][gc,phases      ] GC(79)     Total                          Min: 0, Avg:  0.0, Max: 0, Diff: 0, Sum: 0, Workers: 4
[40.376s][debug][gc,phases      ] GC(79)   StringDedup Requests0 Weak     Min:  0.0, Avg:  0.0, Max:  0.0, Diff:  0.0, Sum:  0.0, Workers: 4
[40.376s][debug][gc,phases      ] GC(79)     Dead                           Min: 0, Avg:  0.0, Max: 0, Diff: 0, Sum: 0, Workers: 4
[40.376s][debug][gc,phases      ] GC(79)     Total                          Min: 0, Avg:  0.0, Max: 0, Diff: 0, Sum: 0, Workers: 4
[40.376s][debug][gc,phases      ] GC(79)   StringDedup Requests1 Weak     Min:  0.0, Avg:  0.0, Max:  0.0, Diff:  0.0, Sum:  0.0, Workers: 4
[40.376s][debug][gc,phases      ] GC(79)     Dead                           Min: 0, Avg:  0.0, Max: 0, Diff: 0, Sum: 0, Workers: 4
[40.376s][debug][gc,phases      ] GC(79)     Total                          Min: 0, Avg:  0.0, Max: 0, Diff: 0, Sum: 0, Workers: 4
[40.376s][debug][gc,phases      ] GC(79)   Weak JFR Old Object Samples    Min:  0.0, Avg:  0.0, Max:  0.0, Diff:  0.0, Sum:  0.0, Workers: 4
[40.376s][debug][gc,phases      ] GC(79)     Dead                           Min: 0, Avg:  0.0, Max: 0, Diff: 0, Sum: 0, Workers: 4
[40.376s][debug][gc,phases      ] GC(79)     Total                          Min: 0, Avg:  0.0, Max: 0, Diff: 0, Sum: 0, Workers: 4
[40.376s][debug][gc,phases      ] GC(79) Weak Processing 0.369ms
[40.376s][debug][gc,age         ] GC(79) Desired survivor size 124256256 bytes, new threshold 15 (max threshold 15)
[40.376s][info ][gc,heap        ] GC(79) PSYoungGen: 1933610K(1973760K)->63863K(1971712K) Eden: 1848320K(1848320K)->0K(1848320K) From: 85290K(125440K)->63863K(123392K)
[40.376s][info ][gc,heap        ] GC(79) ParOldGen: 388580K(461312K)->412422K(461312K)
[40.376s][info ][gc,metaspace   ] GC(79) Metaspace: 78772K(79616K)->78772K(79616K) NonClass: 67515K(67968K)->67515K(67968K) Class: 11257K(11648K)->11257K(11648K)
[40.376s][info ][gc             ] GC(79) Pause Young (Allocation Failure) 2267M->465M(2376M) 23.508ms
[40.376s][info ][gc,cpu         ] GC(79) User=0.09s Sys=0.00s Real=0.02s
[40.376s][info ][safepoint      ] Safepoint "ParallelGCFailedAllocation", Time since last: 471621903 ns, Reaching safepoint: 219804 ns, At safepoint: 23638276 ns, Total: 23858080 ns
[40.900s][info ][gc,start       ] GC(80) Pause Young (Allocation Failure)
[40.921s][debug][gc,phases      ] GC(80) Scavenge 21.210ms
[40.921s][debug][gc,ref         ] GC(80) Skipped phase 1 of Reference Processing: no references
[40.921s][debug][gc,ref         ] GC(80) ReferenceProcessor::execute queues: 1, RefProcThreadModel::Single, marks_oops_alive: false
[40.921s][debug][gc,ref         ] GC(80) Skipped phase 3 of Reference Processing: no references
[40.921s][debug][gc,ref         ] GC(80) ReferenceProcessor::execute queues: 1, RefProcThreadModel::Single, marks_oops_alive: false
[40.921s][debug][gc,phases      ] GC(80) Reference Processing 0.122ms
[40.921s][debug][gc,phases      ] GC(80)   VM Weak                        Min:  0.0, Avg:  0.0, Max:  0.0, Diff:  0.0, Sum:  0.0, Workers: 4
[40.921s][debug][gc,phases      ] GC(80)     Dead                           Min: 0, Avg:  0.0, Max: 0, Diff: 0, Sum: 0, Workers: 4
[40.921s][debug][gc,phases      ] GC(80)     Total                          Min: 0, Avg: 162.8, Max: 267, Diff: 267, Sum: 651, Workers: 4
[40.921s][debug][gc,phases      ] GC(80)   ObjectSynchronizer Weak        Min:  0.0, Avg:  0.0, Max:  0.0, Diff:  0.0, Sum:  0.0, Workers: 4
[40.921s][debug][gc,phases      ] GC(80)     Dead                           Min: 0, Avg:  0.0, Max: 0, Diff: 0, Sum: 0, Workers: 4
[40.921s][debug][gc,phases      ] GC(80)     Total                          Min: 0, Avg: 87.8, Max: 128, Diff: 128, Sum: 351, Workers: 4
[40.921s][debug][gc,phases      ] GC(80)   JVMTI Tag Weak OopStorage      Min:  0.0, Avg:  0.0, Max:  0.0, Diff:  0.0, Sum:  0.0, Workers: 4
[40.921s][debug][gc,phases      ] GC(80)     Dead                           Min: 0, Avg:  0.0, Max: 0, Diff: 0, Sum: 0, Workers: 4
[40.921s][debug][gc,phases      ] GC(80)     Total                          Min: 0, Avg:  0.0, Max: 0, Diff: 0, Sum: 0, Workers: 4
[40.921s][debug][gc,phases      ] GC(80)   StringTable Weak               Min:  0.1, Avg:  0.1, Max:  0.1, Diff:  0.0, Sum:  0.5, Workers: 4
[40.921s][debug][gc,phases      ] GC(80)     Dead                           Min: 0, Avg:  0.0, Max: 0, Diff: 0, Sum: 0, Workers: 4
[40.921s][debug][gc,phases      ] GC(80)     Total                          Min: 10624, Avg: 11632.2, Max: 12736, Diff: 2112, Sum: 46529, Workers: 4
[40.921s][debug][gc,phases      ] GC(80)   ResolvedMethodTable Weak       Min:  0.0, Avg:  0.0, Max:  0.0, Diff:  0.0, Sum:  0.1, Workers: 4
[40.921s][debug][gc,phases      ] GC(80)     Dead                           Min: 0, Avg:  0.0, Max: 0, Diff: 0, Sum: 0, Workers: 4
[40.921s][debug][gc,phases      ] GC(80)     Total                          Min: 1727, Avg: 1959.5, Max: 2109, Diff: 382, Sum: 7838, Workers: 4
[40.921s][debug][gc,phases      ] GC(80)   JNI Weak                       Min:  0.0, Avg:  0.0, Max:  0.0, Diff:  0.0, Sum:  0.0, Workers: 4
[40.921s][debug][gc,phases      ] GC(80)     Dead                           Min: 0, Avg:  0.0, Max: 0, Diff: 0, Sum: 0, Workers: 4
[40.921s][debug][gc,phases      ] GC(80)     Total                          Min: 0, Avg:  2.8, Max: 11, Diff: 11, Sum: 11, Workers: 4
[40.921s][debug][gc,phases      ] GC(80)   StringDedup Table Weak         Min:  0.0, Avg:  0.0, Max:  0.0, Diff:  0.0, Sum:  0.0, Workers: 4
[40.921s][debug][gc,phases      ] GC(80)     Dead                           Min: 0, Avg:  0.0, Max: 0, Diff: 0, Sum: 0, Workers: 4
[40.921s][debug][gc,phases      ] GC(80)     Total                          Min: 0, Avg:  0.0, Max: 0, Diff: 0, Sum: 0, Workers: 4
[40.921s][debug][gc,phases      ] GC(80)   StringDedup Requests0 Weak     Min:  0.0, Avg:  0.0, Max:  0.0, Diff:  0.0, Sum:  0.0, Workers: 4
[40.921s][debug][gc,phases      ] GC(80)     Dead                           Min: 0, Avg:  0.0, Max: 0, Diff: 0, Sum: 0, Workers: 4
[40.921s][debug][gc,phases      ] GC(80)     Total                          Min: 0, Avg:  0.0, Max: 0, Diff: 0, Sum: 0, Workers: 4
[40.921s][debug][gc,phases      ] GC(80)   StringDedup Requests1 Weak     Min:  0.0, Avg:  0.0, Max:  0.0, Diff:  0.0, Sum:  0.0, Workers: 4
[40.921s][debug][gc,phases      ] GC(80)     Dead                           Min: 0, Avg:  0.0, Max: 0, Diff: 0, Sum: 0, Workers: 4
[40.921s][debug][gc,phases      ] GC(80)     Total                          Min: 0, Avg:  0.0, Max: 0, Diff: 0, Sum: 0, Workers: 4
[40.921s][debug][gc,phases      ] GC(80)   Weak JFR Old Object Samples    Min:  0.0, Avg:  0.0, Max:  0.0, Diff:  0.0, Sum:  0.0, Workers: 4
[40.921s][debug][gc,phases      ] GC(80)     Dead                           Min: 0, Avg:  0.0, Max: 0, Diff: 0, Sum: 0, Workers: 4
[40.921s][debug][gc,phases      ] GC(80)     Total                          Min: 0, Avg:  0.0, Max: 0, Diff: 0, Sum: 0, Workers: 4
[40.921s][debug][gc,phases      ] GC(80) Weak Processing 0.349ms
[40.921s][debug][gc,age         ] GC(80) Desired survivor size 124256256 bytes, new threshold 15 (max threshold 15)
[40.921s][info ][gc,heap        ] GC(80) PSYoungGen: 1912183K(1971712K)->52053K(1975808K) Eden: 1848320K(1848320K)->0K(1854464K) From: 63863K(123392K)->52053K(121344K)
[40.921s][info ][gc,heap        ] GC(80) ParOldGen: 412422K(461312K)->425990K(461312K)
[40.921s][info ][gc,metaspace   ] GC(80) Metaspace: 78855K(79680K)->78855K(79680K) NonClass: 67597K(68032K)->67597K(68032K) Class: 11257K(11648K)->11257K(11648K)
[40.922s][info ][gc             ] GC(80) Pause Young (Allocation Failure) 2270M->466M(2380M) 21.827ms
[40.922s][info ][gc,cpu         ] GC(80) User=0.08s Sys=0.00s Real=0.02s
[40.922s][info ][safepoint      ] Safepoint "ParallelGCFailedAllocation", Time since last: 523507728 ns, Reaching safepoint: 176503 ns, At safepoint: 21939449 ns, Total: 22115952 ns
[41.422s][info ][gc,start       ] GC(81) Pause Young (Allocation Failure)
[41.446s][debug][gc,phases      ] GC(81) Scavenge 24.483ms
[41.446s][debug][gc,ref         ] GC(81) Skipped phase 1 of Reference Processing: no references
[41.446s][debug][gc,ref         ] GC(81) ReferenceProcessor::execute queues: 1, RefProcThreadModel::Single, marks_oops_alive: false
[41.446s][debug][gc,ref         ] GC(81) Skipped phase 3 of Reference Processing: no references
[41.446s][debug][gc,ref         ] GC(81) ReferenceProcessor::execute queues: 1, RefProcThreadModel::Single, marks_oops_alive: false
[41.447s][debug][gc,phases      ] GC(81) Reference Processing 0.114ms
[41.447s][debug][gc,phases      ] GC(81)   VM Weak                        Min:  0.0, Avg:  0.0, Max:  0.0, Diff:  0.0, Sum:  0.0, Workers: 4
[41.447s][debug][gc,phases      ] GC(81)     Dead                           Min: 0, Avg:  0.0, Max: 0, Diff: 0, Sum: 0, Workers: 4
[41.447s][debug][gc,phases      ] GC(81)     Total                          Min: 0, Avg: 162.8, Max: 640, Diff: 640, Sum: 651, Workers: 4
[41.447s][debug][gc,phases      ] GC(81)   ObjectSynchronizer Weak        Min:  0.0, Avg:  0.0, Max:  0.0, Diff:  0.0, Sum:  0.0, Workers: 4
[41.447s][debug][gc,phases      ] GC(81)     Dead                           Min: 0, Avg:  0.0, Max: 0, Diff: 0, Sum: 0, Workers: 4
[41.447s][debug][gc,phases      ] GC(81)     Total                          Min: 0, Avg: 88.0, Max: 160, Diff: 160, Sum: 352, Workers: 4
[41.447s][debug][gc,phases      ] GC(81)   JVMTI Tag Weak OopStorage      Min:  0.0, Avg:  0.0, Max:  0.0, Diff:  0.0, Sum:  0.0, Workers: 4
[41.447s][debug][gc,phases      ] GC(81)     Dead                           Min: 0, Avg:  0.0, Max: 0, Diff: 0, Sum: 0, Workers: 4
[41.447s][debug][gc,phases      ] GC(81)     Total                          Min: 0, Avg:  0.0, Max: 0, Diff: 0, Sum: 0, Workers: 4
[41.447s][debug][gc,phases      ] GC(81)   StringTable Weak               Min:  0.1, Avg:  0.1, Max:  0.1, Diff:  0.0, Sum:  0.5, Workers: 4
[41.447s][debug][gc,phases      ] GC(81)     Dead                           Min: 0, Avg:  0.0, Max: 0, Diff: 0, Sum: 0, Workers: 4
[41.447s][debug][gc,phases      ] GC(81)     Total                          Min: 11200, Avg: 11635.5, Max: 12302, Diff: 1102, Sum: 46542, Workers: 4
[41.447s][debug][gc,phases      ] GC(81)   ResolvedMethodTable Weak       Min:  0.0, Avg:  0.0, Max:  0.0, Diff:  0.0, Sum:  0.1, Workers: 4
[41.447s][debug][gc,phases      ] GC(81)     Dead                           Min: 0, Avg:  0.0, Max: 0, Diff: 0, Sum: 0, Workers: 4
[41.447s][debug][gc,phases      ] GC(81)     Total                          Min: 1762, Avg: 1959.5, Max: 2237, Diff: 475, Sum: 7838, Workers: 4
[41.447s][debug][gc,phases      ] GC(81)   JNI Weak                       Min:  0.0, Avg:  0.0, Max:  0.0, Diff:  0.0, Sum:  0.0, Workers: 4
[41.447s][debug][gc,phases      ] GC(81)     Dead                           Min: 0, Avg:  0.0, Max: 0, Diff: 0, Sum: 0, Workers: 4
[41.447s][debug][gc,phases      ] GC(81)     Total                          Min: 0, Avg:  1.8, Max: 7, Diff: 7, Sum: 7, Workers: 4
[41.447s][debug][gc,phases      ] GC(81)   StringDedup Table Weak         Min:  0.0, Avg:  0.0, Max:  0.0, Diff:  0.0, Sum:  0.0, Workers: 4
[41.447s][debug][gc,phases      ] GC(81)     Dead                           Min: 0, Avg:  0.0, Max: 0, Diff: 0, Sum: 0, Workers: 4
[41.447s][debug][gc,phases      ] GC(81)     Total                          Min: 0, Avg:  0.0, Max: 0, Diff: 0, Sum: 0, Workers: 4
[41.447s][debug][gc,phases      ] GC(81)   StringDedup Requests0 Weak     Min:  0.0, Avg:  0.0, Max:  0.0, Diff:  0.0, Sum:  0.0, Workers: 4
[41.447s][debug][gc,phases      ] GC(81)     Dead                           Min: 0, Avg:  0.0, Max: 0, Diff: 0, Sum: 0, Workers: 4
[41.447s][debug][gc,phases      ] GC(81)     Total                          Min: 0, Avg:  0.0, Max: 0, Diff: 0, Sum: 0, Workers: 4
[41.447s][debug][gc,phases      ] GC(81)   StringDedup Requests1 Weak     Min:  0.0, Avg:  0.0, Max:  0.0, Diff:  0.0, Sum:  0.0, Workers: 4
[41.447s][debug][gc,phases      ] GC(81)     Dead                           Min: 0, Avg:  0.0, Max: 0, Diff: 0, Sum: 0, Workers: 4
[41.447s][debug][gc,phases      ] GC(81)     Total                          Min: 0, Avg:  0.0, Max: 0, Diff: 0, Sum: 0, Workers: 4
[41.447s][debug][gc,phases      ] GC(81)   Weak JFR Old Object Samples    Min:  0.0, Avg:  0.0, Max:  0.0, Diff:  0.0, Sum:  0.0, Workers: 4
[41.447s][debug][gc,phases      ] GC(81)     Dead                           Min: 0, Avg:  0.0, Max: 0, Diff: 0, Sum: 0, Workers: 4
[41.447s][debug][gc,phases      ] GC(81)     Total                          Min: 0, Avg:  0.0, Max: 0, Diff: 0, Sum: 0, Workers: 4
[41.447s][debug][gc,phases      ] GC(81) Weak Processing 0.349ms
[41.447s][debug][gc,age         ] GC(81) Desired survivor size 124256256 bytes, new threshold 15 (max threshold 15)
[41.447s][info ][gc,heap        ] GC(81) PSYoungGen: 1906517K(1975808K)->50085K(1975808K) Eden: 1854464K(1854464K)->0K(1854464K) From: 52053K(121344K)->50085K(121344K)
[41.447s][info ][gc,heap        ] GC(81) ParOldGen: 425990K(461312K)->438438K(461312K)
[41.447s][info ][gc,metaspace   ] GC(81) Metaspace: 78901K(79744K)->78901K(79744K) NonClass: 67644K(68096K)->67644K(68096K) Class: 11257K(11648K)->11257K(11648K)
[41.447s][info ][gc             ] GC(81) Pause Young (Allocation Failure) 2277M->477M(2380M) 25.074ms
[41.447s][info ][gc,cpu         ] GC(81) User=0.10s Sys=0.00s Real=0.03s
[41.447s][debug][gc,phases      ] GC(82) Pre Compact 0.012ms
[41.447s][info ][gc,start       ] GC(82) Pause Full (Ergonomics)
[41.447s][info ][gc,phases,start] GC(82) Marking Phase
[41.590s][debug][gc,phases      ] GC(82) Par Mark 143.090ms
[41.590s][debug][gc,ref         ] GC(82) Skipped phase 1 of Reference Processing: no references
[41.591s][debug][gc,ref         ] GC(82) ReferenceProcessor::execute queues: 4, RefProcThreadModel::Multi, marks_oops_alive: false
[41.591s][debug][gc,ref         ] GC(82) Skipped phase 3 of Reference Processing: no references
[41.591s][debug][gc,ref         ] GC(82) ReferenceProcessor::execute queues: 1, RefProcThreadModel::Single, marks_oops_alive: false
[41.591s][debug][gc,phases      ] GC(82) Reference Processing 0.754ms
[41.591s][debug][gc,phases      ] GC(82)   VM Weak                        Min:  0.0, Avg:  0.0, Max:  0.0, Diff:  0.0, Sum:  0.0, Workers: 4
[41.591s][debug][gc,phases      ] GC(82)     Dead                           Min: 0, Avg:  0.0, Max: 0, Diff: 0, Sum: 0, Workers: 4
[41.591s][debug][gc,phases      ] GC(82)     Total                          Min: 64, Avg: 162.8, Max: 267, Diff: 203, Sum: 651, Workers: 4
[41.591s][debug][gc,phases      ] GC(82)   ObjectSynchronizer Weak        Min:  0.0, Avg:  0.0, Max:  0.0, Diff:  0.0, Sum:  0.0, Workers: 4
[41.591s][debug][gc,phases      ] GC(82)     Dead                           Min: 0, Avg:  0.0, Max: 0, Diff: 0, Sum: 0, Workers: 4
[41.591s][debug][gc,phases      ] GC(82)     Total                          Min: 0, Avg: 88.0, Max: 160, Diff: 160, Sum: 352, Workers: 4
[41.591s][debug][gc,phases      ] GC(82)   JVMTI Tag Weak OopStorage      Min:  0.0, Avg:  0.0, Max:  0.0, Diff:  0.0, Sum:  0.0, Workers: 4
[41.591s][debug][gc,phases      ] GC(82)     Dead                           Min: 0, Avg:  0.0, Max: 0, Diff: 0, Sum: 0, Workers: 4
[41.591s][debug][gc,phases      ] GC(82)     Total                          Min: 0, Avg:  0.0, Max: 0, Diff: 0, Sum: 0, Workers: 4
[41.591s][debug][gc,phases      ] GC(82)   StringTable Weak               Min:  0.2, Avg:  0.2, Max:  0.2, Diff:  0.0, Sum:  0.8, Workers: 4
[41.591s][debug][gc,phases      ] GC(82)     Dead                           Min: 0, Avg:  0.0, Max: 0, Diff: 0, Sum: 0, Workers: 4
[41.591s][debug][gc,phases      ] GC(82)     Total                          Min: 10880, Avg: 11635.5, Max: 13312, Diff: 2432, Sum: 46542, Workers: 4
[41.591s][debug][gc,phases      ] GC(82)   ResolvedMethodTable Weak       Min:  0.0, Avg:  0.0, Max:  0.0, Diff:  0.0, Sum:  0.1, Workers: 4
[41.591s][debug][gc,phases      ] GC(82)     Dead                           Min: 0, Avg:  0.0, Max: 0, Diff: 0, Sum: 0, Workers: 4
[41.591s][debug][gc,phases      ] GC(82)     Total                          Min: 1727, Avg: 1959.5, Max: 2271, Diff: 544, Sum: 7838, Workers: 4
[41.591s][debug][gc,phases      ] GC(82)   JNI Weak                       Min:  0.0, Avg:  0.0, Max:  0.0, Diff:  0.0, Sum:  0.0, Workers: 4
[41.591s][debug][gc,phases      ] GC(82)     Dead                           Min: 0, Avg:  0.0, Max: 0, Diff: 0, Sum: 0, Workers: 4
[41.591s][debug][gc,phases      ] GC(82)     Total                          Min: 0, Avg:  1.8, Max: 7, Diff: 7, Sum: 7, Workers: 4
[41.591s][debug][gc,phases      ] GC(82)   StringDedup Table Weak         Min:  0.0, Avg:  0.0, Max:  0.0, Diff:  0.0, Sum:  0.0, Workers: 4
[41.591s][debug][gc,phases      ] GC(82)     Dead                           Min: 0, Avg:  0.0, Max: 0, Diff: 0, Sum: 0, Workers: 4
[41.591s][debug][gc,phases      ] GC(82)     Total                          Min: 0, Avg:  0.0, Max: 0, Diff: 0, Sum: 0, Workers: 4
[41.591s][debug][gc,phases      ] GC(82)   StringDedup Requests0 Weak     Min:  0.0, Avg:  0.0, Max:  0.0, Diff:  0.0, Sum:  0.0, Workers: 4
[41.591s][debug][gc,phases      ] GC(82)     Dead                           Min: 0, Avg:  0.0, Max: 0, Diff: 0, Sum: 0, Workers: 4
[41.591s][debug][gc,phases      ] GC(82)     Total                          Min: 0, Avg:  0.0, Max: 0, Diff: 0, Sum: 0, Workers: 4
[41.591s][debug][gc,phases      ] GC(82)   StringDedup Requests1 Weak     Min:  0.0, Avg:  0.0, Max:  0.0, Diff:  0.0, Sum:  0.0, Workers: 4
[41.591s][debug][gc,phases      ] GC(82)     Dead                           Min: 0, Avg:  0.0, Max: 0, Diff: 0, Sum: 0, Workers: 4
[41.591s][debug][gc,phases      ] GC(82)     Total                          Min: 0, Avg:  0.0, Max: 0, Diff: 0, Sum: 0, Workers: 4
[41.591s][debug][gc,phases      ] GC(82)   Weak JFR Old Object Samples    Min:  0.0, Avg:  0.0, Max:  0.0, Diff:  0.0, Sum:  0.0, Workers: 4
[41.591s][debug][gc,phases      ] GC(82)     Dead                           Min: 0, Avg:  0.0, Max: 0, Diff: 0, Sum: 0, Workers: 4
[41.591s][debug][gc,phases      ] GC(82)     Total                          Min: 0, Avg:  0.0, Max: 0, Diff: 0, Sum: 0, Workers: 4
[41.591s][debug][gc,phases      ] GC(82) Weak Processing 0.450ms
[41.592s][debug][gc,phases      ] GC(82) ClassLoaderData 0.086ms
[41.592s][debug][gc,phases      ] GC(82) Trigger cleanups 0.000ms
[41.604s][debug][gc,phases      ] GC(82) Class Unloading 12.886ms
[41.604s][info ][gc,phases      ] GC(82) Marking Phase 157.393ms
[41.604s][info ][gc,phases,start] GC(82) Summary Phase
[41.604s][info ][gc,phases      ] GC(82) Summary Phase 0.011ms
[41.604s][info ][gc,phases,start] GC(82) Adjust Roots
[41.617s][info ][gc,phases      ] GC(82) Adjust Roots 13.076ms
[41.618s][info ][gc,phases,start] GC(82) Compaction Phase
[41.849s][info ][gc,phases      ] GC(82) Compaction Phase 231.062ms
[41.849s][info ][gc,phases,start] GC(82) Post Compact
[41.850s][info ][gc,phases      ] GC(82) Post Compact 1.390ms
[41.850s][info ][gc,heap        ] GC(82) PSYoungGen: 50085K(1975808K)->18801K(1975808K) Eden: 0K(1854464K)->0K(1854464K) From: 50085K(121344K)->18801K(121344K)
[41.850s][info ][gc,heap        ] GC(82) ParOldGen: 438438K(461312K)->461190K(549376K)
[41.850s][info ][gc,metaspace   ] GC(82) Metaspace: 78901K(79744K)->78901K(79744K) NonClass: 67644K(68096K)->67644K(68096K) Class: 11257K(11648K)->11257K(11648K)
[41.850s][info ][gc             ] GC(82) Pause Full (Ergonomics) 477M->468M(2466M) 403.250ms
[41.850s][info ][gc,cpu         ] GC(82) User=1.51s Sys=0.01s Real=0.40s
[41.853s][info ][safepoint      ] Safepoint "ParallelGCFailedAllocation", Time since last: 500006854 ns, Reaching safepoint: 209703 ns, At safepoint: 430716251 ns, Total: 430925954 ns
[42.305s][info ][gc,start       ] GC(83) Pause Young (Allocation Failure)
[42.357s][debug][gc,phases      ] GC(83) Scavenge 51.680ms
[42.357s][debug][gc,ref         ] GC(83) Skipped phase 1 of Reference Processing: no references
[42.357s][debug][gc,ref         ] GC(83) ReferenceProcessor::execute queues: 1, RefProcThreadModel::Single, marks_oops_alive: false
[42.357s][debug][gc,ref         ] GC(83) Skipped phase 3 of Reference Processing: no references
[42.357s][debug][gc,ref         ] GC(83) ReferenceProcessor::execute queues: 1, RefProcThreadModel::Single, marks_oops_alive: false
[42.357s][debug][gc,phases      ] GC(83) Reference Processing 0.116ms
[42.357s][debug][gc,phases      ] GC(83)   VM Weak                        Min:  0.0, Avg:  0.0, Max:  0.0, Diff:  0.0, Sum:  0.0, Workers: 4
[42.357s][debug][gc,phases      ] GC(83)     Dead                           Min: 0, Avg:  0.0, Max: 0, Diff: 0, Sum: 0, Workers: 4
[42.357s][debug][gc,phases      ] GC(83)     Total                          Min: 0, Avg: 163.0, Max: 384, Diff: 384, Sum: 652, Workers: 4
[42.357s][debug][gc,phases      ] GC(83)   ObjectSynchronizer Weak        Min:  0.0, Avg:  0.0, Max:  0.0, Diff:  0.0, Sum:  0.0, Workers: 4
[42.357s][debug][gc,phases      ] GC(83)     Dead                           Min: 0, Avg:  0.0, Max: 0, Diff: 0, Sum: 0, Workers: 4
[42.357s][debug][gc,phases      ] GC(83)     Total                          Min: 0, Avg: 88.0, Max: 128, Diff: 128, Sum: 352, Workers: 4
[42.357s][debug][gc,phases      ] GC(83)   JVMTI Tag Weak OopStorage      Min:  0.0, Avg:  0.0, Max:  0.0, Diff:  0.0, Sum:  0.0, Workers: 4
[42.357s][debug][gc,phases      ] GC(83)     Dead                           Min: 0, Avg:  0.0, Max: 0, Diff: 0, Sum: 0, Workers: 4
[42.357s][debug][gc,phases      ] GC(83)     Total                          Min: 0, Avg:  0.0, Max: 0, Diff: 0, Sum: 0, Workers: 4
[42.357s][debug][gc,phases      ] GC(83)   StringTable Weak               Min:  0.1, Avg:  0.1, Max:  0.2, Diff:  0.0, Sum:  0.6, Workers: 4
[42.357s][debug][gc,phases      ] GC(83)     Dead                           Min: 0, Avg:  0.2, Max: 1, Diff: 1, Sum: 1, Workers: 4
[42.357s][debug][gc,phases      ] GC(83)     Total                          Min: 10688, Avg: 11672.8, Max: 12579, Diff: 1891, Sum: 46691, Workers: 4
[42.357s][debug][gc,phases      ] GC(83)   ResolvedMethodTable Weak       Min:  0.0, Avg:  0.0, Max:  0.0, Diff:  0.0, Sum:  0.1, Workers: 4
[42.357s][debug][gc,phases      ] GC(83)     Dead                           Min: 0, Avg:  0.0, Max: 0, Diff: 0, Sum: 0, Workers: 4
[42.357s][debug][gc,phases      ] GC(83)     Total                          Min: 1856, Avg: 1987.2, Max: 2175, Diff: 319, Sum: 7949, Workers: 4
[42.357s][debug][gc,phases      ] GC(83)   JNI Weak                       Min:  0.0, Avg:  0.0, Max:  0.0, Diff:  0.0, Sum:  0.0, Workers: 4
[42.357s][debug][gc,phases      ] GC(83)     Dead                           Min: 0, Avg:  0.0, Max: 0, Diff: 0, Sum: 0, Workers: 4
[42.357s][debug][gc,phases      ] GC(83)     Total                          Min: 0, Avg:  2.8, Max: 11, Diff: 11, Sum: 11, Workers: 4
[42.357s][debug][gc,phases      ] GC(83)   StringDedup Table Weak         Min:  0.0, Avg:  0.0, Max:  0.0, Diff:  0.0, Sum:  0.0, Workers: 4
[42.357s][debug][gc,phases      ] GC(83)     Dead                           Min: 0, Avg:  0.0, Max: 0, Diff: 0, Sum: 0, Workers: 4
[42.357s][debug][gc,phases      ] GC(83)     Total                          Min: 0, Avg:  0.0, Max: 0, Diff: 0, Sum: 0, Workers: 4
[42.357s][debug][gc,phases      ] GC(83)   StringDedup Requests0 Weak     Min:  0.0, Avg:  0.0, Max:  0.0, Diff:  0.0, Sum:  0.0, Workers: 4
[42.357s][debug][gc,phases      ] GC(83)     Dead                           Min: 0, Avg:  0.0, Max: 0, Diff: 0, Sum: 0, Workers: 4
[42.357s][debug][gc,phases      ] GC(83)     Total                          Min: 0, Avg:  0.0, Max: 0, Diff: 0, Sum: 0, Workers: 4
[42.357s][debug][gc,phases      ] GC(83)   StringDedup Requests1 Weak     Min:  0.0, Avg:  0.0, Max:  0.0, Diff:  0.0, Sum:  0.0, Workers: 4
[42.357s][debug][gc,phases      ] GC(83)     Dead                           Min: 0, Avg:  0.0, Max: 0, Diff: 0, Sum: 0, Workers: 4
[42.357s][debug][gc,phases      ] GC(83)     Total                          Min: 0, Avg:  0.0, Max: 0, Diff: 0, Sum: 0, Workers: 4
[42.357s][debug][gc,phases      ] GC(83)   Weak JFR Old Object Samples    Min:  0.0, Avg:  0.0, Max:  0.0, Diff:  0.0, Sum:  0.0, Workers: 4
[42.357s][debug][gc,phases      ] GC(83)     Dead                           Min: 0, Avg:  0.0, Max: 0, Diff: 0, Sum: 0, Workers: 4
[42.357s][debug][gc,phases      ] GC(83)     Total                          Min: 0, Avg:  0.0, Max: 0, Diff: 0, Sum: 0, Workers: 4
[42.357s][debug][gc,phases      ] GC(83) Weak Processing 0.393ms
[42.357s][debug][gc,age         ] GC(83) Desired survivor size 128450560 bytes, new threshold 15 (max threshold 15)
[42.357s][info ][gc,heap        ] GC(83) PSYoungGen: 1873265K(1975808K)->18783K(1967616K) Eden: 1854464K(1854464K)->0K(1846272K) From: 18801K(121344K)->18783K(121344K)
[42.357s][info ][gc,heap        ] GC(83) ParOldGen: 461190K(549376K)->468430K(549376K)
[42.357s][info ][gc,metaspace   ] GC(83) Metaspace: 79128K(79872K)->79128K(79872K) NonClass: 67817K(68224K)->67817K(68224K) Class: 11311K(11648K)->11311K(11648K)
[42.357s][info ][gc             ] GC(83) Pause Young (Allocation Failure) 2279M->475M(2458M) 52.327ms
[42.357s][info ][gc,cpu         ] GC(83) User=0.19s Sys=0.00s Real=0.05s
[42.357s][info ][safepoint      ] Safepoint "ParallelGCFailedAllocation", Time since last: 452182892 ns, Reaching safepoint: 157903 ns, At safepoint: 52449234 ns, Total: 52607137 ns
[42.872s][info ][gc,start       ] GC(84) Pause Young (Allocation Failure)
[42.882s][debug][gc,phases      ] GC(84) Scavenge 10.094ms
[42.883s][debug][gc,ref         ] GC(84) Skipped phase 1 of Reference Processing: no references
[42.883s][debug][gc,ref         ] GC(84) ReferenceProcessor::execute queues: 1, RefProcThreadModel::Single, marks_oops_alive: false
[42.883s][debug][gc,ref         ] GC(84) Skipped phase 3 of Reference Processing: no references
[42.883s][debug][gc,ref         ] GC(84) Skipped phase 4 of Reference Processing: no references
[42.883s][debug][gc,phases      ] GC(84) Reference Processing 0.165ms
[42.883s][debug][gc,phases      ] GC(84)   VM Weak                        Min:  0.0, Avg:  0.0, Max:  0.0, Diff:  0.0, Sum:  0.0, Workers: 4
[42.883s][debug][gc,phases      ] GC(84)     Dead                           Min: 0, Avg:  0.0, Max: 0, Diff: 0, Sum: 0, Workers: 4
[42.883s][debug][gc,phases      ] GC(84)     Total                          Min: 0, Avg: 163.0, Max: 460, Diff: 460, Sum: 652, Workers: 4
[42.883s][debug][gc,phases      ] GC(84)   ObjectSynchronizer Weak        Min:  0.0, Avg:  0.0, Max:  0.0, Diff:  0.0, Sum:  0.0, Workers: 4
[42.883s][debug][gc,phases      ] GC(84)     Dead                           Min: 0, Avg:  0.0, Max: 0, Diff: 0, Sum: 0, Workers: 4
[42.883s][debug][gc,phases      ] GC(84)     Total                          Min: 0, Avg: 88.0, Max: 128, Diff: 128, Sum: 352, Workers: 4
[42.883s][debug][gc,phases      ] GC(84)   JVMTI Tag Weak OopStorage      Min:  0.0, Avg:  0.0, Max:  0.0, Diff:  0.0, Sum:  0.0, Workers: 4
[42.883s][debug][gc,phases      ] GC(84)     Dead                           Min: 0, Avg:  0.0, Max: 0, Diff: 0, Sum: 0, Workers: 4
[42.883s][debug][gc,phases      ] GC(84)     Total                          Min: 0, Avg:  0.0, Max: 0, Diff: 0, Sum: 0, Workers: 4
[42.883s][debug][gc,phases      ] GC(84)   StringTable Weak               Min:  0.1, Avg:  0.1, Max:  0.1, Diff:  0.0, Sum:  0.6, Workers: 4
[42.883s][debug][gc,phases      ] GC(84)     Dead                           Min: 0, Avg:  0.0, Max: 0, Diff: 0, Sum: 0, Workers: 4
[42.883s][debug][gc,phases      ] GC(84)     Total                          Min: 10982, Avg: 11673.5, Max: 12928, Diff: 1946, Sum: 46694, Workers: 4
[42.883s][debug][gc,phases      ] GC(84)   ResolvedMethodTable Weak       Min:  0.0, Avg:  0.0, Max:  0.0, Diff:  0.0, Sum:  0.1, Workers: 4
[42.883s][debug][gc,phases      ] GC(84)     Dead                           Min: 0, Avg:  0.0, Max: 0, Diff: 0, Sum: 0, Workers: 4
[42.883s][debug][gc,phases      ] GC(84)     Total                          Min: 1792, Avg: 1987.2, Max: 2189, Diff: 397, Sum: 7949, Workers: 4
[42.883s][debug][gc,phases      ] GC(84)   JNI Weak                       Min:  0.0, Avg:  0.0, Max:  0.0, Diff:  0.0, Sum:  0.0, Workers: 4
[42.883s][debug][gc,phases      ] GC(84)     Dead                           Min: 0, Avg:  0.0, Max: 0, Diff: 0, Sum: 0, Workers: 4
[42.883s][debug][gc,phases      ] GC(84)     Total                          Min: 0, Avg:  1.2, Max: 5, Diff: 5, Sum: 5, Workers: 4
[42.883s][debug][gc,phases      ] GC(84)   StringDedup Table Weak         Min:  0.0, Avg:  0.0, Max:  0.0, Diff:  0.0, Sum:  0.0, Workers: 4
[42.883s][debug][gc,phases      ] GC(84)     Dead                           Min: 0, Avg:  0.0, Max: 0, Diff: 0, Sum: 0, Workers: 4
[42.883s][debug][gc,phases      ] GC(84)     Total                          Min: 0, Avg:  0.0, Max: 0, Diff: 0, Sum: 0, Workers: 4
[42.883s][debug][gc,phases      ] GC(84)   StringDedup Requests0 Weak     Min:  0.0, Avg:  0.0, Max:  0.0, Diff:  0.0, Sum:  0.0, Workers: 4
[42.883s][debug][gc,phases      ] GC(84)     Dead                           Min: 0, Avg:  0.0, Max: 0, Diff: 0, Sum: 0, Workers: 4
[42.883s][debug][gc,phases      ] GC(84)     Total                          Min: 0, Avg:  0.0, Max: 0, Diff: 0, Sum: 0, Workers: 4
[42.883s][debug][gc,phases      ] GC(84)   StringDedup Requests1 Weak     Min:  0.0, Avg:  0.0, Max:  0.0, Diff:  0.0, Sum:  0.0, Workers: 4
[42.883s][debug][gc,phases      ] GC(84)     Dead                           Min: 0, Avg:  0.0, Max: 0, Diff: 0, Sum: 0, Workers: 4
[42.883s][debug][gc,phases      ] GC(84)     Total                          Min: 0, Avg:  0.0, Max: 0, Diff: 0, Sum: 0, Workers: 4
[42.883s][debug][gc,phases      ] GC(84)   Weak JFR Old Object Samples    Min:  0.0, Avg:  0.0, Max:  0.0, Diff:  0.0, Sum:  0.0, Workers: 4
[42.883s][debug][gc,phases      ] GC(84)     Dead                           Min: 0, Avg:  0.0, Max: 0, Diff: 0, Sum: 0, Workers: 4
[42.883s][debug][gc,phases      ] GC(84)     Total                          Min: 0, Avg:  0.0, Max: 0, Diff: 0, Sum: 0, Workers: 4
[42.883s][debug][gc,phases      ] GC(84) Weak Processing 0.378ms
[42.883s][debug][gc,age         ] GC(84) Desired survivor size 131596288 bytes, new threshold 15 (max threshold 15)
[42.883s][info ][gc,heap        ] GC(84) PSYoungGen: 1865055K(1967616K)->14900K(1861632K) Eden: 1846272K(1846272K)->0K(1846272K) From: 18783K(121344K)->14900K(15360K)
[42.883s][info ][gc,heap        ] GC(84) ParOldGen: 468430K(549376K)->477182K(549376K)
[42.883s][info ][gc,metaspace   ] GC(84) Metaspace: 79165K(79936K)->79165K(79936K) NonClass: 67854K(68288K)->67854K(68288K) Class: 11311K(11648K)->11311K(11648K)
[42.883s][info ][gc             ] GC(84) Pause Young (Allocation Failure) 2278M->480M(2354M) 10.837ms
[42.883s][info ][gc,cpu         ] GC(84) User=0.04s Sys=0.00s Real=0.01s
[42.883s][info ][safepoint      ] Safepoint "ParallelGCFailedAllocation", Time since last: 514776287 ns, Reaching safepoint: 213204 ns, At safepoint: 10960374 ns, Total: 11173578 ns
[43.360s][info ][gc,start       ] GC(85) Pause Young (Allocation Failure)
[43.370s][debug][gc,phases      ] GC(85) Scavenge 9.810ms
[43.370s][debug][gc,ref         ] GC(85) Skipped phase 1 of Reference Processing: no references
[43.370s][debug][gc,ref         ] GC(85) ReferenceProcessor::execute queues: 1, RefProcThreadModel::Single, marks_oops_alive: false
[43.370s][debug][gc,ref         ] GC(85) Skipped phase 3 of Reference Processing: no references
[43.370s][debug][gc,ref         ] GC(85) Skipped phase 4 of Reference Processing: no references
[43.370s][debug][gc,phases      ] GC(85) Reference Processing 0.135ms
[43.370s][debug][gc,phases      ] GC(85)   VM Weak                        Min:  0.0, Avg:  0.0, Max:  0.0, Diff:  0.0, Sum:  0.0, Workers: 4
[43.370s][debug][gc,phases      ] GC(85)     Dead                           Min: 0, Avg:  0.0, Max: 0, Diff: 0, Sum: 0, Workers: 4
[43.370s][debug][gc,phases      ] GC(85)     Total                          Min: 0, Avg: 163.0, Max: 588, Diff: 588, Sum: 652, Workers: 4
[43.370s][debug][gc,phases      ] GC(85)   ObjectSynchronizer Weak        Min:  0.0, Avg:  0.0, Max:  0.0, Diff:  0.0, Sum:  0.0, Workers: 4
[43.370s][debug][gc,phases      ] GC(85)     Dead                           Min: 0, Avg:  0.0, Max: 0, Diff: 0, Sum: 0, Workers: 4
[43.370s][debug][gc,phases      ] GC(85)     Total                          Min: 0, Avg: 88.0, Max: 160, Diff: 160, Sum: 352, Workers: 4
[43.370s][debug][gc,phases      ] GC(85)   JVMTI Tag Weak OopStorage      Min:  0.0, Avg:  0.0, Max:  0.0, Diff:  0.0, Sum:  0.0, Workers: 4
[43.370s][debug][gc,phases      ] GC(85)     Dead                           Min: 0, Avg:  0.0, Max: 0, Diff: 0, Sum: 0, Workers: 4
[43.370s][debug][gc,phases      ] GC(85)     Total                          Min: 0, Avg:  0.0, Max: 0, Diff: 0, Sum: 0, Workers: 4
[43.370s][debug][gc,phases      ] GC(85)   StringTable Weak               Min:  0.1, Avg:  0.1, Max:  0.1, Diff:  0.0, Sum:  0.4, Workers: 4
[43.370s][debug][gc,phases      ] GC(85)     Dead                           Min: 0, Avg:  0.0, Max: 0, Diff: 0, Sum: 0, Workers: 4
[43.370s][debug][gc,phases      ] GC(85)     Total                          Min: 11008, Avg: 11674.0, Max: 12648, Diff: 1640, Sum: 46696, Workers: 4
[43.370s][debug][gc,phases      ] GC(85)   ResolvedMethodTable Weak       Min:  0.0, Avg:  0.0, Max:  0.0, Diff:  0.0, Sum:  0.1, Workers: 4
[43.370s][debug][gc,phases      ] GC(85)     Dead                           Min: 0, Avg:  0.0, Max: 0, Diff: 0, Sum: 0, Workers: 4
[43.370s][debug][gc,phases      ] GC(85)     Total                          Min: 1870, Avg: 1987.2, Max: 2048, Diff: 178, Sum: 7949, Workers: 4
[43.370s][debug][gc,phases      ] GC(85)   JNI Weak                       Min:  0.0, Avg:  0.0, Max:  0.0, Diff:  0.0, Sum:  0.0, Workers: 4
[43.370s][debug][gc,phases      ] GC(85)     Dead                           Min: 0, Avg:  0.0, Max: 0, Diff: 0, Sum: 0, Workers: 4
[43.370s][debug][gc,phases      ] GC(85)     Total                          Min: 0, Avg:  1.8, Max: 7, Diff: 7, Sum: 7, Workers: 4
[43.370s][debug][gc,phases      ] GC(85)   StringDedup Table Weak         Min:  0.0, Avg:  0.0, Max:  0.0, Diff:  0.0, Sum:  0.0, Workers: 4
[43.370s][debug][gc,phases      ] GC(85)     Dead                           Min: 0, Avg:  0.0, Max: 0, Diff: 0, Sum: 0, Workers: 4
[43.370s][debug][gc,phases      ] GC(85)     Total                          Min: 0, Avg:  0.0, Max: 0, Diff: 0, Sum: 0, Workers: 4
[43.370s][debug][gc,phases      ] GC(85)   StringDedup Requests0 Weak     Min:  0.0, Avg:  0.0, Max:  0.0, Diff:  0.0, Sum:  0.0, Workers: 4
[43.370s][debug][gc,phases      ] GC(85)     Dead                           Min: 0, Avg:  0.0, Max: 0, Diff: 0, Sum: 0, Workers: 4
[43.370s][debug][gc,phases      ] GC(85)     Total                          Min: 0, Avg:  0.0, Max: 0, Diff: 0, Sum: 0, Workers: 4
[43.370s][debug][gc,phases      ] GC(85)   StringDedup Requests1 Weak     Min:  0.0, Avg:  0.0, Max:  0.0, Diff:  0.0, Sum:  0.0, Workers: 4
[43.370s][debug][gc,phases      ] GC(85)     Dead                           Min: 0, Avg:  0.0, Max: 0, Diff: 0, Sum: 0, Workers: 4
[43.370s][debug][gc,phases      ] GC(85)     Total                          Min: 0, Avg:  0.0, Max: 0, Diff: 0, Sum: 0, Workers: 4
[43.370s][debug][gc,phases      ] GC(85)   Weak JFR Old Object Samples    Min:  0.0, Avg:  0.0, Max:  0.0, Diff:  0.0, Sum:  0.0, Workers: 4
[43.370s][debug][gc,phases      ] GC(85)     Dead                           Min: 0, Avg:  0.0, Max: 0, Diff: 0, Sum: 0, Workers: 4
[43.370s][debug][gc,phases      ] GC(85)     Total                          Min: 0, Avg:  0.0, Max: 0, Diff: 0, Sum: 0, Workers: 4
[43.370s][debug][gc,phases      ] GC(85) Weak Processing 0.312ms
[43.370s][debug][gc,age         ] GC(85) Desired survivor size 132644864 bytes, new threshold 15 (max threshold 15)
[43.370s][info ][gc,heap        ] GC(85) PSYoungGen: 1861172K(1861632K)->19028K(1966592K) Eden: 1846272K(1846272K)->0K(1838080K) From: 14900K(15360K)->19028K(128512K)
[43.370s][info ][gc,heap        ] GC(85) ParOldGen: 477182K(549376K)->477278K(549376K)
[43.370s][info ][gc,metaspace   ] GC(85) Metaspace: 79180K(80000K)->79180K(80000K) NonClass: 67868K(68352K)->67868K(68352K) Class: 11311K(11648K)->11311K(11648K)
[43.370s][info ][gc             ] GC(85) Pause Young (Allocation Failure) 2283M->484M(2457M) 10.394ms
[43.370s][info ][gc,cpu         ] GC(85) User=0.05s Sys=0.00s Real=0.01s
[43.371s][info ][safepoint      ] Safepoint "ParallelGCFailedAllocation", Time since last: 476600580 ns, Reaching safepoint: 145802 ns, At safepoint: 10508967 ns, Total: 10654769 ns
[43.506s][info ][safepoint      ] Safepoint "ICBufferFull", Time since last: 134934446 ns, Reaching safepoint: 139702 ns, At safepoint: 30801 ns, Total: 170503 ns
[43.843s][info ][gc,start       ] GC(86) Pause Young (Allocation Failure)
[43.852s][debug][gc,phases      ] GC(86) Scavenge 8.221ms
[43.852s][debug][gc,ref         ] GC(86) Skipped phase 1 of Reference Processing: no references
[43.852s][debug][gc,ref         ] GC(86) ReferenceProcessor::execute queues: 1, RefProcThreadModel::Single, marks_oops_alive: false
[43.852s][debug][gc,ref         ] GC(86) Skipped phase 3 of Reference Processing: no references
[43.852s][debug][gc,ref         ] GC(86) ReferenceProcessor::execute queues: 1, RefProcThreadModel::Single, marks_oops_alive: false
[43.852s][debug][gc,phases      ] GC(86) Reference Processing 0.136ms
[43.852s][debug][gc,phases      ] GC(86)   VM Weak                        Min:  0.0, Avg:  0.0, Max:  0.0, Diff:  0.0, Sum:  0.0, Workers: 4
[43.852s][debug][gc,phases      ] GC(86)     Dead                           Min: 0, Avg:  0.0, Max: 0, Diff: 0, Sum: 0, Workers: 4
[43.852s][debug][gc,phases      ] GC(86)     Total                          Min: 0, Avg: 163.0, Max: 512, Diff: 512, Sum: 652, Workers: 4
[43.852s][debug][gc,phases      ] GC(86)   ObjectSynchronizer Weak        Min:  0.0, Avg:  0.0, Max:  0.0, Diff:  0.0, Sum:  0.0, Workers: 4
[43.852s][debug][gc,phases      ] GC(86)     Dead                           Min: 0, Avg:  0.0, Max: 0, Diff: 0, Sum: 0, Workers: 4
[43.852s][debug][gc,phases      ] GC(86)     Total                          Min: 0, Avg: 88.0, Max: 192, Diff: 192, Sum: 352, Workers: 4
[43.852s][debug][gc,phases      ] GC(86)   JVMTI Tag Weak OopStorage      Min:  0.0, Avg:  0.0, Max:  0.0, Diff:  0.0, Sum:  0.0, Workers: 4
[43.852s][debug][gc,phases      ] GC(86)     Dead                           Min: 0, Avg:  0.0, Max: 0, Diff: 0, Sum: 0, Workers: 4
[43.852s][debug][gc,phases      ] GC(86)     Total                          Min: 0, Avg:  0.0, Max: 0, Diff: 0, Sum: 0, Workers: 4
[43.852s][debug][gc,phases      ] GC(86)   StringTable Weak               Min:  0.1, Avg:  0.1, Max:  0.1, Diff:  0.0, Sum:  0.5, Workers: 4
[43.852s][debug][gc,phases      ] GC(86)     Dead                           Min: 0, Avg:  0.0, Max: 0, Diff: 0, Sum: 0, Workers: 4
[43.852s][debug][gc,phases      ] GC(86)     Total                          Min: 10752, Avg: 11684.0, Max: 12560, Diff: 1808, Sum: 46736, Workers: 4
[43.852s][debug][gc,phases      ] GC(86)   ResolvedMethodTable Weak       Min:  0.0, Avg:  0.0, Max:  0.0, Diff:  0.0, Sum:  0.1, Workers: 4
[43.852s][debug][gc,phases      ] GC(86)     Dead                           Min: 0, Avg:  0.0, Max: 0, Diff: 0, Sum: 0, Workers: 4
[43.852s][debug][gc,phases      ] GC(86)     Total                          Min: 1728, Avg: 2001.8, Max: 2176, Diff: 448, Sum: 8007, Workers: 4
[43.852s][debug][gc,phases      ] GC(86)   JNI Weak                       Min:  0.0, Avg:  0.0, Max:  0.0, Diff:  0.0, Sum:  0.0, Workers: 4
[43.852s][debug][gc,phases      ] GC(86)     Dead                           Min: 0, Avg:  0.0, Max: 0, Diff: 0, Sum: 0, Workers: 4
[43.852s][debug][gc,phases      ] GC(86)     Total                          Min: 0, Avg:  1.2, Max: 5, Diff: 5, Sum: 5, Workers: 4
[43.852s][debug][gc,phases      ] GC(86)   StringDedup Table Weak         Min:  0.0, Avg:  0.0, Max:  0.0, Diff:  0.0, Sum:  0.0, Workers: 4
[43.852s][debug][gc,phases      ] GC(86)     Dead                           Min: 0, Avg:  0.0, Max: 0, Diff: 0, Sum: 0, Workers: 4
[43.852s][debug][gc,phases      ] GC(86)     Total                          Min: 0, Avg:  0.0, Max: 0, Diff: 0, Sum: 0, Workers: 4
[43.852s][debug][gc,phases      ] GC(86)   StringDedup Requests0 Weak     Min:  0.0, Avg:  0.0, Max:  0.0, Diff:  0.0, Sum:  0.0, Workers: 4
[43.852s][debug][gc,phases      ] GC(86)     Dead                           Min: 0, Avg:  0.0, Max: 0, Diff: 0, Sum: 0, Workers: 4
[43.852s][debug][gc,phases      ] GC(86)     Total                          Min: 0, Avg:  0.0, Max: 0, Diff: 0, Sum: 0, Workers: 4
[43.852s][debug][gc,phases      ] GC(86)   StringDedup Requests1 Weak     Min:  0.0, Avg:  0.0, Max:  0.0, Diff:  0.0, Sum:  0.0, Workers: 4
[43.852s][debug][gc,phases      ] GC(86)     Dead                           Min: 0, Avg:  0.0, Max: 0, Diff: 0, Sum: 0, Workers: 4
[43.852s][debug][gc,phases      ] GC(86)     Total                          Min: 0, Avg:  0.0, Max: 0, Diff: 0, Sum: 0, Workers: 4
[43.852s][debug][gc,phases      ] GC(86)   Weak JFR Old Object Samples    Min:  0.0, Avg:  0.0, Max:  0.0, Diff:  0.0, Sum:  0.0, Workers: 4
[43.852s][debug][gc,phases      ] GC(86)     Dead                           Min: 0, Avg:  0.0, Max: 0, Diff: 0, Sum: 0, Workers: 4
[43.852s][debug][gc,phases      ] GC(86)     Total                          Min: 0, Avg:  0.0, Max: 0, Diff: 0, Sum: 0, Workers: 4
[43.852s][debug][gc,phases      ] GC(86) Weak Processing 0.338ms
[43.852s][debug][gc,age         ] GC(86) Desired survivor size 131072000 bytes, new threshold 15 (max threshold 15)
[43.852s][info ][gc,heap        ] GC(86) PSYoungGen: 1857108K(1966592K)->23976K(1967616K) Eden: 1838080K(1838080K)->0K(1838080K) From: 19028K(128512K)->23976K(129536K)
[43.852s][info ][gc,heap        ] GC(86) ParOldGen: 477278K(549376K)->477382K(549376K)
[43.852s][info ][gc,metaspace   ] GC(86) Metaspace: 79267K(80128K)->79267K(80128K) NonClass: 67935K(68416K)->67935K(68416K) Class: 11332K(11712K)->11332K(11712K)
[43.852s][info ][gc             ] GC(86) Pause Young (Allocation Failure) 2279M->489M(2458M) 8.827ms
[43.852s][info ][gc,cpu         ] GC(86) User=0.03s Sys=0.00s Real=0.01s
[43.852s][info ][safepoint      ] Safepoint "ParallelGCFailedAllocation", Time since last: 337237363 ns, Reaching safepoint: 369005 ns, At safepoint: 8944043 ns, Total: 9313048 ns
[43.946s][info ][safepoint      ] Safepoint "ICBufferFull", Time since last: 93722090 ns, Reaching safepoint: 152003 ns, At safepoint: 26200 ns, Total: 178203 ns
[44.062s][info ][safepoint      ] Safepoint "ICBufferFull", Time since last: 113384103 ns, Reaching safepoint: 2194135 ns, At safepoint: 31000 ns, Total: 2225135 ns
[44.096s][info ][safepoint      ] Safepoint "ICBufferFull", Time since last: 30982293 ns, Reaching safepoint: 3219451 ns, At safepoint: 27901 ns, Total: 3247352 ns
[44.131s][info ][safepoint      ] Safepoint "ICBufferFull", Time since last: 35108058 ns, Reaching safepoint: 151902 ns, At safepoint: 26001 ns, Total: 177903 ns
[44.400s][info ][gc,start       ] GC(87) Pause Young (Allocation Failure)
[44.409s][debug][gc,phases      ] GC(87) Scavenge 9.043ms
[44.409s][debug][gc,ref         ] GC(87) Skipped phase 1 of Reference Processing: no references
[44.409s][debug][gc,ref         ] GC(87) ReferenceProcessor::execute queues: 1, RefProcThreadModel::Single, marks_oops_alive: false
[44.409s][debug][gc,ref         ] GC(87) Skipped phase 3 of Reference Processing: no references
[44.409s][debug][gc,ref         ] GC(87) Skipped phase 4 of Reference Processing: no references
[44.409s][debug][gc,phases      ] GC(87) Reference Processing 0.124ms
[44.409s][debug][gc,phases      ] GC(87)   VM Weak                        Min:  0.0, Avg:  0.0, Max:  0.0, Diff:  0.0, Sum:  0.0, Workers: 4
[44.409s][debug][gc,phases      ] GC(87)     Dead                           Min: 0, Avg:  0.0, Max: 0, Diff: 0, Sum: 0, Workers: 4
[44.409s][debug][gc,phases      ] GC(87)     Total                          Min: 0, Avg: 163.0, Max: 652, Diff: 652, Sum: 652, Workers: 4
[44.409s][debug][gc,phases      ] GC(87)   ObjectSynchronizer Weak        Min:  0.0, Avg:  0.0, Max:  0.0, Diff:  0.0, Sum:  0.0, Workers: 4
[44.409s][debug][gc,phases      ] GC(87)     Dead                           Min: 0, Avg:  0.0, Max: 0, Diff: 0, Sum: 0, Workers: 4
[44.409s][debug][gc,phases      ] GC(87)     Total                          Min: 0, Avg: 88.0, Max: 352, Diff: 352, Sum: 352, Workers: 4
[44.409s][debug][gc,phases      ] GC(87)   JVMTI Tag Weak OopStorage      Min:  0.0, Avg:  0.0, Max:  0.0, Diff:  0.0, Sum:  0.0, Workers: 4
[44.409s][debug][gc,phases      ] GC(87)     Dead                           Min: 0, Avg:  0.0, Max: 0, Diff: 0, Sum: 0, Workers: 4
[44.409s][debug][gc,phases      ] GC(87)     Total                          Min: 0, Avg:  0.0, Max: 0, Diff: 0, Sum: 0, Workers: 4
[44.409s][debug][gc,phases      ] GC(87)   StringTable Weak               Min:  0.1, Avg:  0.1, Max:  0.1, Diff:  0.0, Sum:  0.4, Workers: 4
[44.409s][debug][gc,phases      ] GC(87)     Dead                           Min: 0, Avg:  0.0, Max: 0, Diff: 0, Sum: 0, Workers: 4
[44.409s][debug][gc,phases      ] GC(87)     Total                          Min: 10897, Avg: 11684.2, Max: 12288, Diff: 1391, Sum: 46737, Workers: 4
[44.409s][debug][gc,phases      ] GC(87)   ResolvedMethodTable Weak       Min:  0.0, Avg:  0.0, Max:  0.0, Diff:  0.0, Sum:  0.1, Workers: 4
[44.409s][debug][gc,phases      ] GC(87)     Dead                           Min: 0, Avg:  0.0, Max: 0, Diff: 0, Sum: 0, Workers: 4
[44.409s][debug][gc,phases      ] GC(87)     Total                          Min: 1856, Avg: 2001.8, Max: 2183, Diff: 327, Sum: 8007, Workers: 4
[44.409s][debug][gc,phases      ] GC(87)   JNI Weak                       Min:  0.0, Avg:  0.0, Max:  0.0, Diff:  0.0, Sum:  0.0, Workers: 4
[44.409s][debug][gc,phases      ] GC(87)     Dead                           Min: 0, Avg:  0.0, Max: 0, Diff: 0, Sum: 0, Workers: 4
[44.409s][debug][gc,phases      ] GC(87)     Total                          Min: 0, Avg:  0.0, Max: 0, Diff: 0, Sum: 0, Workers: 4
[44.409s][debug][gc,phases      ] GC(87)   StringDedup Table Weak         Min:  0.0, Avg:  0.0, Max:  0.0, Diff:  0.0, Sum:  0.0, Workers: 4
[44.409s][debug][gc,phases      ] GC(87)     Dead                           Min: 0, Avg:  0.0, Max: 0, Diff: 0, Sum: 0, Workers: 4
[44.409s][debug][gc,phases      ] GC(87)     Total                          Min: 0, Avg:  0.0, Max: 0, Diff: 0, Sum: 0, Workers: 4
[44.409s][debug][gc,phases      ] GC(87)   StringDedup Requests0 Weak     Min:  0.0, Avg:  0.0, Max:  0.0, Diff:  0.0, Sum:  0.0, Workers: 4
[44.409s][debug][gc,phases      ] GC(87)     Dead                           Min: 0, Avg:  0.0, Max: 0, Diff: 0, Sum: 0, Workers: 4
[44.409s][debug][gc,phases      ] GC(87)     Total                          Min: 0, Avg:  0.0, Max: 0, Diff: 0, Sum: 0, Workers: 4
[44.409s][debug][gc,phases      ] GC(87)   StringDedup Requests1 Weak     Min:  0.0, Avg:  0.0, Max:  0.0, Diff:  0.0, Sum:  0.0, Workers: 4
[44.409s][debug][gc,phases      ] GC(87)     Dead                           Min: 0, Avg:  0.0, Max: 0, Diff: 0, Sum: 0, Workers: 4
[44.409s][debug][gc,phases      ] GC(87)     Total                          Min: 0, Avg:  0.0, Max: 0, Diff: 0, Sum: 0, Workers: 4
[44.409s][debug][gc,phases      ] GC(87)   Weak JFR Old Object Samples    Min:  0.0, Avg:  0.0, Max:  0.0, Diff:  0.0, Sum:  0.0, Workers: 4
[44.409s][debug][gc,phases      ] GC(87)     Dead                           Min: 0, Avg:  0.0, Max: 0, Diff: 0, Sum: 0, Workers: 4
[44.409s][debug][gc,phases      ] GC(87)     Total                          Min: 0, Avg:  0.0, Max: 0, Diff: 0, Sum: 0, Workers: 4
[44.409s][debug][gc,phases      ] GC(87) Weak Processing 0.348ms
[44.409s][debug][gc,age         ] GC(87) Desired survivor size 128450560 bytes, new threshold 15 (max threshold 15)
[44.409s][info ][gc,heap        ] GC(87) PSYoungGen: 1862056K(1967616K)->26356K(1971712K) Eden: 1838080K(1838080K)->0K(1843712K) From: 23976K(129536K)->26356K(128000K)
[44.409s][info ][gc,heap        ] GC(87) ParOldGen: 477382K(549376K)->477550K(549376K)
[44.409s][info ][gc,metaspace   ] GC(87) Metaspace: 79305K(80128K)->79305K(80128K) NonClass: 67973K(68416K)->67973K(68416K) Class: 11332K(11712K)->11332K(11712K)
[44.409s][info ][gc             ] GC(87) Pause Young (Allocation Failure) 2284M->492M(2462M) 9.658ms
[44.409s][info ][gc,cpu         ] GC(87) User=0.03s Sys=0.00s Real=0.01s
[44.409s][info ][safepoint      ] Safepoint "ParallelGCFailedAllocation", Time since last: 268161764 ns, Reaching safepoint: 171903 ns, At safepoint: 9771155 ns, Total: 9943058 ns
[44.751s][info ][safepoint      ] Safepoint "ICBufferFull", Time since last: 341307627 ns, Reaching safepoint: 177303 ns, At safepoint: 23400 ns, Total: 200703 ns
[44.889s][info ][gc,start       ] GC(88) Pause Young (Allocation Failure)
[44.899s][debug][gc,phases      ] GC(88) Scavenge 9.606ms
[44.899s][debug][gc,ref         ] GC(88) Skipped phase 1 of Reference Processing: no references
[44.899s][debug][gc,ref         ] GC(88) ReferenceProcessor::execute queues: 1, RefProcThreadModel::Single, marks_oops_alive: false
[44.899s][debug][gc,ref         ] GC(88) Skipped phase 3 of Reference Processing: no references
[44.899s][debug][gc,ref         ] GC(88) Skipped phase 4 of Reference Processing: no references
[44.899s][debug][gc,phases      ] GC(88) Reference Processing 0.121ms
[44.899s][debug][gc,phases      ] GC(88)   VM Weak                        Min:  0.0, Avg:  0.0, Max:  0.0, Diff:  0.0, Sum:  0.0, Workers: 4
[44.899s][debug][gc,phases      ] GC(88)     Dead                           Min: 0, Avg:  0.0, Max: 0, Diff: 0, Sum: 0, Workers: 4
[44.899s][debug][gc,phases      ] GC(88)     Total                          Min: 0, Avg: 163.0, Max: 652, Diff: 652, Sum: 652, Workers: 4
[44.899s][debug][gc,phases      ] GC(88)   ObjectSynchronizer Weak        Min:  0.0, Avg:  0.0, Max:  0.0, Diff:  0.0, Sum:  0.0, Workers: 4
[44.899s][debug][gc,phases      ] GC(88)     Dead                           Min: 0, Avg:  0.0, Max: 0, Diff: 0, Sum: 0, Workers: 4
[44.899s][debug][gc,phases      ] GC(88)     Total                          Min: 0, Avg: 88.0, Max: 352, Diff: 352, Sum: 352, Workers: 4
[44.899s][debug][gc,phases      ] GC(88)   JVMTI Tag Weak OopStorage      Min:  0.0, Avg:  0.0, Max:  0.0, Diff:  0.0, Sum:  0.0, Workers: 4
[44.899s][debug][gc,phases      ] GC(88)     Dead                           Min: 0, Avg:  0.0, Max: 0, Diff: 0, Sum: 0, Workers: 4
[44.899s][debug][gc,phases      ] GC(88)     Total                          Min: 0, Avg:  0.0, Max: 0, Diff: 0, Sum: 0, Workers: 4
[44.899s][debug][gc,phases      ] GC(88)   StringTable Weak               Min:  0.1, Avg:  0.1, Max:  0.1, Diff:  0.0, Sum:  0.5, Workers: 4
[44.899s][debug][gc,phases      ] GC(88)     Dead                           Min: 0, Avg:  0.0, Max: 0, Diff: 0, Sum: 0, Workers: 4
[44.899s][debug][gc,phases      ] GC(88)     Total                          Min: 10048, Avg: 11685.0, Max: 12564, Diff: 2516, Sum: 46740, Workers: 4
[44.899s][debug][gc,phases      ] GC(88)   ResolvedMethodTable Weak       Min:  0.0, Avg:  0.0, Max:  0.0, Diff:  0.0, Sum:  0.1, Workers: 4
[44.899s][debug][gc,phases      ] GC(88)     Dead                           Min: 0, Avg:  0.0, Max: 0, Diff: 0, Sum: 0, Workers: 4
[44.899s][debug][gc,phases      ] GC(88)     Total                          Min: 1728, Avg: 2001.8, Max: 2183, Diff: 455, Sum: 8007, Workers: 4
[44.899s][debug][gc,phases      ] GC(88)   JNI Weak                       Min:  0.0, Avg:  0.0, Max:  0.0, Diff:  0.0, Sum:  0.0, Workers: 4
[44.899s][debug][gc,phases      ] GC(88)     Dead                           Min: 0, Avg:  0.0, Max: 0, Diff: 0, Sum: 0, Workers: 4
[44.899s][debug][gc,phases      ] GC(88)     Total                          Min: 0, Avg:  1.2, Max: 5, Diff: 5, Sum: 5, Workers: 4
[44.899s][debug][gc,phases      ] GC(88)   StringDedup Table Weak         Min:  0.0, Avg:  0.0, Max:  0.0, Diff:  0.0, Sum:  0.0, Workers: 4
[44.899s][debug][gc,phases      ] GC(88)     Dead                           Min: 0, Avg:  0.0, Max: 0, Diff: 0, Sum: 0, Workers: 4
[44.899s][debug][gc,phases      ] GC(88)     Total                          Min: 0, Avg:  0.0, Max: 0, Diff: 0, Sum: 0, Workers: 4
[44.899s][debug][gc,phases      ] GC(88)   StringDedup Requests0 Weak     Min:  0.0, Avg:  0.0, Max:  0.0, Diff:  0.0, Sum:  0.0, Workers: 4
[44.899s][debug][gc,phases      ] GC(88)     Dead                           Min: 0, Avg:  0.0, Max: 0, Diff: 0, Sum: 0, Workers: 4
[44.899s][debug][gc,phases      ] GC(88)     Total                          Min: 0, Avg:  0.0, Max: 0, Diff: 0, Sum: 0, Workers: 4
[44.899s][debug][gc,phases      ] GC(88)   StringDedup Requests1 Weak     Min:  0.0, Avg:  0.0, Max:  0.0, Diff:  0.0, Sum:  0.0, Workers: 4
[44.899s][debug][gc,phases      ] GC(88)     Dead                           Min: 0, Avg:  0.0, Max: 0, Diff: 0, Sum: 0, Workers: 4
[44.899s][debug][gc,phases      ] GC(88)     Total                          Min: 0, Avg:  0.0, Max: 0, Diff: 0, Sum: 0, Workers: 4
[44.899s][debug][gc,phases      ] GC(88)   Weak JFR Old Object Samples    Min:  0.0, Avg:  0.0, Max:  0.0, Diff:  0.0, Sum:  0.0, Workers: 4
[44.899s][debug][gc,phases      ] GC(88)     Dead                           Min: 0, Avg:  0.0, Max: 0, Diff: 0, Sum: 0, Workers: 4
[44.899s][debug][gc,phases      ] GC(88)     Total                          Min: 0, Avg:  0.0, Max: 0, Diff: 0, Sum: 0, Workers: 4
[44.899s][debug][gc,phases      ] GC(88) Weak Processing 0.355ms
[44.899s][debug][gc,age         ] GC(88) Desired survivor size 124780544 bytes, new threshold 15 (max threshold 15)
[44.899s][info ][gc,heap        ] GC(88) PSYoungGen: 1870068K(1971712K)->28132K(1969152K) Eden: 1843712K(1843712K)->0K(1843712K) From: 26356K(128000K)->28132K(125440K)
[44.899s][info ][gc,heap        ] GC(88) ParOldGen: 477550K(549376K)->477686K(549376K)
[44.900s][info ][gc,metaspace   ] GC(88) Metaspace: 79320K(80128K)->79320K(80128K) NonClass: 67988K(68416K)->67988K(68416K) Class: 11332K(11712K)->11332K(11712K)
[44.900s][info ][gc             ] GC(88) Pause Young (Allocation Failure) 2292M->493M(2459M) 10.234ms
[44.900s][info ][gc,cpu         ] GC(88) User=0.03s Sys=0.00s Real=0.01s
[44.900s][info ][safepoint      ] Safepoint "ParallelGCFailedAllocation", Time since last: 138311499 ns, Reaching safepoint: 151203 ns, At safepoint: 10347664 ns, Total: 10498867 ns
[45.165s][info ][safepoint      ] Safepoint "ICBufferFull", Time since last: 265369820 ns, Reaching safepoint: 139302 ns, At safepoint: 31600 ns, Total: 170902 ns
[45.421s][info ][gc,start       ] GC(89) Pause Young (Allocation Failure)
[45.438s][debug][gc,phases      ] GC(89) Scavenge 16.269ms
[45.438s][debug][gc,ref         ] GC(89) Skipped phase 1 of Reference Processing: no references
[45.438s][debug][gc,ref         ] GC(89) ReferenceProcessor::execute queues: 1, RefProcThreadModel::Single, marks_oops_alive: false
[45.438s][debug][gc,ref         ] GC(89) Skipped phase 3 of Reference Processing: no references
[45.438s][debug][gc,ref         ] GC(89) Skipped phase 4 of Reference Processing: no references
[45.438s][debug][gc,phases      ] GC(89) Reference Processing 0.159ms
[45.438s][debug][gc,phases      ] GC(89)   VM Weak                        Min:  0.0, Avg:  0.0, Max:  0.0, Diff:  0.0, Sum:  0.0, Workers: 4
[45.438s][debug][gc,phases      ] GC(89)     Dead                           Min: 0, Avg:  0.0, Max: 0, Diff: 0, Sum: 0, Workers: 4
[45.438s][debug][gc,phases      ] GC(89)     Total                          Min: 0, Avg: 163.0, Max: 652, Diff: 652, Sum: 652, Workers: 4
[45.438s][debug][gc,phases      ] GC(89)   ObjectSynchronizer Weak        Min:  0.0, Avg:  0.0, Max:  0.0, Diff:  0.0, Sum:  0.0, Workers: 4
[45.438s][debug][gc,phases      ] GC(89)     Dead                           Min: 0, Avg:  0.0, Max: 0, Diff: 0, Sum: 0, Workers: 4
[45.438s][debug][gc,phases      ] GC(89)     Total                          Min: 0, Avg: 88.0, Max: 224, Diff: 224, Sum: 352, Workers: 4
[45.438s][debug][gc,phases      ] GC(89)   JVMTI Tag Weak OopStorage      Min:  0.0, Avg:  0.0, Max:  0.0, Diff:  0.0, Sum:  0.0, Workers: 4
[45.438s][debug][gc,phases      ] GC(89)     Dead                           Min: 0, Avg:  0.0, Max: 0, Diff: 0, Sum: 0, Workers: 4
[45.438s][debug][gc,phases      ] GC(89)     Total                          Min: 0, Avg:  0.0, Max: 0, Diff: 0, Sum: 0, Workers: 4
[45.438s][debug][gc,phases      ] GC(89)   StringTable Weak               Min:  0.1, Avg:  0.1, Max:  0.1, Diff:  0.0, Sum:  0.5, Workers: 4
[45.438s][debug][gc,phases      ] GC(89)     Dead                           Min: 0, Avg:  0.0, Max: 0, Diff: 0, Sum: 0, Workers: 4
[45.438s][debug][gc,phases      ] GC(89)     Total                          Min: 10711, Avg: 11685.8, Max: 13632, Diff: 2921, Sum: 46743, Workers: 4
[45.438s][debug][gc,phases      ] GC(89)   ResolvedMethodTable Weak       Min:  0.0, Avg:  0.0, Max:  0.0, Diff:  0.0, Sum:  0.1, Workers: 4
[45.438s][debug][gc,phases      ] GC(89)     Dead                           Min: 0, Avg:  0.0, Max: 0, Diff: 0, Sum: 0, Workers: 4
[45.438s][debug][gc,phases      ] GC(89)     Total                          Min: 1664, Avg: 2001.8, Max: 2119, Diff: 455, Sum: 8007, Workers: 4
[45.438s][debug][gc,phases      ] GC(89)   JNI Weak                       Min:  0.0, Avg:  0.0, Max:  0.0, Diff:  0.0, Sum:  0.0, Workers: 4
[45.438s][debug][gc,phases      ] GC(89)     Dead                           Min: 0, Avg:  0.0, Max: 0, Diff: 0, Sum: 0, Workers: 4
[45.438s][debug][gc,phases      ] GC(89)     Total                          Min: 0, Avg:  0.0, Max: 0, Diff: 0, Sum: 0, Workers: 4
[45.438s][debug][gc,phases      ] GC(89)   StringDedup Table Weak         Min:  0.0, Avg:  0.0, Max:  0.0, Diff:  0.0, Sum:  0.0, Workers: 4
[45.438s][debug][gc,phases      ] GC(89)     Dead                           Min: 0, Avg:  0.0, Max: 0, Diff: 0, Sum: 0, Workers: 4
[45.438s][debug][gc,phases      ] GC(89)     Total                          Min: 0, Avg:  0.0, Max: 0, Diff: 0, Sum: 0, Workers: 4
[45.438s][debug][gc,phases      ] GC(89)   StringDedup Requests0 Weak     Min:  0.0, Avg:  0.0, Max:  0.0, Diff:  0.0, Sum:  0.0, Workers: 4
[45.438s][debug][gc,phases      ] GC(89)     Dead                           Min: 0, Avg:  0.0, Max: 0, Diff: 0, Sum: 0, Workers: 4
[45.438s][debug][gc,phases      ] GC(89)     Total                          Min: 0, Avg:  0.0, Max: 0, Diff: 0, Sum: 0, Workers: 4
[45.438s][debug][gc,phases      ] GC(89)   StringDedup Requests1 Weak     Min:  0.0, Avg:  0.0, Max:  0.0, Diff:  0.0, Sum:  0.0, Workers: 4
[45.438s][debug][gc,phases      ] GC(89)     Dead                           Min: 0, Avg:  0.0, Max: 0, Diff: 0, Sum: 0, Workers: 4
[45.438s][debug][gc,phases      ] GC(89)     Total                          Min: 0, Avg:  0.0, Max: 0, Diff: 0, Sum: 0, Workers: 4
[45.438s][debug][gc,phases      ] GC(89)   Weak JFR Old Object Samples    Min:  0.0, Avg:  0.0, Max:  0.0, Diff:  0.0, Sum:  0.0, Workers: 4
[45.438s][debug][gc,phases      ] GC(89)     Dead                           Min: 0, Avg:  0.0, Max: 0, Diff: 0, Sum: 0, Workers: 4
[45.438s][debug][gc,phases      ] GC(89)     Total                          Min: 0, Avg:  0.0, Max: 0, Diff: 0, Sum: 0, Workers: 4
[45.438s][debug][gc,phases      ] GC(89) Weak Processing 0.345ms
[45.438s][debug][gc,age         ] GC(89) Desired survivor size 118489088 bytes, new threshold 15 (max threshold 15)
[45.438s][info ][gc,heap        ] GC(89) PSYoungGen: 1871844K(1969152K)->42212K(1981440K) Eden: 1843712K(1843712K)->0K(1859584K) From: 28132K(125440K)->42212K(121856K)
[45.438s][info ][gc,heap        ] GC(89) ParOldGen: 477686K(549376K)->477798K(549376K)
[45.438s][info ][gc,metaspace   ] GC(89) Metaspace: 79346K(80192K)->79346K(80192K) NonClass: 68013K(68480K)->68013K(68480K) Class: 11333K(11712K)->11333K(11712K)
[45.438s][info ][gc             ] GC(89) Pause Young (Allocation Failure) 2294M->507M(2471M) 16.929ms
[45.438s][info ][gc,cpu         ] GC(89) User=0.06s Sys=0.00s Real=0.02s
[45.438s][info ][safepoint      ] Safepoint "ParallelGCFailedAllocation", Time since last: 255886369 ns, Reaching safepoint: 256804 ns, At safepoint: 17066271 ns, Total: 17323075 ns
[45.938s][info ][gc,start       ] GC(90) Pause Young (Allocation Failure)
[45.954s][debug][gc,phases      ] GC(90) Scavenge 15.224ms
[45.954s][debug][gc,ref         ] GC(90) Skipped phase 1 of Reference Processing: no references
[45.954s][debug][gc,ref         ] GC(90) ReferenceProcessor::execute queues: 1, RefProcThreadModel::Single, marks_oops_alive: false
[45.954s][debug][gc,ref         ] GC(90) Skipped phase 3 of Reference Processing: no references
[45.954s][debug][gc,ref         ] GC(90) Skipped phase 4 of Reference Processing: no references
[45.954s][debug][gc,phases      ] GC(90) Reference Processing 0.182ms
[45.954s][debug][gc,phases      ] GC(90)   VM Weak                        Min:  0.0, Avg:  0.0, Max:  0.0, Diff:  0.0, Sum:  0.0, Workers: 4
[45.954s][debug][gc,phases      ] GC(90)     Dead                           Min: 0, Avg:  0.0, Max: 0, Diff: 0, Sum: 0, Workers: 4
[45.954s][debug][gc,phases      ] GC(90)     Total                          Min: 0, Avg: 163.0, Max: 652, Diff: 652, Sum: 652, Workers: 4
[45.954s][debug][gc,phases      ] GC(90)   ObjectSynchronizer Weak        Min:  0.0, Avg:  0.0, Max:  0.0, Diff:  0.0, Sum:  0.0, Workers: 4
[45.954s][debug][gc,phases      ] GC(90)     Dead                           Min: 0, Avg:  0.0, Max: 0, Diff: 0, Sum: 0, Workers: 4
[45.954s][debug][gc,phases      ] GC(90)     Total                          Min: 0, Avg: 88.0, Max: 288, Diff: 288, Sum: 352, Workers: 4
[45.954s][debug][gc,phases      ] GC(90)   JVMTI Tag Weak OopStorage      Min:  0.0, Avg:  0.0, Max:  0.0, Diff:  0.0, Sum:  0.0, Workers: 4
[45.954s][debug][gc,phases      ] GC(90)     Dead                           Min: 0, Avg:  0.0, Max: 0, Diff: 0, Sum: 0, Workers: 4
[45.954s][debug][gc,phases      ] GC(90)     Total                          Min: 0, Avg:  0.0, Max: 0, Diff: 0, Sum: 0, Workers: 4
[45.954s][debug][gc,phases      ] GC(90)   StringTable Weak               Min:  0.1, Avg:  0.1, Max:  0.1, Diff:  0.0, Sum:  0.4, Workers: 4
[45.954s][debug][gc,phases      ] GC(90)     Dead                           Min: 0, Avg:  0.0, Max: 0, Diff: 0, Sum: 0, Workers: 4
[45.954s][debug][gc,phases      ] GC(90)     Total                          Min: 8832, Avg: 11699.8, Max: 13455, Diff: 4623, Sum: 46799, Workers: 4
[45.954s][debug][gc,phases      ] GC(90)   ResolvedMethodTable Weak       Min:  0.0, Avg:  0.0, Max:  0.0, Diff:  0.0, Sum:  0.1, Workers: 4
[45.954s][debug][gc,phases      ] GC(90)     Dead                           Min: 0, Avg:  0.0, Max: 0, Diff: 0, Sum: 0, Workers: 4
[45.954s][debug][gc,phases      ] GC(90)     Total                          Min: 1792, Avg: 2001.8, Max: 2183, Diff: 391, Sum: 8007, Workers: 4
[45.954s][debug][gc,phases      ] GC(90)   JNI Weak                       Min:  0.0, Avg:  0.0, Max:  0.0, Diff:  0.0, Sum:  0.0, Workers: 4
[45.954s][debug][gc,phases      ] GC(90)     Dead                           Min: 0, Avg:  0.0, Max: 0, Diff: 0, Sum: 0, Workers: 4
[45.954s][debug][gc,phases      ] GC(90)     Total                          Min: 0, Avg:  1.0, Max: 4, Diff: 4, Sum: 4, Workers: 4
[45.954s][debug][gc,phases      ] GC(90)   StringDedup Table Weak         Min:  0.0, Avg:  0.0, Max:  0.0, Diff:  0.0, Sum:  0.0, Workers: 4
[45.954s][debug][gc,phases      ] GC(90)     Dead                           Min: 0, Avg:  0.0, Max: 0, Diff: 0, Sum: 0, Workers: 4
[45.954s][debug][gc,phases      ] GC(90)     Total                          Min: 0, Avg:  0.0, Max: 0, Diff: 0, Sum: 0, Workers: 4
[45.954s][debug][gc,phases      ] GC(90)   StringDedup Requests0 Weak     Min:  0.0, Avg:  0.0, Max:  0.0, Diff:  0.0, Sum:  0.0, Workers: 4
[45.954s][debug][gc,phases      ] GC(90)     Dead                           Min: 0, Avg:  0.0, Max: 0, Diff: 0, Sum: 0, Workers: 4
[45.954s][debug][gc,phases      ] GC(90)     Total                          Min: 0, Avg:  0.0, Max: 0, Diff: 0, Sum: 0, Workers: 4
[45.954s][debug][gc,phases      ] GC(90)   StringDedup Requests1 Weak     Min:  0.0, Avg:  0.0, Max:  0.0, Diff:  0.0, Sum:  0.0, Workers: 4
[45.954s][debug][gc,phases      ] GC(90)     Dead                           Min: 0, Avg:  0.0, Max: 0, Diff: 0, Sum: 0, Workers: 4
[45.954s][debug][gc,phases      ] GC(90)     Total                          Min: 0, Avg:  0.0, Max: 0, Diff: 0, Sum: 0, Workers: 4
[45.954s][debug][gc,phases      ] GC(90)   Weak JFR Old Object Samples    Min:  0.0, Avg:  0.0, Max:  0.0, Diff:  0.0, Sum:  0.0, Workers: 4
[45.954s][debug][gc,phases      ] GC(90)     Dead                           Min: 0, Avg:  0.0, Max: 0, Diff: 0, Sum: 0, Workers: 4
[45.954s][debug][gc,phases      ] GC(90)     Total                          Min: 0, Avg:  0.0, Max: 0, Diff: 0, Sum: 0, Workers: 4
[45.954s][debug][gc,phases      ] GC(90) Weak Processing 0.397ms
[45.954s][debug][gc,age         ] GC(90) Desired survivor size 112197632 bytes, new threshold 15 (max threshold 15)
[45.954s][info ][gc,heap        ] GC(90) PSYoungGen: 1901796K(1981440K)->49349K(1975296K) Eden: 1859584K(1859584K)->0K(1859584K) From: 42212K(121856K)->49349K(115712K)
[45.954s][info ][gc,heap        ] GC(90) ParOldGen: 477798K(549376K)->477822K(549376K)
[45.954s][info ][gc,metaspace   ] GC(90) Metaspace: 79380K(80192K)->79380K(80192K) NonClass: 68046K(68480K)->68046K(68480K) Class: 11333K(11712K)->11333K(11712K)
[45.954s][info ][gc             ] GC(90) Pause Young (Allocation Failure) 2323M->514M(2465M) 15.980ms
[45.954s][info ][gc,cpu         ] GC(90) User=0.07s Sys=0.00s Real=0.02s
[45.954s][info ][safepoint      ] Safepoint "ParallelGCFailedAllocation", Time since last: 499764846 ns, Reaching safepoint: 191303 ns, At safepoint: 16126456 ns, Total: 16317759 ns
[46.430s][info ][gc,start       ] GC(91) Pause Young (Allocation Failure)
[46.448s][debug][gc,phases      ] GC(91) Scavenge 18.467ms
[46.449s][debug][gc,ref         ] GC(91) Skipped phase 1 of Reference Processing: no references
[46.449s][debug][gc,ref         ] GC(91) ReferenceProcessor::execute queues: 1, RefProcThreadModel::Single, marks_oops_alive: false
[46.449s][debug][gc,ref         ] GC(91) Skipped phase 3 of Reference Processing: no references
[46.449s][debug][gc,ref         ] GC(91) ReferenceProcessor::execute queues: 1, RefProcThreadModel::Single, marks_oops_alive: false
[46.449s][debug][gc,phases      ] GC(91) Reference Processing 0.151ms
[46.449s][debug][gc,phases      ] GC(91)   VM Weak                        Min:  0.0, Avg:  0.0, Max:  0.0, Diff:  0.0, Sum:  0.0, Workers: 4
[46.449s][debug][gc,phases      ] GC(91)     Dead                           Min: 0, Avg:  0.0, Max: 0, Diff: 0, Sum: 0, Workers: 4
[46.449s][debug][gc,phases      ] GC(91)     Total                          Min: 0, Avg: 163.0, Max: 588, Diff: 588, Sum: 652, Workers: 4
[46.449s][debug][gc,phases      ] GC(91)   ObjectSynchronizer Weak        Min:  0.0, Avg:  0.0, Max:  0.0, Diff:  0.0, Sum:  0.0, Workers: 4
[46.449s][debug][gc,phases      ] GC(91)     Dead                           Min: 0, Avg:  0.0, Max: 0, Diff: 0, Sum: 0, Workers: 4
[46.449s][debug][gc,phases      ] GC(91)     Total                          Min: 32, Avg: 88.0, Max: 128, Diff: 96, Sum: 352, Workers: 4
[46.449s][debug][gc,phases      ] GC(91)   JVMTI Tag Weak OopStorage      Min:  0.0, Avg:  0.0, Max:  0.0, Diff:  0.0, Sum:  0.0, Workers: 4
[46.449s][debug][gc,phases      ] GC(91)     Dead                           Min: 0, Avg:  0.0, Max: 0, Diff: 0, Sum: 0, Workers: 4
[46.449s][debug][gc,phases      ] GC(91)     Total                          Min: 0, Avg:  0.0, Max: 0, Diff: 0, Sum: 0, Workers: 4
[46.449s][debug][gc,phases      ] GC(91)   StringTable Weak               Min:  0.1, Avg:  0.1, Max:  0.1, Diff:  0.0, Sum:  0.5, Workers: 4
[46.449s][debug][gc,phases      ] GC(91)     Dead                           Min: 0, Avg:  0.0, Max: 0, Diff: 0, Sum: 0, Workers: 4
[46.449s][debug][gc,phases      ] GC(91)     Total                          Min: 10774, Avg: 11701.5, Max: 12160, Diff: 1386, Sum: 46806, Workers: 4
[46.449s][debug][gc,phases      ] GC(91)   ResolvedMethodTable Weak       Min:  0.0, Avg:  0.0, Max:  0.0, Diff:  0.0, Sum:  0.1, Workers: 4
[46.449s][debug][gc,phases      ] GC(91)     Dead                           Min: 0, Avg:  0.0, Max: 0, Diff: 0, Sum: 0, Workers: 4
[46.449s][debug][gc,phases      ] GC(91)     Total                          Min: 1920, Avg: 2002.2, Max: 2112, Diff: 192, Sum: 8009, Workers: 4
[46.449s][debug][gc,phases      ] GC(91)   JNI Weak                       Min:  0.0, Avg:  0.0, Max:  0.0, Diff:  0.0, Sum:  0.0, Workers: 4
[46.449s][debug][gc,phases      ] GC(91)     Dead                           Min: 0, Avg:  0.0, Max: 0, Diff: 0, Sum: 0, Workers: 4
[46.449s][debug][gc,phases      ] GC(91)     Total                          Min: 0, Avg:  0.8, Max: 3, Diff: 3, Sum: 3, Workers: 4
[46.449s][debug][gc,phases      ] GC(91)   StringDedup Table Weak         Min:  0.0, Avg:  0.0, Max:  0.0, Diff:  0.0, Sum:  0.0, Workers: 4
[46.449s][debug][gc,phases      ] GC(91)     Dead                           Min: 0, Avg:  0.0, Max: 0, Diff: 0, Sum: 0, Workers: 4
[46.449s][debug][gc,phases      ] GC(91)     Total                          Min: 0, Avg:  0.0, Max: 0, Diff: 0, Sum: 0, Workers: 4
[46.449s][debug][gc,phases      ] GC(91)   StringDedup Requests0 Weak     Min:  0.0, Avg:  0.0, Max:  0.0, Diff:  0.0, Sum:  0.0, Workers: 4
[46.449s][debug][gc,phases      ] GC(91)     Dead                           Min: 0, Avg:  0.0, Max: 0, Diff: 0, Sum: 0, Workers: 4
[46.449s][debug][gc,phases      ] GC(91)     Total                          Min: 0, Avg:  0.0, Max: 0, Diff: 0, Sum: 0, Workers: 4
[46.449s][debug][gc,phases      ] GC(91)   StringDedup Requests1 Weak     Min:  0.0, Avg:  0.0, Max:  0.0, Diff:  0.0, Sum:  0.0, Workers: 4
[46.449s][debug][gc,phases      ] GC(91)     Dead                           Min: 0, Avg:  0.0, Max: 0, Diff: 0, Sum: 0, Workers: 4
[46.449s][debug][gc,phases      ] GC(91)     Total                          Min: 0, Avg:  0.0, Max: 0, Diff: 0, Sum: 0, Workers: 4
[46.449s][debug][gc,phases      ] GC(91)   Weak JFR Old Object Samples    Min:  0.0, Avg:  0.0, Max:  0.0, Diff:  0.0, Sum:  0.0, Workers: 4
[46.449s][debug][gc,phases      ] GC(91)     Dead                           Min: 0, Avg:  0.0, Max: 0, Diff: 0, Sum: 0, Workers: 4
[46.449s][debug][gc,phases      ] GC(91)     Total                          Min: 0, Avg:  0.0, Max: 0, Diff: 0, Sum: 0, Workers: 4
[46.449s][debug][gc,phases      ] GC(91) Weak Processing 0.364ms
[46.449s][debug][gc,age         ] GC(91) Desired survivor size 107479040 bytes, new threshold 15 (max threshold 15)
[46.449s][info ][gc,heap        ] GC(91) PSYoungGen: 1908933K(1975296K)->53044K(1992192K) Eden: 1859584K(1859584K)->0K(1882624K) From: 49349K(115712K)->53044K(109568K)
[46.449s][info ][gc,heap        ] GC(91) ParOldGen: 477822K(549376K)->478486K(549376K)
[46.449s][info ][gc,metaspace   ] GC(91) Metaspace: 79393K(80192K)->79393K(80192K) NonClass: 68058K(68480K)->68058K(68480K) Class: 11334K(11712K)->11334K(11712K)
[46.449s][info ][gc             ] GC(91) Pause Young (Allocation Failure) 2330M->519M(2482M) 19.147ms
[46.449s][info ][gc,cpu         ] GC(91) User=0.09s Sys=0.00s Real=0.02s
[46.449s][info ][safepoint      ] Safepoint "ParallelGCFailedAllocation", Time since last: 475297756 ns, Reaching safepoint: 148103 ns, At safepoint: 19269606 ns, Total: 19417709 ns
[46.675s][info ][safepoint      ] Safepoint "ICBufferFull", Time since last: 226073094 ns, Reaching safepoint: 151702 ns, At safepoint: 22701 ns, Total: 174403 ns
[46.950s][info ][safepoint      ] Safepoint "ICBufferFull", Time since last: 274260159 ns, Reaching safepoint: 166603 ns, At safepoint: 37201 ns, Total: 203804 ns
[46.977s][info ][gc,start       ] GC(92) Pause Young (Allocation Failure)
[46.994s][debug][gc,phases      ] GC(92) Scavenge 16.777ms
[46.994s][debug][gc,ref         ] GC(92) Skipped phase 1 of Reference Processing: no references
[46.994s][debug][gc,ref         ] GC(92) ReferenceProcessor::execute queues: 1, RefProcThreadModel::Single, marks_oops_alive: false
[46.994s][debug][gc,ref         ] GC(92) Skipped phase 3 of Reference Processing: no references
[46.994s][debug][gc,ref         ] GC(92) ReferenceProcessor::execute queues: 1, RefProcThreadModel::Single, marks_oops_alive: false
[46.994s][debug][gc,phases      ] GC(92) Reference Processing 0.159ms
[46.994s][debug][gc,phases      ] GC(92)   VM Weak                        Min:  0.0, Avg:  0.0, Max:  0.0, Diff:  0.0, Sum:  0.0, Workers: 4
[46.994s][debug][gc,phases      ] GC(92)     Dead                           Min: 0, Avg:  0.0, Max: 0, Diff: 0, Sum: 0, Workers: 4
[46.994s][debug][gc,phases      ] GC(92)     Total                          Min: 0, Avg: 163.0, Max: 512, Diff: 512, Sum: 652, Workers: 4
[46.994s][debug][gc,phases      ] GC(92)   ObjectSynchronizer Weak        Min:  0.0, Avg:  0.0, Max:  0.0, Diff:  0.0, Sum:  0.0, Workers: 4
[46.994s][debug][gc,phases      ] GC(92)     Dead                           Min: 0, Avg:  0.0, Max: 0, Diff: 0, Sum: 0, Workers: 4
[46.994s][debug][gc,phases      ] GC(92)     Total                          Min: 0, Avg: 88.0, Max: 192, Diff: 192, Sum: 352, Workers: 4
[46.994s][debug][gc,phases      ] GC(92)   JVMTI Tag Weak OopStorage      Min:  0.0, Avg:  0.0, Max:  0.0, Diff:  0.0, Sum:  0.0, Workers: 4
[46.994s][debug][gc,phases      ] GC(92)     Dead                           Min: 0, Avg:  0.0, Max: 0, Diff: 0, Sum: 0, Workers: 4
[46.994s][debug][gc,phases      ] GC(92)     Total                          Min: 0, Avg:  0.0, Max: 0, Diff: 0, Sum: 0, Workers: 4
[46.994s][debug][gc,phases      ] GC(92)   StringTable Weak               Min:  0.1, Avg:  0.1, Max:  0.1, Diff:  0.0, Sum:  0.5, Workers: 4
[46.994s][debug][gc,phases      ] GC(92)     Dead                           Min: 0, Avg:  0.0, Max: 0, Diff: 0, Sum: 0, Workers: 4
[46.994s][debug][gc,phases      ] GC(92)     Total                          Min: 11392, Avg: 11710.2, Max: 12479, Diff: 1087, Sum: 46841, Workers: 4
[46.994s][debug][gc,phases      ] GC(92)   ResolvedMethodTable Weak       Min:  0.0, Avg:  0.0, Max:  0.0, Diff:  0.0, Sum:  0.1, Workers: 4
[46.994s][debug][gc,phases      ] GC(92)     Dead                           Min: 0, Avg:  0.0, Max: 0, Diff: 0, Sum: 0, Workers: 4
[46.994s][debug][gc,phases      ] GC(92)     Total                          Min: 1867, Avg: 2002.8, Max: 2112, Diff: 245, Sum: 8011, Workers: 4
[46.994s][debug][gc,phases      ] GC(92)   JNI Weak                       Min:  0.0, Avg:  0.0, Max:  0.0, Diff:  0.0, Sum:  0.0, Workers: 4
[46.994s][debug][gc,phases      ] GC(92)     Dead                           Min: 0, Avg:  0.0, Max: 0, Diff: 0, Sum: 0, Workers: 4
[46.994s][debug][gc,phases      ] GC(92)     Total                          Min: 0, Avg:  0.0, Max: 0, Diff: 0, Sum: 0, Workers: 4
[46.994s][debug][gc,phases      ] GC(92)   StringDedup Table Weak         Min:  0.0, Avg:  0.0, Max:  0.0, Diff:  0.0, Sum:  0.0, Workers: 4
[46.994s][debug][gc,phases      ] GC(92)     Dead                           Min: 0, Avg:  0.0, Max: 0, Diff: 0, Sum: 0, Workers: 4
[46.994s][debug][gc,phases      ] GC(92)     Total                          Min: 0, Avg:  0.0, Max: 0, Diff: 0, Sum: 0, Workers: 4
[46.994s][debug][gc,phases      ] GC(92)   StringDedup Requests0 Weak     Min:  0.0, Avg:  0.0, Max:  0.0, Diff:  0.0, Sum:  0.0, Workers: 4
[46.994s][debug][gc,phases      ] GC(92)     Dead                           Min: 0, Avg:  0.0, Max: 0, Diff: 0, Sum: 0, Workers: 4
[46.994s][debug][gc,phases      ] GC(92)     Total                          Min: 0, Avg:  0.0, Max: 0, Diff: 0, Sum: 0, Workers: 4
[46.994s][debug][gc,phases      ] GC(92)   StringDedup Requests1 Weak     Min:  0.0, Avg:  0.0, Max:  0.0, Diff:  0.0, Sum:  0.0, Workers: 4
[46.994s][debug][gc,phases      ] GC(92)     Dead                           Min: 0, Avg:  0.0, Max: 0, Diff: 0, Sum: 0, Workers: 4
[46.994s][debug][gc,phases      ] GC(92)     Total                          Min: 0, Avg:  0.0, Max: 0, Diff: 0, Sum: 0, Workers: 4
[46.994s][debug][gc,phases      ] GC(92)   Weak JFR Old Object Samples    Min:  0.0, Avg:  0.0, Max:  0.0, Diff:  0.0, Sum:  0.0, Workers: 4
[46.994s][debug][gc,phases      ] GC(92)     Dead                           Min: 0, Avg:  0.0, Max: 0, Diff: 0, Sum: 0, Workers: 4
[46.994s][debug][gc,phases      ] GC(92)     Total                          Min: 0, Avg:  0.0, Max: 0, Diff: 0, Sum: 0, Workers: 4
[46.994s][debug][gc,phases      ] GC(92) Weak Processing 0.503ms
[46.994s][debug][gc,age         ] GC(92) Desired survivor size 103284736 bytes, new threshold 15 (max threshold 15)
[46.994s][info ][gc,heap        ] GC(92) PSYoungGen: 1935668K(1992192K)->52928K(1987584K) Eden: 1882624K(1882624K)->0K(1882624K) From: 53044K(109568K)->52928K(104960K)
[46.994s][info ][gc,heap        ] GC(92) ParOldGen: 478486K(549376K)->479691K(549376K)
[46.994s][info ][gc,metaspace   ] GC(92) Metaspace: 79462K(80256K)->79462K(80256K) NonClass: 68126K(68544K)->68126K(68544K) Class: 11335K(11712K)->11335K(11712K)
[46.994s][info ][gc             ] GC(92) Pause Young (Allocation Failure) 2357M->520M(2477M) 17.619ms
[46.994s][info ][gc,cpu         ] GC(92) User=0.06s Sys=0.00s Real=0.02s
[46.994s][info ][safepoint      ] Safepoint "ParallelGCFailedAllocation", Time since last: 26658724 ns, Reaching safepoint: 149902 ns, At safepoint: 17760882 ns, Total: 17910784 ns
[47.573s][info ][gc,start       ] GC(93) Pause Young (Allocation Failure)
[47.594s][debug][gc,phases      ] GC(93) Scavenge 21.043ms
[47.594s][debug][gc,ref         ] GC(93) Skipped phase 1 of Reference Processing: no references
[47.594s][debug][gc,ref         ] GC(93) ReferenceProcessor::execute queues: 1, RefProcThreadModel::Single, marks_oops_alive: false
[47.594s][debug][gc,ref         ] GC(93) Skipped phase 3 of Reference Processing: no references
[47.594s][debug][gc,ref         ] GC(93) Skipped phase 4 of Reference Processing: no references
[47.594s][debug][gc,phases      ] GC(93) Reference Processing 0.148ms
[47.595s][debug][gc,phases      ] GC(93)   VM Weak                        Min:  0.0, Avg:  0.0, Max:  0.0, Diff:  0.0, Sum:  0.0, Workers: 4
[47.595s][debug][gc,phases      ] GC(93)     Dead                           Min: 0, Avg:  0.0, Max: 0, Diff: 0, Sum: 0, Workers: 4
[47.595s][debug][gc,phases      ] GC(93)     Total                          Min: 0, Avg: 163.0, Max: 652, Diff: 652, Sum: 652, Workers: 4
[47.595s][debug][gc,phases      ] GC(93)   ObjectSynchronizer Weak        Min:  0.0, Avg:  0.0, Max:  0.0, Diff:  0.0, Sum:  0.0, Workers: 4
[47.595s][debug][gc,phases      ] GC(93)     Dead                           Min: 0, Avg:  0.0, Max: 0, Diff: 0, Sum: 0, Workers: 4
[47.595s][debug][gc,phases      ] GC(93)     Total                          Min: 0, Avg: 88.0, Max: 160, Diff: 160, Sum: 352, Workers: 4
[47.595s][debug][gc,phases      ] GC(93)   JVMTI Tag Weak OopStorage      Min:  0.0, Avg:  0.0, Max:  0.0, Diff:  0.0, Sum:  0.0, Workers: 4
[47.595s][debug][gc,phases      ] GC(93)     Dead                           Min: 0, Avg:  0.0, Max: 0, Diff: 0, Sum: 0, Workers: 4
[47.595s][debug][gc,phases      ] GC(93)     Total                          Min: 0, Avg:  0.0, Max: 0, Diff: 0, Sum: 0, Workers: 4
[47.595s][debug][gc,phases      ] GC(93)   StringTable Weak               Min:  0.1, Avg:  0.1, Max:  0.1, Diff:  0.0, Sum:  0.5, Workers: 4
[47.595s][debug][gc,phases      ] GC(93)     Dead                           Min: 0, Avg:  0.0, Max: 0, Diff: 0, Sum: 0, Workers: 4
[47.595s][debug][gc,phases      ] GC(93)     Total                          Min: 10624, Avg: 11711.0, Max: 12479, Diff: 1855, Sum: 46844, Workers: 4
[47.595s][debug][gc,phases      ] GC(93)   ResolvedMethodTable Weak       Min:  0.0, Avg:  0.0, Max:  0.0, Diff:  0.0, Sum:  0.1, Workers: 4
[47.595s][debug][gc,phases      ] GC(93)     Dead                           Min: 0, Avg:  0.0, Max: 0, Diff: 0, Sum: 0, Workers: 4
[47.595s][debug][gc,phases      ] GC(93)     Total                          Min: 1611, Avg: 2002.8, Max: 2304, Diff: 693, Sum: 8011, Workers: 4
[47.595s][debug][gc,phases      ] GC(93)   JNI Weak                       Min:  0.0, Avg:  0.0, Max:  0.0, Diff:  0.0, Sum:  0.0, Workers: 4
[47.595s][debug][gc,phases      ] GC(93)     Dead                           Min: 0, Avg:  0.0, Max: 0, Diff: 0, Sum: 0, Workers: 4
[47.595s][debug][gc,phases      ] GC(93)     Total                          Min: 0, Avg:  0.8, Max: 3, Diff: 3, Sum: 3, Workers: 4
[47.595s][debug][gc,phases      ] GC(93)   StringDedup Table Weak         Min:  0.0, Avg:  0.0, Max:  0.0, Diff:  0.0, Sum:  0.0, Workers: 4
[47.595s][debug][gc,phases      ] GC(93)     Dead                           Min: 0, Avg:  0.0, Max: 0, Diff: 0, Sum: 0, Workers: 4
[47.595s][debug][gc,phases      ] GC(93)     Total                          Min: 0, Avg:  0.0, Max: 0, Diff: 0, Sum: 0, Workers: 4
[47.595s][debug][gc,phases      ] GC(93)   StringDedup Requests0 Weak     Min:  0.0, Avg:  0.0, Max:  0.0, Diff:  0.0, Sum:  0.0, Workers: 4
[47.595s][debug][gc,phases      ] GC(93)     Dead                           Min: 0, Avg:  0.0, Max: 0, Diff: 0, Sum: 0, Workers: 4
[47.595s][debug][gc,phases      ] GC(93)     Total                          Min: 0, Avg:  0.0, Max: 0, Diff: 0, Sum: 0, Workers: 4
[47.595s][debug][gc,phases      ] GC(93)   StringDedup Requests1 Weak     Min:  0.0, Avg:  0.0, Max:  0.0, Diff:  0.0, Sum:  0.0, Workers: 4
[47.595s][debug][gc,phases      ] GC(93)     Dead                           Min: 0, Avg:  0.0, Max: 0, Diff: 0, Sum: 0, Workers: 4
[47.595s][debug][gc,phases      ] GC(93)     Total                          Min: 0, Avg:  0.0, Max: 0, Diff: 0, Sum: 0, Workers: 4
[47.595s][debug][gc,phases      ] GC(93)   Weak JFR Old Object Samples    Min:  0.0, Avg:  0.0, Max:  0.0, Diff:  0.0, Sum:  0.0, Workers: 4
[47.595s][debug][gc,phases      ] GC(93)     Dead                           Min: 0, Avg:  0.0, Max: 0, Diff: 0, Sum: 0, Workers: 4
[47.595s][debug][gc,phases      ] GC(93)     Total                          Min: 0, Avg:  0.0, Max: 0, Diff: 0, Sum: 0, Workers: 4
[47.595s][debug][gc,phases      ] GC(93) Weak Processing 0.364ms
[47.595s][debug][gc,age         ] GC(93) Desired survivor size 104333312 bytes, new threshold 15 (max threshold 15)
[47.595s][info ][gc,heap        ] GC(93) PSYoungGen: 1935552K(1987584K)->66448K(1994240K) Eden: 1882624K(1882624K)->0K(1893376K) From: 52928K(104960K)->66448K(100864K)
[47.595s][info ][gc,heap        ] GC(93) ParOldGen: 479691K(549376K)->480315K(549376K)
[47.595s][info ][gc,metaspace   ] GC(93) Metaspace: 79468K(80256K)->79468K(80256K) NonClass: 68131K(68544K)->68131K(68544K) Class: 11337K(11712K)->11337K(11712K)
[47.595s][info ][gc             ] GC(93) Pause Young (Allocation Failure) 2358M->533M(2484M) 21.715ms
[47.595s][info ][gc,cpu         ] GC(93) User=0.08s Sys=0.00s Real=0.02s
[47.595s][info ][safepoint      ] Safepoint "ParallelGCFailedAllocation", Time since last: 578417194 ns, Reaching safepoint: 236304 ns, At safepoint: 21836847 ns, Total: 22073151 ns
[48.120s][info ][gc,start       ] GC(94) Pause Young (Allocation Failure)
[48.142s][debug][gc,phases      ] GC(94) Scavenge 21.676ms
[48.142s][debug][gc,ref         ] GC(94) Skipped phase 1 of Reference Processing: no references
[48.142s][debug][gc,ref         ] GC(94) ReferenceProcessor::execute queues: 1, RefProcThreadModel::Single, marks_oops_alive: false
[48.142s][debug][gc,ref         ] GC(94) Skipped phase 3 of Reference Processing: no references
[48.142s][debug][gc,ref         ] GC(94) Skipped phase 4 of Reference Processing: no references
[48.142s][debug][gc,phases      ] GC(94) Reference Processing 0.139ms
[48.142s][debug][gc,phases      ] GC(94)   VM Weak                        Min:  0.0, Avg:  0.0, Max:  0.0, Diff:  0.0, Sum:  0.0, Workers: 4
[48.142s][debug][gc,phases      ] GC(94)     Dead                           Min: 0, Avg:  0.0, Max: 0, Diff: 0, Sum: 0, Workers: 4
[48.142s][debug][gc,phases      ] GC(94)     Total                          Min: 0, Avg: 163.0, Max: 588, Diff: 588, Sum: 652, Workers: 4
[48.142s][debug][gc,phases      ] GC(94)   ObjectSynchronizer Weak        Min:  0.0, Avg:  0.0, Max:  0.0, Diff:  0.0, Sum:  0.0, Workers: 4
[48.142s][debug][gc,phases      ] GC(94)     Dead                           Min: 0, Avg:  0.0, Max: 0, Diff: 0, Sum: 0, Workers: 4
[48.142s][debug][gc,phases      ] GC(94)     Total                          Min: 0, Avg: 88.0, Max: 160, Diff: 160, Sum: 352, Workers: 4
[48.142s][debug][gc,phases      ] GC(94)   JVMTI Tag Weak OopStorage      Min:  0.0, Avg:  0.0, Max:  0.0, Diff:  0.0, Sum:  0.0, Workers: 4
[48.142s][debug][gc,phases      ] GC(94)     Dead                           Min: 0, Avg:  0.0, Max: 0, Diff: 0, Sum: 0, Workers: 4
[48.142s][debug][gc,phases      ] GC(94)     Total                          Min: 0, Avg:  0.0, Max: 0, Diff: 0, Sum: 0, Workers: 4
[48.142s][debug][gc,phases      ] GC(94)   StringTable Weak               Min:  0.1, Avg:  0.1, Max:  0.1, Diff:  0.0, Sum:  0.6, Workers: 4
[48.142s][debug][gc,phases      ] GC(94)     Dead                           Min: 0, Avg:  0.0, Max: 0, Diff: 0, Sum: 0, Workers: 4
[48.142s][debug][gc,phases      ] GC(94)     Total                          Min: 11520, Avg: 11713.2, Max: 11973, Diff: 453, Sum: 46853, Workers: 4
[48.142s][debug][gc,phases      ] GC(94)   ResolvedMethodTable Weak       Min:  0.0, Avg:  0.0, Max:  0.0, Diff:  0.0, Sum:  0.1, Workers: 4
[48.142s][debug][gc,phases      ] GC(94)     Dead                           Min: 0, Avg:  0.0, Max: 0, Diff: 0, Sum: 0, Workers: 4
[48.142s][debug][gc,phases      ] GC(94)     Total                          Min: 1920, Avg: 2002.8, Max: 2059, Diff: 139, Sum: 8011, Workers: 4
[48.142s][debug][gc,phases      ] GC(94)   JNI Weak                       Min:  0.0, Avg:  0.0, Max:  0.0, Diff:  0.0, Sum:  0.0, Workers: 4
[48.142s][debug][gc,phases      ] GC(94)     Dead                           Min: 0, Avg:  0.0, Max: 0, Diff: 0, Sum: 0, Workers: 4
[48.142s][debug][gc,phases      ] GC(94)     Total                          Min: 0, Avg:  0.8, Max: 3, Diff: 3, Sum: 3, Workers: 4
[48.142s][debug][gc,phases      ] GC(94)   StringDedup Table Weak         Min:  0.0, Avg:  0.0, Max:  0.0, Diff:  0.0, Sum:  0.0, Workers: 4
[48.142s][debug][gc,phases      ] GC(94)     Dead                           Min: 0, Avg:  0.0, Max: 0, Diff: 0, Sum: 0, Workers: 4
[48.142s][debug][gc,phases      ] GC(94)     Total                          Min: 0, Avg:  0.0, Max: 0, Diff: 0, Sum: 0, Workers: 4
[48.142s][debug][gc,phases      ] GC(94)   StringDedup Requests0 Weak     Min:  0.0, Avg:  0.0, Max:  0.0, Diff:  0.0, Sum:  0.0, Workers: 4
[48.142s][debug][gc,phases      ] GC(94)     Dead                           Min: 0, Avg:  0.0, Max: 0, Diff: 0, Sum: 0, Workers: 4
[48.142s][debug][gc,phases      ] GC(94)     Total                          Min: 0, Avg:  0.0, Max: 0, Diff: 0, Sum: 0, Workers: 4
[48.142s][debug][gc,phases      ] GC(94)   StringDedup Requests1 Weak     Min:  0.0, Avg:  0.0, Max:  0.0, Diff:  0.0, Sum:  0.0, Workers: 4
[48.142s][debug][gc,phases      ] GC(94)     Dead                           Min: 0, Avg:  0.0, Max: 0, Diff: 0, Sum: 0, Workers: 4
[48.142s][debug][gc,phases      ] GC(94)     Total                          Min: 0, Avg:  0.0, Max: 0, Diff: 0, Sum: 0, Workers: 4
[48.142s][debug][gc,phases      ] GC(94)   Weak JFR Old Object Samples    Min:  0.0, Avg:  0.0, Max:  0.0, Diff:  0.0, Sum:  0.0, Workers: 4
[48.142s][debug][gc,phases      ] GC(94)     Dead                           Min: 0, Avg:  0.0, Max: 0, Diff: 0, Sum: 0, Workers: 4
[48.142s][debug][gc,phases      ] GC(94)     Total                          Min: 0, Avg:  0.0, Max: 0, Diff: 0, Sum: 0, Workers: 4
[48.142s][debug][gc,phases      ] GC(94) Weak Processing 0.392ms
[48.142s][debug][gc,age         ] GC(94) Desired survivor size 106954752 bytes, new threshold 15 (max threshold 15)
[48.142s][info ][gc,heap        ] GC(94) PSYoungGen: 1959824K(1994240K)->70488K(1964032K) Eden: 1893376K(1893376K)->0K(1893376K) From: 66448K(100864K)->70488K(70656K)
[48.142s][info ][gc,heap        ] GC(94) ParOldGen: 480315K(549376K)->480623K(549376K)
[48.142s][info ][gc,metaspace   ] GC(94) Metaspace: 79475K(80256K)->79475K(80256K) NonClass: 68138K(68544K)->68138K(68544K) Class: 11337K(11712K)->11337K(11712K)
[48.142s][info ][gc             ] GC(94) Pause Young (Allocation Failure) 2382M->538M(2454M) 22.362ms
[48.142s][info ][gc,cpu         ] GC(94) User=0.11s Sys=0.00s Real=0.02s
[48.142s][info ][safepoint      ] Safepoint "ParallelGCFailedAllocation", Time since last: 524763041 ns, Reaching safepoint: 145203 ns, At safepoint: 22502957 ns, Total: 22648160 ns
[48.689s][info ][gc,start       ] GC(95) Pause Young (Allocation Failure)
[48.711s][debug][gc,phases      ] GC(95) Scavenge 21.915ms
[48.711s][debug][gc,ref         ] GC(95) Skipped phase 1 of Reference Processing: no references
[48.711s][debug][gc,ref         ] GC(95) ReferenceProcessor::execute queues: 1, RefProcThreadModel::Single, marks_oops_alive: false
[48.711s][debug][gc,ref         ] GC(95) Skipped phase 3 of Reference Processing: no references
[48.711s][debug][gc,ref         ] GC(95) Skipped phase 4 of Reference Processing: no references
[48.711s][debug][gc,phases      ] GC(95) Reference Processing 0.133ms
[48.712s][debug][gc,phases      ] GC(95)   VM Weak                        Min:  0.0, Avg:  0.0, Max:  0.0, Diff:  0.0, Sum:  0.0, Workers: 4
[48.712s][debug][gc,phases      ] GC(95)     Dead                           Min: 0, Avg:  0.0, Max: 0, Diff: 0, Sum: 0, Workers: 4
[48.712s][debug][gc,phases      ] GC(95)     Total                          Min: 0, Avg: 163.0, Max: 332, Diff: 332, Sum: 652, Workers: 4
[48.712s][debug][gc,phases      ] GC(95)   ObjectSynchronizer Weak        Min:  0.0, Avg:  0.0, Max:  0.0, Diff:  0.0, Sum:  0.0, Workers: 4
[48.712s][debug][gc,phases      ] GC(95)     Dead                           Min: 0, Avg:  0.0, Max: 0, Diff: 0, Sum: 0, Workers: 4
[48.712s][debug][gc,phases      ] GC(95)     Total                          Min: 0, Avg: 88.0, Max: 192, Diff: 192, Sum: 352, Workers: 4
[48.712s][debug][gc,phases      ] GC(95)   JVMTI Tag Weak OopStorage      Min:  0.0, Avg:  0.0, Max:  0.0, Diff:  0.0, Sum:  0.0, Workers: 4
[48.712s][debug][gc,phases      ] GC(95)     Dead                           Min: 0, Avg:  0.0, Max: 0, Diff: 0, Sum: 0, Workers: 4
[48.712s][debug][gc,phases      ] GC(95)     Total                          Min: 0, Avg:  0.0, Max: 0, Diff: 0, Sum: 0, Workers: 4
[48.712s][debug][gc,phases      ] GC(95)   StringTable Weak               Min:  0.1, Avg:  0.1, Max:  0.1, Diff:  0.0, Sum:  0.5, Workers: 4
[48.712s][debug][gc,phases      ] GC(95)     Dead                           Min: 0, Avg:  0.0, Max: 0, Diff: 0, Sum: 0, Workers: 4
[48.712s][debug][gc,phases      ] GC(95)     Total                          Min: 10368, Avg: 11713.8, Max: 13056, Diff: 2688, Sum: 46855, Workers: 4
[48.712s][debug][gc,phases      ] GC(95)   ResolvedMethodTable Weak       Min:  0.0, Avg:  0.0, Max:  0.0, Diff:  0.0, Sum:  0.1, Workers: 4
[48.712s][debug][gc,phases      ] GC(95)     Dead                           Min: 0, Avg:  0.0, Max: 0, Diff: 0, Sum: 0, Workers: 4
[48.712s][debug][gc,phases      ] GC(95)     Total                          Min: 1803, Avg: 2002.8, Max: 2240, Diff: 437, Sum: 8011, Workers: 4
[48.712s][debug][gc,phases      ] GC(95)   JNI Weak                       Min:  0.0, Avg:  0.0, Max:  0.0, Diff:  0.0, Sum:  0.0, Workers: 4
[48.712s][debug][gc,phases      ] GC(95)     Dead                           Min: 0, Avg:  0.0, Max: 0, Diff: 0, Sum: 0, Workers: 4
[48.712s][debug][gc,phases      ] GC(95)     Total                          Min: 0, Avg:  0.0, Max: 0, Diff: 0, Sum: 0, Workers: 4
[48.712s][debug][gc,phases      ] GC(95)   StringDedup Table Weak         Min:  0.0, Avg:  0.0, Max:  0.0, Diff:  0.0, Sum:  0.0, Workers: 4
[48.712s][debug][gc,phases      ] GC(95)     Dead                           Min: 0, Avg:  0.0, Max: 0, Diff: 0, Sum: 0, Workers: 4
[48.712s][debug][gc,phases      ] GC(95)     Total                          Min: 0, Avg:  0.0, Max: 0, Diff: 0, Sum: 0, Workers: 4
[48.712s][debug][gc,phases      ] GC(95)   StringDedup Requests0 Weak     Min:  0.0, Avg:  0.0, Max:  0.0, Diff:  0.0, Sum:  0.0, Workers: 4
[48.712s][debug][gc,phases      ] GC(95)     Dead                           Min: 0, Avg:  0.0, Max: 0, Diff: 0, Sum: 0, Workers: 4
[48.712s][debug][gc,phases      ] GC(95)     Total                          Min: 0, Avg:  0.0, Max: 0, Diff: 0, Sum: 0, Workers: 4
[48.712s][debug][gc,phases      ] GC(95)   StringDedup Requests1 Weak     Min:  0.0, Avg:  0.0, Max:  0.0, Diff:  0.0, Sum:  0.0, Workers: 4
[48.712s][debug][gc,phases      ] GC(95)     Dead                           Min: 0, Avg:  0.0, Max: 0, Diff: 0, Sum: 0, Workers: 4
[48.712s][debug][gc,phases      ] GC(95)     Total                          Min: 0, Avg:  0.0, Max: 0, Diff: 0, Sum: 0, Workers: 4
[48.712s][debug][gc,phases      ] GC(95)   Weak JFR Old Object Samples    Min:  0.0, Avg:  0.0, Max:  0.0, Diff:  0.0, Sum:  0.0, Workers: 4
[48.712s][debug][gc,phases      ] GC(95)     Dead                           Min: 0, Avg:  0.0, Max: 0, Diff: 0, Sum: 0, Workers: 4
[48.712s][debug][gc,phases      ] GC(95)     Total                          Min: 0, Avg:  0.0, Max: 0, Diff: 0, Sum: 0, Workers: 4
[48.712s][debug][gc,phases      ] GC(95) Weak Processing 0.352ms
[48.712s][debug][gc,age         ] GC(95) Desired survivor size 109576192 bytes, new threshold 15 (max threshold 15)
[48.712s][info ][gc,heap        ] GC(95) PSYoungGen: 1963864K(1964032K)->74520K(1987584K) Eden: 1893376K(1893376K)->0K(1883136K) From: 70488K(70656K)->74520K(104448K)
[48.712s][info ][gc,heap        ] GC(95) ParOldGen: 480623K(549376K)->481551K(549376K)
[48.712s][info ][gc,metaspace   ] GC(95) Metaspace: 79495K(80320K)->79495K(80320K) NonClass: 68158K(68608K)->68158K(68608K) Class: 11337K(11712K)->11337K(11712K)
[48.712s][info ][gc             ] GC(95) Pause Young (Allocation Failure) 2387M->543M(2477M) 22.549ms
[48.712s][info ][gc,cpu         ] GC(95) User=0.09s Sys=0.00s Real=0.03s
[48.712s][info ][safepoint      ] Safepoint "ParallelGCFailedAllocation", Time since last: 546743790 ns, Reaching safepoint: 162002 ns, At safepoint: 22674261 ns, Total: 22836263 ns
[49.210s][info ][gc,start       ] GC(96) Pause Young (Allocation Failure)
[49.232s][debug][gc,phases      ] GC(96) Scavenge 21.259ms
[49.232s][debug][gc,ref         ] GC(96) Skipped phase 1 of Reference Processing: no references
[49.232s][debug][gc,ref         ] GC(96) ReferenceProcessor::execute queues: 1, RefProcThreadModel::Single, marks_oops_alive: false
[49.232s][debug][gc,ref         ] GC(96) Skipped phase 3 of Reference Processing: no references
[49.232s][debug][gc,ref         ] GC(96) Skipped phase 4 of Reference Processing: no references
[49.232s][debug][gc,phases      ] GC(96) Reference Processing 0.125ms
[49.232s][debug][gc,phases      ] GC(96)   VM Weak                        Min:  0.0, Avg:  0.0, Max:  0.0, Diff:  0.0, Sum:  0.0, Workers: 4
[49.232s][debug][gc,phases      ] GC(96)     Dead                           Min: 0, Avg:  0.0, Max: 0, Diff: 0, Sum: 0, Workers: 4
[49.232s][debug][gc,phases      ] GC(96)     Total                          Min: 0, Avg: 163.0, Max: 332, Diff: 332, Sum: 652, Workers: 4
[49.232s][debug][gc,phases      ] GC(96)   ObjectSynchronizer Weak        Min:  0.0, Avg:  0.0, Max:  0.0, Diff:  0.0, Sum:  0.0, Workers: 4
[49.232s][debug][gc,phases      ] GC(96)     Dead                           Min: 0, Avg:  0.0, Max: 0, Diff: 0, Sum: 0, Workers: 4
[49.232s][debug][gc,phases      ] GC(96)     Total                          Min: 0, Avg: 88.0, Max: 192, Diff: 192, Sum: 352, Workers: 4
[49.232s][debug][gc,phases      ] GC(96)   JVMTI Tag Weak OopStorage      Min:  0.0, Avg:  0.0, Max:  0.0, Diff:  0.0, Sum:  0.0, Workers: 4
[49.232s][debug][gc,phases      ] GC(96)     Dead                           Min: 0, Avg:  0.0, Max: 0, Diff: 0, Sum: 0, Workers: 4
[49.232s][debug][gc,phases      ] GC(96)     Total                          Min: 0, Avg:  0.0, Max: 0, Diff: 0, Sum: 0, Workers: 4
[49.232s][debug][gc,phases      ] GC(96)   StringTable Weak               Min:  0.1, Avg:  0.1, Max:  0.1, Diff:  0.0, Sum:  0.5, Workers: 4
[49.232s][debug][gc,phases      ] GC(96)     Dead                           Min: 0, Avg:  0.0, Max: 0, Diff: 0, Sum: 0, Workers: 4
[49.232s][debug][gc,phases      ] GC(96)     Total                          Min: 10176, Avg: 11714.0, Max: 13120, Diff: 2944, Sum: 46856, Workers: 4
[49.232s][debug][gc,phases      ] GC(96)   ResolvedMethodTable Weak       Min:  0.0, Avg:  0.0, Max:  0.0, Diff:  0.0, Sum:  0.1, Workers: 4
[49.232s][debug][gc,phases      ] GC(96)     Dead                           Min: 0, Avg:  0.0, Max: 0, Diff: 0, Sum: 0, Workers: 4
[49.232s][debug][gc,phases      ] GC(96)     Total                          Min: 1728, Avg: 2002.8, Max: 2240, Diff: 512, Sum: 8011, Workers: 4
[49.232s][debug][gc,phases      ] GC(96)   JNI Weak                       Min:  0.0, Avg:  0.0, Max:  0.0, Diff:  0.0, Sum:  0.0, Workers: 4
[49.232s][debug][gc,phases      ] GC(96)     Dead                           Min: 0, Avg:  0.0, Max: 0, Diff: 0, Sum: 0, Workers: 4
[49.232s][debug][gc,phases      ] GC(96)     Total                          Min: 0, Avg:  1.5, Max: 6, Diff: 6, Sum: 6, Workers: 4
[49.232s][debug][gc,phases      ] GC(96)   StringDedup Table Weak         Min:  0.0, Avg:  0.0, Max:  0.0, Diff:  0.0, Sum:  0.0, Workers: 4
[49.232s][debug][gc,phases      ] GC(96)     Dead                           Min: 0, Avg:  0.0, Max: 0, Diff: 0, Sum: 0, Workers: 4
[49.232s][debug][gc,phases      ] GC(96)     Total                          Min: 0, Avg:  0.0, Max: 0, Diff: 0, Sum: 0, Workers: 4
[49.232s][debug][gc,phases      ] GC(96)   StringDedup Requests0 Weak     Min:  0.0, Avg:  0.0, Max:  0.0, Diff:  0.0, Sum:  0.0, Workers: 4
[49.232s][debug][gc,phases      ] GC(96)     Dead                           Min: 0, Avg:  0.0, Max: 0, Diff: 0, Sum: 0, Workers: 4
[49.232s][debug][gc,phases      ] GC(96)     Total                          Min: 0, Avg:  0.0, Max: 0, Diff: 0, Sum: 0, Workers: 4
[49.232s][debug][gc,phases      ] GC(96)   StringDedup Requests1 Weak     Min:  0.0, Avg:  0.0, Max:  0.0, Diff:  0.0, Sum:  0.0, Workers: 4
[49.232s][debug][gc,phases      ] GC(96)     Dead                           Min: 0, Avg:  0.0, Max: 0, Diff: 0, Sum: 0, Workers: 4
[49.232s][debug][gc,phases      ] GC(96)     Total                          Min: 0, Avg:  0.0, Max: 0, Diff: 0, Sum: 0, Workers: 4
[49.232s][debug][gc,phases      ] GC(96)   Weak JFR Old Object Samples    Min:  0.0, Avg:  0.0, Max:  0.0, Diff:  0.0, Sum:  0.0, Workers: 4
[49.232s][debug][gc,phases      ] GC(96)     Dead                           Min: 0, Avg:  0.0, Max: 0, Diff: 0, Sum: 0, Workers: 4
[49.232s][debug][gc,phases      ] GC(96)     Total                          Min: 0, Avg:  0.0, Max: 0, Diff: 0, Sum: 0, Workers: 4
[49.232s][debug][gc,phases      ] GC(96) Weak Processing 0.351ms
[49.232s][debug][gc,age         ] GC(96) Desired survivor size 113770496 bytes, new threshold 15 (max threshold 15)
[49.232s][info ][gc,heap        ] GC(96) PSYoungGen: 1957656K(1987584K)->80064K(1963520K) Eden: 1883136K(1883136K)->0K(1883136K) From: 74520K(104448K)->80064K(80384K)
[49.232s][info ][gc,heap        ] GC(96) ParOldGen: 481551K(549376K)->481671K(549376K)
[49.232s][info ][gc,metaspace   ] GC(96) Metaspace: 79504K(80320K)->79504K(80320K) NonClass: 68167K(68608K)->68167K(68608K) Class: 11337K(11712K)->11337K(11712K)
[49.232s][info ][gc             ] GC(96) Pause Young (Allocation Failure) 2382M->548M(2454M) 21.931ms
[49.232s][info ][gc,cpu         ] GC(96) User=0.10s Sys=0.00s Real=0.03s
[49.232s][info ][safepoint      ] Safepoint "ParallelGCFailedAllocation", Time since last: 496305387 ns, Reaching safepoint: 2164135 ns, At safepoint: 22049450 ns, Total: 24213585 ns
[49.714s][info ][gc,start       ] GC(97) Pause Young (Allocation Failure)
[49.737s][debug][gc,phases      ] GC(97) Scavenge 23.077ms
[49.737s][debug][gc,ref         ] GC(97) Skipped phase 1 of Reference Processing: no references
[49.737s][debug][gc,ref         ] GC(97) ReferenceProcessor::execute queues: 1, RefProcThreadModel::Single, marks_oops_alive: false
[49.737s][debug][gc,ref         ] GC(97) Skipped phase 3 of Reference Processing: no references
[49.737s][debug][gc,ref         ] GC(97) Skipped phase 4 of Reference Processing: no references
[49.737s][debug][gc,phases      ] GC(97) Reference Processing 0.140ms
[49.737s][debug][gc,phases      ] GC(97)   VM Weak                        Min:  0.0, Avg:  0.0, Max:  0.0, Diff:  0.0, Sum:  0.0, Workers: 4
[49.737s][debug][gc,phases      ] GC(97)     Dead                           Min: 0, Avg:  0.0, Max: 0, Diff: 0, Sum: 0, Workers: 4
[49.737s][debug][gc,phases      ] GC(97)     Total                          Min: 0, Avg: 163.0, Max: 332, Diff: 332, Sum: 652, Workers: 4
[49.737s][debug][gc,phases      ] GC(97)   ObjectSynchronizer Weak        Min:  0.0, Avg:  0.0, Max:  0.0, Diff:  0.0, Sum:  0.0, Workers: 4
[49.737s][debug][gc,phases      ] GC(97)     Dead                           Min: 0, Avg:  0.0, Max: 0, Diff: 0, Sum: 0, Workers: 4
[49.737s][debug][gc,phases      ] GC(97)     Total                          Min: 0, Avg: 88.0, Max: 160, Diff: 160, Sum: 352, Workers: 4
[49.737s][debug][gc,phases      ] GC(97)   JVMTI Tag Weak OopStorage      Min:  0.0, Avg:  0.0, Max:  0.0, Diff:  0.0, Sum:  0.0, Workers: 4
[49.737s][debug][gc,phases      ] GC(97)     Dead                           Min: 0, Avg:  0.0, Max: 0, Diff: 0, Sum: 0, Workers: 4
[49.737s][debug][gc,phases      ] GC(97)     Total                          Min: 0, Avg:  0.0, Max: 0, Diff: 0, Sum: 0, Workers: 4
[49.737s][debug][gc,phases      ] GC(97)   StringTable Weak               Min:  0.1, Avg:  0.1, Max:  0.1, Diff:  0.0, Sum:  0.5, Workers: 4
[49.737s][debug][gc,phases      ] GC(97)     Dead                           Min: 0, Avg:  0.0, Max: 0, Diff: 0, Sum: 0, Workers: 4
[49.737s][debug][gc,phases      ] GC(97)     Total                          Min: 10816, Avg: 11720.0, Max: 12736, Diff: 1920, Sum: 46880, Workers: 4
[49.737s][debug][gc,phases      ] GC(97)   ResolvedMethodTable Weak       Min:  0.0, Avg:  0.0, Max:  0.0, Diff:  0.0, Sum:  0.1, Workers: 4
[49.737s][debug][gc,phases      ] GC(97)     Dead                           Min: 0, Avg:  0.0, Max: 0, Diff: 0, Sum: 0, Workers: 4
[49.737s][debug][gc,phases      ] GC(97)     Total                          Min: 1803, Avg: 2002.8, Max: 2240, Diff: 437, Sum: 8011, Workers: 4
[49.737s][debug][gc,phases      ] GC(97)   JNI Weak                       Min:  0.0, Avg:  0.0, Max:  0.0, Diff:  0.0, Sum:  0.0, Workers: 4
[49.737s][debug][gc,phases      ] GC(97)     Dead                           Min: 0, Avg:  0.0, Max: 0, Diff: 0, Sum: 0, Workers: 4
[49.737s][debug][gc,phases      ] GC(97)     Total                          Min: 0, Avg:  0.2, Max: 1, Diff: 1, Sum: 1, Workers: 4
[49.737s][debug][gc,phases      ] GC(97)   StringDedup Table Weak         Min:  0.0, Avg:  0.0, Max:  0.0, Diff:  0.0, Sum:  0.0, Workers: 4
[49.737s][debug][gc,phases      ] GC(97)     Dead                           Min: 0, Avg:  0.0, Max: 0, Diff: 0, Sum: 0, Workers: 4
[49.737s][debug][gc,phases      ] GC(97)     Total                          Min: 0, Avg:  0.0, Max: 0, Diff: 0, Sum: 0, Workers: 4
[49.737s][debug][gc,phases      ] GC(97)   StringDedup Requests0 Weak     Min:  0.0, Avg:  0.0, Max:  0.0, Diff:  0.0, Sum:  0.0, Workers: 4
[49.737s][debug][gc,phases      ] GC(97)     Dead                           Min: 0, Avg:  0.0, Max: 0, Diff: 0, Sum: 0, Workers: 4
[49.737s][debug][gc,phases      ] GC(97)     Total                          Min: 0, Avg:  0.0, Max: 0, Diff: 0, Sum: 0, Workers: 4
[49.737s][debug][gc,phases      ] GC(97)   StringDedup Requests1 Weak     Min:  0.0, Avg:  0.0, Max:  0.0, Diff:  0.0, Sum:  0.0, Workers: 4
[49.737s][debug][gc,phases      ] GC(97)     Dead                           Min: 0, Avg:  0.0, Max: 0, Diff: 0, Sum: 0, Workers: 4
[49.737s][debug][gc,phases      ] GC(97)     Total                          Min: 0, Avg:  0.0, Max: 0, Diff: 0, Sum: 0, Workers: 4
[49.737s][debug][gc,phases      ] GC(97)   Weak JFR Old Object Samples    Min:  0.0, Avg:  0.0, Max:  0.0, Diff:  0.0, Sum:  0.0, Workers: 4
[49.737s][debug][gc,phases      ] GC(97)     Dead                           Min: 0, Avg:  0.0, Max: 0, Diff: 0, Sum: 0, Workers: 4
[49.737s][debug][gc,phases      ] GC(97)     Total                          Min: 0, Avg:  0.0, Max: 0, Diff: 0, Sum: 0, Workers: 4
[49.737s][debug][gc,phases      ] GC(97) Weak Processing 0.347ms
[49.737s][debug][gc,age         ] GC(97) Desired survivor size 116916224 bytes, new threshold 15 (max threshold 15)
[49.738s][info ][gc,heap        ] GC(97) PSYoungGen: 1963200K(1963520K)->79960K(1979904K) Eden: 1883136K(1883136K)->0K(1868800K) From: 80064K(80384K)->79960K(111104K)
[49.738s][info ][gc,heap        ] GC(97) ParOldGen: 481671K(549376K)->482423K(549376K)
[49.738s][info ][gc,metaspace   ] GC(97) Metaspace: 79523K(80320K)->79523K(80320K) NonClass: 68185K(68608K)->68185K(68608K) Class: 11337K(11712K)->11337K(11712K)
[49.738s][info ][gc             ] GC(97) Pause Young (Allocation Failure) 2387M->549M(2470M) 23.711ms
[49.738s][info ][gc,cpu         ] GC(97) User=0.09s Sys=0.00s Real=0.02s
[49.738s][info ][safepoint      ] Safepoint "ParallelGCFailedAllocation", Time since last: 481160546 ns, Reaching safepoint: 185303 ns, At safepoint: 23848479 ns, Total: 24033782 ns
[50.253s][info ][safepoint      ] Safepoint "ICBufferFull", Time since last: 515527892 ns, Reaching safepoint: 256504 ns, At safepoint: 35701 ns, Total: 292205 ns
[50.269s][info ][gc,start       ] GC(98) Pause Young (Allocation Failure)
[50.293s][debug][gc,phases      ] GC(98) Scavenge 23.194ms
[50.293s][debug][gc,ref         ] GC(98) Skipped phase 1 of Reference Processing: no references
[50.293s][debug][gc,ref         ] GC(98) ReferenceProcessor::execute queues: 1, RefProcThreadModel::Single, marks_oops_alive: false
[50.293s][debug][gc,ref         ] GC(98) Skipped phase 3 of Reference Processing: no references
[50.293s][debug][gc,ref         ] GC(98) Skipped phase 4 of Reference Processing: no references
[50.293s][debug][gc,phases      ] GC(98) Reference Processing 0.153ms
[50.293s][debug][gc,phases      ] GC(98)   VM Weak                        Min:  0.0, Avg:  0.0, Max:  0.0, Diff:  0.0, Sum:  0.0, Workers: 4
[50.293s][debug][gc,phases      ] GC(98)     Dead                           Min: 0, Avg:  0.0, Max: 0, Diff: 0, Sum: 0, Workers: 4
[50.293s][debug][gc,phases      ] GC(98)     Total                          Min: 0, Avg: 163.0, Max: 652, Diff: 652, Sum: 652, Workers: 4
[50.293s][debug][gc,phases      ] GC(98)   ObjectSynchronizer Weak        Min:  0.0, Avg:  0.0, Max:  0.0, Diff:  0.0, Sum:  0.0, Workers: 4
[50.293s][debug][gc,phases      ] GC(98)     Dead                           Min: 0, Avg:  0.0, Max: 0, Diff: 0, Sum: 0, Workers: 4
[50.293s][debug][gc,phases      ] GC(98)     Total                          Min: 0, Avg: 88.2, Max: 225, Diff: 225, Sum: 353, Workers: 4
[50.293s][debug][gc,phases      ] GC(98)   JVMTI Tag Weak OopStorage      Min:  0.0, Avg:  0.0, Max:  0.0, Diff:  0.0, Sum:  0.0, Workers: 4
[50.293s][debug][gc,phases      ] GC(98)     Dead                           Min: 0, Avg:  0.0, Max: 0, Diff: 0, Sum: 0, Workers: 4
[50.293s][debug][gc,phases      ] GC(98)     Total                          Min: 0, Avg:  0.0, Max: 0, Diff: 0, Sum: 0, Workers: 4
[50.293s][debug][gc,phases      ] GC(98)   StringTable Weak               Min:  0.1, Avg:  0.1, Max:  0.1, Diff:  0.0, Sum:  0.5, Workers: 4
[50.293s][debug][gc,phases      ] GC(98)     Dead                           Min: 0, Avg:  0.0, Max: 0, Diff: 0, Sum: 0, Workers: 4
[50.293s][debug][gc,phases      ] GC(98)     Total                          Min: 11456, Avg: 11720.2, Max: 11873, Diff: 417, Sum: 46881, Workers: 4
[50.293s][debug][gc,phases      ] GC(98)   ResolvedMethodTable Weak       Min:  0.0, Avg:  0.0, Max:  0.0, Diff:  0.0, Sum:  0.1, Workers: 4
[50.293s][debug][gc,phases      ] GC(98)     Dead                           Min: 0, Avg:  0.0, Max: 0, Diff: 0, Sum: 0, Workers: 4
[50.293s][debug][gc,phases      ] GC(98)     Total                          Min: 1792, Avg: 2002.8, Max: 2368, Diff: 576, Sum: 8011, Workers: 4
[50.293s][debug][gc,phases      ] GC(98)   JNI Weak                       Min:  0.0, Avg:  0.0, Max:  0.0, Diff:  0.0, Sum:  0.0, Workers: 4
[50.293s][debug][gc,phases      ] GC(98)     Dead                           Min: 0, Avg:  0.0, Max: 0, Diff: 0, Sum: 0, Workers: 4
[50.293s][debug][gc,phases      ] GC(98)     Total                          Min: 0, Avg:  0.0, Max: 0, Diff: 0, Sum: 0, Workers: 4
[50.293s][debug][gc,phases      ] GC(98)   StringDedup Table Weak         Min:  0.0, Avg:  0.0, Max:  0.0, Diff:  0.0, Sum:  0.0, Workers: 4
[50.293s][debug][gc,phases      ] GC(98)     Dead                           Min: 0, Avg:  0.0, Max: 0, Diff: 0, Sum: 0, Workers: 4
[50.293s][debug][gc,phases      ] GC(98)     Total                          Min: 0, Avg:  0.0, Max: 0, Diff: 0, Sum: 0, Workers: 4
[50.293s][debug][gc,phases      ] GC(98)   StringDedup Requests0 Weak     Min:  0.0, Avg:  0.0, Max:  0.0, Diff:  0.0, Sum:  0.0, Workers: 4
[50.293s][debug][gc,phases      ] GC(98)     Dead                           Min: 0, Avg:  0.0, Max: 0, Diff: 0, Sum: 0, Workers: 4
[50.293s][debug][gc,phases      ] GC(98)     Total                          Min: 0, Avg:  0.0, Max: 0, Diff: 0, Sum: 0, Workers: 4
[50.293s][debug][gc,phases      ] GC(98)   StringDedup Requests1 Weak     Min:  0.0, Avg:  0.0, Max:  0.0, Diff:  0.0, Sum:  0.0, Workers: 4
[50.293s][debug][gc,phases      ] GC(98)     Dead                           Min: 0, Avg:  0.0, Max: 0, Diff: 0, Sum: 0, Workers: 4
[50.293s][debug][gc,phases      ] GC(98)     Total                          Min: 0, Avg:  0.0, Max: 0, Diff: 0, Sum: 0, Workers: 4
[50.293s][debug][gc,phases      ] GC(98)   Weak JFR Old Object Samples    Min:  0.0, Avg:  0.0, Max:  0.0, Diff:  0.0, Sum:  0.0, Workers: 4
[50.293s][debug][gc,phases      ] GC(98)     Dead                           Min: 0, Avg:  0.0, Max: 0, Diff: 0, Sum: 0, Workers: 4
[50.293s][debug][gc,phases      ] GC(98)     Total                          Min: 0, Avg:  0.0, Max: 0, Diff: 0, Sum: 0, Workers: 4
[50.293s][debug][gc,phases      ] GC(98) Weak Processing 0.414ms
[50.293s][debug][gc,age         ] GC(98) Desired survivor size 116916224 bytes, new threshold 15 (max threshold 15)
[50.293s][info ][gc,heap        ] GC(98) PSYoungGen: 1948760K(1979904K)->74792K(1982976K) Eden: 1868800K(1868800K)->0K(1868800K) From: 79960K(111104K)->74792K(114176K)
[50.293s][info ][gc,heap        ] GC(98) ParOldGen: 482423K(549376K)->488591K(549376K)
[50.293s][info ][gc,metaspace   ] GC(98) Metaspace: 79562K(80384K)->79562K(80384K) NonClass: 68224K(68672K)->68224K(68672K) Class: 11337K(11712K)->11337K(11712K)
[50.293s][info ][gc             ] GC(98) Pause Young (Allocation Failure) 2374M->550M(2473M) 23.931ms
[50.293s][info ][gc,cpu         ] GC(98) User=0.09s Sys=0.01s Real=0.03s
[50.293s][info ][safepoint      ] Safepoint "ParallelGCFailedAllocation", Time since last: 15764450 ns, Reaching safepoint: 132902 ns, At safepoint: 24062483 ns, Total: 24195385 ns
[50.845s][info ][gc,start       ] GC(99) Pause Young (Allocation Failure)
[50.868s][debug][gc,phases      ] GC(99) Scavenge 22.471ms
[50.868s][debug][gc,ref         ] GC(99) Skipped phase 1 of Reference Processing: no references
[50.868s][debug][gc,ref         ] GC(99) ReferenceProcessor::execute queues: 1, RefProcThreadModel::Single, marks_oops_alive: false
[50.868s][debug][gc,ref         ] GC(99) Skipped phase 3 of Reference Processing: no references
[50.868s][debug][gc,ref         ] GC(99) ReferenceProcessor::execute queues: 1, RefProcThreadModel::Single, marks_oops_alive: false
[50.868s][debug][gc,phases      ] GC(99) Reference Processing 0.144ms
[50.868s][debug][gc,phases      ] GC(99)   VM Weak                        Min:  0.0, Avg:  0.0, Max:  0.0, Diff:  0.0, Sum:  0.0, Workers: 4
[50.868s][debug][gc,phases      ] GC(99)     Dead                           Min: 0, Avg:  0.0, Max: 0, Diff: 0, Sum: 0, Workers: 4
[50.868s][debug][gc,phases      ] GC(99)     Total                          Min: 0, Avg: 163.0, Max: 640, Diff: 640, Sum: 652, Workers: 4
[50.868s][debug][gc,phases      ] GC(99)   ObjectSynchronizer Weak        Min:  0.0, Avg:  0.0, Max:  0.0, Diff:  0.0, Sum:  0.0, Workers: 4
[50.868s][debug][gc,phases      ] GC(99)     Dead                           Min: 0, Avg:  0.0, Max: 0, Diff: 0, Sum: 0, Workers: 4
[50.868s][debug][gc,phases      ] GC(99)     Total                          Min: 0, Avg: 88.2, Max: 161, Diff: 161, Sum: 353, Workers: 4
[50.868s][debug][gc,phases      ] GC(99)   JVMTI Tag Weak OopStorage      Min:  0.0, Avg:  0.0, Max:  0.0, Diff:  0.0, Sum:  0.0, Workers: 4
[50.868s][debug][gc,phases      ] GC(99)     Dead                           Min: 0, Avg:  0.0, Max: 0, Diff: 0, Sum: 0, Workers: 4
[50.868s][debug][gc,phases      ] GC(99)     Total                          Min: 0, Avg:  0.0, Max: 0, Diff: 0, Sum: 0, Workers: 4
[50.868s][debug][gc,phases      ] GC(99)   StringTable Weak               Min:  0.1, Avg:  0.1, Max:  0.1, Diff:  0.0, Sum:  0.5, Workers: 4
[50.868s][debug][gc,phases      ] GC(99)     Dead                           Min: 0, Avg:  0.0, Max: 0, Diff: 0, Sum: 0, Workers: 4
[50.868s][debug][gc,phases      ] GC(99)     Total                          Min: 10688, Avg: 11720.8, Max: 12992, Diff: 2304, Sum: 46883, Workers: 4
[50.868s][debug][gc,phases      ] GC(99)   ResolvedMethodTable Weak       Min:  0.0, Avg:  0.0, Max:  0.0, Diff:  0.0, Sum:  0.1, Workers: 4
[50.868s][debug][gc,phases      ] GC(99)     Dead                           Min: 0, Avg:  0.0, Max: 0, Diff: 0, Sum: 0, Workers: 4
[50.868s][debug][gc,phases      ] GC(99)     Total                          Min: 1792, Avg: 2003.2, Max: 2381, Diff: 589, Sum: 8013, Workers: 4
[50.868s][debug][gc,phases      ] GC(99)   JNI Weak                       Min:  0.0, Avg:  0.0, Max:  0.0, Diff:  0.0, Sum:  0.0, Workers: 4
[50.868s][debug][gc,phases      ] GC(99)     Dead                           Min: 0, Avg:  0.0, Max: 0, Diff: 0, Sum: 0, Workers: 4
[50.868s][debug][gc,phases      ] GC(99)     Total                          Min: 0, Avg:  2.0, Max: 8, Diff: 8, Sum: 8, Workers: 4
[50.868s][debug][gc,phases      ] GC(99)   StringDedup Table Weak         Min:  0.0, Avg:  0.0, Max:  0.0, Diff:  0.0, Sum:  0.0, Workers: 4
[50.868s][debug][gc,phases      ] GC(99)     Dead                           Min: 0, Avg:  0.0, Max: 0, Diff: 0, Sum: 0, Workers: 4
[50.868s][debug][gc,phases      ] GC(99)     Total                          Min: 0, Avg:  0.0, Max: 0, Diff: 0, Sum: 0, Workers: 4
[50.868s][debug][gc,phases      ] GC(99)   StringDedup Requests0 Weak     Min:  0.0, Avg:  0.0, Max:  0.0, Diff:  0.0, Sum:  0.0, Workers: 4
[50.868s][debug][gc,phases      ] GC(99)     Dead                           Min: 0, Avg:  0.0, Max: 0, Diff: 0, Sum: 0, Workers: 4
[50.868s][debug][gc,phases      ] GC(99)     Total                          Min: 0, Avg:  0.0, Max: 0, Diff: 0, Sum: 0, Workers: 4
[50.868s][debug][gc,phases      ] GC(99)   StringDedup Requests1 Weak     Min:  0.0, Avg:  0.0, Max:  0.0, Diff:  0.0, Sum:  0.0, Workers: 4
[50.868s][debug][gc,phases      ] GC(99)     Dead                           Min: 0, Avg:  0.0, Max: 0, Diff: 0, Sum: 0, Workers: 4
[50.868s][debug][gc,phases      ] GC(99)     Total                          Min: 0, Avg:  0.0, Max: 0, Diff: 0, Sum: 0, Workers: 4
[50.868s][debug][gc,phases      ] GC(99)   Weak JFR Old Object Samples    Min:  0.0, Avg:  0.0, Max:  0.0, Diff:  0.0, Sum:  0.0, Workers: 4
[50.868s][debug][gc,phases      ] GC(99)     Dead                           Min: 0, Avg:  0.0, Max: 0, Diff: 0, Sum: 0, Workers: 4
[50.868s][debug][gc,phases      ] GC(99)     Total                          Min: 0, Avg:  0.0, Max: 0, Diff: 0, Sum: 0, Workers: 4
[50.868s][debug][gc,phases      ] GC(99) Weak Processing 0.368ms
[50.868s][debug][gc,age         ] GC(99) Desired survivor size 115343360 bytes, new threshold 15 (max threshold 15)
[50.868s][info ][gc,heap        ] GC(99) PSYoungGen: 1943592K(1982976K)->71856K(1984512K) Eden: 1868800K(1868800K)->0K(1870336K) From: 74792K(114176K)->71856K(114176K)
[50.868s][info ][gc,heap        ] GC(99) ParOldGen: 488591K(549376K)->492671K(549376K)
[50.868s][info ][gc,metaspace   ] GC(99) Metaspace: 79624K(80448K)->79624K(80448K) NonClass: 68286K(68736K)->68286K(68736K) Class: 11338K(11712K)->11338K(11712K)
[50.868s][info ][gc             ] GC(99) Pause Young (Allocation Failure) 2375M->551M(2474M) 23.140ms
[50.868s][info ][gc,cpu         ] GC(99) User=0.10s Sys=0.01s Real=0.02s
[50.868s][info ][safepoint      ] Safepoint "ParallelGCFailedAllocation", Time since last: 551376061 ns, Reaching safepoint: 244004 ns, At safepoint: 23266169 ns, Total: 23510173 ns
[51.415s][info ][gc,start       ] GC(100) Pause Young (Allocation Failure)
[51.437s][debug][gc,phases      ] GC(100) Scavenge 21.947ms
[51.438s][debug][gc,ref         ] GC(100) Skipped phase 1 of Reference Processing: no references
[51.438s][debug][gc,ref         ] GC(100) ReferenceProcessor::execute queues: 1, RefProcThreadModel::Single, marks_oops_alive: false
[51.438s][debug][gc,ref         ] GC(100) Skipped phase 3 of Reference Processing: no references
[51.438s][debug][gc,ref         ] GC(100) Skipped phase 4 of Reference Processing: no references
[51.438s][debug][gc,phases      ] GC(100) Reference Processing 0.126ms
[51.438s][debug][gc,phases      ] GC(100)   VM Weak                        Min:  0.0, Avg:  0.0, Max:  0.0, Diff:  0.0, Sum:  0.0, Workers: 4
[51.438s][debug][gc,phases      ] GC(100)     Dead                           Min: 0, Avg:  0.0, Max: 0, Diff: 0, Sum: 0, Workers: 4
[51.438s][debug][gc,phases      ] GC(100)     Total                          Min: 0, Avg: 163.0, Max: 576, Diff: 576, Sum: 652, Workers: 4
[51.438s][debug][gc,phases      ] GC(100)   ObjectSynchronizer Weak        Min:  0.0, Avg:  0.0, Max:  0.0, Diff:  0.0, Sum:  0.0, Workers: 4
[51.438s][debug][gc,phases      ] GC(100)     Dead                           Min: 0, Avg:  0.0, Max: 0, Diff: 0, Sum: 0, Workers: 4
[51.438s][debug][gc,phases      ] GC(100)     Total                          Min: 0, Avg: 88.2, Max: 128, Diff: 128, Sum: 353, Workers: 4
[51.438s][debug][gc,phases      ] GC(100)   JVMTI Tag Weak OopStorage      Min:  0.0, Avg:  0.0, Max:  0.0, Diff:  0.0, Sum:  0.0, Workers: 4
[51.438s][debug][gc,phases      ] GC(100)     Dead                           Min: 0, Avg:  0.0, Max: 0, Diff: 0, Sum: 0, Workers: 4
[51.438s][debug][gc,phases      ] GC(100)     Total                          Min: 0, Avg:  0.0, Max: 0, Diff: 0, Sum: 0, Workers: 4
[51.438s][debug][gc,phases      ] GC(100)   StringTable Weak               Min:  0.1, Avg:  0.1, Max:  0.1, Diff:  0.0, Sum:  0.5, Workers: 4
[51.438s][debug][gc,phases      ] GC(100)     Dead                           Min: 0, Avg:  0.0, Max: 0, Diff: 0, Sum: 0, Workers: 4
[51.438s][debug][gc,phases      ] GC(100)     Total                          Min: 11110, Avg: 11721.5, Max: 12416, Diff: 1306, Sum: 46886, Workers: 4
[51.438s][debug][gc,phases      ] GC(100)   ResolvedMethodTable Weak       Min:  0.0, Avg:  0.0, Max:  0.0, Diff:  0.0, Sum:  0.1, Workers: 4
[51.438s][debug][gc,phases      ] GC(100)     Dead                           Min: 0, Avg:  0.0, Max: 0, Diff: 0, Sum: 0, Workers: 4
[51.438s][debug][gc,phases      ] GC(100)     Total                          Min: 1856, Avg: 2003.2, Max: 2189, Diff: 333, Sum: 8013, Workers: 4
[51.438s][debug][gc,phases      ] GC(100)   JNI Weak                       Min:  0.0, Avg:  0.0, Max:  0.0, Diff:  0.0, Sum:  0.0, Workers: 4
[51.438s][debug][gc,phases      ] GC(100)     Dead                           Min: 0, Avg:  0.0, Max: 0, Diff: 0, Sum: 0, Workers: 4
[51.438s][debug][gc,phases      ] GC(100)     Total                          Min: 0, Avg:  1.5, Max: 6, Diff: 6, Sum: 6, Workers: 4
[51.438s][debug][gc,phases      ] GC(100)   StringDedup Table Weak         Min:  0.0, Avg:  0.0, Max:  0.0, Diff:  0.0, Sum:  0.0, Workers: 4
[51.438s][debug][gc,phases      ] GC(100)     Dead                           Min: 0, Avg:  0.0, Max: 0, Diff: 0, Sum: 0, Workers: 4
[51.438s][debug][gc,phases      ] GC(100)     Total                          Min: 0, Avg:  0.0, Max: 0, Diff: 0, Sum: 0, Workers: 4
[51.438s][debug][gc,phases      ] GC(100)   StringDedup Requests0 Weak     Min:  0.0, Avg:  0.0, Max:  0.0, Diff:  0.0, Sum:  0.0, Workers: 4
[51.438s][debug][gc,phases      ] GC(100)     Dead                           Min: 0, Avg:  0.0, Max: 0, Diff: 0, Sum: 0, Workers: 4
[51.438s][debug][gc,phases      ] GC(100)     Total                          Min: 0, Avg:  0.0, Max: 0, Diff: 0, Sum: 0, Workers: 4
[51.438s][debug][gc,phases      ] GC(100)   StringDedup Requests1 Weak     Min:  0.0, Avg:  0.0, Max:  0.0, Diff:  0.0, Sum:  0.0, Workers: 4
[51.438s][debug][gc,phases      ] GC(100)     Dead                           Min: 0, Avg:  0.0, Max: 0, Diff: 0, Sum: 0, Workers: 4
[51.438s][debug][gc,phases      ] GC(100)     Total                          Min: 0, Avg:  0.0, Max: 0, Diff: 0, Sum: 0, Workers: 4
[51.438s][debug][gc,phases      ] GC(100)   Weak JFR Old Object Samples    Min:  0.0, Avg:  0.0, Max:  0.0, Diff:  0.0, Sum:  0.0, Workers: 4
[51.438s][debug][gc,phases      ] GC(100)     Dead                           Min: 0, Avg:  0.0, Max: 0, Diff: 0, Sum: 0, Workers: 4
[51.438s][debug][gc,phases      ] GC(100)     Total                          Min: 0, Avg:  0.0, Max: 0, Diff: 0, Sum: 0, Workers: 4
[51.438s][debug][gc,phases      ] GC(100) Weak Processing 0.352ms
[51.438s][debug][gc,age         ] GC(100) Desired survivor size 112721920 bytes, new threshold 15 (max threshold 15)
[51.438s][info ][gc,heap        ] GC(100) PSYoungGen: 1942192K(1984512K)->68208K(1982976K) Eden: 1870336K(1870336K)->0K(1870336K) From: 71856K(114176K)->68208K(112640K)
[51.438s][info ][gc,heap        ] GC(100) ParOldGen: 492671K(549376K)->497407K(549376K)
[51.438s][info ][gc,metaspace   ] GC(100) Metaspace: 79665K(80448K)->79665K(80448K) NonClass: 68326K(68736K)->68326K(68736K) Class: 11338K(11712K)->11338K(11712K)
[51.438s][info ][gc             ] GC(100) Pause Young (Allocation Failure) 2377M->552M(2473M) 22.586ms
[51.438s][info ][gc,cpu         ] GC(100) User=0.09s Sys=0.00s Real=0.02s
[51.438s][info ][safepoint      ] Safepoint "ParallelGCFailedAllocation", Time since last: 546991091 ns, Reaching safepoint: 148902 ns, At safepoint: 22709361 ns, Total: 22858263 ns
[52.037s][info ][gc,start       ] GC(101) Pause Young (Allocation Failure)
[52.059s][debug][gc,phases      ] GC(101) Scavenge 21.565ms
[52.059s][debug][gc,ref         ] GC(101) Skipped phase 1 of Reference Processing: no references
[52.059s][debug][gc,ref         ] GC(101) ReferenceProcessor::execute queues: 1, RefProcThreadModel::Single, marks_oops_alive: false
[52.059s][debug][gc,ref         ] GC(101) Skipped phase 3 of Reference Processing: no references
[52.059s][debug][gc,ref         ] GC(101) Skipped phase 4 of Reference Processing: no references
[52.059s][debug][gc,phases      ] GC(101) Reference Processing 0.139ms
[52.059s][debug][gc,phases      ] GC(101)   VM Weak                        Min:  0.0, Avg:  0.0, Max:  0.0, Diff:  0.0, Sum:  0.0, Workers: 4
[52.059s][debug][gc,phases      ] GC(101)     Dead                           Min: 0, Avg:  0.0, Max: 0, Diff: 0, Sum: 0, Workers: 4
[52.059s][debug][gc,phases      ] GC(101)     Total                          Min: 0, Avg: 163.0, Max: 332, Diff: 332, Sum: 652, Workers: 4
[52.059s][debug][gc,phases      ] GC(101)   ObjectSynchronizer Weak        Min:  0.0, Avg:  0.0, Max:  0.0, Diff:  0.0, Sum:  0.0, Workers: 4
[52.059s][debug][gc,phases      ] GC(101)     Dead                           Min: 0, Avg:  0.0, Max: 0, Diff: 0, Sum: 0, Workers: 4
[52.059s][debug][gc,phases      ] GC(101)     Total                          Min: 0, Avg: 88.2, Max: 128, Diff: 128, Sum: 353, Workers: 4
[52.059s][debug][gc,phases      ] GC(101)   JVMTI Tag Weak OopStorage      Min:  0.0, Avg:  0.0, Max:  0.0, Diff:  0.0, Sum:  0.0, Workers: 4
[52.059s][debug][gc,phases      ] GC(101)     Dead                           Min: 0, Avg:  0.0, Max: 0, Diff: 0, Sum: 0, Workers: 4
[52.060s][debug][gc,phases      ] GC(101)     Total                          Min: 0, Avg:  0.0, Max: 0, Diff: 0, Sum: 0, Workers: 4
[52.060s][debug][gc,phases      ] GC(101)   StringTable Weak               Min:  0.1, Avg:  0.1, Max:  0.1, Diff:  0.0, Sum:  0.5, Workers: 4
[52.060s][debug][gc,phases      ] GC(101)     Dead                           Min: 0, Avg:  0.0, Max: 0, Diff: 0, Sum: 0, Workers: 4
[52.060s][debug][gc,phases      ] GC(101)     Total                          Min: 11072, Avg: 11730.8, Max: 13376, Diff: 2304, Sum: 46923, Workers: 4
[52.060s][debug][gc,phases      ] GC(101)   ResolvedMethodTable Weak       Min:  0.0, Avg:  0.0, Max:  0.0, Diff:  0.0, Sum:  0.1, Workers: 4
[52.060s][debug][gc,phases      ] GC(101)     Dead                           Min: 0, Avg:  0.0, Max: 0, Diff: 0, Sum: 0, Workers: 4
[52.060s][debug][gc,phases      ] GC(101)     Total                          Min: 1792, Avg: 2003.2, Max: 2189, Diff: 397, Sum: 8013, Workers: 4
[52.060s][debug][gc,phases      ] GC(101)   JNI Weak                       Min:  0.0, Avg:  0.0, Max:  0.0, Diff:  0.0, Sum:  0.0, Workers: 4
[52.060s][debug][gc,phases      ] GC(101)     Dead                           Min: 0, Avg:  0.0, Max: 0, Diff: 0, Sum: 0, Workers: 4
[52.060s][debug][gc,phases      ] GC(101)     Total                          Min: 0, Avg:  0.0, Max: 0, Diff: 0, Sum: 0, Workers: 4
[52.060s][debug][gc,phases      ] GC(101)   StringDedup Table Weak         Min:  0.0, Avg:  0.0, Max:  0.0, Diff:  0.0, Sum:  0.0, Workers: 4
[52.060s][debug][gc,phases      ] GC(101)     Dead                           Min: 0, Avg:  0.0, Max: 0, Diff: 0, Sum: 0, Workers: 4
[52.060s][debug][gc,phases      ] GC(101)     Total                          Min: 0, Avg:  0.0, Max: 0, Diff: 0, Sum: 0, Workers: 4
[52.060s][debug][gc,phases      ] GC(101)   StringDedup Requests0 Weak     Min:  0.0, Avg:  0.0, Max:  0.0, Diff:  0.0, Sum:  0.0, Workers: 4
[52.060s][debug][gc,phases      ] GC(101)     Dead                           Min: 0, Avg:  0.0, Max: 0, Diff: 0, Sum: 0, Workers: 4
[52.060s][debug][gc,phases      ] GC(101)     Total                          Min: 0, Avg:  0.0, Max: 0, Diff: 0, Sum: 0, Workers: 4
[52.060s][debug][gc,phases      ] GC(101)   StringDedup Requests1 Weak     Min:  0.0, Avg:  0.0, Max:  0.0, Diff:  0.0, Sum:  0.0, Workers: 4
[52.060s][debug][gc,phases      ] GC(101)     Dead                           Min: 0, Avg:  0.0, Max: 0, Diff: 0, Sum: 0, Workers: 4
[52.060s][debug][gc,phases      ] GC(101)     Total                          Min: 0, Avg:  0.0, Max: 0, Diff: 0, Sum: 0, Workers: 4
[52.060s][debug][gc,phases      ] GC(101)   Weak JFR Old Object Samples    Min:  0.0, Avg:  0.0, Max:  0.0, Diff:  0.0, Sum:  0.0, Workers: 4
[52.060s][debug][gc,phases      ] GC(101)     Dead                           Min: 0, Avg:  0.0, Max: 0, Diff: 0, Sum: 0, Workers: 4
[52.060s][debug][gc,phases      ] GC(101)     Total                          Min: 0, Avg:  0.0, Max: 0, Diff: 0, Sum: 0, Workers: 4
[52.060s][debug][gc,phases      ] GC(101) Weak Processing 0.361ms
[52.060s][debug][gc,age         ] GC(101) Desired survivor size 108527616 bytes, new threshold 15 (max threshold 15)
[52.060s][info ][gc,heap        ] GC(101) PSYoungGen: 1938544K(1982976K)->64736K(1991168K) Eden: 1870336K(1870336K)->0K(1881088K) From: 68208K(112640K)->64736K(110080K)
[52.060s][info ][gc,heap        ] GC(101) ParOldGen: 497407K(549376K)->502583K(549376K)
[52.060s][info ][gc,metaspace   ] GC(101) Metaspace: 79706K(80512K)->79706K(80512K) NonClass: 68368K(68800K)->68368K(68800K) Class: 11338K(11712K)->11338K(11712K)
[52.060s][info ][gc             ] GC(101) Pause Young (Allocation Failure) 2378M->554M(2481M) 22.218ms
[52.060s][info ][gc,cpu         ] GC(101) User=0.08s Sys=0.00s Real=0.02s
[52.060s][info ][safepoint      ] Safepoint "ParallelGCFailedAllocation", Time since last: 599032617 ns, Reaching safepoint: 228504 ns, At safepoint: 22339855 ns, Total: 22568359 ns
[52.941s][info ][safepoint      ] Safepoint "ICBufferFull", Time since last: 881312500 ns, Reaching safepoint: 178003 ns, At safepoint: 11800 ns, Total: 189803 ns
[53.688s][info ][safepoint      ] Safepoint "ICBufferFull", Time since last: 746092751 ns, Reaching safepoint: 159603 ns, At safepoint: 6200 ns, Total: 165803 ns
[53.688s][info ][safepoint      ] Safepoint "ICBufferFull", Time since last: 55301 ns, Reaching safepoint: 89401 ns, At safepoint: 5700 ns, Total: 95101 ns
[54.688s][info ][safepoint      ] Safepoint "Cleanup", Time since last: 1000090184 ns, Reaching safepoint: 105502 ns, At safepoint: 6700 ns, Total: 112202 ns
[54.974s][info ][safepoint      ] Safepoint "ICBufferFull", Time since last: 286014342 ns, Reaching safepoint: 261604 ns, At safepoint: 4500 ns, Total: 266104 ns
[56.321s][info ][safepoint      ] Safepoint "Cleanup", Time since last: 1346844388 ns, Reaching safepoint: 217204 ns, At safepoint: 13800 ns, Total: 231004 ns
[57.322s][info ][safepoint      ] Safepoint "Cleanup", Time since last: 1000135880 ns, Reaching safepoint: 163302 ns, At safepoint: 11500 ns, Total: 174802 ns
[58.322s][info ][safepoint      ] Safepoint "Cleanup", Time since last: 1000114178 ns, Reaching safepoint: 141102 ns, At safepoint: 10000 ns, Total: 151102 ns
[59.271s][info ][gc,start       ] GC(102) Pause Young (Allocation Failure)
[59.291s][debug][gc,phases      ] GC(102) Scavenge 19.936ms
[59.291s][debug][gc,ref         ] GC(102) Skipped phase 1 of Reference Processing: no references
[59.291s][debug][gc,ref         ] GC(102) ReferenceProcessor::execute queues: 1, RefProcThreadModel::Single, marks_oops_alive: false
[59.291s][debug][gc,ref         ] GC(102) Skipped phase 3 of Reference Processing: no references
[59.291s][debug][gc,ref         ] GC(102) ReferenceProcessor::execute queues: 1, RefProcThreadModel::Single, marks_oops_alive: false
[59.291s][debug][gc,phases      ] GC(102) Reference Processing 0.118ms
[59.291s][debug][gc,phases      ] GC(102)   VM Weak                        Min:  0.0, Avg:  0.0, Max:  0.0, Diff:  0.0, Sum:  0.0, Workers: 4
[59.291s][debug][gc,phases      ] GC(102)     Dead                           Min: 0, Avg:  0.0, Max: 0, Diff: 0, Sum: 0, Workers: 4
[59.291s][debug][gc,phases      ] GC(102)     Total                          Min: 0, Avg: 163.0, Max: 524, Diff: 524, Sum: 652, Workers: 4
[59.291s][debug][gc,phases      ] GC(102)   ObjectSynchronizer Weak        Min:  0.0, Avg:  0.0, Max:  0.0, Diff:  0.0, Sum:  0.0, Workers: 4
[59.291s][debug][gc,phases      ] GC(102)     Dead                           Min: 0, Avg:  0.0, Max: 0, Diff: 0, Sum: 0, Workers: 4
[59.291s][debug][gc,phases      ] GC(102)     Total                          Min: 0, Avg: 88.5, Max: 128, Diff: 128, Sum: 354, Workers: 4
[59.291s][debug][gc,phases      ] GC(102)   JVMTI Tag Weak OopStorage      Min:  0.0, Avg:  0.0, Max:  0.0, Diff:  0.0, Sum:  0.0, Workers: 4
[59.291s][debug][gc,phases      ] GC(102)     Dead                           Min: 0, Avg:  0.0, Max: 0, Diff: 0, Sum: 0, Workers: 4
[59.291s][debug][gc,phases      ] GC(102)     Total                          Min: 0, Avg:  0.0, Max: 0, Diff: 0, Sum: 0, Workers: 4
[59.291s][debug][gc,phases      ] GC(102)   StringTable Weak               Min:  0.1, Avg:  0.1, Max:  0.1, Diff:  0.0, Sum:  0.4, Workers: 4
[59.291s][debug][gc,phases      ] GC(102)     Dead                           Min: 0, Avg:  0.0, Max: 0, Diff: 0, Sum: 0, Workers: 4
[59.291s][debug][gc,phases      ] GC(102)     Total                          Min: 11200, Avg: 11765.5, Max: 12608, Diff: 1408, Sum: 47062, Workers: 4
[59.291s][debug][gc,phases      ] GC(102)   ResolvedMethodTable Weak       Min:  0.0, Avg:  0.0, Max:  0.0, Diff:  0.0, Sum:  0.1, Workers: 4
[59.291s][debug][gc,phases      ] GC(102)     Dead                           Min: 0, Avg:  0.0, Max: 0, Diff: 0, Sum: 0, Workers: 4
[59.291s][debug][gc,phases      ] GC(102)     Total                          Min: 1792, Avg: 2004.8, Max: 2304, Diff: 512, Sum: 8019, Workers: 4
[59.291s][debug][gc,phases      ] GC(102)   JNI Weak                       Min:  0.0, Avg:  0.0, Max:  0.0, Diff:  0.0, Sum:  0.0, Workers: 4
[59.291s][debug][gc,phases      ] GC(102)     Dead                           Min: 0, Avg:  0.0, Max: 0, Diff: 0, Sum: 0, Workers: 4
[59.291s][debug][gc,phases      ] GC(102)     Total                          Min: 0, Avg:  0.0, Max: 0, Diff: 0, Sum: 0, Workers: 4
[59.291s][debug][gc,phases      ] GC(102)   StringDedup Table Weak         Min:  0.0, Avg:  0.0, Max:  0.0, Diff:  0.0, Sum:  0.0, Workers: 4
[59.291s][debug][gc,phases      ] GC(102)     Dead                           Min: 0, Avg:  0.0, Max: 0, Diff: 0, Sum: 0, Workers: 4
[59.291s][debug][gc,phases      ] GC(102)     Total                          Min: 0, Avg:  0.0, Max: 0, Diff: 0, Sum: 0, Workers: 4
[59.291s][debug][gc,phases      ] GC(102)   StringDedup Requests0 Weak     Min:  0.0, Avg:  0.0, Max:  0.0, Diff:  0.0, Sum:  0.0, Workers: 4
[59.291s][debug][gc,phases      ] GC(102)     Dead                           Min: 0, Avg:  0.0, Max: 0, Diff: 0, Sum: 0, Workers: 4
[59.291s][debug][gc,phases      ] GC(102)     Total                          Min: 0, Avg:  0.0, Max: 0, Diff: 0, Sum: 0, Workers: 4
[59.291s][debug][gc,phases      ] GC(102)   StringDedup Requests1 Weak     Min:  0.0, Avg:  0.0, Max:  0.0, Diff:  0.0, Sum:  0.0, Workers: 4
[59.291s][debug][gc,phases      ] GC(102)     Dead                           Min: 0, Avg:  0.0, Max: 0, Diff: 0, Sum: 0, Workers: 4
[59.291s][debug][gc,phases      ] GC(102)     Total                          Min: 0, Avg:  0.0, Max: 0, Diff: 0, Sum: 0, Workers: 4
[59.291s][debug][gc,phases      ] GC(102)   Weak JFR Old Object Samples    Min:  0.0, Avg:  0.0, Max:  0.0, Diff:  0.0, Sum:  0.0, Workers: 4
[59.291s][debug][gc,phases      ] GC(102)     Dead                           Min: 0, Avg:  0.0, Max: 0, Diff: 0, Sum: 0, Workers: 4
[59.291s][debug][gc,phases      ] GC(102)     Total                          Min: 0, Avg:  0.0, Max: 0, Diff: 0, Sum: 0, Workers: 4
[59.291s][debug][gc,phases      ] GC(102) Weak Processing 0.375ms
[59.291s][debug][gc,age         ] GC(102) Desired survivor size 104333312 bytes, new threshold 15 (max threshold 15)
[59.291s][info ][gc,heap        ] GC(102) PSYoungGen: 1945824K(1991168K)->62792K(1987072K) Eden: 1881088K(1881088K)->0K(1881088K) From: 64736K(110080K)->62792K(105984K)
[59.291s][info ][gc,heap        ] GC(102) ParOldGen: 502583K(549376K)->505495K(549376K)
[59.291s][info ][gc,metaspace   ] GC(102) Metaspace: 79845K(80640K)->79845K(80640K) NonClass: 68504K(68928K)->68504K(68928K) Class: 11341K(11712K)->11341K(11712K)
[59.291s][info ][gc             ] GC(102) Pause Young (Allocation Failure) 2391M->554M(2477M) 20.579ms
[59.291s][info ][gc,cpu         ] GC(102) User=0.08s Sys=0.00s Real=0.02s
[59.291s][info ][safepoint      ] Safepoint "ParallelGCFailedAllocation", Time since last: 948577858 ns, Reaching safepoint: 109802 ns, At safepoint: 20689828 ns, Total: 20799630 ns
[60.291s][info ][safepoint      ] Safepoint "Cleanup", Time since last: 1000061773 ns, Reaching safepoint: 63801 ns, At safepoint: 10900 ns, Total: 74701 ns
[61.291s][info ][safepoint      ] Safepoint "Cleanup", Time since last: 1000103872 ns, Reaching safepoint: 75802 ns, At safepoint: 8000 ns, Total: 83802 ns
[62.292s][info ][safepoint      ] Safepoint "Cleanup", Time since last: 1000069369 ns, Reaching safepoint: 58001 ns, At safepoint: 8100 ns, Total: 66101 ns
[63.292s][info ][safepoint      ] Safepoint "Cleanup", Time since last: 1000105368 ns, Reaching safepoint: 67202 ns, At safepoint: 19300 ns, Total: 86502 ns
[64.292s][info ][safepoint      ] Safepoint "Cleanup", Time since last: 1000108466 ns, Reaching safepoint: 76601 ns, At safepoint: 9201 ns, Total: 85802 ns
[65.292s][info ][safepoint      ] Safepoint "Cleanup", Time since last: 1000112864 ns, Reaching safepoint: 63501 ns, At safepoint: 6400 ns, Total: 69901 ns
[66.292s][info ][safepoint      ] Safepoint "Cleanup", Time since last: 1000116363 ns, Reaching safepoint: 71501 ns, At safepoint: 11701 ns, Total: 83202 ns
[67.293s][info ][safepoint      ] Safepoint "Cleanup", Time since last: 1000107861 ns, Reaching safepoint: 63801 ns, At safepoint: 8900 ns, Total: 72701 ns
[68.293s][info ][safepoint      ] Safepoint "Cleanup", Time since last: 1000107959 ns, Reaching safepoint: 64201 ns, At safepoint: 6900 ns, Total: 71101 ns
[69.293s][info ][safepoint      ] Safepoint "Cleanup", Time since last: 1000102157 ns, Reaching safepoint: 57601 ns, At safepoint: 11900 ns, Total: 69501 ns
[70.494s][info ][safepoint      ] Safepoint "Cleanup", Time since last: 1200777137 ns, Reaching safepoint: 128802 ns, At safepoint: 10300 ns, Total: 139102 ns
[71.494s][info ][safepoint      ] Safepoint "Cleanup", Time since last: 1000107053 ns, Reaching safepoint: 57001 ns, At safepoint: 6700 ns, Total: 63701 ns
[72.271s][info ][gc,start       ] GC(103) Pause Young (Allocation Failure)
[72.290s][debug][gc,phases      ] GC(103) Scavenge 19.228ms
[72.290s][debug][gc,ref         ] GC(103) Skipped phase 1 of Reference Processing: no references
[72.290s][debug][gc,ref         ] GC(103) ReferenceProcessor::execute queues: 1, RefProcThreadModel::Single, marks_oops_alive: false
[72.290s][debug][gc,ref         ] GC(103) Skipped phase 3 of Reference Processing: no references
[72.290s][debug][gc,ref         ] GC(103) Skipped phase 4 of Reference Processing: no references
[72.290s][debug][gc,phases      ] GC(103) Reference Processing 0.135ms
[72.291s][debug][gc,phases      ] GC(103)   VM Weak                        Min:  0.0, Avg:  0.0, Max:  0.0, Diff:  0.0, Sum:  0.0, Workers: 4
[72.291s][debug][gc,phases      ] GC(103)     Dead                           Min: 0, Avg:  0.0, Max: 0, Diff: 0, Sum: 0, Workers: 4
[72.291s][debug][gc,phases      ] GC(103)     Total                          Min: 0, Avg: 163.0, Max: 652, Diff: 652, Sum: 652, Workers: 4
[72.291s][debug][gc,phases      ] GC(103)   ObjectSynchronizer Weak        Min:  0.0, Avg:  0.0, Max:  0.0, Diff:  0.0, Sum:  0.0, Workers: 4
[72.291s][debug][gc,phases      ] GC(103)     Dead                           Min: 0, Avg:  0.0, Max: 0, Diff: 0, Sum: 0, Workers: 4
[72.291s][debug][gc,phases      ] GC(103)     Total                          Min: 0, Avg: 88.5, Max: 226, Diff: 226, Sum: 354, Workers: 4
[72.291s][debug][gc,phases      ] GC(103)   JVMTI Tag Weak OopStorage      Min:  0.0, Avg:  0.0, Max:  0.0, Diff:  0.0, Sum:  0.0, Workers: 4
[72.291s][debug][gc,phases      ] GC(103)     Dead                           Min: 0, Avg:  0.0, Max: 0, Diff: 0, Sum: 0, Workers: 4
[72.291s][debug][gc,phases      ] GC(103)     Total                          Min: 0, Avg:  0.0, Max: 0, Diff: 0, Sum: 0, Workers: 4
[72.291s][debug][gc,phases      ] GC(103)   StringTable Weak               Min:  0.1, Avg:  0.1, Max:  0.1, Diff:  0.0, Sum:  0.5, Workers: 4
[72.291s][debug][gc,phases      ] GC(103)     Dead                           Min: 0, Avg:  0.0, Max: 0, Diff: 0, Sum: 0, Workers: 4
[72.291s][debug][gc,phases      ] GC(103)     Total                          Min: 9216, Avg: 11779.8, Max: 13327, Diff: 4111, Sum: 47119, Workers: 4
[72.291s][debug][gc,phases      ] GC(103)   ResolvedMethodTable Weak       Min:  0.0, Avg:  0.0, Max:  0.0, Diff:  0.0, Sum:  0.1, Workers: 4
[72.291s][debug][gc,phases      ] GC(103)     Dead                           Min: 0, Avg:  0.0, Max: 0, Diff: 0, Sum: 0, Workers: 4
[72.291s][debug][gc,phases      ] GC(103)     Total                          Min: 896, Avg: 2004.8, Max: 2752, Diff: 1856, Sum: 8019, Workers: 4
[72.291s][debug][gc,phases      ] GC(103)   JNI Weak                       Min:  0.0, Avg:  0.0, Max:  0.0, Diff:  0.0, Sum:  0.0, Workers: 4
[72.291s][debug][gc,phases      ] GC(103)     Dead                           Min: 0, Avg:  0.0, Max: 0, Diff: 0, Sum: 0, Workers: 4
[72.291s][debug][gc,phases      ] GC(103)     Total                          Min: 0, Avg:  0.0, Max: 0, Diff: 0, Sum: 0, Workers: 4
[72.291s][debug][gc,phases      ] GC(103)   StringDedup Table Weak         Min:  0.0, Avg:  0.0, Max:  0.0, Diff:  0.0, Sum:  0.0, Workers: 4
[72.291s][debug][gc,phases      ] GC(103)     Dead                           Min: 0, Avg:  0.0, Max: 0, Diff: 0, Sum: 0, Workers: 4
[72.291s][debug][gc,phases      ] GC(103)     Total                          Min: 0, Avg:  0.0, Max: 0, Diff: 0, Sum: 0, Workers: 4
[72.291s][debug][gc,phases      ] GC(103)   StringDedup Requests0 Weak     Min:  0.0, Avg:  0.0, Max:  0.0, Diff:  0.0, Sum:  0.0, Workers: 4
[72.291s][debug][gc,phases      ] GC(103)     Dead                           Min: 0, Avg:  0.0, Max: 0, Diff: 0, Sum: 0, Workers: 4
[72.291s][debug][gc,phases      ] GC(103)     Total                          Min: 0, Avg:  0.0, Max: 0, Diff: 0, Sum: 0, Workers: 4
[72.291s][debug][gc,phases      ] GC(103)   StringDedup Requests1 Weak     Min:  0.0, Avg:  0.0, Max:  0.0, Diff:  0.0, Sum:  0.0, Workers: 4
[72.291s][debug][gc,phases      ] GC(103)     Dead                           Min: 0, Avg:  0.0, Max: 0, Diff: 0, Sum: 0, Workers: 4
[72.291s][debug][gc,phases      ] GC(103)     Total                          Min: 0, Avg:  0.0, Max: 0, Diff: 0, Sum: 0, Workers: 4
[72.291s][debug][gc,phases      ] GC(103)   Weak JFR Old Object Samples    Min:  0.0, Avg:  0.0, Max:  0.0, Diff:  0.0, Sum:  0.0, Workers: 4
[72.291s][debug][gc,phases      ] GC(103)     Dead                           Min: 0, Avg:  0.0, Max: 0, Diff: 0, Sum: 0, Workers: 4
[72.291s][debug][gc,phases      ] GC(103)     Total                          Min: 0, Avg:  0.0, Max: 0, Diff: 0, Sum: 0, Workers: 4
[72.291s][debug][gc,phases      ] GC(103) Weak Processing 0.389ms
[72.291s][debug][gc,age         ] GC(103) Desired survivor size 100663296 bytes, new threshold 15 (max threshold 15)
[72.291s][info ][gc,heap        ] GC(103) PSYoungGen: 1943880K(1987072K)->60936K(1998848K) Eden: 1881088K(1881088K)->0K(1896960K) From: 62792K(105984K)->60936K(101888K)
[72.291s][info ][gc,heap        ] GC(103) ParOldGen: 505495K(549376K)->507519K(549376K)
[72.291s][info ][gc,metaspace   ] GC(103) Metaspace: 79895K(80704K)->79895K(80704K) NonClass: 68553K(68992K)->68553K(68992K) Class: 11341K(11712K)->11341K(11712K)
[72.291s][info ][gc             ] GC(103) Pause Young (Allocation Failure) 2391M->555M(2488M) 19.902ms
[72.291s][info ][gc,cpu         ] GC(103) User=0.07s Sys=0.00s Real=0.02s
[72.291s][info ][safepoint      ] Safepoint "ParallelGCFailedAllocation", Time since last: 776818713 ns, Reaching safepoint: 59501 ns, At safepoint: 19991617 ns, Total: 20051118 ns
[73.291s][info ][safepoint      ] Safepoint "Cleanup", Time since last: 1000094049 ns, Reaching safepoint: 64302 ns, At safepoint: 6600 ns, Total: 70902 ns
[74.291s][info ][safepoint      ] Safepoint "Cleanup", Time since last: 1000120648 ns, Reaching safepoint: 56201 ns, At safepoint: 8900 ns, Total: 65101 ns
[75.291s][info ][safepoint      ] Safepoint "Cleanup", Time since last: 1000113747 ns, Reaching safepoint: 58901 ns, At safepoint: 5600 ns, Total: 64501 ns
[76.292s][info ][safepoint      ] Safepoint "Cleanup", Time since last: 1000109144 ns, Reaching safepoint: 47501 ns, At safepoint: 9500 ns, Total: 57001 ns
[77.292s][info ][safepoint      ] Safepoint "Cleanup", Time since last: 1000106543 ns, Reaching safepoint: 70301 ns, At safepoint: 10600 ns, Total: 80901 ns
[78.292s][info ][safepoint      ] Safepoint "Cleanup", Time since last: 1000114941 ns, Reaching safepoint: 55501 ns, At safepoint: 7400 ns, Total: 62901 ns
[79.292s][info ][safepoint      ] Safepoint "Cleanup", Time since last: 1000115840 ns, Reaching safepoint: 52201 ns, At safepoint: 7900 ns, Total: 60101 ns
[80.292s][info ][safepoint      ] Safepoint "Cleanup", Time since last: 1000108137 ns, Reaching safepoint: 47401 ns, At safepoint: 8100 ns, Total: 55501 ns
[81.292s][info ][safepoint      ] Safepoint "Cleanup", Time since last: 1000106236 ns, Reaching safepoint: 49600 ns, At safepoint: 5001 ns, Total: 54601 ns
[82.293s][info ][safepoint      ] Safepoint "Cleanup", Time since last: 1000119534 ns, Reaching safepoint: 52900 ns, At safepoint: 5801 ns, Total: 58701 ns
[83.293s][info ][safepoint      ] Safepoint "Cleanup", Time since last: 1000117532 ns, Reaching safepoint: 47901 ns, At safepoint: 7100 ns, Total: 55001 ns
[84.293s][info ][safepoint      ] Safepoint "Cleanup", Time since last: 1000116530 ns, Reaching safepoint: 50001 ns, At safepoint: 3400 ns, Total: 53401 ns
[85.293s][info ][safepoint      ] Safepoint "Cleanup", Time since last: 1000122129 ns, Reaching safepoint: 47101 ns, At safepoint: 3800 ns, Total: 50901 ns
[85.419s][info ][gc,start       ] GC(104) Pause Young (Allocation Failure)
[85.436s][debug][gc,phases      ] GC(104) Scavenge 17.030ms
[85.436s][debug][gc,ref         ] GC(104) Skipped phase 1 of Reference Processing: no references
[85.436s][debug][gc,ref         ] GC(104) ReferenceProcessor::execute queues: 1, RefProcThreadModel::Single, marks_oops_alive: false
[85.436s][debug][gc,ref         ] GC(104) Skipped phase 3 of Reference Processing: no references
[85.436s][debug][gc,ref         ] GC(104) Skipped phase 4 of Reference Processing: no references
[85.436s][debug][gc,phases      ] GC(104) Reference Processing 0.127ms
[85.436s][debug][gc,phases      ] GC(104)   VM Weak                        Min:  0.0, Avg:  0.0, Max:  0.0, Diff:  0.0, Sum:  0.0, Workers: 4
[85.437s][debug][gc,phases      ] GC(104)     Dead                           Min: 0, Avg:  0.0, Max: 0, Diff: 0, Sum: 0, Workers: 4
[85.437s][debug][gc,phases      ] GC(104)     Total                          Min: 0, Avg: 163.0, Max: 588, Diff: 588, Sum: 652, Workers: 4
[85.437s][debug][gc,phases      ] GC(104)   ObjectSynchronizer Weak        Min:  0.0, Avg:  0.0, Max:  0.0, Diff:  0.0, Sum:  0.0, Workers: 4
[85.437s][debug][gc,phases      ] GC(104)     Dead                           Min: 0, Avg:  0.0, Max: 0, Diff: 0, Sum: 0, Workers: 4
[85.437s][debug][gc,phases      ] GC(104)     Total                          Min: 0, Avg: 88.5, Max: 162, Diff: 162, Sum: 354, Workers: 4
[85.437s][debug][gc,phases      ] GC(104)   JVMTI Tag Weak OopStorage      Min:  0.0, Avg:  0.0, Max:  0.0, Diff:  0.0, Sum:  0.0, Workers: 4
[85.437s][debug][gc,phases      ] GC(104)     Dead                           Min: 0, Avg:  0.0, Max: 0, Diff: 0, Sum: 0, Workers: 4
[85.437s][debug][gc,phases      ] GC(104)     Total                          Min: 0, Avg:  0.0, Max: 0, Diff: 0, Sum: 0, Workers: 4
[85.437s][debug][gc,phases      ] GC(104)   StringTable Weak               Min:  0.1, Avg:  0.1, Max:  0.1, Diff:  0.0, Sum:  0.5, Workers: 4
[85.437s][debug][gc,phases      ] GC(104)     Dead                           Min: 0, Avg:  0.0, Max: 0, Diff: 0, Sum: 0, Workers: 4
[85.437s][debug][gc,phases      ] GC(104)     Total                          Min: 10368, Avg: 11783.5, Max: 13150, Diff: 2782, Sum: 47134, Workers: 4
[85.437s][debug][gc,phases      ] GC(104)   ResolvedMethodTable Weak       Min:  0.0, Avg:  0.0, Max:  0.0, Diff:  0.0, Sum:  0.1, Workers: 4
[85.437s][debug][gc,phases      ] GC(104)     Dead                           Min: 0, Avg:  0.0, Max: 0, Diff: 0, Sum: 0, Workers: 4
[85.437s][debug][gc,phases      ] GC(104)     Total                          Min: 1856, Avg: 2004.8, Max: 2240, Diff: 384, Sum: 8019, Workers: 4
[85.437s][debug][gc,phases      ] GC(104)   JNI Weak                       Min:  0.0, Avg:  0.0, Max:  0.0, Diff:  0.0, Sum:  0.0, Workers: 4
[85.437s][debug][gc,phases      ] GC(104)     Dead                           Min: 0, Avg:  0.0, Max: 0, Diff: 0, Sum: 0, Workers: 4
[85.437s][debug][gc,phases      ] GC(104)     Total                          Min: 0, Avg:  0.0, Max: 0, Diff: 0, Sum: 0, Workers: 4
[85.437s][debug][gc,phases      ] GC(104)   StringDedup Table Weak         Min:  0.0, Avg:  0.0, Max:  0.0, Diff:  0.0, Sum:  0.0, Workers: 4
[85.437s][debug][gc,phases      ] GC(104)     Dead                           Min: 0, Avg:  0.0, Max: 0, Diff: 0, Sum: 0, Workers: 4
[85.437s][debug][gc,phases      ] GC(104)     Total                          Min: 0, Avg:  0.0, Max: 0, Diff: 0, Sum: 0, Workers: 4
[85.437s][debug][gc,phases      ] GC(104)   StringDedup Requests0 Weak     Min:  0.0, Avg:  0.0, Max:  0.0, Diff:  0.0, Sum:  0.0, Workers: 4
[85.437s][debug][gc,phases      ] GC(104)     Dead                           Min: 0, Avg:  0.0, Max: 0, Diff: 0, Sum: 0, Workers: 4
[85.437s][debug][gc,phases      ] GC(104)     Total                          Min: 0, Avg:  0.0, Max: 0, Diff: 0, Sum: 0, Workers: 4
[85.437s][debug][gc,phases      ] GC(104)   StringDedup Requests1 Weak     Min:  0.0, Avg:  0.0, Max:  0.0, Diff:  0.0, Sum:  0.0, Workers: 4
[85.437s][debug][gc,phases      ] GC(104)     Dead                           Min: 0, Avg:  0.0, Max: 0, Diff: 0, Sum: 0, Workers: 4
[85.437s][debug][gc,phases      ] GC(104)     Total                          Min: 0, Avg:  0.0, Max: 0, Diff: 0, Sum: 0, Workers: 4
[85.437s][debug][gc,phases      ] GC(104)   Weak JFR Old Object Samples    Min:  0.0, Avg:  0.0, Max:  0.0, Diff:  0.0, Sum:  0.0, Workers: 4
[85.437s][debug][gc,phases      ] GC(104)     Dead                           Min: 0, Avg:  0.0, Max: 0, Diff: 0, Sum: 0, Workers: 4
[85.437s][debug][gc,phases      ] GC(104)     Total                          Min: 0, Avg:  0.0, Max: 0, Diff: 0, Sum: 0, Workers: 4
[85.437s][debug][gc,phases      ] GC(104) Weak Processing 0.392ms
[85.437s][debug][gc,age         ] GC(104) Desired survivor size 98566144 bytes, new threshold 15 (max threshold 15)
[85.437s][info ][gc,heap        ] GC(104) PSYoungGen: 1957896K(1998848K)->53752K(1995264K) Eden: 1896960K(1896960K)->0K(1896960K) From: 60936K(101888K)->53752K(98304K)
[85.437s][info ][gc,heap        ] GC(104) ParOldGen: 507519K(549376K)->515359K(549376K)
[85.437s][info ][gc,metaspace   ] GC(104) Metaspace: 79904K(80704K)->79904K(80704K) NonClass: 68562K(68992K)->68562K(68992K) Class: 11341K(11712K)->11341K(11712K)
[85.437s][info ][gc             ] GC(104) Pause Young (Allocation Failure) 2407M->555M(2485M) 17.713ms
[85.437s][info ][gc,cpu         ] GC(104) User=0.07s Sys=0.01s Real=0.02s
[85.437s][info ][safepoint      ] Safepoint "ParallelGCFailedAllocation", Time since last: 125739990 ns, Reaching safepoint: 43100 ns, At safepoint: 17798182 ns, Total: 17841282 ns
[86.437s][info ][safepoint      ] Safepoint "Cleanup", Time since last: 1000084026 ns, Reaching safepoint: 50301 ns, At safepoint: 10600 ns, Total: 60901 ns
[87.437s][info ][safepoint      ] Safepoint "Cleanup", Time since last: 1000110825 ns, Reaching safepoint: 61101 ns, At safepoint: 11700 ns, Total: 72801 ns
[88.437s][info ][safepoint      ] Safepoint "Cleanup", Time since last: 1000102423 ns, Reaching safepoint: 55101 ns, At safepoint: 11300 ns, Total: 66401 ns
[89.809s][info ][safepoint      ] Safepoint "Cleanup", Time since last: 1372011004 ns, Reaching safepoint: 207704 ns, At safepoint: 11800 ns, Total: 219504 ns
[90.810s][info ][safepoint      ] Safepoint "Cleanup", Time since last: 1000109719 ns, Reaching safepoint: 91901 ns, At safepoint: 9900 ns, Total: 101801 ns
[91.810s][info ][safepoint      ] Safepoint "Cleanup", Time since last: 1000067817 ns, Reaching safepoint: 52001 ns, At safepoint: 5500 ns, Total: 57501 ns
[92.810s][info ][safepoint      ] Safepoint "Cleanup", Time since last: 1000140516 ns, Reaching safepoint: 56901 ns, At safepoint: 7300 ns, Total: 64201 ns
[93.810s][info ][safepoint      ] Safepoint "Cleanup", Time since last: 1000121114 ns, Reaching safepoint: 58600 ns, At safepoint: 7701 ns, Total: 66301 ns
[94.810s][info ][safepoint      ] Safepoint "Cleanup", Time since last: 1000069511 ns, Reaching safepoint: 57401 ns, At safepoint: 12000 ns, Total: 69401 ns
[95.810s][info ][safepoint      ] Safepoint "Cleanup", Time since last: 1000104610 ns, Reaching safepoint: 47601 ns, At safepoint: 6100 ns, Total: 53701 ns
[96.811s][info ][safepoint      ] Safepoint "Cleanup", Time since last: 1000110109 ns, Reaching safepoint: 63001 ns, At safepoint: 10000 ns, Total: 73001 ns
[97.811s][info ][safepoint      ] Safepoint "Cleanup", Time since last: 1000117907 ns, Reaching safepoint: 48600 ns, At safepoint: 10201 ns, Total: 58801 ns
[98.469s][info ][gc,start       ] GC(105) Pause Young (Allocation Failure)
[98.486s][debug][gc,phases      ] GC(105) Scavenge 16.631ms
[98.486s][debug][gc,ref         ] GC(105) Skipped phase 1 of Reference Processing: no references
[98.486s][debug][gc,ref         ] GC(105) ReferenceProcessor::execute queues: 1, RefProcThreadModel::Single, marks_oops_alive: false
[98.486s][debug][gc,ref         ] GC(105) Skipped phase 3 of Reference Processing: no references
[98.486s][debug][gc,ref         ] GC(105) ReferenceProcessor::execute queues: 1, RefProcThreadModel::Single, marks_oops_alive: false
[98.486s][debug][gc,phases      ] GC(105) Reference Processing 0.130ms
[98.486s][debug][gc,phases      ] GC(105)   VM Weak                        Min:  0.0, Avg:  0.0, Max:  0.0, Diff:  0.0, Sum:  0.0, Workers: 4
[98.486s][debug][gc,phases      ] GC(105)     Dead                           Min: 0, Avg:  0.0, Max: 0, Diff: 0, Sum: 0, Workers: 4
[98.486s][debug][gc,phases      ] GC(105)     Total                          Min: 0, Avg: 163.2, Max: 269, Diff: 269, Sum: 653, Workers: 4
[98.486s][debug][gc,phases      ] GC(105)   ObjectSynchronizer Weak        Min:  0.0, Avg:  0.0, Max:  0.0, Diff:  0.0, Sum:  0.0, Workers: 4
[98.486s][debug][gc,phases      ] GC(105)     Dead                           Min: 0, Avg:  0.0, Max: 0, Diff: 0, Sum: 0, Workers: 4
[98.486s][debug][gc,phases      ] GC(105)     Total                          Min: 0, Avg: 88.5, Max: 162, Diff: 162, Sum: 354, Workers: 4
[98.486s][debug][gc,phases      ] GC(105)   JVMTI Tag Weak OopStorage      Min:  0.0, Avg:  0.0, Max:  0.0, Diff:  0.0, Sum:  0.0, Workers: 4
[98.486s][debug][gc,phases      ] GC(105)     Dead                           Min: 0, Avg:  0.0, Max: 0, Diff: 0, Sum: 0, Workers: 4
[98.486s][debug][gc,phases      ] GC(105)     Total                          Min: 0, Avg:  0.0, Max: 0, Diff: 0, Sum: 0, Workers: 4
[98.486s][debug][gc,phases      ] GC(105)   StringTable Weak               Min:  0.1, Avg:  0.1, Max:  0.1, Diff:  0.0, Sum:  0.5, Workers: 4
[98.486s][debug][gc,phases      ] GC(105)     Dead                           Min: 0, Avg:  0.5, Max: 2, Diff: 2, Sum: 2, Workers: 4
[98.486s][debug][gc,phases      ] GC(105)     Total                          Min: 11136, Avg: 11813.8, Max: 12503, Diff: 1367, Sum: 47255, Workers: 4
[98.486s][debug][gc,phases      ] GC(105)   ResolvedMethodTable Weak       Min:  0.0, Avg:  0.0, Max:  0.0, Diff:  0.0, Sum:  0.1, Workers: 4
[98.486s][debug][gc,phases      ] GC(105)     Dead                           Min: 0, Avg:  0.0, Max: 0, Diff: 0, Sum: 0, Workers: 4
[98.486s][debug][gc,phases      ] GC(105)     Total                          Min: 1792, Avg: 2018.0, Max: 2303, Diff: 511, Sum: 8072, Workers: 4
[98.486s][debug][gc,phases      ] GC(105)   JNI Weak                       Min:  0.0, Avg:  0.0, Max:  0.0, Diff:  0.0, Sum:  0.0, Workers: 4
[98.486s][debug][gc,phases      ] GC(105)     Dead                           Min: 0, Avg:  0.0, Max: 0, Diff: 0, Sum: 0, Workers: 4
[98.486s][debug][gc,phases      ] GC(105)     Total                          Min: 0, Avg:  0.0, Max: 0, Diff: 0, Sum: 0, Workers: 4
[98.486s][debug][gc,phases      ] GC(105)   StringDedup Table Weak         Min:  0.0, Avg:  0.0, Max:  0.0, Diff:  0.0, Sum:  0.0, Workers: 4
[98.486s][debug][gc,phases      ] GC(105)     Dead                           Min: 0, Avg:  0.0, Max: 0, Diff: 0, Sum: 0, Workers: 4
[98.486s][debug][gc,phases      ] GC(105)     Total                          Min: 0, Avg:  0.0, Max: 0, Diff: 0, Sum: 0, Workers: 4
[98.486s][debug][gc,phases      ] GC(105)   StringDedup Requests0 Weak     Min:  0.0, Avg:  0.0, Max:  0.0, Diff:  0.0, Sum:  0.0, Workers: 4
[98.486s][debug][gc,phases      ] GC(105)     Dead                           Min: 0, Avg:  0.0, Max: 0, Diff: 0, Sum: 0, Workers: 4
[98.486s][debug][gc,phases      ] GC(105)     Total                          Min: 0, Avg:  0.0, Max: 0, Diff: 0, Sum: 0, Workers: 4
[98.486s][debug][gc,phases      ] GC(105)   StringDedup Requests1 Weak     Min:  0.0, Avg:  0.0, Max:  0.0, Diff:  0.0, Sum:  0.0, Workers: 4
[98.486s][debug][gc,phases      ] GC(105)     Dead                           Min: 0, Avg:  0.0, Max: 0, Diff: 0, Sum: 0, Workers: 4
[98.486s][debug][gc,phases      ] GC(105)     Total                          Min: 0, Avg:  0.0, Max: 0, Diff: 0, Sum: 0, Workers: 4
[98.486s][debug][gc,phases      ] GC(105)   Weak JFR Old Object Samples    Min:  0.0, Avg:  0.0, Max:  0.0, Diff:  0.0, Sum:  0.0, Workers: 4
[98.486s][debug][gc,phases      ] GC(105)     Dead                           Min: 0, Avg:  0.0, Max: 0, Diff: 0, Sum: 0, Workers: 4
[98.486s][debug][gc,phases      ] GC(105)     Total                          Min: 0, Avg:  0.0, Max: 0, Diff: 0, Sum: 0, Workers: 4
[98.486s][debug][gc,phases      ] GC(105) Weak Processing 0.349ms
[98.486s][debug][gc,age         ] GC(105) Desired survivor size 98041856 bytes, new threshold 15 (max threshold 15)
[98.486s][info ][gc,heap        ] GC(105) PSYoungGen: 1950712K(1995264K)->45544K(2001408K) Eden: 1896960K(1896960K)->0K(1905152K) From: 53752K(98304K)->45544K(96256K)
[98.486s][info ][gc,heap        ] GC(105) ParOldGen: 515359K(549376K)->524455K(549376K)
[98.486s][info ][gc,metaspace   ] GC(105) Metaspace: 80096K(80832K)->80096K(80832K) NonClass: 68724K(69120K)->68724K(69120K) Class: 11372K(11712K)->11372K(11712K)
[98.486s][info ][gc             ] GC(105) Pause Young (Allocation Failure) 2408M->556M(2491M) 17.256ms
[98.486s][info ][gc,cpu         ] GC(105) User=0.06s Sys=0.01s Real=0.02s
[98.486s][info ][safepoint      ] Safepoint "ParallelGCFailedAllocation", Time since last: 657907797 ns, Reaching safepoint: 53901 ns, At safepoint: 17349574 ns, Total: 17403475 ns
[100.486s][info ][safepoint      ] Safepoint "Cleanup", Time since last: 2000151305 ns, Reaching safepoint: 54601 ns, At safepoint: 13600 ns, Total: 68201 ns
[101.487s][info ][safepoint      ] Safepoint "Cleanup", Time since last: 1000107900 ns, Reaching safepoint: 65701 ns, At safepoint: 6701 ns, Total: 72402 ns
[102.487s][info ][safepoint      ] Safepoint "Cleanup", Time since last: 1000067898 ns, Reaching safepoint: 57301 ns, At safepoint: 5400 ns, Total: 62701 ns
[103.487s][info ][safepoint      ] Safepoint "Cleanup", Time since last: 1000109197 ns, Reaching safepoint: 101301 ns, At safepoint: 10500 ns, Total: 111801 ns
[104.487s][info ][safepoint      ] Safepoint "Cleanup", Time since last: 1000111796 ns, Reaching safepoint: 56401 ns, At safepoint: 5500 ns, Total: 61901 ns
[105.487s][info ][safepoint      ] Safepoint "Cleanup", Time since last: 1000119694 ns, Reaching safepoint: 61601 ns, At safepoint: 8400 ns, Total: 70001 ns
[106.487s][info ][safepoint      ] Safepoint "Cleanup", Time since last: 1000126392 ns, Reaching safepoint: 49801 ns, At safepoint: 3700 ns, Total: 53501 ns
[107.488s][info ][safepoint      ] Safepoint "Cleanup", Time since last: 1000081090 ns, Reaching safepoint: 51500 ns, At safepoint: 7600 ns, Total: 59100 ns
[108.488s][info ][safepoint      ] Safepoint "Cleanup", Time since last: 1000109789 ns, Reaching safepoint: 60801 ns, At safepoint: 9100 ns, Total: 69901 ns
[110.488s][info ][safepoint      ] Safepoint "Cleanup", Time since last: 2000133071 ns, Reaching safepoint: 54301 ns, At safepoint: 8600 ns, Total: 62901 ns
[111.467s][info ][gc,start       ] GC(106) Pause Young (Allocation Failure)
[111.481s][debug][gc,phases      ] GC(106) Scavenge 13.924ms
[111.481s][debug][gc,ref         ] GC(106) Skipped phase 1 of Reference Processing: no references
[111.481s][debug][gc,ref         ] GC(106) ReferenceProcessor::execute queues: 1, RefProcThreadModel::Single, marks_oops_alive: false
[111.481s][debug][gc,ref         ] GC(106) Skipped phase 3 of Reference Processing: no references
[111.481s][debug][gc,ref         ] GC(106) Skipped phase 4 of Reference Processing: no references
[111.481s][debug][gc,phases      ] GC(106) Reference Processing 0.120ms
[111.481s][debug][gc,phases      ] GC(106)   VM Weak                        Min:  0.0, Avg:  0.0, Max:  0.0, Diff:  0.0, Sum:  0.0, Workers: 4
[111.481s][debug][gc,phases      ] GC(106)     Dead                           Min: 0, Avg:  0.0, Max: 0, Diff: 0, Sum: 0, Workers: 4
[111.481s][debug][gc,phases      ] GC(106)     Total                          Min: 0, Avg: 163.2, Max: 333, Diff: 333, Sum: 653, Workers: 4
[111.481s][debug][gc,phases      ] GC(106)   ObjectSynchronizer Weak        Min:  0.0, Avg:  0.0, Max:  0.0, Diff:  0.0, Sum:  0.0, Workers: 4
[111.481s][debug][gc,phases      ] GC(106)     Dead                           Min: 0, Avg:  0.0, Max: 0, Diff: 0, Sum: 0, Workers: 4
[111.481s][debug][gc,phases      ] GC(106)     Total                          Min: 0, Avg: 88.5, Max: 226, Diff: 226, Sum: 354, Workers: 4
[111.481s][debug][gc,phases      ] GC(106)   JVMTI Tag Weak OopStorage      Min:  0.0, Avg:  0.0, Max:  0.0, Diff:  0.0, Sum:  0.0, Workers: 4
[111.481s][debug][gc,phases      ] GC(106)     Dead                           Min: 0, Avg:  0.0, Max: 0, Diff: 0, Sum: 0, Workers: 4
[111.481s][debug][gc,phases      ] GC(106)     Total                          Min: 0, Avg:  0.0, Max: 0, Diff: 0, Sum: 0, Workers: 4
[111.481s][debug][gc,phases      ] GC(106)   StringTable Weak               Min:  0.1, Avg:  0.1, Max:  0.1, Diff:  0.0, Sum:  0.5, Workers: 4
[111.481s][debug][gc,phases      ] GC(106)     Dead                           Min: 0, Avg:  0.0, Max: 0, Diff: 0, Sum: 0, Workers: 4
[111.481s][debug][gc,phases      ] GC(106)     Total                          Min: 11352, Avg: 11830.0, Max: 12160, Diff: 808, Sum: 47320, Workers: 4
[111.481s][debug][gc,phases      ] GC(106)   ResolvedMethodTable Weak       Min:  0.0, Avg:  0.0, Max:  0.0, Diff:  0.0, Sum:  0.1, Workers: 4
[111.481s][debug][gc,phases      ] GC(106)     Dead                           Min: 0, Avg:  0.0, Max: 0, Diff: 0, Sum: 0, Workers: 4
[111.481s][debug][gc,phases      ] GC(106)     Total                          Min: 1920, Avg: 2018.0, Max: 2121, Diff: 201, Sum: 8072, Workers: 4
[111.481s][debug][gc,phases      ] GC(106)   JNI Weak                       Min:  0.0, Avg:  0.0, Max:  0.0, Diff:  0.0, Sum:  0.0, Workers: 4
[111.481s][debug][gc,phases      ] GC(106)     Dead                           Min: 0, Avg:  0.0, Max: 0, Diff: 0, Sum: 0, Workers: 4
[111.481s][debug][gc,phases      ] GC(106)     Total                          Min: 0, Avg:  0.0, Max: 0, Diff: 0, Sum: 0, Workers: 4
[111.481s][debug][gc,phases      ] GC(106)   StringDedup Table Weak         Min:  0.0, Avg:  0.0, Max:  0.0, Diff:  0.0, Sum:  0.0, Workers: 4
[111.481s][debug][gc,phases      ] GC(106)     Dead                           Min: 0, Avg:  0.0, Max: 0, Diff: 0, Sum: 0, Workers: 4
[111.481s][debug][gc,phases      ] GC(106)     Total                          Min: 0, Avg:  0.0, Max: 0, Diff: 0, Sum: 0, Workers: 4
[111.481s][debug][gc,phases      ] GC(106)   StringDedup Requests0 Weak     Min:  0.0, Avg:  0.0, Max:  0.0, Diff:  0.0, Sum:  0.0, Workers: 4
[111.481s][debug][gc,phases      ] GC(106)     Dead                           Min: 0, Avg:  0.0, Max: 0, Diff: 0, Sum: 0, Workers: 4
[111.481s][debug][gc,phases      ] GC(106)     Total                          Min: 0, Avg:  0.0, Max: 0, Diff: 0, Sum: 0, Workers: 4
[111.481s][debug][gc,phases      ] GC(106)   StringDedup Requests1 Weak     Min:  0.0, Avg:  0.0, Max:  0.0, Diff:  0.0, Sum:  0.0, Workers: 4
[111.481s][debug][gc,phases      ] GC(106)     Dead                           Min: 0, Avg:  0.0, Max: 0, Diff: 0, Sum: 0, Workers: 4
[111.481s][debug][gc,phases      ] GC(106)     Total                          Min: 0, Avg:  0.0, Max: 0, Diff: 0, Sum: 0, Workers: 4
[111.481s][debug][gc,phases      ] GC(106)   Weak JFR Old Object Samples    Min:  0.0, Avg:  0.0, Max:  0.0, Diff:  0.0, Sum:  0.0, Workers: 4
[111.481s][debug][gc,phases      ] GC(106)     Dead                           Min: 0, Avg:  0.0, Max: 0, Diff: 0, Sum: 0, Workers: 4
[111.481s][debug][gc,phases      ] GC(106)     Total                          Min: 0, Avg:  0.0, Max: 0, Diff: 0, Sum: 0, Workers: 4
[111.481s][debug][gc,phases      ] GC(106) Weak Processing 0.352ms
[111.481s][debug][gc,age         ] GC(106) Desired survivor size 98041856 bytes, new threshold 15 (max threshold 15)
[111.481s][info ][gc,heap        ] GC(106) PSYoungGen: 1950696K(2001408K)->39664K(2000896K) Eden: 1905152K(1905152K)->0K(1905152K) From: 45544K(96256K)->39664K(95744K)
[111.481s][info ][gc,heap        ] GC(106) ParOldGen: 524455K(549376K)->530751K(549376K)
[111.481s][info ][gc,metaspace   ] GC(106) Metaspace: 80129K(80960K)->80129K(80960K) NonClass: 68757K(69248K)->68757K(69248K) Class: 11372K(11712K)->11372K(11712K)
[111.481s][info ][gc             ] GC(106) Pause Young (Allocation Failure) 2417M->557M(2490M) 14.544ms
[111.481s][info ][gc,cpu         ] GC(106) User=0.06s Sys=0.00s Real=0.01s
[111.481s][info ][safepoint      ] Safepoint "ParallelGCFailedAllocation", Time since last: 978770947 ns, Reaching safepoint: 110401 ns, At safepoint: 14629531 ns, Total: 14739932 ns
[112.482s][info ][safepoint      ] Safepoint "Cleanup", Time since last: 1000043381 ns, Reaching safepoint: 35401 ns, At safepoint: 4400 ns, Total: 39801 ns
[113.482s][info ][safepoint      ] Safepoint "Cleanup", Time since last: 1000123980 ns, Reaching safepoint: 50501 ns, At safepoint: 3900 ns, Total: 54401 ns
[114.482s][info ][safepoint      ] Safepoint "Cleanup", Time since last: 1000107678 ns, Reaching safepoint: 54901 ns, At safepoint: 3300 ns, Total: 58201 ns
[116.823s][info ][safepoint      ] Safepoint "Cleanup", Time since last: 2340981727 ns, Reaching safepoint: 133502 ns, At safepoint: 13600 ns, Total: 147102 ns
[118.823s][info ][safepoint      ] Safepoint "Cleanup", Time since last: 2000208144 ns, Reaching safepoint: 134803 ns, At safepoint: 14500 ns, Total: 149303 ns
[120.328s][info ][safepoint      ] Safepoint "Cleanup", Time since last: 1504896328 ns, Reaching safepoint: 50601 ns, At safepoint: 4300 ns, Total: 54901 ns
[121.329s][info ][safepoint      ] Safepoint "Cleanup", Time since last: 1000107567 ns, Reaching safepoint: 53401 ns, At safepoint: 3500 ns, Total: 56901 ns
[123.329s][info ][safepoint      ] Safepoint "Cleanup", Time since last: 2000203529 ns, Reaching safepoint: 67201 ns, At safepoint: 8901 ns, Total: 76102 ns
[124.329s][info ][safepoint      ] Safepoint "Cleanup", Time since last: 1000121062 ns, Reaching safepoint: 46101 ns, At safepoint: 8900 ns, Total: 55001 ns
[124.467s][info ][gc,start       ] GC(107) Pause Young (Allocation Failure)
[124.479s][debug][gc,phases      ] GC(107) Scavenge 12.321ms
[124.479s][debug][gc,ref         ] GC(107) Skipped phase 1 of Reference Processing: no references
[124.479s][debug][gc,ref         ] GC(107) ReferenceProcessor::execute queues: 1, RefProcThreadModel::Single, marks_oops_alive: false
[124.479s][debug][gc,ref         ] GC(107) Skipped phase 3 of Reference Processing: no references
[124.479s][debug][gc,ref         ] GC(107) Skipped phase 4 of Reference Processing: no references
[124.479s][debug][gc,phases      ] GC(107) Reference Processing 0.128ms
[124.480s][debug][gc,phases      ] GC(107)   VM Weak                        Min:  0.0, Avg:  0.0, Max:  0.0, Diff:  0.0, Sum:  0.0, Workers: 4
[124.480s][debug][gc,phases      ] GC(107)     Dead                           Min: 0, Avg:  0.0, Max: 0, Diff: 0, Sum: 0, Workers: 4
[124.480s][debug][gc,phases      ] GC(107)     Total                          Min: 0, Avg: 163.2, Max: 512, Diff: 512, Sum: 653, Workers: 4
[124.480s][debug][gc,phases      ] GC(107)   ObjectSynchronizer Weak        Min:  0.0, Avg:  0.0, Max:  0.0, Diff:  0.0, Sum:  0.0, Workers: 4
[124.480s][debug][gc,phases      ] GC(107)     Dead                           Min: 0, Avg:  0.0, Max: 0, Diff: 0, Sum: 0, Workers: 4
[124.480s][debug][gc,phases      ] GC(107)     Total                          Min: 0, Avg: 88.5, Max: 162, Diff: 162, Sum: 354, Workers: 4
[124.480s][debug][gc,phases      ] GC(107)   JVMTI Tag Weak OopStorage      Min:  0.0, Avg:  0.0, Max:  0.0, Diff:  0.0, Sum:  0.0, Workers: 4
[124.480s][debug][gc,phases      ] GC(107)     Dead                           Min: 0, Avg:  0.0, Max: 0, Diff: 0, Sum: 0, Workers: 4
[124.480s][debug][gc,phases      ] GC(107)     Total                          Min: 0, Avg:  0.0, Max: 0, Diff: 0, Sum: 0, Workers: 4
[124.480s][debug][gc,phases      ] GC(107)   StringTable Weak               Min:  0.1, Avg:  0.1, Max:  0.1, Diff:  0.0, Sum:  0.5, Workers: 4
[124.480s][debug][gc,phases      ] GC(107)     Dead                           Min: 0, Avg:  0.0, Max: 0, Diff: 0, Sum: 0, Workers: 4
[124.480s][debug][gc,phases      ] GC(107)     Total                          Min: 11194, Avg: 11838.5, Max: 12544, Diff: 1350, Sum: 47354, Workers: 4
[124.480s][debug][gc,phases      ] GC(107)   ResolvedMethodTable Weak       Min:  0.0, Avg:  0.0, Max:  0.0, Diff:  0.0, Sum:  0.1, Workers: 4
[124.480s][debug][gc,phases      ] GC(107)     Dead                           Min: 0, Avg:  0.0, Max: 0, Diff: 0, Sum: 0, Workers: 4
[124.480s][debug][gc,phases      ] GC(107)     Total                          Min: 1792, Avg: 2018.0, Max: 2239, Diff: 447, Sum: 8072, Workers: 4
[124.480s][debug][gc,phases      ] GC(107)   JNI Weak                       Min:  0.0, Avg:  0.0, Max:  0.0, Diff:  0.0, Sum:  0.0, Workers: 4
[124.480s][debug][gc,phases      ] GC(107)     Dead                           Min: 0, Avg:  0.0, Max: 0, Diff: 0, Sum: 0, Workers: 4
[124.480s][debug][gc,phases      ] GC(107)     Total                          Min: 0, Avg:  0.0, Max: 0, Diff: 0, Sum: 0, Workers: 4
[124.480s][debug][gc,phases      ] GC(107)   StringDedup Table Weak         Min:  0.0, Avg:  0.0, Max:  0.0, Diff:  0.0, Sum:  0.0, Workers: 4
[124.480s][debug][gc,phases      ] GC(107)     Dead                           Min: 0, Avg:  0.0, Max: 0, Diff: 0, Sum: 0, Workers: 4
[124.480s][debug][gc,phases      ] GC(107)     Total                          Min: 0, Avg:  0.0, Max: 0, Diff: 0, Sum: 0, Workers: 4
[124.480s][debug][gc,phases      ] GC(107)   StringDedup Requests0 Weak     Min:  0.0, Avg:  0.0, Max:  0.0, Diff:  0.0, Sum:  0.0, Workers: 4
[124.480s][debug][gc,phases      ] GC(107)     Dead                           Min: 0, Avg:  0.0, Max: 0, Diff: 0, Sum: 0, Workers: 4
[124.480s][debug][gc,phases      ] GC(107)     Total                          Min: 0, Avg:  0.0, Max: 0, Diff: 0, Sum: 0, Workers: 4
[124.480s][debug][gc,phases      ] GC(107)   StringDedup Requests1 Weak     Min:  0.0, Avg:  0.0, Max:  0.0, Diff:  0.0, Sum:  0.0, Workers: 4
[124.480s][debug][gc,phases      ] GC(107)     Dead                           Min: 0, Avg:  0.0, Max: 0, Diff: 0, Sum: 0, Workers: 4
[124.480s][debug][gc,phases      ] GC(107)     Total                          Min: 0, Avg:  0.0, Max: 0, Diff: 0, Sum: 0, Workers: 4
[124.480s][debug][gc,phases      ] GC(107)   Weak JFR Old Object Samples    Min:  0.0, Avg:  0.0, Max:  0.0, Diff:  0.0, Sum:  0.0, Workers: 4
[124.480s][debug][gc,phases      ] GC(107)     Dead                           Min: 0, Avg:  0.0, Max: 0, Diff: 0, Sum: 0, Workers: 4
[124.480s][debug][gc,phases      ] GC(107)     Total                          Min: 0, Avg:  0.0, Max: 0, Diff: 0, Sum: 0, Workers: 4
[124.480s][debug][gc,phases      ] GC(107) Weak Processing 0.362ms
[124.480s][debug][gc,age         ] GC(107) Desired survivor size 98041856 bytes, new threshold 15 (max threshold 15)
[124.480s][info ][gc,heap        ] GC(107) PSYoungGen: 1944816K(2000896K)->35344K(2001408K) Eden: 1905152K(1905152K)->0K(1905664K) From: 39664K(95744K)->35344K(95744K)
[124.480s][info ][gc,heap        ] GC(107) ParOldGen: 530751K(549376K)->535335K(549376K)
[124.480s][info ][gc,metaspace   ] GC(107) Metaspace: 80177K(80960K)->80177K(80960K) NonClass: 68803K(69248K)->68803K(69248K) Class: 11374K(11712K)->11374K(11712K)
[124.480s][info ][gc             ] GC(107) Pause Young (Allocation Failure) 2417M->557M(2491M) 12.989ms
[124.480s][info ][gc,cpu         ] GC(107) User=0.05s Sys=0.00s Real=0.01s
[124.480s][info ][safepoint      ] Safepoint "ParallelGCFailedAllocation", Time since last: 137717170 ns, Reaching safepoint: 29101 ns, At safepoint: 13071806 ns, Total: 13100907 ns
[125.480s][info ][safepoint      ] Safepoint "Cleanup", Time since last: 1000085760 ns, Reaching safepoint: 59501 ns, At safepoint: 8600 ns, Total: 68101 ns
[127.480s][info ][safepoint      ] Safepoint "Cleanup", Time since last: 2000182015 ns, Reaching safepoint: 51401 ns, At safepoint: 6000 ns, Total: 57401 ns
[128.480s][info ][safepoint      ] Safepoint "Cleanup", Time since last: 1000106555 ns, Reaching safepoint: 56601 ns, At safepoint: 8800 ns, Total: 65401 ns
[129.481s][info ][safepoint      ] Safepoint "Cleanup", Time since last: 1000114254 ns, Reaching safepoint: 56701 ns, At safepoint: 8500 ns, Total: 65201 ns
[131.481s][info ][safepoint      ] Safepoint "Cleanup", Time since last: 2000185703 ns, Reaching safepoint: 59301 ns, At safepoint: 9200 ns, Total: 68501 ns
[132.481s][info ][safepoint      ] Safepoint "Cleanup", Time since last: 1000113349 ns, Reaching safepoint: 57001 ns, At safepoint: 7300 ns, Total: 64301 ns
[133.481s][info ][safepoint      ] Safepoint "Cleanup", Time since last: 1000114747 ns, Reaching safepoint: 50701 ns, At safepoint: 4100 ns, Total: 54801 ns
[134.481s][info ][safepoint      ] Safepoint "Cleanup", Time since last: 1000115846 ns, Reaching safepoint: 48601 ns, At safepoint: 3700 ns, Total: 52301 ns
[136.482s][info ][safepoint      ] Safepoint "Cleanup", Time since last: 2000180886 ns, Reaching safepoint: 58801 ns, At safepoint: 6400 ns, Total: 65201 ns
[137.482s][info ][safepoint      ] Safepoint "Cleanup", Time since last: 1000112841 ns, Reaching safepoint: 50801 ns, At safepoint: 6300 ns, Total: 57101 ns
[137.594s][info ][gc,start       ] GC(108) Pause Young (Allocation Failure)
[137.605s][debug][gc,phases      ] GC(108) Scavenge 11.292ms
[137.605s][debug][gc,ref         ] GC(108) Skipped phase 1 of Reference Processing: no references
[137.606s][debug][gc,ref         ] GC(108) ReferenceProcessor::execute queues: 1, RefProcThreadModel::Single, marks_oops_alive: false
[137.606s][debug][gc,ref         ] GC(108) Skipped phase 3 of Reference Processing: no references
[137.606s][debug][gc,ref         ] GC(108) ReferenceProcessor::execute queues: 1, RefProcThreadModel::Single, marks_oops_alive: false
[137.606s][debug][gc,phases      ] GC(108) Reference Processing 0.125ms
[137.606s][debug][gc,phases      ] GC(108)   VM Weak                        Min:  0.0, Avg:  0.0, Max:  0.0, Diff:  0.0, Sum:  0.0, Workers: 4
[137.606s][debug][gc,phases      ] GC(108)     Dead                           Min: 0, Avg:  0.0, Max: 0, Diff: 0, Sum: 0, Workers: 4
[137.606s][debug][gc,phases      ] GC(108)     Total                          Min: 0, Avg: 163.2, Max: 333, Diff: 333, Sum: 653, Workers: 4
[137.606s][debug][gc,phases      ] GC(108)   ObjectSynchronizer Weak        Min:  0.0, Avg:  0.0, Max:  0.0, Diff:  0.0, Sum:  0.0, Workers: 4
[137.606s][debug][gc,phases      ] GC(108)     Dead                           Min: 0, Avg:  0.0, Max: 0, Diff: 0, Sum: 0, Workers: 4
[137.606s][debug][gc,phases      ] GC(108)     Total                          Min: 0, Avg: 88.5, Max: 162, Diff: 162, Sum: 354, Workers: 4
[137.606s][debug][gc,phases      ] GC(108)   JVMTI Tag Weak OopStorage      Min:  0.0, Avg:  0.0, Max:  0.0, Diff:  0.0, Sum:  0.0, Workers: 4
[137.606s][debug][gc,phases      ] GC(108)     Dead                           Min: 0, Avg:  0.0, Max: 0, Diff: 0, Sum: 0, Workers: 4
[137.606s][debug][gc,phases      ] GC(108)     Total                          Min: 0, Avg:  0.0, Max: 0, Diff: 0, Sum: 0, Workers: 4
[137.606s][debug][gc,phases      ] GC(108)   StringTable Weak               Min:  0.1, Avg:  0.1, Max:  0.1, Diff:  0.0, Sum:  0.5, Workers: 4
[137.606s][debug][gc,phases      ] GC(108)     Dead                           Min: 0, Avg:  0.0, Max: 0, Diff: 0, Sum: 0, Workers: 4
[137.606s][debug][gc,phases      ] GC(108)     Total                          Min: 11264, Avg: 11847.0, Max: 12508, Diff: 1244, Sum: 47388, Workers: 4
[137.606s][debug][gc,phases      ] GC(108)   ResolvedMethodTable Weak       Min:  0.0, Avg:  0.0, Max:  0.0, Diff:  0.0, Sum:  0.1, Workers: 4
[137.606s][debug][gc,phases      ] GC(108)     Dead                           Min: 0, Avg:  0.0, Max: 0, Diff: 0, Sum: 0, Workers: 4
[137.606s][debug][gc,phases      ] GC(108)     Total                          Min: 1856, Avg: 2018.2, Max: 2112, Diff: 256, Sum: 8073, Workers: 4
[137.606s][debug][gc,phases      ] GC(108)   JNI Weak                       Min:  0.0, Avg:  0.0, Max:  0.0, Diff:  0.0, Sum:  0.0, Workers: 4
[137.606s][debug][gc,phases      ] GC(108)     Dead                           Min: 0, Avg:  0.0, Max: 0, Diff: 0, Sum: 0, Workers: 4
[137.606s][debug][gc,phases      ] GC(108)     Total                          Min: 0, Avg:  0.0, Max: 0, Diff: 0, Sum: 0, Workers: 4
[137.606s][debug][gc,phases      ] GC(108)   StringDedup Table Weak         Min:  0.0, Avg:  0.0, Max:  0.0, Diff:  0.0, Sum:  0.0, Workers: 4
[137.606s][debug][gc,phases      ] GC(108)     Dead                           Min: 0, Avg:  0.0, Max: 0, Diff: 0, Sum: 0, Workers: 4
[137.606s][debug][gc,phases      ] GC(108)     Total                          Min: 0, Avg:  0.0, Max: 0, Diff: 0, Sum: 0, Workers: 4
[137.606s][debug][gc,phases      ] GC(108)   StringDedup Requests0 Weak     Min:  0.0, Avg:  0.0, Max:  0.0, Diff:  0.0, Sum:  0.0, Workers: 4
[137.606s][debug][gc,phases      ] GC(108)     Dead                           Min: 0, Avg:  0.0, Max: 0, Diff: 0, Sum: 0, Workers: 4
[137.606s][debug][gc,phases      ] GC(108)     Total                          Min: 0, Avg:  0.0, Max: 0, Diff: 0, Sum: 0, Workers: 4
[137.606s][debug][gc,phases      ] GC(108)   StringDedup Requests1 Weak     Min:  0.0, Avg:  0.0, Max:  0.0, Diff:  0.0, Sum:  0.0, Workers: 4
[137.606s][debug][gc,phases      ] GC(108)     Dead                           Min: 0, Avg:  0.0, Max: 0, Diff: 0, Sum: 0, Workers: 4
[137.606s][debug][gc,phases      ] GC(108)     Total                          Min: 0, Avg:  0.0, Max: 0, Diff: 0, Sum: 0, Workers: 4
[137.606s][debug][gc,phases      ] GC(108)   Weak JFR Old Object Samples    Min:  0.0, Avg:  0.0, Max:  0.0, Diff:  0.0, Sum:  0.0, Workers: 4
[137.606s][debug][gc,phases      ] GC(108)     Dead                           Min: 0, Avg:  0.0, Max: 0, Diff: 0, Sum: 0, Workers: 4
[137.606s][debug][gc,phases      ] GC(108)     Total                          Min: 0, Avg:  0.0, Max: 0, Diff: 0, Sum: 0, Workers: 4
[137.606s][debug][gc,phases      ] GC(108) Weak Processing 0.337ms
[137.606s][debug][gc,age         ] GC(108) Desired survivor size 99090432 bytes, new threshold 15 (max threshold 15)
[137.606s][info ][gc,heap        ] GC(108) PSYoungGen: 1941008K(2001408K)->27360K(1933312K) Eden: 1905664K(1905664K)->0K(1905664K) From: 35344K(95744K)->27360K(27648K)
[137.606s][info ][gc,heap        ] GC(108) ParOldGen: 535335K(549376K)->544087K(549376K)
[137.606s][info ][gc,metaspace   ] GC(108) Metaspace: 80240K(81024K)->80240K(81024K) NonClass: 68865K(69312K)->68865K(69312K) Class: 11375K(11712K)->11375K(11712K)
[137.606s][info ][gc             ] GC(108) Pause Young (Allocation Failure) 2418M->558M(2424M) 11.915ms
[137.606s][info ][gc,cpu         ] GC(108) User=0.03s Sys=0.01s Real=0.01s
[137.606s][debug][gc,phases      ] GC(109) Pre Compact 0.010ms
[137.606s][info ][gc,start       ] GC(109) Pause Full (Ergonomics)
[137.606s][info ][gc,phases,start] GC(109) Marking Phase
[137.768s][debug][gc,phases      ] GC(109) Par Mark 161.466ms
[137.768s][debug][gc,ref         ] GC(109) Skipped phase 1 of Reference Processing: no references
[137.768s][debug][gc,ref         ] GC(109) ReferenceProcessor::execute queues: 4, RefProcThreadModel::Multi, marks_oops_alive: false
[137.768s][debug][gc,ref         ] GC(109) ReferenceProcessor::execute queues: 4, RefProcThreadModel::Multi, marks_oops_alive: true
[137.768s][debug][gc,ref         ] GC(109) ReferenceProcessor::execute queues: 1, RefProcThreadModel::Single, marks_oops_alive: false
[137.768s][debug][gc,phases      ] GC(109) Reference Processing 0.781ms
[137.769s][debug][gc,phases      ] GC(109)   VM Weak                        Min:  0.0, Avg:  0.0, Max:  0.0, Diff:  0.0, Sum:  0.0, Workers: 4
[137.769s][debug][gc,phases      ] GC(109)     Dead                           Min: 0, Avg:  0.0, Max: 0, Diff: 0, Sum: 0, Workers: 4
[137.769s][debug][gc,phases      ] GC(109)     Total                          Min: 13, Avg: 163.2, Max: 320, Diff: 307, Sum: 653, Workers: 4
[137.769s][debug][gc,phases      ] GC(109)   ObjectSynchronizer Weak        Min:  0.0, Avg:  0.0, Max:  0.0, Diff:  0.0, Sum:  0.0, Workers: 4
[137.769s][debug][gc,phases      ] GC(109)     Dead                           Min: 0, Avg:  1.5, Max: 4, Diff: 4, Sum: 6, Workers: 4
[137.769s][debug][gc,phases      ] GC(109)     Total                          Min: 34, Avg: 88.5, Max: 128, Diff: 94, Sum: 354, Workers: 4
[137.769s][debug][gc,phases      ] GC(109)   JVMTI Tag Weak OopStorage      Min:  0.0, Avg:  0.0, Max:  0.0, Diff:  0.0, Sum:  0.0, Workers: 4
[137.769s][debug][gc,phases      ] GC(109)     Dead                           Min: 0, Avg:  0.0, Max: 0, Diff: 0, Sum: 0, Workers: 4
[137.769s][debug][gc,phases      ] GC(109)     Total                          Min: 0, Avg:  0.0, Max: 0, Diff: 0, Sum: 0, Workers: 4
[137.769s][debug][gc,phases      ] GC(109)   StringTable Weak               Min:  0.2, Avg:  0.2, Max:  0.2, Diff:  0.0, Sum:  0.9, Workers: 4
[137.769s][debug][gc,phases      ] GC(109)     Dead                           Min: 0, Avg:  0.0, Max: 0, Diff: 0, Sum: 0, Workers: 4
[137.769s][debug][gc,phases      ] GC(109)     Total                          Min: 10176, Avg: 11847.0, Max: 12608, Diff: 2432, Sum: 47388, Workers: 4
[137.769s][debug][gc,phases      ] GC(109)   ResolvedMethodTable Weak       Min:  0.0, Avg:  0.0, Max:  0.0, Diff:  0.0, Sum:  0.1, Workers: 4
[137.769s][debug][gc,phases      ] GC(109)     Dead                           Min: 0, Avg:  0.0, Max: 0, Diff: 0, Sum: 0, Workers: 4
[137.769s][debug][gc,phases      ] GC(109)     Total                          Min: 1728, Avg: 2018.2, Max: 2121, Diff: 393, Sum: 8073, Workers: 4
[137.769s][debug][gc,phases      ] GC(109)   JNI Weak                       Min:  0.0, Avg:  0.0, Max:  0.0, Diff:  0.0, Sum:  0.0, Workers: 4
[137.769s][debug][gc,phases      ] GC(109)     Dead                           Min: 0, Avg:  0.0, Max: 0, Diff: 0, Sum: 0, Workers: 4
[137.769s][debug][gc,phases      ] GC(109)     Total                          Min: 0, Avg:  0.0, Max: 0, Diff: 0, Sum: 0, Workers: 4
[137.769s][debug][gc,phases      ] GC(109)   StringDedup Table Weak         Min:  0.0, Avg:  0.0, Max:  0.0, Diff:  0.0, Sum:  0.0, Workers: 4
[137.769s][debug][gc,phases      ] GC(109)     Dead                           Min: 0, Avg:  0.0, Max: 0, Diff: 0, Sum: 0, Workers: 4
[137.769s][debug][gc,phases      ] GC(109)     Total                          Min: 0, Avg:  0.0, Max: 0, Diff: 0, Sum: 0, Workers: 4
[137.769s][debug][gc,phases      ] GC(109)   StringDedup Requests0 Weak     Min:  0.0, Avg:  0.0, Max:  0.0, Diff:  0.0, Sum:  0.0, Workers: 4
[137.769s][debug][gc,phases      ] GC(109)     Dead                           Min: 0, Avg:  0.0, Max: 0, Diff: 0, Sum: 0, Workers: 4
[137.769s][debug][gc,phases      ] GC(109)     Total                          Min: 0, Avg:  0.0, Max: 0, Diff: 0, Sum: 0, Workers: 4
[137.769s][debug][gc,phases      ] GC(109)   StringDedup Requests1 Weak     Min:  0.0, Avg:  0.0, Max:  0.0, Diff:  0.0, Sum:  0.0, Workers: 4
[137.769s][debug][gc,phases      ] GC(109)     Dead                           Min: 0, Avg:  0.0, Max: 0, Diff: 0, Sum: 0, Workers: 4
[137.769s][debug][gc,phases      ] GC(109)     Total                          Min: 0, Avg:  0.0, Max: 0, Diff: 0, Sum: 0, Workers: 4
[137.769s][debug][gc,phases      ] GC(109)   Weak JFR Old Object Samples    Min:  0.0, Avg:  0.0, Max:  0.0, Diff:  0.0, Sum:  0.0, Workers: 4
[137.769s][debug][gc,phases      ] GC(109)     Dead                           Min: 0, Avg:  0.0, Max: 0, Diff: 0, Sum: 0, Workers: 4
[137.769s][debug][gc,phases      ] GC(109)     Total                          Min: 0, Avg:  0.0, Max: 0, Diff: 0, Sum: 0, Workers: 4
[137.769s][debug][gc,phases      ] GC(109) Weak Processing 0.462ms
[137.769s][debug][gc,phases      ] GC(109) ClassLoaderData 0.089ms
[137.769s][debug][gc,phases      ] GC(109) Trigger cleanups 0.001ms
[137.783s][debug][gc,phases      ] GC(109) Class Unloading 14.193ms
[137.783s][info ][gc,phases      ] GC(109) Marking Phase 177.104ms
[137.783s][info ][gc,phases,start] GC(109) Summary Phase
[137.783s][info ][gc,phases      ] GC(109) Summary Phase 0.011ms
[137.783s][info ][gc,phases,start] GC(109) Adjust Roots
[137.796s][info ][gc,phases      ] GC(109) Adjust Roots 12.521ms
[137.796s][info ][gc,phases,start] GC(109) Compaction Phase
[138.056s][info ][gc,phases      ] GC(109) Compaction Phase 260.611ms
[138.056s][info ][gc,phases,start] GC(109) Post Compact
[138.058s][info ][gc,phases      ] GC(109) Post Compact 1.630ms
[138.058s][info ][gc,heap        ] GC(109) PSYoungGen: 27360K(1933312K)->3197K(1933312K) Eden: 0K(1905664K)->0K(1905664K) From: 27360K(27648K)->3197K(27648K)
[138.058s][info ][gc,heap        ] GC(109) ParOldGen: 544087K(549376K)->548961K(645632K)
[138.058s][info ][gc,metaspace   ] GC(109) Metaspace: 80240K(81024K)->80240K(81024K) NonClass: 68865K(69312K)->68865K(69312K) Class: 11375K(11712K)->11375K(11712K)
[138.058s][info ][gc             ] GC(109) Pause Full (Ergonomics) 558M->539M(2518M) 452.213ms
[138.058s][info ][gc,cpu         ] GC(109) User=1.69s Sys=0.01s Real=0.45s
[138.058s][info ][safepoint      ] Safepoint "ParallelGCFailedAllocation", Time since last: 112244567 ns, Reaching safepoint: 42200 ns, At safepoint: 464279507 ns, Total: 464321707 ns
[139.058s][info ][safepoint      ] Safepoint "Cleanup", Time since last: 1000090139 ns, Reaching safepoint: 64101 ns, At safepoint: 12400 ns, Total: 76501 ns
[140.059s][info ][safepoint      ] Safepoint "Cleanup", Time since last: 1000108937 ns, Reaching safepoint: 54800 ns, At safepoint: 6701 ns, Total: 61501 ns
[142.059s][info ][safepoint      ] Safepoint "Cleanup", Time since last: 2000178468 ns, Reaching safepoint: 43101 ns, At safepoint: 3900 ns, Total: 47001 ns
[144.061s][info ][safepoint      ] Safepoint "Cleanup", Time since last: 2001887089 ns, Reaching safepoint: 55401 ns, At safepoint: 8300 ns, Total: 63701 ns
[145.061s][info ][safepoint      ] Safepoint "Cleanup", Time since last: 1000127329 ns, Reaching safepoint: 53201 ns, At safepoint: 7900 ns, Total: 61101 ns
[146.061s][info ][safepoint      ] Safepoint "Cleanup", Time since last: 1000121528 ns, Reaching safepoint: 46600 ns, At safepoint: 3600 ns, Total: 50200 ns
[147.061s][info ][safepoint      ] Safepoint "Cleanup", Time since last: 1000120226 ns, Reaching safepoint: 52601 ns, At safepoint: 3500 ns, Total: 56101 ns
[148.061s][info ][safepoint      ] Safepoint "Cleanup", Time since last: 1000108425 ns, Reaching safepoint: 52400 ns, At safepoint: 11201 ns, Total: 63601 ns
[149.062s][info ][safepoint      ] Safepoint "Cleanup", Time since last: 1000122523 ns, Reaching safepoint: 59201 ns, At safepoint: 3900 ns, Total: 63101 ns
[150.972s][info ][gc,start       ] GC(110) Pause Young (Allocation Failure)
[151.030s][debug][gc,phases      ] GC(110) Scavenge 57.449ms
[151.030s][debug][gc,ref         ] GC(110) Skipped phase 1 of Reference Processing: no references
[151.030s][debug][gc,ref         ] GC(110) ReferenceProcessor::execute queues: 1, RefProcThreadModel::Single, marks_oops_alive: false
[151.030s][debug][gc,ref         ] GC(110) Skipped phase 3 of Reference Processing: no references
[151.030s][debug][gc,ref         ] GC(110) Skipped phase 4 of Reference Processing: no references
[151.030s][debug][gc,phases      ] GC(110) Reference Processing 0.110ms
[151.030s][debug][gc,phases      ] GC(110)   VM Weak                        Min:  0.0, Avg:  0.0, Max:  0.0, Diff:  0.0, Sum:  0.0, Workers: 4
[151.030s][debug][gc,phases      ] GC(110)     Dead                           Min: 0, Avg:  0.0, Max: 0, Diff: 0, Sum: 0, Workers: 4
[151.030s][debug][gc,phases      ] GC(110)     Total                          Min: 0, Avg: 163.2, Max: 640, Diff: 640, Sum: 653, Workers: 4
[151.030s][debug][gc,phases      ] GC(110)   ObjectSynchronizer Weak        Min:  0.0, Avg:  0.0, Max:  0.0, Diff:  0.0, Sum:  0.0, Workers: 4
[151.030s][debug][gc,phases      ] GC(110)     Dead                           Min: 0, Avg:  0.0, Max: 0, Diff: 0, Sum: 0, Workers: 4
[151.030s][debug][gc,phases      ] GC(110)     Total                          Min: 0, Avg: 89.0, Max: 192, Diff: 192, Sum: 356, Workers: 4
[151.030s][debug][gc,phases      ] GC(110)   JVMTI Tag Weak OopStorage      Min:  0.0, Avg:  0.0, Max:  0.0, Diff:  0.0, Sum:  0.0, Workers: 4
[151.030s][debug][gc,phases      ] GC(110)     Dead                           Min: 0, Avg:  0.0, Max: 0, Diff: 0, Sum: 0, Workers: 4
[151.030s][debug][gc,phases      ] GC(110)     Total                          Min: 0, Avg:  0.0, Max: 0, Diff: 0, Sum: 0, Workers: 4
[151.030s][debug][gc,phases      ] GC(110)   StringTable Weak               Min:  0.1, Avg:  0.1, Max:  0.1, Diff:  0.0, Sum:  0.4, Workers: 4
[151.030s][debug][gc,phases      ] GC(110)     Dead                           Min: 0, Avg:  0.0, Max: 0, Diff: 0, Sum: 0, Workers: 4
[151.030s][debug][gc,phases      ] GC(110)     Total                          Min: 11136, Avg: 11868.0, Max: 13184, Diff: 2048, Sum: 47472, Workers: 4
[151.030s][debug][gc,phases      ] GC(110)   ResolvedMethodTable Weak       Min:  0.0, Avg:  0.0, Max:  0.0, Diff:  0.0, Sum:  0.1, Workers: 4
[151.030s][debug][gc,phases      ] GC(110)     Dead                           Min: 0, Avg:  0.2, Max: 1, Diff: 1, Sum: 1, Workers: 4
[151.030s][debug][gc,phases      ] GC(110)     Total                          Min: 1856, Avg: 2018.5, Max: 2304, Diff: 448, Sum: 8074, Workers: 4
[151.030s][debug][gc,phases      ] GC(110)   JNI Weak                       Min:  0.0, Avg:  0.0, Max:  0.0, Diff:  0.0, Sum:  0.0, Workers: 4
[151.030s][debug][gc,phases      ] GC(110)     Dead                           Min: 0, Avg:  0.0, Max: 0, Diff: 0, Sum: 0, Workers: 4
[151.030s][debug][gc,phases      ] GC(110)     Total                          Min: 0, Avg:  0.0, Max: 0, Diff: 0, Sum: 0, Workers: 4
[151.030s][debug][gc,phases      ] GC(110)   StringDedup Table Weak         Min:  0.0, Avg:  0.0, Max:  0.0, Diff:  0.0, Sum:  0.0, Workers: 4
[151.030s][debug][gc,phases      ] GC(110)     Dead                           Min: 0, Avg:  0.0, Max: 0, Diff: 0, Sum: 0, Workers: 4
[151.030s][debug][gc,phases      ] GC(110)     Total                          Min: 0, Avg:  0.0, Max: 0, Diff: 0, Sum: 0, Workers: 4
[151.030s][debug][gc,phases      ] GC(110)   StringDedup Requests0 Weak     Min:  0.0, Avg:  0.0, Max:  0.0, Diff:  0.0, Sum:  0.0, Workers: 4
[151.030s][debug][gc,phases      ] GC(110)     Dead                           Min: 0, Avg:  0.0, Max: 0, Diff: 0, Sum: 0, Workers: 4
[151.030s][debug][gc,phases      ] GC(110)     Total                          Min: 0, Avg:  0.0, Max: 0, Diff: 0, Sum: 0, Workers: 4
[151.030s][debug][gc,phases      ] GC(110)   StringDedup Requests1 Weak     Min:  0.0, Avg:  0.0, Max:  0.0, Diff:  0.0, Sum:  0.0, Workers: 4
[151.030s][debug][gc,phases      ] GC(110)     Dead                           Min: 0, Avg:  0.0, Max: 0, Diff: 0, Sum: 0, Workers: 4
[151.030s][debug][gc,phases      ] GC(110)     Total                          Min: 0, Avg:  0.0, Max: 0, Diff: 0, Sum: 0, Workers: 4
[151.030s][debug][gc,phases      ] GC(110)   Weak JFR Old Object Samples    Min:  0.0, Avg:  0.0, Max:  0.0, Diff:  0.0, Sum:  0.0, Workers: 4
[151.030s][debug][gc,phases      ] GC(110)     Dead                           Min: 0, Avg:  0.0, Max: 0, Diff: 0, Sum: 0, Workers: 4
[151.030s][debug][gc,phases      ] GC(110)     Total                          Min: 0, Avg:  0.0, Max: 0, Diff: 0, Sum: 0, Workers: 4
[151.030s][debug][gc,phases      ] GC(110) Weak Processing 0.342ms
[151.030s][debug][gc,age         ] GC(110) Desired survivor size 103284736 bytes, new threshold 15 (max threshold 15)
[151.030s][info ][gc,heap        ] GC(110) PSYoungGen: 1908861K(1933312K)->2784K(1992192K) Eden: 1905664K(1905664K)->0K(1895424K) From: 3197K(27648K)->2784K(96768K)
[151.030s][info ][gc,heap        ] GC(110) ParOldGen: 548961K(645632K)->549609K(645632K)
[151.030s][info ][gc,metaspace   ] GC(110) Metaspace: 80251K(81024K)->80251K(81024K) NonClass: 68876K(69312K)->68876K(69312K) Class: 11375K(11712K)->11375K(11712K)
[151.030s][info ][gc             ] GC(110) Pause Young (Allocation Failure) 2400M->539M(2576M) 58.027ms
[151.030s][info ][gc,cpu         ] GC(110) User=0.22s Sys=0.00s Real=0.05s
[151.030s][info ][safepoint      ] Safepoint "ParallelGCFailedAllocation", Time since last: 1910276827 ns, Reaching safepoint: 47200 ns, At safepoint: 58106014 ns, Total: 58153214 ns
[153.030s][info ][safepoint      ] Safepoint "Cleanup", Time since last: 2000116933 ns, Reaching safepoint: 58701 ns, At safepoint: 13100 ns, Total: 71801 ns
[155.031s][info ][safepoint      ] Safepoint "Cleanup", Time since last: 2000180628 ns, Reaching safepoint: 66501 ns, At safepoint: 11500 ns, Total: 78001 ns
[157.031s][info ][safepoint      ] Safepoint "Cleanup", Time since last: 2000207422 ns, Reaching safepoint: 50901 ns, At safepoint: 11700 ns, Total: 62601 ns
[159.031s][info ][safepoint      ] Safepoint "Cleanup", Time since last: 2000180116 ns, Reaching safepoint: 52101 ns, At safepoint: 8400 ns, Total: 60501 ns
[161.031s][info ][safepoint      ] Safepoint "Cleanup", Time since last: 2000184010 ns, Reaching safepoint: 56000 ns, At safepoint: 21001 ns, Total: 77001 ns
[164.032s][info ][safepoint      ] Safepoint "Cleanup", Time since last: 3000254502 ns, Reaching safepoint: 61201 ns, At safepoint: 18701 ns, Total: 79902 ns
[164.121s][info ][gc,start       ] GC(111) Pause Young (Allocation Failure)
[164.124s][debug][gc,phases      ] GC(111) Scavenge 3.230ms
[164.124s][debug][gc,ref         ] GC(111) Skipped phase 1 of Reference Processing: no references
[164.124s][debug][gc,ref         ] GC(111) ReferenceProcessor::execute queues: 1, RefProcThreadModel::Single, marks_oops_alive: false
[164.124s][debug][gc,ref         ] GC(111) Skipped phase 3 of Reference Processing: no references
[164.124s][debug][gc,ref         ] GC(111) Skipped phase 4 of Reference Processing: no references
[164.124s][debug][gc,phases      ] GC(111) Reference Processing 0.124ms
[164.125s][debug][gc,phases      ] GC(111)   VM Weak                        Min:  0.0, Avg:  0.0, Max:  0.0, Diff:  0.0, Sum:  0.0, Workers: 4
[164.125s][debug][gc,phases      ] GC(111)     Dead                           Min: 0, Avg:  0.0, Max: 0, Diff: 0, Sum: 0, Workers: 4
[164.125s][debug][gc,phases      ] GC(111)     Total                          Min: 0, Avg: 163.2, Max: 384, Diff: 384, Sum: 653, Workers: 4
[164.125s][debug][gc,phases      ] GC(111)   ObjectSynchronizer Weak        Min:  0.0, Avg:  0.0, Max:  0.0, Diff:  0.0, Sum:  0.0, Workers: 4
[164.125s][debug][gc,phases      ] GC(111)     Dead                           Min: 0, Avg:  0.0, Max: 0, Diff: 0, Sum: 0, Workers: 4
[164.125s][debug][gc,phases      ] GC(111)     Total                          Min: 0, Avg: 89.0, Max: 192, Diff: 192, Sum: 356, Workers: 4
[164.125s][debug][gc,phases      ] GC(111)   JVMTI Tag Weak OopStorage      Min:  0.0, Avg:  0.0, Max:  0.0, Diff:  0.0, Sum:  0.0, Workers: 4
[164.125s][debug][gc,phases      ] GC(111)     Dead                           Min: 0, Avg:  0.0, Max: 0, Diff: 0, Sum: 0, Workers: 4
[164.125s][debug][gc,phases      ] GC(111)     Total                          Min: 0, Avg:  0.0, Max: 0, Diff: 0, Sum: 0, Workers: 4
[164.125s][debug][gc,phases      ] GC(111)   StringTable Weak               Min:  0.1, Avg:  0.1, Max:  0.1, Diff:  0.0, Sum:  0.4, Workers: 4
[164.125s][debug][gc,phases      ] GC(111)     Dead                           Min: 0, Avg:  0.0, Max: 0, Diff: 0, Sum: 0, Workers: 4
[164.125s][debug][gc,phases      ] GC(111)     Total                          Min: 11264, Avg: 11873.8, Max: 13383, Diff: 2119, Sum: 47495, Workers: 4
[164.125s][debug][gc,phases      ] GC(111)   ResolvedMethodTable Weak       Min:  0.0, Avg:  0.0, Max:  0.0, Diff:  0.0, Sum:  0.1, Workers: 4
[164.125s][debug][gc,phases      ] GC(111)     Dead                           Min: 0, Avg:  0.0, Max: 0, Diff: 0, Sum: 0, Workers: 4
[164.125s][debug][gc,phases      ] GC(111)     Total                          Min: 1856, Avg: 2018.5, Max: 2176, Diff: 320, Sum: 8074, Workers: 4
[164.125s][debug][gc,phases      ] GC(111)   JNI Weak                       Min:  0.0, Avg:  0.0, Max:  0.0, Diff:  0.0, Sum:  0.0, Workers: 4
[164.125s][debug][gc,phases      ] GC(111)     Dead                           Min: 0, Avg:  0.0, Max: 0, Diff: 0, Sum: 0, Workers: 4
[164.125s][debug][gc,phases      ] GC(111)     Total                          Min: 0, Avg:  0.0, Max: 0, Diff: 0, Sum: 0, Workers: 4
[164.125s][debug][gc,phases      ] GC(111)   StringDedup Table Weak         Min:  0.0, Avg:  0.0, Max:  0.0, Diff:  0.0, Sum:  0.0, Workers: 4
[164.125s][debug][gc,phases      ] GC(111)     Dead                           Min: 0, Avg:  0.0, Max: 0, Diff: 0, Sum: 0, Workers: 4
[164.125s][debug][gc,phases      ] GC(111)     Total                          Min: 0, Avg:  0.0, Max: 0, Diff: 0, Sum: 0, Workers: 4
[164.125s][debug][gc,phases      ] GC(111)   StringDedup Requests0 Weak     Min:  0.0, Avg:  0.0, Max:  0.0, Diff:  0.0, Sum:  0.0, Workers: 4
[164.125s][debug][gc,phases      ] GC(111)     Dead                           Min: 0, Avg:  0.0, Max: 0, Diff: 0, Sum: 0, Workers: 4
[164.125s][debug][gc,phases      ] GC(111)     Total                          Min: 0, Avg:  0.0, Max: 0, Diff: 0, Sum: 0, Workers: 4
[164.125s][debug][gc,phases      ] GC(111)   StringDedup Requests1 Weak     Min:  0.0, Avg:  0.0, Max:  0.0, Diff:  0.0, Sum:  0.0, Workers: 4
[164.125s][debug][gc,phases      ] GC(111)     Dead                           Min: 0, Avg:  0.0, Max: 0, Diff: 0, Sum: 0, Workers: 4
[164.125s][debug][gc,phases      ] GC(111)     Total                          Min: 0, Avg:  0.0, Max: 0, Diff: 0, Sum: 0, Workers: 4
[164.125s][debug][gc,phases      ] GC(111)   Weak JFR Old Object Samples    Min:  0.0, Avg:  0.0, Max:  0.0, Diff:  0.0, Sum:  0.0, Workers: 4
[164.125s][debug][gc,phases      ] GC(111)     Dead                           Min: 0, Avg:  0.0, Max: 0, Diff: 0, Sum: 0, Workers: 4
[164.125s][debug][gc,phases      ] GC(111)     Total                          Min: 0, Avg:  0.0, Max: 0, Diff: 0, Sum: 0, Workers: 4
[164.125s][debug][gc,phases      ] GC(111) Weak Processing 0.324ms
[164.125s][debug][gc,age         ] GC(111) Desired survivor size 105906176 bytes, new threshold 15 (max threshold 15)
[164.125s][info ][gc,heap        ] GC(111) PSYoungGen: 1898208K(1992192K)->1952K(1897472K) Eden: 1895424K(1895424K)->0K(1895424K) From: 2784K(96768K)->1952K(2048K)
[164.125s][info ][gc,heap        ] GC(111) ParOldGen: 549609K(645632K)->550473K(645632K)
[164.125s][info ][gc,metaspace   ] GC(111) Metaspace: 80295K(81024K)->80295K(81024K) NonClass: 68919K(69312K)->68919K(69312K) Class: 11375K(11712K)->11375K(11712K)
[164.125s][info ][gc             ] GC(111) Pause Young (Allocation Failure) 2390M->539M(2483M) 3.814ms
[164.125s][info ][gc,cpu         ] GC(111) User=0.02s Sys=0.00s Real=0.01s
[164.125s][info ][safepoint      ] Safepoint "ParallelGCFailedAllocation", Time since last: 89195000 ns, Reaching safepoint: 103101 ns, At safepoint: 3897862 ns, Total: 4000963 ns
[168.125s][info ][safepoint      ] Safepoint "Cleanup", Time since last: 4000308781 ns, Reaching safepoint: 56901 ns, At safepoint: 7300 ns, Total: 64201 ns
[170.126s][info ][safepoint      ] Safepoint "Cleanup", Time since last: 2000179782 ns, Reaching safepoint: 130002 ns, At safepoint: 12200 ns, Total: 142202 ns
[171.126s][info ][safepoint      ] Safepoint "Cleanup", Time since last: 1000117290 ns, Reaching safepoint: 113301 ns, At safepoint: 9200 ns, Total: 122501 ns
[172.126s][info ][safepoint      ] Safepoint "Cleanup", Time since last: 1000106688 ns, Reaching safepoint: 62401 ns, At safepoint: 7900 ns, Total: 70301 ns
[177.126s][info ][safepoint      ] Safepoint "Cleanup", Time since last: 5000324812 ns, Reaching safepoint: 52401 ns, At safepoint: 7300 ns, Total: 59701 ns
[177.317s][info ][gc,start       ] GC(112) Pause Young (Allocation Failure)
[177.320s][debug][gc,phases      ] GC(112) Scavenge 3.075ms
[177.320s][debug][gc,ref         ] GC(112) Skipped phase 1 of Reference Processing: no references
[177.320s][debug][gc,ref         ] GC(112) ReferenceProcessor::execute queues: 1, RefProcThreadModel::Single, marks_oops_alive: false
[177.320s][debug][gc,ref         ] GC(112) Skipped phase 3 of Reference Processing: no references
[177.320s][debug][gc,ref         ] GC(112) Skipped phase 4 of Reference Processing: no references
[177.320s][debug][gc,phases      ] GC(112) Reference Processing 0.119ms
[177.321s][debug][gc,phases      ] GC(112)   VM Weak                        Min:  0.0, Avg:  0.0, Max:  0.0, Diff:  0.0, Sum:  0.0, Workers: 4
[177.321s][debug][gc,phases      ] GC(112)     Dead                           Min: 0, Avg:  0.0, Max: 0, Diff: 0, Sum: 0, Workers: 4
[177.321s][debug][gc,phases      ] GC(112)     Total                          Min: 0, Avg: 163.2, Max: 525, Diff: 525, Sum: 653, Workers: 4
[177.321s][debug][gc,phases      ] GC(112)   ObjectSynchronizer Weak        Min:  0.0, Avg:  0.0, Max:  0.0, Diff:  0.0, Sum:  0.0, Workers: 4
[177.321s][debug][gc,phases      ] GC(112)     Dead                           Min: 0, Avg:  0.0, Max: 0, Diff: 0, Sum: 0, Workers: 4
[177.321s][debug][gc,phases      ] GC(112)     Total                          Min: 0, Avg: 89.0, Max: 192, Diff: 192, Sum: 356, Workers: 4
[177.321s][debug][gc,phases      ] GC(112)   JVMTI Tag Weak OopStorage      Min:  0.0, Avg:  0.0, Max:  0.0, Diff:  0.0, Sum:  0.0, Workers: 4
[177.321s][debug][gc,phases      ] GC(112)     Dead                           Min: 0, Avg:  0.0, Max: 0, Diff: 0, Sum: 0, Workers: 4
[177.321s][debug][gc,phases      ] GC(112)     Total                          Min: 0, Avg:  0.0, Max: 0, Diff: 0, Sum: 0, Workers: 4
[177.321s][debug][gc,phases      ] GC(112)   StringTable Weak               Min:  0.1, Avg:  0.1, Max:  0.1, Diff:  0.0, Sum:  0.5, Workers: 4
[177.321s][debug][gc,phases      ] GC(112)     Dead                           Min: 0, Avg:  0.0, Max: 0, Diff: 0, Sum: 0, Workers: 4
[177.321s][debug][gc,phases      ] GC(112)     Total                          Min: 11264, Avg: 11886.0, Max: 13056, Diff: 1792, Sum: 47544, Workers: 4
[177.321s][debug][gc,phases      ] GC(112)   ResolvedMethodTable Weak       Min:  0.0, Avg:  0.0, Max:  0.0, Diff:  0.0, Sum:  0.1, Workers: 4
[177.321s][debug][gc,phases      ] GC(112)     Dead                           Min: 0, Avg:  0.0, Max: 0, Diff: 0, Sum: 0, Workers: 4
[177.321s][debug][gc,phases      ] GC(112)     Total                          Min: 1866, Avg: 2018.5, Max: 2112, Diff: 246, Sum: 8074, Workers: 4
[177.321s][debug][gc,phases      ] GC(112)   JNI Weak                       Min:  0.0, Avg:  0.0, Max:  0.0, Diff:  0.0, Sum:  0.0, Workers: 4
[177.321s][debug][gc,phases      ] GC(112)     Dead                           Min: 0, Avg:  0.0, Max: 0, Diff: 0, Sum: 0, Workers: 4
[177.321s][debug][gc,phases      ] GC(112)     Total                          Min: 0, Avg:  0.0, Max: 0, Diff: 0, Sum: 0, Workers: 4
[177.321s][debug][gc,phases      ] GC(112)   StringDedup Table Weak         Min:  0.0, Avg:  0.0, Max:  0.0, Diff:  0.0, Sum:  0.0, Workers: 4
[177.321s][debug][gc,phases      ] GC(112)     Dead                           Min: 0, Avg:  0.0, Max: 0, Diff: 0, Sum: 0, Workers: 4
[177.321s][debug][gc,phases      ] GC(112)     Total                          Min: 0, Avg:  0.0, Max: 0, Diff: 0, Sum: 0, Workers: 4
[177.321s][debug][gc,phases      ] GC(112)   StringDedup Requests0 Weak     Min:  0.0, Avg:  0.0, Max:  0.0, Diff:  0.0, Sum:  0.0, Workers: 4
[177.321s][debug][gc,phases      ] GC(112)     Dead                           Min: 0, Avg:  0.0, Max: 0, Diff: 0, Sum: 0, Workers: 4
[177.321s][debug][gc,phases      ] GC(112)     Total                          Min: 0, Avg:  0.0, Max: 0, Diff: 0, Sum: 0, Workers: 4
[177.321s][debug][gc,phases      ] GC(112)   StringDedup Requests1 Weak     Min:  0.0, Avg:  0.0, Max:  0.0, Diff:  0.0, Sum:  0.0, Workers: 4
[177.321s][debug][gc,phases      ] GC(112)     Dead                           Min: 0, Avg:  0.0, Max: 0, Diff: 0, Sum: 0, Workers: 4
[177.321s][debug][gc,phases      ] GC(112)     Total                          Min: 0, Avg:  0.0, Max: 0, Diff: 0, Sum: 0, Workers: 4
[177.321s][debug][gc,phases      ] GC(112)   Weak JFR Old Object Samples    Min:  0.0, Avg:  0.0, Max:  0.0, Diff:  0.0, Sum:  0.0, Workers: 4
[177.321s][debug][gc,phases      ] GC(112)     Dead                           Min: 0, Avg:  0.0, Max: 0, Diff: 0, Sum: 0, Workers: 4
[177.321s][debug][gc,phases      ] GC(112)     Total                          Min: 0, Avg:  0.0, Max: 0, Diff: 0, Sum: 0, Workers: 4
[177.321s][debug][gc,phases      ] GC(112) Weak Processing 0.346ms
[177.321s][debug][gc,age         ] GC(112) Desired survivor size 107479040 bytes, new threshold 15 (max threshold 15)
[177.321s][info ][gc,heap        ] GC(112) PSYoungGen: 1897376K(1897472K)->480K(1990656K) Eden: 1895424K(1895424K)->0K(1887232K) From: 1952K(2048K)->480K(103424K)
[177.321s][info ][gc,heap        ] GC(112) ParOldGen: 550473K(645632K)->552089K(645632K)
[177.321s][info ][gc,metaspace   ] GC(112) Metaspace: 80313K(81024K)->80313K(81024K) NonClass: 68937K(69312K)->68937K(69312K) Class: 11375K(11712K)->11375K(11712K)
[177.321s][info ][gc             ] GC(112) Pause Young (Allocation Failure) 2390M->539M(2574M) 3.663ms
[177.321s][info ][gc,cpu         ] GC(112) User=0.00s Sys=0.02s Real=0.00s
[177.321s][info ][safepoint      ] Safepoint "ParallelGCFailedAllocation", Time since last: 190690190 ns, Reaching safepoint: 34000 ns, At safepoint: 3737859 ns, Total: 3771859 ns
[179.321s][info ][safepoint      ] Safepoint "Cleanup", Time since last: 2000153554 ns, Reaching safepoint: 141002 ns, At safepoint: 8401 ns, Total: 149403 ns
[180.321s][info ][safepoint      ] Safepoint "Cleanup", Time since last: 1000111975 ns, Reaching safepoint: 117202 ns, At safepoint: 6200 ns, Total: 123402 ns
[181.322s][info ][safepoint      ] Safepoint "Cleanup", Time since last: 1000131874 ns, Reaching safepoint: 131603 ns, At safepoint: 6200 ns, Total: 137803 ns
[182.322s][info ][safepoint      ] Safepoint "Cleanup", Time since last: 1000113372 ns, Reaching safepoint: 131802 ns, At safepoint: 6500 ns, Total: 138302 ns
[184.322s][info ][safepoint      ] Safepoint "Cleanup", Time since last: 2000194341 ns, Reaching safepoint: 127402 ns, At safepoint: 6800 ns, Total: 134202 ns
[187.323s][info ][safepoint      ] Safepoint "Cleanup", Time since last: 3000262899 ns, Reaching safepoint: 124802 ns, At safepoint: 6000 ns, Total: 130802 ns
[188.323s][info ][safepoint      ] Safepoint "Cleanup", Time since last: 1000118064 ns, Reaching safepoint: 116002 ns, At safepoint: 9200 ns, Total: 125202 ns
[189.323s][info ][safepoint      ] Safepoint "Cleanup", Time since last: 1000117663 ns, Reaching safepoint: 136202 ns, At safepoint: 10700 ns, Total: 146902 ns
[190.136s][info ][gc,start       ] GC(113) Pause Young (Allocation Failure)
[190.139s][debug][gc,phases      ] GC(113) Scavenge 3.345ms
[190.139s][debug][gc,ref         ] GC(113) Skipped phase 1 of Reference Processing: no references
[190.139s][debug][gc,ref         ] GC(113) ReferenceProcessor::execute queues: 1, RefProcThreadModel::Single, marks_oops_alive: false
[190.139s][debug][gc,ref         ] GC(113) Skipped phase 3 of Reference Processing: no references
[190.139s][debug][gc,ref         ] GC(113) Skipped phase 4 of Reference Processing: no references
[190.139s][debug][gc,phases      ] GC(113) Reference Processing 0.107ms
[190.140s][debug][gc,phases      ] GC(113)   VM Weak                        Min:  0.0, Avg:  0.0, Max:  0.0, Diff:  0.0, Sum:  0.0, Workers: 4
[190.140s][debug][gc,phases      ] GC(113)     Dead                           Min: 0, Avg:  0.0, Max: 0, Diff: 0, Sum: 0, Workers: 4
[190.140s][debug][gc,phases      ] GC(113)     Total                          Min: 0, Avg: 163.2, Max: 576, Diff: 576, Sum: 653, Workers: 4
[190.140s][debug][gc,phases      ] GC(113)   ObjectSynchronizer Weak        Min:  0.0, Avg:  0.0, Max:  0.0, Diff:  0.0, Sum:  0.0, Workers: 4
[190.140s][debug][gc,phases      ] GC(113)     Dead                           Min: 0, Avg:  0.0, Max: 0, Diff: 0, Sum: 0, Workers: 4
[190.140s][debug][gc,phases      ] GC(113)     Total                          Min: 0, Avg: 89.0, Max: 192, Diff: 192, Sum: 356, Workers: 4
[190.140s][debug][gc,phases      ] GC(113)   JVMTI Tag Weak OopStorage      Min:  0.0, Avg:  0.0, Max:  0.0, Diff:  0.0, Sum:  0.0, Workers: 4
[190.140s][debug][gc,phases      ] GC(113)     Dead                           Min: 0, Avg:  0.0, Max: 0, Diff: 0, Sum: 0, Workers: 4
[190.140s][debug][gc,phases      ] GC(113)     Total                          Min: 0, Avg:  0.0, Max: 0, Diff: 0, Sum: 0, Workers: 4
[190.140s][debug][gc,phases      ] GC(113)   StringTable Weak               Min:  0.1, Avg:  0.1, Max:  0.1, Diff:  0.0, Sum:  0.5, Workers: 4
[190.140s][debug][gc,phases      ] GC(113)     Dead                           Min: 0, Avg:  0.0, Max: 0, Diff: 0, Sum: 0, Workers: 4
[190.140s][debug][gc,phases      ] GC(113)     Total                          Min: 10688, Avg: 11886.0, Max: 12992, Diff: 2304, Sum: 47544, Workers: 4
[190.140s][debug][gc,phases      ] GC(113)   ResolvedMethodTable Weak       Min:  0.0, Avg:  0.0, Max:  0.0, Diff:  0.0, Sum:  0.1, Workers: 4
[190.140s][debug][gc,phases      ] GC(113)     Dead                           Min: 0, Avg:  0.0, Max: 0, Diff: 0, Sum: 0, Workers: 4
[190.140s][debug][gc,phases      ] GC(113)     Total                          Min: 1856, Avg: 2018.5, Max: 2176, Diff: 320, Sum: 8074, Workers: 4
[190.140s][debug][gc,phases      ] GC(113)   JNI Weak                       Min:  0.0, Avg:  0.0, Max:  0.0, Diff:  0.0, Sum:  0.0, Workers: 4
[190.140s][debug][gc,phases      ] GC(113)     Dead                           Min: 0, Avg:  0.0, Max: 0, Diff: 0, Sum: 0, Workers: 4
[190.140s][debug][gc,phases      ] GC(113)     Total                          Min: 0, Avg:  0.0, Max: 0, Diff: 0, Sum: 0, Workers: 4
[190.140s][debug][gc,phases      ] GC(113)   StringDedup Table Weak         Min:  0.0, Avg:  0.0, Max:  0.0, Diff:  0.0, Sum:  0.0, Workers: 4
[190.140s][debug][gc,phases      ] GC(113)     Dead                           Min: 0, Avg:  0.0, Max: 0, Diff: 0, Sum: 0, Workers: 4
[190.140s][debug][gc,phases      ] GC(113)     Total                          Min: 0, Avg:  0.0, Max: 0, Diff: 0, Sum: 0, Workers: 4
[190.140s][debug][gc,phases      ] GC(113)   StringDedup Requests0 Weak     Min:  0.0, Avg:  0.0, Max:  0.0, Diff:  0.0, Sum:  0.0, Workers: 4
[190.140s][debug][gc,phases      ] GC(113)     Dead                           Min: 0, Avg:  0.0, Max: 0, Diff: 0, Sum: 0, Workers: 4
[190.140s][debug][gc,phases      ] GC(113)     Total                          Min: 0, Avg:  0.0, Max: 0, Diff: 0, Sum: 0, Workers: 4
[190.140s][debug][gc,phases      ] GC(113)   StringDedup Requests1 Weak     Min:  0.0, Avg:  0.0, Max:  0.0, Diff:  0.0, Sum:  0.0, Workers: 4
[190.140s][debug][gc,phases      ] GC(113)     Dead                           Min: 0, Avg:  0.0, Max: 0, Diff: 0, Sum: 0, Workers: 4
[190.140s][debug][gc,phases      ] GC(113)     Total                          Min: 0, Avg:  0.0, Max: 0, Diff: 0, Sum: 0, Workers: 4
[190.140s][debug][gc,phases      ] GC(113)   Weak JFR Old Object Samples    Min:  0.0, Avg:  0.0, Max:  0.0, Diff:  0.0, Sum:  0.0, Workers: 4
[190.140s][debug][gc,phases      ] GC(113)     Dead                           Min: 0, Avg:  0.0, Max: 0, Diff: 0, Sum: 0, Workers: 4
[190.140s][debug][gc,phases      ] GC(113)     Total                          Min: 0, Avg:  0.0, Max: 0, Diff: 0, Sum: 0, Workers: 4
[190.140s][debug][gc,phases      ] GC(113) Weak Processing 0.391ms
[190.140s][debug][gc,age         ] GC(113) Desired survivor size 107479040 bytes, new threshold 15 (max threshold 15)
[190.140s][info ][gc,heap        ] GC(113) PSYoungGen: 1887712K(1990656K)->224K(1992192K) Eden: 1887232K(1887232K)->0K(1887232K) From: 480K(103424K)->224K(104960K)
[190.140s][info ][gc,heap        ] GC(113) ParOldGen: 552089K(645632K)->552329K(645632K)
[190.140s][info ][gc,metaspace   ] GC(113) Metaspace: 80333K(81152K)->80333K(81152K) NonClass: 68958K(69440K)->68958K(69440K) Class: 11375K(11712K)->11375K(11712K)
[190.140s][info ][gc             ] GC(113) Pause Young (Allocation Failure) 2382M->539M(2576M) 3.989ms
[190.140s][info ][gc,cpu         ] GC(113) User=0.02s Sys=0.00s Real=0.00s
[190.140s][info ][safepoint      ] Safepoint "ParallelGCFailedAllocation", Time since last: 812603125 ns, Reaching safepoint: 40200 ns, At safepoint: 4081264 ns, Total: 4121464 ns
[191.140s][info ][safepoint      ] Safepoint "Cleanup", Time since last: 1000092460 ns, Reaching safepoint: 45601 ns, At safepoint: 6000 ns, Total: 51601 ns
[192.140s][info ][safepoint      ] Safepoint "Cleanup", Time since last: 1000108758 ns, Reaching safepoint: 55001 ns, At safepoint: 4500 ns, Total: 59501 ns
[198.141s][info ][safepoint      ] Safepoint "Cleanup", Time since last: 6000441317 ns, Reaching safepoint: 48301 ns, At safepoint: 3000 ns, Total: 51301 ns
[201.141s][info ][safepoint      ] Safepoint "Cleanup", Time since last: 3000237939 ns, Reaching safepoint: 61901 ns, At safepoint: 10900 ns, Total: 72801 ns
[203.158s][info ][gc,start       ] GC(114) Pause Young (Allocation Failure)
[203.160s][debug][gc,phases      ] GC(114) Scavenge 2.445ms
[203.160s][debug][gc,ref         ] GC(114) Skipped phase 1 of Reference Processing: no references
[203.160s][debug][gc,ref         ] GC(114) ReferenceProcessor::execute queues: 1, RefProcThreadModel::Single, marks_oops_alive: false
[203.160s][debug][gc,ref         ] GC(114) Skipped phase 3 of Reference Processing: no references
[203.160s][debug][gc,ref         ] GC(114) Skipped phase 4 of Reference Processing: no references
[203.160s][debug][gc,phases      ] GC(114) Reference Processing 0.120ms
[203.161s][debug][gc,phases      ] GC(114)   VM Weak                        Min:  0.0, Avg:  0.0, Max:  0.0, Diff:  0.0, Sum:  0.0, Workers: 4
[203.161s][debug][gc,phases      ] GC(114)     Dead                           Min: 0, Avg:  0.0, Max: 0, Diff: 0, Sum: 0, Workers: 4
[203.161s][debug][gc,phases      ] GC(114)     Total                          Min: 0, Avg: 163.2, Max: 589, Diff: 589, Sum: 653, Workers: 4
[203.161s][debug][gc,phases      ] GC(114)   ObjectSynchronizer Weak        Min:  0.0, Avg:  0.0, Max:  0.0, Diff:  0.0, Sum:  0.0, Workers: 4
[203.161s][debug][gc,phases      ] GC(114)     Dead                           Min: 0, Avg:  0.0, Max: 0, Diff: 0, Sum: 0, Workers: 4
[203.161s][debug][gc,phases      ] GC(114)     Total                          Min: 0, Avg: 89.0, Max: 192, Diff: 192, Sum: 356, Workers: 4
[203.161s][debug][gc,phases      ] GC(114)   JVMTI Tag Weak OopStorage      Min:  0.0, Avg:  0.0, Max:  0.0, Diff:  0.0, Sum:  0.0, Workers: 4
[203.161s][debug][gc,phases      ] GC(114)     Dead                           Min: 0, Avg:  0.0, Max: 0, Diff: 0, Sum: 0, Workers: 4
[203.161s][debug][gc,phases      ] GC(114)     Total                          Min: 0, Avg:  0.0, Max: 0, Diff: 0, Sum: 0, Workers: 4
[203.161s][debug][gc,phases      ] GC(114)   StringTable Weak               Min:  0.1, Avg:  0.1, Max:  0.1, Diff:  0.0, Sum:  0.4, Workers: 4
[203.161s][debug][gc,phases      ] GC(114)     Dead                           Min: 0, Avg:  0.0, Max: 0, Diff: 0, Sum: 0, Workers: 4
[203.161s][debug][gc,phases      ] GC(114)     Total                          Min: 11524, Avg: 11889.0, Max: 12160, Diff: 636, Sum: 47556, Workers: 4
[203.161s][debug][gc,phases      ] GC(114)   ResolvedMethodTable Weak       Min:  0.0, Avg:  0.0, Max:  0.0, Diff:  0.0, Sum:  0.1, Workers: 4
[203.161s][debug][gc,phases      ] GC(114)     Dead                           Min: 0, Avg:  0.0, Max: 0, Diff: 0, Sum: 0, Workers: 4
[203.161s][debug][gc,phases      ] GC(114)     Total                          Min: 1856, Avg: 2018.5, Max: 2432, Diff: 576, Sum: 8074, Workers: 4
[203.161s][debug][gc,phases      ] GC(114)   JNI Weak                       Min:  0.0, Avg:  0.0, Max:  0.0, Diff:  0.0, Sum:  0.0, Workers: 4
[203.161s][debug][gc,phases      ] GC(114)     Dead                           Min: 0, Avg:  0.0, Max: 0, Diff: 0, Sum: 0, Workers: 4
[203.161s][debug][gc,phases      ] GC(114)     Total                          Min: 0, Avg:  0.0, Max: 0, Diff: 0, Sum: 0, Workers: 4
[203.161s][debug][gc,phases      ] GC(114)   StringDedup Table Weak         Min:  0.0, Avg:  0.0, Max:  0.0, Diff:  0.0, Sum:  0.0, Workers: 4
[203.161s][debug][gc,phases      ] GC(114)     Dead                           Min: 0, Avg:  0.0, Max: 0, Diff: 0, Sum: 0, Workers: 4
[203.161s][debug][gc,phases      ] GC(114)     Total                          Min: 0, Avg:  0.0, Max: 0, Diff: 0, Sum: 0, Workers: 4
[203.161s][debug][gc,phases      ] GC(114)   StringDedup Requests0 Weak     Min:  0.0, Avg:  0.0, Max:  0.0, Diff:  0.0, Sum:  0.0, Workers: 4
[203.161s][debug][gc,phases      ] GC(114)     Dead                           Min: 0, Avg:  0.0, Max: 0, Diff: 0, Sum: 0, Workers: 4
[203.161s][debug][gc,phases      ] GC(114)     Total                          Min: 0, Avg:  0.0, Max: 0, Diff: 0, Sum: 0, Workers: 4
[203.161s][debug][gc,phases      ] GC(114)   StringDedup Requests1 Weak     Min:  0.0, Avg:  0.0, Max:  0.0, Diff:  0.0, Sum:  0.0, Workers: 4
[203.161s][debug][gc,phases      ] GC(114)     Dead                           Min: 0, Avg:  0.0, Max: 0, Diff: 0, Sum: 0, Workers: 4
[203.161s][debug][gc,phases      ] GC(114)     Total                          Min: 0, Avg:  0.0, Max: 0, Diff: 0, Sum: 0, Workers: 4
[203.161s][debug][gc,phases      ] GC(114)   Weak JFR Old Object Samples    Min:  0.0, Avg:  0.0, Max:  0.0, Diff:  0.0, Sum:  0.0, Workers: 4
[203.161s][debug][gc,phases      ] GC(114)     Dead                           Min: 0, Avg:  0.0, Max: 0, Diff: 0, Sum: 0, Workers: 4
[203.161s][debug][gc,phases      ] GC(114)     Total                          Min: 0, Avg:  0.0, Max: 0, Diff: 0, Sum: 0, Workers: 4
[203.161s][debug][gc,phases      ] GC(114) Weak Processing 0.341ms
[203.161s][debug][gc,age         ] GC(114) Desired survivor size 106430464 bytes, new threshold 15 (max threshold 15)
[203.161s][info ][gc,heap        ] GC(114) PSYoungGen: 1887456K(1992192K)->224K(1993216K) Eden: 1887232K(1887232K)->0K(1888256K) From: 224K(104960K)->224K(104960K)
[203.161s][info ][gc,heap        ] GC(114) ParOldGen: 552329K(645632K)->552369K(645632K)
[203.161s][info ][gc,metaspace   ] GC(114) Metaspace: 80363K(81152K)->80363K(81152K) NonClass: 68988K(69440K)->68988K(69440K) Class: 11375K(11712K)->11375K(11712K)
[203.161s][info ][gc             ] GC(114) Pause Young (Allocation Failure) 2382M->539M(2577M) 3.020ms
[203.161s][info ][gc,cpu         ] GC(114) User=0.01s Sys=0.00s Real=0.00s
[203.161s][info ][safepoint      ] Safepoint "ParallelGCFailedAllocation", Time since last: 2016679845 ns, Reaching safepoint: 43100 ns, At safepoint: 3098349 ns, Total: 3141449 ns
[207.161s][info ][safepoint      ] Safepoint "Cleanup", Time since last: 4000279154 ns, Reaching safepoint: 49801 ns, At safepoint: 9300 ns, Total: 59101 ns
[210.161s][info ][safepoint      ] Safepoint "Cleanup", Time since last: 3000252102 ns, Reaching safepoint: 51501 ns, At safepoint: 8100 ns, Total: 59601 ns
[213.162s][info ][safepoint      ] Safepoint "Cleanup", Time since last: 3000245389 ns, Reaching safepoint: 48501 ns, At safepoint: 6200 ns, Total: 54701 ns
[214.162s][info ][safepoint      ] Safepoint "Cleanup", Time since last: 1000121528 ns, Reaching safepoint: 54901 ns, At safepoint: 3000 ns, Total: 57901 ns
[216.172s][info ][gc,start       ] GC(115) Pause Young (Allocation Failure)
[216.175s][debug][gc,phases      ] GC(115) Scavenge 2.729ms
[216.175s][debug][gc,ref         ] GC(115) Skipped phase 1 of Reference Processing: no references
[216.175s][debug][gc,ref         ] GC(115) ReferenceProcessor::execute queues: 1, RefProcThreadModel::Single, marks_oops_alive: false
[216.175s][debug][gc,ref         ] GC(115) Skipped phase 3 of Reference Processing: no references
[216.175s][debug][gc,ref         ] GC(115) Skipped phase 4 of Reference Processing: no references
[216.175s][debug][gc,phases      ] GC(115) Reference Processing 0.113ms
[216.175s][debug][gc,phases      ] GC(115)   VM Weak                        Min:  0.0, Avg:  0.0, Max:  0.0, Diff:  0.0, Sum:  0.0, Workers: 4
[216.175s][debug][gc,phases      ] GC(115)     Dead                           Min: 0, Avg:  0.0, Max: 0, Diff: 0, Sum: 0, Workers: 4
[216.175s][debug][gc,phases      ] GC(115)     Total                          Min: 0, Avg: 163.2, Max: 653, Diff: 653, Sum: 653, Workers: 4
[216.175s][debug][gc,phases      ] GC(115)   ObjectSynchronizer Weak        Min:  0.0, Avg:  0.0, Max:  0.0, Diff:  0.0, Sum:  0.0, Workers: 4
[216.175s][debug][gc,phases      ] GC(115)     Dead                           Min: 0, Avg:  0.0, Max: 0, Diff: 0, Sum: 0, Workers: 4
[216.175s][debug][gc,phases      ] GC(115)     Total                          Min: 0, Avg: 89.0, Max: 356, Diff: 356, Sum: 356, Workers: 4
[216.175s][debug][gc,phases      ] GC(115)   JVMTI Tag Weak OopStorage      Min:  0.0, Avg:  0.0, Max:  0.0, Diff:  0.0, Sum:  0.0, Workers: 4
[216.175s][debug][gc,phases      ] GC(115)     Dead                           Min: 0, Avg:  0.0, Max: 0, Diff: 0, Sum: 0, Workers: 4
[216.175s][debug][gc,phases      ] GC(115)     Total                          Min: 0, Avg:  0.0, Max: 0, Diff: 0, Sum: 0, Workers: 4
[216.175s][debug][gc,phases      ] GC(115)   StringTable Weak               Min:  0.1, Avg:  0.1, Max:  0.1, Diff:  0.0, Sum:  0.5, Workers: 4
[216.175s][debug][gc,phases      ] GC(115)     Dead                           Min: 0, Avg:  0.0, Max: 0, Diff: 0, Sum: 0, Workers: 4
[216.175s][debug][gc,phases      ] GC(115)     Total                          Min: 9600, Avg: 11889.0, Max: 13252, Diff: 3652, Sum: 47556, Workers: 4
[216.175s][debug][gc,phases      ] GC(115)   ResolvedMethodTable Weak       Min:  0.0, Avg:  0.0, Max:  0.0, Diff:  0.0, Sum:  0.1, Workers: 4
[216.175s][debug][gc,phases      ] GC(115)     Dead                           Min: 0, Avg:  0.0, Max: 0, Diff: 0, Sum: 0, Workers: 4
[216.175s][debug][gc,phases      ] GC(115)     Total                          Min: 1088, Avg: 2018.5, Max: 2506, Diff: 1418, Sum: 8074, Workers: 4
[216.175s][debug][gc,phases      ] GC(115)   JNI Weak                       Min:  0.0, Avg:  0.0, Max:  0.0, Diff:  0.0, Sum:  0.0, Workers: 4
[216.175s][debug][gc,phases      ] GC(115)     Dead                           Min: 0, Avg:  0.0, Max: 0, Diff: 0, Sum: 0, Workers: 4
[216.175s][debug][gc,phases      ] GC(115)     Total                          Min: 0, Avg:  0.0, Max: 0, Diff: 0, Sum: 0, Workers: 4
[216.175s][debug][gc,phases      ] GC(115)   StringDedup Table Weak         Min:  0.0, Avg:  0.0, Max:  0.0, Diff:  0.0, Sum:  0.0, Workers: 4
[216.175s][debug][gc,phases      ] GC(115)     Dead                           Min: 0, Avg:  0.0, Max: 0, Diff: 0, Sum: 0, Workers: 4
[216.175s][debug][gc,phases      ] GC(115)     Total                          Min: 0, Avg:  0.0, Max: 0, Diff: 0, Sum: 0, Workers: 4
[216.175s][debug][gc,phases      ] GC(115)   StringDedup Requests0 Weak     Min:  0.0, Avg:  0.0, Max:  0.0, Diff:  0.0, Sum:  0.0, Workers: 4
[216.175s][debug][gc,phases      ] GC(115)     Dead                           Min: 0, Avg:  0.0, Max: 0, Diff: 0, Sum: 0, Workers: 4
[216.175s][debug][gc,phases      ] GC(115)     Total                          Min: 0, Avg:  0.0, Max: 0, Diff: 0, Sum: 0, Workers: 4
[216.175s][debug][gc,phases      ] GC(115)   StringDedup Requests1 Weak     Min:  0.0, Avg:  0.0, Max:  0.0, Diff:  0.0, Sum:  0.0, Workers: 4
[216.175s][debug][gc,phases      ] GC(115)     Dead                           Min: 0, Avg:  0.0, Max: 0, Diff: 0, Sum: 0, Workers: 4
[216.175s][debug][gc,phases      ] GC(115)     Total                          Min: 0, Avg:  0.0, Max: 0, Diff: 0, Sum: 0, Workers: 4
[216.175s][debug][gc,phases      ] GC(115)   Weak JFR Old Object Samples    Min:  0.0, Avg:  0.0, Max:  0.0, Diff:  0.0, Sum:  0.0, Workers: 4
[216.175s][debug][gc,phases      ] GC(115)     Dead                           Min: 0, Avg:  0.0, Max: 0, Diff: 0, Sum: 0, Workers: 4
[216.175s][debug][gc,phases      ] GC(115)     Total                          Min: 0, Avg:  0.0, Max: 0, Diff: 0, Sum: 0, Workers: 4
[216.175s][debug][gc,phases      ] GC(115) Weak Processing 0.351ms
[216.175s][debug][gc,age         ] GC(115) Desired survivor size 104857600 bytes, new threshold 15 (max threshold 15)
[216.175s][info ][gc,heap        ] GC(115) PSYoungGen: 1888480K(1993216K)->288K(1992192K) Eden: 1888256K(1888256K)->0K(1888256K) From: 224K(104960K)->288K(103936K)
[216.175s][info ][gc,heap        ] GC(115) ParOldGen: 552369K(645632K)->552401K(645632K)
[216.175s][info ][gc,metaspace   ] GC(115) Metaspace: 80373K(81152K)->80373K(81152K) NonClass: 68997K(69440K)->68997K(69440K) Class: 11375K(11712K)->11375K(11712K)
[216.175s][info ][gc             ] GC(115) Pause Young (Allocation Failure) 2383M->539M(2576M) 3.319ms
[216.175s][info ][gc,cpu         ] GC(115) User=0.01s Sys=0.00s Real=0.00s
[216.175s][info ][safepoint      ] Safepoint "ParallelGCFailedAllocation", Time since last: 2009666398 ns, Reaching safepoint: 121902 ns, At safepoint: 3403553 ns, Total: 3525455 ns
[220.175s][info ][safepoint      ] Safepoint "Cleanup", Time since last: 4000234182 ns, Reaching safepoint: 51501 ns, At safepoint: 31901 ns, Total: 83402 ns
[225.176s][info ][safepoint      ] Safepoint "Cleanup", Time since last: 5000369373 ns, Reaching safepoint: 126802 ns, At safepoint: 9500 ns, Total: 136302 ns
[229.194s][info ][gc,start       ] GC(116) Pause Young (Allocation Failure)
[229.197s][debug][gc,phases      ] GC(116) Scavenge 2.717ms
[229.197s][debug][gc,ref         ] GC(116) Skipped phase 1 of Reference Processing: no references
[229.197s][debug][gc,ref         ] GC(116) ReferenceProcessor::execute queues: 1, RefProcThreadModel::Single, marks_oops_alive: false
[229.197s][debug][gc,ref         ] GC(116) Skipped phase 3 of Reference Processing: no references
[229.197s][debug][gc,ref         ] GC(116) Skipped phase 4 of Reference Processing: no references
[229.197s][debug][gc,phases      ] GC(116) Reference Processing 0.137ms
[229.197s][debug][gc,phases      ] GC(116)   VM Weak                        Min:  0.0, Avg:  0.0, Max:  0.0, Diff:  0.0, Sum:  0.0, Workers: 4
[229.197s][debug][gc,phases      ] GC(116)     Dead                           Min: 0, Avg:  0.0, Max: 0, Diff: 0, Sum: 0, Workers: 4
[229.197s][debug][gc,phases      ] GC(116)     Total                          Min: 0, Avg: 163.2, Max: 640, Diff: 640, Sum: 653, Workers: 4
[229.197s][debug][gc,phases      ] GC(116)   ObjectSynchronizer Weak        Min:  0.0, Avg:  0.0, Max:  0.0, Diff:  0.0, Sum:  0.0, Workers: 4
[229.197s][debug][gc,phases      ] GC(116)     Dead                           Min: 0, Avg:  0.0, Max: 0, Diff: 0, Sum: 0, Workers: 4
[229.197s][debug][gc,phases      ] GC(116)     Total                          Min: 0, Avg: 89.0, Max: 164, Diff: 164, Sum: 356, Workers: 4
[229.197s][debug][gc,phases      ] GC(116)   JVMTI Tag Weak OopStorage      Min:  0.0, Avg:  0.0, Max:  0.0, Diff:  0.0, Sum:  0.0, Workers: 4
[229.197s][debug][gc,phases      ] GC(116)     Dead                           Min: 0, Avg:  0.0, Max: 0, Diff: 0, Sum: 0, Workers: 4
[229.197s][debug][gc,phases      ] GC(116)     Total                          Min: 0, Avg:  0.0, Max: 0, Diff: 0, Sum: 0, Workers: 4
[229.197s][debug][gc,phases      ] GC(116)   StringTable Weak               Min:  0.0, Avg:  0.1, Max:  0.1, Diff:  0.1, Sum:  0.4, Workers: 4
[229.197s][debug][gc,phases      ] GC(116)     Dead                           Min: 0, Avg:  0.0, Max: 0, Diff: 0, Sum: 0, Workers: 4
[229.197s][debug][gc,phases      ] GC(116)     Total                          Min: 0, Avg: 11889.2, Max: 16128, Diff: 16128, Sum: 47557, Workers: 4
[229.197s][debug][gc,phases      ] GC(116)   ResolvedMethodTable Weak       Min:  0.0, Avg:  0.0, Max:  0.0, Diff:  0.0, Sum:  0.1, Workers: 4
[229.197s][debug][gc,phases      ] GC(116)     Dead                           Min: 0, Avg:  0.0, Max: 0, Diff: 0, Sum: 0, Workers: 4
[229.197s][debug][gc,phases      ] GC(116)     Total                          Min: 0, Avg: 2018.5, Max: 2752, Diff: 2752, Sum: 8074, Workers: 4
[229.197s][debug][gc,phases      ] GC(116)   JNI Weak                       Min:  0.0, Avg:  0.0, Max:  0.0, Diff:  0.0, Sum:  0.0, Workers: 4
[229.197s][debug][gc,phases      ] GC(116)     Dead                           Min: 0, Avg:  0.0, Max: 0, Diff: 0, Sum: 0, Workers: 4
[229.197s][debug][gc,phases      ] GC(116)     Total                          Min: 0, Avg:  0.0, Max: 0, Diff: 0, Sum: 0, Workers: 4
[229.197s][debug][gc,phases      ] GC(116)   StringDedup Table Weak         Min:  0.0, Avg:  0.0, Max:  0.0, Diff:  0.0, Sum:  0.0, Workers: 4
[229.197s][debug][gc,phases      ] GC(116)     Dead                           Min: 0, Avg:  0.0, Max: 0, Diff: 0, Sum: 0, Workers: 4
[229.197s][debug][gc,phases      ] GC(116)     Total                          Min: 0, Avg:  0.0, Max: 0, Diff: 0, Sum: 0, Workers: 4
[229.197s][debug][gc,phases      ] GC(116)   StringDedup Requests0 Weak     Min:  0.0, Avg:  0.0, Max:  0.0, Diff:  0.0, Sum:  0.0, Workers: 4
[229.197s][debug][gc,phases      ] GC(116)     Dead                           Min: 0, Avg:  0.0, Max: 0, Diff: 0, Sum: 0, Workers: 4
[229.197s][debug][gc,phases      ] GC(116)     Total                          Min: 0, Avg:  0.0, Max: 0, Diff: 0, Sum: 0, Workers: 4
[229.197s][debug][gc,phases      ] GC(116)   StringDedup Requests1 Weak     Min:  0.0, Avg:  0.0, Max:  0.0, Diff:  0.0, Sum:  0.0, Workers: 4
[229.197s][debug][gc,phases      ] GC(116)     Dead                           Min: 0, Avg:  0.0, Max: 0, Diff: 0, Sum: 0, Workers: 4
[229.197s][debug][gc,phases      ] GC(116)     Total                          Min: 0, Avg:  0.0, Max: 0, Diff: 0, Sum: 0, Workers: 4
[229.197s][debug][gc,phases      ] GC(116)   Weak JFR Old Object Samples    Min:  0.0, Avg:  0.0, Max:  0.0, Diff:  0.0, Sum:  0.0, Workers: 4
[229.197s][debug][gc,phases      ] GC(116)     Dead                           Min: 0, Avg:  0.0, Max: 0, Diff: 0, Sum: 0, Workers: 4
[229.197s][debug][gc,phases      ] GC(116)     Total                          Min: 0, Avg:  0.0, Max: 0, Diff: 0, Sum: 0, Workers: 4
[229.197s][debug][gc,phases      ] GC(116) Weak Processing 0.424ms
[229.197s][debug][gc,age         ] GC(116) Desired survivor size 102236160 bytes, new threshold 15 (max threshold 15)
[229.197s][info ][gc,heap        ] GC(116) PSYoungGen: 1888544K(1992192K)->256K(1997312K) Eden: 1888256K(1888256K)->0K(1894912K) From: 288K(103936K)->256K(102400K)
[229.197s][info ][gc,heap        ] GC(116) ParOldGen: 552401K(645632K)->552417K(645632K)
[229.197s][info ][gc,metaspace   ] GC(116) Metaspace: 80378K(81152K)->80378K(81152K) NonClass: 69002K(69440K)->69002K(69440K) Class: 11375K(11712K)->11375K(11712K)
[229.197s][info ][gc             ] GC(116) Pause Young (Allocation Failure) 2383M->539M(2581M) 3.424ms
[229.197s][info ][gc,cpu         ] GC(116) User=0.01s Sys=0.00s Real=0.00s
[229.197s][info ][safepoint      ] Safepoint "ParallelGCFailedAllocation", Time since last: 4017995011 ns, Reaching safepoint: 46401 ns, At safepoint: 3516655 ns, Total: 3563056 ns
[231.198s][info ][safepoint      ] Safepoint "Cleanup", Time since last: 2000170609 ns, Reaching safepoint: 53301 ns, At safepoint: 8300 ns, Total: 61601 ns
[242.518s][info ][gc,start       ] GC(117) Pause Young (Allocation Failure)
[242.520s][debug][gc,phases      ] GC(117) Scavenge 2.705ms
[242.520s][debug][gc,ref         ] GC(117) Skipped phase 1 of Reference Processing: no references
[242.521s][debug][gc,ref         ] GC(117) ReferenceProcessor::execute queues: 1, RefProcThreadModel::Single, marks_oops_alive: false
[242.521s][debug][gc,ref         ] GC(117) Skipped phase 3 of Reference Processing: no references
[242.521s][debug][gc,ref         ] GC(117) Skipped phase 4 of Reference Processing: no references
[242.521s][debug][gc,phases      ] GC(117) Reference Processing 0.132ms
[242.521s][debug][gc,phases      ] GC(117)   VM Weak                        Min:  0.0, Avg:  0.0, Max:  0.0, Diff:  0.0, Sum:  0.0, Workers: 4
[242.521s][debug][gc,phases      ] GC(117)     Dead                           Min: 0, Avg:  0.0, Max: 0, Diff: 0, Sum: 0, Workers: 4
[242.521s][debug][gc,phases      ] GC(117)     Total                          Min: 0, Avg: 163.2, Max: 653, Diff: 653, Sum: 653, Workers: 4
[242.521s][debug][gc,phases      ] GC(117)   ObjectSynchronizer Weak        Min:  0.0, Avg:  0.0, Max:  0.0, Diff:  0.0, Sum:  0.0, Workers: 4
[242.521s][debug][gc,phases      ] GC(117)     Dead                           Min: 0, Avg:  0.0, Max: 0, Diff: 0, Sum: 0, Workers: 4
[242.521s][debug][gc,phases      ] GC(117)     Total                          Min: 0, Avg: 89.0, Max: 292, Diff: 292, Sum: 356, Workers: 4
[242.521s][debug][gc,phases      ] GC(117)   JVMTI Tag Weak OopStorage      Min:  0.0, Avg:  0.0, Max:  0.0, Diff:  0.0, Sum:  0.0, Workers: 4
[242.521s][debug][gc,phases      ] GC(117)     Dead                           Min: 0, Avg:  0.0, Max: 0, Diff: 0, Sum: 0, Workers: 4
[242.521s][debug][gc,phases      ] GC(117)     Total                          Min: 0, Avg:  0.0, Max: 0, Diff: 0, Sum: 0, Workers: 4
[242.521s][debug][gc,phases      ] GC(117)   StringTable Weak               Min:  0.1, Avg:  0.1, Max:  0.1, Diff:  0.0, Sum:  0.4, Workers: 4
[242.521s][debug][gc,phases      ] GC(117)     Dead                           Min: 0, Avg:  0.0, Max: 0, Diff: 0, Sum: 0, Workers: 4
[242.521s][debug][gc,phases      ] GC(117)     Total                          Min: 11328, Avg: 11889.5, Max: 12160, Diff: 832, Sum: 47558, Workers: 4
[242.521s][debug][gc,phases      ] GC(117)   ResolvedMethodTable Weak       Min:  0.0, Avg:  0.0, Max:  0.0, Diff:  0.0, Sum:  0.1, Workers: 4
[242.521s][debug][gc,phases      ] GC(117)     Dead                           Min: 0, Avg:  0.0, Max: 0, Diff: 0, Sum: 0, Workers: 4
[242.521s][debug][gc,phases      ] GC(117)     Total                          Min: 1792, Avg: 2018.5, Max: 2176, Diff: 384, Sum: 8074, Workers: 4
[242.521s][debug][gc,phases      ] GC(117)   JNI Weak                       Min:  0.0, Avg:  0.0, Max:  0.0, Diff:  0.0, Sum:  0.0, Workers: 4
[242.521s][debug][gc,phases      ] GC(117)     Dead                           Min: 0, Avg:  0.0, Max: 0, Diff: 0, Sum: 0, Workers: 4
[242.521s][debug][gc,phases      ] GC(117)     Total                          Min: 0, Avg:  0.0, Max: 0, Diff: 0, Sum: 0, Workers: 4
[242.521s][debug][gc,phases      ] GC(117)   StringDedup Table Weak         Min:  0.0, Avg:  0.0, Max:  0.0, Diff:  0.0, Sum:  0.0, Workers: 4
[242.521s][debug][gc,phases      ] GC(117)     Dead                           Min: 0, Avg:  0.0, Max: 0, Diff: 0, Sum: 0, Workers: 4
[242.521s][debug][gc,phases      ] GC(117)     Total                          Min: 0, Avg:  0.0, Max: 0, Diff: 0, Sum: 0, Workers: 4
[242.521s][debug][gc,phases      ] GC(117)   StringDedup Requests0 Weak     Min:  0.0, Avg:  0.0, Max:  0.0, Diff:  0.0, Sum:  0.0, Workers: 4
[242.521s][debug][gc,phases      ] GC(117)     Dead                           Min: 0, Avg:  0.0, Max: 0, Diff: 0, Sum: 0, Workers: 4
[242.521s][debug][gc,phases      ] GC(117)     Total                          Min: 0, Avg:  0.0, Max: 0, Diff: 0, Sum: 0, Workers: 4
[242.521s][debug][gc,phases      ] GC(117)   StringDedup Requests1 Weak     Min:  0.0, Avg:  0.0, Max:  0.0, Diff:  0.0, Sum:  0.0, Workers: 4
[242.521s][debug][gc,phases      ] GC(117)     Dead                           Min: 0, Avg:  0.0, Max: 0, Diff: 0, Sum: 0, Workers: 4
[242.521s][debug][gc,phases      ] GC(117)     Total                          Min: 0, Avg:  0.0, Max: 0, Diff: 0, Sum: 0, Workers: 4
[242.521s][debug][gc,phases      ] GC(117)   Weak JFR Old Object Samples    Min:  0.0, Avg:  0.0, Max:  0.0, Diff:  0.0, Sum:  0.0, Workers: 4
[242.521s][debug][gc,phases      ] GC(117)     Dead                           Min: 0, Avg:  0.0, Max: 0, Diff: 0, Sum: 0, Workers: 4
[242.521s][debug][gc,phases      ] GC(117)     Total                          Min: 0, Avg:  0.0, Max: 0, Diff: 0, Sum: 0, Workers: 4
[242.521s][debug][gc,phases      ] GC(117) Weak Processing 0.401ms
[242.521s][debug][gc,age         ] GC(117) Desired survivor size 99090432 bytes, new threshold 15 (max threshold 15)
[242.521s][info ][gc,heap        ] GC(117) PSYoungGen: 1895168K(1997312K)->192K(1994752K) Eden: 1894912K(1894912K)->0K(1894912K) From: 256K(102400K)->192K(99840K)
[242.521s][info ][gc,heap        ] GC(117) ParOldGen: 552417K(645632K)->552457K(645632K)
[242.521s][info ][gc,metaspace   ] GC(117) Metaspace: 80382K(81152K)->80382K(81152K) NonClass: 69006K(69440K)->69006K(69440K) Class: 11375K(11712K)->11375K(11712K)
[242.521s][info ][gc             ] GC(117) Pause Young (Allocation Failure) 2390M->539M(2578M) 3.387ms
[242.521s][info ][gc,cpu         ] GC(117) User=0.01s Sys=0.00s Real=0.00s
[242.521s][info ][safepoint      ] Safepoint "ParallelGCFailedAllocation", Time since last: 11319848429 ns, Reaching safepoint: 63101 ns, At safepoint: 3478454 ns, Total: 3541555 ns
[245.521s][info ][safepoint      ] Safepoint "Cleanup", Time since last: 3000234060 ns, Reaching safepoint: 123502 ns, At safepoint: 11800 ns, Total: 135302 ns
[246.522s][info ][safepoint      ] Safepoint "Cleanup", Time since last: 1000119285 ns, Reaching safepoint: 120502 ns, At safepoint: 6700 ns, Total: 127202 ns
[248.522s][info ][safepoint      ] Safepoint "Cleanup", Time since last: 2000190564 ns, Reaching safepoint: 122402 ns, At safepoint: 8600 ns, Total: 131002 ns
[255.716s][info ][gc,start       ] GC(118) Pause Young (Allocation Failure)
[255.719s][debug][gc,phases      ] GC(118) Scavenge 2.476ms
[255.719s][debug][gc,ref         ] GC(118) Skipped phase 1 of Reference Processing: no references
[255.719s][debug][gc,ref         ] GC(118) ReferenceProcessor::execute queues: 1, RefProcThreadModel::Single, marks_oops_alive: false
[255.719s][debug][gc,ref         ] GC(118) Skipped phase 3 of Reference Processing: no references
[255.719s][debug][gc,ref         ] GC(118) Skipped phase 4 of Reference Processing: no references
[255.719s][debug][gc,phases      ] GC(118) Reference Processing 0.145ms
[255.719s][debug][gc,phases      ] GC(118)   VM Weak                        Min:  0.0, Avg:  0.0, Max:  0.0, Diff:  0.0, Sum:  0.0, Workers: 4
[255.719s][debug][gc,phases      ] GC(118)     Dead                           Min: 0, Avg:  0.0, Max: 0, Diff: 0, Sum: 0, Workers: 4
[255.719s][debug][gc,phases      ] GC(118)     Total                          Min: 0, Avg: 163.2, Max: 653, Diff: 653, Sum: 653, Workers: 4
[255.719s][debug][gc,phases      ] GC(118)   ObjectSynchronizer Weak        Min:  0.0, Avg:  0.0, Max:  0.0, Diff:  0.0, Sum:  0.0, Workers: 4
[255.719s][debug][gc,phases      ] GC(118)     Dead                           Min: 0, Avg:  0.0, Max: 0, Diff: 0, Sum: 0, Workers: 4
[255.719s][debug][gc,phases      ] GC(118)     Total                          Min: 0, Avg: 89.2, Max: 320, Diff: 320, Sum: 357, Workers: 4
[255.719s][debug][gc,phases      ] GC(118)   JVMTI Tag Weak OopStorage      Min:  0.0, Avg:  0.0, Max:  0.0, Diff:  0.0, Sum:  0.0, Workers: 4
[255.719s][debug][gc,phases      ] GC(118)     Dead                           Min: 0, Avg:  0.0, Max: 0, Diff: 0, Sum: 0, Workers: 4
[255.719s][debug][gc,phases      ] GC(118)     Total                          Min: 0, Avg:  0.0, Max: 0, Diff: 0, Sum: 0, Workers: 4
[255.719s][debug][gc,phases      ] GC(118)   StringTable Weak               Min:  0.1, Avg:  0.1, Max:  0.1, Diff:  0.0, Sum:  0.4, Workers: 4
[255.719s][debug][gc,phases      ] GC(118)     Dead                           Min: 0, Avg:  0.0, Max: 0, Diff: 0, Sum: 0, Workers: 4
[255.719s][debug][gc,phases      ] GC(118)     Total                          Min: 11334, Avg: 11889.5, Max: 12544, Diff: 1210, Sum: 47558, Workers: 4
[255.719s][debug][gc,phases      ] GC(118)   ResolvedMethodTable Weak       Min:  0.0, Avg:  0.0, Max:  0.0, Diff:  0.0, Sum:  0.1, Workers: 4
[255.719s][debug][gc,phases      ] GC(118)     Dead                           Min: 0, Avg:  0.0, Max: 0, Diff: 0, Sum: 0, Workers: 4
[255.719s][debug][gc,phases      ] GC(118)     Total                          Min: 1856, Avg: 2018.5, Max: 2186, Diff: 330, Sum: 8074, Workers: 4
[255.719s][debug][gc,phases      ] GC(118)   JNI Weak                       Min:  0.0, Avg:  0.0, Max:  0.0, Diff:  0.0, Sum:  0.0, Workers: 4
[255.719s][debug][gc,phases      ] GC(118)     Dead                           Min: 0, Avg:  0.0, Max: 0, Diff: 0, Sum: 0, Workers: 4
[255.719s][debug][gc,phases      ] GC(118)     Total                          Min: 0, Avg:  0.0, Max: 0, Diff: 0, Sum: 0, Workers: 4
[255.719s][debug][gc,phases      ] GC(118)   StringDedup Table Weak         Min:  0.0, Avg:  0.0, Max:  0.0, Diff:  0.0, Sum:  0.0, Workers: 4
[255.719s][debug][gc,phases      ] GC(118)     Dead                           Min: 0, Avg:  0.0, Max: 0, Diff: 0, Sum: 0, Workers: 4
[255.719s][debug][gc,phases      ] GC(118)     Total                          Min: 0, Avg:  0.0, Max: 0, Diff: 0, Sum: 0, Workers: 4
[255.720s][debug][gc,phases      ] GC(118)   StringDedup Requests0 Weak     Min:  0.0, Avg:  0.0, Max:  0.0, Diff:  0.0, Sum:  0.0, Workers: 4
[255.720s][debug][gc,phases      ] GC(118)     Dead                           Min: 0, Avg:  0.0, Max: 0, Diff: 0, Sum: 0, Workers: 4
[255.720s][debug][gc,phases      ] GC(118)     Total                          Min: 0, Avg:  0.0, Max: 0, Diff: 0, Sum: 0, Workers: 4
[255.720s][debug][gc,phases      ] GC(118)   StringDedup Requests1 Weak     Min:  0.0, Avg:  0.0, Max:  0.0, Diff:  0.0, Sum:  0.0, Workers: 4
[255.720s][debug][gc,phases      ] GC(118)     Dead                           Min: 0, Avg:  0.0, Max: 0, Diff: 0, Sum: 0, Workers: 4
[255.720s][debug][gc,phases      ] GC(118)     Total                          Min: 0, Avg:  0.0, Max: 0, Diff: 0, Sum: 0, Workers: 4
[255.720s][debug][gc,phases      ] GC(118)   Weak JFR Old Object Samples    Min:  0.0, Avg:  0.0, Max:  0.0, Diff:  0.0, Sum:  0.0, Workers: 4
[255.720s][debug][gc,phases      ] GC(118)     Dead                           Min: 0, Avg:  0.0, Max: 0, Diff: 0, Sum: 0, Workers: 4
[255.720s][debug][gc,phases      ] GC(118)     Total                          Min: 0, Avg:  0.0, Max: 0, Diff: 0, Sum: 0, Workers: 4
[255.720s][debug][gc,phases      ] GC(118) Weak Processing 0.335ms
[255.720s][debug][gc,age         ] GC(118) Desired survivor size 95420416 bytes, new threshold 15 (max threshold 15)
[255.720s][info ][gc,heap        ] GC(118) PSYoungGen: 1895104K(1994752K)->224K(2003968K) Eden: 1894912K(1894912K)->0K(1907200K) From: 192K(99840K)->224K(96768K)
[255.720s][info ][gc,heap        ] GC(118) ParOldGen: 552457K(645632K)->552489K(645632K)
[255.720s][info ][gc,metaspace   ] GC(118) Metaspace: 80382K(81152K)->80382K(81152K) NonClass: 69006K(69440K)->69006K(69440K) Class: 11375K(11712K)->11375K(11712K)
[255.720s][info ][gc             ] GC(118) Pause Young (Allocation Failure) 2390M->539M(2587M) 3.091ms
[255.720s][info ][gc,cpu         ] GC(118) User=0.01s Sys=0.00s Real=0.00s
[255.720s][info ][safepoint      ] Safepoint "ParallelGCFailedAllocation", Time since last: 7194360252 ns, Reaching safepoint: 60301 ns, At safepoint: 3175749 ns, Total: 3236050 ns
[257.720s][info ][safepoint      ] Safepoint "Cleanup", Time since last: 2000168041 ns, Reaching safepoint: 123502 ns, At safepoint: 5900 ns, Total: 129402 ns
[258.720s][info ][safepoint      ] Safepoint "Cleanup", Time since last: 1000121069 ns, Reaching safepoint: 127502 ns, At safepoint: 11300 ns, Total: 138802 ns
[260.721s][info ][safepoint      ] Safepoint "Cleanup", Time since last: 2000196834 ns, Reaching safepoint: 124602 ns, At safepoint: 7800 ns, Total: 132402 ns
[261.721s][info ][safepoint      ] Safepoint "Cleanup", Time since last: 1000123866 ns, Reaching safepoint: 140202 ns, At safepoint: 11400 ns, Total: 151602 ns
[262.721s][info ][safepoint      ] Safepoint "Cleanup", Time since last: 1000125764 ns, Reaching safepoint: 122602 ns, At safepoint: 13300 ns, Total: 135902 ns
[263.721s][info ][safepoint      ] Safepoint "Cleanup", Time since last: 1000134263 ns, Reaching safepoint: 127202 ns, At safepoint: 8600 ns, Total: 135802 ns
[265.722s][info ][safepoint      ] Safepoint "Cleanup", Time since last: 2000194922 ns, Reaching safepoint: 125502 ns, At safepoint: 17000 ns, Total: 142502 ns
[267.525s][info ][safepoint      ] Safepoint "Cleanup", Time since last: 1802898047 ns, Reaching safepoint: 113002 ns, At safepoint: 7000 ns, Total: 120002 ns
[268.167s][info ][gc,start       ] GC(119) Pause Young (Allocation Failure)
[268.170s][debug][gc,phases      ] GC(119) Scavenge 2.822ms
[268.170s][debug][gc,ref         ] GC(119) Skipped phase 1 of Reference Processing: no references
[268.170s][debug][gc,ref         ] GC(119) ReferenceProcessor::execute queues: 1, RefProcThreadModel::Single, marks_oops_alive: false
[268.170s][debug][gc,ref         ] GC(119) Skipped phase 3 of Reference Processing: no references
[268.170s][debug][gc,ref         ] GC(119) ReferenceProcessor::execute queues: 1, RefProcThreadModel::Single, marks_oops_alive: false
[268.170s][debug][gc,phases      ] GC(119) Reference Processing 0.118ms
[268.170s][debug][gc,phases      ] GC(119)   VM Weak                        Min:  0.0, Avg:  0.0, Max:  0.0, Diff:  0.0, Sum:  0.0, Workers: 4
[268.170s][debug][gc,phases      ] GC(119)     Dead                           Min: 0, Avg:  0.0, Max: 0, Diff: 0, Sum: 0, Workers: 4
[268.170s][debug][gc,phases      ] GC(119)     Total                          Min: 0, Avg: 164.2, Max: 465, Diff: 465, Sum: 657, Workers: 4
[268.170s][debug][gc,phases      ] GC(119)   ObjectSynchronizer Weak        Min:  0.0, Avg:  0.0, Max:  0.0, Diff:  0.0, Sum:  0.0, Workers: 4
[268.170s][debug][gc,phases      ] GC(119)     Dead                           Min: 0, Avg:  0.0, Max: 0, Diff: 0, Sum: 0, Workers: 4
[268.170s][debug][gc,phases      ] GC(119)     Total                          Min: 0, Avg: 89.5, Max: 166, Diff: 166, Sum: 358, Workers: 4
[268.170s][debug][gc,phases      ] GC(119)   JVMTI Tag Weak OopStorage      Min:  0.0, Avg:  0.0, Max:  0.0, Diff:  0.0, Sum:  0.0, Workers: 4
[268.170s][debug][gc,phases      ] GC(119)     Dead                           Min: 0, Avg:  0.0, Max: 0, Diff: 0, Sum: 0, Workers: 4
[268.170s][debug][gc,phases      ] GC(119)     Total                          Min: 0, Avg:  0.0, Max: 0, Diff: 0, Sum: 0, Workers: 4
[268.170s][debug][gc,phases      ] GC(119)   StringTable Weak               Min:  0.1, Avg:  0.1, Max:  0.1, Diff:  0.0, Sum:  0.4, Workers: 4
[268.170s][debug][gc,phases      ] GC(119)     Dead                           Min: 0, Avg:  0.0, Max: 0, Diff: 0, Sum: 0, Workers: 4
[268.170s][debug][gc,phases      ] GC(119)     Total                          Min: 11072, Avg: 11901.5, Max: 12854, Diff: 1782, Sum: 47606, Workers: 4
[268.170s][debug][gc,phases      ] GC(119)   ResolvedMethodTable Weak       Min:  0.0, Avg:  0.0, Max:  0.1, Diff:  0.1, Sum:  0.2, Workers: 4
[268.170s][debug][gc,phases      ] GC(119)     Dead                           Min: 0, Avg:  0.0, Max: 0, Diff: 0, Sum: 0, Workers: 4
[268.170s][debug][gc,phases      ] GC(119)     Total                          Min: 1919, Avg: 2025.8, Max: 2176, Diff: 257, Sum: 8103, Workers: 4
[268.170s][debug][gc,phases      ] GC(119)   JNI Weak                       Min:  0.0, Avg:  0.0, Max:  0.0, Diff:  0.0, Sum:  0.0, Workers: 4
[268.170s][debug][gc,phases      ] GC(119)     Dead                           Min: 0, Avg:  0.0, Max: 0, Diff: 0, Sum: 0, Workers: 4
[268.170s][debug][gc,phases      ] GC(119)     Total                          Min: 0, Avg:  0.0, Max: 0, Diff: 0, Sum: 0, Workers: 4
[268.170s][debug][gc,phases      ] GC(119)   StringDedup Table Weak         Min:  0.0, Avg:  0.0, Max:  0.0, Diff:  0.0, Sum:  0.0, Workers: 4
[268.170s][debug][gc,phases      ] GC(119)     Dead                           Min: 0, Avg:  0.0, Max: 0, Diff: 0, Sum: 0, Workers: 4
[268.170s][debug][gc,phases      ] GC(119)     Total                          Min: 0, Avg:  0.0, Max: 0, Diff: 0, Sum: 0, Workers: 4
[268.170s][debug][gc,phases      ] GC(119)   StringDedup Requests0 Weak     Min:  0.0, Avg:  0.0, Max:  0.0, Diff:  0.0, Sum:  0.0, Workers: 4
[268.170s][debug][gc,phases      ] GC(119)     Dead                           Min: 0, Avg:  0.0, Max: 0, Diff: 0, Sum: 0, Workers: 4
[268.170s][debug][gc,phases      ] GC(119)     Total                          Min: 0, Avg:  0.0, Max: 0, Diff: 0, Sum: 0, Workers: 4
[268.170s][debug][gc,phases      ] GC(119)   StringDedup Requests1 Weak     Min:  0.0, Avg:  0.0, Max:  0.0, Diff:  0.0, Sum:  0.0, Workers: 4
[268.170s][debug][gc,phases      ] GC(119)     Dead                           Min: 0, Avg:  0.0, Max: 0, Diff: 0, Sum: 0, Workers: 4
[268.170s][debug][gc,phases      ] GC(119)     Total                          Min: 0, Avg:  0.0, Max: 0, Diff: 0, Sum: 0, Workers: 4
[268.170s][debug][gc,phases      ] GC(119)   Weak JFR Old Object Samples    Min:  0.0, Avg:  0.0, Max:  0.0, Diff:  0.0, Sum:  0.0, Workers: 4
[268.170s][debug][gc,phases      ] GC(119)     Dead                           Min: 0, Avg:  0.0, Max: 0, Diff: 0, Sum: 0, Workers: 4
[268.170s][debug][gc,phases      ] GC(119)     Total                          Min: 0, Avg:  0.0, Max: 0, Diff: 0, Sum: 0, Workers: 4
[268.170s][debug][gc,phases      ] GC(119) Weak Processing 0.428ms
[268.170s][debug][gc,age         ] GC(119) Desired survivor size 91750400 bytes, new threshold 15 (max threshold 15)
[268.170s][info ][gc,heap        ] GC(119) PSYoungGen: 1907424K(2003968K)->1376K(2000384K) Eden: 1907200K(1907200K)->0K(1907200K) From: 224K(96768K)->1376K(93184K)
[268.170s][info ][gc,heap        ] GC(119) ParOldGen: 552489K(645632K)->552497K(645632K)
[268.170s][info ][gc,metaspace   ] GC(119) Metaspace: 80479K(81280K)->80479K(81280K) NonClass: 69089K(69504K)->69089K(69504K) Class: 11389K(11776K)->11389K(11776K)
[268.170s][info ][gc             ] GC(119) Pause Young (Allocation Failure) 2402M->540M(2584M) 3.501ms
[268.170s][info ][gc,cpu         ] GC(119) User=0.01s Sys=0.00s Real=0.00s
[268.170s][info ][safepoint      ] Safepoint "ParallelGCFailedAllocation", Time since last: 641991986 ns, Reaching safepoint: 128202 ns, At safepoint: 3587056 ns, Total: 3715258 ns
[269.171s][info ][safepoint      ] Safepoint "Cleanup", Time since last: 1000103056 ns, Reaching safepoint: 63501 ns, At safepoint: 11500 ns, Total: 75001 ns
[270.171s][info ][safepoint      ] Safepoint "Cleanup", Time since last: 1000116655 ns, Reaching safepoint: 125302 ns, At safepoint: 10100 ns, Total: 135402 ns
[271.171s][info ][safepoint      ] Safepoint "Cleanup", Time since last: 1000126454 ns, Reaching safepoint: 134702 ns, At safepoint: 7000 ns, Total: 141702 ns
[272.171s][info ][safepoint      ] Safepoint "Cleanup", Time since last: 1000083352 ns, Reaching safepoint: 129502 ns, At safepoint: 8600 ns, Total: 138102 ns
[273.172s][info ][safepoint      ] Safepoint "Cleanup", Time since last: 1000118951 ns, Reaching safepoint: 133302 ns, At safepoint: 6800 ns, Total: 140102 ns
[274.172s][info ][safepoint      ] Safepoint "Cleanup", Time since last: 1000126550 ns, Reaching safepoint: 136002 ns, At safepoint: 11801 ns, Total: 147803 ns
[275.172s][info ][safepoint      ] Safepoint "Cleanup", Time since last: 1000125548 ns, Reaching safepoint: 135202 ns, At safepoint: 9101 ns, Total: 144303 ns
[276.172s][info ][safepoint      ] Safepoint "Cleanup", Time since last: 1000116147 ns, Reaching safepoint: 141402 ns, At safepoint: 8700 ns, Total: 150102 ns
[277.173s][info ][safepoint      ] Safepoint "Cleanup", Time since last: 1000116247 ns, Reaching safepoint: 126802 ns, At safepoint: 9000 ns, Total: 135802 ns
[278.173s][info ][safepoint      ] Safepoint "Cleanup", Time since last: 1000121445 ns, Reaching safepoint: 126602 ns, At safepoint: 6400 ns, Total: 133002 ns
[279.173s][info ][safepoint      ] Safepoint "Cleanup", Time since last: 1000114844 ns, Reaching safepoint: 140002 ns, At safepoint: 9000 ns, Total: 149002 ns
[280.173s][info ][safepoint      ] Safepoint "Cleanup", Time since last: 1000124843 ns, Reaching safepoint: 65801 ns, At safepoint: 13300 ns, Total: 79101 ns
[281.067s][info ][gc,start       ] GC(120) Pause Young (Allocation Failure)
[281.070s][debug][gc,phases      ] GC(120) Scavenge 3.008ms
[281.071s][debug][gc,ref         ] GC(120) Skipped phase 1 of Reference Processing: no references
[281.071s][debug][gc,ref         ] GC(120) ReferenceProcessor::execute queues: 1, RefProcThreadModel::Single, marks_oops_alive: false
[281.071s][debug][gc,ref         ] GC(120) Skipped phase 3 of Reference Processing: no references
[281.071s][debug][gc,ref         ] GC(120) ReferenceProcessor::execute queues: 1, RefProcThreadModel::Single, marks_oops_alive: false
[281.071s][debug][gc,phases      ] GC(120) Reference Processing 0.145ms
[281.071s][debug][gc,phases      ] GC(120)   VM Weak                        Min:  0.0, Avg:  0.0, Max:  0.0, Diff:  0.0, Sum:  0.0, Workers: 4
[281.071s][debug][gc,phases      ] GC(120)     Dead                           Min: 0, Avg:  0.0, Max: 0, Diff: 0, Sum: 0, Workers: 4
[281.071s][debug][gc,phases      ] GC(120)     Total                          Min: 0, Avg: 164.2, Max: 320, Diff: 320, Sum: 657, Workers: 4
[281.071s][debug][gc,phases      ] GC(120)   ObjectSynchronizer Weak        Min:  0.0, Avg:  0.0, Max:  0.0, Diff:  0.0, Sum:  0.0, Workers: 4
[281.071s][debug][gc,phases      ] GC(120)     Dead                           Min: 0, Avg:  0.0, Max: 0, Diff: 0, Sum: 0, Workers: 4
[281.071s][debug][gc,phases      ] GC(120)     Total                          Min: 0, Avg: 89.5, Max: 128, Diff: 128, Sum: 358, Workers: 4
[281.071s][debug][gc,phases      ] GC(120)   JVMTI Tag Weak OopStorage      Min:  0.0, Avg:  0.0, Max:  0.0, Diff:  0.0, Sum:  0.0, Workers: 4
[281.071s][debug][gc,phases      ] GC(120)     Dead                           Min: 0, Avg:  0.0, Max: 0, Diff: 0, Sum: 0, Workers: 4
[281.071s][debug][gc,phases      ] GC(120)     Total                          Min: 0, Avg:  0.0, Max: 0, Diff: 0, Sum: 0, Workers: 4
[281.071s][debug][gc,phases      ] GC(120)   StringTable Weak               Min:  0.1, Avg:  0.1, Max:  0.1, Diff:  0.0, Sum:  0.4, Workers: 4
[281.071s][debug][gc,phases      ] GC(120)     Dead                           Min: 0, Avg:  0.0, Max: 0, Diff: 0, Sum: 0, Workers: 4
[281.071s][debug][gc,phases      ] GC(120)     Total                          Min: 11068, Avg: 11903.0, Max: 12288, Diff: 1220, Sum: 47612, Workers: 4
[281.071s][debug][gc,phases      ] GC(120)   ResolvedMethodTable Weak       Min:  0.0, Avg:  0.0, Max:  0.0, Diff:  0.0, Sum:  0.1, Workers: 4
[281.071s][debug][gc,phases      ] GC(120)     Dead                           Min: 0, Avg:  0.0, Max: 0, Diff: 0, Sum: 0, Workers: 4
[281.071s][debug][gc,phases      ] GC(120)     Total                          Min: 1984, Avg: 2027.8, Max: 2095, Diff: 111, Sum: 8111, Workers: 4
[281.071s][debug][gc,phases      ] GC(120)   JNI Weak                       Min:  0.0, Avg:  0.0, Max:  0.0, Diff:  0.0, Sum:  0.0, Workers: 4
[281.071s][debug][gc,phases      ] GC(120)     Dead                           Min: 0, Avg:  0.0, Max: 0, Diff: 0, Sum: 0, Workers: 4
[281.071s][debug][gc,phases      ] GC(120)     Total                          Min: 0, Avg:  0.0, Max: 0, Diff: 0, Sum: 0, Workers: 4
[281.071s][debug][gc,phases      ] GC(120)   StringDedup Table Weak         Min:  0.0, Avg:  0.0, Max:  0.0, Diff:  0.0, Sum:  0.0, Workers: 4
[281.071s][debug][gc,phases      ] GC(120)     Dead                           Min: 0, Avg:  0.0, Max: 0, Diff: 0, Sum: 0, Workers: 4
[281.071s][debug][gc,phases      ] GC(120)     Total                          Min: 0, Avg:  0.0, Max: 0, Diff: 0, Sum: 0, Workers: 4
[281.071s][debug][gc,phases      ] GC(120)   StringDedup Requests0 Weak     Min:  0.0, Avg:  0.0, Max:  0.0, Diff:  0.0, Sum:  0.0, Workers: 4
[281.071s][debug][gc,phases      ] GC(120)     Dead                           Min: 0, Avg:  0.0, Max: 0, Diff: 0, Sum: 0, Workers: 4
[281.071s][debug][gc,phases      ] GC(120)     Total                          Min: 0, Avg:  0.0, Max: 0, Diff: 0, Sum: 0, Workers: 4
[281.071s][debug][gc,phases      ] GC(120)   StringDedup Requests1 Weak     Min:  0.0, Avg:  0.0, Max:  0.0, Diff:  0.0, Sum:  0.0, Workers: 4
[281.071s][debug][gc,phases      ] GC(120)     Dead                           Min: 0, Avg:  0.0, Max: 0, Diff: 0, Sum: 0, Workers: 4
[281.071s][debug][gc,phases      ] GC(120)     Total                          Min: 0, Avg:  0.0, Max: 0, Diff: 0, Sum: 0, Workers: 4
[281.071s][debug][gc,phases      ] GC(120)   Weak JFR Old Object Samples    Min:  0.0, Avg:  0.0, Max:  0.0, Diff:  0.0, Sum:  0.0, Workers: 4
[281.071s][debug][gc,phases      ] GC(120)     Dead                           Min: 0, Avg:  0.0, Max: 0, Diff: 0, Sum: 0, Workers: 4
[281.071s][debug][gc,phases      ] GC(120)     Total                          Min: 0, Avg:  0.0, Max: 0, Diff: 0, Sum: 0, Workers: 4
[281.071s][debug][gc,phases      ] GC(120) Weak Processing 0.403ms
[281.071s][debug][gc,age         ] GC(120) Desired survivor size 87556096 bytes, new threshold 15 (max threshold 15)
[281.071s][info ][gc,heap        ] GC(120) PSYoungGen: 1908576K(2000384K)->1408K(2011648K) Eden: 1907200K(1907200K)->0K(1922048K) From: 1376K(93184K)->1408K(89600K)
[281.071s][info ][gc,heap        ] GC(120) ParOldGen: 552497K(645632K)->552505K(645632K)
[281.071s][info ][gc,metaspace   ] GC(120) Metaspace: 80539K(81344K)->80539K(81344K) NonClass: 69146K(69568K)->69146K(69568K) Class: 11392K(11776K)->11392K(11776K)
[281.071s][info ][gc             ] GC(120) Pause Young (Allocation Failure) 2403M->540M(2595M) 3.705ms
[281.071s][info ][gc,cpu         ] GC(120) User=0.01s Sys=0.00s Real=0.00s
[281.071s][info ][safepoint      ] Safepoint "ParallelGCFailedAllocation", Time since last: 893932991 ns, Reaching safepoint: 88102 ns, At safepoint: 3819259 ns, Total: 3907361 ns
[282.072s][info ][safepoint      ] Safepoint "Cleanup", Time since last: 1000093540 ns, Reaching safepoint: 248304 ns, At safepoint: 12600 ns, Total: 260904 ns
[283.873s][info ][safepoint      ] Safepoint "Cleanup", Time since last: 1801267686 ns, Reaching safepoint: 248504 ns, At safepoint: 11300 ns, Total: 259804 ns
[284.873s][info ][safepoint      ] Safepoint "Cleanup", Time since last: 1000116237 ns, Reaching safepoint: 144602 ns, At safepoint: 10300 ns, Total: 154902 ns
[285.874s][info ][safepoint      ] Safepoint "Cleanup", Time since last: 1000119236 ns, Reaching safepoint: 146302 ns, At safepoint: 11201 ns, Total: 157503 ns
[286.874s][info ][safepoint      ] Safepoint "Cleanup", Time since last: 1000117634 ns, Reaching safepoint: 131802 ns, At safepoint: 8800 ns, Total: 140602 ns
[287.874s][info ][safepoint      ] Safepoint "Cleanup", Time since last: 1000109134 ns, Reaching safepoint: 153502 ns, At safepoint: 10600 ns, Total: 164102 ns
[288.874s][info ][safepoint      ] Safepoint "Cleanup", Time since last: 1000114532 ns, Reaching safepoint: 84302 ns, At safepoint: 15100 ns, Total: 99402 ns
[289.875s][info ][safepoint      ] Safepoint "Cleanup", Time since last: 1000129031 ns, Reaching safepoint: 98202 ns, At safepoint: 9400 ns, Total: 107602 ns
[290.875s][info ][safepoint      ] Safepoint "Cleanup", Time since last: 1000115430 ns, Reaching safepoint: 57901 ns, At safepoint: 7600 ns, Total: 65501 ns
[291.875s][info ][safepoint      ] Safepoint "Cleanup", Time since last: 1000115528 ns, Reaching safepoint: 121202 ns, At safepoint: 16400 ns, Total: 137602 ns
[291.918s][info ][gc,start       ] GC(121) Pause Young (Allocation Failure)
[291.922s][debug][gc,phases      ] GC(121) Scavenge 3.694ms
[291.922s][debug][gc,ref         ] GC(121) Skipped phase 1 of Reference Processing: no references
[291.922s][debug][gc,ref         ] GC(121) ReferenceProcessor::execute queues: 1, RefProcThreadModel::Single, marks_oops_alive: false
[291.922s][debug][gc,ref         ] GC(121) Skipped phase 3 of Reference Processing: no references
[291.922s][debug][gc,ref         ] GC(121) ReferenceProcessor::execute queues: 1, RefProcThreadModel::Single, marks_oops_alive: false
[291.922s][debug][gc,phases      ] GC(121) Reference Processing 0.120ms
[291.922s][debug][gc,phases      ] GC(121)   VM Weak                        Min:  0.0, Avg:  0.0, Max:  0.0, Diff:  0.0, Sum:  0.0, Workers: 4
[291.922s][debug][gc,phases      ] GC(121)     Dead                           Min: 0, Avg:  0.0, Max: 0, Diff: 0, Sum: 0, Workers: 4
[291.922s][debug][gc,phases      ] GC(121)     Total                          Min: 0, Avg: 164.8, Max: 640, Diff: 640, Sum: 659, Workers: 4
[291.922s][debug][gc,phases      ] GC(121)   ObjectSynchronizer Weak        Min:  0.0, Avg:  0.0, Max:  0.0, Diff:  0.0, Sum:  0.0, Workers: 4
[291.922s][debug][gc,phases      ] GC(121)     Dead                           Min: 0, Avg:  0.0, Max: 0, Diff: 0, Sum: 0, Workers: 4
[291.922s][debug][gc,phases      ] GC(121)     Total                          Min: 0, Avg: 89.5, Max: 192, Diff: 192, Sum: 358, Workers: 4
[291.922s][debug][gc,phases      ] GC(121)   JVMTI Tag Weak OopStorage      Min:  0.0, Avg:  0.0, Max:  0.0, Diff:  0.0, Sum:  0.0, Workers: 4
[291.922s][debug][gc,phases      ] GC(121)     Dead                           Min: 0, Avg:  0.0, Max: 0, Diff: 0, Sum: 0, Workers: 4
[291.922s][debug][gc,phases      ] GC(121)     Total                          Min: 0, Avg:  0.0, Max: 0, Diff: 0, Sum: 0, Workers: 4
[291.922s][debug][gc,phases      ] GC(121)   StringTable Weak               Min:  0.1, Avg:  0.1, Max:  0.1, Diff:  0.0, Sum:  0.4, Workers: 4
[291.922s][debug][gc,phases      ] GC(121)     Dead                           Min: 0, Avg:  0.2, Max: 1, Diff: 1, Sum: 1, Workers: 4
[291.922s][debug][gc,phases      ] GC(121)     Total                          Min: 10624, Avg: 11915.0, Max: 12672, Diff: 2048, Sum: 47660, Workers: 4
[291.922s][debug][gc,phases      ] GC(121)   ResolvedMethodTable Weak       Min:  0.0, Avg:  0.0, Max:  0.0, Diff:  0.0, Sum:  0.1, Workers: 4
[291.922s][debug][gc,phases      ] GC(121)     Dead                           Min: 0, Avg:  0.0, Max: 0, Diff: 0, Sum: 0, Workers: 4
[291.922s][debug][gc,phases      ] GC(121)     Total                          Min: 1856, Avg: 2034.0, Max: 2368, Diff: 512, Sum: 8136, Workers: 4
[291.922s][debug][gc,phases      ] GC(121)   JNI Weak                       Min:  0.0, Avg:  0.0, Max:  0.0, Diff:  0.0, Sum:  0.0, Workers: 4
[291.922s][debug][gc,phases      ] GC(121)     Dead                           Min: 0, Avg:  0.0, Max: 0, Diff: 0, Sum: 0, Workers: 4
[291.922s][debug][gc,phases      ] GC(121)     Total                          Min: 0, Avg:  0.0, Max: 0, Diff: 0, Sum: 0, Workers: 4
[291.922s][debug][gc,phases      ] GC(121)   StringDedup Table Weak         Min:  0.0, Avg:  0.0, Max:  0.0, Diff:  0.0, Sum:  0.0, Workers: 4
[291.922s][debug][gc,phases      ] GC(121)     Dead                           Min: 0, Avg:  0.0, Max: 0, Diff: 0, Sum: 0, Workers: 4
[291.922s][debug][gc,phases      ] GC(121)     Total                          Min: 0, Avg:  0.0, Max: 0, Diff: 0, Sum: 0, Workers: 4
[291.922s][debug][gc,phases      ] GC(121)   StringDedup Requests0 Weak     Min:  0.0, Avg:  0.0, Max:  0.0, Diff:  0.0, Sum:  0.0, Workers: 4
[291.922s][debug][gc,phases      ] GC(121)     Dead                           Min: 0, Avg:  0.0, Max: 0, Diff: 0, Sum: 0, Workers: 4
[291.922s][debug][gc,phases      ] GC(121)     Total                          Min: 0, Avg:  0.0, Max: 0, Diff: 0, Sum: 0, Workers: 4
[291.922s][debug][gc,phases      ] GC(121)   StringDedup Requests1 Weak     Min:  0.0, Avg:  0.0, Max:  0.0, Diff:  0.0, Sum:  0.0, Workers: 4
[291.922s][debug][gc,phases      ] GC(121)     Dead                           Min: 0, Avg:  0.0, Max: 0, Diff: 0, Sum: 0, Workers: 4
[291.922s][debug][gc,phases      ] GC(121)     Total                          Min: 0, Avg:  0.0, Max: 0, Diff: 0, Sum: 0, Workers: 4
[291.922s][debug][gc,phases      ] GC(121)   Weak JFR Old Object Samples    Min:  0.0, Avg:  0.0, Max:  0.0, Diff:  0.0, Sum:  0.0, Workers: 4
[291.922s][debug][gc,phases      ] GC(121)     Dead                           Min: 0, Avg:  0.0, Max: 0, Diff: 0, Sum: 0, Workers: 4
[291.922s][debug][gc,phases      ] GC(121)     Total                          Min: 0, Avg:  0.0, Max: 0, Diff: 0, Sum: 0, Workers: 4
[291.922s][debug][gc,phases      ] GC(121) Weak Processing 0.348ms
[291.922s][debug][gc,age         ] GC(121) Desired survivor size 83361792 bytes, new threshold 15 (max threshold 15)
[291.922s][info ][gc,heap        ] GC(121) PSYoungGen: 1923456K(2011648K)->1968K(2007552K) Eden: 1922048K(1922048K)->0K(1922048K) From: 1408K(89600K)->1968K(85504K)
[291.922s][info ][gc,heap        ] GC(121) ParOldGen: 552505K(645632K)->552513K(645632K)
[291.922s][info ][gc,metaspace   ] GC(121) Metaspace: 80709K(81472K)->80709K(81472K) NonClass: 69300K(69696K)->69300K(69696K) Class: 11409K(11776K)->11409K(11776K)
[291.922s][info ][gc             ] GC(121) Pause Young (Allocation Failure) 2417M->541M(2591M) 4.296ms
[291.922s][info ][gc,cpu         ] GC(121) User=0.02s Sys=0.00s Real=0.00s
[291.922s][info ][safepoint      ] Safepoint "ParallelGCFailedAllocation", Time since last: 42909767 ns, Reaching safepoint: 42900 ns, At safepoint: 4377268 ns, Total: 4420168 ns
[292.923s][info ][safepoint      ] Safepoint "Cleanup", Time since last: 1000094727 ns, Reaching safepoint: 129402 ns, At safepoint: 14601 ns, Total: 144003 ns
[293.923s][info ][safepoint      ] Safepoint "Cleanup", Time since last: 1000122826 ns, Reaching safepoint: 121802 ns, At safepoint: 7700 ns, Total: 129502 ns
[294.923s][info ][safepoint      ] Safepoint "Cleanup", Time since last: 1000117825 ns, Reaching safepoint: 155202 ns, At safepoint: 23101 ns, Total: 178303 ns
[295.923s][info ][safepoint      ] Safepoint "Cleanup", Time since last: 1000115124 ns, Reaching safepoint: 135802 ns, At safepoint: 10700 ns, Total: 146502 ns
[296.924s][info ][safepoint      ] Safepoint "Cleanup", Time since last: 1000120423 ns, Reaching safepoint: 129202 ns, At safepoint: 7500 ns, Total: 136702 ns
[297.924s][info ][safepoint      ] Safepoint "Cleanup", Time since last: 1000132322 ns, Reaching safepoint: 58601 ns, At safepoint: 5300 ns, Total: 63901 ns
[298.924s][info ][safepoint      ] Safepoint "Cleanup", Time since last: 1000120320 ns, Reaching safepoint: 124302 ns, At safepoint: 8000 ns, Total: 132302 ns
[299.924s][info ][safepoint      ] Safepoint "Cleanup", Time since last: 1000132620 ns, Reaching safepoint: 62401 ns, At safepoint: 7200 ns, Total: 69601 ns
[300.925s][info ][safepoint      ] Safepoint "Cleanup", Time since last: 1000116018 ns, Reaching safepoint: 133602 ns, At safepoint: 12000 ns, Total: 145602 ns
[301.925s][info ][safepoint      ] Safepoint "Cleanup", Time since last: 1000118817 ns, Reaching safepoint: 64101 ns, At safepoint: 10700 ns, Total: 74801 ns
[302.925s][info ][safepoint      ] Safepoint "Cleanup", Time since last: 1000117916 ns, Reaching safepoint: 69501 ns, At safepoint: 7700 ns, Total: 77201 ns
[304.718s][info ][gc,start       ] GC(122) Pause Young (Allocation Failure)
[304.721s][debug][gc,phases      ] GC(122) Scavenge 3.623ms
[304.721s][debug][gc,ref         ] GC(122) Skipped phase 1 of Reference Processing: no references
[304.721s][debug][gc,ref         ] GC(122) ReferenceProcessor::execute queues: 1, RefProcThreadModel::Single, marks_oops_alive: false
[304.721s][debug][gc,ref         ] GC(122) Skipped phase 3 of Reference Processing: no references
[304.721s][debug][gc,ref         ] GC(122) ReferenceProcessor::execute queues: 1, RefProcThreadModel::Single, marks_oops_alive: false
[304.721s][debug][gc,phases      ] GC(122) Reference Processing 0.128ms
[304.722s][debug][gc,phases      ] GC(122)   VM Weak                        Min:  0.0, Avg:  0.0, Max:  0.0, Diff:  0.0, Sum:  0.0, Workers: 4
[304.722s][debug][gc,phases      ] GC(122)     Dead                           Min: 0, Avg:  0.0, Max: 0, Diff: 0, Sum: 0, Workers: 4
[304.722s][debug][gc,phases      ] GC(122)     Total                          Min: 0, Avg: 164.8, Max: 659, Diff: 659, Sum: 659, Workers: 4
[304.722s][debug][gc,phases      ] GC(122)   ObjectSynchronizer Weak        Min:  0.0, Avg:  0.0, Max:  0.0, Diff:  0.0, Sum:  0.0, Workers: 4
[304.722s][debug][gc,phases      ] GC(122)     Dead                           Min: 0, Avg:  0.0, Max: 0, Diff: 0, Sum: 0, Workers: 4
[304.722s][debug][gc,phases      ] GC(122)     Total                          Min: 0, Avg: 89.5, Max: 128, Diff: 128, Sum: 358, Workers: 4
[304.722s][debug][gc,phases      ] GC(122)   JVMTI Tag Weak OopStorage      Min:  0.0, Avg:  0.0, Max:  0.0, Diff:  0.0, Sum:  0.0, Workers: 4
[304.722s][debug][gc,phases      ] GC(122)     Dead                           Min: 0, Avg:  0.0, Max: 0, Diff: 0, Sum: 0, Workers: 4
[304.722s][debug][gc,phases      ] GC(122)     Total                          Min: 0, Avg:  0.0, Max: 0, Diff: 0, Sum: 0, Workers: 4
[304.722s][debug][gc,phases      ] GC(122)   StringTable Weak               Min:  0.1, Avg:  0.1, Max:  0.1, Diff:  0.0, Sum:  0.4, Workers: 4
[304.722s][debug][gc,phases      ] GC(122)     Dead                           Min: 0, Avg:  0.0, Max: 0, Diff: 0, Sum: 0, Workers: 4
[304.722s][debug][gc,phases      ] GC(122)     Total                          Min: 11776, Avg: 11919.8, Max: 12096, Diff: 320, Sum: 47679, Workers: 4
[304.722s][debug][gc,phases      ] GC(122)   ResolvedMethodTable Weak       Min:  0.0, Avg:  0.0, Max:  0.0, Diff:  0.0, Sum:  0.1, Workers: 4
[304.722s][debug][gc,phases      ] GC(122)     Dead                           Min: 0, Avg:  0.2, Max: 1, Diff: 1, Sum: 1, Workers: 4
[304.722s][debug][gc,phases      ] GC(122)     Total                          Min: 1865, Avg: 2034.0, Max: 2239, Diff: 374, Sum: 8136, Workers: 4
[304.722s][debug][gc,phases      ] GC(122)   JNI Weak                       Min:  0.0, Avg:  0.0, Max:  0.0, Diff:  0.0, Sum:  0.0, Workers: 4
[304.722s][debug][gc,phases      ] GC(122)     Dead                           Min: 0, Avg:  0.0, Max: 0, Diff: 0, Sum: 0, Workers: 4
[304.722s][debug][gc,phases      ] GC(122)     Total                          Min: 0, Avg:  0.0, Max: 0, Diff: 0, Sum: 0, Workers: 4
[304.722s][debug][gc,phases      ] GC(122)   StringDedup Table Weak         Min:  0.0, Avg:  0.0, Max:  0.0, Diff:  0.0, Sum:  0.0, Workers: 4
[304.722s][debug][gc,phases      ] GC(122)     Dead                           Min: 0, Avg:  0.0, Max: 0, Diff: 0, Sum: 0, Workers: 4
[304.722s][debug][gc,phases      ] GC(122)     Total                          Min: 0, Avg:  0.0, Max: 0, Diff: 0, Sum: 0, Workers: 4
[304.722s][debug][gc,phases      ] GC(122)   StringDedup Requests0 Weak     Min:  0.0, Avg:  0.0, Max:  0.0, Diff:  0.0, Sum:  0.0, Workers: 4
[304.722s][debug][gc,phases      ] GC(122)     Dead                           Min: 0, Avg:  0.0, Max: 0, Diff: 0, Sum: 0, Workers: 4
[304.722s][debug][gc,phases      ] GC(122)     Total                          Min: 0, Avg:  0.0, Max: 0, Diff: 0, Sum: 0, Workers: 4
[304.722s][debug][gc,phases      ] GC(122)   StringDedup Requests1 Weak     Min:  0.0, Avg:  0.0, Max:  0.0, Diff:  0.0, Sum:  0.0, Workers: 4
[304.722s][debug][gc,phases      ] GC(122)     Dead                           Min: 0, Avg:  0.0, Max: 0, Diff: 0, Sum: 0, Workers: 4
[304.722s][debug][gc,phases      ] GC(122)     Total                          Min: 0, Avg:  0.0, Max: 0, Diff: 0, Sum: 0, Workers: 4
[304.722s][debug][gc,phases      ] GC(122)   Weak JFR Old Object Samples    Min:  0.0, Avg:  0.0, Max:  0.0, Diff:  0.0, Sum:  0.0, Workers: 4
[304.722s][debug][gc,phases      ] GC(122)     Dead                           Min: 0, Avg:  0.0, Max: 0, Diff: 0, Sum: 0, Workers: 4
[304.722s][debug][gc,phases      ] GC(122)     Total                          Min: 0, Avg:  0.0, Max: 0, Diff: 0, Sum: 0, Workers: 4
[304.722s][debug][gc,phases      ] GC(122) Weak Processing 0.324ms
[304.722s][debug][gc,age         ] GC(122) Desired survivor size 78643200 bytes, new threshold 15 (max threshold 15)
[304.722s][info ][gc,heap        ] GC(122) PSYoungGen: 1924016K(2007552K)->2064K(2020352K) Eden: 1922048K(1922048K)->0K(1938944K) From: 1968K(85504K)->2064K(81408K)
[304.722s][info ][gc,heap        ] GC(122) ParOldGen: 552513K(645632K)->552529K(645632K)
[304.722s][info ][gc,metaspace   ] GC(122) Metaspace: 80757K(81600K)->80757K(81600K) NonClass: 69347K(69824K)->69347K(69824K) Class: 11409K(11776K)->11409K(11776K)
[304.722s][info ][gc             ] GC(122) Pause Young (Allocation Failure) 2418M->541M(2603M) 4.216ms
[304.722s][info ][gc,cpu         ] GC(122) User=0.02s Sys=0.00s Real=0.00s
[304.722s][info ][safepoint      ] Safepoint "ParallelGCFailedAllocation", Time since last: 1792501006 ns, Reaching safepoint: 54801 ns, At safepoint: 4300867 ns, Total: 4355668 ns
[305.722s][info ][safepoint      ] Safepoint "Cleanup", Time since last: 1000095612 ns, Reaching safepoint: 127702 ns, At safepoint: 11300 ns, Total: 139002 ns
[307.722s][info ][safepoint      ] Safepoint "Cleanup", Time since last: 2000201821 ns, Reaching safepoint: 136302 ns, At safepoint: 15100 ns, Total: 151402 ns
[308.723s][info ][safepoint      ] Safepoint "Cleanup", Time since last: 1000137510 ns, Reaching safepoint: 68401 ns, At safepoint: 7400 ns, Total: 75801 ns
[309.723s][info ][safepoint      ] Safepoint "Cleanup", Time since last: 1000140408 ns, Reaching safepoint: 145003 ns, At safepoint: 13700 ns, Total: 158703 ns
[310.723s][info ][safepoint      ] Safepoint "Cleanup", Time since last: 1000125507 ns, Reaching safepoint: 142402 ns, At safepoint: 9700 ns, Total: 152102 ns
[312.237s][info ][safepoint      ] Safepoint "Cleanup", Time since last: 1514073174 ns, Reaching safepoint: 135402 ns, At safepoint: 10700 ns, Total: 146102 ns
[313.238s][info ][safepoint      ] Safepoint "Cleanup", Time since last: 1000113704 ns, Reaching safepoint: 72701 ns, At safepoint: 5700 ns, Total: 78401 ns
[314.238s][info ][safepoint      ] Safepoint "Cleanup", Time since last: 1000102503 ns, Reaching safepoint: 121202 ns, At safepoint: 8500 ns, Total: 129702 ns
[314.298s][info ][gc,start       ] GC(123) Pause Young (Allocation Failure)
[314.302s][debug][gc,phases      ] GC(123) Scavenge 4.480ms
[314.302s][debug][gc,ref         ] GC(123) Skipped phase 1 of Reference Processing: no references
[314.302s][debug][gc,ref         ] GC(123) ReferenceProcessor::execute queues: 1, RefProcThreadModel::Single, marks_oops_alive: false
[314.302s][debug][gc,ref         ] GC(123) Skipped phase 3 of Reference Processing: no references
[314.302s][debug][gc,ref         ] GC(123) ReferenceProcessor::execute queues: 1, RefProcThreadModel::Single, marks_oops_alive: false
[314.302s][debug][gc,phases      ] GC(123) Reference Processing 0.123ms
[314.302s][debug][gc,phases      ] GC(123)   VM Weak                        Min:  0.0, Avg:  0.0, Max:  0.0, Diff:  0.0, Sum:  0.0, Workers: 4
[314.302s][debug][gc,phases      ] GC(123)     Dead                           Min: 0, Avg:  0.0, Max: 0, Diff: 0, Sum: 0, Workers: 4
[314.302s][debug][gc,phases      ] GC(123)     Total                          Min: 0, Avg: 164.8, Max: 659, Diff: 659, Sum: 659, Workers: 4
[314.302s][debug][gc,phases      ] GC(123)   ObjectSynchronizer Weak        Min:  0.0, Avg:  0.0, Max:  0.0, Diff:  0.0, Sum:  0.0, Workers: 4
[314.302s][debug][gc,phases      ] GC(123)     Dead                           Min: 0, Avg:  0.0, Max: 0, Diff: 0, Sum: 0, Workers: 4
[314.302s][debug][gc,phases      ] GC(123)     Total                          Min: 0, Avg: 89.5, Max: 192, Diff: 192, Sum: 358, Workers: 4
[314.302s][debug][gc,phases      ] GC(123)   JVMTI Tag Weak OopStorage      Min:  0.0, Avg:  0.0, Max:  0.0, Diff:  0.0, Sum:  0.0, Workers: 4
[314.302s][debug][gc,phases      ] GC(123)     Dead                           Min: 0, Avg:  0.0, Max: 0, Diff: 0, Sum: 0, Workers: 4
[314.302s][debug][gc,phases      ] GC(123)     Total                          Min: 0, Avg:  0.0, Max: 0, Diff: 0, Sum: 0, Workers: 4
[314.302s][debug][gc,phases      ] GC(123)   StringTable Weak               Min:  0.1, Avg:  0.1, Max:  0.1, Diff:  0.0, Sum:  0.4, Workers: 4
[314.302s][debug][gc,phases      ] GC(123)     Dead                           Min: 0, Avg:  0.2, Max: 1, Diff: 1, Sum: 1, Workers: 4
[314.302s][debug][gc,phases      ] GC(123)     Total                          Min: 10675, Avg: 11932.8, Max: 12608, Diff: 1933, Sum: 47731, Workers: 4
[314.302s][debug][gc,phases      ] GC(123)   ResolvedMethodTable Weak       Min:  0.0, Avg:  0.0, Max:  0.0, Diff:  0.0, Sum:  0.1, Workers: 4
[314.302s][debug][gc,phases      ] GC(123)     Dead                           Min: 0, Avg:  0.0, Max: 0, Diff: 0, Sum: 0, Workers: 4
[314.302s][debug][gc,phases      ] GC(123)     Total                          Min: 1984, Avg: 2038.5, Max: 2112, Diff: 128, Sum: 8154, Workers: 4
[314.302s][debug][gc,phases      ] GC(123)   JNI Weak                       Min:  0.0, Avg:  0.0, Max:  0.0, Diff:  0.0, Sum:  0.0, Workers: 4
[314.303s][debug][gc,phases      ] GC(123)     Dead                           Min: 0, Avg:  0.0, Max: 0, Diff: 0, Sum: 0, Workers: 4
[314.303s][debug][gc,phases      ] GC(123)     Total                          Min: 0, Avg:  0.0, Max: 0, Diff: 0, Sum: 0, Workers: 4
[314.303s][debug][gc,phases      ] GC(123)   StringDedup Table Weak         Min:  0.0, Avg:  0.0, Max:  0.0, Diff:  0.0, Sum:  0.0, Workers: 4
[314.303s][debug][gc,phases      ] GC(123)     Dead                           Min: 0, Avg:  0.0, Max: 0, Diff: 0, Sum: 0, Workers: 4
[314.303s][debug][gc,phases      ] GC(123)     Total                          Min: 0, Avg:  0.0, Max: 0, Diff: 0, Sum: 0, Workers: 4
[314.303s][debug][gc,phases      ] GC(123)   StringDedup Requests0 Weak     Min:  0.0, Avg:  0.0, Max:  0.0, Diff:  0.0, Sum:  0.0, Workers: 4
[314.303s][debug][gc,phases      ] GC(123)     Dead                           Min: 0, Avg:  0.0, Max: 0, Diff: 0, Sum: 0, Workers: 4
[314.303s][debug][gc,phases      ] GC(123)     Total                          Min: 0, Avg:  0.0, Max: 0, Diff: 0, Sum: 0, Workers: 4
[314.303s][debug][gc,phases      ] GC(123)   StringDedup Requests1 Weak     Min:  0.0, Avg:  0.0, Max:  0.0, Diff:  0.0, Sum:  0.0, Workers: 4
[314.303s][debug][gc,phases      ] GC(123)     Dead                           Min: 0, Avg:  0.0, Max: 0, Diff: 0, Sum: 0, Workers: 4
[314.303s][debug][gc,phases      ] GC(123)     Total                          Min: 0, Avg:  0.0, Max: 0, Diff: 0, Sum: 0, Workers: 4
[314.303s][debug][gc,phases      ] GC(123)   Weak JFR Old Object Samples    Min:  0.0, Avg:  0.0, Max:  0.0, Diff:  0.0, Sum:  0.0, Workers: 4
[314.303s][debug][gc,phases      ] GC(123)     Dead                           Min: 0, Avg:  0.0, Max: 0, Diff: 0, Sum: 0, Workers: 4
[314.303s][debug][gc,phases      ] GC(123)     Total                          Min: 0, Avg:  0.0, Max: 0, Diff: 0, Sum: 0, Workers: 4
[314.303s][debug][gc,phases      ] GC(123) Weak Processing 0.318ms
[314.303s][debug][gc,age         ] GC(123) Desired survivor size 73924608 bytes, new threshold 15 (max threshold 15)
[314.303s][info ][gc,heap        ] GC(123) PSYoungGen: 1941008K(2020352K)->6112K(2015744K) Eden: 1938944K(1938944K)->0K(1938944K) From: 2064K(81408K)->6112K(76800K)
[314.303s][info ][gc,heap        ] GC(123) ParOldGen: 552529K(645632K)->552537K(645632K)
[314.303s][info ][gc,metaspace   ] GC(123) Metaspace: 80866K(81664K)->80866K(81664K) NonClass: 69447K(69888K)->69447K(69888K) Class: 11419K(11776K)->11419K(11776K)
[314.303s][info ][gc             ] GC(123) Pause Young (Allocation Failure) 2435M->545M(2599M) 5.067ms
[314.303s][info ][gc,cpu         ] GC(123) User=0.02s Sys=0.00s Real=0.00s
[314.303s][info ][safepoint      ] Safepoint "ParallelGCFailedAllocation", Time since last: 59606924 ns, Reaching safepoint: 54301 ns, At safepoint: 5150380 ns, Total: 5204681 ns
[315.303s][info ][safepoint      ] Safepoint "Cleanup", Time since last: 1000083501 ns, Reaching safepoint: 118301 ns, At safepoint: 11101 ns, Total: 129402 ns
[316.303s][info ][safepoint      ] Safepoint "Cleanup", Time since last: 1000110300 ns, Reaching safepoint: 64601 ns, At safepoint: 10600 ns, Total: 75201 ns
[317.303s][info ][safepoint      ] Safepoint "Cleanup", Time since last: 1000104199 ns, Reaching safepoint: 55801 ns, At safepoint: 7800 ns, Total: 63601 ns
[318.303s][info ][safepoint      ] Safepoint "Cleanup", Time since last: 1000105899 ns, Reaching safepoint: 53800 ns, At safepoint: 6500 ns, Total: 60300 ns
[319.304s][info ][safepoint      ] Safepoint "Cleanup", Time since last: 1000111398 ns, Reaching safepoint: 78901 ns, At safepoint: 8000 ns, Total: 86901 ns
[320.904s][info ][safepoint      ] Safepoint "Cleanup", Time since last: 1600519598 ns, Reaching safepoint: 84002 ns, At safepoint: 10300 ns, Total: 94302 ns
[322.298s][info ][safepoint      ] Safepoint "Cleanup", Time since last: 1394115898 ns, Reaching safepoint: 76501 ns, At safepoint: 10100 ns, Total: 86601 ns
[323.299s][info ][safepoint      ] Safepoint "Cleanup", Time since last: 1000116193 ns, Reaching safepoint: 83901 ns, At safepoint: 8400 ns, Total: 92301 ns
[324.092s][info ][gc,start       ] GC(124) Pause Young (Allocation Failure)
[324.097s][debug][gc,phases      ] GC(124) Scavenge 5.808ms
[324.098s][debug][gc,ref         ] GC(124) Skipped phase 1 of Reference Processing: no references
[324.098s][debug][gc,ref         ] GC(124) ReferenceProcessor::execute queues: 1, RefProcThreadModel::Single, marks_oops_alive: false
[324.098s][debug][gc,ref         ] GC(124) Skipped phase 3 of Reference Processing: no references
[324.098s][debug][gc,ref         ] GC(124) ReferenceProcessor::execute queues: 1, RefProcThreadModel::Single, marks_oops_alive: false
[324.098s][debug][gc,phases      ] GC(124) Reference Processing 0.124ms
[324.098s][debug][gc,phases      ] GC(124)   VM Weak                        Min:  0.0, Avg:  0.0, Max:  0.0, Diff:  0.0, Sum:  0.0, Workers: 4
[324.098s][debug][gc,phases      ] GC(124)     Dead                           Min: 0, Avg:  0.0, Max: 0, Diff: 0, Sum: 0, Workers: 4
[324.098s][debug][gc,phases      ] GC(124)     Total                          Min: 0, Avg: 164.8, Max: 339, Diff: 339, Sum: 659, Workers: 4
[324.098s][debug][gc,phases      ] GC(124)   ObjectSynchronizer Weak        Min:  0.0, Avg:  0.0, Max:  0.0, Diff:  0.0, Sum:  0.0, Workers: 4
[324.098s][debug][gc,phases      ] GC(124)     Dead                           Min: 0, Avg:  0.0, Max: 0, Diff: 0, Sum: 0, Workers: 4
[324.098s][debug][gc,phases      ] GC(124)     Total                          Min: 0, Avg: 89.5, Max: 166, Diff: 166, Sum: 358, Workers: 4
[324.098s][debug][gc,phases      ] GC(124)   JVMTI Tag Weak OopStorage      Min:  0.0, Avg:  0.0, Max:  0.0, Diff:  0.0, Sum:  0.0, Workers: 4
[324.098s][debug][gc,phases      ] GC(124)     Dead                           Min: 0, Avg:  0.0, Max: 0, Diff: 0, Sum: 0, Workers: 4
[324.098s][debug][gc,phases      ] GC(124)     Total                          Min: 0, Avg:  0.0, Max: 0, Diff: 0, Sum: 0, Workers: 4
[324.098s][debug][gc,phases      ] GC(124)   StringTable Weak               Min:  0.1, Avg:  0.1, Max:  0.1, Diff:  0.0, Sum:  0.4, Workers: 4
[324.098s][debug][gc,phases      ] GC(124)     Dead                           Min: 0, Avg:  0.2, Max: 1, Diff: 1, Sum: 1, Workers: 4
[324.098s][debug][gc,phases      ] GC(124)     Total                          Min: 11328, Avg: 11941.8, Max: 12311, Diff: 983, Sum: 47767, Workers: 4
[324.098s][debug][gc,phases      ] GC(124)   ResolvedMethodTable Weak       Min:  0.0, Avg:  0.0, Max:  0.0, Diff:  0.0, Sum:  0.1, Workers: 4
[324.098s][debug][gc,phases      ] GC(124)     Dead                           Min: 0, Avg:  4.0, Max: 16, Diff: 16, Sum: 16, Workers: 4
[324.098s][debug][gc,phases      ] GC(124)     Total                          Min: 1909, Avg: 2041.0, Max: 2223, Diff: 314, Sum: 8164, Workers: 4
[324.098s][debug][gc,phases      ] GC(124)   JNI Weak                       Min:  0.0, Avg:  0.0, Max:  0.0, Diff:  0.0, Sum:  0.0, Workers: 4
[324.098s][debug][gc,phases      ] GC(124)     Dead                           Min: 0, Avg:  0.0, Max: 0, Diff: 0, Sum: 0, Workers: 4
[324.098s][debug][gc,phases      ] GC(124)     Total                          Min: 0, Avg:  0.0, Max: 0, Diff: 0, Sum: 0, Workers: 4
[324.098s][debug][gc,phases      ] GC(124)   StringDedup Table Weak         Min:  0.0, Avg:  0.0, Max:  0.0, Diff:  0.0, Sum:  0.0, Workers: 4
[324.098s][debug][gc,phases      ] GC(124)     Dead                           Min: 0, Avg:  0.0, Max: 0, Diff: 0, Sum: 0, Workers: 4
[324.098s][debug][gc,phases      ] GC(124)     Total                          Min: 0, Avg:  0.0, Max: 0, Diff: 0, Sum: 0, Workers: 4
[324.098s][debug][gc,phases      ] GC(124)   StringDedup Requests0 Weak     Min:  0.0, Avg:  0.0, Max:  0.0, Diff:  0.0, Sum:  0.0, Workers: 4
[324.098s][debug][gc,phases      ] GC(124)     Dead                           Min: 0, Avg:  0.0, Max: 0, Diff: 0, Sum: 0, Workers: 4
[324.098s][debug][gc,phases      ] GC(124)     Total                          Min: 0, Avg:  0.0, Max: 0, Diff: 0, Sum: 0, Workers: 4
[324.098s][debug][gc,phases      ] GC(124)   StringDedup Requests1 Weak     Min:  0.0, Avg:  0.0, Max:  0.0, Diff:  0.0, Sum:  0.0, Workers: 4
[324.098s][debug][gc,phases      ] GC(124)     Dead                           Min: 0, Avg:  0.0, Max: 0, Diff: 0, Sum: 0, Workers: 4
[324.098s][debug][gc,phases      ] GC(124)     Total                          Min: 0, Avg:  0.0, Max: 0, Diff: 0, Sum: 0, Workers: 4
[324.098s][debug][gc,phases      ] GC(124)   Weak JFR Old Object Samples    Min:  0.0, Avg:  0.0, Max:  0.0, Diff:  0.0, Sum:  0.0, Workers: 4
[324.098s][debug][gc,phases      ] GC(124)     Dead                           Min: 0, Avg:  0.0, Max: 0, Diff: 0, Sum: 0, Workers: 4
[324.098s][debug][gc,phases      ] GC(124)     Total                          Min: 0, Avg:  0.0, Max: 0, Diff: 0, Sum: 0, Workers: 4
[324.098s][debug][gc,phases      ] GC(124) Weak Processing 0.337ms
[324.098s][debug][gc,age         ] GC(124) Desired survivor size 68681728 bytes, new threshold 15 (max threshold 15)
[324.098s][info ][gc,heap        ] GC(124) PSYoungGen: 1945056K(2015744K)->7552K(2030080K) Eden: 1938944K(1938944K)->0K(1957888K) From: 6112K(76800K)->7552K(72192K)
[324.098s][info ][gc,heap        ] GC(124) ParOldGen: 552537K(645632K)->552545K(645632K)
[324.098s][info ][gc,metaspace   ] GC(124) Metaspace: 80988K(81792K)->80988K(81792K) NonClass: 69564K(70016K)->69564K(70016K) Class: 11423K(11776K)->11423K(11776K)
[324.098s][info ][gc             ] GC(124) Pause Young (Allocation Failure) 2439M->546M(2613M) 6.390ms
[324.098s][info ][gc,cpu         ] GC(124) User=0.02s Sys=0.00s Real=0.00s
[324.098s][info ][safepoint      ] Safepoint "ParallelGCFailedAllocation", Time since last: 792922183 ns, Reaching safepoint: 58300 ns, At safepoint: 6466601 ns, Total: 6524901 ns
[325.098s][info ][safepoint      ] Safepoint "Cleanup", Time since last: 1000082290 ns, Reaching safepoint: 51901 ns, At safepoint: 9900 ns, Total: 61801 ns
[326.098s][info ][safepoint      ] Safepoint "Cleanup", Time since last: 1000105989 ns, Reaching safepoint: 48401 ns, At safepoint: 5800 ns, Total: 54201 ns
[327.099s][info ][safepoint      ] Safepoint "Cleanup", Time since last: 1000107488 ns, Reaching safepoint: 60801 ns, At safepoint: 6800 ns, Total: 67601 ns
[329.099s][info ][safepoint      ] Safepoint "Cleanup", Time since last: 2000173773 ns, Reaching safepoint: 59101 ns, At safepoint: 8900 ns, Total: 68001 ns
[330.099s][info ][safepoint      ] Safepoint "Cleanup", Time since last: 1000109486 ns, Reaching safepoint: 92001 ns, At safepoint: 8200 ns, Total: 100201 ns
[331.099s][info ][safepoint      ] Safepoint "Cleanup", Time since last: 1000113584 ns, Reaching safepoint: 77101 ns, At safepoint: 4500 ns, Total: 81601 ns
[332.099s][info ][safepoint      ] Safepoint "Cleanup", Time since last: 1000103583 ns, Reaching safepoint: 51801 ns, At safepoint: 5400 ns, Total: 57201 ns
[333.100s][info ][safepoint      ] Safepoint "Cleanup", Time since last: 1000102982 ns, Reaching safepoint: 58501 ns, At safepoint: 4300 ns, Total: 62801 ns
[334.100s][info ][safepoint      ] Safepoint "Cleanup", Time since last: 1000076180 ns, Reaching safepoint: 63601 ns, At safepoint: 11000 ns, Total: 74601 ns
[334.269s][info ][gc,start       ] GC(125) Pause Young (Allocation Failure)
[334.283s][debug][gc,phases      ] GC(125) Scavenge 14.714ms
[334.284s][debug][gc,ref         ] GC(125) Skipped phase 1 of Reference Processing: no references
[334.284s][debug][gc,ref         ] GC(125) ReferenceProcessor::execute queues: 1, RefProcThreadModel::Single, marks_oops_alive: false
[334.284s][debug][gc,ref         ] GC(125) Skipped phase 3 of Reference Processing: no references
[334.284s][debug][gc,ref         ] GC(125) ReferenceProcessor::execute queues: 1, RefProcThreadModel::Single, marks_oops_alive: false
[334.284s][debug][gc,phases      ] GC(125) Reference Processing 0.155ms
[334.284s][debug][gc,phases      ] GC(125)   VM Weak                        Min:  0.0, Avg:  0.0, Max:  0.0, Diff:  0.0, Sum:  0.0, Workers: 4
[334.284s][debug][gc,phases      ] GC(125)     Dead                           Min: 0, Avg:  0.0, Max: 0, Diff: 0, Sum: 0, Workers: 4
[334.284s][debug][gc,phases      ] GC(125)     Total                          Min: 0, Avg: 165.0, Max: 660, Diff: 660, Sum: 660, Workers: 4
[334.284s][debug][gc,phases      ] GC(125)   ObjectSynchronizer Weak        Min:  0.0, Avg:  0.0, Max:  0.0, Diff:  0.0, Sum:  0.0, Workers: 4
[334.284s][debug][gc,phases      ] GC(125)     Dead                           Min: 0, Avg:  0.0, Max: 0, Diff: 0, Sum: 0, Workers: 4
[334.284s][debug][gc,phases      ] GC(125)     Total                          Min: 0, Avg: 89.5, Max: 358, Diff: 358, Sum: 358, Workers: 4
[334.284s][debug][gc,phases      ] GC(125)   JVMTI Tag Weak OopStorage      Min:  0.0, Avg:  0.0, Max:  0.0, Diff:  0.0, Sum:  0.0, Workers: 4
[334.284s][debug][gc,phases      ] GC(125)     Dead                           Min: 0, Avg:  0.0, Max: 0, Diff: 0, Sum: 0, Workers: 4
[334.284s][debug][gc,phases      ] GC(125)     Total                          Min: 0, Avg:  0.0, Max: 0, Diff: 0, Sum: 0, Workers: 4
[334.284s][debug][gc,phases      ] GC(125)   StringTable Weak               Min:  0.0, Avg:  0.1, Max:  0.4, Diff:  0.4, Sum:  0.4, Workers: 4
[334.284s][debug][gc,phases      ] GC(125)     Dead                           Min: 0, Avg:  0.0, Max: 0, Diff: 0, Sum: 0, Workers: 4
[334.284s][debug][gc,phases      ] GC(125)     Total                          Min: 0, Avg: 11944.2, Max: 47777, Diff: 47777, Sum: 47777, Workers: 4
[334.284s][debug][gc,phases      ] GC(125)   ResolvedMethodTable Weak       Min:  0.0, Avg:  0.0, Max:  0.1, Diff:  0.1, Sum:  0.1, Workers: 4
[334.284s][debug][gc,phases      ] GC(125)     Dead                           Min: 0, Avg:  0.0, Max: 0, Diff: 0, Sum: 0, Workers: 4
[334.284s][debug][gc,phases      ] GC(125)     Total                          Min: 0, Avg: 2042.0, Max: 8168, Diff: 8168, Sum: 8168, Workers: 4
[334.284s][debug][gc,phases      ] GC(125)   JNI Weak                       Min:  0.0, Avg:  0.0, Max:  0.0, Diff:  0.0, Sum:  0.0, Workers: 4
[334.284s][debug][gc,phases      ] GC(125)     Dead                           Min: 0, Avg:  0.0, Max: 0, Diff: 0, Sum: 0, Workers: 4
[334.284s][debug][gc,phases      ] GC(125)     Total                          Min: 0, Avg:  0.0, Max: 0, Diff: 0, Sum: 0, Workers: 4
[334.284s][debug][gc,phases      ] GC(125)   StringDedup Table Weak         Min:  0.0, Avg:  0.0, Max:  0.0, Diff:  0.0, Sum:  0.0, Workers: 4
[334.284s][debug][gc,phases      ] GC(125)     Dead                           Min: 0, Avg:  0.0, Max: 0, Diff: 0, Sum: 0, Workers: 4
[334.284s][debug][gc,phases      ] GC(125)     Total                          Min: 0, Avg:  0.0, Max: 0, Diff: 0, Sum: 0, Workers: 4
[334.284s][debug][gc,phases      ] GC(125)   StringDedup Requests0 Weak     Min:  0.0, Avg:  0.0, Max:  0.0, Diff:  0.0, Sum:  0.0, Workers: 4
[334.284s][debug][gc,phases      ] GC(125)     Dead                           Min: 0, Avg:  0.0, Max: 0, Diff: 0, Sum: 0, Workers: 4
[334.284s][debug][gc,phases      ] GC(125)     Total                          Min: 0, Avg:  0.0, Max: 0, Diff: 0, Sum: 0, Workers: 4
[334.284s][debug][gc,phases      ] GC(125)   StringDedup Requests1 Weak     Min:  0.0, Avg:  0.0, Max:  0.0, Diff:  0.0, Sum:  0.0, Workers: 4
[334.284s][debug][gc,phases      ] GC(125)     Dead                           Min: 0, Avg:  0.0, Max: 0, Diff: 0, Sum: 0, Workers: 4
[334.284s][debug][gc,phases      ] GC(125)     Total                          Min: 0, Avg:  0.0, Max: 0, Diff: 0, Sum: 0, Workers: 4
[334.284s][debug][gc,phases      ] GC(125)   Weak JFR Old Object Samples    Min:  0.0, Avg:  0.0, Max:  0.0, Diff:  0.0, Sum:  0.0, Workers: 4
[334.284s][debug][gc,phases      ] GC(125)     Dead                           Min: 0, Avg:  0.0, Max: 0, Diff: 0, Sum: 0, Workers: 4
[334.284s][debug][gc,phases      ] GC(125)     Total                          Min: 0, Avg:  0.0, Max: 0, Diff: 0, Sum: 0, Workers: 4
[334.284s][debug][gc,phases      ] GC(125) Weak Processing 0.745ms
[334.284s][debug][gc,age         ] GC(125) Desired survivor size 64487424 bytes, new threshold 15 (max threshold 15)
[334.284s][info ][gc,heap        ] GC(125) PSYoungGen: 1965440K(2030080K)->6240K(2024960K) Eden: 1957888K(1957888K)->0K(1957888K) From: 7552K(72192K)->6240K(67072K)
[334.284s][info ][gc,heap        ] GC(125) ParOldGen: 552545K(645632K)->552577K(645632K)
[334.284s][info ][gc,metaspace   ] GC(125) Metaspace: 81040K(81856K)->81040K(81856K) NonClass: 69613K(70080K)->69613K(70080K) Class: 11426K(11776K)->11426K(11776K)
[334.284s][info ][gc             ] GC(125) Pause Young (Allocation Failure) 2458M->545M(2608M) 15.758ms
[334.285s][info ][gc,cpu         ] GC(125) User=0.02s Sys=0.00s Real=0.02s
[334.285s][info ][safepoint      ] Safepoint "ParallelGCFailedAllocation", Time since last: 168969216 ns, Reaching safepoint: 51800 ns, At safepoint: 15864346 ns, Total: 15916146 ns
[335.285s][info ][safepoint      ] Safepoint "Cleanup", Time since last: 1000106679 ns, Reaching safepoint: 106302 ns, At safepoint: 13200 ns, Total: 119502 ns
[336.285s][info ][safepoint      ] Safepoint "Cleanup", Time since last: 1000093878 ns, Reaching safepoint: 54601 ns, At safepoint: 11700 ns, Total: 66301 ns
[337.285s][info ][safepoint      ] Safepoint "Cleanup", Time since last: 1000114178 ns, Reaching safepoint: 50501 ns, At safepoint: 6300 ns, Total: 56801 ns
[338.285s][info ][safepoint      ] Safepoint "Cleanup", Time since last: 1000110376 ns, Reaching safepoint: 58201 ns, At safepoint: 8400 ns, Total: 66601 ns
[340.286s][info ][safepoint      ] Safepoint "Cleanup", Time since last: 2000176448 ns, Reaching safepoint: 55601 ns, At safepoint: 3600 ns, Total: 59201 ns
[341.286s][info ][safepoint      ] Safepoint "Cleanup", Time since last: 1000111073 ns, Reaching safepoint: 52601 ns, At safepoint: 4700 ns, Total: 57301 ns
[343.286s][info ][safepoint      ] Safepoint "Cleanup", Time since last: 2000190543 ns, Reaching safepoint: 52901 ns, At safepoint: 3400 ns, Total: 56301 ns
[345.286s][info ][safepoint      ] Safepoint "Cleanup", Time since last: 2000179538 ns, Reaching safepoint: 44500 ns, At safepoint: 6100 ns, Total: 50600 ns
[347.286s][info ][safepoint      ] Safepoint "Cleanup", Time since last: 2000181934 ns, Reaching safepoint: 53501 ns, At safepoint: 9100 ns, Total: 62601 ns
[348.110s][info ][gc,start       ] GC(126) Pause Young (Allocation Failure)
[348.114s][debug][gc,phases      ] GC(126) Scavenge 4.096ms
[348.114s][debug][gc,ref         ] GC(126) Skipped phase 1 of Reference Processing: no references
[348.114s][debug][gc,ref         ] GC(126) ReferenceProcessor::execute queues: 1, RefProcThreadModel::Single, marks_oops_alive: false
[348.114s][debug][gc,ref         ] GC(126) Skipped phase 3 of Reference Processing: no references
[348.114s][debug][gc,ref         ] GC(126) ReferenceProcessor::execute queues: 1, RefProcThreadModel::Single, marks_oops_alive: false
[348.114s][debug][gc,phases      ] GC(126) Reference Processing 0.137ms
[348.115s][debug][gc,phases      ] GC(126)   VM Weak                        Min:  0.0, Avg:  0.0, Max:  0.0, Diff:  0.0, Sum:  0.0, Workers: 4
[348.115s][debug][gc,phases      ] GC(126)     Dead                           Min: 0, Avg:  0.0, Max: 0, Diff: 0, Sum: 0, Workers: 4
[348.115s][debug][gc,phases      ] GC(126)     Total                          Min: 0, Avg: 165.0, Max: 404, Diff: 404, Sum: 660, Workers: 4
[348.115s][debug][gc,phases      ] GC(126)   ObjectSynchronizer Weak        Min:  0.0, Avg:  0.0, Max:  0.0, Diff:  0.0, Sum:  0.0, Workers: 4
[348.115s][debug][gc,phases      ] GC(126)     Dead                           Min: 0, Avg:  0.0, Max: 0, Diff: 0, Sum: 0, Workers: 4
[348.115s][debug][gc,phases      ] GC(126)     Total                          Min: 0, Avg: 89.5, Max: 166, Diff: 166, Sum: 358, Workers: 4
[348.115s][debug][gc,phases      ] GC(126)   JVMTI Tag Weak OopStorage      Min:  0.0, Avg:  0.0, Max:  0.0, Diff:  0.0, Sum:  0.0, Workers: 4
[348.115s][debug][gc,phases      ] GC(126)     Dead                           Min: 0, Avg:  0.0, Max: 0, Diff: 0, Sum: 0, Workers: 4
[348.115s][debug][gc,phases      ] GC(126)     Total                          Min: 0, Avg:  0.0, Max: 0, Diff: 0, Sum: 0, Workers: 4
[348.115s][debug][gc,phases      ] GC(126)   StringTable Weak               Min:  0.1, Avg:  0.1, Max:  0.1, Diff:  0.0, Sum:  0.4, Workers: 4
[348.115s][debug][gc,phases      ] GC(126)     Dead                           Min: 0, Avg:  0.0, Max: 0, Diff: 0, Sum: 0, Workers: 4
[348.115s][debug][gc,phases      ] GC(126)     Total                          Min: 10816, Avg: 11946.0, Max: 12776, Diff: 1960, Sum: 47784, Workers: 4
[348.115s][debug][gc,phases      ] GC(126)   ResolvedMethodTable Weak       Min:  0.0, Avg:  0.0, Max:  0.0, Diff:  0.0, Sum:  0.1, Workers: 4
[348.115s][debug][gc,phases      ] GC(126)     Dead                           Min: 0, Avg:  4.2, Max: 14, Diff: 14, Sum: 17, Workers: 4
[348.115s][debug][gc,phases      ] GC(126)     Total                          Min: 1855, Avg: 2045.0, Max: 2229, Diff: 374, Sum: 8180, Workers: 4
[348.115s][debug][gc,phases      ] GC(126)   JNI Weak                       Min:  0.0, Avg:  0.0, Max:  0.0, Diff:  0.0, Sum:  0.0, Workers: 4
[348.115s][debug][gc,phases      ] GC(126)     Dead                           Min: 0, Avg:  0.0, Max: 0, Diff: 0, Sum: 0, Workers: 4
[348.115s][debug][gc,phases      ] GC(126)     Total                          Min: 0, Avg:  0.0, Max: 0, Diff: 0, Sum: 0, Workers: 4
[348.115s][debug][gc,phases      ] GC(126)   StringDedup Table Weak         Min:  0.0, Avg:  0.0, Max:  0.0, Diff:  0.0, Sum:  0.0, Workers: 4
[348.115s][debug][gc,phases      ] GC(126)     Dead                           Min: 0, Avg:  0.0, Max: 0, Diff: 0, Sum: 0, Workers: 4
[348.115s][debug][gc,phases      ] GC(126)     Total                          Min: 0, Avg:  0.0, Max: 0, Diff: 0, Sum: 0, Workers: 4
[348.115s][debug][gc,phases      ] GC(126)   StringDedup Requests0 Weak     Min:  0.0, Avg:  0.0, Max:  0.0, Diff:  0.0, Sum:  0.0, Workers: 4
[348.115s][debug][gc,phases      ] GC(126)     Dead                           Min: 0, Avg:  0.0, Max: 0, Diff: 0, Sum: 0, Workers: 4
[348.115s][debug][gc,phases      ] GC(126)     Total                          Min: 0, Avg:  0.0, Max: 0, Diff: 0, Sum: 0, Workers: 4
[348.115s][debug][gc,phases      ] GC(126)   StringDedup Requests1 Weak     Min:  0.0, Avg:  0.0, Max:  0.0, Diff:  0.0, Sum:  0.0, Workers: 4
[348.115s][debug][gc,phases      ] GC(126)     Dead                           Min: 0, Avg:  0.0, Max: 0, Diff: 0, Sum: 0, Workers: 4
[348.115s][debug][gc,phases      ] GC(126)     Total                          Min: 0, Avg:  0.0, Max: 0, Diff: 0, Sum: 0, Workers: 4
[348.115s][debug][gc,phases      ] GC(126)   Weak JFR Old Object Samples    Min:  0.0, Avg:  0.0, Max:  0.0, Diff:  0.0, Sum:  0.0, Workers: 4
[348.115s][debug][gc,phases      ] GC(126)     Dead                           Min: 0, Avg:  0.0, Max: 0, Diff: 0, Sum: 0, Workers: 4
[348.115s][debug][gc,phases      ] GC(126)     Total                          Min: 0, Avg:  0.0, Max: 0, Diff: 0, Sum: 0, Workers: 4
[348.115s][debug][gc,phases      ] GC(126) Weak Processing 0.331ms
[348.115s][debug][gc,age         ] GC(126) Desired survivor size 60293120 bytes, new threshold 15 (max threshold 15)
[348.115s][info ][gc,heap        ] GC(126) PSYoungGen: 1964128K(2024960K)->6501K(2038272K) Eden: 1957888K(1957888K)->0K(1975296K) From: 6240K(67072K)->6501K(62976K)
[348.115s][info ][gc,heap        ] GC(126) ParOldGen: 552577K(645632K)->552609K(645632K)
[348.115s][info ][gc,metaspace   ] GC(126) Metaspace: 81073K(81856K)->81073K(81856K) NonClass: 69646K(70080K)->69646K(70080K) Class: 11427K(11776K)->11427K(11776K)
[348.115s][info ][gc             ] GC(126) Pause Young (Allocation Failure) 2457M->546M(2621M) 4.696ms
[348.115s][info ][gc,cpu         ] GC(126) User=0.02s Sys=0.00s Real=0.01s
[348.115s][info ][safepoint      ] Safepoint "ParallelGCFailedAllocation", Time since last: 823425034 ns, Reaching safepoint: 120201 ns, At safepoint: 4785274 ns, Total: 4905475 ns
[349.115s][info ][safepoint      ] Safepoint "Cleanup", Time since last: 1000092465 ns, Reaching safepoint: 66301 ns, At safepoint: 12000 ns, Total: 78301 ns
[350.115s][info ][safepoint      ] Safepoint "Cleanup", Time since last: 1000104164 ns, Reaching safepoint: 88501 ns, At safepoint: 10300 ns, Total: 98801 ns
[353.115s][info ][safepoint      ] Safepoint "Cleanup", Time since last: 3000265184 ns, Reaching safepoint: 50001 ns, At safepoint: 11100 ns, Total: 61101 ns
[355.116s][info ][safepoint      ] Safepoint "Cleanup", Time since last: 2000185117 ns, Reaching safepoint: 48001 ns, At safepoint: 6100 ns, Total: 54101 ns
[356.116s][info ][safepoint      ] Safepoint "Cleanup", Time since last: 1000116557 ns, Reaching safepoint: 69901 ns, At safepoint: 10301 ns, Total: 80202 ns
[357.116s][info ][safepoint      ] Safepoint "Cleanup", Time since last: 1000123556 ns, Reaching safepoint: 125502 ns, At safepoint: 13900 ns, Total: 139402 ns
[362.267s][info ][gc,start       ] GC(127) Pause Young (Allocation Failure)
[362.271s][debug][gc,phases      ] GC(127) Scavenge 4.158ms
[362.271s][debug][gc,ref         ] GC(127) Skipped phase 1 of Reference Processing: no references
[362.271s][debug][gc,ref         ] GC(127) ReferenceProcessor::execute queues: 1, RefProcThreadModel::Single, marks_oops_alive: false
[362.271s][debug][gc,ref         ] GC(127) Skipped phase 3 of Reference Processing: no references
[362.271s][debug][gc,ref         ] GC(127) ReferenceProcessor::execute queues: 1, RefProcThreadModel::Single, marks_oops_alive: false
[362.271s][debug][gc,phases      ] GC(127) Reference Processing 0.133ms
[362.271s][debug][gc,phases      ] GC(127)   VM Weak                        Min:  0.0, Avg:  0.0, Max:  0.0, Diff:  0.0, Sum:  0.0, Workers: 4
[362.271s][debug][gc,phases      ] GC(127)     Dead                           Min: 0, Avg:  0.0, Max: 0, Diff: 0, Sum: 0, Workers: 4
[362.271s][debug][gc,phases      ] GC(127)     Total                          Min: 0, Avg: 165.0, Max: 576, Diff: 576, Sum: 660, Workers: 4
[362.271s][debug][gc,phases      ] GC(127)   ObjectSynchronizer Weak        Min:  0.0, Avg:  0.0, Max:  0.0, Diff:  0.0, Sum:  0.0, Workers: 4
[362.271s][debug][gc,phases      ] GC(127)     Dead                           Min: 0, Avg:  0.0, Max: 0, Diff: 0, Sum: 0, Workers: 4
[362.271s][debug][gc,phases      ] GC(127)     Total                          Min: 0, Avg: 89.5, Max: 166, Diff: 166, Sum: 358, Workers: 4
[362.271s][debug][gc,phases      ] GC(127)   JVMTI Tag Weak OopStorage      Min:  0.0, Avg:  0.0, Max:  0.0, Diff:  0.0, Sum:  0.0, Workers: 4
[362.271s][debug][gc,phases      ] GC(127)     Dead                           Min: 0, Avg:  0.0, Max: 0, Diff: 0, Sum: 0, Workers: 4
[362.271s][debug][gc,phases      ] GC(127)     Total                          Min: 0, Avg:  0.0, Max: 0, Diff: 0, Sum: 0, Workers: 4
[362.272s][debug][gc,phases      ] GC(127)   StringTable Weak               Min:  0.1, Avg:  0.1, Max:  0.1, Diff:  0.0, Sum:  0.4, Workers: 4
[362.272s][debug][gc,phases      ] GC(127)     Dead                           Min: 0, Avg:  0.0, Max: 0, Diff: 0, Sum: 0, Workers: 4
[362.272s][debug][gc,phases      ] GC(127)     Total                          Min: 11276, Avg: 11955.0, Max: 13120, Diff: 1844, Sum: 47820, Workers: 4
[362.272s][debug][gc,phases      ] GC(127)   ResolvedMethodTable Weak       Min:  0.0, Avg:  0.0, Max:  0.0, Diff:  0.0, Sum:  0.1, Workers: 4
[362.272s][debug][gc,phases      ] GC(127)     Dead                           Min: 0, Avg:  0.0, Max: 0, Diff: 0, Sum: 0, Workers: 4
[362.272s][debug][gc,phases      ] GC(127)     Total                          Min: 1855, Avg: 2045.0, Max: 2229, Diff: 374, Sum: 8180, Workers: 4
[362.272s][debug][gc,phases      ] GC(127)   JNI Weak                       Min:  0.0, Avg:  0.0, Max:  0.0, Diff:  0.0, Sum:  0.0, Workers: 4
[362.272s][debug][gc,phases      ] GC(127)     Dead                           Min: 0, Avg:  0.0, Max: 0, Diff: 0, Sum: 0, Workers: 4
[362.272s][debug][gc,phases      ] GC(127)     Total                          Min: 0, Avg:  0.0, Max: 0, Diff: 0, Sum: 0, Workers: 4
[362.272s][debug][gc,phases      ] GC(127)   StringDedup Table Weak         Min:  0.0, Avg:  0.0, Max:  0.0, Diff:  0.0, Sum:  0.0, Workers: 4
[362.272s][debug][gc,phases      ] GC(127)     Dead                           Min: 0, Avg:  0.0, Max: 0, Diff: 0, Sum: 0, Workers: 4
[362.272s][debug][gc,phases      ] GC(127)     Total                          Min: 0, Avg:  0.0, Max: 0, Diff: 0, Sum: 0, Workers: 4
[362.272s][debug][gc,phases      ] GC(127)   StringDedup Requests0 Weak     Min:  0.0, Avg:  0.0, Max:  0.0, Diff:  0.0, Sum:  0.0, Workers: 4
[362.272s][debug][gc,phases      ] GC(127)     Dead                           Min: 0, Avg:  0.0, Max: 0, Diff: 0, Sum: 0, Workers: 4
[362.272s][debug][gc,phases      ] GC(127)     Total                          Min: 0, Avg:  0.0, Max: 0, Diff: 0, Sum: 0, Workers: 4
[362.272s][debug][gc,phases      ] GC(127)   StringDedup Requests1 Weak     Min:  0.0, Avg:  0.0, Max:  0.0, Diff:  0.0, Sum:  0.0, Workers: 4
[362.272s][debug][gc,phases      ] GC(127)     Dead                           Min: 0, Avg:  0.0, Max: 0, Diff: 0, Sum: 0, Workers: 4
[362.272s][debug][gc,phases      ] GC(127)     Total                          Min: 0, Avg:  0.0, Max: 0, Diff: 0, Sum: 0, Workers: 4
[362.272s][debug][gc,phases      ] GC(127)   Weak JFR Old Object Samples    Min:  0.0, Avg:  0.0, Max:  0.0, Diff:  0.0, Sum:  0.0, Workers: 4
[362.272s][debug][gc,phases      ] GC(127)     Dead                           Min: 0, Avg:  0.0, Max: 0, Diff: 0, Sum: 0, Workers: 4
[362.272s][debug][gc,phases      ] GC(127)     Total                          Min: 0, Avg:  0.0, Max: 0, Diff: 0, Sum: 0, Workers: 4
[362.272s][debug][gc,phases      ] GC(127) Weak Processing 0.331ms
[362.272s][debug][gc,age         ] GC(127) Desired survivor size 56623104 bytes, new threshold 15 (max threshold 15)
[362.272s][info ][gc,heap        ] GC(127) PSYoungGen: 1981797K(2038272K)->6288K(2034176K) Eden: 1975296K(1975296K)->0K(1975296K) From: 6501K(62976K)->6288K(58880K)
[362.272s][info ][gc,heap        ] GC(127) ParOldGen: 552609K(645632K)->552641K(645632K)
[362.272s][info ][gc,metaspace   ] GC(127) Metaspace: 81082K(81856K)->81082K(81856K) NonClass: 69654K(70080K)->69654K(70080K) Class: 11427K(11776K)->11427K(11776K)
[362.272s][info ][gc             ] GC(127) Pause Young (Allocation Failure) 2475M->545M(2617M) 4.761ms
[362.272s][info ][gc,cpu         ] GC(127) User=0.02s Sys=0.00s Real=0.01s
[362.272s][info ][safepoint      ] Safepoint "ParallelGCFailedAllocation", Time since last: 5150654985 ns, Reaching safepoint: 47501 ns, At safepoint: 4847575 ns, Total: 4895076 ns
[363.272s][info ][safepoint      ] Safepoint "Cleanup", Time since last: 1000095950 ns, Reaching safepoint: 116902 ns, At safepoint: 9500 ns, Total: 126402 ns
[364.272s][info ][safepoint      ] Safepoint "Cleanup", Time since last: 1000122649 ns, Reaching safepoint: 117902 ns, At safepoint: 7500 ns, Total: 125402 ns
[365.272s][info ][safepoint      ] Safepoint "Cleanup", Time since last: 1000107448 ns, Reaching safepoint: 142302 ns, At safepoint: 13400 ns, Total: 155702 ns
[366.273s][info ][safepoint      ] Safepoint "Cleanup", Time since last: 1000119947 ns, Reaching safepoint: 126102 ns, At safepoint: 14700 ns, Total: 140802 ns
[367.273s][info ][safepoint      ] Safepoint "Cleanup", Time since last: 1000117446 ns, Reaching safepoint: 135102 ns, At safepoint: 10501 ns, Total: 145603 ns
[368.273s][info ][safepoint      ] Safepoint "Cleanup", Time since last: 1000115645 ns, Reaching safepoint: 119101 ns, At safepoint: 9301 ns, Total: 128402 ns
[369.273s][info ][safepoint      ] Safepoint "Cleanup", Time since last: 1000115343 ns, Reaching safepoint: 157803 ns, At safepoint: 9200 ns, Total: 167003 ns
[370.274s][info ][safepoint      ] Safepoint "Cleanup", Time since last: 1000117643 ns, Reaching safepoint: 130102 ns, At safepoint: 11700 ns, Total: 141802 ns
[373.274s][info ][safepoint      ] Safepoint "Cleanup", Time since last: 3000281222 ns, Reaching safepoint: 126702 ns, At safepoint: 10000 ns, Total: 136702 ns
[374.072s][info ][gc,start       ] GC(128) Pause Young (Allocation Failure)
[374.077s][debug][gc,phases      ] GC(128) Scavenge 4.892ms
[374.077s][debug][gc,ref         ] GC(128) Skipped phase 1 of Reference Processing: no references
[374.077s][debug][gc,ref         ] GC(128) ReferenceProcessor::execute queues: 1, RefProcThreadModel::Single, marks_oops_alive: false
[374.077s][debug][gc,ref         ] GC(128) Skipped phase 3 of Reference Processing: no references
[374.077s][debug][gc,ref         ] GC(128) ReferenceProcessor::execute queues: 1, RefProcThreadModel::Single, marks_oops_alive: false
[374.077s][debug][gc,phases      ] GC(128) Reference Processing 0.122ms
[374.078s][debug][gc,phases      ] GC(128)   VM Weak                        Min:  0.0, Avg:  0.0, Max:  0.0, Diff:  0.0, Sum:  0.0, Workers: 4
[374.078s][debug][gc,phases      ] GC(128)     Dead                           Min: 0, Avg:  0.0, Max: 0, Diff: 0, Sum: 0, Workers: 4
[374.078s][debug][gc,phases      ] GC(128)     Total                          Min: 0, Avg: 165.0, Max: 340, Diff: 340, Sum: 660, Workers: 4
[374.078s][debug][gc,phases      ] GC(128)   ObjectSynchronizer Weak        Min:  0.0, Avg:  0.0, Max:  0.0, Diff:  0.0, Sum:  0.0, Workers: 4
[374.078s][debug][gc,phases      ] GC(128)     Dead                           Min: 0, Avg:  0.0, Max: 0, Diff: 0, Sum: 0, Workers: 4
[374.078s][debug][gc,phases      ] GC(128)     Total                          Min: 0, Avg: 89.5, Max: 166, Diff: 166, Sum: 358, Workers: 4
[374.078s][debug][gc,phases      ] GC(128)   JVMTI Tag Weak OopStorage      Min:  0.0, Avg:  0.0, Max:  0.0, Diff:  0.0, Sum:  0.0, Workers: 4
[374.078s][debug][gc,phases      ] GC(128)     Dead                           Min: 0, Avg:  0.0, Max: 0, Diff: 0, Sum: 0, Workers: 4
[374.078s][debug][gc,phases      ] GC(128)     Total                          Min: 0, Avg:  0.0, Max: 0, Diff: 0, Sum: 0, Workers: 4
[374.078s][debug][gc,phases      ] GC(128)   StringTable Weak               Min:  0.1, Avg:  0.1, Max:  0.1, Diff:  0.0, Sum:  0.4, Workers: 4
[374.078s][debug][gc,phases      ] GC(128)     Dead                           Min: 0, Avg:  0.0, Max: 0, Diff: 0, Sum: 0, Workers: 4
[374.078s][debug][gc,phases      ] GC(128)     Total                          Min: 11035, Avg: 11958.8, Max: 13184, Diff: 2149, Sum: 47835, Workers: 4
[374.078s][debug][gc,phases      ] GC(128)   ResolvedMethodTable Weak       Min:  0.0, Avg:  0.0, Max:  0.0, Diff:  0.0, Sum:  0.1, Workers: 4
[374.078s][debug][gc,phases      ] GC(128)     Dead                           Min: 0, Avg:  0.0, Max: 0, Diff: 0, Sum: 0, Workers: 4
[374.078s][debug][gc,phases      ] GC(128)     Total                          Min: 1919, Avg: 2045.0, Max: 2176, Diff: 257, Sum: 8180, Workers: 4
[374.078s][debug][gc,phases      ] GC(128)   JNI Weak                       Min:  0.0, Avg:  0.0, Max:  0.0, Diff:  0.0, Sum:  0.0, Workers: 4
[374.078s][debug][gc,phases      ] GC(128)     Dead                           Min: 0, Avg:  0.0, Max: 0, Diff: 0, Sum: 0, Workers: 4
[374.078s][debug][gc,phases      ] GC(128)     Total                          Min: 0, Avg:  0.0, Max: 0, Diff: 0, Sum: 0, Workers: 4
[374.078s][debug][gc,phases      ] GC(128)   StringDedup Table Weak         Min:  0.0, Avg:  0.0, Max:  0.0, Diff:  0.0, Sum:  0.0, Workers: 4
[374.078s][debug][gc,phases      ] GC(128)     Dead                           Min: 0, Avg:  0.0, Max: 0, Diff: 0, Sum: 0, Workers: 4
[374.078s][debug][gc,phases      ] GC(128)     Total                          Min: 0, Avg:  0.0, Max: 0, Diff: 0, Sum: 0, Workers: 4
[374.078s][debug][gc,phases      ] GC(128)   StringDedup Requests0 Weak     Min:  0.0, Avg:  0.0, Max:  0.0, Diff:  0.0, Sum:  0.0, Workers: 4
[374.078s][debug][gc,phases      ] GC(128)     Dead                           Min: 0, Avg:  0.0, Max: 0, Diff: 0, Sum: 0, Workers: 4
[374.078s][debug][gc,phases      ] GC(128)     Total                          Min: 0, Avg:  0.0, Max: 0, Diff: 0, Sum: 0, Workers: 4
[374.078s][debug][gc,phases      ] GC(128)   StringDedup Requests1 Weak     Min:  0.0, Avg:  0.0, Max:  0.0, Diff:  0.0, Sum:  0.0, Workers: 4
[374.078s][debug][gc,phases      ] GC(128)     Dead                           Min: 0, Avg:  0.0, Max: 0, Diff: 0, Sum: 0, Workers: 4
[374.078s][debug][gc,phases      ] GC(128)     Total                          Min: 0, Avg:  0.0, Max: 0, Diff: 0, Sum: 0, Workers: 4
[374.078s][debug][gc,phases      ] GC(128)   Weak JFR Old Object Samples    Min:  0.0, Avg:  0.0, Max:  0.0, Diff:  0.0, Sum:  0.0, Workers: 4
[374.078s][debug][gc,phases      ] GC(128)     Dead                           Min: 0, Avg:  0.0, Max: 0, Diff: 0, Sum: 0, Workers: 4
[374.078s][debug][gc,phases      ] GC(128)     Total                          Min: 0, Avg:  0.0, Max: 0, Diff: 0, Sum: 0, Workers: 4
[374.078s][debug][gc,phases      ] GC(128) Weak Processing 0.339ms
[374.078s][debug][gc,age         ] GC(128) Desired survivor size 52953088 bytes, new threshold 15 (max threshold 15)
[374.078s][info ][gc,heap        ] GC(128) PSYoungGen: 1981584K(2034176K)->6560K(2045440K) Eden: 1975296K(1975296K)->0K(1990144K) From: 6288K(58880K)->6560K(55296K)
[374.078s][info ][gc,heap        ] GC(128) ParOldGen: 552641K(645632K)->552673K(645632K)
[374.078s][info ][gc,metaspace   ] GC(128) Metaspace: 81136K(81920K)->81136K(81920K) NonClass: 69708K(70144K)->69708K(70144K) Class: 11427K(11776K)->11427K(11776K)
[374.078s][info ][gc             ] GC(128) Pause Young (Allocation Failure) 2474M->546M(2628M) 5.488ms
[374.078s][info ][gc,cpu         ] GC(128) User=0.02s Sys=0.00s Real=0.00s
[374.078s][info ][safepoint      ] Safepoint "ParallelGCFailedAllocation", Time since last: 797975219 ns, Reaching safepoint: 52500 ns, At safepoint: 5571786 ns, Total: 5624286 ns
[375.430s][info ][safepoint      ] Safepoint "Cleanup", Time since last: 1352028270 ns, Reaching safepoint: 92202 ns, At safepoint: 6400 ns, Total: 98602 ns
[376.430s][info ][safepoint      ] Safepoint "Cleanup", Time since last: 1000113537 ns, Reaching safepoint: 55001 ns, At safepoint: 10600 ns, Total: 65601 ns
[377.430s][info ][safepoint      ] Safepoint "Cleanup", Time since last: 1000107435 ns, Reaching safepoint: 137002 ns, At safepoint: 19301 ns, Total: 156303 ns
[378.431s][info ][safepoint      ] Safepoint "Cleanup", Time since last: 1000115635 ns, Reaching safepoint: 146302 ns, At safepoint: 13500 ns, Total: 159802 ns
[378.876s][info ][gc,start       ] GC(129) Pause Young (Allocation Failure)
[378.881s][debug][gc,phases      ] GC(129) Scavenge 4.550ms
[378.881s][debug][gc,ref         ] GC(129) Skipped phase 1 of Reference Processing: no references
[378.881s][debug][gc,ref         ] GC(129) ReferenceProcessor::execute queues: 1, RefProcThreadModel::Single, marks_oops_alive: false
[378.881s][debug][gc,ref         ] GC(129) Skipped phase 3 of Reference Processing: no references
[378.881s][debug][gc,ref         ] GC(129) ReferenceProcessor::execute queues: 1, RefProcThreadModel::Single, marks_oops_alive: false
[378.881s][debug][gc,phases      ] GC(129) Reference Processing 0.139ms
[378.881s][debug][gc,phases      ] GC(129)   VM Weak                        Min:  0.0, Avg:  0.0, Max:  0.0, Diff:  0.0, Sum:  0.0, Workers: 4
[378.881s][debug][gc,phases      ] GC(129)     Dead                           Min: 0, Avg:  0.0, Max: 0, Diff: 0, Sum: 0, Workers: 4
[378.881s][debug][gc,phases      ] GC(129)     Total                          Min: 0, Avg: 166.8, Max: 347, Diff: 347, Sum: 667, Workers: 4
[378.881s][debug][gc,phases      ] GC(129)   ObjectSynchronizer Weak        Min:  0.0, Avg:  0.0, Max:  0.0, Diff:  0.0, Sum:  0.0, Workers: 4
[378.881s][debug][gc,phases      ] GC(129)     Dead                           Min: 0, Avg:  0.0, Max: 0, Diff: 0, Sum: 0, Workers: 4
[378.881s][debug][gc,phases      ] GC(129)     Total                          Min: 0, Avg: 89.5, Max: 192, Diff: 192, Sum: 358, Workers: 4
[378.881s][debug][gc,phases      ] GC(129)   JVMTI Tag Weak OopStorage      Min:  0.0, Avg:  0.0, Max:  0.0, Diff:  0.0, Sum:  0.0, Workers: 4
[378.881s][debug][gc,phases      ] GC(129)     Dead                           Min: 0, Avg:  0.0, Max: 0, Diff: 0, Sum: 0, Workers: 4
[378.881s][debug][gc,phases      ] GC(129)     Total                          Min: 0, Avg:  0.0, Max: 0, Diff: 0, Sum: 0, Workers: 4
[378.881s][debug][gc,phases      ] GC(129)   StringTable Weak               Min:  0.1, Avg:  0.1, Max:  0.1, Diff:  0.0, Sum:  0.4, Workers: 4
[378.881s][debug][gc,phases      ] GC(129)     Dead                           Min: 0, Avg:  0.5, Max: 2, Diff: 2, Sum: 2, Workers: 4
[378.881s][debug][gc,phases      ] GC(129)     Total                          Min: 11057, Avg: 11964.2, Max: 13568, Diff: 2511, Sum: 47857, Workers: 4
[378.881s][debug][gc,phases      ] GC(129)   ResolvedMethodTable Weak       Min:  0.0, Avg:  0.0, Max:  0.0, Diff:  0.0, Sum:  0.1, Workers: 4
[378.881s][debug][gc,phases      ] GC(129)     Dead                           Min: 0, Avg:  0.0, Max: 0, Diff: 0, Sum: 0, Workers: 4
[378.881s][debug][gc,phases      ] GC(129)     Total                          Min: 1727, Avg: 2052.8, Max: 2304, Diff: 577, Sum: 8211, Workers: 4
[378.881s][debug][gc,phases      ] GC(129)   JNI Weak                       Min:  0.0, Avg:  0.0, Max:  0.0, Diff:  0.0, Sum:  0.0, Workers: 4
[378.881s][debug][gc,phases      ] GC(129)     Dead                           Min: 0, Avg:  0.0, Max: 0, Diff: 0, Sum: 0, Workers: 4
[378.881s][debug][gc,phases      ] GC(129)     Total                          Min: 0, Avg:  0.0, Max: 0, Diff: 0, Sum: 0, Workers: 4
[378.881s][debug][gc,phases      ] GC(129)   StringDedup Table Weak         Min:  0.0, Avg:  0.0, Max:  0.0, Diff:  0.0, Sum:  0.0, Workers: 4
[378.881s][debug][gc,phases      ] GC(129)     Dead                           Min: 0, Avg:  0.0, Max: 0, Diff: 0, Sum: 0, Workers: 4
[378.881s][debug][gc,phases      ] GC(129)     Total                          Min: 0, Avg:  0.0, Max: 0, Diff: 0, Sum: 0, Workers: 4
[378.881s][debug][gc,phases      ] GC(129)   StringDedup Requests0 Weak     Min:  0.0, Avg:  0.0, Max:  0.0, Diff:  0.0, Sum:  0.0, Workers: 4
[378.881s][debug][gc,phases      ] GC(129)     Dead                           Min: 0, Avg:  0.0, Max: 0, Diff: 0, Sum: 0, Workers: 4
[378.881s][debug][gc,phases      ] GC(129)     Total                          Min: 0, Avg:  0.0, Max: 0, Diff: 0, Sum: 0, Workers: 4
[378.881s][debug][gc,phases      ] GC(129)   StringDedup Requests1 Weak     Min:  0.0, Avg:  0.0, Max:  0.0, Diff:  0.0, Sum:  0.0, Workers: 4
[378.881s][debug][gc,phases      ] GC(129)     Dead                           Min: 0, Avg:  0.0, Max: 0, Diff: 0, Sum: 0, Workers: 4
[378.881s][debug][gc,phases      ] GC(129)     Total                          Min: 0, Avg:  0.0, Max: 0, Diff: 0, Sum: 0, Workers: 4
[378.881s][debug][gc,phases      ] GC(129)   Weak JFR Old Object Samples    Min:  0.0, Avg:  0.0, Max:  0.0, Diff:  0.0, Sum:  0.0, Workers: 4
[378.881s][debug][gc,phases      ] GC(129)     Dead                           Min: 0, Avg:  0.0, Max: 0, Diff: 0, Sum: 0, Workers: 4
[378.881s][debug][gc,phases      ] GC(129)     Total                          Min: 0, Avg:  0.0, Max: 0, Diff: 0, Sum: 0, Workers: 4
[378.881s][debug][gc,phases      ] GC(129) Weak Processing 0.333ms
[378.881s][debug][gc,age         ] GC(129) Desired survivor size 49283072 bytes, new threshold 15 (max threshold 15)
[378.881s][info ][gc,heap        ] GC(129) PSYoungGen: 1996704K(2045440K)->6832K(2041856K) Eden: 1990144K(1990144K)->0K(1990144K) From: 6560K(55296K)->6832K(51712K)
[378.881s][info ][gc,heap        ] GC(129) ParOldGen: 552673K(645632K)->552705K(645632K)
[378.881s][info ][gc,metaspace   ] GC(129) Metaspace: 81285K(82112K)->81285K(82112K) NonClass: 69838K(70272K)->69838K(70272K) Class: 11446K(11840K)->11446K(11840K)
[378.881s][info ][gc             ] GC(129) Pause Young (Allocation Failure) 2489M->546M(2624M) 5.161ms
[378.881s][info ][gc,cpu         ] GC(129) User=0.01s Sys=0.00s Real=0.00s
[378.881s][info ][safepoint      ] Safepoint "ParallelGCFailedAllocation", Time since last: 445386673 ns, Reaching safepoint: 116402 ns, At safepoint: 5243481 ns, Total: 5359883 ns
[379.882s][info ][safepoint      ] Safepoint "Cleanup", Time since last: 1000115833 ns, Reaching safepoint: 58901 ns, At safepoint: 6700 ns, Total: 65601 ns
[380.882s][info ][safepoint      ] Safepoint "Cleanup", Time since last: 1000056932 ns, Reaching safepoint: 52101 ns, At safepoint: 6400 ns, Total: 58501 ns
[382.882s][info ][safepoint      ] Safepoint "Cleanup", Time since last: 2000129860 ns, Reaching safepoint: 51701 ns, At safepoint: 7900 ns, Total: 59601 ns
[384.882s][info ][safepoint      ] Safepoint "Cleanup", Time since last: 2000184457 ns, Reaching safepoint: 59001 ns, At safepoint: 8200 ns, Total: 67201 ns
[387.882s][info ][safepoint      ] Safepoint "Cleanup", Time since last: 3000236877 ns, Reaching safepoint: 70301 ns, At safepoint: 9101 ns, Total: 79402 ns
[388.894s][info ][gc,start       ] GC(130) Pause Young (Allocation Failure)
[388.898s][debug][gc,phases      ] GC(130) Scavenge 4.253ms
[388.898s][debug][gc,ref         ] GC(130) Skipped phase 1 of Reference Processing: no references
[388.898s][debug][gc,ref         ] GC(130) ReferenceProcessor::execute queues: 1, RefProcThreadModel::Single, marks_oops_alive: false
[388.898s][debug][gc,ref         ] GC(130) Skipped phase 3 of Reference Processing: no references
[388.898s][debug][gc,ref         ] GC(130) ReferenceProcessor::execute queues: 1, RefProcThreadModel::Single, marks_oops_alive: false
[388.898s][debug][gc,phases      ] GC(130) Reference Processing 0.131ms
[388.898s][debug][gc,phases      ] GC(130)   VM Weak                        Min:  0.0, Avg:  0.0, Max:  0.0, Diff:  0.0, Sum:  0.0, Workers: 4
[388.898s][debug][gc,phases      ] GC(130)     Dead                           Min: 0, Avg:  0.0, Max: 0, Diff: 0, Sum: 0, Workers: 4
[388.898s][debug][gc,phases      ] GC(130)     Total                          Min: 0, Avg: 166.8, Max: 448, Diff: 448, Sum: 667, Workers: 4
[388.898s][debug][gc,phases      ] GC(130)   ObjectSynchronizer Weak        Min:  0.0, Avg:  0.0, Max:  0.0, Diff:  0.0, Sum:  0.0, Workers: 4
[388.898s][debug][gc,phases      ] GC(130)     Dead                           Min: 0, Avg:  0.0, Max: 0, Diff: 0, Sum: 0, Workers: 4
[388.898s][debug][gc,phases      ] GC(130)     Total                          Min: 0, Avg: 89.5, Max: 230, Diff: 230, Sum: 358, Workers: 4
[388.898s][debug][gc,phases      ] GC(130)   JVMTI Tag Weak OopStorage      Min:  0.0, Avg:  0.0, Max:  0.0, Diff:  0.0, Sum:  0.0, Workers: 4
[388.898s][debug][gc,phases      ] GC(130)     Dead                           Min: 0, Avg:  0.0, Max: 0, Diff: 0, Sum: 0, Workers: 4
[388.898s][debug][gc,phases      ] GC(130)     Total                          Min: 0, Avg:  0.0, Max: 0, Diff: 0, Sum: 0, Workers: 4
[388.898s][debug][gc,phases      ] GC(130)   StringTable Weak               Min:  0.1, Avg:  0.1, Max:  0.1, Diff:  0.0, Sum:  0.4, Workers: 4
[388.898s][debug][gc,phases      ] GC(130)     Dead                           Min: 0, Avg:  0.0, Max: 0, Diff: 0, Sum: 0, Workers: 4
[388.898s][debug][gc,phases      ] GC(130)     Total                          Min: 11073, Avg: 11968.2, Max: 12800, Diff: 1727, Sum: 47873, Workers: 4
[388.898s][debug][gc,phases      ] GC(130)   ResolvedMethodTable Weak       Min:  0.0, Avg:  0.0, Max:  0.0, Diff:  0.0, Sum:  0.1, Workers: 4
[388.898s][debug][gc,phases      ] GC(130)     Dead                           Min: 0, Avg:  0.0, Max: 0, Diff: 0, Sum: 0, Workers: 4
[388.898s][debug][gc,phases      ] GC(130)     Total                          Min: 1904, Avg: 1975.2, Max: 2105, Diff: 201, Sum: 7901, Workers: 4
[388.898s][debug][gc,phases      ] GC(130)   JNI Weak                       Min:  0.0, Avg:  0.0, Max:  0.0, Diff:  0.0, Sum:  0.0, Workers: 4
[388.898s][debug][gc,phases      ] GC(130)     Dead                           Min: 0, Avg:  0.0, Max: 0, Diff: 0, Sum: 0, Workers: 4
[388.898s][debug][gc,phases      ] GC(130)     Total                          Min: 0, Avg:  0.0, Max: 0, Diff: 0, Sum: 0, Workers: 4
[388.898s][debug][gc,phases      ] GC(130)   StringDedup Table Weak         Min:  0.0, Avg:  0.0, Max:  0.0, Diff:  0.0, Sum:  0.0, Workers: 4
[388.898s][debug][gc,phases      ] GC(130)     Dead                           Min: 0, Avg:  0.0, Max: 0, Diff: 0, Sum: 0, Workers: 4
[388.898s][debug][gc,phases      ] GC(130)     Total                          Min: 0, Avg:  0.0, Max: 0, Diff: 0, Sum: 0, Workers: 4
[388.898s][debug][gc,phases      ] GC(130)   StringDedup Requests0 Weak     Min:  0.0, Avg:  0.0, Max:  0.0, Diff:  0.0, Sum:  0.0, Workers: 4
[388.898s][debug][gc,phases      ] GC(130)     Dead                           Min: 0, Avg:  0.0, Max: 0, Diff: 0, Sum: 0, Workers: 4
[388.898s][debug][gc,phases      ] GC(130)     Total                          Min: 0, Avg:  0.0, Max: 0, Diff: 0, Sum: 0, Workers: 4
[388.898s][debug][gc,phases      ] GC(130)   StringDedup Requests1 Weak     Min:  0.0, Avg:  0.0, Max:  0.0, Diff:  0.0, Sum:  0.0, Workers: 4
[388.898s][debug][gc,phases      ] GC(130)     Dead                           Min: 0, Avg:  0.0, Max: 0, Diff: 0, Sum: 0, Workers: 4
[388.898s][debug][gc,phases      ] GC(130)     Total                          Min: 0, Avg:  0.0, Max: 0, Diff: 0, Sum: 0, Workers: 4
[388.898s][debug][gc,phases      ] GC(130)   Weak JFR Old Object Samples    Min:  0.0, Avg:  0.0, Max:  0.0, Diff:  0.0, Sum:  0.0, Workers: 4
[388.898s][debug][gc,phases      ] GC(130)     Dead                           Min: 0, Avg:  0.0, Max: 0, Diff: 0, Sum: 0, Workers: 4
[388.898s][debug][gc,phases      ] GC(130)     Total                          Min: 0, Avg:  0.0, Max: 0, Diff: 0, Sum: 0, Workers: 4
[388.898s][debug][gc,phases      ] GC(130) Weak Processing 0.342ms
[388.898s][debug][gc,age         ] GC(130) Desired survivor size 46137344 bytes, new threshold 15 (max threshold 15)
[388.898s][info ][gc,heap        ] GC(130) PSYoungGen: 1996976K(2041856K)->6400K(2052096K) Eden: 1990144K(1990144K)->0K(2003968K) From: 6832K(51712K)->6400K(48128K)
[388.898s][info ][gc,heap        ] GC(130) ParOldGen: 552705K(645632K)->552713K(645632K)
[388.898s][info ][gc,metaspace   ] GC(130) Metaspace: 81295K(82112K)->81295K(82112K) NonClass: 69848K(70272K)->69848K(70272K) Class: 11446K(11840K)->11446K(11840K)
[388.898s][info ][gc             ] GC(130) Pause Young (Allocation Failure) 2489M->546M(2634M) 4.858ms
[388.898s][info ][gc,cpu         ] GC(130) User=0.01s Sys=0.00s Real=0.00s
[388.899s][info ][safepoint      ] Safepoint "ParallelGCFailedAllocation", Time since last: 1011163194 ns, Reaching safepoint: 25501 ns, At safepoint: 4938776 ns, Total: 4964277 ns
[390.899s][info ][safepoint      ] Safepoint "Cleanup", Time since last: 2000165345 ns, Reaching safepoint: 55601 ns, At safepoint: 10800 ns, Total: 66401 ns
[392.899s][info ][safepoint      ] Safepoint "Cleanup", Time since last: 2000177641 ns, Reaching safepoint: 45101 ns, At safepoint: 3000 ns, Total: 48101 ns
[394.899s][info ][safepoint      ] Safepoint "Cleanup", Time since last: 2000177837 ns, Reaching safepoint: 53801 ns, At safepoint: 6900 ns, Total: 60701 ns
[396.899s][info ][safepoint      ] Safepoint "Cleanup", Time since last: 2000194934 ns, Reaching safepoint: 59401 ns, At safepoint: 6900 ns, Total: 66301 ns
[398.900s][info ][safepoint      ] Safepoint "Cleanup", Time since last: 2000108929 ns, Reaching safepoint: 42700 ns, At safepoint: 3200 ns, Total: 45900 ns
[399.900s][info ][safepoint      ] Safepoint "Cleanup", Time since last: 1000108914 ns, Reaching safepoint: 51701 ns, At safepoint: 11100 ns, Total: 62801 ns
[400.900s][info ][safepoint      ] Safepoint "Cleanup", Time since last: 1000116713 ns, Reaching safepoint: 48301 ns, At safepoint: 4300 ns, Total: 52601 ns
[401.900s][info ][safepoint      ] Safepoint "Cleanup", Time since last: 1000120612 ns, Reaching safepoint: 49101 ns, At safepoint: 4400 ns, Total: 53501 ns
[403.172s][info ][gc,start       ] GC(131) Pause Young (Allocation Failure)
[403.176s][debug][gc,phases      ] GC(131) Scavenge 4.121ms
[403.176s][debug][gc,ref         ] GC(131) Skipped phase 1 of Reference Processing: no references
[403.176s][debug][gc,ref         ] GC(131) ReferenceProcessor::execute queues: 1, RefProcThreadModel::Single, marks_oops_alive: false
[403.176s][debug][gc,ref         ] GC(131) Skipped phase 3 of Reference Processing: no references
[403.176s][debug][gc,ref         ] GC(131) ReferenceProcessor::execute queues: 1, RefProcThreadModel::Single, marks_oops_alive: false
[403.176s][debug][gc,phases      ] GC(131) Reference Processing 0.128ms
[403.177s][debug][gc,phases      ] GC(131)   VM Weak                        Min:  0.0, Avg:  0.0, Max:  0.0, Diff:  0.0, Sum:  0.0, Workers: 4
[403.177s][debug][gc,phases      ] GC(131)     Dead                           Min: 0, Avg:  0.0, Max: 0, Diff: 0, Sum: 0, Workers: 4
[403.177s][debug][gc,phases      ] GC(131)     Total                          Min: 0, Avg: 166.8, Max: 667, Diff: 667, Sum: 667, Workers: 4
[403.177s][debug][gc,phases      ] GC(131)   ObjectSynchronizer Weak        Min:  0.0, Avg:  0.0, Max:  0.0, Diff:  0.0, Sum:  0.0, Workers: 4
[403.177s][debug][gc,phases      ] GC(131)     Dead                           Min: 0, Avg:  0.0, Max: 0, Diff: 0, Sum: 0, Workers: 4
[403.177s][debug][gc,phases      ] GC(131)     Total                          Min: 0, Avg: 89.5, Max: 358, Diff: 358, Sum: 358, Workers: 4
[403.177s][debug][gc,phases      ] GC(131)   JVMTI Tag Weak OopStorage      Min:  0.0, Avg:  0.0, Max:  0.0, Diff:  0.0, Sum:  0.0, Workers: 4
[403.177s][debug][gc,phases      ] GC(131)     Dead                           Min: 0, Avg:  0.0, Max: 0, Diff: 0, Sum: 0, Workers: 4
[403.177s][debug][gc,phases      ] GC(131)     Total                          Min: 0, Avg:  0.0, Max: 0, Diff: 0, Sum: 0, Workers: 4
[403.177s][debug][gc,phases      ] GC(131)   StringTable Weak               Min:  0.1, Avg:  0.1, Max:  0.1, Diff:  0.0, Sum:  0.4, Workers: 4
[403.177s][debug][gc,phases      ] GC(131)     Dead                           Min: 0, Avg:  0.0, Max: 0, Diff: 0, Sum: 0, Workers: 4
[403.177s][debug][gc,phases      ] GC(131)     Total                          Min: 11585, Avg: 11968.2, Max: 12544, Diff: 959, Sum: 47873, Workers: 4
[403.177s][debug][gc,phases      ] GC(131)   ResolvedMethodTable Weak       Min:  0.0, Avg:  0.0, Max:  0.0, Diff:  0.0, Sum:  0.1, Workers: 4
[403.177s][debug][gc,phases      ] GC(131)     Dead                           Min: 0, Avg:  0.0, Max: 0, Diff: 0, Sum: 0, Workers: 4
[403.177s][debug][gc,phases      ] GC(131)     Total                          Min: 1898, Avg: 1975.2, Max: 2136, Diff: 238, Sum: 7901, Workers: 4
[403.177s][debug][gc,phases      ] GC(131)   JNI Weak                       Min:  0.0, Avg:  0.0, Max:  0.0, Diff:  0.0, Sum:  0.0, Workers: 4
[403.177s][debug][gc,phases      ] GC(131)     Dead                           Min: 0, Avg:  0.0, Max: 0, Diff: 0, Sum: 0, Workers: 4
[403.177s][debug][gc,phases      ] GC(131)     Total                          Min: 0, Avg:  0.0, Max: 0, Diff: 0, Sum: 0, Workers: 4
[403.177s][debug][gc,phases      ] GC(131)   StringDedup Table Weak         Min:  0.0, Avg:  0.0, Max:  0.0, Diff:  0.0, Sum:  0.0, Workers: 4
[403.177s][debug][gc,phases      ] GC(131)     Dead                           Min: 0, Avg:  0.0, Max: 0, Diff: 0, Sum: 0, Workers: 4
[403.177s][debug][gc,phases      ] GC(131)     Total                          Min: 0, Avg:  0.0, Max: 0, Diff: 0, Sum: 0, Workers: 4
[403.177s][debug][gc,phases      ] GC(131)   StringDedup Requests0 Weak     Min:  0.0, Avg:  0.0, Max:  0.0, Diff:  0.0, Sum:  0.0, Workers: 4
[403.177s][debug][gc,phases      ] GC(131)     Dead                           Min: 0, Avg:  0.0, Max: 0, Diff: 0, Sum: 0, Workers: 4
[403.177s][debug][gc,phases      ] GC(131)     Total                          Min: 0, Avg:  0.0, Max: 0, Diff: 0, Sum: 0, Workers: 4
[403.177s][debug][gc,phases      ] GC(131)   StringDedup Requests1 Weak     Min:  0.0, Avg:  0.0, Max:  0.0, Diff:  0.0, Sum:  0.0, Workers: 4
[403.177s][debug][gc,phases      ] GC(131)     Dead                           Min: 0, Avg:  0.0, Max: 0, Diff: 0, Sum: 0, Workers: 4
[403.177s][debug][gc,phases      ] GC(131)     Total                          Min: 0, Avg:  0.0, Max: 0, Diff: 0, Sum: 0, Workers: 4
[403.177s][debug][gc,phases      ] GC(131)   Weak JFR Old Object Samples    Min:  0.0, Avg:  0.0, Max:  0.0, Diff:  0.0, Sum:  0.0, Workers: 4
[403.177s][debug][gc,phases      ] GC(131)     Dead                           Min: 0, Avg:  0.0, Max: 0, Diff: 0, Sum: 0, Workers: 4
[403.177s][debug][gc,phases      ] GC(131)     Total                          Min: 0, Avg:  0.0, Max: 0, Diff: 0, Sum: 0, Workers: 4
[403.177s][debug][gc,phases      ] GC(131) Weak Processing 0.328ms
[403.177s][debug][gc,age         ] GC(131) Desired survivor size 42991616 bytes, new threshold 15 (max threshold 15)
[403.177s][info ][gc,heap        ] GC(131) PSYoungGen: 2010368K(2052096K)->6432K(2049024K) Eden: 2003968K(2003968K)->0K(2003968K) From: 6400K(48128K)->6432K(45056K)
[403.177s][info ][gc,heap        ] GC(131) ParOldGen: 552713K(645632K)->552729K(645632K)
[403.177s][info ][gc,metaspace   ] GC(131) Metaspace: 81297K(82112K)->81297K(82112K) NonClass: 69850K(70272K)->69850K(70272K) Class: 11446K(11840K)->11446K(11840K)
[403.177s][info ][gc             ] GC(131) Pause Young (Allocation Failure) 2503M->546M(2631M) 4.709ms
[403.177s][info ][gc,cpu         ] GC(131) User=0.02s Sys=0.00s Real=0.00s
[403.177s][info ][safepoint      ] Safepoint "ParallelGCFailedAllocation", Time since last: 1271802497 ns, Reaching safepoint: 36601 ns, At safepoint: 4792173 ns, Total: 4828774 ns
[407.177s][info ][safepoint      ] Safepoint "Cleanup", Time since last: 4000280831 ns, Reaching safepoint: 57301 ns, At safepoint: 9200 ns, Total: 66501 ns
[408.177s][info ][safepoint      ] Safepoint "Cleanup", Time since last: 1000120106 ns, Reaching safepoint: 52401 ns, At safepoint: 3200 ns, Total: 55601 ns
[409.177s][info ][safepoint      ] Safepoint "Cleanup", Time since last: 1000113105 ns, Reaching safepoint: 47601 ns, At safepoint: 3300 ns, Total: 50901 ns
[412.178s][info ][safepoint      ] Safepoint "Cleanup", Time since last: 3000248108 ns, Reaching safepoint: 58001 ns, At safepoint: 8800 ns, Total: 66801 ns
[416.178s][info ][safepoint      ] Safepoint "Cleanup", Time since last: 4000249996 ns, Reaching safepoint: 52401 ns, At safepoint: 6600 ns, Total: 59001 ns
[417.178s][info ][safepoint      ] Safepoint "Cleanup", Time since last: 1000122398 ns, Reaching safepoint: 51301 ns, At safepoint: 4700 ns, Total: 56001 ns
[417.417s][info ][gc,start       ] GC(132) Pause Young (Allocation Failure)
[417.421s][debug][gc,phases      ] GC(132) Scavenge 4.381ms
[417.421s][debug][gc,ref         ] GC(132) Skipped phase 1 of Reference Processing: no references
[417.422s][debug][gc,ref         ] GC(132) ReferenceProcessor::execute queues: 1, RefProcThreadModel::Single, marks_oops_alive: false
[417.422s][debug][gc,ref         ] GC(132) Skipped phase 3 of Reference Processing: no references
[417.422s][debug][gc,ref         ] GC(132) ReferenceProcessor::execute queues: 1, RefProcThreadModel::Single, marks_oops_alive: false
[417.422s][debug][gc,phases      ] GC(132) Reference Processing 0.124ms
[417.422s][debug][gc,phases      ] GC(132)   VM Weak                        Min:  0.0, Avg:  0.0, Max:  0.0, Diff:  0.0, Sum:  0.0, Workers: 4
[417.422s][debug][gc,phases      ] GC(132)     Dead                           Min: 0, Avg:  0.0, Max: 0, Diff: 0, Sum: 0, Workers: 4
[417.422s][debug][gc,phases      ] GC(132)     Total                          Min: 0, Avg: 166.8, Max: 347, Diff: 347, Sum: 667, Workers: 4
[417.422s][debug][gc,phases      ] GC(132)   ObjectSynchronizer Weak        Min:  0.0, Avg:  0.0, Max:  0.0, Diff:  0.0, Sum:  0.0, Workers: 4
[417.422s][debug][gc,phases      ] GC(132)     Dead                           Min: 0, Avg:  0.0, Max: 0, Diff: 0, Sum: 0, Workers: 4
[417.422s][debug][gc,phases      ] GC(132)     Total                          Min: 0, Avg: 89.5, Max: 192, Diff: 192, Sum: 358, Workers: 4
[417.422s][debug][gc,phases      ] GC(132)   JVMTI Tag Weak OopStorage      Min:  0.0, Avg:  0.0, Max:  0.0, Diff:  0.0, Sum:  0.0, Workers: 4
[417.422s][debug][gc,phases      ] GC(132)     Dead                           Min: 0, Avg:  0.0, Max: 0, Diff: 0, Sum: 0, Workers: 4
[417.422s][debug][gc,phases      ] GC(132)     Total                          Min: 0, Avg:  0.0, Max: 0, Diff: 0, Sum: 0, Workers: 4
[417.422s][debug][gc,phases      ] GC(132)   StringTable Weak               Min:  0.1, Avg:  0.1, Max:  0.1, Diff:  0.0, Sum:  0.5, Workers: 4
[417.422s][debug][gc,phases      ] GC(132)     Dead                           Min: 0, Avg:  0.0, Max: 0, Diff: 0, Sum: 0, Workers: 4
[417.422s][debug][gc,phases      ] GC(132)     Total                          Min: 11456, Avg: 11968.2, Max: 12673, Diff: 1217, Sum: 47873, Workers: 4
[417.422s][debug][gc,phases      ] GC(132)   ResolvedMethodTable Weak       Min:  0.0, Avg:  0.0, Max:  0.0, Diff:  0.0, Sum:  0.1, Workers: 4
[417.422s][debug][gc,phases      ] GC(132)     Dead                           Min: 0, Avg:  0.0, Max: 0, Diff: 0, Sum: 0, Workers: 4
[417.422s][debug][gc,phases      ] GC(132)     Total                          Min: 1667, Avg: 1975.2, Max: 2367, Diff: 700, Sum: 7901, Workers: 4
[417.422s][debug][gc,phases      ] GC(132)   JNI Weak                       Min:  0.0, Avg:  0.0, Max:  0.0, Diff:  0.0, Sum:  0.0, Workers: 4
[417.422s][debug][gc,phases      ] GC(132)     Dead                           Min: 0, Avg:  0.0, Max: 0, Diff: 0, Sum: 0, Workers: 4
[417.422s][debug][gc,phases      ] GC(132)     Total                          Min: 0, Avg:  0.0, Max: 0, Diff: 0, Sum: 0, Workers: 4
[417.422s][debug][gc,phases      ] GC(132)   StringDedup Table Weak         Min:  0.0, Avg:  0.0, Max:  0.0, Diff:  0.0, Sum:  0.0, Workers: 4
[417.422s][debug][gc,phases      ] GC(132)     Dead                           Min: 0, Avg:  0.0, Max: 0, Diff: 0, Sum: 0, Workers: 4
[417.422s][debug][gc,phases      ] GC(132)     Total                          Min: 0, Avg:  0.0, Max: 0, Diff: 0, Sum: 0, Workers: 4
[417.422s][debug][gc,phases      ] GC(132)   StringDedup Requests0 Weak     Min:  0.0, Avg:  0.0, Max:  0.0, Diff:  0.0, Sum:  0.0, Workers: 4
[417.422s][debug][gc,phases      ] GC(132)     Dead                           Min: 0, Avg:  0.0, Max: 0, Diff: 0, Sum: 0, Workers: 4
[417.422s][debug][gc,phases      ] GC(132)     Total                          Min: 0, Avg:  0.0, Max: 0, Diff: 0, Sum: 0, Workers: 4
[417.422s][debug][gc,phases      ] GC(132)   StringDedup Requests1 Weak     Min:  0.0, Avg:  0.0, Max:  0.0, Diff:  0.0, Sum:  0.0, Workers: 4
[417.422s][debug][gc,phases      ] GC(132)     Dead                           Min: 0, Avg:  0.0, Max: 0, Diff: 0, Sum: 0, Workers: 4
[417.422s][debug][gc,phases      ] GC(132)     Total                          Min: 0, Avg:  0.0, Max: 0, Diff: 0, Sum: 0, Workers: 4
[417.422s][debug][gc,phases      ] GC(132)   Weak JFR Old Object Samples    Min:  0.0, Avg:  0.0, Max:  0.0, Diff:  0.0, Sum:  0.0, Workers: 4
[417.422s][debug][gc,phases      ] GC(132)     Dead                           Min: 0, Avg:  0.0, Max: 0, Diff: 0, Sum: 0, Workers: 4
[417.422s][debug][gc,phases      ] GC(132)     Total                          Min: 0, Avg:  0.0, Max: 0, Diff: 0, Sum: 0, Workers: 4
[417.422s][debug][gc,phases      ] GC(132) Weak Processing 0.340ms
[417.422s][debug][gc,age         ] GC(132) Desired survivor size 40370176 bytes, new threshold 15 (max threshold 15)
[417.422s][info ][gc,heap        ] GC(132) PSYoungGen: 2010400K(2049024K)->6432K(2057728K) Eden: 2003968K(2003968K)->0K(2015744K) From: 6432K(45056K)->6432K(41984K)
[417.422s][info ][gc,heap        ] GC(132) ParOldGen: 552729K(645632K)->552753K(645632K)
[417.422s][info ][gc,metaspace   ] GC(132) Metaspace: 81299K(82112K)->81299K(82112K) NonClass: 69853K(70272K)->69853K(70272K) Class: 11446K(11840K)->11446K(11840K)
[417.422s][info ][gc             ] GC(132) Pause Young (Allocation Failure) 2503M->546M(2640M) 4.999ms
[417.422s][info ][gc,cpu         ] GC(132) User=0.02s Sys=0.00s Real=0.00s
[417.422s][info ][safepoint      ] Safepoint "ParallelGCFailedAllocation", Time since last: 238585873 ns, Reaching safepoint: 49200 ns, At safepoint: 5076679 ns, Total: 5125879 ns
[418.422s][info ][safepoint      ] Safepoint "Cleanup", Time since last: 1000092996 ns, Reaching safepoint: 132502 ns, At safepoint: 14100 ns, Total: 146602 ns
[419.422s][info ][safepoint      ] Safepoint "Cleanup", Time since last: 1000116196 ns, Reaching safepoint: 128101 ns, At safepoint: 19501 ns, Total: 147602 ns
[420.423s][info ][safepoint      ] Safepoint "Cleanup", Time since last: 1000102194 ns, Reaching safepoint: 129902 ns, At safepoint: 16800 ns, Total: 146702 ns
[421.423s][info ][safepoint      ] Safepoint "Cleanup", Time since last: 1000118994 ns, Reaching safepoint: 124902 ns, At safepoint: 9300 ns, Total: 134202 ns
[422.423s][info ][safepoint      ] Safepoint "Cleanup", Time since last: 1000107193 ns, Reaching safepoint: 139902 ns, At safepoint: 10600 ns, Total: 150502 ns
[423.424s][info ][safepoint      ] Safepoint "Cleanup", Time since last: 1000114992 ns, Reaching safepoint: 134502 ns, At safepoint: 13900 ns, Total: 148402 ns
[424.424s][info ][safepoint      ] Safepoint "Cleanup", Time since last: 1000120691 ns, Reaching safepoint: 120702 ns, At safepoint: 6800 ns, Total: 127502 ns
[425.424s][info ][safepoint      ] Safepoint "Cleanup", Time since last: 1000122391 ns, Reaching safepoint: 130702 ns, At safepoint: 11600 ns, Total: 142302 ns
[426.424s][info ][safepoint      ] Safepoint "Cleanup", Time since last: 1000130389 ns, Reaching safepoint: 136702 ns, At safepoint: 11800 ns, Total: 148502 ns
[427.425s][info ][safepoint      ] Safepoint "Cleanup", Time since last: 1000115389 ns, Reaching safepoint: 121002 ns, At safepoint: 7400 ns, Total: 128402 ns
[428.273s][info ][gc,start       ] GC(133) Pause Young (Allocation Failure)
[428.278s][debug][gc,phases      ] GC(133) Scavenge 5.124ms
[428.278s][debug][gc,ref         ] GC(133) Skipped phase 1 of Reference Processing: no references
[428.278s][debug][gc,ref         ] GC(133) ReferenceProcessor::execute queues: 1, RefProcThreadModel::Single, marks_oops_alive: false
[428.278s][debug][gc,ref         ] GC(133) Skipped phase 3 of Reference Processing: no references
[428.278s][debug][gc,ref         ] GC(133) ReferenceProcessor::execute queues: 1, RefProcThreadModel::Single, marks_oops_alive: false
[428.278s][debug][gc,phases      ] GC(133) Reference Processing 0.123ms
[428.278s][debug][gc,phases      ] GC(133)   VM Weak                        Min:  0.0, Avg:  0.0, Max:  0.0, Diff:  0.0, Sum:  0.0, Workers: 4
[428.278s][debug][gc,phases      ] GC(133)     Dead                           Min: 0, Avg:  0.0, Max: 0, Diff: 0, Sum: 0, Workers: 4
[428.278s][debug][gc,phases      ] GC(133)     Total                          Min: 0, Avg: 166.8, Max: 603, Diff: 603, Sum: 667, Workers: 4
[428.279s][debug][gc,phases      ] GC(133)   ObjectSynchronizer Weak        Min:  0.0, Avg:  0.0, Max:  0.0, Diff:  0.0, Sum:  0.0, Workers: 4
[428.279s][debug][gc,phases      ] GC(133)     Dead                           Min: 0, Avg:  0.0, Max: 0, Diff: 0, Sum: 0, Workers: 4
[428.279s][debug][gc,phases      ] GC(133)     Total                          Min: 0, Avg: 89.5, Max: 166, Diff: 166, Sum: 358, Workers: 4
[428.279s][debug][gc,phases      ] GC(133)   JVMTI Tag Weak OopStorage      Min:  0.0, Avg:  0.0, Max:  0.0, Diff:  0.0, Sum:  0.0, Workers: 4
[428.279s][debug][gc,phases      ] GC(133)     Dead                           Min: 0, Avg:  0.0, Max: 0, Diff: 0, Sum: 0, Workers: 4
[428.279s][debug][gc,phases      ] GC(133)     Total                          Min: 0, Avg:  0.0, Max: 0, Diff: 0, Sum: 0, Workers: 4
[428.279s][debug][gc,phases      ] GC(133)   StringTable Weak               Min:  0.1, Avg:  0.1, Max:  0.1, Diff:  0.0, Sum:  0.4, Workers: 4
[428.279s][debug][gc,phases      ] GC(133)     Dead                           Min: 0, Avg:  0.0, Max: 0, Diff: 0, Sum: 0, Workers: 4
[428.279s][debug][gc,phases      ] GC(133)     Total                          Min: 9664, Avg: 11975.0, Max: 12864, Diff: 3200, Sum: 47900, Workers: 4
[428.279s][debug][gc,phases      ] GC(133)   ResolvedMethodTable Weak       Min:  0.0, Avg:  0.0, Max:  0.0, Diff:  0.0, Sum:  0.1, Workers: 4
[428.279s][debug][gc,phases      ] GC(133)     Dead                           Min: 0, Avg:  0.0, Max: 0, Diff: 0, Sum: 0, Workers: 4
[428.279s][debug][gc,phases      ] GC(133)     Total                          Min: 1667, Avg: 1975.2, Max: 2192, Diff: 525, Sum: 7901, Workers: 4
[428.279s][debug][gc,phases      ] GC(133)   JNI Weak                       Min:  0.0, Avg:  0.0, Max:  0.0, Diff:  0.0, Sum:  0.0, Workers: 4
[428.279s][debug][gc,phases      ] GC(133)     Dead                           Min: 0, Avg:  0.0, Max: 0, Diff: 0, Sum: 0, Workers: 4
[428.279s][debug][gc,phases      ] GC(133)     Total                          Min: 0, Avg:  0.0, Max: 0, Diff: 0, Sum: 0, Workers: 4
[428.279s][debug][gc,phases      ] GC(133)   StringDedup Table Weak         Min:  0.0, Avg:  0.0, Max:  0.0, Diff:  0.0, Sum:  0.0, Workers: 4
[428.279s][debug][gc,phases      ] GC(133)     Dead                           Min: 0, Avg:  0.0, Max: 0, Diff: 0, Sum: 0, Workers: 4
[428.279s][debug][gc,phases      ] GC(133)     Total                          Min: 0, Avg:  0.0, Max: 0, Diff: 0, Sum: 0, Workers: 4
[428.279s][debug][gc,phases      ] GC(133)   StringDedup Requests0 Weak     Min:  0.0, Avg:  0.0, Max:  0.0, Diff:  0.0, Sum:  0.0, Workers: 4
[428.279s][debug][gc,phases      ] GC(133)     Dead                           Min: 0, Avg:  0.0, Max: 0, Diff: 0, Sum: 0, Workers: 4
[428.279s][debug][gc,phases      ] GC(133)     Total                          Min: 0, Avg:  0.0, Max: 0, Diff: 0, Sum: 0, Workers: 4
[428.279s][debug][gc,phases      ] GC(133)   StringDedup Requests1 Weak     Min:  0.0, Avg:  0.0, Max:  0.0, Diff:  0.0, Sum:  0.0, Workers: 4
[428.279s][debug][gc,phases      ] GC(133)     Dead                           Min: 0, Avg:  0.0, Max: 0, Diff: 0, Sum: 0, Workers: 4
[428.279s][debug][gc,phases      ] GC(133)     Total                          Min: 0, Avg:  0.0, Max: 0, Diff: 0, Sum: 0, Workers: 4
[428.279s][debug][gc,phases      ] GC(133)   Weak JFR Old Object Samples    Min:  0.0, Avg:  0.0, Max:  0.0, Diff:  0.0, Sum:  0.0, Workers: 4
[428.279s][debug][gc,phases      ] GC(133)     Dead                           Min: 0, Avg:  0.0, Max: 0, Diff: 0, Sum: 0, Workers: 4
[428.279s][debug][gc,phases      ] GC(133)     Total                          Min: 0, Avg:  0.0, Max: 0, Diff: 0, Sum: 0, Workers: 4
[428.279s][debug][gc,phases      ] GC(133) Weak Processing 0.349ms
[428.279s][debug][gc,age         ] GC(133) Desired survivor size 37748736 bytes, new threshold 15 (max threshold 15)
[428.279s][info ][gc,heap        ] GC(133) PSYoungGen: 2022176K(2057728K)->7040K(2055168K) Eden: 2015744K(2015744K)->0K(2015744K) From: 6432K(41984K)->7040K(39424K)
[428.279s][info ][gc,heap        ] GC(133) ParOldGen: 552753K(645632K)->552785K(645632K)
[428.279s][info ][gc,metaspace   ] GC(133) Metaspace: 81337K(82176K)->81337K(82176K) NonClass: 69891K(70336K)->69891K(70336K) Class: 11446K(11840K)->11446K(11840K)
[428.279s][info ][gc             ] GC(133) Pause Young (Allocation Failure) 2514M->546M(2637M) 5.734ms
[428.279s][info ][gc,cpu         ] GC(133) User=0.02s Sys=0.00s Real=0.00s
[428.279s][info ][safepoint      ] Safepoint "ParallelGCFailedAllocation", Time since last: 848329452 ns, Reaching safepoint: 31100 ns, At safepoint: 5820990 ns, Total: 5852090 ns
[429.279s][info ][safepoint      ] Safepoint "Cleanup", Time since last: 1000086086 ns, Reaching safepoint: 53301 ns, At safepoint: 3100 ns, Total: 56401 ns
[430.279s][info ][safepoint      ] Safepoint "Cleanup", Time since last: 1000114685 ns, Reaching safepoint: 119202 ns, At safepoint: 6300 ns, Total: 125502 ns
[432.279s][info ][safepoint      ] Safepoint "Cleanup", Time since last: 2000173168 ns, Reaching safepoint: 47701 ns, At safepoint: 3900 ns, Total: 51601 ns
[433.280s][info ][safepoint      ] Safepoint "Cleanup", Time since last: 1000117883 ns, Reaching safepoint: 117602 ns, At safepoint: 8000 ns, Total: 125602 ns
[434.280s][info ][safepoint      ] Safepoint "Cleanup", Time since last: 1000110182 ns, Reaching safepoint: 67901 ns, At safepoint: 8400 ns, Total: 76301 ns
[436.280s][info ][safepoint      ] Safepoint "Cleanup", Time since last: 2000165861 ns, Reaching safepoint: 116001 ns, At safepoint: 5600 ns, Total: 121601 ns
[438.454s][info ][gc,start       ] GC(134) Pause Young (Allocation Failure)
[438.459s][debug][gc,phases      ] GC(134) Scavenge 4.332ms
[438.459s][debug][gc,ref         ] GC(134) Skipped phase 1 of Reference Processing: no references
[438.459s][debug][gc,ref         ] GC(134) ReferenceProcessor::execute queues: 1, RefProcThreadModel::Single, marks_oops_alive: false
[438.459s][debug][gc,ref         ] GC(134) Skipped phase 3 of Reference Processing: no references
[438.459s][debug][gc,ref         ] GC(134) ReferenceProcessor::execute queues: 1, RefProcThreadModel::Single, marks_oops_alive: false
[438.459s][debug][gc,phases      ] GC(134) Reference Processing 0.133ms
[438.459s][debug][gc,phases      ] GC(134)   VM Weak                        Min:  0.0, Avg:  0.0, Max:  0.0, Diff:  0.0, Sum:  0.0, Workers: 4
[438.459s][debug][gc,phases      ] GC(134)     Dead                           Min: 0, Avg:  0.0, Max: 0, Diff: 0, Sum: 0, Workers: 4
[438.459s][debug][gc,phases      ] GC(134)     Total                          Min: 0, Avg: 166.8, Max: 667, Diff: 667, Sum: 667, Workers: 4
[438.459s][debug][gc,phases      ] GC(134)   ObjectSynchronizer Weak        Min:  0.0, Avg:  0.0, Max:  0.0, Diff:  0.0, Sum:  0.0, Workers: 4
[438.459s][debug][gc,phases      ] GC(134)     Dead                           Min: 0, Avg:  0.0, Max: 0, Diff: 0, Sum: 0, Workers: 4
[438.459s][debug][gc,phases      ] GC(134)     Total                          Min: 0, Avg: 89.5, Max: 294, Diff: 294, Sum: 358, Workers: 4
[438.459s][debug][gc,phases      ] GC(134)   JVMTI Tag Weak OopStorage      Min:  0.0, Avg:  0.0, Max:  0.0, Diff:  0.0, Sum:  0.0, Workers: 4
[438.459s][debug][gc,phases      ] GC(134)     Dead                           Min: 0, Avg:  0.0, Max: 0, Diff: 0, Sum: 0, Workers: 4
[438.459s][debug][gc,phases      ] GC(134)     Total                          Min: 0, Avg:  0.0, Max: 0, Diff: 0, Sum: 0, Workers: 4
[438.459s][debug][gc,phases      ] GC(134)   StringTable Weak               Min:  0.1, Avg:  0.1, Max:  0.1, Diff:  0.0, Sum:  0.5, Workers: 4
[438.459s][debug][gc,phases      ] GC(134)     Dead                           Min: 0, Avg:  0.0, Max: 0, Diff: 0, Sum: 0, Workers: 4
[438.459s][debug][gc,phases      ] GC(134)     Total                          Min: 6400, Avg: 11975.2, Max: 15104, Diff: 8704, Sum: 47901, Workers: 4
[438.459s][debug][gc,phases      ] GC(134)   ResolvedMethodTable Weak       Min:  0.0, Avg:  0.0, Max:  0.0, Diff:  0.0, Sum:  0.1, Workers: 4
[438.459s][debug][gc,phases      ] GC(134)     Dead                           Min: 0, Avg:  0.0, Max: 0, Diff: 0, Sum: 0, Workers: 4
[438.459s][debug][gc,phases      ] GC(134)     Total                          Min: 1468, Avg: 1975.2, Max: 2481, Diff: 1013, Sum: 7901, Workers: 4
[438.459s][debug][gc,phases      ] GC(134)   JNI Weak                       Min:  0.0, Avg:  0.0, Max:  0.0, Diff:  0.0, Sum:  0.0, Workers: 4
[438.459s][debug][gc,phases      ] GC(134)     Dead                           Min: 0, Avg:  0.0, Max: 0, Diff: 0, Sum: 0, Workers: 4
[438.459s][debug][gc,phases      ] GC(134)     Total                          Min: 0, Avg:  0.0, Max: 0, Diff: 0, Sum: 0, Workers: 4
[438.459s][debug][gc,phases      ] GC(134)   StringDedup Table Weak         Min:  0.0, Avg:  0.0, Max:  0.0, Diff:  0.0, Sum:  0.0, Workers: 4
[438.459s][debug][gc,phases      ] GC(134)     Dead                           Min: 0, Avg:  0.0, Max: 0, Diff: 0, Sum: 0, Workers: 4
[438.459s][debug][gc,phases      ] GC(134)     Total                          Min: 0, Avg:  0.0, Max: 0, Diff: 0, Sum: 0, Workers: 4
[438.459s][debug][gc,phases      ] GC(134)   StringDedup Requests0 Weak     Min:  0.0, Avg:  0.0, Max:  0.0, Diff:  0.0, Sum:  0.0, Workers: 4
[438.459s][debug][gc,phases      ] GC(134)     Dead                           Min: 0, Avg:  0.0, Max: 0, Diff: 0, Sum: 0, Workers: 4
[438.459s][debug][gc,phases      ] GC(134)     Total                          Min: 0, Avg:  0.0, Max: 0, Diff: 0, Sum: 0, Workers: 4
[438.459s][debug][gc,phases      ] GC(134)   StringDedup Requests1 Weak     Min:  0.0, Avg:  0.0, Max:  0.0, Diff:  0.0, Sum:  0.0, Workers: 4
[438.459s][debug][gc,phases      ] GC(134)     Dead                           Min: 0, Avg:  0.0, Max: 0, Diff: 0, Sum: 0, Workers: 4
[438.459s][debug][gc,phases      ] GC(134)     Total                          Min: 0, Avg:  0.0, Max: 0, Diff: 0, Sum: 0, Workers: 4
[438.459s][debug][gc,phases      ] GC(134)   Weak JFR Old Object Samples    Min:  0.0, Avg:  0.0, Max:  0.0, Diff:  0.0, Sum:  0.0, Workers: 4
[438.459s][debug][gc,phases      ] GC(134)     Dead                           Min: 0, Avg:  0.0, Max: 0, Diff: 0, Sum: 0, Workers: 4
[438.459s][debug][gc,phases      ] GC(134)     Total                          Min: 0, Avg:  0.0, Max: 0, Diff: 0, Sum: 0, Workers: 4
[438.459s][debug][gc,phases      ] GC(134) Weak Processing 0.360ms
[438.459s][debug][gc,age         ] GC(134) Desired survivor size 35127296 bytes, new threshold 15 (max threshold 15)
[438.459s][info ][gc,heap        ] GC(134) PSYoungGen: 2022784K(2055168K)->6880K(2062848K) Eden: 2015744K(2015744K)->0K(2025984K) From: 7040K(39424K)->6880K(36864K)
[438.459s][info ][gc,heap        ] GC(134) ParOldGen: 552785K(645632K)->552929K(645632K)
[438.459s][info ][gc,metaspace   ] GC(134) Metaspace: 81339K(82176K)->81339K(82176K) NonClass: 69892K(70336K)->69892K(70336K) Class: 11446K(11840K)->11446K(11840K)
[438.459s][info ][gc             ] GC(134) Pause Young (Allocation Failure) 2515M->546M(2645M) 4.950ms
[438.459s][info ][gc,cpu         ] GC(134) User=0.02s Sys=0.00s Real=0.00s
[438.459s][info ][safepoint      ] Safepoint "ParallelGCFailedAllocation", Time since last: 2173993130 ns, Reaching safepoint: 40901 ns, At safepoint: 5033777 ns, Total: 5074678 ns
[439.459s][info ][safepoint      ] Safepoint "Cleanup", Time since last: 1000087777 ns, Reaching safepoint: 57101 ns, At safepoint: 11000 ns, Total: 68101 ns
[440.459s][info ][safepoint      ] Safepoint "Cleanup", Time since last: 1000106077 ns, Reaching safepoint: 54901 ns, At safepoint: 6900 ns, Total: 61801 ns
[441.460s][info ][safepoint      ] Safepoint "Cleanup", Time since last: 1000113475 ns, Reaching safepoint: 50301 ns, At safepoint: 6300 ns, Total: 56601 ns
[442.460s][info ][safepoint      ] Safepoint "Cleanup", Time since last: 1000098875 ns, Reaching safepoint: 67201 ns, At safepoint: 9200 ns, Total: 76401 ns
[443.460s][info ][safepoint      ] Safepoint "Cleanup", Time since last: 1000097674 ns, Reaching safepoint: 59201 ns, At safepoint: 10600 ns, Total: 69801 ns
[445.460s][info ][safepoint      ] Safepoint "Cleanup", Time since last: 2000174444 ns, Reaching safepoint: 57401 ns, At safepoint: 8400 ns, Total: 65801 ns
[446.460s][info ][safepoint      ] Safepoint "Cleanup", Time since last: 1000097571 ns, Reaching safepoint: 47501 ns, At safepoint: 15400 ns, Total: 62901 ns
[447.461s][info ][safepoint      ] Safepoint "Cleanup", Time since last: 1000104371 ns, Reaching safepoint: 50200 ns, At safepoint: 5701 ns, Total: 55901 ns
[448.461s][info ][safepoint      ] Safepoint "Cleanup", Time since last: 1000124869 ns, Reaching safepoint: 62501 ns, At safepoint: 13200 ns, Total: 75701 ns
[450.975s][info ][safepoint      ] Safepoint "Cleanup", Time since last: 2514530540 ns, Reaching safepoint: 150502 ns, At safepoint: 10800 ns, Total: 161302 ns
[451.170s][info ][gc,start       ] GC(135) Pause Young (Allocation Failure)
[451.175s][debug][gc,phases      ] GC(135) Scavenge 5.014ms
[451.175s][debug][gc,ref         ] GC(135) Skipped phase 1 of Reference Processing: no references
[451.175s][debug][gc,ref         ] GC(135) ReferenceProcessor::execute queues: 1, RefProcThreadModel::Single, marks_oops_alive: false
[451.175s][debug][gc,ref         ] GC(135) Skipped phase 3 of Reference Processing: no references
[451.175s][debug][gc,ref         ] GC(135) ReferenceProcessor::execute queues: 1, RefProcThreadModel::Single, marks_oops_alive: false
[451.175s][debug][gc,phases      ] GC(135) Reference Processing 0.120ms
[451.175s][debug][gc,phases      ] GC(135)   VM Weak                        Min:  0.0, Avg:  0.0, Max:  0.0, Diff:  0.0, Sum:  0.0, Workers: 4
[451.175s][debug][gc,phases      ] GC(135)     Dead                           Min: 0, Avg:  0.0, Max: 0, Diff: 0, Sum: 0, Workers: 4
[451.175s][debug][gc,phases      ] GC(135)     Total                          Min: 0, Avg: 166.8, Max: 347, Diff: 347, Sum: 667, Workers: 4
[451.175s][debug][gc,phases      ] GC(135)   ObjectSynchronizer Weak        Min:  0.0, Avg:  0.0, Max:  0.0, Diff:  0.0, Sum:  0.0, Workers: 4
[451.175s][debug][gc,phases      ] GC(135)     Dead                           Min: 0, Avg:  0.0, Max: 0, Diff: 0, Sum: 0, Workers: 4
[451.175s][debug][gc,phases      ] GC(135)     Total                          Min: 0, Avg: 89.5, Max: 166, Diff: 166, Sum: 358, Workers: 4
[451.175s][debug][gc,phases      ] GC(135)   JVMTI Tag Weak OopStorage      Min:  0.0, Avg:  0.0, Max:  0.0, Diff:  0.0, Sum:  0.0, Workers: 4
[451.175s][debug][gc,phases      ] GC(135)     Dead                           Min: 0, Avg:  0.0, Max: 0, Diff: 0, Sum: 0, Workers: 4
[451.175s][debug][gc,phases      ] GC(135)     Total                          Min: 0, Avg:  0.0, Max: 0, Diff: 0, Sum: 0, Workers: 4
[451.175s][debug][gc,phases      ] GC(135)   StringTable Weak               Min:  0.1, Avg:  0.1, Max:  0.1, Diff:  0.0, Sum:  0.5, Workers: 4
[451.175s][debug][gc,phases      ] GC(135)     Dead                           Min: 0, Avg:  0.0, Max: 0, Diff: 0, Sum: 0, Workers: 4
[451.175s][debug][gc,phases      ] GC(135)     Total                          Min: 11008, Avg: 11976.0, Max: 13408, Diff: 2400, Sum: 47904, Workers: 4
[451.175s][debug][gc,phases      ] GC(135)   ResolvedMethodTable Weak       Min:  0.0, Avg:  0.0, Max:  0.0, Diff:  0.0, Sum:  0.1, Workers: 4
[451.175s][debug][gc,phases      ] GC(135)     Dead                           Min: 0, Avg:  0.0, Max: 0, Diff: 0, Sum: 0, Workers: 4
[451.175s][debug][gc,phases      ] GC(135)     Total                          Min: 1775, Avg: 1975.2, Max: 2335, Diff: 560, Sum: 7901, Workers: 4
[451.175s][debug][gc,phases      ] GC(135)   JNI Weak                       Min:  0.0, Avg:  0.0, Max:  0.0, Diff:  0.0, Sum:  0.0, Workers: 4
[451.175s][debug][gc,phases      ] GC(135)     Dead                           Min: 0, Avg:  0.0, Max: 0, Diff: 0, Sum: 0, Workers: 4
[451.175s][debug][gc,phases      ] GC(135)     Total                          Min: 0, Avg:  0.0, Max: 0, Diff: 0, Sum: 0, Workers: 4
[451.175s][debug][gc,phases      ] GC(135)   StringDedup Table Weak         Min:  0.0, Avg:  0.0, Max:  0.0, Diff:  0.0, Sum:  0.0, Workers: 4
[451.175s][debug][gc,phases      ] GC(135)     Dead                           Min: 0, Avg:  0.0, Max: 0, Diff: 0, Sum: 0, Workers: 4
[451.175s][debug][gc,phases      ] GC(135)     Total                          Min: 0, Avg:  0.0, Max: 0, Diff: 0, Sum: 0, Workers: 4
[451.175s][debug][gc,phases      ] GC(135)   StringDedup Requests0 Weak     Min:  0.0, Avg:  0.0, Max:  0.0, Diff:  0.0, Sum:  0.0, Workers: 4
[451.175s][debug][gc,phases      ] GC(135)     Dead                           Min: 0, Avg:  0.0, Max: 0, Diff: 0, Sum: 0, Workers: 4
[451.175s][debug][gc,phases      ] GC(135)     Total                          Min: 0, Avg:  0.0, Max: 0, Diff: 0, Sum: 0, Workers: 4
[451.175s][debug][gc,phases      ] GC(135)   StringDedup Requests1 Weak     Min:  0.0, Avg:  0.0, Max:  0.0, Diff:  0.0, Sum:  0.0, Workers: 4
[451.175s][debug][gc,phases      ] GC(135)     Dead                           Min: 0, Avg:  0.0, Max: 0, Diff: 0, Sum: 0, Workers: 4
[451.175s][debug][gc,phases      ] GC(135)     Total                          Min: 0, Avg:  0.0, Max: 0, Diff: 0, Sum: 0, Workers: 4
[451.175s][debug][gc,phases      ] GC(135)   Weak JFR Old Object Samples    Min:  0.0, Avg:  0.0, Max:  0.0, Diff:  0.0, Sum:  0.0, Workers: 4
[451.175s][debug][gc,phases      ] GC(135)     Dead                           Min: 0, Avg:  0.0, Max: 0, Diff: 0, Sum: 0, Workers: 4
[451.175s][debug][gc,phases      ] GC(135)     Total                          Min: 0, Avg:  0.0, Max: 0, Diff: 0, Sum: 0, Workers: 4
[451.175s][debug][gc,phases      ] GC(135) Weak Processing 0.397ms
[451.175s][debug][gc,age         ] GC(135) Desired survivor size 33030144 bytes, new threshold 15 (max threshold 15)
[451.175s][info ][gc,heap        ] GC(135) PSYoungGen: 2032864K(2062848K)->6272K(2060288K) Eden: 2025984K(2025984K)->0K(2025984K) From: 6880K(36864K)->6272K(34304K)
[451.175s][info ][gc,heap        ] GC(135) ParOldGen: 552929K(645632K)->552961K(645632K)
[451.175s][info ][gc,metaspace   ] GC(135) Metaspace: 81363K(82240K)->81363K(82240K) NonClass: 69916K(70400K)->69916K(70400K) Class: 11446K(11840K)->11446K(11840K)
[451.175s][info ][gc             ] GC(135) Pause Young (Allocation Failure) 2525M->546M(2642M) 5.673ms
[451.175s][info ][gc,cpu         ] GC(135) User=0.01s Sys=0.01s Real=0.01s
[451.175s][info ][safepoint      ] Safepoint "ParallelGCFailedAllocation", Time since last: 194153383 ns, Reaching safepoint: 46401 ns, At safepoint: 5758888 ns, Total: 5805289 ns
[458.099s][info ][safepoint      ] Safepoint "Cleanup", Time since last: 6924044968 ns, Reaching safepoint: 53201 ns, At safepoint: 5400 ns, Total: 58601 ns
[459.100s][info ][safepoint      ] Safepoint "Cleanup", Time since last: 1000097260 ns, Reaching safepoint: 49601 ns, At safepoint: 9300 ns, Total: 58901 ns
[460.100s][info ][safepoint      ] Safepoint "Cleanup", Time since last: 1000090359 ns, Reaching safepoint: 66301 ns, At safepoint: 10101 ns, Total: 76402 ns
[461.100s][info ][safepoint      ] Safepoint "Cleanup", Time since last: 1000113658 ns, Reaching safepoint: 54201 ns, At safepoint: 7900 ns, Total: 62101 ns
[463.917s][info ][gc,start       ] GC(136) Pause Young (Allocation Failure)
[463.922s][debug][gc,phases      ] GC(136) Scavenge 5.118ms
[463.923s][debug][gc,ref         ] GC(136) Skipped phase 1 of Reference Processing: no references
[463.923s][debug][gc,ref         ] GC(136) ReferenceProcessor::execute queues: 1, RefProcThreadModel::Single, marks_oops_alive: false
[463.923s][debug][gc,ref         ] GC(136) Skipped phase 3 of Reference Processing: no references
[463.923s][debug][gc,ref         ] GC(136) ReferenceProcessor::execute queues: 1, RefProcThreadModel::Single, marks_oops_alive: false
[463.923s][debug][gc,phases      ] GC(136) Reference Processing 0.119ms
[463.923s][debug][gc,phases      ] GC(136)   VM Weak                        Min:  0.0, Avg:  0.0, Max:  0.0, Diff:  0.0, Sum:  0.0, Workers: 4
[463.923s][debug][gc,phases      ] GC(136)     Dead                           Min: 0, Avg:  0.0, Max: 0, Diff: 0, Sum: 0, Workers: 4
[463.923s][debug][gc,phases      ] GC(136)     Total                          Min: 0, Avg: 166.8, Max: 667, Diff: 667, Sum: 667, Workers: 4
[463.923s][debug][gc,phases      ] GC(136)   ObjectSynchronizer Weak        Min:  0.0, Avg:  0.0, Max:  0.0, Diff:  0.0, Sum:  0.0, Workers: 4
[463.923s][debug][gc,phases      ] GC(136)     Dead                           Min: 0, Avg:  0.0, Max: 0, Diff: 0, Sum: 0, Workers: 4
[463.923s][debug][gc,phases      ] GC(136)     Total                          Min: 0, Avg: 89.5, Max: 294, Diff: 294, Sum: 358, Workers: 4
[463.923s][debug][gc,phases      ] GC(136)   JVMTI Tag Weak OopStorage      Min:  0.0, Avg:  0.0, Max:  0.0, Diff:  0.0, Sum:  0.0, Workers: 4
[463.923s][debug][gc,phases      ] GC(136)     Dead                           Min: 0, Avg:  0.0, Max: 0, Diff: 0, Sum: 0, Workers: 4
[463.923s][debug][gc,phases      ] GC(136)     Total                          Min: 0, Avg:  0.0, Max: 0, Diff: 0, Sum: 0, Workers: 4
[463.923s][debug][gc,phases      ] GC(136)   StringTable Weak               Min:  0.1, Avg:  0.1, Max:  0.1, Diff:  0.0, Sum:  0.4, Workers: 4
[463.923s][debug][gc,phases      ] GC(136)     Dead                           Min: 0, Avg:  0.0, Max: 0, Diff: 0, Sum: 0, Workers: 4
[463.923s][debug][gc,phases      ] GC(136)     Total                          Min: 11553, Avg: 11976.2, Max: 12224, Diff: 671, Sum: 47905, Workers: 4
[463.923s][debug][gc,phases      ] GC(136)   ResolvedMethodTable Weak       Min:  0.0, Avg:  0.0, Max:  0.0, Diff:  0.0, Sum:  0.1, Workers: 4
[463.923s][debug][gc,phases      ] GC(136)     Dead                           Min: 0, Avg:  0.0, Max: 0, Diff: 0, Sum: 0, Workers: 4
[463.923s][debug][gc,phases      ] GC(136)     Total                          Min: 1810, Avg: 1975.2, Max: 2095, Diff: 285, Sum: 7901, Workers: 4
[463.923s][debug][gc,phases      ] GC(136)   JNI Weak                       Min:  0.0, Avg:  0.0, Max:  0.0, Diff:  0.0, Sum:  0.0, Workers: 4
[463.923s][debug][gc,phases      ] GC(136)     Dead                           Min: 0, Avg:  0.0, Max: 0, Diff: 0, Sum: 0, Workers: 4
[463.923s][debug][gc,phases      ] GC(136)     Total                          Min: 0, Avg:  0.0, Max: 0, Diff: 0, Sum: 0, Workers: 4
[463.923s][debug][gc,phases      ] GC(136)   StringDedup Table Weak         Min:  0.0, Avg:  0.0, Max:  0.0, Diff:  0.0, Sum:  0.0, Workers: 4
[463.923s][debug][gc,phases      ] GC(136)     Dead                           Min: 0, Avg:  0.0, Max: 0, Diff: 0, Sum: 0, Workers: 4
[463.923s][debug][gc,phases      ] GC(136)     Total                          Min: 0, Avg:  0.0, Max: 0, Diff: 0, Sum: 0, Workers: 4
[463.923s][debug][gc,phases      ] GC(136)   StringDedup Requests0 Weak     Min:  0.0, Avg:  0.0, Max:  0.0, Diff:  0.0, Sum:  0.0, Workers: 4
[463.923s][debug][gc,phases      ] GC(136)     Dead                           Min: 0, Avg:  0.0, Max: 0, Diff: 0, Sum: 0, Workers: 4
[463.923s][debug][gc,phases      ] GC(136)     Total                          Min: 0, Avg:  0.0, Max: 0, Diff: 0, Sum: 0, Workers: 4
[463.923s][debug][gc,phases      ] GC(136)   StringDedup Requests1 Weak     Min:  0.0, Avg:  0.0, Max:  0.0, Diff:  0.0, Sum:  0.0, Workers: 4
[463.923s][debug][gc,phases      ] GC(136)     Dead                           Min: 0, Avg:  0.0, Max: 0, Diff: 0, Sum: 0, Workers: 4
[463.923s][debug][gc,phases      ] GC(136)     Total                          Min: 0, Avg:  0.0, Max: 0, Diff: 0, Sum: 0, Workers: 4
[463.923s][debug][gc,phases      ] GC(136)   Weak JFR Old Object Samples    Min:  0.0, Avg:  0.0, Max:  0.0, Diff:  0.0, Sum:  0.0, Workers: 4
[463.923s][debug][gc,phases      ] GC(136)     Dead                           Min: 0, Avg:  0.0, Max: 0, Diff: 0, Sum: 0, Workers: 4
[463.923s][debug][gc,phases      ] GC(136)     Total                          Min: 0, Avg:  0.0, Max: 0, Diff: 0, Sum: 0, Workers: 4
[463.923s][debug][gc,phases      ] GC(136) Weak Processing 0.331ms
[463.923s][debug][gc,age         ] GC(136) Desired survivor size 30932992 bytes, new threshold 15 (max threshold 15)
[463.923s][info ][gc,heap        ] GC(136) PSYoungGen: 2032256K(2060288K)->6112K(2066944K) Eden: 2025984K(2025984K)->0K(2034688K) From: 6272K(34304K)->6112K(32256K)
[463.923s][info ][gc,heap        ] GC(136) ParOldGen: 552961K(645632K)->553473K(645632K)
[463.923s][info ][gc,metaspace   ] GC(136) Metaspace: 81370K(82240K)->81370K(82240K) NonClass: 69924K(70400K)->69924K(70400K) Class: 11446K(11840K)->11446K(11840K)
[463.923s][info ][gc             ] GC(136) Pause Young (Allocation Failure) 2524M->546M(2649M) 5.729ms
[463.923s][info ][gc,cpu         ] GC(136) User=0.03s Sys=0.00s Real=0.00s
[463.923s][info ][safepoint      ] Safepoint "ParallelGCFailedAllocation", Time since last: 2817219660 ns, Reaching safepoint: 44300 ns, At safepoint: 5815590 ns, Total: 5859890 ns
[465.923s][info ][safepoint      ] Safepoint "Cleanup", Time since last: 2000174709 ns, Reaching safepoint: 125302 ns, At safepoint: 16800 ns, Total: 142102 ns
[467.924s][info ][safepoint      ] Safepoint "Cleanup", Time since last: 2000193107 ns, Reaching safepoint: 130002 ns, At safepoint: 10600 ns, Total: 140602 ns
[468.924s][info ][safepoint      ] Safepoint "Cleanup", Time since last: 1000116252 ns, Reaching safepoint: 118402 ns, At safepoint: 6600 ns, Total: 125002 ns
[470.924s][info ][safepoint      ] Safepoint "Cleanup", Time since last: 2000166701 ns, Reaching safepoint: 123602 ns, At safepoint: 8900 ns, Total: 132502 ns
[472.925s][info ][safepoint      ] Safepoint "Cleanup", Time since last: 2000184298 ns, Reaching safepoint: 126702 ns, At safepoint: 14100 ns, Total: 140802 ns
[473.925s][info ][safepoint      ] Safepoint "Cleanup", Time since last: 1000126148 ns, Reaching safepoint: 120702 ns, At safepoint: 8900 ns, Total: 129602 ns
[475.502s][info ][gc,start       ] GC(137) Pause Young (Allocation Failure)
[475.506s][debug][gc,phases      ] GC(137) Scavenge 3.933ms
[475.506s][debug][gc,ref         ] GC(137) Skipped phase 1 of Reference Processing: no references
[475.506s][debug][gc,ref         ] GC(137) ReferenceProcessor::execute queues: 1, RefProcThreadModel::Single, marks_oops_alive: false
[475.506s][debug][gc,ref         ] GC(137) Skipped phase 3 of Reference Processing: no references
[475.506s][debug][gc,ref         ] GC(137) ReferenceProcessor::execute queues: 1, RefProcThreadModel::Single, marks_oops_alive: false
[475.506s][debug][gc,phases      ] GC(137) Reference Processing 0.118ms
[475.506s][debug][gc,phases      ] GC(137)   VM Weak                        Min:  0.0, Avg:  0.0, Max:  0.0, Diff:  0.0, Sum:  0.0, Workers: 4
[475.506s][debug][gc,phases      ] GC(137)     Dead                           Min: 0, Avg:  0.0, Max: 0, Diff: 0, Sum: 0, Workers: 4
[475.506s][debug][gc,phases      ] GC(137)     Total                          Min: 0, Avg: 166.8, Max: 347, Diff: 347, Sum: 667, Workers: 4
[475.506s][debug][gc,phases      ] GC(137)   ObjectSynchronizer Weak        Min:  0.0, Avg:  0.0, Max:  0.0, Diff:  0.0, Sum:  0.0, Workers: 4
[475.506s][debug][gc,phases      ] GC(137)     Dead                           Min: 0, Avg:  0.0, Max: 0, Diff: 0, Sum: 0, Workers: 4
[475.506s][debug][gc,phases      ] GC(137)     Total                          Min: 0, Avg: 89.5, Max: 128, Diff: 128, Sum: 358, Workers: 4
[475.506s][debug][gc,phases      ] GC(137)   JVMTI Tag Weak OopStorage      Min:  0.0, Avg:  0.0, Max:  0.0, Diff:  0.0, Sum:  0.0, Workers: 4
[475.506s][debug][gc,phases      ] GC(137)     Dead                           Min: 0, Avg:  0.0, Max: 0, Diff: 0, Sum: 0, Workers: 4
[475.506s][debug][gc,phases      ] GC(137)     Total                          Min: 0, Avg:  0.0, Max: 0, Diff: 0, Sum: 0, Workers: 4
[475.506s][debug][gc,phases      ] GC(137)   StringTable Weak               Min:  0.1, Avg:  0.1, Max:  0.1, Diff:  0.0, Sum:  0.4, Workers: 4
[475.506s][debug][gc,phases      ] GC(137)     Dead                           Min: 0, Avg:  0.0, Max: 0, Diff: 0, Sum: 0, Workers: 4
[475.506s][debug][gc,phases      ] GC(137)     Total                          Min: 11072, Avg: 11980.8, Max: 12531, Diff: 1459, Sum: 47923, Workers: 4
[475.506s][debug][gc,phases      ] GC(137)   ResolvedMethodTable Weak       Min:  0.0, Avg:  0.0, Max:  0.0, Diff:  0.0, Sum:  0.1, Workers: 4
[475.506s][debug][gc,phases      ] GC(137)     Dead                           Min: 0, Avg:  0.0, Max: 0, Diff: 0, Sum: 0, Workers: 4
[475.506s][debug][gc,phases      ] GC(137)     Total                          Min: 1839, Avg: 1975.2, Max: 2175, Diff: 336, Sum: 7901, Workers: 4
[475.506s][debug][gc,phases      ] GC(137)   JNI Weak                       Min:  0.0, Avg:  0.0, Max:  0.0, Diff:  0.0, Sum:  0.0, Workers: 4
[475.506s][debug][gc,phases      ] GC(137)     Dead                           Min: 0, Avg:  0.0, Max: 0, Diff: 0, Sum: 0, Workers: 4
[475.506s][debug][gc,phases      ] GC(137)     Total                          Min: 0, Avg:  0.0, Max: 0, Diff: 0, Sum: 0, Workers: 4
[475.506s][debug][gc,phases      ] GC(137)   StringDedup Table Weak         Min:  0.0, Avg:  0.0, Max:  0.0, Diff:  0.0, Sum:  0.0, Workers: 4
[475.506s][debug][gc,phases      ] GC(137)     Dead                           Min: 0, Avg:  0.0, Max: 0, Diff: 0, Sum: 0, Workers: 4
[475.506s][debug][gc,phases      ] GC(137)     Total                          Min: 0, Avg:  0.0, Max: 0, Diff: 0, Sum: 0, Workers: 4
[475.506s][debug][gc,phases      ] GC(137)   StringDedup Requests0 Weak     Min:  0.0, Avg:  0.0, Max:  0.0, Diff:  0.0, Sum:  0.0, Workers: 4
[475.506s][debug][gc,phases      ] GC(137)     Dead                           Min: 0, Avg:  0.0, Max: 0, Diff: 0, Sum: 0, Workers: 4
[475.506s][debug][gc,phases      ] GC(137)     Total                          Min: 0, Avg:  0.0, Max: 0, Diff: 0, Sum: 0, Workers: 4
[475.506s][debug][gc,phases      ] GC(137)   StringDedup Requests1 Weak     Min:  0.0, Avg:  0.0, Max:  0.0, Diff:  0.0, Sum:  0.0, Workers: 4
[475.506s][debug][gc,phases      ] GC(137)     Dead                           Min: 0, Avg:  0.0, Max: 0, Diff: 0, Sum: 0, Workers: 4
[475.506s][debug][gc,phases      ] GC(137)     Total                          Min: 0, Avg:  0.0, Max: 0, Diff: 0, Sum: 0, Workers: 4
[475.506s][debug][gc,phases      ] GC(137)   Weak JFR Old Object Samples    Min:  0.0, Avg:  0.0, Max:  0.0, Diff:  0.0, Sum:  0.0, Workers: 4
[475.506s][debug][gc,phases      ] GC(137)     Dead                           Min: 0, Avg:  0.0, Max: 0, Diff: 0, Sum: 0, Workers: 4
[475.506s][debug][gc,phases      ] GC(137)     Total                          Min: 0, Avg:  0.0, Max: 0, Diff: 0, Sum: 0, Workers: 4
[475.506s][debug][gc,phases      ] GC(137) Weak Processing 0.325ms
[475.506s][debug][gc,age         ] GC(137) Desired survivor size 29360128 bytes, new threshold 15 (max threshold 15)
[475.506s][info ][gc,heap        ] GC(137) PSYoungGen: 2040800K(2066944K)->5808K(2064896K) Eden: 2034688K(2034688K)->0K(2034688K) From: 6112K(32256K)->5808K(30208K)
[475.506s][info ][gc,heap        ] GC(137) ParOldGen: 553473K(645632K)->553609K(645632K)
[475.506s][info ][gc,metaspace   ] GC(137) Metaspace: 81373K(82240K)->81373K(82240K) NonClass: 69926K(70400K)->69926K(70400K) Class: 11446K(11840K)->11446K(11840K)
[475.506s][info ][gc             ] GC(137) Pause Young (Allocation Failure) 2533M->546M(2647M) 4.477ms
[475.506s][info ][gc,cpu         ] GC(137) User=0.02s Sys=0.00s Real=0.01s
[475.506s][info ][safepoint      ] Safepoint "ParallelGCFailedAllocation", Time since last: 1576688095 ns, Reaching safepoint: 111801 ns, At safepoint: 4557070 ns, Total: 4668871 ns
[476.506s][info ][safepoint      ] Safepoint "Cleanup", Time since last: 1000085546 ns, Reaching safepoint: 46100 ns, At safepoint: 7401 ns, Total: 53501 ns
[477.506s][info ][safepoint      ] Safepoint "Cleanup", Time since last: 1000090544 ns, Reaching safepoint: 49901 ns, At safepoint: 2800 ns, Total: 52701 ns
[481.507s][info ][safepoint      ] Safepoint "Cleanup", Time since last: 4000300070 ns, Reaching safepoint: 48101 ns, At safepoint: 11200 ns, Total: 59301 ns
[482.507s][info ][safepoint      ] Safepoint "Cleanup", Time since last: 1000108141 ns, Reaching safepoint: 45900 ns, At safepoint: 5000 ns, Total: 50900 ns
[484.507s][info ][safepoint      ] Safepoint "Cleanup", Time since last: 2000188779 ns, Reaching safepoint: 42001 ns, At safepoint: 3000 ns, Total: 45001 ns
[485.507s][info ][safepoint      ] Safepoint "Cleanup", Time since last: 1000098738 ns, Reaching safepoint: 57101 ns, At safepoint: 12900 ns, Total: 70001 ns
[486.508s][info ][safepoint      ] Safepoint "Cleanup", Time since last: 1000111938 ns, Reaching safepoint: 55601 ns, At safepoint: 8900 ns, Total: 64501 ns
[487.508s][info ][safepoint      ] Safepoint "Cleanup", Time since last: 1000092637 ns, Reaching safepoint: 39700 ns, At safepoint: 6600 ns, Total: 46300 ns
[488.318s][info ][gc,start       ] GC(138) Pause Young (Allocation Failure)
[488.323s][debug][gc,phases      ] GC(138) Scavenge 5.180ms
[488.323s][debug][gc,ref         ] GC(138) Skipped phase 1 of Reference Processing: no references
[488.323s][debug][gc,ref         ] GC(138) ReferenceProcessor::execute queues: 1, RefProcThreadModel::Single, marks_oops_alive: false
[488.323s][debug][gc,ref         ] GC(138) Skipped phase 3 of Reference Processing: no references
[488.323s][debug][gc,ref         ] GC(138) ReferenceProcessor::execute queues: 1, RefProcThreadModel::Single, marks_oops_alive: false
[488.323s][debug][gc,phases      ] GC(138) Reference Processing 0.120ms
[488.324s][debug][gc,phases      ] GC(138)   VM Weak                        Min:  0.0, Avg:  0.0, Max:  0.0, Diff:  0.0, Sum:  0.0, Workers: 4
[488.324s][debug][gc,phases      ] GC(138)     Dead                           Min: 0, Avg:  0.0, Max: 0, Diff: 0, Sum: 0, Workers: 4
[488.324s][debug][gc,phases      ] GC(138)     Total                          Min: 0, Avg: 166.8, Max: 603, Diff: 603, Sum: 667, Workers: 4
[488.324s][debug][gc,phases      ] GC(138)   ObjectSynchronizer Weak        Min:  0.0, Avg:  0.0, Max:  0.0, Diff:  0.0, Sum:  0.0, Workers: 4
[488.324s][debug][gc,phases      ] GC(138)     Dead                           Min: 0, Avg:  0.0, Max: 0, Diff: 0, Sum: 0, Workers: 4
[488.324s][debug][gc,phases      ] GC(138)     Total                          Min: 0, Avg: 89.5, Max: 166, Diff: 166, Sum: 358, Workers: 4
[488.324s][debug][gc,phases      ] GC(138)   JVMTI Tag Weak OopStorage      Min:  0.0, Avg:  0.0, Max:  0.0, Diff:  0.0, Sum:  0.0, Workers: 4
[488.324s][debug][gc,phases      ] GC(138)     Dead                           Min: 0, Avg:  0.0, Max: 0, Diff: 0, Sum: 0, Workers: 4
[488.324s][debug][gc,phases      ] GC(138)     Total                          Min: 0, Avg:  0.0, Max: 0, Diff: 0, Sum: 0, Workers: 4
[488.324s][debug][gc,phases      ] GC(138)   StringTable Weak               Min:  0.1, Avg:  0.1, Max:  0.1, Diff:  0.0, Sum:  0.4, Workers: 4
[488.324s][debug][gc,phases      ] GC(138)     Dead                           Min: 0, Avg:  0.0, Max: 0, Diff: 0, Sum: 0, Workers: 4
[488.324s][debug][gc,phases      ] GC(138)     Total                          Min: 10880, Avg: 11981.0, Max: 13312, Diff: 2432, Sum: 47924, Workers: 4
[488.324s][debug][gc,phases      ] GC(138)   ResolvedMethodTable Weak       Min:  0.0, Avg:  0.0, Max:  0.0, Diff:  0.0, Sum:  0.1, Workers: 4
[488.324s][debug][gc,phases      ] GC(138)     Dead                           Min: 0, Avg:  0.0, Max: 0, Diff: 0, Sum: 0, Workers: 4
[488.324s][debug][gc,phases      ] GC(138)     Total                          Min: 1834, Avg: 1975.2, Max: 2094, Diff: 260, Sum: 7901, Workers: 4
[488.324s][debug][gc,phases      ] GC(138)   JNI Weak                       Min:  0.0, Avg:  0.0, Max:  0.0, Diff:  0.0, Sum:  0.0, Workers: 4
[488.324s][debug][gc,phases      ] GC(138)     Dead                           Min: 0, Avg:  0.0, Max: 0, Diff: 0, Sum: 0, Workers: 4
[488.324s][debug][gc,phases      ] GC(138)     Total                          Min: 0, Avg:  0.0, Max: 0, Diff: 0, Sum: 0, Workers: 4
[488.324s][debug][gc,phases      ] GC(138)   StringDedup Table Weak         Min:  0.0, Avg:  0.0, Max:  0.0, Diff:  0.0, Sum:  0.0, Workers: 4
[488.324s][debug][gc,phases      ] GC(138)     Dead                           Min: 0, Avg:  0.0, Max: 0, Diff: 0, Sum: 0, Workers: 4
[488.324s][debug][gc,phases      ] GC(138)     Total                          Min: 0, Avg:  0.0, Max: 0, Diff: 0, Sum: 0, Workers: 4
[488.324s][debug][gc,phases      ] GC(138)   StringDedup Requests0 Weak     Min:  0.0, Avg:  0.0, Max:  0.0, Diff:  0.0, Sum:  0.0, Workers: 4
[488.324s][debug][gc,phases      ] GC(138)     Dead                           Min: 0, Avg:  0.0, Max: 0, Diff: 0, Sum: 0, Workers: 4
[488.324s][debug][gc,phases      ] GC(138)     Total                          Min: 0, Avg:  0.0, Max: 0, Diff: 0, Sum: 0, Workers: 4
[488.324s][debug][gc,phases      ] GC(138)   StringDedup Requests1 Weak     Min:  0.0, Avg:  0.0, Max:  0.0, Diff:  0.0, Sum:  0.0, Workers: 4
[488.324s][debug][gc,phases      ] GC(138)     Dead                           Min: 0, Avg:  0.0, Max: 0, Diff: 0, Sum: 0, Workers: 4
[488.324s][debug][gc,phases      ] GC(138)     Total                          Min: 0, Avg:  0.0, Max: 0, Diff: 0, Sum: 0, Workers: 4
[488.324s][debug][gc,phases      ] GC(138)   Weak JFR Old Object Samples    Min:  0.0, Avg:  0.0, Max:  0.0, Diff:  0.0, Sum:  0.0, Workers: 4
[488.324s][debug][gc,phases      ] GC(138)     Dead                           Min: 0, Avg:  0.0, Max: 0, Diff: 0, Sum: 0, Workers: 4
[488.324s][debug][gc,phases      ] GC(138)     Total                          Min: 0, Avg:  0.0, Max: 0, Diff: 0, Sum: 0, Workers: 4
[488.324s][debug][gc,phases      ] GC(138) Weak Processing 0.337ms
[488.324s][debug][gc,age         ] GC(138) Desired survivor size 28311552 bytes, new threshold 15 (max threshold 15)
[488.324s][info ][gc,heap        ] GC(138) PSYoungGen: 2040496K(2064896K)->3040K(2069504K) Eden: 2034688K(2034688K)->0K(2040832K) From: 5808K(30208K)->3040K(28672K)
[488.324s][info ][gc,heap        ] GC(138) ParOldGen: 553609K(645632K)->556650K(645632K)
[488.324s][info ][gc,metaspace   ] GC(138) Metaspace: 81380K(82240K)->81380K(82240K) NonClass: 69934K(70400K)->69934K(70400K) Class: 11446K(11840K)->11446K(11840K)
[488.324s][info ][gc             ] GC(138) Pause Young (Allocation Failure) 2533M->546M(2651M) 5.794ms
[488.324s][info ][gc,cpu         ] GC(138) User=0.01s Sys=0.01s Real=0.01s
[488.324s][info ][safepoint      ] Safepoint "ParallelGCFailedAllocation", Time since last: 810275326 ns, Reaching safepoint: 32600 ns, At safepoint: 5872990 ns, Total: 5905590 ns
[494.324s][info ][safepoint      ] Safepoint "Cleanup", Time since last: 6000473498 ns, Reaching safepoint: 58501 ns, At safepoint: 21400 ns, Total: 79901 ns
[496.325s][info ][safepoint      ] Safepoint "Cleanup", Time since last: 2000284262 ns, Reaching safepoint: 128702 ns, At safepoint: 13900 ns, Total: 142602 ns
[497.325s][info ][safepoint      ] Safepoint "Cleanup", Time since last: 1000119429 ns, Reaching safepoint: 123102 ns, At safepoint: 18700 ns, Total: 141802 ns
[498.325s][info ][safepoint      ] Safepoint "Cleanup", Time since last: 1000103628 ns, Reaching safepoint: 48101 ns, At safepoint: 6300 ns, Total: 54401 ns
[501.267s][info ][gc,start       ] GC(139) Pause Young (Allocation Failure)
[501.271s][debug][gc,phases      ] GC(139) Scavenge 3.766ms
[501.271s][debug][gc,ref         ] GC(139) Skipped phase 1 of Reference Processing: no references
[501.271s][debug][gc,ref         ] GC(139) ReferenceProcessor::execute queues: 1, RefProcThreadModel::Single, marks_oops_alive: false
[501.271s][debug][gc,ref         ] GC(139) Skipped phase 3 of Reference Processing: no references
[501.271s][debug][gc,ref         ] GC(139) ReferenceProcessor::execute queues: 1, RefProcThreadModel::Single, marks_oops_alive: false
[501.271s][debug][gc,phases      ] GC(139) Reference Processing 0.159ms
[501.271s][debug][gc,phases      ] GC(139)   VM Weak                        Min:  0.0, Avg:  0.0, Max:  0.0, Diff:  0.0, Sum:  0.0, Workers: 4
[501.271s][debug][gc,phases      ] GC(139)     Dead                           Min: 0, Avg:  0.0, Max: 0, Diff: 0, Sum: 0, Workers: 4
[501.271s][debug][gc,phases      ] GC(139)     Total                          Min: 0, Avg: 166.8, Max: 667, Diff: 667, Sum: 667, Workers: 4
[501.271s][debug][gc,phases      ] GC(139)   ObjectSynchronizer Weak        Min:  0.0, Avg:  0.0, Max:  0.0, Diff:  0.0, Sum:  0.0, Workers: 4
[501.271s][debug][gc,phases      ] GC(139)     Dead                           Min: 0, Avg:  0.0, Max: 0, Diff: 0, Sum: 0, Workers: 4
[501.271s][debug][gc,phases      ] GC(139)     Total                          Min: 0, Avg: 89.8, Max: 359, Diff: 359, Sum: 359, Workers: 4
[501.271s][debug][gc,phases      ] GC(139)   JVMTI Tag Weak OopStorage      Min:  0.0, Avg:  0.0, Max:  0.0, Diff:  0.0, Sum:  0.0, Workers: 4
[501.271s][debug][gc,phases      ] GC(139)     Dead                           Min: 0, Avg:  0.0, Max: 0, Diff: 0, Sum: 0, Workers: 4
[501.271s][debug][gc,phases      ] GC(139)     Total                          Min: 0, Avg:  0.0, Max: 0, Diff: 0, Sum: 0, Workers: 4
[501.271s][debug][gc,phases      ] GC(139)   StringTable Weak               Min:  0.1, Avg:  0.1, Max:  0.1, Diff:  0.0, Sum:  0.4, Workers: 4
[501.271s][debug][gc,phases      ] GC(139)     Dead                           Min: 0, Avg:  0.0, Max: 0, Diff: 0, Sum: 0, Workers: 4
[501.271s][debug][gc,phases      ] GC(139)     Total                          Min: 11008, Avg: 11982.8, Max: 12667, Diff: 1659, Sum: 47931, Workers: 4
[501.271s][debug][gc,phases      ] GC(139)   ResolvedMethodTable Weak       Min:  0.0, Avg:  0.0, Max:  0.0, Diff:  0.0, Sum:  0.1, Workers: 4
[501.271s][debug][gc,phases      ] GC(139)     Dead                           Min: 0, Avg:  0.0, Max: 0, Diff: 0, Sum: 0, Workers: 4
[501.271s][debug][gc,phases      ] GC(139)     Total                          Min: 1901, Avg: 1975.2, Max: 2051, Diff: 150, Sum: 7901, Workers: 4
[501.271s][debug][gc,phases      ] GC(139)   JNI Weak                       Min:  0.0, Avg:  0.0, Max:  0.0, Diff:  0.0, Sum:  0.0, Workers: 4
[501.271s][debug][gc,phases      ] GC(139)     Dead                           Min: 0, Avg:  0.0, Max: 0, Diff: 0, Sum: 0, Workers: 4
[501.271s][debug][gc,phases      ] GC(139)     Total                          Min: 0, Avg:  0.0, Max: 0, Diff: 0, Sum: 0, Workers: 4
[501.271s][debug][gc,phases      ] GC(139)   StringDedup Table Weak         Min:  0.0, Avg:  0.0, Max:  0.0, Diff:  0.0, Sum:  0.0, Workers: 4
[501.271s][debug][gc,phases      ] GC(139)     Dead                           Min: 0, Avg:  0.0, Max: 0, Diff: 0, Sum: 0, Workers: 4
[501.271s][debug][gc,phases      ] GC(139)     Total                          Min: 0, Avg:  0.0, Max: 0, Diff: 0, Sum: 0, Workers: 4
[501.271s][debug][gc,phases      ] GC(139)   StringDedup Requests0 Weak     Min:  0.0, Avg:  0.0, Max:  0.0, Diff:  0.0, Sum:  0.1, Workers: 4
[501.271s][debug][gc,phases      ] GC(139)     Dead                           Min: 0, Avg:  0.0, Max: 0, Diff: 0, Sum: 0, Workers: 4
[501.271s][debug][gc,phases      ] GC(139)     Total                          Min: 0, Avg:  0.0, Max: 0, Diff: 0, Sum: 0, Workers: 4
[501.271s][debug][gc,phases      ] GC(139)   StringDedup Requests1 Weak     Min:  0.0, Avg:  0.0, Max:  0.0, Diff:  0.0, Sum:  0.0, Workers: 4
[501.271s][debug][gc,phases      ] GC(139)     Dead                           Min: 0, Avg:  0.0, Max: 0, Diff: 0, Sum: 0, Workers: 4
[501.271s][debug][gc,phases      ] GC(139)     Total                          Min: 0, Avg:  0.0, Max: 0, Diff: 0, Sum: 0, Workers: 4
[501.271s][debug][gc,phases      ] GC(139)   Weak JFR Old Object Samples    Min:  0.0, Avg:  0.0, Max:  0.0, Diff:  0.0, Sum:  0.0, Workers: 4
[501.271s][debug][gc,phases      ] GC(139)     Dead                           Min: 0, Avg:  0.0, Max: 0, Diff: 0, Sum: 0, Workers: 4
[501.271s][debug][gc,phases      ] GC(139)     Total                          Min: 0, Avg:  0.0, Max: 0, Diff: 0, Sum: 0, Workers: 4
[501.271s][debug][gc,phases      ] GC(139) Weak Processing 0.418ms
[501.271s][debug][gc,age         ] GC(139) Desired survivor size 26738688 bytes, new threshold 15 (max threshold 15)
[501.271s][info ][gc,heap        ] GC(139) PSYoungGen: 2043872K(2069504K)->2592K(2068480K) Eden: 2040832K(2040832K)->0K(2040832K) From: 3040K(28672K)->2592K(27648K)
[501.271s][info ][gc,heap        ] GC(139) ParOldGen: 556650K(645632K)->556834K(645632K)
[501.271s][info ][gc,metaspace   ] GC(139) Metaspace: 81405K(82240K)->81405K(82240K) NonClass: 69959K(70400K)->69959K(70400K) Class: 11446K(11840K)->11446K(11840K)
[501.271s][info ][gc             ] GC(139) Pause Young (Allocation Failure) 2539M->546M(2650M) 4.507ms
[501.271s][info ][gc,cpu         ] GC(139) User=0.01s Sys=0.00s Real=0.01s
[501.271s][info ][safepoint      ] Safepoint "ParallelGCFailedAllocation", Time since last: 2941557680 ns, Reaching safepoint: 56901 ns, At safepoint: 4606170 ns, Total: 4663071 ns
[502.272s][info ][safepoint      ] Safepoint "Cleanup", Time since last: 1000094225 ns, Reaching safepoint: 134002 ns, At safepoint: 13000 ns, Total: 147002 ns
[503.272s][info ][safepoint      ] Safepoint "Cleanup", Time since last: 1000116725 ns, Reaching safepoint: 57101 ns, At safepoint: 11200 ns, Total: 68301 ns
[512.273s][info ][safepoint      ] Safepoint "Cleanup", Time since last: 9000725481 ns, Reaching safepoint: 131102 ns, At safepoint: 11300 ns, Total: 142402 ns
[513.273s][info ][safepoint      ] Safepoint "Cleanup", Time since last: 1000122917 ns, Reaching safepoint: 124102 ns, At safepoint: 12800 ns, Total: 136902 ns
[514.273s][info ][safepoint      ] Safepoint "Cleanup", Time since last: 1000124716 ns, Reaching safepoint: 120702 ns, At safepoint: 6000 ns, Total: 126702 ns
[515.019s][info ][gc,start       ] GC(140) Pause Young (Allocation Failure)
[515.023s][debug][gc,phases      ] GC(140) Scavenge 3.933ms
[515.023s][debug][gc,ref         ] GC(140) Skipped phase 1 of Reference Processing: no references
[515.023s][debug][gc,ref         ] GC(140) ReferenceProcessor::execute queues: 1, RefProcThreadModel::Single, marks_oops_alive: false
[515.023s][debug][gc,ref         ] GC(140) Skipped phase 3 of Reference Processing: no references
[515.023s][debug][gc,ref         ] GC(140) ReferenceProcessor::execute queues: 1, RefProcThreadModel::Single, marks_oops_alive: false
[515.023s][debug][gc,phases      ] GC(140) Reference Processing 0.119ms
[515.024s][debug][gc,phases      ] GC(140)   VM Weak                        Min:  0.0, Avg:  0.0, Max:  0.0, Diff:  0.0, Sum:  0.0, Workers: 4
[515.024s][debug][gc,phases      ] GC(140)     Dead                           Min: 0, Avg:  0.0, Max: 0, Diff: 0, Sum: 0, Workers: 4
[515.024s][debug][gc,phases      ] GC(140)     Total                          Min: 0, Avg: 166.8, Max: 667, Diff: 667, Sum: 667, Workers: 4
[515.024s][debug][gc,phases      ] GC(140)   ObjectSynchronizer Weak        Min:  0.0, Avg:  0.0, Max:  0.0, Diff:  0.0, Sum:  0.0, Workers: 4
[515.024s][debug][gc,phases      ] GC(140)     Dead                           Min: 0, Avg:  0.0, Max: 0, Diff: 0, Sum: 0, Workers: 4
[515.024s][debug][gc,phases      ] GC(140)     Total                          Min: 0, Avg: 89.8, Max: 167, Diff: 167, Sum: 359, Workers: 4
[515.024s][debug][gc,phases      ] GC(140)   JVMTI Tag Weak OopStorage      Min:  0.0, Avg:  0.0, Max:  0.0, Diff:  0.0, Sum:  0.0, Workers: 4
[515.024s][debug][gc,phases      ] GC(140)     Dead                           Min: 0, Avg:  0.0, Max: 0, Diff: 0, Sum: 0, Workers: 4
[515.024s][debug][gc,phases      ] GC(140)     Total                          Min: 0, Avg:  0.0, Max: 0, Diff: 0, Sum: 0, Workers: 4
[515.024s][debug][gc,phases      ] GC(140)   StringTable Weak               Min:  0.1, Avg:  0.1, Max:  0.1, Diff:  0.0, Sum:  0.4, Workers: 4
[515.024s][debug][gc,phases      ] GC(140)     Dead                           Min: 0, Avg:  0.0, Max: 0, Diff: 0, Sum: 0, Workers: 4
[515.024s][debug][gc,phases      ] GC(140)     Total                          Min: 11515, Avg: 11982.8, Max: 12416, Diff: 901, Sum: 47931, Workers: 4
[515.024s][debug][gc,phases      ] GC(140)   ResolvedMethodTable Weak       Min:  0.0, Avg:  0.0, Max:  0.0, Diff:  0.0, Sum:  0.1, Workers: 4
[515.024s][debug][gc,phases      ] GC(140)     Dead                           Min: 0, Avg:  0.0, Max: 0, Diff: 0, Sum: 0, Workers: 4
[515.024s][debug][gc,phases      ] GC(140)     Total                          Min: 1908, Avg: 1975.2, Max: 2082, Diff: 174, Sum: 7901, Workers: 4
[515.024s][debug][gc,phases      ] GC(140)   JNI Weak                       Min:  0.0, Avg:  0.0, Max:  0.0, Diff:  0.0, Sum:  0.0, Workers: 4
[515.024s][debug][gc,phases      ] GC(140)     Dead                           Min: 0, Avg:  0.0, Max: 0, Diff: 0, Sum: 0, Workers: 4
[515.024s][debug][gc,phases      ] GC(140)     Total                          Min: 0, Avg:  0.0, Max: 0, Diff: 0, Sum: 0, Workers: 4
[515.024s][debug][gc,phases      ] GC(140)   StringDedup Table Weak         Min:  0.0, Avg:  0.0, Max:  0.0, Diff:  0.0, Sum:  0.0, Workers: 4
[515.024s][debug][gc,phases      ] GC(140)     Dead                           Min: 0, Avg:  0.0, Max: 0, Diff: 0, Sum: 0, Workers: 4
[515.024s][debug][gc,phases      ] GC(140)     Total                          Min: 0, Avg:  0.0, Max: 0, Diff: 0, Sum: 0, Workers: 4
[515.024s][debug][gc,phases      ] GC(140)   StringDedup Requests0 Weak     Min:  0.0, Avg:  0.0, Max:  0.0, Diff:  0.0, Sum:  0.0, Workers: 4
[515.024s][debug][gc,phases      ] GC(140)     Dead                           Min: 0, Avg:  0.0, Max: 0, Diff: 0, Sum: 0, Workers: 4
[515.024s][debug][gc,phases      ] GC(140)     Total                          Min: 0, Avg:  0.0, Max: 0, Diff: 0, Sum: 0, Workers: 4
[515.024s][debug][gc,phases      ] GC(140)   StringDedup Requests1 Weak     Min:  0.0, Avg:  0.0, Max:  0.0, Diff:  0.0, Sum:  0.0, Workers: 4
[515.024s][debug][gc,phases      ] GC(140)     Dead                           Min: 0, Avg:  0.0, Max: 0, Diff: 0, Sum: 0, Workers: 4
[515.024s][debug][gc,phases      ] GC(140)     Total                          Min: 0, Avg:  0.0, Max: 0, Diff: 0, Sum: 0, Workers: 4
[515.024s][debug][gc,phases      ] GC(140)   Weak JFR Old Object Samples    Min:  0.0, Avg:  0.0, Max:  0.0, Diff:  0.0, Sum:  0.0, Workers: 4
[515.024s][debug][gc,phases      ] GC(140)     Dead                           Min: 0, Avg:  0.0, Max: 0, Diff: 0, Sum: 0, Workers: 4
[515.024s][debug][gc,phases      ] GC(140)     Total                          Min: 0, Avg:  0.0, Max: 0, Diff: 0, Sum: 0, Workers: 4
[515.024s][debug][gc,phases      ] GC(140) Weak Processing 0.362ms
[515.024s][debug][gc,age         ] GC(140) Desired survivor size 25690112 bytes, new threshold 15 (max threshold 15)
[515.024s][info ][gc,heap        ] GC(140) PSYoungGen: 2043424K(2068480K)->2960K(2072064K) Eden: 2040832K(2040832K)->0K(2045952K) From: 2592K(27648K)->2960K(26112K)
[515.024s][info ][gc,heap        ] GC(140) ParOldGen: 556834K(645632K)->556898K(645632K)
[515.024s][info ][gc,metaspace   ] GC(140) Metaspace: 81417K(82240K)->81417K(82240K) NonClass: 69971K(70400K)->69971K(70400K) Class: 11446K(11840K)->11446K(11840K)
[515.024s][info ][gc             ] GC(140) Pause Young (Allocation Failure) 2539M->546M(2654M) 4.556ms
[515.024s][info ][gc,cpu         ] GC(140) User=0.02s Sys=0.00s Real=0.01s
[515.024s][info ][safepoint      ] Safepoint "ParallelGCFailedAllocation", Time since last: 745917723 ns, Reaching safepoint: 46200 ns, At safepoint: 4637571 ns, Total: 4683771 ns
[516.024s][info ][safepoint      ] Safepoint "Cleanup", Time since last: 1000094815 ns, Reaching safepoint: 138402 ns, At safepoint: 9600 ns, Total: 148002 ns
[517.024s][info ][safepoint      ] Safepoint "Cleanup", Time since last: 1000108414 ns, Reaching safepoint: 120302 ns, At safepoint: 6700 ns, Total: 127002 ns
[520.025s][info ][safepoint      ] Safepoint "Cleanup", Time since last: 3000245135 ns, Reaching safepoint: 126002 ns, At safepoint: 11701 ns, Total: 137703 ns
[525.679s][info ][gc,start       ] GC(141) Pause Young (Allocation Failure)
[525.683s][debug][gc,phases      ] GC(141) Scavenge 3.327ms
[525.683s][debug][gc,ref         ] GC(141) Skipped phase 1 of Reference Processing: no references
[525.683s][debug][gc,ref         ] GC(141) ReferenceProcessor::execute queues: 1, RefProcThreadModel::Single, marks_oops_alive: false
[525.683s][debug][gc,ref         ] GC(141) Skipped phase 3 of Reference Processing: no references
[525.683s][debug][gc,ref         ] GC(141) ReferenceProcessor::execute queues: 1, RefProcThreadModel::Single, marks_oops_alive: false
[525.683s][debug][gc,phases      ] GC(141) Reference Processing 0.152ms
[525.683s][debug][gc,phases      ] GC(141)   VM Weak                        Min:  0.0, Avg:  0.0, Max:  0.0, Diff:  0.0, Sum:  0.0, Workers: 4
[525.683s][debug][gc,phases      ] GC(141)     Dead                           Min: 0, Avg:  0.0, Max: 0, Diff: 0, Sum: 0, Workers: 4
[525.683s][debug][gc,phases      ] GC(141)     Total                          Min: 0, Avg: 166.8, Max: 667, Diff: 667, Sum: 667, Workers: 4
[525.683s][debug][gc,phases      ] GC(141)   ObjectSynchronizer Weak        Min:  0.0, Avg:  0.0, Max:  0.0, Diff:  0.0, Sum:  0.0, Workers: 4
[525.683s][debug][gc,phases      ] GC(141)     Dead                           Min: 0, Avg:  0.0, Max: 0, Diff: 0, Sum: 0, Workers: 4
[525.683s][debug][gc,phases      ] GC(141)     Total                          Min: 0, Avg: 89.8, Max: 359, Diff: 359, Sum: 359, Workers: 4
[525.683s][debug][gc,phases      ] GC(141)   JVMTI Tag Weak OopStorage      Min:  0.0, Avg:  0.0, Max:  0.0, Diff:  0.0, Sum:  0.0, Workers: 4
[525.683s][debug][gc,phases      ] GC(141)     Dead                           Min: 0, Avg:  0.0, Max: 0, Diff: 0, Sum: 0, Workers: 4
[525.683s][debug][gc,phases      ] GC(141)     Total                          Min: 0, Avg:  0.0, Max: 0, Diff: 0, Sum: 0, Workers: 4
[525.683s][debug][gc,phases      ] GC(141)   StringTable Weak               Min:  0.1, Avg:  0.1, Max:  0.1, Diff:  0.0, Sum:  0.4, Workers: 4
[525.683s][debug][gc,phases      ] GC(141)     Dead                           Min: 0, Avg:  0.0, Max: 0, Diff: 0, Sum: 0, Workers: 4
[525.683s][debug][gc,phases      ] GC(141)     Total                          Min: 10816, Avg: 11983.2, Max: 13120, Diff: 2304, Sum: 47933, Workers: 4
[525.683s][debug][gc,phases      ] GC(141)   ResolvedMethodTable Weak       Min:  0.0, Avg:  0.0, Max:  0.0, Diff:  0.0, Sum:  0.1, Workers: 4
[525.683s][debug][gc,phases      ] GC(141)     Dead                           Min: 0, Avg:  0.0, Max: 0, Diff: 0, Sum: 0, Workers: 4
[525.683s][debug][gc,phases      ] GC(141)     Total                          Min: 1629, Avg: 1975.2, Max: 2238, Diff: 609, Sum: 7901, Workers: 4
[525.683s][debug][gc,phases      ] GC(141)   JNI Weak                       Min:  0.0, Avg:  0.0, Max:  0.0, Diff:  0.0, Sum:  0.0, Workers: 4
[525.683s][debug][gc,phases      ] GC(141)     Dead                           Min: 0, Avg:  0.0, Max: 0, Diff: 0, Sum: 0, Workers: 4
[525.683s][debug][gc,phases      ] GC(141)     Total                          Min: 0, Avg:  0.0, Max: 0, Diff: 0, Sum: 0, Workers: 4
[525.683s][debug][gc,phases      ] GC(141)   StringDedup Table Weak         Min:  0.0, Avg:  0.0, Max:  0.0, Diff:  0.0, Sum:  0.0, Workers: 4
[525.683s][debug][gc,phases      ] GC(141)     Dead                           Min: 0, Avg:  0.0, Max: 0, Diff: 0, Sum: 0, Workers: 4
[525.683s][debug][gc,phases      ] GC(141)     Total                          Min: 0, Avg:  0.0, Max: 0, Diff: 0, Sum: 0, Workers: 4
[525.683s][debug][gc,phases      ] GC(141)   StringDedup Requests0 Weak     Min:  0.0, Avg:  0.0, Max:  0.0, Diff:  0.0, Sum:  0.0, Workers: 4
[525.683s][debug][gc,phases      ] GC(141)     Dead                           Min: 0, Avg:  0.0, Max: 0, Diff: 0, Sum: 0, Workers: 4
[525.683s][debug][gc,phases      ] GC(141)     Total                          Min: 0, Avg:  0.0, Max: 0, Diff: 0, Sum: 0, Workers: 4
[525.683s][debug][gc,phases      ] GC(141)   StringDedup Requests1 Weak     Min:  0.0, Avg:  0.0, Max:  0.0, Diff:  0.0, Sum:  0.0, Workers: 4
[525.683s][debug][gc,phases      ] GC(141)     Dead                           Min: 0, Avg:  0.0, Max: 0, Diff: 0, Sum: 0, Workers: 4
[525.683s][debug][gc,phases      ] GC(141)     Total                          Min: 0, Avg:  0.0, Max: 0, Diff: 0, Sum: 0, Workers: 4
[525.683s][debug][gc,phases      ] GC(141)   Weak JFR Old Object Samples    Min:  0.0, Avg:  0.0, Max:  0.0, Diff:  0.0, Sum:  0.0, Workers: 4
[525.683s][debug][gc,phases      ] GC(141)     Dead                           Min: 0, Avg:  0.0, Max: 0, Diff: 0, Sum: 0, Workers: 4
[525.683s][debug][gc,phases      ] GC(141)     Total                          Min: 0, Avg:  0.0, Max: 0, Diff: 0, Sum: 0, Workers: 4
[525.683s][debug][gc,phases      ] GC(141) Weak Processing 0.450ms
[525.683s][debug][gc,age         ] GC(141) Desired survivor size 24641536 bytes, new threshold 15 (max threshold 15)
[525.683s][info ][gc,heap        ] GC(141) PSYoungGen: 2048912K(2072064K)->3381K(2071040K) Eden: 2045952K(2045952K)->0K(2045952K) From: 2960K(26112K)->3381K(25088K)
[525.683s][info ][gc,heap        ] GC(141) ParOldGen: 556898K(645632K)->556930K(645632K)
[525.683s][info ][gc,metaspace   ] GC(141) Metaspace: 81419K(82304K)->81419K(82304K) NonClass: 69973K(70464K)->69973K(70464K) Class: 11446K(11840K)->11446K(11840K)
[525.683s][info ][gc             ] GC(141) Pause Young (Allocation Failure) 2544M->547M(2653M) 4.095ms
[525.683s][info ][gc,cpu         ] GC(141) User=0.00s Sys=0.01s Real=0.01s
[525.683s][info ][safepoint      ] Safepoint "ParallelGCFailedAllocation", Time since last: 5654251551 ns, Reaching safepoint: 134802 ns, At safepoint: 4205065 ns, Total: 4339867 ns
[526.684s][info ][safepoint      ] Safepoint "Cleanup", Time since last: 1000085906 ns, Reaching safepoint: 45800 ns, At safepoint: 39801 ns, Total: 85601 ns
[529.684s][info ][safepoint      ] Safepoint "Cleanup", Time since last: 3000228114 ns, Reaching safepoint: 48800 ns, At safepoint: 3301 ns, Total: 52101 ns
[530.684s][info ][safepoint      ] Safepoint "Cleanup", Time since last: 1000103103 ns, Reaching safepoint: 46601 ns, At safepoint: 10200 ns, Total: 56801 ns
[533.684s][info ][safepoint      ] Safepoint "Cleanup", Time since last: 3000243005 ns, Reaching safepoint: 57501 ns, At safepoint: 14300 ns, Total: 71801 ns
[534.684s][info ][safepoint      ] Safepoint "Cleanup", Time since last: 1000118501 ns, Reaching safepoint: 54601 ns, At safepoint: 11700 ns, Total: 66301 ns
[536.685s][info ][safepoint      ] Safepoint "Cleanup", Time since last: 2000178798 ns, Reaching safepoint: 52101 ns, At safepoint: 6400 ns, Total: 58501 ns
[539.076s][info ][gc,start       ] GC(142) Pause Young (Allocation Failure)
[539.080s][debug][gc,phases      ] GC(142) Scavenge 3.250ms
[539.080s][debug][gc,ref         ] GC(142) Skipped phase 1 of Reference Processing: no references
[539.080s][debug][gc,ref         ] GC(142) ReferenceProcessor::execute queues: 1, RefProcThreadModel::Single, marks_oops_alive: false
[539.080s][debug][gc,ref         ] GC(142) Skipped phase 3 of Reference Processing: no references
[539.080s][debug][gc,ref         ] GC(142) ReferenceProcessor::execute queues: 1, RefProcThreadModel::Single, marks_oops_alive: false
[539.080s][debug][gc,phases      ] GC(142) Reference Processing 0.117ms
[539.080s][debug][gc,phases      ] GC(142)   VM Weak                        Min:  0.0, Avg:  0.0, Max:  0.0, Diff:  0.0, Sum:  0.0, Workers: 4
[539.080s][debug][gc,phases      ] GC(142)     Dead                           Min: 0, Avg:  0.0, Max: 0, Diff: 0, Sum: 0, Workers: 4
[539.080s][debug][gc,phases      ] GC(142)     Total                          Min: 0, Avg: 166.8, Max: 539, Diff: 539, Sum: 667, Workers: 4
[539.080s][debug][gc,phases      ] GC(142)   ObjectSynchronizer Weak        Min:  0.0, Avg:  0.0, Max:  0.0, Diff:  0.0, Sum:  0.0, Workers: 4
[539.080s][debug][gc,phases      ] GC(142)     Dead                           Min: 0, Avg:  0.0, Max: 0, Diff: 0, Sum: 0, Workers: 4
[539.080s][debug][gc,phases      ] GC(142)     Total                          Min: 0, Avg: 89.8, Max: 192, Diff: 192, Sum: 359, Workers: 4
[539.080s][debug][gc,phases      ] GC(142)   JVMTI Tag Weak OopStorage      Min:  0.0, Avg:  0.0, Max:  0.0, Diff:  0.0, Sum:  0.0, Workers: 4
[539.080s][debug][gc,phases      ] GC(142)     Dead                           Min: 0, Avg:  0.0, Max: 0, Diff: 0, Sum: 0, Workers: 4
[539.080s][debug][gc,phases      ] GC(142)     Total                          Min: 0, Avg:  0.0, Max: 0, Diff: 0, Sum: 0, Workers: 4
[539.080s][debug][gc,phases      ] GC(142)   StringTable Weak               Min:  0.1, Avg:  0.1, Max:  0.1, Diff:  0.0, Sum:  0.4, Workers: 4
[539.080s][debug][gc,phases      ] GC(142)     Dead                           Min: 0, Avg:  0.0, Max: 0, Diff: 0, Sum: 0, Workers: 4
[539.080s][debug][gc,phases      ] GC(142)     Total                          Min: 9536, Avg: 11985.2, Max: 13253, Diff: 3717, Sum: 47941, Workers: 4
[539.080s][debug][gc,phases      ] GC(142)   ResolvedMethodTable Weak       Min:  0.0, Avg:  0.0, Max:  0.0, Diff:  0.0, Sum:  0.1, Workers: 4
[539.080s][debug][gc,phases      ] GC(142)     Dead                           Min: 0, Avg:  0.0, Max: 0, Diff: 0, Sum: 0, Workers: 4
[539.080s][debug][gc,phases      ] GC(142)     Total                          Min: 1754, Avg: 1975.2, Max: 2152, Diff: 398, Sum: 7901, Workers: 4
[539.080s][debug][gc,phases      ] GC(142)   JNI Weak                       Min:  0.0, Avg:  0.0, Max:  0.0, Diff:  0.0, Sum:  0.0, Workers: 4
[539.080s][debug][gc,phases      ] GC(142)     Dead                           Min: 0, Avg:  0.0, Max: 0, Diff: 0, Sum: 0, Workers: 4
[539.080s][debug][gc,phases      ] GC(142)     Total                          Min: 0, Avg:  0.0, Max: 0, Diff: 0, Sum: 0, Workers: 4
[539.080s][debug][gc,phases      ] GC(142)   StringDedup Table Weak         Min:  0.0, Avg:  0.0, Max:  0.0, Diff:  0.0, Sum:  0.0, Workers: 4
[539.080s][debug][gc,phases      ] GC(142)     Dead                           Min: 0, Avg:  0.0, Max: 0, Diff: 0, Sum: 0, Workers: 4
[539.080s][debug][gc,phases      ] GC(142)     Total                          Min: 0, Avg:  0.0, Max: 0, Diff: 0, Sum: 0, Workers: 4
[539.080s][debug][gc,phases      ] GC(142)   StringDedup Requests0 Weak     Min:  0.0, Avg:  0.0, Max:  0.0, Diff:  0.0, Sum:  0.0, Workers: 4
[539.080s][debug][gc,phases      ] GC(142)     Dead                           Min: 0, Avg:  0.0, Max: 0, Diff: 0, Sum: 0, Workers: 4
[539.080s][debug][gc,phases      ] GC(142)     Total                          Min: 0, Avg:  0.0, Max: 0, Diff: 0, Sum: 0, Workers: 4
[539.080s][debug][gc,phases      ] GC(142)   StringDedup Requests1 Weak     Min:  0.0, Avg:  0.0, Max:  0.0, Diff:  0.0, Sum:  0.0, Workers: 4
[539.080s][debug][gc,phases      ] GC(142)     Dead                           Min: 0, Avg:  0.0, Max: 0, Diff: 0, Sum: 0, Workers: 4
[539.080s][debug][gc,phases      ] GC(142)     Total                          Min: 0, Avg:  0.0, Max: 0, Diff: 0, Sum: 0, Workers: 4
[539.080s][debug][gc,phases      ] GC(142)   Weak JFR Old Object Samples    Min:  0.0, Avg:  0.0, Max:  0.0, Diff:  0.0, Sum:  0.0, Workers: 4
[539.080s][debug][gc,phases      ] GC(142)     Dead                           Min: 0, Avg:  0.0, Max: 0, Diff: 0, Sum: 0, Workers: 4
[539.080s][debug][gc,phases      ] GC(142)     Total                          Min: 0, Avg:  0.0, Max: 0, Diff: 0, Sum: 0, Workers: 4
[539.080s][debug][gc,phases      ] GC(142) Weak Processing 0.318ms
[539.080s][debug][gc,age         ] GC(142) Desired survivor size 23068672 bytes, new threshold 15 (max threshold 15)
[539.080s][info ][gc,heap        ] GC(142) PSYoungGen: 2049333K(2071040K)->2640K(2074624K) Eden: 2045952K(2045952K)->0K(2050560K) From: 3381K(25088K)->2640K(24064K)
[539.080s][info ][gc,heap        ] GC(142) ParOldGen: 556930K(645632K)->556962K(645632K)
[539.080s][info ][gc,metaspace   ] GC(142) Metaspace: 81431K(82304K)->81431K(82304K) NonClass: 69984K(70464K)->69984K(70464K) Class: 11446K(11840K)->11446K(11840K)
[539.080s][info ][gc             ] GC(142) Pause Young (Allocation Failure) 2545M->546M(2656M) 3.820ms
[539.080s][info ][gc,cpu         ] GC(142) User=0.01s Sys=0.00s Real=0.00s
[539.080s][info ][safepoint      ] Safepoint "ParallelGCFailedAllocation", Time since last: 2391514682 ns, Reaching safepoint: 41700 ns, At safepoint: 3903560 ns, Total: 3945260 ns
[540.080s][info ][safepoint      ] Safepoint "Cleanup", Time since last: 1000100996 ns, Reaching safepoint: 58001 ns, At safepoint: 8000 ns, Total: 66001 ns
[543.081s][info ][safepoint      ] Safepoint "Cleanup", Time since last: 3000247885 ns, Reaching safepoint: 51001 ns, At safepoint: 5500 ns, Total: 56501 ns
[548.081s][info ][safepoint      ] Safepoint "Cleanup", Time since last: 5000298158 ns, Reaching safepoint: 50301 ns, At safepoint: 8400 ns, Total: 58701 ns
[552.081s][info ][safepoint      ] Safepoint "Cleanup", Time since last: 4000284854 ns, Reaching safepoint: 55001 ns, At safepoint: 3500 ns, Total: 58501 ns
[553.081s][info ][safepoint      ] Safepoint "Cleanup", Time since last: 1000102787 ns, Reaching safepoint: 46101 ns, At safepoint: 4800 ns, Total: 50901 ns
[553.095s][info ][gc,start       ] GC(143) Pause Young (Allocation Failure)
[553.099s][debug][gc,phases      ] GC(143) Scavenge 3.223ms
[553.099s][debug][gc,ref         ] GC(143) Skipped phase 1 of Reference Processing: no references
[553.099s][debug][gc,ref         ] GC(143) ReferenceProcessor::execute queues: 1, RefProcThreadModel::Single, marks_oops_alive: false
[553.099s][debug][gc,ref         ] GC(143) Skipped phase 3 of Reference Processing: no references
[553.099s][debug][gc,ref         ] GC(143) ReferenceProcessor::execute queues: 1, RefProcThreadModel::Single, marks_oops_alive: false
[553.099s][debug][gc,phases      ] GC(143) Reference Processing 0.134ms
[553.099s][debug][gc,phases      ] GC(143)   VM Weak                        Min:  0.0, Avg:  0.0, Max:  0.0, Diff:  0.0, Sum:  0.0, Workers: 4
[553.099s][debug][gc,phases      ] GC(143)     Dead                           Min: 0, Avg:  0.0, Max: 0, Diff: 0, Sum: 0, Workers: 4
[553.099s][debug][gc,phases      ] GC(143)     Total                          Min: 0, Avg: 166.8, Max: 347, Diff: 347, Sum: 667, Workers: 4
[553.099s][debug][gc,phases      ] GC(143)   ObjectSynchronizer Weak        Min:  0.0, Avg:  0.0, Max:  0.0, Diff:  0.0, Sum:  0.0, Workers: 4
[553.099s][debug][gc,phases      ] GC(143)     Dead                           Min: 0, Avg:  0.0, Max: 0, Diff: 0, Sum: 0, Workers: 4
[553.099s][debug][gc,phases      ] GC(143)     Total                          Min: 0, Avg: 89.8, Max: 192, Diff: 192, Sum: 359, Workers: 4
[553.099s][debug][gc,phases      ] GC(143)   JVMTI Tag Weak OopStorage      Min:  0.0, Avg:  0.0, Max:  0.0, Diff:  0.0, Sum:  0.0, Workers: 4
[553.099s][debug][gc,phases      ] GC(143)     Dead                           Min: 0, Avg:  0.0, Max: 0, Diff: 0, Sum: 0, Workers: 4
[553.099s][debug][gc,phases      ] GC(143)     Total                          Min: 0, Avg:  0.0, Max: 0, Diff: 0, Sum: 0, Workers: 4
[553.099s][debug][gc,phases      ] GC(143)   StringTable Weak               Min:  0.1, Avg:  0.1, Max:  0.1, Diff:  0.0, Sum:  0.4, Workers: 4
[553.099s][debug][gc,phases      ] GC(143)     Dead                           Min: 0, Avg:  0.0, Max: 0, Diff: 0, Sum: 0, Workers: 4
[553.099s][debug][gc,phases      ] GC(143)     Total                          Min: 11136, Avg: 11985.8, Max: 12551, Diff: 1415, Sum: 47943, Workers: 4
[553.099s][debug][gc,phases      ] GC(143)   ResolvedMethodTable Weak       Min:  0.0, Avg:  0.0, Max:  0.0, Diff:  0.0, Sum:  0.1, Workers: 4
[553.099s][debug][gc,phases      ] GC(143)     Dead                           Min: 0, Avg:  0.0, Max: 0, Diff: 0, Sum: 0, Workers: 4
[553.099s][debug][gc,phases      ] GC(143)     Total                          Min: 1790, Avg: 1975.2, Max: 2279, Diff: 489, Sum: 7901, Workers: 4
[553.099s][debug][gc,phases      ] GC(143)   JNI Weak                       Min:  0.0, Avg:  0.0, Max:  0.0, Diff:  0.0, Sum:  0.0, Workers: 4
[553.099s][debug][gc,phases      ] GC(143)     Dead                           Min: 0, Avg:  0.0, Max: 0, Diff: 0, Sum: 0, Workers: 4
[553.099s][debug][gc,phases      ] GC(143)     Total                          Min: 0, Avg:  0.0, Max: 0, Diff: 0, Sum: 0, Workers: 4
[553.099s][debug][gc,phases      ] GC(143)   StringDedup Table Weak         Min:  0.0, Avg:  0.0, Max:  0.0, Diff:  0.0, Sum:  0.0, Workers: 4
[553.099s][debug][gc,phases      ] GC(143)     Dead                           Min: 0, Avg:  0.0, Max: 0, Diff: 0, Sum: 0, Workers: 4
[553.099s][debug][gc,phases      ] GC(143)     Total                          Min: 0, Avg:  0.0, Max: 0, Diff: 0, Sum: 0, Workers: 4
[553.099s][debug][gc,phases      ] GC(143)   StringDedup Requests0 Weak     Min:  0.0, Avg:  0.0, Max:  0.0, Diff:  0.0, Sum:  0.0, Workers: 4
[553.099s][debug][gc,phases      ] GC(143)     Dead                           Min: 0, Avg:  0.0, Max: 0, Diff: 0, Sum: 0, Workers: 4
[553.099s][debug][gc,phases      ] GC(143)     Total                          Min: 0, Avg:  0.0, Max: 0, Diff: 0, Sum: 0, Workers: 4
[553.099s][debug][gc,phases      ] GC(143)   StringDedup Requests1 Weak     Min:  0.0, Avg:  0.0, Max:  0.0, Diff:  0.0, Sum:  0.0, Workers: 4
[553.099s][debug][gc,phases      ] GC(143)     Dead                           Min: 0, Avg:  0.0, Max: 0, Diff: 0, Sum: 0, Workers: 4
[553.099s][debug][gc,phases      ] GC(143)     Total                          Min: 0, Avg:  0.0, Max: 0, Diff: 0, Sum: 0, Workers: 4
[553.099s][debug][gc,phases      ] GC(143)   Weak JFR Old Object Samples    Min:  0.0, Avg:  0.0, Max:  0.0, Diff:  0.0, Sum:  0.0, Workers: 4
[553.099s][debug][gc,phases      ] GC(143)     Dead                           Min: 0, Avg:  0.0, Max: 0, Diff: 0, Sum: 0, Workers: 4
[553.099s][debug][gc,phases      ] GC(143)     Total                          Min: 0, Avg:  0.0, Max: 0, Diff: 0, Sum: 0, Workers: 4
[553.099s][debug][gc,phases      ] GC(143) Weak Processing 0.312ms
[553.099s][debug][gc,age         ] GC(143) Desired survivor size 22020096 bytes, new threshold 15 (max threshold 15)
[553.099s][info ][gc,heap        ] GC(143) PSYoungGen: 2053200K(2074624K)->2624K(2073088K) Eden: 2050560K(2050560K)->0K(2050560K) From: 2640K(24064K)->2624K(22528K)
[553.099s][info ][gc,heap        ] GC(143) ParOldGen: 556962K(645632K)->556994K(645632K)
[553.099s][info ][gc,metaspace   ] GC(143) Metaspace: 81437K(82304K)->81437K(82304K) NonClass: 69990K(70464K)->69990K(70464K) Class: 11446K(11840K)->11446K(11840K)
[553.099s][info ][gc             ] GC(143) Pause Young (Allocation Failure) 2548M->546M(2655M) 3.779ms
[553.099s][info ][gc,cpu         ] GC(143) User=0.01s Sys=0.00s Real=0.00s
[553.099s][info ][safepoint      ] Safepoint "ParallelGCFailedAllocation", Time since last: 13747810 ns, Reaching safepoint: 18701 ns, At safepoint: 3854358 ns, Total: 3873059 ns
[554.099s][info ][safepoint      ] Safepoint "Cleanup", Time since last: 1000048686 ns, Reaching safepoint: 45401 ns, At safepoint: 6000 ns, Total: 51401 ns
[557.099s][info ][safepoint      ] Safepoint "Cleanup", Time since last: 3000218854 ns, Reaching safepoint: 44201 ns, At safepoint: 3500 ns, Total: 47701 ns
[558.100s][info ][safepoint      ] Safepoint "Cleanup", Time since last: 1000111684 ns, Reaching safepoint: 76901 ns, At safepoint: 5900 ns, Total: 82801 ns
[559.100s][info ][safepoint      ] Safepoint "Cleanup", Time since last: 1000104883 ns, Reaching safepoint: 46101 ns, At safepoint: 7400 ns, Total: 53501 ns
[560.100s][info ][safepoint      ] Safepoint "Cleanup", Time since last: 1000113082 ns, Reaching safepoint: 48001 ns, At safepoint: 7400 ns, Total: 55401 ns
[561.100s][info ][safepoint      ] Safepoint "Cleanup", Time since last: 1000106382 ns, Reaching safepoint: 48201 ns, At safepoint: 9700 ns, Total: 57901 ns
[562.100s][info ][safepoint      ] Safepoint "Cleanup", Time since last: 1000100481 ns, Reaching safepoint: 48901 ns, At safepoint: 5300 ns, Total: 54201 ns
[563.100s][info ][safepoint      ] Safepoint "Cleanup", Time since last: 1000102380 ns, Reaching safepoint: 43701 ns, At safepoint: 4300 ns, Total: 48001 ns
[564.369s][info ][gc,start       ] GC(144) Pause Young (Allocation Failure)
[564.373s][debug][gc,phases      ] GC(144) Scavenge 3.523ms
[564.373s][debug][gc,ref         ] GC(144) Skipped phase 1 of Reference Processing: no references
[564.373s][debug][gc,ref         ] GC(144) ReferenceProcessor::execute queues: 1, RefProcThreadModel::Single, marks_oops_alive: false
[564.373s][debug][gc,ref         ] GC(144) Skipped phase 3 of Reference Processing: no references
[564.373s][debug][gc,ref         ] GC(144) ReferenceProcessor::execute queues: 1, RefProcThreadModel::Single, marks_oops_alive: false
[564.373s][debug][gc,phases      ] GC(144) Reference Processing 0.119ms
[564.373s][debug][gc,phases      ] GC(144)   VM Weak                        Min:  0.0, Avg:  0.0, Max:  0.0, Diff:  0.0, Sum:  0.0, Workers: 4
[564.373s][debug][gc,phases      ] GC(144)     Dead                           Min: 0, Avg:  0.0, Max: 0, Diff: 0, Sum: 0, Workers: 4
[564.373s][debug][gc,phases      ] GC(144)     Total                          Min: 0, Avg: 166.8, Max: 667, Diff: 667, Sum: 667, Workers: 4
[564.373s][debug][gc,phases      ] GC(144)   ObjectSynchronizer Weak        Min:  0.0, Avg:  0.0, Max:  0.0, Diff:  0.0, Sum:  0.0, Workers: 4
[564.373s][debug][gc,phases      ] GC(144)     Dead                           Min: 0, Avg:  0.0, Max: 0, Diff: 0, Sum: 0, Workers: 4
[564.373s][debug][gc,phases      ] GC(144)     Total                          Min: 0, Avg: 89.8, Max: 359, Diff: 359, Sum: 359, Workers: 4
[564.373s][debug][gc,phases      ] GC(144)   JVMTI Tag Weak OopStorage      Min:  0.0, Avg:  0.0, Max:  0.0, Diff:  0.0, Sum:  0.0, Workers: 4
[564.373s][debug][gc,phases      ] GC(144)     Dead                           Min: 0, Avg:  0.0, Max: 0, Diff: 0, Sum: 0, Workers: 4
[564.373s][debug][gc,phases      ] GC(144)     Total                          Min: 0, Avg:  0.0, Max: 0, Diff: 0, Sum: 0, Workers: 4
[564.373s][debug][gc,phases      ] GC(144)   StringTable Weak               Min:  0.1, Avg:  0.1, Max:  0.1, Diff:  0.0, Sum:  0.4, Workers: 4
[564.373s][debug][gc,phases      ] GC(144)     Dead                           Min: 0, Avg:  0.2, Max: 1, Diff: 1, Sum: 1, Workers: 4
[564.373s][debug][gc,phases      ] GC(144)     Total                          Min: 11218, Avg: 11988.5, Max: 12928, Diff: 1710, Sum: 47954, Workers: 4
[564.373s][debug][gc,phases      ] GC(144)   ResolvedMethodTable Weak       Min:  0.0, Avg:  0.0, Max:  0.0, Diff:  0.0, Sum:  0.1, Workers: 4
[564.373s][debug][gc,phases      ] GC(144)     Dead                           Min: 0, Avg:  0.0, Max: 0, Diff: 0, Sum: 0, Workers: 4
[564.373s][debug][gc,phases      ] GC(144)     Total                          Min: 1863, Avg: 1976.5, Max: 2128, Diff: 265, Sum: 7906, Workers: 4
[564.373s][debug][gc,phases      ] GC(144)   JNI Weak                       Min:  0.0, Avg:  0.0, Max:  0.0, Diff:  0.0, Sum:  0.0, Workers: 4
[564.373s][debug][gc,phases      ] GC(144)     Dead                           Min: 0, Avg:  0.0, Max: 0, Diff: 0, Sum: 0, Workers: 4
[564.373s][debug][gc,phases      ] GC(144)     Total                          Min: 0, Avg:  0.0, Max: 0, Diff: 0, Sum: 0, Workers: 4
[564.373s][debug][gc,phases      ] GC(144)   StringDedup Table Weak         Min:  0.0, Avg:  0.0, Max:  0.0, Diff:  0.0, Sum:  0.0, Workers: 4
[564.373s][debug][gc,phases      ] GC(144)     Dead                           Min: 0, Avg:  0.0, Max: 0, Diff: 0, Sum: 0, Workers: 4
[564.373s][debug][gc,phases      ] GC(144)     Total                          Min: 0, Avg:  0.0, Max: 0, Diff: 0, Sum: 0, Workers: 4
[564.373s][debug][gc,phases      ] GC(144)   StringDedup Requests0 Weak     Min:  0.0, Avg:  0.0, Max:  0.0, Diff:  0.0, Sum:  0.0, Workers: 4
[564.373s][debug][gc,phases      ] GC(144)     Dead                           Min: 0, Avg:  0.0, Max: 0, Diff: 0, Sum: 0, Workers: 4
[564.373s][debug][gc,phases      ] GC(144)     Total                          Min: 0, Avg:  0.0, Max: 0, Diff: 0, Sum: 0, Workers: 4
[564.373s][debug][gc,phases      ] GC(144)   StringDedup Requests1 Weak     Min:  0.0, Avg:  0.0, Max:  0.0, Diff:  0.0, Sum:  0.0, Workers: 4
[564.373s][debug][gc,phases      ] GC(144)     Dead                           Min: 0, Avg:  0.0, Max: 0, Diff: 0, Sum: 0, Workers: 4
[564.373s][debug][gc,phases      ] GC(144)     Total                          Min: 0, Avg:  0.0, Max: 0, Diff: 0, Sum: 0, Workers: 4
[564.373s][debug][gc,phases      ] GC(144)   Weak JFR Old Object Samples    Min:  0.0, Avg:  0.0, Max:  0.0, Diff:  0.0, Sum:  0.0, Workers: 4
[564.373s][debug][gc,phases      ] GC(144)     Dead                           Min: 0, Avg:  0.0, Max: 0, Diff: 0, Sum: 0, Workers: 4
[564.373s][debug][gc,phases      ] GC(144)     Total                          Min: 0, Avg:  0.0, Max: 0, Diff: 0, Sum: 0, Workers: 4
[564.373s][debug][gc,phases      ] GC(144) Weak Processing 0.335ms
[564.373s][debug][gc,age         ] GC(144) Desired survivor size 20971520 bytes, new threshold 15 (max threshold 15)
[564.373s][info ][gc,heap        ] GC(144) PSYoungGen: 2053184K(2073088K)->2624K(2076672K) Eden: 2050560K(2050560K)->0K(2055168K) From: 2624K(22528K)->2624K(21504K)
[564.373s][info ][gc,heap        ] GC(144) ParOldGen: 556994K(645632K)->557066K(645632K)
[564.373s][info ][gc,metaspace   ] GC(144) Metaspace: 81470K(82304K)->81470K(82304K) NonClass: 70020K(70464K)->70020K(70464K) Class: 11449K(11840K)->11449K(11840K)
[564.373s][info ][gc             ] GC(144) Pause Young (Allocation Failure) 2549M->546M(2658M) 4.118ms
[564.373s][info ][gc,cpu         ] GC(144) User=0.02s Sys=0.00s Real=0.01s
[564.373s][info ][safepoint      ] Safepoint "ParallelGCFailedAllocation", Time since last: 1268492879 ns, Reaching safepoint: 49401 ns, At safepoint: 4204464 ns, Total: 4253865 ns
[565.373s][info ][safepoint      ] Safepoint "Cleanup", Time since last: 1000094179 ns, Reaching safepoint: 118102 ns, At safepoint: 11800 ns, Total: 129902 ns
[566.374s][info ][safepoint      ] Safepoint "Cleanup", Time since last: 1000113878 ns, Reaching safepoint: 123602 ns, At safepoint: 8200 ns, Total: 131802 ns
[567.374s][info ][safepoint      ] Safepoint "Cleanup", Time since last: 1000114878 ns, Reaching safepoint: 106401 ns, At safepoint: 5100 ns, Total: 111501 ns
[570.374s][info ][safepoint      ] Safepoint "Cleanup", Time since last: 3000260427 ns, Reaching safepoint: 121902 ns, At safepoint: 5900 ns, Total: 127802 ns
[573.375s][info ][safepoint      ] Safepoint "Cleanup", Time since last: 3000242421 ns, Reaching safepoint: 53301 ns, At safepoint: 3700 ns, Total: 57001 ns
[574.375s][info ][safepoint      ] Safepoint "Cleanup", Time since last: 1000123773 ns, Reaching safepoint: 109102 ns, At safepoint: 7300 ns, Total: 116402 ns
[578.375s][info ][safepoint      ] Safepoint "Cleanup", Time since last: 4000341182 ns, Reaching safepoint: 58101 ns, At safepoint: 7800 ns, Total: 65901 ns
[578.631s][info ][gc,start       ] GC(145) Pause Young (Allocation Failure)
[578.634s][debug][gc,phases      ] GC(145) Scavenge 3.211ms
[578.634s][debug][gc,ref         ] GC(145) Skipped phase 1 of Reference Processing: no references
[578.635s][debug][gc,ref         ] GC(145) ReferenceProcessor::execute queues: 1, RefProcThreadModel::Single, marks_oops_alive: false
[578.635s][debug][gc,ref         ] GC(145) Skipped phase 3 of Reference Processing: no references
[578.635s][debug][gc,ref         ] GC(145) ReferenceProcessor::execute queues: 1, RefProcThreadModel::Single, marks_oops_alive: false
[578.635s][debug][gc,phases      ] GC(145) Reference Processing 0.147ms
[578.635s][debug][gc,phases      ] GC(145)   VM Weak                        Min:  0.0, Avg:  0.0, Max:  0.0, Diff:  0.0, Sum:  0.0, Workers: 4
[578.635s][debug][gc,phases      ] GC(145)     Dead                           Min: 0, Avg:  0.0, Max: 0, Diff: 0, Sum: 0, Workers: 4
[578.635s][debug][gc,phases      ] GC(145)     Total                          Min: 0, Avg: 166.8, Max: 667, Diff: 667, Sum: 667, Workers: 4
[578.635s][debug][gc,phases      ] GC(145)   ObjectSynchronizer Weak        Min:  0.0, Avg:  0.0, Max:  0.0, Diff:  0.0, Sum:  0.0, Workers: 4
[578.635s][debug][gc,phases      ] GC(145)     Dead                           Min: 0, Avg:  0.0, Max: 0, Diff: 0, Sum: 0, Workers: 4
[578.635s][debug][gc,phases      ] GC(145)     Total                          Min: 0, Avg: 89.8, Max: 256, Diff: 256, Sum: 359, Workers: 4
[578.635s][debug][gc,phases      ] GC(145)   JVMTI Tag Weak OopStorage      Min:  0.0, Avg:  0.0, Max:  0.0, Diff:  0.0, Sum:  0.0, Workers: 4
[578.635s][debug][gc,phases      ] GC(145)     Dead                           Min: 0, Avg:  0.0, Max: 0, Diff: 0, Sum: 0, Workers: 4
[578.635s][debug][gc,phases      ] GC(145)     Total                          Min: 0, Avg:  0.0, Max: 0, Diff: 0, Sum: 0, Workers: 4
[578.635s][debug][gc,phases      ] GC(145)   StringTable Weak               Min:  0.1, Avg:  0.1, Max:  0.1, Diff:  0.0, Sum:  0.4, Workers: 4
[578.635s][debug][gc,phases      ] GC(145)     Dead                           Min: 0, Avg:  0.0, Max: 0, Diff: 0, Sum: 0, Workers: 4
[578.635s][debug][gc,phases      ] GC(145)     Total                          Min: 11794, Avg: 11988.5, Max: 12416, Diff: 622, Sum: 47954, Workers: 4
[578.635s][debug][gc,phases      ] GC(145)   ResolvedMethodTable Weak       Min:  0.0, Avg:  0.0, Max:  0.0, Diff:  0.0, Sum:  0.1, Workers: 4
[578.635s][debug][gc,phases      ] GC(145)     Dead                           Min: 0, Avg:  0.0, Max: 0, Diff: 0, Sum: 0, Workers: 4
[578.635s][debug][gc,phases      ] GC(145)     Total                          Min: 1839, Avg: 1976.5, Max: 2116, Diff: 277, Sum: 7906, Workers: 4
[578.635s][debug][gc,phases      ] GC(145)   JNI Weak                       Min:  0.0, Avg:  0.0, Max:  0.0, Diff:  0.0, Sum:  0.0, Workers: 4
[578.635s][debug][gc,phases      ] GC(145)     Dead                           Min: 0, Avg:  0.0, Max: 0, Diff: 0, Sum: 0, Workers: 4
[578.635s][debug][gc,phases      ] GC(145)     Total                          Min: 0, Avg:  0.0, Max: 0, Diff: 0, Sum: 0, Workers: 4
[578.635s][debug][gc,phases      ] GC(145)   StringDedup Table Weak         Min:  0.0, Avg:  0.0, Max:  0.0, Diff:  0.0, Sum:  0.0, Workers: 4
[578.635s][debug][gc,phases      ] GC(145)     Dead                           Min: 0, Avg:  0.0, Max: 0, Diff: 0, Sum: 0, Workers: 4
[578.635s][debug][gc,phases      ] GC(145)     Total                          Min: 0, Avg:  0.0, Max: 0, Diff: 0, Sum: 0, Workers: 4
[578.635s][debug][gc,phases      ] GC(145)   StringDedup Requests0 Weak     Min:  0.0, Avg:  0.0, Max:  0.0, Diff:  0.0, Sum:  0.0, Workers: 4
[578.635s][debug][gc,phases      ] GC(145)     Dead                           Min: 0, Avg:  0.0, Max: 0, Diff: 0, Sum: 0, Workers: 4
[578.635s][debug][gc,phases      ] GC(145)     Total                          Min: 0, Avg:  0.0, Max: 0, Diff: 0, Sum: 0, Workers: 4
[578.635s][debug][gc,phases      ] GC(145)   StringDedup Requests1 Weak     Min:  0.0, Avg:  0.0, Max:  0.0, Diff:  0.0, Sum:  0.0, Workers: 4
[578.635s][debug][gc,phases      ] GC(145)     Dead                           Min: 0, Avg:  0.0, Max: 0, Diff: 0, Sum: 0, Workers: 4
[578.635s][debug][gc,phases      ] GC(145)     Total                          Min: 0, Avg:  0.0, Max: 0, Diff: 0, Sum: 0, Workers: 4
[578.635s][debug][gc,phases      ] GC(145)   Weak JFR Old Object Samples    Min:  0.0, Avg:  0.0, Max:  0.0, Diff:  0.0, Sum:  0.0, Workers: 4
[578.635s][debug][gc,phases      ] GC(145)     Dead                           Min: 0, Avg:  0.0, Max: 0, Diff: 0, Sum: 0, Workers: 4
[578.635s][debug][gc,phases      ] GC(145)     Total                          Min: 0, Avg:  0.0, Max: 0, Diff: 0, Sum: 0, Workers: 4
[578.635s][debug][gc,phases      ] GC(145) Weak Processing 0.391ms
[578.635s][debug][gc,age         ] GC(145) Desired survivor size 19922944 bytes, new threshold 15 (max threshold 15)
[578.635s][info ][gc,heap        ] GC(145) PSYoungGen: 2057792K(2076672K)->2592K(2075648K) Eden: 2055168K(2055168K)->0K(2055168K) From: 2624K(21504K)->2592K(20480K)
[578.635s][info ][gc,heap        ] GC(145) ParOldGen: 557066K(645632K)->557106K(645632K)
[578.635s][info ][gc,metaspace   ] GC(145) Metaspace: 81474K(82304K)->81474K(82304K) NonClass: 70025K(70464K)->70025K(70464K) Class: 11449K(11840K)->11449K(11840K)
[578.635s][info ][gc             ] GC(145) Pause Young (Allocation Failure) 2553M->546M(2657M) 3.908ms
[578.635s][info ][gc,cpu         ] GC(145) User=0.01s Sys=0.00s Real=0.00s
[578.635s][info ][safepoint      ] Safepoint "ParallelGCFailedAllocation", Time since last: 255825306 ns, Reaching safepoint: 47901 ns, At safepoint: 4050461 ns, Total: 4098362 ns
[585.636s][info ][safepoint      ] Safepoint "Cleanup", Time since last: 7000505866 ns, Reaching safepoint: 53101 ns, At safepoint: 8200 ns, Total: 61301 ns
[586.636s][info ][safepoint      ] Safepoint "Cleanup", Time since last: 1000113664 ns, Reaching safepoint: 54301 ns, At safepoint: 10100 ns, Total: 64401 ns
[590.636s][info ][safepoint      ] Safepoint "Cleanup", Time since last: 4000320050 ns, Reaching safepoint: 58100 ns, At safepoint: 20001 ns, Total: 78101 ns
[591.636s][info ][safepoint      ] Safepoint "Cleanup", Time since last: 1000108661 ns, Reaching safepoint: 51801 ns, At safepoint: 4400 ns, Total: 56201 ns
[593.151s][info ][gc,start       ] GC(146) Pause Young (Allocation Failure)
[593.154s][debug][gc,phases      ] GC(146) Scavenge 2.592ms
[593.154s][debug][gc,ref         ] GC(146) Skipped phase 1 of Reference Processing: no references
[593.154s][debug][gc,ref         ] GC(146) ReferenceProcessor::execute queues: 1, RefProcThreadModel::Single, marks_oops_alive: false
[593.154s][debug][gc,ref         ] GC(146) Skipped phase 3 of Reference Processing: no references
[593.154s][debug][gc,ref         ] GC(146) ReferenceProcessor::execute queues: 1, RefProcThreadModel::Single, marks_oops_alive: false
[593.154s][debug][gc,phases      ] GC(146) Reference Processing 0.137ms
[593.154s][debug][gc,phases      ] GC(146)   VM Weak                        Min:  0.0, Avg:  0.0, Max:  0.0, Diff:  0.0, Sum:  0.0, Workers: 4
[593.154s][debug][gc,phases      ] GC(146)     Dead                           Min: 0, Avg:  0.0, Max: 0, Diff: 0, Sum: 0, Workers: 4
[593.154s][debug][gc,phases      ] GC(146)     Total                          Min: 0, Avg: 166.8, Max: 667, Diff: 667, Sum: 667, Workers: 4
[593.154s][debug][gc,phases      ] GC(146)   ObjectSynchronizer Weak        Min:  0.0, Avg:  0.0, Max:  0.0, Diff:  0.0, Sum:  0.0, Workers: 4
[593.154s][debug][gc,phases      ] GC(146)     Dead                           Min: 0, Avg:  0.0, Max: 0, Diff: 0, Sum: 0, Workers: 4
[593.154s][debug][gc,phases      ] GC(146)     Total                          Min: 0, Avg: 89.8, Max: 231, Diff: 231, Sum: 359, Workers: 4
[593.154s][debug][gc,phases      ] GC(146)   JVMTI Tag Weak OopStorage      Min:  0.0, Avg:  0.0, Max:  0.0, Diff:  0.0, Sum:  0.0, Workers: 4
[593.154s][debug][gc,phases      ] GC(146)     Dead                           Min: 0, Avg:  0.0, Max: 0, Diff: 0, Sum: 0, Workers: 4
[593.154s][debug][gc,phases      ] GC(146)     Total                          Min: 0, Avg:  0.0, Max: 0, Diff: 0, Sum: 0, Workers: 4
[593.154s][debug][gc,phases      ] GC(146)   StringTable Weak               Min:  0.1, Avg:  0.1, Max:  0.1, Diff:  0.0, Sum:  0.4, Workers: 4
[593.154s][debug][gc,phases      ] GC(146)     Dead                           Min: 0, Avg:  0.0, Max: 0, Diff: 0, Sum: 0, Workers: 4
[593.154s][debug][gc,phases      ] GC(146)     Total                          Min: 10624, Avg: 11988.5, Max: 13074, Diff: 2450, Sum: 47954, Workers: 4
[593.154s][debug][gc,phases      ] GC(146)   ResolvedMethodTable Weak       Min:  0.0, Avg:  0.0, Max:  0.0, Diff:  0.0, Sum:  0.1, Workers: 4
[593.154s][debug][gc,phases      ] GC(146)     Dead                           Min: 0, Avg:  0.0, Max: 0, Diff: 0, Sum: 0, Workers: 4
[593.154s][debug][gc,phases      ] GC(146)     Total                          Min: 1818, Avg: 1976.5, Max: 2201, Diff: 383, Sum: 7906, Workers: 4
[593.154s][debug][gc,phases      ] GC(146)   JNI Weak                       Min:  0.0, Avg:  0.0, Max:  0.0, Diff:  0.0, Sum:  0.0, Workers: 4
[593.154s][debug][gc,phases      ] GC(146)     Dead                           Min: 0, Avg:  0.0, Max: 0, Diff: 0, Sum: 0, Workers: 4
[593.154s][debug][gc,phases      ] GC(146)     Total                          Min: 0, Avg:  0.0, Max: 0, Diff: 0, Sum: 0, Workers: 4
[593.154s][debug][gc,phases      ] GC(146)   StringDedup Table Weak         Min:  0.0, Avg:  0.0, Max:  0.0, Diff:  0.0, Sum:  0.0, Workers: 4
[593.154s][debug][gc,phases      ] GC(146)     Dead                           Min: 0, Avg:  0.0, Max: 0, Diff: 0, Sum: 0, Workers: 4
[593.154s][debug][gc,phases      ] GC(146)     Total                          Min: 0, Avg:  0.0, Max: 0, Diff: 0, Sum: 0, Workers: 4
[593.154s][debug][gc,phases      ] GC(146)   StringDedup Requests0 Weak     Min:  0.0, Avg:  0.0, Max:  0.0, Diff:  0.0, Sum:  0.0, Workers: 4
[593.154s][debug][gc,phases      ] GC(146)     Dead                           Min: 0, Avg:  0.0, Max: 0, Diff: 0, Sum: 0, Workers: 4
[593.154s][debug][gc,phases      ] GC(146)     Total                          Min: 0, Avg:  0.0, Max: 0, Diff: 0, Sum: 0, Workers: 4
[593.154s][debug][gc,phases      ] GC(146)   StringDedup Requests1 Weak     Min:  0.0, Avg:  0.0, Max:  0.0, Diff:  0.0, Sum:  0.0, Workers: 4
[593.154s][debug][gc,phases      ] GC(146)     Dead                           Min: 0, Avg:  0.0, Max: 0, Diff: 0, Sum: 0, Workers: 4
[593.154s][debug][gc,phases      ] GC(146)     Total                          Min: 0, Avg:  0.0, Max: 0, Diff: 0, Sum: 0, Workers: 4
[593.154s][debug][gc,phases      ] GC(146)   Weak JFR Old Object Samples    Min:  0.0, Avg:  0.0, Max:  0.0, Diff:  0.0, Sum:  0.0, Workers: 4
[593.154s][debug][gc,phases      ] GC(146)     Dead                           Min: 0, Avg:  0.0, Max: 0, Diff: 0, Sum: 0, Workers: 4
[593.154s][debug][gc,phases      ] GC(146)     Total                          Min: 0, Avg:  0.0, Max: 0, Diff: 0, Sum: 0, Workers: 4
[593.154s][debug][gc,phases      ] GC(146) Weak Processing 0.312ms
[593.154s][debug][gc,age         ] GC(146) Desired survivor size 18874368 bytes, new threshold 15 (max threshold 15)
[593.154s][info ][gc,heap        ] GC(146) PSYoungGen: 2057760K(2075648K)->2560K(2078720K) Eden: 2055168K(2055168K)->0K(2059264K) From: 2592K(20480K)->2560K(19456K)
[593.154s][info ][gc,heap        ] GC(146) ParOldGen: 557106K(645632K)->557138K(645632K)
[593.154s][info ][gc,metaspace   ] GC(146) Metaspace: 81482K(82304K)->81482K(82304K) NonClass: 70032K(70464K)->70032K(70464K) Class: 11449K(11840K)->11449K(11840K)
[593.154s][info ][gc             ] GC(146) Pause Young (Allocation Failure) 2553M->546M(2660M) 3.178ms
[593.154s][info ][gc,cpu         ] GC(146) User=0.01s Sys=0.00s Real=0.00s
[593.154s][info ][safepoint      ] Safepoint "ParallelGCFailedAllocation", Time since last: 1514614211 ns, Reaching safepoint: 39000 ns, At safepoint: 3284550 ns, Total: 3323550 ns
[595.155s][info ][safepoint      ] Safepoint "Cleanup", Time since last: 2000082417 ns, Reaching safepoint: 51300 ns, At safepoint: 8401 ns, Total: 59701 ns
[596.155s][info ][safepoint      ] Safepoint "Cleanup", Time since last: 1000098658 ns, Reaching safepoint: 48500 ns, At safepoint: 8900 ns, Total: 57400 ns
[597.155s][info ][safepoint      ] Safepoint "Cleanup", Time since last: 1000107958 ns, Reaching safepoint: 50101 ns, At safepoint: 7100 ns, Total: 57201 ns
[599.155s][info ][safepoint      ] Safepoint "Cleanup", Time since last: 2000184112 ns, Reaching safepoint: 50401 ns, At safepoint: 7200 ns, Total: 57601 ns
[600.155s][info ][safepoint      ] Safepoint "Cleanup", Time since last: 1000135256 ns, Reaching safepoint: 51401 ns, At safepoint: 7600 ns, Total: 59001 ns
[603.156s][info ][safepoint      ] Safepoint "Cleanup", Time since last: 3000239862 ns, Reaching safepoint: 48400 ns, At safepoint: 3200 ns, Total: 51600 ns
[604.156s][info ][safepoint      ] Safepoint "Cleanup", Time since last: 1000111953 ns, Reaching safepoint: 49801 ns, At safepoint: 7600 ns, Total: 57401 ns
[605.156s][info ][safepoint      ] Safepoint "Cleanup", Time since last: 1000106953 ns, Reaching safepoint: 41900 ns, At safepoint: 2700 ns, Total: 44600 ns
[606.768s][info ][gc,start       ] GC(147) Pause Young (Allocation Failure)
[606.771s][debug][gc,phases      ] GC(147) Scavenge 3.433ms
[606.771s][debug][gc,ref         ] GC(147) Skipped phase 1 of Reference Processing: no references
[606.771s][debug][gc,ref         ] GC(147) ReferenceProcessor::execute queues: 1, RefProcThreadModel::Single, marks_oops_alive: false
[606.772s][debug][gc,ref         ] GC(147) Skipped phase 3 of Reference Processing: no references
[606.772s][debug][gc,ref         ] GC(147) ReferenceProcessor::execute queues: 1, RefProcThreadModel::Single, marks_oops_alive: false
[606.772s][debug][gc,phases      ] GC(147) Reference Processing 0.114ms
[606.772s][debug][gc,phases      ] GC(147)   VM Weak                        Min:  0.0, Avg:  0.0, Max:  0.0, Diff:  0.0, Sum:  0.0, Workers: 4
[606.772s][debug][gc,phases      ] GC(147)     Dead                           Min: 0, Avg:  0.0, Max: 0, Diff: 0, Sum: 0, Workers: 4
[606.772s][debug][gc,phases      ] GC(147)     Total                          Min: 0, Avg: 166.8, Max: 384, Diff: 384, Sum: 667, Workers: 4
[606.772s][debug][gc,phases      ] GC(147)   ObjectSynchronizer Weak        Min:  0.0, Avg:  0.0, Max:  0.0, Diff:  0.0, Sum:  0.0, Workers: 4
[606.772s][debug][gc,phases      ] GC(147)     Dead                           Min: 0, Avg:  0.0, Max: 0, Diff: 0, Sum: 0, Workers: 4
[606.772s][debug][gc,phases      ] GC(147)     Total                          Min: 0, Avg: 89.8, Max: 231, Diff: 231, Sum: 359, Workers: 4
[606.772s][debug][gc,phases      ] GC(147)   JVMTI Tag Weak OopStorage      Min:  0.0, Avg:  0.0, Max:  0.0, Diff:  0.0, Sum:  0.0, Workers: 4
[606.772s][debug][gc,phases      ] GC(147)     Dead                           Min: 0, Avg:  0.0, Max: 0, Diff: 0, Sum: 0, Workers: 4
[606.772s][debug][gc,phases      ] GC(147)     Total                          Min: 0, Avg:  0.0, Max: 0, Diff: 0, Sum: 0, Workers: 4
[606.772s][debug][gc,phases      ] GC(147)   StringTable Weak               Min:  0.1, Avg:  0.1, Max:  0.1, Diff:  0.0, Sum:  0.4, Workers: 4
[606.772s][debug][gc,phases      ] GC(147)     Dead                           Min: 0, Avg:  0.0, Max: 0, Diff: 0, Sum: 0, Workers: 4
[606.772s][debug][gc,phases      ] GC(147)     Total                          Min: 11410, Avg: 11988.5, Max: 12608, Diff: 1198, Sum: 47954, Workers: 4
[606.772s][debug][gc,phases      ] GC(147)   ResolvedMethodTable Weak       Min:  0.0, Avg:  0.0, Max:  0.0, Diff:  0.0, Sum:  0.1, Workers: 4
[606.772s][debug][gc,phases      ] GC(147)     Dead                           Min: 0, Avg:  0.0, Max: 0, Diff: 0, Sum: 0, Workers: 4
[606.772s][debug][gc,phases      ] GC(147)     Total                          Min: 1863, Avg: 1976.5, Max: 2127, Diff: 264, Sum: 7906, Workers: 4
[606.772s][debug][gc,phases      ] GC(147)   JNI Weak                       Min:  0.0, Avg:  0.0, Max:  0.0, Diff:  0.0, Sum:  0.0, Workers: 4
[606.772s][debug][gc,phases      ] GC(147)     Dead                           Min: 0, Avg:  0.0, Max: 0, Diff: 0, Sum: 0, Workers: 4
[606.772s][debug][gc,phases      ] GC(147)     Total                          Min: 0, Avg:  0.0, Max: 0, Diff: 0, Sum: 0, Workers: 4
[606.772s][debug][gc,phases      ] GC(147)   StringDedup Table Weak         Min:  0.0, Avg:  0.0, Max:  0.0, Diff:  0.0, Sum:  0.0, Workers: 4
[606.772s][debug][gc,phases      ] GC(147)     Dead                           Min: 0, Avg:  0.0, Max: 0, Diff: 0, Sum: 0, Workers: 4
[606.772s][debug][gc,phases      ] GC(147)     Total                          Min: 0, Avg:  0.0, Max: 0, Diff: 0, Sum: 0, Workers: 4
[606.772s][debug][gc,phases      ] GC(147)   StringDedup Requests0 Weak     Min:  0.0, Avg:  0.0, Max:  0.0, Diff:  0.0, Sum:  0.0, Workers: 4
[606.772s][debug][gc,phases      ] GC(147)     Dead                           Min: 0, Avg:  0.0, Max: 0, Diff: 0, Sum: 0, Workers: 4
[606.772s][debug][gc,phases      ] GC(147)     Total                          Min: 0, Avg:  0.0, Max: 0, Diff: 0, Sum: 0, Workers: 4
[606.772s][debug][gc,phases      ] GC(147)   StringDedup Requests1 Weak     Min:  0.0, Avg:  0.0, Max:  0.0, Diff:  0.0, Sum:  0.0, Workers: 4
[606.772s][debug][gc,phases      ] GC(147)     Dead                           Min: 0, Avg:  0.0, Max: 0, Diff: 0, Sum: 0, Workers: 4
[606.772s][debug][gc,phases      ] GC(147)     Total                          Min: 0, Avg:  0.0, Max: 0, Diff: 0, Sum: 0, Workers: 4
[606.772s][debug][gc,phases      ] GC(147)   Weak JFR Old Object Samples    Min:  0.0, Avg:  0.0, Max:  0.0, Diff:  0.0, Sum:  0.0, Workers: 4
[606.772s][debug][gc,phases      ] GC(147)     Dead                           Min: 0, Avg:  0.0, Max: 0, Diff: 0, Sum: 0, Workers: 4
[606.772s][debug][gc,phases      ] GC(147)     Total                          Min: 0, Avg:  0.0, Max: 0, Diff: 0, Sum: 0, Workers: 4
[606.772s][debug][gc,phases      ] GC(147) Weak Processing 0.326ms
[606.772s][debug][gc,age         ] GC(147) Desired survivor size 17825792 bytes, new threshold 15 (max threshold 15)
[606.772s][info ][gc,heap        ] GC(147) PSYoungGen: 2061824K(2078720K)->2688K(2077696K) Eden: 2059264K(2059264K)->0K(2059264K) From: 2560K(19456K)->2688K(18432K)
[606.772s][info ][gc,heap        ] GC(147) ParOldGen: 557138K(645632K)->557162K(645632K)
[606.772s][info ][gc,metaspace   ] GC(147) Metaspace: 81492K(82304K)->81492K(82304K) NonClass: 70043K(70464K)->70043K(70464K) Class: 11449K(11840K)->11449K(11840K)
[606.772s][info ][gc             ] GC(147) Pause Young (Allocation Failure) 2557M->546M(2659M) 4.004ms
[606.772s][info ][gc,cpu         ] GC(147) User=0.01s Sys=0.00s Real=0.01s
[606.772s][info ][safepoint      ] Safepoint "ParallelGCFailedAllocation", Time since last: 1611873181 ns, Reaching safepoint: 46001 ns, At safepoint: 4084962 ns, Total: 4130963 ns
[608.508s][info ][safepoint      ] Safepoint "Cleanup", Time since last: 1735743968 ns, Reaching safepoint: 116902 ns, At safepoint: 9400 ns, Total: 126302 ns
[609.508s][info ][safepoint      ] Safepoint "Cleanup", Time since last: 1000117450 ns, Reaching safepoint: 62001 ns, At safepoint: 6500 ns, Total: 68501 ns
[610.508s][info ][safepoint      ] Safepoint "Cleanup", Time since last: 1000108049 ns, Reaching safepoint: 54501 ns, At safepoint: 8400 ns, Total: 62901 ns
[616.509s][info ][safepoint      ] Safepoint "Cleanup", Time since last: 6000406776 ns, Reaching safepoint: 45601 ns, At safepoint: 5900 ns, Total: 51501 ns
[618.509s][info ][safepoint      ] Safepoint "Cleanup", Time since last: 2000174288 ns, Reaching safepoint: 52301 ns, At safepoint: 3300 ns, Total: 55601 ns
[620.572s][info ][gc,start       ] GC(148) Pause Young (Allocation Failure)
[620.575s][debug][gc,phases      ] GC(148) Scavenge 2.969ms
[620.575s][debug][gc,ref         ] GC(148) Skipped phase 1 of Reference Processing: no references
[620.575s][debug][gc,ref         ] GC(148) ReferenceProcessor::execute queues: 1, RefProcThreadModel::Single, marks_oops_alive: false
[620.575s][debug][gc,ref         ] GC(148) Skipped phase 3 of Reference Processing: no references
[620.575s][debug][gc,ref         ] GC(148) ReferenceProcessor::execute queues: 1, RefProcThreadModel::Single, marks_oops_alive: false
[620.575s][debug][gc,phases      ] GC(148) Reference Processing 0.115ms
[620.575s][debug][gc,phases      ] GC(148)   VM Weak                        Min:  0.0, Avg:  0.0, Max:  0.0, Diff:  0.0, Sum:  0.0, Workers: 4
[620.575s][debug][gc,phases      ] GC(148)     Dead                           Min: 0, Avg:  0.0, Max: 0, Diff: 0, Sum: 0, Workers: 4
[620.575s][debug][gc,phases      ] GC(148)     Total                          Min: 0, Avg: 166.8, Max: 411, Diff: 411, Sum: 667, Workers: 4
[620.575s][debug][gc,phases      ] GC(148)   ObjectSynchronizer Weak        Min:  0.0, Avg:  0.0, Max:  0.0, Diff:  0.0, Sum:  0.0, Workers: 4
[620.575s][debug][gc,phases      ] GC(148)     Dead                           Min: 0, Avg:  0.0, Max: 0, Diff: 0, Sum: 0, Workers: 4
[620.575s][debug][gc,phases      ] GC(148)     Total                          Min: 0, Avg: 89.8, Max: 192, Diff: 192, Sum: 359, Workers: 4
[620.575s][debug][gc,phases      ] GC(148)   JVMTI Tag Weak OopStorage      Min:  0.0, Avg:  0.0, Max:  0.0, Diff:  0.0, Sum:  0.0, Workers: 4
[620.575s][debug][gc,phases      ] GC(148)     Dead                           Min: 0, Avg:  0.0, Max: 0, Diff: 0, Sum: 0, Workers: 4
[620.575s][debug][gc,phases      ] GC(148)     Total                          Min: 0, Avg:  0.0, Max: 0, Diff: 0, Sum: 0, Workers: 4
[620.575s][debug][gc,phases      ] GC(148)   StringTable Weak               Min:  0.1, Avg:  0.1, Max:  0.1, Diff:  0.0, Sum:  0.4, Workers: 4
[620.575s][debug][gc,phases      ] GC(148)     Dead                           Min: 0, Avg:  0.0, Max: 0, Diff: 0, Sum: 0, Workers: 4
[620.575s][debug][gc,phases      ] GC(148)     Total                          Min: 11410, Avg: 11988.5, Max: 12928, Diff: 1518, Sum: 47954, Workers: 4
[620.575s][debug][gc,phases      ] GC(148)   ResolvedMethodTable Weak       Min:  0.0, Avg:  0.0, Max:  0.0, Diff:  0.0, Sum:  0.1, Workers: 4
[620.575s][debug][gc,phases      ] GC(148)     Dead                           Min: 0, Avg:  0.0, Max: 0, Diff: 0, Sum: 0, Workers: 4
[620.575s][debug][gc,phases      ] GC(148)     Total                          Min: 1841, Avg: 1976.5, Max: 2264, Diff: 423, Sum: 7906, Workers: 4
[620.575s][debug][gc,phases      ] GC(148)   JNI Weak                       Min:  0.0, Avg:  0.0, Max:  0.0, Diff:  0.0, Sum:  0.0, Workers: 4
[620.575s][debug][gc,phases      ] GC(148)     Dead                           Min: 0, Avg:  0.0, Max: 0, Diff: 0, Sum: 0, Workers: 4
[620.575s][debug][gc,phases      ] GC(148)     Total                          Min: 0, Avg:  0.0, Max: 0, Diff: 0, Sum: 0, Workers: 4
[620.575s][debug][gc,phases      ] GC(148)   StringDedup Table Weak         Min:  0.0, Avg:  0.0, Max:  0.0, Diff:  0.0, Sum:  0.0, Workers: 4
[620.575s][debug][gc,phases      ] GC(148)     Dead                           Min: 0, Avg:  0.0, Max: 0, Diff: 0, Sum: 0, Workers: 4
[620.575s][debug][gc,phases      ] GC(148)     Total                          Min: 0, Avg:  0.0, Max: 0, Diff: 0, Sum: 0, Workers: 4
[620.575s][debug][gc,phases      ] GC(148)   StringDedup Requests0 Weak     Min:  0.0, Avg:  0.0, Max:  0.0, Diff:  0.0, Sum:  0.0, Workers: 4
[620.575s][debug][gc,phases      ] GC(148)     Dead                           Min: 0, Avg:  0.0, Max: 0, Diff: 0, Sum: 0, Workers: 4
[620.575s][debug][gc,phases      ] GC(148)     Total                          Min: 0, Avg:  0.0, Max: 0, Diff: 0, Sum: 0, Workers: 4
[620.575s][debug][gc,phases      ] GC(148)   StringDedup Requests1 Weak     Min:  0.0, Avg:  0.0, Max:  0.0, Diff:  0.0, Sum:  0.0, Workers: 4
[620.575s][debug][gc,phases      ] GC(148)     Dead                           Min: 0, Avg:  0.0, Max: 0, Diff: 0, Sum: 0, Workers: 4
[620.575s][debug][gc,phases      ] GC(148)     Total                          Min: 0, Avg:  0.0, Max: 0, Diff: 0, Sum: 0, Workers: 4
[620.575s][debug][gc,phases      ] GC(148)   Weak JFR Old Object Samples    Min:  0.0, Avg:  0.0, Max:  0.0, Diff:  0.0, Sum:  0.0, Workers: 4
[620.575s][debug][gc,phases      ] GC(148)     Dead                           Min: 0, Avg:  0.0, Max: 0, Diff: 0, Sum: 0, Workers: 4
[620.575s][debug][gc,phases      ] GC(148)     Total                          Min: 0, Avg:  0.0, Max: 0, Diff: 0, Sum: 0, Workers: 4
[620.575s][debug][gc,phases      ] GC(148) Weak Processing 0.358ms
[620.575s][debug][gc,age         ] GC(148) Desired survivor size 16777216 bytes, new threshold 15 (max threshold 15)
[620.575s][info ][gc,heap        ] GC(148) PSYoungGen: 2061952K(2077696K)->2656K(2080768K) Eden: 2059264K(2059264K)->0K(2063360K) From: 2688K(18432K)->2656K(17408K)
[620.575s][info ][gc,heap        ] GC(148) ParOldGen: 557162K(645632K)->557194K(645632K)
[620.575s][info ][gc,metaspace   ] GC(148) Metaspace: 81494K(82304K)->81494K(82304K) NonClass: 70045K(70464K)->70045K(70464K) Class: 11449K(11840K)->11449K(11840K)
[620.575s][info ][gc             ] GC(148) Pause Young (Allocation Failure) 2557M->546M(2662M) 3.564ms
[620.575s][info ][gc,cpu         ] GC(148) User=0.01s Sys=0.00s Real=0.00s
[620.575s][info ][safepoint      ] Safepoint "ParallelGCFailedAllocation", Time since last: 2062818740 ns, Reaching safepoint: 28900 ns, At safepoint: 3664956 ns, Total: 3693856 ns
[626.576s][info ][safepoint      ] Safepoint "Cleanup", Time since last: 6000421740 ns, Reaching safepoint: 43900 ns, At safepoint: 3600 ns, Total: 47500 ns
[628.576s][info ][safepoint      ] Safepoint "Cleanup", Time since last: 2000175976 ns, Reaching safepoint: 47000 ns, At safepoint: 6701 ns, Total: 53701 ns
[629.576s][info ][safepoint      ] Safepoint "Cleanup", Time since last: 1000109937 ns, Reaching safepoint: 51400 ns, At safepoint: 6501 ns, Total: 57901 ns
[633.668s][info ][gc,start       ] GC(149) Pause Young (Allocation Failure)
[633.672s][debug][gc,phases      ] GC(149) Scavenge 3.080ms
[633.672s][debug][gc,ref         ] GC(149) Skipped phase 1 of Reference Processing: no references
[633.672s][debug][gc,ref         ] GC(149) ReferenceProcessor::execute queues: 1, RefProcThreadModel::Single, marks_oops_alive: false
[633.672s][debug][gc,ref         ] GC(149) Skipped phase 3 of Reference Processing: no references
[633.672s][debug][gc,ref         ] GC(149) ReferenceProcessor::execute queues: 1, RefProcThreadModel::Single, marks_oops_alive: false
[633.672s][debug][gc,phases      ] GC(149) Reference Processing 0.122ms
[633.672s][debug][gc,phases      ] GC(149)   VM Weak                        Min:  0.0, Avg:  0.0, Max:  0.0, Diff:  0.0, Sum:  0.0, Workers: 4
[633.672s][debug][gc,phases      ] GC(149)     Dead                           Min: 0, Avg:  0.0, Max: 0, Diff: 0, Sum: 0, Workers: 4
[633.672s][debug][gc,phases      ] GC(149)     Total                          Min: 0, Avg: 166.8, Max: 512, Diff: 512, Sum: 667, Workers: 4
[633.672s][debug][gc,phases      ] GC(149)   ObjectSynchronizer Weak        Min:  0.0, Avg:  0.0, Max:  0.0, Diff:  0.0, Sum:  0.0, Workers: 4
[633.672s][debug][gc,phases      ] GC(149)     Dead                           Min: 0, Avg:  0.0, Max: 0, Diff: 0, Sum: 0, Workers: 4
[633.672s][debug][gc,phases      ] GC(149)     Total                          Min: 0, Avg: 89.8, Max: 192, Diff: 192, Sum: 359, Workers: 4
[633.672s][debug][gc,phases      ] GC(149)   JVMTI Tag Weak OopStorage      Min:  0.0, Avg:  0.0, Max:  0.0, Diff:  0.0, Sum:  0.0, Workers: 4
[633.672s][debug][gc,phases      ] GC(149)     Dead                           Min: 0, Avg:  0.0, Max: 0, Diff: 0, Sum: 0, Workers: 4
[633.672s][debug][gc,phases      ] GC(149)     Total                          Min: 0, Avg:  0.0, Max: 0, Diff: 0, Sum: 0, Workers: 4
[633.672s][debug][gc,phases      ] GC(149)   StringTable Weak               Min:  0.1, Avg:  0.1, Max:  0.1, Diff:  0.0, Sum:  0.4, Workers: 4
[633.672s][debug][gc,phases      ] GC(149)     Dead                           Min: 0, Avg:  0.0, Max: 0, Diff: 0, Sum: 0, Workers: 4
[633.672s][debug][gc,phases      ] GC(149)     Total                          Min: 10964, Avg: 11989.0, Max: 12736, Diff: 1772, Sum: 47956, Workers: 4
[633.672s][debug][gc,phases      ] GC(149)   ResolvedMethodTable Weak       Min:  0.0, Avg:  0.0, Max:  0.0, Diff:  0.0, Sum:  0.1, Workers: 4
[633.672s][debug][gc,phases      ] GC(149)     Dead                           Min: 0, Avg:  0.0, Max: 0, Diff: 0, Sum: 0, Workers: 4
[633.672s][debug][gc,phases      ] GC(149)     Total                          Min: 1820, Avg: 1976.5, Max: 2180, Diff: 360, Sum: 7906, Workers: 4
[633.672s][debug][gc,phases      ] GC(149)   JNI Weak                       Min:  0.0, Avg:  0.0, Max:  0.0, Diff:  0.0, Sum:  0.0, Workers: 4
[633.672s][debug][gc,phases      ] GC(149)     Dead                           Min: 0, Avg:  0.0, Max: 0, Diff: 0, Sum: 0, Workers: 4
[633.672s][debug][gc,phases      ] GC(149)     Total                          Min: 0, Avg:  0.0, Max: 0, Diff: 0, Sum: 0, Workers: 4
[633.672s][debug][gc,phases      ] GC(149)   StringDedup Table Weak         Min:  0.0, Avg:  0.0, Max:  0.0, Diff:  0.0, Sum:  0.0, Workers: 4
[633.672s][debug][gc,phases      ] GC(149)     Dead                           Min: 0, Avg:  0.0, Max: 0, Diff: 0, Sum: 0, Workers: 4
[633.672s][debug][gc,phases      ] GC(149)     Total                          Min: 0, Avg:  0.0, Max: 0, Diff: 0, Sum: 0, Workers: 4
[633.672s][debug][gc,phases      ] GC(149)   StringDedup Requests0 Weak     Min:  0.0, Avg:  0.0, Max:  0.0, Diff:  0.0, Sum:  0.0, Workers: 4
[633.672s][debug][gc,phases      ] GC(149)     Dead                           Min: 0, Avg:  0.0, Max: 0, Diff: 0, Sum: 0, Workers: 4
[633.672s][debug][gc,phases      ] GC(149)     Total                          Min: 0, Avg:  0.0, Max: 0, Diff: 0, Sum: 0, Workers: 4
[633.672s][debug][gc,phases      ] GC(149)   StringDedup Requests1 Weak     Min:  0.0, Avg:  0.0, Max:  0.0, Diff:  0.0, Sum:  0.0, Workers: 4
[633.672s][debug][gc,phases      ] GC(149)     Dead                           Min: 0, Avg:  0.0, Max: 0, Diff: 0, Sum: 0, Workers: 4
[633.672s][debug][gc,phases      ] GC(149)     Total                          Min: 0, Avg:  0.0, Max: 0, Diff: 0, Sum: 0, Workers: 4
[633.672s][debug][gc,phases      ] GC(149)   Weak JFR Old Object Samples    Min:  0.0, Avg:  0.0, Max:  0.0, Diff:  0.0, Sum:  0.0, Workers: 4
[633.672s][debug][gc,phases      ] GC(149)     Dead                           Min: 0, Avg:  0.0, Max: 0, Diff: 0, Sum: 0, Workers: 4
[633.672s][debug][gc,phases      ] GC(149)     Total                          Min: 0, Avg:  0.0, Max: 0, Diff: 0, Sum: 0, Workers: 4
[633.672s][debug][gc,phases      ] GC(149) Weak Processing 0.332ms
[633.672s][debug][gc,age         ] GC(149) Desired survivor size 16252928 bytes, new threshold 15 (max threshold 15)
[633.672s][info ][gc,heap        ] GC(149) PSYoungGen: 2066016K(2080768K)->2672K(2079744K) Eden: 2063360K(2063360K)->0K(2063360K) From: 2656K(17408K)->2672K(16384K)
[633.672s][info ][gc,heap        ] GC(149) ParOldGen: 557194K(645632K)->557226K(645632K)
[633.672s][info ][gc,metaspace   ] GC(149) Metaspace: 81507K(82368K)->81507K(82368K) NonClass: 70058K(70528K)->70058K(70528K) Class: 11449K(11840K)->11449K(11840K)
[633.672s][info ][gc             ] GC(149) Pause Young (Allocation Failure) 2561M->546M(2661M) 3.674ms
[633.672s][info ][gc,cpu         ] GC(149) User=0.01s Sys=0.00s Real=0.01s
[633.672s][info ][safepoint      ] Safepoint "ParallelGCFailedAllocation", Time since last: 4092047937 ns, Reaching safepoint: 57301 ns, At safepoint: 3758558 ns, Total: 3815859 ns
[635.672s][info ][safepoint      ] Safepoint "Cleanup", Time since last: 2000165066 ns, Reaching safepoint: 134202 ns, At safepoint: 19301 ns, Total: 153503 ns
[638.673s][info ][safepoint      ] Safepoint "Cleanup", Time since last: 3000242795 ns, Reaching safepoint: 120802 ns, At safepoint: 9500 ns, Total: 130302 ns
[646.673s][info ][safepoint      ] Safepoint "Cleanup", Time since last: 8000576027 ns, Reaching safepoint: 118402 ns, At safepoint: 7800 ns, Total: 126202 ns
[647.420s][info ][gc,start       ] GC(150) Pause Young (Allocation Failure)
[647.423s][debug][gc,phases      ] GC(150) Scavenge 3.092ms
[647.423s][debug][gc,ref         ] GC(150) Skipped phase 1 of Reference Processing: no references
[647.423s][debug][gc,ref         ] GC(150) ReferenceProcessor::execute queues: 1, RefProcThreadModel::Single, marks_oops_alive: false
[647.423s][debug][gc,ref         ] GC(150) Skipped phase 3 of Reference Processing: no references
[647.423s][debug][gc,ref         ] GC(150) ReferenceProcessor::execute queues: 1, RefProcThreadModel::Single, marks_oops_alive: false
[647.423s][debug][gc,phases      ] GC(150) Reference Processing 0.144ms
[647.423s][debug][gc,phases      ] GC(150)   VM Weak                        Min:  0.0, Avg:  0.0, Max:  0.0, Diff:  0.0, Sum:  0.0, Workers: 4
[647.423s][debug][gc,phases      ] GC(150)     Dead                           Min: 0, Avg:  0.0, Max: 0, Diff: 0, Sum: 0, Workers: 4
[647.423s][debug][gc,phases      ] GC(150)     Total                          Min: 0, Avg: 166.8, Max: 603, Diff: 603, Sum: 667, Workers: 4
[647.423s][debug][gc,phases      ] GC(150)   ObjectSynchronizer Weak        Min:  0.0, Avg:  0.0, Max:  0.0, Diff:  0.0, Sum:  0.0, Workers: 4
[647.423s][debug][gc,phases      ] GC(150)     Dead                           Min: 0, Avg:  0.0, Max: 0, Diff: 0, Sum: 0, Workers: 4
[647.423s][debug][gc,phases      ] GC(150)     Total                          Min: 0, Avg: 89.8, Max: 295, Diff: 295, Sum: 359, Workers: 4
[647.423s][debug][gc,phases      ] GC(150)   JVMTI Tag Weak OopStorage      Min:  0.0, Avg:  0.0, Max:  0.0, Diff:  0.0, Sum:  0.0, Workers: 4
[647.423s][debug][gc,phases      ] GC(150)     Dead                           Min: 0, Avg:  0.0, Max: 0, Diff: 0, Sum: 0, Workers: 4
[647.423s][debug][gc,phases      ] GC(150)     Total                          Min: 0, Avg:  0.0, Max: 0, Diff: 0, Sum: 0, Workers: 4
[647.423s][debug][gc,phases      ] GC(150)   StringTable Weak               Min:  0.1, Avg:  0.1, Max:  0.1, Diff:  0.0, Sum:  0.5, Workers: 4
[647.423s][debug][gc,phases      ] GC(150)     Dead                           Min: 0, Avg:  0.0, Max: 0, Diff: 0, Sum: 0, Workers: 4
[647.423s][debug][gc,phases      ] GC(150)     Total                          Min: 10944, Avg: 11989.2, Max: 13312, Diff: 2368, Sum: 47957, Workers: 4
[647.423s][debug][gc,phases      ] GC(150)   ResolvedMethodTable Weak       Min:  0.0, Avg:  0.0, Max:  0.0, Diff:  0.0, Sum:  0.1, Workers: 4
[647.423s][debug][gc,phases      ] GC(150)     Dead                           Min: 0, Avg:  0.0, Max: 0, Diff: 0, Sum: 0, Workers: 4
[647.423s][debug][gc,phases      ] GC(150)     Total                          Min: 1811, Avg: 1976.5, Max: 2094, Diff: 283, Sum: 7906, Workers: 4
[647.423s][debug][gc,phases      ] GC(150)   JNI Weak                       Min:  0.0, Avg:  0.0, Max:  0.0, Diff:  0.0, Sum:  0.0, Workers: 4
[647.423s][debug][gc,phases      ] GC(150)     Dead                           Min: 0, Avg:  0.0, Max: 0, Diff: 0, Sum: 0, Workers: 4
[647.423s][debug][gc,phases      ] GC(150)     Total                          Min: 0, Avg:  0.0, Max: 0, Diff: 0, Sum: 0, Workers: 4
[647.423s][debug][gc,phases      ] GC(150)   StringDedup Table Weak         Min:  0.0, Avg:  0.0, Max:  0.0, Diff:  0.0, Sum:  0.0, Workers: 4
[647.423s][debug][gc,phases      ] GC(150)     Dead                           Min: 0, Avg:  0.0, Max: 0, Diff: 0, Sum: 0, Workers: 4
[647.423s][debug][gc,phases      ] GC(150)     Total                          Min: 0, Avg:  0.0, Max: 0, Diff: 0, Sum: 0, Workers: 4
[647.423s][debug][gc,phases      ] GC(150)   StringDedup Requests0 Weak     Min:  0.0, Avg:  0.0, Max:  0.0, Diff:  0.0, Sum:  0.0, Workers: 4
[647.423s][debug][gc,phases      ] GC(150)     Dead                           Min: 0, Avg:  0.0, Max: 0, Diff: 0, Sum: 0, Workers: 4
[647.423s][debug][gc,phases      ] GC(150)     Total                          Min: 0, Avg:  0.0, Max: 0, Diff: 0, Sum: 0, Workers: 4
[647.423s][debug][gc,phases      ] GC(150)   StringDedup Requests1 Weak     Min:  0.0, Avg:  0.0, Max:  0.0, Diff:  0.0, Sum:  0.0, Workers: 4
[647.423s][debug][gc,phases      ] GC(150)     Dead                           Min: 0, Avg:  0.0, Max: 0, Diff: 0, Sum: 0, Workers: 4
[647.423s][debug][gc,phases      ] GC(150)     Total                          Min: 0, Avg:  0.0, Max: 0, Diff: 0, Sum: 0, Workers: 4
[647.423s][debug][gc,phases      ] GC(150)   Weak JFR Old Object Samples    Min:  0.0, Avg:  0.0, Max:  0.0, Diff:  0.0, Sum:  0.0, Workers: 4
[647.423s][debug][gc,phases      ] GC(150)     Dead                           Min: 0, Avg:  0.0, Max: 0, Diff: 0, Sum: 0, Workers: 4
[647.423s][debug][gc,phases      ] GC(150)     Total                          Min: 0, Avg:  0.0, Max: 0, Diff: 0, Sum: 0, Workers: 4
[647.423s][debug][gc,phases      ] GC(150) Weak Processing 0.386ms
[647.423s][debug][gc,age         ] GC(150) Desired survivor size 15204352 bytes, new threshold 15 (max threshold 15)
[647.423s][info ][gc,heap        ] GC(150) PSYoungGen: 2066032K(2079744K)->2672K(2082304K) Eden: 2063360K(2063360K)->0K(2066432K) From: 2672K(16384K)->2672K(15872K)
[647.423s][info ][gc,heap        ] GC(150) ParOldGen: 557226K(645632K)->557258K(645632K)
[647.423s][info ][gc,metaspace   ] GC(150) Metaspace: 81514K(82368K)->81514K(82368K) NonClass: 70065K(70528K)->70065K(70528K) Class: 11449K(11840K)->11449K(11840K)
[647.423s][info ][gc             ] GC(150) Pause Young (Allocation Failure) 2561M->546M(2664M) 3.754ms
[647.423s][info ][gc,cpu         ] GC(150) User=0.01s Sys=0.00s Real=0.01s
[647.423s][info ][safepoint      ] Safepoint "ParallelGCFailedAllocation", Time since last: 746115059 ns, Reaching safepoint: 53401 ns, At safepoint: 3839359 ns, Total: 3892760 ns
[648.424s][info ][safepoint      ] Safepoint "Cleanup", Time since last: 1000055825 ns, Reaching safepoint: 110701 ns, At safepoint: 5600 ns, Total: 116301 ns
[650.424s][info ][safepoint      ] Safepoint "Cleanup", Time since last: 2000180650 ns, Reaching safepoint: 122502 ns, At safepoint: 38600 ns, Total: 161102 ns
[652.424s][info ][safepoint      ] Safepoint "Cleanup", Time since last: 2000182647 ns, Reaching safepoint: 60001 ns, At safepoint: 3600 ns, Total: 63601 ns
[653.425s][info ][safepoint      ] Safepoint "Cleanup", Time since last: 1000122723 ns, Reaching safepoint: 139002 ns, At safepoint: 14701 ns, Total: 153703 ns
[656.425s][info ][safepoint      ] Safepoint "Cleanup", Time since last: 3000186163 ns, Reaching safepoint: 56001 ns, At safepoint: 7300 ns, Total: 63301 ns
[658.425s][info ][safepoint      ] Safepoint "Cleanup", Time since last: 2000192640 ns, Reaching safepoint: 44201 ns, At safepoint: 3300 ns, Total: 47501 ns
[660.726s][info ][gc,start       ] GC(151) Pause Young (Allocation Failure)
[660.729s][debug][gc,phases      ] GC(151) Scavenge 3.151ms
[660.729s][debug][gc,ref         ] GC(151) Skipped phase 1 of Reference Processing: no references
[660.729s][debug][gc,ref         ] GC(151) ReferenceProcessor::execute queues: 1, RefProcThreadModel::Single, marks_oops_alive: false
[660.729s][debug][gc,ref         ] GC(151) Skipped phase 3 of Reference Processing: no references
[660.729s][debug][gc,ref         ] GC(151) ReferenceProcessor::execute queues: 1, RefProcThreadModel::Single, marks_oops_alive: false
[660.729s][debug][gc,phases      ] GC(151) Reference Processing 0.132ms
[660.729s][debug][gc,phases      ] GC(151)   VM Weak                        Min:  0.0, Avg:  0.0, Max:  0.0, Diff:  0.0, Sum:  0.0, Workers: 4
[660.729s][debug][gc,phases      ] GC(151)     Dead                           Min: 0, Avg:  0.0, Max: 0, Diff: 0, Sum: 0, Workers: 4
[660.729s][debug][gc,phases      ] GC(151)     Total                          Min: 0, Avg: 166.8, Max: 667, Diff: 667, Sum: 667, Workers: 4
[660.729s][debug][gc,phases      ] GC(151)   ObjectSynchronizer Weak        Min:  0.0, Avg:  0.0, Max:  0.0, Diff:  0.0, Sum:  0.0, Workers: 4
[660.729s][debug][gc,phases      ] GC(151)     Dead                           Min: 0, Avg:  0.0, Max: 0, Diff: 0, Sum: 0, Workers: 4
[660.729s][debug][gc,phases      ] GC(151)     Total                          Min: 0, Avg: 89.8, Max: 192, Diff: 192, Sum: 359, Workers: 4
[660.729s][debug][gc,phases      ] GC(151)   JVMTI Tag Weak OopStorage      Min:  0.0, Avg:  0.0, Max:  0.0, Diff:  0.0, Sum:  0.0, Workers: 4
[660.729s][debug][gc,phases      ] GC(151)     Dead                           Min: 0, Avg:  0.0, Max: 0, Diff: 0, Sum: 0, Workers: 4
[660.729s][debug][gc,phases      ] GC(151)     Total                          Min: 0, Avg:  0.0, Max: 0, Diff: 0, Sum: 0, Workers: 4
[660.729s][debug][gc,phases      ] GC(151)   StringTable Weak               Min:  0.1, Avg:  0.1, Max:  0.1, Diff:  0.0, Sum:  0.4, Workers: 4
[660.729s][debug][gc,phases      ] GC(151)     Dead                           Min: 0, Avg:  0.0, Max: 0, Diff: 0, Sum: 0, Workers: 4
[660.729s][debug][gc,phases      ] GC(151)     Total                          Min: 11264, Avg: 11989.2, Max: 12288, Diff: 1024, Sum: 47957, Workers: 4
[660.729s][debug][gc,phases      ] GC(151)   ResolvedMethodTable Weak       Min:  0.0, Avg:  0.0, Max:  0.0, Diff:  0.0, Sum:  0.1, Workers: 4
[660.729s][debug][gc,phases      ] GC(151)     Dead                           Min: 0, Avg:  0.0, Max: 0, Diff: 0, Sum: 0, Workers: 4
[660.729s][debug][gc,phases      ] GC(151)     Total                          Min: 1503, Avg: 1976.5, Max: 2191, Diff: 688, Sum: 7906, Workers: 4
[660.729s][debug][gc,phases      ] GC(151)   JNI Weak                       Min:  0.0, Avg:  0.0, Max:  0.0, Diff:  0.0, Sum:  0.0, Workers: 4
[660.729s][debug][gc,phases      ] GC(151)     Dead                           Min: 0, Avg:  0.0, Max: 0, Diff: 0, Sum: 0, Workers: 4
[660.729s][debug][gc,phases      ] GC(151)     Total                          Min: 0, Avg:  0.0, Max: 0, Diff: 0, Sum: 0, Workers: 4
[660.729s][debug][gc,phases      ] GC(151)   StringDedup Table Weak         Min:  0.0, Avg:  0.0, Max:  0.0, Diff:  0.0, Sum:  0.0, Workers: 4
[660.729s][debug][gc,phases      ] GC(151)     Dead                           Min: 0, Avg:  0.0, Max: 0, Diff: 0, Sum: 0, Workers: 4
[660.729s][debug][gc,phases      ] GC(151)     Total                          Min: 0, Avg:  0.0, Max: 0, Diff: 0, Sum: 0, Workers: 4
[660.729s][debug][gc,phases      ] GC(151)   StringDedup Requests0 Weak     Min:  0.0, Avg:  0.0, Max:  0.0, Diff:  0.0, Sum:  0.0, Workers: 4
[660.729s][debug][gc,phases      ] GC(151)     Dead                           Min: 0, Avg:  0.0, Max: 0, Diff: 0, Sum: 0, Workers: 4
[660.729s][debug][gc,phases      ] GC(151)     Total                          Min: 0, Avg:  0.0, Max: 0, Diff: 0, Sum: 0, Workers: 4
[660.729s][debug][gc,phases      ] GC(151)   StringDedup Requests1 Weak     Min:  0.0, Avg:  0.0, Max:  0.0, Diff:  0.0, Sum:  0.0, Workers: 4
[660.729s][debug][gc,phases      ] GC(151)     Dead                           Min: 0, Avg:  0.0, Max: 0, Diff: 0, Sum: 0, Workers: 4
[660.729s][debug][gc,phases      ] GC(151)     Total                          Min: 0, Avg:  0.0, Max: 0, Diff: 0, Sum: 0, Workers: 4
[660.729s][debug][gc,phases      ] GC(151)   Weak JFR Old Object Samples    Min:  0.0, Avg:  0.0, Max:  0.0, Diff:  0.0, Sum:  0.0, Workers: 4
[660.729s][debug][gc,phases      ] GC(151)     Dead                           Min: 0, Avg:  0.0, Max: 0, Diff: 0, Sum: 0, Workers: 4
[660.729s][debug][gc,phases      ] GC(151)     Total                          Min: 0, Avg:  0.0, Max: 0, Diff: 0, Sum: 0, Workers: 4
[660.729s][debug][gc,phases      ] GC(151) Weak Processing 0.323ms
[660.729s][debug][gc,age         ] GC(151) Desired survivor size 14155776 bytes, new threshold 15 (max threshold 15)
[660.729s][info ][gc,heap        ] GC(151) PSYoungGen: 2069104K(2082304K)->2576K(2081280K) Eden: 2066432K(2066432K)->0K(2066432K) From: 2672K(15872K)->2576K(14848K)
[660.729s][info ][gc,heap        ] GC(151) ParOldGen: 557258K(645632K)->557282K(645632K)
[660.729s][info ][gc,metaspace   ] GC(151) Metaspace: 81519K(82368K)->81519K(82368K) NonClass: 70069K(70528K)->70069K(70528K) Class: 11449K(11840K)->11449K(11840K)
[660.729s][info ][gc             ] GC(151) Pause Young (Allocation Failure) 2564M->546M(2663M) 3.749ms
[660.729s][info ][gc,cpu         ] GC(151) User=0.01s Sys=0.00s Real=0.00s
[660.729s][info ][safepoint      ] Safepoint "ParallelGCFailedAllocation", Time since last: 2300461007 ns, Reaching safepoint: 36000 ns, At safepoint: 3833359 ns, Total: 3869359 ns
[670.730s][info ][safepoint      ] Safepoint "Cleanup", Time since last: 10000667949 ns, Reaching safepoint: 54801 ns, At safepoint: 8100 ns, Total: 62901 ns
[672.730s][info ][safepoint      ] Safepoint "Cleanup", Time since last: 2000191224 ns, Reaching safepoint: 46101 ns, At safepoint: 3200 ns, Total: 49301 ns
[673.731s][info ][safepoint      ] Safepoint "Cleanup", Time since last: 1000118411 ns, Reaching safepoint: 55101 ns, At safepoint: 6500 ns, Total: 61601 ns
[674.244s][info ][gc,start       ] GC(152) Pause Young (Allocation Failure)
[674.247s][debug][gc,phases      ] GC(152) Scavenge 2.858ms
[674.247s][debug][gc,ref         ] GC(152) Skipped phase 1 of Reference Processing: no references
[674.247s][debug][gc,ref         ] GC(152) ReferenceProcessor::execute queues: 1, RefProcThreadModel::Single, marks_oops_alive: false
[674.247s][debug][gc,ref         ] GC(152) Skipped phase 3 of Reference Processing: no references
[674.247s][debug][gc,ref         ] GC(152) ReferenceProcessor::execute queues: 1, RefProcThreadModel::Single, marks_oops_alive: false
[674.247s][debug][gc,phases      ] GC(152) Reference Processing 0.142ms
[674.247s][debug][gc,phases      ] GC(152)   VM Weak                        Min:  0.0, Avg:  0.0, Max:  0.0, Diff:  0.0, Sum:  0.0, Workers: 4
[674.247s][debug][gc,phases      ] GC(152)     Dead                           Min: 0, Avg:  0.0, Max: 0, Diff: 0, Sum: 0, Workers: 4
[674.247s][debug][gc,phases      ] GC(152)     Total                          Min: 0, Avg: 166.8, Max: 539, Diff: 539, Sum: 667, Workers: 4
[674.247s][debug][gc,phases      ] GC(152)   ObjectSynchronizer Weak        Min:  0.0, Avg:  0.0, Max:  0.0, Diff:  0.0, Sum:  0.0, Workers: 4
[674.247s][debug][gc,phases      ] GC(152)     Dead                           Min: 0, Avg:  0.0, Max: 0, Diff: 0, Sum: 0, Workers: 4
[674.247s][debug][gc,phases      ] GC(152)     Total                          Min: 0, Avg: 89.8, Max: 167, Diff: 167, Sum: 359, Workers: 4
[674.247s][debug][gc,phases      ] GC(152)   JVMTI Tag Weak OopStorage      Min:  0.0, Avg:  0.0, Max:  0.0, Diff:  0.0, Sum:  0.0, Workers: 4
[674.247s][debug][gc,phases      ] GC(152)     Dead                           Min: 0, Avg:  0.0, Max: 0, Diff: 0, Sum: 0, Workers: 4
[674.247s][debug][gc,phases      ] GC(152)     Total                          Min: 0, Avg:  0.0, Max: 0, Diff: 0, Sum: 0, Workers: 4
[674.247s][debug][gc,phases      ] GC(152)   StringTable Weak               Min:  0.1, Avg:  0.1, Max:  0.1, Diff:  0.0, Sum:  0.4, Workers: 4
[674.247s][debug][gc,phases      ] GC(152)     Dead                           Min: 0, Avg:  0.0, Max: 0, Diff: 0, Sum: 0, Workers: 4
[674.247s][debug][gc,phases      ] GC(152)     Total                          Min: 11072, Avg: 11989.5, Max: 12736, Diff: 1664, Sum: 47958, Workers: 4
[674.247s][debug][gc,phases      ] GC(152)   ResolvedMethodTable Weak       Min:  0.0, Avg:  0.0, Max:  0.0, Diff:  0.0, Sum:  0.1, Workers: 4
[674.247s][debug][gc,phases      ] GC(152)     Dead                           Min: 0, Avg:  0.0, Max: 0, Diff: 0, Sum: 0, Workers: 4
[674.247s][debug][gc,phases      ] GC(152)     Total                          Min: 1756, Avg: 1976.5, Max: 2157, Diff: 401, Sum: 7906, Workers: 4
[674.247s][debug][gc,phases      ] GC(152)   JNI Weak                       Min:  0.0, Avg:  0.0, Max:  0.0, Diff:  0.0, Sum:  0.0, Workers: 4
[674.247s][debug][gc,phases      ] GC(152)     Dead                           Min: 0, Avg:  0.0, Max: 0, Diff: 0, Sum: 0, Workers: 4
[674.247s][debug][gc,phases      ] GC(152)     Total                          Min: 0, Avg:  0.0, Max: 0, Diff: 0, Sum: 0, Workers: 4
[674.247s][debug][gc,phases      ] GC(152)   StringDedup Table Weak         Min:  0.0, Avg:  0.0, Max:  0.0, Diff:  0.0, Sum:  0.0, Workers: 4
[674.247s][debug][gc,phases      ] GC(152)     Dead                           Min: 0, Avg:  0.0, Max: 0, Diff: 0, Sum: 0, Workers: 4
[674.247s][debug][gc,phases      ] GC(152)     Total                          Min: 0, Avg:  0.0, Max: 0, Diff: 0, Sum: 0, Workers: 4
[674.247s][debug][gc,phases      ] GC(152)   StringDedup Requests0 Weak     Min:  0.0, Avg:  0.0, Max:  0.0, Diff:  0.0, Sum:  0.0, Workers: 4
[674.247s][debug][gc,phases      ] GC(152)     Dead                           Min: 0, Avg:  0.0, Max: 0, Diff: 0, Sum: 0, Workers: 4
[674.248s][debug][gc,phases      ] GC(152)     Total                          Min: 0, Avg:  0.0, Max: 0, Diff: 0, Sum: 0, Workers: 4
[674.248s][debug][gc,phases      ] GC(152)   StringDedup Requests1 Weak     Min:  0.0, Avg:  0.0, Max:  0.0, Diff:  0.0, Sum:  0.0, Workers: 4
[674.248s][debug][gc,phases      ] GC(152)     Dead                           Min: 0, Avg:  0.0, Max: 0, Diff: 0, Sum: 0, Workers: 4
[674.248s][debug][gc,phases      ] GC(152)     Total                          Min: 0, Avg:  0.0, Max: 0, Diff: 0, Sum: 0, Workers: 4
[674.248s][debug][gc,phases      ] GC(152)   Weak JFR Old Object Samples    Min:  0.0, Avg:  0.0, Max:  0.0, Diff:  0.0, Sum:  0.0, Workers: 4
[674.248s][debug][gc,phases      ] GC(152)     Dead                           Min: 0, Avg:  0.0, Max: 0, Diff: 0, Sum: 0, Workers: 4
[674.248s][debug][gc,phases      ] GC(152)     Total                          Min: 0, Avg:  0.0, Max: 0, Diff: 0, Sum: 0, Workers: 4
[674.248s][debug][gc,phases      ] GC(152) Weak Processing 0.325ms
[674.248s][debug][gc,age         ] GC(152) Desired survivor size 13631488 bytes, new threshold 15 (max threshold 15)
[674.248s][info ][gc,heap        ] GC(152) PSYoungGen: 2069008K(2081280K)->2640K(2083840K) Eden: 2066432K(2066432K)->0K(2070016K) From: 2576K(14848K)->2640K(13824K)
[674.248s][info ][gc,heap        ] GC(152) ParOldGen: 557282K(645632K)->557314K(645632K)
[674.248s][info ][gc,metaspace   ] GC(152) Metaspace: 81522K(82368K)->81522K(82368K) NonClass: 70073K(70528K)->70073K(70528K) Class: 11449K(11840K)->11449K(11840K)
[674.248s][info ][gc             ] GC(152) Pause Young (Allocation Failure) 2564M->546M(2665M) 3.456ms
[674.248s][info ][gc,cpu         ] GC(152) User=0.01s Sys=0.01s Real=0.00s
[674.248s][info ][safepoint      ] Safepoint "ParallelGCFailedAllocation", Time since last: 513550611 ns, Reaching safepoint: 28100 ns, At safepoint: 3547354 ns, Total: 3575454 ns
[676.248s][info ][safepoint      ] Safepoint "Cleanup", Time since last: 2000165220 ns, Reaching safepoint: 49201 ns, At safepoint: 8700 ns, Total: 57901 ns
[682.248s][info ][safepoint      ] Safepoint "Cleanup", Time since last: 6000382644 ns, Reaching safepoint: 48200 ns, At safepoint: 8001 ns, Total: 56201 ns
[686.249s][info ][safepoint      ] Safepoint "Cleanup", Time since last: 4000244418 ns, Reaching safepoint: 50100 ns, At safepoint: 7800 ns, Total: 57900 ns
[687.510s][info ][gc,start       ] GC(153) Pause Young (Allocation Failure)
[687.514s][debug][gc,phases      ] GC(153) Scavenge 3.639ms
[687.514s][debug][gc,ref         ] GC(153) Skipped phase 1 of Reference Processing: no references
[687.514s][debug][gc,ref         ] GC(153) ReferenceProcessor::execute queues: 1, RefProcThreadModel::Single, marks_oops_alive: false
[687.514s][debug][gc,ref         ] GC(153) Skipped phase 3 of Reference Processing: no references
[687.514s][debug][gc,ref         ] GC(153) ReferenceProcessor::execute queues: 1, RefProcThreadModel::Single, marks_oops_alive: false
[687.514s][debug][gc,phases      ] GC(153) Reference Processing 0.135ms
[687.514s][debug][gc,phases      ] GC(153)   VM Weak                        Min:  0.0, Avg:  0.0, Max:  0.0, Diff:  0.0, Sum:  0.0, Workers: 4
[687.514s][debug][gc,phases      ] GC(153)     Dead                           Min: 0, Avg:  0.0, Max: 0, Diff: 0, Sum: 0, Workers: 4
[687.514s][debug][gc,phases      ] GC(153)     Total                          Min: 0, Avg: 166.8, Max: 411, Diff: 411, Sum: 667, Workers: 4
[687.514s][debug][gc,phases      ] GC(153)   ObjectSynchronizer Weak        Min:  0.0, Avg:  0.0, Max:  0.0, Diff:  0.0, Sum:  0.0, Workers: 4
[687.514s][debug][gc,phases      ] GC(153)     Dead                           Min: 0, Avg:  0.0, Max: 0, Diff: 0, Sum: 0, Workers: 4
[687.514s][debug][gc,phases      ] GC(153)     Total                          Min: 0, Avg: 89.8, Max: 192, Diff: 192, Sum: 359, Workers: 4
[687.514s][debug][gc,phases      ] GC(153)   JVMTI Tag Weak OopStorage      Min:  0.0, Avg:  0.0, Max:  0.0, Diff:  0.0, Sum:  0.0, Workers: 4
[687.514s][debug][gc,phases      ] GC(153)     Dead                           Min: 0, Avg:  0.0, Max: 0, Diff: 0, Sum: 0, Workers: 4
[687.514s][debug][gc,phases      ] GC(153)     Total                          Min: 0, Avg:  0.0, Max: 0, Diff: 0, Sum: 0, Workers: 4
[687.514s][debug][gc,phases      ] GC(153)   StringTable Weak               Min:  0.1, Avg:  0.1, Max:  0.1, Diff:  0.0, Sum:  0.4, Workers: 4
[687.514s][debug][gc,phases      ] GC(153)     Dead                           Min: 0, Avg:  0.0, Max: 0, Diff: 0, Sum: 0, Workers: 4
[687.514s][debug][gc,phases      ] GC(153)     Total                          Min: 11479, Avg: 11989.8, Max: 12736, Diff: 1257, Sum: 47959, Workers: 4
[687.514s][debug][gc,phases      ] GC(153)   ResolvedMethodTable Weak       Min:  0.0, Avg:  0.0, Max:  0.0, Diff:  0.0, Sum:  0.1, Workers: 4
[687.514s][debug][gc,phases      ] GC(153)     Dead                           Min: 0, Avg:  0.0, Max: 0, Diff: 0, Sum: 0, Workers: 4
[687.514s][debug][gc,phases      ] GC(153)     Total                          Min: 1798, Avg: 1976.5, Max: 2128, Diff: 330, Sum: 7906, Workers: 4
[687.514s][debug][gc,phases      ] GC(153)   JNI Weak                       Min:  0.0, Avg:  0.0, Max:  0.0, Diff:  0.0, Sum:  0.0, Workers: 4
[687.514s][debug][gc,phases      ] GC(153)     Dead                           Min: 0, Avg:  0.0, Max: 0, Diff: 0, Sum: 0, Workers: 4
[687.514s][debug][gc,phases      ] GC(153)     Total                          Min: 0, Avg:  0.0, Max: 0, Diff: 0, Sum: 0, Workers: 4
[687.514s][debug][gc,phases      ] GC(153)   StringDedup Table Weak         Min:  0.0, Avg:  0.0, Max:  0.0, Diff:  0.0, Sum:  0.0, Workers: 4
[687.514s][debug][gc,phases      ] GC(153)     Dead                           Min: 0, Avg:  0.0, Max: 0, Diff: 0, Sum: 0, Workers: 4
[687.514s][debug][gc,phases      ] GC(153)     Total                          Min: 0, Avg:  0.0, Max: 0, Diff: 0, Sum: 0, Workers: 4
[687.514s][debug][gc,phases      ] GC(153)   StringDedup Requests0 Weak     Min:  0.0, Avg:  0.0, Max:  0.0, Diff:  0.0, Sum:  0.0, Workers: 4
[687.514s][debug][gc,phases      ] GC(153)     Dead                           Min: 0, Avg:  0.0, Max: 0, Diff: 0, Sum: 0, Workers: 4
[687.514s][debug][gc,phases      ] GC(153)     Total                          Min: 0, Avg:  0.0, Max: 0, Diff: 0, Sum: 0, Workers: 4
[687.514s][debug][gc,phases      ] GC(153)   StringDedup Requests1 Weak     Min:  0.0, Avg:  0.0, Max:  0.0, Diff:  0.0, Sum:  0.0, Workers: 4
[687.514s][debug][gc,phases      ] GC(153)     Dead                           Min: 0, Avg:  0.0, Max: 0, Diff: 0, Sum: 0, Workers: 4
[687.514s][debug][gc,phases      ] GC(153)     Total                          Min: 0, Avg:  0.0, Max: 0, Diff: 0, Sum: 0, Workers: 4
[687.514s][debug][gc,phases      ] GC(153)   Weak JFR Old Object Samples    Min:  0.0, Avg:  0.0, Max:  0.0, Diff:  0.0, Sum:  0.0, Workers: 4
[687.514s][debug][gc,phases      ] GC(153)     Dead                           Min: 0, Avg:  0.0, Max: 0, Diff: 0, Sum: 0, Workers: 4
[687.514s][debug][gc,phases      ] GC(153)     Total                          Min: 0, Avg:  0.0, Max: 0, Diff: 0, Sum: 0, Workers: 4
[687.514s][debug][gc,phases      ] GC(153) Weak Processing 0.316ms
[687.514s][debug][gc,age         ] GC(153) Desired survivor size 12582912 bytes, new threshold 15 (max threshold 15)
[687.514s][info ][gc,heap        ] GC(153) PSYoungGen: 2072656K(2083840K)->2977K(2083328K) Eden: 2070016K(2070016K)->0K(2070016K) From: 2640K(13824K)->2977K(13312K)
[687.514s][info ][gc,heap        ] GC(153) ParOldGen: 557314K(645632K)->557346K(645632K)
[687.514s][info ][gc,metaspace   ] GC(153) Metaspace: 81529K(82368K)->81529K(82368K) NonClass: 70080K(70528K)->70080K(70528K) Class: 11449K(11840K)->11449K(11840K)
[687.514s][info ][gc             ] GC(153) Pause Young (Allocation Failure) 2568M->547M(2665M) 4.230ms
[687.514s][info ][gc,cpu         ] GC(153) User=0.02s Sys=0.00s Real=0.01s
[687.514s][info ][safepoint      ] Safepoint "ParallelGCFailedAllocation", Time since last: 1261257674 ns, Reaching safepoint: 100602 ns, At safepoint: 4326366 ns, Total: 4426968 ns
[688.514s][info ][safepoint      ] Safepoint "Cleanup", Time since last: 1000085302 ns, Reaching safepoint: 54001 ns, At safepoint: 14900 ns, Total: 68901 ns
[690.515s][info ][safepoint      ] Safepoint "Cleanup", Time since last: 2000191805 ns, Reaching safepoint: 57801 ns, At safepoint: 7200 ns, Total: 65001 ns
[692.515s][info ][safepoint      ] Safepoint "Cleanup", Time since last: 2000180002 ns, Reaching safepoint: 49501 ns, At safepoint: 7900 ns, Total: 57401 ns
[697.515s][info ][safepoint      ] Safepoint "Cleanup", Time since last: 5000381494 ns, Reaching safepoint: 74502 ns, At safepoint: 7200 ns, Total: 81702 ns
[698.718s][info ][gc,start       ] GC(154) Pause Young (Allocation Failure)
[698.721s][debug][gc,phases      ] GC(154) Scavenge 3.109ms
[698.721s][debug][gc,ref         ] GC(154) Skipped phase 1 of Reference Processing: no references
[698.721s][debug][gc,ref         ] GC(154) ReferenceProcessor::execute queues: 1, RefProcThreadModel::Single, marks_oops_alive: false
[698.721s][debug][gc,ref         ] GC(154) Skipped phase 3 of Reference Processing: no references
[698.721s][debug][gc,ref         ] GC(154) ReferenceProcessor::execute queues: 1, RefProcThreadModel::Single, marks_oops_alive: false
[698.721s][debug][gc,phases      ] GC(154) Reference Processing 0.118ms
[698.721s][debug][gc,phases      ] GC(154)   VM Weak                        Min:  0.0, Avg:  0.0, Max:  0.0, Diff:  0.0, Sum:  0.0, Workers: 4
[698.721s][debug][gc,phases      ] GC(154)     Dead                           Min: 0, Avg:  0.0, Max: 0, Diff: 0, Sum: 0, Workers: 4
[698.721s][debug][gc,phases      ] GC(154)     Total                          Min: 0, Avg: 166.8, Max: 384, Diff: 384, Sum: 667, Workers: 4
[698.721s][debug][gc,phases      ] GC(154)   ObjectSynchronizer Weak        Min:  0.0, Avg:  0.0, Max:  0.0, Diff:  0.0, Sum:  0.0, Workers: 4
[698.721s][debug][gc,phases      ] GC(154)     Dead                           Min: 0, Avg:  0.0, Max: 0, Diff: 0, Sum: 0, Workers: 4
[698.721s][debug][gc,phases      ] GC(154)     Total                          Min: 0, Avg: 89.8, Max: 192, Diff: 192, Sum: 359, Workers: 4
[698.721s][debug][gc,phases      ] GC(154)   JVMTI Tag Weak OopStorage      Min:  0.0, Avg:  0.0, Max:  0.0, Diff:  0.0, Sum:  0.0, Workers: 4
[698.721s][debug][gc,phases      ] GC(154)     Dead                           Min: 0, Avg:  0.0, Max: 0, Diff: 0, Sum: 0, Workers: 4
[698.721s][debug][gc,phases      ] GC(154)     Total                          Min: 0, Avg:  0.0, Max: 0, Diff: 0, Sum: 0, Workers: 4
[698.721s][debug][gc,phases      ] GC(154)   StringTable Weak               Min:  0.1, Avg:  0.1, Max:  0.1, Diff:  0.0, Sum:  0.4, Workers: 4
[698.721s][debug][gc,phases      ] GC(154)     Dead                           Min: 0, Avg:  0.0, Max: 0, Diff: 0, Sum: 0, Workers: 4
[698.721s][debug][gc,phases      ] GC(154)     Total                          Min: 10048, Avg: 11989.8, Max: 12864, Diff: 2816, Sum: 47959, Workers: 4
[698.721s][debug][gc,phases      ] GC(154)   ResolvedMethodTable Weak       Min:  0.0, Avg:  0.0, Max:  0.0, Diff:  0.0, Sum:  0.1, Workers: 4
[698.721s][debug][gc,phases      ] GC(154)     Dead                           Min: 0, Avg:  0.0, Max: 0, Diff: 0, Sum: 0, Workers: 4
[698.721s][debug][gc,phases      ] GC(154)     Total                          Min: 1733, Avg: 1976.5, Max: 2192, Diff: 459, Sum: 7906, Workers: 4
[698.721s][debug][gc,phases      ] GC(154)   JNI Weak                       Min:  0.0, Avg:  0.0, Max:  0.0, Diff:  0.0, Sum:  0.0, Workers: 4
[698.721s][debug][gc,phases      ] GC(154)     Dead                           Min: 0, Avg:  0.0, Max: 0, Diff: 0, Sum: 0, Workers: 4
[698.721s][debug][gc,phases      ] GC(154)     Total                          Min: 0, Avg:  0.0, Max: 0, Diff: 0, Sum: 0, Workers: 4
[698.721s][debug][gc,phases      ] GC(154)   StringDedup Table Weak         Min:  0.0, Avg:  0.0, Max:  0.0, Diff:  0.0, Sum:  0.0, Workers: 4
[698.721s][debug][gc,phases      ] GC(154)     Dead                           Min: 0, Avg:  0.0, Max: 0, Diff: 0, Sum: 0, Workers: 4
[698.721s][debug][gc,phases      ] GC(154)     Total                          Min: 0, Avg:  0.0, Max: 0, Diff: 0, Sum: 0, Workers: 4
[698.721s][debug][gc,phases      ] GC(154)   StringDedup Requests0 Weak     Min:  0.0, Avg:  0.0, Max:  0.0, Diff:  0.0, Sum:  0.0, Workers: 4
[698.721s][debug][gc,phases      ] GC(154)     Dead                           Min: 0, Avg:  0.0, Max: 0, Diff: 0, Sum: 0, Workers: 4
[698.721s][debug][gc,phases      ] GC(154)     Total                          Min: 0, Avg:  0.0, Max: 0, Diff: 0, Sum: 0, Workers: 4
[698.721s][debug][gc,phases      ] GC(154)   StringDedup Requests1 Weak     Min:  0.0, Avg:  0.0, Max:  0.0, Diff:  0.0, Sum:  0.0, Workers: 4
[698.721s][debug][gc,phases      ] GC(154)     Dead                           Min: 0, Avg:  0.0, Max: 0, Diff: 0, Sum: 0, Workers: 4
[698.721s][debug][gc,phases      ] GC(154)     Total                          Min: 0, Avg:  0.0, Max: 0, Diff: 0, Sum: 0, Workers: 4
[698.721s][debug][gc,phases      ] GC(154)   Weak JFR Old Object Samples    Min:  0.0, Avg:  0.0, Max:  0.0, Diff:  0.0, Sum:  0.0, Workers: 4
[698.721s][debug][gc,phases      ] GC(154)     Dead                           Min: 0, Avg:  0.0, Max: 0, Diff: 0, Sum: 0, Workers: 4
[698.721s][debug][gc,phases      ] GC(154)     Total                          Min: 0, Avg:  0.0, Max: 0, Diff: 0, Sum: 0, Workers: 4
[698.721s][debug][gc,phases      ] GC(154) Weak Processing 0.329ms
[698.721s][debug][gc,age         ] GC(154) Desired survivor size 12058624 bytes, new threshold 15 (max threshold 15)
[698.721s][info ][gc,heap        ] GC(154) PSYoungGen: 2072993K(2083328K)->2736K(2085376K) Eden: 2070016K(2070016K)->0K(2073088K) From: 2977K(13312K)->2736K(12288K)
[698.721s][info ][gc,heap        ] GC(154) ParOldGen: 557346K(645632K)->557378K(645632K)
[698.721s][info ][gc,metaspace   ] GC(154) Metaspace: 81540K(82368K)->81540K(82368K) NonClass: 70091K(70528K)->70091K(70528K) Class: 11449K(11840K)->11449K(11840K)
[698.721s][info ][gc             ] GC(154) Pause Young (Allocation Failure) 2568M->546M(2667M) 3.690ms
[698.721s][info ][gc,cpu         ] GC(154) User=0.01s Sys=0.00s Real=0.00s
[698.721s][info ][safepoint      ] Safepoint "ParallelGCFailedAllocation", Time since last: 1202157768 ns, Reaching safepoint: 55801 ns, At safepoint: 3769557 ns, Total: 3825358 ns
[708.722s][info ][safepoint      ] Safepoint "Cleanup", Time since last: 10000715742 ns, Reaching safepoint: 120302 ns, At safepoint: 13600 ns, Total: 133902 ns
[711.422s][info ][gc,start       ] GC(155) Pause Young (Allocation Failure)
[711.425s][debug][gc,phases      ] GC(155) Scavenge 3.738ms
[711.425s][debug][gc,ref         ] GC(155) Skipped phase 1 of Reference Processing: no references
[711.425s][debug][gc,ref         ] GC(155) ReferenceProcessor::execute queues: 1, RefProcThreadModel::Single, marks_oops_alive: false
[711.425s][debug][gc,ref         ] GC(155) Skipped phase 3 of Reference Processing: no references
[711.425s][debug][gc,ref         ] GC(155) ReferenceProcessor::execute queues: 1, RefProcThreadModel::Single, marks_oops_alive: false
[711.426s][debug][gc,phases      ] GC(155) Reference Processing 0.155ms
[711.426s][debug][gc,phases      ] GC(155)   VM Weak                        Min:  0.0, Avg:  0.0, Max:  0.0, Diff:  0.0, Sum:  0.0, Workers: 4
[711.426s][debug][gc,phases      ] GC(155)     Dead                           Min: 0, Avg:  0.0, Max: 0, Diff: 0, Sum: 0, Workers: 4
[711.426s][debug][gc,phases      ] GC(155)     Total                          Min: 0, Avg: 166.8, Max: 667, Diff: 667, Sum: 667, Workers: 4
[711.426s][debug][gc,phases      ] GC(155)   ObjectSynchronizer Weak        Min:  0.0, Avg:  0.0, Max:  0.0, Diff:  0.0, Sum:  0.0, Workers: 4
[711.426s][debug][gc,phases      ] GC(155)     Dead                           Min: 0, Avg:  0.0, Max: 0, Diff: 0, Sum: 0, Workers: 4
[711.426s][debug][gc,phases      ] GC(155)     Total                          Min: 0, Avg: 89.8, Max: 359, Diff: 359, Sum: 359, Workers: 4
[711.426s][debug][gc,phases      ] GC(155)   JVMTI Tag Weak OopStorage      Min:  0.0, Avg:  0.0, Max:  0.0, Diff:  0.0, Sum:  0.0, Workers: 4
[711.426s][debug][gc,phases      ] GC(155)     Dead                           Min: 0, Avg:  0.0, Max: 0, Diff: 0, Sum: 0, Workers: 4
[711.426s][debug][gc,phases      ] GC(155)     Total                          Min: 0, Avg:  0.0, Max: 0, Diff: 0, Sum: 0, Workers: 4
[711.426s][debug][gc,phases      ] GC(155)   StringTable Weak               Min:  0.1, Avg:  0.1, Max:  0.1, Diff:  0.0, Sum:  0.4, Workers: 4
[711.426s][debug][gc,phases      ] GC(155)     Dead                           Min: 0, Avg:  0.0, Max: 0, Diff: 0, Sum: 0, Workers: 4
[711.426s][debug][gc,phases      ] GC(155)     Total                          Min: 11200, Avg: 11989.8, Max: 13568, Diff: 2368, Sum: 47959, Workers: 4
[711.426s][debug][gc,phases      ] GC(155)   ResolvedMethodTable Weak       Min:  0.0, Avg:  0.0, Max:  0.0, Diff:  0.0, Sum:  0.1, Workers: 4
[711.426s][debug][gc,phases      ] GC(155)     Dead                           Min: 0, Avg:  0.0, Max: 0, Diff: 0, Sum: 0, Workers: 4
[711.426s][debug][gc,phases      ] GC(155)     Total                          Min: 1821, Avg: 1976.5, Max: 2340, Diff: 519, Sum: 7906, Workers: 4
[711.426s][debug][gc,phases      ] GC(155)   JNI Weak                       Min:  0.0, Avg:  0.0, Max:  0.0, Diff:  0.0, Sum:  0.0, Workers: 4
[711.426s][debug][gc,phases      ] GC(155)     Dead                           Min: 0, Avg:  0.0, Max: 0, Diff: 0, Sum: 0, Workers: 4
[711.426s][debug][gc,phases      ] GC(155)     Total                          Min: 0, Avg:  0.0, Max: 0, Diff: 0, Sum: 0, Workers: 4
[711.426s][debug][gc,phases      ] GC(155)   StringDedup Table Weak         Min:  0.0, Avg:  0.0, Max:  0.0, Diff:  0.0, Sum:  0.0, Workers: 4
[711.426s][debug][gc,phases      ] GC(155)     Dead                           Min: 0, Avg:  0.0, Max: 0, Diff: 0, Sum: 0, Workers: 4
[711.426s][debug][gc,phases      ] GC(155)     Total                          Min: 0, Avg:  0.0, Max: 0, Diff: 0, Sum: 0, Workers: 4
[711.426s][debug][gc,phases      ] GC(155)   StringDedup Requests0 Weak     Min:  0.0, Avg:  0.0, Max:  0.0, Diff:  0.0, Sum:  0.0, Workers: 4
[711.426s][debug][gc,phases      ] GC(155)     Dead                           Min: 0, Avg:  0.0, Max: 0, Diff: 0, Sum: 0, Workers: 4
[711.426s][debug][gc,phases      ] GC(155)     Total                          Min: 0, Avg:  0.0, Max: 0, Diff: 0, Sum: 0, Workers: 4
[711.426s][debug][gc,phases      ] GC(155)   StringDedup Requests1 Weak     Min:  0.0, Avg:  0.0, Max:  0.0, Diff:  0.0, Sum:  0.0, Workers: 4
[711.426s][debug][gc,phases      ] GC(155)     Dead                           Min: 0, Avg:  0.0, Max: 0, Diff: 0, Sum: 0, Workers: 4
[711.426s][debug][gc,phases      ] GC(155)     Total                          Min: 0, Avg:  0.0, Max: 0, Diff: 0, Sum: 0, Workers: 4
[711.426s][debug][gc,phases      ] GC(155)   Weak JFR Old Object Samples    Min:  0.0, Avg:  0.0, Max:  0.0, Diff:  0.0, Sum:  0.0, Workers: 4
[711.426s][debug][gc,phases      ] GC(155)     Dead                           Min: 0, Avg:  0.0, Max: 0, Diff: 0, Sum: 0, Workers: 4
[711.426s][debug][gc,phases      ] GC(155)     Total                          Min: 0, Avg:  0.0, Max: 0, Diff: 0, Sum: 0, Workers: 4
[711.426s][debug][gc,phases      ] GC(155) Weak Processing 0.361ms
[711.426s][debug][gc,age         ] GC(155) Desired survivor size 11534336 bytes, new threshold 15 (max threshold 15)
[711.426s][info ][gc,heap        ] GC(155) PSYoungGen: 2075824K(2085376K)->2928K(2084864K) Eden: 2073088K(2073088K)->0K(2073088K) From: 2736K(12288K)->2928K(11776K)
[711.426s][info ][gc,heap        ] GC(155) ParOldGen: 557378K(645632K)->557410K(645632K)
[711.426s][info ][gc,metaspace   ] GC(155) Metaspace: 81548K(82368K)->81548K(82368K) NonClass: 70099K(70528K)->70099K(70528K) Class: 11449K(11840K)->11449K(11840K)
[711.426s][info ][gc             ] GC(155) Pause Young (Allocation Failure) 2571M->547M(2666M) 4.390ms
[711.426s][info ][gc,cpu         ] GC(155) User=0.02s Sys=0.00s Real=0.01s
[711.426s][info ][safepoint      ] Safepoint "ParallelGCFailedAllocation", Time since last: 2699211501 ns, Reaching safepoint: 39301 ns, At safepoint: 4521568 ns, Total: 4560869 ns
[719.427s][info ][safepoint      ] Safepoint "Cleanup", Time since last: 8000585906 ns, Reaching safepoint: 133402 ns, At safepoint: 10700 ns, Total: 144102 ns
[723.020s][info ][gc,start       ] GC(156) Pause Young (Allocation Failure)
[723.023s][debug][gc,phases      ] GC(156) Scavenge 3.493ms
[723.023s][debug][gc,ref         ] GC(156) Skipped phase 1 of Reference Processing: no references
[723.023s][debug][gc,ref         ] GC(156) ReferenceProcessor::execute queues: 1, RefProcThreadModel::Single, marks_oops_alive: false
[723.023s][debug][gc,ref         ] GC(156) Skipped phase 3 of Reference Processing: no references
[723.023s][debug][gc,ref         ] GC(156) ReferenceProcessor::execute queues: 1, RefProcThreadModel::Single, marks_oops_alive: false
[723.023s][debug][gc,phases      ] GC(156) Reference Processing 0.153ms
[723.023s][debug][gc,phases      ] GC(156)   VM Weak                        Min:  0.0, Avg:  0.0, Max:  0.0, Diff:  0.0, Sum:  0.0, Workers: 4
[723.023s][debug][gc,phases      ] GC(156)     Dead                           Min: 0, Avg:  0.0, Max: 0, Diff: 0, Sum: 0, Workers: 4
[723.023s][debug][gc,phases      ] GC(156)     Total                          Min: 0, Avg: 166.8, Max: 539, Diff: 539, Sum: 667, Workers: 4
[723.023s][debug][gc,phases      ] GC(156)   ObjectSynchronizer Weak        Min:  0.0, Avg:  0.0, Max:  0.0, Diff:  0.0, Sum:  0.0, Workers: 4
[723.023s][debug][gc,phases      ] GC(156)     Dead                           Min: 0, Avg:  0.0, Max: 0, Diff: 0, Sum: 0, Workers: 4
[723.023s][debug][gc,phases      ] GC(156)     Total                          Min: 0, Avg: 89.8, Max: 167, Diff: 167, Sum: 359, Workers: 4
[723.023s][debug][gc,phases      ] GC(156)   JVMTI Tag Weak OopStorage      Min:  0.0, Avg:  0.0, Max:  0.0, Diff:  0.0, Sum:  0.0, Workers: 4
[723.023s][debug][gc,phases      ] GC(156)     Dead                           Min: 0, Avg:  0.0, Max: 0, Diff: 0, Sum: 0, Workers: 4
[723.023s][debug][gc,phases      ] GC(156)     Total                          Min: 0, Avg:  0.0, Max: 0, Diff: 0, Sum: 0, Workers: 4
[723.023s][debug][gc,phases      ] GC(156)   StringTable Weak               Min:  0.1, Avg:  0.1, Max:  0.1, Diff:  0.0, Sum:  0.4, Workers: 4
[723.023s][debug][gc,phases      ] GC(156)     Dead                           Min: 0, Avg:  0.0, Max: 0, Diff: 0, Sum: 0, Workers: 4
[723.023s][debug][gc,phases      ] GC(156)     Total                          Min: 11392, Avg: 11994.2, Max: 13033, Diff: 1641, Sum: 47977, Workers: 4
[723.023s][debug][gc,phases      ] GC(156)   ResolvedMethodTable Weak       Min:  0.0, Avg:  0.0, Max:  0.0, Diff:  0.0, Sum:  0.1, Workers: 4
[723.024s][debug][gc,phases      ] GC(156)     Dead                           Min: 0, Avg:  0.0, Max: 0, Diff: 0, Sum: 0, Workers: 4
[723.024s][debug][gc,phases      ] GC(156)     Total                          Min: 1790, Avg: 1976.5, Max: 2136, Diff: 346, Sum: 7906, Workers: 4
[723.024s][debug][gc,phases      ] GC(156)   JNI Weak                       Min:  0.0, Avg:  0.0, Max:  0.0, Diff:  0.0, Sum:  0.0, Workers: 4
[723.024s][debug][gc,phases      ] GC(156)     Dead                           Min: 0, Avg:  0.0, Max: 0, Diff: 0, Sum: 0, Workers: 4
[723.024s][debug][gc,phases      ] GC(156)     Total                          Min: 0, Avg:  0.0, Max: 0, Diff: 0, Sum: 0, Workers: 4
[723.024s][debug][gc,phases      ] GC(156)   StringDedup Table Weak         Min:  0.0, Avg:  0.0, Max:  0.0, Diff:  0.0, Sum:  0.0, Workers: 4
[723.024s][debug][gc,phases      ] GC(156)     Dead                           Min: 0, Avg:  0.0, Max: 0, Diff: 0, Sum: 0, Workers: 4
[723.024s][debug][gc,phases      ] GC(156)     Total                          Min: 0, Avg:  0.0, Max: 0, Diff: 0, Sum: 0, Workers: 4
[723.024s][debug][gc,phases      ] GC(156)   StringDedup Requests0 Weak     Min:  0.0, Avg:  0.0, Max:  0.0, Diff:  0.0, Sum:  0.0, Workers: 4
[723.024s][debug][gc,phases      ] GC(156)     Dead                           Min: 0, Avg:  0.0, Max: 0, Diff: 0, Sum: 0, Workers: 4
[723.024s][debug][gc,phases      ] GC(156)     Total                          Min: 0, Avg:  0.0, Max: 0, Diff: 0, Sum: 0, Workers: 4
[723.024s][debug][gc,phases      ] GC(156)   StringDedup Requests1 Weak     Min:  0.0, Avg:  0.0, Max:  0.0, Diff:  0.0, Sum:  0.0, Workers: 4
[723.024s][debug][gc,phases      ] GC(156)     Dead                           Min: 0, Avg:  0.0, Max: 0, Diff: 0, Sum: 0, Workers: 4
[723.024s][debug][gc,phases      ] GC(156)     Total                          Min: 0, Avg:  0.0, Max: 0, Diff: 0, Sum: 0, Workers: 4
[723.024s][debug][gc,phases      ] GC(156)   Weak JFR Old Object Samples    Min:  0.0, Avg:  0.0, Max:  0.0, Diff:  0.0, Sum:  0.0, Workers: 4
[723.024s][debug][gc,phases      ] GC(156)     Dead                           Min: 0, Avg:  0.0, Max: 0, Diff: 0, Sum: 0, Workers: 4
[723.024s][debug][gc,phases      ] GC(156)     Total                          Min: 0, Avg:  0.0, Max: 0, Diff: 0, Sum: 0, Workers: 4
[723.024s][debug][gc,phases      ] GC(156) Weak Processing 0.332ms
[723.024s][debug][gc,age         ] GC(156) Desired survivor size 11010048 bytes, new threshold 15 (max threshold 15)
[723.024s][info ][gc,heap        ] GC(156) PSYoungGen: 2076016K(2084864K)->2736K(2086400K) Eden: 2073088K(2073088K)->0K(2075136K) From: 2928K(11776K)->2736K(11264K)
[723.024s][info ][gc,heap        ] GC(156) ParOldGen: 557410K(645632K)->557474K(645632K)
[723.024s][info ][gc,metaspace   ] GC(156) Metaspace: 81549K(82368K)->81549K(82368K) NonClass: 70099K(70528K)->70099K(70528K) Class: 11449K(11840K)->11449K(11840K)
[723.024s][info ][gc             ] GC(156) Pause Young (Allocation Failure) 2571M->547M(2668M) 4.111ms
[723.024s][info ][gc,cpu         ] GC(156) User=0.01s Sys=0.00s Real=0.01s
[723.024s][info ][safepoint      ] Safepoint "ParallelGCFailedAllocation", Time since last: 3592721652 ns, Reaching safepoint: 52901 ns, At safepoint: 4190563 ns, Total: 4243464 ns
[726.024s][info ][safepoint      ] Safepoint "Cleanup", Time since last: 3000239251 ns, Reaching safepoint: 57501 ns, At safepoint: 8000 ns, Total: 65501 ns
[728.024s][info ][safepoint      ] Safepoint "Cleanup", Time since last: 2000188866 ns, Reaching safepoint: 49200 ns, At safepoint: 3500 ns, Total: 52700 ns
[730.024s][info ][safepoint      ] Safepoint "Cleanup", Time since last: 2000180063 ns, Reaching safepoint: 47401 ns, At safepoint: 4000 ns, Total: 51401 ns
[731.025s][info ][safepoint      ] Safepoint "Cleanup", Time since last: 1000096481 ns, Reaching safepoint: 52101 ns, At safepoint: 3000 ns, Total: 55101 ns
[734.025s][info ][safepoint      ] Safepoint "Cleanup", Time since last: 3000243139 ns, Reaching safepoint: 68701 ns, At safepoint: 9600 ns, Total: 78301 ns
[736.025s][info ][safepoint      ] Safepoint "Cleanup", Time since last: 2000130456 ns, Reaching safepoint: 53701 ns, At safepoint: 4500 ns, Total: 58201 ns
[737.315s][info ][gc,start       ] GC(157) Pause Young (Allocation Failure)
[737.319s][debug][gc,phases      ] GC(157) Scavenge 4.024ms
[737.319s][debug][gc,ref         ] GC(157) Skipped phase 1 of Reference Processing: no references
[737.319s][debug][gc,ref         ] GC(157) ReferenceProcessor::execute queues: 1, RefProcThreadModel::Single, marks_oops_alive: false
[737.319s][debug][gc,ref         ] GC(157) Skipped phase 3 of Reference Processing: no references
[737.319s][debug][gc,ref         ] GC(157) ReferenceProcessor::execute queues: 1, RefProcThreadModel::Single, marks_oops_alive: false
[737.319s][debug][gc,phases      ] GC(157) Reference Processing 0.157ms
[737.320s][debug][gc,phases      ] GC(157)   VM Weak                        Min:  0.0, Avg:  0.0, Max:  0.0, Diff:  0.0, Sum:  0.0, Workers: 4
[737.320s][debug][gc,phases      ] GC(157)     Dead                           Min: 0, Avg:  0.0, Max: 0, Diff: 0, Sum: 0, Workers: 4
[737.320s][debug][gc,phases      ] GC(157)     Total                          Min: 0, Avg: 166.8, Max: 512, Diff: 512, Sum: 667, Workers: 4
[737.320s][debug][gc,phases      ] GC(157)   ObjectSynchronizer Weak        Min:  0.0, Avg:  0.0, Max:  0.0, Diff:  0.0, Sum:  0.0, Workers: 4
[737.320s][debug][gc,phases      ] GC(157)     Dead                           Min: 0, Avg:  0.0, Max: 0, Diff: 0, Sum: 0, Workers: 4
[737.320s][debug][gc,phases      ] GC(157)     Total                          Min: 0, Avg: 89.8, Max: 231, Diff: 231, Sum: 359, Workers: 4
[737.320s][debug][gc,phases      ] GC(157)   JVMTI Tag Weak OopStorage      Min:  0.0, Avg:  0.0, Max:  0.0, Diff:  0.0, Sum:  0.0, Workers: 4
[737.320s][debug][gc,phases      ] GC(157)     Dead                           Min: 0, Avg:  0.0, Max: 0, Diff: 0, Sum: 0, Workers: 4
[737.320s][debug][gc,phases      ] GC(157)     Total                          Min: 0, Avg:  0.0, Max: 0, Diff: 0, Sum: 0, Workers: 4
[737.320s][debug][gc,phases      ] GC(157)   StringTable Weak               Min:  0.1, Avg:  0.1, Max:  0.1, Diff:  0.0, Sum:  0.4, Workers: 4
[737.320s][debug][gc,phases      ] GC(157)     Dead                           Min: 0, Avg:  0.0, Max: 0, Diff: 0, Sum: 0, Workers: 4
[737.320s][debug][gc,phases      ] GC(157)     Total                          Min: 11008, Avg: 11994.2, Max: 13184, Diff: 2176, Sum: 47977, Workers: 4
[737.320s][debug][gc,phases      ] GC(157)   ResolvedMethodTable Weak       Min:  0.0, Avg:  0.0, Max:  0.0, Diff:  0.0, Sum:  0.1, Workers: 4
[737.320s][debug][gc,phases      ] GC(157)     Dead                           Min: 0, Avg:  0.0, Max: 0, Diff: 0, Sum: 0, Workers: 4
[737.320s][debug][gc,phases      ] GC(157)     Total                          Min: 1906, Avg: 1976.5, Max: 2049, Diff: 143, Sum: 7906, Workers: 4
[737.320s][debug][gc,phases      ] GC(157)   JNI Weak                       Min:  0.0, Avg:  0.0, Max:  0.0, Diff:  0.0, Sum:  0.0, Workers: 4
[737.320s][debug][gc,phases      ] GC(157)     Dead                           Min: 0, Avg:  0.0, Max: 0, Diff: 0, Sum: 0, Workers: 4
[737.320s][debug][gc,phases      ] GC(157)     Total                          Min: 0, Avg:  0.0, Max: 0, Diff: 0, Sum: 0, Workers: 4
[737.320s][debug][gc,phases      ] GC(157)   StringDedup Table Weak         Min:  0.0, Avg:  0.0, Max:  0.0, Diff:  0.0, Sum:  0.0, Workers: 4
[737.320s][debug][gc,phases      ] GC(157)     Dead                           Min: 0, Avg:  0.0, Max: 0, Diff: 0, Sum: 0, Workers: 4
[737.320s][debug][gc,phases      ] GC(157)     Total                          Min: 0, Avg:  0.0, Max: 0, Diff: 0, Sum: 0, Workers: 4
[737.320s][debug][gc,phases      ] GC(157)   StringDedup Requests0 Weak     Min:  0.0, Avg:  0.0, Max:  0.0, Diff:  0.0, Sum:  0.0, Workers: 4
[737.320s][debug][gc,phases      ] GC(157)     Dead                           Min: 0, Avg:  0.0, Max: 0, Diff: 0, Sum: 0, Workers: 4
[737.320s][debug][gc,phases      ] GC(157)     Total                          Min: 0, Avg:  0.0, Max: 0, Diff: 0, Sum: 0, Workers: 4
[737.320s][debug][gc,phases      ] GC(157)   StringDedup Requests1 Weak     Min:  0.0, Avg:  0.0, Max:  0.0, Diff:  0.0, Sum:  0.0, Workers: 4
[737.320s][debug][gc,phases      ] GC(157)     Dead                           Min: 0, Avg:  0.0, Max: 0, Diff: 0, Sum: 0, Workers: 4
[737.320s][debug][gc,phases      ] GC(157)     Total                          Min: 0, Avg:  0.0, Max: 0, Diff: 0, Sum: 0, Workers: 4
[737.320s][debug][gc,phases      ] GC(157)   Weak JFR Old Object Samples    Min:  0.0, Avg:  0.0, Max:  0.0, Diff:  0.0, Sum:  0.0, Workers: 4
[737.320s][debug][gc,phases      ] GC(157)     Dead                           Min: 0, Avg:  0.0, Max: 0, Diff: 0, Sum: 0, Workers: 4
[737.320s][debug][gc,phases      ] GC(157)     Total                          Min: 0, Avg:  0.0, Max: 0, Diff: 0, Sum: 0, Workers: 4
[737.320s][debug][gc,phases      ] GC(157) Weak Processing 0.404ms
[737.320s][debug][gc,age         ] GC(157) Desired survivor size 10485760 bytes, new threshold 15 (max threshold 15)
[737.320s][info ][gc,heap        ] GC(157) PSYoungGen: 2077872K(2086400K)->2608K(2085888K) Eden: 2075136K(2075136K)->0K(2075136K) From: 2736K(11264K)->2608K(10752K)
[737.320s][info ][gc,heap        ] GC(157) ParOldGen: 557474K(645632K)->557530K(645632K)
[737.320s][info ][gc,metaspace   ] GC(157) Metaspace: 81554K(82368K)->81554K(82368K) NonClass: 70105K(70528K)->70105K(70528K) Class: 11449K(11840K)->11449K(11840K)
[737.320s][info ][gc             ] GC(157) Pause Young (Allocation Failure) 2573M->547M(2667M) 4.762ms
[737.320s][info ][gc,cpu         ] GC(157) User=0.02s Sys=0.00s Real=0.00s
[737.320s][info ][safepoint      ] Safepoint "ParallelGCFailedAllocation", Time since last: 1289808075 ns, Reaching safepoint: 122202 ns, At safepoint: 4866173 ns, Total: 4988375 ns
[743.320s][info ][safepoint      ] Safepoint "Cleanup", Time since last: 6000402454 ns, Reaching safepoint: 119002 ns, At safepoint: 6400 ns, Total: 125402 ns
[749.321s][info ][safepoint      ] Safepoint "Cleanup", Time since last: 6000442736 ns, Reaching safepoint: 117102 ns, At safepoint: 10900 ns, Total: 128002 ns
[751.474s][info ][gc,start       ] GC(158) Pause Young (Allocation Failure)
[751.477s][debug][gc,phases      ] GC(158) Scavenge 2.985ms
[751.477s][debug][gc,ref         ] GC(158) Skipped phase 1 of Reference Processing: no references
[751.477s][debug][gc,ref         ] GC(158) ReferenceProcessor::execute queues: 1, RefProcThreadModel::Single, marks_oops_alive: false
[751.477s][debug][gc,ref         ] GC(158) Skipped phase 3 of Reference Processing: no references
[751.477s][debug][gc,ref         ] GC(158) ReferenceProcessor::execute queues: 1, RefProcThreadModel::Single, marks_oops_alive: false
[751.477s][debug][gc,phases      ] GC(158) Reference Processing 0.121ms
[751.477s][debug][gc,phases      ] GC(158)   VM Weak                        Min:  0.0, Avg:  0.0, Max:  0.0, Diff:  0.0, Sum:  0.0, Workers: 4
[751.477s][debug][gc,phases      ] GC(158)     Dead                           Min: 0, Avg:  0.0, Max: 0, Diff: 0, Sum: 0, Workers: 4
[751.477s][debug][gc,phases      ] GC(158)     Total                          Min: 0, Avg: 166.8, Max: 640, Diff: 640, Sum: 667, Workers: 4
[751.477s][debug][gc,phases      ] GC(158)   ObjectSynchronizer Weak        Min:  0.0, Avg:  0.0, Max:  0.0, Diff:  0.0, Sum:  0.0, Workers: 4
[751.477s][debug][gc,phases      ] GC(158)     Dead                           Min: 0, Avg:  0.0, Max: 0, Diff: 0, Sum: 0, Workers: 4
[751.477s][debug][gc,phases      ] GC(158)     Total                          Min: 0, Avg: 89.8, Max: 231, Diff: 231, Sum: 359, Workers: 4
[751.477s][debug][gc,phases      ] GC(158)   JVMTI Tag Weak OopStorage      Min:  0.0, Avg:  0.0, Max:  0.0, Diff:  0.0, Sum:  0.0, Workers: 4
[751.477s][debug][gc,phases      ] GC(158)     Dead                           Min: 0, Avg:  0.0, Max: 0, Diff: 0, Sum: 0, Workers: 4
[751.477s][debug][gc,phases      ] GC(158)     Total                          Min: 0, Avg:  0.0, Max: 0, Diff: 0, Sum: 0, Workers: 4
[751.477s][debug][gc,phases      ] GC(158)   StringTable Weak               Min:  0.1, Avg:  0.1, Max:  0.1, Diff:  0.0, Sum:  0.4, Workers: 4
[751.477s][debug][gc,phases      ] GC(158)     Dead                           Min: 0, Avg:  0.0, Max: 0, Diff: 0, Sum: 0, Workers: 4
[751.477s][debug][gc,phases      ] GC(158)     Total                          Min: 11456, Avg: 11994.2, Max: 12864, Diff: 1408, Sum: 47977, Workers: 4
[751.477s][debug][gc,phases      ] GC(158)   ResolvedMethodTable Weak       Min:  0.0, Avg:  0.0, Max:  0.0, Diff:  0.0, Sum:  0.1, Workers: 4
[751.477s][debug][gc,phases      ] GC(158)     Dead                           Min: 0, Avg:  0.0, Max: 0, Diff: 0, Sum: 0, Workers: 4
[751.477s][debug][gc,phases      ] GC(158)     Total                          Min: 1831, Avg: 1976.5, Max: 2054, Diff: 223, Sum: 7906, Workers: 4
[751.477s][debug][gc,phases      ] GC(158)   JNI Weak                       Min:  0.0, Avg:  0.0, Max:  0.0, Diff:  0.0, Sum:  0.0, Workers: 4
[751.477s][debug][gc,phases      ] GC(158)     Dead                           Min: 0, Avg:  0.0, Max: 0, Diff: 0, Sum: 0, Workers: 4
[751.477s][debug][gc,phases      ] GC(158)     Total                          Min: 0, Avg:  0.0, Max: 0, Diff: 0, Sum: 0, Workers: 4
[751.477s][debug][gc,phases      ] GC(158)   StringDedup Table Weak         Min:  0.0, Avg:  0.0, Max:  0.0, Diff:  0.0, Sum:  0.0, Workers: 4
[751.477s][debug][gc,phases      ] GC(158)     Dead                           Min: 0, Avg:  0.0, Max: 0, Diff: 0, Sum: 0, Workers: 4
[751.477s][debug][gc,phases      ] GC(158)     Total                          Min: 0, Avg:  0.0, Max: 0, Diff: 0, Sum: 0, Workers: 4
[751.477s][debug][gc,phases      ] GC(158)   StringDedup Requests0 Weak     Min:  0.0, Avg:  0.0, Max:  0.0, Diff:  0.0, Sum:  0.0, Workers: 4
[751.477s][debug][gc,phases      ] GC(158)     Dead                           Min: 0, Avg:  0.0, Max: 0, Diff: 0, Sum: 0, Workers: 4
[751.477s][debug][gc,phases      ] GC(158)     Total                          Min: 0, Avg:  0.0, Max: 0, Diff: 0, Sum: 0, Workers: 4
[751.477s][debug][gc,phases      ] GC(158)   StringDedup Requests1 Weak     Min:  0.0, Avg:  0.0, Max:  0.0, Diff:  0.0, Sum:  0.0, Workers: 4
[751.477s][debug][gc,phases      ] GC(158)     Dead                           Min: 0, Avg:  0.0, Max: 0, Diff: 0, Sum: 0, Workers: 4
[751.477s][debug][gc,phases      ] GC(158)     Total                          Min: 0, Avg:  0.0, Max: 0, Diff: 0, Sum: 0, Workers: 4
[751.477s][debug][gc,phases      ] GC(158)   Weak JFR Old Object Samples    Min:  0.0, Avg:  0.0, Max:  0.0, Diff:  0.0, Sum:  0.0, Workers: 4
[751.477s][debug][gc,phases      ] GC(158)     Dead                           Min: 0, Avg:  0.0, Max: 0, Diff: 0, Sum: 0, Workers: 4
[751.477s][debug][gc,phases      ] GC(158)     Total                          Min: 0, Avg:  0.0, Max: 0, Diff: 0, Sum: 0, Workers: 4
[751.477s][debug][gc,phases      ] GC(158) Weak Processing 0.325ms
[751.477s][debug][gc,age         ] GC(158) Desired survivor size 9961472 bytes, new threshold 15 (max threshold 15)
[751.477s][info ][gc,heap        ] GC(158) PSYoungGen: 2077744K(2085888K)->2576K(2087424K) Eden: 2075136K(2075136K)->0K(2077184K) From: 2608K(10752K)->2576K(10240K)
[751.477s][info ][gc,heap        ] GC(158) ParOldGen: 557530K(645632K)->557570K(645632K)
[751.477s][info ][gc,metaspace   ] GC(158) Metaspace: 81560K(82368K)->81560K(82368K) NonClass: 70111K(70528K)->70111K(70528K) Class: 11449K(11840K)->11449K(11840K)
[751.477s][info ][gc             ] GC(158) Pause Young (Allocation Failure) 2573M->547M(2669M) 3.564ms
[751.477s][info ][gc,cpu         ] GC(158) User=0.01s Sys=0.00s Real=0.00s
[751.477s][info ][safepoint      ] Safepoint "ParallelGCFailedAllocation", Time since last: 2152427252 ns, Reaching safepoint: 29000 ns, At safepoint: 3640255 ns, Total: 3669255 ns
[765.470s][info ][gc,start       ] GC(159) Pause Young (Allocation Failure)
[765.474s][debug][gc,phases      ] GC(159) Scavenge 2.959ms
[765.474s][debug][gc,ref         ] GC(159) Skipped phase 1 of Reference Processing: no references
[765.474s][debug][gc,ref         ] GC(159) ReferenceProcessor::execute queues: 1, RefProcThreadModel::Single, marks_oops_alive: false
[765.474s][debug][gc,ref         ] GC(159) Skipped phase 3 of Reference Processing: no references
[765.474s][debug][gc,ref         ] GC(159) ReferenceProcessor::execute queues: 1, RefProcThreadModel::Single, marks_oops_alive: false
[765.474s][debug][gc,phases      ] GC(159) Reference Processing 0.148ms
[765.474s][debug][gc,phases      ] GC(159)   VM Weak                        Min:  0.0, Avg:  0.0, Max:  0.0, Diff:  0.0, Sum:  0.0, Workers: 4
[765.474s][debug][gc,phases      ] GC(159)     Dead                           Min: 0, Avg:  0.0, Max: 0, Diff: 0, Sum: 0, Workers: 4
[765.474s][debug][gc,phases      ] GC(159)     Total                          Min: 0, Avg: 166.8, Max: 640, Diff: 640, Sum: 667, Workers: 4
[765.474s][debug][gc,phases      ] GC(159)   ObjectSynchronizer Weak        Min:  0.0, Avg:  0.0, Max:  0.0, Diff:  0.0, Sum:  0.0, Workers: 4
[765.474s][debug][gc,phases      ] GC(159)     Dead                           Min: 0, Avg:  0.0, Max: 0, Diff: 0, Sum: 0, Workers: 4
[765.474s][debug][gc,phases      ] GC(159)     Total                          Min: 0, Avg: 89.8, Max: 167, Diff: 167, Sum: 359, Workers: 4
[765.474s][debug][gc,phases      ] GC(159)   JVMTI Tag Weak OopStorage      Min:  0.0, Avg:  0.0, Max:  0.0, Diff:  0.0, Sum:  0.0, Workers: 4
[765.474s][debug][gc,phases      ] GC(159)     Dead                           Min: 0, Avg:  0.0, Max: 0, Diff: 0, Sum: 0, Workers: 4
[765.474s][debug][gc,phases      ] GC(159)     Total                          Min: 0, Avg:  0.0, Max: 0, Diff: 0, Sum: 0, Workers: 4
[765.474s][debug][gc,phases      ] GC(159)   StringTable Weak               Min:  0.1, Avg:  0.1, Max:  0.1, Diff:  0.0, Sum:  0.5, Workers: 4
[765.474s][debug][gc,phases      ] GC(159)     Dead                           Min: 0, Avg:  0.0, Max: 0, Diff: 0, Sum: 0, Workers: 4
[765.474s][debug][gc,phases      ] GC(159)     Total                          Min: 11136, Avg: 11994.2, Max: 12992, Diff: 1856, Sum: 47977, Workers: 4
[765.474s][debug][gc,phases      ] GC(159)   ResolvedMethodTable Weak       Min:  0.0, Avg:  0.0, Max:  0.0, Diff:  0.0, Sum:  0.1, Workers: 4
[765.474s][debug][gc,phases      ] GC(159)     Dead                           Min: 0, Avg:  0.0, Max: 0, Diff: 0, Sum: 0, Workers: 4
[765.474s][debug][gc,phases      ] GC(159)     Total                          Min: 1863, Avg: 1976.5, Max: 2071, Diff: 208, Sum: 7906, Workers: 4
[765.474s][debug][gc,phases      ] GC(159)   JNI Weak                       Min:  0.0, Avg:  0.0, Max:  0.0, Diff:  0.0, Sum:  0.0, Workers: 4
[765.474s][debug][gc,phases      ] GC(159)     Dead                           Min: 0, Avg:  0.0, Max: 0, Diff: 0, Sum: 0, Workers: 4
[765.474s][debug][gc,phases      ] GC(159)     Total                          Min: 0, Avg:  0.0, Max: 0, Diff: 0, Sum: 0, Workers: 4
[765.474s][debug][gc,phases      ] GC(159)   StringDedup Table Weak         Min:  0.0, Avg:  0.0, Max:  0.0, Diff:  0.0, Sum:  0.0, Workers: 4
[765.474s][debug][gc,phases      ] GC(159)     Dead                           Min: 0, Avg:  0.0, Max: 0, Diff: 0, Sum: 0, Workers: 4
[765.474s][debug][gc,phases      ] GC(159)     Total                          Min: 0, Avg:  0.0, Max: 0, Diff: 0, Sum: 0, Workers: 4
[765.474s][debug][gc,phases      ] GC(159)   StringDedup Requests0 Weak     Min:  0.0, Avg:  0.0, Max:  0.0, Diff:  0.0, Sum:  0.0, Workers: 4
[765.474s][debug][gc,phases      ] GC(159)     Dead                           Min: 0, Avg:  0.0, Max: 0, Diff: 0, Sum: 0, Workers: 4
[765.474s][debug][gc,phases      ] GC(159)     Total                          Min: 0, Avg:  0.0, Max: 0, Diff: 0, Sum: 0, Workers: 4
[765.474s][debug][gc,phases      ] GC(159)   StringDedup Requests1 Weak     Min:  0.0, Avg:  0.0, Max:  0.0, Diff:  0.0, Sum:  0.0, Workers: 4
[765.474s][debug][gc,phases      ] GC(159)     Dead                           Min: 0, Avg:  0.0, Max: 0, Diff: 0, Sum: 0, Workers: 4
[765.474s][debug][gc,phases      ] GC(159)     Total                          Min: 0, Avg:  0.0, Max: 0, Diff: 0, Sum: 0, Workers: 4
[765.474s][debug][gc,phases      ] GC(159)   Weak JFR Old Object Samples    Min:  0.0, Avg:  0.0, Max:  0.0, Diff:  0.0, Sum:  0.0, Workers: 4
[765.474s][debug][gc,phases      ] GC(159)     Dead                           Min: 0, Avg:  0.0, Max: 0, Diff: 0, Sum: 0, Workers: 4
[765.474s][debug][gc,phases      ] GC(159)     Total                          Min: 0, Avg:  0.0, Max: 0, Diff: 0, Sum: 0, Workers: 4
[765.474s][debug][gc,phases      ] GC(159) Weak Processing 0.346ms
[765.474s][debug][gc,age         ] GC(159) Desired survivor size 9437184 bytes, new threshold 15 (max threshold 15)
[765.474s][info ][gc,heap        ] GC(159) PSYoungGen: 2079760K(2087424K)->2464K(2086912K) Eden: 2077184K(2077184K)->0K(2077184K) From: 2576K(10240K)->2464K(9728K)
[765.474s][info ][gc,heap        ] GC(159) ParOldGen: 557570K(645632K)->557698K(645632K)
[765.474s][info ][gc,metaspace   ] GC(159) Metaspace: 81561K(82368K)->81561K(82368K) NonClass: 70112K(70528K)->70112K(70528K) Class: 11449K(11840K)->11449K(11840K)
[765.474s][info ][gc             ] GC(159) Pause Young (Allocation Failure) 2575M->547M(2668M) 3.583ms
[765.474s][info ][gc,cpu         ] GC(159) User=0.01s Sys=0.00s Real=0.01s
[765.474s][info ][safepoint      ] Safepoint "ParallelGCFailedAllocation", Time since last: 13993286420 ns, Reaching safepoint: 48001 ns, At safepoint: 3672856 ns, Total: 3720857 ns
[771.475s][info ][safepoint      ] Safepoint "Cleanup", Time since last: 6000408373 ns, Reaching safepoint: 55100 ns, At safepoint: 3100 ns, Total: 58200 ns
[772.475s][info ][safepoint      ] Safepoint "Cleanup", Time since last: 1000102062 ns, Reaching safepoint: 44000 ns, At safepoint: 29401 ns, Total: 73401 ns
[779.364s][info ][gc,start       ] GC(160) Pause Young (Allocation Failure)
[779.367s][debug][gc,phases      ] GC(160) Scavenge 3.130ms
[779.367s][debug][gc,ref         ] GC(160) Skipped phase 1 of Reference Processing: no references
[779.367s][debug][gc,ref         ] GC(160) ReferenceProcessor::execute queues: 1, RefProcThreadModel::Single, marks_oops_alive: false
[779.367s][debug][gc,ref         ] GC(160) Skipped phase 3 of Reference Processing: no references
[779.367s][debug][gc,ref         ] GC(160) ReferenceProcessor::execute queues: 1, RefProcThreadModel::Single, marks_oops_alive: false
[779.367s][debug][gc,phases      ] GC(160) Reference Processing 0.117ms
[779.367s][debug][gc,phases      ] GC(160)   VM Weak                        Min:  0.0, Avg:  0.0, Max:  0.0, Diff:  0.0, Sum:  0.0, Workers: 4
[779.367s][debug][gc,phases      ] GC(160)     Dead                           Min: 0, Avg:  0.0, Max: 0, Diff: 0, Sum: 0, Workers: 4
[779.367s][debug][gc,phases      ] GC(160)     Total                          Min: 0, Avg: 166.8, Max: 448, Diff: 448, Sum: 667, Workers: 4
[779.367s][debug][gc,phases      ] GC(160)   ObjectSynchronizer Weak        Min:  0.0, Avg:  0.0, Max:  0.0, Diff:  0.0, Sum:  0.0, Workers: 4
[779.367s][debug][gc,phases      ] GC(160)     Dead                           Min: 0, Avg:  0.0, Max: 0, Diff: 0, Sum: 0, Workers: 4
[779.367s][debug][gc,phases      ] GC(160)     Total                          Min: 0, Avg: 89.8, Max: 128, Diff: 128, Sum: 359, Workers: 4
[779.367s][debug][gc,phases      ] GC(160)   JVMTI Tag Weak OopStorage      Min:  0.0, Avg:  0.0, Max:  0.0, Diff:  0.0, Sum:  0.0, Workers: 4
[779.367s][debug][gc,phases      ] GC(160)     Dead                           Min: 0, Avg:  0.0, Max: 0, Diff: 0, Sum: 0, Workers: 4
[779.367s][debug][gc,phases      ] GC(160)     Total                          Min: 0, Avg:  0.0, Max: 0, Diff: 0, Sum: 0, Workers: 4
[779.367s][debug][gc,phases      ] GC(160)   StringTable Weak               Min:  0.1, Avg:  0.1, Max:  0.1, Diff:  0.0, Sum:  0.4, Workers: 4
[779.367s][debug][gc,phases      ] GC(160)     Dead                           Min: 0, Avg:  0.0, Max: 0, Diff: 0, Sum: 0, Workers: 4
[779.367s][debug][gc,phases      ] GC(160)     Total                          Min: 11200, Avg: 11994.2, Max: 12649, Diff: 1449, Sum: 47977, Workers: 4
[779.367s][debug][gc,phases      ] GC(160)   ResolvedMethodTable Weak       Min:  0.0, Avg:  0.0, Max:  0.0, Diff:  0.0, Sum:  0.1, Workers: 4
[779.367s][debug][gc,phases      ] GC(160)     Dead                           Min: 0, Avg:  0.0, Max: 0, Diff: 0, Sum: 0, Workers: 4
[779.367s][debug][gc,phases      ] GC(160)     Total                          Min: 1685, Avg: 1976.5, Max: 2465, Diff: 780, Sum: 7906, Workers: 4
[779.367s][debug][gc,phases      ] GC(160)   JNI Weak                       Min:  0.0, Avg:  0.0, Max:  0.0, Diff:  0.0, Sum:  0.0, Workers: 4
[779.367s][debug][gc,phases      ] GC(160)     Dead                           Min: 0, Avg:  0.0, Max: 0, Diff: 0, Sum: 0, Workers: 4
[779.367s][debug][gc,phases      ] GC(160)     Total                          Min: 0, Avg:  0.0, Max: 0, Diff: 0, Sum: 0, Workers: 4
[779.367s][debug][gc,phases      ] GC(160)   StringDedup Table Weak         Min:  0.0, Avg:  0.0, Max:  0.0, Diff:  0.0, Sum:  0.0, Workers: 4
[779.367s][debug][gc,phases      ] GC(160)     Dead                           Min: 0, Avg:  0.0, Max: 0, Diff: 0, Sum: 0, Workers: 4
[779.367s][debug][gc,phases      ] GC(160)     Total                          Min: 0, Avg:  0.0, Max: 0, Diff: 0, Sum: 0, Workers: 4
[779.367s][debug][gc,phases      ] GC(160)   StringDedup Requests0 Weak     Min:  0.0, Avg:  0.0, Max:  0.0, Diff:  0.0, Sum:  0.0, Workers: 4
[779.367s][debug][gc,phases      ] GC(160)     Dead                           Min: 0, Avg:  0.0, Max: 0, Diff: 0, Sum: 0, Workers: 4
[779.367s][debug][gc,phases      ] GC(160)     Total                          Min: 0, Avg:  0.0, Max: 0, Diff: 0, Sum: 0, Workers: 4
[779.367s][debug][gc,phases      ] GC(160)   StringDedup Requests1 Weak     Min:  0.0, Avg:  0.0, Max:  0.0, Diff:  0.0, Sum:  0.0, Workers: 4
[779.367s][debug][gc,phases      ] GC(160)     Dead                           Min: 0, Avg:  0.0, Max: 0, Diff: 0, Sum: 0, Workers: 4
[779.367s][debug][gc,phases      ] GC(160)     Total                          Min: 0, Avg:  0.0, Max: 0, Diff: 0, Sum: 0, Workers: 4
[779.367s][debug][gc,phases      ] GC(160)   Weak JFR Old Object Samples    Min:  0.0, Avg:  0.0, Max:  0.0, Diff:  0.0, Sum:  0.0, Workers: 4
[779.367s][debug][gc,phases      ] GC(160)     Dead                           Min: 0, Avg:  0.0, Max: 0, Diff: 0, Sum: 0, Workers: 4
[779.367s][debug][gc,phases      ] GC(160)     Total                          Min: 0, Avg:  0.0, Max: 0, Diff: 0, Sum: 0, Workers: 4
[779.367s][debug][gc,phases      ] GC(160) Weak Processing 0.354ms
[779.367s][debug][gc,age         ] GC(160) Desired survivor size 8912896 bytes, new threshold 15 (max threshold 15)
[779.367s][info ][gc,heap        ] GC(160) PSYoungGen: 2079648K(2086912K)->2464K(2088448K) Eden: 2077184K(2077184K)->0K(2079232K) From: 2464K(9728K)->2464K(9216K)
[779.367s][info ][gc,heap        ] GC(160) ParOldGen: 557698K(645632K)->557730K(645632K)
[779.367s][info ][gc,metaspace   ] GC(160) Metaspace: 81574K(82432K)->81574K(82432K) NonClass: 70125K(70592K)->70125K(70592K) Class: 11449K(11840K)->11449K(11840K)
[779.367s][info ][gc             ] GC(160) Pause Young (Allocation Failure) 2575M->547M(2670M) 3.727ms
[779.367s][info ][gc,cpu         ] GC(160) User=0.01s Sys=0.00s Real=0.00s
[779.367s][info ][safepoint      ] Safepoint "ParallelGCFailedAllocation", Time since last: 6888790118 ns, Reaching safepoint: 44001 ns, At safepoint: 3822257 ns, Total: 3866258 ns
[780.368s][info ][safepoint      ] Safepoint "Cleanup", Time since last: 1000093358 ns, Reaching safepoint: 54301 ns, At safepoint: 8500 ns, Total: 62801 ns
[783.368s][info ][safepoint      ] Safepoint "Cleanup", Time since last: 3000260269 ns, Reaching safepoint: 115301 ns, At safepoint: 6201 ns, Total: 121502 ns
[788.368s][info ][safepoint      ] Safepoint "Cleanup", Time since last: 5000383871 ns, Reaching safepoint: 126502 ns, At safepoint: 8300 ns, Total: 134802 ns
[789.369s][info ][safepoint      ] Safepoint "Cleanup", Time since last: 1000112654 ns, Reaching safepoint: 124702 ns, At safepoint: 12400 ns, Total: 137102 ns
[793.521s][info ][gc,start       ] GC(161) Pause Young (Allocation Failure)
[793.524s][debug][gc,phases      ] GC(161) Scavenge 3.126ms
[793.524s][debug][gc,ref         ] GC(161) Skipped phase 1 of Reference Processing: no references
[793.524s][debug][gc,ref         ] GC(161) ReferenceProcessor::execute queues: 1, RefProcThreadModel::Single, marks_oops_alive: false
[793.524s][debug][gc,ref         ] GC(161) Skipped phase 3 of Reference Processing: no references
[793.524s][debug][gc,ref         ] GC(161) ReferenceProcessor::execute queues: 1, RefProcThreadModel::Single, marks_oops_alive: false
[793.524s][debug][gc,phases      ] GC(161) Reference Processing 0.134ms
[793.524s][debug][gc,phases      ] GC(161)   VM Weak                        Min:  0.0, Avg:  0.0, Max:  0.0, Diff:  0.0, Sum:  0.0, Workers: 4
[793.524s][debug][gc,phases      ] GC(161)     Dead                           Min: 0, Avg:  0.0, Max: 0, Diff: 0, Sum: 0, Workers: 4
[793.524s][debug][gc,phases      ] GC(161)     Total                          Min: 0, Avg: 166.8, Max: 667, Diff: 667, Sum: 667, Workers: 4
[793.524s][debug][gc,phases      ] GC(161)   ObjectSynchronizer Weak        Min:  0.0, Avg:  0.0, Max:  0.0, Diff:  0.0, Sum:  0.0, Workers: 4
[793.524s][debug][gc,phases      ] GC(161)     Dead                           Min: 0, Avg:  0.0, Max: 0, Diff: 0, Sum: 0, Workers: 4
[793.524s][debug][gc,phases      ] GC(161)     Total                          Min: 0, Avg: 89.8, Max: 359, Diff: 359, Sum: 359, Workers: 4
[793.524s][debug][gc,phases      ] GC(161)   JVMTI Tag Weak OopStorage      Min:  0.0, Avg:  0.0, Max:  0.0, Diff:  0.0, Sum:  0.0, Workers: 4
[793.524s][debug][gc,phases      ] GC(161)     Dead                           Min: 0, Avg:  0.0, Max: 0, Diff: 0, Sum: 0, Workers: 4
[793.524s][debug][gc,phases      ] GC(161)     Total                          Min: 0, Avg:  0.0, Max: 0, Diff: 0, Sum: 0, Workers: 4
[793.524s][debug][gc,phases      ] GC(161)   StringTable Weak               Min:  0.1, Avg:  0.1, Max:  0.1, Diff:  0.0, Sum:  0.4, Workers: 4
[793.524s][debug][gc,phases      ] GC(161)     Dead                           Min: 0, Avg:  0.0, Max: 0, Diff: 0, Sum: 0, Workers: 4
[793.524s][debug][gc,phases      ] GC(161)     Total                          Min: 10857, Avg: 11994.2, Max: 13056, Diff: 2199, Sum: 47977, Workers: 4
[793.524s][debug][gc,phases      ] GC(161)   ResolvedMethodTable Weak       Min:  0.0, Avg:  0.0, Max:  0.0, Diff:  0.0, Sum:  0.1, Workers: 4
[793.524s][debug][gc,phases      ] GC(161)     Dead                           Min: 0, Avg:  0.0, Max: 0, Diff: 0, Sum: 0, Workers: 4
[793.524s][debug][gc,phases      ] GC(161)     Total                          Min: 1818, Avg: 1976.5, Max: 2127, Diff: 309, Sum: 7906, Workers: 4
[793.524s][debug][gc,phases      ] GC(161)   JNI Weak                       Min:  0.0, Avg:  0.0, Max:  0.0, Diff:  0.0, Sum:  0.0, Workers: 4
[793.524s][debug][gc,phases      ] GC(161)     Dead                           Min: 0, Avg:  0.0, Max: 0, Diff: 0, Sum: 0, Workers: 4
[793.524s][debug][gc,phases      ] GC(161)     Total                          Min: 0, Avg:  0.0, Max: 0, Diff: 0, Sum: 0, Workers: 4
[793.524s][debug][gc,phases      ] GC(161)   StringDedup Table Weak         Min:  0.0, Avg:  0.0, Max:  0.0, Diff:  0.0, Sum:  0.0, Workers: 4
[793.524s][debug][gc,phases      ] GC(161)     Dead                           Min: 0, Avg:  0.0, Max: 0, Diff: 0, Sum: 0, Workers: 4
[793.524s][debug][gc,phases      ] GC(161)     Total                          Min: 0, Avg:  0.0, Max: 0, Diff: 0, Sum: 0, Workers: 4
[793.524s][debug][gc,phases      ] GC(161)   StringDedup Requests0 Weak     Min:  0.0, Avg:  0.0, Max:  0.0, Diff:  0.0, Sum:  0.0, Workers: 4
[793.524s][debug][gc,phases      ] GC(161)     Dead                           Min: 0, Avg:  0.0, Max: 0, Diff: 0, Sum: 0, Workers: 4
[793.524s][debug][gc,phases      ] GC(161)     Total                          Min: 0, Avg:  0.0, Max: 0, Diff: 0, Sum: 0, Workers: 4
[793.524s][debug][gc,phases      ] GC(161)   StringDedup Requests1 Weak     Min:  0.0, Avg:  0.0, Max:  0.0, Diff:  0.0, Sum:  0.0, Workers: 4
[793.524s][debug][gc,phases      ] GC(161)     Dead                           Min: 0, Avg:  0.0, Max: 0, Diff: 0, Sum: 0, Workers: 4
[793.524s][debug][gc,phases      ] GC(161)     Total                          Min: 0, Avg:  0.0, Max: 0, Diff: 0, Sum: 0, Workers: 4
[793.524s][debug][gc,phases      ] GC(161)   Weak JFR Old Object Samples    Min:  0.0, Avg:  0.0, Max:  0.0, Diff:  0.0, Sum:  0.0, Workers: 4
[793.524s][debug][gc,phases      ] GC(161)     Dead                           Min: 0, Avg:  0.0, Max: 0, Diff: 0, Sum: 0, Workers: 4
[793.524s][debug][gc,phases      ] GC(161)     Total                          Min: 0, Avg:  0.0, Max: 0, Diff: 0, Sum: 0, Workers: 4
[793.524s][debug][gc,phases      ] GC(161) Weak Processing 0.311ms
[793.524s][debug][gc,age         ] GC(161) Desired survivor size 8388608 bytes, new threshold 15 (max threshold 15)
[793.524s][info ][gc,heap        ] GC(161) PSYoungGen: 2081696K(2088448K)->2432K(2087936K) Eden: 2079232K(2079232K)->0K(2079232K) From: 2464K(9216K)->2432K(8704K)
[793.524s][info ][gc,heap        ] GC(161) ParOldGen: 557730K(645632K)->557778K(645632K)
[793.524s][info ][gc,metaspace   ] GC(161) Metaspace: 81576K(82432K)->81576K(82432K) NonClass: 70127K(70592K)->70127K(70592K) Class: 11449K(11840K)->11449K(11840K)
[793.524s][info ][gc             ] GC(161) Pause Young (Allocation Failure) 2577M->547M(2669M) 3.706ms
[793.524s][info ][gc,cpu         ] GC(161) User=0.01s Sys=0.00s Real=0.01s
[793.525s][info ][safepoint      ] Safepoint "ParallelGCFailedAllocation", Time since last: 4151961705 ns, Reaching safepoint: 39701 ns, At safepoint: 3787157 ns, Total: 3826858 ns
[804.525s][info ][safepoint      ] Safepoint "Cleanup", Time since last: 11000875035 ns, Reaching safepoint: 54000 ns, At safepoint: 3501 ns, Total: 57501 ns
[805.526s][info ][safepoint      ] Safepoint "Cleanup", Time since last: 1000122546 ns, Reaching safepoint: 123302 ns, At safepoint: 11200 ns, Total: 134502 ns
[806.526s][info ][safepoint      ] Safepoint "Cleanup", Time since last: 1000109646 ns, Reaching safepoint: 122002 ns, At safepoint: 9800 ns, Total: 131802 ns
[807.268s][info ][gc,start       ] GC(162) Pause Young (Allocation Failure)
[807.271s][debug][gc,phases      ] GC(162) Scavenge 3.588ms
[807.271s][debug][gc,ref         ] GC(162) Skipped phase 1 of Reference Processing: no references
[807.272s][debug][gc,ref         ] GC(162) ReferenceProcessor::execute queues: 1, RefProcThreadModel::Single, marks_oops_alive: false
[807.272s][debug][gc,ref         ] GC(162) Skipped phase 3 of Reference Processing: no references
[807.272s][debug][gc,ref         ] GC(162) ReferenceProcessor::execute queues: 1, RefProcThreadModel::Single, marks_oops_alive: false
[807.272s][debug][gc,phases      ] GC(162) Reference Processing 0.119ms
[807.272s][debug][gc,phases      ] GC(162)   VM Weak                        Min:  0.0, Avg:  0.0, Max:  0.0, Diff:  0.0, Sum:  0.0, Workers: 4
[807.272s][debug][gc,phases      ] GC(162)     Dead                           Min: 0, Avg:  0.0, Max: 0, Diff: 0, Sum: 0, Workers: 4
[807.272s][debug][gc,phases      ] GC(162)     Total                          Min: 0, Avg: 166.8, Max: 667, Diff: 667, Sum: 667, Workers: 4
[807.272s][debug][gc,phases      ] GC(162)   ObjectSynchronizer Weak        Min:  0.0, Avg:  0.0, Max:  0.0, Diff:  0.0, Sum:  0.0, Workers: 4
[807.272s][debug][gc,phases      ] GC(162)     Dead                           Min: 0, Avg:  0.0, Max: 0, Diff: 0, Sum: 0, Workers: 4
[807.272s][debug][gc,phases      ] GC(162)     Total                          Min: 0, Avg: 89.8, Max: 359, Diff: 359, Sum: 359, Workers: 4
[807.272s][debug][gc,phases      ] GC(162)   JVMTI Tag Weak OopStorage      Min:  0.0, Avg:  0.0, Max:  0.0, Diff:  0.0, Sum:  0.0, Workers: 4
[807.272s][debug][gc,phases      ] GC(162)     Dead                           Min: 0, Avg:  0.0, Max: 0, Diff: 0, Sum: 0, Workers: 4
[807.272s][debug][gc,phases      ] GC(162)     Total                          Min: 0, Avg:  0.0, Max: 0, Diff: 0, Sum: 0, Workers: 4
[807.272s][debug][gc,phases      ] GC(162)   StringTable Weak               Min:  0.1, Avg:  0.1, Max:  0.1, Diff:  0.0, Sum:  0.4, Workers: 4
[807.272s][debug][gc,phases      ] GC(162)     Dead                           Min: 0, Avg:  0.0, Max: 0, Diff: 0, Sum: 0, Workers: 4
[807.272s][debug][gc,phases      ] GC(162)     Total                          Min: 11328, Avg: 11994.2, Max: 12608, Diff: 1280, Sum: 47977, Workers: 4
[807.272s][debug][gc,phases      ] GC(162)   ResolvedMethodTable Weak       Min:  0.0, Avg:  0.0, Max:  0.0, Diff:  0.0, Sum:  0.1, Workers: 4
[807.272s][debug][gc,phases      ] GC(162)     Dead                           Min: 0, Avg:  0.0, Max: 0, Diff: 0, Sum: 0, Workers: 4
[807.272s][debug][gc,phases      ] GC(162)     Total                          Min: 1811, Avg: 1976.5, Max: 2092, Diff: 281, Sum: 7906, Workers: 4
[807.272s][debug][gc,phases      ] GC(162)   JNI Weak                       Min:  0.0, Avg:  0.0, Max:  0.0, Diff:  0.0, Sum:  0.0, Workers: 4
[807.272s][debug][gc,phases      ] GC(162)     Dead                           Min: 0, Avg:  0.0, Max: 0, Diff: 0, Sum: 0, Workers: 4
[807.272s][debug][gc,phases      ] GC(162)     Total                          Min: 0, Avg:  0.0, Max: 0, Diff: 0, Sum: 0, Workers: 4
[807.272s][debug][gc,phases      ] GC(162)   StringDedup Table Weak         Min:  0.0, Avg:  0.0, Max:  0.0, Diff:  0.0, Sum:  0.0, Workers: 4
[807.272s][debug][gc,phases      ] GC(162)     Dead                           Min: 0, Avg:  0.0, Max: 0, Diff: 0, Sum: 0, Workers: 4
[807.272s][debug][gc,phases      ] GC(162)     Total                          Min: 0, Avg:  0.0, Max: 0, Diff: 0, Sum: 0, Workers: 4
[807.272s][debug][gc,phases      ] GC(162)   StringDedup Requests0 Weak     Min:  0.0, Avg:  0.0, Max:  0.0, Diff:  0.0, Sum:  0.0, Workers: 4
[807.272s][debug][gc,phases      ] GC(162)     Dead                           Min: 0, Avg:  0.0, Max: 0, Diff: 0, Sum: 0, Workers: 4
[807.272s][debug][gc,phases      ] GC(162)     Total                          Min: 0, Avg:  0.0, Max: 0, Diff: 0, Sum: 0, Workers: 4
[807.272s][debug][gc,phases      ] GC(162)   StringDedup Requests1 Weak     Min:  0.0, Avg:  0.0, Max:  0.0, Diff:  0.0, Sum:  0.0, Workers: 4
[807.272s][debug][gc,phases      ] GC(162)     Dead                           Min: 0, Avg:  0.0, Max: 0, Diff: 0, Sum: 0, Workers: 4
[807.272s][debug][gc,phases      ] GC(162)     Total                          Min: 0, Avg:  0.0, Max: 0, Diff: 0, Sum: 0, Workers: 4
[807.272s][debug][gc,phases      ] GC(162)   Weak JFR Old Object Samples    Min:  0.0, Avg:  0.0, Max:  0.0, Diff:  0.0, Sum:  0.0, Workers: 4
[807.272s][debug][gc,phases      ] GC(162)     Dead                           Min: 0, Avg:  0.0, Max: 0, Diff: 0, Sum: 0, Workers: 4
[807.272s][debug][gc,phases      ] GC(162)     Total                          Min: 0, Avg:  0.0, Max: 0, Diff: 0, Sum: 0, Workers: 4
[807.272s][debug][gc,phases      ] GC(162) Weak Processing 0.327ms
[807.272s][debug][gc,age         ] GC(162) Desired survivor size 7864320 bytes, new threshold 15 (max threshold 15)
[807.272s][info ][gc,heap        ] GC(162) PSYoungGen: 2081664K(2087936K)->2688K(2089472K) Eden: 2079232K(2079232K)->0K(2081280K) From: 2432K(8704K)->2688K(8192K)
[807.272s][info ][gc,heap        ] GC(162) ParOldGen: 557778K(645632K)->557794K(645632K)
[807.272s][info ][gc,metaspace   ] GC(162) Metaspace: 81581K(82432K)->81581K(82432K) NonClass: 70132K(70592K)->70132K(70592K) Class: 11449K(11840K)->11449K(11840K)
[807.272s][info ][gc             ] GC(162) Pause Young (Allocation Failure) 2577M->547M(2671M) 4.157ms
[807.272s][info ][gc,cpu         ] GC(162) User=0.02s Sys=0.00s Real=0.01s
[807.272s][info ][safepoint      ] Safepoint "ParallelGCFailedAllocation", Time since last: 741789434 ns, Reaching safepoint: 43801 ns, At safepoint: 4238464 ns, Total: 4282265 ns
[808.272s][info ][safepoint      ] Safepoint "Cleanup", Time since last: 1000035944 ns, Reaching safepoint: 112902 ns, At safepoint: 10000 ns, Total: 122902 ns
[810.272s][info ][safepoint      ] Safepoint "Cleanup", Time since last: 2000182688 ns, Reaching safepoint: 119702 ns, At safepoint: 6700 ns, Total: 126402 ns
[811.273s][info ][safepoint      ] Safepoint "Cleanup", Time since last: 1000099144 ns, Reaching safepoint: 130902 ns, At safepoint: 13400 ns, Total: 144302 ns
[818.273s][info ][safepoint      ] Safepoint "Cleanup", Time since last: 7000520792 ns, Reaching safepoint: 124402 ns, At safepoint: 8300 ns, Total: 132702 ns
[818.517s][info ][gc,start       ] GC(163) Pause Young (Allocation Failure)
[818.520s][debug][gc,phases      ] GC(163) Scavenge 3.634ms
[818.520s][debug][gc,ref         ] GC(163) Skipped phase 1 of Reference Processing: no references
[818.520s][debug][gc,ref         ] GC(163) ReferenceProcessor::execute queues: 1, RefProcThreadModel::Single, marks_oops_alive: false
[818.520s][debug][gc,ref         ] GC(163) Skipped phase 3 of Reference Processing: no references
[818.520s][debug][gc,ref         ] GC(163) ReferenceProcessor::execute queues: 1, RefProcThreadModel::Single, marks_oops_alive: false
[818.520s][debug][gc,phases      ] GC(163) Reference Processing 0.147ms
[818.521s][debug][gc,phases      ] GC(163)   VM Weak                        Min:  0.0, Avg:  0.0, Max:  0.0, Diff:  0.0, Sum:  0.0, Workers: 4
[818.521s][debug][gc,phases      ] GC(163)     Dead                           Min: 0, Avg:  0.0, Max: 0, Diff: 0, Sum: 0, Workers: 4
[818.521s][debug][gc,phases      ] GC(163)     Total                          Min: 0, Avg: 166.8, Max: 512, Diff: 512, Sum: 667, Workers: 4
[818.521s][debug][gc,phases      ] GC(163)   ObjectSynchronizer Weak        Min:  0.0, Avg:  0.0, Max:  0.0, Diff:  0.0, Sum:  0.0, Workers: 4
[818.521s][debug][gc,phases      ] GC(163)     Dead                           Min: 0, Avg:  0.0, Max: 0, Diff: 0, Sum: 0, Workers: 4
[818.521s][debug][gc,phases      ] GC(163)     Total                          Min: 0, Avg: 89.8, Max: 192, Diff: 192, Sum: 359, Workers: 4
[818.521s][debug][gc,phases      ] GC(163)   JVMTI Tag Weak OopStorage      Min:  0.0, Avg:  0.0, Max:  0.0, Diff:  0.0, Sum:  0.0, Workers: 4
[818.521s][debug][gc,phases      ] GC(163)     Dead                           Min: 0, Avg:  0.0, Max: 0, Diff: 0, Sum: 0, Workers: 4
[818.521s][debug][gc,phases      ] GC(163)     Total                          Min: 0, Avg:  0.0, Max: 0, Diff: 0, Sum: 0, Workers: 4
[818.521s][debug][gc,phases      ] GC(163)   StringTable Weak               Min:  0.1, Avg:  0.1, Max:  0.1, Diff:  0.0, Sum:  0.4, Workers: 4
[818.521s][debug][gc,phases      ] GC(163)     Dead                           Min: 0, Avg:  0.0, Max: 0, Diff: 0, Sum: 0, Workers: 4
[818.521s][debug][gc,phases      ] GC(163)     Total                          Min: 11392, Avg: 11994.2, Max: 12800, Diff: 1408, Sum: 47977, Workers: 4
[818.521s][debug][gc,phases      ] GC(163)   ResolvedMethodTable Weak       Min:  0.0, Avg:  0.0, Max:  0.0, Diff:  0.0, Sum:  0.1, Workers: 4
[818.521s][debug][gc,phases      ] GC(163)     Dead                           Min: 0, Avg:  0.0, Max: 0, Diff: 0, Sum: 0, Workers: 4
[818.521s][debug][gc,phases      ] GC(163)     Total                          Min: 1854, Avg: 1976.5, Max: 2113, Diff: 259, Sum: 7906, Workers: 4
[818.521s][debug][gc,phases      ] GC(163)   JNI Weak                       Min:  0.0, Avg:  0.0, Max:  0.0, Diff:  0.0, Sum:  0.0, Workers: 4
[818.521s][debug][gc,phases      ] GC(163)     Dead                           Min: 0, Avg:  0.0, Max: 0, Diff: 0, Sum: 0, Workers: 4
[818.521s][debug][gc,phases      ] GC(163)     Total                          Min: 0, Avg:  0.0, Max: 0, Diff: 0, Sum: 0, Workers: 4
[818.521s][debug][gc,phases      ] GC(163)   StringDedup Table Weak         Min:  0.0, Avg:  0.0, Max:  0.0, Diff:  0.0, Sum:  0.0, Workers: 4
[818.521s][debug][gc,phases      ] GC(163)     Dead                           Min: 0, Avg:  0.0, Max: 0, Diff: 0, Sum: 0, Workers: 4
[818.521s][debug][gc,phases      ] GC(163)     Total                          Min: 0, Avg:  0.0, Max: 0, Diff: 0, Sum: 0, Workers: 4
[818.521s][debug][gc,phases      ] GC(163)   StringDedup Requests0 Weak     Min:  0.0, Avg:  0.0, Max:  0.0, Diff:  0.0, Sum:  0.0, Workers: 4
[818.521s][debug][gc,phases      ] GC(163)     Dead                           Min: 0, Avg:  0.0, Max: 0, Diff: 0, Sum: 0, Workers: 4
[818.521s][debug][gc,phases      ] GC(163)     Total                          Min: 0, Avg:  0.0, Max: 0, Diff: 0, Sum: 0, Workers: 4
[818.521s][debug][gc,phases      ] GC(163)   StringDedup Requests1 Weak     Min:  0.0, Avg:  0.0, Max:  0.0, Diff:  0.0, Sum:  0.0, Workers: 4
[818.521s][debug][gc,phases      ] GC(163)     Dead                           Min: 0, Avg:  0.0, Max: 0, Diff: 0, Sum: 0, Workers: 4
[818.521s][debug][gc,phases      ] GC(163)     Total                          Min: 0, Avg:  0.0, Max: 0, Diff: 0, Sum: 0, Workers: 4
[818.521s][debug][gc,phases      ] GC(163)   Weak JFR Old Object Samples    Min:  0.0, Avg:  0.0, Max:  0.0, Diff:  0.0, Sum:  0.0, Workers: 4
[818.521s][debug][gc,phases      ] GC(163)     Dead                           Min: 0, Avg:  0.0, Max: 0, Diff: 0, Sum: 0, Workers: 4
[818.521s][debug][gc,phases      ] GC(163)     Total                          Min: 0, Avg:  0.0, Max: 0, Diff: 0, Sum: 0, Workers: 4
[818.521s][debug][gc,phases      ] GC(163) Weak Processing 0.407ms
[818.521s][debug][gc,age         ] GC(163) Desired survivor size 7340032 bytes, new threshold 15 (max threshold 15)
[818.521s][info ][gc,heap        ] GC(163) PSYoungGen: 2083968K(2089472K)->2624K(2088960K) Eden: 2081280K(2081280K)->0K(2081280K) From: 2688K(8192K)->2624K(7680K)
[818.521s][info ][gc,heap        ] GC(163) ParOldGen: 557794K(645632K)->557826K(645632K)
[818.521s][info ][gc,metaspace   ] GC(163) Metaspace: 81585K(82432K)->81585K(82432K) NonClass: 70136K(70592K)->70136K(70592K) Class: 11449K(11840K)->11449K(11840K)
[818.521s][info ][gc             ] GC(163) Pause Young (Allocation Failure) 2579M->547M(2670M) 4.345ms
[818.521s][info ][gc,cpu         ] GC(163) User=0.01s Sys=0.00s Real=0.00s
[818.521s][info ][safepoint      ] Safepoint "ParallelGCFailedAllocation", Time since last: 243041680 ns, Reaching safepoint: 35800 ns, At safepoint: 4438368 ns, Total: 4474168 ns
[819.521s][info ][safepoint      ] Safepoint "Cleanup", Time since last: 1000097240 ns, Reaching safepoint: 121802 ns, At safepoint: 6600 ns, Total: 128402 ns
[822.521s][info ][safepoint      ] Safepoint "Cleanup", Time since last: 3000253017 ns, Reaching safepoint: 106102 ns, At safepoint: 10000 ns, Total: 116102 ns
[832.670s][info ][gc,start       ] GC(164) Pause Young (Allocation Failure)
[832.673s][debug][gc,phases      ] GC(164) Scavenge 3.414ms
[832.673s][debug][gc,ref         ] GC(164) Skipped phase 1 of Reference Processing: no references
[832.673s][debug][gc,ref         ] GC(164) ReferenceProcessor::execute queues: 1, RefProcThreadModel::Single, marks_oops_alive: false
[832.673s][debug][gc,ref         ] GC(164) Skipped phase 3 of Reference Processing: no references
[832.673s][debug][gc,ref         ] GC(164) ReferenceProcessor::execute queues: 1, RefProcThreadModel::Single, marks_oops_alive: false
[832.673s][debug][gc,phases      ] GC(164) Reference Processing 0.129ms
[832.674s][debug][gc,phases      ] GC(164)   VM Weak                        Min:  0.0, Avg:  0.0, Max:  0.0, Diff:  0.0, Sum:  0.0, Workers: 4
[832.674s][debug][gc,phases      ] GC(164)     Dead                           Min: 0, Avg:  0.0, Max: 0, Diff: 0, Sum: 0, Workers: 4
[832.674s][debug][gc,phases      ] GC(164)     Total                          Min: 0, Avg: 166.8, Max: 347, Diff: 347, Sum: 667, Workers: 4
[832.674s][debug][gc,phases      ] GC(164)   ObjectSynchronizer Weak        Min:  0.0, Avg:  0.0, Max:  0.0, Diff:  0.0, Sum:  0.0, Workers: 4
[832.674s][debug][gc,phases      ] GC(164)     Dead                           Min: 0, Avg:  0.0, Max: 0, Diff: 0, Sum: 0, Workers: 4
[832.674s][debug][gc,phases      ] GC(164)     Total                          Min: 0, Avg: 89.8, Max: 192, Diff: 192, Sum: 359, Workers: 4
[832.674s][debug][gc,phases      ] GC(164)   JVMTI Tag Weak OopStorage      Min:  0.0, Avg:  0.0, Max:  0.0, Diff:  0.0, Sum:  0.0, Workers: 4
[832.674s][debug][gc,phases      ] GC(164)     Dead                           Min: 0, Avg:  0.0, Max: 0, Diff: 0, Sum: 0, Workers: 4
[832.674s][debug][gc,phases      ] GC(164)     Total                          Min: 0, Avg:  0.0, Max: 0, Diff: 0, Sum: 0, Workers: 4
[832.674s][debug][gc,phases      ] GC(164)   StringTable Weak               Min:  0.1, Avg:  0.1, Max:  0.1, Diff:  0.0, Sum:  0.5, Workers: 4
[832.674s][debug][gc,phases      ] GC(164)     Dead                           Min: 0, Avg:  0.0, Max: 0, Diff: 0, Sum: 0, Workers: 4
[832.674s][debug][gc,phases      ] GC(164)     Total                          Min: 10880, Avg: 11994.2, Max: 12672, Diff: 1792, Sum: 47977, Workers: 4
[832.674s][debug][gc,phases      ] GC(164)   ResolvedMethodTable Weak       Min:  0.0, Avg:  0.0, Max:  0.0, Diff:  0.0, Sum:  0.1, Workers: 4
[832.674s][debug][gc,phases      ] GC(164)     Dead                           Min: 0, Avg:  0.0, Max: 0, Diff: 0, Sum: 0, Workers: 4
[832.674s][debug][gc,phases      ] GC(164)     Total                          Min: 1842, Avg: 1976.5, Max: 2125, Diff: 283, Sum: 7906, Workers: 4
[832.674s][debug][gc,phases      ] GC(164)   JNI Weak                       Min:  0.0, Avg:  0.0, Max:  0.0, Diff:  0.0, Sum:  0.0, Workers: 4
[832.674s][debug][gc,phases      ] GC(164)     Dead                           Min: 0, Avg:  0.0, Max: 0, Diff: 0, Sum: 0, Workers: 4
[832.674s][debug][gc,phases      ] GC(164)     Total                          Min: 0, Avg:  0.0, Max: 0, Diff: 0, Sum: 0, Workers: 4
[832.674s][debug][gc,phases      ] GC(164)   StringDedup Table Weak         Min:  0.0, Avg:  0.0, Max:  0.0, Diff:  0.0, Sum:  0.0, Workers: 4
[832.674s][debug][gc,phases      ] GC(164)     Dead                           Min: 0, Avg:  0.0, Max: 0, Diff: 0, Sum: 0, Workers: 4
[832.674s][debug][gc,phases      ] GC(164)     Total                          Min: 0, Avg:  0.0, Max: 0, Diff: 0, Sum: 0, Workers: 4
[832.674s][debug][gc,phases      ] GC(164)   StringDedup Requests0 Weak     Min:  0.0, Avg:  0.0, Max:  0.0, Diff:  0.0, Sum:  0.0, Workers: 4
[832.674s][debug][gc,phases      ] GC(164)     Dead                           Min: 0, Avg:  0.0, Max: 0, Diff: 0, Sum: 0, Workers: 4
[832.674s][debug][gc,phases      ] GC(164)     Total                          Min: 0, Avg:  0.0, Max: 0, Diff: 0, Sum: 0, Workers: 4
[832.674s][debug][gc,phases      ] GC(164)   StringDedup Requests1 Weak     Min:  0.0, Avg:  0.0, Max:  0.0, Diff:  0.0, Sum:  0.0, Workers: 4
[832.674s][debug][gc,phases      ] GC(164)     Dead                           Min: 0, Avg:  0.0, Max: 0, Diff: 0, Sum: 0, Workers: 4
[832.674s][debug][gc,phases      ] GC(164)     Total                          Min: 0, Avg:  0.0, Max: 0, Diff: 0, Sum: 0, Workers: 4
[832.674s][debug][gc,phases      ] GC(164)   Weak JFR Old Object Samples    Min:  0.0, Avg:  0.0, Max:  0.0, Diff:  0.0, Sum:  0.0, Workers: 4
[832.674s][debug][gc,phases      ] GC(164)     Dead                           Min: 0, Avg:  0.0, Max: 0, Diff: 0, Sum: 0, Workers: 4
[832.674s][debug][gc,phases      ] GC(164)     Total                          Min: 0, Avg:  0.0, Max: 0, Diff: 0, Sum: 0, Workers: 4
[832.674s][debug][gc,phases      ] GC(164) Weak Processing 0.354ms
[832.674s][debug][gc,age         ] GC(164) Desired survivor size 7340032 bytes, new threshold 15 (max threshold 15)
[832.674s][info ][gc,heap        ] GC(164) PSYoungGen: 2083904K(2088960K)->2432K(2089984K) Eden: 2081280K(2081280K)->0K(2082816K) From: 2624K(7680K)->2432K(7168K)
[832.674s][info ][gc,heap        ] GC(164) ParOldGen: 557826K(645632K)->557858K(645632K)
[832.674s][info ][gc,metaspace   ] GC(164) Metaspace: 81586K(82432K)->81586K(82432K) NonClass: 70136K(70592K)->70136K(70592K) Class: 11449K(11840K)->11449K(11840K)
[832.674s][info ][gc             ] GC(164) Pause Young (Allocation Failure) 2579M->547M(2671M) 4.037ms
[832.674s][info ][gc,cpu         ] GC(164) User=0.02s Sys=0.00s Real=0.01s
[832.674s][info ][safepoint      ] Safepoint "ParallelGCFailedAllocation", Time since last: 10148222196 ns, Reaching safepoint: 57401 ns, At safepoint: 4117862 ns, Total: 4175263 ns
[836.674s][info ][safepoint      ] Safepoint "Cleanup", Time since last: 4000302434 ns, Reaching safepoint: 128202 ns, At safepoint: 11600 ns, Total: 139802 ns
[847.070s][info ][gc,start       ] GC(165) Pause Young (Allocation Failure)
[847.073s][debug][gc,phases      ] GC(165) Scavenge 2.802ms
[847.073s][debug][gc,ref         ] GC(165) Skipped phase 1 of Reference Processing: no references
[847.073s][debug][gc,ref         ] GC(165) ReferenceProcessor::execute queues: 1, RefProcThreadModel::Single, marks_oops_alive: false
[847.073s][debug][gc,ref         ] GC(165) Skipped phase 3 of Reference Processing: no references
[847.073s][debug][gc,ref         ] GC(165) ReferenceProcessor::execute queues: 1, RefProcThreadModel::Single, marks_oops_alive: false
[847.073s][debug][gc,phases      ] GC(165) Reference Processing 0.117ms
[847.073s][debug][gc,phases      ] GC(165)   VM Weak                        Min:  0.0, Avg:  0.0, Max:  0.0, Diff:  0.0, Sum:  0.0, Workers: 4
[847.073s][debug][gc,phases      ] GC(165)     Dead                           Min: 0, Avg:  0.0, Max: 0, Diff: 0, Sum: 0, Workers: 4
[847.073s][debug][gc,phases      ] GC(165)     Total                          Min: 0, Avg: 166.8, Max: 576, Diff: 576, Sum: 667, Workers: 4
[847.073s][debug][gc,phases      ] GC(165)   ObjectSynchronizer Weak        Min:  0.0, Avg:  0.0, Max:  0.0, Diff:  0.0, Sum:  0.0, Workers: 4
[847.073s][debug][gc,phases      ] GC(165)     Dead                           Min: 0, Avg:  0.0, Max: 0, Diff: 0, Sum: 0, Workers: 4
[847.073s][debug][gc,phases      ] GC(165)     Total                          Min: 0, Avg: 89.8, Max: 231, Diff: 231, Sum: 359, Workers: 4
[847.073s][debug][gc,phases      ] GC(165)   JVMTI Tag Weak OopStorage      Min:  0.0, Avg:  0.0, Max:  0.0, Diff:  0.0, Sum:  0.0, Workers: 4
[847.073s][debug][gc,phases      ] GC(165)     Dead                           Min: 0, Avg:  0.0, Max: 0, Diff: 0, Sum: 0, Workers: 4
[847.073s][debug][gc,phases      ] GC(165)     Total                          Min: 0, Avg:  0.0, Max: 0, Diff: 0, Sum: 0, Workers: 4
[847.073s][debug][gc,phases      ] GC(165)   StringTable Weak               Min:  0.1, Avg:  0.1, Max:  0.1, Diff:  0.0, Sum:  0.4, Workers: 4
[847.073s][debug][gc,phases      ] GC(165)     Dead                           Min: 0, Avg:  0.0, Max: 0, Diff: 0, Sum: 0, Workers: 4
[847.073s][debug][gc,phases      ] GC(165)     Total                          Min: 10816, Avg: 11994.2, Max: 13888, Diff: 3072, Sum: 47977, Workers: 4
[847.073s][debug][gc,phases      ] GC(165)   ResolvedMethodTable Weak       Min:  0.0, Avg:  0.0, Max:  0.0, Diff:  0.0, Sum:  0.1, Workers: 4
[847.073s][debug][gc,phases      ] GC(165)     Dead                           Min: 0, Avg:  0.0, Max: 0, Diff: 0, Sum: 0, Workers: 4
[847.073s][debug][gc,phases      ] GC(165)     Total                          Min: 1839, Avg: 1976.5, Max: 2115, Diff: 276, Sum: 7906, Workers: 4
[847.073s][debug][gc,phases      ] GC(165)   JNI Weak                       Min:  0.0, Avg:  0.0, Max:  0.0, Diff:  0.0, Sum:  0.0, Workers: 4
[847.073s][debug][gc,phases      ] GC(165)     Dead                           Min: 0, Avg:  0.0, Max: 0, Diff: 0, Sum: 0, Workers: 4
[847.073s][debug][gc,phases      ] GC(165)     Total                          Min: 0, Avg:  0.0, Max: 0, Diff: 0, Sum: 0, Workers: 4
[847.073s][debug][gc,phases      ] GC(165)   StringDedup Table Weak         Min:  0.0, Avg:  0.0, Max:  0.0, Diff:  0.0, Sum:  0.0, Workers: 4
[847.073s][debug][gc,phases      ] GC(165)     Dead                           Min: 0, Avg:  0.0, Max: 0, Diff: 0, Sum: 0, Workers: 4
[847.073s][debug][gc,phases      ] GC(165)     Total                          Min: 0, Avg:  0.0, Max: 0, Diff: 0, Sum: 0, Workers: 4
[847.073s][debug][gc,phases      ] GC(165)   StringDedup Requests0 Weak     Min:  0.0, Avg:  0.0, Max:  0.0, Diff:  0.0, Sum:  0.0, Workers: 4
[847.073s][debug][gc,phases      ] GC(165)     Dead                           Min: 0, Avg:  0.0, Max: 0, Diff: 0, Sum: 0, Workers: 4
[847.073s][debug][gc,phases      ] GC(165)     Total                          Min: 0, Avg:  0.0, Max: 0, Diff: 0, Sum: 0, Workers: 4
[847.073s][debug][gc,phases      ] GC(165)   StringDedup Requests1 Weak     Min:  0.0, Avg:  0.0, Max:  0.0, Diff:  0.0, Sum:  0.0, Workers: 4
[847.073s][debug][gc,phases      ] GC(165)     Dead                           Min: 0, Avg:  0.0, Max: 0, Diff: 0, Sum: 0, Workers: 4
[847.073s][debug][gc,phases      ] GC(165)     Total                          Min: 0, Avg:  0.0, Max: 0, Diff: 0, Sum: 0, Workers: 4
[847.073s][debug][gc,phases      ] GC(165)   Weak JFR Old Object Samples    Min:  0.0, Avg:  0.0, Max:  0.0, Diff:  0.0, Sum:  0.0, Workers: 4
[847.073s][debug][gc,phases      ] GC(165)     Dead                           Min: 0, Avg:  0.0, Max: 0, Diff: 0, Sum: 0, Workers: 4
[847.073s][debug][gc,phases      ] GC(165)     Total                          Min: 0, Avg:  0.0, Max: 0, Diff: 0, Sum: 0, Workers: 4
[847.073s][debug][gc,phases      ] GC(165) Weak Processing 0.332ms
[847.073s][debug][gc,age         ] GC(165) Desired survivor size 6815744 bytes, new threshold 15 (max threshold 15)
[847.073s][info ][gc,heap        ] GC(165) PSYoungGen: 2085248K(2089984K)->2400K(2089984K) Eden: 2082816K(2082816K)->0K(2082816K) From: 2432K(7168K)->2400K(7168K)
[847.073s][info ][gc,heap        ] GC(165) ParOldGen: 557858K(645632K)->557882K(645632K)
[847.073s][info ][gc,metaspace   ] GC(165) Metaspace: 81586K(82432K)->81586K(82432K) NonClass: 70137K(70592K)->70137K(70592K) Class: 11449K(11840K)->11449K(11840K)
[847.073s][info ][gc             ] GC(165) Pause Young (Allocation Failure) 2581M->547M(2671M) 3.421ms
[847.073s][info ][gc,cpu         ] GC(165) User=0.01s Sys=0.00s Real=0.01s
[847.073s][info ][safepoint      ] Safepoint "ParallelGCFailedAllocation", Time since last: 10395565279 ns, Reaching safepoint: 30001 ns, At safepoint: 3508153 ns, Total: 3538154 ns
[857.074s][info ][safepoint      ] Safepoint "Cleanup", Time since last: 10000701064 ns, Reaching safepoint: 123002 ns, At safepoint: 12200 ns, Total: 135202 ns
[860.280s][info ][safepoint      ] Safepoint "ParallelGCFailedAllocation", Time since last: 3205934483 ns, Reaching safepoint: 33700 ns, At safepoint: 11200 ns, Total: 44900 ns
[860.281s][info ][gc,start       ] GC(166) Pause Young (GCLocker Initiated GC)
[860.284s][debug][gc,phases      ] GC(166) Scavenge 3.704ms
[860.284s][debug][gc,ref         ] GC(166) Skipped phase 1 of Reference Processing: no references
[860.284s][debug][gc,ref         ] GC(166) ReferenceProcessor::execute queues: 1, RefProcThreadModel::Single, marks_oops_alive: false
[860.284s][debug][gc,ref         ] GC(166) Skipped phase 3 of Reference Processing: no references
[860.284s][debug][gc,ref         ] GC(166) ReferenceProcessor::execute queues: 1, RefProcThreadModel::Single, marks_oops_alive: false
[860.284s][debug][gc,phases      ] GC(166) Reference Processing 0.113ms
[860.285s][debug][gc,phases      ] GC(166)   VM Weak                        Min:  0.0, Avg:  0.0, Max:  0.0, Diff:  0.0, Sum:  0.0, Workers: 4
[860.285s][debug][gc,phases      ] GC(166)     Dead                           Min: 0, Avg:  0.0, Max: 0, Diff: 0, Sum: 0, Workers: 4
[860.285s][debug][gc,phases      ] GC(166)     Total                          Min: 0, Avg: 166.8, Max: 667, Diff: 667, Sum: 667, Workers: 4
[860.285s][debug][gc,phases      ] GC(166)   ObjectSynchronizer Weak        Min:  0.0, Avg:  0.0, Max:  0.0, Diff:  0.0, Sum:  0.0, Workers: 4
[860.285s][debug][gc,phases      ] GC(166)     Dead                           Min: 0, Avg:  0.0, Max: 0, Diff: 0, Sum: 0, Workers: 4
[860.285s][debug][gc,phases      ] GC(166)     Total                          Min: 0, Avg: 89.8, Max: 320, Diff: 320, Sum: 359, Workers: 4
[860.285s][debug][gc,phases      ] GC(166)   JVMTI Tag Weak OopStorage      Min:  0.0, Avg:  0.0, Max:  0.0, Diff:  0.0, Sum:  0.0, Workers: 4
[860.285s][debug][gc,phases      ] GC(166)     Dead                           Min: 0, Avg:  0.0, Max: 0, Diff: 0, Sum: 0, Workers: 4
[860.285s][debug][gc,phases      ] GC(166)     Total                          Min: 0, Avg:  0.0, Max: 0, Diff: 0, Sum: 0, Workers: 4
[860.285s][debug][gc,phases      ] GC(166)   StringTable Weak               Min:  0.1, Avg:  0.1, Max:  0.1, Diff:  0.0, Sum:  0.4, Workers: 4
[860.285s][debug][gc,phases      ] GC(166)     Dead                           Min: 0, Avg:  0.0, Max: 0, Diff: 0, Sum: 0, Workers: 4
[860.285s][debug][gc,phases      ] GC(166)     Total                          Min: 11008, Avg: 11994.2, Max: 12928, Diff: 1920, Sum: 47977, Workers: 4
[860.285s][debug][gc,phases      ] GC(166)   ResolvedMethodTable Weak       Min:  0.0, Avg:  0.0, Max:  0.0, Diff:  0.0, Sum:  0.1, Workers: 4
[860.285s][debug][gc,phases      ] GC(166)     Dead                           Min: 0, Avg:  0.0, Max: 0, Diff: 0, Sum: 0, Workers: 4
[860.285s][debug][gc,phases      ] GC(166)     Total                          Min: 1880, Avg: 1976.5, Max: 2116, Diff: 236, Sum: 7906, Workers: 4
[860.285s][debug][gc,phases      ] GC(166)   JNI Weak                       Min:  0.0, Avg:  0.0, Max:  0.0, Diff:  0.0, Sum:  0.0, Workers: 4
[860.285s][debug][gc,phases      ] GC(166)     Dead                           Min: 0, Avg:  0.0, Max: 0, Diff: 0, Sum: 0, Workers: 4
[860.285s][debug][gc,phases      ] GC(166)     Total                          Min: 0, Avg:  0.0, Max: 0, Diff: 0, Sum: 0, Workers: 4
[860.285s][debug][gc,phases      ] GC(166)   StringDedup Table Weak         Min:  0.0, Avg:  0.0, Max:  0.0, Diff:  0.0, Sum:  0.0, Workers: 4
[860.285s][debug][gc,phases      ] GC(166)     Dead                           Min: 0, Avg:  0.0, Max: 0, Diff: 0, Sum: 0, Workers: 4
[860.285s][debug][gc,phases      ] GC(166)     Total                          Min: 0, Avg:  0.0, Max: 0, Diff: 0, Sum: 0, Workers: 4
[860.285s][debug][gc,phases      ] GC(166)   StringDedup Requests0 Weak     Min:  0.0, Avg:  0.0, Max:  0.0, Diff:  0.0, Sum:  0.0, Workers: 4
[860.285s][debug][gc,phases      ] GC(166)     Dead                           Min: 0, Avg:  0.0, Max: 0, Diff: 0, Sum: 0, Workers: 4
[860.285s][debug][gc,phases      ] GC(166)     Total                          Min: 0, Avg:  0.0, Max: 0, Diff: 0, Sum: 0, Workers: 4
[860.285s][debug][gc,phases      ] GC(166)   StringDedup Requests1 Weak     Min:  0.0, Avg:  0.0, Max:  0.0, Diff:  0.0, Sum:  0.0, Workers: 4
[860.285s][debug][gc,phases      ] GC(166)     Dead                           Min: 0, Avg:  0.0, Max: 0, Diff: 0, Sum: 0, Workers: 4
[860.285s][debug][gc,phases      ] GC(166)     Total                          Min: 0, Avg:  0.0, Max: 0, Diff: 0, Sum: 0, Workers: 4
[860.285s][debug][gc,phases      ] GC(166)   Weak JFR Old Object Samples    Min:  0.0, Avg:  0.0, Max:  0.0, Diff:  0.0, Sum:  0.0, Workers: 4
[860.285s][debug][gc,phases      ] GC(166)     Dead                           Min: 0, Avg:  0.0, Max: 0, Diff: 0, Sum: 0, Workers: 4
[860.285s][debug][gc,phases      ] GC(166)     Total                          Min: 0, Avg:  0.0, Max: 0, Diff: 0, Sum: 0, Workers: 4
[860.285s][debug][gc,phases      ] GC(166) Weak Processing 0.327ms
[860.285s][debug][gc,age         ] GC(166) Desired survivor size 6815744 bytes, new threshold 15 (max threshold 15)
[860.285s][info ][gc,heap        ] GC(166) PSYoungGen: 2085216K(2089984K)->3050K(2090496K) Eden: 2082816K(2082816K)->0K(2083840K) From: 2400K(7168K)->3050K(6656K)
[860.285s][info ][gc,heap        ] GC(166) ParOldGen: 557885K(645632K)->557909K(645632K)
[860.285s][info ][gc,metaspace   ] GC(166) Metaspace: 81587K(82432K)->81587K(82432K) NonClass: 70138K(70592K)->70138K(70592K) Class: 11449K(11840K)->11449K(11840K)
[860.285s][info ][gc             ] GC(166) Pause Young (GCLocker Initiated GC) 2581M->547M(2672M) 4.255ms
[860.285s][info ][gc,cpu         ] GC(166) User=0.01s Sys=0.00s Real=0.01s
[860.285s][info ][safepoint      ] Safepoint "ParallelGCSystemGC", Time since last: 215804 ns, Reaching safepoint: 99501 ns, At safepoint: 4324365 ns, Total: 4423866 ns
[868.285s][info ][safepoint      ] Safepoint "Cleanup", Time since last: 8000507473 ns, Reaching safepoint: 42701 ns, At safepoint: 3900 ns, Total: 46601 ns
[869.286s][info ][safepoint      ] Safepoint "Cleanup", Time since last: 1000109820 ns, Reaching safepoint: 50201 ns, At safepoint: 8300 ns, Total: 58501 ns
[872.319s][info ][gc,start       ] GC(167) Pause Young (Allocation Failure)
[872.322s][debug][gc,phases      ] GC(167) Scavenge 3.331ms
[872.322s][debug][gc,ref         ] GC(167) Skipped phase 1 of Reference Processing: no references
[872.322s][debug][gc,ref         ] GC(167) ReferenceProcessor::execute queues: 1, RefProcThreadModel::Single, marks_oops_alive: false
[872.322s][debug][gc,ref         ] GC(167) Skipped phase 3 of Reference Processing: no references
[872.322s][debug][gc,ref         ] GC(167) ReferenceProcessor::execute queues: 1, RefProcThreadModel::Single, marks_oops_alive: false
[872.322s][debug][gc,phases      ] GC(167) Reference Processing 0.148ms
[872.323s][debug][gc,phases      ] GC(167)   VM Weak                        Min:  0.0, Avg:  0.0, Max:  0.0, Diff:  0.0, Sum:  0.0, Workers: 4
[872.323s][debug][gc,phases      ] GC(167)     Dead                           Min: 0, Avg:  0.0, Max: 0, Diff: 0, Sum: 0, Workers: 4
[872.323s][debug][gc,phases      ] GC(167)     Total                          Min: 0, Avg: 166.8, Max: 667, Diff: 667, Sum: 667, Workers: 4
[872.323s][debug][gc,phases      ] GC(167)   ObjectSynchronizer Weak        Min:  0.0, Avg:  0.0, Max:  0.0, Diff:  0.0, Sum:  0.0, Workers: 4
[872.323s][debug][gc,phases      ] GC(167)     Dead                           Min: 0, Avg:  0.0, Max: 0, Diff: 0, Sum: 0, Workers: 4
[872.323s][debug][gc,phases      ] GC(167)     Total                          Min: 0, Avg: 89.8, Max: 192, Diff: 192, Sum: 359, Workers: 4
[872.323s][debug][gc,phases      ] GC(167)   JVMTI Tag Weak OopStorage      Min:  0.0, Avg:  0.0, Max:  0.0, Diff:  0.0, Sum:  0.0, Workers: 4
[872.323s][debug][gc,phases      ] GC(167)     Dead                           Min: 0, Avg:  0.0, Max: 0, Diff: 0, Sum: 0, Workers: 4
[872.323s][debug][gc,phases      ] GC(167)     Total                          Min: 0, Avg:  0.0, Max: 0, Diff: 0, Sum: 0, Workers: 4
[872.323s][debug][gc,phases      ] GC(167)   StringTable Weak               Min:  0.1, Avg:  0.1, Max:  0.1, Diff:  0.0, Sum:  0.4, Workers: 4
[872.323s][debug][gc,phases      ] GC(167)     Dead                           Min: 0, Avg:  0.0, Max: 0, Diff: 0, Sum: 0, Workers: 4
[872.323s][debug][gc,phases      ] GC(167)     Total                          Min: 10793, Avg: 11994.2, Max: 13568, Diff: 2775, Sum: 47977, Workers: 4
[872.323s][debug][gc,phases      ] GC(167)   ResolvedMethodTable Weak       Min:  0.0, Avg:  0.0, Max:  0.0, Diff:  0.0, Sum:  0.1, Workers: 4
[872.323s][debug][gc,phases      ] GC(167)     Dead                           Min: 0, Avg:  0.0, Max: 0, Diff: 0, Sum: 0, Workers: 4
[872.323s][debug][gc,phases      ] GC(167)     Total                          Min: 1731, Avg: 1976.5, Max: 2094, Diff: 363, Sum: 7906, Workers: 4
[872.323s][debug][gc,phases      ] GC(167)   JNI Weak                       Min:  0.0, Avg:  0.0, Max:  0.0, Diff:  0.0, Sum:  0.0, Workers: 4
[872.323s][debug][gc,phases      ] GC(167)     Dead                           Min: 0, Avg:  0.0, Max: 0, Diff: 0, Sum: 0, Workers: 4
[872.323s][debug][gc,phases      ] GC(167)     Total                          Min: 0, Avg:  0.0, Max: 0, Diff: 0, Sum: 0, Workers: 4
[872.323s][debug][gc,phases      ] GC(167)   StringDedup Table Weak         Min:  0.0, Avg:  0.0, Max:  0.0, Diff:  0.0, Sum:  0.0, Workers: 4
[872.323s][debug][gc,phases      ] GC(167)     Dead                           Min: 0, Avg:  0.0, Max: 0, Diff: 0, Sum: 0, Workers: 4
[872.323s][debug][gc,phases      ] GC(167)     Total                          Min: 0, Avg:  0.0, Max: 0, Diff: 0, Sum: 0, Workers: 4
[872.323s][debug][gc,phases      ] GC(167)   StringDedup Requests0 Weak     Min:  0.0, Avg:  0.0, Max:  0.0, Diff:  0.0, Sum:  0.0, Workers: 4
[872.323s][debug][gc,phases      ] GC(167)     Dead                           Min: 0, Avg:  0.0, Max: 0, Diff: 0, Sum: 0, Workers: 4
[872.323s][debug][gc,phases      ] GC(167)     Total                          Min: 0, Avg:  0.0, Max: 0, Diff: 0, Sum: 0, Workers: 4
[872.323s][debug][gc,phases      ] GC(167)   StringDedup Requests1 Weak     Min:  0.0, Avg:  0.0, Max:  0.0, Diff:  0.0, Sum:  0.0, Workers: 4
[872.323s][debug][gc,phases      ] GC(167)     Dead                           Min: 0, Avg:  0.0, Max: 0, Diff: 0, Sum: 0, Workers: 4
[872.323s][debug][gc,phases      ] GC(167)     Total                          Min: 0, Avg:  0.0, Max: 0, Diff: 0, Sum: 0, Workers: 4
[872.323s][debug][gc,phases      ] GC(167)   Weak JFR Old Object Samples    Min:  0.0, Avg:  0.0, Max:  0.0, Diff:  0.0, Sum:  0.0, Workers: 4
[872.323s][debug][gc,phases      ] GC(167)     Dead                           Min: 0, Avg:  0.0, Max: 0, Diff: 0, Sum: 0, Workers: 4
[872.323s][debug][gc,phases      ] GC(167)     Total                          Min: 0, Avg:  0.0, Max: 0, Diff: 0, Sum: 0, Workers: 4
[872.323s][debug][gc,phases      ] GC(167) Weak Processing 0.314ms
[872.323s][debug][gc,age         ] GC(167) Desired survivor size 6291456 bytes, new threshold 15 (max threshold 15)
[872.323s][info ][gc,heap        ] GC(167) PSYoungGen: 2086890K(2090496K)->2496K(2090496K) Eden: 2083840K(2083840K)->0K(2083840K) From: 3050K(6656K)->2496K(6656K)
[872.323s][info ][gc,heap        ] GC(167) ParOldGen: 557911K(645632K)->557919K(645632K)
[872.323s][info ][gc,metaspace   ] GC(167) Metaspace: 81592K(82432K)->81592K(82432K) NonClass: 70142K(70592K)->70142K(70592K) Class: 11449K(11840K)->11449K(11840K)
[872.323s][info ][gc             ] GC(167) Pause Young (Allocation Failure) 2582M->547M(2672M) 3.931ms
[872.323s][info ][gc,cpu         ] GC(167) User=0.01s Sys=0.00s Real=0.00s
[872.323s][info ][safepoint      ] Safepoint "ParallelGCFailedAllocation", Time since last: 3033157956 ns, Reaching safepoint: 39900 ns, At safepoint: 4010161 ns, Total: 4050061 ns
[880.324s][info ][safepoint      ] Safepoint "Cleanup", Time since last: 8000545037 ns, Reaching safepoint: 123001 ns, At safepoint: 8901 ns, Total: 131902 ns
[883.324s][info ][safepoint      ] Safepoint "Cleanup", Time since last: 3000249645 ns, Reaching safepoint: 128202 ns, At safepoint: 9200 ns, Total: 137402 ns
[886.469s][info ][gc,start       ] GC(168) Pause Young (Allocation Failure)
[886.472s][debug][gc,phases      ] GC(168) Scavenge 3.064ms
[886.472s][debug][gc,ref         ] GC(168) Skipped phase 1 of Reference Processing: no references
[886.472s][debug][gc,ref         ] GC(168) ReferenceProcessor::execute queues: 1, RefProcThreadModel::Single, marks_oops_alive: false
[886.472s][debug][gc,ref         ] GC(168) Skipped phase 3 of Reference Processing: no references
[886.472s][debug][gc,ref         ] GC(168) ReferenceProcessor::execute queues: 1, RefProcThreadModel::Single, marks_oops_alive: false
[886.472s][debug][gc,phases      ] GC(168) Reference Processing 0.140ms
[886.472s][debug][gc,phases      ] GC(168)   VM Weak                        Min:  0.0, Avg:  0.0, Max:  0.0, Diff:  0.0, Sum:  0.0, Workers: 4
[886.472s][debug][gc,phases      ] GC(168)     Dead                           Min: 0, Avg:  0.0, Max: 0, Diff: 0, Sum: 0, Workers: 4
[886.472s][debug][gc,phases      ] GC(168)     Total                          Min: 0, Avg: 166.8, Max: 475, Diff: 475, Sum: 667, Workers: 4
[886.472s][debug][gc,phases      ] GC(168)   ObjectSynchronizer Weak        Min:  0.0, Avg:  0.0, Max:  0.0, Diff:  0.0, Sum:  0.0, Workers: 4
[886.472s][debug][gc,phases      ] GC(168)     Dead                           Min: 0, Avg:  0.0, Max: 0, Diff: 0, Sum: 0, Workers: 4
[886.472s][debug][gc,phases      ] GC(168)     Total                          Min: 0, Avg: 89.8, Max: 192, Diff: 192, Sum: 359, Workers: 4
[886.472s][debug][gc,phases      ] GC(168)   JVMTI Tag Weak OopStorage      Min:  0.0, Avg:  0.0, Max:  0.0, Diff:  0.0, Sum:  0.0, Workers: 4
[886.472s][debug][gc,phases      ] GC(168)     Dead                           Min: 0, Avg:  0.0, Max: 0, Diff: 0, Sum: 0, Workers: 4
[886.472s][debug][gc,phases      ] GC(168)     Total                          Min: 0, Avg:  0.0, Max: 0, Diff: 0, Sum: 0, Workers: 4
[886.472s][debug][gc,phases      ] GC(168)   StringTable Weak               Min:  0.1, Avg:  0.1, Max:  0.1, Diff:  0.0, Sum:  0.4, Workers: 4
[886.472s][debug][gc,phases      ] GC(168)     Dead                           Min: 0, Avg:  0.0, Max: 0, Diff: 0, Sum: 0, Workers: 4
[886.472s][debug][gc,phases      ] GC(168)     Total                          Min: 10688, Avg: 11994.2, Max: 12649, Diff: 1961, Sum: 47977, Workers: 4
[886.472s][debug][gc,phases      ] GC(168)   ResolvedMethodTable Weak       Min:  0.0, Avg:  0.0, Max:  0.0, Diff:  0.0, Sum:  0.1, Workers: 4
[886.472s][debug][gc,phases      ] GC(168)     Dead                           Min: 0, Avg:  0.0, Max: 0, Diff: 0, Sum: 0, Workers: 4
[886.472s][debug][gc,phases      ] GC(168)     Total                          Min: 1879, Avg: 1976.5, Max: 2115, Diff: 236, Sum: 7906, Workers: 4
[886.472s][debug][gc,phases      ] GC(168)   JNI Weak                       Min:  0.0, Avg:  0.0, Max:  0.0, Diff:  0.0, Sum:  0.0, Workers: 4
[886.472s][debug][gc,phases      ] GC(168)     Dead                           Min: 0, Avg:  0.0, Max: 0, Diff: 0, Sum: 0, Workers: 4
[886.472s][debug][gc,phases      ] GC(168)     Total                          Min: 0, Avg:  0.0, Max: 0, Diff: 0, Sum: 0, Workers: 4
[886.472s][debug][gc,phases      ] GC(168)   StringDedup Table Weak         Min:  0.0, Avg:  0.0, Max:  0.0, Diff:  0.0, Sum:  0.0, Workers: 4
[886.472s][debug][gc,phases      ] GC(168)     Dead                           Min: 0, Avg:  0.0, Max: 0, Diff: 0, Sum: 0, Workers: 4
[886.472s][debug][gc,phases      ] GC(168)     Total                          Min: 0, Avg:  0.0, Max: 0, Diff: 0, Sum: 0, Workers: 4
[886.472s][debug][gc,phases      ] GC(168)   StringDedup Requests0 Weak     Min:  0.0, Avg:  0.0, Max:  0.0, Diff:  0.0, Sum:  0.0, Workers: 4
[886.472s][debug][gc,phases      ] GC(168)     Dead                           Min: 0, Avg:  0.0, Max: 0, Diff: 0, Sum: 0, Workers: 4
[886.472s][debug][gc,phases      ] GC(168)     Total                          Min: 0, Avg:  0.0, Max: 0, Diff: 0, Sum: 0, Workers: 4
[886.472s][debug][gc,phases      ] GC(168)   StringDedup Requests1 Weak     Min:  0.0, Avg:  0.0, Max:  0.0, Diff:  0.0, Sum:  0.0, Workers: 4
[886.472s][debug][gc,phases      ] GC(168)     Dead                           Min: 0, Avg:  0.0, Max: 0, Diff: 0, Sum: 0, Workers: 4
[886.472s][debug][gc,phases      ] GC(168)     Total                          Min: 0, Avg:  0.0, Max: 0, Diff: 0, Sum: 0, Workers: 4
[886.472s][debug][gc,phases      ] GC(168)   Weak JFR Old Object Samples    Min:  0.0, Avg:  0.0, Max:  0.0, Diff:  0.0, Sum:  0.0, Workers: 4
[886.472s][debug][gc,phases      ] GC(168)     Dead                           Min: 0, Avg:  0.0, Max: 0, Diff: 0, Sum: 0, Workers: 4
[886.472s][debug][gc,phases      ] GC(168)     Total                          Min: 0, Avg:  0.0, Max: 0, Diff: 0, Sum: 0, Workers: 4
[886.472s][debug][gc,phases      ] GC(168) Weak Processing 0.380ms
[886.472s][debug][gc,age         ] GC(168) Desired survivor size 6291456 bytes, new threshold 15 (max threshold 15)
[886.472s][info ][gc,heap        ] GC(168) PSYoungGen: 2086336K(2090496K)->2496K(2091008K) Eden: 2083840K(2083840K)->0K(2084864K) From: 2496K(6656K)->2496K(6144K)
[886.472s][info ][gc,heap        ] GC(168) ParOldGen: 557919K(645632K)->557943K(645632K)
[886.472s][info ][gc,metaspace   ] GC(168) Metaspace: 81594K(82432K)->81594K(82432K) NonClass: 70144K(70592K)->70144K(70592K) Class: 11449K(11840K)->11449K(11840K)
[886.472s][info ][gc             ] GC(168) Pause Young (Allocation Failure) 2582M->547M(2672M) 3.729ms
[886.472s][info ][gc,cpu         ] GC(168) User=0.01s Sys=0.00s Real=0.01s
[886.472s][info ][safepoint      ] Safepoint "ParallelGCFailedAllocation", Time since last: 3144701726 ns, Reaching safepoint: 52100 ns, At safepoint: 3826458 ns, Total: 3878558 ns
[890.473s][info ][safepoint      ] Safepoint "Cleanup", Time since last: 4000308751 ns, Reaching safepoint: 119302 ns, At safepoint: 11800 ns, Total: 131102 ns
[891.473s][info ][safepoint      ] Safepoint "Cleanup", Time since last: 1000122512 ns, Reaching safepoint: 128402 ns, At safepoint: 14301 ns, Total: 142703 ns
[893.474s][info ][safepoint      ] Safepoint "Cleanup", Time since last: 2000189623 ns, Reaching safepoint: 121901 ns, At safepoint: 14401 ns, Total: 136302 ns
[894.474s][info ][safepoint      ] Safepoint "Cleanup", Time since last: 1000120211 ns, Reaching safepoint: 117402 ns, At safepoint: 10500 ns, Total: 127902 ns
[896.474s][info ][safepoint      ] Safepoint "Cleanup", Time since last: 2000193621 ns, Reaching safepoint: 120602 ns, At safepoint: 13500 ns, Total: 134102 ns
[897.934s][info ][gc,start       ] GC(169) Pause Young (Allocation Failure)
[897.938s][debug][gc,phases      ] GC(169) Scavenge 4.626ms
[897.938s][debug][gc,ref         ] GC(169) Skipped phase 1 of Reference Processing: no references
[897.939s][debug][gc,ref         ] GC(169) ReferenceProcessor::execute queues: 1, RefProcThreadModel::Single, marks_oops_alive: false
[897.939s][debug][gc,ref         ] GC(169) Skipped phase 3 of Reference Processing: no references
[897.939s][debug][gc,ref         ] GC(169) ReferenceProcessor::execute queues: 1, RefProcThreadModel::Single, marks_oops_alive: false
[897.939s][debug][gc,phases      ] GC(169) Reference Processing 0.126ms
[897.939s][debug][gc,phases      ] GC(169)   VM Weak                        Min:  0.0, Avg:  0.0, Max:  0.0, Diff:  0.0, Sum:  0.0, Workers: 4
[897.939s][debug][gc,phases      ] GC(169)     Dead                           Min: 0, Avg:  0.0, Max: 0, Diff: 0, Sum: 0, Workers: 4
[897.939s][debug][gc,phases      ] GC(169)     Total                          Min: 0, Avg: 166.8, Max: 512, Diff: 512, Sum: 667, Workers: 4
[897.939s][debug][gc,phases      ] GC(169)   ObjectSynchronizer Weak        Min:  0.0, Avg:  0.0, Max:  0.0, Diff:  0.0, Sum:  0.0, Workers: 4
[897.939s][debug][gc,phases      ] GC(169)     Dead                           Min: 0, Avg:  0.0, Max: 0, Diff: 0, Sum: 0, Workers: 4
[897.939s][debug][gc,phases      ] GC(169)     Total                          Min: 0, Avg: 89.8, Max: 167, Diff: 167, Sum: 359, Workers: 4
[897.939s][debug][gc,phases      ] GC(169)   JVMTI Tag Weak OopStorage      Min:  0.0, Avg:  0.0, Max:  0.0, Diff:  0.0, Sum:  0.0, Workers: 4
[897.939s][debug][gc,phases      ] GC(169)     Dead                           Min: 0, Avg:  0.0, Max: 0, Diff: 0, Sum: 0, Workers: 4
[897.939s][debug][gc,phases      ] GC(169)     Total                          Min: 0, Avg:  0.0, Max: 0, Diff: 0, Sum: 0, Workers: 4
[897.939s][debug][gc,phases      ] GC(169)   StringTable Weak               Min:  0.1, Avg:  0.1, Max:  0.1, Diff:  0.0, Sum:  0.5, Workers: 4
[897.939s][debug][gc,phases      ] GC(169)     Dead                           Min: 0, Avg:  0.0, Max: 0, Diff: 0, Sum: 0, Workers: 4
[897.939s][debug][gc,phases      ] GC(169)     Total                          Min: 10880, Avg: 11995.2, Max: 12992, Diff: 2112, Sum: 47981, Workers: 4
[897.939s][debug][gc,phases      ] GC(169)   ResolvedMethodTable Weak       Min:  0.0, Avg:  0.0, Max:  0.0, Diff:  0.0, Sum:  0.1, Workers: 4
[897.939s][debug][gc,phases      ] GC(169)     Dead                           Min: 0, Avg:  0.0, Max: 0, Diff: 0, Sum: 0, Workers: 4
[897.939s][debug][gc,phases      ] GC(169)     Total                          Min: 1880, Avg: 1976.5, Max: 2095, Diff: 215, Sum: 7906, Workers: 4
[897.939s][debug][gc,phases      ] GC(169)   JNI Weak                       Min:  0.0, Avg:  0.0, Max:  0.0, Diff:  0.0, Sum:  0.0, Workers: 4
[897.939s][debug][gc,phases      ] GC(169)     Dead                           Min: 0, Avg:  0.0, Max: 0, Diff: 0, Sum: 0, Workers: 4
[897.939s][debug][gc,phases      ] GC(169)     Total                          Min: 0, Avg:  0.0, Max: 0, Diff: 0, Sum: 0, Workers: 4
[897.939s][debug][gc,phases      ] GC(169)   StringDedup Table Weak         Min:  0.0, Avg:  0.0, Max:  0.0, Diff:  0.0, Sum:  0.0, Workers: 4
[897.939s][debug][gc,phases      ] GC(169)     Dead                           Min: 0, Avg:  0.0, Max: 0, Diff: 0, Sum: 0, Workers: 4
[897.939s][debug][gc,phases      ] GC(169)     Total                          Min: 0, Avg:  0.0, Max: 0, Diff: 0, Sum: 0, Workers: 4
[897.939s][debug][gc,phases      ] GC(169)   StringDedup Requests0 Weak     Min:  0.0, Avg:  0.0, Max:  0.0, Diff:  0.0, Sum:  0.0, Workers: 4
[897.939s][debug][gc,phases      ] GC(169)     Dead                           Min: 0, Avg:  0.0, Max: 0, Diff: 0, Sum: 0, Workers: 4
[897.939s][debug][gc,phases      ] GC(169)     Total                          Min: 0, Avg:  0.0, Max: 0, Diff: 0, Sum: 0, Workers: 4
[897.939s][debug][gc,phases      ] GC(169)   StringDedup Requests1 Weak     Min:  0.0, Avg:  0.0, Max:  0.0, Diff:  0.0, Sum:  0.0, Workers: 4
[897.939s][debug][gc,phases      ] GC(169)     Dead                           Min: 0, Avg:  0.0, Max: 0, Diff: 0, Sum: 0, Workers: 4
[897.939s][debug][gc,phases      ] GC(169)     Total                          Min: 0, Avg:  0.0, Max: 0, Diff: 0, Sum: 0, Workers: 4
[897.939s][debug][gc,phases      ] GC(169)   Weak JFR Old Object Samples    Min:  0.0, Avg:  0.0, Max:  0.0, Diff:  0.0, Sum:  0.0, Workers: 4
[897.939s][debug][gc,phases      ] GC(169)     Dead                           Min: 0, Avg:  0.0, Max: 0, Diff: 0, Sum: 0, Workers: 4
[897.939s][debug][gc,phases      ] GC(169)     Total                          Min: 0, Avg:  0.0, Max: 0, Diff: 0, Sum: 0, Workers: 4
[897.939s][debug][gc,phases      ] GC(169) Weak Processing 0.358ms
[897.939s][debug][gc,age         ] GC(169) Desired survivor size 5767168 bytes, new threshold 15 (max threshold 15)
[897.939s][info ][gc,heap        ] GC(169) PSYoungGen: 2087360K(2091008K)->2784K(2091008K) Eden: 2084864K(2084864K)->0K(2084864K) From: 2496K(6144K)->2784K(6144K)
[897.939s][info ][gc,heap        ] GC(169) ParOldGen: 557943K(645632K)->557967K(645632K)
[897.939s][info ][gc,metaspace   ] GC(169) Metaspace: 81598K(82432K)->81598K(82432K) NonClass: 70149K(70592K)->70149K(70592K) Class: 11449K(11840K)->11449K(11840K)
[897.939s][info ][gc             ] GC(169) Pause Young (Allocation Failure) 2583M->547M(2672M) 5.254ms
[897.939s][info ][gc,cpu         ] GC(169) User=0.02s Sys=0.00s Real=0.00s
[897.939s][info ][safepoint      ] Safepoint "ParallelGCFailedAllocation", Time since last: 1459539751 ns, Reaching safepoint: 62801 ns, At safepoint: 5345381 ns, Total: 5408182 ns
[898.939s][info ][safepoint      ] Safepoint "Cleanup", Time since last: 1000090409 ns, Reaching safepoint: 57801 ns, At safepoint: 19800 ns, Total: 77601 ns
[900.939s][info ][safepoint      ] Safepoint "Cleanup", Time since last: 2000190118 ns, Reaching safepoint: 47401 ns, At safepoint: 3400 ns, Total: 50801 ns
[901.940s][info ][safepoint      ] Safepoint "Cleanup", Time since last: 1000105708 ns, Reaching safepoint: 33300 ns, At safepoint: 3101 ns, Total: 36401 ns
[902.940s][info ][safepoint      ] Safepoint "Cleanup", Time since last: 1000096707 ns, Reaching safepoint: 48601 ns, At safepoint: 8000 ns, Total: 56601 ns
[904.940s][info ][safepoint      ] Safepoint "Cleanup", Time since last: 2000175115 ns, Reaching safepoint: 60201 ns, At safepoint: 9900 ns, Total: 70101 ns
[906.940s][info ][safepoint      ] Safepoint "Cleanup", Time since last: 2000183113 ns, Reaching safepoint: 44401 ns, At safepoint: 2800 ns, Total: 47201 ns
[908.026s][info ][gc,start       ] GC(170) Pause Young (Allocation Failure)
[908.030s][debug][gc,phases      ] GC(170) Scavenge 4.027ms
[908.030s][debug][gc,ref         ] GC(170) Skipped phase 1 of Reference Processing: no references
[908.030s][debug][gc,ref         ] GC(170) ReferenceProcessor::execute queues: 1, RefProcThreadModel::Single, marks_oops_alive: false
[908.030s][debug][gc,ref         ] GC(170) Skipped phase 3 of Reference Processing: no references
[908.030s][debug][gc,ref         ] GC(170) ReferenceProcessor::execute queues: 1, RefProcThreadModel::Single, marks_oops_alive: false
[908.030s][debug][gc,phases      ] GC(170) Reference Processing 0.133ms
[908.031s][debug][gc,phases      ] GC(170)   VM Weak                        Min:  0.0, Avg:  0.0, Max:  0.0, Diff:  0.0, Sum:  0.0, Workers: 4
[908.031s][debug][gc,phases      ] GC(170)     Dead                           Min: 0, Avg:  0.0, Max: 0, Diff: 0, Sum: 0, Workers: 4
[908.031s][debug][gc,phases      ] GC(170)     Total                          Min: 0, Avg: 166.8, Max: 603, Diff: 603, Sum: 667, Workers: 4
[908.031s][debug][gc,phases      ] GC(170)   ObjectSynchronizer Weak        Min:  0.0, Avg:  0.0, Max:  0.0, Diff:  0.0, Sum:  0.0, Workers: 4
[908.031s][debug][gc,phases      ] GC(170)     Dead                           Min: 0, Avg:  0.0, Max: 0, Diff: 0, Sum: 0, Workers: 4
[908.031s][debug][gc,phases      ] GC(170)     Total                          Min: 0, Avg: 89.8, Max: 231, Diff: 231, Sum: 359, Workers: 4
[908.031s][debug][gc,phases      ] GC(170)   JVMTI Tag Weak OopStorage      Min:  0.0, Avg:  0.0, Max:  0.0, Diff:  0.0, Sum:  0.0, Workers: 4
[908.031s][debug][gc,phases      ] GC(170)     Dead                           Min: 0, Avg:  0.0, Max: 0, Diff: 0, Sum: 0, Workers: 4
[908.031s][debug][gc,phases      ] GC(170)     Total                          Min: 0, Avg:  0.0, Max: 0, Diff: 0, Sum: 0, Workers: 4
[908.031s][debug][gc,phases      ] GC(170)   StringTable Weak               Min:  0.1, Avg:  0.1, Max:  0.1, Diff:  0.0, Sum:  0.4, Workers: 4
[908.031s][debug][gc,phases      ] GC(170)     Dead                           Min: 0, Avg:  0.0, Max: 0, Diff: 0, Sum: 0, Workers: 4
[908.031s][debug][gc,phases      ] GC(170)     Total                          Min: 10560, Avg: 12000.2, Max: 12993, Diff: 2433, Sum: 48001, Workers: 4
[908.031s][debug][gc,phases      ] GC(170)   ResolvedMethodTable Weak       Min:  0.0, Avg:  0.0, Max:  0.0, Diff:  0.0, Sum:  0.1, Workers: 4
[908.031s][debug][gc,phases      ] GC(170)     Dead                           Min: 0, Avg:  0.0, Max: 0, Diff: 0, Sum: 0, Workers: 4
[908.031s][debug][gc,phases      ] GC(170)     Total                          Min: 1821, Avg: 1976.8, Max: 2221, Diff: 400, Sum: 7907, Workers: 4
[908.031s][debug][gc,phases      ] GC(170)   JNI Weak                       Min:  0.0, Avg:  0.0, Max:  0.0, Diff:  0.0, Sum:  0.0, Workers: 4
[908.031s][debug][gc,phases      ] GC(170)     Dead                           Min: 0, Avg:  0.0, Max: 0, Diff: 0, Sum: 0, Workers: 4
[908.031s][debug][gc,phases      ] GC(170)     Total                          Min: 0, Avg:  0.0, Max: 0, Diff: 0, Sum: 0, Workers: 4
[908.031s][debug][gc,phases      ] GC(170)   StringDedup Table Weak         Min:  0.0, Avg:  0.0, Max:  0.0, Diff:  0.0, Sum:  0.0, Workers: 4
[908.031s][debug][gc,phases      ] GC(170)     Dead                           Min: 0, Avg:  0.0, Max: 0, Diff: 0, Sum: 0, Workers: 4
[908.031s][debug][gc,phases      ] GC(170)     Total                          Min: 0, Avg:  0.0, Max: 0, Diff: 0, Sum: 0, Workers: 4
[908.031s][debug][gc,phases      ] GC(170)   StringDedup Requests0 Weak     Min:  0.0, Avg:  0.0, Max:  0.0, Diff:  0.0, Sum:  0.0, Workers: 4
[908.031s][debug][gc,phases      ] GC(170)     Dead                           Min: 0, Avg:  0.0, Max: 0, Diff: 0, Sum: 0, Workers: 4
[908.031s][debug][gc,phases      ] GC(170)     Total                          Min: 0, Avg:  0.0, Max: 0, Diff: 0, Sum: 0, Workers: 4
[908.031s][debug][gc,phases      ] GC(170)   StringDedup Requests1 Weak     Min:  0.0, Avg:  0.0, Max:  0.0, Diff:  0.0, Sum:  0.0, Workers: 4
[908.031s][debug][gc,phases      ] GC(170)     Dead                           Min: 0, Avg:  0.0, Max: 0, Diff: 0, Sum: 0, Workers: 4
[908.031s][debug][gc,phases      ] GC(170)     Total                          Min: 0, Avg:  0.0, Max: 0, Diff: 0, Sum: 0, Workers: 4
[908.031s][debug][gc,phases      ] GC(170)   Weak JFR Old Object Samples    Min:  0.0, Avg:  0.0, Max:  0.0, Diff:  0.0, Sum:  0.0, Workers: 4
[908.031s][debug][gc,phases      ] GC(170)     Dead                           Min: 0, Avg:  0.0, Max: 0, Diff: 0, Sum: 0, Workers: 4
[908.031s][debug][gc,phases      ] GC(170)     Total                          Min: 0, Avg:  0.0, Max: 0, Diff: 0, Sum: 0, Workers: 4
[908.031s][debug][gc,phases      ] GC(170) Weak Processing 0.339ms
[908.031s][debug][gc,age         ] GC(170) Desired survivor size 5767168 bytes, new threshold 15 (max threshold 15)
[908.031s][info ][gc,heap        ] GC(170) PSYoungGen: 2087648K(2091008K)->3424K(2091520K) Eden: 2084864K(2084864K)->0K(2085888K) From: 2784K(6144K)->3424K(5632K)
[908.031s][info ][gc,heap        ] GC(170) ParOldGen: 557967K(645632K)->557991K(645632K)
[908.031s][info ][gc,metaspace   ] GC(170) Metaspace: 81611K(82432K)->81611K(82432K) NonClass: 70161K(70592K)->70161K(70592K) Class: 11449K(11840K)->11449K(11840K)
[908.031s][info ][gc             ] GC(170) Pause Young (Allocation Failure) 2583M->548M(2673M) 4.634ms
[908.031s][info ][gc,cpu         ] GC(170) User=0.02s Sys=0.00s Real=0.00s
[908.031s][info ][safepoint      ] Safepoint "ParallelGCFailedAllocation", Time since last: 1085849801 ns, Reaching safepoint: 120502 ns, At safepoint: 4728371 ns, Total: 4848873 ns
[909.031s][info ][safepoint      ] Safepoint "Cleanup", Time since last: 1000052506 ns, Reaching safepoint: 55000 ns, At safepoint: 7901 ns, Total: 62901 ns
[910.031s][info ][safepoint      ] Safepoint "Cleanup", Time since last: 1000108005 ns, Reaching safepoint: 67701 ns, At safepoint: 4000 ns, Total: 71701 ns
[911.031s][info ][safepoint      ] Safepoint "Cleanup", Time since last: 1000109405 ns, Reaching safepoint: 54801 ns, At safepoint: 4600 ns, Total: 59401 ns
[912.032s][info ][safepoint      ] Safepoint "Cleanup", Time since last: 1000124905 ns, Reaching safepoint: 53201 ns, At safepoint: 6400 ns, Total: 59601 ns
[917.669s][info ][gc,start       ] GC(171) Pause Young (Allocation Failure)
[917.673s][debug][gc,phases      ] GC(171) Scavenge 4.252ms
[917.673s][debug][gc,ref         ] GC(171) Skipped phase 1 of Reference Processing: no references
[917.673s][debug][gc,ref         ] GC(171) ReferenceProcessor::execute queues: 1, RefProcThreadModel::Single, marks_oops_alive: false
[917.673s][debug][gc,ref         ] GC(171) Skipped phase 3 of Reference Processing: no references
[917.673s][debug][gc,ref         ] GC(171) ReferenceProcessor::execute queues: 1, RefProcThreadModel::Single, marks_oops_alive: false
[917.673s][debug][gc,phases      ] GC(171) Reference Processing 0.106ms
[917.673s][debug][gc,phases      ] GC(171)   VM Weak                        Min:  0.0, Avg:  0.0, Max:  0.0, Diff:  0.0, Sum:  0.0, Workers: 4
[917.673s][debug][gc,phases      ] GC(171)     Dead                           Min: 0, Avg:  0.0, Max: 0, Diff: 0, Sum: 0, Workers: 4
[917.673s][debug][gc,phases      ] GC(171)     Total                          Min: 0, Avg: 166.8, Max: 448, Diff: 448, Sum: 667, Workers: 4
[917.673s][debug][gc,phases      ] GC(171)   ObjectSynchronizer Weak        Min:  0.0, Avg:  0.0, Max:  0.0, Diff:  0.0, Sum:  0.0, Workers: 4
[917.673s][debug][gc,phases      ] GC(171)     Dead                           Min: 0, Avg:  0.0, Max: 0, Diff: 0, Sum: 0, Workers: 4
[917.673s][debug][gc,phases      ] GC(171)     Total                          Min: 0, Avg: 89.8, Max: 128, Diff: 128, Sum: 359, Workers: 4
[917.673s][debug][gc,phases      ] GC(171)   JVMTI Tag Weak OopStorage      Min:  0.0, Avg:  0.0, Max:  0.0, Diff:  0.0, Sum:  0.0, Workers: 4
[917.673s][debug][gc,phases      ] GC(171)     Dead                           Min: 0, Avg:  0.0, Max: 0, Diff: 0, Sum: 0, Workers: 4
[917.673s][debug][gc,phases      ] GC(171)     Total                          Min: 0, Avg:  0.0, Max: 0, Diff: 0, Sum: 0, Workers: 4
[917.673s][debug][gc,phases      ] GC(171)   StringTable Weak               Min:  0.1, Avg:  0.1, Max:  0.1, Diff:  0.0, Sum:  0.4, Workers: 4
[917.673s][debug][gc,phases      ] GC(171)     Dead                           Min: 0, Avg:  0.0, Max: 0, Diff: 0, Sum: 0, Workers: 4
[917.673s][debug][gc,phases      ] GC(171)     Total                          Min: 11264, Avg: 12001.5, Max: 12672, Diff: 1408, Sum: 48006, Workers: 4
[917.673s][debug][gc,phases      ] GC(171)   ResolvedMethodTable Weak       Min:  0.0, Avg:  0.0, Max:  0.0, Diff:  0.0, Sum:  0.1, Workers: 4
[917.673s][debug][gc,phases      ] GC(171)     Dead                           Min: 0, Avg:  0.0, Max: 0, Diff: 0, Sum: 0, Workers: 4
[917.673s][debug][gc,phases      ] GC(171)     Total                          Min: 1865, Avg: 1977.0, Max: 2128, Diff: 263, Sum: 7908, Workers: 4
[917.673s][debug][gc,phases      ] GC(171)   JNI Weak                       Min:  0.0, Avg:  0.0, Max:  0.0, Diff:  0.0, Sum:  0.0, Workers: 4
[917.673s][debug][gc,phases      ] GC(171)     Dead                           Min: 0, Avg:  0.0, Max: 0, Diff: 0, Sum: 0, Workers: 4
[917.673s][debug][gc,phases      ] GC(171)     Total                          Min: 0, Avg:  0.0, Max: 0, Diff: 0, Sum: 0, Workers: 4
[917.673s][debug][gc,phases      ] GC(171)   StringDedup Table Weak         Min:  0.0, Avg:  0.0, Max:  0.0, Diff:  0.0, Sum:  0.0, Workers: 4
[917.673s][debug][gc,phases      ] GC(171)     Dead                           Min: 0, Avg:  0.0, Max: 0, Diff: 0, Sum: 0, Workers: 4
[917.673s][debug][gc,phases      ] GC(171)     Total                          Min: 0, Avg:  0.0, Max: 0, Diff: 0, Sum: 0, Workers: 4
[917.673s][debug][gc,phases      ] GC(171)   StringDedup Requests0 Weak     Min:  0.0, Avg:  0.0, Max:  0.0, Diff:  0.0, Sum:  0.0, Workers: 4
[917.673s][debug][gc,phases      ] GC(171)     Dead                           Min: 0, Avg:  0.0, Max: 0, Diff: 0, Sum: 0, Workers: 4
[917.673s][debug][gc,phases      ] GC(171)     Total                          Min: 0, Avg:  0.0, Max: 0, Diff: 0, Sum: 0, Workers: 4
[917.673s][debug][gc,phases      ] GC(171)   StringDedup Requests1 Weak     Min:  0.0, Avg:  0.0, Max:  0.0, Diff:  0.0, Sum:  0.0, Workers: 4
[917.673s][debug][gc,phases      ] GC(171)     Dead                           Min: 0, Avg:  0.0, Max: 0, Diff: 0, Sum: 0, Workers: 4
[917.673s][debug][gc,phases      ] GC(171)     Total                          Min: 0, Avg:  0.0, Max: 0, Diff: 0, Sum: 0, Workers: 4
[917.673s][debug][gc,phases      ] GC(171)   Weak JFR Old Object Samples    Min:  0.0, Avg:  0.0, Max:  0.0, Diff:  0.0, Sum:  0.0, Workers: 4
[917.673s][debug][gc,phases      ] GC(171)     Dead                           Min: 0, Avg:  0.0, Max: 0, Diff: 0, Sum: 0, Workers: 4
[917.673s][debug][gc,phases      ] GC(171)     Total                          Min: 0, Avg:  0.0, Max: 0, Diff: 0, Sum: 0, Workers: 4
[917.673s][debug][gc,phases      ] GC(171) Weak Processing 0.331ms
[917.673s][debug][gc,age         ] GC(171) Desired survivor size 5767168 bytes, new threshold 15 (max threshold 15)
[917.673s][info ][gc,heap        ] GC(171) PSYoungGen: 2089312K(2091520K)->3552K(2091520K) Eden: 2085888K(2085888K)->0K(2085888K) From: 3424K(5632K)->3552K(5632K)
[917.673s][info ][gc,heap        ] GC(171) ParOldGen: 557991K(645632K)->558023K(645632K)
[917.673s][info ][gc,metaspace   ] GC(171) Metaspace: 81616K(82432K)->81616K(82432K) NonClass: 70166K(70592K)->70166K(70592K) Class: 11450K(11840K)->11450K(11840K)
[917.673s][info ][gc             ] GC(171) Pause Young (Allocation Failure) 2585M->548M(2673M) 4.820ms
[917.673s][info ][gc,cpu         ] GC(171) User=0.01s Sys=0.00s Real=0.01s
[917.673s][info ][safepoint      ] Safepoint "ParallelGCFailedAllocation", Time since last: 5636948330 ns, Reaching safepoint: 51101 ns, At safepoint: 4903174 ns, Total: 4954275 ns
[921.674s][info ][safepoint      ] Safepoint "Cleanup", Time since last: 4000289706 ns, Reaching safepoint: 127302 ns, At safepoint: 8800 ns, Total: 136102 ns
[924.674s][info ][safepoint      ] Safepoint "Cleanup", Time since last: 3000257901 ns, Reaching safepoint: 57401 ns, At safepoint: 10601 ns, Total: 68002 ns
[925.674s][info ][safepoint      ] Safepoint "Cleanup", Time since last: 1000116800 ns, Reaching safepoint: 121302 ns, At safepoint: 6200 ns, Total: 127502 ns
[927.675s][info ][safepoint      ] Safepoint "Cleanup", Time since last: 2000179498 ns, Reaching safepoint: 102302 ns, At safepoint: 13500 ns, Total: 115802 ns
[927.970s][info ][gc,start       ] GC(172) Pause Young (Allocation Failure)
[927.973s][debug][gc,phases      ] GC(172) Scavenge 3.120ms
[927.973s][debug][gc,ref         ] GC(172) Skipped phase 1 of Reference Processing: no references
[927.973s][debug][gc,ref         ] GC(172) ReferenceProcessor::execute queues: 1, RefProcThreadModel::Single, marks_oops_alive: false
[927.973s][debug][gc,ref         ] GC(172) Skipped phase 3 of Reference Processing: no references
[927.973s][debug][gc,ref         ] GC(172) ReferenceProcessor::execute queues: 1, RefProcThreadModel::Single, marks_oops_alive: false
[927.973s][debug][gc,phases      ] GC(172) Reference Processing 0.117ms
[927.973s][debug][gc,phases      ] GC(172)   VM Weak                        Min:  0.0, Avg:  0.0, Max:  0.0, Diff:  0.0, Sum:  0.0, Workers: 4
[927.973s][debug][gc,phases      ] GC(172)     Dead                           Min: 0, Avg:  0.0, Max: 0, Diff: 0, Sum: 0, Workers: 4
[927.973s][debug][gc,phases      ] GC(172)     Total                          Min: 0, Avg: 166.8, Max: 667, Diff: 667, Sum: 667, Workers: 4
[927.973s][debug][gc,phases      ] GC(172)   ObjectSynchronizer Weak        Min:  0.0, Avg:  0.0, Max:  0.0, Diff:  0.0, Sum:  0.0, Workers: 4
[927.973s][debug][gc,phases      ] GC(172)     Dead                           Min: 0, Avg:  0.0, Max: 0, Diff: 0, Sum: 0, Workers: 4
[927.973s][debug][gc,phases      ] GC(172)     Total                          Min: 0, Avg: 89.8, Max: 192, Diff: 192, Sum: 359, Workers: 4
[927.973s][debug][gc,phases      ] GC(172)   JVMTI Tag Weak OopStorage      Min:  0.0, Avg:  0.0, Max:  0.0, Diff:  0.0, Sum:  0.0, Workers: 4
[927.973s][debug][gc,phases      ] GC(172)     Dead                           Min: 0, Avg:  0.0, Max: 0, Diff: 0, Sum: 0, Workers: 4
[927.973s][debug][gc,phases      ] GC(172)     Total                          Min: 0, Avg:  0.0, Max: 0, Diff: 0, Sum: 0, Workers: 4
[927.973s][debug][gc,phases      ] GC(172)   StringTable Weak               Min:  0.1, Avg:  0.1, Max:  0.1, Diff:  0.0, Sum:  0.4, Workers: 4
[927.973s][debug][gc,phases      ] GC(172)     Dead                           Min: 0, Avg:  0.0, Max: 0, Diff: 0, Sum: 0, Workers: 4
[927.973s][debug][gc,phases      ] GC(172)     Total                          Min: 10688, Avg: 12001.8, Max: 12992, Diff: 2304, Sum: 48007, Workers: 4
[927.973s][debug][gc,phases      ] GC(172)   ResolvedMethodTable Weak       Min:  0.0, Avg:  0.0, Max:  0.0, Diff:  0.0, Sum:  0.1, Workers: 4
[927.973s][debug][gc,phases      ] GC(172)     Dead                           Min: 0, Avg:  0.0, Max: 0, Diff: 0, Sum: 0, Workers: 4
[927.973s][debug][gc,phases      ] GC(172)     Total                          Min: 1909, Avg: 1977.0, Max: 2063, Diff: 154, Sum: 7908, Workers: 4
[927.973s][debug][gc,phases      ] GC(172)   JNI Weak                       Min:  0.0, Avg:  0.0, Max:  0.0, Diff:  0.0, Sum:  0.0, Workers: 4
[927.973s][debug][gc,phases      ] GC(172)     Dead                           Min: 0, Avg:  0.0, Max: 0, Diff: 0, Sum: 0, Workers: 4
[927.973s][debug][gc,phases      ] GC(172)     Total                          Min: 0, Avg:  0.0, Max: 0, Diff: 0, Sum: 0, Workers: 4
[927.973s][debug][gc,phases      ] GC(172)   StringDedup Table Weak         Min:  0.0, Avg:  0.0, Max:  0.0, Diff:  0.0, Sum:  0.0, Workers: 4
[927.973s][debug][gc,phases      ] GC(172)     Dead                           Min: 0, Avg:  0.0, Max: 0, Diff: 0, Sum: 0, Workers: 4
[927.973s][debug][gc,phases      ] GC(172)     Total                          Min: 0, Avg:  0.0, Max: 0, Diff: 0, Sum: 0, Workers: 4
[927.973s][debug][gc,phases      ] GC(172)   StringDedup Requests0 Weak     Min:  0.0, Avg:  0.0, Max:  0.0, Diff:  0.0, Sum:  0.0, Workers: 4
[927.973s][debug][gc,phases      ] GC(172)     Dead                           Min: 0, Avg:  0.0, Max: 0, Diff: 0, Sum: 0, Workers: 4
[927.973s][debug][gc,phases      ] GC(172)     Total                          Min: 0, Avg:  0.0, Max: 0, Diff: 0, Sum: 0, Workers: 4
[927.973s][debug][gc,phases      ] GC(172)   StringDedup Requests1 Weak     Min:  0.0, Avg:  0.0, Max:  0.0, Diff:  0.0, Sum:  0.0, Workers: 4
[927.973s][debug][gc,phases      ] GC(172)     Dead                           Min: 0, Avg:  0.0, Max: 0, Diff: 0, Sum: 0, Workers: 4
[927.973s][debug][gc,phases      ] GC(172)     Total                          Min: 0, Avg:  0.0, Max: 0, Diff: 0, Sum: 0, Workers: 4
[927.973s][debug][gc,phases      ] GC(172)   Weak JFR Old Object Samples    Min:  0.0, Avg:  0.0, Max:  0.0, Diff:  0.0, Sum:  0.0, Workers: 4
[927.973s][debug][gc,phases      ] GC(172)     Dead                           Min: 0, Avg:  0.0, Max: 0, Diff: 0, Sum: 0, Workers: 4
[927.973s][debug][gc,phases      ] GC(172)     Total                          Min: 0, Avg:  0.0, Max: 0, Diff: 0, Sum: 0, Workers: 4
[927.973s][debug][gc,phases      ] GC(172) Weak Processing 0.321ms
[927.973s][debug][gc,age         ] GC(172) Desired survivor size 5767168 bytes, new threshold 15 (max threshold 15)
[927.973s][info ][gc,heap        ] GC(172) PSYoungGen: 2089440K(2091520K)->3536K(2091520K) Eden: 2085888K(2085888K)->0K(2085888K) From: 3552K(5632K)->3536K(5632K)
[927.973s][info ][gc,heap        ] GC(172) ParOldGen: 558023K(645632K)->558055K(645632K)
[927.973s][info ][gc,metaspace   ] GC(172) Metaspace: 81617K(82432K)->81617K(82432K) NonClass: 70167K(70592K)->70167K(70592K) Class: 11450K(11840K)->11450K(11840K)
[927.973s][info ][gc             ] GC(172) Pause Young (Allocation Failure) 2585M->548M(2673M) 3.700ms
[927.973s][info ][gc,cpu         ] GC(172) User=0.01s Sys=0.00s Real=0.01s
[927.974s][info ][safepoint      ] Safepoint "ParallelGCFailedAllocation", Time since last: 294953653 ns, Reaching safepoint: 30001 ns, At safepoint: 3778257 ns, Total: 3808258 ns
[929.974s][info ][safepoint      ] Safepoint "Cleanup", Time since last: 2000156897 ns, Reaching safepoint: 101701 ns, At safepoint: 13300 ns, Total: 115001 ns
[933.974s][info ][safepoint      ] Safepoint "Cleanup", Time since last: 4000334190 ns, Reaching safepoint: 130802 ns, At safepoint: 13801 ns, Total: 144603 ns
[934.974s][info ][safepoint      ] Safepoint "Cleanup", Time since last: 1000111097 ns, Reaching safepoint: 33500 ns, At safepoint: 4700 ns, Total: 38200 ns
[935.975s][info ][safepoint      ] Safepoint "Cleanup", Time since last: 1000111297 ns, Reaching safepoint: 61601 ns, At safepoint: 6000 ns, Total: 67601 ns
[939.969s][info ][gc,start       ] GC(173) Pause Young (Allocation Failure)
[939.973s][debug][gc,phases      ] GC(173) Scavenge 3.686ms
[939.973s][debug][gc,ref         ] GC(173) Skipped phase 1 of Reference Processing: no references
[939.973s][debug][gc,ref         ] GC(173) ReferenceProcessor::execute queues: 1, RefProcThreadModel::Single, marks_oops_alive: false
[939.973s][debug][gc,ref         ] GC(173) Skipped phase 3 of Reference Processing: no references
[939.973s][debug][gc,ref         ] GC(173) ReferenceProcessor::execute queues: 1, RefProcThreadModel::Single, marks_oops_alive: false
[939.973s][debug][gc,phases      ] GC(173) Reference Processing 0.118ms
[939.973s][debug][gc,phases      ] GC(173)   VM Weak                        Min:  0.0, Avg:  0.0, Max:  0.0, Diff:  0.0, Sum:  0.0, Workers: 4
[939.973s][debug][gc,phases      ] GC(173)     Dead                           Min: 0, Avg:  0.0, Max: 0, Diff: 0, Sum: 0, Workers: 4
[939.973s][debug][gc,phases      ] GC(173)     Total                          Min: 0, Avg: 166.8, Max: 667, Diff: 667, Sum: 667, Workers: 4
[939.973s][debug][gc,phases      ] GC(173)   ObjectSynchronizer Weak        Min:  0.0, Avg:  0.0, Max:  0.0, Diff:  0.0, Sum:  0.0, Workers: 4
[939.973s][debug][gc,phases      ] GC(173)     Dead                           Min: 0, Avg:  0.0, Max: 0, Diff: 0, Sum: 0, Workers: 4
[939.974s][debug][gc,phases      ] GC(173)     Total                          Min: 0, Avg: 90.0, Max: 360, Diff: 360, Sum: 360, Workers: 4
[939.974s][debug][gc,phases      ] GC(173)   JVMTI Tag Weak OopStorage      Min:  0.0, Avg:  0.0, Max:  0.0, Diff:  0.0, Sum:  0.0, Workers: 4
[939.974s][debug][gc,phases      ] GC(173)     Dead                           Min: 0, Avg:  0.0, Max: 0, Diff: 0, Sum: 0, Workers: 4
[939.974s][debug][gc,phases      ] GC(173)     Total                          Min: 0, Avg:  0.0, Max: 0, Diff: 0, Sum: 0, Workers: 4
[939.974s][debug][gc,phases      ] GC(173)   StringTable Weak               Min:  0.1, Avg:  0.1, Max:  0.1, Diff:  0.0, Sum:  0.4, Workers: 4
[939.974s][debug][gc,phases      ] GC(173)     Dead                           Min: 0, Avg:  0.0, Max: 0, Diff: 0, Sum: 0, Workers: 4
[939.974s][debug][gc,phases      ] GC(173)     Total                          Min: 11456, Avg: 12002.0, Max: 12744, Diff: 1288, Sum: 48008, Workers: 4
[939.974s][debug][gc,phases      ] GC(173)   ResolvedMethodTable Weak       Min:  0.0, Avg:  0.0, Max:  0.0, Diff:  0.0, Sum:  0.1, Workers: 4
[939.974s][debug][gc,phases      ] GC(173)     Dead                           Min: 0, Avg:  0.0, Max: 0, Diff: 0, Sum: 0, Workers: 4
[939.974s][debug][gc,phases      ] GC(173)     Total                          Min: 1734, Avg: 1977.0, Max: 2253, Diff: 519, Sum: 7908, Workers: 4
[939.974s][debug][gc,phases      ] GC(173)   JNI Weak                       Min:  0.0, Avg:  0.0, Max:  0.0, Diff:  0.0, Sum:  0.0, Workers: 4
[939.974s][debug][gc,phases      ] GC(173)     Dead                           Min: 0, Avg:  0.0, Max: 0, Diff: 0, Sum: 0, Workers: 4
[939.974s][debug][gc,phases      ] GC(173)     Total                          Min: 0, Avg:  0.0, Max: 0, Diff: 0, Sum: 0, Workers: 4
[939.974s][debug][gc,phases      ] GC(173)   StringDedup Table Weak         Min:  0.0, Avg:  0.0, Max:  0.0, Diff:  0.0, Sum:  0.0, Workers: 4
[939.974s][debug][gc,phases      ] GC(173)     Dead                           Min: 0, Avg:  0.0, Max: 0, Diff: 0, Sum: 0, Workers: 4
[939.974s][debug][gc,phases      ] GC(173)     Total                          Min: 0, Avg:  0.0, Max: 0, Diff: 0, Sum: 0, Workers: 4
[939.974s][debug][gc,phases      ] GC(173)   StringDedup Requests0 Weak     Min:  0.0, Avg:  0.0, Max:  0.0, Diff:  0.0, Sum:  0.0, Workers: 4
[939.974s][debug][gc,phases      ] GC(173)     Dead                           Min: 0, Avg:  0.0, Max: 0, Diff: 0, Sum: 0, Workers: 4
[939.974s][debug][gc,phases      ] GC(173)     Total                          Min: 0, Avg:  0.0, Max: 0, Diff: 0, Sum: 0, Workers: 4
[939.974s][debug][gc,phases      ] GC(173)   StringDedup Requests1 Weak     Min:  0.0, Avg:  0.0, Max:  0.0, Diff:  0.0, Sum:  0.0, Workers: 4
[939.974s][debug][gc,phases      ] GC(173)     Dead                           Min: 0, Avg:  0.0, Max: 0, Diff: 0, Sum: 0, Workers: 4
[939.974s][debug][gc,phases      ] GC(173)     Total                          Min: 0, Avg:  0.0, Max: 0, Diff: 0, Sum: 0, Workers: 4
[939.974s][debug][gc,phases      ] GC(173)   Weak JFR Old Object Samples    Min:  0.0, Avg:  0.0, Max:  0.0, Diff:  0.0, Sum:  0.0, Workers: 4
[939.974s][debug][gc,phases      ] GC(173)     Dead                           Min: 0, Avg:  0.0, Max: 0, Diff: 0, Sum: 0, Workers: 4
[939.974s][debug][gc,phases      ] GC(173)     Total                          Min: 0, Avg:  0.0, Max: 0, Diff: 0, Sum: 0, Workers: 4
[939.974s][debug][gc,phases      ] GC(173) Weak Processing 0.319ms
[939.974s][debug][gc,age         ] GC(173) Desired survivor size 5767168 bytes, new threshold 15 (max threshold 15)
[939.974s][info ][gc,heap        ] GC(173) PSYoungGen: 2089424K(2091520K)->3472K(2091520K) Eden: 2085888K(2085888K)->0K(2085888K) From: 3536K(5632K)->3472K(5632K)
[939.974s][info ][gc,heap        ] GC(173) ParOldGen: 558055K(645632K)->558071K(645632K)
[939.974s][info ][gc,metaspace   ] GC(173) Metaspace: 81622K(82432K)->81622K(82432K) NonClass: 70172K(70592K)->70172K(70592K) Class: 11450K(11840K)->11450K(11840K)
[939.974s][info ][gc             ] GC(173) Pause Young (Allocation Failure) 2585M->548M(2673M) 4.267ms
[939.974s][info ][gc,cpu         ] GC(173) User=0.02s Sys=0.00s Real=0.01s
[939.974s][info ][safepoint      ] Safepoint "ParallelGCFailedAllocation", Time since last: 3994740697 ns, Reaching safepoint: 34801 ns, At safepoint: 4342165 ns, Total: 4376966 ns
[940.974s][info ][safepoint      ] Safepoint "Cleanup", Time since last: 1000090595 ns, Reaching safepoint: 118202 ns, At safepoint: 11900 ns, Total: 130102 ns
[943.974s][info ][safepoint      ] Safepoint "Cleanup", Time since last: 3000257582 ns, Reaching safepoint: 119902 ns, At safepoint: 8400 ns, Total: 128302 ns
[947.975s][info ][safepoint      ] Safepoint "Cleanup", Time since last: 4000292271 ns, Reaching safepoint: 120402 ns, At safepoint: 6500 ns, Total: 126902 ns
[950.975s][info ][safepoint      ] Safepoint "Cleanup", Time since last: 3000244975 ns, Reaching safepoint: 123902 ns, At safepoint: 7100 ns, Total: 131002 ns
[951.075s][info ][gc,start       ] GC(174) Pause Young (Allocation Failure)
[951.081s][debug][gc,phases      ] GC(174) Scavenge 5.544ms
[951.081s][debug][gc,ref         ] GC(174) Skipped phase 1 of Reference Processing: no references
[951.081s][debug][gc,ref         ] GC(174) ReferenceProcessor::execute queues: 1, RefProcThreadModel::Single, marks_oops_alive: false
[951.081s][debug][gc,ref         ] GC(174) Skipped phase 3 of Reference Processing: no references
[951.081s][debug][gc,ref         ] GC(174) ReferenceProcessor::execute queues: 1, RefProcThreadModel::Single, marks_oops_alive: false
[951.081s][debug][gc,phases      ] GC(174) Reference Processing 0.135ms
[951.081s][debug][gc,phases      ] GC(174)   VM Weak                        Min:  0.0, Avg:  0.0, Max:  0.0, Diff:  0.0, Sum:  0.0, Workers: 4
[951.081s][debug][gc,phases      ] GC(174)     Dead                           Min: 0, Avg:  0.0, Max: 0, Diff: 0, Sum: 0, Workers: 4
[951.081s][debug][gc,phases      ] GC(174)     Total                          Min: 0, Avg: 166.8, Max: 667, Diff: 667, Sum: 667, Workers: 4
[951.081s][debug][gc,phases      ] GC(174)   ObjectSynchronizer Weak        Min:  0.0, Avg:  0.0, Max:  0.0, Diff:  0.0, Sum:  0.0, Workers: 4
[951.081s][debug][gc,phases      ] GC(174)     Dead                           Min: 0, Avg:  0.0, Max: 0, Diff: 0, Sum: 0, Workers: 4
[951.081s][debug][gc,phases      ] GC(174)     Total                          Min: 0, Avg: 90.0, Max: 232, Diff: 232, Sum: 360, Workers: 4
[951.081s][debug][gc,phases      ] GC(174)   JVMTI Tag Weak OopStorage      Min:  0.0, Avg:  0.0, Max:  0.0, Diff:  0.0, Sum:  0.0, Workers: 4
[951.081s][debug][gc,phases      ] GC(174)     Dead                           Min: 0, Avg:  0.0, Max: 0, Diff: 0, Sum: 0, Workers: 4
[951.081s][debug][gc,phases      ] GC(174)     Total                          Min: 0, Avg:  0.0, Max: 0, Diff: 0, Sum: 0, Workers: 4
[951.081s][debug][gc,phases      ] GC(174)   StringTable Weak               Min:  0.1, Avg:  0.1, Max:  0.1, Diff:  0.0, Sum:  0.4, Workers: 4
[951.081s][debug][gc,phases      ] GC(174)     Dead                           Min: 0, Avg:  0.0, Max: 0, Diff: 0, Sum: 0, Workers: 4
[951.081s][debug][gc,phases      ] GC(174)     Total                          Min: 11456, Avg: 12002.0, Max: 12800, Diff: 1344, Sum: 48008, Workers: 4
[951.081s][debug][gc,phases      ] GC(174)   ResolvedMethodTable Weak       Min:  0.0, Avg:  0.0, Max:  0.0, Diff:  0.0, Sum:  0.1, Workers: 4
[951.081s][debug][gc,phases      ] GC(174)     Dead                           Min: 0, Avg:  0.0, Max: 0, Diff: 0, Sum: 0, Workers: 4
[951.081s][debug][gc,phases      ] GC(174)     Total                          Min: 1840, Avg: 1977.0, Max: 2092, Diff: 252, Sum: 7908, Workers: 4
[951.081s][debug][gc,phases      ] GC(174)   JNI Weak                       Min:  0.0, Avg:  0.0, Max:  0.0, Diff:  0.0, Sum:  0.0, Workers: 4
[951.081s][debug][gc,phases      ] GC(174)     Dead                           Min: 0, Avg:  0.0, Max: 0, Diff: 0, Sum: 0, Workers: 4
[951.081s][debug][gc,phases      ] GC(174)     Total                          Min: 0, Avg:  0.0, Max: 0, Diff: 0, Sum: 0, Workers: 4
[951.081s][debug][gc,phases      ] GC(174)   StringDedup Table Weak         Min:  0.0, Avg:  0.0, Max:  0.0, Diff:  0.0, Sum:  0.0, Workers: 4
[951.081s][debug][gc,phases      ] GC(174)     Dead                           Min: 0, Avg:  0.0, Max: 0, Diff: 0, Sum: 0, Workers: 4
[951.081s][debug][gc,phases      ] GC(174)     Total                          Min: 0, Avg:  0.0, Max: 0, Diff: 0, Sum: 0, Workers: 4
[951.081s][debug][gc,phases      ] GC(174)   StringDedup Requests0 Weak     Min:  0.0, Avg:  0.0, Max:  0.0, Diff:  0.0, Sum:  0.0, Workers: 4
[951.081s][debug][gc,phases      ] GC(174)     Dead                           Min: 0, Avg:  0.0, Max: 0, Diff: 0, Sum: 0, Workers: 4
[951.081s][debug][gc,phases      ] GC(174)     Total                          Min: 0, Avg:  0.0, Max: 0, Diff: 0, Sum: 0, Workers: 4
[951.081s][debug][gc,phases      ] GC(174)   StringDedup Requests1 Weak     Min:  0.0, Avg:  0.0, Max:  0.0, Diff:  0.0, Sum:  0.0, Workers: 4
[951.081s][debug][gc,phases      ] GC(174)     Dead                           Min: 0, Avg:  0.0, Max: 0, Diff: 0, Sum: 0, Workers: 4
[951.081s][debug][gc,phases      ] GC(174)     Total                          Min: 0, Avg:  0.0, Max: 0, Diff: 0, Sum: 0, Workers: 4
[951.081s][debug][gc,phases      ] GC(174)   Weak JFR Old Object Samples    Min:  0.0, Avg:  0.0, Max:  0.0, Diff:  0.0, Sum:  0.0, Workers: 4
[951.081s][debug][gc,phases      ] GC(174)     Dead                           Min: 0, Avg:  0.0, Max: 0, Diff: 0, Sum: 0, Workers: 4
[951.081s][debug][gc,phases      ] GC(174)     Total                          Min: 0, Avg:  0.0, Max: 0, Diff: 0, Sum: 0, Workers: 4
[951.081s][debug][gc,phases      ] GC(174) Weak Processing 0.318ms
[951.081s][debug][gc,age         ] GC(174) Desired survivor size 5767168 bytes, new threshold 15 (max threshold 15)
[951.081s][info ][gc,heap        ] GC(174) PSYoungGen: 2089360K(2091520K)->4016K(2091520K) Eden: 2085888K(2085888K)->0K(2085888K) From: 3472K(5632K)->4016K(5632K)
[951.081s][info ][gc,heap        ] GC(174) ParOldGen: 558071K(645632K)->558079K(645632K)
[951.081s][info ][gc,metaspace   ] GC(174) Metaspace: 81626K(82432K)->81626K(82432K) NonClass: 70175K(70592K)->70175K(70592K) Class: 11450K(11840K)->11450K(11840K)
[951.081s][info ][gc             ] GC(174) Pause Young (Allocation Failure) 2585M->548M(2673M) 6.141ms
[951.081s][info ][gc,cpu         ] GC(174) User=0.02s Sys=0.00s Real=0.00s
[951.081s][info ][safepoint      ] Safepoint "ParallelGCFailedAllocation", Time since last: 100059910 ns, Reaching safepoint: 52400 ns, At safepoint: 6226294 ns, Total: 6278694 ns
[964.467s][info ][gc,start       ] GC(175) Pause Young (Allocation Failure)
[964.471s][debug][gc,phases      ] GC(175) Scavenge 3.703ms
[964.471s][debug][gc,ref         ] GC(175) Skipped phase 1 of Reference Processing: no references
[964.471s][debug][gc,ref         ] GC(175) ReferenceProcessor::execute queues: 1, RefProcThreadModel::Single, marks_oops_alive: false
[964.471s][debug][gc,ref         ] GC(175) Skipped phase 3 of Reference Processing: no references
[964.471s][debug][gc,ref         ] GC(175) ReferenceProcessor::execute queues: 1, RefProcThreadModel::Single, marks_oops_alive: false
[964.471s][debug][gc,phases      ] GC(175) Reference Processing 0.133ms
[964.471s][debug][gc,phases      ] GC(175)   VM Weak                        Min:  0.0, Avg:  0.0, Max:  0.0, Diff:  0.0, Sum:  0.0, Workers: 4
[964.471s][debug][gc,phases      ] GC(175)     Dead                           Min: 0, Avg:  0.0, Max: 0, Diff: 0, Sum: 0, Workers: 4
[964.471s][debug][gc,phases      ] GC(175)     Total                          Min: 0, Avg: 167.0, Max: 476, Diff: 476, Sum: 668, Workers: 4
[964.471s][debug][gc,phases      ] GC(175)   ObjectSynchronizer Weak        Min:  0.0, Avg:  0.0, Max:  0.0, Diff:  0.0, Sum:  0.0, Workers: 4
[964.471s][debug][gc,phases      ] GC(175)     Dead                           Min: 0, Avg:  0.0, Max: 0, Diff: 0, Sum: 0, Workers: 4
[964.471s][debug][gc,phases      ] GC(175)     Total                          Min: 0, Avg: 90.0, Max: 232, Diff: 232, Sum: 360, Workers: 4
[964.471s][debug][gc,phases      ] GC(175)   JVMTI Tag Weak OopStorage      Min:  0.0, Avg:  0.0, Max:  0.0, Diff:  0.0, Sum:  0.0, Workers: 4
[964.471s][debug][gc,phases      ] GC(175)     Dead                           Min: 0, Avg:  0.0, Max: 0, Diff: 0, Sum: 0, Workers: 4
[964.471s][debug][gc,phases      ] GC(175)     Total                          Min: 0, Avg:  0.0, Max: 0, Diff: 0, Sum: 0, Workers: 4
[964.471s][debug][gc,phases      ] GC(175)   StringTable Weak               Min:  0.1, Avg:  0.1, Max:  0.1, Diff:  0.0, Sum:  0.4, Workers: 4
[964.471s][debug][gc,phases      ] GC(175)     Dead                           Min: 0, Avg:  0.0, Max: 0, Diff: 0, Sum: 0, Workers: 4
[964.471s][debug][gc,phases      ] GC(175)     Total                          Min: 11264, Avg: 12002.0, Max: 12744, Diff: 1480, Sum: 48008, Workers: 4
[964.471s][debug][gc,phases      ] GC(175)   ResolvedMethodTable Weak       Min:  0.0, Avg:  0.0, Max:  0.0, Diff:  0.0, Sum:  0.1, Workers: 4
[964.471s][debug][gc,phases      ] GC(175)     Dead                           Min: 0, Avg:  0.0, Max: 0, Diff: 0, Sum: 0, Workers: 4
[964.471s][debug][gc,phases      ] GC(175)     Total                          Min: 1690, Avg: 1977.0, Max: 2310, Diff: 620, Sum: 7908, Workers: 4
[964.471s][debug][gc,phases      ] GC(175)   JNI Weak                       Min:  0.0, Avg:  0.0, Max:  0.0, Diff:  0.0, Sum:  0.0, Workers: 4
[964.471s][debug][gc,phases      ] GC(175)     Dead                           Min: 0, Avg:  0.0, Max: 0, Diff: 0, Sum: 0, Workers: 4
[964.471s][debug][gc,phases      ] GC(175)     Total                          Min: 0, Avg:  0.0, Max: 0, Diff: 0, Sum: 0, Workers: 4
[964.471s][debug][gc,phases      ] GC(175)   StringDedup Table Weak         Min:  0.0, Avg:  0.0, Max:  0.0, Diff:  0.0, Sum:  0.0, Workers: 4
[964.471s][debug][gc,phases      ] GC(175)     Dead                           Min: 0, Avg:  0.0, Max: 0, Diff: 0, Sum: 0, Workers: 4
[964.471s][debug][gc,phases      ] GC(175)     Total                          Min: 0, Avg:  0.0, Max: 0, Diff: 0, Sum: 0, Workers: 4
[964.471s][debug][gc,phases      ] GC(175)   StringDedup Requests0 Weak     Min:  0.0, Avg:  0.0, Max:  0.0, Diff:  0.0, Sum:  0.0, Workers: 4
[964.471s][debug][gc,phases      ] GC(175)     Dead                           Min: 0, Avg:  0.0, Max: 0, Diff: 0, Sum: 0, Workers: 4
[964.471s][debug][gc,phases      ] GC(175)     Total                          Min: 0, Avg:  0.0, Max: 0, Diff: 0, Sum: 0, Workers: 4
[964.471s][debug][gc,phases      ] GC(175)   StringDedup Requests1 Weak     Min:  0.0, Avg:  0.0, Max:  0.0, Diff:  0.0, Sum:  0.0, Workers: 4
[964.471s][debug][gc,phases      ] GC(175)     Dead                           Min: 0, Avg:  0.0, Max: 0, Diff: 0, Sum: 0, Workers: 4
[964.471s][debug][gc,phases      ] GC(175)     Total                          Min: 0, Avg:  0.0, Max: 0, Diff: 0, Sum: 0, Workers: 4
[964.471s][debug][gc,phases      ] GC(175)   Weak JFR Old Object Samples    Min:  0.0, Avg:  0.0, Max:  0.0, Diff:  0.0, Sum:  0.0, Workers: 4
[964.471s][debug][gc,phases      ] GC(175)     Dead                           Min: 0, Avg:  0.0, Max: 0, Diff: 0, Sum: 0, Workers: 4
[964.471s][debug][gc,phases      ] GC(175)     Total                          Min: 0, Avg:  0.0, Max: 0, Diff: 0, Sum: 0, Workers: 4
[964.471s][debug][gc,phases      ] GC(175) Weak Processing 0.321ms
[964.471s][debug][gc,age         ] GC(175) Desired survivor size 5767168 bytes, new threshold 15 (max threshold 15)
[964.471s][info ][gc,heap        ] GC(175) PSYoungGen: 2089904K(2091520K)->3504K(2091520K) Eden: 2085888K(2085888K)->0K(2085888K) From: 4016K(5632K)->3504K(5632K)
[964.471s][info ][gc,heap        ] GC(175) ParOldGen: 558079K(645632K)->558095K(645632K)
[964.471s][info ][gc,metaspace   ] GC(175) Metaspace: 81629K(82496K)->81629K(82496K) NonClass: 70178K(70656K)->70178K(70656K) Class: 11450K(11840K)->11450K(11840K)
[964.471s][info ][gc             ] GC(175) Pause Young (Allocation Failure) 2585M->548M(2673M) 4.318ms
[964.471s][info ][gc,cpu         ] GC(175) User=0.01s Sys=0.00s Real=0.01s
[964.471s][info ][safepoint      ] Safepoint "ParallelGCFailedAllocation", Time since last: 13385324355 ns, Reaching safepoint: 51301 ns, At safepoint: 4402066 ns, Total: 4453367 ns
[967.472s][info ][safepoint      ] Safepoint "Cleanup", Time since last: 3000209159 ns, Reaching safepoint: 114001 ns, At safepoint: 9600 ns, Total: 123601 ns
[968.787s][info ][safepoint      ] Safepoint "Cleanup", Time since last: 1314896835 ns, Reaching safepoint: 332305 ns, At safepoint: 10700 ns, Total: 343005 ns
[969.787s][info ][safepoint      ] Safepoint "Cleanup", Time since last: 1000115386 ns, Reaching safepoint: 58601 ns, At safepoint: 10400 ns, Total: 69001 ns
[977.788s][info ][safepoint      ] Safepoint "Cleanup", Time since last: 8000565370 ns, Reaching safepoint: 45301 ns, At safepoint: 4400 ns, Total: 49701 ns
[1009.790s][info ][safepoint      ] Safepoint "Cleanup", Time since last: 32001943781 ns, Reaching safepoint: 83402 ns, At safepoint: 11500 ns, Total: 94902 ns
[1010.721s][info ][gc,start       ] GC(176) Pause Young (Allocation Failure)
[1010.743s][debug][gc,phases      ] GC(176) Scavenge 21.663ms
[1010.743s][debug][gc,ref         ] GC(176) Skipped phase 1 of Reference Processing: no references
[1010.743s][debug][gc,ref         ] GC(176) ReferenceProcessor::execute queues: 1, RefProcThreadModel::Single, marks_oops_alive: false
[1010.743s][debug][gc,ref         ] GC(176) ReferenceProcessor::execute queues: 4, RefProcThreadModel::Multi, marks_oops_alive: true
[1010.743s][debug][gc,ref         ] GC(176) ReferenceProcessor::execute queues: 1, RefProcThreadModel::Single, marks_oops_alive: false
[1010.743s][debug][gc,phases      ] GC(176) Reference Processing 0.243ms
[1010.743s][debug][gc,phases      ] GC(176)   VM Weak                        Min:  0.0, Avg:  0.0, Max:  0.0, Diff:  0.0, Sum:  0.0, Workers: 4
[1010.743s][debug][gc,phases      ] GC(176)     Dead                           Min: 0, Avg:  0.0, Max: 0, Diff: 0, Sum: 0, Workers: 4
[1010.743s][debug][gc,phases      ] GC(176)     Total                          Min: 0, Avg: 167.5, Max: 414, Diff: 414, Sum: 670, Workers: 4
[1010.743s][debug][gc,phases      ] GC(176)   ObjectSynchronizer Weak        Min:  0.0, Avg:  0.0, Max:  0.0, Diff:  0.0, Sum:  0.0, Workers: 4
[1010.743s][debug][gc,phases      ] GC(176)     Dead                           Min: 0, Avg:  0.0, Max: 0, Diff: 0, Sum: 0, Workers: 4
[1010.743s][debug][gc,phases      ] GC(176)     Total                          Min: 42, Avg: 90.5, Max: 128, Diff: 86, Sum: 362, Workers: 4
[1010.743s][debug][gc,phases      ] GC(176)   JVMTI Tag Weak OopStorage      Min:  0.0, Avg:  0.0, Max:  0.0, Diff:  0.0, Sum:  0.0, Workers: 4
[1010.743s][debug][gc,phases      ] GC(176)     Dead                           Min: 0, Avg:  0.0, Max: 0, Diff: 0, Sum: 0, Workers: 4
[1010.743s][debug][gc,phases      ] GC(176)     Total                          Min: 0, Avg:  0.0, Max: 0, Diff: 0, Sum: 0, Workers: 4
[1010.743s][debug][gc,phases      ] GC(176)   StringTable Weak               Min:  0.1, Avg:  0.1, Max:  0.1, Diff:  0.0, Sum:  0.4, Workers: 4
[1010.743s][debug][gc,phases      ] GC(176)     Dead                           Min: 0, Avg:  0.0, Max: 0, Diff: 0, Sum: 0, Workers: 4
[1010.743s][debug][gc,phases      ] GC(176)     Total                          Min: 10752, Avg: 12007.8, Max: 14016, Diff: 3264, Sum: 48031, Workers: 4
[1010.743s][debug][gc,phases      ] GC(176)   ResolvedMethodTable Weak       Min:  0.0, Avg:  0.0, Max:  0.0, Diff:  0.0, Sum:  0.1, Workers: 4
[1010.743s][debug][gc,phases      ] GC(176)     Dead                           Min: 0, Avg:  0.0, Max: 0, Diff: 0, Sum: 0, Workers: 4
[1010.743s][debug][gc,phases      ] GC(176)     Total                          Min: 1689, Avg: 1977.5, Max: 2476, Diff: 787, Sum: 7910, Workers: 4
[1010.743s][debug][gc,phases      ] GC(176)   JNI Weak                       Min:  0.0, Avg:  0.0, Max:  0.0, Diff:  0.0, Sum:  0.0, Workers: 4
[1010.743s][debug][gc,phases      ] GC(176)     Dead                           Min: 0, Avg:  0.0, Max: 0, Diff: 0, Sum: 0, Workers: 4
[1010.743s][debug][gc,phases      ] GC(176)     Total                          Min: 0, Avg:  0.0, Max: 0, Diff: 0, Sum: 0, Workers: 4
[1010.743s][debug][gc,phases      ] GC(176)   StringDedup Table Weak         Min:  0.0, Avg:  0.0, Max:  0.0, Diff:  0.0, Sum:  0.0, Workers: 4
[1010.743s][debug][gc,phases      ] GC(176)     Dead                           Min: 0, Avg:  0.0, Max: 0, Diff: 0, Sum: 0, Workers: 4
[1010.743s][debug][gc,phases      ] GC(176)     Total                          Min: 0, Avg:  0.0, Max: 0, Diff: 0, Sum: 0, Workers: 4
[1010.743s][debug][gc,phases      ] GC(176)   StringDedup Requests0 Weak     Min:  0.0, Avg:  0.0, Max:  0.0, Diff:  0.0, Sum:  0.0, Workers: 4
[1010.743s][debug][gc,phases      ] GC(176)     Dead                           Min: 0, Avg:  0.0, Max: 0, Diff: 0, Sum: 0, Workers: 4
[1010.743s][debug][gc,phases      ] GC(176)     Total                          Min: 0, Avg:  0.0, Max: 0, Diff: 0, Sum: 0, Workers: 4
[1010.743s][debug][gc,phases      ] GC(176)   StringDedup Requests1 Weak     Min:  0.0, Avg:  0.0, Max:  0.0, Diff:  0.0, Sum:  0.0, Workers: 4
[1010.743s][debug][gc,phases      ] GC(176)     Dead                           Min: 0, Avg:  0.0, Max: 0, Diff: 0, Sum: 0, Workers: 4
[1010.743s][debug][gc,phases      ] GC(176)     Total                          Min: 0, Avg:  0.0, Max: 0, Diff: 0, Sum: 0, Workers: 4
[1010.743s][debug][gc,phases      ] GC(176)   Weak JFR Old Object Samples    Min:  0.0, Avg:  0.0, Max:  0.0, Diff:  0.0, Sum:  0.0, Workers: 4
[1010.743s][debug][gc,phases      ] GC(176)     Dead                           Min: 0, Avg:  0.0, Max: 0, Diff: 0, Sum: 0, Workers: 4
[1010.743s][debug][gc,phases      ] GC(176)     Total                          Min: 0, Avg:  0.0, Max: 0, Diff: 0, Sum: 0, Workers: 4
[1010.743s][debug][gc,phases      ] GC(176) Weak Processing 0.316ms
[1010.743s][debug][gc,age         ] GC(176) Desired survivor size 30932992 bytes, new threshold 14 (max threshold 15)
[1010.743s][info ][gc,heap        ] GC(176) PSYoungGen: 2089392K(2091520K)->5621K(2042368K) Eden: 2085888K(2085888K)->0K(2036736K) From: 3504K(5632K)->5621K(5632K)
[1010.743s][info ][gc,heap        ] GC(176) ParOldGen: 558095K(645632K)->623065K(645632K)
[1010.743s][info ][gc,metaspace   ] GC(176) Metaspace: 81792K(82624K)->81792K(82624K) NonClass: 70331K(70784K)->70331K(70784K) Class: 11460K(11840K)->11460K(11840K)
[1010.743s][info ][gc             ] GC(176) Pause Young (Allocation Failure) 2585M->613M(2625M) 22.377ms
[1010.743s][info ][gc,cpu         ] GC(176) User=0.03s Sys=0.06s Real=0.03s
[1010.743s][debug][gc,phases      ] GC(177) Pre Compact 0.010ms
[1010.743s][info ][gc,start       ] GC(177) Pause Full (Ergonomics)
[1010.743s][info ][gc,phases,start] GC(177) Marking Phase
[1010.881s][debug][gc,phases      ] GC(177) Par Mark 138.055ms
[1010.881s][debug][gc,ref         ] GC(177) Skipped phase 1 of Reference Processing: no references
[1010.882s][debug][gc,ref         ] GC(177) ReferenceProcessor::execute queues: 4, RefProcThreadModel::Multi, marks_oops_alive: false
[1010.882s][debug][gc,ref         ] GC(177) Skipped phase 3 of Reference Processing: no references
[1010.882s][debug][gc,ref         ] GC(177) ReferenceProcessor::execute queues: 1, RefProcThreadModel::Single, marks_oops_alive: false
[1010.882s][debug][gc,phases      ] GC(177) Reference Processing 0.543ms
[1010.882s][debug][gc,phases      ] GC(177)   VM Weak                        Min:  0.0, Avg:  0.0, Max:  0.0, Diff:  0.0, Sum:  0.0, Workers: 4
[1010.882s][debug][gc,phases      ] GC(177)     Dead                           Min: 0, Avg:  0.0, Max: 0, Diff: 0, Sum: 0, Workers: 4
[1010.882s][debug][gc,phases      ] GC(177)     Total                          Min: 0, Avg: 167.5, Max: 448, Diff: 448, Sum: 670, Workers: 4
[1010.882s][debug][gc,phases      ] GC(177)   ObjectSynchronizer Weak        Min:  0.0, Avg:  0.0, Max:  0.0, Diff:  0.0, Sum:  0.0, Workers: 4
[1010.882s][debug][gc,phases      ] GC(177)     Dead                           Min: 0, Avg:  0.0, Max: 0, Diff: 0, Sum: 0, Workers: 4
[1010.882s][debug][gc,phases      ] GC(177)     Total                          Min: 0, Avg: 90.5, Max: 128, Diff: 128, Sum: 362, Workers: 4
[1010.882s][debug][gc,phases      ] GC(177)   JVMTI Tag Weak OopStorage      Min:  0.0, Avg:  0.0, Max:  0.0, Diff:  0.0, Sum:  0.0, Workers: 4
[1010.882s][debug][gc,phases      ] GC(177)     Dead                           Min: 0, Avg:  0.0, Max: 0, Diff: 0, Sum: 0, Workers: 4
[1010.882s][debug][gc,phases      ] GC(177)     Total                          Min: 0, Avg:  0.0, Max: 0, Diff: 0, Sum: 0, Workers: 4
[1010.882s][debug][gc,phases      ] GC(177)   StringTable Weak               Min:  0.2, Avg:  0.2, Max:  0.2, Diff:  0.0, Sum:  0.8, Workers: 4
[1010.882s][debug][gc,phases      ] GC(177)     Dead                           Min: 0, Avg:  0.0, Max: 0, Diff: 0, Sum: 0, Workers: 4
[1010.882s][debug][gc,phases      ] GC(177)     Total                          Min: 10112, Avg: 12007.8, Max: 14495, Diff: 4383, Sum: 48031, Workers: 4
[1010.882s][debug][gc,phases      ] GC(177)   ResolvedMethodTable Weak       Min:  0.0, Avg:  0.0, Max:  0.0, Diff:  0.0, Sum:  0.1, Workers: 4
[1010.882s][debug][gc,phases      ] GC(177)     Dead                           Min: 0, Avg:  0.0, Max: 0, Diff: 0, Sum: 0, Workers: 4
[1010.882s][debug][gc,phases      ] GC(177)     Total                          Min: 1801, Avg: 1977.5, Max: 2192, Diff: 391, Sum: 7910, Workers: 4
[1010.882s][debug][gc,phases      ] GC(177)   JNI Weak                       Min:  0.0, Avg:  0.0, Max:  0.0, Diff:  0.0, Sum:  0.0, Workers: 4
[1010.882s][debug][gc,phases      ] GC(177)     Dead                           Min: 0, Avg:  0.0, Max: 0, Diff: 0, Sum: 0, Workers: 4
[1010.882s][debug][gc,phases      ] GC(177)     Total                          Min: 0, Avg:  0.0, Max: 0, Diff: 0, Sum: 0, Workers: 4
[1010.882s][debug][gc,phases      ] GC(177)   StringDedup Table Weak         Min:  0.0, Avg:  0.0, Max:  0.0, Diff:  0.0, Sum:  0.0, Workers: 4
[1010.882s][debug][gc,phases      ] GC(177)     Dead                           Min: 0, Avg:  0.0, Max: 0, Diff: 0, Sum: 0, Workers: 4
[1010.882s][debug][gc,phases      ] GC(177)     Total                          Min: 0, Avg:  0.0, Max: 0, Diff: 0, Sum: 0, Workers: 4
[1010.882s][debug][gc,phases      ] GC(177)   StringDedup Requests0 Weak     Min:  0.0, Avg:  0.0, Max:  0.0, Diff:  0.0, Sum:  0.0, Workers: 4
[1010.882s][debug][gc,phases      ] GC(177)     Dead                           Min: 0, Avg:  0.0, Max: 0, Diff: 0, Sum: 0, Workers: 4
[1010.882s][debug][gc,phases      ] GC(177)     Total                          Min: 0, Avg:  0.0, Max: 0, Diff: 0, Sum: 0, Workers: 4
[1010.882s][debug][gc,phases      ] GC(177)   StringDedup Requests1 Weak     Min:  0.0, Avg:  0.0, Max:  0.0, Diff:  0.0, Sum:  0.0, Workers: 4
[1010.882s][debug][gc,phases      ] GC(177)     Dead                           Min: 0, Avg:  0.0, Max: 0, Diff: 0, Sum: 0, Workers: 4
[1010.882s][debug][gc,phases      ] GC(177)     Total                          Min: 0, Avg:  0.0, Max: 0, Diff: 0, Sum: 0, Workers: 4
[1010.882s][debug][gc,phases      ] GC(177)   Weak JFR Old Object Samples    Min:  0.0, Avg:  0.0, Max:  0.0, Diff:  0.0, Sum:  0.0, Workers: 4
[1010.882s][debug][gc,phases      ] GC(177)     Dead                           Min: 0, Avg:  0.0, Max: 0, Diff: 0, Sum: 0, Workers: 4
[1010.882s][debug][gc,phases      ] GC(177)     Total                          Min: 0, Avg:  0.0, Max: 0, Diff: 0, Sum: 0, Workers: 4
[1010.882s][debug][gc,phases      ] GC(177) Weak Processing 0.445ms
[1010.883s][debug][gc,phases      ] GC(177) ClassLoaderData 0.091ms
[1010.883s][debug][gc,phases      ] GC(177) Trigger cleanups 0.001ms
[1010.899s][debug][gc,phases      ] GC(177) Class Unloading 16.393ms
[1010.899s][info ][gc,phases      ] GC(177) Marking Phase 155.625ms
[1010.899s][info ][gc,phases,start] GC(177) Summary Phase
[1010.899s][info ][gc,phases      ] GC(177) Summary Phase 0.021ms
[1010.899s][info ][gc,phases,start] GC(177) Adjust Roots
[1010.911s][info ][gc,phases      ] GC(177) Adjust Roots 11.804ms
[1010.911s][info ][gc,phases,start] GC(177) Compaction Phase
[1011.010s][info ][gc,phases      ] GC(177) Compaction Phase 99.530ms
[1011.010s][info ][gc,phases,start] GC(177) Post Compact
[1011.012s][info ][gc,phases      ] GC(177) Post Compact 1.779ms
[1011.012s][info ][gc,heap        ] GC(177) PSYoungGen: 5621K(2042368K)->0K(2066944K) Eden: 0K(2036736K)->0K(2036736K) From: 5621K(5632K)->0K(30208K)
[1011.012s][info ][gc,heap        ] GC(177) ParOldGen: 623065K(645632K)->504025K(632832K)
[1011.012s][info ][gc,metaspace   ] GC(177) Metaspace: 81792K(82624K)->81792K(82624K) NonClass: 70331K(70784K)->70331K(70784K) Class: 11460K(11840K)->11460K(11840K)
[1011.012s][info ][gc             ] GC(177) Pause Full (Ergonomics) 613M->492M(2636M) 269.001ms
[1011.012s][info ][gc,cpu         ] GC(177) User=0.97s Sys=0.00s Real=0.27s
[1011.012s][info ][safepoint      ] Safepoint "ParallelGCFailedAllocation", Time since last: 930961131 ns, Reaching safepoint: 192603 ns, At safepoint: 291536994 ns, Total: 291729597 ns
[1012.946s][info ][safepoint      ] Safepoint "Cleanup", Time since last: 1933020933 ns, Reaching safepoint: 165502 ns, At safepoint: 13401 ns, Total: 178903 ns
[1012.979s][info ][gc,start       ] GC(178) Pause Young (Allocation Failure)
[1012.982s][debug][gc,phases      ] GC(178) Scavenge 2.731ms
[1012.982s][debug][gc,ref         ] GC(178) Skipped phase 1 of Reference Processing: no references
[1012.982s][debug][gc,ref         ] GC(178) Skipped phase 2 of Reference Processing: no references
[1012.982s][debug][gc,ref         ] GC(178) Skipped phase 3 of Reference Processing: no references
[1012.982s][debug][gc,ref         ] GC(178) ReferenceProcessor::execute queues: 1, RefProcThreadModel::Single, marks_oops_alive: false
[1012.982s][debug][gc,phases      ] GC(178) Reference Processing 0.119ms
[1012.982s][debug][gc,phases      ] GC(178)   VM Weak                        Min:  0.0, Avg:  0.0, Max:  0.0, Diff:  0.0, Sum:  0.0, Workers: 4
[1012.982s][debug][gc,phases      ] GC(178)     Dead                           Min: 0, Avg:  0.0, Max: 0, Diff: 0, Sum: 0, Workers: 4
[1012.982s][debug][gc,phases      ] GC(178)     Total                          Min: 0, Avg: 167.5, Max: 576, Diff: 576, Sum: 670, Workers: 4
[1012.982s][debug][gc,phases      ] GC(178)   ObjectSynchronizer Weak        Min:  0.0, Avg:  0.0, Max:  0.0, Diff:  0.0, Sum:  0.0, Workers: 4
[1012.982s][debug][gc,phases      ] GC(178)     Dead                           Min: 0, Avg:  0.0, Max: 0, Diff: 0, Sum: 0, Workers: 4
[1012.982s][debug][gc,phases      ] GC(178)     Total                          Min: 0, Avg: 90.5, Max: 192, Diff: 192, Sum: 362, Workers: 4
[1012.982s][debug][gc,phases      ] GC(178)   JVMTI Tag Weak OopStorage      Min:  0.0, Avg:  0.0, Max:  0.0, Diff:  0.0, Sum:  0.0, Workers: 4
[1012.982s][debug][gc,phases      ] GC(178)     Dead                           Min: 0, Avg:  0.0, Max: 0, Diff: 0, Sum: 0, Workers: 4
[1012.982s][debug][gc,phases      ] GC(178)     Total                          Min: 0, Avg:  0.0, Max: 0, Diff: 0, Sum: 0, Workers: 4
[1012.982s][debug][gc,phases      ] GC(178)   StringTable Weak               Min:  0.1, Avg:  0.1, Max:  0.1, Diff:  0.0, Sum:  0.4, Workers: 4
[1012.982s][debug][gc,phases      ] GC(178)     Dead                           Min: 0, Avg:  0.0, Max: 0, Diff: 0, Sum: 0, Workers: 4
[1012.982s][debug][gc,phases      ] GC(178)     Total                          Min: 11618, Avg: 12008.5, Max: 12800, Diff: 1182, Sum: 48034, Workers: 4
[1012.982s][debug][gc,phases      ] GC(178)   ResolvedMethodTable Weak       Min:  0.0, Avg:  0.0, Max:  0.0, Diff:  0.0, Sum:  0.1, Workers: 4
[1012.982s][debug][gc,phases      ] GC(178)     Dead                           Min: 0, Avg:  0.0, Max: 0, Diff: 0, Sum: 0, Workers: 4
[1012.982s][debug][gc,phases      ] GC(178)     Total                          Min: 1872, Avg: 1977.5, Max: 2095, Diff: 223, Sum: 7910, Workers: 4
[1012.982s][debug][gc,phases      ] GC(178)   JNI Weak                       Min:  0.0, Avg:  0.0, Max:  0.0, Diff:  0.0, Sum:  0.0, Workers: 4
[1012.982s][debug][gc,phases      ] GC(178)     Dead                           Min: 0, Avg:  0.0, Max: 0, Diff: 0, Sum: 0, Workers: 4
[1012.982s][debug][gc,phases      ] GC(178)     Total                          Min: 0, Avg:  1.0, Max: 4, Diff: 4, Sum: 4, Workers: 4
[1012.982s][debug][gc,phases      ] GC(178)   StringDedup Table Weak         Min:  0.0, Avg:  0.0, Max:  0.0, Diff:  0.0, Sum:  0.0, Workers: 4
[1012.982s][debug][gc,phases      ] GC(178)     Dead                           Min: 0, Avg:  0.0, Max: 0, Diff: 0, Sum: 0, Workers: 4
[1012.982s][debug][gc,phases      ] GC(178)     Total                          Min: 0, Avg:  0.0, Max: 0, Diff: 0, Sum: 0, Workers: 4
[1012.982s][debug][gc,phases      ] GC(178)   StringDedup Requests0 Weak     Min:  0.0, Avg:  0.0, Max:  0.0, Diff:  0.0, Sum:  0.0, Workers: 4
[1012.982s][debug][gc,phases      ] GC(178)     Dead                           Min: 0, Avg:  0.0, Max: 0, Diff: 0, Sum: 0, Workers: 4
[1012.982s][debug][gc,phases      ] GC(178)     Total                          Min: 0, Avg:  0.0, Max: 0, Diff: 0, Sum: 0, Workers: 4
[1012.982s][debug][gc,phases      ] GC(178)   StringDedup Requests1 Weak     Min:  0.0, Avg:  0.0, Max:  0.0, Diff:  0.0, Sum:  0.0, Workers: 4
[1012.982s][debug][gc,phases      ] GC(178)     Dead                           Min: 0, Avg:  0.0, Max: 0, Diff: 0, Sum: 0, Workers: 4
[1012.982s][debug][gc,phases      ] GC(178)     Total                          Min: 0, Avg:  0.0, Max: 0, Diff: 0, Sum: 0, Workers: 4
[1012.982s][debug][gc,phases      ] GC(178)   Weak JFR Old Object Samples    Min:  0.0, Avg:  0.0, Max:  0.0, Diff:  0.0, Sum:  0.0, Workers: 4
[1012.982s][debug][gc,phases      ] GC(178)     Dead                           Min: 0, Avg:  0.0, Max: 0, Diff: 0, Sum: 0, Workers: 4
[1012.982s][debug][gc,phases      ] GC(178)     Total                          Min: 0, Avg:  0.0, Max: 0, Diff: 0, Sum: 0, Workers: 4
[1012.982s][debug][gc,phases      ] GC(178) Weak Processing 0.316ms
[1012.982s][debug][gc,age         ] GC(178) Desired survivor size 29884416 bytes, new threshold 15 (max threshold 15)
[1012.982s][info ][gc,heap        ] GC(178) PSYoungGen: 2036736K(2066944K)->3968K(2067968K) Eden: 2036736K(2036736K)->0K(2037760K) From: 0K(30208K)->3968K(30208K)
[1012.982s][info ][gc,heap        ] GC(178) ParOldGen: 504025K(632832K)->504025K(632832K)
[1012.982s][info ][gc,metaspace   ] GC(178) Metaspace: 81808K(82624K)->81808K(82624K) NonClass: 70347K(70784K)->70347K(70784K) Class: 11461K(11840K)->11461K(11840K)
[1012.982s][info ][gc             ] GC(178) Pause Young (Allocation Failure) 2481M->496M(2637M) 3.293ms
[1012.982s][info ][gc,cpu         ] GC(178) User=0.01s Sys=0.00s Real=0.00s
[1012.982s][info ][safepoint      ] Safepoint "ParallelGCFailedAllocation", Time since last: 33170000 ns, Reaching safepoint: 99601 ns, At safepoint: 3379751 ns, Total: 3479352 ns
[1013.567s][info ][safepoint      ] Safepoint "ICBufferFull", Time since last: 584426708 ns, Reaching safepoint: 161002 ns, At safepoint: 14300 ns, Total: 175302 ns
[1013.848s][info ][safepoint      ] Safepoint "ICBufferFull", Time since last: 281600544 ns, Reaching safepoint: 112902 ns, At safepoint: 7600 ns, Total: 120502 ns
[1013.881s][info ][safepoint      ] Safepoint "ICBufferFull", Time since last: 32494490 ns, Reaching safepoint: 121602 ns, At safepoint: 11300 ns, Total: 132902 ns
[1013.950s][info ][safepoint      ] Safepoint "ICBufferFull", Time since last: 68280229 ns, Reaching safepoint: 123302 ns, At safepoint: 6200 ns, Total: 129502 ns
[1014.366s][info ][gc,start       ] GC(179) Pause Young (Allocation Failure)
[1014.391s][debug][gc,phases      ] GC(179) Scavenge 24.730ms
[1014.391s][debug][gc,ref         ] GC(179) Skipped phase 1 of Reference Processing: no references
[1014.391s][debug][gc,ref         ] GC(179) Skipped phase 2 of Reference Processing: no references
[1014.391s][debug][gc,ref         ] GC(179) Skipped phase 3 of Reference Processing: no references
[1014.391s][debug][gc,ref         ] GC(179) Skipped phase 4 of Reference Processing: no references
[1014.391s][debug][gc,phases      ] GC(179) Reference Processing 0.029ms
[1014.391s][debug][gc,phases      ] GC(179)   VM Weak                        Min:  0.0, Avg:  0.0, Max:  0.0, Diff:  0.0, Sum:  0.0, Workers: 4
[1014.391s][debug][gc,phases      ] GC(179)     Dead                           Min: 0, Avg:  0.0, Max: 0, Diff: 0, Sum: 0, Workers: 4
[1014.391s][debug][gc,phases      ] GC(179)     Total                          Min: 0, Avg: 167.5, Max: 512, Diff: 512, Sum: 670, Workers: 4
[1014.391s][debug][gc,phases      ] GC(179)   ObjectSynchronizer Weak        Min:  0.0, Avg:  0.0, Max:  0.0, Diff:  0.0, Sum:  0.0, Workers: 4
[1014.391s][debug][gc,phases      ] GC(179)     Dead                           Min: 0, Avg:  0.0, Max: 0, Diff: 0, Sum: 0, Workers: 4
[1014.391s][debug][gc,phases      ] GC(179)     Total                          Min: 0, Avg: 90.5, Max: 170, Diff: 170, Sum: 362, Workers: 4
[1014.391s][debug][gc,phases      ] GC(179)   JVMTI Tag Weak OopStorage      Min:  0.0, Avg:  0.0, Max:  0.0, Diff:  0.0, Sum:  0.0, Workers: 4
[1014.391s][debug][gc,phases      ] GC(179)     Dead                           Min: 0, Avg:  0.0, Max: 0, Diff: 0, Sum: 0, Workers: 4
[1014.391s][debug][gc,phases      ] GC(179)     Total                          Min: 0, Avg:  0.0, Max: 0, Diff: 0, Sum: 0, Workers: 4
[1014.391s][debug][gc,phases      ] GC(179)   StringTable Weak               Min:  0.1, Avg:  0.1, Max:  0.1, Diff:  0.0, Sum:  0.5, Workers: 4
[1014.391s][debug][gc,phases      ] GC(179)     Dead                           Min: 0, Avg:  0.0, Max: 0, Diff: 0, Sum: 0, Workers: 4
[1014.391s][debug][gc,phases      ] GC(179)     Total                          Min: 11510, Avg: 12013.5, Max: 13184, Diff: 1674, Sum: 48054, Workers: 4
[1014.391s][debug][gc,phases      ] GC(179)   ResolvedMethodTable Weak       Min:  0.0, Avg:  0.0, Max:  0.0, Diff:  0.0, Sum:  0.1, Workers: 4
[1014.391s][debug][gc,phases      ] GC(179)     Dead                           Min: 0, Avg:  0.0, Max: 0, Diff: 0, Sum: 0, Workers: 4
[1014.391s][debug][gc,phases      ] GC(179)     Total                          Min: 1899, Avg: 1977.5, Max: 2094, Diff: 195, Sum: 7910, Workers: 4
[1014.391s][debug][gc,phases      ] GC(179)   JNI Weak                       Min:  0.0, Avg:  0.0, Max:  0.0, Diff:  0.0, Sum:  0.0, Workers: 4
[1014.391s][debug][gc,phases      ] GC(179)     Dead                           Min: 0, Avg:  0.0, Max: 0, Diff: 0, Sum: 0, Workers: 4
[1014.391s][debug][gc,phases      ] GC(179)     Total                          Min: 0, Avg:  0.0, Max: 0, Diff: 0, Sum: 0, Workers: 4
[1014.391s][debug][gc,phases      ] GC(179)   StringDedup Table Weak         Min:  0.0, Avg:  0.0, Max:  0.0, Diff:  0.0, Sum:  0.0, Workers: 4
[1014.391s][debug][gc,phases      ] GC(179)     Dead                           Min: 0, Avg:  0.0, Max: 0, Diff: 0, Sum: 0, Workers: 4
[1014.391s][debug][gc,phases      ] GC(179)     Total                          Min: 0, Avg:  0.0, Max: 0, Diff: 0, Sum: 0, Workers: 4
[1014.391s][debug][gc,phases      ] GC(179)   StringDedup Requests0 Weak     Min:  0.0, Avg:  0.0, Max:  0.0, Diff:  0.0, Sum:  0.0, Workers: 4
[1014.391s][debug][gc,phases      ] GC(179)     Dead                           Min: 0, Avg:  0.0, Max: 0, Diff: 0, Sum: 0, Workers: 4
[1014.391s][debug][gc,phases      ] GC(179)     Total                          Min: 0, Avg:  0.0, Max: 0, Diff: 0, Sum: 0, Workers: 4
[1014.391s][debug][gc,phases      ] GC(179)   StringDedup Requests1 Weak     Min:  0.0, Avg:  0.0, Max:  0.0, Diff:  0.0, Sum:  0.0, Workers: 4
[1014.391s][debug][gc,phases      ] GC(179)     Dead                           Min: 0, Avg:  0.0, Max: 0, Diff: 0, Sum: 0, Workers: 4
[1014.391s][debug][gc,phases      ] GC(179)     Total                          Min: 0, Avg:  0.0, Max: 0, Diff: 0, Sum: 0, Workers: 4
[1014.391s][debug][gc,phases      ] GC(179)   Weak JFR Old Object Samples    Min:  0.0, Avg:  0.0, Max:  0.0, Diff:  0.0, Sum:  0.0, Workers: 4
[1014.391s][debug][gc,phases      ] GC(179)     Dead                           Min: 0, Avg:  0.0, Max: 0, Diff: 0, Sum: 0, Workers: 4
[1014.391s][debug][gc,phases      ] GC(179)     Total                          Min: 0, Avg:  0.0, Max: 0, Diff: 0, Sum: 0, Workers: 4
[1014.391s][debug][gc,phases      ] GC(179) Weak Processing 0.348ms
[1014.391s][debug][gc,age         ] GC(179) Desired survivor size 52953088 bytes, new threshold 14 (max threshold 15)
[1014.391s][info ][gc,heap        ] GC(179) PSYoungGen: 2041728K(2067968K)->29184K(2066944K) Eden: 2037760K(2037760K)->0K(2037760K) From: 3968K(30208K)->29184K(29184K)
[1014.391s][info ][gc,heap        ] GC(179) ParOldGen: 504025K(632832K)->549714K(632832K)
[1014.391s][info ][gc,metaspace   ] GC(179) Metaspace: 81821K(82624K)->81821K(82624K) NonClass: 70360K(70784K)->70360K(70784K) Class: 11461K(11840K)->11461K(11840K)
[1014.391s][info ][gc             ] GC(179) Pause Young (Allocation Failure) 2486M->565M(2636M) 25.255ms
[1014.391s][info ][gc,cpu         ] GC(179) User=0.10s Sys=0.00s Real=0.02s
[1014.391s][info ][safepoint      ] Safepoint "ParallelGCFailedAllocation", Time since last: 416133171 ns, Reaching safepoint: 133002 ns, At safepoint: 25365883 ns, Total: 25498885 ns
[1015.391s][info ][safepoint      ] Safepoint "Cleanup", Time since last: 1000046471 ns, Reaching safepoint: 116301 ns, At safepoint: 8501 ns, Total: 124802 ns
[1016.218s][info ][gc,start       ] GC(180) Pause Young (Allocation Failure)
[1016.228s][debug][gc,phases      ] GC(180) Scavenge 10.053ms
[1016.228s][debug][gc,ref         ] GC(180) Skipped phase 1 of Reference Processing: no references
[1016.228s][debug][gc,ref         ] GC(180) ReferenceProcessor::execute queues: 1, RefProcThreadModel::Single, marks_oops_alive: false
[1016.228s][debug][gc,ref         ] GC(180) Skipped phase 3 of Reference Processing: no references
[1016.228s][debug][gc,ref         ] GC(180) Skipped phase 4 of Reference Processing: no references
[1016.228s][debug][gc,phases      ] GC(180) Reference Processing 0.155ms
[1016.228s][debug][gc,phases      ] GC(180)   VM Weak                        Min:  0.0, Avg:  0.0, Max:  0.0, Diff:  0.0, Sum:  0.0, Workers: 4
[1016.228s][debug][gc,phases      ] GC(180)     Dead                           Min: 0, Avg:  0.0, Max: 0, Diff: 0, Sum: 0, Workers: 4
[1016.228s][debug][gc,phases      ] GC(180)     Total                          Min: 0, Avg: 167.5, Max: 640, Diff: 640, Sum: 670, Workers: 4
[1016.228s][debug][gc,phases      ] GC(180)   ObjectSynchronizer Weak        Min:  0.0, Avg:  0.0, Max:  0.0, Diff:  0.0, Sum:  0.0, Workers: 4
[1016.228s][debug][gc,phases      ] GC(180)     Dead                           Min: 0, Avg:  0.0, Max: 0, Diff: 0, Sum: 0, Workers: 4
[1016.228s][debug][gc,phases      ] GC(180)     Total                          Min: 0, Avg: 90.5, Max: 128, Diff: 128, Sum: 362, Workers: 4
[1016.229s][debug][gc,phases      ] GC(180)   JVMTI Tag Weak OopStorage      Min:  0.0, Avg:  0.0, Max:  0.0, Diff:  0.0, Sum:  0.0, Workers: 4
[1016.229s][debug][gc,phases      ] GC(180)     Dead                           Min: 0, Avg:  0.0, Max: 0, Diff: 0, Sum: 0, Workers: 4
[1016.229s][debug][gc,phases      ] GC(180)     Total                          Min: 0, Avg:  0.0, Max: 0, Diff: 0, Sum: 0, Workers: 4
[1016.229s][debug][gc,phases      ] GC(180)   StringTable Weak               Min:  0.1, Avg:  0.1, Max:  0.1, Diff:  0.0, Sum:  0.4, Workers: 4
[1016.229s][debug][gc,phases      ] GC(180)     Dead                           Min: 0, Avg:  0.0, Max: 0, Diff: 0, Sum: 0, Workers: 4
[1016.229s][debug][gc,phases      ] GC(180)     Total                          Min: 11638, Avg: 12013.5, Max: 12480, Diff: 842, Sum: 48054, Workers: 4
[1016.229s][debug][gc,phases      ] GC(180)   ResolvedMethodTable Weak       Min:  0.0, Avg:  0.0, Max:  0.0, Diff:  0.0, Sum:  0.1, Workers: 4
[1016.229s][debug][gc,phases      ] GC(180)     Dead                           Min: 0, Avg:  0.0, Max: 0, Diff: 0, Sum: 0, Workers: 4
[1016.229s][debug][gc,phases      ] GC(180)     Total                          Min: 1846, Avg: 1977.5, Max: 2133, Diff: 287, Sum: 7910, Workers: 4
[1016.229s][debug][gc,phases      ] GC(180)   JNI Weak                       Min:  0.0, Avg:  0.0, Max:  0.0, Diff:  0.0, Sum:  0.0, Workers: 4
[1016.229s][debug][gc,phases      ] GC(180)     Dead                           Min: 0, Avg:  0.0, Max: 0, Diff: 0, Sum: 0, Workers: 4
[1016.229s][debug][gc,phases      ] GC(180)     Total                          Min: 0, Avg:  0.0, Max: 0, Diff: 0, Sum: 0, Workers: 4
[1016.229s][debug][gc,phases      ] GC(180)   StringDedup Table Weak         Min:  0.0, Avg:  0.0, Max:  0.0, Diff:  0.0, Sum:  0.0, Workers: 4
[1016.229s][debug][gc,phases      ] GC(180)     Dead                           Min: 0, Avg:  0.0, Max: 0, Diff: 0, Sum: 0, Workers: 4
[1016.229s][debug][gc,phases      ] GC(180)     Total                          Min: 0, Avg:  0.0, Max: 0, Diff: 0, Sum: 0, Workers: 4
[1016.229s][debug][gc,phases      ] GC(180)   StringDedup Requests0 Weak     Min:  0.0, Avg:  0.0, Max:  0.0, Diff:  0.0, Sum:  0.0, Workers: 4
[1016.229s][debug][gc,phases      ] GC(180)     Dead                           Min: 0, Avg:  0.0, Max: 0, Diff: 0, Sum: 0, Workers: 4
[1016.229s][debug][gc,phases      ] GC(180)     Total                          Min: 0, Avg:  0.0, Max: 0, Diff: 0, Sum: 0, Workers: 4
[1016.229s][debug][gc,phases      ] GC(180)   StringDedup Requests1 Weak     Min:  0.0, Avg:  0.0, Max:  0.0, Diff:  0.0, Sum:  0.0, Workers: 4
[1016.229s][debug][gc,phases      ] GC(180)     Dead                           Min: 0, Avg:  0.0, Max: 0, Diff: 0, Sum: 0, Workers: 4
[1016.229s][debug][gc,phases      ] GC(180)     Total                          Min: 0, Avg:  0.0, Max: 0, Diff: 0, Sum: 0, Workers: 4
[1016.229s][debug][gc,phases      ] GC(180)   Weak JFR Old Object Samples    Min:  0.0, Avg:  0.0, Max:  0.0, Diff:  0.0, Sum:  0.0, Workers: 4
[1016.229s][debug][gc,phases      ] GC(180)     Dead                           Min: 0, Avg:  0.0, Max: 0, Diff: 0, Sum: 0, Workers: 4
[1016.229s][debug][gc,phases      ] GC(180)     Total                          Min: 0, Avg:  0.0, Max: 0, Diff: 0, Sum: 0, Workers: 4
[1016.229s][debug][gc,phases      ] GC(180) Weak Processing 0.360ms
[1016.229s][debug][gc,age         ] GC(180) Desired survivor size 57147392 bytes, new threshold 13 (max threshold 15)
[1016.229s][info ][gc,heap        ] GC(180) PSYoungGen: 2066944K(2066944K)->30208K(2015744K) Eden: 2037760K(2037760K)->0K(1985536K) From: 29184K(29184K)->30208K(30208K)
[1016.229s][info ][gc,heap        ] GC(180) ParOldGen: 549714K(632832K)->555722K(632832K)
[1016.229s][info ][gc,metaspace   ] GC(180) Metaspace: 81821K(82624K)->81821K(82624K) NonClass: 70360K(70784K)->70360K(70784K) Class: 11461K(11840K)->11461K(11840K)
[1016.229s][info ][gc             ] GC(180) Pause Young (Allocation Failure) 2555M->572M(2586M) 10.720ms
[1016.229s][info ][gc,cpu         ] GC(180) User=0.04s Sys=0.00s Real=0.01s
[1016.229s][info ][safepoint      ] Safepoint "ParallelGCFailedAllocation", Time since last: 826544056 ns, Reaching safepoint: 47400 ns, At safepoint: 10824164 ns, Total: 10871564 ns
[1018.030s][info ][safepoint      ] Safepoint "Cleanup", Time since last: 1801172843 ns, Reaching safepoint: 102901 ns, At safepoint: 31201 ns, Total: 134102 ns
[1020.030s][info ][safepoint      ] Safepoint "Cleanup", Time since last: 2000168841 ns, Reaching safepoint: 55301 ns, At safepoint: 4600 ns, Total: 59901 ns
[1021.030s][info ][safepoint      ] Safepoint "Cleanup", Time since last: 1000080970 ns, Reaching safepoint: 64401 ns, At safepoint: 11300 ns, Total: 75701 ns
[1022.031s][info ][safepoint      ] Safepoint "Cleanup", Time since last: 1000121770 ns, Reaching safepoint: 50801 ns, At safepoint: 3900 ns, Total: 54701 ns
[1022.569s][info ][gc,start       ] GC(181) Pause Young (Allocation Failure)
[1022.577s][debug][gc,phases      ] GC(181) Scavenge 8.258ms
[1022.577s][debug][gc,ref         ] GC(181) Skipped phase 1 of Reference Processing: no references
[1022.577s][debug][gc,ref         ] GC(181) Skipped phase 2 of Reference Processing: no references
[1022.577s][debug][gc,ref         ] GC(181) Skipped phase 3 of Reference Processing: no references
[1022.577s][debug][gc,ref         ] GC(181) Skipped phase 4 of Reference Processing: no references
[1022.577s][debug][gc,phases      ] GC(181) Reference Processing 0.028ms
[1022.577s][debug][gc,phases      ] GC(181)   VM Weak                        Min:  0.0, Avg:  0.0, Max:  0.0, Diff:  0.0, Sum:  0.0, Workers: 4
[1022.577s][debug][gc,phases      ] GC(181)     Dead                           Min: 0, Avg:  0.0, Max: 0, Diff: 0, Sum: 0, Workers: 4
[1022.577s][debug][gc,phases      ] GC(181)     Total                          Min: 0, Avg: 167.5, Max: 576, Diff: 576, Sum: 670, Workers: 4
[1022.577s][debug][gc,phases      ] GC(181)   ObjectSynchronizer Weak        Min:  0.0, Avg:  0.0, Max:  0.0, Diff:  0.0, Sum:  0.0, Workers: 4
[1022.577s][debug][gc,phases      ] GC(181)     Dead                           Min: 0, Avg:  0.0, Max: 0, Diff: 0, Sum: 0, Workers: 4
[1022.577s][debug][gc,phases      ] GC(181)     Total                          Min: 0, Avg: 90.5, Max: 192, Diff: 192, Sum: 362, Workers: 4
[1022.577s][debug][gc,phases      ] GC(181)   JVMTI Tag Weak OopStorage      Min:  0.0, Avg:  0.0, Max:  0.0, Diff:  0.0, Sum:  0.0, Workers: 4
[1022.577s][debug][gc,phases      ] GC(181)     Dead                           Min: 0, Avg:  0.0, Max: 0, Diff: 0, Sum: 0, Workers: 4
[1022.577s][debug][gc,phases      ] GC(181)     Total                          Min: 0, Avg:  0.0, Max: 0, Diff: 0, Sum: 0, Workers: 4
[1022.577s][debug][gc,phases      ] GC(181)   StringTable Weak               Min:  0.1, Avg:  0.1, Max:  0.1, Diff:  0.0, Sum:  0.4, Workers: 4
[1022.577s][debug][gc,phases      ] GC(181)     Dead                           Min: 0, Avg:  0.0, Max: 0, Diff: 0, Sum: 0, Workers: 4
[1022.577s][debug][gc,phases      ] GC(181)     Total                          Min: 10678, Avg: 12013.5, Max: 13376, Diff: 2698, Sum: 48054, Workers: 4
[1022.577s][debug][gc,phases      ] GC(181)   ResolvedMethodTable Weak       Min:  0.0, Avg:  0.0, Max:  0.0, Diff:  0.0, Sum:  0.1, Workers: 4
[1022.577s][debug][gc,phases      ] GC(181)     Dead                           Min: 0, Avg:  0.0, Max: 0, Diff: 0, Sum: 0, Workers: 4
[1022.577s][debug][gc,phases      ] GC(181)     Total                          Min: 1818, Avg: 1977.5, Max: 2140, Diff: 322, Sum: 7910, Workers: 4
[1022.577s][debug][gc,phases      ] GC(181)   JNI Weak                       Min:  0.0, Avg:  0.0, Max:  0.0, Diff:  0.0, Sum:  0.0, Workers: 4
[1022.577s][debug][gc,phases      ] GC(181)     Dead                           Min: 0, Avg:  0.0, Max: 0, Diff: 0, Sum: 0, Workers: 4
[1022.577s][debug][gc,phases      ] GC(181)     Total                          Min: 0, Avg:  0.0, Max: 0, Diff: 0, Sum: 0, Workers: 4
[1022.577s][debug][gc,phases      ] GC(181)   StringDedup Table Weak         Min:  0.0, Avg:  0.0, Max:  0.0, Diff:  0.0, Sum:  0.0, Workers: 4
[1022.577s][debug][gc,phases      ] GC(181)     Dead                           Min: 0, Avg:  0.0, Max: 0, Diff: 0, Sum: 0, Workers: 4
[1022.577s][debug][gc,phases      ] GC(181)     Total                          Min: 0, Avg:  0.0, Max: 0, Diff: 0, Sum: 0, Workers: 4
[1022.577s][debug][gc,phases      ] GC(181)   StringDedup Requests0 Weak     Min:  0.0, Avg:  0.0, Max:  0.0, Diff:  0.0, Sum:  0.0, Workers: 4
[1022.577s][debug][gc,phases      ] GC(181)     Dead                           Min: 0, Avg:  0.0, Max: 0, Diff: 0, Sum: 0, Workers: 4
[1022.577s][debug][gc,phases      ] GC(181)     Total                          Min: 0, Avg:  0.0, Max: 0, Diff: 0, Sum: 0, Workers: 4
[1022.577s][debug][gc,phases      ] GC(181)   StringDedup Requests1 Weak     Min:  0.0, Avg:  0.0, Max:  0.0, Diff:  0.0, Sum:  0.0, Workers: 4
[1022.577s][debug][gc,phases      ] GC(181)     Dead                           Min: 0, Avg:  0.0, Max: 0, Diff: 0, Sum: 0, Workers: 4
[1022.577s][debug][gc,phases      ] GC(181)     Total                          Min: 0, Avg:  0.0, Max: 0, Diff: 0, Sum: 0, Workers: 4
[1022.577s][debug][gc,phases      ] GC(181)   Weak JFR Old Object Samples    Min:  0.0, Avg:  0.0, Max:  0.0, Diff:  0.0, Sum:  0.0, Workers: 4
[1022.577s][debug][gc,phases      ] GC(181)     Dead                           Min: 0, Avg:  0.0, Max: 0, Diff: 0, Sum: 0, Workers: 4
[1022.577s][debug][gc,phases      ] GC(181)     Total                          Min: 0, Avg:  0.0, Max: 0, Diff: 0, Sum: 0, Workers: 4
[1022.577s][debug][gc,phases      ] GC(181) Weak Processing 0.337ms
[1022.577s][debug][gc,age         ] GC(181) Desired survivor size 58720256 bytes, new threshold 14 (max threshold 15)
[1022.577s][info ][gc,heap        ] GC(181) PSYoungGen: 2015744K(2015744K)->32368K(2018304K) Eden: 1985536K(1985536K)->0K(1985536K) From: 30208K(30208K)->32368K(32768K)
[1022.578s][info ][gc,heap        ] GC(181) ParOldGen: 555722K(632832K)->555722K(632832K)
[1022.578s][info ][gc,metaspace   ] GC(181) Metaspace: 81826K(82624K)->81826K(82624K) NonClass: 70365K(70784K)->70365K(70784K) Class: 11461K(11840K)->11461K(11840K)
[1022.578s][info ][gc             ] GC(181) Pause Young (Allocation Failure) 2511M->574M(2589M) 8.767ms
[1022.578s][info ][gc,cpu         ] GC(181) User=0.03s Sys=0.00s Real=0.01s
[1022.578s][info ][safepoint      ] Safepoint "ParallelGCFailedAllocation", Time since last: 538049008 ns, Reaching safepoint: 33900 ns, At safepoint: 8853434 ns, Total: 8887334 ns
[1023.578s][info ][safepoint      ] Safepoint "Cleanup", Time since last: 1000090369 ns, Reaching safepoint: 46501 ns, At safepoint: 7900 ns, Total: 54401 ns
[1025.578s][info ][safepoint      ] Safepoint "Cleanup", Time since last: 2000169038 ns, Reaching safepoint: 55101 ns, At safepoint: 13100 ns, Total: 68201 ns
[1029.578s][info ][safepoint      ] Safepoint "Cleanup", Time since last: 4000334372 ns, Reaching safepoint: 57001 ns, At safepoint: 5300 ns, Total: 62301 ns
[1033.579s][info ][safepoint      ] Safepoint "Cleanup", Time since last: 4000333268 ns, Reaching safepoint: 53001 ns, At safepoint: 6100 ns, Total: 59101 ns
[1034.579s][info ][safepoint      ] Safepoint "Cleanup", Time since last: 1000115667 ns, Reaching safepoint: 66101 ns, At safepoint: 10100 ns, Total: 76201 ns
[1035.070s][info ][gc,start       ] GC(182) Pause Young (Allocation Failure)
[1035.078s][debug][gc,phases      ] GC(182) Scavenge 8.293ms
[1035.078s][debug][gc,ref         ] GC(182) Skipped phase 1 of Reference Processing: no references
[1035.078s][debug][gc,ref         ] GC(182) Skipped phase 2 of Reference Processing: no references
[1035.078s][debug][gc,ref         ] GC(182) Skipped phase 3 of Reference Processing: no references
[1035.078s][debug][gc,ref         ] GC(182) Skipped phase 4 of Reference Processing: no references
[1035.078s][debug][gc,phases      ] GC(182) Reference Processing 0.028ms
[1035.079s][debug][gc,phases      ] GC(182)   VM Weak                        Min:  0.0, Avg:  0.0, Max:  0.0, Diff:  0.0, Sum:  0.0, Workers: 4
[1035.079s][debug][gc,phases      ] GC(182)     Dead                           Min: 0, Avg:  0.0, Max: 0, Diff: 0, Sum: 0, Workers: 4
[1035.079s][debug][gc,phases      ] GC(182)     Total                          Min: 0, Avg: 167.5, Max: 414, Diff: 414, Sum: 670, Workers: 4
[1035.079s][debug][gc,phases      ] GC(182)   ObjectSynchronizer Weak        Min:  0.0, Avg:  0.0, Max:  0.0, Diff:  0.0, Sum:  0.0, Workers: 4
[1035.079s][debug][gc,phases      ] GC(182)     Dead                           Min: 0, Avg:  0.0, Max: 0, Diff: 0, Sum: 0, Workers: 4
[1035.079s][debug][gc,phases      ] GC(182)     Total                          Min: 0, Avg: 90.5, Max: 192, Diff: 192, Sum: 362, Workers: 4
[1035.079s][debug][gc,phases      ] GC(182)   JVMTI Tag Weak OopStorage      Min:  0.0, Avg:  0.0, Max:  0.0, Diff:  0.0, Sum:  0.0, Workers: 4
[1035.079s][debug][gc,phases      ] GC(182)     Dead                           Min: 0, Avg:  0.0, Max: 0, Diff: 0, Sum: 0, Workers: 4
[1035.079s][debug][gc,phases      ] GC(182)     Total                          Min: 0, Avg:  0.0, Max: 0, Diff: 0, Sum: 0, Workers: 4
[1035.079s][debug][gc,phases      ] GC(182)   StringTable Weak               Min:  0.1, Avg:  0.1, Max:  0.1, Diff:  0.0, Sum:  0.4, Workers: 4
[1035.079s][debug][gc,phases      ] GC(182)     Dead                           Min: 0, Avg:  0.0, Max: 0, Diff: 0, Sum: 0, Workers: 4
[1035.079s][debug][gc,phases      ] GC(182)     Total                          Min: 11712, Avg: 12013.5, Max: 12608, Diff: 896, Sum: 48054, Workers: 4
[1035.079s][debug][gc,phases      ] GC(182)   ResolvedMethodTable Weak       Min:  0.0, Avg:  0.0, Max:  0.0, Diff:  0.0, Sum:  0.1, Workers: 4
[1035.079s][debug][gc,phases      ] GC(182)     Dead                           Min: 0, Avg:  0.0, Max: 0, Diff: 0, Sum: 0, Workers: 4
[1035.079s][debug][gc,phases      ] GC(182)     Total                          Min: 1859, Avg: 1977.5, Max: 2247, Diff: 388, Sum: 7910, Workers: 4
[1035.079s][debug][gc,phases      ] GC(182)   JNI Weak                       Min:  0.0, Avg:  0.0, Max:  0.0, Diff:  0.0, Sum:  0.0, Workers: 4
[1035.079s][debug][gc,phases      ] GC(182)     Dead                           Min: 0, Avg:  0.0, Max: 0, Diff: 0, Sum: 0, Workers: 4
[1035.079s][debug][gc,phases      ] GC(182)     Total                          Min: 0, Avg:  0.0, Max: 0, Diff: 0, Sum: 0, Workers: 4
[1035.079s][debug][gc,phases      ] GC(182)   StringDedup Table Weak         Min:  0.0, Avg:  0.0, Max:  0.0, Diff:  0.0, Sum:  0.0, Workers: 4
[1035.079s][debug][gc,phases      ] GC(182)     Dead                           Min: 0, Avg:  0.0, Max: 0, Diff: 0, Sum: 0, Workers: 4
[1035.079s][debug][gc,phases      ] GC(182)     Total                          Min: 0, Avg:  0.0, Max: 0, Diff: 0, Sum: 0, Workers: 4
[1035.079s][debug][gc,phases      ] GC(182)   StringDedup Requests0 Weak     Min:  0.0, Avg:  0.0, Max:  0.0, Diff:  0.0, Sum:  0.0, Workers: 4
[1035.079s][debug][gc,phases      ] GC(182)     Dead                           Min: 0, Avg:  0.0, Max: 0, Diff: 0, Sum: 0, Workers: 4
[1035.079s][debug][gc,phases      ] GC(182)     Total                          Min: 0, Avg:  0.0, Max: 0, Diff: 0, Sum: 0, Workers: 4
[1035.079s][debug][gc,phases      ] GC(182)   StringDedup Requests1 Weak     Min:  0.0, Avg:  0.0, Max:  0.0, Diff:  0.0, Sum:  0.0, Workers: 4
[1035.079s][debug][gc,phases      ] GC(182)     Dead                           Min: 0, Avg:  0.0, Max: 0, Diff: 0, Sum: 0, Workers: 4
[1035.079s][debug][gc,phases      ] GC(182)     Total                          Min: 0, Avg:  0.0, Max: 0, Diff: 0, Sum: 0, Workers: 4
[1035.079s][debug][gc,phases      ] GC(182)   Weak JFR Old Object Samples    Min:  0.0, Avg:  0.0, Max:  0.0, Diff:  0.0, Sum:  0.0, Workers: 4
[1035.079s][debug][gc,phases      ] GC(182)     Dead                           Min: 0, Avg:  0.0, Max: 0, Diff: 0, Sum: 0, Workers: 4
[1035.079s][debug][gc,phases      ] GC(182)     Total                          Min: 0, Avg:  0.0, Max: 0, Diff: 0, Sum: 0, Workers: 4
[1035.079s][debug][gc,phases      ] GC(182) Weak Processing 0.347ms
[1035.079s][debug][gc,age         ] GC(182) Desired survivor size 59768832 bytes, new threshold 15 (max threshold 15)
[1035.079s][info ][gc,heap        ] GC(182) PSYoungGen: 2017904K(2018304K)->32368K(2037760K) Eden: 1985536K(1985536K)->0K(1980416K) From: 32368K(32768K)->32368K(57344K)
[1035.079s][info ][gc,heap        ] GC(182) ParOldGen: 555722K(632832K)->555722K(632832K)
[1035.079s][info ][gc,metaspace   ] GC(182) Metaspace: 81826K(82624K)->81826K(82624K) NonClass: 70365K(70784K)->70365K(70784K) Class: 11461K(11840K)->11461K(11840K)
[1035.079s][info ][gc             ] GC(182) Pause Young (Allocation Failure) 2513M->574M(2608M) 8.806ms
[1035.079s][info ][gc,cpu         ] GC(182) User=0.03s Sys=0.00s Real=0.01s
[1035.079s][info ][safepoint      ] Safepoint "ParallelGCFailedAllocation", Time since last: 491041797 ns, Reaching safepoint: 31501 ns, At safepoint: 8886534 ns, Total: 8918035 ns
[1038.079s][info ][safepoint      ] Safepoint "Cleanup", Time since last: 3000223196 ns, Reaching safepoint: 61701 ns, At safepoint: 7600 ns, Total: 69301 ns
[1040.079s][info ][safepoint      ] Safepoint "Cleanup", Time since last: 2000169130 ns, Reaching safepoint: 53601 ns, At safepoint: 7100 ns, Total: 60701 ns
[1041.080s][info ][safepoint      ] Safepoint "Cleanup", Time since last: 1000109065 ns, Reaching safepoint: 44801 ns, At safepoint: 3700 ns, Total: 48501 ns
[1043.080s][info ][safepoint      ] Safepoint "Cleanup", Time since last: 2000181028 ns, Reaching safepoint: 45601 ns, At safepoint: 4400 ns, Total: 50001 ns
[1046.080s][info ][safepoint      ] Safepoint "Cleanup", Time since last: 3000238890 ns, Reaching safepoint: 55201 ns, At safepoint: 3100 ns, Total: 58301 ns
[1047.821s][info ][gc,start       ] GC(183) Pause Young (Allocation Failure)
[1047.828s][debug][gc,phases      ] GC(183) Scavenge 7.108ms
[1047.828s][debug][gc,ref         ] GC(183) Skipped phase 1 of Reference Processing: no references
[1047.828s][debug][gc,ref         ] GC(183) Skipped phase 2 of Reference Processing: no references
[1047.828s][debug][gc,ref         ] GC(183) Skipped phase 3 of Reference Processing: no references
[1047.828s][debug][gc,ref         ] GC(183) Skipped phase 4 of Reference Processing: no references
[1047.828s][debug][gc,phases      ] GC(183) Reference Processing 0.029ms
[1047.828s][debug][gc,phases      ] GC(183)   VM Weak                        Min:  0.0, Avg:  0.0, Max:  0.0, Diff:  0.0, Sum:  0.0, Workers: 4
[1047.828s][debug][gc,phases      ] GC(183)     Dead                           Min: 0, Avg:  0.0, Max: 0, Diff: 0, Sum: 0, Workers: 4
[1047.828s][debug][gc,phases      ] GC(183)     Total                          Min: 0, Avg: 167.5, Max: 384, Diff: 384, Sum: 670, Workers: 4
[1047.828s][debug][gc,phases      ] GC(183)   ObjectSynchronizer Weak        Min:  0.0, Avg:  0.0, Max:  0.0, Diff:  0.0, Sum:  0.0, Workers: 4
[1047.828s][debug][gc,phases      ] GC(183)     Dead                           Min: 0, Avg:  0.0, Max: 0, Diff: 0, Sum: 0, Workers: 4
[1047.828s][debug][gc,phases      ] GC(183)     Total                          Min: 0, Avg: 90.5, Max: 192, Diff: 192, Sum: 362, Workers: 4
[1047.828s][debug][gc,phases      ] GC(183)   JVMTI Tag Weak OopStorage      Min:  0.0, Avg:  0.0, Max:  0.0, Diff:  0.0, Sum:  0.0, Workers: 4
[1047.828s][debug][gc,phases      ] GC(183)     Dead                           Min: 0, Avg:  0.0, Max: 0, Diff: 0, Sum: 0, Workers: 4
[1047.828s][debug][gc,phases      ] GC(183)     Total                          Min: 0, Avg:  0.0, Max: 0, Diff: 0, Sum: 0, Workers: 4
[1047.828s][debug][gc,phases      ] GC(183)   StringTable Weak               Min:  0.1, Avg:  0.1, Max:  0.1, Diff:  0.0, Sum:  0.4, Workers: 4
[1047.828s][debug][gc,phases      ] GC(183)     Dead                           Min: 0, Avg:  0.0, Max: 0, Diff: 0, Sum: 0, Workers: 4
[1047.828s][debug][gc,phases      ] GC(183)     Total                          Min: 11328, Avg: 12013.5, Max: 12928, Diff: 1600, Sum: 48054, Workers: 4
[1047.828s][debug][gc,phases      ] GC(183)   ResolvedMethodTable Weak       Min:  0.0, Avg:  0.0, Max:  0.0, Diff:  0.0, Sum:  0.1, Workers: 4
[1047.828s][debug][gc,phases      ] GC(183)     Dead                           Min: 0, Avg:  0.0, Max: 0, Diff: 0, Sum: 0, Workers: 4
[1047.828s][debug][gc,phases      ] GC(183)     Total                          Min: 1754, Avg: 1977.5, Max: 2148, Diff: 394, Sum: 7910, Workers: 4
[1047.828s][debug][gc,phases      ] GC(183)   JNI Weak                       Min:  0.0, Avg:  0.0, Max:  0.0, Diff:  0.0, Sum:  0.0, Workers: 4
[1047.828s][debug][gc,phases      ] GC(183)     Dead                           Min: 0, Avg:  0.0, Max: 0, Diff: 0, Sum: 0, Workers: 4
[1047.828s][debug][gc,phases      ] GC(183)     Total                          Min: 0, Avg:  0.0, Max: 0, Diff: 0, Sum: 0, Workers: 4
[1047.828s][debug][gc,phases      ] GC(183)   StringDedup Table Weak         Min:  0.0, Avg:  0.0, Max:  0.0, Diff:  0.0, Sum:  0.0, Workers: 4
[1047.828s][debug][gc,phases      ] GC(183)     Dead                           Min: 0, Avg:  0.0, Max: 0, Diff: 0, Sum: 0, Workers: 4
[1047.828s][debug][gc,phases      ] GC(183)     Total                          Min: 0, Avg:  0.0, Max: 0, Diff: 0, Sum: 0, Workers: 4
[1047.828s][debug][gc,phases      ] GC(183)   StringDedup Requests0 Weak     Min:  0.0, Avg:  0.0, Max:  0.0, Diff:  0.0, Sum:  0.0, Workers: 4
[1047.828s][debug][gc,phases      ] GC(183)     Dead                           Min: 0, Avg:  0.0, Max: 0, Diff: 0, Sum: 0, Workers: 4
[1047.828s][debug][gc,phases      ] GC(183)     Total                          Min: 0, Avg:  0.0, Max: 0, Diff: 0, Sum: 0, Workers: 4
[1047.828s][debug][gc,phases      ] GC(183)   StringDedup Requests1 Weak     Min:  0.0, Avg:  0.0, Max:  0.0, Diff:  0.0, Sum:  0.0, Workers: 4
[1047.828s][debug][gc,phases      ] GC(183)     Dead                           Min: 0, Avg:  0.0, Max: 0, Diff: 0, Sum: 0, Workers: 4
[1047.828s][debug][gc,phases      ] GC(183)     Total                          Min: 0, Avg:  0.0, Max: 0, Diff: 0, Sum: 0, Workers: 4
[1047.828s][debug][gc,phases      ] GC(183)   Weak JFR Old Object Samples    Min:  0.0, Avg:  0.0, Max:  0.0, Diff:  0.0, Sum:  0.0, Workers: 4
[1047.828s][debug][gc,phases      ] GC(183)     Dead                           Min: 0, Avg:  0.0, Max: 0, Diff: 0, Sum: 0, Workers: 4
[1047.828s][debug][gc,phases      ] GC(183)     Total                          Min: 0, Avg:  0.0, Max: 0, Diff: 0, Sum: 0, Workers: 4
[1047.828s][debug][gc,phases      ] GC(183) Weak Processing 0.350ms
[1047.828s][debug][gc,age         ] GC(183) Desired survivor size 60293120 bytes, new threshold 15 (max threshold 15)
[1047.828s][info ][gc,heap        ] GC(183) PSYoungGen: 2012784K(2037760K)->32368K(2013184K) Eden: 1980416K(1980416K)->0K(1980416K) From: 32368K(57344K)->32368K(32768K)
[1047.828s][info ][gc,heap        ] GC(183) ParOldGen: 555722K(632832K)->555722K(632832K)
[1047.828s][info ][gc,metaspace   ] GC(183) Metaspace: 81828K(82624K)->81828K(82624K) NonClass: 70367K(70784K)->70367K(70784K) Class: 11461K(11840K)->11461K(11840K)
[1047.828s][info ][gc             ] GC(183) Pause Young (Allocation Failure) 2508M->574M(2584M) 7.641ms
[1047.828s][info ][gc,cpu         ] GC(183) User=0.03s Sys=0.00s Real=0.01s
[1047.828s][info ][safepoint      ] Safepoint "ParallelGCFailedAllocation", Time since last: 1740465514 ns, Reaching safepoint: 43601 ns, At safepoint: 7723916 ns, Total: 7767517 ns
[1051.829s][info ][safepoint      ] Safepoint "Cleanup", Time since last: 4000274447 ns, Reaching safepoint: 29901 ns, At safepoint: 31300 ns, Total: 61201 ns
[1053.829s][info ][safepoint      ] Safepoint "Cleanup", Time since last: 2000174223 ns, Reaching safepoint: 41200 ns, At safepoint: 4600 ns, Total: 45800 ns
[1056.829s][info ][safepoint      ] Safepoint "Cleanup", Time since last: 3000246282 ns, Reaching safepoint: 65601 ns, At safepoint: 12100 ns, Total: 77701 ns
[1060.420s][info ][gc,start       ] GC(184) Pause Young (Allocation Failure)
[1060.429s][debug][gc,phases      ] GC(184) Scavenge 8.103ms
[1060.429s][debug][gc,ref         ] GC(184) Skipped phase 1 of Reference Processing: no references
[1060.429s][debug][gc,ref         ] GC(184) Skipped phase 2 of Reference Processing: no references
[1060.429s][debug][gc,ref         ] GC(184) Skipped phase 3 of Reference Processing: no references
[1060.429s][debug][gc,ref         ] GC(184) Skipped phase 4 of Reference Processing: no references
[1060.429s][debug][gc,phases      ] GC(184) Reference Processing 0.029ms
[1060.429s][debug][gc,phases      ] GC(184)   VM Weak                        Min:  0.0, Avg:  0.0, Max:  0.0, Diff:  0.0, Sum:  0.0, Workers: 4
[1060.429s][debug][gc,phases      ] GC(184)     Dead                           Min: 0, Avg:  0.0, Max: 0, Diff: 0, Sum: 0, Workers: 4
[1060.429s][debug][gc,phases      ] GC(184)     Total                          Min: 0, Avg: 167.5, Max: 670, Diff: 670, Sum: 670, Workers: 4
[1060.429s][debug][gc,phases      ] GC(184)   ObjectSynchronizer Weak        Min:  0.0, Avg:  0.0, Max:  0.0, Diff:  0.0, Sum:  0.0, Workers: 4
[1060.429s][debug][gc,phases      ] GC(184)     Dead                           Min: 0, Avg:  0.0, Max: 0, Diff: 0, Sum: 0, Workers: 4
[1060.429s][debug][gc,phases      ] GC(184)     Total                          Min: 0, Avg: 90.5, Max: 320, Diff: 320, Sum: 362, Workers: 4
[1060.429s][debug][gc,phases      ] GC(184)   JVMTI Tag Weak OopStorage      Min:  0.0, Avg:  0.0, Max:  0.0, Diff:  0.0, Sum:  0.0, Workers: 4
[1060.429s][debug][gc,phases      ] GC(184)     Dead                           Min: 0, Avg:  0.0, Max: 0, Diff: 0, Sum: 0, Workers: 4
[1060.429s][debug][gc,phases      ] GC(184)     Total                          Min: 0, Avg:  0.0, Max: 0, Diff: 0, Sum: 0, Workers: 4
[1060.429s][debug][gc,phases      ] GC(184)   StringTable Weak               Min:  0.1, Avg:  0.1, Max:  0.1, Diff:  0.0, Sum:  0.4, Workers: 4
[1060.429s][debug][gc,phases      ] GC(184)     Dead                           Min: 0, Avg:  0.0, Max: 0, Diff: 0, Sum: 0, Workers: 4
[1060.429s][debug][gc,phases      ] GC(184)     Total                          Min: 11328, Avg: 12013.5, Max: 12864, Diff: 1536, Sum: 48054, Workers: 4
[1060.429s][debug][gc,phases      ] GC(184)   ResolvedMethodTable Weak       Min:  0.0, Avg:  0.0, Max:  0.0, Diff:  0.0, Sum:  0.1, Workers: 4
[1060.429s][debug][gc,phases      ] GC(184)     Dead                           Min: 0, Avg:  0.0, Max: 0, Diff: 0, Sum: 0, Workers: 4
[1060.429s][debug][gc,phases      ] GC(184)     Total                          Min: 1854, Avg: 1977.5, Max: 2094, Diff: 240, Sum: 7910, Workers: 4
[1060.429s][debug][gc,phases      ] GC(184)   JNI Weak                       Min:  0.0, Avg:  0.0, Max:  0.0, Diff:  0.0, Sum:  0.0, Workers: 4
[1060.429s][debug][gc,phases      ] GC(184)     Dead                           Min: 0, Avg:  0.0, Max: 0, Diff: 0, Sum: 0, Workers: 4
[1060.429s][debug][gc,phases      ] GC(184)     Total                          Min: 0, Avg:  0.0, Max: 0, Diff: 0, Sum: 0, Workers: 4
[1060.429s][debug][gc,phases      ] GC(184)   StringDedup Table Weak         Min:  0.0, Avg:  0.0, Max:  0.0, Diff:  0.0, Sum:  0.0, Workers: 4
[1060.429s][debug][gc,phases      ] GC(184)     Dead                           Min: 0, Avg:  0.0, Max: 0, Diff: 0, Sum: 0, Workers: 4
[1060.429s][debug][gc,phases      ] GC(184)     Total                          Min: 0, Avg:  0.0, Max: 0, Diff: 0, Sum: 0, Workers: 4
[1060.429s][debug][gc,phases      ] GC(184)   StringDedup Requests0 Weak     Min:  0.0, Avg:  0.0, Max:  0.0, Diff:  0.0, Sum:  0.0, Workers: 4
[1060.429s][debug][gc,phases      ] GC(184)     Dead                           Min: 0, Avg:  0.0, Max: 0, Diff: 0, Sum: 0, Workers: 4
[1060.429s][debug][gc,phases      ] GC(184)     Total                          Min: 0, Avg:  0.0, Max: 0, Diff: 0, Sum: 0, Workers: 4
[1060.429s][debug][gc,phases      ] GC(184)   StringDedup Requests1 Weak     Min:  0.0, Avg:  0.0, Max:  0.0, Diff:  0.0, Sum:  0.0, Workers: 4
[1060.429s][debug][gc,phases      ] GC(184)     Dead                           Min: 0, Avg:  0.0, Max: 0, Diff: 0, Sum: 0, Workers: 4
[1060.429s][debug][gc,phases      ] GC(184)     Total                          Min: 0, Avg:  0.0, Max: 0, Diff: 0, Sum: 0, Workers: 4
[1060.429s][debug][gc,phases      ] GC(184)   Weak JFR Old Object Samples    Min:  0.0, Avg:  0.0, Max:  0.0, Diff:  0.0, Sum:  0.0, Workers: 4
[1060.429s][debug][gc,phases      ] GC(184)     Dead                           Min: 0, Avg:  0.0, Max: 0, Diff: 0, Sum: 0, Workers: 4
[1060.429s][debug][gc,phases      ] GC(184)     Total                          Min: 0, Avg:  0.0, Max: 0, Diff: 0, Sum: 0, Workers: 4
[1060.429s][debug][gc,phases      ] GC(184) Weak Processing 0.335ms
[1060.429s][debug][gc,age         ] GC(184) Desired survivor size 60293120 bytes, new threshold 15 (max threshold 15)
[1060.429s][info ][gc,heap        ] GC(184) PSYoungGen: 2012784K(2013184K)->32368K(2038272K) Eden: 1980416K(1980416K)->0K(1979392K) From: 32368K(32768K)->32368K(58880K)
[1060.429s][info ][gc,heap        ] GC(184) ParOldGen: 555722K(632832K)->555722K(632832K)
[1060.429s][info ][gc,metaspace   ] GC(184) Metaspace: 81833K(82624K)->81833K(82624K) NonClass: 70371K(70784K)->70371K(70784K) Class: 11461K(11840K)->11461K(11840K)
[1060.429s][info ][gc             ] GC(184) Pause Young (Allocation Failure) 2508M->574M(2608M) 8.608ms
[1060.429s][info ][gc,cpu         ] GC(184) User=0.03s Sys=0.00s Real=0.01s
[1060.429s][info ][safepoint      ] Safepoint "ParallelGCFailedAllocation", Time since last: 3591145277 ns, Reaching safepoint: 54101 ns, At safepoint: 8695531 ns, Total: 8749632 ns
[1061.429s][info ][safepoint      ] Safepoint "Cleanup", Time since last: 1000089959 ns, Reaching safepoint: 53401 ns, At safepoint: 4900 ns, Total: 58301 ns
[1062.429s][info ][safepoint      ] Safepoint "Cleanup", Time since last: 1000112559 ns, Reaching safepoint: 54001 ns, At safepoint: 6000 ns, Total: 60001 ns
[1063.430s][info ][safepoint      ] Safepoint "Cleanup", Time since last: 1000110959 ns, Reaching safepoint: 32600 ns, At safepoint: 3901 ns, Total: 36501 ns
[1066.430s][info ][safepoint      ] Safepoint "Cleanup", Time since last: 3000242974 ns, Reaching safepoint: 39000 ns, At safepoint: 3700 ns, Total: 42700 ns
[1070.430s][info ][safepoint      ] Safepoint "Cleanup", Time since last: 4000323229 ns, Reaching safepoint: 44400 ns, At safepoint: 3200 ns, Total: 47600 ns
[1072.867s][info ][gc,start       ] GC(185) Pause Young (Allocation Failure)
[1072.875s][debug][gc,phases      ] GC(185) Scavenge 8.054ms
[1072.875s][debug][gc,ref         ] GC(185) Skipped phase 1 of Reference Processing: no references
[1072.875s][debug][gc,ref         ] GC(185) Skipped phase 2 of Reference Processing: no references
[1072.875s][debug][gc,ref         ] GC(185) Skipped phase 3 of Reference Processing: no references
[1072.875s][debug][gc,ref         ] GC(185) Skipped phase 4 of Reference Processing: no references
[1072.875s][debug][gc,phases      ] GC(185) Reference Processing 0.029ms
[1072.875s][debug][gc,phases      ] GC(185)   VM Weak                        Min:  0.0, Avg:  0.0, Max:  0.0, Diff:  0.0, Sum:  0.0, Workers: 4
[1072.875s][debug][gc,phases      ] GC(185)     Dead                           Min: 0, Avg:  0.0, Max: 0, Diff: 0, Sum: 0, Workers: 4
[1072.875s][debug][gc,phases      ] GC(185)     Total                          Min: 0, Avg: 167.5, Max: 448, Diff: 448, Sum: 670, Workers: 4
[1072.875s][debug][gc,phases      ] GC(185)   ObjectSynchronizer Weak        Min:  0.0, Avg:  0.0, Max:  0.0, Diff:  0.0, Sum:  0.0, Workers: 4
[1072.875s][debug][gc,phases      ] GC(185)     Dead                           Min: 0, Avg:  0.0, Max: 0, Diff: 0, Sum: 0, Workers: 4
[1072.875s][debug][gc,phases      ] GC(185)     Total                          Min: 0, Avg: 90.5, Max: 234, Diff: 234, Sum: 362, Workers: 4
[1072.875s][debug][gc,phases      ] GC(185)   JVMTI Tag Weak OopStorage      Min:  0.0, Avg:  0.0, Max:  0.0, Diff:  0.0, Sum:  0.0, Workers: 4
[1072.875s][debug][gc,phases      ] GC(185)     Dead                           Min: 0, Avg:  0.0, Max: 0, Diff: 0, Sum: 0, Workers: 4
[1072.875s][debug][gc,phases      ] GC(185)     Total                          Min: 0, Avg:  0.0, Max: 0, Diff: 0, Sum: 0, Workers: 4
[1072.875s][debug][gc,phases      ] GC(185)   StringTable Weak               Min:  0.1, Avg:  0.1, Max:  0.1, Diff:  0.0, Sum:  0.4, Workers: 4
[1072.875s][debug][gc,phases      ] GC(185)     Dead                           Min: 0, Avg:  0.0, Max: 0, Diff: 0, Sum: 0, Workers: 4
[1072.875s][debug][gc,phases      ] GC(185)     Total                          Min: 11648, Avg: 12013.5, Max: 12736, Diff: 1088, Sum: 48054, Workers: 4
[1072.875s][debug][gc,phases      ] GC(185)   ResolvedMethodTable Weak       Min:  0.0, Avg:  0.0, Max:  0.0, Diff:  0.0, Sum:  0.1, Workers: 4
[1072.875s][debug][gc,phases      ] GC(185)     Dead                           Min: 0, Avg:  0.0, Max: 0, Diff: 0, Sum: 0, Workers: 4
[1072.875s][debug][gc,phases      ] GC(185)     Total                          Min: 1851, Avg: 1977.5, Max: 2135, Diff: 284, Sum: 7910, Workers: 4
[1072.875s][debug][gc,phases      ] GC(185)   JNI Weak                       Min:  0.0, Avg:  0.0, Max:  0.0, Diff:  0.0, Sum:  0.0, Workers: 4
[1072.875s][debug][gc,phases      ] GC(185)     Dead                           Min: 0, Avg:  0.0, Max: 0, Diff: 0, Sum: 0, Workers: 4
[1072.875s][debug][gc,phases      ] GC(185)     Total                          Min: 0, Avg:  0.0, Max: 0, Diff: 0, Sum: 0, Workers: 4
[1072.875s][debug][gc,phases      ] GC(185)   StringDedup Table Weak         Min:  0.0, Avg:  0.0, Max:  0.0, Diff:  0.0, Sum:  0.0, Workers: 4
[1072.875s][debug][gc,phases      ] GC(185)     Dead                           Min: 0, Avg:  0.0, Max: 0, Diff: 0, Sum: 0, Workers: 4
[1072.875s][debug][gc,phases      ] GC(185)     Total                          Min: 0, Avg:  0.0, Max: 0, Diff: 0, Sum: 0, Workers: 4
[1072.875s][debug][gc,phases      ] GC(185)   StringDedup Requests0 Weak     Min:  0.0, Avg:  0.0, Max:  0.0, Diff:  0.0, Sum:  0.0, Workers: 4
[1072.875s][debug][gc,phases      ] GC(185)     Dead                           Min: 0, Avg:  0.0, Max: 0, Diff: 0, Sum: 0, Workers: 4
[1072.875s][debug][gc,phases      ] GC(185)     Total                          Min: 0, Avg:  0.0, Max: 0, Diff: 0, Sum: 0, Workers: 4
[1072.875s][debug][gc,phases      ] GC(185)   StringDedup Requests1 Weak     Min:  0.0, Avg:  0.0, Max:  0.0, Diff:  0.0, Sum:  0.0, Workers: 4
[1072.875s][debug][gc,phases      ] GC(185)     Dead                           Min: 0, Avg:  0.0, Max: 0, Diff: 0, Sum: 0, Workers: 4
[1072.875s][debug][gc,phases      ] GC(185)     Total                          Min: 0, Avg:  0.0, Max: 0, Diff: 0, Sum: 0, Workers: 4
[1072.876s][debug][gc,phases      ] GC(185)   Weak JFR Old Object Samples    Min:  0.0, Avg:  0.0, Max:  0.0, Diff:  0.0, Sum:  0.0, Workers: 4
[1072.876s][debug][gc,phases      ] GC(185)     Dead                           Min: 0, Avg:  0.0, Max: 0, Diff: 0, Sum: 0, Workers: 4
[1072.876s][debug][gc,phases      ] GC(185)     Total                          Min: 0, Avg:  0.0, Max: 0, Diff: 0, Sum: 0, Workers: 4
[1072.876s][debug][gc,phases      ] GC(185) Weak Processing 0.337ms
[1072.876s][debug][gc,age         ] GC(185) Desired survivor size 60293120 bytes, new threshold 15 (max threshold 15)
[1072.876s][info ][gc,heap        ] GC(185) PSYoungGen: 2011760K(2038272K)->32336K(2038272K) Eden: 1979392K(1979392K)->0K(1979392K) From: 32368K(58880K)->32336K(58880K)
[1072.876s][info ][gc,heap        ] GC(185) ParOldGen: 555722K(632832K)->555722K(632832K)
[1072.876s][info ][gc,metaspace   ] GC(185) Metaspace: 81833K(82624K)->81833K(82624K) NonClass: 70372K(70784K)->70372K(70784K) Class: 11461K(11840K)->11461K(11840K)
[1072.876s][info ][gc             ] GC(185) Pause Young (Allocation Failure) 2507M->574M(2608M) 8.570ms
[1072.876s][info ][gc,cpu         ] GC(185) User=0.02s Sys=0.01s Real=0.01s
[1072.876s][info ][safepoint      ] Safepoint "ParallelGCFailedAllocation", Time since last: 2436683585 ns, Reaching safepoint: 49400 ns, At safepoint: 8655931 ns, Total: 8705331 ns
[1074.876s][info ][safepoint      ] Safepoint "Cleanup", Time since last: 2000149311 ns, Reaching safepoint: 46501 ns, At safepoint: 4000 ns, Total: 50501 ns
[1078.876s][info ][safepoint      ] Safepoint "Cleanup", Time since last: 4000452321 ns, Reaching safepoint: 44801 ns, At safepoint: 7800 ns, Total: 52601 ns
[1085.182s][info ][gc,start       ] GC(186) Pause Young (Allocation Failure)
[1085.191s][debug][gc,phases      ] GC(186) Scavenge 9.226ms
[1085.191s][debug][gc,ref         ] GC(186) Skipped phase 1 of Reference Processing: no references
[1085.191s][debug][gc,ref         ] GC(186) Skipped phase 2 of Reference Processing: no references
[1085.191s][debug][gc,ref         ] GC(186) Skipped phase 3 of Reference Processing: no references
[1085.191s][debug][gc,ref         ] GC(186) Skipped phase 4 of Reference Processing: no references
[1085.191s][debug][gc,phases      ] GC(186) Reference Processing 0.030ms
[1085.192s][debug][gc,phases      ] GC(186)   VM Weak                        Min:  0.0, Avg:  0.0, Max:  0.0, Diff:  0.0, Sum:  0.0, Workers: 4
[1085.192s][debug][gc,phases      ] GC(186)     Dead                           Min: 0, Avg:  0.0, Max: 0, Diff: 0, Sum: 0, Workers: 4
[1085.192s][debug][gc,phases      ] GC(186)     Total                          Min: 0, Avg: 167.5, Max: 606, Diff: 606, Sum: 670, Workers: 4
[1085.192s][debug][gc,phases      ] GC(186)   ObjectSynchronizer Weak        Min:  0.0, Avg:  0.0, Max:  0.0, Diff:  0.0, Sum:  0.0, Workers: 4
[1085.192s][debug][gc,phases      ] GC(186)     Dead                           Min: 0, Avg:  0.0, Max: 0, Diff: 0, Sum: 0, Workers: 4
[1085.192s][debug][gc,phases      ] GC(186)     Total                          Min: 0, Avg: 90.5, Max: 170, Diff: 170, Sum: 362, Workers: 4
[1085.192s][debug][gc,phases      ] GC(186)   JVMTI Tag Weak OopStorage      Min:  0.0, Avg:  0.0, Max:  0.0, Diff:  0.0, Sum:  0.0, Workers: 4
[1085.192s][debug][gc,phases      ] GC(186)     Dead                           Min: 0, Avg:  0.0, Max: 0, Diff: 0, Sum: 0, Workers: 4
[1085.192s][debug][gc,phases      ] GC(186)     Total                          Min: 0, Avg:  0.0, Max: 0, Diff: 0, Sum: 0, Workers: 4
[1085.192s][debug][gc,phases      ] GC(186)   StringTable Weak               Min:  0.1, Avg:  0.1, Max:  0.1, Diff:  0.0, Sum:  0.5, Workers: 4
[1085.192s][debug][gc,phases      ] GC(186)     Dead                           Min: 0, Avg:  0.0, Max: 0, Diff: 0, Sum: 0, Workers: 4
[1085.192s][debug][gc,phases      ] GC(186)     Total                          Min: 11254, Avg: 12013.5, Max: 13120, Diff: 1866, Sum: 48054, Workers: 4
[1085.192s][debug][gc,phases      ] GC(186)   ResolvedMethodTable Weak       Min:  0.0, Avg:  0.0, Max:  0.0, Diff:  0.0, Sum:  0.1, Workers: 4
[1085.192s][debug][gc,phases      ] GC(186)     Dead                           Min: 0, Avg:  0.0, Max: 0, Diff: 0, Sum: 0, Workers: 4
[1085.192s][debug][gc,phases      ] GC(186)     Total                          Min: 1754, Avg: 1977.5, Max: 2149, Diff: 395, Sum: 7910, Workers: 4
[1085.192s][debug][gc,phases      ] GC(186)   JNI Weak                       Min:  0.0, Avg:  0.0, Max:  0.0, Diff:  0.0, Sum:  0.0, Workers: 4
[1085.192s][debug][gc,phases      ] GC(186)     Dead                           Min: 0, Avg:  0.0, Max: 0, Diff: 0, Sum: 0, Workers: 4
[1085.192s][debug][gc,phases      ] GC(186)     Total                          Min: 0, Avg:  0.0, Max: 0, Diff: 0, Sum: 0, Workers: 4
[1085.192s][debug][gc,phases      ] GC(186)   StringDedup Table Weak         Min:  0.0, Avg:  0.0, Max:  0.0, Diff:  0.0, Sum:  0.0, Workers: 4
[1085.192s][debug][gc,phases      ] GC(186)     Dead                           Min: 0, Avg:  0.0, Max: 0, Diff: 0, Sum: 0, Workers: 4
[1085.192s][debug][gc,phases      ] GC(186)     Total                          Min: 0, Avg:  0.0, Max: 0, Diff: 0, Sum: 0, Workers: 4
[1085.192s][debug][gc,phases      ] GC(186)   StringDedup Requests0 Weak     Min:  0.0, Avg:  0.0, Max:  0.0, Diff:  0.0, Sum:  0.0, Workers: 4
[1085.192s][debug][gc,phases      ] GC(186)     Dead                           Min: 0, Avg:  0.0, Max: 0, Diff: 0, Sum: 0, Workers: 4
[1085.192s][debug][gc,phases      ] GC(186)     Total                          Min: 0, Avg:  0.0, Max: 0, Diff: 0, Sum: 0, Workers: 4
[1085.192s][debug][gc,phases      ] GC(186)   StringDedup Requests1 Weak     Min:  0.0, Avg:  0.0, Max:  0.0, Diff:  0.0, Sum:  0.0, Workers: 4
[1085.192s][debug][gc,phases      ] GC(186)     Dead                           Min: 0, Avg:  0.0, Max: 0, Diff: 0, Sum: 0, Workers: 4
[1085.192s][debug][gc,phases      ] GC(186)     Total                          Min: 0, Avg:  0.0, Max: 0, Diff: 0, Sum: 0, Workers: 4
[1085.192s][debug][gc,phases      ] GC(186)   Weak JFR Old Object Samples    Min:  0.0, Avg:  0.0, Max:  0.0, Diff:  0.0, Sum:  0.0, Workers: 4
[1085.192s][debug][gc,phases      ] GC(186)     Dead                           Min: 0, Avg:  0.0, Max: 0, Diff: 0, Sum: 0, Workers: 4
[1085.192s][debug][gc,phases      ] GC(186)     Total                          Min: 0, Avg:  0.0, Max: 0, Diff: 0, Sum: 0, Workers: 4
[1085.192s][debug][gc,phases      ] GC(186) Weak Processing 0.556ms
[1085.192s][debug][gc,age         ] GC(186) Desired survivor size 59768832 bytes, new threshold 15 (max threshold 15)
[1085.192s][info ][gc,heap        ] GC(186) PSYoungGen: 2011728K(2038272K)->32336K(2038784K) Eden: 1979392K(1979392K)->0K(1979904K) From: 32336K(58880K)->32336K(58880K)
[1085.192s][info ][gc,heap        ] GC(186) ParOldGen: 555722K(632832K)->555722K(632832K)
[1085.192s][info ][gc,metaspace   ] GC(186) Metaspace: 81834K(82624K)->81834K(82624K) NonClass: 70372K(70784K)->70372K(70784K) Class: 11461K(11840K)->11461K(11840K)
[1085.192s][info ][gc             ] GC(186) Pause Young (Allocation Failure) 2507M->574M(2609M) 9.954ms
[1085.192s][info ][gc,cpu         ] GC(186) User=0.03s Sys=0.00s Real=0.02s
[1085.192s][info ][safepoint      ] Safepoint "ParallelGCFailedAllocation", Time since last: 6305571214 ns, Reaching safepoint: 50001 ns, At safepoint: 10046151 ns, Total: 10096152 ns
[1087.192s][info ][safepoint      ] Safepoint "Cleanup", Time since last: 2000132905 ns, Reaching safepoint: 50901 ns, At safepoint: 3200 ns, Total: 54101 ns
[1095.193s][info ][safepoint      ] Safepoint "Cleanup", Time since last: 8000502408 ns, Reaching safepoint: 68601 ns, At safepoint: 9000 ns, Total: 77601 ns
[1097.871s][info ][gc,start       ] GC(187) Pause Young (Allocation Failure)
[1097.879s][debug][gc,phases      ] GC(187) Scavenge 7.813ms
[1097.879s][debug][gc,ref         ] GC(187) Skipped phase 1 of Reference Processing: no references
[1097.879s][debug][gc,ref         ] GC(187) Skipped phase 2 of Reference Processing: no references
[1097.879s][debug][gc,ref         ] GC(187) Skipped phase 3 of Reference Processing: no references
[1097.879s][debug][gc,ref         ] GC(187) Skipped phase 4 of Reference Processing: no references
[1097.879s][debug][gc,phases      ] GC(187) Reference Processing 0.036ms
[1097.879s][debug][gc,phases      ] GC(187)   VM Weak                        Min:  0.0, Avg:  0.0, Max:  0.0, Diff:  0.0, Sum:  0.0, Workers: 4
[1097.879s][debug][gc,phases      ] GC(187)     Dead                           Min: 0, Avg:  0.0, Max: 0, Diff: 0, Sum: 0, Workers: 4
[1097.879s][debug][gc,phases      ] GC(187)     Total                          Min: 0, Avg: 167.5, Max: 670, Diff: 670, Sum: 670, Workers: 4
[1097.879s][debug][gc,phases      ] GC(187)   ObjectSynchronizer Weak        Min:  0.0, Avg:  0.0, Max:  0.0, Diff:  0.0, Sum:  0.0, Workers: 4
[1097.879s][debug][gc,phases      ] GC(187)     Dead                           Min: 0, Avg:  0.0, Max: 0, Diff: 0, Sum: 0, Workers: 4
[1097.879s][debug][gc,phases      ] GC(187)     Total                          Min: 0, Avg: 90.5, Max: 298, Diff: 298, Sum: 362, Workers: 4
[1097.879s][debug][gc,phases      ] GC(187)   JVMTI Tag Weak OopStorage      Min:  0.0, Avg:  0.0, Max:  0.0, Diff:  0.0, Sum:  0.0, Workers: 4
[1097.879s][debug][gc,phases      ] GC(187)     Dead                           Min: 0, Avg:  0.0, Max: 0, Diff: 0, Sum: 0, Workers: 4
[1097.879s][debug][gc,phases      ] GC(187)     Total                          Min: 0, Avg:  0.0, Max: 0, Diff: 0, Sum: 0, Workers: 4
[1097.879s][debug][gc,phases      ] GC(187)   StringTable Weak               Min:  0.1, Avg:  0.1, Max:  0.1, Diff:  0.0, Sum:  0.4, Workers: 4
[1097.879s][debug][gc,phases      ] GC(187)     Dead                           Min: 0, Avg:  0.0, Max: 0, Diff: 0, Sum: 0, Workers: 4
[1097.879s][debug][gc,phases      ] GC(187)     Total                          Min: 10934, Avg: 12013.5, Max: 12928, Diff: 1994, Sum: 48054, Workers: 4
[1097.879s][debug][gc,phases      ] GC(187)   ResolvedMethodTable Weak       Min:  0.0, Avg:  0.0, Max:  0.0, Diff:  0.0, Sum:  0.1, Workers: 4
[1097.879s][debug][gc,phases      ] GC(187)     Dead                           Min: 0, Avg:  0.0, Max: 0, Diff: 0, Sum: 0, Workers: 4
[1097.879s][debug][gc,phases      ] GC(187)     Total                          Min: 1903, Avg: 1977.5, Max: 2094, Diff: 191, Sum: 7910, Workers: 4
[1097.879s][debug][gc,phases      ] GC(187)   JNI Weak                       Min:  0.0, Avg:  0.0, Max:  0.0, Diff:  0.0, Sum:  0.0, Workers: 4
[1097.879s][debug][gc,phases      ] GC(187)     Dead                           Min: 0, Avg:  0.0, Max: 0, Diff: 0, Sum: 0, Workers: 4
[1097.879s][debug][gc,phases      ] GC(187)     Total                          Min: 0, Avg:  0.0, Max: 0, Diff: 0, Sum: 0, Workers: 4
[1097.879s][debug][gc,phases      ] GC(187)   StringDedup Table Weak         Min:  0.0, Avg:  0.0, Max:  0.0, Diff:  0.0, Sum:  0.0, Workers: 4
[1097.879s][debug][gc,phases      ] GC(187)     Dead                           Min: 0, Avg:  0.0, Max: 0, Diff: 0, Sum: 0, Workers: 4
[1097.879s][debug][gc,phases      ] GC(187)     Total                          Min: 0, Avg:  0.0, Max: 0, Diff: 0, Sum: 0, Workers: 4
[1097.879s][debug][gc,phases      ] GC(187)   StringDedup Requests0 Weak     Min:  0.0, Avg:  0.0, Max:  0.0, Diff:  0.0, Sum:  0.0, Workers: 4
[1097.879s][debug][gc,phases      ] GC(187)     Dead                           Min: 0, Avg:  0.0, Max: 0, Diff: 0, Sum: 0, Workers: 4
[1097.879s][debug][gc,phases      ] GC(187)     Total                          Min: 0, Avg:  0.0, Max: 0, Diff: 0, Sum: 0, Workers: 4
[1097.879s][debug][gc,phases      ] GC(187)   StringDedup Requests1 Weak     Min:  0.0, Avg:  0.0, Max:  0.0, Diff:  0.0, Sum:  0.0, Workers: 4
[1097.879s][debug][gc,phases      ] GC(187)     Dead                           Min: 0, Avg:  0.0, Max: 0, Diff: 0, Sum: 0, Workers: 4
[1097.879s][debug][gc,phases      ] GC(187)     Total                          Min: 0, Avg:  0.0, Max: 0, Diff: 0, Sum: 0, Workers: 4
[1097.879s][debug][gc,phases      ] GC(187)   Weak JFR Old Object Samples    Min:  0.0, Avg:  0.0, Max:  0.0, Diff:  0.0, Sum:  0.0, Workers: 4
[1097.879s][debug][gc,phases      ] GC(187)     Dead                           Min: 0, Avg:  0.0, Max: 0, Diff: 0, Sum: 0, Workers: 4
[1097.879s][debug][gc,phases      ] GC(187)     Total                          Min: 0, Avg:  0.0, Max: 0, Diff: 0, Sum: 0, Workers: 4
[1097.879s][debug][gc,phases      ] GC(187) Weak Processing 0.378ms
[1097.879s][debug][gc,age         ] GC(187) Desired survivor size 59244544 bytes, new threshold 15 (max threshold 15)
[1097.879s][info ][gc,heap        ] GC(187) PSYoungGen: 2012240K(2038784K)->32336K(2038272K) Eden: 1979904K(1979904K)->0K(1979904K) From: 32336K(58880K)->32336K(58368K)
[1097.879s][info ][gc,heap        ] GC(187) ParOldGen: 555722K(632832K)->555722K(632832K)
[1097.879s][info ][gc,metaspace   ] GC(187) Metaspace: 81836K(82624K)->81836K(82624K) NonClass: 70375K(70784K)->70375K(70784K) Class: 11461K(11840K)->11461K(11840K)
[1097.879s][info ][gc             ] GC(187) Pause Young (Allocation Failure) 2507M->574M(2608M) 8.389ms
[1097.879s][info ][gc,cpu         ] GC(187) User=0.03s Sys=0.00s Real=0.01s
[1097.879s][info ][safepoint      ] Safepoint "ParallelGCFailedAllocation", Time since last: 2677862099 ns, Reaching safepoint: 47901 ns, At safepoint: 8506628 ns, Total: 8554529 ns
[1111.068s][info ][gc,start       ] GC(188) Pause Young (Allocation Failure)
[1111.077s][debug][gc,phases      ] GC(188) Scavenge 8.254ms
[1111.077s][debug][gc,ref         ] GC(188) Skipped phase 1 of Reference Processing: no references
[1111.077s][debug][gc,ref         ] GC(188) Skipped phase 2 of Reference Processing: no references
[1111.077s][debug][gc,ref         ] GC(188) Skipped phase 3 of Reference Processing: no references
[1111.077s][debug][gc,ref         ] GC(188) Skipped phase 4 of Reference Processing: no references
[1111.077s][debug][gc,phases      ] GC(188) Reference Processing 0.028ms
[1111.077s][debug][gc,phases      ] GC(188)   VM Weak                        Min:  0.0, Avg:  0.0, Max:  0.0, Diff:  0.0, Sum:  0.0, Workers: 4
[1111.077s][debug][gc,phases      ] GC(188)     Dead                           Min: 0, Avg:  0.0, Max: 0, Diff: 0, Sum: 0, Workers: 4
[1111.077s][debug][gc,phases      ] GC(188)     Total                          Min: 0, Avg: 167.5, Max: 670, Diff: 670, Sum: 670, Workers: 4
[1111.077s][debug][gc,phases      ] GC(188)   ObjectSynchronizer Weak        Min:  0.0, Avg:  0.0, Max:  0.0, Diff:  0.0, Sum:  0.0, Workers: 4
[1111.077s][debug][gc,phases      ] GC(188)     Dead                           Min: 0, Avg:  0.0, Max: 0, Diff: 0, Sum: 0, Workers: 4
[1111.077s][debug][gc,phases      ] GC(188)     Total                          Min: 0, Avg: 90.5, Max: 256, Diff: 256, Sum: 362, Workers: 4
[1111.077s][debug][gc,phases      ] GC(188)   JVMTI Tag Weak OopStorage      Min:  0.0, Avg:  0.0, Max:  0.0, Diff:  0.0, Sum:  0.0, Workers: 4
[1111.077s][debug][gc,phases      ] GC(188)     Dead                           Min: 0, Avg:  0.0, Max: 0, Diff: 0, Sum: 0, Workers: 4
[1111.077s][debug][gc,phases      ] GC(188)     Total                          Min: 0, Avg:  0.0, Max: 0, Diff: 0, Sum: 0, Workers: 4
[1111.077s][debug][gc,phases      ] GC(188)   StringTable Weak               Min:  0.1, Avg:  0.1, Max:  0.1, Diff:  0.0, Sum:  0.5, Workers: 4
[1111.077s][debug][gc,phases      ] GC(188)     Dead                           Min: 0, Avg:  0.0, Max: 0, Diff: 0, Sum: 0, Workers: 4
[1111.077s][debug][gc,phases      ] GC(188)     Total                          Min: 10240, Avg: 12013.5, Max: 13888, Diff: 3648, Sum: 48054, Workers: 4
[1111.077s][debug][gc,phases      ] GC(188)   ResolvedMethodTable Weak       Min:  0.0, Avg:  0.0, Max:  0.0, Diff:  0.0, Sum:  0.1, Workers: 4
[1111.077s][debug][gc,phases      ] GC(188)     Dead                           Min: 0, Avg:  0.0, Max: 0, Diff: 0, Sum: 0, Workers: 4
[1111.077s][debug][gc,phases      ] GC(188)     Total                          Min: 1280, Avg: 1977.5, Max: 2701, Diff: 1421, Sum: 7910, Workers: 4
[1111.077s][debug][gc,phases      ] GC(188)   JNI Weak                       Min:  0.0, Avg:  0.0, Max:  0.0, Diff:  0.0, Sum:  0.0, Workers: 4
[1111.077s][debug][gc,phases      ] GC(188)     Dead                           Min: 0, Avg:  0.0, Max: 0, Diff: 0, Sum: 0, Workers: 4
[1111.077s][debug][gc,phases      ] GC(188)     Total                          Min: 0, Avg:  0.0, Max: 0, Diff: 0, Sum: 0, Workers: 4
[1111.077s][debug][gc,phases      ] GC(188)   StringDedup Table Weak         Min:  0.0, Avg:  0.0, Max:  0.0, Diff:  0.0, Sum:  0.0, Workers: 4
[1111.077s][debug][gc,phases      ] GC(188)     Dead                           Min: 0, Avg:  0.0, Max: 0, Diff: 0, Sum: 0, Workers: 4
[1111.077s][debug][gc,phases      ] GC(188)     Total                          Min: 0, Avg:  0.0, Max: 0, Diff: 0, Sum: 0, Workers: 4
[1111.077s][debug][gc,phases      ] GC(188)   StringDedup Requests0 Weak     Min:  0.0, Avg:  0.0, Max:  0.0, Diff:  0.0, Sum:  0.0, Workers: 4
[1111.077s][debug][gc,phases      ] GC(188)     Dead                           Min: 0, Avg:  0.0, Max: 0, Diff: 0, Sum: 0, Workers: 4
[1111.077s][debug][gc,phases      ] GC(188)     Total                          Min: 0, Avg:  0.0, Max: 0, Diff: 0, Sum: 0, Workers: 4
[1111.077s][debug][gc,phases      ] GC(188)   StringDedup Requests1 Weak     Min:  0.0, Avg:  0.0, Max:  0.0, Diff:  0.0, Sum:  0.0, Workers: 4
[1111.077s][debug][gc,phases      ] GC(188)     Dead                           Min: 0, Avg:  0.0, Max: 0, Diff: 0, Sum: 0, Workers: 4
[1111.077s][debug][gc,phases      ] GC(188)     Total                          Min: 0, Avg:  0.0, Max: 0, Diff: 0, Sum: 0, Workers: 4
[1111.077s][debug][gc,phases      ] GC(188)   Weak JFR Old Object Samples    Min:  0.0, Avg:  0.0, Max:  0.0, Diff:  0.0, Sum:  0.0, Workers: 4
[1111.077s][debug][gc,phases      ] GC(188)     Dead                           Min: 0, Avg:  0.0, Max: 0, Diff: 0, Sum: 0, Workers: 4
[1111.077s][debug][gc,phases      ] GC(188)     Total                          Min: 0, Avg:  0.0, Max: 0, Diff: 0, Sum: 0, Workers: 4
[1111.077s][debug][gc,phases      ] GC(188) Weak Processing 0.369ms
[1111.077s][debug][gc,age         ] GC(188) Desired survivor size 58720256 bytes, new threshold 15 (max threshold 15)
[1111.077s][info ][gc,heap        ] GC(188) PSYoungGen: 2012240K(2038272K)->32368K(2039808K) Eden: 1979904K(1979904K)->0K(1981952K) From: 32336K(58368K)->32368K(57856K)
[1111.077s][info ][gc,heap        ] GC(188) ParOldGen: 555722K(632832K)->555722K(632832K)
[1111.077s][info ][gc,metaspace   ] GC(188) Metaspace: 81836K(82624K)->81836K(82624K) NonClass: 70375K(70784K)->70375K(70784K) Class: 11461K(11840K)->11461K(11840K)
[1111.077s][info ][gc             ] GC(188) Pause Young (Allocation Failure) 2507M->574M(2610M) 8.781ms
[1111.077s][info ][gc,cpu         ] GC(188) User=0.03s Sys=0.00s Real=0.01s
[1111.077s][info ][safepoint      ] Safepoint "ParallelGCFailedAllocation", Time since last: 13188992553 ns, Reaching safepoint: 34601 ns, At safepoint: 8887333 ns, Total: 8921934 ns
[1123.078s][info ][safepoint      ] Safepoint "Cleanup", Time since last: 12000792539 ns, Reaching safepoint: 62901 ns, At safepoint: 9400 ns, Total: 72301 ns
[1123.731s][info ][gc,start       ] GC(189) Pause Young (Allocation Failure)
[1123.740s][debug][gc,phases      ] GC(189) Scavenge 9.063ms
[1123.740s][debug][gc,ref         ] GC(189) Skipped phase 1 of Reference Processing: no references
[1123.740s][debug][gc,ref         ] GC(189) Skipped phase 2 of Reference Processing: no references
[1123.740s][debug][gc,ref         ] GC(189) Skipped phase 3 of Reference Processing: no references
[1123.740s][debug][gc,ref         ] GC(189) Skipped phase 4 of Reference Processing: no references
[1123.740s][debug][gc,phases      ] GC(189) Reference Processing 0.028ms
[1123.740s][debug][gc,phases      ] GC(189)   VM Weak                        Min:  0.0, Avg:  0.0, Max:  0.0, Diff:  0.0, Sum:  0.0, Workers: 4
[1123.740s][debug][gc,phases      ] GC(189)     Dead                           Min: 0, Avg:  0.0, Max: 0, Diff: 0, Sum: 0, Workers: 4
[1123.740s][debug][gc,phases      ] GC(189)     Total                          Min: 0, Avg: 167.5, Max: 320, Diff: 320, Sum: 670, Workers: 4
[1123.740s][debug][gc,phases      ] GC(189)   ObjectSynchronizer Weak        Min:  0.0, Avg:  0.0, Max:  0.0, Diff:  0.0, Sum:  0.0, Workers: 4
[1123.740s][debug][gc,phases      ] GC(189)     Dead                           Min: 0, Avg:  0.0, Max: 0, Diff: 0, Sum: 0, Workers: 4
[1123.740s][debug][gc,phases      ] GC(189)     Total                          Min: 0, Avg: 90.5, Max: 234, Diff: 234, Sum: 362, Workers: 4
[1123.740s][debug][gc,phases      ] GC(189)   JVMTI Tag Weak OopStorage      Min:  0.0, Avg:  0.0, Max:  0.0, Diff:  0.0, Sum:  0.0, Workers: 4
[1123.740s][debug][gc,phases      ] GC(189)     Dead                           Min: 0, Avg:  0.0, Max: 0, Diff: 0, Sum: 0, Workers: 4
[1123.740s][debug][gc,phases      ] GC(189)     Total                          Min: 0, Avg:  0.0, Max: 0, Diff: 0, Sum: 0, Workers: 4
[1123.740s][debug][gc,phases      ] GC(189)   StringTable Weak               Min:  0.1, Avg:  0.1, Max:  0.1, Diff:  0.0, Sum:  0.5, Workers: 4
[1123.740s][debug][gc,phases      ] GC(189)     Dead                           Min: 0, Avg:  0.0, Max: 0, Diff: 0, Sum: 0, Workers: 4
[1123.740s][debug][gc,phases      ] GC(189)     Total                          Min: 11328, Avg: 12013.5, Max: 12928, Diff: 1600, Sum: 48054, Workers: 4
[1123.740s][debug][gc,phases      ] GC(189)   ResolvedMethodTable Weak       Min:  0.0, Avg:  0.0, Max:  0.0, Diff:  0.0, Sum:  0.1, Workers: 4
[1123.740s][debug][gc,phases      ] GC(189)     Dead                           Min: 0, Avg:  0.0, Max: 0, Diff: 0, Sum: 0, Workers: 4
[1123.740s][debug][gc,phases      ] GC(189)     Total                          Min: 1777, Avg: 1977.5, Max: 2105, Diff: 328, Sum: 7910, Workers: 4
[1123.740s][debug][gc,phases      ] GC(189)   JNI Weak                       Min:  0.0, Avg:  0.0, Max:  0.0, Diff:  0.0, Sum:  0.0, Workers: 4
[1123.740s][debug][gc,phases      ] GC(189)     Dead                           Min: 0, Avg:  0.0, Max: 0, Diff: 0, Sum: 0, Workers: 4
[1123.740s][debug][gc,phases      ] GC(189)     Total                          Min: 0, Avg:  0.0, Max: 0, Diff: 0, Sum: 0, Workers: 4
[1123.740s][debug][gc,phases      ] GC(189)   StringDedup Table Weak         Min:  0.0, Avg:  0.0, Max:  0.0, Diff:  0.0, Sum:  0.0, Workers: 4
[1123.740s][debug][gc,phases      ] GC(189)     Dead                           Min: 0, Avg:  0.0, Max: 0, Diff: 0, Sum: 0, Workers: 4
[1123.740s][debug][gc,phases      ] GC(189)     Total                          Min: 0, Avg:  0.0, Max: 0, Diff: 0, Sum: 0, Workers: 4
[1123.740s][debug][gc,phases      ] GC(189)   StringDedup Requests0 Weak     Min:  0.0, Avg:  0.0, Max:  0.0, Diff:  0.0, Sum:  0.0, Workers: 4
[1123.740s][debug][gc,phases      ] GC(189)     Dead                           Min: 0, Avg:  0.0, Max: 0, Diff: 0, Sum: 0, Workers: 4
[1123.740s][debug][gc,phases      ] GC(189)     Total                          Min: 0, Avg:  0.0, Max: 0, Diff: 0, Sum: 0, Workers: 4
[1123.740s][debug][gc,phases      ] GC(189)   StringDedup Requests1 Weak     Min:  0.0, Avg:  0.0, Max:  0.0, Diff:  0.0, Sum:  0.0, Workers: 4
[1123.740s][debug][gc,phases      ] GC(189)     Dead                           Min: 0, Avg:  0.0, Max: 0, Diff: 0, Sum: 0, Workers: 4
[1123.740s][debug][gc,phases      ] GC(189)     Total                          Min: 0, Avg:  0.0, Max: 0, Diff: 0, Sum: 0, Workers: 4
[1123.740s][debug][gc,phases      ] GC(189)   Weak JFR Old Object Samples    Min:  0.0, Avg:  0.0, Max:  0.0, Diff:  0.0, Sum:  0.0, Workers: 4
[1123.740s][debug][gc,phases      ] GC(189)     Dead                           Min: 0, Avg:  0.0, Max: 0, Diff: 0, Sum: 0, Workers: 4
[1123.740s][debug][gc,phases      ] GC(189)     Total                          Min: 0, Avg:  0.0, Max: 0, Diff: 0, Sum: 0, Workers: 4
[1123.740s][debug][gc,phases      ] GC(189) Weak Processing 0.354ms
[1123.740s][debug][gc,age         ] GC(189) Desired survivor size 58195968 bytes, new threshold 15 (max threshold 15)
[1123.740s][info ][gc,heap        ] GC(189) PSYoungGen: 2014320K(2039808K)->32432K(2039296K) Eden: 1981952K(1981952K)->0K(1981952K) From: 32368K(57856K)->32432K(57344K)
[1123.740s][info ][gc,heap        ] GC(189) ParOldGen: 555722K(632832K)->555722K(632832K)
[1123.740s][info ][gc,metaspace   ] GC(189) Metaspace: 81836K(82624K)->81836K(82624K) NonClass: 70375K(70784K)->70375K(70784K) Class: 11461K(11840K)->11461K(11840K)
[1123.740s][info ][gc             ] GC(189) Pause Young (Allocation Failure) 2509M->574M(2609M) 9.584ms
[1123.740s][info ][gc,cpu         ] GC(189) User=0.03s Sys=0.00s Real=0.01s
[1123.740s][info ][safepoint      ] Safepoint "ParallelGCFailedAllocation", Time since last: 652756319 ns, Reaching safepoint: 50201 ns, At safepoint: 9671145 ns, Total: 9721346 ns
[1127.741s][info ][safepoint      ] Safepoint "Cleanup", Time since last: 4000280372 ns, Reaching safepoint: 49101 ns, At safepoint: 8100 ns, Total: 57201 ns
[1131.741s][info ][safepoint      ] Safepoint "Cleanup", Time since last: 4000302268 ns, Reaching safepoint: 44701 ns, At safepoint: 3100 ns, Total: 47801 ns
[1135.741s][info ][safepoint      ] Safepoint "Cleanup", Time since last: 4000305465 ns, Reaching safepoint: 45701 ns, At safepoint: 6700 ns, Total: 52401 ns
[1136.753s][info ][gc,start       ] GC(190) Pause Young (Allocation Failure)
[1136.761s][debug][gc,phases      ] GC(190) Scavenge 7.670ms
[1136.761s][debug][gc,ref         ] GC(190) Skipped phase 1 of Reference Processing: no references
[1136.761s][debug][gc,ref         ] GC(190) Skipped phase 2 of Reference Processing: no references
[1136.761s][debug][gc,ref         ] GC(190) Skipped phase 3 of Reference Processing: no references
[1136.761s][debug][gc,ref         ] GC(190) Skipped phase 4 of Reference Processing: no references
[1136.761s][debug][gc,phases      ] GC(190) Reference Processing 0.028ms
[1136.761s][debug][gc,phases      ] GC(190)   VM Weak                        Min:  0.0, Avg:  0.0, Max:  0.0, Diff:  0.0, Sum:  0.0, Workers: 4
[1136.761s][debug][gc,phases      ] GC(190)     Dead                           Min: 0, Avg:  0.0, Max: 0, Diff: 0, Sum: 0, Workers: 4
[1136.761s][debug][gc,phases      ] GC(190)     Total                          Min: 0, Avg: 167.5, Max: 670, Diff: 670, Sum: 670, Workers: 4
[1136.761s][debug][gc,phases      ] GC(190)   ObjectSynchronizer Weak        Min:  0.0, Avg:  0.0, Max:  0.0, Diff:  0.0, Sum:  0.0, Workers: 4
[1136.761s][debug][gc,phases      ] GC(190)     Dead                           Min: 0, Avg:  0.0, Max: 0, Diff: 0, Sum: 0, Workers: 4
[1136.761s][debug][gc,phases      ] GC(190)     Total                          Min: 0, Avg: 90.5, Max: 298, Diff: 298, Sum: 362, Workers: 4
[1136.761s][debug][gc,phases      ] GC(190)   JVMTI Tag Weak OopStorage      Min:  0.0, Avg:  0.0, Max:  0.0, Diff:  0.0, Sum:  0.0, Workers: 4
[1136.761s][debug][gc,phases      ] GC(190)     Dead                           Min: 0, Avg:  0.0, Max: 0, Diff: 0, Sum: 0, Workers: 4
[1136.761s][debug][gc,phases      ] GC(190)     Total                          Min: 0, Avg:  0.0, Max: 0, Diff: 0, Sum: 0, Workers: 4
[1136.761s][debug][gc,phases      ] GC(190)   StringTable Weak               Min:  0.1, Avg:  0.1, Max:  0.1, Diff:  0.0, Sum:  0.4, Workers: 4
[1136.761s][debug][gc,phases      ] GC(190)     Dead                           Min: 0, Avg:  0.0, Max: 0, Diff: 0, Sum: 0, Workers: 4
[1136.761s][debug][gc,phases      ] GC(190)     Total                          Min: 11392, Avg: 12013.5, Max: 12672, Diff: 1280, Sum: 48054, Workers: 4
[1136.761s][debug][gc,phases      ] GC(190)   ResolvedMethodTable Weak       Min:  0.0, Avg:  0.0, Max:  0.0, Diff:  0.0, Sum:  0.1, Workers: 4
[1136.762s][debug][gc,phases      ] GC(190)     Dead                           Min: 0, Avg:  0.0, Max: 0, Diff: 0, Sum: 0, Workers: 4
[1136.762s][debug][gc,phases      ] GC(190)     Total                          Min: 1787, Avg: 1977.5, Max: 2160, Diff: 373, Sum: 7910, Workers: 4
[1136.762s][debug][gc,phases      ] GC(190)   JNI Weak                       Min:  0.0, Avg:  0.0, Max:  0.0, Diff:  0.0, Sum:  0.0, Workers: 4
[1136.762s][debug][gc,phases      ] GC(190)     Dead                           Min: 0, Avg:  0.0, Max: 0, Diff: 0, Sum: 0, Workers: 4
[1136.762s][debug][gc,phases      ] GC(190)     Total                          Min: 0, Avg:  0.0, Max: 0, Diff: 0, Sum: 0, Workers: 4
[1136.762s][debug][gc,phases      ] GC(190)   StringDedup Table Weak         Min:  0.0, Avg:  0.0, Max:  0.0, Diff:  0.0, Sum:  0.0, Workers: 4
[1136.762s][debug][gc,phases      ] GC(190)     Dead                           Min: 0, Avg:  0.0, Max: 0, Diff: 0, Sum: 0, Workers: 4
[1136.762s][debug][gc,phases      ] GC(190)     Total                          Min: 0, Avg:  0.0, Max: 0, Diff: 0, Sum: 0, Workers: 4
[1136.762s][debug][gc,phases      ] GC(190)   StringDedup Requests0 Weak     Min:  0.0, Avg:  0.0, Max:  0.0, Diff:  0.0, Sum:  0.0, Workers: 4
[1136.762s][debug][gc,phases      ] GC(190)     Dead                           Min: 0, Avg:  0.0, Max: 0, Diff: 0, Sum: 0, Workers: 4
[1136.762s][debug][gc,phases      ] GC(190)     Total                          Min: 0, Avg:  0.0, Max: 0, Diff: 0, Sum: 0, Workers: 4
[1136.762s][debug][gc,phases      ] GC(190)   StringDedup Requests1 Weak     Min:  0.0, Avg:  0.0, Max:  0.0, Diff:  0.0, Sum:  0.0, Workers: 4
[1136.762s][debug][gc,phases      ] GC(190)     Dead                           Min: 0, Avg:  0.0, Max: 0, Diff: 0, Sum: 0, Workers: 4
[1136.762s][debug][gc,phases      ] GC(190)     Total                          Min: 0, Avg:  0.0, Max: 0, Diff: 0, Sum: 0, Workers: 4
[1136.762s][debug][gc,phases      ] GC(190)   Weak JFR Old Object Samples    Min:  0.0, Avg:  0.0, Max:  0.0, Diff:  0.0, Sum:  0.0, Workers: 4
[1136.762s][debug][gc,phases      ] GC(190)     Dead                           Min: 0, Avg:  0.0, Max: 0, Diff: 0, Sum: 0, Workers: 4
[1136.762s][debug][gc,phases      ] GC(190)     Total                          Min: 0, Avg:  0.0, Max: 0, Diff: 0, Sum: 0, Workers: 4
[1136.762s][debug][gc,phases      ] GC(190) Weak Processing 0.339ms
[1136.762s][debug][gc,age         ] GC(190) Desired survivor size 57147392 bytes, new threshold 15 (max threshold 15)
[1136.762s][info ][gc,heap        ] GC(190) PSYoungGen: 2014384K(2039296K)->32384K(2041344K) Eden: 1981952K(1981952K)->0K(1984512K) From: 32432K(57344K)->32384K(56832K)
[1136.762s][info ][gc,heap        ] GC(190) ParOldGen: 555722K(632832K)->555722K(632832K)
[1136.762s][info ][gc,metaspace   ] GC(190) Metaspace: 81839K(82688K)->81839K(82688K) NonClass: 70378K(70848K)->70378K(70848K) Class: 11461K(11840K)->11461K(11840K)
[1136.762s][info ][gc             ] GC(190) Pause Young (Allocation Failure) 2509M->574M(2611M) 8.174ms
[1136.762s][info ][gc,cpu         ] GC(190) User=0.04s Sys=0.00s Real=0.00s
[1136.762s][info ][safepoint      ] Safepoint "ParallelGCFailedAllocation", Time since last: 1011929519 ns, Reaching safepoint: 25900 ns, At safepoint: 8259824 ns, Total: 8285724 ns
[1150.368s][info ][gc,start       ] GC(191) Pause Young (Allocation Failure)
[1150.375s][debug][gc,phases      ] GC(191) Scavenge 7.318ms
[1150.375s][debug][gc,ref         ] GC(191) Skipped phase 1 of Reference Processing: no references
[1150.375s][debug][gc,ref         ] GC(191) Skipped phase 2 of Reference Processing: no references
[1150.375s][debug][gc,ref         ] GC(191) Skipped phase 3 of Reference Processing: no references
[1150.375s][debug][gc,ref         ] GC(191) Skipped phase 4 of Reference Processing: no references
[1150.375s][debug][gc,phases      ] GC(191) Reference Processing 0.030ms
[1150.376s][debug][gc,phases      ] GC(191)   VM Weak                        Min:  0.0, Avg:  0.0, Max:  0.0, Diff:  0.0, Sum:  0.0, Workers: 4
[1150.376s][debug][gc,phases      ] GC(191)     Dead                           Min: 0, Avg:  0.0, Max: 0, Diff: 0, Sum: 0, Workers: 4
[1150.376s][debug][gc,phases      ] GC(191)     Total                          Min: 0, Avg: 167.5, Max: 414, Diff: 414, Sum: 670, Workers: 4
[1150.376s][debug][gc,phases      ] GC(191)   ObjectSynchronizer Weak        Min:  0.0, Avg:  0.0, Max:  0.0, Diff:  0.0, Sum:  0.0, Workers: 4
[1150.376s][debug][gc,phases      ] GC(191)     Dead                           Min: 0, Avg:  0.0, Max: 0, Diff: 0, Sum: 0, Workers: 4
[1150.376s][debug][gc,phases      ] GC(191)     Total                          Min: 0, Avg: 90.5, Max: 192, Diff: 192, Sum: 362, Workers: 4
[1150.376s][debug][gc,phases      ] GC(191)   JVMTI Tag Weak OopStorage      Min:  0.0, Avg:  0.0, Max:  0.0, Diff:  0.0, Sum:  0.0, Workers: 4
[1150.376s][debug][gc,phases      ] GC(191)     Dead                           Min: 0, Avg:  0.0, Max: 0, Diff: 0, Sum: 0, Workers: 4
[1150.376s][debug][gc,phases      ] GC(191)     Total                          Min: 0, Avg:  0.0, Max: 0, Diff: 0, Sum: 0, Workers: 4
[1150.376s][debug][gc,phases      ] GC(191)   StringTable Weak               Min:  0.1, Avg:  0.1, Max:  0.1, Diff:  0.0, Sum:  0.5, Workers: 4
[1150.376s][debug][gc,phases      ] GC(191)     Dead                           Min: 0, Avg:  0.0, Max: 0, Diff: 0, Sum: 0, Workers: 4
[1150.376s][debug][gc,phases      ] GC(191)     Total                          Min: 11318, Avg: 12013.5, Max: 12544, Diff: 1226, Sum: 48054, Workers: 4
[1150.376s][debug][gc,phases      ] GC(191)   ResolvedMethodTable Weak       Min:  0.0, Avg:  0.0, Max:  0.0, Diff:  0.0, Sum:  0.1, Workers: 4
[1150.376s][debug][gc,phases      ] GC(191)     Dead                           Min: 0, Avg:  0.0, Max: 0, Diff: 0, Sum: 0, Workers: 4
[1150.376s][debug][gc,phases      ] GC(191)     Total                          Min: 1828, Avg: 1977.5, Max: 2183, Diff: 355, Sum: 7910, Workers: 4
[1150.376s][debug][gc,phases      ] GC(191)   JNI Weak                       Min:  0.0, Avg:  0.0, Max:  0.0, Diff:  0.0, Sum:  0.0, Workers: 4
[1150.376s][debug][gc,phases      ] GC(191)     Dead                           Min: 0, Avg:  0.0, Max: 0, Diff: 0, Sum: 0, Workers: 4
[1150.376s][debug][gc,phases      ] GC(191)     Total                          Min: 0, Avg:  0.0, Max: 0, Diff: 0, Sum: 0, Workers: 4
[1150.376s][debug][gc,phases      ] GC(191)   StringDedup Table Weak         Min:  0.0, Avg:  0.0, Max:  0.0, Diff:  0.0, Sum:  0.0, Workers: 4
[1150.376s][debug][gc,phases      ] GC(191)     Dead                           Min: 0, Avg:  0.0, Max: 0, Diff: 0, Sum: 0, Workers: 4
[1150.376s][debug][gc,phases      ] GC(191)     Total                          Min: 0, Avg:  0.0, Max: 0, Diff: 0, Sum: 0, Workers: 4
[1150.376s][debug][gc,phases      ] GC(191)   StringDedup Requests0 Weak     Min:  0.0, Avg:  0.0, Max:  0.0, Diff:  0.0, Sum:  0.0, Workers: 4
[1150.376s][debug][gc,phases      ] GC(191)     Dead                           Min: 0, Avg:  0.0, Max: 0, Diff: 0, Sum: 0, Workers: 4
[1150.376s][debug][gc,phases      ] GC(191)     Total                          Min: 0, Avg:  0.0, Max: 0, Diff: 0, Sum: 0, Workers: 4
[1150.376s][debug][gc,phases      ] GC(191)   StringDedup Requests1 Weak     Min:  0.0, Avg:  0.0, Max:  0.0, Diff:  0.0, Sum:  0.0, Workers: 4
[1150.376s][debug][gc,phases      ] GC(191)     Dead                           Min: 0, Avg:  0.0, Max: 0, Diff: 0, Sum: 0, Workers: 4
[1150.376s][debug][gc,phases      ] GC(191)     Total                          Min: 0, Avg:  0.0, Max: 0, Diff: 0, Sum: 0, Workers: 4
[1150.376s][debug][gc,phases      ] GC(191)   Weak JFR Old Object Samples    Min:  0.0, Avg:  0.0, Max:  0.0, Diff:  0.0, Sum:  0.0, Workers: 4
[1150.376s][debug][gc,phases      ] GC(191)     Dead                           Min: 0, Avg:  0.0, Max: 0, Diff: 0, Sum: 0, Workers: 4
[1150.376s][debug][gc,phases      ] GC(191)     Total                          Min: 0, Avg:  0.0, Max: 0, Diff: 0, Sum: 0, Workers: 4
[1150.376s][debug][gc,phases      ] GC(191) Weak Processing 0.353ms
[1150.376s][debug][gc,age         ] GC(191) Desired survivor size 56098816 bytes, new threshold 15 (max threshold 15)
[1150.376s][info ][gc,heap        ] GC(191) PSYoungGen: 2016896K(2041344K)->32448K(2040320K) Eden: 1984512K(1984512K)->0K(1984512K) From: 32384K(56832K)->32448K(55808K)
[1150.376s][info ][gc,heap        ] GC(191) ParOldGen: 555722K(632832K)->555722K(632832K)
[1150.376s][info ][gc,metaspace   ] GC(191) Metaspace: 81840K(82688K)->81840K(82688K) NonClass: 70379K(70848K)->70379K(70848K) Class: 11461K(11840K)->11461K(11840K)
[1150.376s][info ][gc             ] GC(191) Pause Young (Allocation Failure) 2512M->574M(2610M) 7.842ms
[1150.376s][info ][gc,cpu         ] GC(191) User=0.03s Sys=0.00s Real=0.01s
[1150.376s][info ][safepoint      ] Safepoint "ParallelGCFailedAllocation", Time since last: 13606130007 ns, Reaching safepoint: 49701 ns, At safepoint: 7927519 ns, Total: 7977220 ns
[1155.376s][info ][safepoint      ] Safepoint "Cleanup", Time since last: 5000358684 ns, Reaching safepoint: 47001 ns, At safepoint: 9500 ns, Total: 56501 ns
[1162.377s][info ][safepoint      ] Safepoint "Cleanup", Time since last: 7000455248 ns, Reaching safepoint: 50401 ns, At safepoint: 12600 ns, Total: 63001 ns
[1164.170s][info ][gc,start       ] GC(192) Pause Young (Allocation Failure)
[1164.179s][debug][gc,phases      ] GC(192) Scavenge 9.276ms
[1164.179s][debug][gc,ref         ] GC(192) Skipped phase 1 of Reference Processing: no references
[1164.179s][debug][gc,ref         ] GC(192) Skipped phase 2 of Reference Processing: no references
[1164.179s][debug][gc,ref         ] GC(192) Skipped phase 3 of Reference Processing: no references
[1164.179s][debug][gc,ref         ] GC(192) Skipped phase 4 of Reference Processing: no references
[1164.179s][debug][gc,phases      ] GC(192) Reference Processing 0.029ms
[1164.180s][debug][gc,phases      ] GC(192)   VM Weak                        Min:  0.0, Avg:  0.0, Max:  0.0, Diff:  0.0, Sum:  0.0, Workers: 4
[1164.180s][debug][gc,phases      ] GC(192)     Dead                           Min: 0, Avg:  0.0, Max: 0, Diff: 0, Sum: 0, Workers: 4
[1164.180s][debug][gc,phases      ] GC(192)     Total                          Min: 0, Avg: 167.5, Max: 576, Diff: 576, Sum: 670, Workers: 4
[1164.180s][debug][gc,phases      ] GC(192)   ObjectSynchronizer Weak        Min:  0.0, Avg:  0.0, Max:  0.0, Diff:  0.0, Sum:  0.0, Workers: 4
[1164.180s][debug][gc,phases      ] GC(192)     Dead                           Min: 0, Avg:  0.0, Max: 0, Diff: 0, Sum: 0, Workers: 4
[1164.180s][debug][gc,phases      ] GC(192)     Total                          Min: 0, Avg: 90.5, Max: 170, Diff: 170, Sum: 362, Workers: 4
[1164.180s][debug][gc,phases      ] GC(192)   JVMTI Tag Weak OopStorage      Min:  0.0, Avg:  0.0, Max:  0.0, Diff:  0.0, Sum:  0.0, Workers: 4
[1164.180s][debug][gc,phases      ] GC(192)     Dead                           Min: 0, Avg:  0.0, Max: 0, Diff: 0, Sum: 0, Workers: 4
[1164.180s][debug][gc,phases      ] GC(192)     Total                          Min: 0, Avg:  0.0, Max: 0, Diff: 0, Sum: 0, Workers: 4
[1164.180s][debug][gc,phases      ] GC(192)   StringTable Weak               Min:  0.1, Avg:  0.1, Max:  0.1, Diff:  0.0, Sum:  0.5, Workers: 4
[1164.180s][debug][gc,phases      ] GC(192)     Dead                           Min: 0, Avg:  0.0, Max: 0, Diff: 0, Sum: 0, Workers: 4
[1164.180s][debug][gc,phases      ] GC(192)     Total                          Min: 11584, Avg: 12013.5, Max: 12736, Diff: 1152, Sum: 48054, Workers: 4
[1164.180s][debug][gc,phases      ] GC(192)   ResolvedMethodTable Weak       Min:  0.0, Avg:  0.0, Max:  0.0, Diff:  0.0, Sum:  0.1, Workers: 4
[1164.180s][debug][gc,phases      ] GC(192)     Dead                           Min: 0, Avg:  0.0, Max: 0, Diff: 0, Sum: 0, Workers: 4
[1164.180s][debug][gc,phases      ] GC(192)     Total                          Min: 1757, Avg: 1977.5, Max: 2160, Diff: 403, Sum: 7910, Workers: 4
[1164.180s][debug][gc,phases      ] GC(192)   JNI Weak                       Min:  0.0, Avg:  0.0, Max:  0.0, Diff:  0.0, Sum:  0.0, Workers: 4
[1164.180s][debug][gc,phases      ] GC(192)     Dead                           Min: 0, Avg:  0.0, Max: 0, Diff: 0, Sum: 0, Workers: 4
[1164.180s][debug][gc,phases      ] GC(192)     Total                          Min: 0, Avg:  0.0, Max: 0, Diff: 0, Sum: 0, Workers: 4
[1164.180s][debug][gc,phases      ] GC(192)   StringDedup Table Weak         Min:  0.0, Avg:  0.0, Max:  0.0, Diff:  0.0, Sum:  0.0, Workers: 4
[1164.180s][debug][gc,phases      ] GC(192)     Dead                           Min: 0, Avg:  0.0, Max: 0, Diff: 0, Sum: 0, Workers: 4
[1164.180s][debug][gc,phases      ] GC(192)     Total                          Min: 0, Avg:  0.0, Max: 0, Diff: 0, Sum: 0, Workers: 4
[1164.180s][debug][gc,phases      ] GC(192)   StringDedup Requests0 Weak     Min:  0.0, Avg:  0.0, Max:  0.0, Diff:  0.0, Sum:  0.0, Workers: 4
[1164.180s][debug][gc,phases      ] GC(192)     Dead                           Min: 0, Avg:  0.0, Max: 0, Diff: 0, Sum: 0, Workers: 4
[1164.180s][debug][gc,phases      ] GC(192)     Total                          Min: 0, Avg:  0.0, Max: 0, Diff: 0, Sum: 0, Workers: 4
[1164.180s][debug][gc,phases      ] GC(192)   StringDedup Requests1 Weak     Min:  0.0, Avg:  0.0, Max:  0.0, Diff:  0.0, Sum:  0.0, Workers: 4
[1164.180s][debug][gc,phases      ] GC(192)     Dead                           Min: 0, Avg:  0.0, Max: 0, Diff: 0, Sum: 0, Workers: 4
[1164.180s][debug][gc,phases      ] GC(192)     Total                          Min: 0, Avg:  0.0, Max: 0, Diff: 0, Sum: 0, Workers: 4
[1164.180s][debug][gc,phases      ] GC(192)   Weak JFR Old Object Samples    Min:  0.0, Avg:  0.0, Max:  0.0, Diff:  0.0, Sum:  0.0, Workers: 4
[1164.180s][debug][gc,phases      ] GC(192)     Dead                           Min: 0, Avg:  0.0, Max: 0, Diff: 0, Sum: 0, Workers: 4
[1164.180s][debug][gc,phases      ] GC(192)     Total                          Min: 0, Avg:  0.0, Max: 0, Diff: 0, Sum: 0, Workers: 4
[1164.180s][debug][gc,phases      ] GC(192) Weak Processing 0.342ms
[1164.180s][debug][gc,age         ] GC(192) Desired survivor size 55050240 bytes, new threshold 15 (max threshold 15)
[1164.180s][info ][gc,heap        ] GC(192) PSYoungGen: 2016960K(2040320K)->32480K(2043392K) Eden: 1984512K(1984512K)->0K(1988608K) From: 32448K(55808K)->32480K(54784K)
[1164.180s][info ][gc,heap        ] GC(192) ParOldGen: 555722K(632832K)->555722K(632832K)
[1164.180s][info ][gc,metaspace   ] GC(192) Metaspace: 81840K(82688K)->81840K(82688K) NonClass: 70379K(70848K)->70379K(70848K) Class: 11461K(11840K)->11461K(11840K)
[1164.180s][info ][gc             ] GC(192) Pause Young (Allocation Failure) 2512M->574M(2613M) 9.787ms
[1164.180s][info ][gc,cpu         ] GC(192) User=0.03s Sys=0.00s Real=0.01s
[1164.180s][info ][safepoint      ] Safepoint "ParallelGCFailedAllocation", Time since last: 1793186258 ns, Reaching safepoint: 32901 ns, At safepoint: 9863948 ns, Total: 9896849 ns
[1175.181s][info ][safepoint      ] Safepoint "Cleanup", Time since last: 11000785166 ns, Reaching safepoint: 64101 ns, At safepoint: 6600 ns, Total: 70701 ns
[1176.294s][info ][gc,start       ] GC(193) Pause Young (Allocation Failure)
[1176.302s][debug][gc,phases      ] GC(193) Scavenge 7.818ms
[1176.302s][debug][gc,ref         ] GC(193) Skipped phase 1 of Reference Processing: no references
[1176.302s][debug][gc,ref         ] GC(193) Skipped phase 2 of Reference Processing: no references
[1176.302s][debug][gc,ref         ] GC(193) Skipped phase 3 of Reference Processing: no references
[1176.302s][debug][gc,ref         ] GC(193) Skipped phase 4 of Reference Processing: no references
[1176.302s][debug][gc,phases      ] GC(193) Reference Processing 0.040ms
[1176.302s][debug][gc,phases      ] GC(193)   VM Weak                        Min:  0.0, Avg:  0.0, Max:  0.0, Diff:  0.0, Sum:  0.0, Workers: 4
[1176.302s][debug][gc,phases      ] GC(193)     Dead                           Min: 0, Avg:  0.0, Max: 0, Diff: 0, Sum: 0, Workers: 4
[1176.302s][debug][gc,phases      ] GC(193)     Total                          Min: 0, Avg: 167.5, Max: 448, Diff: 448, Sum: 670, Workers: 4
[1176.302s][debug][gc,phases      ] GC(193)   ObjectSynchronizer Weak        Min:  0.0, Avg:  0.0, Max:  0.0, Diff:  0.0, Sum:  0.0, Workers: 4
[1176.302s][debug][gc,phases      ] GC(193)     Dead                           Min: 0, Avg:  0.0, Max: 0, Diff: 0, Sum: 0, Workers: 4
[1176.302s][debug][gc,phases      ] GC(193)     Total                          Min: 0, Avg: 90.5, Max: 170, Diff: 170, Sum: 362, Workers: 4
[1176.302s][debug][gc,phases      ] GC(193)   JVMTI Tag Weak OopStorage      Min:  0.0, Avg:  0.0, Max:  0.0, Diff:  0.0, Sum:  0.0, Workers: 4
[1176.302s][debug][gc,phases      ] GC(193)     Dead                           Min: 0, Avg:  0.0, Max: 0, Diff: 0, Sum: 0, Workers: 4
[1176.302s][debug][gc,phases      ] GC(193)     Total                          Min: 0, Avg:  0.0, Max: 0, Diff: 0, Sum: 0, Workers: 4
[1176.302s][debug][gc,phases      ] GC(193)   StringTable Weak               Min:  0.1, Avg:  0.1, Max:  0.1, Diff:  0.0, Sum:  0.5, Workers: 4
[1176.302s][debug][gc,phases      ] GC(193)     Dead                           Min: 0, Avg:  0.0, Max: 0, Diff: 0, Sum: 0, Workers: 4
[1176.302s][debug][gc,phases      ] GC(193)     Total                          Min: 11456, Avg: 12013.5, Max: 13120, Diff: 1664, Sum: 48054, Workers: 4
[1176.302s][debug][gc,phases      ] GC(193)   ResolvedMethodTable Weak       Min:  0.0, Avg:  0.0, Max:  0.0, Diff:  0.0, Sum:  0.1, Workers: 4
[1176.302s][debug][gc,phases      ] GC(193)     Dead                           Min: 0, Avg:  0.0, Max: 0, Diff: 0, Sum: 0, Workers: 4
[1176.302s][debug][gc,phases      ] GC(193)     Total                          Min: 1301, Avg: 1977.5, Max: 2670, Diff: 1369, Sum: 7910, Workers: 4
[1176.302s][debug][gc,phases      ] GC(193)   JNI Weak                       Min:  0.0, Avg:  0.0, Max:  0.0, Diff:  0.0, Sum:  0.0, Workers: 4
[1176.302s][debug][gc,phases      ] GC(193)     Dead                           Min: 0, Avg:  0.0, Max: 0, Diff: 0, Sum: 0, Workers: 4
[1176.302s][debug][gc,phases      ] GC(193)     Total                          Min: 0, Avg:  0.0, Max: 0, Diff: 0, Sum: 0, Workers: 4
[1176.302s][debug][gc,phases      ] GC(193)   StringDedup Table Weak         Min:  0.0, Avg:  0.0, Max:  0.0, Diff:  0.0, Sum:  0.0, Workers: 4
[1176.302s][debug][gc,phases      ] GC(193)     Dead                           Min: 0, Avg:  0.0, Max: 0, Diff: 0, Sum: 0, Workers: 4
[1176.302s][debug][gc,phases      ] GC(193)     Total                          Min: 0, Avg:  0.0, Max: 0, Diff: 0, Sum: 0, Workers: 4
[1176.303s][debug][gc,phases      ] GC(193)   StringDedup Requests0 Weak     Min:  0.0, Avg:  0.0, Max:  0.0, Diff:  0.0, Sum:  0.0, Workers: 4
[1176.303s][debug][gc,phases      ] GC(193)     Dead                           Min: 0, Avg:  0.0, Max: 0, Diff: 0, Sum: 0, Workers: 4
[1176.303s][debug][gc,phases      ] GC(193)     Total                          Min: 0, Avg:  0.0, Max: 0, Diff: 0, Sum: 0, Workers: 4
[1176.303s][debug][gc,phases      ] GC(193)   StringDedup Requests1 Weak     Min:  0.0, Avg:  0.0, Max:  0.0, Diff:  0.0, Sum:  0.0, Workers: 4
[1176.303s][debug][gc,phases      ] GC(193)     Dead                           Min: 0, Avg:  0.0, Max: 0, Diff: 0, Sum: 0, Workers: 4
[1176.303s][debug][gc,phases      ] GC(193)     Total                          Min: 0, Avg:  0.0, Max: 0, Diff: 0, Sum: 0, Workers: 4
[1176.303s][debug][gc,phases      ] GC(193)   Weak JFR Old Object Samples    Min:  0.0, Avg:  0.0, Max:  0.0, Diff:  0.0, Sum:  0.0, Workers: 4
[1176.303s][debug][gc,phases      ] GC(193)     Dead                           Min: 0, Avg:  0.0, Max: 0, Diff: 0, Sum: 0, Workers: 4
[1176.303s][debug][gc,phases      ] GC(193)     Total                          Min: 0, Avg:  0.0, Max: 0, Diff: 0, Sum: 0, Workers: 4
[1176.303s][debug][gc,phases      ] GC(193) Weak Processing 0.391ms
[1176.303s][debug][gc,age         ] GC(193) Desired survivor size 54001664 bytes, new threshold 15 (max threshold 15)
[1176.303s][info ][gc,heap        ] GC(193) PSYoungGen: 2021088K(2043392K)->31872K(2042368K) Eden: 1988608K(1988608K)->0K(1988608K) From: 32480K(54784K)->31872K(53760K)
[1176.303s][info ][gc,heap        ] GC(193) ParOldGen: 555722K(632832K)->556386K(632832K)
[1176.303s][info ][gc,metaspace   ] GC(193) Metaspace: 81848K(82688K)->81848K(82688K) NonClass: 70387K(70848K)->70387K(70848K) Class: 11461K(11840K)->11461K(11840K)
[1176.303s][info ][gc             ] GC(193) Pause Young (Allocation Failure) 2516M->574M(2612M) 8.388ms
[1176.303s][info ][gc,cpu         ] GC(193) User=0.04s Sys=0.00s Real=0.00s
[1176.303s][info ][safepoint      ] Safepoint "ParallelGCFailedAllocation", Time since last: 1113470436 ns, Reaching safepoint: 37601 ns, At safepoint: 8484827 ns, Total: 8522428 ns
[1180.303s][info ][safepoint      ] Safepoint "Cleanup", Time since last: 4000264126 ns, Reaching safepoint: 57801 ns, At safepoint: 7800 ns, Total: 65601 ns
[1185.303s][info ][safepoint      ] Safepoint "Cleanup", Time since last: 5000370452 ns, Reaching safepoint: 47201 ns, At safepoint: 13800 ns, Total: 61001 ns
[1188.923s][info ][gc,start       ] GC(194) Pause Young (Allocation Failure)
[1188.932s][debug][gc,phases      ] GC(194) Scavenge 9.257ms
[1188.932s][debug][gc,ref         ] GC(194) Skipped phase 1 of Reference Processing: no references
[1188.932s][debug][gc,ref         ] GC(194) Skipped phase 2 of Reference Processing: no references
[1188.932s][debug][gc,ref         ] GC(194) Skipped phase 3 of Reference Processing: no references
[1188.932s][debug][gc,ref         ] GC(194) Skipped phase 4 of Reference Processing: no references
[1188.932s][debug][gc,phases      ] GC(194) Reference Processing 0.047ms
[1188.933s][debug][gc,phases      ] GC(194)   VM Weak                        Min:  0.0, Avg:  0.0, Max:  0.0, Diff:  0.0, Sum:  0.0, Workers: 4
[1188.933s][debug][gc,phases      ] GC(194)     Dead                           Min: 0, Avg:  0.0, Max: 0, Diff: 0, Sum: 0, Workers: 4
[1188.933s][debug][gc,phases      ] GC(194)     Total                          Min: 0, Avg: 167.5, Max: 350, Diff: 350, Sum: 670, Workers: 4
[1188.933s][debug][gc,phases      ] GC(194)   ObjectSynchronizer Weak        Min:  0.0, Avg:  0.0, Max:  0.0, Diff:  0.0, Sum:  0.0, Workers: 4
[1188.933s][debug][gc,phases      ] GC(194)     Dead                           Min: 0, Avg:  0.0, Max: 0, Diff: 0, Sum: 0, Workers: 4
[1188.933s][debug][gc,phases      ] GC(194)     Total                          Min: 0, Avg: 90.5, Max: 170, Diff: 170, Sum: 362, Workers: 4
[1188.933s][debug][gc,phases      ] GC(194)   JVMTI Tag Weak OopStorage      Min:  0.0, Avg:  0.0, Max:  0.0, Diff:  0.0, Sum:  0.0, Workers: 4
[1188.933s][debug][gc,phases      ] GC(194)     Dead                           Min: 0, Avg:  0.0, Max: 0, Diff: 0, Sum: 0, Workers: 4
[1188.933s][debug][gc,phases      ] GC(194)     Total                          Min: 0, Avg:  0.0, Max: 0, Diff: 0, Sum: 0, Workers: 4
[1188.933s][debug][gc,phases      ] GC(194)   StringTable Weak               Min:  0.1, Avg:  0.1, Max:  0.1, Diff:  0.0, Sum:  0.5, Workers: 4
[1188.933s][debug][gc,phases      ] GC(194)     Dead                           Min: 0, Avg:  0.0, Max: 0, Diff: 0, Sum: 0, Workers: 4
[1188.933s][debug][gc,phases      ] GC(194)     Total                          Min: 11648, Avg: 12013.5, Max: 12224, Diff: 576, Sum: 48054, Workers: 4
[1188.933s][debug][gc,phases      ] GC(194)   ResolvedMethodTable Weak       Min:  0.0, Avg:  0.0, Max:  0.0, Diff:  0.0, Sum:  0.1, Workers: 4
[1188.933s][debug][gc,phases      ] GC(194)     Dead                           Min: 0, Avg:  0.0, Max: 0, Diff: 0, Sum: 0, Workers: 4
[1188.933s][debug][gc,phases      ] GC(194)     Total                          Min: 1846, Avg: 1977.5, Max: 2179, Diff: 333, Sum: 7910, Workers: 4
[1188.933s][debug][gc,phases      ] GC(194)   JNI Weak                       Min:  0.0, Avg:  0.0, Max:  0.0, Diff:  0.0, Sum:  0.0, Workers: 4
[1188.933s][debug][gc,phases      ] GC(194)     Dead                           Min: 0, Avg:  0.0, Max: 0, Diff: 0, Sum: 0, Workers: 4
[1188.933s][debug][gc,phases      ] GC(194)     Total                          Min: 0, Avg:  0.0, Max: 0, Diff: 0, Sum: 0, Workers: 4
[1188.933s][debug][gc,phases      ] GC(194)   StringDedup Table Weak         Min:  0.0, Avg:  0.0, Max:  0.0, Diff:  0.0, Sum:  0.0, Workers: 4
[1188.933s][debug][gc,phases      ] GC(194)     Dead                           Min: 0, Avg:  0.0, Max: 0, Diff: 0, Sum: 0, Workers: 4
[1188.933s][debug][gc,phases      ] GC(194)     Total                          Min: 0, Avg:  0.0, Max: 0, Diff: 0, Sum: 0, Workers: 4
[1188.933s][debug][gc,phases      ] GC(194)   StringDedup Requests0 Weak     Min:  0.0, Avg:  0.0, Max:  0.0, Diff:  0.0, Sum:  0.0, Workers: 4
[1188.933s][debug][gc,phases      ] GC(194)     Dead                           Min: 0, Avg:  0.0, Max: 0, Diff: 0, Sum: 0, Workers: 4
[1188.933s][debug][gc,phases      ] GC(194)     Total                          Min: 0, Avg:  0.0, Max: 0, Diff: 0, Sum: 0, Workers: 4
[1188.933s][debug][gc,phases      ] GC(194)   StringDedup Requests1 Weak     Min:  0.0, Avg:  0.0, Max:  0.0, Diff:  0.0, Sum:  0.0, Workers: 4
[1188.933s][debug][gc,phases      ] GC(194)     Dead                           Min: 0, Avg:  0.0, Max: 0, Diff: 0, Sum: 0, Workers: 4
[1188.933s][debug][gc,phases      ] GC(194)     Total                          Min: 0, Avg:  0.0, Max: 0, Diff: 0, Sum: 0, Workers: 4
[1188.933s][debug][gc,phases      ] GC(194)   Weak JFR Old Object Samples    Min:  0.0, Avg:  0.0, Max:  0.0, Diff:  0.0, Sum:  0.0, Workers: 4
[1188.933s][debug][gc,phases      ] GC(194)     Dead                           Min: 0, Avg:  0.0, Max: 0, Diff: 0, Sum: 0, Workers: 4
[1188.933s][debug][gc,phases      ] GC(194)     Total                          Min: 0, Avg:  0.0, Max: 0, Diff: 0, Sum: 0, Workers: 4
[1188.933s][debug][gc,phases      ] GC(194) Weak Processing 0.339ms
[1188.933s][debug][gc,age         ] GC(194) Desired survivor size 55050240 bytes, new threshold 15 (max threshold 15)
[1188.933s][info ][gc,heap        ] GC(194) PSYoungGen: 2020480K(2042368K)->7328K(2042368K) Eden: 1988608K(1988608K)->0K(1989632K) From: 31872K(53760K)->7328K(52736K)
[1188.933s][info ][gc,heap        ] GC(194) ParOldGen: 556386K(632832K)->583202K(632832K)
[1188.933s][info ][gc,metaspace   ] GC(194) Metaspace: 81853K(82688K)->81853K(82688K) NonClass: 70392K(70848K)->70392K(70848K) Class: 11461K(11840K)->11461K(11840K)
[1188.933s][info ][gc             ] GC(194) Pause Young (Allocation Failure) 2516M->576M(2612M) 9.779ms
[1188.933s][info ][gc,cpu         ] GC(194) User=0.04s Sys=0.00s Real=0.02s
[1188.933s][info ][safepoint      ] Safepoint "ParallelGCFailedAllocation", Time since last: 3619540397 ns, Reaching safepoint: 51301 ns, At safepoint: 9860948 ns, Total: 9912249 ns
[1197.934s][info ][safepoint      ] Safepoint "Cleanup", Time since last: 9000600254 ns, Reaching safepoint: 53601 ns, At safepoint: 4100 ns, Total: 57701 ns
[1201.969s][info ][gc,start       ] GC(195) Pause Young (Allocation Failure)
[1201.973s][debug][gc,phases      ] GC(195) Scavenge 3.288ms
[1201.973s][debug][gc,ref         ] GC(195) Skipped phase 1 of Reference Processing: no references
[1201.973s][debug][gc,ref         ] GC(195) Skipped phase 2 of Reference Processing: no references
[1201.973s][debug][gc,ref         ] GC(195) Skipped phase 3 of Reference Processing: no references
[1201.973s][debug][gc,ref         ] GC(195) Skipped phase 4 of Reference Processing: no references
[1201.973s][debug][gc,phases      ] GC(195) Reference Processing 0.036ms
[1201.973s][debug][gc,phases      ] GC(195)   VM Weak                        Min:  0.0, Avg:  0.0, Max:  0.0, Diff:  0.0, Sum:  0.0, Workers: 4
[1201.973s][debug][gc,phases      ] GC(195)     Dead                           Min: 0, Avg:  0.0, Max: 0, Diff: 0, Sum: 0, Workers: 4
[1201.973s][debug][gc,phases      ] GC(195)     Total                          Min: 0, Avg: 167.5, Max: 350, Diff: 350, Sum: 670, Workers: 4
[1201.973s][debug][gc,phases      ] GC(195)   ObjectSynchronizer Weak        Min:  0.0, Avg:  0.0, Max:  0.0, Diff:  0.0, Sum:  0.0, Workers: 4
[1201.973s][debug][gc,phases      ] GC(195)     Dead                           Min: 0, Avg:  0.0, Max: 0, Diff: 0, Sum: 0, Workers: 4
[1201.973s][debug][gc,phases      ] GC(195)     Total                          Min: 0, Avg: 90.5, Max: 170, Diff: 170, Sum: 362, Workers: 4
[1201.973s][debug][gc,phases      ] GC(195)   JVMTI Tag Weak OopStorage      Min:  0.0, Avg:  0.0, Max:  0.0, Diff:  0.0, Sum:  0.0, Workers: 4
[1201.973s][debug][gc,phases      ] GC(195)     Dead                           Min: 0, Avg:  0.0, Max: 0, Diff: 0, Sum: 0, Workers: 4
[1201.973s][debug][gc,phases      ] GC(195)     Total                          Min: 0, Avg:  0.0, Max: 0, Diff: 0, Sum: 0, Workers: 4
[1201.973s][debug][gc,phases      ] GC(195)   StringTable Weak               Min:  0.1, Avg:  0.1, Max:  0.1, Diff:  0.0, Sum:  0.4, Workers: 4
[1201.973s][debug][gc,phases      ] GC(195)     Dead                           Min: 0, Avg:  0.0, Max: 0, Diff: 0, Sum: 0, Workers: 4
[1201.973s][debug][gc,phases      ] GC(195)     Total                          Min: 11456, Avg: 12013.5, Max: 12800, Diff: 1344, Sum: 48054, Workers: 4
[1201.973s][debug][gc,phases      ] GC(195)   ResolvedMethodTable Weak       Min:  0.0, Avg:  0.0, Max:  0.0, Diff:  0.0, Sum:  0.1, Workers: 4
[1201.973s][debug][gc,phases      ] GC(195)     Dead                           Min: 0, Avg:  0.0, Max: 0, Diff: 0, Sum: 0, Workers: 4
[1201.973s][debug][gc,phases      ] GC(195)     Total                          Min: 1831, Avg: 1977.5, Max: 2094, Diff: 263, Sum: 7910, Workers: 4
[1201.973s][debug][gc,phases      ] GC(195)   JNI Weak                       Min:  0.0, Avg:  0.0, Max:  0.0, Diff:  0.0, Sum:  0.0, Workers: 4
[1201.973s][debug][gc,phases      ] GC(195)     Dead                           Min: 0, Avg:  0.0, Max: 0, Diff: 0, Sum: 0, Workers: 4
[1201.973s][debug][gc,phases      ] GC(195)     Total                          Min: 0, Avg:  0.0, Max: 0, Diff: 0, Sum: 0, Workers: 4
[1201.973s][debug][gc,phases      ] GC(195)   StringDedup Table Weak         Min:  0.0, Avg:  0.0, Max:  0.0, Diff:  0.0, Sum:  0.0, Workers: 4
[1201.973s][debug][gc,phases      ] GC(195)     Dead                           Min: 0, Avg:  0.0, Max: 0, Diff: 0, Sum: 0, Workers: 4
[1201.973s][debug][gc,phases      ] GC(195)     Total                          Min: 0, Avg:  0.0, Max: 0, Diff: 0, Sum: 0, Workers: 4
[1201.973s][debug][gc,phases      ] GC(195)   StringDedup Requests0 Weak     Min:  0.0, Avg:  0.0, Max:  0.0, Diff:  0.0, Sum:  0.0, Workers: 4
[1201.973s][debug][gc,phases      ] GC(195)     Dead                           Min: 0, Avg:  0.0, Max: 0, Diff: 0, Sum: 0, Workers: 4
[1201.973s][debug][gc,phases      ] GC(195)     Total                          Min: 0, Avg:  0.0, Max: 0, Diff: 0, Sum: 0, Workers: 4
[1201.973s][debug][gc,phases      ] GC(195)   StringDedup Requests1 Weak     Min:  0.0, Avg:  0.0, Max:  0.0, Diff:  0.0, Sum:  0.0, Workers: 4
[1201.973s][debug][gc,phases      ] GC(195)     Dead                           Min: 0, Avg:  0.0, Max: 0, Diff: 0, Sum: 0, Workers: 4
[1201.973s][debug][gc,phases      ] GC(195)     Total                          Min: 0, Avg:  0.0, Max: 0, Diff: 0, Sum: 0, Workers: 4
[1201.973s][debug][gc,phases      ] GC(195)   Weak JFR Old Object Samples    Min:  0.0, Avg:  0.0, Max:  0.0, Diff:  0.0, Sum:  0.0, Workers: 4
[1201.973s][debug][gc,phases      ] GC(195)     Dead                           Min: 0, Avg:  0.0, Max: 0, Diff: 0, Sum: 0, Workers: 4
[1201.973s][debug][gc,phases      ] GC(195)     Total                          Min: 0, Avg:  0.0, Max: 0, Diff: 0, Sum: 0, Workers: 4
[1201.973s][debug][gc,phases      ] GC(195) Weak Processing 0.396ms
[1201.973s][debug][gc,age         ] GC(195) Desired survivor size 56623104 bytes, new threshold 15 (max threshold 15)
[1201.973s][info ][gc,heap        ] GC(195) PSYoungGen: 1996960K(2042368K)->2624K(1992704K) Eden: 1989632K(1989632K)->0K(1989632K) From: 7328K(52736K)->2624K(3072K)
[1201.973s][info ][gc,heap        ] GC(195) ParOldGen: 583202K(632832K)->588090K(632832K)
[1201.973s][info ][gc,metaspace   ] GC(195) Metaspace: 81854K(82688K)->81854K(82688K) NonClass: 70393K(70848K)->70393K(70848K) Class: 11461K(11840K)->11461K(11840K)
[1201.973s][info ][gc             ] GC(195) Pause Young (Allocation Failure) 2519M->576M(2564M) 3.870ms
[1201.973s][info ][gc,cpu         ] GC(195) User=0.01s Sys=0.00s Real=0.01s
[1201.973s][info ][safepoint      ] Safepoint "ParallelGCFailedAllocation", Time since last: 4035722740 ns, Reaching safepoint: 56601 ns, At safepoint: 3967760 ns, Total: 4024361 ns
[1215.123s][info ][gc,start       ] GC(196) Pause Young (Allocation Failure)
[1215.125s][debug][gc,phases      ] GC(196) Scavenge 2.112ms
[1215.125s][debug][gc,ref         ] GC(196) Skipped phase 1 of Reference Processing: no references
[1215.125s][debug][gc,ref         ] GC(196) Skipped phase 2 of Reference Processing: no references
[1215.125s][debug][gc,ref         ] GC(196) Skipped phase 3 of Reference Processing: no references
[1215.125s][debug][gc,ref         ] GC(196) Skipped phase 4 of Reference Processing: no references
[1215.125s][debug][gc,phases      ] GC(196) Reference Processing 0.035ms
[1215.125s][debug][gc,phases      ] GC(196)   VM Weak                        Min:  0.0, Avg:  0.0, Max:  0.0, Diff:  0.0, Sum:  0.0, Workers: 4
[1215.125s][debug][gc,phases      ] GC(196)     Dead                           Min: 0, Avg:  0.0, Max: 0, Diff: 0, Sum: 0, Workers: 4
[1215.125s][debug][gc,phases      ] GC(196)     Total                          Min: 0, Avg: 167.5, Max: 576, Diff: 576, Sum: 670, Workers: 4
[1215.125s][debug][gc,phases      ] GC(196)   ObjectSynchronizer Weak        Min:  0.0, Avg:  0.0, Max:  0.0, Diff:  0.0, Sum:  0.0, Workers: 4
[1215.125s][debug][gc,phases      ] GC(196)     Dead                           Min: 0, Avg:  0.0, Max: 0, Diff: 0, Sum: 0, Workers: 4
[1215.125s][debug][gc,phases      ] GC(196)     Total                          Min: 0, Avg: 90.5, Max: 170, Diff: 170, Sum: 362, Workers: 4
[1215.125s][debug][gc,phases      ] GC(196)   JVMTI Tag Weak OopStorage      Min:  0.0, Avg:  0.0, Max:  0.0, Diff:  0.0, Sum:  0.0, Workers: 4
[1215.125s][debug][gc,phases      ] GC(196)     Dead                           Min: 0, Avg:  0.0, Max: 0, Diff: 0, Sum: 0, Workers: 4
[1215.125s][debug][gc,phases      ] GC(196)     Total                          Min: 0, Avg:  0.0, Max: 0, Diff: 0, Sum: 0, Workers: 4
[1215.125s][debug][gc,phases      ] GC(196)   StringTable Weak               Min:  0.1, Avg:  0.1, Max:  0.1, Diff:  0.0, Sum:  0.5, Workers: 4
[1215.125s][debug][gc,phases      ] GC(196)     Dead                           Min: 0, Avg:  0.0, Max: 0, Diff: 0, Sum: 0, Workers: 4
[1215.125s][debug][gc,phases      ] GC(196)     Total                          Min: 11072, Avg: 12013.5, Max: 12672, Diff: 1600, Sum: 48054, Workers: 4
[1215.125s][debug][gc,phases      ] GC(196)   ResolvedMethodTable Weak       Min:  0.0, Avg:  0.0, Max:  0.0, Diff:  0.0, Sum:  0.1, Workers: 4
[1215.125s][debug][gc,phases      ] GC(196)     Dead                           Min: 0, Avg:  0.0, Max: 0, Diff: 0, Sum: 0, Workers: 4
[1215.125s][debug][gc,phases      ] GC(196)     Total                          Min: 1864, Avg: 1977.5, Max: 2169, Diff: 305, Sum: 7910, Workers: 4
[1215.125s][debug][gc,phases      ] GC(196)   JNI Weak                       Min:  0.0, Avg:  0.0, Max:  0.0, Diff:  0.0, Sum:  0.0, Workers: 4
[1215.125s][debug][gc,phases      ] GC(196)     Dead                           Min: 0, Avg:  0.0, Max: 0, Diff: 0, Sum: 0, Workers: 4
[1215.125s][debug][gc,phases      ] GC(196)     Total                          Min: 0, Avg:  0.0, Max: 0, Diff: 0, Sum: 0, Workers: 4
[1215.125s][debug][gc,phases      ] GC(196)   StringDedup Table Weak         Min:  0.0, Avg:  0.0, Max:  0.0, Diff:  0.0, Sum:  0.0, Workers: 4
[1215.125s][debug][gc,phases      ] GC(196)     Dead                           Min: 0, Avg:  0.0, Max: 0, Diff: 0, Sum: 0, Workers: 4
[1215.125s][debug][gc,phases      ] GC(196)     Total                          Min: 0, Avg:  0.0, Max: 0, Diff: 0, Sum: 0, Workers: 4
[1215.125s][debug][gc,phases      ] GC(196)   StringDedup Requests0 Weak     Min:  0.0, Avg:  0.0, Max:  0.0, Diff:  0.0, Sum:  0.0, Workers: 4
[1215.125s][debug][gc,phases      ] GC(196)     Dead                           Min: 0, Avg:  0.0, Max: 0, Diff: 0, Sum: 0, Workers: 4
[1215.125s][debug][gc,phases      ] GC(196)     Total                          Min: 0, Avg:  0.0, Max: 0, Diff: 0, Sum: 0, Workers: 4
[1215.125s][debug][gc,phases      ] GC(196)   StringDedup Requests1 Weak     Min:  0.0, Avg:  0.0, Max:  0.0, Diff:  0.0, Sum:  0.0, Workers: 4
[1215.125s][debug][gc,phases      ] GC(196)     Dead                           Min: 0, Avg:  0.0, Max: 0, Diff: 0, Sum: 0, Workers: 4
[1215.125s][debug][gc,phases      ] GC(196)     Total                          Min: 0, Avg:  0.0, Max: 0, Diff: 0, Sum: 0, Workers: 4
[1215.125s][debug][gc,phases      ] GC(196)   Weak JFR Old Object Samples    Min:  0.0, Avg:  0.0, Max:  0.0, Diff:  0.0, Sum:  0.0, Workers: 4
[1215.125s][debug][gc,phases      ] GC(196)     Dead                           Min: 0, Avg:  0.0, Max: 0, Diff: 0, Sum: 0, Workers: 4
[1215.125s][debug][gc,phases      ] GC(196)     Total                          Min: 0, Avg:  0.0, Max: 0, Diff: 0, Sum: 0, Workers: 4
[1215.125s][debug][gc,phases      ] GC(196) Weak Processing 0.351ms
[1215.125s][debug][gc,age         ] GC(196) Desired survivor size 57147392 bytes, new threshold 15 (max threshold 15)
[1215.125s][info ][gc,heap        ] GC(196) PSYoungGen: 1992256K(1992704K)->2272K(2040832K) Eden: 1989632K(1989632K)->0K(1985536K) From: 2624K(3072K)->2272K(55296K)
[1215.125s][info ][gc,heap        ] GC(196) ParOldGen: 588090K(632832K)->588462K(632832K)
[1215.125s][info ][gc,metaspace   ] GC(196) Metaspace: 81854K(82688K)->81854K(82688K) NonClass: 70393K(70848K)->70393K(70848K) Class: 11461K(11840K)->11461K(11840K)
[1215.125s][info ][gc             ] GC(196) Pause Young (Allocation Failure) 2519M->576M(2611M) 2.630ms
[1215.125s][info ][gc,cpu         ] GC(196) User=0.01s Sys=0.00s Real=0.01s
[1215.125s][info ][safepoint      ] Safepoint "ParallelGCFailedAllocation", Time since last: 13149204857 ns, Reaching safepoint: 45801 ns, At safepoint: 2709440 ns, Total: 2755241 ns
[1217.126s][info ][safepoint      ] Safepoint "Cleanup", Time since last: 2000153248 ns, Reaching safepoint: 112102 ns, At safepoint: 11100 ns, Total: 123202 ns
[1228.317s][info ][gc,start       ] GC(197) Pause Young (Allocation Failure)
[1228.319s][debug][gc,phases      ] GC(197) Scavenge 1.717ms
[1228.319s][debug][gc,ref         ] GC(197) Skipped phase 1 of Reference Processing: no references
[1228.319s][debug][gc,ref         ] GC(197) Skipped phase 2 of Reference Processing: no references
[1228.319s][debug][gc,ref         ] GC(197) Skipped phase 3 of Reference Processing: no references
[1228.319s][debug][gc,ref         ] GC(197) Skipped phase 4 of Reference Processing: no references
[1228.319s][debug][gc,phases      ] GC(197) Reference Processing 0.028ms
[1228.319s][debug][gc,phases      ] GC(197)   VM Weak                        Min:  0.0, Avg:  0.0, Max:  0.0, Diff:  0.0, Sum:  0.0, Workers: 4
[1228.319s][debug][gc,phases      ] GC(197)     Dead                           Min: 0, Avg:  0.0, Max: 0, Diff: 0, Sum: 0, Workers: 4
[1228.319s][debug][gc,phases      ] GC(197)     Total                          Min: 0, Avg: 167.5, Max: 512, Diff: 512, Sum: 670, Workers: 4
[1228.319s][debug][gc,phases      ] GC(197)   ObjectSynchronizer Weak        Min:  0.0, Avg:  0.0, Max:  0.0, Diff:  0.0, Sum:  0.0, Workers: 4
[1228.319s][debug][gc,phases      ] GC(197)     Dead                           Min: 0, Avg:  0.0, Max: 0, Diff: 0, Sum: 0, Workers: 4
[1228.319s][debug][gc,phases      ] GC(197)     Total                          Min: 0, Avg: 90.5, Max: 192, Diff: 192, Sum: 362, Workers: 4
[1228.319s][debug][gc,phases      ] GC(197)   JVMTI Tag Weak OopStorage      Min:  0.0, Avg:  0.0, Max:  0.0, Diff:  0.0, Sum:  0.0, Workers: 4
[1228.319s][debug][gc,phases      ] GC(197)     Dead                           Min: 0, Avg:  0.0, Max: 0, Diff: 0, Sum: 0, Workers: 4
[1228.319s][debug][gc,phases      ] GC(197)     Total                          Min: 0, Avg:  0.0, Max: 0, Diff: 0, Sum: 0, Workers: 4
[1228.319s][debug][gc,phases      ] GC(197)   StringTable Weak               Min:  0.1, Avg:  0.1, Max:  0.1, Diff:  0.0, Sum:  0.5, Workers: 4
[1228.319s][debug][gc,phases      ] GC(197)     Dead                           Min: 0, Avg:  0.0, Max: 0, Diff: 0, Sum: 0, Workers: 4
[1228.319s][debug][gc,phases      ] GC(197)     Total                          Min: 10688, Avg: 12013.5, Max: 12992, Diff: 2304, Sum: 48054, Workers: 4
[1228.319s][debug][gc,phases      ] GC(197)   ResolvedMethodTable Weak       Min:  0.0, Avg:  0.0, Max:  0.0, Diff:  0.0, Sum:  0.1, Workers: 4
[1228.319s][debug][gc,phases      ] GC(197)     Dead                           Min: 0, Avg:  0.0, Max: 0, Diff: 0, Sum: 0, Workers: 4
[1228.319s][debug][gc,phases      ] GC(197)     Total                          Min: 1884, Avg: 1977.5, Max: 2032, Diff: 148, Sum: 7910, Workers: 4
[1228.319s][debug][gc,phases      ] GC(197)   JNI Weak                       Min:  0.0, Avg:  0.0, Max:  0.0, Diff:  0.0, Sum:  0.0, Workers: 4
[1228.319s][debug][gc,phases      ] GC(197)     Dead                           Min: 0, Avg:  0.0, Max: 0, Diff: 0, Sum: 0, Workers: 4
[1228.319s][debug][gc,phases      ] GC(197)     Total                          Min: 0, Avg:  0.0, Max: 0, Diff: 0, Sum: 0, Workers: 4
[1228.319s][debug][gc,phases      ] GC(197)   StringDedup Table Weak         Min:  0.0, Avg:  0.0, Max:  0.0, Diff:  0.0, Sum:  0.0, Workers: 4
[1228.319s][debug][gc,phases      ] GC(197)     Dead                           Min: 0, Avg:  0.0, Max: 0, Diff: 0, Sum: 0, Workers: 4
[1228.319s][debug][gc,phases      ] GC(197)     Total                          Min: 0, Avg:  0.0, Max: 0, Diff: 0, Sum: 0, Workers: 4
[1228.319s][debug][gc,phases      ] GC(197)   StringDedup Requests0 Weak     Min:  0.0, Avg:  0.0, Max:  0.0, Diff:  0.0, Sum:  0.0, Workers: 4
[1228.319s][debug][gc,phases      ] GC(197)     Dead                           Min: 0, Avg:  0.0, Max: 0, Diff: 0, Sum: 0, Workers: 4
[1228.319s][debug][gc,phases      ] GC(197)     Total                          Min: 0, Avg:  0.0, Max: 0, Diff: 0, Sum: 0, Workers: 4
[1228.319s][debug][gc,phases      ] GC(197)   StringDedup Requests1 Weak     Min:  0.0, Avg:  0.0, Max:  0.0, Diff:  0.0, Sum:  0.0, Workers: 4
[1228.319s][debug][gc,phases      ] GC(197)     Dead                           Min: 0, Avg:  0.0, Max: 0, Diff: 0, Sum: 0, Workers: 4
[1228.319s][debug][gc,phases      ] GC(197)     Total                          Min: 0, Avg:  0.0, Max: 0, Diff: 0, Sum: 0, Workers: 4
[1228.319s][debug][gc,phases      ] GC(197)   Weak JFR Old Object Samples    Min:  0.0, Avg:  0.0, Max:  0.0, Diff:  0.0, Sum:  0.0, Workers: 4
[1228.319s][debug][gc,phases      ] GC(197)     Dead                           Min: 0, Avg:  0.0, Max: 0, Diff: 0, Sum: 0, Workers: 4
[1228.319s][debug][gc,phases      ] GC(197)     Total                          Min: 0, Avg:  0.0, Max: 0, Diff: 0, Sum: 0, Workers: 4
[1228.319s][debug][gc,phases      ] GC(197) Weak Processing 0.360ms
[1228.319s][debug][gc,age         ] GC(197) Desired survivor size 57147392 bytes, new threshold 15 (max threshold 15)
[1228.319s][info ][gc,heap        ] GC(197) PSYoungGen: 1987808K(2040832K)->2208K(2041344K) Eden: 1985536K(1985536K)->0K(1985536K) From: 2272K(55296K)->2208K(55808K)
[1228.319s][info ][gc,heap        ] GC(197) ParOldGen: 588462K(632832K)->588518K(632832K)
[1228.319s][info ][gc,metaspace   ] GC(197) Metaspace: 81854K(82688K)->81854K(82688K) NonClass: 70393K(70848K)->70393K(70848K) Class: 11461K(11840K)->11461K(11840K)
[1228.319s][info ][gc             ] GC(197) Pause Young (Allocation Failure) 2515M->576M(2611M) 2.232ms
[1228.319s][info ][gc,cpu         ] GC(197) User=0.01s Sys=0.00s Real=0.00s
[1228.319s][info ][safepoint      ] Safepoint "ParallelGCFailedAllocation", Time since last: 11191593915 ns, Reaching safepoint: 50000 ns, At safepoint: 2316535 ns, Total: 2366535 ns
[1238.320s][info ][safepoint      ] Safepoint "Cleanup", Time since last: 10000689605 ns, Reaching safepoint: 134702 ns, At safepoint: 9001 ns, Total: 143703 ns
[1241.670s][info ][gc,start       ] GC(198) Pause Young (Allocation Failure)
[1241.672s][debug][gc,phases      ] GC(198) Scavenge 1.973ms
[1241.672s][debug][gc,ref         ] GC(198) Skipped phase 1 of Reference Processing: no references
[1241.672s][debug][gc,ref         ] GC(198) ReferenceProcessor::execute queues: 1, RefProcThreadModel::Single, marks_oops_alive: false
[1241.672s][debug][gc,ref         ] GC(198) Skipped phase 3 of Reference Processing: no references
[1241.672s][debug][gc,ref         ] GC(198) Skipped phase 4 of Reference Processing: no references
[1241.672s][debug][gc,phases      ] GC(198) Reference Processing 0.130ms
[1241.672s][debug][gc,phases      ] GC(198)   VM Weak                        Min:  0.0, Avg:  0.0, Max:  0.0, Diff:  0.0, Sum:  0.0, Workers: 4
[1241.672s][debug][gc,phases      ] GC(198)     Dead                           Min: 0, Avg:  0.0, Max: 0, Diff: 0, Sum: 0, Workers: 4
[1241.672s][debug][gc,phases      ] GC(198)     Total                          Min: 0, Avg: 167.5, Max: 542, Diff: 542, Sum: 670, Workers: 4
[1241.672s][debug][gc,phases      ] GC(198)   ObjectSynchronizer Weak        Min:  0.0, Avg:  0.0, Max:  0.0, Diff:  0.0, Sum:  0.0, Workers: 4
[1241.672s][debug][gc,phases      ] GC(198)     Dead                           Min: 0, Avg:  0.0, Max: 0, Diff: 0, Sum: 0, Workers: 4
[1241.672s][debug][gc,phases      ] GC(198)     Total                          Min: 0, Avg: 90.5, Max: 128, Diff: 128, Sum: 362, Workers: 4
[1241.672s][debug][gc,phases      ] GC(198)   JVMTI Tag Weak OopStorage      Min:  0.0, Avg:  0.0, Max:  0.0, Diff:  0.0, Sum:  0.0, Workers: 4
[1241.672s][debug][gc,phases      ] GC(198)     Dead                           Min: 0, Avg:  0.0, Max: 0, Diff: 0, Sum: 0, Workers: 4
[1241.672s][debug][gc,phases      ] GC(198)     Total                          Min: 0, Avg:  0.0, Max: 0, Diff: 0, Sum: 0, Workers: 4
[1241.672s][debug][gc,phases      ] GC(198)   StringTable Weak               Min:  0.1, Avg:  0.1, Max:  0.1, Diff:  0.0, Sum:  0.4, Workers: 4
[1241.672s][debug][gc,phases      ] GC(198)     Dead                           Min: 0, Avg:  0.0, Max: 0, Diff: 0, Sum: 0, Workers: 4
[1241.672s][debug][gc,phases      ] GC(198)     Total                          Min: 11638, Avg: 12013.5, Max: 12480, Diff: 842, Sum: 48054, Workers: 4
[1241.672s][debug][gc,phases      ] GC(198)   ResolvedMethodTable Weak       Min:  0.0, Avg:  0.0, Max:  0.0, Diff:  0.0, Sum:  0.1, Workers: 4
[1241.672s][debug][gc,phases      ] GC(198)     Dead                           Min: 0, Avg:  0.0, Max: 0, Diff: 0, Sum: 0, Workers: 4
[1241.672s][debug][gc,phases      ] GC(198)     Total                          Min: 1846, Avg: 1977.5, Max: 2166, Diff: 320, Sum: 7910, Workers: 4
[1241.672s][debug][gc,phases      ] GC(198)   JNI Weak                       Min:  0.0, Avg:  0.0, Max:  0.0, Diff:  0.0, Sum:  0.0, Workers: 4
[1241.672s][debug][gc,phases      ] GC(198)     Dead                           Min: 0, Avg:  0.0, Max: 0, Diff: 0, Sum: 0, Workers: 4
[1241.672s][debug][gc,phases      ] GC(198)     Total                          Min: 0, Avg:  0.0, Max: 0, Diff: 0, Sum: 0, Workers: 4
[1241.672s][debug][gc,phases      ] GC(198)   StringDedup Table Weak         Min:  0.0, Avg:  0.0, Max:  0.0, Diff:  0.0, Sum:  0.0, Workers: 4
[1241.672s][debug][gc,phases      ] GC(198)     Dead                           Min: 0, Avg:  0.0, Max: 0, Diff: 0, Sum: 0, Workers: 4
[1241.672s][debug][gc,phases      ] GC(198)     Total                          Min: 0, Avg:  0.0, Max: 0, Diff: 0, Sum: 0, Workers: 4
[1241.672s][debug][gc,phases      ] GC(198)   StringDedup Requests0 Weak     Min:  0.0, Avg:  0.0, Max:  0.0, Diff:  0.0, Sum:  0.0, Workers: 4
[1241.672s][debug][gc,phases      ] GC(198)     Dead                           Min: 0, Avg:  0.0, Max: 0, Diff: 0, Sum: 0, Workers: 4
[1241.672s][debug][gc,phases      ] GC(198)     Total                          Min: 0, Avg:  0.0, Max: 0, Diff: 0, Sum: 0, Workers: 4
[1241.672s][debug][gc,phases      ] GC(198)   StringDedup Requests1 Weak     Min:  0.0, Avg:  0.0, Max:  0.0, Diff:  0.0, Sum:  0.0, Workers: 4
[1241.672s][debug][gc,phases      ] GC(198)     Dead                           Min: 0, Avg:  0.0, Max: 0, Diff: 0, Sum: 0, Workers: 4
[1241.672s][debug][gc,phases      ] GC(198)     Total                          Min: 0, Avg:  0.0, Max: 0, Diff: 0, Sum: 0, Workers: 4
[1241.672s][debug][gc,phases      ] GC(198)   Weak JFR Old Object Samples    Min:  0.0, Avg:  0.0, Max:  0.0, Diff:  0.0, Sum:  0.0, Workers: 4
[1241.672s][debug][gc,phases      ] GC(198)     Dead                           Min: 0, Avg:  0.0, Max: 0, Diff: 0, Sum: 0, Workers: 4
[1241.672s][debug][gc,phases      ] GC(198)     Total                          Min: 0, Avg:  0.0, Max: 0, Diff: 0, Sum: 0, Workers: 4
[1241.672s][debug][gc,phases      ] GC(198) Weak Processing 0.344ms
[1241.672s][debug][gc,age         ] GC(198) Desired survivor size 56623104 bytes, new threshold 15 (max threshold 15)
[1241.672s][info ][gc,heap        ] GC(198) PSYoungGen: 1987744K(2041344K)->2272K(2041856K) Eden: 1985536K(1985536K)->0K(1986048K) From: 2208K(55808K)->2272K(55808K)
[1241.672s][info ][gc,heap        ] GC(198) ParOldGen: 588518K(632832K)->588518K(632832K)
[1241.672s][info ][gc,metaspace   ] GC(198) Metaspace: 81859K(82688K)->81859K(82688K) NonClass: 70394K(70848K)->70394K(70848K) Class: 11464K(11840K)->11464K(11840K)
[1241.672s][info ][gc             ] GC(198) Pause Young (Allocation Failure) 2515M->576M(2612M) 2.572ms
[1241.672s][info ][gc,cpu         ] GC(198) User=0.01s Sys=0.00s Real=0.01s
[1241.672s][info ][safepoint      ] Safepoint "ParallelGCFailedAllocation", Time since last: 3349446602 ns, Reaching safepoint: 54601 ns, At safepoint: 2659440 ns, Total: 2714041 ns
[1253.673s][info ][safepoint      ] Safepoint "Cleanup", Time since last: 12000811715 ns, Reaching safepoint: 117401 ns, At safepoint: 8201 ns, Total: 125602 ns
[1255.381s][info ][gc,start       ] GC(199) Pause Young (Allocation Failure)
[1255.383s][debug][gc,phases      ] GC(199) Scavenge 1.620ms
[1255.383s][debug][gc,ref         ] GC(199) Skipped phase 1 of Reference Processing: no references
[1255.383s][debug][gc,ref         ] GC(199) ReferenceProcessor::execute queues: 1, RefProcThreadModel::Single, marks_oops_alive: false
[1255.383s][debug][gc,ref         ] GC(199) Skipped phase 3 of Reference Processing: no references
[1255.383s][debug][gc,ref         ] GC(199) Skipped phase 4 of Reference Processing: no references
[1255.383s][debug][gc,phases      ] GC(199) Reference Processing 0.110ms
[1255.383s][debug][gc,phases      ] GC(199)   VM Weak                        Min:  0.0, Avg:  0.0, Max:  0.0, Diff:  0.0, Sum:  0.0, Workers: 4
[1255.383s][debug][gc,phases      ] GC(199)     Dead                           Min: 0, Avg:  0.0, Max: 0, Diff: 0, Sum: 0, Workers: 4
[1255.383s][debug][gc,phases      ] GC(199)     Total                          Min: 0, Avg: 167.5, Max: 670, Diff: 670, Sum: 670, Workers: 4
[1255.383s][debug][gc,phases      ] GC(199)   ObjectSynchronizer Weak        Min:  0.0, Avg:  0.0, Max:  0.0, Diff:  0.0, Sum:  0.0, Workers: 4
[1255.383s][debug][gc,phases      ] GC(199)     Dead                           Min: 0, Avg:  0.0, Max: 0, Diff: 0, Sum: 0, Workers: 4
[1255.383s][debug][gc,phases      ] GC(199)     Total                          Min: 0, Avg: 90.5, Max: 256, Diff: 256, Sum: 362, Workers: 4
[1255.383s][debug][gc,phases      ] GC(199)   JVMTI Tag Weak OopStorage      Min:  0.0, Avg:  0.0, Max:  0.0, Diff:  0.0, Sum:  0.0, Workers: 4
[1255.383s][debug][gc,phases      ] GC(199)     Dead                           Min: 0, Avg:  0.0, Max: 0, Diff: 0, Sum: 0, Workers: 4
[1255.383s][debug][gc,phases      ] GC(199)     Total                          Min: 0, Avg:  0.0, Max: 0, Diff: 0, Sum: 0, Workers: 4
[1255.383s][debug][gc,phases      ] GC(199)   StringTable Weak               Min:  0.1, Avg:  0.1, Max:  0.1, Diff:  0.0, Sum:  0.4, Workers: 4
[1255.383s][debug][gc,phases      ] GC(199)     Dead                           Min: 0, Avg:  0.0, Max: 0, Diff: 0, Sum: 0, Workers: 4
[1255.383s][debug][gc,phases      ] GC(199)     Total                          Min: 11446, Avg: 12013.5, Max: 12288, Diff: 842, Sum: 48054, Workers: 4
[1255.383s][debug][gc,phases      ] GC(199)   ResolvedMethodTable Weak       Min:  0.0, Avg:  0.0, Max:  0.0, Diff:  0.0, Sum:  0.1, Workers: 4
[1255.384s][debug][gc,phases      ] GC(199)     Dead                           Min: 0, Avg:  0.0, Max: 0, Diff: 0, Sum: 0, Workers: 4
[1255.384s][debug][gc,phases      ] GC(199)     Total                          Min: 1754, Avg: 1977.5, Max: 2194, Diff: 440, Sum: 7910, Workers: 4
[1255.384s][debug][gc,phases      ] GC(199)   JNI Weak                       Min:  0.0, Avg:  0.0, Max:  0.0, Diff:  0.0, Sum:  0.0, Workers: 4
[1255.384s][debug][gc,phases      ] GC(199)     Dead                           Min: 0, Avg:  0.0, Max: 0, Diff: 0, Sum: 0, Workers: 4
[1255.384s][debug][gc,phases      ] GC(199)     Total                          Min: 0, Avg:  0.0, Max: 0, Diff: 0, Sum: 0, Workers: 4
[1255.384s][debug][gc,phases      ] GC(199)   StringDedup Table Weak         Min:  0.0, Avg:  0.0, Max:  0.0, Diff:  0.0, Sum:  0.0, Workers: 4
[1255.384s][debug][gc,phases      ] GC(199)     Dead                           Min: 0, Avg:  0.0, Max: 0, Diff: 0, Sum: 0, Workers: 4
[1255.384s][debug][gc,phases      ] GC(199)     Total                          Min: 0, Avg:  0.0, Max: 0, Diff: 0, Sum: 0, Workers: 4
[1255.384s][debug][gc,phases      ] GC(199)   StringDedup Requests0 Weak     Min:  0.0, Avg:  0.0, Max:  0.0, Diff:  0.0, Sum:  0.0, Workers: 4
[1255.384s][debug][gc,phases      ] GC(199)     Dead                           Min: 0, Avg:  0.0, Max: 0, Diff: 0, Sum: 0, Workers: 4
[1255.384s][debug][gc,phases      ] GC(199)     Total                          Min: 0, Avg:  0.0, Max: 0, Diff: 0, Sum: 0, Workers: 4
[1255.384s][debug][gc,phases      ] GC(199)   StringDedup Requests1 Weak     Min:  0.0, Avg:  0.0, Max:  0.0, Diff:  0.0, Sum:  0.0, Workers: 4
[1255.384s][debug][gc,phases      ] GC(199)     Dead                           Min: 0, Avg:  0.0, Max: 0, Diff: 0, Sum: 0, Workers: 4
[1255.384s][debug][gc,phases      ] GC(199)     Total                          Min: 0, Avg:  0.0, Max: 0, Diff: 0, Sum: 0, Workers: 4
[1255.384s][debug][gc,phases      ] GC(199)   Weak JFR Old Object Samples    Min:  0.0, Avg:  0.0, Max:  0.0, Diff:  0.0, Sum:  0.0, Workers: 4
[1255.384s][debug][gc,phases      ] GC(199)     Dead                           Min: 0, Avg:  0.0, Max: 0, Diff: 0, Sum: 0, Workers: 4
[1255.384s][debug][gc,phases      ] GC(199)     Total                          Min: 0, Avg:  0.0, Max: 0, Diff: 0, Sum: 0, Workers: 4
[1255.384s][debug][gc,phases      ] GC(199) Weak Processing 0.325ms
[1255.384s][debug][gc,age         ] GC(199) Desired survivor size 55574528 bytes, new threshold 15 (max threshold 15)
[1255.384s][info ][gc,heap        ] GC(199) PSYoungGen: 1988320K(2041856K)->2272K(2041344K) Eden: 1986048K(1986048K)->0K(1986048K) From: 2272K(55808K)->2272K(55296K)
[1255.384s][info ][gc,heap        ] GC(199) ParOldGen: 588518K(632832K)->588550K(632832K)
[1255.384s][info ][gc,metaspace   ] GC(199) Metaspace: 81860K(82688K)->81860K(82688K) NonClass: 70396K(70848K)->70396K(70848K) Class: 11464K(11840K)->11464K(11840K)
[1255.384s][info ][gc             ] GC(199) Pause Young (Allocation Failure) 2516M->576M(2611M) 2.182ms
[1255.384s][info ][gc,cpu         ] GC(199) User=0.01s Sys=0.00s Real=0.01s
[1255.384s][info ][safepoint      ] Safepoint "ParallelGCFailedAllocation", Time since last: 1707975346 ns, Reaching safepoint: 31900 ns, At safepoint: 2262634 ns, Total: 2294534 ns
[1268.897s][info ][gc,start       ] GC(200) Pause Young (Allocation Failure)
[1268.899s][debug][gc,phases      ] GC(200) Scavenge 1.485ms
[1268.899s][debug][gc,ref         ] GC(200) Skipped phase 1 of Reference Processing: no references
[1268.899s][debug][gc,ref         ] GC(200) ReferenceProcessor::execute queues: 1, RefProcThreadModel::Single, marks_oops_alive: false
[1268.899s][debug][gc,ref         ] GC(200) Skipped phase 3 of Reference Processing: no references
[1268.899s][debug][gc,ref         ] GC(200) Skipped phase 4 of Reference Processing: no references
[1268.899s][debug][gc,phases      ] GC(200) Reference Processing 0.100ms
[1268.899s][debug][gc,phases      ] GC(200)   VM Weak                        Min:  0.0, Avg:  0.0, Max:  0.0, Diff:  0.0, Sum:  0.0, Workers: 4
[1268.899s][debug][gc,phases      ] GC(200)     Dead                           Min: 0, Avg:  0.0, Max: 0, Diff: 0, Sum: 0, Workers: 4
[1268.899s][debug][gc,phases      ] GC(200)     Total                          Min: 0, Avg: 167.5, Max: 670, Diff: 670, Sum: 670, Workers: 4
[1268.899s][debug][gc,phases      ] GC(200)   ObjectSynchronizer Weak        Min:  0.0, Avg:  0.0, Max:  0.0, Diff:  0.0, Sum:  0.0, Workers: 4
[1268.899s][debug][gc,phases      ] GC(200)     Dead                           Min: 0, Avg:  0.0, Max: 0, Diff: 0, Sum: 0, Workers: 4
[1268.899s][debug][gc,phases      ] GC(200)     Total                          Min: 0, Avg: 90.5, Max: 192, Diff: 192, Sum: 362, Workers: 4
[1268.899s][debug][gc,phases      ] GC(200)   JVMTI Tag Weak OopStorage      Min:  0.0, Avg:  0.0, Max:  0.0, Diff:  0.0, Sum:  0.0, Workers: 4
[1268.899s][debug][gc,phases      ] GC(200)     Dead                           Min: 0, Avg:  0.0, Max: 0, Diff: 0, Sum: 0, Workers: 4
[1268.899s][debug][gc,phases      ] GC(200)     Total                          Min: 0, Avg:  0.0, Max: 0, Diff: 0, Sum: 0, Workers: 4
[1268.899s][debug][gc,phases      ] GC(200)   StringTable Weak               Min:  0.1, Avg:  0.1, Max:  0.1, Diff:  0.0, Sum:  0.4, Workers: 4
[1268.899s][debug][gc,phases      ] GC(200)     Dead                           Min: 0, Avg:  0.0, Max: 0, Diff: 0, Sum: 0, Workers: 4
[1268.899s][debug][gc,phases      ] GC(200)     Total                          Min: 11520, Avg: 12013.5, Max: 12598, Diff: 1078, Sum: 48054, Workers: 4
[1268.899s][debug][gc,phases      ] GC(200)   ResolvedMethodTable Weak       Min:  0.0, Avg:  0.0, Max:  0.0, Diff:  0.0, Sum:  0.1, Workers: 4
[1268.899s][debug][gc,phases      ] GC(200)     Dead                           Min: 0, Avg:  0.0, Max: 0, Diff: 0, Sum: 0, Workers: 4
[1268.899s][debug][gc,phases      ] GC(200)     Total                          Min: 1841, Avg: 1977.5, Max: 2094, Diff: 253, Sum: 7910, Workers: 4
[1268.899s][debug][gc,phases      ] GC(200)   JNI Weak                       Min:  0.0, Avg:  0.0, Max:  0.0, Diff:  0.0, Sum:  0.0, Workers: 4
[1268.899s][debug][gc,phases      ] GC(200)     Dead                           Min: 0, Avg:  0.0, Max: 0, Diff: 0, Sum: 0, Workers: 4
[1268.899s][debug][gc,phases      ] GC(200)     Total                          Min: 0, Avg:  0.0, Max: 0, Diff: 0, Sum: 0, Workers: 4
[1268.899s][debug][gc,phases      ] GC(200)   StringDedup Table Weak         Min:  0.0, Avg:  0.0, Max:  0.0, Diff:  0.0, Sum:  0.0, Workers: 4
[1268.899s][debug][gc,phases      ] GC(200)     Dead                           Min: 0, Avg:  0.0, Max: 0, Diff: 0, Sum: 0, Workers: 4
[1268.899s][debug][gc,phases      ] GC(200)     Total                          Min: 0, Avg:  0.0, Max: 0, Diff: 0, Sum: 0, Workers: 4
[1268.899s][debug][gc,phases      ] GC(200)   StringDedup Requests0 Weak     Min:  0.0, Avg:  0.0, Max:  0.0, Diff:  0.0, Sum:  0.0, Workers: 4
[1268.899s][debug][gc,phases      ] GC(200)     Dead                           Min: 0, Avg:  0.0, Max: 0, Diff: 0, Sum: 0, Workers: 4
[1268.899s][debug][gc,phases      ] GC(200)     Total                          Min: 0, Avg:  0.0, Max: 0, Diff: 0, Sum: 0, Workers: 4
[1268.899s][debug][gc,phases      ] GC(200)   StringDedup Requests1 Weak     Min:  0.0, Avg:  0.0, Max:  0.0, Diff:  0.0, Sum:  0.0, Workers: 4
[1268.899s][debug][gc,phases      ] GC(200)     Dead                           Min: 0, Avg:  0.0, Max: 0, Diff: 0, Sum: 0, Workers: 4
[1268.899s][debug][gc,phases      ] GC(200)     Total                          Min: 0, Avg:  0.0, Max: 0, Diff: 0, Sum: 0, Workers: 4
[1268.899s][debug][gc,phases      ] GC(200)   Weak JFR Old Object Samples    Min:  0.0, Avg:  0.0, Max:  0.0, Diff:  0.0, Sum:  0.0, Workers: 4
[1268.899s][debug][gc,phases      ] GC(200)     Dead                           Min: 0, Avg:  0.0, Max: 0, Diff: 0, Sum: 0, Workers: 4
[1268.899s][debug][gc,phases      ] GC(200)     Total                          Min: 0, Avg:  0.0, Max: 0, Diff: 0, Sum: 0, Workers: 4
[1268.899s][debug][gc,phases      ] GC(200) Weak Processing 0.316ms
[1268.899s][debug][gc,age         ] GC(200) Desired survivor size 54525952 bytes, new threshold 15 (max threshold 15)
[1268.899s][info ][gc,heap        ] GC(200) PSYoungGen: 1988320K(2041344K)->2240K(2043904K) Eden: 1986048K(1986048K)->0K(1989632K) From: 2272K(55296K)->2240K(54272K)
[1268.899s][info ][gc,heap        ] GC(200) ParOldGen: 588550K(632832K)->588582K(632832K)
[1268.899s][info ][gc,metaspace   ] GC(200) Metaspace: 81860K(82688K)->81860K(82688K) NonClass: 70396K(70848K)->70396K(70848K) Class: 11464K(11840K)->11464K(11840K)
[1268.899s][info ][gc             ] GC(200) Pause Young (Allocation Failure) 2516M->576M(2614M) 2.014ms
[1268.899s][info ][gc,cpu         ] GC(200) User=0.01s Sys=0.00s Real=0.00s
[1268.899s][info ][safepoint      ] Safepoint "ParallelGCFailedAllocation", Time since last: 13513352593 ns, Reaching safepoint: 38801 ns, At safepoint: 2108832 ns, Total: 2147633 ns
[1272.900s][info ][safepoint      ] Safepoint "Cleanup", Time since last: 4000277555 ns, Reaching safepoint: 45300 ns, At safepoint: 4100 ns, Total: 49400 ns
[1282.270s][info ][gc,start       ] GC(201) Pause Young (Allocation Failure)
[1282.272s][debug][gc,phases      ] GC(201) Scavenge 1.911ms
[1282.272s][debug][gc,ref         ] GC(201) Skipped phase 1 of Reference Processing: no references
[1282.272s][debug][gc,ref         ] GC(201) ReferenceProcessor::execute queues: 1, RefProcThreadModel::Single, marks_oops_alive: false
[1282.272s][debug][gc,ref         ] GC(201) Skipped phase 3 of Reference Processing: no references
[1282.272s][debug][gc,ref         ] GC(201) Skipped phase 4 of Reference Processing: no references
[1282.272s][debug][gc,phases      ] GC(201) Reference Processing 0.110ms
[1282.272s][debug][gc,phases      ] GC(201)   VM Weak                        Min:  0.0, Avg:  0.0, Max:  0.0, Diff:  0.0, Sum:  0.0, Workers: 4
[1282.272s][debug][gc,phases      ] GC(201)     Dead                           Min: 0, Avg:  0.0, Max: 0, Diff: 0, Sum: 0, Workers: 4
[1282.272s][debug][gc,phases      ] GC(201)     Total                          Min: 0, Avg: 167.5, Max: 670, Diff: 670, Sum: 670, Workers: 4
[1282.272s][debug][gc,phases      ] GC(201)   ObjectSynchronizer Weak        Min:  0.0, Avg:  0.0, Max:  0.0, Diff:  0.0, Sum:  0.0, Workers: 4
[1282.272s][debug][gc,phases      ] GC(201)     Dead                           Min: 0, Avg:  0.0, Max: 0, Diff: 0, Sum: 0, Workers: 4
[1282.272s][debug][gc,phases      ] GC(201)     Total                          Min: 0, Avg: 90.5, Max: 362, Diff: 362, Sum: 362, Workers: 4
[1282.272s][debug][gc,phases      ] GC(201)   JVMTI Tag Weak OopStorage      Min:  0.0, Avg:  0.0, Max:  0.0, Diff:  0.0, Sum:  0.0, Workers: 4
[1282.272s][debug][gc,phases      ] GC(201)     Dead                           Min: 0, Avg:  0.0, Max: 0, Diff: 0, Sum: 0, Workers: 4
[1282.272s][debug][gc,phases      ] GC(201)     Total                          Min: 0, Avg:  0.0, Max: 0, Diff: 0, Sum: 0, Workers: 4
[1282.272s][debug][gc,phases      ] GC(201)   StringTable Weak               Min:  0.1, Avg:  0.1, Max:  0.1, Diff:  0.0, Sum:  0.4, Workers: 4
[1282.272s][debug][gc,phases      ] GC(201)     Dead                           Min: 0, Avg:  0.0, Max: 0, Diff: 0, Sum: 0, Workers: 4
[1282.272s][debug][gc,phases      ] GC(201)     Total                          Min: 10816, Avg: 12013.5, Max: 13440, Diff: 2624, Sum: 48054, Workers: 4
[1282.272s][debug][gc,phases      ] GC(201)   ResolvedMethodTable Weak       Min:  0.0, Avg:  0.0, Max:  0.0, Diff:  0.0, Sum:  0.1, Workers: 4
[1282.272s][debug][gc,phases      ] GC(201)     Dead                           Min: 0, Avg:  0.0, Max: 0, Diff: 0, Sum: 0, Workers: 4
[1282.272s][debug][gc,phases      ] GC(201)     Total                          Min: 1845, Avg: 1977.5, Max: 2160, Diff: 315, Sum: 7910, Workers: 4
[1282.272s][debug][gc,phases      ] GC(201)   JNI Weak                       Min:  0.0, Avg:  0.0, Max:  0.0, Diff:  0.0, Sum:  0.0, Workers: 4
[1282.272s][debug][gc,phases      ] GC(201)     Dead                           Min: 0, Avg:  0.0, Max: 0, Diff: 0, Sum: 0, Workers: 4
[1282.272s][debug][gc,phases      ] GC(201)     Total                          Min: 0, Avg:  0.0, Max: 0, Diff: 0, Sum: 0, Workers: 4
[1282.272s][debug][gc,phases      ] GC(201)   StringDedup Table Weak         Min:  0.0, Avg:  0.0, Max:  0.0, Diff:  0.0, Sum:  0.0, Workers: 4
[1282.272s][debug][gc,phases      ] GC(201)     Dead                           Min: 0, Avg:  0.0, Max: 0, Diff: 0, Sum: 0, Workers: 4
[1282.272s][debug][gc,phases      ] GC(201)     Total                          Min: 0, Avg:  0.0, Max: 0, Diff: 0, Sum: 0, Workers: 4
[1282.272s][debug][gc,phases      ] GC(201)   StringDedup Requests0 Weak     Min:  0.0, Avg:  0.0, Max:  0.0, Diff:  0.0, Sum:  0.0, Workers: 4
[1282.272s][debug][gc,phases      ] GC(201)     Dead                           Min: 0, Avg:  0.0, Max: 0, Diff: 0, Sum: 0, Workers: 4
[1282.272s][debug][gc,phases      ] GC(201)     Total                          Min: 0, Avg:  0.0, Max: 0, Diff: 0, Sum: 0, Workers: 4
[1282.272s][debug][gc,phases      ] GC(201)   StringDedup Requests1 Weak     Min:  0.0, Avg:  0.0, Max:  0.0, Diff:  0.0, Sum:  0.0, Workers: 4
[1282.272s][debug][gc,phases      ] GC(201)     Dead                           Min: 0, Avg:  0.0, Max: 0, Diff: 0, Sum: 0, Workers: 4
[1282.272s][debug][gc,phases      ] GC(201)     Total                          Min: 0, Avg:  0.0, Max: 0, Diff: 0, Sum: 0, Workers: 4
[1282.272s][debug][gc,phases      ] GC(201)   Weak JFR Old Object Samples    Min:  0.0, Avg:  0.0, Max:  0.0, Diff:  0.0, Sum:  0.0, Workers: 4
[1282.272s][debug][gc,phases      ] GC(201)     Dead                           Min: 0, Avg:  0.0, Max: 0, Diff: 0, Sum: 0, Workers: 4
[1282.272s][debug][gc,phases      ] GC(201)     Total                          Min: 0, Avg:  0.0, Max: 0, Diff: 0, Sum: 0, Workers: 4
[1282.272s][debug][gc,phases      ] GC(201) Weak Processing 0.307ms
[1282.272s][debug][gc,age         ] GC(201) Desired survivor size 52953088 bytes, new threshold 15 (max threshold 15)
[1282.272s][info ][gc,heap        ] GC(201) PSYoungGen: 1991872K(2043904K)->2192K(2042880K) Eden: 1989632K(1989632K)->0K(1989632K) From: 2240K(54272K)->2192K(53248K)
[1282.273s][info ][gc,heap        ] GC(201) ParOldGen: 588582K(632832K)->588622K(632832K)
[1282.273s][info ][gc,metaspace   ] GC(201) Metaspace: 81863K(82688K)->81863K(82688K) NonClass: 70398K(70848K)->70398K(70848K) Class: 11464K(11840K)->11464K(11840K)
[1282.273s][info ][gc             ] GC(201) Pause Young (Allocation Failure) 2519M->576M(2613M) 2.467ms
[1282.273s][info ][gc,cpu         ] GC(201) User=0.01s Sys=0.00s Real=0.01s
[1282.273s][info ][safepoint      ] Safepoint "ParallelGCFailedAllocation", Time since last: 9370458166 ns, Reaching safepoint: 49401 ns, At safepoint: 2553338 ns, Total: 2602739 ns
[1286.273s][info ][safepoint      ] Safepoint "Cleanup", Time since last: 4000281846 ns, Reaching safepoint: 125202 ns, At safepoint: 13900 ns, Total: 139102 ns
[1295.518s][info ][gc,start       ] GC(202) Pause Young (Allocation Failure)
[1295.520s][debug][gc,phases      ] GC(202) Scavenge 1.993ms
[1295.520s][debug][gc,ref         ] GC(202) Skipped phase 1 of Reference Processing: no references
[1295.520s][debug][gc,ref         ] GC(202) ReferenceProcessor::execute queues: 1, RefProcThreadModel::Single, marks_oops_alive: false
[1295.520s][debug][gc,ref         ] GC(202) Skipped phase 3 of Reference Processing: no references
[1295.520s][debug][gc,ref         ] GC(202) Skipped phase 4 of Reference Processing: no references
[1295.520s][debug][gc,phases      ] GC(202) Reference Processing 0.111ms
[1295.520s][debug][gc,phases      ] GC(202)   VM Weak                        Min:  0.0, Avg:  0.0, Max:  0.0, Diff:  0.0, Sum:  0.0, Workers: 4
[1295.520s][debug][gc,phases      ] GC(202)     Dead                           Min: 0, Avg:  0.0, Max: 0, Diff: 0, Sum: 0, Workers: 4
[1295.520s][debug][gc,phases      ] GC(202)     Total                          Min: 0, Avg: 167.5, Max: 606, Diff: 606, Sum: 670, Workers: 4
[1295.520s][debug][gc,phases      ] GC(202)   ObjectSynchronizer Weak        Min:  0.0, Avg:  0.0, Max:  0.0, Diff:  0.0, Sum:  0.0, Workers: 4
[1295.520s][debug][gc,phases      ] GC(202)     Dead                           Min: 0, Avg:  0.0, Max: 0, Diff: 0, Sum: 0, Workers: 4
[1295.520s][debug][gc,phases      ] GC(202)     Total                          Min: 0, Avg: 90.5, Max: 192, Diff: 192, Sum: 362, Workers: 4
[1295.520s][debug][gc,phases      ] GC(202)   JVMTI Tag Weak OopStorage      Min:  0.0, Avg:  0.0, Max:  0.0, Diff:  0.0, Sum:  0.0, Workers: 4
[1295.520s][debug][gc,phases      ] GC(202)     Dead                           Min: 0, Avg:  0.0, Max: 0, Diff: 0, Sum: 0, Workers: 4
[1295.520s][debug][gc,phases      ] GC(202)     Total                          Min: 0, Avg:  0.0, Max: 0, Diff: 0, Sum: 0, Workers: 4
[1295.520s][debug][gc,phases      ] GC(202)   StringTable Weak               Min:  0.1, Avg:  0.1, Max:  0.1, Diff:  0.0, Sum:  0.4, Workers: 4
[1295.520s][debug][gc,phases      ] GC(202)     Dead                           Min: 0, Avg:  0.0, Max: 0, Diff: 0, Sum: 0, Workers: 4
[1295.520s][debug][gc,phases      ] GC(202)     Total                          Min: 11520, Avg: 12013.5, Max: 12416, Diff: 896, Sum: 48054, Workers: 4
[1295.520s][debug][gc,phases      ] GC(202)   ResolvedMethodTable Weak       Min:  0.0, Avg:  0.0, Max:  0.0, Diff:  0.0, Sum:  0.1, Workers: 4
[1295.520s][debug][gc,phases      ] GC(202)     Dead                           Min: 0, Avg:  0.0, Max: 0, Diff: 0, Sum: 0, Workers: 4
[1295.520s][debug][gc,phases      ] GC(202)     Total                          Min: 1754, Avg: 1977.5, Max: 2095, Diff: 341, Sum: 7910, Workers: 4
[1295.520s][debug][gc,phases      ] GC(202)   JNI Weak                       Min:  0.0, Avg:  0.0, Max:  0.0, Diff:  0.0, Sum:  0.0, Workers: 4
[1295.520s][debug][gc,phases      ] GC(202)     Dead                           Min: 0, Avg:  0.0, Max: 0, Diff: 0, Sum: 0, Workers: 4
[1295.520s][debug][gc,phases      ] GC(202)     Total                          Min: 0, Avg:  0.0, Max: 0, Diff: 0, Sum: 0, Workers: 4
[1295.520s][debug][gc,phases      ] GC(202)   StringDedup Table Weak         Min:  0.0, Avg:  0.0, Max:  0.0, Diff:  0.0, Sum:  0.0, Workers: 4
[1295.520s][debug][gc,phases      ] GC(202)     Dead                           Min: 0, Avg:  0.0, Max: 0, Diff: 0, Sum: 0, Workers: 4
[1295.520s][debug][gc,phases      ] GC(202)     Total                          Min: 0, Avg:  0.0, Max: 0, Diff: 0, Sum: 0, Workers: 4
[1295.520s][debug][gc,phases      ] GC(202)   StringDedup Requests0 Weak     Min:  0.0, Avg:  0.0, Max:  0.0, Diff:  0.0, Sum:  0.0, Workers: 4
[1295.520s][debug][gc,phases      ] GC(202)     Dead                           Min: 0, Avg:  0.0, Max: 0, Diff: 0, Sum: 0, Workers: 4
[1295.520s][debug][gc,phases      ] GC(202)     Total                          Min: 0, Avg:  0.0, Max: 0, Diff: 0, Sum: 0, Workers: 4
[1295.520s][debug][gc,phases      ] GC(202)   StringDedup Requests1 Weak     Min:  0.0, Avg:  0.0, Max:  0.0, Diff:  0.0, Sum:  0.0, Workers: 4
[1295.520s][debug][gc,phases      ] GC(202)     Dead                           Min: 0, Avg:  0.0, Max: 0, Diff: 0, Sum: 0, Workers: 4
[1295.520s][debug][gc,phases      ] GC(202)     Total                          Min: 0, Avg:  0.0, Max: 0, Diff: 0, Sum: 0, Workers: 4
[1295.520s][debug][gc,phases      ] GC(202)   Weak JFR Old Object Samples    Min:  0.0, Avg:  0.0, Max:  0.0, Diff:  0.0, Sum:  0.0, Workers: 4
[1295.520s][debug][gc,phases      ] GC(202)     Dead                           Min: 0, Avg:  0.0, Max: 0, Diff: 0, Sum: 0, Workers: 4
[1295.520s][debug][gc,phases      ] GC(202)     Total                          Min: 0, Avg:  0.0, Max: 0, Diff: 0, Sum: 0, Workers: 4
[1295.520s][debug][gc,phases      ] GC(202) Weak Processing 0.325ms
[1295.520s][debug][gc,age         ] GC(202) Desired survivor size 50855936 bytes, new threshold 15 (max threshold 15)
[1295.520s][info ][gc,heap        ] GC(202) PSYoungGen: 1991824K(2042880K)->2224K(2047488K) Eden: 1989632K(1989632K)->0K(1995776K) From: 2192K(53248K)->2224K(51712K)
[1295.520s][info ][gc,heap        ] GC(202) ParOldGen: 588622K(632832K)->588654K(632832K)
[1295.520s][info ][gc,metaspace   ] GC(202) Metaspace: 81863K(82688K)->81863K(82688K) NonClass: 70399K(70848K)->70399K(70848K) Class: 11464K(11840K)->11464K(11840K)
[1295.520s][info ][gc             ] GC(202) Pause Young (Allocation Failure) 2519M->577M(2617M) 2.535ms
[1295.520s][info ][gc,cpu         ] GC(202) User=0.01s Sys=0.00s Real=0.00s
[1295.520s][info ][safepoint      ] Safepoint "ParallelGCFailedAllocation", Time since last: 9244813258 ns, Reaching safepoint: 45401 ns, At safepoint: 2633540 ns, Total: 2678941 ns
[1298.521s][info ][safepoint      ] Safepoint "Cleanup", Time since last: 3000234728 ns, Reaching safepoint: 119402 ns, At safepoint: 11800 ns, Total: 131202 ns
[1308.917s][info ][gc,start       ] GC(203) Pause Young (Allocation Failure)
[1308.919s][debug][gc,phases      ] GC(203) Scavenge 1.747ms
[1308.919s][debug][gc,ref         ] GC(203) Skipped phase 1 of Reference Processing: no references
[1308.919s][debug][gc,ref         ] GC(203) ReferenceProcessor::execute queues: 1, RefProcThreadModel::Single, marks_oops_alive: false
[1308.919s][debug][gc,ref         ] GC(203) Skipped phase 3 of Reference Processing: no references
[1308.919s][debug][gc,ref         ] GC(203) Skipped phase 4 of Reference Processing: no references
[1308.919s][debug][gc,phases      ] GC(203) Reference Processing 0.152ms
[1308.919s][debug][gc,phases      ] GC(203)   VM Weak                        Min:  0.0, Avg:  0.0, Max:  0.0, Diff:  0.0, Sum:  0.0, Workers: 4
[1308.919s][debug][gc,phases      ] GC(203)     Dead                           Min: 0, Avg:  0.0, Max: 0, Diff: 0, Sum: 0, Workers: 4
[1308.919s][debug][gc,phases      ] GC(203)     Total                          Min: 0, Avg: 167.5, Max: 606, Diff: 606, Sum: 670, Workers: 4
[1308.919s][debug][gc,phases      ] GC(203)   ObjectSynchronizer Weak        Min:  0.0, Avg:  0.0, Max:  0.0, Diff:  0.0, Sum:  0.0, Workers: 4
[1308.919s][debug][gc,phases      ] GC(203)     Dead                           Min: 0, Avg:  0.0, Max: 0, Diff: 0, Sum: 0, Workers: 4
[1308.919s][debug][gc,phases      ] GC(203)     Total                          Min: 0, Avg: 90.5, Max: 192, Diff: 192, Sum: 362, Workers: 4
[1308.919s][debug][gc,phases      ] GC(203)   JVMTI Tag Weak OopStorage      Min:  0.0, Avg:  0.0, Max:  0.0, Diff:  0.0, Sum:  0.0, Workers: 4
[1308.919s][debug][gc,phases      ] GC(203)     Dead                           Min: 0, Avg:  0.0, Max: 0, Diff: 0, Sum: 0, Workers: 4
[1308.919s][debug][gc,phases      ] GC(203)     Total                          Min: 0, Avg:  0.0, Max: 0, Diff: 0, Sum: 0, Workers: 4
[1308.919s][debug][gc,phases      ] GC(203)   StringTable Weak               Min:  0.1, Avg:  0.1, Max:  0.1, Diff:  0.0, Sum:  0.4, Workers: 4
[1308.919s][debug][gc,phases      ] GC(203)     Dead                           Min: 0, Avg:  0.0, Max: 0, Diff: 0, Sum: 0, Workers: 4
[1308.919s][debug][gc,phases      ] GC(203)     Total                          Min: 11136, Avg: 12018.5, Max: 12928, Diff: 1792, Sum: 48074, Workers: 4
[1308.919s][debug][gc,phases      ] GC(203)   ResolvedMethodTable Weak       Min:  0.0, Avg:  0.0, Max:  0.0, Diff:  0.0, Sum:  0.1, Workers: 4
[1308.919s][debug][gc,phases      ] GC(203)     Dead                           Min: 0, Avg:  0.0, Max: 0, Diff: 0, Sum: 0, Workers: 4
[1308.919s][debug][gc,phases      ] GC(203)     Total                          Min: 1734, Avg: 1977.5, Max: 2113, Diff: 379, Sum: 7910, Workers: 4
[1308.919s][debug][gc,phases      ] GC(203)   JNI Weak                       Min:  0.0, Avg:  0.0, Max:  0.0, Diff:  0.0, Sum:  0.0, Workers: 4
[1308.919s][debug][gc,phases      ] GC(203)     Dead                           Min: 0, Avg:  0.0, Max: 0, Diff: 0, Sum: 0, Workers: 4
[1308.919s][debug][gc,phases      ] GC(203)     Total                          Min: 0, Avg:  0.0, Max: 0, Diff: 0, Sum: 0, Workers: 4
[1308.919s][debug][gc,phases      ] GC(203)   StringDedup Table Weak         Min:  0.0, Avg:  0.0, Max:  0.0, Diff:  0.0, Sum:  0.0, Workers: 4
[1308.919s][debug][gc,phases      ] GC(203)     Dead                           Min: 0, Avg:  0.0, Max: 0, Diff: 0, Sum: 0, Workers: 4
[1308.919s][debug][gc,phases      ] GC(203)     Total                          Min: 0, Avg:  0.0, Max: 0, Diff: 0, Sum: 0, Workers: 4
[1308.919s][debug][gc,phases      ] GC(203)   StringDedup Requests0 Weak     Min:  0.0, Avg:  0.0, Max:  0.0, Diff:  0.0, Sum:  0.0, Workers: 4
[1308.919s][debug][gc,phases      ] GC(203)     Dead                           Min: 0, Avg:  0.0, Max: 0, Diff: 0, Sum: 0, Workers: 4
[1308.919s][debug][gc,phases      ] GC(203)     Total                          Min: 0, Avg:  0.0, Max: 0, Diff: 0, Sum: 0, Workers: 4
[1308.919s][debug][gc,phases      ] GC(203)   StringDedup Requests1 Weak     Min:  0.0, Avg:  0.0, Max:  0.0, Diff:  0.0, Sum:  0.0, Workers: 4
[1308.919s][debug][gc,phases      ] GC(203)     Dead                           Min: 0, Avg:  0.0, Max: 0, Diff: 0, Sum: 0, Workers: 4
[1308.919s][debug][gc,phases      ] GC(203)     Total                          Min: 0, Avg:  0.0, Max: 0, Diff: 0, Sum: 0, Workers: 4
[1308.919s][debug][gc,phases      ] GC(203)   Weak JFR Old Object Samples    Min:  0.0, Avg:  0.0, Max:  0.0, Diff:  0.0, Sum:  0.0, Workers: 4
[1308.919s][debug][gc,phases      ] GC(203)     Dead                           Min: 0, Avg:  0.0, Max: 0, Diff: 0, Sum: 0, Workers: 4
[1308.919s][debug][gc,phases      ] GC(203)     Total                          Min: 0, Avg:  0.0, Max: 0, Diff: 0, Sum: 0, Workers: 4
[1308.919s][debug][gc,phases      ] GC(203) Weak Processing 0.390ms
[1308.919s][debug][gc,age         ] GC(203) Desired survivor size 48758784 bytes, new threshold 15 (max threshold 15)
[1308.919s][info ][gc,heap        ] GC(203) PSYoungGen: 1998000K(2047488K)->2160K(2045440K) Eden: 1995776K(1995776K)->0K(1995776K) From: 2224K(51712K)->2160K(49664K)
[1308.919s][info ][gc,heap        ] GC(203) ParOldGen: 588654K(632832K)->588678K(632832K)
[1308.919s][info ][gc,metaspace   ] GC(203) Metaspace: 81863K(82688K)->81863K(82688K) NonClass: 70399K(70848K)->70399K(70848K) Class: 11464K(11840K)->11464K(11840K)
[1308.919s][info ][gc             ] GC(203) Pause Young (Allocation Failure) 2526M->576M(2615M) 2.438ms
[1308.919s][info ][gc,cpu         ] GC(203) User=0.01s Sys=0.00s Real=0.00s
[1308.919s][info ][safepoint      ] Safepoint "ParallelGCFailedAllocation", Time since last: 10395846313 ns, Reaching safepoint: 58900 ns, At safepoint: 2533338 ns, Total: 2592238 ns
[1315.920s][info ][safepoint      ] Safepoint "Cleanup", Time since last: 7000448048 ns, Reaching safepoint: 127302 ns, At safepoint: 11000 ns, Total: 138302 ns
[1318.920s][info ][safepoint      ] Safepoint "Cleanup", Time since last: 3000258119 ns, Reaching safepoint: 135202 ns, At safepoint: 12900 ns, Total: 148102 ns
[1322.270s][info ][gc,start       ] GC(204) Pause Young (Allocation Failure)
[1322.272s][debug][gc,phases      ] GC(204) Scavenge 1.715ms
[1322.272s][debug][gc,ref         ] GC(204) Skipped phase 1 of Reference Processing: no references
[1322.272s][debug][gc,ref         ] GC(204) ReferenceProcessor::execute queues: 1, RefProcThreadModel::Single, marks_oops_alive: false
[1322.272s][debug][gc,ref         ] GC(204) Skipped phase 3 of Reference Processing: no references
[1322.272s][debug][gc,ref         ] GC(204) Skipped phase 4 of Reference Processing: no references
[1322.272s][debug][gc,phases      ] GC(204) Reference Processing 0.109ms
[1322.272s][debug][gc,phases      ] GC(204)   VM Weak                        Min:  0.0, Avg:  0.0, Max:  0.0, Diff:  0.0, Sum:  0.0, Workers: 4
[1322.272s][debug][gc,phases      ] GC(204)     Dead                           Min: 0, Avg:  0.0, Max: 0, Diff: 0, Sum: 0, Workers: 4
[1322.272s][debug][gc,phases      ] GC(204)     Total                          Min: 0, Avg: 167.5, Max: 414, Diff: 414, Sum: 670, Workers: 4
[1322.272s][debug][gc,phases      ] GC(204)   ObjectSynchronizer Weak        Min:  0.0, Avg:  0.0, Max:  0.0, Diff:  0.0, Sum:  0.0, Workers: 4
[1322.272s][debug][gc,phases      ] GC(204)     Dead                           Min: 0, Avg:  0.0, Max: 0, Diff: 0, Sum: 0, Workers: 4
[1322.272s][debug][gc,phases      ] GC(204)     Total                          Min: 0, Avg: 90.5, Max: 234, Diff: 234, Sum: 362, Workers: 4
[1322.272s][debug][gc,phases      ] GC(204)   JVMTI Tag Weak OopStorage      Min:  0.0, Avg:  0.0, Max:  0.0, Diff:  0.0, Sum:  0.0, Workers: 4
[1322.272s][debug][gc,phases      ] GC(204)     Dead                           Min: 0, Avg:  0.0, Max: 0, Diff: 0, Sum: 0, Workers: 4
[1322.272s][debug][gc,phases      ] GC(204)     Total                          Min: 0, Avg:  0.0, Max: 0, Diff: 0, Sum: 0, Workers: 4
[1322.272s][debug][gc,phases      ] GC(204)   StringTable Weak               Min:  0.1, Avg:  0.1, Max:  0.1, Diff:  0.0, Sum:  0.4, Workers: 4
[1322.272s][debug][gc,phases      ] GC(204)     Dead                           Min: 0, Avg:  0.0, Max: 0, Diff: 0, Sum: 0, Workers: 4
[1322.272s][debug][gc,phases      ] GC(204)     Total                          Min: 10880, Avg: 12019.0, Max: 13376, Diff: 2496, Sum: 48076, Workers: 4
[1322.273s][debug][gc,phases      ] GC(204)   ResolvedMethodTable Weak       Min:  0.0, Avg:  0.0, Max:  0.0, Diff:  0.0, Sum:  0.1, Workers: 4
[1322.273s][debug][gc,phases      ] GC(204)     Dead                           Min: 0, Avg:  0.0, Max: 0, Diff: 0, Sum: 0, Workers: 4
[1322.273s][debug][gc,phases      ] GC(204)     Total                          Min: 1846, Avg: 1977.5, Max: 2135, Diff: 289, Sum: 7910, Workers: 4
[1322.273s][debug][gc,phases      ] GC(204)   JNI Weak                       Min:  0.0, Avg:  0.0, Max:  0.0, Diff:  0.0, Sum:  0.0, Workers: 4
[1322.273s][debug][gc,phases      ] GC(204)     Dead                           Min: 0, Avg:  0.0, Max: 0, Diff: 0, Sum: 0, Workers: 4
[1322.273s][debug][gc,phases      ] GC(204)     Total                          Min: 0, Avg:  0.0, Max: 0, Diff: 0, Sum: 0, Workers: 4
[1322.273s][debug][gc,phases      ] GC(204)   StringDedup Table Weak         Min:  0.0, Avg:  0.0, Max:  0.0, Diff:  0.0, Sum:  0.0, Workers: 4
[1322.273s][debug][gc,phases      ] GC(204)     Dead                           Min: 0, Avg:  0.0, Max: 0, Diff: 0, Sum: 0, Workers: 4
[1322.273s][debug][gc,phases      ] GC(204)     Total                          Min: 0, Avg:  0.0, Max: 0, Diff: 0, Sum: 0, Workers: 4
[1322.273s][debug][gc,phases      ] GC(204)   StringDedup Requests0 Weak     Min:  0.0, Avg:  0.0, Max:  0.0, Diff:  0.0, Sum:  0.0, Workers: 4
[1322.273s][debug][gc,phases      ] GC(204)     Dead                           Min: 0, Avg:  0.0, Max: 0, Diff: 0, Sum: 0, Workers: 4
[1322.273s][debug][gc,phases      ] GC(204)     Total                          Min: 0, Avg:  0.0, Max: 0, Diff: 0, Sum: 0, Workers: 4
[1322.273s][debug][gc,phases      ] GC(204)   StringDedup Requests1 Weak     Min:  0.0, Avg:  0.0, Max:  0.0, Diff:  0.0, Sum:  0.0, Workers: 4
[1322.273s][debug][gc,phases      ] GC(204)     Dead                           Min: 0, Avg:  0.0, Max: 0, Diff: 0, Sum: 0, Workers: 4
[1322.273s][debug][gc,phases      ] GC(204)     Total                          Min: 0, Avg:  0.0, Max: 0, Diff: 0, Sum: 0, Workers: 4
[1322.273s][debug][gc,phases      ] GC(204)   Weak JFR Old Object Samples    Min:  0.0, Avg:  0.0, Max:  0.0, Diff:  0.0, Sum:  0.0, Workers: 4
[1322.273s][debug][gc,phases      ] GC(204)     Dead                           Min: 0, Avg:  0.0, Max: 0, Diff: 0, Sum: 0, Workers: 4
[1322.273s][debug][gc,phases      ] GC(204)     Total                          Min: 0, Avg:  0.0, Max: 0, Diff: 0, Sum: 0, Workers: 4
[1322.273s][debug][gc,phases      ] GC(204) Weak Processing 0.333ms
[1322.273s][debug][gc,age         ] GC(204) Desired survivor size 47185920 bytes, new threshold 15 (max threshold 15)
[1322.273s][info ][gc,heap        ] GC(204) PSYoungGen: 1997936K(2045440K)->2192K(2051072K) Eden: 1995776K(1995776K)->0K(2003456K) From: 2160K(49664K)->2192K(47616K)
[1322.273s][info ][gc,heap        ] GC(204) ParOldGen: 588678K(632832K)->588710K(632832K)
[1322.273s][info ][gc,metaspace   ] GC(204) Metaspace: 81871K(82688K)->81871K(82688K) NonClass: 70406K(70848K)->70406K(70848K) Class: 11464K(11840K)->11464K(11840K)
[1322.273s][info ][gc             ] GC(204) Pause Young (Allocation Failure) 2525M->577M(2621M) 2.297ms
[1322.273s][info ][gc,cpu         ] GC(204) User=0.01s Sys=0.00s Real=0.01s
[1322.273s][info ][safepoint      ] Safepoint "ParallelGCFailedAllocation", Time since last: 3350001665 ns, Reaching safepoint: 35301 ns, At safepoint: 2375535 ns, Total: 2410836 ns
[1329.273s][info ][safepoint      ] Safepoint "Cleanup", Time since last: 7000482333 ns, Reaching safepoint: 135602 ns, At safepoint: 17001 ns, Total: 152603 ns
[1335.274s][info ][safepoint      ] Safepoint "Cleanup", Time since last: 6000443922 ns, Reaching safepoint: 118302 ns, At safepoint: 8100 ns, Total: 126402 ns
[1335.717s][info ][gc,start       ] GC(205) Pause Young (Allocation Failure)
[1335.719s][debug][gc,phases      ] GC(205) Scavenge 1.873ms
[1335.719s][debug][gc,ref         ] GC(205) Skipped phase 1 of Reference Processing: no references
[1335.719s][debug][gc,ref         ] GC(205) Skipped phase 2 of Reference Processing: no references
[1335.719s][debug][gc,ref         ] GC(205) Skipped phase 3 of Reference Processing: no references
[1335.719s][debug][gc,ref         ] GC(205) Skipped phase 4 of Reference Processing: no references
[1335.719s][debug][gc,phases      ] GC(205) Reference Processing 0.027ms
[1335.720s][debug][gc,phases      ] GC(205)   VM Weak                        Min:  0.0, Avg:  0.0, Max:  0.0, Diff:  0.0, Sum:  0.0, Workers: 4
[1335.720s][debug][gc,phases      ] GC(205)     Dead                           Min: 0, Avg:  0.0, Max: 0, Diff: 0, Sum: 0, Workers: 4
[1335.720s][debug][gc,phases      ] GC(205)     Total                          Min: 0, Avg: 167.5, Max: 350, Diff: 350, Sum: 670, Workers: 4
[1335.720s][debug][gc,phases      ] GC(205)   ObjectSynchronizer Weak        Min:  0.0, Avg:  0.0, Max:  0.0, Diff:  0.0, Sum:  0.0, Workers: 4
[1335.720s][debug][gc,phases      ] GC(205)     Dead                           Min: 0, Avg:  0.0, Max: 0, Diff: 0, Sum: 0, Workers: 4
[1335.720s][debug][gc,phases      ] GC(205)     Total                          Min: 0, Avg: 90.5, Max: 128, Diff: 128, Sum: 362, Workers: 4
[1335.720s][debug][gc,phases      ] GC(205)   JVMTI Tag Weak OopStorage      Min:  0.0, Avg:  0.0, Max:  0.0, Diff:  0.0, Sum:  0.0, Workers: 4
[1335.720s][debug][gc,phases      ] GC(205)     Dead                           Min: 0, Avg:  0.0, Max: 0, Diff: 0, Sum: 0, Workers: 4
[1335.720s][debug][gc,phases      ] GC(205)     Total                          Min: 0, Avg:  0.0, Max: 0, Diff: 0, Sum: 0, Workers: 4
[1335.720s][debug][gc,phases      ] GC(205)   StringTable Weak               Min:  0.1, Avg:  0.1, Max:  0.1, Diff:  0.0, Sum:  0.4, Workers: 4
[1335.720s][debug][gc,phases      ] GC(205)     Dead                           Min: 0, Avg:  0.0, Max: 0, Diff: 0, Sum: 0, Workers: 4
[1335.720s][debug][gc,phases      ] GC(205)     Total                          Min: 10496, Avg: 12022.2, Max: 13248, Diff: 2752, Sum: 48089, Workers: 4
[1335.720s][debug][gc,phases      ] GC(205)   ResolvedMethodTable Weak       Min:  0.0, Avg:  0.0, Max:  0.0, Diff:  0.0, Sum:  0.1, Workers: 4
[1335.720s][debug][gc,phases      ] GC(205)     Dead                           Min: 0, Avg:  0.0, Max: 0, Diff: 0, Sum: 0, Workers: 4
[1335.720s][debug][gc,phases      ] GC(205)     Total                          Min: 1831, Avg: 1977.5, Max: 2184, Diff: 353, Sum: 7910, Workers: 4
[1335.720s][debug][gc,phases      ] GC(205)   JNI Weak                       Min:  0.0, Avg:  0.0, Max:  0.0, Diff:  0.0, Sum:  0.0, Workers: 4
[1335.720s][debug][gc,phases      ] GC(205)     Dead                           Min: 0, Avg:  0.0, Max: 0, Diff: 0, Sum: 0, Workers: 4
[1335.720s][debug][gc,phases      ] GC(205)     Total                          Min: 0, Avg:  0.0, Max: 0, Diff: 0, Sum: 0, Workers: 4
[1335.720s][debug][gc,phases      ] GC(205)   StringDedup Table Weak         Min:  0.0, Avg:  0.0, Max:  0.0, Diff:  0.0, Sum:  0.0, Workers: 4
[1335.720s][debug][gc,phases      ] GC(205)     Dead                           Min: 0, Avg:  0.0, Max: 0, Diff: 0, Sum: 0, Workers: 4
[1335.720s][debug][gc,phases      ] GC(205)     Total                          Min: 0, Avg:  0.0, Max: 0, Diff: 0, Sum: 0, Workers: 4
[1335.720s][debug][gc,phases      ] GC(205)   StringDedup Requests0 Weak     Min:  0.0, Avg:  0.0, Max:  0.0, Diff:  0.0, Sum:  0.0, Workers: 4
[1335.720s][debug][gc,phases      ] GC(205)     Dead                           Min: 0, Avg:  0.0, Max: 0, Diff: 0, Sum: 0, Workers: 4
[1335.720s][debug][gc,phases      ] GC(205)     Total                          Min: 0, Avg:  0.0, Max: 0, Diff: 0, Sum: 0, Workers: 4
[1335.720s][debug][gc,phases      ] GC(205)   StringDedup Requests1 Weak     Min:  0.0, Avg:  0.0, Max:  0.0, Diff:  0.0, Sum:  0.0, Workers: 4
[1335.720s][debug][gc,phases      ] GC(205)     Dead                           Min: 0, Avg:  0.0, Max: 0, Diff: 0, Sum: 0, Workers: 4
[1335.720s][debug][gc,phases      ] GC(205)     Total                          Min: 0, Avg:  0.0, Max: 0, Diff: 0, Sum: 0, Workers: 4
[1335.720s][debug][gc,phases      ] GC(205)   Weak JFR Old Object Samples    Min:  0.0, Avg:  0.0, Max:  0.0, Diff:  0.0, Sum:  0.0, Workers: 4
[1335.720s][debug][gc,phases      ] GC(205)     Dead                           Min: 0, Avg:  0.0, Max: 0, Diff: 0, Sum: 0, Workers: 4
[1335.720s][debug][gc,phases      ] GC(205)     Total                          Min: 0, Avg:  0.0, Max: 0, Diff: 0, Sum: 0, Workers: 4
[1335.720s][debug][gc,phases      ] GC(205) Weak Processing 0.319ms
[1335.720s][debug][gc,age         ] GC(205) Desired survivor size 45088768 bytes, new threshold 15 (max threshold 15)
[1335.720s][info ][gc,heap        ] GC(205) PSYoungGen: 2005648K(2051072K)->2160K(2049536K) Eden: 2003456K(2003456K)->0K(2003456K) From: 2192K(47616K)->2160K(46080K)
[1335.720s][info ][gc,heap        ] GC(205) ParOldGen: 588710K(632832K)->588750K(632832K)
[1335.720s][info ][gc,metaspace   ] GC(205) Metaspace: 81871K(82688K)->81871K(82688K) NonClass: 70406K(70848K)->70406K(70848K) Class: 11464K(11840K)->11464K(11840K)
[1335.720s][info ][gc             ] GC(205) Pause Young (Allocation Failure) 2533M->577M(2619M) 2.357ms
[1335.720s][info ][gc,cpu         ] GC(205) User=0.01s Sys=0.00s Real=0.00s
[1335.720s][info ][safepoint      ] Safepoint "ParallelGCFailedAllocation", Time since last: 443474453 ns, Reaching safepoint: 50601 ns, At safepoint: 2439537 ns, Total: 2490138 ns
[1343.721s][info ][safepoint      ] Safepoint "Cleanup", Time since last: 8000547620 ns, Reaching safepoint: 115102 ns, At safepoint: 6700 ns, Total: 121802 ns
[1344.721s][info ][safepoint      ] Safepoint "Cleanup", Time since last: 1000109803 ns, Reaching safepoint: 119201 ns, At safepoint: 8701 ns, Total: 127902 ns
[1345.721s][info ][safepoint      ] Safepoint "Cleanup", Time since last: 1000118202 ns, Reaching safepoint: 108702 ns, At safepoint: 8000 ns, Total: 116702 ns
[1348.721s][info ][safepoint      ] Safepoint "Cleanup", Time since last: 3000254305 ns, Reaching safepoint: 120602 ns, At safepoint: 7900 ns, Total: 128502 ns
[1349.219s][info ][gc,start       ] GC(206) Pause Young (Allocation Failure)
[1349.221s][debug][gc,phases      ] GC(206) Scavenge 1.989ms
[1349.221s][debug][gc,ref         ] GC(206) Skipped phase 1 of Reference Processing: no references
[1349.221s][debug][gc,ref         ] GC(206) Skipped phase 2 of Reference Processing: no references
[1349.221s][debug][gc,ref         ] GC(206) Skipped phase 3 of Reference Processing: no references
[1349.221s][debug][gc,ref         ] GC(206) Skipped phase 4 of Reference Processing: no references
[1349.221s][debug][gc,phases      ] GC(206) Reference Processing 0.031ms
[1349.221s][debug][gc,phases      ] GC(206)   VM Weak                        Min:  0.0, Avg:  0.0, Max:  0.0, Diff:  0.0, Sum:  0.0, Workers: 4
[1349.221s][debug][gc,phases      ] GC(206)     Dead                           Min: 0, Avg:  0.0, Max: 0, Diff: 0, Sum: 0, Workers: 4
[1349.221s][debug][gc,phases      ] GC(206)     Total                          Min: 0, Avg: 167.5, Max: 670, Diff: 670, Sum: 670, Workers: 4
[1349.221s][debug][gc,phases      ] GC(206)   ObjectSynchronizer Weak        Min:  0.0, Avg:  0.0, Max:  0.0, Diff:  0.0, Sum:  0.0, Workers: 4
[1349.221s][debug][gc,phases      ] GC(206)     Dead                           Min: 0, Avg:  0.0, Max: 0, Diff: 0, Sum: 0, Workers: 4
[1349.221s][debug][gc,phases      ] GC(206)     Total                          Min: 0, Avg: 90.5, Max: 234, Diff: 234, Sum: 362, Workers: 4
[1349.221s][debug][gc,phases      ] GC(206)   JVMTI Tag Weak OopStorage      Min:  0.0, Avg:  0.0, Max:  0.0, Diff:  0.0, Sum:  0.0, Workers: 4
[1349.221s][debug][gc,phases      ] GC(206)     Dead                           Min: 0, Avg:  0.0, Max: 0, Diff: 0, Sum: 0, Workers: 4
[1349.221s][debug][gc,phases      ] GC(206)     Total                          Min: 0, Avg:  0.0, Max: 0, Diff: 0, Sum: 0, Workers: 4
[1349.221s][debug][gc,phases      ] GC(206)   StringTable Weak               Min:  0.1, Avg:  0.1, Max:  0.1, Diff:  0.0, Sum:  0.4, Workers: 4
[1349.221s][debug][gc,phases      ] GC(206)     Dead                           Min: 0, Avg:  0.0, Max: 0, Diff: 0, Sum: 0, Workers: 4
[1349.221s][debug][gc,phases      ] GC(206)     Total                          Min: 11008, Avg: 12022.2, Max: 12864, Diff: 1856, Sum: 48089, Workers: 4
[1349.221s][debug][gc,phases      ] GC(206)   ResolvedMethodTable Weak       Min:  0.0, Avg:  0.0, Max:  0.0, Diff:  0.0, Sum:  0.1, Workers: 4
[1349.221s][debug][gc,phases      ] GC(206)     Dead                           Min: 0, Avg:  0.0, Max: 0, Diff: 0, Sum: 0, Workers: 4
[1349.221s][debug][gc,phases      ] GC(206)     Total                          Min: 1846, Avg: 1977.5, Max: 2168, Diff: 322, Sum: 7910, Workers: 4
[1349.221s][debug][gc,phases      ] GC(206)   JNI Weak                       Min:  0.0, Avg:  0.0, Max:  0.0, Diff:  0.0, Sum:  0.0, Workers: 4
[1349.221s][debug][gc,phases      ] GC(206)     Dead                           Min: 0, Avg:  0.0, Max: 0, Diff: 0, Sum: 0, Workers: 4
[1349.221s][debug][gc,phases      ] GC(206)     Total                          Min: 0, Avg:  0.0, Max: 0, Diff: 0, Sum: 0, Workers: 4
[1349.221s][debug][gc,phases      ] GC(206)   StringDedup Table Weak         Min:  0.0, Avg:  0.0, Max:  0.0, Diff:  0.0, Sum:  0.0, Workers: 4
[1349.221s][debug][gc,phases      ] GC(206)     Dead                           Min: 0, Avg:  0.0, Max: 0, Diff: 0, Sum: 0, Workers: 4
[1349.221s][debug][gc,phases      ] GC(206)     Total                          Min: 0, Avg:  0.0, Max: 0, Diff: 0, Sum: 0, Workers: 4
[1349.221s][debug][gc,phases      ] GC(206)   StringDedup Requests0 Weak     Min:  0.0, Avg:  0.0, Max:  0.0, Diff:  0.0, Sum:  0.0, Workers: 4
[1349.221s][debug][gc,phases      ] GC(206)     Dead                           Min: 0, Avg:  0.0, Max: 0, Diff: 0, Sum: 0, Workers: 4
[1349.221s][debug][gc,phases      ] GC(206)     Total                          Min: 0, Avg:  0.0, Max: 0, Diff: 0, Sum: 0, Workers: 4
[1349.221s][debug][gc,phases      ] GC(206)   StringDedup Requests1 Weak     Min:  0.0, Avg:  0.0, Max:  0.0, Diff:  0.0, Sum:  0.0, Workers: 4
[1349.221s][debug][gc,phases      ] GC(206)     Dead                           Min: 0, Avg:  0.0, Max: 0, Diff: 0, Sum: 0, Workers: 4
[1349.221s][debug][gc,phases      ] GC(206)     Total                          Min: 0, Avg:  0.0, Max: 0, Diff: 0, Sum: 0, Workers: 4
[1349.221s][debug][gc,phases      ] GC(206)   Weak JFR Old Object Samples    Min:  0.0, Avg:  0.0, Max:  0.0, Diff:  0.0, Sum:  0.0, Workers: 4
[1349.221s][debug][gc,phases      ] GC(206)     Dead                           Min: 0, Avg:  0.0, Max: 0, Diff: 0, Sum: 0, Workers: 4
[1349.221s][debug][gc,phases      ] GC(206)     Total                          Min: 0, Avg:  0.0, Max: 0, Diff: 0, Sum: 0, Workers: 4
[1349.221s][debug][gc,phases      ] GC(206) Weak Processing 0.336ms
[1349.221s][debug][gc,age         ] GC(206) Desired survivor size 42991616 bytes, new threshold 15 (max threshold 15)
[1349.221s][info ][gc,heap        ] GC(206) PSYoungGen: 2005616K(2049536K)->1392K(2055168K) Eden: 2003456K(2003456K)->0K(2011136K) From: 2160K(46080K)->1392K(44032K)
[1349.221s][info ][gc,heap        ] GC(206) ParOldGen: 588750K(632832K)->589550K(632832K)
[1349.221s][info ][gc,metaspace   ] GC(206) Metaspace: 81871K(82688K)->81871K(82688K) NonClass: 70407K(70848K)->70407K(70848K) Class: 11464K(11840K)->11464K(11840K)
[1349.221s][info ][gc             ] GC(206) Pause Young (Allocation Failure) 2533M->577M(2625M) 2.476ms
[1349.221s][info ][gc,cpu         ] GC(206) User=0.00s Sys=0.00s Real=0.00s
[1349.221s][info ][safepoint      ] Safepoint "ParallelGCFailedAllocation", Time since last: 497504362 ns, Reaching safepoint: 30801 ns, At safepoint: 2550638 ns, Total: 2581439 ns
[1351.222s][info ][safepoint      ] Safepoint "Cleanup", Time since last: 2000156802 ns, Reaching safepoint: 55301 ns, At safepoint: 10300 ns, Total: 65601 ns
[1356.222s][info ][safepoint      ] Safepoint "Cleanup", Time since last: 5000410604 ns, Reaching safepoint: 118102 ns, At safepoint: 21100 ns, Total: 139202 ns
[1357.194s][info ][gc,start       ] GC(207) Pause Young (Allocation Failure)
[1357.199s][debug][gc,phases      ] GC(207) Scavenge 5.424ms
[1357.199s][debug][gc,ref         ] GC(207) Skipped phase 1 of Reference Processing: no references
[1357.199s][debug][gc,ref         ] GC(207) ReferenceProcessor::execute queues: 1, RefProcThreadModel::Single, marks_oops_alive: false
[1357.199s][debug][gc,ref         ] GC(207) Skipped phase 3 of Reference Processing: no references
[1357.199s][debug][gc,ref         ] GC(207) ReferenceProcessor::execute queues: 1, RefProcThreadModel::Single, marks_oops_alive: false
[1357.199s][debug][gc,phases      ] GC(207) Reference Processing 0.130ms
[1357.200s][debug][gc,phases      ] GC(207)   VM Weak                        Min:  0.0, Avg:  0.0, Max:  0.0, Diff:  0.0, Sum:  0.0, Workers: 4
[1357.200s][debug][gc,phases      ] GC(207)     Dead                           Min: 0, Avg:  0.0, Max: 0, Diff: 0, Sum: 0, Workers: 4
[1357.200s][debug][gc,phases      ] GC(207)     Total                          Min: 0, Avg: 167.5, Max: 606, Diff: 606, Sum: 670, Workers: 4
[1357.200s][debug][gc,phases      ] GC(207)   ObjectSynchronizer Weak        Min:  0.0, Avg:  0.0, Max:  0.0, Diff:  0.0, Sum:  0.0, Workers: 4
[1357.200s][debug][gc,phases      ] GC(207)     Dead                           Min: 0, Avg:  0.0, Max: 0, Diff: 0, Sum: 0, Workers: 4
[1357.200s][debug][gc,phases      ] GC(207)     Total                          Min: 0, Avg: 90.5, Max: 128, Diff: 128, Sum: 362, Workers: 4
[1357.200s][debug][gc,phases      ] GC(207)   JVMTI Tag Weak OopStorage      Min:  0.0, Avg:  0.0, Max:  0.0, Diff:  0.0, Sum:  0.0, Workers: 4
[1357.200s][debug][gc,phases      ] GC(207)     Dead                           Min: 0, Avg:  0.0, Max: 0, Diff: 0, Sum: 0, Workers: 4
[1357.200s][debug][gc,phases      ] GC(207)     Total                          Min: 0, Avg:  0.0, Max: 0, Diff: 0, Sum: 0, Workers: 4
[1357.200s][debug][gc,phases      ] GC(207)   StringTable Weak               Min:  0.1, Avg:  0.1, Max:  0.1, Diff:  0.0, Sum:  0.4, Workers: 4
[1357.200s][debug][gc,phases      ] GC(207)     Dead                           Min: 0, Avg:  0.0, Max: 0, Diff: 0, Sum: 0, Workers: 4
[1357.200s][debug][gc,phases      ] GC(207)     Total                          Min: 11712, Avg: 12022.2, Max: 12249, Diff: 537, Sum: 48089, Workers: 4
[1357.200s][debug][gc,phases      ] GC(207)   ResolvedMethodTable Weak       Min:  0.0, Avg:  0.0, Max:  0.0, Diff:  0.0, Sum:  0.1, Workers: 4
[1357.200s][debug][gc,phases      ] GC(207)     Dead                           Min: 0, Avg:  0.0, Max: 0, Diff: 0, Sum: 0, Workers: 4
[1357.200s][debug][gc,phases      ] GC(207)     Total                          Min: 1842, Avg: 1977.5, Max: 2117, Diff: 275, Sum: 7910, Workers: 4
[1357.200s][debug][gc,phases      ] GC(207)   JNI Weak                       Min:  0.0, Avg:  0.0, Max:  0.0, Diff:  0.0, Sum:  0.0, Workers: 4
[1357.200s][debug][gc,phases      ] GC(207)     Dead                           Min: 0, Avg:  0.0, Max: 0, Diff: 0, Sum: 0, Workers: 4
[1357.200s][debug][gc,phases      ] GC(207)     Total                          Min: 0, Avg:  0.0, Max: 0, Diff: 0, Sum: 0, Workers: 4
[1357.200s][debug][gc,phases      ] GC(207)   StringDedup Table Weak         Min:  0.0, Avg:  0.0, Max:  0.0, Diff:  0.0, Sum:  0.0, Workers: 4
[1357.200s][debug][gc,phases      ] GC(207)     Dead                           Min: 0, Avg:  0.0, Max: 0, Diff: 0, Sum: 0, Workers: 4
[1357.200s][debug][gc,phases      ] GC(207)     Total                          Min: 0, Avg:  0.0, Max: 0, Diff: 0, Sum: 0, Workers: 4
[1357.200s][debug][gc,phases      ] GC(207)   StringDedup Requests0 Weak     Min:  0.0, Avg:  0.0, Max:  0.0, Diff:  0.0, Sum:  0.0, Workers: 4
[1357.200s][debug][gc,phases      ] GC(207)     Dead                           Min: 0, Avg:  0.0, Max: 0, Diff: 0, Sum: 0, Workers: 4
[1357.200s][debug][gc,phases      ] GC(207)     Total                          Min: 0, Avg:  0.0, Max: 0, Diff: 0, Sum: 0, Workers: 4
[1357.200s][debug][gc,phases      ] GC(207)   StringDedup Requests1 Weak     Min:  0.0, Avg:  0.0, Max:  0.0, Diff:  0.0, Sum:  0.0, Workers: 4
[1357.200s][debug][gc,phases      ] GC(207)     Dead                           Min: 0, Avg:  0.0, Max: 0, Diff: 0, Sum: 0, Workers: 4
[1357.200s][debug][gc,phases      ] GC(207)     Total                          Min: 0, Avg:  0.0, Max: 0, Diff: 0, Sum: 0, Workers: 4
[1357.200s][debug][gc,phases      ] GC(207)   Weak JFR Old Object Samples    Min:  0.0, Avg:  0.0, Max:  0.0, Diff:  0.0, Sum:  0.0, Workers: 4
[1357.200s][debug][gc,phases      ] GC(207)     Dead                           Min: 0, Avg:  0.0, Max: 0, Diff: 0, Sum: 0, Workers: 4
[1357.200s][debug][gc,phases      ] GC(207)     Total                          Min: 0, Avg:  0.0, Max: 0, Diff: 0, Sum: 0, Workers: 4
[1357.200s][debug][gc,phases      ] GC(207) Weak Processing 0.315ms
[1357.200s][debug][gc,age         ] GC(207) Desired survivor size 41943040 bytes, new threshold 15 (max threshold 15)
[1357.200s][info ][gc,heap        ] GC(207) PSYoungGen: 2012232K(2055168K)->14928K(2053120K) Eden: 2010840K(2011136K)->0K(2011136K) From: 1392K(44032K)->14928K(41984K)
[1357.200s][info ][gc,heap        ] GC(207) ParOldGen: 589550K(632832K)->589582K(632832K)
[1357.200s][info ][gc,metaspace   ] GC(207) Metaspace: 81873K(82688K)->81873K(82688K) NonClass: 70409K(70848K)->70409K(70848K) Class: 11464K(11840K)->11464K(11840K)
[1357.200s][info ][gc             ] GC(207) Pause Young (Allocation Failure) 2540M->590M(2623M) 6.010ms
[1357.200s][info ][gc,cpu         ] GC(207) User=0.02s Sys=0.00s Real=0.00s
[1357.200s][info ][safepoint      ] Safepoint "ParallelGCFailedAllocation", Time since last: 971437571 ns, Reaching safepoint: 46500 ns, At safepoint: 6101592 ns, Total: 6148092 ns
[1359.200s][info ][safepoint      ] Safepoint "Cleanup", Time since last: 2000151500 ns, Reaching safepoint: 47700 ns, At safepoint: 7900 ns, Total: 55600 ns
[1360.200s][info ][safepoint      ] Safepoint "Cleanup", Time since last: 1000056500 ns, Reaching safepoint: 45001 ns, At safepoint: 3900 ns, Total: 48901 ns
[1361.200s][info ][safepoint      ] Safepoint "Cleanup", Time since last: 1000105400 ns, Reaching safepoint: 53700 ns, At safepoint: 7001 ns, Total: 60701 ns
[1362.200s][info ][safepoint      ] Safepoint "Cleanup", Time since last: 1000117300 ns, Reaching safepoint: 39700 ns, At safepoint: 3300 ns, Total: 43000 ns
[1366.201s][info ][safepoint      ] Safepoint "Cleanup", Time since last: 4000290796 ns, Reaching safepoint: 50201 ns, At safepoint: 6400 ns, Total: 56601 ns
[1367.518s][info ][gc,start       ] GC(208) Pause Young (Allocation Failure)
[1367.525s][debug][gc,phases      ] GC(208) Scavenge 7.364ms
[1367.525s][debug][gc,ref         ] GC(208) Skipped phase 1 of Reference Processing: no references
[1367.525s][debug][gc,ref         ] GC(208) ReferenceProcessor::execute queues: 1, RefProcThreadModel::Single, marks_oops_alive: false
[1367.525s][debug][gc,ref         ] GC(208) Skipped phase 3 of Reference Processing: no references
[1367.525s][debug][gc,ref         ] GC(208) ReferenceProcessor::execute queues: 1, RefProcThreadModel::Single, marks_oops_alive: false
[1367.525s][debug][gc,phases      ] GC(208) Reference Processing 0.117ms
[1367.526s][debug][gc,phases      ] GC(208)   VM Weak                        Min:  0.0, Avg:  0.0, Max:  0.0, Diff:  0.0, Sum:  0.0, Workers: 4
[1367.526s][debug][gc,phases      ] GC(208)     Dead                           Min: 0, Avg:  0.0, Max: 0, Diff: 0, Sum: 0, Workers: 4
[1367.526s][debug][gc,phases      ] GC(208)     Total                          Min: 0, Avg: 167.5, Max: 670, Diff: 670, Sum: 670, Workers: 4
[1367.526s][debug][gc,phases      ] GC(208)   ObjectSynchronizer Weak        Min:  0.0, Avg:  0.0, Max:  0.0, Diff:  0.0, Sum:  0.0, Workers: 4
[1367.526s][debug][gc,phases      ] GC(208)     Dead                           Min: 0, Avg:  0.0, Max: 0, Diff: 0, Sum: 0, Workers: 4
[1367.526s][debug][gc,phases      ] GC(208)     Total                          Min: 0, Avg: 90.5, Max: 256, Diff: 256, Sum: 362, Workers: 4
[1367.526s][debug][gc,phases      ] GC(208)   JVMTI Tag Weak OopStorage      Min:  0.0, Avg:  0.0, Max:  0.0, Diff:  0.0, Sum:  0.0, Workers: 4
[1367.526s][debug][gc,phases      ] GC(208)     Dead                           Min: 0, Avg:  0.0, Max: 0, Diff: 0, Sum: 0, Workers: 4
[1367.526s][debug][gc,phases      ] GC(208)     Total                          Min: 0, Avg:  0.0, Max: 0, Diff: 0, Sum: 0, Workers: 4
[1367.526s][debug][gc,phases      ] GC(208)   StringTable Weak               Min:  0.1, Avg:  0.1, Max:  0.1, Diff:  0.0, Sum:  0.4, Workers: 4
[1367.526s][debug][gc,phases      ] GC(208)     Dead                           Min: 0, Avg:  0.0, Max: 0, Diff: 0, Sum: 0, Workers: 4
[1367.526s][debug][gc,phases      ] GC(208)     Total                          Min: 10778, Avg: 12022.5, Max: 13120, Diff: 2342, Sum: 48090, Workers: 4
[1367.526s][debug][gc,phases      ] GC(208)   ResolvedMethodTable Weak       Min:  0.0, Avg:  0.0, Max:  0.0, Diff:  0.0, Sum:  0.1, Workers: 4
[1367.526s][debug][gc,phases      ] GC(208)     Dead                           Min: 0, Avg:  0.0, Max: 0, Diff: 0, Sum: 0, Workers: 4
[1367.526s][debug][gc,phases      ] GC(208)     Total                          Min: 1875, Avg: 1977.5, Max: 2094, Diff: 219, Sum: 7910, Workers: 4
[1367.526s][debug][gc,phases      ] GC(208)   JNI Weak                       Min:  0.0, Avg:  0.0, Max:  0.0, Diff:  0.0, Sum:  0.0, Workers: 4
[1367.526s][debug][gc,phases      ] GC(208)     Dead                           Min: 0, Avg:  0.0, Max: 0, Diff: 0, Sum: 0, Workers: 4
[1367.526s][debug][gc,phases      ] GC(208)     Total                          Min: 0, Avg:  0.0, Max: 0, Diff: 0, Sum: 0, Workers: 4
[1367.526s][debug][gc,phases      ] GC(208)   StringDedup Table Weak         Min:  0.0, Avg:  0.0, Max:  0.0, Diff:  0.0, Sum:  0.0, Workers: 4
[1367.526s][debug][gc,phases      ] GC(208)     Dead                           Min: 0, Avg:  0.0, Max: 0, Diff: 0, Sum: 0, Workers: 4
[1367.526s][debug][gc,phases      ] GC(208)     Total                          Min: 0, Avg:  0.0, Max: 0, Diff: 0, Sum: 0, Workers: 4
[1367.526s][debug][gc,phases      ] GC(208)   StringDedup Requests0 Weak     Min:  0.0, Avg:  0.0, Max:  0.0, Diff:  0.0, Sum:  0.0, Workers: 4
[1367.526s][debug][gc,phases      ] GC(208)     Dead                           Min: 0, Avg:  0.0, Max: 0, Diff: 0, Sum: 0, Workers: 4
[1367.526s][debug][gc,phases      ] GC(208)     Total                          Min: 0, Avg:  0.0, Max: 0, Diff: 0, Sum: 0, Workers: 4
[1367.526s][debug][gc,phases      ] GC(208)   StringDedup Requests1 Weak     Min:  0.0, Avg:  0.0, Max:  0.0, Diff:  0.0, Sum:  0.0, Workers: 4
[1367.526s][debug][gc,phases      ] GC(208)     Dead                           Min: 0, Avg:  0.0, Max: 0, Diff: 0, Sum: 0, Workers: 4
[1367.526s][debug][gc,phases      ] GC(208)     Total                          Min: 0, Avg:  0.0, Max: 0, Diff: 0, Sum: 0, Workers: 4
[1367.526s][debug][gc,phases      ] GC(208)   Weak JFR Old Object Samples    Min:  0.0, Avg:  0.0, Max:  0.0, Diff:  0.0, Sum:  0.0, Workers: 4
[1367.526s][debug][gc,phases      ] GC(208)     Dead                           Min: 0, Avg:  0.0, Max: 0, Diff: 0, Sum: 0, Workers: 4
[1367.526s][debug][gc,phases      ] GC(208)     Total                          Min: 0, Avg:  0.0, Max: 0, Diff: 0, Sum: 0, Workers: 4
[1367.526s][debug][gc,phases      ] GC(208) Weak Processing 0.330ms
[1367.526s][debug][gc,age         ] GC(208) Desired survivor size 40894464 bytes, new threshold 15 (max threshold 15)
[1367.526s][info ][gc,heap        ] GC(208) PSYoungGen: 2026064K(2053120K)->15392K(2057216K) Eden: 2011136K(2011136K)->0K(2016256K) From: 14928K(41984K)->15392K(40960K)
[1367.526s][info ][gc,heap        ] GC(208) ParOldGen: 589582K(632832K)->589638K(632832K)
[1367.526s][info ][gc,metaspace   ] GC(208) Metaspace: 81877K(82688K)->81877K(82688K) NonClass: 70412K(70848K)->70412K(70848K) Class: 11465K(11840K)->11465K(11840K)
[1367.526s][info ][gc             ] GC(208) Pause Young (Allocation Failure) 2554M->590M(2627M) 7.940ms
[1367.526s][info ][gc,cpu         ] GC(208) User=0.03s Sys=0.00s Real=0.01s
[1367.526s][info ][safepoint      ] Safepoint "ParallelGCFailedAllocation", Time since last: 1316996852 ns, Reaching safepoint: 55301 ns, At safepoint: 8021420 ns, Total: 8076721 ns
[1368.526s][info ][safepoint      ] Safepoint "Cleanup", Time since last: 1000084199 ns, Reaching safepoint: 59500 ns, At safepoint: 13001 ns, Total: 72501 ns
[1371.526s][info ][safepoint      ] Safepoint "Cleanup", Time since last: 3000242594 ns, Reaching safepoint: 53901 ns, At safepoint: 6400 ns, Total: 60301 ns
[1374.527s][info ][safepoint      ] Safepoint "Cleanup", Time since last: 3000268994 ns, Reaching safepoint: 42801 ns, At safepoint: 7800 ns, Total: 50601 ns
[1379.470s][info ][gc,start       ] GC(209) Pause Young (Allocation Failure)
[1379.475s][debug][gc,phases      ] GC(209) Scavenge 5.133ms
[1379.475s][debug][gc,ref         ] GC(209) Skipped phase 1 of Reference Processing: no references
[1379.475s][debug][gc,ref         ] GC(209) ReferenceProcessor::execute queues: 1, RefProcThreadModel::Single, marks_oops_alive: false
[1379.475s][debug][gc,ref         ] GC(209) Skipped phase 3 of Reference Processing: no references
[1379.475s][debug][gc,ref         ] GC(209) ReferenceProcessor::execute queues: 1, RefProcThreadModel::Single, marks_oops_alive: false
[1379.475s][debug][gc,phases      ] GC(209) Reference Processing 0.120ms
[1379.475s][debug][gc,phases      ] GC(209)   VM Weak                        Min:  0.0, Avg:  0.0, Max:  0.0, Diff:  0.0, Sum:  0.0, Workers: 4
[1379.475s][debug][gc,phases      ] GC(209)     Dead                           Min: 0, Avg:  0.0, Max: 0, Diff: 0, Sum: 0, Workers: 4
[1379.475s][debug][gc,phases      ] GC(209)     Total                          Min: 0, Avg: 167.5, Max: 670, Diff: 670, Sum: 670, Workers: 4
[1379.475s][debug][gc,phases      ] GC(209)   ObjectSynchronizer Weak        Min:  0.0, Avg:  0.0, Max:  0.0, Diff:  0.0, Sum:  0.0, Workers: 4
[1379.475s][debug][gc,phases      ] GC(209)     Dead                           Min: 0, Avg:  0.0, Max: 0, Diff: 0, Sum: 0, Workers: 4
[1379.475s][debug][gc,phases      ] GC(209)     Total                          Min: 0, Avg: 90.5, Max: 192, Diff: 192, Sum: 362, Workers: 4
[1379.475s][debug][gc,phases      ] GC(209)   JVMTI Tag Weak OopStorage      Min:  0.0, Avg:  0.0, Max:  0.0, Diff:  0.0, Sum:  0.0, Workers: 4
[1379.475s][debug][gc,phases      ] GC(209)     Dead                           Min: 0, Avg:  0.0, Max: 0, Diff: 0, Sum: 0, Workers: 4
[1379.475s][debug][gc,phases      ] GC(209)     Total                          Min: 0, Avg:  0.0, Max: 0, Diff: 0, Sum: 0, Workers: 4
[1379.475s][debug][gc,phases      ] GC(209)   StringTable Weak               Min:  0.1, Avg:  0.1, Max:  0.1, Diff:  0.0, Sum:  0.5, Workers: 4
[1379.475s][debug][gc,phases      ] GC(209)     Dead                           Min: 0, Avg:  0.0, Max: 0, Diff: 0, Sum: 0, Workers: 4
[1379.475s][debug][gc,phases      ] GC(209)     Total                          Min: 11611, Avg: 12022.8, Max: 12224, Diff: 613, Sum: 48091, Workers: 4
[1379.475s][debug][gc,phases      ] GC(209)   ResolvedMethodTable Weak       Min:  0.0, Avg:  0.0, Max:  0.0, Diff:  0.0, Sum:  0.1, Workers: 4
[1379.475s][debug][gc,phases      ] GC(209)     Dead                           Min: 0, Avg:  0.0, Max: 0, Diff: 0, Sum: 0, Workers: 4
[1379.475s][debug][gc,phases      ] GC(209)     Total                          Min: 1875, Avg: 1977.5, Max: 2071, Diff: 196, Sum: 7910, Workers: 4
[1379.475s][debug][gc,phases      ] GC(209)   JNI Weak                       Min:  0.0, Avg:  0.0, Max:  0.0, Diff:  0.0, Sum:  0.0, Workers: 4
[1379.475s][debug][gc,phases      ] GC(209)     Dead                           Min: 0, Avg:  0.0, Max: 0, Diff: 0, Sum: 0, Workers: 4
[1379.475s][debug][gc,phases      ] GC(209)     Total                          Min: 0, Avg:  0.0, Max: 0, Diff: 0, Sum: 0, Workers: 4
[1379.475s][debug][gc,phases      ] GC(209)   StringDedup Table Weak         Min:  0.0, Avg:  0.0, Max:  0.0, Diff:  0.0, Sum:  0.0, Workers: 4
[1379.475s][debug][gc,phases      ] GC(209)     Dead                           Min: 0, Avg:  0.0, Max: 0, Diff: 0, Sum: 0, Workers: 4
[1379.475s][debug][gc,phases      ] GC(209)     Total                          Min: 0, Avg:  0.0, Max: 0, Diff: 0, Sum: 0, Workers: 4
[1379.475s][debug][gc,phases      ] GC(209)   StringDedup Requests0 Weak     Min:  0.0, Avg:  0.0, Max:  0.0, Diff:  0.0, Sum:  0.0, Workers: 4
[1379.475s][debug][gc,phases      ] GC(209)     Dead                           Min: 0, Avg:  0.0, Max: 0, Diff: 0, Sum: 0, Workers: 4
[1379.475s][debug][gc,phases      ] GC(209)     Total                          Min: 0, Avg:  0.0, Max: 0, Diff: 0, Sum: 0, Workers: 4
[1379.475s][debug][gc,phases      ] GC(209)   StringDedup Requests1 Weak     Min:  0.0, Avg:  0.0, Max:  0.0, Diff:  0.0, Sum:  0.0, Workers: 4
[1379.475s][debug][gc,phases      ] GC(209)     Dead                           Min: 0, Avg:  0.0, Max: 0, Diff: 0, Sum: 0, Workers: 4
[1379.475s][debug][gc,phases      ] GC(209)     Total                          Min: 0, Avg:  0.0, Max: 0, Diff: 0, Sum: 0, Workers: 4
[1379.475s][debug][gc,phases      ] GC(209)   Weak JFR Old Object Samples    Min:  0.0, Avg:  0.0, Max:  0.0, Diff:  0.0, Sum:  0.0, Workers: 4
[1379.475s][debug][gc,phases      ] GC(209)     Dead                           Min: 0, Avg:  0.0, Max: 0, Diff: 0, Sum: 0, Workers: 4
[1379.475s][debug][gc,phases      ] GC(209)     Total                          Min: 0, Avg:  0.0, Max: 0, Diff: 0, Sum: 0, Workers: 4
[1379.475s][debug][gc,phases      ] GC(209) Weak Processing 0.358ms
[1379.475s][debug][gc,age         ] GC(209) Desired survivor size 38273024 bytes, new threshold 15 (max threshold 15)
[1379.475s][info ][gc,heap        ] GC(209) PSYoungGen: 2031648K(2057216K)->11440K(2056192K) Eden: 2016256K(2016256K)->0K(2016256K) From: 15392K(40960K)->11440K(39936K)
[1379.475s][info ][gc,heap        ] GC(209) ParOldGen: 589638K(632832K)->589670K(632832K)
[1379.475s][info ][gc,metaspace   ] GC(209) Metaspace: 81879K(82688K)->81879K(82688K) NonClass: 70414K(70848K)->70414K(70848K) Class: 11465K(11840K)->11465K(11840K)
[1379.475s][info ][gc             ] GC(209) Pause Young (Allocation Failure) 2559M->587M(2626M) 5.755ms
[1379.475s][info ][gc,cpu         ] GC(209) User=0.02s Sys=0.00s Real=0.01s
[1379.475s][info ][safepoint      ] Safepoint "ParallelGCFailedAllocation", Time since last: 4942877724 ns, Reaching safepoint: 99801 ns, At safepoint: 5840488 ns, Total: 5940289 ns
[1380.476s][info ][safepoint      ] Safepoint "Cleanup", Time since last: 1000087597 ns, Reaching safepoint: 73501 ns, At safepoint: 13700 ns, Total: 87201 ns
[1386.476s][info ][safepoint      ] Safepoint "Cleanup", Time since last: 6000455978 ns, Reaching safepoint: 41101 ns, At safepoint: 7900 ns, Total: 49001 ns
[1392.542s][info ][gc,start       ] GC(210) Pause Young (Allocation Failure)
[1392.546s][debug][gc,phases      ] GC(210) Scavenge 3.755ms
[1392.546s][debug][gc,ref         ] GC(210) Skipped phase 1 of Reference Processing: no references
[1392.546s][debug][gc,ref         ] GC(210) ReferenceProcessor::execute queues: 1, RefProcThreadModel::Single, marks_oops_alive: false
[1392.546s][debug][gc,ref         ] GC(210) Skipped phase 3 of Reference Processing: no references
[1392.546s][debug][gc,ref         ] GC(210) ReferenceProcessor::execute queues: 1, RefProcThreadModel::Single, marks_oops_alive: false
[1392.546s][debug][gc,phases      ] GC(210) Reference Processing 0.118ms
[1392.546s][debug][gc,phases      ] GC(210)   VM Weak                        Min:  0.0, Avg:  0.0, Max:  0.0, Diff:  0.0, Sum:  0.0, Workers: 4
[1392.546s][debug][gc,phases      ] GC(210)     Dead                           Min: 0, Avg:  0.0, Max: 0, Diff: 0, Sum: 0, Workers: 4
[1392.546s][debug][gc,phases      ] GC(210)     Total                          Min: 0, Avg: 167.5, Max: 606, Diff: 606, Sum: 670, Workers: 4
[1392.546s][debug][gc,phases      ] GC(210)   ObjectSynchronizer Weak        Min:  0.0, Avg:  0.0, Max:  0.0, Diff:  0.0, Sum:  0.0, Workers: 4
[1392.546s][debug][gc,phases      ] GC(210)     Dead                           Min: 0, Avg:  0.0, Max: 0, Diff: 0, Sum: 0, Workers: 4
[1392.546s][debug][gc,phases      ] GC(210)     Total                          Min: 0, Avg: 90.5, Max: 192, Diff: 192, Sum: 362, Workers: 4
[1392.546s][debug][gc,phases      ] GC(210)   JVMTI Tag Weak OopStorage      Min:  0.0, Avg:  0.0, Max:  0.0, Diff:  0.0, Sum:  0.0, Workers: 4
[1392.546s][debug][gc,phases      ] GC(210)     Dead                           Min: 0, Avg:  0.0, Max: 0, Diff: 0, Sum: 0, Workers: 4
[1392.546s][debug][gc,phases      ] GC(210)     Total                          Min: 0, Avg:  0.0, Max: 0, Diff: 0, Sum: 0, Workers: 4
[1392.546s][debug][gc,phases      ] GC(210)   StringTable Weak               Min:  0.1, Avg:  0.1, Max:  0.1, Diff:  0.0, Sum:  0.4, Workers: 4
[1392.546s][debug][gc,phases      ] GC(210)     Dead                           Min: 0, Avg:  0.0, Max: 0, Diff: 0, Sum: 0, Workers: 4
[1392.546s][debug][gc,phases      ] GC(210)     Total                          Min: 10944, Avg: 12022.8, Max: 12608, Diff: 1664, Sum: 48091, Workers: 4
[1392.546s][debug][gc,phases      ] GC(210)   ResolvedMethodTable Weak       Min:  0.0, Avg:  0.0, Max:  0.0, Diff:  0.0, Sum:  0.1, Workers: 4
[1392.546s][debug][gc,phases      ] GC(210)     Dead                           Min: 0, Avg:  0.0, Max: 0, Diff: 0, Sum: 0, Workers: 4
[1392.546s][debug][gc,phases      ] GC(210)     Total                          Min: 1859, Avg: 1977.5, Max: 2140, Diff: 281, Sum: 7910, Workers: 4
[1392.546s][debug][gc,phases      ] GC(210)   JNI Weak                       Min:  0.0, Avg:  0.0, Max:  0.0, Diff:  0.0, Sum:  0.0, Workers: 4
[1392.546s][debug][gc,phases      ] GC(210)     Dead                           Min: 0, Avg:  0.0, Max: 0, Diff: 0, Sum: 0, Workers: 4
[1392.546s][debug][gc,phases      ] GC(210)     Total                          Min: 0, Avg:  0.0, Max: 0, Diff: 0, Sum: 0, Workers: 4
[1392.546s][debug][gc,phases      ] GC(210)   StringDedup Table Weak         Min:  0.0, Avg:  0.0, Max:  0.0, Diff:  0.0, Sum:  0.0, Workers: 4
[1392.546s][debug][gc,phases      ] GC(210)     Dead                           Min: 0, Avg:  0.0, Max: 0, Diff: 0, Sum: 0, Workers: 4
[1392.547s][debug][gc,phases      ] GC(210)     Total                          Min: 0, Avg:  0.0, Max: 0, Diff: 0, Sum: 0, Workers: 4
[1392.547s][debug][gc,phases      ] GC(210)   StringDedup Requests0 Weak     Min:  0.0, Avg:  0.0, Max:  0.0, Diff:  0.0, Sum:  0.0, Workers: 4
[1392.547s][debug][gc,phases      ] GC(210)     Dead                           Min: 0, Avg:  0.0, Max: 0, Diff: 0, Sum: 0, Workers: 4
[1392.547s][debug][gc,phases      ] GC(210)     Total                          Min: 0, Avg:  0.0, Max: 0, Diff: 0, Sum: 0, Workers: 4
[1392.547s][debug][gc,phases      ] GC(210)   StringDedup Requests1 Weak     Min:  0.0, Avg:  0.0, Max:  0.0, Diff:  0.0, Sum:  0.0, Workers: 4
[1392.547s][debug][gc,phases      ] GC(210)     Dead                           Min: 0, Avg:  0.0, Max: 0, Diff: 0, Sum: 0, Workers: 4
[1392.547s][debug][gc,phases      ] GC(210)     Total                          Min: 0, Avg:  0.0, Max: 0, Diff: 0, Sum: 0, Workers: 4
[1392.547s][debug][gc,phases      ] GC(210)   Weak JFR Old Object Samples    Min:  0.0, Avg:  0.0, Max:  0.0, Diff:  0.0, Sum:  0.0, Workers: 4
[1392.547s][debug][gc,phases      ] GC(210)     Dead                           Min: 0, Avg:  0.0, Max: 0, Diff: 0, Sum: 0, Workers: 4
[1392.547s][debug][gc,phases      ] GC(210)     Total                          Min: 0, Avg:  0.0, Max: 0, Diff: 0, Sum: 0, Workers: 4
[1392.547s][debug][gc,phases      ] GC(210) Weak Processing 0.314ms
[1392.547s][debug][gc,age         ] GC(210) Desired survivor size 35651584 bytes, new threshold 15 (max threshold 15)
[1392.547s][info ][gc,heap        ] GC(210) PSYoungGen: 2027696K(2056192K)->11088K(2062336K) Eden: 2016256K(2016256K)->0K(2024960K) From: 11440K(39936K)->11088K(37376K)
[1392.547s][info ][gc,heap        ] GC(210) ParOldGen: 589670K(632832K)->589694K(632832K)
[1392.547s][info ][gc,metaspace   ] GC(210) Metaspace: 81879K(82688K)->81879K(82688K) NonClass: 70414K(70848K)->70414K(70848K) Class: 11465K(11840K)->11465K(11840K)
[1392.547s][info ][gc             ] GC(210) Pause Young (Allocation Failure) 2556M->586M(2632M) 4.322ms
[1392.547s][info ][gc,cpu         ] GC(210) User=0.01s Sys=0.00s Real=0.01s
[1392.547s][info ][safepoint      ] Safepoint "ParallelGCFailedAllocation", Time since last: 6066027456 ns, Reaching safepoint: 42801 ns, At safepoint: 4406766 ns, Total: 4449567 ns
[1398.547s][info ][safepoint      ] Safepoint "Cleanup", Time since last: 6000401467 ns, Reaching safepoint: 47301 ns, At safepoint: 9500 ns, Total: 56801 ns
[1401.547s][info ][safepoint      ] Safepoint "Cleanup", Time since last: 3000261082 ns, Reaching safepoint: 50001 ns, At safepoint: 8100 ns, Total: 58101 ns
[1402.548s][info ][safepoint      ] Safepoint "Cleanup", Time since last: 1000121395 ns, Reaching safepoint: 31600 ns, At safepoint: 3900 ns, Total: 35500 ns
[1404.548s][info ][safepoint      ] Safepoint "Cleanup", Time since last: 2000173988 ns, Reaching safepoint: 44900 ns, At safepoint: 7700 ns, Total: 52600 ns
[1405.717s][info ][gc,start       ] GC(211) Pause Young (Allocation Failure)
[1405.721s][debug][gc,phases      ] GC(211) Scavenge 4.188ms
[1405.721s][debug][gc,ref         ] GC(211) Skipped phase 1 of Reference Processing: no references
[1405.721s][debug][gc,ref         ] GC(211) ReferenceProcessor::execute queues: 1, RefProcThreadModel::Single, marks_oops_alive: false
[1405.721s][debug][gc,ref         ] GC(211) Skipped phase 3 of Reference Processing: no references
[1405.721s][debug][gc,ref         ] GC(211) ReferenceProcessor::execute queues: 1, RefProcThreadModel::Single, marks_oops_alive: false
[1405.721s][debug][gc,phases      ] GC(211) Reference Processing 0.122ms
[1405.721s][debug][gc,phases      ] GC(211)   VM Weak                        Min:  0.0, Avg:  0.0, Max:  0.0, Diff:  0.0, Sum:  0.0, Workers: 4
[1405.721s][debug][gc,phases      ] GC(211)     Dead                           Min: 0, Avg:  0.0, Max: 0, Diff: 0, Sum: 0, Workers: 4
[1405.721s][debug][gc,phases      ] GC(211)     Total                          Min: 0, Avg: 167.5, Max: 320, Diff: 320, Sum: 670, Workers: 4
[1405.721s][debug][gc,phases      ] GC(211)   ObjectSynchronizer Weak        Min:  0.0, Avg:  0.0, Max:  0.0, Diff:  0.0, Sum:  0.0, Workers: 4
[1405.721s][debug][gc,phases      ] GC(211)     Dead                           Min: 0, Avg:  0.0, Max: 0, Diff: 0, Sum: 0, Workers: 4
[1405.721s][debug][gc,phases      ] GC(211)     Total                          Min: 0, Avg: 90.5, Max: 170, Diff: 170, Sum: 362, Workers: 4
[1405.721s][debug][gc,phases      ] GC(211)   JVMTI Tag Weak OopStorage      Min:  0.0, Avg:  0.0, Max:  0.0, Diff:  0.0, Sum:  0.0, Workers: 4
[1405.721s][debug][gc,phases      ] GC(211)     Dead                           Min: 0, Avg:  0.0, Max: 0, Diff: 0, Sum: 0, Workers: 4
[1405.721s][debug][gc,phases      ] GC(211)     Total                          Min: 0, Avg:  0.0, Max: 0, Diff: 0, Sum: 0, Workers: 4
[1405.721s][debug][gc,phases      ] GC(211)   StringTable Weak               Min:  0.1, Avg:  0.1, Max:  0.1, Diff:  0.0, Sum:  0.4, Workers: 4
[1405.721s][debug][gc,phases      ] GC(211)     Dead                           Min: 0, Avg:  0.0, Max: 0, Diff: 0, Sum: 0, Workers: 4
[1405.721s][debug][gc,phases      ] GC(211)     Total                          Min: 9948, Avg: 12023.0, Max: 13056, Diff: 3108, Sum: 48092, Workers: 4
[1405.721s][debug][gc,phases      ] GC(211)   ResolvedMethodTable Weak       Min:  0.0, Avg:  0.0, Max:  0.0, Diff:  0.0, Sum:  0.1, Workers: 4
[1405.721s][debug][gc,phases      ] GC(211)     Dead                           Min: 0, Avg:  0.0, Max: 0, Diff: 0, Sum: 0, Workers: 4
[1405.721s][debug][gc,phases      ] GC(211)     Total                          Min: 1711, Avg: 1977.5, Max: 2161, Diff: 450, Sum: 7910, Workers: 4
[1405.721s][debug][gc,phases      ] GC(211)   JNI Weak                       Min:  0.0, Avg:  0.0, Max:  0.0, Diff:  0.0, Sum:  0.0, Workers: 4
[1405.721s][debug][gc,phases      ] GC(211)     Dead                           Min: 0, Avg:  0.0, Max: 0, Diff: 0, Sum: 0, Workers: 4
[1405.721s][debug][gc,phases      ] GC(211)     Total                          Min: 0, Avg:  0.0, Max: 0, Diff: 0, Sum: 0, Workers: 4
[1405.721s][debug][gc,phases      ] GC(211)   StringDedup Table Weak         Min:  0.0, Avg:  0.0, Max:  0.0, Diff:  0.0, Sum:  0.0, Workers: 4
[1405.721s][debug][gc,phases      ] GC(211)     Dead                           Min: 0, Avg:  0.0, Max: 0, Diff: 0, Sum: 0, Workers: 4
[1405.721s][debug][gc,phases      ] GC(211)     Total                          Min: 0, Avg:  0.0, Max: 0, Diff: 0, Sum: 0, Workers: 4
[1405.721s][debug][gc,phases      ] GC(211)   StringDedup Requests0 Weak     Min:  0.0, Avg:  0.0, Max:  0.0, Diff:  0.0, Sum:  0.0, Workers: 4
[1405.721s][debug][gc,phases      ] GC(211)     Dead                           Min: 0, Avg:  0.0, Max: 0, Diff: 0, Sum: 0, Workers: 4
[1405.721s][debug][gc,phases      ] GC(211)     Total                          Min: 0, Avg:  0.0, Max: 0, Diff: 0, Sum: 0, Workers: 4
[1405.721s][debug][gc,phases      ] GC(211)   StringDedup Requests1 Weak     Min:  0.0, Avg:  0.0, Max:  0.0, Diff:  0.0, Sum:  0.0, Workers: 4
[1405.721s][debug][gc,phases      ] GC(211)     Dead                           Min: 0, Avg:  0.0, Max: 0, Diff: 0, Sum: 0, Workers: 4
[1405.721s][debug][gc,phases      ] GC(211)     Total                          Min: 0, Avg:  0.0, Max: 0, Diff: 0, Sum: 0, Workers: 4
[1405.721s][debug][gc,phases      ] GC(211)   Weak JFR Old Object Samples    Min:  0.0, Avg:  0.0, Max:  0.0, Diff:  0.0, Sum:  0.0, Workers: 4
[1405.721s][debug][gc,phases      ] GC(211)     Dead                           Min: 0, Avg:  0.0, Max: 0, Diff: 0, Sum: 0, Workers: 4
[1405.721s][debug][gc,phases      ] GC(211)     Total                          Min: 0, Avg:  0.0, Max: 0, Diff: 0, Sum: 0, Workers: 4
[1405.721s][debug][gc,phases      ] GC(211) Weak Processing 0.355ms
[1405.721s][debug][gc,age         ] GC(211) Desired survivor size 33554432 bytes, new threshold 15 (max threshold 15)
[1405.721s][info ][gc,heap        ] GC(211) PSYoungGen: 2036048K(2062336K)->11200K(2059776K) Eden: 2024960K(2024960K)->0K(2024960K) From: 11088K(37376K)->11200K(34816K)
[1405.721s][info ][gc,heap        ] GC(211) ParOldGen: 589694K(632832K)->589694K(632832K)
[1405.721s][info ][gc,metaspace   ] GC(211) Metaspace: 81879K(82688K)->81879K(82688K) NonClass: 70414K(70848K)->70414K(70848K) Class: 11465K(11840K)->11465K(11840K)
[1405.721s][info ][gc             ] GC(211) Pause Young (Allocation Failure) 2564M->586M(2629M) 4.802ms
[1405.721s][info ][gc,cpu         ] GC(211) User=0.02s Sys=0.00s Real=0.00s
[1405.721s][info ][safepoint      ] Safepoint "ParallelGCFailedAllocation", Time since last: 1168649221 ns, Reaching safepoint: 29701 ns, At safepoint: 4882573 ns, Total: 4912274 ns
[1412.722s][info ][safepoint      ] Safepoint "Cleanup", Time since last: 7000487749 ns, Reaching safepoint: 115002 ns, At safepoint: 10900 ns, Total: 125902 ns
[1413.610s][info ][safepoint      ] Safepoint "ICBufferFull", Time since last: 887764708 ns, Reaching safepoint: 73501 ns, At safepoint: 9701 ns, Total: 83202 ns
[1413.661s][info ][safepoint      ] Safepoint "ICBufferFull", Time since last: 51418070 ns, Reaching safepoint: 108302 ns, At safepoint: 5700 ns, Total: 114002 ns
[1413.708s][info ][safepoint      ] Safepoint "ICBufferFull", Time since last: 46720701 ns, Reaching safepoint: 115601 ns, At safepoint: 6000 ns, Total: 121601 ns
[1413.735s][info ][safepoint      ] Safepoint "ICBufferFull", Time since last: 26688400 ns, Reaching safepoint: 106602 ns, At safepoint: 6600 ns, Total: 113202 ns
[1413.777s][info ][safepoint      ] Safepoint "ICBufferFull", Time since last: 42357035 ns, Reaching safepoint: 130602 ns, At safepoint: 8700 ns, Total: 139302 ns
[1413.782s][info ][safepoint      ] Safepoint "ICBufferFull", Time since last: 4457067 ns, Reaching safepoint: 107702 ns, At safepoint: 11100 ns, Total: 118802 ns
[1413.783s][info ][safepoint      ] Safepoint "ICBufferFull", Time since last: 993315 ns, Reaching safepoint: 119401 ns, At safepoint: 11301 ns, Total: 130702 ns
[1413.808s][info ][safepoint      ] Safepoint "ICBufferFull", Time since last: 24599668 ns, Reaching safepoint: 111502 ns, At safepoint: 6200 ns, Total: 117702 ns
[1413.820s][info ][safepoint      ] Safepoint "ICBufferFull", Time since last: 12302385 ns, Reaching safepoint: 125201 ns, At safepoint: 7901 ns, Total: 133102 ns
[1413.967s][info ][safepoint      ] Safepoint "ICBufferFull", Time since last: 146102390 ns, Reaching safepoint: 89701 ns, At safepoint: 8000 ns, Total: 97701 ns
[1414.420s][info ][gc,start       ] GC(212) Pause Young (Allocation Failure)
[1414.427s][debug][gc,phases      ] GC(212) Scavenge 7.201ms
[1414.427s][debug][gc,ref         ] GC(212) Skipped phase 1 of Reference Processing: no references
[1414.427s][debug][gc,ref         ] GC(212) ReferenceProcessor::execute queues: 1, RefProcThreadModel::Single, marks_oops_alive: false
[1414.427s][debug][gc,ref         ] GC(212) Skipped phase 3 of Reference Processing: no references
[1414.427s][debug][gc,ref         ] GC(212) ReferenceProcessor::execute queues: 1, RefProcThreadModel::Single, marks_oops_alive: false
[1414.427s][debug][gc,phases      ] GC(212) Reference Processing 0.139ms
[1414.427s][debug][gc,phases      ] GC(212)   VM Weak                        Min:  0.0, Avg:  0.0, Max:  0.0, Diff:  0.0, Sum:  0.0, Workers: 4
[1414.427s][debug][gc,phases      ] GC(212)     Dead                           Min: 0, Avg:  0.0, Max: 0, Diff: 0, Sum: 0, Workers: 4
[1414.427s][debug][gc,phases      ] GC(212)     Total                          Min: 0, Avg: 167.5, Max: 384, Diff: 384, Sum: 670, Workers: 4
[1414.427s][debug][gc,phases      ] GC(212)   ObjectSynchronizer Weak        Min:  0.0, Avg:  0.0, Max:  0.0, Diff:  0.0, Sum:  0.0, Workers: 4
[1414.427s][debug][gc,phases      ] GC(212)     Dead                           Min: 0, Avg:  0.0, Max: 0, Diff: 0, Sum: 0, Workers: 4
[1414.427s][debug][gc,phases      ] GC(212)     Total                          Min: 0, Avg: 90.5, Max: 192, Diff: 192, Sum: 362, Workers: 4
[1414.427s][debug][gc,phases      ] GC(212)   JVMTI Tag Weak OopStorage      Min:  0.0, Avg:  0.0, Max:  0.0, Diff:  0.0, Sum:  0.0, Workers: 4
[1414.427s][debug][gc,phases      ] GC(212)     Dead                           Min: 0, Avg:  0.0, Max: 0, Diff: 0, Sum: 0, Workers: 4
[1414.427s][debug][gc,phases      ] GC(212)     Total                          Min: 0, Avg:  0.0, Max: 0, Diff: 0, Sum: 0, Workers: 4
[1414.427s][debug][gc,phases      ] GC(212)   StringTable Weak               Min:  0.1, Avg:  0.1, Max:  0.1, Diff:  0.0, Sum:  0.4, Workers: 4
[1414.427s][debug][gc,phases      ] GC(212)     Dead                           Min: 0, Avg:  0.0, Max: 0, Diff: 0, Sum: 0, Workers: 4
[1414.427s][debug][gc,phases      ] GC(212)     Total                          Min: 11584, Avg: 12024.5, Max: 12544, Diff: 960, Sum: 48098, Workers: 4
[1414.427s][debug][gc,phases      ] GC(212)   ResolvedMethodTable Weak       Min:  0.0, Avg:  0.0, Max:  0.0, Diff:  0.0, Sum:  0.1, Workers: 4
[1414.427s][debug][gc,phases      ] GC(212)     Dead                           Min: 0, Avg:  0.0, Max: 0, Diff: 0, Sum: 0, Workers: 4
[1414.427s][debug][gc,phases      ] GC(212)     Total                          Min: 1798, Avg: 1979.0, Max: 2125, Diff: 327, Sum: 7916, Workers: 4
[1414.427s][debug][gc,phases      ] GC(212)   JNI Weak                       Min:  0.0, Avg:  0.0, Max:  0.0, Diff:  0.0, Sum:  0.0, Workers: 4
[1414.427s][debug][gc,phases      ] GC(212)     Dead                           Min: 0, Avg:  0.0, Max: 0, Diff: 0, Sum: 0, Workers: 4
[1414.427s][debug][gc,phases      ] GC(212)     Total                          Min: 0, Avg:  0.0, Max: 0, Diff: 0, Sum: 0, Workers: 4
[1414.428s][debug][gc,phases      ] GC(212)   StringDedup Table Weak         Min:  0.0, Avg:  0.0, Max:  0.0, Diff:  0.0, Sum:  0.0, Workers: 4
[1414.428s][debug][gc,phases      ] GC(212)     Dead                           Min: 0, Avg:  0.0, Max: 0, Diff: 0, Sum: 0, Workers: 4
[1414.428s][debug][gc,phases      ] GC(212)     Total                          Min: 0, Avg:  0.0, Max: 0, Diff: 0, Sum: 0, Workers: 4
[1414.428s][debug][gc,phases      ] GC(212)   StringDedup Requests0 Weak     Min:  0.0, Avg:  0.0, Max:  0.0, Diff:  0.0, Sum:  0.0, Workers: 4
[1414.428s][debug][gc,phases      ] GC(212)     Dead                           Min: 0, Avg:  0.0, Max: 0, Diff: 0, Sum: 0, Workers: 4
[1414.428s][debug][gc,phases      ] GC(212)     Total                          Min: 0, Avg:  0.0, Max: 0, Diff: 0, Sum: 0, Workers: 4
[1414.428s][debug][gc,phases      ] GC(212)   StringDedup Requests1 Weak     Min:  0.0, Avg:  0.0, Max:  0.0, Diff:  0.0, Sum:  0.0, Workers: 4
[1414.428s][debug][gc,phases      ] GC(212)     Dead                           Min: 0, Avg:  0.0, Max: 0, Diff: 0, Sum: 0, Workers: 4
[1414.428s][debug][gc,phases      ] GC(212)     Total                          Min: 0, Avg:  0.0, Max: 0, Diff: 0, Sum: 0, Workers: 4
[1414.428s][debug][gc,phases      ] GC(212)   Weak JFR Old Object Samples    Min:  0.0, Avg:  0.0, Max:  0.0, Diff:  0.0, Sum:  0.0, Workers: 4
[1414.428s][debug][gc,phases      ] GC(212)     Dead                           Min: 0, Avg:  0.0, Max: 0, Diff: 0, Sum: 0, Workers: 4
[1414.428s][debug][gc,phases      ] GC(212)     Total                          Min: 0, Avg:  0.0, Max: 0, Diff: 0, Sum: 0, Workers: 4
[1414.428s][debug][gc,phases      ] GC(212) Weak Processing 0.322ms
[1414.428s][debug][gc,age         ] GC(212) Desired survivor size 35127296 bytes, new threshold 15 (max threshold 15)
[1414.428s][info ][gc,heap        ] GC(212) PSYoungGen: 2036160K(2059776K)->20224K(2061312K) Eden: 2024960K(2024960K)->0K(2028544K) From: 11200K(34816K)->20224K(32768K)
[1414.428s][info ][gc,heap        ] GC(212) ParOldGen: 589694K(632832K)->589718K(632832K)
[1414.428s][info ][gc,metaspace   ] GC(212) Metaspace: 81921K(82752K)->81921K(82752K) NonClass: 70452K(70912K)->70452K(70912K) Class: 11469K(11840K)->11469K(11840K)
[1414.428s][info ][gc             ] GC(212) Pause Young (Allocation Failure) 2564M->595M(2631M) 7.824ms
[1414.428s][info ][gc,cpu         ] GC(212) User=0.02s Sys=0.00s Real=0.01s
[1414.428s][info ][safepoint      ] Safepoint "ParallelGCFailedAllocation", Time since last: 453101793 ns, Reaching safepoint: 96001 ns, At safepoint: 7908219 ns, Total: 8004220 ns
[1418.176s][info ][safepoint      ] Safepoint "Cleanup", Time since last: 3747984185 ns, Reaching safepoint: 123202 ns, At safepoint: 18100 ns, Total: 141302 ns
[1419.176s][info ][safepoint      ] Safepoint "Cleanup", Time since last: 1000073091 ns, Reaching safepoint: 54001 ns, At safepoint: 8100 ns, Total: 62101 ns
[1428.919s][info ][gc,start       ] GC(213) Pause Young (Allocation Failure)
[1428.930s][debug][gc,phases      ] GC(213) Scavenge 10.960ms
[1428.930s][debug][gc,ref         ] GC(213) Skipped phase 1 of Reference Processing: no references
[1428.930s][debug][gc,ref         ] GC(213) ReferenceProcessor::execute queues: 1, RefProcThreadModel::Single, marks_oops_alive: false
[1428.930s][debug][gc,ref         ] GC(213) Skipped phase 3 of Reference Processing: no references
[1428.930s][debug][gc,ref         ] GC(213) ReferenceProcessor::execute queues: 1, RefProcThreadModel::Single, marks_oops_alive: false
[1428.930s][debug][gc,phases      ] GC(213) Reference Processing 0.115ms
[1428.930s][debug][gc,phases      ] GC(213)   VM Weak                        Min:  0.0, Avg:  0.0, Max:  0.0, Diff:  0.0, Sum:  0.0, Workers: 4
[1428.930s][debug][gc,phases      ] GC(213)     Dead                           Min: 0, Avg:  0.0, Max: 0, Diff: 0, Sum: 0, Workers: 4
[1428.930s][debug][gc,phases      ] GC(213)     Total                          Min: 0, Avg: 167.5, Max: 256, Diff: 256, Sum: 670, Workers: 4
[1428.930s][debug][gc,phases      ] GC(213)   ObjectSynchronizer Weak        Min:  0.0, Avg:  0.0, Max:  0.0, Diff:  0.0, Sum:  0.0, Workers: 4
[1428.930s][debug][gc,phases      ] GC(213)     Dead                           Min: 0, Avg:  0.0, Max: 0, Diff: 0, Sum: 0, Workers: 4
[1428.930s][debug][gc,phases      ] GC(213)     Total                          Min: 0, Avg: 90.5, Max: 128, Diff: 128, Sum: 362, Workers: 4
[1428.930s][debug][gc,phases      ] GC(213)   JVMTI Tag Weak OopStorage      Min:  0.0, Avg:  0.0, Max:  0.0, Diff:  0.0, Sum:  0.0, Workers: 4
[1428.930s][debug][gc,phases      ] GC(213)     Dead                           Min: 0, Avg:  0.0, Max: 0, Diff: 0, Sum: 0, Workers: 4
[1428.930s][debug][gc,phases      ] GC(213)     Total                          Min: 0, Avg:  0.0, Max: 0, Diff: 0, Sum: 0, Workers: 4
[1428.930s][debug][gc,phases      ] GC(213)   StringTable Weak               Min:  0.1, Avg:  0.1, Max:  0.1, Diff:  0.0, Sum:  0.5, Workers: 4
[1428.930s][debug][gc,phases      ] GC(213)     Dead                           Min: 0, Avg:  0.0, Max: 0, Diff: 0, Sum: 0, Workers: 4
[1428.930s][debug][gc,phases      ] GC(213)     Total                          Min: 11072, Avg: 12024.8, Max: 12579, Diff: 1507, Sum: 48099, Workers: 4
[1428.930s][debug][gc,phases      ] GC(213)   ResolvedMethodTable Weak       Min:  0.0, Avg:  0.0, Max:  0.0, Diff:  0.0, Sum:  0.1, Workers: 4
[1428.930s][debug][gc,phases      ] GC(213)     Dead                           Min: 0, Avg:  0.0, Max: 0, Diff: 0, Sum: 0, Workers: 4
[1428.930s][debug][gc,phases      ] GC(213)     Total                          Min: 1821, Avg: 1979.0, Max: 2189, Diff: 368, Sum: 7916, Workers: 4
[1428.930s][debug][gc,phases      ] GC(213)   JNI Weak                       Min:  0.0, Avg:  0.0, Max:  0.0, Diff:  0.0, Sum:  0.0, Workers: 4
[1428.930s][debug][gc,phases      ] GC(213)     Dead                           Min: 0, Avg:  0.0, Max: 0, Diff: 0, Sum: 0, Workers: 4
[1428.930s][debug][gc,phases      ] GC(213)     Total                          Min: 0, Avg:  0.0, Max: 0, Diff: 0, Sum: 0, Workers: 4
[1428.930s][debug][gc,phases      ] GC(213)   StringDedup Table Weak         Min:  0.0, Avg:  0.0, Max:  0.0, Diff:  0.0, Sum:  0.0, Workers: 4
[1428.930s][debug][gc,phases      ] GC(213)     Dead                           Min: 0, Avg:  0.0, Max: 0, Diff: 0, Sum: 0, Workers: 4
[1428.930s][debug][gc,phases      ] GC(213)     Total                          Min: 0, Avg:  0.0, Max: 0, Diff: 0, Sum: 0, Workers: 4
[1428.930s][debug][gc,phases      ] GC(213)   StringDedup Requests0 Weak     Min:  0.0, Avg:  0.0, Max:  0.0, Diff:  0.0, Sum:  0.0, Workers: 4
[1428.931s][debug][gc,phases      ] GC(213)     Dead                           Min: 0, Avg:  0.0, Max: 0, Diff: 0, Sum: 0, Workers: 4
[1428.931s][debug][gc,phases      ] GC(213)     Total                          Min: 0, Avg:  0.0, Max: 0, Diff: 0, Sum: 0, Workers: 4
[1428.931s][debug][gc,phases      ] GC(213)   StringDedup Requests1 Weak     Min:  0.0, Avg:  0.0, Max:  0.0, Diff:  0.0, Sum:  0.0, Workers: 4
[1428.931s][debug][gc,phases      ] GC(213)     Dead                           Min: 0, Avg:  0.0, Max: 0, Diff: 0, Sum: 0, Workers: 4
[1428.931s][debug][gc,phases      ] GC(213)     Total                          Min: 0, Avg:  0.0, Max: 0, Diff: 0, Sum: 0, Workers: 4
[1428.931s][debug][gc,phases      ] GC(213)   Weak JFR Old Object Samples    Min:  0.0, Avg:  0.0, Max:  0.0, Diff:  0.0, Sum:  0.0, Workers: 4
[1428.931s][debug][gc,phases      ] GC(213)     Dead                           Min: 0, Avg:  0.0, Max: 0, Diff: 0, Sum: 0, Workers: 4
[1428.931s][debug][gc,phases      ] GC(213)     Total                          Min: 0, Avg:  0.0, Max: 0, Diff: 0, Sum: 0, Workers: 4
[1428.931s][debug][gc,phases      ] GC(213) Weak Processing 0.371ms
[1428.931s][debug][gc,age         ] GC(213) Desired survivor size 36175872 bytes, new threshold 15 (max threshold 15)
[1428.931s][info ][gc,heap        ] GC(213) PSYoungGen: 2048768K(2061312K)->19744K(2048512K) Eden: 2028544K(2028544K)->0K(2028544K) From: 20224K(32768K)->19744K(19968K)
[1428.931s][info ][gc,heap        ] GC(213) ParOldGen: 589718K(632832K)->589758K(632832K)
[1428.931s][info ][gc,metaspace   ] GC(213) Metaspace: 81933K(82752K)->81933K(82752K) NonClass: 70461K(70912K)->70461K(70912K) Class: 11471K(11840K)->11471K(11840K)
[1428.931s][info ][gc             ] GC(213) Pause Young (Allocation Failure) 2576M->595M(2618M) 11.566ms
[1428.931s][info ][gc,cpu         ] GC(213) User=0.02s Sys=0.00s Real=0.01s
[1428.931s][info ][safepoint      ] Safepoint "ParallelGCFailedAllocation", Time since last: 9743041046 ns, Reaching safepoint: 27100 ns, At safepoint: 11643375 ns, Total: 11670475 ns
[1442.418s][info ][gc,start       ] GC(214) Pause Young (Allocation Failure)
[1442.424s][debug][gc,phases      ] GC(214) Scavenge 5.872ms
[1442.424s][debug][gc,ref         ] GC(214) Skipped phase 1 of Reference Processing: no references
[1442.424s][debug][gc,ref         ] GC(214) ReferenceProcessor::execute queues: 1, RefProcThreadModel::Single, marks_oops_alive: false
[1442.424s][debug][gc,ref         ] GC(214) Skipped phase 3 of Reference Processing: no references
[1442.424s][debug][gc,ref         ] GC(214) ReferenceProcessor::execute queues: 1, RefProcThreadModel::Single, marks_oops_alive: false
[1442.424s][debug][gc,phases      ] GC(214) Reference Processing 0.153ms
[1442.425s][debug][gc,phases      ] GC(214)   VM Weak                        Min:  0.0, Avg:  0.0, Max:  0.0, Diff:  0.0, Sum:  0.0, Workers: 4
[1442.425s][debug][gc,phases      ] GC(214)     Dead                           Min: 0, Avg:  0.0, Max: 0, Diff: 0, Sum: 0, Workers: 4
[1442.425s][debug][gc,phases      ] GC(214)     Total                          Min: 0, Avg: 167.5, Max: 670, Diff: 670, Sum: 670, Workers: 4
[1442.425s][debug][gc,phases      ] GC(214)   ObjectSynchronizer Weak        Min:  0.0, Avg:  0.0, Max:  0.0, Diff:  0.0, Sum:  0.0, Workers: 4
[1442.425s][debug][gc,phases      ] GC(214)     Dead                           Min: 0, Avg:  0.0, Max: 0, Diff: 0, Sum: 0, Workers: 4
[1442.425s][debug][gc,phases      ] GC(214)     Total                          Min: 0, Avg: 90.5, Max: 320, Diff: 320, Sum: 362, Workers: 4
[1442.425s][debug][gc,phases      ] GC(214)   JVMTI Tag Weak OopStorage      Min:  0.0, Avg:  0.0, Max:  0.0, Diff:  0.0, Sum:  0.0, Workers: 4
[1442.425s][debug][gc,phases      ] GC(214)     Dead                           Min: 0, Avg:  0.0, Max: 0, Diff: 0, Sum: 0, Workers: 4
[1442.425s][debug][gc,phases      ] GC(214)     Total                          Min: 0, Avg:  0.0, Max: 0, Diff: 0, Sum: 0, Workers: 4
[1442.425s][debug][gc,phases      ] GC(214)   StringTable Weak               Min:  0.1, Avg:  0.1, Max:  0.1, Diff:  0.0, Sum:  0.4, Workers: 4
[1442.425s][debug][gc,phases      ] GC(214)     Dead                           Min: 0, Avg:  0.0, Max: 0, Diff: 0, Sum: 0, Workers: 4
[1442.425s][debug][gc,phases      ] GC(214)     Total                          Min: 11456, Avg: 12024.8, Max: 12835, Diff: 1379, Sum: 48099, Workers: 4
[1442.425s][debug][gc,phases      ] GC(214)   ResolvedMethodTable Weak       Min:  0.0, Avg:  0.0, Max:  0.0, Diff:  0.0, Sum:  0.1, Workers: 4
[1442.425s][debug][gc,phases      ] GC(214)     Dead                           Min: 0, Avg:  0.0, Max: 0, Diff: 0, Sum: 0, Workers: 4
[1442.425s][debug][gc,phases      ] GC(214)     Total                          Min: 1781, Avg: 1979.0, Max: 2253, Diff: 472, Sum: 7916, Workers: 4
[1442.425s][debug][gc,phases      ] GC(214)   JNI Weak                       Min:  0.0, Avg:  0.0, Max:  0.0, Diff:  0.0, Sum:  0.0, Workers: 4
[1442.425s][debug][gc,phases      ] GC(214)     Dead                           Min: 0, Avg:  0.0, Max: 0, Diff: 0, Sum: 0, Workers: 4
[1442.425s][debug][gc,phases      ] GC(214)     Total                          Min: 0, Avg:  0.0, Max: 0, Diff: 0, Sum: 0, Workers: 4
[1442.425s][debug][gc,phases      ] GC(214)   StringDedup Table Weak         Min:  0.0, Avg:  0.0, Max:  0.0, Diff:  0.0, Sum:  0.0, Workers: 4
[1442.425s][debug][gc,phases      ] GC(214)     Dead                           Min: 0, Avg:  0.0, Max: 0, Diff: 0, Sum: 0, Workers: 4
[1442.425s][debug][gc,phases      ] GC(214)     Total                          Min: 0, Avg:  0.0, Max: 0, Diff: 0, Sum: 0, Workers: 4
[1442.425s][debug][gc,phases      ] GC(214)   StringDedup Requests0 Weak     Min:  0.0, Avg:  0.0, Max:  0.0, Diff:  0.0, Sum:  0.0, Workers: 4
[1442.425s][debug][gc,phases      ] GC(214)     Dead                           Min: 0, Avg:  0.0, Max: 0, Diff: 0, Sum: 0, Workers: 4
[1442.425s][debug][gc,phases      ] GC(214)     Total                          Min: 0, Avg:  0.0, Max: 0, Diff: 0, Sum: 0, Workers: 4
[1442.425s][debug][gc,phases      ] GC(214)   StringDedup Requests1 Weak     Min:  0.0, Avg:  0.0, Max:  0.0, Diff:  0.0, Sum:  0.0, Workers: 4
[1442.425s][debug][gc,phases      ] GC(214)     Dead                           Min: 0, Avg:  0.0, Max: 0, Diff: 0, Sum: 0, Workers: 4
[1442.425s][debug][gc,phases      ] GC(214)     Total                          Min: 0, Avg:  0.0, Max: 0, Diff: 0, Sum: 0, Workers: 4
[1442.425s][debug][gc,phases      ] GC(214)   Weak JFR Old Object Samples    Min:  0.0, Avg:  0.0, Max:  0.0, Diff:  0.0, Sum:  0.0, Workers: 4
[1442.425s][debug][gc,phases      ] GC(214)     Dead                           Min: 0, Avg:  0.0, Max: 0, Diff: 0, Sum: 0, Workers: 4
[1442.425s][debug][gc,phases      ] GC(214)     Total                          Min: 0, Avg:  0.0, Max: 0, Diff: 0, Sum: 0, Workers: 4
[1442.425s][debug][gc,phases      ] GC(214) Weak Processing 0.364ms
[1442.425s][debug][gc,age         ] GC(214) Desired survivor size 36700160 bytes, new threshold 15 (max threshold 15)
[1442.425s][info ][gc,heap        ] GC(214) PSYoungGen: 2048288K(2048512K)->19744K(2060800K) Eden: 2028544K(2028544K)->0K(2025472K) From: 19744K(19968K)->19744K(35328K)
[1442.425s][info ][gc,heap        ] GC(214) ParOldGen: 589758K(632832K)->589774K(632832K)
[1442.425s][info ][gc,metaspace   ] GC(214) Metaspace: 81933K(82752K)->81933K(82752K) NonClass: 70461K(70912K)->70461K(70912K) Class: 11471K(11840K)->11471K(11840K)
[1442.425s][info ][gc             ] GC(214) Pause Young (Allocation Failure) 2576M->595M(2630M) 6.538ms
[1442.425s][info ][gc,cpu         ] GC(214) User=0.03s Sys=0.00s Real=0.01s
[1442.425s][info ][safepoint      ] Safepoint "ParallelGCFailedAllocation", Time since last: 13487513454 ns, Reaching safepoint: 49501 ns, At safepoint: 6634600 ns, Total: 6684101 ns
[1443.425s][info ][safepoint      ] Safepoint "Cleanup", Time since last: 1000088188 ns, Reaching safepoint: 49901 ns, At safepoint: 8600 ns, Total: 58501 ns
[1448.425s][info ][safepoint      ] Safepoint "Cleanup", Time since last: 5000346740 ns, Reaching safepoint: 57401 ns, At safepoint: 47901 ns, Total: 105302 ns
[1455.575s][info ][gc,start       ] GC(215) Pause Young (Allocation Failure)
[1455.580s][debug][gc,phases      ] GC(215) Scavenge 5.492ms
[1455.581s][debug][gc,ref         ] GC(215) Skipped phase 1 of Reference Processing: no references
[1455.581s][debug][gc,ref         ] GC(215) ReferenceProcessor::execute queues: 1, RefProcThreadModel::Single, marks_oops_alive: false
[1455.581s][debug][gc,ref         ] GC(215) Skipped phase 3 of Reference Processing: no references
[1455.581s][debug][gc,ref         ] GC(215) ReferenceProcessor::execute queues: 1, RefProcThreadModel::Single, marks_oops_alive: false
[1455.581s][debug][gc,phases      ] GC(215) Reference Processing 0.126ms
[1455.581s][debug][gc,phases      ] GC(215)   VM Weak                        Min:  0.0, Avg:  0.0, Max:  0.0, Diff:  0.0, Sum:  0.0, Workers: 4
[1455.581s][debug][gc,phases      ] GC(215)     Dead                           Min: 0, Avg:  0.0, Max: 0, Diff: 0, Sum: 0, Workers: 4
[1455.581s][debug][gc,phases      ] GC(215)     Total                          Min: 0, Avg: 167.5, Max: 670, Diff: 670, Sum: 670, Workers: 4
[1455.581s][debug][gc,phases      ] GC(215)   ObjectSynchronizer Weak        Min:  0.0, Avg:  0.0, Max:  0.0, Diff:  0.0, Sum:  0.0, Workers: 4
[1455.581s][debug][gc,phases      ] GC(215)     Dead                           Min: 0, Avg:  0.0, Max: 0, Diff: 0, Sum: 0, Workers: 4
[1455.581s][debug][gc,phases      ] GC(215)     Total                          Min: 0, Avg: 90.5, Max: 170, Diff: 170, Sum: 362, Workers: 4
[1455.581s][debug][gc,phases      ] GC(215)   JVMTI Tag Weak OopStorage      Min:  0.0, Avg:  0.0, Max:  0.0, Diff:  0.0, Sum:  0.0, Workers: 4
[1455.581s][debug][gc,phases      ] GC(215)     Dead                           Min: 0, Avg:  0.0, Max: 0, Diff: 0, Sum: 0, Workers: 4
[1455.581s][debug][gc,phases      ] GC(215)     Total                          Min: 0, Avg:  0.0, Max: 0, Diff: 0, Sum: 0, Workers: 4
[1455.581s][debug][gc,phases      ] GC(215)   StringTable Weak               Min:  0.1, Avg:  0.1, Max:  0.1, Diff:  0.0, Sum:  0.5, Workers: 4
[1455.581s][debug][gc,phases      ] GC(215)     Dead                           Min: 0, Avg:  0.0, Max: 0, Diff: 0, Sum: 0, Workers: 4
[1455.581s][debug][gc,phases      ] GC(215)     Total                          Min: 4544, Avg: 12024.8, Max: 15168, Diff: 10624, Sum: 48099, Workers: 4
[1455.581s][debug][gc,phases      ] GC(215)   ResolvedMethodTable Weak       Min:  0.0, Avg:  0.0, Max:  0.0, Diff:  0.0, Sum:  0.1, Workers: 4
[1455.581s][debug][gc,phases      ] GC(215)     Dead                           Min: 0, Avg:  0.0, Max: 0, Diff: 0, Sum: 0, Workers: 4
[1455.581s][debug][gc,phases      ] GC(215)     Total                          Min: 1853, Avg: 1979.0, Max: 2092, Diff: 239, Sum: 7916, Workers: 4
[1455.581s][debug][gc,phases      ] GC(215)   JNI Weak                       Min:  0.0, Avg:  0.0, Max:  0.0, Diff:  0.0, Sum:  0.0, Workers: 4
[1455.581s][debug][gc,phases      ] GC(215)     Dead                           Min: 0, Avg:  0.0, Max: 0, Diff: 0, Sum: 0, Workers: 4
[1455.581s][debug][gc,phases      ] GC(215)     Total                          Min: 0, Avg:  0.0, Max: 0, Diff: 0, Sum: 0, Workers: 4
[1455.581s][debug][gc,phases      ] GC(215)   StringDedup Table Weak         Min:  0.0, Avg:  0.0, Max:  0.0, Diff:  0.0, Sum:  0.0, Workers: 4
[1455.581s][debug][gc,phases      ] GC(215)     Dead                           Min: 0, Avg:  0.0, Max: 0, Diff: 0, Sum: 0, Workers: 4
[1455.581s][debug][gc,phases      ] GC(215)     Total                          Min: 0, Avg:  0.0, Max: 0, Diff: 0, Sum: 0, Workers: 4
[1455.581s][debug][gc,phases      ] GC(215)   StringDedup Requests0 Weak     Min:  0.0, Avg:  0.0, Max:  0.0, Diff:  0.0, Sum:  0.0, Workers: 4
[1455.581s][debug][gc,phases      ] GC(215)     Dead                           Min: 0, Avg:  0.0, Max: 0, Diff: 0, Sum: 0, Workers: 4
[1455.581s][debug][gc,phases      ] GC(215)     Total                          Min: 0, Avg:  0.0, Max: 0, Diff: 0, Sum: 0, Workers: 4
[1455.581s][debug][gc,phases      ] GC(215)   StringDedup Requests1 Weak     Min:  0.0, Avg:  0.0, Max:  0.0, Diff:  0.0, Sum:  0.0, Workers: 4
[1455.581s][debug][gc,phases      ] GC(215)     Dead                           Min: 0, Avg:  0.0, Max: 0, Diff: 0, Sum: 0, Workers: 4
[1455.581s][debug][gc,phases      ] GC(215)     Total                          Min: 0, Avg:  0.0, Max: 0, Diff: 0, Sum: 0, Workers: 4
[1455.581s][debug][gc,phases      ] GC(215)   Weak JFR Old Object Samples    Min:  0.0, Avg:  0.0, Max:  0.0, Diff:  0.0, Sum:  0.0, Workers: 4
[1455.581s][debug][gc,phases      ] GC(215)     Dead                           Min: 0, Avg:  0.0, Max: 0, Diff: 0, Sum: 0, Workers: 4
[1455.581s][debug][gc,phases      ] GC(215)     Total                          Min: 0, Avg:  0.0, Max: 0, Diff: 0, Sum: 0, Workers: 4
[1455.581s][debug][gc,phases      ] GC(215) Weak Processing 0.383ms
[1455.581s][debug][gc,age         ] GC(215) Desired survivor size 36700160 bytes, new threshold 15 (max threshold 15)
[1455.581s][info ][gc,heap        ] GC(215) PSYoungGen: 2045216K(2060800K)->19728K(2061312K) Eden: 2025472K(2025472K)->0K(2025472K) From: 19744K(35328K)->19728K(35840K)
[1455.581s][info ][gc,heap        ] GC(215) ParOldGen: 589774K(632832K)->589806K(632832K)
[1455.581s][info ][gc,metaspace   ] GC(215) Metaspace: 81933K(82752K)->81933K(82752K) NonClass: 70461K(70912K)->70461K(70912K) Class: 11471K(11840K)->11471K(11840K)
[1455.581s][info ][gc             ] GC(215) Pause Young (Allocation Failure) 2573M->595M(2631M) 6.144ms
[1455.581s][info ][gc,cpu         ] GC(215) User=0.03s Sys=0.00s Real=0.00s
[1455.581s][info ][safepoint      ] Safepoint "ParallelGCFailedAllocation", Time since last: 7149450143 ns, Reaching safepoint: 31701 ns, At safepoint: 6226293 ns, Total: 6257994 ns
[1468.593s][info ][gc,start       ] GC(216) Pause Young (Allocation Failure)
[1468.598s][debug][gc,phases      ] GC(216) Scavenge 5.046ms
[1468.599s][debug][gc,ref         ] GC(216) Skipped phase 1 of Reference Processing: no references
[1468.599s][debug][gc,ref         ] GC(216) ReferenceProcessor::execute queues: 1, RefProcThreadModel::Single, marks_oops_alive: false
[1468.599s][debug][gc,ref         ] GC(216) Skipped phase 3 of Reference Processing: no references
[1468.599s][debug][gc,ref         ] GC(216) ReferenceProcessor::execute queues: 1, RefProcThreadModel::Single, marks_oops_alive: false
[1468.599s][debug][gc,phases      ] GC(216) Reference Processing 0.119ms
[1468.599s][debug][gc,phases      ] GC(216)   VM Weak                        Min:  0.0, Avg:  0.0, Max:  0.0, Diff:  0.0, Sum:  0.0, Workers: 4
[1468.599s][debug][gc,phases      ] GC(216)     Dead                           Min: 0, Avg:  0.0, Max: 0, Diff: 0, Sum: 0, Workers: 4
[1468.599s][debug][gc,phases      ] GC(216)     Total                          Min: 0, Avg: 167.5, Max: 670, Diff: 670, Sum: 670, Workers: 4
[1468.599s][debug][gc,phases      ] GC(216)   ObjectSynchronizer Weak        Min:  0.0, Avg:  0.0, Max:  0.0, Diff:  0.0, Sum:  0.0, Workers: 4
[1468.599s][debug][gc,phases      ] GC(216)     Dead                           Min: 0, Avg:  0.0, Max: 0, Diff: 0, Sum: 0, Workers: 4
[1468.599s][debug][gc,phases      ] GC(216)     Total                          Min: 0, Avg: 90.5, Max: 298, Diff: 298, Sum: 362, Workers: 4
[1468.599s][debug][gc,phases      ] GC(216)   JVMTI Tag Weak OopStorage      Min:  0.0, Avg:  0.0, Max:  0.0, Diff:  0.0, Sum:  0.0, Workers: 4
[1468.599s][debug][gc,phases      ] GC(216)     Dead                           Min: 0, Avg:  0.0, Max: 0, Diff: 0, Sum: 0, Workers: 4
[1468.599s][debug][gc,phases      ] GC(216)     Total                          Min: 0, Avg:  0.0, Max: 0, Diff: 0, Sum: 0, Workers: 4
[1468.599s][debug][gc,phases      ] GC(216)   StringTable Weak               Min:  0.1, Avg:  0.1, Max:  0.1, Diff:  0.0, Sum:  0.4, Workers: 4
[1468.599s][debug][gc,phases      ] GC(216)     Dead                           Min: 0, Avg:  0.0, Max: 0, Diff: 0, Sum: 0, Workers: 4
[1468.599s][debug][gc,phases      ] GC(216)     Total                          Min: 11200, Avg: 12024.8, Max: 12387, Diff: 1187, Sum: 48099, Workers: 4
[1468.599s][debug][gc,phases      ] GC(216)   ResolvedMethodTable Weak       Min:  0.0, Avg:  0.0, Max:  0.0, Diff:  0.0, Sum:  0.1, Workers: 4
[1468.599s][debug][gc,phases      ] GC(216)     Dead                           Min: 0, Avg:  0.0, Max: 0, Diff: 0, Sum: 0, Workers: 4
[1468.599s][debug][gc,phases      ] GC(216)     Total                          Min: 1854, Avg: 1979.0, Max: 2071, Diff: 217, Sum: 7916, Workers: 4
[1468.599s][debug][gc,phases      ] GC(216)   JNI Weak                       Min:  0.0, Avg:  0.0, Max:  0.0, Diff:  0.0, Sum:  0.0, Workers: 4
[1468.599s][debug][gc,phases      ] GC(216)     Dead                           Min: 0, Avg:  0.0, Max: 0, Diff: 0, Sum: 0, Workers: 4
[1468.599s][debug][gc,phases      ] GC(216)     Total                          Min: 0, Avg:  0.0, Max: 0, Diff: 0, Sum: 0, Workers: 4
[1468.599s][debug][gc,phases      ] GC(216)   StringDedup Table Weak         Min:  0.0, Avg:  0.0, Max:  0.0, Diff:  0.0, Sum:  0.0, Workers: 4
[1468.599s][debug][gc,phases      ] GC(216)     Dead                           Min: 0, Avg:  0.0, Max: 0, Diff: 0, Sum: 0, Workers: 4
[1468.599s][debug][gc,phases      ] GC(216)     Total                          Min: 0, Avg:  0.0, Max: 0, Diff: 0, Sum: 0, Workers: 4
[1468.599s][debug][gc,phases      ] GC(216)   StringDedup Requests0 Weak     Min:  0.0, Avg:  0.0, Max:  0.0, Diff:  0.0, Sum:  0.0, Workers: 4
[1468.599s][debug][gc,phases      ] GC(216)     Dead                           Min: 0, Avg:  0.0, Max: 0, Diff: 0, Sum: 0, Workers: 4
[1468.599s][debug][gc,phases      ] GC(216)     Total                          Min: 0, Avg:  0.0, Max: 0, Diff: 0, Sum: 0, Workers: 4
[1468.599s][debug][gc,phases      ] GC(216)   StringDedup Requests1 Weak     Min:  0.0, Avg:  0.0, Max:  0.0, Diff:  0.0, Sum:  0.0, Workers: 4
[1468.599s][debug][gc,phases      ] GC(216)     Dead                           Min: 0, Avg:  0.0, Max: 0, Diff: 0, Sum: 0, Workers: 4
[1468.599s][debug][gc,phases      ] GC(216)     Total                          Min: 0, Avg:  0.0, Max: 0, Diff: 0, Sum: 0, Workers: 4
[1468.599s][debug][gc,phases      ] GC(216)   Weak JFR Old Object Samples    Min:  0.0, Avg:  0.0, Max:  0.0, Diff:  0.0, Sum:  0.0, Workers: 4
[1468.599s][debug][gc,phases      ] GC(216)     Dead                           Min: 0, Avg:  0.0, Max: 0, Diff: 0, Sum: 0, Workers: 4
[1468.599s][debug][gc,phases      ] GC(216)     Total                          Min: 0, Avg:  0.0, Max: 0, Diff: 0, Sum: 0, Workers: 4
[1468.599s][debug][gc,phases      ] GC(216) Weak Processing 0.325ms
[1468.599s][debug][gc,age         ] GC(216) Desired survivor size 36700160 bytes, new threshold 15 (max threshold 15)
[1468.599s][info ][gc,heap        ] GC(216) PSYoungGen: 2045200K(2061312K)->19728K(2061312K) Eden: 2025472K(2025472K)->0K(2025472K) From: 19728K(35840K)->19728K(35840K)
[1468.599s][info ][gc,heap        ] GC(216) ParOldGen: 589806K(632832K)->589814K(632832K)
[1468.599s][info ][gc,metaspace   ] GC(216) Metaspace: 81933K(82752K)->81933K(82752K) NonClass: 70461K(70912K)->70461K(70912K) Class: 11471K(11840K)->11471K(11840K)
[1468.599s][info ][gc             ] GC(216) Pause Young (Allocation Failure) 2573M->595M(2631M) 5.630ms
[1468.599s][info ][gc,cpu         ] GC(216) User=0.02s Sys=0.00s Real=0.00s
[1468.599s][info ][safepoint      ] Safepoint "ParallelGCFailedAllocation", Time since last: 13012188188 ns, Reaching safepoint: 26600 ns, At safepoint: 5717086 ns, Total: 5743686 ns
[1481.717s][info ][gc,start       ] GC(217) Pause Young (Allocation Failure)
[1481.723s][debug][gc,phases      ] GC(217) Scavenge 5.775ms
[1481.723s][debug][gc,ref         ] GC(217) Skipped phase 1 of Reference Processing: no references
[1481.723s][debug][gc,ref         ] GC(217) ReferenceProcessor::execute queues: 1, RefProcThreadModel::Single, marks_oops_alive: false
[1481.723s][debug][gc,ref         ] GC(217) Skipped phase 3 of Reference Processing: no references
[1481.723s][debug][gc,ref         ] GC(217) ReferenceProcessor::execute queues: 1, RefProcThreadModel::Single, marks_oops_alive: false
[1481.723s][debug][gc,phases      ] GC(217) Reference Processing 0.120ms
[1481.723s][debug][gc,phases      ] GC(217)   VM Weak                        Min:  0.0, Avg:  0.0, Max:  0.0, Diff:  0.0, Sum:  0.0, Workers: 4
[1481.723s][debug][gc,phases      ] GC(217)     Dead                           Min: 0, Avg:  0.0, Max: 0, Diff: 0, Sum: 0, Workers: 4
[1481.723s][debug][gc,phases      ] GC(217)     Total                          Min: 0, Avg: 167.5, Max: 512, Diff: 512, Sum: 670, Workers: 4
[1481.723s][debug][gc,phases      ] GC(217)   ObjectSynchronizer Weak        Min:  0.0, Avg:  0.0, Max:  0.0, Diff:  0.0, Sum:  0.0, Workers: 4
[1481.723s][debug][gc,phases      ] GC(217)     Dead                           Min: 0, Avg:  0.0, Max: 0, Diff: 0, Sum: 0, Workers: 4
[1481.723s][debug][gc,phases      ] GC(217)     Total                          Min: 0, Avg: 90.5, Max: 170, Diff: 170, Sum: 362, Workers: 4
[1481.723s][debug][gc,phases      ] GC(217)   JVMTI Tag Weak OopStorage      Min:  0.0, Avg:  0.0, Max:  0.0, Diff:  0.0, Sum:  0.0, Workers: 4
[1481.723s][debug][gc,phases      ] GC(217)     Dead                           Min: 0, Avg:  0.0, Max: 0, Diff: 0, Sum: 0, Workers: 4
[1481.723s][debug][gc,phases      ] GC(217)     Total                          Min: 0, Avg:  0.0, Max: 0, Diff: 0, Sum: 0, Workers: 4
[1481.723s][debug][gc,phases      ] GC(217)   StringTable Weak               Min:  0.1, Avg:  0.1, Max:  0.1, Diff:  0.0, Sum:  0.5, Workers: 4
[1481.723s][debug][gc,phases      ] GC(217)     Dead                           Min: 0, Avg:  0.0, Max: 0, Diff: 0, Sum: 0, Workers: 4
[1481.723s][debug][gc,phases      ] GC(217)     Total                          Min: 11491, Avg: 12024.8, Max: 12544, Diff: 1053, Sum: 48099, Workers: 4
[1481.723s][debug][gc,phases      ] GC(217)   ResolvedMethodTable Weak       Min:  0.0, Avg:  0.0, Max:  0.0, Diff:  0.0, Sum:  0.1, Workers: 4
[1481.723s][debug][gc,phases      ] GC(217)     Dead                           Min: 0, Avg:  0.0, Max: 0, Diff: 0, Sum: 0, Workers: 4
[1481.723s][debug][gc,phases      ] GC(217)     Total                          Min: 1862, Avg: 1979.0, Max: 2125, Diff: 263, Sum: 7916, Workers: 4
[1481.723s][debug][gc,phases      ] GC(217)   JNI Weak                       Min:  0.0, Avg:  0.0, Max:  0.0, Diff:  0.0, Sum:  0.0, Workers: 4
[1481.723s][debug][gc,phases      ] GC(217)     Dead                           Min: 0, Avg:  0.0, Max: 0, Diff: 0, Sum: 0, Workers: 4
[1481.723s][debug][gc,phases      ] GC(217)     Total                          Min: 0, Avg:  0.0, Max: 0, Diff: 0, Sum: 0, Workers: 4
[1481.723s][debug][gc,phases      ] GC(217)   StringDedup Table Weak         Min:  0.0, Avg:  0.0, Max:  0.0, Diff:  0.0, Sum:  0.0, Workers: 4
[1481.723s][debug][gc,phases      ] GC(217)     Dead                           Min: 0, Avg:  0.0, Max: 0, Diff: 0, Sum: 0, Workers: 4
[1481.723s][debug][gc,phases      ] GC(217)     Total                          Min: 0, Avg:  0.0, Max: 0, Diff: 0, Sum: 0, Workers: 4
[1481.723s][debug][gc,phases      ] GC(217)   StringDedup Requests0 Weak     Min:  0.0, Avg:  0.0, Max:  0.0, Diff:  0.0, Sum:  0.0, Workers: 4
[1481.723s][debug][gc,phases      ] GC(217)     Dead                           Min: 0, Avg:  0.0, Max: 0, Diff: 0, Sum: 0, Workers: 4
[1481.723s][debug][gc,phases      ] GC(217)     Total                          Min: 0, Avg:  0.0, Max: 0, Diff: 0, Sum: 0, Workers: 4
[1481.723s][debug][gc,phases      ] GC(217)   StringDedup Requests1 Weak     Min:  0.0, Avg:  0.0, Max:  0.0, Diff:  0.0, Sum:  0.0, Workers: 4
[1481.723s][debug][gc,phases      ] GC(217)     Dead                           Min: 0, Avg:  0.0, Max: 0, Diff: 0, Sum: 0, Workers: 4
[1481.723s][debug][gc,phases      ] GC(217)     Total                          Min: 0, Avg:  0.0, Max: 0, Diff: 0, Sum: 0, Workers: 4
[1481.723s][debug][gc,phases      ] GC(217)   Weak JFR Old Object Samples    Min:  0.0, Avg:  0.0, Max:  0.0, Diff:  0.0, Sum:  0.0, Workers: 4
[1481.723s][debug][gc,phases      ] GC(217)     Dead                           Min: 0, Avg:  0.0, Max: 0, Diff: 0, Sum: 0, Workers: 4
[1481.723s][debug][gc,phases      ] GC(217)     Total                          Min: 0, Avg:  0.0, Max: 0, Diff: 0, Sum: 0, Workers: 4
[1481.723s][debug][gc,phases      ] GC(217) Weak Processing 0.371ms
[1481.723s][debug][gc,age         ] GC(217) Desired survivor size 36700160 bytes, new threshold 15 (max threshold 15)
[1481.723s][info ][gc,heap        ] GC(217) PSYoungGen: 2045200K(2061312K)->19728K(2061312K) Eden: 2025472K(2025472K)->0K(2025472K) From: 19728K(35840K)->19728K(35840K)
[1481.723s][info ][gc,heap        ] GC(217) ParOldGen: 589814K(632832K)->589846K(632832K)
[1481.723s][info ][gc,metaspace   ] GC(217) Metaspace: 81933K(82752K)->81933K(82752K) NonClass: 70461K(70912K)->70461K(70912K) Class: 11471K(11840K)->11471K(11840K)
[1481.723s][info ][gc             ] GC(217) Pause Young (Allocation Failure) 2573M->595M(2631M) 6.395ms
[1481.723s][info ][gc,cpu         ] GC(217) User=0.02s Sys=0.00s Real=0.01s
[1481.723s][info ][safepoint      ] Safepoint "ParallelGCFailedAllocation", Time since last: 13117804650 ns, Reaching safepoint: 31101 ns, At safepoint: 6499497 ns, Total: 6530598 ns
[1494.623s][info ][gc,start       ] GC(218) Pause Young (Allocation Failure)
[1494.630s][debug][gc,phases      ] GC(218) Scavenge 6.248ms
[1494.630s][debug][gc,ref         ] GC(218) Skipped phase 1 of Reference Processing: no references
[1494.630s][debug][gc,ref         ] GC(218) ReferenceProcessor::execute queues: 1, RefProcThreadModel::Single, marks_oops_alive: false
[1494.630s][debug][gc,ref         ] GC(218) Skipped phase 3 of Reference Processing: no references
[1494.630s][debug][gc,ref         ] GC(218) ReferenceProcessor::execute queues: 1, RefProcThreadModel::Single, marks_oops_alive: false
[1494.630s][debug][gc,phases      ] GC(218) Reference Processing 0.113ms
[1494.630s][debug][gc,phases      ] GC(218)   VM Weak                        Min:  0.0, Avg:  0.0, Max:  0.0, Diff:  0.0, Sum:  0.0, Workers: 4
[1494.630s][debug][gc,phases      ] GC(218)     Dead                           Min: 0, Avg:  0.0, Max: 0, Diff: 0, Sum: 0, Workers: 4
[1494.630s][debug][gc,phases      ] GC(218)     Total                          Min: 0, Avg: 167.5, Max: 606, Diff: 606, Sum: 670, Workers: 4
[1494.630s][debug][gc,phases      ] GC(218)   ObjectSynchronizer Weak        Min:  0.0, Avg:  0.0, Max:  0.0, Diff:  0.0, Sum:  0.0, Workers: 4
[1494.630s][debug][gc,phases      ] GC(218)     Dead                           Min: 0, Avg:  0.0, Max: 0, Diff: 0, Sum: 0, Workers: 4
[1494.630s][debug][gc,phases      ] GC(218)     Total                          Min: 0, Avg: 90.5, Max: 234, Diff: 234, Sum: 362, Workers: 4
[1494.630s][debug][gc,phases      ] GC(218)   JVMTI Tag Weak OopStorage      Min:  0.0, Avg:  0.0, Max:  0.0, Diff:  0.0, Sum:  0.0, Workers: 4
[1494.630s][debug][gc,phases      ] GC(218)     Dead                           Min: 0, Avg:  0.0, Max: 0, Diff: 0, Sum: 0, Workers: 4
[1494.630s][debug][gc,phases      ] GC(218)     Total                          Min: 0, Avg:  0.0, Max: 0, Diff: 0, Sum: 0, Workers: 4
[1494.630s][debug][gc,phases      ] GC(218)   StringTable Weak               Min:  0.1, Avg:  0.1, Max:  0.1, Diff:  0.0, Sum:  0.4, Workers: 4
[1494.630s][debug][gc,phases      ] GC(218)     Dead                           Min: 0, Avg:  0.0, Max: 0, Diff: 0, Sum: 0, Workers: 4
[1494.630s][debug][gc,phases      ] GC(218)     Total                          Min: 10723, Avg: 12024.8, Max: 12800, Diff: 2077, Sum: 48099, Workers: 4
[1494.630s][debug][gc,phases      ] GC(218)   ResolvedMethodTable Weak       Min:  0.0, Avg:  0.0, Max:  0.0, Diff:  0.0, Sum:  0.1, Workers: 4
[1494.630s][debug][gc,phases      ] GC(218)     Dead                           Min: 0, Avg:  0.0, Max: 0, Diff: 0, Sum: 0, Workers: 4
[1494.630s][debug][gc,phases      ] GC(218)     Total                          Min: 1852, Avg: 1979.0, Max: 2169, Diff: 317, Sum: 7916, Workers: 4
[1494.630s][debug][gc,phases      ] GC(218)   JNI Weak                       Min:  0.0, Avg:  0.0, Max:  0.0, Diff:  0.0, Sum:  0.0, Workers: 4
[1494.630s][debug][gc,phases      ] GC(218)     Dead                           Min: 0, Avg:  0.0, Max: 0, Diff: 0, Sum: 0, Workers: 4
[1494.630s][debug][gc,phases      ] GC(218)     Total                          Min: 0, Avg:  0.0, Max: 0, Diff: 0, Sum: 0, Workers: 4
[1494.630s][debug][gc,phases      ] GC(218)   StringDedup Table Weak         Min:  0.0, Avg:  0.0, Max:  0.0, Diff:  0.0, Sum:  0.0, Workers: 4
[1494.630s][debug][gc,phases      ] GC(218)     Dead                           Min: 0, Avg:  0.0, Max: 0, Diff: 0, Sum: 0, Workers: 4
[1494.630s][debug][gc,phases      ] GC(218)     Total                          Min: 0, Avg:  0.0, Max: 0, Diff: 0, Sum: 0, Workers: 4
[1494.630s][debug][gc,phases      ] GC(218)   StringDedup Requests0 Weak     Min:  0.0, Avg:  0.0, Max:  0.0, Diff:  0.0, Sum:  0.0, Workers: 4
[1494.630s][debug][gc,phases      ] GC(218)     Dead                           Min: 0, Avg:  0.0, Max: 0, Diff: 0, Sum: 0, Workers: 4
[1494.630s][debug][gc,phases      ] GC(218)     Total                          Min: 0, Avg:  0.0, Max: 0, Diff: 0, Sum: 0, Workers: 4
[1494.630s][debug][gc,phases      ] GC(218)   StringDedup Requests1 Weak     Min:  0.0, Avg:  0.0, Max:  0.0, Diff:  0.0, Sum:  0.0, Workers: 4
[1494.630s][debug][gc,phases      ] GC(218)     Dead                           Min: 0, Avg:  0.0, Max: 0, Diff: 0, Sum: 0, Workers: 4
[1494.630s][debug][gc,phases      ] GC(218)     Total                          Min: 0, Avg:  0.0, Max: 0, Diff: 0, Sum: 0, Workers: 4
[1494.630s][debug][gc,phases      ] GC(218)   Weak JFR Old Object Samples    Min:  0.0, Avg:  0.0, Max:  0.0, Diff:  0.0, Sum:  0.0, Workers: 4
[1494.630s][debug][gc,phases      ] GC(218)     Dead                           Min: 0, Avg:  0.0, Max: 0, Diff: 0, Sum: 0, Workers: 4
[1494.630s][debug][gc,phases      ] GC(218)     Total                          Min: 0, Avg:  0.0, Max: 0, Diff: 0, Sum: 0, Workers: 4
[1494.630s][debug][gc,phases      ] GC(218) Weak Processing 0.321ms
[1494.630s][debug][gc,age         ] GC(218) Desired survivor size 36175872 bytes, new threshold 15 (max threshold 15)
[1494.630s][info ][gc,heap        ] GC(218) PSYoungGen: 2045200K(2061312K)->19728K(2061824K) Eden: 2025472K(2025472K)->0K(2025984K) From: 19728K(35840K)->19728K(35840K)
[1494.630s][info ][gc,heap        ] GC(218) ParOldGen: 589846K(632832K)->589862K(632832K)
[1494.630s][info ][gc,metaspace   ] GC(218) Metaspace: 81933K(82752K)->81933K(82752K) NonClass: 70461K(70912K)->70461K(70912K) Class: 11471K(11840K)->11471K(11840K)
[1494.630s][info ][gc             ] GC(218) Pause Young (Allocation Failure) 2573M->595M(2631M) 6.786ms
[1494.630s][info ][gc,cpu         ] GC(218) User=0.03s Sys=0.00s Real=0.00s
[1494.630s][info ][safepoint      ] Safepoint "ParallelGCFailedAllocation", Time since last: 12899819465 ns, Reaching safepoint: 131302 ns, At safepoint: 6865203 ns, Total: 6996505 ns
[1507.642s][info ][gc,start       ] GC(219) Pause Young (Allocation Failure)
[1507.647s][debug][gc,phases      ] GC(219) Scavenge 4.713ms
[1507.647s][debug][gc,ref         ] GC(219) Skipped phase 1 of Reference Processing: no references
[1507.647s][debug][gc,ref         ] GC(219) ReferenceProcessor::execute queues: 1, RefProcThreadModel::Single, marks_oops_alive: false
[1507.647s][debug][gc,ref         ] GC(219) Skipped phase 3 of Reference Processing: no references
[1507.647s][debug][gc,ref         ] GC(219) ReferenceProcessor::execute queues: 1, RefProcThreadModel::Single, marks_oops_alive: false
[1507.647s][debug][gc,phases      ] GC(219) Reference Processing 0.124ms
[1507.647s][debug][gc,phases      ] GC(219)   VM Weak                        Min:  0.0, Avg:  0.0, Max:  0.0, Diff:  0.0, Sum:  0.0, Workers: 4
[1507.647s][debug][gc,phases      ] GC(219)     Dead                           Min: 0, Avg:  0.0, Max: 0, Diff: 0, Sum: 0, Workers: 4
[1507.647s][debug][gc,phases      ] GC(219)     Total                          Min: 0, Avg: 167.5, Max: 448, Diff: 448, Sum: 670, Workers: 4
[1507.647s][debug][gc,phases      ] GC(219)   ObjectSynchronizer Weak        Min:  0.0, Avg:  0.0, Max:  0.0, Diff:  0.0, Sum:  0.0, Workers: 4
[1507.647s][debug][gc,phases      ] GC(219)     Dead                           Min: 0, Avg:  0.0, Max: 0, Diff: 0, Sum: 0, Workers: 4
[1507.647s][debug][gc,phases      ] GC(219)     Total                          Min: 0, Avg: 90.5, Max: 192, Diff: 192, Sum: 362, Workers: 4
[1507.647s][debug][gc,phases      ] GC(219)   JVMTI Tag Weak OopStorage      Min:  0.0, Avg:  0.0, Max:  0.0, Diff:  0.0, Sum:  0.0, Workers: 4
[1507.647s][debug][gc,phases      ] GC(219)     Dead                           Min: 0, Avg:  0.0, Max: 0, Diff: 0, Sum: 0, Workers: 4
[1507.647s][debug][gc,phases      ] GC(219)     Total                          Min: 0, Avg:  0.0, Max: 0, Diff: 0, Sum: 0, Workers: 4
[1507.647s][debug][gc,phases      ] GC(219)   StringTable Weak               Min:  0.1, Avg:  0.1, Max:  0.1, Diff:  0.0, Sum:  0.4, Workers: 4
[1507.647s][debug][gc,phases      ] GC(219)     Dead                           Min: 0, Avg:  0.0, Max: 0, Diff: 0, Sum: 0, Workers: 4
[1507.647s][debug][gc,phases      ] GC(219)     Total                          Min: 10816, Avg: 12024.8, Max: 12928, Diff: 2112, Sum: 48099, Workers: 4
[1507.647s][debug][gc,phases      ] GC(219)   ResolvedMethodTable Weak       Min:  0.0, Avg:  0.0, Max:  0.0, Diff:  0.0, Sum:  0.1, Workers: 4
[1507.647s][debug][gc,phases      ] GC(219)     Dead                           Min: 0, Avg:  0.0, Max: 0, Diff: 0, Sum: 0, Workers: 4
[1507.647s][debug][gc,phases      ] GC(219)     Total                          Min: 1875, Avg: 1979.0, Max: 2030, Diff: 155, Sum: 7916, Workers: 4
[1507.647s][debug][gc,phases      ] GC(219)   JNI Weak                       Min:  0.0, Avg:  0.0, Max:  0.0, Diff:  0.0, Sum:  0.0, Workers: 4
[1507.647s][debug][gc,phases      ] GC(219)     Dead                           Min: 0, Avg:  0.0, Max: 0, Diff: 0, Sum: 0, Workers: 4
[1507.647s][debug][gc,phases      ] GC(219)     Total                          Min: 0, Avg:  0.0, Max: 0, Diff: 0, Sum: 0, Workers: 4
[1507.647s][debug][gc,phases      ] GC(219)   StringDedup Table Weak         Min:  0.0, Avg:  0.0, Max:  0.0, Diff:  0.0, Sum:  0.0, Workers: 4
[1507.647s][debug][gc,phases      ] GC(219)     Dead                           Min: 0, Avg:  0.0, Max: 0, Diff: 0, Sum: 0, Workers: 4
[1507.647s][debug][gc,phases      ] GC(219)     Total                          Min: 0, Avg:  0.0, Max: 0, Diff: 0, Sum: 0, Workers: 4
[1507.647s][debug][gc,phases      ] GC(219)   StringDedup Requests0 Weak     Min:  0.0, Avg:  0.0, Max:  0.0, Diff:  0.0, Sum:  0.0, Workers: 4
[1507.647s][debug][gc,phases      ] GC(219)     Dead                           Min: 0, Avg:  0.0, Max: 0, Diff: 0, Sum: 0, Workers: 4
[1507.647s][debug][gc,phases      ] GC(219)     Total                          Min: 0, Avg:  0.0, Max: 0, Diff: 0, Sum: 0, Workers: 4
[1507.647s][debug][gc,phases      ] GC(219)   StringDedup Requests1 Weak     Min:  0.0, Avg:  0.0, Max:  0.0, Diff:  0.0, Sum:  0.0, Workers: 4
[1507.647s][debug][gc,phases      ] GC(219)     Dead                           Min: 0, Avg:  0.0, Max: 0, Diff: 0, Sum: 0, Workers: 4
[1507.647s][debug][gc,phases      ] GC(219)     Total                          Min: 0, Avg:  0.0, Max: 0, Diff: 0, Sum: 0, Workers: 4
[1507.647s][debug][gc,phases      ] GC(219)   Weak JFR Old Object Samples    Min:  0.0, Avg:  0.0, Max:  0.0, Diff:  0.0, Sum:  0.0, Workers: 4
[1507.647s][debug][gc,phases      ] GC(219)     Dead                           Min: 0, Avg:  0.0, Max: 0, Diff: 0, Sum: 0, Workers: 4
[1507.647s][debug][gc,phases      ] GC(219)     Total                          Min: 0, Avg:  0.0, Max: 0, Diff: 0, Sum: 0, Workers: 4
[1507.647s][debug][gc,phases      ] GC(219) Weak Processing 0.345ms
[1507.647s][debug][gc,age         ] GC(219) Desired survivor size 36175872 bytes, new threshold 15 (max threshold 15)
[1507.647s][info ][gc,heap        ] GC(219) PSYoungGen: 2045712K(2061824K)->19712K(2061312K) Eden: 2025984K(2025984K)->0K(2025984K) From: 19728K(35840K)->19712K(35328K)
[1507.647s][info ][gc,heap        ] GC(219) ParOldGen: 589862K(632832K)->589878K(632832K)
[1507.647s][info ][gc,metaspace   ] GC(219) Metaspace: 81933K(82752K)->81933K(82752K) NonClass: 70461K(70912K)->70461K(70912K) Class: 11471K(11840K)->11471K(11840K)
[1507.647s][info ][gc             ] GC(219) Pause Young (Allocation Failure) 2573M->595M(2631M) 5.319ms
[1507.647s][info ][gc,cpu         ] GC(219) User=0.02s Sys=0.01s Real=0.01s
[1507.647s][info ][safepoint      ] Safepoint "ParallelGCFailedAllocation", Time since last: 13011638021 ns, Reaching safepoint: 28701 ns, At safepoint: 5400180 ns, Total: 5428881 ns
[1520.659s][info ][gc,start       ] GC(220) Pause Young (Allocation Failure)
[1520.664s][debug][gc,phases      ] GC(220) Scavenge 5.394ms
[1520.664s][debug][gc,ref         ] GC(220) Skipped phase 1 of Reference Processing: no references
[1520.664s][debug][gc,ref         ] GC(220) ReferenceProcessor::execute queues: 1, RefProcThreadModel::Single, marks_oops_alive: false
[1520.664s][debug][gc,ref         ] GC(220) Skipped phase 3 of Reference Processing: no references
[1520.664s][debug][gc,ref         ] GC(220) ReferenceProcessor::execute queues: 1, RefProcThreadModel::Single, marks_oops_alive: false
[1520.664s][debug][gc,phases      ] GC(220) Reference Processing 0.136ms
[1520.664s][debug][gc,phases      ] GC(220)   VM Weak                        Min:  0.0, Avg:  0.0, Max:  0.0, Diff:  0.0, Sum:  0.0, Workers: 4
[1520.664s][debug][gc,phases      ] GC(220)     Dead                           Min: 0, Avg:  0.0, Max: 0, Diff: 0, Sum: 0, Workers: 4
[1520.664s][debug][gc,phases      ] GC(220)     Total                          Min: 0, Avg: 167.5, Max: 512, Diff: 512, Sum: 670, Workers: 4
[1520.664s][debug][gc,phases      ] GC(220)   ObjectSynchronizer Weak        Min:  0.0, Avg:  0.0, Max:  0.0, Diff:  0.0, Sum:  0.0, Workers: 4
[1520.664s][debug][gc,phases      ] GC(220)     Dead                           Min: 0, Avg:  0.0, Max: 0, Diff: 0, Sum: 0, Workers: 4
[1520.664s][debug][gc,phases      ] GC(220)     Total                          Min: 0, Avg: 90.5, Max: 170, Diff: 170, Sum: 362, Workers: 4
[1520.664s][debug][gc,phases      ] GC(220)   JVMTI Tag Weak OopStorage      Min:  0.0, Avg:  0.0, Max:  0.0, Diff:  0.0, Sum:  0.0, Workers: 4
[1520.664s][debug][gc,phases      ] GC(220)     Dead                           Min: 0, Avg:  0.0, Max: 0, Diff: 0, Sum: 0, Workers: 4
[1520.664s][debug][gc,phases      ] GC(220)     Total                          Min: 0, Avg:  0.0, Max: 0, Diff: 0, Sum: 0, Workers: 4
[1520.664s][debug][gc,phases      ] GC(220)   StringTable Weak               Min:  0.1, Avg:  0.1, Max:  0.1, Diff:  0.0, Sum:  0.5, Workers: 4
[1520.664s][debug][gc,phases      ] GC(220)     Dead                           Min: 0, Avg:  0.0, Max: 0, Diff: 0, Sum: 0, Workers: 4
[1520.664s][debug][gc,phases      ] GC(220)     Total                          Min: 10688, Avg: 12024.8, Max: 13376, Diff: 2688, Sum: 48099, Workers: 4
[1520.664s][debug][gc,phases      ] GC(220)   ResolvedMethodTable Weak       Min:  0.0, Avg:  0.0, Max:  0.0, Diff:  0.0, Sum:  0.1, Workers: 4
[1520.664s][debug][gc,phases      ] GC(220)     Dead                           Min: 0, Avg:  0.0, Max: 0, Diff: 0, Sum: 0, Workers: 4
[1520.664s][debug][gc,phases      ] GC(220)     Total                          Min: 1872, Avg: 1979.0, Max: 2189, Diff: 317, Sum: 7916, Workers: 4
[1520.664s][debug][gc,phases      ] GC(220)   JNI Weak                       Min:  0.0, Avg:  0.0, Max:  0.0, Diff:  0.0, Sum:  0.0, Workers: 4
[1520.664s][debug][gc,phases      ] GC(220)     Dead                           Min: 0, Avg:  0.0, Max: 0, Diff: 0, Sum: 0, Workers: 4
[1520.664s][debug][gc,phases      ] GC(220)     Total                          Min: 0, Avg:  0.0, Max: 0, Diff: 0, Sum: 0, Workers: 4
[1520.664s][debug][gc,phases      ] GC(220)   StringDedup Table Weak         Min:  0.0, Avg:  0.0, Max:  0.0, Diff:  0.0, Sum:  0.0, Workers: 4
[1520.664s][debug][gc,phases      ] GC(220)     Dead                           Min: 0, Avg:  0.0, Max: 0, Diff: 0, Sum: 0, Workers: 4
[1520.664s][debug][gc,phases      ] GC(220)     Total                          Min: 0, Avg:  0.0, Max: 0, Diff: 0, Sum: 0, Workers: 4
[1520.664s][debug][gc,phases      ] GC(220)   StringDedup Requests0 Weak     Min:  0.0, Avg:  0.0, Max:  0.0, Diff:  0.0, Sum:  0.0, Workers: 4
[1520.664s][debug][gc,phases      ] GC(220)     Dead                           Min: 0, Avg:  0.0, Max: 0, Diff: 0, Sum: 0, Workers: 4
[1520.664s][debug][gc,phases      ] GC(220)     Total                          Min: 0, Avg:  0.0, Max: 0, Diff: 0, Sum: 0, Workers: 4
[1520.664s][debug][gc,phases      ] GC(220)   StringDedup Requests1 Weak     Min:  0.0, Avg:  0.0, Max:  0.0, Diff:  0.0, Sum:  0.0, Workers: 4
[1520.664s][debug][gc,phases      ] GC(220)     Dead                           Min: 0, Avg:  0.0, Max: 0, Diff: 0, Sum: 0, Workers: 4
[1520.664s][debug][gc,phases      ] GC(220)     Total                          Min: 0, Avg:  0.0, Max: 0, Diff: 0, Sum: 0, Workers: 4
[1520.664s][debug][gc,phases      ] GC(220)   Weak JFR Old Object Samples    Min:  0.0, Avg:  0.0, Max:  0.0, Diff:  0.0, Sum:  0.0, Workers: 4
[1520.664s][debug][gc,phases      ] GC(220)     Dead                           Min: 0, Avg:  0.0, Max: 0, Diff: 0, Sum: 0, Workers: 4
[1520.664s][debug][gc,phases      ] GC(220)     Total                          Min: 0, Avg:  0.0, Max: 0, Diff: 0, Sum: 0, Workers: 4
[1520.664s][debug][gc,phases      ] GC(220) Weak Processing 0.352ms
[1520.664s][debug][gc,age         ] GC(220) Desired survivor size 35651584 bytes, new threshold 15 (max threshold 15)
[1520.664s][info ][gc,heap        ] GC(220) PSYoungGen: 2045696K(2061312K)->19728K(2062336K) Eden: 2025984K(2025984K)->0K(2027008K) From: 19712K(35328K)->19728K(35328K)
[1520.664s][info ][gc,heap        ] GC(220) ParOldGen: 589878K(632832K)->589910K(632832K)
[1520.665s][info ][gc,metaspace   ] GC(220) Metaspace: 81933K(82752K)->81933K(82752K) NonClass: 70461K(70912K)->70461K(70912K) Class: 11471K(11840K)->11471K(11840K)
[1520.665s][info ][gc             ] GC(220) Pause Young (Allocation Failure) 2573M->595M(2632M) 6.009ms
[1520.665s][info ][gc,cpu         ] GC(220) User=0.02s Sys=0.00s Real=0.01s
[1520.665s][info ][safepoint      ] Safepoint "ParallelGCFailedAllocation", Time since last: 13011149796 ns, Reaching safepoint: 43201 ns, At safepoint: 6093591 ns, Total: 6136792 ns
[1531.665s][info ][safepoint      ] Safepoint "Cleanup", Time since last: 11000795568 ns, Reaching safepoint: 36300 ns, At safepoint: 3900 ns, Total: 40200 ns
[1533.677s][info ][gc,start       ] GC(221) Pause Young (Allocation Failure)
[1533.683s][debug][gc,phases      ] GC(221) Scavenge 6.064ms
[1533.683s][debug][gc,ref         ] GC(221) Skipped phase 1 of Reference Processing: no references
[1533.683s][debug][gc,ref         ] GC(221) ReferenceProcessor::execute queues: 1, RefProcThreadModel::Single, marks_oops_alive: false
[1533.683s][debug][gc,ref         ] GC(221) Skipped phase 3 of Reference Processing: no references
[1533.683s][debug][gc,ref         ] GC(221) ReferenceProcessor::execute queues: 1, RefProcThreadModel::Single, marks_oops_alive: false
[1533.683s][debug][gc,phases      ] GC(221) Reference Processing 0.136ms
[1533.683s][debug][gc,phases      ] GC(221)   VM Weak                        Min:  0.0, Avg:  0.0, Max:  0.0, Diff:  0.0, Sum:  0.0, Workers: 4
[1533.683s][debug][gc,phases      ] GC(221)     Dead                           Min: 0, Avg:  0.0, Max: 0, Diff: 0, Sum: 0, Workers: 4
[1533.683s][debug][gc,phases      ] GC(221)     Total                          Min: 0, Avg: 167.5, Max: 542, Diff: 542, Sum: 670, Workers: 4
[1533.683s][debug][gc,phases      ] GC(221)   ObjectSynchronizer Weak        Min:  0.0, Avg:  0.0, Max:  0.0, Diff:  0.0, Sum:  0.0, Workers: 4
[1533.683s][debug][gc,phases      ] GC(221)     Dead                           Min: 0, Avg:  0.0, Max: 0, Diff: 0, Sum: 0, Workers: 4
[1533.683s][debug][gc,phases      ] GC(221)     Total                          Min: 0, Avg: 90.5, Max: 192, Diff: 192, Sum: 362, Workers: 4
[1533.683s][debug][gc,phases      ] GC(221)   JVMTI Tag Weak OopStorage      Min:  0.0, Avg:  0.0, Max:  0.0, Diff:  0.0, Sum:  0.0, Workers: 4
[1533.683s][debug][gc,phases      ] GC(221)     Dead                           Min: 0, Avg:  0.0, Max: 0, Diff: 0, Sum: 0, Workers: 4
[1533.683s][debug][gc,phases      ] GC(221)     Total                          Min: 0, Avg:  0.0, Max: 0, Diff: 0, Sum: 0, Workers: 4
[1533.683s][debug][gc,phases      ] GC(221)   StringTable Weak               Min:  0.1, Avg:  0.1, Max:  0.1, Diff:  0.0, Sum:  0.5, Workers: 4
[1533.683s][debug][gc,phases      ] GC(221)     Dead                           Min: 0, Avg:  0.0, Max: 0, Diff: 0, Sum: 0, Workers: 4
[1533.683s][debug][gc,phases      ] GC(221)     Total                          Min: 11456, Avg: 12024.8, Max: 12259, Diff: 803, Sum: 48099, Workers: 4
[1533.683s][debug][gc,phases      ] GC(221)   ResolvedMethodTable Weak       Min:  0.0, Avg:  0.0, Max:  0.0, Diff:  0.0, Sum:  0.2, Workers: 4
[1533.683s][debug][gc,phases      ] GC(221)     Dead                           Min: 0, Avg:  0.0, Max: 0, Diff: 0, Sum: 0, Workers: 4
[1533.683s][debug][gc,phases      ] GC(221)     Total                          Min: 1919, Avg: 1979.0, Max: 2095, Diff: 176, Sum: 7916, Workers: 4
[1533.683s][debug][gc,phases      ] GC(221)   JNI Weak                       Min:  0.0, Avg:  0.0, Max:  0.0, Diff:  0.0, Sum:  0.0, Workers: 4
[1533.683s][debug][gc,phases      ] GC(221)     Dead                           Min: 0, Avg:  0.0, Max: 0, Diff: 0, Sum: 0, Workers: 4
[1533.683s][debug][gc,phases      ] GC(221)     Total                          Min: 0, Avg:  0.0, Max: 0, Diff: 0, Sum: 0, Workers: 4
[1533.683s][debug][gc,phases      ] GC(221)   StringDedup Table Weak         Min:  0.0, Avg:  0.0, Max:  0.0, Diff:  0.0, Sum:  0.0, Workers: 4
[1533.683s][debug][gc,phases      ] GC(221)     Dead                           Min: 0, Avg:  0.0, Max: 0, Diff: 0, Sum: 0, Workers: 4
[1533.683s][debug][gc,phases      ] GC(221)     Total                          Min: 0, Avg:  0.0, Max: 0, Diff: 0, Sum: 0, Workers: 4
[1533.683s][debug][gc,phases      ] GC(221)   StringDedup Requests0 Weak     Min:  0.0, Avg:  0.0, Max:  0.0, Diff:  0.0, Sum:  0.0, Workers: 4
[1533.683s][debug][gc,phases      ] GC(221)     Dead                           Min: 0, Avg:  0.0, Max: 0, Diff: 0, Sum: 0, Workers: 4
[1533.683s][debug][gc,phases      ] GC(221)     Total                          Min: 0, Avg:  0.0, Max: 0, Diff: 0, Sum: 0, Workers: 4
[1533.683s][debug][gc,phases      ] GC(221)   StringDedup Requests1 Weak     Min:  0.0, Avg:  0.0, Max:  0.0, Diff:  0.0, Sum:  0.0, Workers: 4
[1533.683s][debug][gc,phases      ] GC(221)     Dead                           Min: 0, Avg:  0.0, Max: 0, Diff: 0, Sum: 0, Workers: 4
[1533.683s][debug][gc,phases      ] GC(221)     Total                          Min: 0, Avg:  0.0, Max: 0, Diff: 0, Sum: 0, Workers: 4
[1533.683s][debug][gc,phases      ] GC(221)   Weak JFR Old Object Samples    Min:  0.0, Avg:  0.0, Max:  0.0, Diff:  0.0, Sum:  0.0, Workers: 4
[1533.683s][debug][gc,phases      ] GC(221)     Dead                           Min: 0, Avg:  0.0, Max: 0, Diff: 0, Sum: 0, Workers: 4
[1533.683s][debug][gc,phases      ] GC(221)     Total                          Min: 0, Avg:  0.0, Max: 0, Diff: 0, Sum: 0, Workers: 4
[1533.683s][debug][gc,phases      ] GC(221) Weak Processing 0.396ms
[1533.683s][debug][gc,age         ] GC(221) Desired survivor size 35127296 bytes, new threshold 15 (max threshold 15)
[1533.683s][info ][gc,heap        ] GC(221) PSYoungGen: 2046736K(2062336K)->19712K(2061824K) Eden: 2027008K(2027008K)->0K(2027008K) From: 19728K(35328K)->19712K(34816K)
[1533.683s][info ][gc,heap        ] GC(221) ParOldGen: 589910K(632832K)->589942K(632832K)
[1533.683s][info ][gc,metaspace   ] GC(221) Metaspace: 81933K(82752K)->81933K(82752K) NonClass: 70461K(70912K)->70461K(70912K) Class: 11471K(11840K)->11471K(11840K)
[1533.683s][info ][gc             ] GC(221) Pause Young (Allocation Failure) 2574M->595M(2631M) 6.740ms
[1533.683s][info ][gc,cpu         ] GC(221) User=0.02s Sys=0.00s Real=0.01s
[1533.683s][info ][safepoint      ] Safepoint "ParallelGCFailedAllocation", Time since last: 2011216123 ns, Reaching safepoint: 28700 ns, At safepoint: 6821602 ns, Total: 6850302 ns
[1538.684s][info ][safepoint      ] Safepoint "Cleanup", Time since last: 5000366390 ns, Reaching safepoint: 85601 ns, At safepoint: 196803 ns, Total: 282404 ns
[1540.684s][info ][safepoint      ] Safepoint "Cleanup", Time since last: 2000204056 ns, Reaching safepoint: 54101 ns, At safepoint: 26500 ns, Total: 80601 ns
[1546.469s][info ][gc,start       ] GC(222) Pause Young (Allocation Failure)
[1546.475s][debug][gc,phases      ] GC(222) Scavenge 6.125ms
[1546.475s][debug][gc,ref         ] GC(222) Skipped phase 1 of Reference Processing: no references
[1546.475s][debug][gc,ref         ] GC(222) ReferenceProcessor::execute queues: 1, RefProcThreadModel::Single, marks_oops_alive: false
[1546.475s][debug][gc,ref         ] GC(222) Skipped phase 3 of Reference Processing: no references
[1546.475s][debug][gc,ref         ] GC(222) ReferenceProcessor::execute queues: 1, RefProcThreadModel::Single, marks_oops_alive: false
[1546.475s][debug][gc,phases      ] GC(222) Reference Processing 0.136ms
[1546.475s][debug][gc,phases      ] GC(222)   VM Weak                        Min:  0.0, Avg:  0.0, Max:  0.0, Diff:  0.0, Sum:  0.0, Workers: 4
[1546.475s][debug][gc,phases      ] GC(222)     Dead                           Min: 0, Avg:  0.0, Max: 0, Diff: 0, Sum: 0, Workers: 4
[1546.475s][debug][gc,phases      ] GC(222)     Total                          Min: 0, Avg: 167.5, Max: 320, Diff: 320, Sum: 670, Workers: 4
[1546.475s][debug][gc,phases      ] GC(222)   ObjectSynchronizer Weak        Min:  0.0, Avg:  0.0, Max:  0.0, Diff:  0.0, Sum:  0.0, Workers: 4
[1546.475s][debug][gc,phases      ] GC(222)     Dead                           Min: 0, Avg:  0.0, Max: 0, Diff: 0, Sum: 0, Workers: 4
[1546.475s][debug][gc,phases      ] GC(222)     Total                          Min: 0, Avg: 90.5, Max: 170, Diff: 170, Sum: 362, Workers: 4
[1546.475s][debug][gc,phases      ] GC(222)   JVMTI Tag Weak OopStorage      Min:  0.0, Avg:  0.0, Max:  0.0, Diff:  0.0, Sum:  0.0, Workers: 4
[1546.475s][debug][gc,phases      ] GC(222)     Dead                           Min: 0, Avg:  0.0, Max: 0, Diff: 0, Sum: 0, Workers: 4
[1546.475s][debug][gc,phases      ] GC(222)     Total                          Min: 0, Avg:  0.0, Max: 0, Diff: 0, Sum: 0, Workers: 4
[1546.475s][debug][gc,phases      ] GC(222)   StringTable Weak               Min:  0.1, Avg:  0.1, Max:  0.1, Diff:  0.0, Sum:  0.5, Workers: 4
[1546.475s][debug][gc,phases      ] GC(222)     Dead                           Min: 0, Avg:  0.0, Max: 0, Diff: 0, Sum: 0, Workers: 4
[1546.475s][debug][gc,phases      ] GC(222)     Total                          Min: 11456, Avg: 12030.5, Max: 12416, Diff: 960, Sum: 48122, Workers: 4
[1546.475s][debug][gc,phases      ] GC(222)   ResolvedMethodTable Weak       Min:  0.0, Avg:  0.0, Max:  0.0, Diff:  0.0, Sum:  0.1, Workers: 4
[1546.475s][debug][gc,phases      ] GC(222)     Dead                           Min: 0, Avg:  0.0, Max: 0, Diff: 0, Sum: 0, Workers: 4
[1546.475s][debug][gc,phases      ] GC(222)     Total                          Min: 1754, Avg: 1979.0, Max: 2125, Diff: 371, Sum: 7916, Workers: 4
[1546.475s][debug][gc,phases      ] GC(222)   JNI Weak                       Min:  0.0, Avg:  0.0, Max:  0.0, Diff:  0.0, Sum:  0.0, Workers: 4
[1546.475s][debug][gc,phases      ] GC(222)     Dead                           Min: 0, Avg:  0.0, Max: 0, Diff: 0, Sum: 0, Workers: 4
[1546.475s][debug][gc,phases      ] GC(222)     Total                          Min: 0, Avg:  0.0, Max: 0, Diff: 0, Sum: 0, Workers: 4
[1546.475s][debug][gc,phases      ] GC(222)   StringDedup Table Weak         Min:  0.0, Avg:  0.0, Max:  0.0, Diff:  0.0, Sum:  0.0, Workers: 4
[1546.475s][debug][gc,phases      ] GC(222)     Dead                           Min: 0, Avg:  0.0, Max: 0, Diff: 0, Sum: 0, Workers: 4
[1546.475s][debug][gc,phases      ] GC(222)     Total                          Min: 0, Avg:  0.0, Max: 0, Diff: 0, Sum: 0, Workers: 4
[1546.475s][debug][gc,phases      ] GC(222)   StringDedup Requests0 Weak     Min:  0.0, Avg:  0.0, Max:  0.0, Diff:  0.0, Sum:  0.0, Workers: 4
[1546.475s][debug][gc,phases      ] GC(222)     Dead                           Min: 0, Avg:  0.0, Max: 0, Diff: 0, Sum: 0, Workers: 4
[1546.475s][debug][gc,phases      ] GC(222)     Total                          Min: 0, Avg:  0.0, Max: 0, Diff: 0, Sum: 0, Workers: 4
[1546.475s][debug][gc,phases      ] GC(222)   StringDedup Requests1 Weak     Min:  0.0, Avg:  0.0, Max:  0.0, Diff:  0.0, Sum:  0.0, Workers: 4
[1546.475s][debug][gc,phases      ] GC(222)     Dead                           Min: 0, Avg:  0.0, Max: 0, Diff: 0, Sum: 0, Workers: 4
[1546.475s][debug][gc,phases      ] GC(222)     Total                          Min: 0, Avg:  0.0, Max: 0, Diff: 0, Sum: 0, Workers: 4
[1546.475s][debug][gc,phases      ] GC(222)   Weak JFR Old Object Samples    Min:  0.0, Avg:  0.0, Max:  0.0, Diff:  0.0, Sum:  0.0, Workers: 4
[1546.475s][debug][gc,phases      ] GC(222)     Dead                           Min: 0, Avg:  0.0, Max: 0, Diff: 0, Sum: 0, Workers: 4
[1546.475s][debug][gc,phases      ] GC(222)     Total                          Min: 0, Avg:  0.0, Max: 0, Diff: 0, Sum: 0, Workers: 4
[1546.475s][debug][gc,phases      ] GC(222) Weak Processing 0.392ms
[1546.475s][debug][gc,age         ] GC(222) Desired survivor size 34078720 bytes, new threshold 15 (max threshold 15)
[1546.475s][info ][gc,heap        ] GC(222) PSYoungGen: 2046720K(2061824K)->10608K(2063872K) Eden: 2027008K(2027008K)->0K(2029568K) From: 19712K(34816K)->10608K(34304K)
[1546.475s][info ][gc,heap        ] GC(222) ParOldGen: 589942K(632832K)->598142K(632832K)
[1546.475s][info ][gc,metaspace   ] GC(222) Metaspace: 81934K(82752K)->81934K(82752K) NonClass: 70462K(70912K)->70462K(70912K) Class: 11471K(11840K)->11471K(11840K)
[1546.475s][info ][gc             ] GC(222) Pause Young (Allocation Failure) 2574M->594M(2633M) 6.805ms
[1546.475s][info ][gc,cpu         ] GC(222) User=0.03s Sys=0.00s Real=0.01s
[1546.476s][info ][safepoint      ] Safepoint "ParallelGCFailedAllocation", Time since last: 5784157324 ns, Reaching safepoint: 49100 ns, At safepoint: 6902204 ns, Total: 6951304 ns
[1556.476s][info ][safepoint      ] Safepoint "Cleanup", Time since last: 10000625361 ns, Reaching safepoint: 60601 ns, At safepoint: 6600 ns, Total: 67201 ns
[1559.869s][info ][gc,start       ] GC(223) Pause Young (Allocation Failure)
[1559.873s][debug][gc,phases      ] GC(223) Scavenge 3.632ms
[1559.873s][debug][gc,ref         ] GC(223) Skipped phase 1 of Reference Processing: no references
[1559.873s][debug][gc,ref         ] GC(223) ReferenceProcessor::execute queues: 1, RefProcThreadModel::Single, marks_oops_alive: false
[1559.873s][debug][gc,ref         ] GC(223) Skipped phase 3 of Reference Processing: no references
[1559.873s][debug][gc,ref         ] GC(223) ReferenceProcessor::execute queues: 1, RefProcThreadModel::Single, marks_oops_alive: false
[1559.873s][debug][gc,phases      ] GC(223) Reference Processing 0.144ms
[1559.873s][debug][gc,phases      ] GC(223)   VM Weak                        Min:  0.0, Avg:  0.0, Max:  0.0, Diff:  0.0, Sum:  0.0, Workers: 4
[1559.873s][debug][gc,phases      ] GC(223)     Dead                           Min: 0, Avg:  0.0, Max: 0, Diff: 0, Sum: 0, Workers: 4
[1559.873s][debug][gc,phases      ] GC(223)     Total                          Min: 0, Avg: 167.5, Max: 670, Diff: 670, Sum: 670, Workers: 4
[1559.873s][debug][gc,phases      ] GC(223)   ObjectSynchronizer Weak        Min:  0.0, Avg:  0.0, Max:  0.0, Diff:  0.0, Sum:  0.0, Workers: 4
[1559.873s][debug][gc,phases      ] GC(223)     Dead                           Min: 0, Avg:  0.0, Max: 0, Diff: 0, Sum: 0, Workers: 4
[1559.873s][debug][gc,phases      ] GC(223)     Total                          Min: 0, Avg: 90.5, Max: 170, Diff: 170, Sum: 362, Workers: 4
[1559.873s][debug][gc,phases      ] GC(223)   JVMTI Tag Weak OopStorage      Min:  0.0, Avg:  0.0, Max:  0.0, Diff:  0.0, Sum:  0.0, Workers: 4
[1559.873s][debug][gc,phases      ] GC(223)     Dead                           Min: 0, Avg:  0.0, Max: 0, Diff: 0, Sum: 0, Workers: 4
[1559.873s][debug][gc,phases      ] GC(223)     Total                          Min: 0, Avg:  0.0, Max: 0, Diff: 0, Sum: 0, Workers: 4
[1559.873s][debug][gc,phases      ] GC(223)   StringTable Weak               Min:  0.1, Avg:  0.1, Max:  0.1, Diff:  0.0, Sum:  0.4, Workers: 4
[1559.873s][debug][gc,phases      ] GC(223)     Dead                           Min: 0, Avg:  0.0, Max: 0, Diff: 0, Sum: 0, Workers: 4
[1559.873s][debug][gc,phases      ] GC(223)     Total                          Min: 11008, Avg: 12030.5, Max: 12928, Diff: 1920, Sum: 48122, Workers: 4
[1559.873s][debug][gc,phases      ] GC(223)   ResolvedMethodTable Weak       Min:  0.0, Avg:  0.0, Max:  0.0, Diff:  0.0, Sum:  0.1, Workers: 4
[1559.873s][debug][gc,phases      ] GC(223)     Dead                           Min: 0, Avg:  0.0, Max: 0, Diff: 0, Sum: 0, Workers: 4
[1559.873s][debug][gc,phases      ] GC(223)     Total                          Min: 1757, Avg: 1979.0, Max: 2168, Diff: 411, Sum: 7916, Workers: 4
[1559.873s][debug][gc,phases      ] GC(223)   JNI Weak                       Min:  0.0, Avg:  0.0, Max:  0.0, Diff:  0.0, Sum:  0.0, Workers: 4
[1559.873s][debug][gc,phases      ] GC(223)     Dead                           Min: 0, Avg:  0.0, Max: 0, Diff: 0, Sum: 0, Workers: 4
[1559.873s][debug][gc,phases      ] GC(223)     Total                          Min: 0, Avg:  0.0, Max: 0, Diff: 0, Sum: 0, Workers: 4
[1559.873s][debug][gc,phases      ] GC(223)   StringDedup Table Weak         Min:  0.0, Avg:  0.0, Max:  0.0, Diff:  0.0, Sum:  0.0, Workers: 4
[1559.873s][debug][gc,phases      ] GC(223)     Dead                           Min: 0, Avg:  0.0, Max: 0, Diff: 0, Sum: 0, Workers: 4
[1559.873s][debug][gc,phases      ] GC(223)     Total                          Min: 0, Avg:  0.0, Max: 0, Diff: 0, Sum: 0, Workers: 4
[1559.873s][debug][gc,phases      ] GC(223)   StringDedup Requests0 Weak     Min:  0.0, Avg:  0.0, Max:  0.0, Diff:  0.0, Sum:  0.0, Workers: 4
[1559.873s][debug][gc,phases      ] GC(223)     Dead                           Min: 0, Avg:  0.0, Max: 0, Diff: 0, Sum: 0, Workers: 4
[1559.873s][debug][gc,phases      ] GC(223)     Total                          Min: 0, Avg:  0.0, Max: 0, Diff: 0, Sum: 0, Workers: 4
[1559.873s][debug][gc,phases      ] GC(223)   StringDedup Requests1 Weak     Min:  0.0, Avg:  0.0, Max:  0.0, Diff:  0.0, Sum:  0.0, Workers: 4
[1559.873s][debug][gc,phases      ] GC(223)     Dead                           Min: 0, Avg:  0.0, Max: 0, Diff: 0, Sum: 0, Workers: 4
[1559.873s][debug][gc,phases      ] GC(223)     Total                          Min: 0, Avg:  0.0, Max: 0, Diff: 0, Sum: 0, Workers: 4
[1559.873s][debug][gc,phases      ] GC(223)   Weak JFR Old Object Samples    Min:  0.0, Avg:  0.0, Max:  0.0, Diff:  0.0, Sum:  0.0, Workers: 4
[1559.873s][debug][gc,phases      ] GC(223)     Dead                           Min: 0, Avg:  0.0, Max: 0, Diff: 0, Sum: 0, Workers: 4
[1559.873s][debug][gc,phases      ] GC(223)     Total                          Min: 0, Avg:  0.0, Max: 0, Diff: 0, Sum: 0, Workers: 4
[1559.873s][debug][gc,phases      ] GC(223) Weak Processing 0.335ms
[1559.873s][debug][gc,age         ] GC(223) Desired survivor size 33554432 bytes, new threshold 15 (max threshold 15)
[1559.873s][info ][gc,heap        ] GC(223) PSYoungGen: 2040176K(2063872K)->10176K(2062848K) Eden: 2029568K(2029568K)->0K(2029568K) From: 10608K(34304K)->10176K(33280K)
[1559.873s][info ][gc,heap        ] GC(223) ParOldGen: 598142K(632832K)->598686K(632832K)
[1559.873s][info ][gc,metaspace   ] GC(223) Metaspace: 81934K(82752K)->81934K(82752K) NonClass: 70462K(70912K)->70462K(70912K) Class: 11471K(11840K)->11471K(11840K)
[1559.873s][info ][gc             ] GC(223) Pause Young (Allocation Failure) 2576M->594M(2632M) 4.248ms
[1559.873s][info ][gc,cpu         ] GC(223) User=0.02s Sys=0.00s Real=0.01s
[1559.873s][info ][safepoint      ] Safepoint "ParallelGCFailedAllocation", Time since last: 3392809906 ns, Reaching safepoint: 52301 ns, At safepoint: 4330565 ns, Total: 4382866 ns
[1562.874s][info ][safepoint      ] Safepoint "Cleanup", Time since last: 3000221526 ns, Reaching safepoint: 115101 ns, At safepoint: 8901 ns, Total: 124002 ns
[1564.874s][info ][safepoint      ] Safepoint "Cleanup", Time since last: 2000196351 ns, Reaching safepoint: 124601 ns, At safepoint: 12701 ns, Total: 137302 ns
[1566.874s][info ][safepoint      ] Safepoint "Cleanup", Time since last: 2000179450 ns, Reaching safepoint: 73801 ns, At safepoint: 10100 ns, Total: 83901 ns
[1573.320s][info ][gc,start       ] GC(224) Pause Young (Allocation Failure)
[1573.325s][debug][gc,phases      ] GC(224) Scavenge 4.988ms
[1573.325s][debug][gc,ref         ] GC(224) Skipped phase 1 of Reference Processing: no references
[1573.325s][debug][gc,ref         ] GC(224) ReferenceProcessor::execute queues: 1, RefProcThreadModel::Single, marks_oops_alive: false
[1573.325s][debug][gc,ref         ] GC(224) Skipped phase 3 of Reference Processing: no references
[1573.325s][debug][gc,ref         ] GC(224) ReferenceProcessor::execute queues: 1, RefProcThreadModel::Single, marks_oops_alive: false
[1573.325s][debug][gc,phases      ] GC(224) Reference Processing 0.117ms
[1573.325s][debug][gc,phases      ] GC(224)   VM Weak                        Min:  0.0, Avg:  0.0, Max:  0.0, Diff:  0.0, Sum:  0.0, Workers: 4
[1573.325s][debug][gc,phases      ] GC(224)     Dead                           Min: 0, Avg:  0.0, Max: 0, Diff: 0, Sum: 0, Workers: 4
[1573.325s][debug][gc,phases      ] GC(224)     Total                          Min: 0, Avg: 167.5, Max: 670, Diff: 670, Sum: 670, Workers: 4
[1573.325s][debug][gc,phases      ] GC(224)   ObjectSynchronizer Weak        Min:  0.0, Avg:  0.0, Max:  0.0, Diff:  0.0, Sum:  0.0, Workers: 4
[1573.325s][debug][gc,phases      ] GC(224)     Dead                           Min: 0, Avg:  0.0, Max: 0, Diff: 0, Sum: 0, Workers: 4
[1573.325s][debug][gc,phases      ] GC(224)     Total                          Min: 0, Avg: 90.5, Max: 128, Diff: 128, Sum: 362, Workers: 4
[1573.325s][debug][gc,phases      ] GC(224)   JVMTI Tag Weak OopStorage      Min:  0.0, Avg:  0.0, Max:  0.0, Diff:  0.0, Sum:  0.0, Workers: 4
[1573.325s][debug][gc,phases      ] GC(224)     Dead                           Min: 0, Avg:  0.0, Max: 0, Diff: 0, Sum: 0, Workers: 4
[1573.325s][debug][gc,phases      ] GC(224)     Total                          Min: 0, Avg:  0.0, Max: 0, Diff: 0, Sum: 0, Workers: 4
[1573.326s][debug][gc,phases      ] GC(224)   StringTable Weak               Min:  0.1, Avg:  0.1, Max:  0.1, Diff:  0.0, Sum:  0.4, Workers: 4
[1573.326s][debug][gc,phases      ] GC(224)     Dead                           Min: 0, Avg:  0.0, Max: 0, Diff: 0, Sum: 0, Workers: 4
[1573.326s][debug][gc,phases      ] GC(224)     Total                          Min: 10944, Avg: 12030.5, Max: 13818, Diff: 2874, Sum: 48122, Workers: 4
[1573.326s][debug][gc,phases      ] GC(224)   ResolvedMethodTable Weak       Min:  0.0, Avg:  0.0, Max:  0.0, Diff:  0.0, Sum:  0.1, Workers: 4
[1573.326s][debug][gc,phases      ] GC(224)     Dead                           Min: 0, Avg:  0.0, Max: 0, Diff: 0, Sum: 0, Workers: 4
[1573.326s][debug][gc,phases      ] GC(224)     Total                          Min: 1899, Avg: 1979.0, Max: 2135, Diff: 236, Sum: 7916, Workers: 4
[1573.326s][debug][gc,phases      ] GC(224)   JNI Weak                       Min:  0.0, Avg:  0.0, Max:  0.0, Diff:  0.0, Sum:  0.0, Workers: 4
[1573.326s][debug][gc,phases      ] GC(224)     Dead                           Min: 0, Avg:  0.0, Max: 0, Diff: 0, Sum: 0, Workers: 4
[1573.326s][debug][gc,phases      ] GC(224)     Total                          Min: 0, Avg:  0.0, Max: 0, Diff: 0, Sum: 0, Workers: 4
[1573.326s][debug][gc,phases      ] GC(224)   StringDedup Table Weak         Min:  0.0, Avg:  0.0, Max:  0.0, Diff:  0.0, Sum:  0.0, Workers: 4
[1573.326s][debug][gc,phases      ] GC(224)     Dead                           Min: 0, Avg:  0.0, Max: 0, Diff: 0, Sum: 0, Workers: 4
[1573.326s][debug][gc,phases      ] GC(224)     Total                          Min: 0, Avg:  0.0, Max: 0, Diff: 0, Sum: 0, Workers: 4
[1573.326s][debug][gc,phases      ] GC(224)   StringDedup Requests0 Weak     Min:  0.0, Avg:  0.0, Max:  0.0, Diff:  0.0, Sum:  0.0, Workers: 4
[1573.326s][debug][gc,phases      ] GC(224)     Dead                           Min: 0, Avg:  0.0, Max: 0, Diff: 0, Sum: 0, Workers: 4
[1573.326s][debug][gc,phases      ] GC(224)     Total                          Min: 0, Avg:  0.0, Max: 0, Diff: 0, Sum: 0, Workers: 4
[1573.326s][debug][gc,phases      ] GC(224)   StringDedup Requests1 Weak     Min:  0.0, Avg:  0.0, Max:  0.0, Diff:  0.0, Sum:  0.0, Workers: 4
[1573.326s][debug][gc,phases      ] GC(224)     Dead                           Min: 0, Avg:  0.0, Max: 0, Diff: 0, Sum: 0, Workers: 4
[1573.326s][debug][gc,phases      ] GC(224)     Total                          Min: 0, Avg:  0.0, Max: 0, Diff: 0, Sum: 0, Workers: 4
[1573.326s][debug][gc,phases      ] GC(224)   Weak JFR Old Object Samples    Min:  0.0, Avg:  0.0, Max:  0.0, Diff:  0.0, Sum:  0.0, Workers: 4
[1573.326s][debug][gc,phases      ] GC(224)     Dead                           Min: 0, Avg:  0.0, Max: 0, Diff: 0, Sum: 0, Workers: 4
[1573.326s][debug][gc,phases      ] GC(224)     Total                          Min: 0, Avg:  0.0, Max: 0, Diff: 0, Sum: 0, Workers: 4
[1573.326s][debug][gc,phases      ] GC(224) Weak Processing 0.337ms
[1573.326s][debug][gc,age         ] GC(224) Desired survivor size 32505856 bytes, new threshold 15 (max threshold 15)
[1573.326s][info ][gc,heap        ] GC(224) PSYoungGen: 2039744K(2062848K)->9712K(2065408K) Eden: 2029568K(2029568K)->0K(2032640K) From: 10176K(33280K)->9712K(32768K)
[1573.326s][info ][gc,heap        ] GC(224) ParOldGen: 598686K(632832K)->599126K(632832K)
[1573.326s][info ][gc,metaspace   ] GC(224) Metaspace: 81937K(82752K)->81937K(82752K) NonClass: 70465K(70912K)->70465K(70912K) Class: 11471K(11840K)->11471K(11840K)
[1573.326s][info ][gc             ] GC(224) Pause Young (Allocation Failure) 2576M->594M(2635M) 5.575ms
[1573.326s][info ][gc,cpu         ] GC(224) User=0.02s Sys=0.00s Real=0.01s
[1573.326s][info ][safepoint      ] Safepoint "ParallelGCFailedAllocation", Time since last: 6445648313 ns, Reaching safepoint: 29001 ns, At safepoint: 5682485 ns, Total: 5711486 ns
[1586.719s][info ][gc,start       ] GC(225) Pause Young (Allocation Failure)
[1586.723s][debug][gc,phases      ] GC(225) Scavenge 3.463ms
[1586.723s][debug][gc,ref         ] GC(225) Skipped phase 1 of Reference Processing: no references
[1586.723s][debug][gc,ref         ] GC(225) ReferenceProcessor::execute queues: 1, RefProcThreadModel::Single, marks_oops_alive: false
[1586.723s][debug][gc,ref         ] GC(225) Skipped phase 3 of Reference Processing: no references
[1586.723s][debug][gc,ref         ] GC(225) ReferenceProcessor::execute queues: 1, RefProcThreadModel::Single, marks_oops_alive: false
[1586.723s][debug][gc,phases      ] GC(225) Reference Processing 0.151ms
[1586.723s][debug][gc,phases      ] GC(225)   VM Weak                        Min:  0.0, Avg:  0.0, Max:  0.0, Diff:  0.0, Sum:  0.0, Workers: 4
[1586.723s][debug][gc,phases      ] GC(225)     Dead                           Min: 0, Avg:  0.0, Max: 0, Diff: 0, Sum: 0, Workers: 4
[1586.723s][debug][gc,phases      ] GC(225)     Total                          Min: 0, Avg: 167.5, Max: 512, Diff: 512, Sum: 670, Workers: 4
[1586.723s][debug][gc,phases      ] GC(225)   ObjectSynchronizer Weak        Min:  0.0, Avg:  0.0, Max:  0.0, Diff:  0.0, Sum:  0.0, Workers: 4
[1586.723s][debug][gc,phases      ] GC(225)     Dead                           Min: 0, Avg:  0.0, Max: 0, Diff: 0, Sum: 0, Workers: 4
[1586.723s][debug][gc,phases      ] GC(225)     Total                          Min: 0, Avg: 90.5, Max: 192, Diff: 192, Sum: 362, Workers: 4
[1586.723s][debug][gc,phases      ] GC(225)   JVMTI Tag Weak OopStorage      Min:  0.0, Avg:  0.0, Max:  0.0, Diff:  0.0, Sum:  0.0, Workers: 4
[1586.723s][debug][gc,phases      ] GC(225)     Dead                           Min: 0, Avg:  0.0, Max: 0, Diff: 0, Sum: 0, Workers: 4
[1586.723s][debug][gc,phases      ] GC(225)     Total                          Min: 0, Avg:  0.0, Max: 0, Diff: 0, Sum: 0, Workers: 4
[1586.723s][debug][gc,phases      ] GC(225)   StringTable Weak               Min:  0.1, Avg:  0.1, Max:  0.1, Diff:  0.0, Sum:  0.4, Workers: 4
[1586.723s][debug][gc,phases      ] GC(225)     Dead                           Min: 0, Avg:  0.0, Max: 0, Diff: 0, Sum: 0, Workers: 4
[1586.723s][debug][gc,phases      ] GC(225)     Total                          Min: 11136, Avg: 12030.5, Max: 13632, Diff: 2496, Sum: 48122, Workers: 4
[1586.723s][debug][gc,phases      ] GC(225)   ResolvedMethodTable Weak       Min:  0.0, Avg:  0.0, Max:  0.0, Diff:  0.0, Sum:  0.1, Workers: 4
[1586.723s][debug][gc,phases      ] GC(225)     Dead                           Min: 0, Avg:  0.0, Max: 0, Diff: 0, Sum: 0, Workers: 4
[1586.723s][debug][gc,phases      ] GC(225)     Total                          Min: 1852, Avg: 1979.0, Max: 2148, Diff: 296, Sum: 7916, Workers: 4
[1586.723s][debug][gc,phases      ] GC(225)   JNI Weak                       Min:  0.0, Avg:  0.0, Max:  0.0, Diff:  0.0, Sum:  0.0, Workers: 4
[1586.723s][debug][gc,phases      ] GC(225)     Dead                           Min: 0, Avg:  0.0, Max: 0, Diff: 0, Sum: 0, Workers: 4
[1586.723s][debug][gc,phases      ] GC(225)     Total                          Min: 0, Avg:  0.0, Max: 0, Diff: 0, Sum: 0, Workers: 4
[1586.723s][debug][gc,phases      ] GC(225)   StringDedup Table Weak         Min:  0.0, Avg:  0.0, Max:  0.0, Diff:  0.0, Sum:  0.0, Workers: 4
[1586.723s][debug][gc,phases      ] GC(225)     Dead                           Min: 0, Avg:  0.0, Max: 0, Diff: 0, Sum: 0, Workers: 4
[1586.723s][debug][gc,phases      ] GC(225)     Total                          Min: 0, Avg:  0.0, Max: 0, Diff: 0, Sum: 0, Workers: 4
[1586.723s][debug][gc,phases      ] GC(225)   StringDedup Requests0 Weak     Min:  0.0, Avg:  0.0, Max:  0.0, Diff:  0.0, Sum:  0.0, Workers: 4
[1586.723s][debug][gc,phases      ] GC(225)     Dead                           Min: 0, Avg:  0.0, Max: 0, Diff: 0, Sum: 0, Workers: 4
[1586.723s][debug][gc,phases      ] GC(225)     Total                          Min: 0, Avg:  0.0, Max: 0, Diff: 0, Sum: 0, Workers: 4
[1586.723s][debug][gc,phases      ] GC(225)   StringDedup Requests1 Weak     Min:  0.0, Avg:  0.0, Max:  0.0, Diff:  0.0, Sum:  0.0, Workers: 4
[1586.723s][debug][gc,phases      ] GC(225)     Dead                           Min: 0, Avg:  0.0, Max: 0, Diff: 0, Sum: 0, Workers: 4
[1586.723s][debug][gc,phases      ] GC(225)     Total                          Min: 0, Avg:  0.0, Max: 0, Diff: 0, Sum: 0, Workers: 4
[1586.723s][debug][gc,phases      ] GC(225)   Weak JFR Old Object Samples    Min:  0.0, Avg:  0.0, Max:  0.0, Diff:  0.0, Sum:  0.0, Workers: 4
[1586.723s][debug][gc,phases      ] GC(225)     Dead                           Min: 0, Avg:  0.0, Max: 0, Diff: 0, Sum: 0, Workers: 4
[1586.723s][debug][gc,phases      ] GC(225)     Total                          Min: 0, Avg:  0.0, Max: 0, Diff: 0, Sum: 0, Workers: 4
[1586.723s][debug][gc,phases      ] GC(225) Weak Processing 0.346ms
[1586.723s][debug][gc,age         ] GC(225) Desired survivor size 31981568 bytes, new threshold 15 (max threshold 15)
[1586.723s][info ][gc,heap        ] GC(225) PSYoungGen: 2042352K(2065408K)->9680K(2064384K) Eden: 2032640K(2032640K)->0K(2032640K) From: 9712K(32768K)->9680K(31744K)
[1586.723s][info ][gc,heap        ] GC(225) ParOldGen: 599126K(632832K)->599182K(632832K)
[1586.723s][info ][gc,metaspace   ] GC(225) Metaspace: 81937K(82752K)->81937K(82752K) NonClass: 70466K(70912K)->70466K(70912K) Class: 11471K(11840K)->11471K(11840K)
[1586.723s][info ][gc             ] GC(225) Pause Young (Allocation Failure) 2579M->594M(2634M) 4.096ms
[1586.723s][info ][gc,cpu         ] GC(225) User=0.01s Sys=0.00s Real=0.01s
[1586.723s][info ][safepoint      ] Safepoint "ParallelGCFailedAllocation", Time since last: 13393376131 ns, Reaching safepoint: 44301 ns, At safepoint: 4200163 ns, Total: 4244464 ns
[1593.724s][info ][safepoint      ] Safepoint "Cleanup", Time since last: 7000522608 ns, Reaching safepoint: 92601 ns, At safepoint: 7700 ns, Total: 100301 ns
[1600.243s][info ][gc,start       ] GC(226) Pause Young (Allocation Failure)
[1600.246s][debug][gc,phases      ] GC(226) Scavenge 3.058ms
[1600.246s][debug][gc,ref         ] GC(226) Skipped phase 1 of Reference Processing: no references
[1600.246s][debug][gc,ref         ] GC(226) ReferenceProcessor::execute queues: 1, RefProcThreadModel::Single, marks_oops_alive: false
[1600.246s][debug][gc,ref         ] GC(226) Skipped phase 3 of Reference Processing: no references
[1600.246s][debug][gc,ref         ] GC(226) ReferenceProcessor::execute queues: 1, RefProcThreadModel::Single, marks_oops_alive: false
[1600.246s][debug][gc,phases      ] GC(226) Reference Processing 0.231ms
[1600.246s][debug][gc,phases      ] GC(226)   VM Weak                        Min:  0.0, Avg:  0.0, Max:  0.0, Diff:  0.0, Sum:  0.0, Workers: 4
[1600.246s][debug][gc,phases      ] GC(226)     Dead                           Min: 0, Avg:  0.0, Max: 0, Diff: 0, Sum: 0, Workers: 4
[1600.246s][debug][gc,phases      ] GC(226)     Total                          Min: 0, Avg: 167.5, Max: 576, Diff: 576, Sum: 670, Workers: 4
[1600.246s][debug][gc,phases      ] GC(226)   ObjectSynchronizer Weak        Min:  0.0, Avg:  0.0, Max:  0.0, Diff:  0.0, Sum:  0.0, Workers: 4
[1600.247s][debug][gc,phases      ] GC(226)     Dead                           Min: 0, Avg:  0.0, Max: 0, Diff: 0, Sum: 0, Workers: 4
[1600.247s][debug][gc,phases      ] GC(226)     Total                          Min: 0, Avg: 90.5, Max: 170, Diff: 170, Sum: 362, Workers: 4
[1600.247s][debug][gc,phases      ] GC(226)   JVMTI Tag Weak OopStorage      Min:  0.0, Avg:  0.0, Max:  0.0, Diff:  0.0, Sum:  0.0, Workers: 4
[1600.247s][debug][gc,phases      ] GC(226)     Dead                           Min: 0, Avg:  0.0, Max: 0, Diff: 0, Sum: 0, Workers: 4
[1600.247s][debug][gc,phases      ] GC(226)     Total                          Min: 0, Avg:  0.0, Max: 0, Diff: 0, Sum: 0, Workers: 4
[1600.247s][debug][gc,phases      ] GC(226)   StringTable Weak               Min:  0.1, Avg:  0.1, Max:  0.1, Diff:  0.0, Sum:  0.4, Workers: 4
[1600.247s][debug][gc,phases      ] GC(226)     Dead                           Min: 0, Avg:  0.0, Max: 0, Diff: 0, Sum: 0, Workers: 4
[1600.247s][debug][gc,phases      ] GC(226)     Total                          Min: 11456, Avg: 12030.5, Max: 12864, Diff: 1408, Sum: 48122, Workers: 4
[1600.247s][debug][gc,phases      ] GC(226)   ResolvedMethodTable Weak       Min:  0.0, Avg:  0.0, Max:  0.0, Diff:  0.0, Sum:  0.1, Workers: 4
[1600.247s][debug][gc,phases      ] GC(226)     Dead                           Min: 0, Avg:  0.0, Max: 0, Diff: 0, Sum: 0, Workers: 4
[1600.247s][debug][gc,phases      ] GC(226)     Total                          Min: 1818, Avg: 1979.0, Max: 2190, Diff: 372, Sum: 7916, Workers: 4
[1600.247s][debug][gc,phases      ] GC(226)   JNI Weak                       Min:  0.0, Avg:  0.0, Max:  0.0, Diff:  0.0, Sum:  0.0, Workers: 4
[1600.247s][debug][gc,phases      ] GC(226)     Dead                           Min: 0, Avg:  0.0, Max: 0, Diff: 0, Sum: 0, Workers: 4
[1600.247s][debug][gc,phases      ] GC(226)     Total                          Min: 0, Avg:  0.0, Max: 0, Diff: 0, Sum: 0, Workers: 4
[1600.247s][debug][gc,phases      ] GC(226)   StringDedup Table Weak         Min:  0.0, Avg:  0.0, Max:  0.0, Diff:  0.0, Sum:  0.0, Workers: 4
[1600.247s][debug][gc,phases      ] GC(226)     Dead                           Min: 0, Avg:  0.0, Max: 0, Diff: 0, Sum: 0, Workers: 4
[1600.247s][debug][gc,phases      ] GC(226)     Total                          Min: 0, Avg:  0.0, Max: 0, Diff: 0, Sum: 0, Workers: 4
[1600.247s][debug][gc,phases      ] GC(226)   StringDedup Requests0 Weak     Min:  0.0, Avg:  0.0, Max:  0.0, Diff:  0.0, Sum:  0.0, Workers: 4
[1600.247s][debug][gc,phases      ] GC(226)     Dead                           Min: 0, Avg:  0.0, Max: 0, Diff: 0, Sum: 0, Workers: 4
[1600.247s][debug][gc,phases      ] GC(226)     Total                          Min: 0, Avg:  0.0, Max: 0, Diff: 0, Sum: 0, Workers: 4
[1600.247s][debug][gc,phases      ] GC(226)   StringDedup Requests1 Weak     Min:  0.0, Avg:  0.0, Max:  0.0, Diff:  0.0, Sum:  0.0, Workers: 4
[1600.247s][debug][gc,phases      ] GC(226)     Dead                           Min: 0, Avg:  0.0, Max: 0, Diff: 0, Sum: 0, Workers: 4
[1600.247s][debug][gc,phases      ] GC(226)     Total                          Min: 0, Avg:  0.0, Max: 0, Diff: 0, Sum: 0, Workers: 4
[1600.247s][debug][gc,phases      ] GC(226)   Weak JFR Old Object Samples    Min:  0.0, Avg:  0.0, Max:  0.0, Diff:  0.0, Sum:  0.0, Workers: 4
[1600.247s][debug][gc,phases      ] GC(226)     Dead                           Min: 0, Avg:  0.0, Max: 0, Diff: 0, Sum: 0, Workers: 4
[1600.247s][debug][gc,phases      ] GC(226)     Total                          Min: 0, Avg:  0.0, Max: 0, Diff: 0, Sum: 0, Workers: 4
[1600.247s][debug][gc,phases      ] GC(226) Weak Processing 0.331ms
[1600.247s][debug][gc,age         ] GC(226) Desired survivor size 30932992 bytes, new threshold 15 (max threshold 15)
[1600.247s][info ][gc,heap        ] GC(226) PSYoungGen: 2042320K(2064384K)->9616K(2066944K) Eden: 2032640K(2032640K)->0K(2035712K) From: 9680K(31744K)->9616K(31232K)
[1600.247s][info ][gc,heap        ] GC(226) ParOldGen: 599182K(632832K)->599286K(632832K)
[1600.247s][info ][gc,metaspace   ] GC(226) Metaspace: 81939K(82752K)->81939K(82752K) NonClass: 70467K(70912K)->70467K(70912K) Class: 11471K(11840K)->11471K(11840K)
[1600.247s][info ][gc             ] GC(226) Pause Young (Allocation Failure) 2579M->594M(2636M) 3.758ms
[1600.247s][info ][gc,cpu         ] GC(226) User=0.02s Sys=0.00s Real=0.01s
[1600.247s][info ][safepoint      ] Safepoint "ParallelGCFailedAllocation", Time since last: 6518898094 ns, Reaching safepoint: 41001 ns, At safepoint: 3848357 ns, Total: 3889358 ns
[1603.247s][info ][safepoint      ] Safepoint "Cleanup", Time since last: 3000198814 ns, Reaching safepoint: 118102 ns, At safepoint: 8800 ns, Total: 126902 ns
[1612.248s][info ][safepoint      ] Safepoint "Cleanup", Time since last: 9000578738 ns, Reaching safepoint: 51401 ns, At safepoint: 8500 ns, Total: 59901 ns
[1613.248s][info ][safepoint      ] Safepoint "Cleanup", Time since last: 1000109671 ns, Reaching safepoint: 47200 ns, At safepoint: 3300 ns, Total: 50500 ns
[1613.631s][info ][gc,start       ] GC(227) Pause Young (Allocation Failure)
[1613.635s][debug][gc,phases      ] GC(227) Scavenge 3.864ms
[1613.635s][debug][gc,ref         ] GC(227) Skipped phase 1 of Reference Processing: no references
[1613.635s][debug][gc,ref         ] GC(227) ReferenceProcessor::execute queues: 1, RefProcThreadModel::Single, marks_oops_alive: false
[1613.635s][debug][gc,ref         ] GC(227) Skipped phase 3 of Reference Processing: no references
[1613.635s][debug][gc,ref         ] GC(227) ReferenceProcessor::execute queues: 1, RefProcThreadModel::Single, marks_oops_alive: false
[1613.635s][debug][gc,phases      ] GC(227) Reference Processing 0.134ms
[1613.635s][debug][gc,phases      ] GC(227)   VM Weak                        Min:  0.0, Avg:  0.0, Max:  0.0, Diff:  0.0, Sum:  0.0, Workers: 4
[1613.635s][debug][gc,phases      ] GC(227)     Dead                           Min: 0, Avg:  0.0, Max: 0, Diff: 0, Sum: 0, Workers: 4
[1613.635s][debug][gc,phases      ] GC(227)     Total                          Min: 0, Avg: 167.5, Max: 670, Diff: 670, Sum: 670, Workers: 4
[1613.635s][debug][gc,phases      ] GC(227)   ObjectSynchronizer Weak        Min:  0.0, Avg:  0.0, Max:  0.0, Diff:  0.0, Sum:  0.0, Workers: 4
[1613.635s][debug][gc,phases      ] GC(227)     Dead                           Min: 0, Avg:  0.0, Max: 0, Diff: 0, Sum: 0, Workers: 4
[1613.635s][debug][gc,phases      ] GC(227)     Total                          Min: 0, Avg: 90.5, Max: 234, Diff: 234, Sum: 362, Workers: 4
[1613.635s][debug][gc,phases      ] GC(227)   JVMTI Tag Weak OopStorage      Min:  0.0, Avg:  0.0, Max:  0.0, Diff:  0.0, Sum:  0.0, Workers: 4
[1613.635s][debug][gc,phases      ] GC(227)     Dead                           Min: 0, Avg:  0.0, Max: 0, Diff: 0, Sum: 0, Workers: 4
[1613.635s][debug][gc,phases      ] GC(227)     Total                          Min: 0, Avg:  0.0, Max: 0, Diff: 0, Sum: 0, Workers: 4
[1613.636s][debug][gc,phases      ] GC(227)   StringTable Weak               Min:  0.1, Avg:  0.1, Max:  0.1, Diff:  0.0, Sum:  0.4, Workers: 4
[1613.636s][debug][gc,phases      ] GC(227)     Dead                           Min: 0, Avg:  0.0, Max: 0, Diff: 0, Sum: 0, Workers: 4
[1613.636s][debug][gc,phases      ] GC(227)     Total                          Min: 9856, Avg: 12030.5, Max: 12922, Diff: 3066, Sum: 48122, Workers: 4
[1613.636s][debug][gc,phases      ] GC(227)   ResolvedMethodTable Weak       Min:  0.0, Avg:  0.0, Max:  0.0, Diff:  0.0, Sum:  0.1, Workers: 4
[1613.636s][debug][gc,phases      ] GC(227)     Dead                           Min: 0, Avg:  0.0, Max: 0, Diff: 0, Sum: 0, Workers: 4
[1613.636s][debug][gc,phases      ] GC(227)     Total                          Min: 1757, Avg: 1979.0, Max: 2149, Diff: 392, Sum: 7916, Workers: 4
[1613.636s][debug][gc,phases      ] GC(227)   JNI Weak                       Min:  0.0, Avg:  0.0, Max:  0.0, Diff:  0.0, Sum:  0.0, Workers: 4
[1613.636s][debug][gc,phases      ] GC(227)     Dead                           Min: 0, Avg:  0.0, Max: 0, Diff: 0, Sum: 0, Workers: 4
[1613.636s][debug][gc,phases      ] GC(227)     Total                          Min: 0, Avg:  0.0, Max: 0, Diff: 0, Sum: 0, Workers: 4
[1613.636s][debug][gc,phases      ] GC(227)   StringDedup Table Weak         Min:  0.0, Avg:  0.0, Max:  0.0, Diff:  0.0, Sum:  0.0, Workers: 4
[1613.636s][debug][gc,phases      ] GC(227)     Dead                           Min: 0, Avg:  0.0, Max: 0, Diff: 0, Sum: 0, Workers: 4
[1613.636s][debug][gc,phases      ] GC(227)     Total                          Min: 0, Avg:  0.0, Max: 0, Diff: 0, Sum: 0, Workers: 4
[1613.636s][debug][gc,phases      ] GC(227)   StringDedup Requests0 Weak     Min:  0.0, Avg:  0.0, Max:  0.0, Diff:  0.0, Sum:  0.0, Workers: 4
[1613.636s][debug][gc,phases      ] GC(227)     Dead                           Min: 0, Avg:  0.0, Max: 0, Diff: 0, Sum: 0, Workers: 4
[1613.636s][debug][gc,phases      ] GC(227)     Total                          Min: 0, Avg:  0.0, Max: 0, Diff: 0, Sum: 0, Workers: 4
[1613.636s][debug][gc,phases      ] GC(227)   StringDedup Requests1 Weak     Min:  0.0, Avg:  0.0, Max:  0.0, Diff:  0.0, Sum:  0.0, Workers: 4
[1613.636s][debug][gc,phases      ] GC(227)     Dead                           Min: 0, Avg:  0.0, Max: 0, Diff: 0, Sum: 0, Workers: 4
[1613.636s][debug][gc,phases      ] GC(227)     Total                          Min: 0, Avg:  0.0, Max: 0, Diff: 0, Sum: 0, Workers: 4
[1613.636s][debug][gc,phases      ] GC(227)   Weak JFR Old Object Samples    Min:  0.0, Avg:  0.0, Max:  0.0, Diff:  0.0, Sum:  0.0, Workers: 4
[1613.636s][debug][gc,phases      ] GC(227)     Dead                           Min: 0, Avg:  0.0, Max: 0, Diff: 0, Sum: 0, Workers: 4
[1613.636s][debug][gc,phases      ] GC(227)     Total                          Min: 0, Avg:  0.0, Max: 0, Diff: 0, Sum: 0, Workers: 4
[1613.636s][debug][gc,phases      ] GC(227) Weak Processing 0.306ms
[1613.636s][debug][gc,age         ] GC(227) Desired survivor size 31457280 bytes, new threshold 15 (max threshold 15)
[1613.636s][info ][gc,heap        ] GC(227) PSYoungGen: 2045328K(2066944K)->2465K(2065920K) Eden: 2035712K(2035712K)->0K(2035712K) From: 9616K(31232K)->2465K(30208K)
[1613.636s][info ][gc,heap        ] GC(227) ParOldGen: 599286K(632832K)->607961K(632832K)
[1613.636s][info ][gc,metaspace   ] GC(227) Metaspace: 81944K(82752K)->81944K(82752K) NonClass: 70473K(70912K)->70473K(70912K) Class: 11471K(11840K)->11471K(11840K)
[1613.636s][info ][gc             ] GC(227) Pause Young (Allocation Failure) 2582M->596M(2635M) 4.450ms
[1613.636s][info ][gc,cpu         ] GC(227) User=0.01s Sys=0.00s Real=0.00s
[1613.636s][info ][safepoint      ] Safepoint "ParallelGCFailedAllocation", Time since last: 383178236 ns, Reaching safepoint: 100102 ns, At safepoint: 4549968 ns, Total: 4650070 ns
[1622.637s][info ][safepoint      ] Safepoint "Cleanup", Time since last: 9000570329 ns, Reaching safepoint: 243404 ns, At safepoint: 18400 ns, Total: 261804 ns
[1623.018s][info ][gc,start       ] GC(228) Pause Young (Allocation Failure)
[1623.024s][debug][gc,phases      ] GC(228) Scavenge 6.220ms
[1623.024s][debug][gc,ref         ] GC(228) Skipped phase 1 of Reference Processing: no references
[1623.024s][debug][gc,ref         ] GC(228) ReferenceProcessor::execute queues: 1, RefProcThreadModel::Single, marks_oops_alive: false
[1623.024s][debug][gc,ref         ] GC(228) Skipped phase 3 of Reference Processing: no references
[1623.024s][debug][gc,ref         ] GC(228) ReferenceProcessor::execute queues: 1, RefProcThreadModel::Single, marks_oops_alive: false
[1623.024s][debug][gc,phases      ] GC(228) Reference Processing 0.147ms
[1623.024s][debug][gc,phases      ] GC(228)   VM Weak                        Min:  0.0, Avg:  0.0, Max:  0.0, Diff:  0.0, Sum:  0.0, Workers: 4
[1623.024s][debug][gc,phases      ] GC(228)     Dead                           Min: 0, Avg:  0.0, Max: 0, Diff: 0, Sum: 0, Workers: 4
[1623.024s][debug][gc,phases      ] GC(228)     Total                          Min: 0, Avg: 167.5, Max: 478, Diff: 478, Sum: 670, Workers: 4
[1623.024s][debug][gc,phases      ] GC(228)   ObjectSynchronizer Weak        Min:  0.0, Avg:  0.0, Max:  0.0, Diff:  0.0, Sum:  0.0, Workers: 4
[1623.024s][debug][gc,phases      ] GC(228)     Dead                           Min: 0, Avg:  0.2, Max: 1, Diff: 1, Sum: 1, Workers: 4
[1623.024s][debug][gc,phases      ] GC(228)     Total                          Min: 0, Avg: 90.8, Max: 192, Diff: 192, Sum: 363, Workers: 4
[1623.024s][debug][gc,phases      ] GC(228)   JVMTI Tag Weak OopStorage      Min:  0.0, Avg:  0.0, Max:  0.0, Diff:  0.0, Sum:  0.0, Workers: 4
[1623.024s][debug][gc,phases      ] GC(228)     Dead                           Min: 0, Avg:  0.0, Max: 0, Diff: 0, Sum: 0, Workers: 4
[1623.024s][debug][gc,phases      ] GC(228)     Total                          Min: 0, Avg:  0.0, Max: 0, Diff: 0, Sum: 0, Workers: 4
[1623.024s][debug][gc,phases      ] GC(228)   StringTable Weak               Min:  0.1, Avg:  0.1, Max:  0.1, Diff:  0.0, Sum:  0.4, Workers: 4
[1623.024s][debug][gc,phases      ] GC(228)     Dead                           Min: 0, Avg:  0.0, Max: 0, Diff: 0, Sum: 0, Workers: 4
[1623.024s][debug][gc,phases      ] GC(228)     Total                          Min: 10669, Avg: 12043.2, Max: 12928, Diff: 2259, Sum: 48173, Workers: 4
[1623.024s][debug][gc,phases      ] GC(228)   ResolvedMethodTable Weak       Min:  0.0, Avg:  0.0, Max:  0.0, Diff:  0.0, Sum:  0.1, Workers: 4
[1623.024s][debug][gc,phases      ] GC(228)     Dead                           Min: 0, Avg:  0.0, Max: 0, Diff: 0, Sum: 0, Workers: 4
[1623.024s][debug][gc,phases      ] GC(228)     Total                          Min: 1546, Avg: 1979.5, Max: 2400, Diff: 854, Sum: 7918, Workers: 4
[1623.024s][debug][gc,phases      ] GC(228)   JNI Weak                       Min:  0.0, Avg:  0.0, Max:  0.0, Diff:  0.0, Sum:  0.0, Workers: 4
[1623.024s][debug][gc,phases      ] GC(228)     Dead                           Min: 0, Avg:  0.0, Max: 0, Diff: 0, Sum: 0, Workers: 4
[1623.024s][debug][gc,phases      ] GC(228)     Total                          Min: 0, Avg:  0.0, Max: 0, Diff: 0, Sum: 0, Workers: 4
[1623.024s][debug][gc,phases      ] GC(228)   StringDedup Table Weak         Min:  0.0, Avg:  0.0, Max:  0.0, Diff:  0.0, Sum:  0.0, Workers: 4
[1623.024s][debug][gc,phases      ] GC(228)     Dead                           Min: 0, Avg:  0.0, Max: 0, Diff: 0, Sum: 0, Workers: 4
[1623.024s][debug][gc,phases      ] GC(228)     Total                          Min: 0, Avg:  0.0, Max: 0, Diff: 0, Sum: 0, Workers: 4
[1623.024s][debug][gc,phases      ] GC(228)   StringDedup Requests0 Weak     Min:  0.0, Avg:  0.0, Max:  0.0, Diff:  0.0, Sum:  0.0, Workers: 4
[1623.025s][debug][gc,phases      ] GC(228)     Dead                           Min: 0, Avg:  0.0, Max: 0, Diff: 0, Sum: 0, Workers: 4
[1623.025s][debug][gc,phases      ] GC(228)     Total                          Min: 0, Avg:  0.0, Max: 0, Diff: 0, Sum: 0, Workers: 4
[1623.025s][debug][gc,phases      ] GC(228)   StringDedup Requests1 Weak     Min:  0.0, Avg:  0.0, Max:  0.0, Diff:  0.0, Sum:  0.0, Workers: 4
[1623.025s][debug][gc,phases      ] GC(228)     Dead                           Min: 0, Avg:  0.0, Max: 0, Diff: 0, Sum: 0, Workers: 4
[1623.025s][debug][gc,phases      ] GC(228)     Total                          Min: 0, Avg:  0.0, Max: 0, Diff: 0, Sum: 0, Workers: 4
[1623.025s][debug][gc,phases      ] GC(228)   Weak JFR Old Object Samples    Min:  0.0, Avg:  0.0, Max:  0.0, Diff:  0.0, Sum:  0.0, Workers: 4
[1623.025s][debug][gc,phases      ] GC(228)     Dead                           Min: 0, Avg:  0.0, Max: 0, Diff: 0, Sum: 0, Workers: 4
[1623.025s][debug][gc,phases      ] GC(228)     Total                          Min: 0, Avg:  0.0, Max: 0, Diff: 0, Sum: 0, Workers: 4
[1623.025s][debug][gc,phases      ] GC(228) Weak Processing 0.374ms
[1623.025s][debug][gc,age         ] GC(228) Desired survivor size 33030144 bytes, new threshold 15 (max threshold 15)
[1623.025s][info ][gc,heap        ] GC(228) PSYoungGen: 2037919K(2065920K)->21475K(2063360K) Eden: 2035454K(2035712K)->0K(2032640K) From: 2465K(30208K)->21475K(30720K)
[1623.025s][info ][gc,heap        ] GC(228) ParOldGen: 607961K(632832K)->608033K(632832K)
[1623.025s][info ][gc,metaspace   ] GC(228) Metaspace: 82008K(82816K)->82008K(82816K) NonClass: 70535K(70976K)->70535K(70976K) Class: 11472K(11840K)->11472K(11840K)
[1623.025s][info ][gc             ] GC(228) Pause Young (Allocation Failure) 2583M->614M(2633M) 6.894ms
[1623.025s][info ][gc,cpu         ] GC(228) User=0.02s Sys=0.01s Real=0.01s
[1623.025s][info ][safepoint      ] Safepoint "ParallelGCFailedAllocation", Time since last: 380996603 ns, Reaching safepoint: 155002 ns, At safepoint: 6992505 ns, Total: 7147507 ns
[1624.025s][info ][safepoint      ] Safepoint "Cleanup", Time since last: 1000092670 ns, Reaching safepoint: 142202 ns, At safepoint: 12800 ns, Total: 155002 ns
[1624.876s][info ][gc,start       ] GC(229) Pause Young (Allocation Failure)
[1624.883s][debug][gc,phases      ] GC(229) Scavenge 7.438ms
[1624.883s][debug][gc,ref         ] GC(229) Skipped phase 1 of Reference Processing: no references
[1624.883s][debug][gc,ref         ] GC(229) ReferenceProcessor::execute queues: 1, RefProcThreadModel::Single, marks_oops_alive: false
[1624.883s][debug][gc,ref         ] GC(229) Skipped phase 3 of Reference Processing: no references
[1624.883s][debug][gc,ref         ] GC(229) ReferenceProcessor::execute queues: 1, RefProcThreadModel::Single, marks_oops_alive: false
[1624.883s][debug][gc,phases      ] GC(229) Reference Processing 0.120ms
[1624.884s][debug][gc,phases      ] GC(229)   VM Weak                        Min:  0.0, Avg:  0.0, Max:  0.0, Diff:  0.0, Sum:  0.0, Workers: 4
[1624.884s][debug][gc,phases      ] GC(229)     Dead                           Min: 0, Avg:  0.0, Max: 0, Diff: 0, Sum: 0, Workers: 4
[1624.884s][debug][gc,phases      ] GC(229)     Total                          Min: 0, Avg: 167.5, Max: 414, Diff: 414, Sum: 670, Workers: 4
[1624.884s][debug][gc,phases      ] GC(229)   ObjectSynchronizer Weak        Min:  0.0, Avg:  0.0, Max:  0.0, Diff:  0.0, Sum:  0.0, Workers: 4
[1624.884s][debug][gc,phases      ] GC(229)     Dead                           Min: 0, Avg:  0.0, Max: 0, Diff: 0, Sum: 0, Workers: 4
[1624.884s][debug][gc,phases      ] GC(229)     Total                          Min: 0, Avg: 90.8, Max: 192, Diff: 192, Sum: 363, Workers: 4
[1624.884s][debug][gc,phases      ] GC(229)   JVMTI Tag Weak OopStorage      Min:  0.0, Avg:  0.0, Max:  0.0, Diff:  0.0, Sum:  0.0, Workers: 4
[1624.884s][debug][gc,phases      ] GC(229)     Dead                           Min: 0, Avg:  0.0, Max: 0, Diff: 0, Sum: 0, Workers: 4
[1624.884s][debug][gc,phases      ] GC(229)     Total                          Min: 0, Avg:  0.0, Max: 0, Diff: 0, Sum: 0, Workers: 4
[1624.884s][debug][gc,phases      ] GC(229)   StringTable Weak               Min:  0.1, Avg:  0.1, Max:  0.1, Diff:  0.0, Sum:  0.5, Workers: 4
[1624.884s][debug][gc,phases      ] GC(229)     Dead                           Min: 0, Avg:  0.0, Max: 0, Diff: 0, Sum: 0, Workers: 4
[1624.884s][debug][gc,phases      ] GC(229)     Total                          Min: 9408, Avg: 12043.2, Max: 13888, Diff: 4480, Sum: 48173, Workers: 4
[1624.884s][debug][gc,phases      ] GC(229)   ResolvedMethodTable Weak       Min:  0.0, Avg:  0.0, Max:  0.0, Diff:  0.0, Sum:  0.1, Workers: 4
[1624.884s][debug][gc,phases      ] GC(229)     Dead                           Min: 0, Avg:  0.0, Max: 0, Diff: 0, Sum: 0, Workers: 4
[1624.884s][debug][gc,phases      ] GC(229)     Total                          Min: 1590, Avg: 1979.5, Max: 2443, Diff: 853, Sum: 7918, Workers: 4
[1624.884s][debug][gc,phases      ] GC(229)   JNI Weak                       Min:  0.0, Avg:  0.0, Max:  0.0, Diff:  0.0, Sum:  0.0, Workers: 4
[1624.884s][debug][gc,phases      ] GC(229)     Dead                           Min: 0, Avg:  0.0, Max: 0, Diff: 0, Sum: 0, Workers: 4
[1624.884s][debug][gc,phases      ] GC(229)     Total                          Min: 0, Avg:  0.0, Max: 0, Diff: 0, Sum: 0, Workers: 4
[1624.884s][debug][gc,phases      ] GC(229)   StringDedup Table Weak         Min:  0.0, Avg:  0.0, Max:  0.0, Diff:  0.0, Sum:  0.0, Workers: 4
[1624.884s][debug][gc,phases      ] GC(229)     Dead                           Min: 0, Avg:  0.0, Max: 0, Diff: 0, Sum: 0, Workers: 4
[1624.884s][debug][gc,phases      ] GC(229)     Total                          Min: 0, Avg:  0.0, Max: 0, Diff: 0, Sum: 0, Workers: 4
[1624.884s][debug][gc,phases      ] GC(229)   StringDedup Requests0 Weak     Min:  0.0, Avg:  0.0, Max:  0.0, Diff:  0.0, Sum:  0.0, Workers: 4
[1624.884s][debug][gc,phases      ] GC(229)     Dead                           Min: 0, Avg:  0.0, Max: 0, Diff: 0, Sum: 0, Workers: 4
[1624.884s][debug][gc,phases      ] GC(229)     Total                          Min: 0, Avg:  0.0, Max: 0, Diff: 0, Sum: 0, Workers: 4
[1624.884s][debug][gc,phases      ] GC(229)   StringDedup Requests1 Weak     Min:  0.0, Avg:  0.0, Max:  0.0, Diff:  0.0, Sum:  0.0, Workers: 4
[1624.884s][debug][gc,phases      ] GC(229)     Dead                           Min: 0, Avg:  0.0, Max: 0, Diff: 0, Sum: 0, Workers: 4
[1624.884s][debug][gc,phases      ] GC(229)     Total                          Min: 0, Avg:  0.0, Max: 0, Diff: 0, Sum: 0, Workers: 4
[1624.884s][debug][gc,phases      ] GC(229)   Weak JFR Old Object Samples    Min:  0.0, Avg:  0.0, Max:  0.0, Diff:  0.0, Sum:  0.0, Workers: 4
[1624.884s][debug][gc,phases      ] GC(229)     Dead                           Min: 0, Avg:  0.0, Max: 0, Diff: 0, Sum: 0, Workers: 4
[1624.884s][debug][gc,phases      ] GC(229)     Total                          Min: 0, Avg:  0.0, Max: 0, Diff: 0, Sum: 0, Workers: 4
[1624.884s][debug][gc,phases      ] GC(229) Weak Processing 0.342ms
[1624.884s][debug][gc,age         ] GC(229) Desired survivor size 37748736 bytes, new threshold 15 (max threshold 15)
[1624.884s][info ][gc,heap        ] GC(229) PSYoungGen: 2054115K(2063360K)->31557K(2064384K) Eden: 2032640K(2032640K)->0K(2032640K) From: 21475K(30720K)->31557K(31744K)
[1624.884s][info ][gc,heap        ] GC(229) ParOldGen: 608033K(632832K)->608057K(632832K)
[1624.884s][info ][gc,metaspace   ] GC(229) Metaspace: 82013K(82816K)->82013K(82816K) NonClass: 70540K(70976K)->70540K(70976K) Class: 11472K(11840K)->11472K(11840K)
[1624.884s][info ][gc             ] GC(229) Pause Young (Allocation Failure) 2599M->624M(2634M) 8.025ms
[1624.884s][info ][gc,cpu         ] GC(229) User=0.02s Sys=0.01s Real=0.01s
[1624.884s][info ][safepoint      ] Safepoint "ParallelGCFailedAllocation", Time since last: 850806435 ns, Reaching safepoint: 127002 ns, At safepoint: 8107922 ns, Total: 8234924 ns
[1625.884s][info ][safepoint      ] Safepoint "Cleanup", Time since last: 1000085169 ns, Reaching safepoint: 54901 ns, At safepoint: 11800 ns, Total: 66701 ns
[1626.884s][info ][safepoint      ] Safepoint "Cleanup", Time since last: 1000117270 ns, Reaching safepoint: 220303 ns, At safepoint: 16801 ns, Total: 237104 ns
[1627.885s][info ][safepoint      ] Safepoint "Cleanup", Time since last: 1000118470 ns, Reaching safepoint: 49100 ns, At safepoint: 10701 ns, Total: 59801 ns
[1628.885s][info ][safepoint      ] Safepoint "Cleanup", Time since last: 1000108769 ns, Reaching safepoint: 50201 ns, At safepoint: 12100 ns, Total: 62301 ns
[1629.885s][info ][safepoint      ] Safepoint "Cleanup", Time since last: 1000112470 ns, Reaching safepoint: 45101 ns, At safepoint: 7300 ns, Total: 52401 ns
[1631.360s][info ][safepoint      ] Safepoint "Cleanup", Time since last: 1475067178 ns, Reaching safepoint: 75501 ns, At safepoint: 9400 ns, Total: 84901 ns
[1632.360s][info ][safepoint      ] Safepoint "Cleanup", Time since last: 1000115070 ns, Reaching safepoint: 83501 ns, At safepoint: 8200 ns, Total: 91701 ns
[1633.360s][info ][safepoint      ] Safepoint "Cleanup", Time since last: 1000095369 ns, Reaching safepoint: 52201 ns, At safepoint: 17400 ns, Total: 69601 ns
[1634.361s][info ][safepoint      ] Safepoint "Cleanup", Time since last: 1000109870 ns, Reaching safepoint: 66701 ns, At safepoint: 6200 ns, Total: 72901 ns
[1635.361s][info ][safepoint      ] Safepoint "Cleanup", Time since last: 1000114669 ns, Reaching safepoint: 49901 ns, At safepoint: 8200 ns, Total: 58101 ns
[1636.361s][info ][safepoint      ] Safepoint "Cleanup", Time since last: 1000106769 ns, Reaching safepoint: 49501 ns, At safepoint: 3100 ns, Total: 52601 ns
[1637.361s][info ][safepoint      ] Safepoint "Cleanup", Time since last: 1000116469 ns, Reaching safepoint: 47400 ns, At safepoint: 4401 ns, Total: 51801 ns
[1638.361s][info ][safepoint      ] Safepoint "Cleanup", Time since last: 1000124869 ns, Reaching safepoint: 53300 ns, At safepoint: 8401 ns, Total: 61701 ns
[1639.362s][info ][safepoint      ] Safepoint "Cleanup", Time since last: 1000109268 ns, Reaching safepoint: 60201 ns, At safepoint: 6200 ns, Total: 66401 ns
[1642.362s][info ][safepoint      ] Safepoint "Cleanup", Time since last: 3000248805 ns, Reaching safepoint: 47701 ns, At safepoint: 9700 ns, Total: 57401 ns
[1643.362s][info ][safepoint      ] Safepoint "Cleanup", Time since last: 1000111268 ns, Reaching safepoint: 65501 ns, At safepoint: 11901 ns, Total: 77402 ns
[1644.362s][info ][safepoint      ] Safepoint "Cleanup", Time since last: 1000111468 ns, Reaching safepoint: 55001 ns, At safepoint: 8100 ns, Total: 63101 ns
[1647.363s][info ][safepoint      ] Safepoint "Cleanup", Time since last: 3000247703 ns, Reaching safepoint: 60701 ns, At safepoint: 8900 ns, Total: 69601 ns
[1649.363s][info ][safepoint      ] Safepoint "Cleanup", Time since last: 2000172636 ns, Reaching safepoint: 60101 ns, At safepoint: 9100 ns, Total: 69201 ns
[1650.363s][info ][safepoint      ] Safepoint "Cleanup", Time since last: 1000129568 ns, Reaching safepoint: 65301 ns, At safepoint: 7300 ns, Total: 72601 ns
[1657.364s][info ][safepoint      ] Safepoint "Cleanup", Time since last: 7000530169 ns, Reaching safepoint: 68301 ns, At safepoint: 8700 ns, Total: 77001 ns
[1669.364s][info ][safepoint      ] Safepoint "Cleanup", Time since last: 12000813394 ns, Reaching safepoint: 63201 ns, At safepoint: 7700 ns, Total: 70901 ns
[1673.365s][info ][safepoint      ] Safepoint "Cleanup", Time since last: 4000324563 ns, Reaching safepoint: 52901 ns, At safepoint: 4900 ns, Total: 57801 ns
[1678.365s][info ][safepoint      ] Safepoint "Cleanup", Time since last: 5000381626 ns, Reaching safepoint: 53701 ns, At safepoint: 10200 ns, Total: 63901 ns
[1679.365s][info ][safepoint      ] Safepoint "Cleanup", Time since last: 1000143066 ns, Reaching safepoint: 49501 ns, At safepoint: 12100 ns, Total: 61601 ns
[1690.272s][info ][gc,start       ] GC(230) Pause Young (Allocation Failure)
[1690.281s][debug][gc,phases      ] GC(230) Scavenge 8.585ms
[1690.281s][debug][gc,ref         ] GC(230) Skipped phase 1 of Reference Processing: no references
[1690.281s][debug][gc,ref         ] GC(230) ReferenceProcessor::execute queues: 1, RefProcThreadModel::Single, marks_oops_alive: false
[1690.281s][debug][gc,ref         ] GC(230) ReferenceProcessor::execute queues: 4, RefProcThreadModel::Multi, marks_oops_alive: true
[1690.281s][debug][gc,ref         ] GC(230) ReferenceProcessor::execute queues: 1, RefProcThreadModel::Single, marks_oops_alive: false
[1690.281s][debug][gc,phases      ] GC(230) Reference Processing 0.237ms
[1690.281s][debug][gc,phases      ] GC(230)   VM Weak                        Min:  0.0, Avg:  0.0, Max:  0.0, Diff:  0.0, Sum:  0.0, Workers: 4
[1690.281s][debug][gc,phases      ] GC(230)     Dead                           Min: 0, Avg:  0.0, Max: 0, Diff: 0, Sum: 0, Workers: 4
[1690.281s][debug][gc,phases      ] GC(230)     Total                          Min: 0, Avg: 168.8, Max: 419, Diff: 419, Sum: 675, Workers: 4
[1690.281s][debug][gc,phases      ] GC(230)   ObjectSynchronizer Weak        Min:  0.0, Avg:  0.0, Max:  0.0, Diff:  0.0, Sum:  0.0, Workers: 4
[1690.281s][debug][gc,phases      ] GC(230)     Dead                           Min: 0, Avg:  0.0, Max: 0, Diff: 0, Sum: 0, Workers: 4
[1690.281s][debug][gc,phases      ] GC(230)     Total                          Min: 43, Avg: 90.8, Max: 128, Diff: 85, Sum: 363, Workers: 4
[1690.281s][debug][gc,phases      ] GC(230)   JVMTI Tag Weak OopStorage      Min:  0.0, Avg:  0.0, Max:  0.0, Diff:  0.0, Sum:  0.0, Workers: 4
[1690.281s][debug][gc,phases      ] GC(230)     Dead                           Min: 0, Avg:  0.0, Max: 0, Diff: 0, Sum: 0, Workers: 4
[1690.281s][debug][gc,phases      ] GC(230)     Total                          Min: 0, Avg:  0.0, Max: 0, Diff: 0, Sum: 0, Workers: 4
[1690.281s][debug][gc,phases      ] GC(230)   StringTable Weak               Min:  0.1, Avg:  0.1, Max:  0.1, Diff:  0.0, Sum:  0.5, Workers: 4
[1690.281s][debug][gc,phases      ] GC(230)     Dead                           Min: 0, Avg:  0.0, Max: 0, Diff: 0, Sum: 0, Workers: 4
[1690.281s][debug][gc,phases      ] GC(230)     Total                          Min: 10752, Avg: 12053.8, Max: 13184, Diff: 2432, Sum: 48215, Workers: 4
[1690.281s][debug][gc,phases      ] GC(230)   ResolvedMethodTable Weak       Min:  0.0, Avg:  0.0, Max:  0.0, Diff:  0.0, Sum:  0.1, Workers: 4
[1690.281s][debug][gc,phases      ] GC(230)     Dead                           Min: 0, Avg:  0.0, Max: 0, Diff: 0, Sum: 0, Workers: 4
[1690.281s][debug][gc,phases      ] GC(230)     Total                          Min: 1867, Avg: 1984.2, Max: 2073, Diff: 206, Sum: 7937, Workers: 4
[1690.281s][debug][gc,phases      ] GC(230)   JNI Weak                       Min:  0.0, Avg:  0.0, Max:  0.0, Diff:  0.0, Sum:  0.0, Workers: 4
[1690.281s][debug][gc,phases      ] GC(230)     Dead                           Min: 0, Avg:  0.0, Max: 0, Diff: 0, Sum: 0, Workers: 4
[1690.281s][debug][gc,phases      ] GC(230)     Total                          Min: 0, Avg:  0.0, Max: 0, Diff: 0, Sum: 0, Workers: 4
[1690.281s][debug][gc,phases      ] GC(230)   StringDedup Table Weak         Min:  0.0, Avg:  0.0, Max:  0.0, Diff:  0.0, Sum:  0.0, Workers: 4
[1690.281s][debug][gc,phases      ] GC(230)     Dead                           Min: 0, Avg:  0.0, Max: 0, Diff: 0, Sum: 0, Workers: 4
[1690.281s][debug][gc,phases      ] GC(230)     Total                          Min: 0, Avg:  0.0, Max: 0, Diff: 0, Sum: 0, Workers: 4
[1690.281s][debug][gc,phases      ] GC(230)   StringDedup Requests0 Weak     Min:  0.0, Avg:  0.0, Max:  0.0, Diff:  0.0, Sum:  0.0, Workers: 4
[1690.281s][debug][gc,phases      ] GC(230)     Dead                           Min: 0, Avg:  0.0, Max: 0, Diff: 0, Sum: 0, Workers: 4
[1690.281s][debug][gc,phases      ] GC(230)     Total                          Min: 0, Avg:  0.0, Max: 0, Diff: 0, Sum: 0, Workers: 4
[1690.281s][debug][gc,phases      ] GC(230)   StringDedup Requests1 Weak     Min:  0.0, Avg:  0.0, Max:  0.0, Diff:  0.0, Sum:  0.0, Workers: 4
[1690.281s][debug][gc,phases      ] GC(230)     Dead                           Min: 0, Avg:  0.0, Max: 0, Diff: 0, Sum: 0, Workers: 4
[1690.281s][debug][gc,phases      ] GC(230)     Total                          Min: 0, Avg:  0.0, Max: 0, Diff: 0, Sum: 0, Workers: 4
[1690.281s][debug][gc,phases      ] GC(230)   Weak JFR Old Object Samples    Min:  0.0, Avg:  0.0, Max:  0.0, Diff:  0.0, Sum:  0.0, Workers: 4
[1690.281s][debug][gc,phases      ] GC(230)     Dead                           Min: 0, Avg:  0.0, Max: 0, Diff: 0, Sum: 0, Workers: 4
[1690.281s][debug][gc,phases      ] GC(230)     Total                          Min: 0, Avg:  0.0, Max: 0, Diff: 0, Sum: 0, Workers: 4
[1690.281s][debug][gc,phases      ] GC(230) Weak Processing 0.345ms
[1690.281s][debug][gc,age         ] GC(230) Desired survivor size 41418752 bytes, new threshold 15 (max threshold 15)
[1690.281s][info ][gc,heap        ] GC(230) PSYoungGen: 2064197K(2064384K)->31285K(2049024K) Eden: 2032640K(2032640K)->0K(2016256K) From: 31557K(31744K)->31285K(32768K)
[1690.281s][info ][gc,heap        ] GC(230) ParOldGen: 608057K(632832K)->608073K(632832K)
[1690.281s][info ][gc,metaspace   ] GC(230) Metaspace: 82115K(82944K)->82115K(82944K) NonClass: 70637K(71104K)->70637K(71104K) Class: 11478K(11840K)->11478K(11840K)
[1690.281s][info ][gc             ] GC(230) Pause Young (Allocation Failure) 2609M->624M(2619M) 9.318ms
[1690.281s][info ][gc,cpu         ] GC(230) User=0.03s Sys=0.01s Real=0.00s
[1690.281s][info ][safepoint      ] Safepoint "ParallelGCFailedAllocation", Time since last: 10906566700 ns, Reaching safepoint: 28800 ns, At safepoint: 9403241 ns, Total: 9432041 ns
[1694.282s][info ][safepoint      ] Safepoint "Cleanup", Time since last: 4000291056 ns, Reaching safepoint: 58901 ns, At safepoint: 4300 ns, Total: 63201 ns
[1728.284s][info ][safepoint      ] Safepoint "Cleanup", Time since last: 34002194922 ns, Reaching safepoint: 68001 ns, At safepoint: 4500 ns, Total: 72501 ns
[1738.285s][info ][safepoint      ] Safepoint "Cleanup", Time since last: 10000675509 ns, Reaching safepoint: 48301 ns, At safepoint: 3600 ns, Total: 51901 ns
[1755.286s][info ][safepoint      ] Safepoint "Cleanup", Time since last: 17001110018 ns, Reaching safepoint: 61901 ns, At safepoint: 39301 ns, Total: 101202 ns
[1760.286s][info ][safepoint      ] Safepoint "Cleanup", Time since last: 5000353196 ns, Reaching safepoint: 49101 ns, At safepoint: 3900 ns, Total: 53001 ns
[1764.287s][info ][safepoint      ] Safepoint "Cleanup", Time since last: 4000311736 ns, Reaching safepoint: 61801 ns, At safepoint: 4800 ns, Total: 66601 ns
[1769.287s][info ][safepoint      ] Safepoint "Cleanup", Time since last: 5000385294 ns, Reaching safepoint: 56000 ns, At safepoint: 8801 ns, Total: 64801 ns
[1771.288s][info ][safepoint      ] Safepoint "Cleanup", Time since last: 2000174617 ns, Reaching safepoint: 49301 ns, At safepoint: 7900 ns, Total: 57201 ns
[1772.288s][info ][safepoint      ] Safepoint "Cleanup", Time since last: 1000111959 ns, Reaching safepoint: 63501 ns, At safepoint: 11600 ns, Total: 75101 ns
[1775.288s][info ][safepoint      ] Safepoint "Cleanup", Time since last: 3000250775 ns, Reaching safepoint: 54601 ns, At safepoint: 9200 ns, Total: 63801 ns
[1776.288s][info ][safepoint      ] Safepoint "Cleanup", Time since last: 1000104958 ns, Reaching safepoint: 249804 ns, At safepoint: 8600 ns, Total: 258404 ns
[1795.290s][info ][safepoint      ] Safepoint "Cleanup", Time since last: 19001280390 ns, Reaching safepoint: 45601 ns, At safepoint: 4100 ns, Total: 49701 ns
[1797.290s][info ][safepoint      ] Safepoint "Cleanup", Time since last: 2000162614 ns, Reaching safepoint: 55401 ns, At safepoint: 14500 ns, Total: 69901 ns
[1798.290s][info ][safepoint      ] Safepoint "Cleanup", Time since last: 1000112557 ns, Reaching safepoint: 48801 ns, At safepoint: 12200 ns, Total: 61001 ns
[1798.855s][info ][gc,start       ] GC(231) Pause Young (Allocation Failure)
[1798.861s][debug][gc,phases      ] GC(231) Scavenge 6.296ms
[1798.861s][debug][gc,ref         ] GC(231) Skipped phase 1 of Reference Processing: no references
[1798.861s][debug][gc,ref         ] GC(231) ReferenceProcessor::execute queues: 1, RefProcThreadModel::Single, marks_oops_alive: false
[1798.861s][debug][gc,ref         ] GC(231) ReferenceProcessor::execute queues: 4, RefProcThreadModel::Multi, marks_oops_alive: true
[1798.861s][debug][gc,ref         ] GC(231) ReferenceProcessor::execute queues: 1, RefProcThreadModel::Single, marks_oops_alive: false
[1798.861s][debug][gc,phases      ] GC(231) Reference Processing 0.275ms
[1798.862s][debug][gc,phases      ] GC(231)   VM Weak                        Min:  0.0, Avg:  0.0, Max:  0.0, Diff:  0.0, Sum:  0.0, Workers: 4
[1798.862s][debug][gc,phases      ] GC(231)     Dead                           Min: 0, Avg:  0.0, Max: 0, Diff: 0, Sum: 0, Workers: 4
[1798.862s][debug][gc,phases      ] GC(231)     Total                          Min: 0, Avg: 169.2, Max: 613, Diff: 613, Sum: 677, Workers: 4
[1798.862s][debug][gc,phases      ] GC(231)   ObjectSynchronizer Weak        Min:  0.0, Avg:  0.0, Max:  0.0, Diff:  0.0, Sum:  0.0, Workers: 4
[1798.862s][debug][gc,phases      ] GC(231)     Dead                           Min: 0, Avg:  0.0, Max: 0, Diff: 0, Sum: 0, Workers: 4
[1798.862s][debug][gc,phases      ] GC(231)     Total                          Min: 0, Avg: 90.8, Max: 192, Diff: 192, Sum: 363, Workers: 4
[1798.862s][debug][gc,phases      ] GC(231)   JVMTI Tag Weak OopStorage      Min:  0.0, Avg:  0.0, Max:  0.0, Diff:  0.0, Sum:  0.0, Workers: 4
[1798.862s][debug][gc,phases      ] GC(231)     Dead                           Min: 0, Avg:  0.0, Max: 0, Diff: 0, Sum: 0, Workers: 4
[1798.862s][debug][gc,phases      ] GC(231)     Total                          Min: 0, Avg:  0.0, Max: 0, Diff: 0, Sum: 0, Workers: 4
[1798.862s][debug][gc,phases      ] GC(231)   StringTable Weak               Min:  0.1, Avg:  0.1, Max:  0.1, Diff:  0.0, Sum:  0.5, Workers: 4
[1798.862s][debug][gc,phases      ] GC(231)     Dead                           Min: 0, Avg:  0.0, Max: 0, Diff: 0, Sum: 0, Workers: 4
[1798.862s][debug][gc,phases      ] GC(231)     Total                          Min: 11008, Avg: 12061.0, Max: 12596, Diff: 1588, Sum: 48244, Workers: 4
[1798.862s][debug][gc,phases      ] GC(231)   ResolvedMethodTable Weak       Min:  0.0, Avg:  0.0, Max:  0.0, Diff:  0.0, Sum:  0.1, Workers: 4
[1798.862s][debug][gc,phases      ] GC(231)     Dead                           Min: 0, Avg:  0.0, Max: 0, Diff: 0, Sum: 0, Workers: 4
[1798.862s][debug][gc,phases      ] GC(231)     Total                          Min: 1887, Avg: 1984.2, Max: 2094, Diff: 207, Sum: 7937, Workers: 4
[1798.862s][debug][gc,phases      ] GC(231)   JNI Weak                       Min:  0.0, Avg:  0.0, Max:  0.0, Diff:  0.0, Sum:  0.0, Workers: 4
[1798.862s][debug][gc,phases      ] GC(231)     Dead                           Min: 0, Avg:  0.0, Max: 0, Diff: 0, Sum: 0, Workers: 4
[1798.862s][debug][gc,phases      ] GC(231)     Total                          Min: 0, Avg:  0.0, Max: 0, Diff: 0, Sum: 0, Workers: 4
[1798.862s][debug][gc,phases      ] GC(231)   StringDedup Table Weak         Min:  0.0, Avg:  0.0, Max:  0.0, Diff:  0.0, Sum:  0.0, Workers: 4
[1798.862s][debug][gc,phases      ] GC(231)     Dead                           Min: 0, Avg:  0.0, Max: 0, Diff: 0, Sum: 0, Workers: 4
[1798.862s][debug][gc,phases      ] GC(231)     Total                          Min: 0, Avg:  0.0, Max: 0, Diff: 0, Sum: 0, Workers: 4
[1798.862s][debug][gc,phases      ] GC(231)   StringDedup Requests0 Weak     Min:  0.0, Avg:  0.0, Max:  0.0, Diff:  0.0, Sum:  0.0, Workers: 4
[1798.862s][debug][gc,phases      ] GC(231)     Dead                           Min: 0, Avg:  0.0, Max: 0, Diff: 0, Sum: 0, Workers: 4
[1798.862s][debug][gc,phases      ] GC(231)     Total                          Min: 0, Avg:  0.0, Max: 0, Diff: 0, Sum: 0, Workers: 4
[1798.862s][debug][gc,phases      ] GC(231)   StringDedup Requests1 Weak     Min:  0.0, Avg:  0.0, Max:  0.0, Diff:  0.0, Sum:  0.0, Workers: 4
[1798.862s][debug][gc,phases      ] GC(231)     Dead                           Min: 0, Avg:  0.0, Max: 0, Diff: 0, Sum: 0, Workers: 4
[1798.862s][debug][gc,phases      ] GC(231)     Total                          Min: 0, Avg:  0.0, Max: 0, Diff: 0, Sum: 0, Workers: 4
[1798.862s][debug][gc,phases      ] GC(231)   Weak JFR Old Object Samples    Min:  0.0, Avg:  0.0, Max:  0.0, Diff:  0.0, Sum:  0.0, Workers: 4
[1798.862s][debug][gc,phases      ] GC(231)     Dead                           Min: 0, Avg:  0.0, Max: 0, Diff: 0, Sum: 0, Workers: 4
[1798.862s][debug][gc,phases      ] GC(231)     Total                          Min: 0, Avg:  0.0, Max: 0, Diff: 0, Sum: 0, Workers: 4
[1798.862s][debug][gc,phases      ] GC(231) Weak Processing 0.411ms
[1798.862s][debug][gc,age         ] GC(231) Desired survivor size 44564480 bytes, new threshold 15 (max threshold 15)
[1798.862s][info ][gc,heap        ] GC(231) PSYoungGen: 2047541K(2049024K)->31381K(2048000K) Eden: 2016256K(2016256K)->0K(2016256K) From: 31285K(32768K)->31381K(31744K)
[1798.862s][info ][gc,heap        ] GC(231) ParOldGen: 608073K(632832K)->608089K(632832K)
[1798.862s][info ][gc,metaspace   ] GC(231) Metaspace: 82169K(82944K)->82169K(82944K) NonClass: 70690K(71104K)->70690K(71104K) Class: 11479K(11840K)->11479K(11840K)
[1798.862s][info ][gc             ] GC(231) Pause Young (Allocation Failure) 2593M->624M(2618M) 7.142ms
[1798.862s][info ][gc,cpu         ] GC(231) User=0.03s Sys=0.00s Real=0.00s
[1798.862s][info ][safepoint      ] Safepoint "ParallelGCFailedAllocation", Time since last: 564579844 ns, Reaching safepoint: 40500 ns, At safepoint: 7234308 ns, Total: 7274808 ns
[1801.862s][info ][safepoint      ] Safepoint "Cleanup", Time since last: 3000221070 ns, Reaching safepoint: 51001 ns, At safepoint: 7000 ns, Total: 58001 ns
[1803.862s][info ][safepoint      ] Safepoint "Cleanup", Time since last: 2000151513 ns, Reaching safepoint: 33000 ns, At safepoint: 4000 ns, Total: 37000 ns
[1826.864s][info ][safepoint      ] Safepoint "Cleanup", Time since last: 23001510377 ns, Reaching safepoint: 49701 ns, At safepoint: 9000 ns, Total: 58701 ns
[1837.865s][info ][safepoint      ] Safepoint "Cleanup", Time since last: 11000786001 ns, Reaching safepoint: 54901 ns, At safepoint: 10100 ns, Total: 65001 ns
[1847.866s][info ][safepoint      ] Safepoint "Cleanup", Time since last: 10000735940 ns, Reaching safepoint: 52001 ns, At safepoint: 33700 ns, Total: 85701 ns
[1849.866s][info ][safepoint      ] Safepoint "Cleanup", Time since last: 2000171608 ns, Reaching safepoint: 116902 ns, At safepoint: 6100 ns, Total: 123002 ns
[1860.867s][info ][safepoint      ] Safepoint "Cleanup", Time since last: 11000746185 ns, Reaching safepoint: 122902 ns, At safepoint: 6500 ns, Total: 129402 ns
[1867.867s][info ][safepoint      ] Safepoint "Cleanup", Time since last: 7000518770 ns, Reaching safepoint: 114402 ns, At safepoint: 8000 ns, Total: 122402 ns
[1879.868s][info ][safepoint      ] Safepoint "Cleanup", Time since last: 12000749026 ns, Reaching safepoint: 115902 ns, At safepoint: 6600 ns, Total: 122502 ns
[1887.869s][info ][safepoint      ] Safepoint "Cleanup", Time since last: 8000550413 ns, Reaching safepoint: 49301 ns, At safepoint: 3100 ns, Total: 52401 ns
[1890.869s][info ][safepoint      ] Safepoint "Cleanup", Time since last: 3000252055 ns, Reaching safepoint: 126202 ns, At safepoint: 13300 ns, Total: 139502 ns
[1891.870s][info ][safepoint      ] Safepoint "Cleanup", Time since last: 1000109952 ns, Reaching safepoint: 45201 ns, At safepoint: 8200 ns, Total: 53401 ns
[1892.870s][info ][safepoint      ] Safepoint "Cleanup", Time since last: 1000118952 ns, Reaching safepoint: 46001 ns, At safepoint: 3700 ns, Total: 49701 ns
[1893.870s][info ][safepoint      ] Safepoint "Cleanup", Time since last: 1000109052 ns, Reaching safepoint: 31900 ns, At safepoint: 3900 ns, Total: 35800 ns
[1907.167s][info ][gc,start       ] GC(232) Pause Young (Allocation Failure)
[1907.173s][debug][gc,phases      ] GC(232) Scavenge 6.667ms
[1907.173s][debug][gc,ref         ] GC(232) Skipped phase 1 of Reference Processing: no references
[1907.173s][debug][gc,ref         ] GC(232) ReferenceProcessor::execute queues: 1, RefProcThreadModel::Single, marks_oops_alive: false
[1907.173s][debug][gc,ref         ] GC(232) ReferenceProcessor::execute queues: 4, RefProcThreadModel::Multi, marks_oops_alive: true
[1907.174s][debug][gc,ref         ] GC(232) ReferenceProcessor::execute queues: 1, RefProcThreadModel::Single, marks_oops_alive: false
[1907.174s][debug][gc,phases      ] GC(232) Reference Processing 0.239ms
[1907.174s][debug][gc,phases      ] GC(232)   VM Weak                        Min:  0.0, Avg:  0.0, Max:  0.0, Diff:  0.0, Sum:  0.0, Workers: 4
[1907.174s][debug][gc,phases      ] GC(232)     Dead                           Min: 0, Avg:  0.0, Max: 0, Diff: 0, Sum: 0, Workers: 4
[1907.174s][debug][gc,phases      ] GC(232)     Total                          Min: 0, Avg: 169.2, Max: 448, Diff: 448, Sum: 677, Workers: 4
[1907.174s][debug][gc,phases      ] GC(232)   ObjectSynchronizer Weak        Min:  0.0, Avg:  0.0, Max:  0.0, Diff:  0.0, Sum:  0.0, Workers: 4
[1907.174s][debug][gc,phases      ] GC(232)     Dead                           Min: 0, Avg:  0.0, Max: 0, Diff: 0, Sum: 0, Workers: 4
[1907.174s][debug][gc,phases      ] GC(232)     Total                          Min: 0, Avg: 90.8, Max: 171, Diff: 171, Sum: 363, Workers: 4
[1907.174s][debug][gc,phases      ] GC(232)   JVMTI Tag Weak OopStorage      Min:  0.0, Avg:  0.0, Max:  0.0, Diff:  0.0, Sum:  0.0, Workers: 4
[1907.174s][debug][gc,phases      ] GC(232)     Dead                           Min: 0, Avg:  0.0, Max: 0, Diff: 0, Sum: 0, Workers: 4
[1907.174s][debug][gc,phases      ] GC(232)     Total                          Min: 0, Avg:  0.0, Max: 0, Diff: 0, Sum: 0, Workers: 4
[1907.174s][debug][gc,phases      ] GC(232)   StringTable Weak               Min:  0.1, Avg:  0.1, Max:  0.1, Diff:  0.0, Sum:  0.5, Workers: 4
[1907.174s][debug][gc,phases      ] GC(232)     Dead                           Min: 0, Avg:  0.0, Max: 0, Diff: 0, Sum: 0, Workers: 4
[1907.174s][debug][gc,phases      ] GC(232)     Total                          Min: 11520, Avg: 12064.8, Max: 12736, Diff: 1216, Sum: 48259, Workers: 4
[1907.174s][debug][gc,phases      ] GC(232)   ResolvedMethodTable Weak       Min:  0.0, Avg:  0.0, Max:  0.0, Diff:  0.0, Sum:  0.1, Workers: 4
[1907.174s][debug][gc,phases      ] GC(232)     Dead                           Min: 0, Avg:  0.0, Max: 0, Diff: 0, Sum: 0, Workers: 4
[1907.174s][debug][gc,phases      ] GC(232)     Total                          Min: 1835, Avg: 1984.2, Max: 2135, Diff: 300, Sum: 7937, Workers: 4
[1907.174s][debug][gc,phases      ] GC(232)   JNI Weak                       Min:  0.0, Avg:  0.0, Max:  0.0, Diff:  0.0, Sum:  0.0, Workers: 4
[1907.174s][debug][gc,phases      ] GC(232)     Dead                           Min: 0, Avg:  0.0, Max: 0, Diff: 0, Sum: 0, Workers: 4
[1907.174s][debug][gc,phases      ] GC(232)     Total                          Min: 0, Avg:  0.0, Max: 0, Diff: 0, Sum: 0, Workers: 4
[1907.174s][debug][gc,phases      ] GC(232)   StringDedup Table Weak         Min:  0.0, Avg:  0.0, Max:  0.0, Diff:  0.0, Sum:  0.0, Workers: 4
[1907.174s][debug][gc,phases      ] GC(232)     Dead                           Min: 0, Avg:  0.0, Max: 0, Diff: 0, Sum: 0, Workers: 4
[1907.174s][debug][gc,phases      ] GC(232)     Total                          Min: 0, Avg:  0.0, Max: 0, Diff: 0, Sum: 0, Workers: 4
[1907.174s][debug][gc,phases      ] GC(232)   StringDedup Requests0 Weak     Min:  0.0, Avg:  0.0, Max:  0.0, Diff:  0.0, Sum:  0.0, Workers: 4
[1907.174s][debug][gc,phases      ] GC(232)     Dead                           Min: 0, Avg:  0.0, Max: 0, Diff: 0, Sum: 0, Workers: 4
[1907.174s][debug][gc,phases      ] GC(232)     Total                          Min: 0, Avg:  0.0, Max: 0, Diff: 0, Sum: 0, Workers: 4
[1907.174s][debug][gc,phases      ] GC(232)   StringDedup Requests1 Weak     Min:  0.0, Avg:  0.0, Max:  0.0, Diff:  0.0, Sum:  0.0, Workers: 4
[1907.174s][debug][gc,phases      ] GC(232)     Dead                           Min: 0, Avg:  0.0, Max: 0, Diff: 0, Sum: 0, Workers: 4
[1907.174s][debug][gc,phases      ] GC(232)     Total                          Min: 0, Avg:  0.0, Max: 0, Diff: 0, Sum: 0, Workers: 4
[1907.174s][debug][gc,phases      ] GC(232)   Weak JFR Old Object Samples    Min:  0.0, Avg:  0.0, Max:  0.0, Diff:  0.0, Sum:  0.0, Workers: 4
[1907.174s][debug][gc,phases      ] GC(232)     Dead                           Min: 0, Avg:  0.0, Max: 0, Diff: 0, Sum: 0, Workers: 4
[1907.174s][debug][gc,phases      ] GC(232)     Total                          Min: 0, Avg:  0.0, Max: 0, Diff: 0, Sum: 0, Workers: 4
[1907.174s][debug][gc,phases      ] GC(232) Weak Processing 0.339ms
[1907.174s][debug][gc,age         ] GC(232) Desired survivor size 47185920 bytes, new threshold 15 (max threshold 15)
[1907.174s][info ][gc,heap        ] GC(232) PSYoungGen: 2047637K(2048000K)->31381K(2048512K) Eden: 2016256K(2016256K)->0K(2004992K) From: 31381K(31744K)->31381K(43520K)
[1907.174s][info ][gc,heap        ] GC(232) ParOldGen: 608089K(632832K)->608105K(632832K)
[1907.174s][info ][gc,metaspace   ] GC(232) Metaspace: 82226K(83008K)->82226K(83008K) NonClass: 70746K(71168K)->70746K(71168K) Class: 11479K(11840K)->11479K(11840K)
[1907.174s][info ][gc             ] GC(232) Pause Young (Allocation Failure) 2593M->624M(2618M) 7.384ms
[1907.174s][info ][gc,cpu         ] GC(232) User=0.02s Sys=0.00s Real=0.01s
[1907.174s][info ][safepoint      ] Safepoint "ParallelGCFailedAllocation", Time since last: 13296658383 ns, Reaching safepoint: 34301 ns, At safepoint: 7465411 ns, Total: 7499712 ns
[1918.175s][info ][safepoint      ] Safepoint "Cleanup", Time since last: 11000691352 ns, Reaching safepoint: 52701 ns, At safepoint: 5900 ns, Total: 58601 ns
[1921.175s][info ][safepoint      ] Safepoint "Cleanup", Time since last: 3000241450 ns, Reaching safepoint: 118602 ns, At safepoint: 6500 ns, Total: 125102 ns
[1945.177s][info ][safepoint      ] Safepoint "Cleanup", Time since last: 24001637382 ns, Reaching safepoint: 46601 ns, At safepoint: 4000 ns, Total: 50601 ns
[1970.178s][info ][safepoint      ] Safepoint "Cleanup", Time since last: 25001588601 ns, Reaching safepoint: 41200 ns, At safepoint: 4200 ns, Total: 45400 ns
[1971.179s][info ][safepoint      ] Safepoint "Cleanup", Time since last: 1000107949 ns, Reaching safepoint: 42300 ns, At safepoint: 9100 ns, Total: 51400 ns
[1972.179s][info ][safepoint      ] Safepoint "Cleanup", Time since last: 1000099148 ns, Reaching safepoint: 58701 ns, At safepoint: 10400 ns, Total: 69101 ns
[1973.179s][info ][safepoint      ] Safepoint "Cleanup", Time since last: 1000108348 ns, Reaching safepoint: 95602 ns, At safepoint: 18100 ns, Total: 113702 ns
[1974.179s][info ][safepoint      ] Safepoint "Cleanup", Time since last: 1000109648 ns, Reaching safepoint: 56501 ns, At safepoint: 3500 ns, Total: 60001 ns
[1977.179s][info ][safepoint      ] Safepoint "Cleanup", Time since last: 3000201642 ns, Reaching safepoint: 50101 ns, At safepoint: 6400 ns, Total: 56501 ns
[1977.290s][info ][gc,start       ] GC(233) Pause Young (Allocation Failure)
[1977.302s][debug][gc,phases      ] GC(233) Scavenge 11.693ms
[1977.302s][debug][gc,ref         ] GC(233) Skipped phase 1 of Reference Processing: no references
[1977.302s][debug][gc,ref         ] GC(233) ReferenceProcessor::execute queues: 1, RefProcThreadModel::Single, marks_oops_alive: false
[1977.302s][debug][gc,ref         ] GC(233) ReferenceProcessor::execute queues: 4, RefProcThreadModel::Multi, marks_oops_alive: true
[1977.302s][debug][gc,ref         ] GC(233) ReferenceProcessor::execute queues: 1, RefProcThreadModel::Single, marks_oops_alive: false
[1977.302s][debug][gc,phases      ] GC(233) Reference Processing 0.249ms
[1977.303s][debug][gc,phases      ] GC(233)   VM Weak                        Min:  0.0, Avg:  0.0, Max:  0.0, Diff:  0.0, Sum:  0.0, Workers: 4
[1977.303s][debug][gc,phases      ] GC(233)     Dead                           Min: 0, Avg:  0.0, Max: 0, Diff: 0, Sum: 0, Workers: 4
[1977.303s][debug][gc,phases      ] GC(233)     Total                          Min: 0, Avg: 169.2, Max: 421, Diff: 421, Sum: 677, Workers: 4
[1977.303s][debug][gc,phases      ] GC(233)   ObjectSynchronizer Weak        Min:  0.0, Avg:  0.0, Max:  0.0, Diff:  0.0, Sum:  0.0, Workers: 4
[1977.303s][debug][gc,phases      ] GC(233)     Dead                           Min: 0, Avg:  0.0, Max: 0, Diff: 0, Sum: 0, Workers: 4
[1977.303s][debug][gc,phases      ] GC(233)     Total                          Min: 0, Avg: 91.0, Max: 236, Diff: 236, Sum: 364, Workers: 4
[1977.303s][debug][gc,phases      ] GC(233)   JVMTI Tag Weak OopStorage      Min:  0.0, Avg:  0.0, Max:  0.0, Diff:  0.0, Sum:  0.0, Workers: 4
[1977.303s][debug][gc,phases      ] GC(233)     Dead                           Min: 0, Avg:  0.0, Max: 0, Diff: 0, Sum: 0, Workers: 4
[1977.303s][debug][gc,phases      ] GC(233)     Total                          Min: 0, Avg:  0.0, Max: 0, Diff: 0, Sum: 0, Workers: 4
[1977.303s][debug][gc,phases      ] GC(233)   StringTable Weak               Min:  0.1, Avg:  0.1, Max:  0.1, Diff:  0.0, Sum:  0.5, Workers: 4
[1977.303s][debug][gc,phases      ] GC(233)     Dead                           Min: 0, Avg:  0.0, Max: 0, Diff: 0, Sum: 0, Workers: 4
[1977.303s][debug][gc,phases      ] GC(233)     Total                          Min: 11328, Avg: 12074.0, Max: 13440, Diff: 2112, Sum: 48296, Workers: 4
[1977.303s][debug][gc,phases      ] GC(233)   ResolvedMethodTable Weak       Min:  0.0, Avg:  0.0, Max:  0.0, Diff:  0.0, Sum:  0.1, Workers: 4
[1977.303s][debug][gc,phases      ] GC(233)     Dead                           Min: 0, Avg:  0.0, Max: 0, Diff: 0, Sum: 0, Workers: 4
[1977.303s][debug][gc,phases      ] GC(233)     Total                          Min: 1866, Avg: 1984.5, Max: 2071, Diff: 205, Sum: 7938, Workers: 4
[1977.303s][debug][gc,phases      ] GC(233)   JNI Weak                       Min:  0.0, Avg:  0.0, Max:  0.0, Diff:  0.0, Sum:  0.0, Workers: 4
[1977.303s][debug][gc,phases      ] GC(233)     Dead                           Min: 0, Avg:  0.0, Max: 0, Diff: 0, Sum: 0, Workers: 4
[1977.303s][debug][gc,phases      ] GC(233)     Total                          Min: 0, Avg:  0.0, Max: 0, Diff: 0, Sum: 0, Workers: 4
[1977.303s][debug][gc,phases      ] GC(233)   StringDedup Table Weak         Min:  0.0, Avg:  0.0, Max:  0.0, Diff:  0.0, Sum:  0.0, Workers: 4
[1977.303s][debug][gc,phases      ] GC(233)     Dead                           Min: 0, Avg:  0.0, Max: 0, Diff: 0, Sum: 0, Workers: 4
[1977.303s][debug][gc,phases      ] GC(233)     Total                          Min: 0, Avg:  0.0, Max: 0, Diff: 0, Sum: 0, Workers: 4
[1977.303s][debug][gc,phases      ] GC(233)   StringDedup Requests0 Weak     Min:  0.0, Avg:  0.0, Max:  0.0, Diff:  0.0, Sum:  0.0, Workers: 4
[1977.303s][debug][gc,phases      ] GC(233)     Dead                           Min: 0, Avg:  0.0, Max: 0, Diff: 0, Sum: 0, Workers: 4
[1977.303s][debug][gc,phases      ] GC(233)     Total                          Min: 0, Avg:  0.0, Max: 0, Diff: 0, Sum: 0, Workers: 4
[1977.303s][debug][gc,phases      ] GC(233)   StringDedup Requests1 Weak     Min:  0.0, Avg:  0.0, Max:  0.0, Diff:  0.0, Sum:  0.0, Workers: 4
[1977.303s][debug][gc,phases      ] GC(233)     Dead                           Min: 0, Avg:  0.0, Max: 0, Diff: 0, Sum: 0, Workers: 4
[1977.303s][debug][gc,phases      ] GC(233)     Total                          Min: 0, Avg:  0.0, Max: 0, Diff: 0, Sum: 0, Workers: 4
[1977.303s][debug][gc,phases      ] GC(233)   Weak JFR Old Object Samples    Min:  0.0, Avg:  0.0, Max:  0.0, Diff:  0.0, Sum:  0.0, Workers: 4
[1977.303s][debug][gc,phases      ] GC(233)     Dead                           Min: 0, Avg:  0.0, Max: 0, Diff: 0, Sum: 0, Workers: 4
[1977.303s][debug][gc,phases      ] GC(233)     Total                          Min: 0, Avg:  0.0, Max: 0, Diff: 0, Sum: 0, Workers: 4
[1977.303s][debug][gc,phases      ] GC(233) Weak Processing 0.322ms
[1977.303s][debug][gc,age         ] GC(233) Desired survivor size 52428800 bytes, new threshold 15 (max threshold 15)
[1977.303s][info ][gc,heap        ] GC(233) PSYoungGen: 2036373K(2048512K)->41461K(2046464K) Eden: 2004992K(2004992K)->0K(2004992K) From: 31381K(43520K)->41461K(41472K)
[1977.303s][info ][gc,heap        ] GC(233) ParOldGen: 608105K(632832K)->608113K(632832K)
[1977.303s][info ][gc,metaspace   ] GC(233) Metaspace: 82268K(83072K)->82268K(83072K) NonClass: 70788K(71232K)->70788K(71232K) Class: 11480K(11840K)->11480K(11840K)
[1977.303s][info ][gc             ] GC(233) Pause Young (Allocation Failure) 2582M->634M(2616M) 12.400ms
[1977.303s][info ][gc,cpu         ] GC(233) User=0.05s Sys=0.00s Real=0.01s
[1977.303s][info ][safepoint      ] Safepoint "ParallelGCFailedAllocation", Time since last: 110884957 ns, Reaching safepoint: 108502 ns, At safepoint: 12485886 ns, Total: 12594388 ns
[1978.805s][info ][safepoint      ] Safepoint "Cleanup", Time since last: 1501698945 ns, Reaching safepoint: 133002 ns, At safepoint: 17000 ns, Total: 150002 ns
[1979.805s][info ][safepoint      ] Safepoint "Cleanup", Time since last: 1000111948 ns, Reaching safepoint: 53201 ns, At safepoint: 10900 ns, Total: 64101 ns
[1981.210s][info ][safepoint      ] Safepoint "Cleanup", Time since last: 1405353904 ns, Reaching safepoint: 41601 ns, At safepoint: 3900 ns, Total: 45501 ns
[1982.210s][info ][safepoint      ] Safepoint "Cleanup", Time since last: 1000112748 ns, Reaching safepoint: 48200 ns, At safepoint: 8501 ns, Total: 56701 ns
[1983.211s][info ][safepoint      ] Safepoint "Cleanup", Time since last: 1000112647 ns, Reaching safepoint: 51301 ns, At safepoint: 6900 ns, Total: 58201 ns
[1983.447s][info ][gc,start       ] GC(234) Pause Young (Allocation Failure)
[1983.469s][debug][gc,phases      ] GC(234) Scavenge 21.737ms
[1983.469s][debug][gc,ref         ] GC(234) Skipped phase 1 of Reference Processing: no references
[1983.469s][debug][gc,ref         ] GC(234) ReferenceProcessor::execute queues: 1, RefProcThreadModel::Single, marks_oops_alive: false
[1983.469s][debug][gc,ref         ] GC(234) ReferenceProcessor::execute queues: 4, RefProcThreadModel::Multi, marks_oops_alive: true
[1983.469s][debug][gc,ref         ] GC(234) ReferenceProcessor::execute queues: 1, RefProcThreadModel::Single, marks_oops_alive: false
[1983.469s][debug][gc,phases      ] GC(234) Reference Processing 0.201ms
[1983.470s][debug][gc,phases      ] GC(234)   VM Weak                        Min:  0.0, Avg:  0.0, Max:  0.0, Diff:  0.0, Sum:  0.0, Workers: 4
[1983.470s][debug][gc,phases      ] GC(234)     Dead                           Min: 0, Avg:  0.0, Max: 0, Diff: 0, Sum: 0, Workers: 4
[1983.470s][debug][gc,phases      ] GC(234)     Total                          Min: 0, Avg: 169.2, Max: 512, Diff: 512, Sum: 677, Workers: 4
[1983.470s][debug][gc,phases      ] GC(234)   ObjectSynchronizer Weak        Min:  0.0, Avg:  0.0, Max:  0.0, Diff:  0.0, Sum:  0.0, Workers: 4
[1983.470s][debug][gc,phases      ] GC(234)     Dead                           Min: 0, Avg:  0.0, Max: 0, Diff: 0, Sum: 0, Workers: 4
[1983.470s][debug][gc,phases      ] GC(234)     Total                          Min: 0, Avg: 91.0, Max: 128, Diff: 128, Sum: 364, Workers: 4
[1983.470s][debug][gc,phases      ] GC(234)   JVMTI Tag Weak OopStorage      Min:  0.0, Avg:  0.0, Max:  0.0, Diff:  0.0, Sum:  0.0, Workers: 4
[1983.470s][debug][gc,phases      ] GC(234)     Dead                           Min: 0, Avg:  0.0, Max: 0, Diff: 0, Sum: 0, Workers: 4
[1983.470s][debug][gc,phases      ] GC(234)     Total                          Min: 0, Avg:  0.0, Max: 0, Diff: 0, Sum: 0, Workers: 4
[1983.470s][debug][gc,phases      ] GC(234)   StringTable Weak               Min:  0.1, Avg:  0.1, Max:  0.1, Diff:  0.0, Sum:  0.5, Workers: 4
[1983.470s][debug][gc,phases      ] GC(234)     Dead                           Min: 0, Avg:  0.0, Max: 0, Diff: 0, Sum: 0, Workers: 4
[1983.470s][debug][gc,phases      ] GC(234)     Total                          Min: 11584, Avg: 12075.0, Max: 13120, Diff: 1536, Sum: 48300, Workers: 4
[1983.470s][debug][gc,phases      ] GC(234)   ResolvedMethodTable Weak       Min:  0.0, Avg:  0.0, Max:  0.0, Diff:  0.0, Sum:  0.1, Workers: 4
[1983.470s][debug][gc,phases      ] GC(234)     Dead                           Min: 0, Avg:  0.0, Max: 0, Diff: 0, Sum: 0, Workers: 4
[1983.470s][debug][gc,phases      ] GC(234)     Total                          Min: 1914, Avg: 1984.5, Max: 2175, Diff: 261, Sum: 7938, Workers: 4
[1983.470s][debug][gc,phases      ] GC(234)   JNI Weak                       Min:  0.0, Avg:  0.0, Max:  0.0, Diff:  0.0, Sum:  0.0, Workers: 4
[1983.470s][debug][gc,phases      ] GC(234)     Dead                           Min: 0, Avg:  0.0, Max: 0, Diff: 0, Sum: 0, Workers: 4
[1983.470s][debug][gc,phases      ] GC(234)     Total                          Min: 0, Avg:  0.0, Max: 0, Diff: 0, Sum: 0, Workers: 4
[1983.470s][debug][gc,phases      ] GC(234)   StringDedup Table Weak         Min:  0.0, Avg:  0.0, Max:  0.0, Diff:  0.0, Sum:  0.0, Workers: 4
[1983.470s][debug][gc,phases      ] GC(234)     Dead                           Min: 0, Avg:  0.0, Max: 0, Diff: 0, Sum: 0, Workers: 4
[1983.470s][debug][gc,phases      ] GC(234)     Total                          Min: 0, Avg:  0.0, Max: 0, Diff: 0, Sum: 0, Workers: 4
[1983.470s][debug][gc,phases      ] GC(234)   StringDedup Requests0 Weak     Min:  0.0, Avg:  0.0, Max:  0.0, Diff:  0.0, Sum:  0.0, Workers: 4
[1983.470s][debug][gc,phases      ] GC(234)     Dead                           Min: 0, Avg:  0.0, Max: 0, Diff: 0, Sum: 0, Workers: 4
[1983.470s][debug][gc,phases      ] GC(234)     Total                          Min: 0, Avg:  0.0, Max: 0, Diff: 0, Sum: 0, Workers: 4
[1983.470s][debug][gc,phases      ] GC(234)   StringDedup Requests1 Weak     Min:  0.0, Avg:  0.0, Max:  0.0, Diff:  0.0, Sum:  0.0, Workers: 4
[1983.470s][debug][gc,phases      ] GC(234)     Dead                           Min: 0, Avg:  0.0, Max: 0, Diff: 0, Sum: 0, Workers: 4
[1983.470s][debug][gc,phases      ] GC(234)     Total                          Min: 0, Avg:  0.0, Max: 0, Diff: 0, Sum: 0, Workers: 4
[1983.470s][debug][gc,phases      ] GC(234)   Weak JFR Old Object Samples    Min:  0.0, Avg:  0.0, Max:  0.0, Diff:  0.0, Sum:  0.0, Workers: 4
[1983.470s][debug][gc,phases      ] GC(234)     Dead                           Min: 0, Avg:  0.0, Max: 0, Diff: 0, Sum: 0, Workers: 4
[1983.470s][debug][gc,phases      ] GC(234)     Total                          Min: 0, Avg:  0.0, Max: 0, Diff: 0, Sum: 0, Workers: 4
[1983.470s][debug][gc,phases      ] GC(234) Weak Processing 0.369ms
[1983.470s][debug][gc,age         ] GC(234) Desired survivor size 71303168 bytes, new threshold 14 (max threshold 15)
[1983.470s][info ][gc,heap        ] GC(234) PSYoungGen: 2046453K(2046464K)->50663K(2008576K) Eden: 2004992K(2004992K)->0K(1957888K) From: 41461K(41472K)->50663K(50688K)
[1983.470s][info ][gc,heap        ] GC(234) ParOldGen: 608113K(632832K)->636323K(636416K)
[1983.470s][info ][gc,metaspace   ] GC(234) Metaspace: 82286K(83072K)->82286K(83072K) NonClass: 70805K(71232K)->70805K(71232K) Class: 11480K(11840K)->11480K(11840K)
[1983.470s][info ][gc             ] GC(234) Pause Young (Allocation Failure) 2592M->670M(2583M) 22.448ms
[1983.470s][info ][gc,cpu         ] GC(234) User=0.08s Sys=0.00s Real=0.02s
[1983.470s][debug][gc,phases      ] GC(235) Pre Compact 0.011ms
[1983.470s][info ][gc,start       ] GC(235) Pause Full (Ergonomics)
[1983.470s][info ][gc,phases,start] GC(235) Marking Phase
[1983.611s][debug][gc,phases      ] GC(235) Par Mark 140.779ms
[1983.611s][debug][gc,ref         ] GC(235) Skipped phase 1 of Reference Processing: no references
[1983.611s][debug][gc,ref         ] GC(235) ReferenceProcessor::execute queues: 4, RefProcThreadModel::Multi, marks_oops_alive: false
[1983.611s][debug][gc,ref         ] GC(235) ReferenceProcessor::execute queues: 4, RefProcThreadModel::Multi, marks_oops_alive: true
[1983.611s][debug][gc,ref         ] GC(235) ReferenceProcessor::execute queues: 1, RefProcThreadModel::Single, marks_oops_alive: false
[1983.611s][debug][gc,phases      ] GC(235) Reference Processing 0.645ms
[1983.612s][debug][gc,phases      ] GC(235)   VM Weak                        Min:  0.0, Avg:  0.0, Max:  0.0, Diff:  0.0, Sum:  0.0, Workers: 4
[1983.612s][debug][gc,phases      ] GC(235)     Dead                           Min: 0, Avg:  0.0, Max: 0, Diff: 0, Sum: 0, Workers: 4
[1983.612s][debug][gc,phases      ] GC(235)     Total                          Min: 0, Avg: 169.2, Max: 293, Diff: 293, Sum: 677, Workers: 4
[1983.612s][debug][gc,phases      ] GC(235)   ObjectSynchronizer Weak        Min:  0.0, Avg:  0.0, Max:  0.0, Diff:  0.0, Sum:  0.0, Workers: 4
[1983.612s][debug][gc,phases      ] GC(235)     Dead                           Min: 0, Avg:  0.2, Max: 1, Diff: 1, Sum: 1, Workers: 4
[1983.612s][debug][gc,phases      ] GC(235)     Total                          Min: 44, Avg: 91.0, Max: 128, Diff: 84, Sum: 364, Workers: 4
[1983.612s][debug][gc,phases      ] GC(235)   JVMTI Tag Weak OopStorage      Min:  0.0, Avg:  0.0, Max:  0.0, Diff:  0.0, Sum:  0.0, Workers: 4
[1983.612s][debug][gc,phases      ] GC(235)     Dead                           Min: 0, Avg:  0.0, Max: 0, Diff: 0, Sum: 0, Workers: 4
[1983.612s][debug][gc,phases      ] GC(235)     Total                          Min: 0, Avg:  0.0, Max: 0, Diff: 0, Sum: 0, Workers: 4
[1983.612s][debug][gc,phases      ] GC(235)   StringTable Weak               Min:  0.2, Avg:  0.2, Max:  0.2, Diff:  0.0, Sum:  0.6, Workers: 4
[1983.612s][debug][gc,phases      ] GC(235)     Dead                           Min: 0, Avg:  0.0, Max: 0, Diff: 0, Sum: 0, Workers: 4
[1983.612s][debug][gc,phases      ] GC(235)     Total                          Min: 10048, Avg: 12075.0, Max: 12908, Diff: 2860, Sum: 48300, Workers: 4
[1983.612s][debug][gc,phases      ] GC(235)   ResolvedMethodTable Weak       Min:  0.0, Avg:  0.0, Max:  0.0, Diff:  0.0, Sum:  0.1, Workers: 4
[1983.612s][debug][gc,phases      ] GC(235)     Dead                           Min: 0, Avg:  0.0, Max: 0, Diff: 0, Sum: 0, Workers: 4
[1983.612s][debug][gc,phases      ] GC(235)     Total                          Min: 1631, Avg: 1984.5, Max: 2136, Diff: 505, Sum: 7938, Workers: 4
[1983.612s][debug][gc,phases      ] GC(235)   JNI Weak                       Min:  0.0, Avg:  0.0, Max:  0.0, Diff:  0.0, Sum:  0.0, Workers: 4
[1983.612s][debug][gc,phases      ] GC(235)     Dead                           Min: 0, Avg:  0.0, Max: 0, Diff: 0, Sum: 0, Workers: 4
[1983.612s][debug][gc,phases      ] GC(235)     Total                          Min: 0, Avg:  0.0, Max: 0, Diff: 0, Sum: 0, Workers: 4
[1983.612s][debug][gc,phases      ] GC(235)   StringDedup Table Weak         Min:  0.0, Avg:  0.0, Max:  0.0, Diff:  0.0, Sum:  0.0, Workers: 4
[1983.612s][debug][gc,phases      ] GC(235)     Dead                           Min: 0, Avg:  0.0, Max: 0, Diff: 0, Sum: 0, Workers: 4
[1983.612s][debug][gc,phases      ] GC(235)     Total                          Min: 0, Avg:  0.0, Max: 0, Diff: 0, Sum: 0, Workers: 4
[1983.612s][debug][gc,phases      ] GC(235)   StringDedup Requests0 Weak     Min:  0.0, Avg:  0.0, Max:  0.0, Diff:  0.0, Sum:  0.0, Workers: 4
[1983.612s][debug][gc,phases      ] GC(235)     Dead                           Min: 0, Avg:  0.0, Max: 0, Diff: 0, Sum: 0, Workers: 4
[1983.612s][debug][gc,phases      ] GC(235)     Total                          Min: 0, Avg:  0.0, Max: 0, Diff: 0, Sum: 0, Workers: 4
[1983.612s][debug][gc,phases      ] GC(235)   StringDedup Requests1 Weak     Min:  0.0, Avg:  0.0, Max:  0.0, Diff:  0.0, Sum:  0.0, Workers: 4
[1983.612s][debug][gc,phases      ] GC(235)     Dead                           Min: 0, Avg:  0.0, Max: 0, Diff: 0, Sum: 0, Workers: 4
[1983.612s][debug][gc,phases      ] GC(235)     Total                          Min: 0, Avg:  0.0, Max: 0, Diff: 0, Sum: 0, Workers: 4
[1983.612s][debug][gc,phases      ] GC(235)   Weak JFR Old Object Samples    Min:  0.0, Avg:  0.0, Max:  0.0, Diff:  0.0, Sum:  0.0, Workers: 4
[1983.612s][debug][gc,phases      ] GC(235)     Dead                           Min: 0, Avg:  0.0, Max: 0, Diff: 0, Sum: 0, Workers: 4
[1983.612s][debug][gc,phases      ] GC(235)     Total                          Min: 0, Avg:  0.0, Max: 0, Diff: 0, Sum: 0, Workers: 4
[1983.612s][debug][gc,phases      ] GC(235) Weak Processing 0.414ms
[1983.612s][debug][gc,phases      ] GC(235) ClassLoaderData 0.090ms
[1983.612s][debug][gc,phases      ] GC(235) Trigger cleanups 0.000ms
[1983.629s][debug][gc,phases      ] GC(235) Class Unloading 17.139ms
[1983.629s][info ][gc,phases      ] GC(235) Marking Phase 159.163ms
[1983.629s][info ][gc,phases,start] GC(235) Summary Phase
[1983.629s][info ][gc,phases      ] GC(235) Summary Phase 0.021ms
[1983.629s][info ][gc,phases,start] GC(235) Adjust Roots
[1983.641s][info ][gc,phases      ] GC(235) Adjust Roots 11.706ms
[1983.641s][info ][gc,phases,start] GC(235) Compaction Phase
[1983.732s][info ][gc,phases      ] GC(235) Compaction Phase 90.652ms
[1983.732s][info ][gc,phases,start] GC(235) Post Compact
[1983.733s][info ][gc,phases      ] GC(235) Post Compact 1.658ms
[1983.733s][info ][gc,heap        ] GC(235) PSYoungGen: 50663K(2008576K)->0K(2027520K) Eden: 0K(1957888K)->0K(1957888K) From: 50663K(50688K)->0K(69632K)
[1983.733s][info ][gc,heap        ] GC(235) ParOldGen: 636323K(636416K)->538274K(684544K)
[1983.733s][info ][gc,metaspace   ] GC(235) Metaspace: 82286K(83072K)->82286K(83072K) NonClass: 70805K(71232K)->70805K(71232K) Class: 11480K(11840K)->11480K(11840K)
[1983.733s][info ][gc             ] GC(235) Pause Full (Ergonomics) 670M->525M(2648M) 263.486ms
[1983.733s][info ][gc,cpu         ] GC(235) User=0.95s Sys=0.00s Real=0.27s
[1983.733s][info ][safepoint      ] Safepoint "ParallelGCFailedAllocation", Time since last: 236607636 ns, Reaching safepoint: 98502 ns, At safepoint: 286093276 ns, Total: 286191778 ns
[1984.734s][info ][safepoint      ] Safepoint "Cleanup", Time since last: 1000094247 ns, Reaching safepoint: 117002 ns, At safepoint: 10800 ns, Total: 127802 ns
[1985.734s][info ][safepoint      ] Safepoint "Cleanup", Time since last: 1000114848 ns, Reaching safepoint: 64501 ns, At safepoint: 9200 ns, Total: 73701 ns
[1986.734s][info ][safepoint      ] Safepoint "Cleanup", Time since last: 1000102947 ns, Reaching safepoint: 40001 ns, At safepoint: 3600 ns, Total: 43601 ns
[1987.734s][info ][safepoint      ] Safepoint "Cleanup", Time since last: 1000090547 ns, Reaching safepoint: 106402 ns, At safepoint: 13600 ns, Total: 120002 ns
[1987.779s][info ][gc,start       ] GC(236) Pause Young (Allocation Failure)
[1987.790s][debug][gc,phases      ] GC(236) Scavenge 11.217ms
[1987.790s][debug][gc,ref         ] GC(236) Skipped phase 1 of Reference Processing: no references
[1987.790s][debug][gc,ref         ] GC(236) Skipped phase 2 of Reference Processing: no references
[1987.790s][debug][gc,ref         ] GC(236) Skipped phase 3 of Reference Processing: no references
[1987.790s][debug][gc,ref         ] GC(236) Skipped phase 4 of Reference Processing: no references
[1987.790s][debug][gc,phases      ] GC(236) Reference Processing 0.035ms
[1987.790s][debug][gc,phases      ] GC(236)   VM Weak                        Min:  0.0, Avg:  0.0, Max:  0.0, Diff:  0.0, Sum:  0.0, Workers: 4
[1987.790s][debug][gc,phases      ] GC(236)     Dead                           Min: 0, Avg:  0.0, Max: 0, Diff: 0, Sum: 0, Workers: 4
[1987.790s][debug][gc,phases      ] GC(236)     Total                          Min: 0, Avg: 169.2, Max: 640, Diff: 640, Sum: 677, Workers: 4
[1987.790s][debug][gc,phases      ] GC(236)   ObjectSynchronizer Weak        Min:  0.0, Avg:  0.0, Max:  0.0, Diff:  0.0, Sum:  0.0, Workers: 4
[1987.790s][debug][gc,phases      ] GC(236)     Dead                           Min: 0, Avg:  0.0, Max: 0, Diff: 0, Sum: 0, Workers: 4
[1987.790s][debug][gc,phases      ] GC(236)     Total                          Min: 0, Avg: 91.0, Max: 236, Diff: 236, Sum: 364, Workers: 4
[1987.790s][debug][gc,phases      ] GC(236)   JVMTI Tag Weak OopStorage      Min:  0.0, Avg:  0.0, Max:  0.0, Diff:  0.0, Sum:  0.0, Workers: 4
[1987.790s][debug][gc,phases      ] GC(236)     Dead                           Min: 0, Avg:  0.0, Max: 0, Diff: 0, Sum: 0, Workers: 4
[1987.790s][debug][gc,phases      ] GC(236)     Total                          Min: 0, Avg:  0.0, Max: 0, Diff: 0, Sum: 0, Workers: 4
[1987.790s][debug][gc,phases      ] GC(236)   StringTable Weak               Min:  0.1, Avg:  0.1, Max:  0.1, Diff:  0.0, Sum:  0.5, Workers: 4
[1987.790s][debug][gc,phases      ] GC(236)     Dead                           Min: 0, Avg:  0.0, Max: 0, Diff: 0, Sum: 0, Workers: 4
[1987.790s][debug][gc,phases      ] GC(236)     Total                          Min: 11456, Avg: 12075.0, Max: 12908, Diff: 1452, Sum: 48300, Workers: 4
[1987.790s][debug][gc,phases      ] GC(236)   ResolvedMethodTable Weak       Min:  0.0, Avg:  0.0, Max:  0.0, Diff:  0.0, Sum:  0.1, Workers: 4
[1987.790s][debug][gc,phases      ] GC(236)     Dead                           Min: 0, Avg:  0.0, Max: 0, Diff: 0, Sum: 0, Workers: 4
[1987.790s][debug][gc,phases      ] GC(236)     Total                          Min: 1856, Avg: 1984.5, Max: 2176, Diff: 320, Sum: 7938, Workers: 4
[1987.790s][debug][gc,phases      ] GC(236)   JNI Weak                       Min:  0.0, Avg:  0.0, Max:  0.0, Diff:  0.0, Sum:  0.0, Workers: 4
[1987.790s][debug][gc,phases      ] GC(236)     Dead                           Min: 0, Avg:  0.0, Max: 0, Diff: 0, Sum: 0, Workers: 4
[1987.790s][debug][gc,phases      ] GC(236)     Total                          Min: 0, Avg:  0.0, Max: 0, Diff: 0, Sum: 0, Workers: 4
[1987.790s][debug][gc,phases      ] GC(236)   StringDedup Table Weak         Min:  0.0, Avg:  0.0, Max:  0.0, Diff:  0.0, Sum:  0.0, Workers: 4
[1987.790s][debug][gc,phases      ] GC(236)     Dead                           Min: 0, Avg:  0.0, Max: 0, Diff: 0, Sum: 0, Workers: 4
[1987.790s][debug][gc,phases      ] GC(236)     Total                          Min: 0, Avg:  0.0, Max: 0, Diff: 0, Sum: 0, Workers: 4
[1987.790s][debug][gc,phases      ] GC(236)   StringDedup Requests0 Weak     Min:  0.0, Avg:  0.0, Max:  0.0, Diff:  0.0, Sum:  0.0, Workers: 4
[1987.790s][debug][gc,phases      ] GC(236)     Dead                           Min: 0, Avg:  0.0, Max: 0, Diff: 0, Sum: 0, Workers: 4
[1987.790s][debug][gc,phases      ] GC(236)     Total                          Min: 0, Avg:  0.0, Max: 0, Diff: 0, Sum: 0, Workers: 4
[1987.790s][debug][gc,phases      ] GC(236)   StringDedup Requests1 Weak     Min:  0.0, Avg:  0.0, Max:  0.0, Diff:  0.0, Sum:  0.0, Workers: 4
[1987.790s][debug][gc,phases      ] GC(236)     Dead                           Min: 0, Avg:  0.0, Max: 0, Diff: 0, Sum: 0, Workers: 4
[1987.790s][debug][gc,phases      ] GC(236)     Total                          Min: 0, Avg:  0.0, Max: 0, Diff: 0, Sum: 0, Workers: 4
[1987.790s][debug][gc,phases      ] GC(236)   Weak JFR Old Object Samples    Min:  0.0, Avg:  0.0, Max:  0.0, Diff:  0.0, Sum:  0.0, Workers: 4
[1987.790s][debug][gc,phases      ] GC(236)     Dead                           Min: 0, Avg:  0.0, Max: 0, Diff: 0, Sum: 0, Workers: 4
[1987.790s][debug][gc,phases      ] GC(236)     Total                          Min: 0, Avg:  0.0, Max: 0, Diff: 0, Sum: 0, Workers: 4
[1987.790s][debug][gc,phases      ] GC(236) Weak Processing 0.361ms
[1987.790s][debug][gc,age         ] GC(236) Desired survivor size 71303168 bytes, new threshold 15 (max threshold 15)
[1987.790s][info ][gc,heap        ] GC(236) PSYoungGen: 1957888K(2027520K)->39248K(2027520K) Eden: 1957888K(1957888K)->0K(1957888K) From: 0K(69632K)->39248K(69632K)
[1987.790s][info ][gc,heap        ] GC(236) ParOldGen: 538274K(684544K)->538274K(684544K)
[1987.790s][info ][gc,metaspace   ] GC(236) Metaspace: 82297K(83072K)->82297K(83072K) NonClass: 70816K(71232K)->70816K(71232K) Class: 11480K(11840K)->11480K(11840K)
[1987.790s][info ][gc             ] GC(236) Pause Young (Allocation Failure) 2437M->563M(2648M) 11.767ms
[1987.790s][info ][gc,cpu         ] GC(236) User=0.05s Sys=0.00s Real=0.01s
[1987.790s][info ][safepoint      ] Safepoint "ParallelGCFailedAllocation", Time since last: 44371663 ns, Reaching safepoint: 28300 ns, At safepoint: 11859178 ns, Total: 11887478 ns
[1988.791s][info ][safepoint      ] Safepoint "Cleanup", Time since last: 1000084247 ns, Reaching safepoint: 52900 ns, At safepoint: 9001 ns, Total: 61901 ns
[1989.791s][info ][safepoint      ] Safepoint "Cleanup", Time since last: 1000096947 ns, Reaching safepoint: 42800 ns, At safepoint: 2700 ns, Total: 45500 ns
[1990.791s][info ][safepoint      ] Safepoint "Cleanup", Time since last: 1000097847 ns, Reaching safepoint: 37201 ns, At safepoint: 3200 ns, Total: 40401 ns
[1991.791s][info ][safepoint      ] Safepoint "Cleanup", Time since last: 1000097047 ns, Reaching safepoint: 82901 ns, At safepoint: 7600 ns, Total: 90501 ns
[1992.791s][info ][safepoint      ] Safepoint "Cleanup", Time since last: 1000130548 ns, Reaching safepoint: 42101 ns, At safepoint: 3000 ns, Total: 45101 ns
[1993.116s][info ][gc,start       ] GC(237) Pause Young (Allocation Failure)
[1993.125s][debug][gc,phases      ] GC(237) Scavenge 8.832ms
[1993.125s][debug][gc,ref         ] GC(237) Skipped phase 1 of Reference Processing: no references
[1993.125s][debug][gc,ref         ] GC(237) Skipped phase 2 of Reference Processing: no references
[1993.125s][debug][gc,ref         ] GC(237) Skipped phase 3 of Reference Processing: no references
[1993.125s][debug][gc,ref         ] GC(237) Skipped phase 4 of Reference Processing: no references
[1993.125s][debug][gc,phases      ] GC(237) Reference Processing 0.027ms
[1993.126s][debug][gc,phases      ] GC(237)   VM Weak                        Min:  0.0, Avg:  0.0, Max:  0.0, Diff:  0.0, Sum:  0.0, Workers: 4
[1993.126s][debug][gc,phases      ] GC(237)     Dead                           Min: 0, Avg:  0.0, Max: 0, Diff: 0, Sum: 0, Workers: 4
[1993.126s][debug][gc,phases      ] GC(237)     Total                          Min: 0, Avg: 169.2, Max: 357, Diff: 357, Sum: 677, Workers: 4
[1993.126s][debug][gc,phases      ] GC(237)   ObjectSynchronizer Weak        Min:  0.0, Avg:  0.0, Max:  0.0, Diff:  0.0, Sum:  0.0, Workers: 4
[1993.126s][debug][gc,phases      ] GC(237)     Dead                           Min: 0, Avg:  0.0, Max: 0, Diff: 0, Sum: 0, Workers: 4
[1993.126s][debug][gc,phases      ] GC(237)     Total                          Min: 0, Avg: 91.0, Max: 172, Diff: 172, Sum: 364, Workers: 4
[1993.126s][debug][gc,phases      ] GC(237)   JVMTI Tag Weak OopStorage      Min:  0.0, Avg:  0.0, Max:  0.0, Diff:  0.0, Sum:  0.0, Workers: 4
[1993.126s][debug][gc,phases      ] GC(237)     Dead                           Min: 0, Avg:  0.0, Max: 0, Diff: 0, Sum: 0, Workers: 4
[1993.126s][debug][gc,phases      ] GC(237)     Total                          Min: 0, Avg:  0.0, Max: 0, Diff: 0, Sum: 0, Workers: 4
[1993.126s][debug][gc,phases      ] GC(237)   StringTable Weak               Min:  0.1, Avg:  0.1, Max:  0.1, Diff:  0.0, Sum:  0.4, Workers: 4
[1993.126s][debug][gc,phases      ] GC(237)     Dead                           Min: 0, Avg:  0.0, Max: 0, Diff: 0, Sum: 0, Workers: 4
[1993.126s][debug][gc,phases      ] GC(237)     Total                          Min: 10542, Avg: 12075.5, Max: 13376, Diff: 2834, Sum: 48302, Workers: 4
[1993.126s][debug][gc,phases      ] GC(237)   ResolvedMethodTable Weak       Min:  0.0, Avg:  0.0, Max:  0.0, Diff:  0.0, Sum:  0.1, Workers: 4
[1993.126s][debug][gc,phases      ] GC(237)     Dead                           Min: 0, Avg:  0.0, Max: 0, Diff: 0, Sum: 0, Workers: 4
[1993.126s][debug][gc,phases      ] GC(237)     Total                          Min: 1863, Avg: 1984.5, Max: 2136, Diff: 273, Sum: 7938, Workers: 4
[1993.126s][debug][gc,phases      ] GC(237)   JNI Weak                       Min:  0.0, Avg:  0.0, Max:  0.0, Diff:  0.0, Sum:  0.0, Workers: 4
[1993.126s][debug][gc,phases      ] GC(237)     Dead                           Min: 0, Avg:  0.0, Max: 0, Diff: 0, Sum: 0, Workers: 4
[1993.126s][debug][gc,phases      ] GC(237)     Total                          Min: 0, Avg:  0.0, Max: 0, Diff: 0, Sum: 0, Workers: 4
[1993.126s][debug][gc,phases      ] GC(237)   StringDedup Table Weak         Min:  0.0, Avg:  0.0, Max:  0.0, Diff:  0.0, Sum:  0.0, Workers: 4
[1993.126s][debug][gc,phases      ] GC(237)     Dead                           Min: 0, Avg:  0.0, Max: 0, Diff: 0, Sum: 0, Workers: 4
[1993.126s][debug][gc,phases      ] GC(237)     Total                          Min: 0, Avg:  0.0, Max: 0, Diff: 0, Sum: 0, Workers: 4
[1993.126s][debug][gc,phases      ] GC(237)   StringDedup Requests0 Weak     Min:  0.0, Avg:  0.0, Max:  0.0, Diff:  0.0, Sum:  0.0, Workers: 4
[1993.126s][debug][gc,phases      ] GC(237)     Dead                           Min: 0, Avg:  0.0, Max: 0, Diff: 0, Sum: 0, Workers: 4
[1993.126s][debug][gc,phases      ] GC(237)     Total                          Min: 0, Avg:  0.0, Max: 0, Diff: 0, Sum: 0, Workers: 4
[1993.126s][debug][gc,phases      ] GC(237)   StringDedup Requests1 Weak     Min:  0.0, Avg:  0.0, Max:  0.0, Diff:  0.0, Sum:  0.0, Workers: 4
[1993.126s][debug][gc,phases      ] GC(237)     Dead                           Min: 0, Avg:  0.0, Max: 0, Diff: 0, Sum: 0, Workers: 4
[1993.126s][debug][gc,phases      ] GC(237)     Total                          Min: 0, Avg:  0.0, Max: 0, Diff: 0, Sum: 0, Workers: 4
[1993.126s][debug][gc,phases      ] GC(237)   Weak JFR Old Object Samples    Min:  0.0, Avg:  0.0, Max:  0.0, Diff:  0.0, Sum:  0.0, Workers: 4
[1993.126s][debug][gc,phases      ] GC(237)     Dead                           Min: 0, Avg:  0.0, Max: 0, Diff: 0, Sum: 0, Workers: 4
[1993.126s][debug][gc,phases      ] GC(237)     Total                          Min: 0, Avg:  0.0, Max: 0, Diff: 0, Sum: 0, Workers: 4
[1993.126s][debug][gc,phases      ] GC(237) Weak Processing 0.347ms
[1993.126s][debug][gc,age         ] GC(237) Desired survivor size 71303168 bytes, new threshold 15 (max threshold 15)
[1993.126s][info ][gc,heap        ] GC(237) PSYoungGen: 1997136K(2027520K)->39376K(2027520K) Eden: 1957888K(1957888K)->0K(1957888K) From: 39248K(69632K)->39376K(69632K)
[1993.126s][info ][gc,heap        ] GC(237) ParOldGen: 538274K(684544K)->538274K(684544K)
[1993.126s][info ][gc,metaspace   ] GC(237) Metaspace: 82308K(83072K)->82308K(83072K) NonClass: 70826K(71232K)->70826K(71232K) Class: 11482K(11840K)->11482K(11840K)
[1993.126s][info ][gc             ] GC(237) Pause Young (Allocation Failure) 2475M->564M(2648M) 9.358ms
[1993.126s][info ][gc,cpu         ] GC(237) User=0.03s Sys=0.00s Real=0.01s
[1993.126s][info ][safepoint      ] Safepoint "ParallelGCFailedAllocation", Time since last: 325056558 ns, Reaching safepoint: 63401 ns, At safepoint: 9452141 ns, Total: 9515542 ns
[1994.126s][info ][safepoint      ] Safepoint "Cleanup", Time since last: 1000092447 ns, Reaching safepoint: 127702 ns, At safepoint: 8100 ns, Total: 135802 ns
[1995.126s][info ][safepoint      ] Safepoint "Cleanup", Time since last: 1000108947 ns, Reaching safepoint: 121902 ns, At safepoint: 6800 ns, Total: 128702 ns
[1996.127s][info ][safepoint      ] Safepoint "Cleanup", Time since last: 1000107847 ns, Reaching safepoint: 115702 ns, At safepoint: 6600 ns, Total: 122302 ns
[1997.127s][info ][safepoint      ] Safepoint "Cleanup", Time since last: 1000109847 ns, Reaching safepoint: 117502 ns, At safepoint: 5900 ns, Total: 123402 ns
[1998.127s][info ][safepoint      ] Safepoint "Cleanup", Time since last: 1000104647 ns, Reaching safepoint: 116401 ns, At safepoint: 6000 ns, Total: 122401 ns
[1998.918s][info ][gc,start       ] GC(238) Pause Young (Allocation Failure)
[1998.932s][debug][gc,phases      ] GC(238) Scavenge 14.179ms
[1998.932s][debug][gc,ref         ] GC(238) Skipped phase 1 of Reference Processing: no references
[1998.932s][debug][gc,ref         ] GC(238) Skipped phase 2 of Reference Processing: no references
[1998.932s][debug][gc,ref         ] GC(238) Skipped phase 3 of Reference Processing: no references
[1998.932s][debug][gc,ref         ] GC(238) ReferenceProcessor::execute queues: 1, RefProcThreadModel::Single, marks_oops_alive: false
[1998.932s][debug][gc,phases      ] GC(238) Reference Processing 0.112ms
[1998.932s][debug][gc,phases      ] GC(238)   VM Weak                        Min:  0.0, Avg:  0.0, Max:  0.0, Diff:  0.0, Sum:  0.0, Workers: 4
[1998.932s][debug][gc,phases      ] GC(238)     Dead                           Min: 0, Avg:  0.0, Max: 0, Diff: 0, Sum: 0, Workers: 4
[1998.932s][debug][gc,phases      ] GC(238)     Total                          Min: 0, Avg: 169.2, Max: 384, Diff: 384, Sum: 677, Workers: 4
[1998.932s][debug][gc,phases      ] GC(238)   ObjectSynchronizer Weak        Min:  0.0, Avg:  0.0, Max:  0.0, Diff:  0.0, Sum:  0.0, Workers: 4
[1998.932s][debug][gc,phases      ] GC(238)     Dead                           Min: 0, Avg:  0.0, Max: 0, Diff: 0, Sum: 0, Workers: 4
[1998.932s][debug][gc,phases      ] GC(238)     Total                          Min: 0, Avg: 91.0, Max: 192, Diff: 192, Sum: 364, Workers: 4
[1998.932s][debug][gc,phases      ] GC(238)   JVMTI Tag Weak OopStorage      Min:  0.0, Avg:  0.0, Max:  0.0, Diff:  0.0, Sum:  0.0, Workers: 4
[1998.932s][debug][gc,phases      ] GC(238)     Dead                           Min: 0, Avg:  0.0, Max: 0, Diff: 0, Sum: 0, Workers: 4
[1998.932s][debug][gc,phases      ] GC(238)     Total                          Min: 0, Avg:  0.0, Max: 0, Diff: 0, Sum: 0, Workers: 4
[1998.932s][debug][gc,phases      ] GC(238)   StringTable Weak               Min:  0.1, Avg:  0.1, Max:  0.1, Diff:  0.0, Sum:  0.4, Workers: 4
[1998.932s][debug][gc,phases      ] GC(238)     Dead                           Min: 0, Avg:  0.0, Max: 0, Diff: 0, Sum: 0, Workers: 4
[1998.932s][debug][gc,phases      ] GC(238)     Total                          Min: 11438, Avg: 12075.5, Max: 12928, Diff: 1490, Sum: 48302, Workers: 4
[1998.932s][debug][gc,phases      ] GC(238)   ResolvedMethodTable Weak       Min:  0.0, Avg:  0.0, Max:  0.0, Diff:  0.0, Sum:  0.1, Workers: 4
[1998.932s][debug][gc,phases      ] GC(238)     Dead                           Min: 0, Avg:  0.0, Max: 0, Diff: 0, Sum: 0, Workers: 4
[1998.932s][debug][gc,phases      ] GC(238)     Total                          Min: 1826, Avg: 1984.5, Max: 2073, Diff: 247, Sum: 7938, Workers: 4
[1998.932s][debug][gc,phases      ] GC(238)   JNI Weak                       Min:  0.0, Avg:  0.0, Max:  0.0, Diff:  0.0, Sum:  0.0, Workers: 4
[1998.932s][debug][gc,phases      ] GC(238)     Dead                           Min: 0, Avg:  0.0, Max: 0, Diff: 0, Sum: 0, Workers: 4
[1998.932s][debug][gc,phases      ] GC(238)     Total                          Min: 0, Avg:  0.0, Max: 0, Diff: 0, Sum: 0, Workers: 4
[1998.932s][debug][gc,phases      ] GC(238)   StringDedup Table Weak         Min:  0.0, Avg:  0.0, Max:  0.0, Diff:  0.0, Sum:  0.0, Workers: 4
[1998.932s][debug][gc,phases      ] GC(238)     Dead                           Min: 0, Avg:  0.0, Max: 0, Diff: 0, Sum: 0, Workers: 4
[1998.932s][debug][gc,phases      ] GC(238)     Total                          Min: 0, Avg:  0.0, Max: 0, Diff: 0, Sum: 0, Workers: 4
[1998.932s][debug][gc,phases      ] GC(238)   StringDedup Requests0 Weak     Min:  0.0, Avg:  0.0, Max:  0.0, Diff:  0.0, Sum:  0.0, Workers: 4
[1998.932s][debug][gc,phases      ] GC(238)     Dead                           Min: 0, Avg:  0.0, Max: 0, Diff: 0, Sum: 0, Workers: 4
[1998.932s][debug][gc,phases      ] GC(238)     Total                          Min: 0, Avg:  0.0, Max: 0, Diff: 0, Sum: 0, Workers: 4
[1998.932s][debug][gc,phases      ] GC(238)   StringDedup Requests1 Weak     Min:  0.0, Avg:  0.0, Max:  0.0, Diff:  0.0, Sum:  0.0, Workers: 4
[1998.932s][debug][gc,phases      ] GC(238)     Dead                           Min: 0, Avg:  0.0, Max: 0, Diff: 0, Sum: 0, Workers: 4
[1998.932s][debug][gc,phases      ] GC(238)     Total                          Min: 0, Avg:  0.0, Max: 0, Diff: 0, Sum: 0, Workers: 4
[1998.932s][debug][gc,phases      ] GC(238)   Weak JFR Old Object Samples    Min:  0.0, Avg:  0.0, Max:  0.0, Diff:  0.0, Sum:  0.0, Workers: 4
[1998.932s][debug][gc,phases      ] GC(238)     Dead                           Min: 0, Avg:  0.0, Max: 0, Diff: 0, Sum: 0, Workers: 4
[1998.932s][debug][gc,phases      ] GC(238)     Total                          Min: 0, Avg:  0.0, Max: 0, Diff: 0, Sum: 0, Workers: 4
[1998.932s][debug][gc,phases      ] GC(238) Weak Processing 0.348ms
[1998.932s][debug][gc,age         ] GC(238) Desired survivor size 78118912 bytes, new threshold 15 (max threshold 15)
[1998.932s][info ][gc,heap        ] GC(238) PSYoungGen: 1997264K(2027520K)->58464K(2014208K) Eden: 1957888K(1957888K)->0K(1944576K) From: 39376K(69632K)->58464K(69632K)
[1998.932s][info ][gc,heap        ] GC(238) ParOldGen: 538274K(684544K)->538274K(684544K)
[1998.932s][info ][gc,metaspace   ] GC(238) Metaspace: 82319K(83136K)->82319K(83136K) NonClass: 70837K(71296K)->70837K(71296K) Class: 11482K(11840K)->11482K(11840K)
[1998.932s][info ][gc             ] GC(238) Pause Young (Allocation Failure) 2476M->582M(2635M) 14.788ms
[1998.932s][info ][gc,cpu         ] GC(238) User=0.06s Sys=0.00s Real=0.02s
[1998.933s][info ][safepoint      ] Safepoint "ParallelGCFailedAllocation", Time since last: 790524215 ns, Reaching safepoint: 113602 ns, At safepoint: 14877722 ns, Total: 14991324 ns
[2001.450s][info ][safepoint      ] Safepoint "ICBufferFull", Time since last: 2517303422 ns, Reaching safepoint: 132002 ns, At safepoint: 10000 ns, Total: 142002 ns
[2001.514s][info ][safepoint      ] Safepoint "ICBufferFull", Time since last: 63736553 ns, Reaching safepoint: 114501 ns, At safepoint: 8300 ns, Total: 122801 ns
[2001.518s][info ][safepoint      ] Safepoint "ICBufferFull", Time since last: 4125362 ns, Reaching safepoint: 120302 ns, At safepoint: 17500 ns, Total: 137802 ns
[2002.194s][info ][gc,start       ] GC(239) Pause Young (Allocation Failure)
[2002.210s][debug][gc,phases      ] GC(239) Scavenge 15.995ms
[2002.210s][debug][gc,ref         ] GC(239) Skipped phase 1 of Reference Processing: no references
[2002.210s][debug][gc,ref         ] GC(239) Skipped phase 2 of Reference Processing: no references
[2002.210s][debug][gc,ref         ] GC(239) Skipped phase 3 of Reference Processing: no references
[2002.211s][debug][gc,ref         ] GC(239) ReferenceProcessor::execute queues: 1, RefProcThreadModel::Single, marks_oops_alive: false
[2002.211s][debug][gc,phases      ] GC(239) Reference Processing 0.110ms
[2002.211s][debug][gc,phases      ] GC(239)   VM Weak                        Min:  0.0, Avg:  0.0, Max:  0.0, Diff:  0.0, Sum:  0.0, Workers: 4
[2002.211s][debug][gc,phases      ] GC(239)     Dead                           Min: 0, Avg:  0.0, Max: 0, Diff: 0, Sum: 0, Workers: 4
[2002.211s][debug][gc,phases      ] GC(239)     Total                          Min: 0, Avg: 169.2, Max: 384, Diff: 384, Sum: 677, Workers: 4
[2002.211s][debug][gc,phases      ] GC(239)   ObjectSynchronizer Weak        Min:  0.0, Avg:  0.0, Max:  0.0, Diff:  0.0, Sum:  0.0, Workers: 4
[2002.211s][debug][gc,phases      ] GC(239)     Dead                           Min: 0, Avg:  0.0, Max: 0, Diff: 0, Sum: 0, Workers: 4
[2002.211s][debug][gc,phases      ] GC(239)     Total                          Min: 0, Avg: 91.0, Max: 192, Diff: 192, Sum: 364, Workers: 4
[2002.211s][debug][gc,phases      ] GC(239)   JVMTI Tag Weak OopStorage      Min:  0.0, Avg:  0.0, Max:  0.0, Diff:  0.0, Sum:  0.0, Workers: 4
[2002.211s][debug][gc,phases      ] GC(239)     Dead                           Min: 0, Avg:  0.0, Max: 0, Diff: 0, Sum: 0, Workers: 4
[2002.211s][debug][gc,phases      ] GC(239)     Total                          Min: 0, Avg:  0.0, Max: 0, Diff: 0, Sum: 0, Workers: 4
[2002.211s][debug][gc,phases      ] GC(239)   StringTable Weak               Min:  0.1, Avg:  0.1, Max:  0.1, Diff:  0.0, Sum:  0.5, Workers: 4
[2002.211s][debug][gc,phases      ] GC(239)     Dead                           Min: 0, Avg:  0.0, Max: 0, Diff: 0, Sum: 0, Workers: 4
[2002.211s][debug][gc,phases      ] GC(239)     Total                          Min: 11567, Avg: 12075.8, Max: 13056, Diff: 1489, Sum: 48303, Workers: 4
[2002.211s][debug][gc,phases      ] GC(239)   ResolvedMethodTable Weak       Min:  0.0, Avg:  0.0, Max:  0.0, Diff:  0.0, Sum:  0.1, Workers: 4
[2002.211s][debug][gc,phases      ] GC(239)     Dead                           Min: 0, Avg:  0.0, Max: 0, Diff: 0, Sum: 0, Workers: 4
[2002.211s][debug][gc,phases      ] GC(239)     Total                          Min: 1900, Avg: 1984.5, Max: 2049, Diff: 149, Sum: 7938, Workers: 4
[2002.211s][debug][gc,phases      ] GC(239)   JNI Weak                       Min:  0.0, Avg:  0.0, Max:  0.0, Diff:  0.0, Sum:  0.0, Workers: 4
[2002.211s][debug][gc,phases      ] GC(239)     Dead                           Min: 0, Avg:  0.0, Max: 0, Diff: 0, Sum: 0, Workers: 4
[2002.211s][debug][gc,phases      ] GC(239)     Total                          Min: 0, Avg:  0.0, Max: 0, Diff: 0, Sum: 0, Workers: 4
[2002.211s][debug][gc,phases      ] GC(239)   StringDedup Table Weak         Min:  0.0, Avg:  0.0, Max:  0.0, Diff:  0.0, Sum:  0.0, Workers: 4
[2002.211s][debug][gc,phases      ] GC(239)     Dead                           Min: 0, Avg:  0.0, Max: 0, Diff: 0, Sum: 0, Workers: 4
[2002.211s][debug][gc,phases      ] GC(239)     Total                          Min: 0, Avg:  0.0, Max: 0, Diff: 0, Sum: 0, Workers: 4
[2002.211s][debug][gc,phases      ] GC(239)   StringDedup Requests0 Weak     Min:  0.0, Avg:  0.0, Max:  0.0, Diff:  0.0, Sum:  0.0, Workers: 4
[2002.211s][debug][gc,phases      ] GC(239)     Dead                           Min: 0, Avg:  0.0, Max: 0, Diff: 0, Sum: 0, Workers: 4
[2002.211s][debug][gc,phases      ] GC(239)     Total                          Min: 0, Avg:  0.0, Max: 0, Diff: 0, Sum: 0, Workers: 4
[2002.211s][debug][gc,phases      ] GC(239)   StringDedup Requests1 Weak     Min:  0.0, Avg:  0.0, Max:  0.0, Diff:  0.0, Sum:  0.0, Workers: 4
[2002.211s][debug][gc,phases      ] GC(239)     Dead                           Min: 0, Avg:  0.0, Max: 0, Diff: 0, Sum: 0, Workers: 4
[2002.211s][debug][gc,phases      ] GC(239)     Total                          Min: 0, Avg:  0.0, Max: 0, Diff: 0, Sum: 0, Workers: 4
[2002.211s][debug][gc,phases      ] GC(239)   Weak JFR Old Object Samples    Min:  0.0, Avg:  0.0, Max:  0.0, Diff:  0.0, Sum:  0.0, Workers: 4
[2002.211s][debug][gc,phases      ] GC(239)     Dead                           Min: 0, Avg:  0.0, Max: 0, Diff: 0, Sum: 0, Workers: 4
[2002.211s][debug][gc,phases      ] GC(239)     Total                          Min: 0, Avg:  0.0, Max: 0, Diff: 0, Sum: 0, Workers: 4
[2002.211s][debug][gc,phases      ] GC(239) Weak Processing 0.339ms
[2002.211s][debug][gc,age         ] GC(239) Desired survivor size 90177536 bytes, new threshold 15 (max threshold 15)
[2002.211s][info ][gc,heap        ] GC(239) PSYoungGen: 2003040K(2014208K)->75744K(2020352K) Eden: 1944576K(1944576K)->0K(1944576K) From: 58464K(69632K)->75744K(75776K)
[2002.211s][info ][gc,heap        ] GC(239) ParOldGen: 538274K(684544K)->538274K(684544K)
[2002.211s][info ][gc,metaspace   ] GC(239) Metaspace: 82344K(83200K)->82344K(83200K) NonClass: 70861K(71360K)->70861K(71360K) Class: 11482K(11840K)->11482K(11840K)
[2002.211s][info ][gc             ] GC(239) Pause Young (Allocation Failure) 2481M->599M(2641M) 16.588ms
[2002.211s][info ][gc,cpu         ] GC(239) User=0.06s Sys=0.00s Real=0.01s
[2002.211s][info ][safepoint      ] Safepoint "ParallelGCFailedAllocation", Time since last: 676149705 ns, Reaching safepoint: 45801 ns, At safepoint: 16693449 ns, Total: 16739250 ns
[2003.211s][info ][safepoint      ] Safepoint "Cleanup", Time since last: 1000053646 ns, Reaching safepoint: 79802 ns, At safepoint: 9200 ns, Total: 89002 ns
[2004.211s][info ][safepoint      ] Safepoint "Cleanup", Time since last: 1000129247 ns, Reaching safepoint: 128502 ns, At safepoint: 14100 ns, Total: 142602 ns
[2005.212s][info ][safepoint      ] Safepoint "Cleanup", Time since last: 1000110247 ns, Reaching safepoint: 47200 ns, At safepoint: 10500 ns, Total: 57700 ns
[2006.212s][info ][safepoint      ] Safepoint "Cleanup", Time since last: 1000102147 ns, Reaching safepoint: 62401 ns, At safepoint: 4300 ns, Total: 66701 ns
[2007.212s][info ][safepoint      ] Safepoint "Cleanup", Time since last: 1000098046 ns, Reaching safepoint: 73701 ns, At safepoint: 10401 ns, Total: 84102 ns
[2007.736s][info ][gc,start       ] GC(240) Pause Young (Allocation Failure)
[2007.751s][debug][gc,phases      ] GC(240) Scavenge 15.182ms
[2007.751s][debug][gc,ref         ] GC(240) Skipped phase 1 of Reference Processing: no references
[2007.751s][debug][gc,ref         ] GC(240) ReferenceProcessor::execute queues: 1, RefProcThreadModel::Single, marks_oops_alive: false
[2007.751s][debug][gc,ref         ] GC(240) Skipped phase 3 of Reference Processing: no references
[2007.751s][debug][gc,ref         ] GC(240) ReferenceProcessor::execute queues: 1, RefProcThreadModel::Single, marks_oops_alive: false
[2007.751s][debug][gc,phases      ] GC(240) Reference Processing 0.121ms
[2007.752s][debug][gc,phases      ] GC(240)   VM Weak                        Min:  0.0, Avg:  0.0, Max:  0.0, Diff:  0.0, Sum:  0.0, Workers: 4
[2007.752s][debug][gc,phases      ] GC(240)     Dead                           Min: 0, Avg:  0.0, Max: 0, Diff: 0, Sum: 0, Workers: 4
[2007.752s][debug][gc,phases      ] GC(240)     Total                          Min: 0, Avg: 169.2, Max: 677, Diff: 677, Sum: 677, Workers: 4
[2007.752s][debug][gc,phases      ] GC(240)   ObjectSynchronizer Weak        Min:  0.0, Avg:  0.0, Max:  0.0, Diff:  0.0, Sum:  0.0, Workers: 4
[2007.752s][debug][gc,phases      ] GC(240)     Dead                           Min: 0, Avg:  0.0, Max: 0, Diff: 0, Sum: 0, Workers: 4
[2007.752s][debug][gc,phases      ] GC(240)     Total                          Min: 0, Avg: 91.0, Max: 364, Diff: 364, Sum: 364, Workers: 4
[2007.752s][debug][gc,phases      ] GC(240)   JVMTI Tag Weak OopStorage      Min:  0.0, Avg:  0.0, Max:  0.0, Diff:  0.0, Sum:  0.0, Workers: 4
[2007.752s][debug][gc,phases      ] GC(240)     Dead                           Min: 0, Avg:  0.0, Max: 0, Diff: 0, Sum: 0, Workers: 4
[2007.752s][debug][gc,phases      ] GC(240)     Total                          Min: 0, Avg:  0.0, Max: 0, Diff: 0, Sum: 0, Workers: 4
[2007.752s][debug][gc,phases      ] GC(240)   StringTable Weak               Min:  0.1, Avg:  0.1, Max:  0.1, Diff:  0.0, Sum:  0.4, Workers: 4
[2007.752s][debug][gc,phases      ] GC(240)     Dead                           Min: 0, Avg:  0.0, Max: 0, Diff: 0, Sum: 0, Workers: 4
[2007.752s][debug][gc,phases      ] GC(240)     Total                          Min: 11456, Avg: 12080.5, Max: 12416, Diff: 960, Sum: 48322, Workers: 4
[2007.752s][debug][gc,phases      ] GC(240)   ResolvedMethodTable Weak       Min:  0.0, Avg:  0.0, Max:  0.0, Diff:  0.0, Sum:  0.1, Workers: 4
[2007.752s][debug][gc,phases      ] GC(240)     Dead                           Min: 0, Avg:  0.0, Max: 0, Diff: 0, Sum: 0, Workers: 4
[2007.752s][debug][gc,phases      ] GC(240)     Total                          Min: 1800, Avg: 1985.0, Max: 2199, Diff: 399, Sum: 7940, Workers: 4
[2007.752s][debug][gc,phases      ] GC(240)   JNI Weak                       Min:  0.0, Avg:  0.0, Max:  0.0, Diff:  0.0, Sum:  0.0, Workers: 4
[2007.752s][debug][gc,phases      ] GC(240)     Dead                           Min: 0, Avg:  0.0, Max: 0, Diff: 0, Sum: 0, Workers: 4
[2007.752s][debug][gc,phases      ] GC(240)     Total                          Min: 0, Avg:  0.0, Max: 0, Diff: 0, Sum: 0, Workers: 4
[2007.752s][debug][gc,phases      ] GC(240)   StringDedup Table Weak         Min:  0.0, Avg:  0.0, Max:  0.0, Diff:  0.0, Sum:  0.0, Workers: 4
[2007.752s][debug][gc,phases      ] GC(240)     Dead                           Min: 0, Avg:  0.0, Max: 0, Diff: 0, Sum: 0, Workers: 4
[2007.752s][debug][gc,phases      ] GC(240)     Total                          Min: 0, Avg:  0.0, Max: 0, Diff: 0, Sum: 0, Workers: 4
[2007.752s][debug][gc,phases      ] GC(240)   StringDedup Requests0 Weak     Min:  0.0, Avg:  0.0, Max:  0.0, Diff:  0.0, Sum:  0.0, Workers: 4
[2007.752s][debug][gc,phases      ] GC(240)     Dead                           Min: 0, Avg:  0.0, Max: 0, Diff: 0, Sum: 0, Workers: 4
[2007.752s][debug][gc,phases      ] GC(240)     Total                          Min: 0, Avg:  0.0, Max: 0, Diff: 0, Sum: 0, Workers: 4
[2007.752s][debug][gc,phases      ] GC(240)   StringDedup Requests1 Weak     Min:  0.0, Avg:  0.0, Max:  0.0, Diff:  0.0, Sum:  0.0, Workers: 4
[2007.752s][debug][gc,phases      ] GC(240)     Dead                           Min: 0, Avg:  0.0, Max: 0, Diff: 0, Sum: 0, Workers: 4
[2007.752s][debug][gc,phases      ] GC(240)     Total                          Min: 0, Avg:  0.0, Max: 0, Diff: 0, Sum: 0, Workers: 4
[2007.752s][debug][gc,phases      ] GC(240)   Weak JFR Old Object Samples    Min:  0.0, Avg:  0.0, Max:  0.0, Diff:  0.0, Sum:  0.0, Workers: 4
[2007.752s][debug][gc,phases      ] GC(240)     Dead                           Min: 0, Avg:  0.0, Max: 0, Diff: 0, Sum: 0, Workers: 4
[2007.752s][debug][gc,phases      ] GC(240)     Total                          Min: 0, Avg:  0.0, Max: 0, Diff: 0, Sum: 0, Workers: 4
[2007.752s][debug][gc,phases      ] GC(240) Weak Processing 0.324ms
[2007.752s][debug][gc,age         ] GC(240) Desired survivor size 99614720 bytes, new threshold 15 (max threshold 15)
[2007.752s][info ][gc,heap        ] GC(240) PSYoungGen: 2020320K(2020352K)->76005K(1979392K) Eden: 1944576K(1944576K)->0K(1902592K) From: 75744K(75776K)->76005K(76800K)
[2007.752s][info ][gc,heap        ] GC(240) ParOldGen: 538274K(684544K)->538274K(684544K)
[2007.752s][info ][gc,metaspace   ] GC(240) Metaspace: 82408K(83264K)->82408K(83264K) NonClass: 70923K(71424K)->70923K(71424K) Class: 11484K(11840K)->11484K(11840K)
[2007.752s][info ][gc             ] GC(240) Pause Young (Allocation Failure) 2498M->599M(2601M) 15.779ms
[2007.752s][info ][gc,cpu         ] GC(240) User=0.06s Sys=0.00s Real=0.02s
[2007.752s][info ][safepoint      ] Safepoint "ParallelGCFailedAllocation", Time since last: 523819028 ns, Reaching safepoint: 300005 ns, At safepoint: 15867437 ns, Total: 16167442 ns
[2008.752s][info ][safepoint      ] Safepoint "Cleanup", Time since last: 1000083246 ns, Reaching safepoint: 58501 ns, At safepoint: 3100 ns, Total: 61601 ns
[2009.752s][info ][safepoint      ] Safepoint "Cleanup", Time since last: 1000100546 ns, Reaching safepoint: 53801 ns, At safepoint: 4600 ns, Total: 58401 ns
[2010.752s][info ][safepoint      ] Safepoint "Cleanup", Time since last: 1000073646 ns, Reaching safepoint: 59101 ns, At safepoint: 10000 ns, Total: 69101 ns
[2012.753s][info ][safepoint      ] Safepoint "Cleanup", Time since last: 2000176492 ns, Reaching safepoint: 48901 ns, At safepoint: 6000 ns, Total: 54901 ns
[2013.032s][info ][safepoint      ] Safepoint "ICBufferFull", Time since last: 279256673 ns, Reaching safepoint: 132402 ns, At safepoint: 5900 ns, Total: 138302 ns
[2013.226s][info ][safepoint      ] Safepoint "ICBufferFull", Time since last: 193813997 ns, Reaching safepoint: 51701 ns, At safepoint: 4900 ns, Total: 56601 ns
[2014.226s][info ][safepoint      ] Safepoint "Cleanup", Time since last: 1000106046 ns, Reaching safepoint: 61101 ns, At safepoint: 3700 ns, Total: 64801 ns
[2015.016s][info ][gc,start       ] GC(241) Pause Young (Allocation Failure)
[2015.034s][debug][gc,phases      ] GC(241) Scavenge 17.778ms
[2015.034s][debug][gc,ref         ] GC(241) Skipped phase 1 of Reference Processing: no references
[2015.034s][debug][gc,ref         ] GC(241) ReferenceProcessor::execute queues: 1, RefProcThreadModel::Single, marks_oops_alive: false
[2015.034s][debug][gc,ref         ] GC(241) ReferenceProcessor::execute queues: 4, RefProcThreadModel::Multi, marks_oops_alive: true
[2015.034s][debug][gc,ref         ] GC(241) ReferenceProcessor::execute queues: 1, RefProcThreadModel::Single, marks_oops_alive: false
[2015.034s][debug][gc,phases      ] GC(241) Reference Processing 0.202ms
[2015.035s][debug][gc,phases      ] GC(241)   VM Weak                        Min:  0.0, Avg:  0.0, Max:  0.0, Diff:  0.0, Sum:  0.0, Workers: 4
[2015.035s][debug][gc,phases      ] GC(241)     Dead                           Min: 0, Avg:  0.0, Max: 0, Diff: 0, Sum: 0, Workers: 4
[2015.035s][debug][gc,phases      ] GC(241)     Total                          Min: 0, Avg: 169.2, Max: 421, Diff: 421, Sum: 677, Workers: 4
[2015.035s][debug][gc,phases      ] GC(241)   ObjectSynchronizer Weak        Min:  0.0, Avg:  0.0, Max:  0.0, Diff:  0.0, Sum:  0.0, Workers: 4
[2015.035s][debug][gc,phases      ] GC(241)     Dead                           Min: 0, Avg:  0.0, Max: 0, Diff: 0, Sum: 0, Workers: 4
[2015.035s][debug][gc,phases      ] GC(241)     Total                          Min: 0, Avg: 91.0, Max: 172, Diff: 172, Sum: 364, Workers: 4
[2015.035s][debug][gc,phases      ] GC(241)   JVMTI Tag Weak OopStorage      Min:  0.0, Avg:  0.0, Max:  0.0, Diff:  0.0, Sum:  0.0, Workers: 4
[2015.035s][debug][gc,phases      ] GC(241)     Dead                           Min: 0, Avg:  0.0, Max: 0, Diff: 0, Sum: 0, Workers: 4
[2015.035s][debug][gc,phases      ] GC(241)     Total                          Min: 0, Avg:  0.0, Max: 0, Diff: 0, Sum: 0, Workers: 4
[2015.035s][debug][gc,phases      ] GC(241)   StringTable Weak               Min:  0.1, Avg:  0.1, Max:  0.1, Diff:  0.0, Sum:  0.4, Workers: 4
[2015.035s][debug][gc,phases      ] GC(241)     Dead                           Min: 0, Avg:  0.2, Max: 1, Diff: 1, Sum: 1, Workers: 4
[2015.035s][debug][gc,phases      ] GC(241)     Total                          Min: 11698, Avg: 12092.5, Max: 12672, Diff: 974, Sum: 48370, Workers: 4
[2015.035s][debug][gc,phases      ] GC(241)   ResolvedMethodTable Weak       Min:  0.0, Avg:  0.0, Max:  0.0, Diff:  0.0, Sum:  0.1, Workers: 4
[2015.035s][debug][gc,phases      ] GC(241)     Dead                           Min: 0, Avg:  0.0, Max: 0, Diff: 0, Sum: 0, Workers: 4
[2015.035s][debug][gc,phases      ] GC(241)     Total                          Min: 1909, Avg: 1991.0, Max: 2197, Diff: 288, Sum: 7964, Workers: 4
[2015.035s][debug][gc,phases      ] GC(241)   JNI Weak                       Min:  0.0, Avg:  0.0, Max:  0.0, Diff:  0.0, Sum:  0.0, Workers: 4
[2015.035s][debug][gc,phases      ] GC(241)     Dead                           Min: 0, Avg:  0.0, Max: 0, Diff: 0, Sum: 0, Workers: 4
[2015.035s][debug][gc,phases      ] GC(241)     Total                          Min: 0, Avg:  0.0, Max: 0, Diff: 0, Sum: 0, Workers: 4
[2015.035s][debug][gc,phases      ] GC(241)   StringDedup Table Weak         Min:  0.0, Avg:  0.0, Max:  0.0, Diff:  0.0, Sum:  0.0, Workers: 4
[2015.035s][debug][gc,phases      ] GC(241)     Dead                           Min: 0, Avg:  0.0, Max: 0, Diff: 0, Sum: 0, Workers: 4
[2015.035s][debug][gc,phases      ] GC(241)     Total                          Min: 0, Avg:  0.0, Max: 0, Diff: 0, Sum: 0, Workers: 4
[2015.035s][debug][gc,phases      ] GC(241)   StringDedup Requests0 Weak     Min:  0.0, Avg:  0.0, Max:  0.0, Diff:  0.0, Sum:  0.0, Workers: 4
[2015.035s][debug][gc,phases      ] GC(241)     Dead                           Min: 0, Avg:  0.0, Max: 0, Diff: 0, Sum: 0, Workers: 4
[2015.035s][debug][gc,phases      ] GC(241)     Total                          Min: 0, Avg:  0.0, Max: 0, Diff: 0, Sum: 0, Workers: 4
[2015.035s][debug][gc,phases      ] GC(241)   StringDedup Requests1 Weak     Min:  0.0, Avg:  0.0, Max:  0.0, Diff:  0.0, Sum:  0.0, Workers: 4
[2015.035s][debug][gc,phases      ] GC(241)     Dead                           Min: 0, Avg:  0.0, Max: 0, Diff: 0, Sum: 0, Workers: 4
[2015.035s][debug][gc,phases      ] GC(241)     Total                          Min: 0, Avg:  0.0, Max: 0, Diff: 0, Sum: 0, Workers: 4
[2015.035s][debug][gc,phases      ] GC(241)   Weak JFR Old Object Samples    Min:  0.0, Avg:  0.0, Max:  0.0, Diff:  0.0, Sum:  0.0, Workers: 4
[2015.035s][debug][gc,phases      ] GC(241)     Dead                           Min: 0, Avg:  0.0, Max: 0, Diff: 0, Sum: 0, Workers: 4
[2015.035s][debug][gc,phases      ] GC(241)     Total                          Min: 0, Avg:  0.0, Max: 0, Diff: 0, Sum: 0, Workers: 4
[2015.035s][debug][gc,phases      ] GC(241) Weak Processing 0.335ms
[2015.035s][debug][gc,age         ] GC(241) Desired survivor size 111673344 bytes, new threshold 15 (max threshold 15)
[2015.035s][info ][gc,heap        ] GC(241) PSYoungGen: 1978597K(1979392K)->88000K(1990656K) Eden: 1902592K(1902592K)->0K(1902592K) From: 76005K(76800K)->88000K(88064K)
[2015.035s][info ][gc,heap        ] GC(241) ParOldGen: 538274K(684544K)->538274K(684544K)
[2015.035s][info ][gc,metaspace   ] GC(241) Metaspace: 82573K(83392K)->82573K(83392K) NonClass: 71064K(71552K)->71064K(71552K) Class: 11508K(11840K)->11508K(11840K)
[2015.035s][info ][gc             ] GC(241) Pause Young (Allocation Failure) 2457M->611M(2612M) 18.460ms
[2015.035s][info ][gc,cpu         ] GC(241) User=0.07s Sys=0.00s Real=0.02s
[2015.035s][info ][safepoint      ] Safepoint "ParallelGCFailedAllocation", Time since last: 790233810 ns, Reaching safepoint: 44200 ns, At safepoint: 18549478 ns, Total: 18593678 ns
[2015.440s][info ][safepoint      ] Safepoint "ICBufferFull", Time since last: 405520260 ns, Reaching safepoint: 113702 ns, At safepoint: 10900 ns, Total: 124602 ns
[2015.445s][info ][safepoint      ] Safepoint "ICBufferFull", Time since last: 4034660 ns, Reaching safepoint: 39601 ns, At safepoint: 5000 ns, Total: 44601 ns
[2015.445s][info ][safepoint      ] Safepoint "ICBufferFull", Time since last: 891613 ns, Reaching safepoint: 37801 ns, At safepoint: 2700 ns, Total: 40501 ns
[2016.406s][info ][safepoint      ] Safepoint "ICBufferFull", Time since last: 960720357 ns, Reaching safepoint: 45701 ns, At safepoint: 8000 ns, Total: 53701 ns
[2016.550s][info ][safepoint      ] Safepoint "ICBufferFull", Time since last: 143544645 ns, Reaching safepoint: 122102 ns, At safepoint: 11800 ns, Total: 133902 ns
[2017.550s][info ][safepoint      ] Safepoint "Cleanup", Time since last: 1000182548 ns, Reaching safepoint: 125701 ns, At safepoint: 11601 ns, Total: 137302 ns
[2018.551s][info ][safepoint      ] Safepoint "Cleanup", Time since last: 1000113746 ns, Reaching safepoint: 117302 ns, At safepoint: 8700 ns, Total: 126002 ns
[2019.515s][info ][gc,start       ] GC(242) Pause Young (Allocation Failure)
[2019.538s][debug][gc,phases      ] GC(242) Scavenge 23.511ms
[2019.538s][debug][gc,ref         ] GC(242) Skipped phase 1 of Reference Processing: no references
[2019.538s][debug][gc,ref         ] GC(242) ReferenceProcessor::execute queues: 1, RefProcThreadModel::Single, marks_oops_alive: false
[2019.538s][debug][gc,ref         ] GC(242) Skipped phase 3 of Reference Processing: no references
[2019.538s][debug][gc,ref         ] GC(242) ReferenceProcessor::execute queues: 1, RefProcThreadModel::Single, marks_oops_alive: false
[2019.538s][debug][gc,phases      ] GC(242) Reference Processing 0.123ms
[2019.539s][debug][gc,phases      ] GC(242)   VM Weak                        Min:  0.0, Avg:  0.0, Max:  0.0, Diff:  0.0, Sum:  0.0, Workers: 4
[2019.539s][debug][gc,phases      ] GC(242)     Dead                           Min: 0, Avg:  0.0, Max: 0, Diff: 0, Sum: 0, Workers: 4
[2019.539s][debug][gc,phases      ] GC(242)     Total                          Min: 0, Avg: 169.8, Max: 512, Diff: 512, Sum: 679, Workers: 4
[2019.539s][debug][gc,phases      ] GC(242)   ObjectSynchronizer Weak        Min:  0.0, Avg:  0.0, Max:  0.0, Diff:  0.0, Sum:  0.0, Workers: 4
[2019.539s][debug][gc,phases      ] GC(242)     Dead                           Min: 0, Avg:  0.0, Max: 0, Diff: 0, Sum: 0, Workers: 4
[2019.539s][debug][gc,phases      ] GC(242)     Total                          Min: 44, Avg: 91.0, Max: 128, Diff: 84, Sum: 364, Workers: 4
[2019.539s][debug][gc,phases      ] GC(242)   JVMTI Tag Weak OopStorage      Min:  0.0, Avg:  0.0, Max:  0.0, Diff:  0.0, Sum:  0.0, Workers: 4
[2019.539s][debug][gc,phases      ] GC(242)     Dead                           Min: 0, Avg:  0.0, Max: 0, Diff: 0, Sum: 0, Workers: 4
[2019.539s][debug][gc,phases      ] GC(242)     Total                          Min: 0, Avg:  0.0, Max: 0, Diff: 0, Sum: 0, Workers: 4
[2019.539s][debug][gc,phases      ] GC(242)   StringTable Weak               Min:  0.1, Avg:  0.1, Max:  0.1, Diff:  0.0, Sum:  0.4, Workers: 4
[2019.539s][debug][gc,phases      ] GC(242)     Dead                           Min: 0, Avg:  0.0, Max: 0, Diff: 0, Sum: 0, Workers: 4
[2019.539s][debug][gc,phases      ] GC(242)     Total                          Min: 10496, Avg: 12095.0, Max: 13504, Diff: 3008, Sum: 48380, Workers: 4
[2019.539s][debug][gc,phases      ] GC(242)   ResolvedMethodTable Weak       Min:  0.0, Avg:  0.0, Max:  0.0, Diff:  0.0, Sum:  0.1, Workers: 4
[2019.539s][debug][gc,phases      ] GC(242)     Dead                           Min: 0, Avg:  0.0, Max: 0, Diff: 0, Sum: 0, Workers: 4
[2019.539s][debug][gc,phases      ] GC(242)     Total                          Min: 1832, Avg: 1993.5, Max: 2144, Diff: 312, Sum: 7974, Workers: 4
[2019.539s][debug][gc,phases      ] GC(242)   JNI Weak                       Min:  0.0, Avg:  0.0, Max:  0.0, Diff:  0.0, Sum:  0.0, Workers: 4
[2019.539s][debug][gc,phases      ] GC(242)     Dead                           Min: 0, Avg:  0.0, Max: 0, Diff: 0, Sum: 0, Workers: 4
[2019.539s][debug][gc,phases      ] GC(242)     Total                          Min: 0, Avg:  0.0, Max: 0, Diff: 0, Sum: 0, Workers: 4
[2019.539s][debug][gc,phases      ] GC(242)   StringDedup Table Weak         Min:  0.0, Avg:  0.0, Max:  0.0, Diff:  0.0, Sum:  0.0, Workers: 4
[2019.539s][debug][gc,phases      ] GC(242)     Dead                           Min: 0, Avg:  0.0, Max: 0, Diff: 0, Sum: 0, Workers: 4
[2019.539s][debug][gc,phases      ] GC(242)     Total                          Min: 0, Avg:  0.0, Max: 0, Diff: 0, Sum: 0, Workers: 4
[2019.539s][debug][gc,phases      ] GC(242)   StringDedup Requests0 Weak     Min:  0.0, Avg:  0.0, Max:  0.0, Diff:  0.0, Sum:  0.0, Workers: 4
[2019.539s][debug][gc,phases      ] GC(242)     Dead                           Min: 0, Avg:  0.0, Max: 0, Diff: 0, Sum: 0, Workers: 4
[2019.539s][debug][gc,phases      ] GC(242)     Total                          Min: 0, Avg:  0.0, Max: 0, Diff: 0, Sum: 0, Workers: 4
[2019.539s][debug][gc,phases      ] GC(242)   StringDedup Requests1 Weak     Min:  0.0, Avg:  0.0, Max:  0.0, Diff:  0.0, Sum:  0.0, Workers: 4
[2019.539s][debug][gc,phases      ] GC(242)     Dead                           Min: 0, Avg:  0.0, Max: 0, Diff: 0, Sum: 0, Workers: 4
[2019.539s][debug][gc,phases      ] GC(242)     Total                          Min: 0, Avg:  0.0, Max: 0, Diff: 0, Sum: 0, Workers: 4
[2019.539s][debug][gc,phases      ] GC(242)   Weak JFR Old Object Samples    Min:  0.0, Avg:  0.0, Max:  0.0, Diff:  0.0, Sum:  0.0, Workers: 4
[2019.539s][debug][gc,phases      ] GC(242)     Dead                           Min: 0, Avg:  0.0, Max: 0, Diff: 0, Sum: 0, Workers: 4
[2019.539s][debug][gc,phases      ] GC(242)     Total                          Min: 0, Avg:  0.0, Max: 0, Diff: 0, Sum: 0, Workers: 4
[2019.539s][debug][gc,phases      ] GC(242) Weak Processing 0.337ms
[2019.539s][debug][gc,age         ] GC(242) Desired survivor size 127926272 bytes, new threshold 15 (max threshold 15)
[2019.539s][info ][gc,heap        ] GC(242) PSYoungGen: 1990592K(1990656K)->105872K(1953792K) Eden: 1902592K(1902592K)->0K(1847296K) From: 88000K(88064K)->105872K(106496K)
[2019.539s][info ][gc,heap        ] GC(242) ParOldGen: 538274K(684544K)->538274K(684544K)
[2019.539s][info ][gc,metaspace   ] GC(242) Metaspace: 82599K(83456K)->82599K(83456K) NonClass: 71085K(71552K)->71085K(71552K) Class: 11514K(11904K)->11514K(11904K)
[2019.539s][info ][gc             ] GC(242) Pause Young (Allocation Failure) 2469M->629M(2576M) 24.127ms
[2019.539s][info ][gc,cpu         ] GC(242) User=0.09s Sys=0.00s Real=0.02s
[2019.539s][info ][safepoint      ] Safepoint "ParallelGCFailedAllocation", Time since last: 964046807 ns, Reaching safepoint: 96101 ns, At safepoint: 24236763 ns, Total: 24332864 ns
[2019.815s][info ][safepoint      ] Safepoint "ICBufferFull", Time since last: 275757021 ns, Reaching safepoint: 132502 ns, At safepoint: 7600 ns, Total: 140102 ns
[2019.885s][info ][safepoint      ] Safepoint "ICBufferFull", Time since last: 69952945 ns, Reaching safepoint: 117602 ns, At safepoint: 5700 ns, Total: 123302 ns
[2019.950s][info ][safepoint      ] Safepoint "ICBufferFull", Time since last: 65018472 ns, Reaching safepoint: 113601 ns, At safepoint: 6400 ns, Total: 120001 ns
[2019.994s][info ][safepoint      ] Safepoint "ICBufferFull", Time since last: 43482550 ns, Reaching safepoint: 113202 ns, At safepoint: 8300 ns, Total: 121502 ns
[2020.049s][info ][safepoint      ] Safepoint "ICBufferFull", Time since last: 55368027 ns, Reaching safepoint: 121702 ns, At safepoint: 11300 ns, Total: 133002 ns
[2020.087s][info ][safepoint      ] Safepoint "ICBufferFull", Time since last: 37560862 ns, Reaching safepoint: 114301 ns, At safepoint: 5901 ns, Total: 120202 ns
[2020.149s][info ][safepoint      ] Safepoint "ICBufferFull", Time since last: 62498234 ns, Reaching safepoint: 113001 ns, At safepoint: 5500 ns, Total: 118501 ns
[2020.200s][info ][safepoint      ] Safepoint "ICBufferFull", Time since last: 50530155 ns, Reaching safepoint: 113602 ns, At safepoint: 9500 ns, Total: 123102 ns
[2021.200s][info ][safepoint      ] Safepoint "Cleanup", Time since last: 1000106746 ns, Reaching safepoint: 47201 ns, At safepoint: 9600 ns, Total: 56801 ns
[2021.832s][info ][gc,start       ] GC(243) Pause Young (Allocation Failure)
[2021.854s][debug][gc,phases      ] GC(243) Scavenge 21.335ms
[2021.854s][debug][gc,ref         ] GC(243) Skipped phase 1 of Reference Processing: no references
[2021.854s][debug][gc,ref         ] GC(243) ReferenceProcessor::execute queues: 1, RefProcThreadModel::Single, marks_oops_alive: false
[2021.854s][debug][gc,ref         ] GC(243) Skipped phase 3 of Reference Processing: no references
[2021.854s][debug][gc,ref         ] GC(243) ReferenceProcessor::execute queues: 1, RefProcThreadModel::Single, marks_oops_alive: false
[2021.854s][debug][gc,phases      ] GC(243) Reference Processing 0.128ms
[2021.854s][debug][gc,phases      ] GC(243)   VM Weak                        Min:  0.0, Avg:  0.0, Max:  0.0, Diff:  0.0, Sum:  0.0, Workers: 4
[2021.854s][debug][gc,phases      ] GC(243)     Dead                           Min: 0, Avg:  0.0, Max: 0, Diff: 0, Sum: 0, Workers: 4
[2021.854s][debug][gc,phases      ] GC(243)     Total                          Min: 0, Avg: 169.8, Max: 487, Diff: 487, Sum: 679, Workers: 4
[2021.854s][debug][gc,phases      ] GC(243)   ObjectSynchronizer Weak        Min:  0.0, Avg:  0.0, Max:  0.0, Diff:  0.0, Sum:  0.0, Workers: 4
[2021.854s][debug][gc,phases      ] GC(243)     Dead                           Min: 0, Avg:  0.0, Max: 0, Diff: 0, Sum: 0, Workers: 4
[2021.854s][debug][gc,phases      ] GC(243)     Total                          Min: 0, Avg: 91.0, Max: 236, Diff: 236, Sum: 364, Workers: 4
[2021.854s][debug][gc,phases      ] GC(243)   JVMTI Tag Weak OopStorage      Min:  0.0, Avg:  0.0, Max:  0.0, Diff:  0.0, Sum:  0.0, Workers: 4
[2021.854s][debug][gc,phases      ] GC(243)     Dead                           Min: 0, Avg:  0.0, Max: 0, Diff: 0, Sum: 0, Workers: 4
[2021.854s][debug][gc,phases      ] GC(243)     Total                          Min: 0, Avg:  0.0, Max: 0, Diff: 0, Sum: 0, Workers: 4
[2021.854s][debug][gc,phases      ] GC(243)   StringTable Weak               Min:  0.1, Avg:  0.1, Max:  0.1, Diff:  0.0, Sum:  0.5, Workers: 4
[2021.854s][debug][gc,phases      ] GC(243)     Dead                           Min: 0, Avg:  0.0, Max: 0, Diff: 0, Sum: 0, Workers: 4
[2021.854s][debug][gc,phases      ] GC(243)     Total                          Min: 11273, Avg: 12098.2, Max: 12864, Diff: 1591, Sum: 48393, Workers: 4
[2021.854s][debug][gc,phases      ] GC(243)   ResolvedMethodTable Weak       Min:  0.0, Avg:  0.0, Max:  0.0, Diff:  0.0, Sum:  0.1, Workers: 4
[2021.854s][debug][gc,phases      ] GC(243)     Dead                           Min: 0, Avg:  0.0, Max: 0, Diff: 0, Sum: 0, Workers: 4
[2021.854s][debug][gc,phases      ] GC(243)     Total                          Min: 1832, Avg: 1994.2, Max: 2195, Diff: 363, Sum: 7977, Workers: 4
[2021.854s][debug][gc,phases      ] GC(243)   JNI Weak                       Min:  0.0, Avg:  0.0, Max:  0.0, Diff:  0.0, Sum:  0.0, Workers: 4
[2021.854s][debug][gc,phases      ] GC(243)     Dead                           Min: 0, Avg:  0.0, Max: 0, Diff: 0, Sum: 0, Workers: 4
[2021.854s][debug][gc,phases      ] GC(243)     Total                          Min: 0, Avg:  0.0, Max: 0, Diff: 0, Sum: 0, Workers: 4
[2021.854s][debug][gc,phases      ] GC(243)   StringDedup Table Weak         Min:  0.0, Avg:  0.0, Max:  0.0, Diff:  0.0, Sum:  0.0, Workers: 4
[2021.854s][debug][gc,phases      ] GC(243)     Dead                           Min: 0, Avg:  0.0, Max: 0, Diff: 0, Sum: 0, Workers: 4
[2021.854s][debug][gc,phases      ] GC(243)     Total                          Min: 0, Avg:  0.0, Max: 0, Diff: 0, Sum: 0, Workers: 4
[2021.854s][debug][gc,phases      ] GC(243)   StringDedup Requests0 Weak     Min:  0.0, Avg:  0.0, Max:  0.0, Diff:  0.0, Sum:  0.0, Workers: 4
[2021.854s][debug][gc,phases      ] GC(243)     Dead                           Min: 0, Avg:  0.0, Max: 0, Diff: 0, Sum: 0, Workers: 4
[2021.854s][debug][gc,phases      ] GC(243)     Total                          Min: 0, Avg:  0.0, Max: 0, Diff: 0, Sum: 0, Workers: 4
[2021.854s][debug][gc,phases      ] GC(243)   StringDedup Requests1 Weak     Min:  0.0, Avg:  0.0, Max:  0.0, Diff:  0.0, Sum:  0.0, Workers: 4
[2021.854s][debug][gc,phases      ] GC(243)     Dead                           Min: 0, Avg:  0.0, Max: 0, Diff: 0, Sum: 0, Workers: 4
[2021.854s][debug][gc,phases      ] GC(243)     Total                          Min: 0, Avg:  0.0, Max: 0, Diff: 0, Sum: 0, Workers: 4
[2021.854s][debug][gc,phases      ] GC(243)   Weak JFR Old Object Samples    Min:  0.0, Avg:  0.0, Max:  0.0, Diff:  0.0, Sum:  0.0, Workers: 4
[2021.854s][debug][gc,phases      ] GC(243)     Dead                           Min: 0, Avg:  0.0, Max: 0, Diff: 0, Sum: 0, Workers: 4
[2021.854s][debug][gc,phases      ] GC(243)     Total                          Min: 0, Avg:  0.0, Max: 0, Diff: 0, Sum: 0, Workers: 4
[2021.854s][debug][gc,phases      ] GC(243) Weak Processing 0.344ms
[2021.854s][debug][gc,age         ] GC(243) Desired survivor size 140509184 bytes, new threshold 15 (max threshold 15)
[2021.854s][info ][gc,heap        ] GC(243) PSYoungGen: 1953168K(1953792K)->104912K(1952256K) Eden: 1847296K(1847296K)->0K(1847296K) From: 105872K(106496K)->104912K(104960K)
[2021.854s][info ][gc,heap        ] GC(243) ParOldGen: 538274K(684544K)->538282K(684544K)
[2021.854s][info ][gc,metaspace   ] GC(243) Metaspace: 82633K(83456K)->82633K(83456K) NonClass: 71117K(71552K)->71117K(71552K) Class: 11515K(11904K)->11515K(11904K)
[2021.854s][info ][gc             ] GC(243) Pause Young (Allocation Failure) 2433M->628M(2575M) 21.938ms
[2021.854s][info ][gc,cpu         ] GC(243) User=0.09s Sys=0.00s Real=0.02s
[2021.854s][info ][safepoint      ] Safepoint "ParallelGCFailedAllocation", Time since last: 632000145 ns, Reaching safepoint: 23900 ns, At safepoint: 22018629 ns, Total: 22042529 ns
[2023.854s][info ][safepoint      ] Safepoint "Cleanup", Time since last: 2000147091 ns, Reaching safepoint: 53701 ns, At safepoint: 13900 ns, Total: 67601 ns
[2024.889s][info ][safepoint      ] Safepoint "Cleanup", Time since last: 1034006653 ns, Reaching safepoint: 60601 ns, At safepoint: 6400 ns, Total: 67001 ns
[2026.889s][info ][safepoint      ] Safepoint "Cleanup", Time since last: 2000157990 ns, Reaching safepoint: 36601 ns, At safepoint: 3700 ns, Total: 40301 ns
[2027.889s][info ][safepoint      ] Safepoint "Cleanup", Time since last: 1000119046 ns, Reaching safepoint: 50001 ns, At safepoint: 8900 ns, Total: 58901 ns
[2030.723s][info ][gc,start       ] GC(244) Pause Young (Allocation Failure)
[2030.747s][debug][gc,phases      ] GC(244) Scavenge 24.259ms
[2030.747s][debug][gc,ref         ] GC(244) Skipped phase 1 of Reference Processing: no references
[2030.747s][debug][gc,ref         ] GC(244) ReferenceProcessor::execute queues: 1, RefProcThreadModel::Single, marks_oops_alive: false
[2030.747s][debug][gc,ref         ] GC(244) ReferenceProcessor::execute queues: 4, RefProcThreadModel::Multi, marks_oops_alive: true
[2030.748s][debug][gc,ref         ] GC(244) ReferenceProcessor::execute queues: 1, RefProcThreadModel::Single, marks_oops_alive: false
[2030.748s][debug][gc,phases      ] GC(244) Reference Processing 0.245ms
[2030.748s][debug][gc,phases      ] GC(244)   VM Weak                        Min:  0.0, Avg:  0.0, Max:  0.0, Diff:  0.0, Sum:  0.0, Workers: 4
[2030.748s][debug][gc,phases      ] GC(244)     Dead                           Min: 0, Avg:  0.0, Max: 0, Diff: 0, Sum: 0, Workers: 4
[2030.748s][debug][gc,phases      ] GC(244)     Total                          Min: 0, Avg: 169.8, Max: 551, Diff: 551, Sum: 679, Workers: 4
[2030.748s][debug][gc,phases      ] GC(244)   ObjectSynchronizer Weak        Min:  0.0, Avg:  0.0, Max:  0.0, Diff:  0.0, Sum:  0.0, Workers: 4
[2030.748s][debug][gc,phases      ] GC(244)     Dead                           Min: 0, Avg:  0.0, Max: 0, Diff: 0, Sum: 0, Workers: 4
[2030.748s][debug][gc,phases      ] GC(244)     Total                          Min: 0, Avg: 91.0, Max: 192, Diff: 192, Sum: 364, Workers: 4
[2030.748s][debug][gc,phases      ] GC(244)   JVMTI Tag Weak OopStorage      Min:  0.0, Avg:  0.0, Max:  0.0, Diff:  0.0, Sum:  0.0, Workers: 4
[2030.748s][debug][gc,phases      ] GC(244)     Dead                           Min: 0, Avg:  0.0, Max: 0, Diff: 0, Sum: 0, Workers: 4
[2030.748s][debug][gc,phases      ] GC(244)     Total                          Min: 0, Avg:  0.0, Max: 0, Diff: 0, Sum: 0, Workers: 4
[2030.748s][debug][gc,phases      ] GC(244)   StringTable Weak               Min:  0.1, Avg:  0.1, Max:  0.1, Diff:  0.0, Sum:  0.5, Workers: 4
[2030.748s][debug][gc,phases      ] GC(244)     Dead                           Min: 0, Avg:  0.0, Max: 0, Diff: 0, Sum: 0, Workers: 4
[2030.748s][debug][gc,phases      ] GC(244)     Total                          Min: 11008, Avg: 12098.2, Max: 13312, Diff: 2304, Sum: 48393, Workers: 4
[2030.748s][debug][gc,phases      ] GC(244)   ResolvedMethodTable Weak       Min:  0.0, Avg:  0.0, Max:  0.0, Diff:  0.0, Sum:  0.1, Workers: 4
[2030.748s][debug][gc,phases      ] GC(244)     Dead                           Min: 0, Avg:  0.0, Max: 0, Diff: 0, Sum: 0, Workers: 4
[2030.748s][debug][gc,phases      ] GC(244)     Total                          Min: 1768, Avg: 1994.2, Max: 2176, Diff: 408, Sum: 7977, Workers: 4
[2030.748s][debug][gc,phases      ] GC(244)   JNI Weak                       Min:  0.0, Avg:  0.0, Max:  0.0, Diff:  0.0, Sum:  0.0, Workers: 4
[2030.748s][debug][gc,phases      ] GC(244)     Dead                           Min: 0, Avg:  0.0, Max: 0, Diff: 0, Sum: 0, Workers: 4
[2030.748s][debug][gc,phases      ] GC(244)     Total                          Min: 0, Avg:  0.0, Max: 0, Diff: 0, Sum: 0, Workers: 4
[2030.748s][debug][gc,phases      ] GC(244)   StringDedup Table Weak         Min:  0.0, Avg:  0.0, Max:  0.0, Diff:  0.0, Sum:  0.0, Workers: 4
[2030.748s][debug][gc,phases      ] GC(244)     Dead                           Min: 0, Avg:  0.0, Max: 0, Diff: 0, Sum: 0, Workers: 4
[2030.748s][debug][gc,phases      ] GC(244)     Total                          Min: 0, Avg:  0.0, Max: 0, Diff: 0, Sum: 0, Workers: 4
[2030.748s][debug][gc,phases      ] GC(244)   StringDedup Requests0 Weak     Min:  0.0, Avg:  0.0, Max:  0.0, Diff:  0.0, Sum:  0.0, Workers: 4
[2030.748s][debug][gc,phases      ] GC(244)     Dead                           Min: 0, Avg:  0.0, Max: 0, Diff: 0, Sum: 0, Workers: 4
[2030.748s][debug][gc,phases      ] GC(244)     Total                          Min: 0, Avg:  0.0, Max: 0, Diff: 0, Sum: 0, Workers: 4
[2030.748s][debug][gc,phases      ] GC(244)   StringDedup Requests1 Weak     Min:  0.0, Avg:  0.0, Max:  0.0, Diff:  0.0, Sum:  0.0, Workers: 4
[2030.748s][debug][gc,phases      ] GC(244)     Dead                           Min: 0, Avg:  0.0, Max: 0, Diff: 0, Sum: 0, Workers: 4
[2030.748s][debug][gc,phases      ] GC(244)     Total                          Min: 0, Avg:  0.0, Max: 0, Diff: 0, Sum: 0, Workers: 4
[2030.748s][debug][gc,phases      ] GC(244)   Weak JFR Old Object Samples    Min:  0.0, Avg:  0.0, Max:  0.0, Diff:  0.0, Sum:  0.0, Workers: 4
[2030.748s][debug][gc,phases      ] GC(244)     Dead                           Min: 0, Avg:  0.0, Max: 0, Diff: 0, Sum: 0, Workers: 4
[2030.748s][debug][gc,phases      ] GC(244)     Total                          Min: 0, Avg:  0.0, Max: 0, Diff: 0, Sum: 0, Workers: 4
[2030.748s][debug][gc,phases      ] GC(244) Weak Processing 0.430ms
[2030.748s][debug][gc,age         ] GC(244) Desired survivor size 146276352 bytes, new threshold 15 (max threshold 15)
[2030.748s][info ][gc,heap        ] GC(244) PSYoungGen: 1952208K(1952256K)->92896K(1948672K) Eden: 1847296K(1847296K)->0K(1811456K) From: 104912K(104960K)->92896K(137216K)
[2030.748s][info ][gc,heap        ] GC(244) ParOldGen: 538282K(684544K)->538282K(684544K)
[2030.748s][info ][gc,metaspace   ] GC(244) Metaspace: 82637K(83520K)->82637K(83520K) NonClass: 71121K(71616K)->71121K(71616K) Class: 11515K(11904K)->11515K(11904K)
[2030.748s][info ][gc             ] GC(244) Pause Young (Allocation Failure) 2432M->616M(2571M) 25.085ms
[2030.748s][info ][gc,cpu         ] GC(244) User=0.07s Sys=0.00s Real=0.03s
[2030.748s][info ][safepoint      ] Safepoint "ParallelGCFailedAllocation", Time since last: 2833928950 ns, Reaching safepoint: 60601 ns, At safepoint: 25184476 ns, Total: 25245077 ns
[2031.748s][info ][safepoint      ] Safepoint "Cleanup", Time since last: 1000090446 ns, Reaching safepoint: 47601 ns, At safepoint: 19000 ns, Total: 66601 ns
[2034.748s][info ][safepoint      ] Safepoint "Cleanup", Time since last: 3000186734 ns, Reaching safepoint: 49601 ns, At safepoint: 8900 ns, Total: 58501 ns
[2040.721s][info ][gc,start       ] GC(245) Pause Young (Allocation Failure)
[2040.739s][debug][gc,phases      ] GC(245) Scavenge 18.835ms
[2040.739s][debug][gc,ref         ] GC(245) Skipped phase 1 of Reference Processing: no references
[2040.740s][debug][gc,ref         ] GC(245) ReferenceProcessor::execute queues: 1, RefProcThreadModel::Single, marks_oops_alive: false
[2040.740s][debug][gc,ref         ] GC(245) ReferenceProcessor::execute queues: 4, RefProcThreadModel::Multi, marks_oops_alive: true
[2040.740s][debug][gc,ref         ] GC(245) ReferenceProcessor::execute queues: 1, RefProcThreadModel::Single, marks_oops_alive: false
[2040.740s][debug][gc,phases      ] GC(245) Reference Processing 0.208ms
[2040.740s][debug][gc,phases      ] GC(245)   VM Weak                        Min:  0.0, Avg:  0.0, Max:  0.0, Diff:  0.0, Sum:  0.0, Workers: 4
[2040.740s][debug][gc,phases      ] GC(245)     Dead                           Min: 0, Avg:  0.0, Max: 0, Diff: 0, Sum: 0, Workers: 4
[2040.740s][debug][gc,phases      ] GC(245)     Total                          Min: 0, Avg: 169.8, Max: 679, Diff: 679, Sum: 679, Workers: 4
[2040.740s][debug][gc,phases      ] GC(245)   ObjectSynchronizer Weak        Min:  0.0, Avg:  0.0, Max:  0.0, Diff:  0.0, Sum:  0.0, Workers: 4
[2040.740s][debug][gc,phases      ] GC(245)     Dead                           Min: 0, Avg:  0.0, Max: 0, Diff: 0, Sum: 0, Workers: 4
[2040.740s][debug][gc,phases      ] GC(245)     Total                          Min: 44, Avg: 91.0, Max: 128, Diff: 84, Sum: 364, Workers: 4
[2040.740s][debug][gc,phases      ] GC(245)   JVMTI Tag Weak OopStorage      Min:  0.0, Avg:  0.0, Max:  0.0, Diff:  0.0, Sum:  0.0, Workers: 4
[2040.740s][debug][gc,phases      ] GC(245)     Dead                           Min: 0, Avg:  0.0, Max: 0, Diff: 0, Sum: 0, Workers: 4
[2040.740s][debug][gc,phases      ] GC(245)     Total                          Min: 0, Avg:  0.0, Max: 0, Diff: 0, Sum: 0, Workers: 4
[2040.740s][debug][gc,phases      ] GC(245)   StringTable Weak               Min:  0.1, Avg:  0.1, Max:  0.1, Diff:  0.0, Sum:  0.4, Workers: 4
[2040.740s][debug][gc,phases      ] GC(245)     Dead                           Min: 0, Avg:  0.0, Max: 0, Diff: 0, Sum: 0, Workers: 4
[2040.740s][debug][gc,phases      ] GC(245)     Total                          Min: 11392, Avg: 12099.0, Max: 12864, Diff: 1472, Sum: 48396, Workers: 4
[2040.740s][debug][gc,phases      ] GC(245)   ResolvedMethodTable Weak       Min:  0.0, Avg:  0.0, Max:  0.0, Diff:  0.0, Sum:  0.1, Workers: 4
[2040.740s][debug][gc,phases      ] GC(245)     Dead                           Min: 0, Avg:  0.0, Max: 0, Diff: 0, Sum: 0, Workers: 4
[2040.740s][debug][gc,phases      ] GC(245)     Total                          Min: 1860, Avg: 1994.2, Max: 2176, Diff: 316, Sum: 7977, Workers: 4
[2040.740s][debug][gc,phases      ] GC(245)   JNI Weak                       Min:  0.0, Avg:  0.0, Max:  0.0, Diff:  0.0, Sum:  0.0, Workers: 4
[2040.740s][debug][gc,phases      ] GC(245)     Dead                           Min: 0, Avg:  0.0, Max: 0, Diff: 0, Sum: 0, Workers: 4
[2040.740s][debug][gc,phases      ] GC(245)     Total                          Min: 0, Avg:  0.0, Max: 0, Diff: 0, Sum: 0, Workers: 4
[2040.740s][debug][gc,phases      ] GC(245)   StringDedup Table Weak         Min:  0.0, Avg:  0.0, Max:  0.0, Diff:  0.0, Sum:  0.0, Workers: 4
[2040.740s][debug][gc,phases      ] GC(245)     Dead                           Min: 0, Avg:  0.0, Max: 0, Diff: 0, Sum: 0, Workers: 4
[2040.740s][debug][gc,phases      ] GC(245)     Total                          Min: 0, Avg:  0.0, Max: 0, Diff: 0, Sum: 0, Workers: 4
[2040.740s][debug][gc,phases      ] GC(245)   StringDedup Requests0 Weak     Min:  0.0, Avg:  0.0, Max:  0.0, Diff:  0.0, Sum:  0.0, Workers: 4
[2040.740s][debug][gc,phases      ] GC(245)     Dead                           Min: 0, Avg:  0.0, Max: 0, Diff: 0, Sum: 0, Workers: 4
[2040.740s][debug][gc,phases      ] GC(245)     Total                          Min: 0, Avg:  0.0, Max: 0, Diff: 0, Sum: 0, Workers: 4
[2040.740s][debug][gc,phases      ] GC(245)   StringDedup Requests1 Weak     Min:  0.0, Avg:  0.0, Max:  0.0, Diff:  0.0, Sum:  0.0, Workers: 4
[2040.740s][debug][gc,phases      ] GC(245)     Dead                           Min: 0, Avg:  0.0, Max: 0, Diff: 0, Sum: 0, Workers: 4
[2040.740s][debug][gc,phases      ] GC(245)     Total                          Min: 0, Avg:  0.0, Max: 0, Diff: 0, Sum: 0, Workers: 4
[2040.740s][debug][gc,phases      ] GC(245)   Weak JFR Old Object Samples    Min:  0.0, Avg:  0.0, Max:  0.0, Diff:  0.0, Sum:  0.0, Workers: 4
[2040.740s][debug][gc,phases      ] GC(245)     Dead                           Min: 0, Avg:  0.0, Max: 0, Diff: 0, Sum: 0, Workers: 4
[2040.740s][debug][gc,phases      ] GC(245)     Total                          Min: 0, Avg:  0.0, Max: 0, Diff: 0, Sum: 0, Workers: 4
[2040.740s][debug][gc,phases      ] GC(245) Weak Processing 0.336ms
[2040.740s][debug][gc,age         ] GC(245) Desired survivor size 149946368 bytes, new threshold 15 (max threshold 15)
[2040.740s][info ][gc,heap        ] GC(245) PSYoungGen: 1904352K(1948672K)->92880K(1904640K) Eden: 1811456K(1811456K)->0K(1811456K) From: 92896K(137216K)->92880K(93184K)
[2040.740s][info ][gc,heap        ] GC(245) ParOldGen: 538282K(684544K)->538290K(684544K)
[2040.740s][info ][gc,metaspace   ] GC(245) Metaspace: 82642K(83520K)->82642K(83520K) NonClass: 71127K(71616K)->71127K(71616K) Class: 11515K(11904K)->11515K(11904K)
[2040.740s][info ][gc             ] GC(245) Pause Young (Allocation Failure) 2385M->616M(2528M) 19.527ms
[2040.740s][info ][gc,cpu         ] GC(245) User=0.07s Sys=0.00s Real=0.02s
[2040.740s][info ][safepoint      ] Safepoint "ParallelGCFailedAllocation", Time since last: 5971968744 ns, Reaching safepoint: 39300 ns, At safepoint: 19613293 ns, Total: 19652593 ns
[2043.740s][info ][safepoint      ] Safepoint "Cleanup", Time since last: 3000179934 ns, Reaching safepoint: 61701 ns, At safepoint: 9400 ns, Total: 71101 ns
[2051.117s][info ][gc,start       ] GC(246) Pause Young (Allocation Failure)
[2051.137s][debug][gc,phases      ] GC(246) Scavenge 20.165ms
[2051.137s][debug][gc,ref         ] GC(246) Skipped phase 1 of Reference Processing: no references
[2051.137s][debug][gc,ref         ] GC(246) ReferenceProcessor::execute queues: 1, RefProcThreadModel::Single, marks_oops_alive: false
[2051.137s][debug][gc,ref         ] GC(246) ReferenceProcessor::execute queues: 4, RefProcThreadModel::Multi, marks_oops_alive: true
[2051.137s][debug][gc,ref         ] GC(246) ReferenceProcessor::execute queues: 1, RefProcThreadModel::Single, marks_oops_alive: false
[2051.137s][debug][gc,phases      ] GC(246) Reference Processing 0.213ms
[2051.137s][debug][gc,phases      ] GC(246)   VM Weak                        Min:  0.0, Avg:  0.0, Max:  0.0, Diff:  0.0, Sum:  0.0, Workers: 4
[2051.137s][debug][gc,phases      ] GC(246)     Dead                           Min: 0, Avg:  0.0, Max: 0, Diff: 0, Sum: 0, Workers: 4
[2051.137s][debug][gc,phases      ] GC(246)     Total                          Min: 0, Avg: 169.8, Max: 679, Diff: 679, Sum: 679, Workers: 4
[2051.137s][debug][gc,phases      ] GC(246)   ObjectSynchronizer Weak        Min:  0.0, Avg:  0.0, Max:  0.0, Diff:  0.0, Sum:  0.0, Workers: 4
[2051.137s][debug][gc,phases      ] GC(246)     Dead                           Min: 0, Avg:  0.0, Max: 0, Diff: 0, Sum: 0, Workers: 4
[2051.137s][debug][gc,phases      ] GC(246)     Total                          Min: 0, Avg: 91.0, Max: 192, Diff: 192, Sum: 364, Workers: 4
[2051.137s][debug][gc,phases      ] GC(246)   JVMTI Tag Weak OopStorage      Min:  0.0, Avg:  0.0, Max:  0.0, Diff:  0.0, Sum:  0.0, Workers: 4
[2051.137s][debug][gc,phases      ] GC(246)     Dead                           Min: 0, Avg:  0.0, Max: 0, Diff: 0, Sum: 0, Workers: 4
[2051.137s][debug][gc,phases      ] GC(246)     Total                          Min: 0, Avg:  0.0, Max: 0, Diff: 0, Sum: 0, Workers: 4
[2051.137s][debug][gc,phases      ] GC(246)   StringTable Weak               Min:  0.1, Avg:  0.1, Max:  0.1, Diff:  0.0, Sum:  0.5, Workers: 4
[2051.137s][debug][gc,phases      ] GC(246)     Dead                           Min: 0, Avg:  0.0, Max: 0, Diff: 0, Sum: 0, Workers: 4
[2051.137s][debug][gc,phases      ] GC(246)     Total                          Min: 11712, Avg: 12099.0, Max: 12864, Diff: 1152, Sum: 48396, Workers: 4
[2051.137s][debug][gc,phases      ] GC(246)   ResolvedMethodTable Weak       Min:  0.0, Avg:  0.0, Max:  0.0, Diff:  0.0, Sum:  0.1, Workers: 4
[2051.137s][debug][gc,phases      ] GC(246)     Dead                           Min: 0, Avg:  0.0, Max: 0, Diff: 0, Sum: 0, Workers: 4
[2051.137s][debug][gc,phases      ] GC(246)     Total                          Min: 1819, Avg: 1994.2, Max: 2167, Diff: 348, Sum: 7977, Workers: 4
[2051.137s][debug][gc,phases      ] GC(246)   JNI Weak                       Min:  0.0, Avg:  0.0, Max:  0.0, Diff:  0.0, Sum:  0.0, Workers: 4
[2051.137s][debug][gc,phases      ] GC(246)     Dead                           Min: 0, Avg:  0.0, Max: 0, Diff: 0, Sum: 0, Workers: 4
[2051.137s][debug][gc,phases      ] GC(246)     Total                          Min: 0, Avg:  0.0, Max: 0, Diff: 0, Sum: 0, Workers: 4
[2051.138s][debug][gc,phases      ] GC(246)   StringDedup Table Weak         Min:  0.0, Avg:  0.0, Max:  0.0, Diff:  0.0, Sum:  0.0, Workers: 4
[2051.138s][debug][gc,phases      ] GC(246)     Dead                           Min: 0, Avg:  0.0, Max: 0, Diff: 0, Sum: 0, Workers: 4
[2051.138s][debug][gc,phases      ] GC(246)     Total                          Min: 0, Avg:  0.0, Max: 0, Diff: 0, Sum: 0, Workers: 4
[2051.138s][debug][gc,phases      ] GC(246)   StringDedup Requests0 Weak     Min:  0.0, Avg:  0.0, Max:  0.0, Diff:  0.0, Sum:  0.0, Workers: 4
[2051.138s][debug][gc,phases      ] GC(246)     Dead                           Min: 0, Avg:  0.0, Max: 0, Diff: 0, Sum: 0, Workers: 4
[2051.138s][debug][gc,phases      ] GC(246)     Total                          Min: 0, Avg:  0.0, Max: 0, Diff: 0, Sum: 0, Workers: 4
[2051.138s][debug][gc,phases      ] GC(246)   StringDedup Requests1 Weak     Min:  0.0, Avg:  0.0, Max:  0.0, Diff:  0.0, Sum:  0.0, Workers: 4
[2051.138s][debug][gc,phases      ] GC(246)     Dead                           Min: 0, Avg:  0.0, Max: 0, Diff: 0, Sum: 0, Workers: 4
[2051.138s][debug][gc,phases      ] GC(246)     Total                          Min: 0, Avg:  0.0, Max: 0, Diff: 0, Sum: 0, Workers: 4
[2051.138s][debug][gc,phases      ] GC(246)   Weak JFR Old Object Samples    Min:  0.0, Avg:  0.0, Max:  0.0, Diff:  0.0, Sum:  0.0, Workers: 4
[2051.138s][debug][gc,phases      ] GC(246)     Dead                           Min: 0, Avg:  0.0, Max: 0, Diff: 0, Sum: 0, Workers: 4
[2051.138s][debug][gc,phases      ] GC(246)     Total                          Min: 0, Avg:  0.0, Max: 0, Diff: 0, Sum: 0, Workers: 4
[2051.138s][debug][gc,phases      ] GC(246) Weak Processing 0.342ms
[2051.138s][debug][gc,age         ] GC(246) Desired survivor size 152567808 bytes, new threshold 15 (max threshold 15)
[2051.138s][info ][gc,heap        ] GC(246) PSYoungGen: 1904336K(1904640K)->92832K(1945600K) Eden: 1811456K(1811456K)->0K(1799168K) From: 92880K(93184K)->92832K(146432K)
[2051.138s][info ][gc,heap        ] GC(246) ParOldGen: 538290K(684544K)->538298K(684544K)
[2051.138s][info ][gc,metaspace   ] GC(246) Metaspace: 82642K(83520K)->82642K(83520K) NonClass: 71127K(71616K)->71127K(71616K) Class: 11515K(11904K)->11515K(11904K)
[2051.138s][info ][gc             ] GC(246) Pause Young (Allocation Failure) 2385M->616M(2568M) 20.865ms
[2051.138s][info ][gc,cpu         ] GC(246) User=0.08s Sys=0.00s Real=0.02s
[2051.138s][info ][safepoint      ] Safepoint "ParallelGCFailedAllocation", Time since last: 7376294426 ns, Reaching safepoint: 33501 ns, At safepoint: 20948413 ns, Total: 20981914 ns
[2058.138s][info ][safepoint      ] Safepoint "Cleanup", Time since last: 7000467208 ns, Reaching safepoint: 48601 ns, At safepoint: 5900 ns, Total: 54501 ns
[2061.269s][info ][gc,start       ] GC(247) Pause Young (Allocation Failure)
[2061.287s][debug][gc,phases      ] GC(247) Scavenge 18.048ms
[2061.287s][debug][gc,ref         ] GC(247) Skipped phase 1 of Reference Processing: no references
[2061.287s][debug][gc,ref         ] GC(247) ReferenceProcessor::execute queues: 1, RefProcThreadModel::Single, marks_oops_alive: false
[2061.287s][debug][gc,ref         ] GC(247) Skipped phase 3 of Reference Processing: no references
[2061.287s][debug][gc,ref         ] GC(247) ReferenceProcessor::execute queues: 1, RefProcThreadModel::Single, marks_oops_alive: false
[2061.287s][debug][gc,phases      ] GC(247) Reference Processing 0.128ms
[2061.287s][debug][gc,phases      ] GC(247)   VM Weak                        Min:  0.0, Avg:  0.0, Max:  0.0, Diff:  0.0, Sum:  0.0, Workers: 4
[2061.287s][debug][gc,phases      ] GC(247)     Dead                           Min: 0, Avg:  0.0, Max: 0, Diff: 0, Sum: 0, Workers: 4
[2061.287s][debug][gc,phases      ] GC(247)     Total                          Min: 0, Avg: 169.8, Max: 423, Diff: 423, Sum: 679, Workers: 4
[2061.287s][debug][gc,phases      ] GC(247)   ObjectSynchronizer Weak        Min:  0.0, Avg:  0.0, Max:  0.0, Diff:  0.0, Sum:  0.0, Workers: 4
[2061.287s][debug][gc,phases      ] GC(247)     Dead                           Min: 0, Avg:  0.0, Max: 0, Diff: 0, Sum: 0, Workers: 4
[2061.287s][debug][gc,phases      ] GC(247)     Total                          Min: 0, Avg: 91.0, Max: 236, Diff: 236, Sum: 364, Workers: 4
[2061.287s][debug][gc,phases      ] GC(247)   JVMTI Tag Weak OopStorage      Min:  0.0, Avg:  0.0, Max:  0.0, Diff:  0.0, Sum:  0.0, Workers: 4
[2061.287s][debug][gc,phases      ] GC(247)     Dead                           Min: 0, Avg:  0.0, Max: 0, Diff: 0, Sum: 0, Workers: 4
[2061.287s][debug][gc,phases      ] GC(247)     Total                          Min: 0, Avg:  0.0, Max: 0, Diff: 0, Sum: 0, Workers: 4
[2061.287s][debug][gc,phases      ] GC(247)   StringTable Weak               Min:  0.1, Avg:  0.1, Max:  0.1, Diff:  0.0, Sum:  0.5, Workers: 4
[2061.287s][debug][gc,phases      ] GC(247)     Dead                           Min: 0, Avg:  0.0, Max: 0, Diff: 0, Sum: 0, Workers: 4
[2061.287s][debug][gc,phases      ] GC(247)     Total                          Min: 11328, Avg: 12099.0, Max: 13376, Diff: 2048, Sum: 48396, Workers: 4
[2061.287s][debug][gc,phases      ] GC(247)   ResolvedMethodTable Weak       Min:  0.0, Avg:  0.0, Max:  0.0, Diff:  0.0, Sum:  0.1, Workers: 4
[2061.287s][debug][gc,phases      ] GC(247)     Dead                           Min: 0, Avg:  0.0, Max: 0, Diff: 0, Sum: 0, Workers: 4
[2061.287s][debug][gc,phases      ] GC(247)     Total                          Min: 1886, Avg: 1994.2, Max: 2077, Diff: 191, Sum: 7977, Workers: 4
[2061.287s][debug][gc,phases      ] GC(247)   JNI Weak                       Min:  0.0, Avg:  0.0, Max:  0.0, Diff:  0.0, Sum:  0.0, Workers: 4
[2061.287s][debug][gc,phases      ] GC(247)     Dead                           Min: 0, Avg:  0.0, Max: 0, Diff: 0, Sum: 0, Workers: 4
[2061.287s][debug][gc,phases      ] GC(247)     Total                          Min: 0, Avg:  0.0, Max: 0, Diff: 0, Sum: 0, Workers: 4
[2061.287s][debug][gc,phases      ] GC(247)   StringDedup Table Weak         Min:  0.0, Avg:  0.0, Max:  0.0, Diff:  0.0, Sum:  0.0, Workers: 4
[2061.287s][debug][gc,phases      ] GC(247)     Dead                           Min: 0, Avg:  0.0, Max: 0, Diff: 0, Sum: 0, Workers: 4
[2061.287s][debug][gc,phases      ] GC(247)     Total                          Min: 0, Avg:  0.0, Max: 0, Diff: 0, Sum: 0, Workers: 4
[2061.287s][debug][gc,phases      ] GC(247)   StringDedup Requests0 Weak     Min:  0.0, Avg:  0.0, Max:  0.0, Diff:  0.0, Sum:  0.0, Workers: 4
[2061.287s][debug][gc,phases      ] GC(247)     Dead                           Min: 0, Avg:  0.0, Max: 0, Diff: 0, Sum: 0, Workers: 4
[2061.287s][debug][gc,phases      ] GC(247)     Total                          Min: 0, Avg:  0.0, Max: 0, Diff: 0, Sum: 0, Workers: 4
[2061.287s][debug][gc,phases      ] GC(247)   StringDedup Requests1 Weak     Min:  0.0, Avg:  0.0, Max:  0.0, Diff:  0.0, Sum:  0.0, Workers: 4
[2061.287s][debug][gc,phases      ] GC(247)     Dead                           Min: 0, Avg:  0.0, Max: 0, Diff: 0, Sum: 0, Workers: 4
[2061.287s][debug][gc,phases      ] GC(247)     Total                          Min: 0, Avg:  0.0, Max: 0, Diff: 0, Sum: 0, Workers: 4
[2061.287s][debug][gc,phases      ] GC(247)   Weak JFR Old Object Samples    Min:  0.0, Avg:  0.0, Max:  0.0, Diff:  0.0, Sum:  0.0, Workers: 4
[2061.287s][debug][gc,phases      ] GC(247)     Dead                           Min: 0, Avg:  0.0, Max: 0, Diff: 0, Sum: 0, Workers: 4
[2061.287s][debug][gc,phases      ] GC(247)     Total                          Min: 0, Avg:  0.0, Max: 0, Diff: 0, Sum: 0, Workers: 4
[2061.287s][debug][gc,phases      ] GC(247) Weak Processing 0.369ms
[2061.287s][debug][gc,age         ] GC(247) Desired survivor size 154140672 bytes, new threshold 15 (max threshold 15)
[2061.287s][info ][gc,heap        ] GC(247) PSYoungGen: 1892000K(1945600K)->92848K(1892352K) Eden: 1799168K(1799168K)->0K(1799168K) From: 92832K(146432K)->92848K(93184K)
[2061.287s][info ][gc,heap        ] GC(247) ParOldGen: 538298K(684544K)->538298K(684544K)
[2061.287s][info ][gc,metaspace   ] GC(247) Metaspace: 82643K(83520K)->82643K(83520K) NonClass: 71128K(71616K)->71128K(71616K) Class: 11515K(11904K)->11515K(11904K)
[2061.287s][info ][gc             ] GC(247) Pause Young (Allocation Failure) 2373M->616M(2516M) 18.689ms
[2061.287s][info ][gc,cpu         ] GC(247) User=0.07s Sys=0.01s Real=0.02s
[2061.287s][info ][safepoint      ] Safepoint "ParallelGCFailedAllocation", Time since last: 3130313476 ns, Reaching safepoint: 30901 ns, At safepoint: 18770780 ns, Total: 18801681 ns
[2064.288s][info ][safepoint      ] Safepoint "Cleanup", Time since last: 3000213432 ns, Reaching safepoint: 57001 ns, At safepoint: 9500 ns, Total: 66501 ns
[2070.288s][info ][safepoint      ] Safepoint "Cleanup", Time since last: 6000400261 ns, Reaching safepoint: 40201 ns, At safepoint: 3100 ns, Total: 43301 ns
[2071.173s][info ][gc,start       ] GC(248) Pause Young (Allocation Failure)
[2071.193s][debug][gc,phases      ] GC(248) Scavenge 20.277ms
[2071.193s][debug][gc,ref         ] GC(248) Skipped phase 1 of Reference Processing: no references
[2071.194s][debug][gc,ref         ] GC(248) ReferenceProcessor::execute queues: 1, RefProcThreadModel::Single, marks_oops_alive: false
[2071.194s][debug][gc,ref         ] GC(248) ReferenceProcessor::execute queues: 4, RefProcThreadModel::Multi, marks_oops_alive: true
[2071.194s][debug][gc,ref         ] GC(248) ReferenceProcessor::execute queues: 1, RefProcThreadModel::Single, marks_oops_alive: false
[2071.194s][debug][gc,phases      ] GC(248) Reference Processing 0.203ms
[2071.194s][debug][gc,phases      ] GC(248)   VM Weak                        Min:  0.0, Avg:  0.0, Max:  0.0, Diff:  0.0, Sum:  0.0, Workers: 4
[2071.194s][debug][gc,phases      ] GC(248)     Dead                           Min: 0, Avg:  0.0, Max: 0, Diff: 0, Sum: 0, Workers: 4
[2071.194s][debug][gc,phases      ] GC(248)     Total                          Min: 0, Avg: 169.8, Max: 423, Diff: 423, Sum: 679, Workers: 4
[2071.194s][debug][gc,phases      ] GC(248)   ObjectSynchronizer Weak        Min:  0.0, Avg:  0.0, Max:  0.0, Diff:  0.0, Sum:  0.0, Workers: 4
[2071.194s][debug][gc,phases      ] GC(248)     Dead                           Min: 0, Avg:  0.0, Max: 0, Diff: 0, Sum: 0, Workers: 4
[2071.194s][debug][gc,phases      ] GC(248)     Total                          Min: 0, Avg: 91.0, Max: 236, Diff: 236, Sum: 364, Workers: 4
[2071.194s][debug][gc,phases      ] GC(248)   JVMTI Tag Weak OopStorage      Min:  0.0, Avg:  0.0, Max:  0.0, Diff:  0.0, Sum:  0.0, Workers: 4
[2071.194s][debug][gc,phases      ] GC(248)     Dead                           Min: 0, Avg:  0.0, Max: 0, Diff: 0, Sum: 0, Workers: 4
[2071.194s][debug][gc,phases      ] GC(248)     Total                          Min: 0, Avg:  0.0, Max: 0, Diff: 0, Sum: 0, Workers: 4
[2071.194s][debug][gc,phases      ] GC(248)   StringTable Weak               Min:  0.1, Avg:  0.1, Max:  0.1, Diff:  0.0, Sum:  0.5, Workers: 4
[2071.194s][debug][gc,phases      ] GC(248)     Dead                           Min: 0, Avg:  0.0, Max: 0, Diff: 0, Sum: 0, Workers: 4
[2071.194s][debug][gc,phases      ] GC(248)     Total                          Min: 11520, Avg: 12103.0, Max: 12800, Diff: 1280, Sum: 48412, Workers: 4
[2071.194s][debug][gc,phases      ] GC(248)   ResolvedMethodTable Weak       Min:  0.0, Avg:  0.0, Max:  0.0, Diff:  0.0, Sum:  0.1, Workers: 4
[2071.194s][debug][gc,phases      ] GC(248)     Dead                           Min: 0, Avg:  0.0, Max: 0, Diff: 0, Sum: 0, Workers: 4
[2071.194s][debug][gc,phases      ] GC(248)     Total                          Min: 1722, Avg: 1994.2, Max: 2240, Diff: 518, Sum: 7977, Workers: 4
[2071.194s][debug][gc,phases      ] GC(248)   JNI Weak                       Min:  0.0, Avg:  0.0, Max:  0.0, Diff:  0.0, Sum:  0.0, Workers: 4
[2071.194s][debug][gc,phases      ] GC(248)     Dead                           Min: 0, Avg:  0.0, Max: 0, Diff: 0, Sum: 0, Workers: 4
[2071.194s][debug][gc,phases      ] GC(248)     Total                          Min: 0, Avg:  0.0, Max: 0, Diff: 0, Sum: 0, Workers: 4
[2071.194s][debug][gc,phases      ] GC(248)   StringDedup Table Weak         Min:  0.0, Avg:  0.0, Max:  0.0, Diff:  0.0, Sum:  0.0, Workers: 4
[2071.194s][debug][gc,phases      ] GC(248)     Dead                           Min: 0, Avg:  0.0, Max: 0, Diff: 0, Sum: 0, Workers: 4
[2071.194s][debug][gc,phases      ] GC(248)     Total                          Min: 0, Avg:  0.0, Max: 0, Diff: 0, Sum: 0, Workers: 4
[2071.194s][debug][gc,phases      ] GC(248)   StringDedup Requests0 Weak     Min:  0.0, Avg:  0.0, Max:  0.0, Diff:  0.0, Sum:  0.0, Workers: 4
[2071.194s][debug][gc,phases      ] GC(248)     Dead                           Min: 0, Avg:  0.0, Max: 0, Diff: 0, Sum: 0, Workers: 4
[2071.194s][debug][gc,phases      ] GC(248)     Total                          Min: 0, Avg:  0.0, Max: 0, Diff: 0, Sum: 0, Workers: 4
[2071.194s][debug][gc,phases      ] GC(248)   StringDedup Requests1 Weak     Min:  0.0, Avg:  0.0, Max:  0.0, Diff:  0.0, Sum:  0.0, Workers: 4
[2071.194s][debug][gc,phases      ] GC(248)     Dead                           Min: 0, Avg:  0.0, Max: 0, Diff: 0, Sum: 0, Workers: 4
[2071.194s][debug][gc,phases      ] GC(248)     Total                          Min: 0, Avg:  0.0, Max: 0, Diff: 0, Sum: 0, Workers: 4
[2071.194s][debug][gc,phases      ] GC(248)   Weak JFR Old Object Samples    Min:  0.0, Avg:  0.0, Max:  0.0, Diff:  0.0, Sum:  0.0, Workers: 4
[2071.194s][debug][gc,phases      ] GC(248)     Dead                           Min: 0, Avg:  0.0, Max: 0, Diff: 0, Sum: 0, Workers: 4
[2071.194s][debug][gc,phases      ] GC(248)     Total                          Min: 0, Avg:  0.0, Max: 0, Diff: 0, Sum: 0, Workers: 4
[2071.194s][debug][gc,phases      ] GC(248) Weak Processing 0.328ms
[2071.194s][debug][gc,age         ] GC(248) Desired survivor size 154664960 bytes, new threshold 15 (max threshold 15)
[2071.194s][info ][gc,heap        ] GC(248) PSYoungGen: 1892016K(1892352K)->92960K(1945600K) Eden: 1799168K(1799168K)->0K(1795072K) From: 92848K(93184K)->92960K(150528K)
[2071.194s][info ][gc,heap        ] GC(248) ParOldGen: 538298K(684544K)->538306K(684544K)
[2071.194s][info ][gc,metaspace   ] GC(248) Metaspace: 82705K(83584K)->82705K(83584K) NonClass: 71190K(71680K)->71190K(71680K) Class: 11515K(11904K)->11515K(11904K)
[2071.194s][info ][gc             ] GC(248) Pause Young (Allocation Failure) 2373M->616M(2568M) 20.954ms
[2071.194s][info ][gc,cpu         ] GC(248) User=0.08s Sys=0.00s Real=0.02s
[2071.194s][info ][safepoint      ] Safepoint "ParallelGCFailedAllocation", Time since last: 884917423 ns, Reaching safepoint: 102301 ns, At safepoint: 21044415 ns, Total: 21146716 ns
[2076.194s][info ][safepoint      ] Safepoint "Cleanup", Time since last: 5000289616 ns, Reaching safepoint: 32001 ns, At safepoint: 4300 ns, Total: 36301 ns
[2081.318s][info ][gc,start       ] GC(249) Pause Young (Allocation Failure)
[2081.334s][debug][gc,phases      ] GC(249) Scavenge 16.481ms
[2081.334s][debug][gc,ref         ] GC(249) Skipped phase 1 of Reference Processing: no references
[2081.334s][debug][gc,ref         ] GC(249) ReferenceProcessor::execute queues: 1, RefProcThreadModel::Single, marks_oops_alive: false
[2081.334s][debug][gc,ref         ] GC(249) ReferenceProcessor::execute queues: 4, RefProcThreadModel::Multi, marks_oops_alive: true
[2081.335s][debug][gc,ref         ] GC(249) ReferenceProcessor::execute queues: 1, RefProcThreadModel::Single, marks_oops_alive: false
[2081.335s][debug][gc,phases      ] GC(249) Reference Processing 0.200ms
[2081.335s][debug][gc,phases      ] GC(249)   VM Weak                        Min:  0.0, Avg:  0.0, Max:  0.0, Diff:  0.0, Sum:  0.0, Workers: 4
[2081.335s][debug][gc,phases      ] GC(249)     Dead                           Min: 0, Avg:  0.0, Max: 0, Diff: 0, Sum: 0, Workers: 4
[2081.335s][debug][gc,phases      ] GC(249)     Total                          Min: 0, Avg: 169.8, Max: 512, Diff: 512, Sum: 679, Workers: 4
[2081.335s][debug][gc,phases      ] GC(249)   ObjectSynchronizer Weak        Min:  0.0, Avg:  0.0, Max:  0.0, Diff:  0.0, Sum:  0.0, Workers: 4
[2081.335s][debug][gc,phases      ] GC(249)     Dead                           Min: 0, Avg:  0.0, Max: 0, Diff: 0, Sum: 0, Workers: 4
[2081.335s][debug][gc,phases      ] GC(249)     Total                          Min: 0, Avg: 91.0, Max: 192, Diff: 192, Sum: 364, Workers: 4
[2081.335s][debug][gc,phases      ] GC(249)   JVMTI Tag Weak OopStorage      Min:  0.0, Avg:  0.0, Max:  0.0, Diff:  0.0, Sum:  0.0, Workers: 4
[2081.335s][debug][gc,phases      ] GC(249)     Dead                           Min: 0, Avg:  0.0, Max: 0, Diff: 0, Sum: 0, Workers: 4
[2081.335s][debug][gc,phases      ] GC(249)     Total                          Min: 0, Avg:  0.0, Max: 0, Diff: 0, Sum: 0, Workers: 4
[2081.335s][debug][gc,phases      ] GC(249)   StringTable Weak               Min:  0.1, Avg:  0.1, Max:  0.1, Diff:  0.0, Sum:  0.4, Workers: 4
[2081.335s][debug][gc,phases      ] GC(249)     Dead                           Min: 0, Avg:  0.0, Max: 0, Diff: 0, Sum: 0, Workers: 4
[2081.335s][debug][gc,phases      ] GC(249)     Total                          Min: 11136, Avg: 12103.0, Max: 13312, Diff: 2176, Sum: 48412, Workers: 4
[2081.335s][debug][gc,phases      ] GC(249)   ResolvedMethodTable Weak       Min:  0.0, Avg:  0.0, Max:  0.0, Diff:  0.0, Sum:  0.1, Workers: 4
[2081.335s][debug][gc,phases      ] GC(249)     Dead                           Min: 0, Avg:  0.0, Max: 0, Diff: 0, Sum: 0, Workers: 4
[2081.335s][debug][gc,phases      ] GC(249)     Total                          Min: 1905, Avg: 1994.2, Max: 2177, Diff: 272, Sum: 7977, Workers: 4
[2081.335s][debug][gc,phases      ] GC(249)   JNI Weak                       Min:  0.0, Avg:  0.0, Max:  0.0, Diff:  0.0, Sum:  0.0, Workers: 4
[2081.335s][debug][gc,phases      ] GC(249)     Dead                           Min: 0, Avg:  0.0, Max: 0, Diff: 0, Sum: 0, Workers: 4
[2081.335s][debug][gc,phases      ] GC(249)     Total                          Min: 0, Avg:  0.0, Max: 0, Diff: 0, Sum: 0, Workers: 4
[2081.335s][debug][gc,phases      ] GC(249)   StringDedup Table Weak         Min:  0.0, Avg:  0.0, Max:  0.0, Diff:  0.0, Sum:  0.0, Workers: 4
[2081.335s][debug][gc,phases      ] GC(249)     Dead                           Min: 0, Avg:  0.0, Max: 0, Diff: 0, Sum: 0, Workers: 4
[2081.335s][debug][gc,phases      ] GC(249)     Total                          Min: 0, Avg:  0.0, Max: 0, Diff: 0, Sum: 0, Workers: 4
[2081.335s][debug][gc,phases      ] GC(249)   StringDedup Requests0 Weak     Min:  0.0, Avg:  0.0, Max:  0.0, Diff:  0.0, Sum:  0.0, Workers: 4
[2081.335s][debug][gc,phases      ] GC(249)     Dead                           Min: 0, Avg:  0.0, Max: 0, Diff: 0, Sum: 0, Workers: 4
[2081.335s][debug][gc,phases      ] GC(249)     Total                          Min: 0, Avg:  0.0, Max: 0, Diff: 0, Sum: 0, Workers: 4
[2081.335s][debug][gc,phases      ] GC(249)   StringDedup Requests1 Weak     Min:  0.0, Avg:  0.0, Max:  0.0, Diff:  0.0, Sum:  0.0, Workers: 4
[2081.335s][debug][gc,phases      ] GC(249)     Dead                           Min: 0, Avg:  0.0, Max: 0, Diff: 0, Sum: 0, Workers: 4
[2081.335s][debug][gc,phases      ] GC(249)     Total                          Min: 0, Avg:  0.0, Max: 0, Diff: 0, Sum: 0, Workers: 4
[2081.335s][debug][gc,phases      ] GC(249)   Weak JFR Old Object Samples    Min:  0.0, Avg:  0.0, Max:  0.0, Diff:  0.0, Sum:  0.0, Workers: 4
[2081.335s][debug][gc,phases      ] GC(249)     Dead                           Min: 0, Avg:  0.0, Max: 0, Diff: 0, Sum: 0, Workers: 4
[2081.335s][debug][gc,phases      ] GC(249)     Total                          Min: 0, Avg:  0.0, Max: 0, Diff: 0, Sum: 0, Workers: 4
[2081.335s][debug][gc,phases      ] GC(249) Weak Processing 0.327ms
[2081.335s][debug][gc,age         ] GC(249) Desired survivor size 154664960 bytes, new threshold 15 (max threshold 15)
[2081.335s][info ][gc,heap        ] GC(249) PSYoungGen: 1888032K(1945600K)->92800K(1946112K) Eden: 1795072K(1795072K)->0K(1795072K) From: 92960K(150528K)->92800K(151040K)
[2081.335s][info ][gc,heap        ] GC(249) ParOldGen: 538306K(684544K)->538306K(684544K)
[2081.335s][info ][gc,metaspace   ] GC(249) Metaspace: 82705K(83584K)->82705K(83584K) NonClass: 71190K(71680K)->71190K(71680K) Class: 11515K(11904K)->11515K(11904K)
[2081.335s][info ][gc             ] GC(249) Pause Young (Allocation Failure) 2369M->616M(2569M) 17.154ms
[2081.335s][info ][gc,cpu         ] GC(249) User=0.07s Sys=0.00s Real=0.02s
[2081.335s][info ][safepoint      ] Safepoint "ParallelGCFailedAllocation", Time since last: 5123240252 ns, Reaching safepoint: 109202 ns, At safepoint: 17240757 ns, Total: 17349959 ns
[2091.336s][info ][safepoint      ] Safepoint "Cleanup", Time since last: 10000655029 ns, Reaching safepoint: 30501 ns, At safepoint: 3700 ns, Total: 34201 ns
[2091.473s][info ][gc,start       ] GC(250) Pause Young (Allocation Failure)
[2091.491s][debug][gc,phases      ] GC(250) Scavenge 18.146ms
[2091.491s][debug][gc,ref         ] GC(250) Skipped phase 1 of Reference Processing: no references
[2091.491s][debug][gc,ref         ] GC(250) ReferenceProcessor::execute queues: 1, RefProcThreadModel::Single, marks_oops_alive: false
[2091.491s][debug][gc,ref         ] GC(250) Skipped phase 3 of Reference Processing: no references
[2091.491s][debug][gc,ref         ] GC(250) ReferenceProcessor::execute queues: 1, RefProcThreadModel::Single, marks_oops_alive: false
[2091.491s][debug][gc,phases      ] GC(250) Reference Processing 0.152ms
[2091.491s][debug][gc,phases      ] GC(250)   VM Weak                        Min:  0.0, Avg:  0.0, Max:  0.0, Diff:  0.0, Sum:  0.0, Workers: 4
[2091.491s][debug][gc,phases      ] GC(250)     Dead                           Min: 0, Avg:  0.0, Max: 0, Diff: 0, Sum: 0, Workers: 4
[2091.491s][debug][gc,phases      ] GC(250)     Total                          Min: 0, Avg: 169.8, Max: 576, Diff: 576, Sum: 679, Workers: 4
[2091.491s][debug][gc,phases      ] GC(250)   ObjectSynchronizer Weak        Min:  0.0, Avg:  0.0, Max:  0.0, Diff:  0.0, Sum:  0.0, Workers: 4
[2091.491s][debug][gc,phases      ] GC(250)     Dead                           Min: 0, Avg:  0.0, Max: 0, Diff: 0, Sum: 0, Workers: 4
[2091.491s][debug][gc,phases      ] GC(250)     Total                          Min: 0, Avg: 91.0, Max: 192, Diff: 192, Sum: 364, Workers: 4
[2091.491s][debug][gc,phases      ] GC(250)   JVMTI Tag Weak OopStorage      Min:  0.0, Avg:  0.0, Max:  0.0, Diff:  0.0, Sum:  0.0, Workers: 4
[2091.491s][debug][gc,phases      ] GC(250)     Dead                           Min: 0, Avg:  0.0, Max: 0, Diff: 0, Sum: 0, Workers: 4
[2091.491s][debug][gc,phases      ] GC(250)     Total                          Min: 0, Avg:  0.0, Max: 0, Diff: 0, Sum: 0, Workers: 4
[2091.491s][debug][gc,phases      ] GC(250)   StringTable Weak               Min:  0.1, Avg:  0.1, Max:  0.1, Diff:  0.0, Sum:  0.5, Workers: 4
[2091.491s][debug][gc,phases      ] GC(250)     Dead                           Min: 0, Avg:  0.0, Max: 0, Diff: 0, Sum: 0, Workers: 4
[2091.491s][debug][gc,phases      ] GC(250)     Total                          Min: 11328, Avg: 12103.0, Max: 12928, Diff: 1600, Sum: 48412, Workers: 4
[2091.491s][debug][gc,phases      ] GC(250)   ResolvedMethodTable Weak       Min:  0.0, Avg:  0.0, Max:  0.0, Diff:  0.0, Sum:  0.1, Workers: 4
[2091.491s][debug][gc,phases      ] GC(250)     Dead                           Min: 0, Avg:  0.0, Max: 0, Diff: 0, Sum: 0, Workers: 4
[2091.491s][debug][gc,phases      ] GC(250)     Total                          Min: 1865, Avg: 1994.2, Max: 2143, Diff: 278, Sum: 7977, Workers: 4
[2091.491s][debug][gc,phases      ] GC(250)   JNI Weak                       Min:  0.0, Avg:  0.0, Max:  0.0, Diff:  0.0, Sum:  0.0, Workers: 4
[2091.491s][debug][gc,phases      ] GC(250)     Dead                           Min: 0, Avg:  0.0, Max: 0, Diff: 0, Sum: 0, Workers: 4
[2091.491s][debug][gc,phases      ] GC(250)     Total                          Min: 0, Avg:  0.0, Max: 0, Diff: 0, Sum: 0, Workers: 4
[2091.491s][debug][gc,phases      ] GC(250)   StringDedup Table Weak         Min:  0.0, Avg:  0.0, Max:  0.0, Diff:  0.0, Sum:  0.0, Workers: 4
[2091.491s][debug][gc,phases      ] GC(250)     Dead                           Min: 0, Avg:  0.0, Max: 0, Diff: 0, Sum: 0, Workers: 4
[2091.491s][debug][gc,phases      ] GC(250)     Total                          Min: 0, Avg:  0.0, Max: 0, Diff: 0, Sum: 0, Workers: 4
[2091.491s][debug][gc,phases      ] GC(250)   StringDedup Requests0 Weak     Min:  0.0, Avg:  0.0, Max:  0.0, Diff:  0.0, Sum:  0.0, Workers: 4
[2091.491s][debug][gc,phases      ] GC(250)     Dead                           Min: 0, Avg:  0.0, Max: 0, Diff: 0, Sum: 0, Workers: 4
[2091.491s][debug][gc,phases      ] GC(250)     Total                          Min: 0, Avg:  0.0, Max: 0, Diff: 0, Sum: 0, Workers: 4
[2091.491s][debug][gc,phases      ] GC(250)   StringDedup Requests1 Weak     Min:  0.0, Avg:  0.0, Max:  0.0, Diff:  0.0, Sum:  0.0, Workers: 4
[2091.491s][debug][gc,phases      ] GC(250)     Dead                           Min: 0, Avg:  0.0, Max: 0, Diff: 0, Sum: 0, Workers: 4
[2091.491s][debug][gc,phases      ] GC(250)     Total                          Min: 0, Avg:  0.0, Max: 0, Diff: 0, Sum: 0, Workers: 4
[2091.491s][debug][gc,phases      ] GC(250)   Weak JFR Old Object Samples    Min:  0.0, Avg:  0.0, Max:  0.0, Diff:  0.0, Sum:  0.0, Workers: 4
[2091.491s][debug][gc,phases      ] GC(250)     Dead                           Min: 0, Avg:  0.0, Max: 0, Diff: 0, Sum: 0, Workers: 4
[2091.491s][debug][gc,phases      ] GC(250)     Total                          Min: 0, Avg:  0.0, Max: 0, Diff: 0, Sum: 0, Workers: 4
[2091.492s][debug][gc,phases      ] GC(250) Weak Processing 0.330ms
[2091.492s][debug][gc,age         ] GC(250) Desired survivor size 154140672 bytes, new threshold 15 (max threshold 15)
[2091.492s][info ][gc,heap        ] GC(250) PSYoungGen: 1887872K(1946112K)->92816K(1946624K) Eden: 1795072K(1795072K)->0K(1795584K) From: 92800K(151040K)->92816K(151040K)
[2091.492s][info ][gc,heap        ] GC(250) ParOldGen: 538306K(684544K)->538306K(684544K)
[2091.492s][info ][gc,metaspace   ] GC(250) Metaspace: 82706K(83584K)->82706K(83584K) NonClass: 71191K(71680K)->71191K(71680K) Class: 11515K(11904K)->11515K(11904K)
[2091.492s][info ][gc             ] GC(250) Pause Young (Allocation Failure) 2369M->616M(2569M) 18.771ms
[2091.492s][info ][gc,cpu         ] GC(250) User=0.07s Sys=0.01s Real=0.02s
[2091.492s][info ][safepoint      ] Safepoint "ParallelGCFailedAllocation", Time since last: 136963746 ns, Reaching safepoint: 98002 ns, At safepoint: 18864282 ns, Total: 18962284 ns
[2093.492s][info ][safepoint      ] Safepoint "Cleanup", Time since last: 2000318488 ns, Reaching safepoint: 39101 ns, At safepoint: 27700 ns, Total: 66801 ns
[2101.618s][info ][gc,start       ] GC(251) Pause Young (Allocation Failure)
[2101.637s][debug][gc,phases      ] GC(251) Scavenge 19.059ms
[2101.637s][debug][gc,ref         ] GC(251) Skipped phase 1 of Reference Processing: no references
[2101.637s][debug][gc,ref         ] GC(251) ReferenceProcessor::execute queues: 1, RefProcThreadModel::Single, marks_oops_alive: false
[2101.637s][debug][gc,ref         ] GC(251) ReferenceProcessor::execute queues: 4, RefProcThreadModel::Multi, marks_oops_alive: true
[2101.637s][debug][gc,ref         ] GC(251) ReferenceProcessor::execute queues: 1, RefProcThreadModel::Single, marks_oops_alive: false
[2101.637s][debug][gc,phases      ] GC(251) Reference Processing 0.215ms
[2101.638s][debug][gc,phases      ] GC(251)   VM Weak                        Min:  0.0, Avg:  0.0, Max:  0.0, Diff:  0.0, Sum:  0.0, Workers: 4
[2101.638s][debug][gc,phases      ] GC(251)     Dead                           Min: 0, Avg:  0.0, Max: 0, Diff: 0, Sum: 0, Workers: 4
[2101.638s][debug][gc,phases      ] GC(251)     Total                          Min: 0, Avg: 169.8, Max: 576, Diff: 576, Sum: 679, Workers: 4
[2101.638s][debug][gc,phases      ] GC(251)   ObjectSynchronizer Weak        Min:  0.0, Avg:  0.0, Max:  0.0, Diff:  0.0, Sum:  0.0, Workers: 4
[2101.638s][debug][gc,phases      ] GC(251)     Dead                           Min: 0, Avg:  0.0, Max: 0, Diff: 0, Sum: 0, Workers: 4
[2101.638s][debug][gc,phases      ] GC(251)     Total                          Min: 0, Avg: 91.0, Max: 172, Diff: 172, Sum: 364, Workers: 4
[2101.638s][debug][gc,phases      ] GC(251)   JVMTI Tag Weak OopStorage      Min:  0.0, Avg:  0.0, Max:  0.0, Diff:  0.0, Sum:  0.0, Workers: 4
[2101.638s][debug][gc,phases      ] GC(251)     Dead                           Min: 0, Avg:  0.0, Max: 0, Diff: 0, Sum: 0, Workers: 4
[2101.638s][debug][gc,phases      ] GC(251)     Total                          Min: 0, Avg:  0.0, Max: 0, Diff: 0, Sum: 0, Workers: 4
[2101.638s][debug][gc,phases      ] GC(251)   StringTable Weak               Min:  0.1, Avg:  0.1, Max:  0.1, Diff:  0.0, Sum:  0.4, Workers: 4
[2101.638s][debug][gc,phases      ] GC(251)     Dead                           Min: 0, Avg:  0.0, Max: 0, Diff: 0, Sum: 0, Workers: 4
[2101.638s][debug][gc,phases      ] GC(251)     Total                          Min: 10880, Avg: 12103.0, Max: 12572, Diff: 1692, Sum: 48412, Workers: 4
[2101.638s][debug][gc,phases      ] GC(251)   ResolvedMethodTable Weak       Min:  0.0, Avg:  0.0, Max:  0.0, Diff:  0.0, Sum:  0.1, Workers: 4
[2101.638s][debug][gc,phases      ] GC(251)     Dead                           Min: 0, Avg:  0.2, Max: 1, Diff: 1, Sum: 1, Workers: 4
[2101.638s][debug][gc,phases      ] GC(251)     Total                          Min: 1885, Avg: 1994.5, Max: 2079, Diff: 194, Sum: 7978, Workers: 4
[2101.638s][debug][gc,phases      ] GC(251)   JNI Weak                       Min:  0.0, Avg:  0.0, Max:  0.0, Diff:  0.0, Sum:  0.0, Workers: 4
[2101.638s][debug][gc,phases      ] GC(251)     Dead                           Min: 0, Avg:  0.0, Max: 0, Diff: 0, Sum: 0, Workers: 4
[2101.638s][debug][gc,phases      ] GC(251)     Total                          Min: 0, Avg:  0.0, Max: 0, Diff: 0, Sum: 0, Workers: 4
[2101.638s][debug][gc,phases      ] GC(251)   StringDedup Table Weak         Min:  0.0, Avg:  0.0, Max:  0.0, Diff:  0.0, Sum:  0.0, Workers: 4
[2101.638s][debug][gc,phases      ] GC(251)     Dead                           Min: 0, Avg:  0.0, Max: 0, Diff: 0, Sum: 0, Workers: 4
[2101.638s][debug][gc,phases      ] GC(251)     Total                          Min: 0, Avg:  0.0, Max: 0, Diff: 0, Sum: 0, Workers: 4
[2101.638s][debug][gc,phases      ] GC(251)   StringDedup Requests0 Weak     Min:  0.0, Avg:  0.0, Max:  0.0, Diff:  0.0, Sum:  0.0, Workers: 4
[2101.638s][debug][gc,phases      ] GC(251)     Dead                           Min: 0, Avg:  0.0, Max: 0, Diff: 0, Sum: 0, Workers: 4
[2101.638s][debug][gc,phases      ] GC(251)     Total                          Min: 0, Avg:  0.0, Max: 0, Diff: 0, Sum: 0, Workers: 4
[2101.638s][debug][gc,phases      ] GC(251)   StringDedup Requests1 Weak     Min:  0.0, Avg:  0.0, Max:  0.0, Diff:  0.0, Sum:  0.0, Workers: 4
[2101.638s][debug][gc,phases      ] GC(251)     Dead                           Min: 0, Avg:  0.0, Max: 0, Diff: 0, Sum: 0, Workers: 4
[2101.638s][debug][gc,phases      ] GC(251)     Total                          Min: 0, Avg:  0.0, Max: 0, Diff: 0, Sum: 0, Workers: 4
[2101.638s][debug][gc,phases      ] GC(251)   Weak JFR Old Object Samples    Min:  0.0, Avg:  0.0, Max:  0.0, Diff:  0.0, Sum:  0.0, Workers: 4
[2101.638s][debug][gc,phases      ] GC(251)     Dead                           Min: 0, Avg:  0.0, Max: 0, Diff: 0, Sum: 0, Workers: 4
[2101.638s][debug][gc,phases      ] GC(251)     Total                          Min: 0, Avg:  0.0, Max: 0, Diff: 0, Sum: 0, Workers: 4
[2101.638s][debug][gc,phases      ] GC(251) Weak Processing 0.336ms
[2101.638s][debug][gc,age         ] GC(251) Desired survivor size 149422080 bytes, new threshold 15 (max threshold 15)
[2101.638s][info ][gc,heap        ] GC(251) PSYoungGen: 1888400K(1946624K)->58656K(1946112K) Eden: 1795584K(1795584K)->0K(1795584K) From: 92816K(151040K)->58656K(150528K)
[2101.638s][info ][gc,heap        ] GC(251) ParOldGen: 538306K(684544K)->576342K(684544K)
[2101.638s][info ][gc,metaspace   ] GC(251) Metaspace: 82715K(83584K)->82715K(83584K) NonClass: 71200K(71680K)->71200K(71680K) Class: 11515K(11904K)->11515K(11904K)
[2101.638s][info ][gc             ] GC(251) Pause Young (Allocation Failure) 2369M->620M(2569M) 19.759ms
[2101.638s][info ][gc,cpu         ] GC(251) User=0.08s Sys=0.00s Real=0.02s
[2101.638s][info ][safepoint      ] Safepoint "ParallelGCFailedAllocation", Time since last: 8126031715 ns, Reaching safepoint: 46801 ns, At safepoint: 19848897 ns, Total: 19895698 ns
[2106.638s][info ][safepoint      ] Safepoint "Cleanup", Time since last: 5000344511 ns, Reaching safepoint: 45401 ns, At safepoint: 6300 ns, Total: 51701 ns
[2111.719s][info ][gc,start       ] GC(252) Pause Young (Allocation Failure)
[2111.731s][debug][gc,phases      ] GC(252) Scavenge 12.343ms
[2111.731s][debug][gc,ref         ] GC(252) Skipped phase 1 of Reference Processing: no references
[2111.732s][debug][gc,ref         ] GC(252) ReferenceProcessor::execute queues: 1, RefProcThreadModel::Single, marks_oops_alive: false
[2111.732s][debug][gc,ref         ] GC(252) ReferenceProcessor::execute queues: 4, RefProcThreadModel::Multi, marks_oops_alive: true
[2111.732s][debug][gc,ref         ] GC(252) ReferenceProcessor::execute queues: 1, RefProcThreadModel::Single, marks_oops_alive: false
[2111.732s][debug][gc,phases      ] GC(252) Reference Processing 0.187ms
[2111.732s][debug][gc,phases      ] GC(252)   VM Weak                        Min:  0.0, Avg:  0.0, Max:  0.0, Diff:  0.0, Sum:  0.0, Workers: 4
[2111.732s][debug][gc,phases      ] GC(252)     Dead                           Min: 0, Avg:  0.0, Max: 0, Diff: 0, Sum: 0, Workers: 4
[2111.732s][debug][gc,phases      ] GC(252)     Total                          Min: 0, Avg: 169.8, Max: 423, Diff: 423, Sum: 679, Workers: 4
[2111.732s][debug][gc,phases      ] GC(252)   ObjectSynchronizer Weak        Min:  0.0, Avg:  0.0, Max:  0.0, Diff:  0.0, Sum:  0.0, Workers: 4
[2111.732s][debug][gc,phases      ] GC(252)     Dead                           Min: 0, Avg:  0.0, Max: 0, Diff: 0, Sum: 0, Workers: 4
[2111.732s][debug][gc,phases      ] GC(252)     Total                          Min: 0, Avg: 91.0, Max: 128, Diff: 128, Sum: 364, Workers: 4
[2111.732s][debug][gc,phases      ] GC(252)   JVMTI Tag Weak OopStorage      Min:  0.0, Avg:  0.0, Max:  0.0, Diff:  0.0, Sum:  0.0, Workers: 4
[2111.732s][debug][gc,phases      ] GC(252)     Dead                           Min: 0, Avg:  0.0, Max: 0, Diff: 0, Sum: 0, Workers: 4
[2111.732s][debug][gc,phases      ] GC(252)     Total                          Min: 0, Avg:  0.0, Max: 0, Diff: 0, Sum: 0, Workers: 4
[2111.732s][debug][gc,phases      ] GC(252)   StringTable Weak               Min:  0.1, Avg:  0.1, Max:  0.1, Diff:  0.0, Sum:  0.4, Workers: 4
[2111.732s][debug][gc,phases      ] GC(252)     Dead                           Min: 0, Avg:  0.0, Max: 0, Diff: 0, Sum: 0, Workers: 4
[2111.732s][debug][gc,phases      ] GC(252)     Total                          Min: 11520, Avg: 12103.0, Max: 12800, Diff: 1280, Sum: 48412, Workers: 4
[2111.732s][debug][gc,phases      ] GC(252)   ResolvedMethodTable Weak       Min:  0.0, Avg:  0.0, Max:  0.0, Diff:  0.0, Sum:  0.1, Workers: 4
[2111.732s][debug][gc,phases      ] GC(252)     Dead                           Min: 0, Avg:  0.0, Max: 0, Diff: 0, Sum: 0, Workers: 4
[2111.732s][debug][gc,phases      ] GC(252)     Total                          Min: 1334, Avg: 1994.5, Max: 2264, Diff: 930, Sum: 7978, Workers: 4
[2111.732s][debug][gc,phases      ] GC(252)   JNI Weak                       Min:  0.0, Avg:  0.0, Max:  0.0, Diff:  0.0, Sum:  0.0, Workers: 4
[2111.732s][debug][gc,phases      ] GC(252)     Dead                           Min: 0, Avg:  0.0, Max: 0, Diff: 0, Sum: 0, Workers: 4
[2111.732s][debug][gc,phases      ] GC(252)     Total                          Min: 0, Avg:  0.0, Max: 0, Diff: 0, Sum: 0, Workers: 4
[2111.732s][debug][gc,phases      ] GC(252)   StringDedup Table Weak         Min:  0.0, Avg:  0.0, Max:  0.0, Diff:  0.0, Sum:  0.0, Workers: 4
[2111.732s][debug][gc,phases      ] GC(252)     Dead                           Min: 0, Avg:  0.0, Max: 0, Diff: 0, Sum: 0, Workers: 4
[2111.732s][debug][gc,phases      ] GC(252)     Total                          Min: 0, Avg:  0.0, Max: 0, Diff: 0, Sum: 0, Workers: 4
[2111.732s][debug][gc,phases      ] GC(252)   StringDedup Requests0 Weak     Min:  0.0, Avg:  0.0, Max:  0.0, Diff:  0.0, Sum:  0.0, Workers: 4
[2111.732s][debug][gc,phases      ] GC(252)     Dead                           Min: 0, Avg:  0.0, Max: 0, Diff: 0, Sum: 0, Workers: 4
[2111.732s][debug][gc,phases      ] GC(252)     Total                          Min: 0, Avg:  0.0, Max: 0, Diff: 0, Sum: 0, Workers: 4
[2111.732s][debug][gc,phases      ] GC(252)   StringDedup Requests1 Weak     Min:  0.0, Avg:  0.0, Max:  0.0, Diff:  0.0, Sum:  0.0, Workers: 4
[2111.732s][debug][gc,phases      ] GC(252)     Dead                           Min: 0, Avg:  0.0, Max: 0, Diff: 0, Sum: 0, Workers: 4
[2111.732s][debug][gc,phases      ] GC(252)     Total                          Min: 0, Avg:  0.0, Max: 0, Diff: 0, Sum: 0, Workers: 4
[2111.732s][debug][gc,phases      ] GC(252)   Weak JFR Old Object Samples    Min:  0.0, Avg:  0.0, Max:  0.0, Diff:  0.0, Sum:  0.0, Workers: 4
[2111.732s][debug][gc,phases      ] GC(252)     Dead                           Min: 0, Avg:  0.0, Max: 0, Diff: 0, Sum: 0, Workers: 4
[2111.732s][debug][gc,phases      ] GC(252)     Total                          Min: 0, Avg:  0.0, Max: 0, Diff: 0, Sum: 0, Workers: 4
[2111.732s][debug][gc,phases      ] GC(252) Weak Processing 0.331ms
[2111.732s][debug][gc,age         ] GC(252) Desired survivor size 144703488 bytes, new threshold 15 (max threshold 15)
[2111.732s][info ][gc,heap        ] GC(252) PSYoungGen: 1854240K(1946112K)->58224K(1955840K) Eden: 1795584K(1795584K)->0K(1809920K) From: 58656K(150528K)->58224K(145920K)
[2111.732s][info ][gc,heap        ] GC(252) ParOldGen: 576342K(684544K)->576694K(684544K)
[2111.732s][info ][gc,metaspace   ] GC(252) Metaspace: 82716K(83584K)->82716K(83584K) NonClass: 71201K(71680K)->71201K(71680K) Class: 11515K(11904K)->11515K(11904K)
[2111.732s][info ][gc             ] GC(252) Pause Young (Allocation Failure) 2373M->620M(2578M) 13.013ms
[2111.732s][info ][gc,cpu         ] GC(252) User=0.05s Sys=0.00s Real=0.02s
[2111.732s][info ][safepoint      ] Safepoint "ParallelGCFailedAllocation", Time since last: 5080632911 ns, Reaching safepoint: 30000 ns, At safepoint: 13093296 ns, Total: 13123296 ns
[2112.732s][info ][safepoint      ] Safepoint "Cleanup", Time since last: 1000044541 ns, Reaching safepoint: 42601 ns, At safepoint: 4100 ns, Total: 46701 ns
[2118.733s][info ][safepoint      ] Safepoint "Cleanup", Time since last: 6000416252 ns, Reaching safepoint: 47200 ns, At safepoint: 3801 ns, Total: 51001 ns
[2122.173s][info ][gc,start       ] GC(253) Pause Young (Allocation Failure)
[2122.185s][debug][gc,phases      ] GC(253) Scavenge 12.169ms
[2122.185s][debug][gc,ref         ] GC(253) Skipped phase 1 of Reference Processing: no references
[2122.185s][debug][gc,ref         ] GC(253) ReferenceProcessor::execute queues: 1, RefProcThreadModel::Single, marks_oops_alive: false
[2122.185s][debug][gc,ref         ] GC(253) ReferenceProcessor::execute queues: 4, RefProcThreadModel::Multi, marks_oops_alive: true
[2122.185s][debug][gc,ref         ] GC(253) ReferenceProcessor::execute queues: 1, RefProcThreadModel::Single, marks_oops_alive: false
[2122.185s][debug][gc,phases      ] GC(253) Reference Processing 0.217ms
[2122.185s][debug][gc,phases      ] GC(253)   VM Weak                        Min:  0.0, Avg:  0.0, Max:  0.0, Diff:  0.0, Sum:  0.0, Workers: 4
[2122.185s][debug][gc,phases      ] GC(253)     Dead                           Min: 0, Avg:  0.0, Max: 0, Diff: 0, Sum: 0, Workers: 4
[2122.185s][debug][gc,phases      ] GC(253)     Total                          Min: 0, Avg: 169.8, Max: 384, Diff: 384, Sum: 679, Workers: 4
[2122.185s][debug][gc,phases      ] GC(253)   ObjectSynchronizer Weak        Min:  0.0, Avg:  0.0, Max:  0.0, Diff:  0.0, Sum:  0.0, Workers: 4
[2122.185s][debug][gc,phases      ] GC(253)     Dead                           Min: 0, Avg:  0.0, Max: 0, Diff: 0, Sum: 0, Workers: 4
[2122.185s][debug][gc,phases      ] GC(253)     Total                          Min: 0, Avg: 91.0, Max: 172, Diff: 172, Sum: 364, Workers: 4
[2122.185s][debug][gc,phases      ] GC(253)   JVMTI Tag Weak OopStorage      Min:  0.0, Avg:  0.0, Max:  0.0, Diff:  0.0, Sum:  0.0, Workers: 4
[2122.185s][debug][gc,phases      ] GC(253)     Dead                           Min: 0, Avg:  0.0, Max: 0, Diff: 0, Sum: 0, Workers: 4
[2122.185s][debug][gc,phases      ] GC(253)     Total                          Min: 0, Avg:  0.0, Max: 0, Diff: 0, Sum: 0, Workers: 4
[2122.185s][debug][gc,phases      ] GC(253)   StringTable Weak               Min:  0.1, Avg:  0.1, Max:  0.1, Diff:  0.0, Sum:  0.5, Workers: 4
[2122.185s][debug][gc,phases      ] GC(253)     Dead                           Min: 0, Avg:  0.0, Max: 0, Diff: 0, Sum: 0, Workers: 4
[2122.185s][debug][gc,phases      ] GC(253)     Total                          Min: 11167, Avg: 12103.8, Max: 12672, Diff: 1505, Sum: 48415, Workers: 4
[2122.185s][debug][gc,phases      ] GC(253)   ResolvedMethodTable Weak       Min:  0.0, Avg:  0.0, Max:  0.0, Diff:  0.0, Sum:  0.1, Workers: 4
[2122.185s][debug][gc,phases      ] GC(253)     Dead                           Min: 0, Avg:  0.0, Max: 0, Diff: 0, Sum: 0, Workers: 4
[2122.185s][debug][gc,phases      ] GC(253)     Total                          Min: 1809, Avg: 1994.5, Max: 2102, Diff: 293, Sum: 7978, Workers: 4
[2122.186s][debug][gc,phases      ] GC(253)   JNI Weak                       Min:  0.0, Avg:  0.0, Max:  0.0, Diff:  0.0, Sum:  0.0, Workers: 4
[2122.186s][debug][gc,phases      ] GC(253)     Dead                           Min: 0, Avg:  0.0, Max: 0, Diff: 0, Sum: 0, Workers: 4
[2122.186s][debug][gc,phases      ] GC(253)     Total                          Min: 0, Avg:  0.0, Max: 0, Diff: 0, Sum: 0, Workers: 4
[2122.186s][debug][gc,phases      ] GC(253)   StringDedup Table Weak         Min:  0.0, Avg:  0.0, Max:  0.0, Diff:  0.0, Sum:  0.0, Workers: 4
[2122.186s][debug][gc,phases      ] GC(253)     Dead                           Min: 0, Avg:  0.0, Max: 0, Diff: 0, Sum: 0, Workers: 4
[2122.186s][debug][gc,phases      ] GC(253)     Total                          Min: 0, Avg:  0.0, Max: 0, Diff: 0, Sum: 0, Workers: 4
[2122.186s][debug][gc,phases      ] GC(253)   StringDedup Requests0 Weak     Min:  0.0, Avg:  0.0, Max:  0.0, Diff:  0.0, Sum:  0.0, Workers: 4
[2122.186s][debug][gc,phases      ] GC(253)     Dead                           Min: 0, Avg:  0.0, Max: 0, Diff: 0, Sum: 0, Workers: 4
[2122.186s][debug][gc,phases      ] GC(253)     Total                          Min: 0, Avg:  0.0, Max: 0, Diff: 0, Sum: 0, Workers: 4
[2122.186s][debug][gc,phases      ] GC(253)   StringDedup Requests1 Weak     Min:  0.0, Avg:  0.0, Max:  0.0, Diff:  0.0, Sum:  0.0, Workers: 4
[2122.186s][debug][gc,phases      ] GC(253)     Dead                           Min: 0, Avg:  0.0, Max: 0, Diff: 0, Sum: 0, Workers: 4
[2122.186s][debug][gc,phases      ] GC(253)     Total                          Min: 0, Avg:  0.0, Max: 0, Diff: 0, Sum: 0, Workers: 4
[2122.186s][debug][gc,phases      ] GC(253)   Weak JFR Old Object Samples    Min:  0.0, Avg:  0.0, Max:  0.0, Diff:  0.0, Sum:  0.0, Workers: 4
[2122.186s][debug][gc,phases      ] GC(253)     Dead                           Min: 0, Avg:  0.0, Max: 0, Diff: 0, Sum: 0, Workers: 4
[2122.186s][debug][gc,phases      ] GC(253)     Total                          Min: 0, Avg:  0.0, Max: 0, Diff: 0, Sum: 0, Workers: 4
[2122.186s][debug][gc,phases      ] GC(253) Weak Processing 0.340ms
[2122.186s][debug][gc,age         ] GC(253) Desired survivor size 142082048 bytes, new threshold 15 (max threshold 15)
[2122.186s][info ][gc,heap        ] GC(253) PSYoungGen: 1868144K(1955840K)->47216K(1951232K) Eden: 1809920K(1809920K)->0K(1809920K) From: 58224K(145920K)->47216K(141312K)
[2122.186s][info ][gc,heap        ] GC(253) ParOldGen: 576694K(684544K)->588878K(684544K)
[2122.186s][info ][gc,metaspace   ] GC(253) Metaspace: 82739K(83584K)->82739K(83584K) NonClass: 71224K(71680K)->71224K(71680K) Class: 11515K(11904K)->11515K(11904K)
[2122.186s][info ][gc             ] GC(253) Pause Young (Allocation Failure) 2387M->621M(2574M) 12.869ms
[2122.186s][info ][gc,cpu         ] GC(253) User=0.05s Sys=0.00s Real=0.01s
[2122.186s][info ][safepoint      ] Safepoint "ParallelGCFailedAllocation", Time since last: 3439994196 ns, Reaching safepoint: 102801 ns, At safepoint: 12958794 ns, Total: 13061595 ns
[2125.186s][info ][safepoint      ] Safepoint "Cleanup", Time since last: 3000240625 ns, Reaching safepoint: 65001 ns, At safepoint: 6900 ns, Total: 71901 ns
[2126.186s][info ][safepoint      ] Safepoint "Cleanup", Time since last: 1000107043 ns, Reaching safepoint: 48000 ns, At safepoint: 9701 ns, Total: 57701 ns
[2127.186s][info ][safepoint      ] Safepoint "Cleanup", Time since last: 1000110542 ns, Reaching safepoint: 53101 ns, At safepoint: 4300 ns, Total: 57401 ns
[2128.186s][info ][safepoint      ] Safepoint "Cleanup", Time since last: 1000107442 ns, Reaching safepoint: 59301 ns, At safepoint: 3500 ns, Total: 62801 ns
[2129.187s][info ][safepoint      ] Safepoint "Cleanup", Time since last: 1000107742 ns, Reaching safepoint: 116302 ns, At safepoint: 8800 ns, Total: 125102 ns
[2130.187s][info ][safepoint      ] Safepoint "Cleanup", Time since last: 1000110142 ns, Reaching safepoint: 112601 ns, At safepoint: 5901 ns, Total: 118502 ns
[2133.187s][info ][safepoint      ] Safepoint "Cleanup", Time since last: 3000219624 ns, Reaching safepoint: 62201 ns, At safepoint: 6100 ns, Total: 68301 ns
[2138.188s][info ][safepoint      ] Safepoint "Cleanup", Time since last: 5000360807 ns, Reaching safepoint: 56501 ns, At safepoint: 8900 ns, Total: 65401 ns
[2143.974s][info ][gc,start       ] GC(254) Pause Young (Allocation Failure)
[2143.983s][debug][gc,phases      ] GC(254) Scavenge 9.179ms
[2143.983s][debug][gc,ref         ] GC(254) Skipped phase 1 of Reference Processing: no references
[2143.983s][debug][gc,ref         ] GC(254) ReferenceProcessor::execute queues: 1, RefProcThreadModel::Single, marks_oops_alive: false
[2143.983s][debug][gc,ref         ] GC(254) ReferenceProcessor::execute queues: 4, RefProcThreadModel::Multi, marks_oops_alive: true
[2143.983s][debug][gc,ref         ] GC(254) ReferenceProcessor::execute queues: 1, RefProcThreadModel::Single, marks_oops_alive: false
[2143.983s][debug][gc,phases      ] GC(254) Reference Processing 0.192ms
[2143.984s][debug][gc,phases      ] GC(254)   VM Weak                        Min:  0.0, Avg:  0.0, Max:  0.0, Diff:  0.0, Sum:  0.0, Workers: 4
[2143.984s][debug][gc,phases      ] GC(254)     Dead                           Min: 0, Avg:  0.0, Max: 0, Diff: 0, Sum: 0, Workers: 4
[2143.984s][debug][gc,phases      ] GC(254)     Total                          Min: 0, Avg: 169.8, Max: 423, Diff: 423, Sum: 679, Workers: 4
[2143.984s][debug][gc,phases      ] GC(254)   ObjectSynchronizer Weak        Min:  0.0, Avg:  0.0, Max:  0.0, Diff:  0.0, Sum:  0.0, Workers: 4
[2143.984s][debug][gc,phases      ] GC(254)     Dead                           Min: 0, Avg:  0.2, Max: 1, Diff: 1, Sum: 1, Workers: 4
[2143.984s][debug][gc,phases      ] GC(254)     Total                          Min: 0, Avg: 91.2, Max: 237, Diff: 237, Sum: 365, Workers: 4
[2143.984s][debug][gc,phases      ] GC(254)   JVMTI Tag Weak OopStorage      Min:  0.0, Avg:  0.0, Max:  0.0, Diff:  0.0, Sum:  0.0, Workers: 4
[2143.984s][debug][gc,phases      ] GC(254)     Dead                           Min: 0, Avg:  0.0, Max: 0, Diff: 0, Sum: 0, Workers: 4
[2143.984s][debug][gc,phases      ] GC(254)     Total                          Min: 0, Avg:  0.0, Max: 0, Diff: 0, Sum: 0, Workers: 4
[2143.984s][debug][gc,phases      ] GC(254)   StringTable Weak               Min:  0.1, Avg:  0.1, Max:  0.1, Diff:  0.0, Sum:  0.4, Workers: 4
[2143.984s][debug][gc,phases      ] GC(254)     Dead                           Min: 0, Avg:  0.2, Max: 1, Diff: 1, Sum: 1, Workers: 4
[2143.984s][debug][gc,phases      ] GC(254)     Total                          Min: 11687, Avg: 12105.5, Max: 12736, Diff: 1049, Sum: 48422, Workers: 4
[2143.984s][debug][gc,phases      ] GC(254)   ResolvedMethodTable Weak       Min:  0.0, Avg:  0.0, Max:  0.0, Diff:  0.0, Sum:  0.1, Workers: 4
[2143.984s][debug][gc,phases      ] GC(254)     Dead                           Min: 0, Avg:  0.0, Max: 0, Diff: 0, Sum: 0, Workers: 4
[2143.984s][debug][gc,phases      ] GC(254)     Total                          Min: 1885, Avg: 1995.2, Max: 2042, Diff: 157, Sum: 7981, Workers: 4
[2143.984s][debug][gc,phases      ] GC(254)   JNI Weak                       Min:  0.0, Avg:  0.0, Max:  0.0, Diff:  0.0, Sum:  0.0, Workers: 4
[2143.984s][debug][gc,phases      ] GC(254)     Dead                           Min: 0, Avg:  0.0, Max: 0, Diff: 0, Sum: 0, Workers: 4
[2143.984s][debug][gc,phases      ] GC(254)     Total                          Min: 0, Avg:  0.0, Max: 0, Diff: 0, Sum: 0, Workers: 4
[2143.984s][debug][gc,phases      ] GC(254)   StringDedup Table Weak         Min:  0.0, Avg:  0.0, Max:  0.0, Diff:  0.0, Sum:  0.0, Workers: 4
[2143.984s][debug][gc,phases      ] GC(254)     Dead                           Min: 0, Avg:  0.0, Max: 0, Diff: 0, Sum: 0, Workers: 4
[2143.984s][debug][gc,phases      ] GC(254)     Total                          Min: 0, Avg:  0.0, Max: 0, Diff: 0, Sum: 0, Workers: 4
[2143.984s][debug][gc,phases      ] GC(254)   StringDedup Requests0 Weak     Min:  0.0, Avg:  0.0, Max:  0.0, Diff:  0.0, Sum:  0.0, Workers: 4
[2143.984s][debug][gc,phases      ] GC(254)     Dead                           Min: 0, Avg:  0.0, Max: 0, Diff: 0, Sum: 0, Workers: 4
[2143.984s][debug][gc,phases      ] GC(254)     Total                          Min: 0, Avg:  0.0, Max: 0, Diff: 0, Sum: 0, Workers: 4
[2143.984s][debug][gc,phases      ] GC(254)   StringDedup Requests1 Weak     Min:  0.0, Avg:  0.0, Max:  0.0, Diff:  0.0, Sum:  0.0, Workers: 4
[2143.984s][debug][gc,phases      ] GC(254)     Dead                           Min: 0, Avg:  0.0, Max: 0, Diff: 0, Sum: 0, Workers: 4
[2143.984s][debug][gc,phases      ] GC(254)     Total                          Min: 0, Avg:  0.0, Max: 0, Diff: 0, Sum: 0, Workers: 4
[2143.984s][debug][gc,phases      ] GC(254)   Weak JFR Old Object Samples    Min:  0.0, Avg:  0.0, Max:  0.0, Diff:  0.0, Sum:  0.0, Workers: 4
[2143.984s][debug][gc,phases      ] GC(254)     Dead                           Min: 0, Avg:  0.0, Max: 0, Diff: 0, Sum: 0, Workers: 4
[2143.984s][debug][gc,phases      ] GC(254)     Total                          Min: 0, Avg:  0.0, Max: 0, Diff: 0, Sum: 0, Workers: 4
[2143.984s][debug][gc,phases      ] GC(254) Weak Processing 0.341ms
[2143.984s][debug][gc,age         ] GC(254) Desired survivor size 144179200 bytes, new threshold 15 (max threshold 15)
[2143.984s][info ][gc,heap        ] GC(254) PSYoungGen: 1856680K(1951232K)->16800K(1954304K) Eden: 1809464K(1809920K)->0K(1815552K) From: 47216K(141312K)->16800K(138752K)
[2143.984s][info ][gc,heap        ] GC(254) ParOldGen: 588878K(684544K)->600422K(684544K)
[2143.984s][info ][gc,metaspace   ] GC(254) Metaspace: 82759K(83584K)->82759K(83584K) NonClass: 71242K(71680K)->71242K(71680K) Class: 11517K(11904K)->11517K(11904K)
[2143.984s][info ][gc             ] GC(254) Pause Young (Allocation Failure) 2388M->602M(2577M) 9.853ms
[2143.984s][info ][gc,cpu         ] GC(254) User=0.04s Sys=0.00s Real=0.01s
[2143.984s][info ][safepoint      ] Safepoint "ParallelGCFailedAllocation", Time since last: 5786188046 ns, Reaching safepoint: 54401 ns, At safepoint: 9944048 ns, Total: 9998449 ns
[2144.577s][info ][gc,heap,exit   ] Heap
[2144.577s][info ][gc,heap,exit   ]  PSYoungGen      total 1954304K, used 107299K [0x0000000780000000, 0x0000000800000000, 0x0000000800000000)
[2144.577s][info ][gc,heap,exit   ]   eden space 1815552K, 4% used [0x0000000780000000,0x0000000785860c28,0x00000007eed00000)
[2144.577s][info ][gc,heap,exit   ]   from space 138752K, 12% used [0x00000007f7880000,0x00000007f88e80c0,0x0000000800000000)
[2144.577s][info ][gc,heap,exit   ]   to   space 140800K, 0% used [0x00000007eed00000,0x00000007eed00000,0x00000007f7680000)
[2144.577s][info ][gc,heap,exit   ]  ParOldGen       total 684544K, used 600422K [0x0000000740000000, 0x0000000769c80000, 0x0000000780000000)
[2144.577s][info ][gc,heap,exit   ]   object space 684544K, 87% used [0x0000000740000000,0x0000000764a59ac0,0x0000000769c80000)
[2144.577s][info ][gc,heap,exit   ]  Metaspace       used 82782K, committed 83584K, reserved 1122304K
[2144.577s][info ][gc,heap,exit   ]   class space    used 11520K, committed 11904K, reserved 1048576K
