[0.003s][info][gc] Using Parallel
[0.004s][info][gc,init] Version: 17.0.3+7-LTS (release)
[0.004s][info][gc,init] CPUs: 8 total, 8 available
[0.004s][info][gc,init] Memory: 32112M
[0.004s][info][gc,init] Large Page Support: Disabled
[0.004s][info][gc,init] NUMA Support: Disabled
[0.004s][info][gc,init] Compressed Oops: Enabled (Zero based)
[0.004s][info][gc,init] Alignments: Space 512K, Generation 512K, Heap 2M
[0.004s][info][gc,init] Heap Min Capacity: 2054M
[0.004s][info][gc,init] Heap Initial Capacity: 2054M
[0.004s][info][gc,init] Heap Max Capacity: 3G
[0.004s][info][gc,init] Pre-touch: Disabled
[0.004s][info][gc,init] Parallel Workers: 4
[0.004s][info][gc,metaspace] CDS archive(s) not mapped
[0.004s][info][gc,metaspace] Compressed class space mapped at: 0x0000000800000000-0x0000000840000000, reserved size: 1073741824
[0.004s][info][gc,metaspace] Narrow klass base: 0x0000000800000000, Narrow klass shift: 0, Narrow klass range: 0x40000000
[0.663s][info][safepoint   ] Safepoint "ICBufferFull", Time since last: 642961040 ns, Reaching safepoint: 140202 ns, At safepoint: 6000 ns, Total: 146202 ns
[0.912s][info][safepoint   ] Safepoint "ICBufferFull", Time since last: 248741007 ns, Reaching safepoint: 199802 ns, At safepoint: 7000 ns, Total: 206802 ns
[1.111s][info][gc,start    ] GC(0) Pause Young (Metadata GC Threshold)
[1.120s][debug][gc,phases   ] GC(0) Scavenge 8.886ms
[1.120s][debug][gc,ref      ] GC(0) Skipped phase 1 of Reference Processing: no references
[1.120s][debug][gc,ref      ] GC(0) ReferenceProcessor::execute queues: 1, RefProcThreadModel::Single, marks_oops_alive: false
[1.120s][debug][gc,ref      ] GC(0) Skipped phase 3 of Reference Processing: no references
[1.120s][debug][gc,ref      ] GC(0) ReferenceProcessor::execute queues: 1, RefProcThreadModel::Single, marks_oops_alive: false
[1.120s][debug][gc,phases   ] GC(0) Reference Processing 0.100ms
[1.120s][debug][gc,phases   ] GC(0)   VM Weak                        Min:  0.0, Avg:  0.0, Max:  0.0, Diff:  0.0, Sum:  0.0, Workers: 4
[1.121s][debug][gc,phases   ] GC(0)     Dead                           Min: 0, Avg:  0.0, Max: 0, Diff: 0, Sum: 0, Workers: 4
[1.121s][debug][gc,phases   ] GC(0)     Total                          Min: 0, Avg: 28.2, Max: 64, Diff: 64, Sum: 113, Workers: 4
[1.121s][debug][gc,phases   ] GC(0)   ObjectSynchronizer Weak        Min:  0.0, Avg:  0.0, Max:  0.0, Diff:  0.0, Sum:  0.0, Workers: 4
[1.121s][debug][gc,phases   ] GC(0)     Dead                           Min: 0, Avg:  0.2, Max: 1, Diff: 1, Sum: 1, Workers: 4
[1.121s][debug][gc,phases   ] GC(0)     Total                          Min: 0, Avg:  1.0, Max: 4, Diff: 4, Sum: 4, Workers: 4
[1.121s][debug][gc,phases   ] GC(0)   JVMTI Tag Weak OopStorage      Min:  0.0, Avg:  0.0, Max:  0.0, Diff:  0.0, Sum:  0.0, Workers: 4
[1.121s][debug][gc,phases   ] GC(0)     Dead                           Min: 0, Avg:  0.0, Max: 0, Diff: 0, Sum: 0, Workers: 4
[1.121s][debug][gc,phases   ] GC(0)     Total                          Min: 0, Avg:  0.0, Max: 0, Diff: 0, Sum: 0, Workers: 4
[1.121s][debug][gc,phases   ] GC(0)   StringTable Weak               Min:  0.1, Avg:  0.1, Max:  0.1, Diff:  0.0, Sum:  0.2, Workers: 4
[1.121s][debug][gc,phases   ] GC(0)     Dead                           Min: 2, Avg:  6.8, Max: 17, Diff: 15, Sum: 27, Workers: 4
[1.121s][debug][gc,phases   ] GC(0)     Total                          Min: 2560, Avg: 2880.5, Max: 3202, Diff: 642, Sum: 11522, Workers: 4
[1.121s][debug][gc,phases   ] GC(0)   ResolvedMethodTable Weak       Min:  0.0, Avg:  0.0, Max:  0.0, Diff:  0.0, Sum:  0.0, Workers: 4
[1.121s][debug][gc,phases   ] GC(0)     Dead                           Min: 1, Avg:  7.8, Max: 15, Diff: 14, Sum: 31, Workers: 4
[1.121s][debug][gc,phases   ] GC(0)     Total                          Min: 128, Avg: 150.2, Max: 192, Diff: 64, Sum: 601, Workers: 4
[1.121s][debug][gc,phases   ] GC(0)   JNI Weak                       Min:  0.0, Avg:  0.0, Max:  0.0, Diff:  0.0, Sum:  0.0, Workers: 4
[1.121s][debug][gc,phases   ] GC(0)     Dead                           Min: 0, Avg:  0.0, Max: 0, Diff: 0, Sum: 0, Workers: 4
[1.121s][debug][gc,phases   ] GC(0)     Total                          Min: 0, Avg:  0.0, Max: 0, Diff: 0, Sum: 0, Workers: 4
[1.121s][debug][gc,phases   ] GC(0)   StringDedup Table Weak         Min:  0.0, Avg:  0.0, Max:  0.0, Diff:  0.0, Sum:  0.0, Workers: 4
[1.121s][debug][gc,phases   ] GC(0)     Dead                           Min: 0, Avg:  0.0, Max: 0, Diff: 0, Sum: 0, Workers: 4
[1.121s][debug][gc,phases   ] GC(0)     Total                          Min: 0, Avg:  0.0, Max: 0, Diff: 0, Sum: 0, Workers: 4
[1.121s][debug][gc,phases   ] GC(0)   StringDedup Requests0 Weak     Min:  0.0, Avg:  0.0, Max:  0.0, Diff:  0.0, Sum:  0.0, Workers: 4
[1.121s][debug][gc,phases   ] GC(0)     Dead                           Min: 0, Avg:  0.0, Max: 0, Diff: 0, Sum: 0, Workers: 4
[1.121s][debug][gc,phases   ] GC(0)     Total                          Min: 0, Avg:  0.0, Max: 0, Diff: 0, Sum: 0, Workers: 4
[1.121s][debug][gc,phases   ] GC(0)   StringDedup Requests1 Weak     Min:  0.0, Avg:  0.0, Max:  0.0, Diff:  0.0, Sum:  0.0, Workers: 4
[1.121s][debug][gc,phases   ] GC(0)     Dead                           Min: 0, Avg:  0.0, Max: 0, Diff: 0, Sum: 0, Workers: 4
[1.121s][debug][gc,phases   ] GC(0)     Total                          Min: 0, Avg:  0.0, Max: 0, Diff: 0, Sum: 0, Workers: 4
[1.121s][debug][gc,phases   ] GC(0)   Weak JFR Old Object Samples    Min:  0.0, Avg:  0.0, Max:  0.0, Diff:  0.0, Sum:  0.0, Workers: 4
[1.121s][debug][gc,phases   ] GC(0)     Dead                           Min: 0, Avg:  0.0, Max: 0, Diff: 0, Sum: 0, Workers: 4
[1.121s][debug][gc,phases   ] GC(0)     Total                          Min: 0, Avg:  0.0, Max: 0, Diff: 0, Sum: 0, Workers: 4
[1.121s][debug][gc,phases   ] GC(0) Weak Processing 0.226ms
[1.121s][debug][gc,age      ] GC(0) Desired survivor size 536870912 bytes, new threshold 7 (max threshold 15)
[1.121s][info ][gc,heap     ] GC(0) PSYoungGen: 253558K(1572864K)->27160K(1572864K) Eden: 253558K(1048576K)->0K(1048576K) From: 0K(524288K)->27160K(524288K)
[1.121s][info ][gc,heap     ] GC(0) ParOldGen: 0K(6144K)->88K(6144K)
[1.121s][info ][gc,metaspace] GC(0) Metaspace: 21317K(21504K)->21317K(21504K) NonClass: 18870K(18944K)->18870K(18944K) Class: 2447K(2560K)->2447K(2560K)
[1.121s][info ][gc          ] GC(0) Pause Young (Metadata GC Threshold) 247M->26M(1542M) 9.547ms
[1.121s][info ][gc,cpu      ] GC(0) User=0.03s Sys=0.00s Real=0.01s
[1.121s][debug][gc,phases   ] GC(1) Pre Compact 0.007ms
[1.121s][info ][gc,start    ] GC(1) Pause Full (Metadata GC Threshold)
[1.121s][info ][gc,phases,start] GC(1) Marking Phase
[1.126s][debug][gc,phases      ] GC(1) Par Mark 5.180ms
[1.126s][debug][gc,ref         ] GC(1) Skipped phase 1 of Reference Processing: no references
[1.126s][debug][gc,ref         ] GC(1) ReferenceProcessor::execute queues: 1, RefProcThreadModel::Single, marks_oops_alive: false
[1.126s][debug][gc,ref         ] GC(1) Skipped phase 3 of Reference Processing: no references
[1.126s][debug][gc,ref         ] GC(1) ReferenceProcessor::execute queues: 1, RefProcThreadModel::Single, marks_oops_alive: false
[1.126s][debug][gc,phases      ] GC(1) Reference Processing 0.049ms
[1.126s][debug][gc,phases      ] GC(1)   VM Weak                        Min:  0.0, Avg:  0.0, Max:  0.0, Diff:  0.0, Sum:  0.0, Workers: 4
[1.126s][debug][gc,phases      ] GC(1)     Dead                           Min: 0, Avg:  0.0, Max: 0, Diff: 0, Sum: 0, Workers: 4
[1.126s][debug][gc,phases      ] GC(1)     Total                          Min: 0, Avg: 28.2, Max: 64, Diff: 64, Sum: 113, Workers: 4
[1.126s][debug][gc,phases      ] GC(1)   ObjectSynchronizer Weak        Min:  0.0, Avg:  0.0, Max:  0.0, Diff:  0.0, Sum:  0.0, Workers: 4
[1.126s][debug][gc,phases      ] GC(1)     Dead                           Min: 0, Avg:  0.0, Max: 0, Diff: 0, Sum: 0, Workers: 4
[1.126s][debug][gc,phases      ] GC(1)     Total                          Min: 0, Avg:  1.0, Max: 4, Diff: 4, Sum: 4, Workers: 4
[1.126s][debug][gc,phases      ] GC(1)   JVMTI Tag Weak OopStorage      Min:  0.0, Avg:  0.0, Max:  0.0, Diff:  0.0, Sum:  0.0, Workers: 4
[1.126s][debug][gc,phases      ] GC(1)     Dead                           Min: 0, Avg:  0.0, Max: 0, Diff: 0, Sum: 0, Workers: 4
[1.126s][debug][gc,phases      ] GC(1)     Total                          Min: 0, Avg:  0.0, Max: 0, Diff: 0, Sum: 0, Workers: 4
[1.126s][debug][gc,phases      ] GC(1)   StringTable Weak               Min:  0.0, Avg:  0.0, Max:  0.0, Diff:  0.0, Sum:  0.1, Workers: 4
[1.126s][debug][gc,phases      ] GC(1)     Dead                           Min: 0, Avg:  0.0, Max: 0, Diff: 0, Sum: 0, Workers: 4
[1.126s][debug][gc,phases      ] GC(1)     Total                          Min: 2496, Avg: 2880.5, Max: 3648, Diff: 1152, Sum: 11522, Workers: 4
[1.126s][debug][gc,phases      ] GC(1)   ResolvedMethodTable Weak       Min:  0.0, Avg:  0.0, Max:  0.0, Diff:  0.0, Sum:  0.0, Workers: 4
[1.126s][debug][gc,phases      ] GC(1)     Dead                           Min: 0, Avg:  0.0, Max: 0, Diff: 0, Sum: 0, Workers: 4
[1.126s][debug][gc,phases      ] GC(1)     Total                          Min: 128, Avg: 150.2, Max: 192, Diff: 64, Sum: 601, Workers: 4
[1.126s][debug][gc,phases      ] GC(1)   JNI Weak                       Min:  0.0, Avg:  0.0, Max:  0.0, Diff:  0.0, Sum:  0.0, Workers: 4
[1.126s][debug][gc,phases      ] GC(1)     Dead                           Min: 0, Avg:  0.0, Max: 0, Diff: 0, Sum: 0, Workers: 4
[1.126s][debug][gc,phases      ] GC(1)     Total                          Min: 0, Avg:  0.0, Max: 0, Diff: 0, Sum: 0, Workers: 4
[1.126s][debug][gc,phases      ] GC(1)   StringDedup Table Weak         Min:  0.0, Avg:  0.0, Max:  0.0, Diff:  0.0, Sum:  0.0, Workers: 4
[1.126s][debug][gc,phases      ] GC(1)     Dead                           Min: 0, Avg:  0.0, Max: 0, Diff: 0, Sum: 0, Workers: 4
[1.126s][debug][gc,phases      ] GC(1)     Total                          Min: 0, Avg:  0.0, Max: 0, Diff: 0, Sum: 0, Workers: 4
[1.126s][debug][gc,phases      ] GC(1)   StringDedup Requests0 Weak     Min:  0.0, Avg:  0.0, Max:  0.0, Diff:  0.0, Sum:  0.0, Workers: 4
[1.126s][debug][gc,phases      ] GC(1)     Dead                           Min: 0, Avg:  0.0, Max: 0, Diff: 0, Sum: 0, Workers: 4
[1.126s][debug][gc,phases      ] GC(1)     Total                          Min: 0, Avg:  0.0, Max: 0, Diff: 0, Sum: 0, Workers: 4
[1.126s][debug][gc,phases      ] GC(1)   StringDedup Requests1 Weak     Min:  0.0, Avg:  0.0, Max:  0.0, Diff:  0.0, Sum:  0.0, Workers: 4
[1.126s][debug][gc,phases      ] GC(1)     Dead                           Min: 0, Avg:  0.0, Max: 0, Diff: 0, Sum: 0, Workers: 4
[1.126s][debug][gc,phases      ] GC(1)     Total                          Min: 0, Avg:  0.0, Max: 0, Diff: 0, Sum: 0, Workers: 4
[1.126s][debug][gc,phases      ] GC(1)   Weak JFR Old Object Samples    Min:  0.0, Avg:  0.0, Max:  0.0, Diff:  0.0, Sum:  0.0, Workers: 4
[1.126s][debug][gc,phases      ] GC(1)     Dead                           Min: 0, Avg:  0.0, Max: 0, Diff: 0, Sum: 0, Workers: 4
[1.126s][debug][gc,phases      ] GC(1)     Total                          Min: 0, Avg:  0.0, Max: 0, Diff: 0, Sum: 0, Workers: 4
[1.126s][debug][gc,phases      ] GC(1) Weak Processing 0.197ms
[1.126s][debug][gc,phases      ] GC(1) ClassLoaderData 0.007ms
[1.126s][debug][gc,phases      ] GC(1) Trigger cleanups 0.000ms
[1.128s][debug][gc,phases      ] GC(1) Class Unloading 1.722ms
[1.128s][info ][gc,phases      ] GC(1) Marking Phase 7.209ms
[1.128s][info ][gc,phases,start] GC(1) Summary Phase
[1.128s][info ][gc,phases      ] GC(1) Summary Phase 0.005ms
[1.128s][info ][gc,phases,start] GC(1) Adjust Roots
[1.130s][info ][gc,phases      ] GC(1) Adjust Roots 2.252ms
[1.130s][info ][gc,phases,start] GC(1) Compaction Phase
[1.141s][info ][gc,phases      ] GC(1) Compaction Phase 10.488ms
[1.141s][info ][gc,phases,start] GC(1) Post Compact
[1.141s][info ][gc,phases      ] GC(1) Post Compact 0.472ms
[1.141s][info ][gc,heap        ] GC(1) PSYoungGen: 27160K(1572864K)->21191K(1572864K) Eden: 0K(1048576K)->0K(1048576K) From: 27160K(524288K)->21191K(524288K)
[1.141s][info ][gc,heap        ] GC(1) ParOldGen: 88K(6144K)->5895K(6144K)
[1.141s][info ][gc,metaspace   ] GC(1) Metaspace: 21317K(21504K)->21317K(21504K) NonClass: 18870K(18944K)->18870K(18944K) Class: 2447K(2560K)->2447K(2560K)
[1.141s][info ][gc             ] GC(1) Pause Full (Metadata GC Threshold) 26M->26M(1542M) 20.530ms
[1.141s][info ][gc,cpu         ] GC(1) User=0.07s Sys=0.00s Real=0.02s
[1.141s][info ][safepoint      ] Safepoint "CollectForMetadataAllocation", Time since last: 198779483 ns, Reaching safepoint: 116501 ns, At safepoint: 30187617 ns, Total: 30304118 ns
[1.495s][info ][safepoint      ] Safepoint "ICBufferFull", Time since last: 354033310 ns, Reaching safepoint: 135101 ns, At safepoint: 5700 ns, Total: 140801 ns
[1.508s][info ][safepoint      ] Safepoint "ICBufferFull", Time since last: 12725234 ns, Reaching safepoint: 104201 ns, At safepoint: 5100 ns, Total: 109301 ns
[1.517s][info ][safepoint      ] Safepoint "ICBufferFull", Time since last: 9124895 ns, Reaching safepoint: 52101 ns, At safepoint: 2400 ns, Total: 54501 ns
[1.528s][info ][safepoint      ] Safepoint "ICBufferFull", Time since last: 10898514 ns, Reaching safepoint: 49101 ns, At safepoint: 7200 ns, Total: 56301 ns
[1.531s][info ][safepoint      ] Safepoint "ICBufferFull", Time since last: 2698328 ns, Reaching safepoint: 44601 ns, At safepoint: 7700 ns, Total: 52301 ns
[1.534s][info ][safepoint      ] Safepoint "ICBufferFull", Time since last: 2431725 ns, Reaching safepoint: 102101 ns, At safepoint: 6400 ns, Total: 108501 ns
[1.536s][info ][safepoint      ] Safepoint "ICBufferFull", Time since last: 2457926 ns, Reaching safepoint: 109101 ns, At safepoint: 5500 ns, Total: 114601 ns
[1.540s][info ][safepoint      ] Safepoint "ICBufferFull", Time since last: 3602138 ns, Reaching safepoint: 36800 ns, At safepoint: 2100 ns, Total: 38900 ns
[1.543s][info ][safepoint      ] Safepoint "ICBufferFull", Time since last: 2796030 ns, Reaching safepoint: 28700 ns, At safepoint: 11800 ns, Total: 40500 ns
[1.549s][info ][safepoint      ] Safepoint "ICBufferFull", Time since last: 6147865 ns, Reaching safepoint: 51300 ns, At safepoint: 2200 ns, Total: 53500 ns
[1.550s][info ][safepoint      ] Safepoint "ICBufferFull", Time since last: 1345814 ns, Reaching safepoint: 46501 ns, At safepoint: 6000 ns, Total: 52501 ns
[1.551s][info ][safepoint      ] Safepoint "ICBufferFull", Time since last: 439304 ns, Reaching safepoint: 32701 ns, At safepoint: 5200 ns, Total: 37901 ns
[1.605s][info ][safepoint      ] Safepoint "ICBufferFull", Time since last: 54084066 ns, Reaching safepoint: 96501 ns, At safepoint: 5801 ns, Total: 102302 ns
[1.619s][info ][safepoint      ] Safepoint "ICBufferFull", Time since last: 13841745 ns, Reaching safepoint: 73200 ns, At safepoint: 3100 ns, Total: 76300 ns
[1.620s][info ][safepoint      ] Safepoint "ICBufferFull", Time since last: 1119512 ns, Reaching safepoint: 30600 ns, At safepoint: 3700 ns, Total: 34300 ns
[1.621s][info ][safepoint      ] Safepoint "ICBufferFull", Time since last: 1079412 ns, Reaching safepoint: 109401 ns, At safepoint: 12000 ns, Total: 121401 ns
[1.622s][info ][safepoint      ] Safepoint "ICBufferFull", Time since last: 817909 ns, Reaching safepoint: 32300 ns, At safepoint: 10400 ns, Total: 42700 ns
[1.623s][info ][safepoint      ] Safepoint "ICBufferFull", Time since last: 983410 ns, Reaching safepoint: 31601 ns, At safepoint: 7100 ns, Total: 38701 ns
[1.624s][info ][safepoint      ] Safepoint "ICBufferFull", Time since last: 738208 ns, Reaching safepoint: 32400 ns, At safepoint: 10700 ns, Total: 43100 ns
[1.625s][info ][safepoint      ] Safepoint "ICBufferFull", Time since last: 922210 ns, Reaching safepoint: 30100 ns, At safepoint: 1600 ns, Total: 31700 ns
[1.626s][info ][safepoint      ] Safepoint "ICBufferFull", Time since last: 649907 ns, Reaching safepoint: 12700 ns, At safepoint: 3900 ns, Total: 16600 ns
[1.626s][info ][safepoint      ] Safepoint "ICBufferFull", Time since last: 868509 ns, Reaching safepoint: 25500 ns, At safepoint: 3500 ns, Total: 29000 ns
[1.627s][info ][safepoint      ] Safepoint "ICBufferFull", Time since last: 663207 ns, Reaching safepoint: 25201 ns, At safepoint: 1200 ns, Total: 26401 ns
[1.628s][info ][safepoint      ] Safepoint "ICBufferFull", Time since last: 1262313 ns, Reaching safepoint: 29600 ns, At safepoint: 1300 ns, Total: 30900 ns
[1.629s][info ][safepoint      ] Safepoint "ICBufferFull", Time since last: 423505 ns, Reaching safepoint: 12000 ns, At safepoint: 1200 ns, Total: 13200 ns
[1.630s][info ][safepoint      ] Safepoint "ICBufferFull", Time since last: 1585816 ns, Reaching safepoint: 28201 ns, At safepoint: 1200 ns, Total: 29401 ns
[1.633s][info ][safepoint      ] Safepoint "ICBufferFull", Time since last: 2008721 ns, Reaching safepoint: 23100 ns, At safepoint: 1400 ns, Total: 24500 ns
[1.634s][info ][safepoint      ] Safepoint "ICBufferFull", Time since last: 1468615 ns, Reaching safepoint: 46001 ns, At safepoint: 1200 ns, Total: 47201 ns
[1.642s][info ][safepoint      ] Safepoint "ICBufferFull", Time since last: 7687580 ns, Reaching safepoint: 107502 ns, At safepoint: 8800 ns, Total: 116302 ns
[1.651s][info ][safepoint      ] Safepoint "ICBufferFull", Time since last: 8937193 ns, Reaching safepoint: 37101 ns, At safepoint: 8700 ns, Total: 45801 ns
[1.667s][info ][safepoint      ] Safepoint "ICBufferFull", Time since last: 15820666 ns, Reaching safepoint: 49300 ns, At safepoint: 2400 ns, Total: 51700 ns
[1.708s][info ][safepoint      ] Safepoint "ICBufferFull", Time since last: 41608836 ns, Reaching safepoint: 73001 ns, At safepoint: 5200 ns, Total: 78201 ns
[1.709s][info ][safepoint      ] Safepoint "ICBufferFull", Time since last: 788708 ns, Reaching safepoint: 12600 ns, At safepoint: 3700 ns, Total: 16300 ns
[1.818s][info ][safepoint      ] Safepoint "ICBufferFull", Time since last: 108954242 ns, Reaching safepoint: 134002 ns, At safepoint: 5400 ns, Total: 139402 ns
[2.100s][info ][safepoint      ] Safepoint "ICBufferFull", Time since last: 281043844 ns, Reaching safepoint: 174102 ns, At safepoint: 12300 ns, Total: 186402 ns
[2.244s][info ][safepoint      ] Safepoint "ICBufferFull", Time since last: 144308412 ns, Reaching safepoint: 177202 ns, At safepoint: 3900 ns, Total: 181102 ns
[2.313s][info ][gc,start       ] GC(2) Pause Young (Metadata GC Threshold)
[2.341s][debug][gc,phases      ] GC(2) Scavenge 28.087ms
[2.341s][debug][gc,ref         ] GC(2) Skipped phase 1 of Reference Processing: no references
[2.341s][debug][gc,ref         ] GC(2) ReferenceProcessor::execute queues: 2, RefProcThreadModel::Multi, marks_oops_alive: false
[2.341s][debug][gc,ref         ] GC(2) Skipped phase 3 of Reference Processing: no references
[2.341s][debug][gc,ref         ] GC(2) ReferenceProcessor::execute queues: 1, RefProcThreadModel::Single, marks_oops_alive: false
[2.341s][debug][gc,phases      ] GC(2) Reference Processing 0.251ms
[2.342s][debug][gc,phases      ] GC(2)   VM Weak                        Min:  0.0, Avg:  0.0, Max:  0.0, Diff:  0.0, Sum:  0.0, Workers: 4
[2.342s][debug][gc,phases      ] GC(2)     Dead                           Min: 0, Avg:  0.0, Max: 0, Diff: 0, Sum: 0, Workers: 4
[2.342s][debug][gc,phases      ] GC(2)     Total                          Min: 0, Avg: 68.2, Max: 192, Diff: 192, Sum: 273, Workers: 4
[2.342s][debug][gc,phases      ] GC(2)   ObjectSynchronizer Weak        Min:  0.0, Avg:  0.0, Max:  0.0, Diff:  0.0, Sum:  0.0, Workers: 4
[2.342s][debug][gc,phases      ] GC(2)     Dead                           Min: 0, Avg:  0.0, Max: 0, Diff: 0, Sum: 0, Workers: 4
[2.342s][debug][gc,phases      ] GC(2)     Total                          Min: 0, Avg:  2.8, Max: 11, Diff: 11, Sum: 11, Workers: 4
[2.342s][debug][gc,phases      ] GC(2)   JVMTI Tag Weak OopStorage      Min:  0.0, Avg:  0.0, Max:  0.0, Diff:  0.0, Sum:  0.0, Workers: 4
[2.342s][debug][gc,phases      ] GC(2)     Dead                           Min: 0, Avg:  0.0, Max: 0, Diff: 0, Sum: 0, Workers: 4
[2.342s][debug][gc,phases      ] GC(2)     Total                          Min: 0, Avg:  0.0, Max: 0, Diff: 0, Sum: 0, Workers: 4
[2.342s][debug][gc,phases      ] GC(2)   StringTable Weak               Min:  0.1, Avg:  0.1, Max:  0.1, Diff:  0.0, Sum:  0.5, Workers: 4
[2.342s][debug][gc,phases      ] GC(2)     Dead                           Min: 1, Avg:  5.5, Max: 13, Diff: 12, Sum: 22, Workers: 4
[2.342s][debug][gc,phases      ] GC(2)     Total                          Min: 3520, Avg: 4936.5, Max: 6272, Diff: 2752, Sum: 19746, Workers: 4
[2.342s][debug][gc,phases      ] GC(2)   ResolvedMethodTable Weak       Min:  0.0, Avg:  0.0, Max:  0.0, Diff:  0.0, Sum:  0.1, Workers: 4
[2.342s][debug][gc,phases      ] GC(2)     Dead                           Min: 6, Avg: 17.8, Max: 44, Diff: 38, Sum: 71, Workers: 4
[2.342s][debug][gc,phases      ] GC(2)     Total                          Min: 320, Avg: 472.2, Max: 673, Diff: 353, Sum: 1889, Workers: 4
[2.342s][debug][gc,phases      ] GC(2)   JNI Weak                       Min:  0.0, Avg:  0.0, Max:  0.0, Diff:  0.0, Sum:  0.0, Workers: 4
[2.342s][debug][gc,phases      ] GC(2)     Dead                           Min: 0, Avg:  0.0, Max: 0, Diff: 0, Sum: 0, Workers: 4
[2.342s][debug][gc,phases      ] GC(2)     Total                          Min: 0, Avg:  0.0, Max: 0, Diff: 0, Sum: 0, Workers: 4
[2.342s][debug][gc,phases      ] GC(2)   StringDedup Table Weak         Min:  0.0, Avg:  0.0, Max:  0.0, Diff:  0.0, Sum:  0.0, Workers: 4
[2.342s][debug][gc,phases      ] GC(2)     Dead                           Min: 0, Avg:  0.0, Max: 0, Diff: 0, Sum: 0, Workers: 4
[2.342s][debug][gc,phases      ] GC(2)     Total                          Min: 0, Avg:  0.0, Max: 0, Diff: 0, Sum: 0, Workers: 4
[2.342s][debug][gc,phases      ] GC(2)   StringDedup Requests0 Weak     Min:  0.0, Avg:  0.0, Max:  0.0, Diff:  0.0, Sum:  0.0, Workers: 4
[2.342s][debug][gc,phases      ] GC(2)     Dead                           Min: 0, Avg:  0.0, Max: 0, Diff: 0, Sum: 0, Workers: 4
[2.342s][debug][gc,phases      ] GC(2)     Total                          Min: 0, Avg:  0.0, Max: 0, Diff: 0, Sum: 0, Workers: 4
[2.342s][debug][gc,phases      ] GC(2)   StringDedup Requests1 Weak     Min:  0.0, Avg:  0.0, Max:  0.0, Diff:  0.0, Sum:  0.0, Workers: 4
[2.342s][debug][gc,phases      ] GC(2)     Dead                           Min: 0, Avg:  0.0, Max: 0, Diff: 0, Sum: 0, Workers: 4
[2.342s][debug][gc,phases      ] GC(2)     Total                          Min: 0, Avg:  0.0, Max: 0, Diff: 0, Sum: 0, Workers: 4
[2.342s][debug][gc,phases      ] GC(2)   Weak JFR Old Object Samples    Min:  0.0, Avg:  0.0, Max:  0.0, Diff:  0.0, Sum:  0.0, Workers: 4
[2.342s][debug][gc,phases      ] GC(2)     Dead                           Min: 0, Avg:  0.0, Max: 0, Diff: 0, Sum: 0, Workers: 4
[2.342s][debug][gc,phases      ] GC(2)     Total                          Min: 0, Avg:  0.0, Max: 0, Diff: 0, Sum: 0, Workers: 4
[2.342s][debug][gc,phases      ] GC(2) Weak Processing 0.291ms
[2.342s][debug][gc,age         ] GC(2) Desired survivor size 536870912 bytes, new threshold 7 (max threshold 15)
[2.342s][info ][gc,heap        ] GC(2) PSYoungGen: 466847K(1572864K)->56335K(1572864K) Eden: 445655K(1048576K)->0K(1048576K) From: 21191K(524288K)->56335K(524288K)
[2.342s][info ][gc,heap        ] GC(2) ParOldGen: 5895K(6144K)->5903K(6144K)
[2.342s][info ][gc,metaspace   ] GC(2) Metaspace: 35448K(35840K)->35448K(35840K) NonClass: 30975K(31168K)->30975K(31168K) Class: 4472K(4672K)->4472K(4672K)
[2.342s][info ][gc             ] GC(2) Pause Young (Metadata GC Threshold) 461M->60M(1542M) 28.742ms
[2.342s][info ][gc,cpu         ] GC(2) User=0.11s Sys=0.00s Real=0.03s
[2.342s][debug][gc,phases      ] GC(3) Pre Compact 0.008ms
[2.342s][info ][gc,start       ] GC(3) Pause Full (Metadata GC Threshold)
[2.342s][info ][gc,phases,start] GC(3) Marking Phase
[2.358s][debug][gc,phases      ] GC(3) Par Mark 15.989ms
[2.358s][debug][gc,ref         ] GC(3) Skipped phase 1 of Reference Processing: no references
[2.358s][debug][gc,ref         ] GC(3) ReferenceProcessor::execute queues: 2, RefProcThreadModel::Multi, marks_oops_alive: false
[2.358s][debug][gc,ref         ] GC(3) Skipped phase 3 of Reference Processing: no references
[2.358s][debug][gc,ref         ] GC(3) ReferenceProcessor::execute queues: 1, RefProcThreadModel::Single, marks_oops_alive: false
[2.358s][debug][gc,phases      ] GC(3) Reference Processing 0.127ms
[2.358s][debug][gc,phases      ] GC(3)   VM Weak                        Min:  0.0, Avg:  0.0, Max:  0.0, Diff:  0.0, Sum:  0.0, Workers: 4
[2.358s][debug][gc,phases      ] GC(3)     Dead                           Min: 0, Avg:  0.0, Max: 0, Diff: 0, Sum: 0, Workers: 4
[2.358s][debug][gc,phases      ] GC(3)     Total                          Min: 0, Avg: 68.2, Max: 273, Diff: 273, Sum: 273, Workers: 4
[2.358s][debug][gc,phases      ] GC(3)   ObjectSynchronizer Weak        Min:  0.0, Avg:  0.0, Max:  0.0, Diff:  0.0, Sum:  0.0, Workers: 4
[2.358s][debug][gc,phases      ] GC(3)     Dead                           Min: 0, Avg:  0.2, Max: 1, Diff: 1, Sum: 1, Workers: 4
[2.358s][debug][gc,phases      ] GC(3)     Total                          Min: 0, Avg:  2.8, Max: 11, Diff: 11, Sum: 11, Workers: 4
[2.358s][debug][gc,phases      ] GC(3)   JVMTI Tag Weak OopStorage      Min:  0.0, Avg:  0.0, Max:  0.0, Diff:  0.0, Sum:  0.0, Workers: 4
[2.358s][debug][gc,phases      ] GC(3)     Dead                           Min: 0, Avg:  0.0, Max: 0, Diff: 0, Sum: 0, Workers: 4
[2.358s][debug][gc,phases      ] GC(3)     Total                          Min: 0, Avg:  0.0, Max: 0, Diff: 0, Sum: 0, Workers: 4
[2.358s][debug][gc,phases      ] GC(3)   StringTable Weak               Min:  0.0, Avg:  0.1, Max:  0.1, Diff:  0.0, Sum:  0.2, Workers: 4
[2.358s][debug][gc,phases      ] GC(3)     Dead                           Min: 0, Avg:  0.8, Max: 2, Diff: 2, Sum: 3, Workers: 4
[2.358s][debug][gc,phases      ] GC(3)     Total                          Min: 4160, Avg: 4936.5, Max: 5858, Diff: 1698, Sum: 19746, Workers: 4
[2.358s][debug][gc,phases      ] GC(3)   ResolvedMethodTable Weak       Min:  0.0, Avg:  0.0, Max:  0.0, Diff:  0.0, Sum:  0.0, Workers: 4
[2.358s][debug][gc,phases      ] GC(3)     Dead                           Min: 0, Avg:  0.0, Max: 0, Diff: 0, Sum: 0, Workers: 4
[2.358s][debug][gc,phases      ] GC(3)     Total                          Min: 384, Avg: 472.2, Max: 512, Diff: 128, Sum: 1889, Workers: 4
[2.358s][debug][gc,phases      ] GC(3)   JNI Weak                       Min:  0.0, Avg:  0.0, Max:  0.0, Diff:  0.0, Sum:  0.0, Workers: 4
[2.358s][debug][gc,phases      ] GC(3)     Dead                           Min: 0, Avg:  0.0, Max: 0, Diff: 0, Sum: 0, Workers: 4
[2.358s][debug][gc,phases      ] GC(3)     Total                          Min: 0, Avg:  0.0, Max: 0, Diff: 0, Sum: 0, Workers: 4
[2.358s][debug][gc,phases      ] GC(3)   StringDedup Table Weak         Min:  0.0, Avg:  0.0, Max:  0.0, Diff:  0.0, Sum:  0.0, Workers: 4
[2.358s][debug][gc,phases      ] GC(3)     Dead                           Min: 0, Avg:  0.0, Max: 0, Diff: 0, Sum: 0, Workers: 4
[2.358s][debug][gc,phases      ] GC(3)     Total                          Min: 0, Avg:  0.0, Max: 0, Diff: 0, Sum: 0, Workers: 4
[2.358s][debug][gc,phases      ] GC(3)   StringDedup Requests0 Weak     Min:  0.0, Avg:  0.0, Max:  0.0, Diff:  0.0, Sum:  0.0, Workers: 4
[2.358s][debug][gc,phases      ] GC(3)     Dead                           Min: 0, Avg:  0.0, Max: 0, Diff: 0, Sum: 0, Workers: 4
[2.358s][debug][gc,phases      ] GC(3)     Total                          Min: 0, Avg:  0.0, Max: 0, Diff: 0, Sum: 0, Workers: 4
[2.358s][debug][gc,phases      ] GC(3)   StringDedup Requests1 Weak     Min:  0.0, Avg:  0.0, Max:  0.0, Diff:  0.0, Sum:  0.0, Workers: 4
[2.358s][debug][gc,phases      ] GC(3)     Dead                           Min: 0, Avg:  0.0, Max: 0, Diff: 0, Sum: 0, Workers: 4
[2.358s][debug][gc,phases      ] GC(3)     Total                          Min: 0, Avg:  0.0, Max: 0, Diff: 0, Sum: 0, Workers: 4
[2.358s][debug][gc,phases      ] GC(3)   Weak JFR Old Object Samples    Min:  0.0, Avg:  0.0, Max:  0.0, Diff:  0.0, Sum:  0.0, Workers: 4
[2.358s][debug][gc,phases      ] GC(3)     Dead                           Min: 0, Avg:  0.0, Max: 0, Diff: 0, Sum: 0, Workers: 4
[2.358s][debug][gc,phases      ] GC(3)     Total                          Min: 0, Avg:  0.0, Max: 0, Diff: 0, Sum: 0, Workers: 4
[2.358s][debug][gc,phases      ] GC(3) Weak Processing 0.208ms
[2.358s][debug][gc,phases      ] GC(3) ClassLoaderData 0.035ms
[2.358s][debug][gc,phases      ] GC(3) Trigger cleanups 0.000ms
[2.361s][debug][gc,phases      ] GC(3) Class Unloading 3.248ms
[2.361s][info ][gc,phases      ] GC(3) Marking Phase 19.680ms
[2.361s][info ][gc,phases,start] GC(3) Summary Phase
[2.361s][info ][gc,phases      ] GC(3) Summary Phase 0.005ms
[2.361s][info ][gc,phases,start] GC(3) Adjust Roots
[2.365s][info ][gc,phases      ] GC(3) Adjust Roots 3.858ms
[2.365s][info ][gc,phases,start] GC(3) Compaction Phase
[2.614s][info ][gc,phases      ] GC(3) Compaction Phase 248.793ms
[2.614s][info ][gc,phases,start] GC(3) Post Compact
[2.615s][info ][gc,phases      ] GC(3) Post Compact 0.542ms
[2.615s][info ][gc,heap        ] GC(3) PSYoungGen: 56335K(1572864K)->56188K(1572864K) Eden: 0K(1048576K)->0K(1048576K) From: 56335K(524288K)->56188K(524288K)
[2.615s][info ][gc,heap        ] GC(3) ParOldGen: 5903K(6144K)->5839K(6144K)
[2.615s][info ][gc,metaspace   ] GC(3) Metaspace: 35448K(35840K)->35448K(35840K) NonClass: 30975K(31168K)->30975K(31168K) Class: 4472K(4672K)->4472K(4672K)
[2.615s][info ][gc             ] GC(3) Pause Full (Metadata GC Threshold) 60M->60M(1542M) 272.981ms
[2.615s][info ][gc,cpu         ] GC(3) User=0.58s Sys=0.00s Real=0.27s
[2.615s][info ][safepoint      ] Safepoint "CollectForMetadataAllocation", Time since last: 68828721 ns, Reaching safepoint: 56200 ns, At safepoint: 301823162 ns, Total: 301879362 ns
[2.846s][info ][safepoint      ] Safepoint "ICBufferFull", Time since last: 231487825 ns, Reaching safepoint: 144702 ns, At safepoint: 8400 ns, Total: 153102 ns
[2.941s][info ][safepoint      ] Safepoint "ICBufferFull", Time since last: 94026385 ns, Reaching safepoint: 139901 ns, At safepoint: 16300 ns, Total: 156201 ns
[3.092s][info ][safepoint      ] Safepoint "ICBufferFull", Time since last: 150001871 ns, Reaching safepoint: 977710 ns, At safepoint: 28101 ns, Total: 1005811 ns
[3.155s][info ][safepoint      ] Safepoint "ICBufferFull", Time since last: 63022860 ns, Reaching safepoint: 199002 ns, At safepoint: 18900 ns, Total: 217902 ns
[3.155s][info ][safepoint      ] Safepoint "ICBufferFull", Time since last: 67901 ns, Reaching safepoint: 87201 ns, At safepoint: 21100 ns, Total: 108301 ns
[3.295s][info ][safepoint      ] Safepoint "ICBufferFull", Time since last: 140036066 ns, Reaching safepoint: 240103 ns, At safepoint: 15400 ns, Total: 255503 ns
[3.364s][info ][safepoint      ] Safepoint "ICBufferFull", Time since last: 68871921 ns, Reaching safepoint: 186302 ns, At safepoint: 26400 ns, Total: 212702 ns
[3.365s][info ][safepoint      ] Safepoint "ICBufferFull", Time since last: 874810 ns, Reaching safepoint: 94301 ns, At safepoint: 19300 ns, Total: 113601 ns
[3.437s][info ][safepoint      ] Safepoint "ICBufferFull", Time since last: 71066044 ns, Reaching safepoint: 185402 ns, At safepoint: 26200 ns, Total: 211602 ns
[3.754s][info ][safepoint      ] Safepoint "ICBufferFull", Time since last: 316976920 ns, Reaching safepoint: 237502 ns, At safepoint: 24100 ns, Total: 261602 ns
[3.831s][info ][safepoint      ] Safepoint "ICBufferFull", Time since last: 77301010 ns, Reaching safepoint: 214402 ns, At safepoint: 33901 ns, Total: 248303 ns
[3.834s][info ][safepoint      ] Safepoint "ICBufferFull", Time since last: 2550926 ns, Reaching safepoint: 25901 ns, At safepoint: 25700 ns, Total: 51601 ns
[3.834s][info ][safepoint      ] Safepoint "ICBufferFull", Time since last: 69701 ns, Reaching safepoint: 90001 ns, At safepoint: 25600 ns, Total: 115601 ns
[3.834s][info ][safepoint      ] Safepoint "ICBufferFull", Time since last: 70301 ns, Reaching safepoint: 87600 ns, At safepoint: 28701 ns, Total: 116301 ns
[3.835s][info ][safepoint      ] Safepoint "ICBufferFull", Time since last: 42200 ns, Reaching safepoint: 86901 ns, At safepoint: 22800 ns, Total: 109701 ns
[3.835s][info ][safepoint      ] Safepoint "ICBufferFull", Time since last: 29701 ns, Reaching safepoint: 87301 ns, At safepoint: 29100 ns, Total: 116401 ns
[3.835s][info ][safepoint      ] Safepoint "ICBufferFull", Time since last: 63801 ns, Reaching safepoint: 100701 ns, At safepoint: 17800 ns, Total: 118501 ns
[3.837s][info ][safepoint      ] Safepoint "ICBufferFull", Time since last: 1548616 ns, Reaching safepoint: 124801 ns, At safepoint: 25201 ns, Total: 150002 ns
[3.929s][info ][gc,start       ] GC(4) Pause Young (Allocation Failure)
[4.028s][debug][gc,phases      ] GC(4) Scavenge 99.694ms
[4.028s][debug][gc,ref         ] GC(4) Skipped phase 1 of Reference Processing: no references
[4.028s][debug][gc,ref         ] GC(4) ReferenceProcessor::execute queues: 4, RefProcThreadModel::Multi, marks_oops_alive: false
[4.029s][debug][gc,ref         ] GC(4) Skipped phase 3 of Reference Processing: no references
[4.029s][debug][gc,ref         ] GC(4) ReferenceProcessor::execute queues: 3, RefProcThreadModel::Multi, marks_oops_alive: false
[4.029s][debug][gc,phases      ] GC(4) Reference Processing 0.414ms
[4.029s][debug][gc,phases      ] GC(4)   VM Weak                        Min:  0.0, Avg:  0.0, Max:  0.0, Diff:  0.0, Sum:  0.0, Workers: 4
[4.029s][debug][gc,phases      ] GC(4)     Dead                           Min: 0, Avg:  0.0, Max: 0, Diff: 0, Sum: 0, Workers: 4
[4.029s][debug][gc,phases      ] GC(4)     Total                          Min: 0, Avg: 104.5, Max: 226, Diff: 226, Sum: 418, Workers: 4
[4.029s][debug][gc,phases      ] GC(4)   ObjectSynchronizer Weak        Min:  0.0, Avg:  0.0, Max:  0.0, Diff:  0.0, Sum:  0.0, Workers: 4
[4.029s][debug][gc,phases      ] GC(4)     Dead                           Min: 0, Avg: 61.8, Max: 94, Diff: 94, Sum: 247, Workers: 4
[4.029s][debug][gc,phases      ] GC(4)     Total                          Min: 0, Avg: 74.0, Max: 128, Diff: 128, Sum: 296, Workers: 4
[4.029s][debug][gc,phases      ] GC(4)   JVMTI Tag Weak OopStorage      Min:  0.0, Avg:  0.0, Max:  0.0, Diff:  0.0, Sum:  0.0, Workers: 4
[4.029s][debug][gc,phases      ] GC(4)     Dead                           Min: 0, Avg:  0.0, Max: 0, Diff: 0, Sum: 0, Workers: 4
[4.029s][debug][gc,phases      ] GC(4)     Total                          Min: 0, Avg:  0.0, Max: 0, Diff: 0, Sum: 0, Workers: 4
[4.029s][debug][gc,phases      ] GC(4)   StringTable Weak               Min:  0.2, Avg:  0.2, Max:  0.2, Diff:  0.0, Sum:  0.9, Workers: 4
[4.029s][debug][gc,phases      ] GC(4)     Dead                           Min: 2, Avg:  6.5, Max: 14, Diff: 12, Sum: 26, Workers: 4
[4.029s][debug][gc,phases      ] GC(4)     Total                          Min: 6710, Avg: 9517.5, Max: 11776, Diff: 5066, Sum: 38070, Workers: 4
[4.029s][debug][gc,phases      ] GC(4)   ResolvedMethodTable Weak       Min:  0.0, Avg:  0.0, Max:  0.0, Diff:  0.0, Sum:  0.1, Workers: 4
[4.029s][debug][gc,phases      ] GC(4)     Dead                           Min: 4, Avg: 42.0, Max: 91, Diff: 87, Sum: 168, Workers: 4
[4.029s][debug][gc,phases      ] GC(4)     Total                          Min: 832, Avg: 1215.0, Max: 1724, Diff: 892, Sum: 4860, Workers: 4
[4.029s][debug][gc,phases      ] GC(4)   JNI Weak                       Min:  0.0, Avg:  0.0, Max:  0.0, Diff:  0.0, Sum:  0.0, Workers: 4
[4.029s][debug][gc,phases      ] GC(4)     Dead                           Min: 0, Avg:  0.0, Max: 0, Diff: 0, Sum: 0, Workers: 4
[4.029s][debug][gc,phases      ] GC(4)     Total                          Min: 0, Avg:  2.2, Max: 9, Diff: 9, Sum: 9, Workers: 4
[4.029s][debug][gc,phases      ] GC(4)   StringDedup Table Weak         Min:  0.0, Avg:  0.0, Max:  0.0, Diff:  0.0, Sum:  0.0, Workers: 4
[4.029s][debug][gc,phases      ] GC(4)     Dead                           Min: 0, Avg:  0.0, Max: 0, Diff: 0, Sum: 0, Workers: 4
[4.029s][debug][gc,phases      ] GC(4)     Total                          Min: 0, Avg:  0.0, Max: 0, Diff: 0, Sum: 0, Workers: 4
[4.029s][debug][gc,phases      ] GC(4)   StringDedup Requests0 Weak     Min:  0.0, Avg:  0.0, Max:  0.0, Diff:  0.0, Sum:  0.0, Workers: 4
[4.029s][debug][gc,phases      ] GC(4)     Dead                           Min: 0, Avg:  0.0, Max: 0, Diff: 0, Sum: 0, Workers: 4
[4.029s][debug][gc,phases      ] GC(4)     Total                          Min: 0, Avg:  0.0, Max: 0, Diff: 0, Sum: 0, Workers: 4
[4.029s][debug][gc,phases      ] GC(4)   StringDedup Requests1 Weak     Min:  0.0, Avg:  0.0, Max:  0.0, Diff:  0.0, Sum:  0.0, Workers: 4
[4.029s][debug][gc,phases      ] GC(4)     Dead                           Min: 0, Avg:  0.0, Max: 0, Diff: 0, Sum: 0, Workers: 4
[4.029s][debug][gc,phases      ] GC(4)     Total                          Min: 0, Avg:  0.0, Max: 0, Diff: 0, Sum: 0, Workers: 4
[4.029s][debug][gc,phases      ] GC(4)   Weak JFR Old Object Samples    Min:  0.0, Avg:  0.0, Max:  0.0, Diff:  0.0, Sum:  0.0, Workers: 4
[4.029s][debug][gc,phases      ] GC(4)     Dead                           Min: 0, Avg:  0.0, Max: 0, Diff: 0, Sum: 0, Workers: 4
[4.029s][debug][gc,phases      ] GC(4)     Total                          Min: 0, Avg:  0.0, Max: 0, Diff: 0, Sum: 0, Workers: 4
[4.029s][debug][gc,phases      ] GC(4) Weak Processing 0.438ms
[4.029s][debug][gc,age         ] GC(4) Desired survivor size 536870912 bytes, new threshold 7 (max threshold 15)
[4.029s][info ][gc,heap        ] GC(4) PSYoungGen: 1104764K(1572864K)->170442K(1572864K) Eden: 1048576K(1048576K)->0K(1048576K) From: 56188K(524288K)->170442K(524288K)
[4.029s][info ][gc,heap        ] GC(4) ParOldGen: 5839K(6144K)->5847K(6144K)
[4.029s][info ][gc,metaspace   ] GC(4) Metaspace: 53276K(53824K)->53276K(53824K) NonClass: 45397K(45696K)->45397K(45696K) Class: 7878K(8128K)->7878K(8128K)
[4.029s][info ][gc             ] GC(4) Pause Young (Allocation Failure) 1084M->172M(1542M) 100.672ms
[4.029s][info ][gc,cpu         ] GC(4) User=0.34s Sys=0.06s Real=0.10s
[4.029s][info ][safepoint      ] Safepoint "ParallelGCFailedAllocation", Time since last: 91808161 ns, Reaching safepoint: 159702 ns, At safepoint: 100773855 ns, Total: 100933557 ns
[4.099s][info ][safepoint      ] Safepoint "ICBufferFull", Time since last: 67187703 ns, Reaching safepoint: 2181423 ns, At safepoint: 29200 ns, Total: 2210623 ns
[4.103s][info ][safepoint      ] Safepoint "ICBufferFull", Time since last: 4098943 ns, Reaching safepoint: 109901 ns, At safepoint: 25900 ns, Total: 135801 ns
[4.106s][info ][safepoint      ] Safepoint "ICBufferFull", Time since last: 3024332 ns, Reaching safepoint: 114001 ns, At safepoint: 28001 ns, Total: 142002 ns
[4.108s][info ][safepoint      ] Safepoint "ICBufferFull", Time since last: 2068121 ns, Reaching safepoint: 103701 ns, At safepoint: 22701 ns, Total: 126402 ns
[4.116s][info ][safepoint      ] Safepoint "ICBufferFull", Time since last: 4689549 ns, Reaching safepoint: 3165933 ns, At safepoint: 24000 ns, Total: 3189933 ns
[4.124s][info ][safepoint      ] Safepoint "ICBufferFull", Time since last: 7183375 ns, Reaching safepoint: 115202 ns, At safepoint: 33800 ns, Total: 149002 ns
[4.128s][info ][safepoint      ] Safepoint "ICBufferFull", Time since last: 4436446 ns, Reaching safepoint: 116102 ns, At safepoint: 26800 ns, Total: 142902 ns
[4.133s][info ][safepoint      ] Safepoint "ICBufferFull", Time since last: 4882651 ns, Reaching safepoint: 106101 ns, At safepoint: 23800 ns, Total: 129901 ns
[4.135s][info ][safepoint      ] Safepoint "ICBufferFull", Time since last: 1783319 ns, Reaching safepoint: 101901 ns, At safepoint: 22000 ns, Total: 123901 ns
[4.143s][info ][safepoint      ] Safepoint "ICBufferFull", Time since last: 8263687 ns, Reaching safepoint: 96301 ns, At safepoint: 25400 ns, Total: 121701 ns
[4.147s][info ][safepoint      ] Safepoint "ICBufferFull", Time since last: 3129933 ns, Reaching safepoint: 108801 ns, At safepoint: 24300 ns, Total: 133101 ns
[4.149s][info ][safepoint      ] Safepoint "ICBufferFull", Time since last: 1915920 ns, Reaching safepoint: 103401 ns, At safepoint: 23001 ns, Total: 126402 ns
[4.152s][info ][safepoint      ] Safepoint "ICBufferFull", Time since last: 3248534 ns, Reaching safepoint: 103301 ns, At safepoint: 23500 ns, Total: 126801 ns
[4.155s][info ][safepoint      ] Safepoint "ICBufferFull", Time since last: 2507826 ns, Reaching safepoint: 103201 ns, At safepoint: 22600 ns, Total: 125801 ns
[4.169s][info ][safepoint      ] Safepoint "ICBufferFull", Time since last: 14599053 ns, Reaching safepoint: 114602 ns, At safepoint: 24700 ns, Total: 139302 ns
[4.236s][info ][gc,start       ] GC(5) Pause Young (Allocation Failure)
[4.313s][debug][gc,phases      ] GC(5) Scavenge 77.493ms
[4.313s][debug][gc,ref         ] GC(5) Skipped phase 1 of Reference Processing: no references
[4.314s][debug][gc,ref         ] GC(5) ReferenceProcessor::execute queues: 4, RefProcThreadModel::Multi, marks_oops_alive: false
[4.314s][debug][gc,ref         ] GC(5) Skipped phase 3 of Reference Processing: no references
[4.314s][debug][gc,ref         ] GC(5) ReferenceProcessor::execute queues: 1, RefProcThreadModel::Single, marks_oops_alive: false
[4.314s][debug][gc,phases      ] GC(5) Reference Processing 0.298ms
[4.314s][debug][gc,phases      ] GC(5)   VM Weak                        Min:  0.0, Avg:  0.0, Max:  0.0, Diff:  0.0, Sum:  0.0, Workers: 4
[4.314s][debug][gc,phases      ] GC(5)     Dead                           Min: 0, Avg:  0.0, Max: 0, Diff: 0, Sum: 0, Workers: 4
[4.314s][debug][gc,phases      ] GC(5)     Total                          Min: 0, Avg: 106.0, Max: 296, Diff: 296, Sum: 424, Workers: 4
[4.314s][debug][gc,phases      ] GC(5)   ObjectSynchronizer Weak        Min:  0.0, Avg:  0.0, Max:  0.0, Diff:  0.0, Sum:  0.0, Workers: 4
[4.314s][debug][gc,phases      ] GC(5)     Dead                           Min: 0, Avg:  1.8, Max: 7, Diff: 7, Sum: 7, Workers: 4
[4.314s][debug][gc,phases      ] GC(5)     Total                          Min: 0, Avg: 75.5, Max: 192, Diff: 192, Sum: 302, Workers: 4
[4.314s][debug][gc,phases      ] GC(5)   JVMTI Tag Weak OopStorage      Min:  0.0, Avg:  0.0, Max:  0.0, Diff:  0.0, Sum:  0.0, Workers: 4
[4.314s][debug][gc,phases      ] GC(5)     Dead                           Min: 0, Avg:  0.0, Max: 0, Diff: 0, Sum: 0, Workers: 4
[4.314s][debug][gc,phases      ] GC(5)     Total                          Min: 0, Avg:  0.0, Max: 0, Diff: 0, Sum: 0, Workers: 4
[4.314s][debug][gc,phases      ] GC(5)   StringTable Weak               Min:  0.2, Avg:  0.3, Max:  0.3, Diff:  0.0, Sum:  1.0, Workers: 4
[4.314s][debug][gc,phases      ] GC(5)     Dead                           Min: 0, Avg:  0.2, Max: 1, Diff: 1, Sum: 1, Workers: 4
[4.314s][debug][gc,phases      ] GC(5)     Total                          Min: 8320, Avg: 9532.0, Max: 12336, Diff: 4016, Sum: 38128, Workers: 4
[4.314s][debug][gc,phases      ] GC(5)   ResolvedMethodTable Weak       Min:  0.0, Avg:  0.0, Max:  0.0, Diff:  0.0, Sum:  0.1, Workers: 4
[4.314s][debug][gc,phases      ] GC(5)     Dead                           Min: 0, Avg:  0.0, Max: 0, Diff: 0, Sum: 0, Workers: 4
[4.314s][debug][gc,phases      ] GC(5)     Total                          Min: 896, Avg: 1186.5, Max: 1538, Diff: 642, Sum: 4746, Workers: 4
[4.314s][debug][gc,phases      ] GC(5)   JNI Weak                       Min:  0.0, Avg:  0.0, Max:  0.0, Diff:  0.0, Sum:  0.0, Workers: 4
[4.314s][debug][gc,phases      ] GC(5)     Dead                           Min: 0, Avg:  0.0, Max: 0, Diff: 0, Sum: 0, Workers: 4
[4.314s][debug][gc,phases      ] GC(5)     Total                          Min: 0, Avg:  1.2, Max: 5, Diff: 5, Sum: 5, Workers: 4
[4.314s][debug][gc,phases      ] GC(5)   StringDedup Table Weak         Min:  0.0, Avg:  0.0, Max:  0.0, Diff:  0.0, Sum:  0.0, Workers: 4
[4.314s][debug][gc,phases      ] GC(5)     Dead                           Min: 0, Avg:  0.0, Max: 0, Diff: 0, Sum: 0, Workers: 4
[4.314s][debug][gc,phases      ] GC(5)     Total                          Min: 0, Avg:  0.0, Max: 0, Diff: 0, Sum: 0, Workers: 4
[4.314s][debug][gc,phases      ] GC(5)   StringDedup Requests0 Weak     Min:  0.0, Avg:  0.0, Max:  0.0, Diff:  0.0, Sum:  0.0, Workers: 4
[4.314s][debug][gc,phases      ] GC(5)     Dead                           Min: 0, Avg:  0.0, Max: 0, Diff: 0, Sum: 0, Workers: 4
[4.314s][debug][gc,phases      ] GC(5)     Total                          Min: 0, Avg:  0.0, Max: 0, Diff: 0, Sum: 0, Workers: 4
[4.314s][debug][gc,phases      ] GC(5)   StringDedup Requests1 Weak     Min:  0.0, Avg:  0.0, Max:  0.0, Diff:  0.0, Sum:  0.0, Workers: 4
[4.314s][debug][gc,phases      ] GC(5)     Dead                           Min: 0, Avg:  0.0, Max: 0, Diff: 0, Sum: 0, Workers: 4
[4.314s][debug][gc,phases      ] GC(5)     Total                          Min: 0, Avg:  0.0, Max: 0, Diff: 0, Sum: 0, Workers: 4
[4.314s][debug][gc,phases      ] GC(5)   Weak JFR Old Object Samples    Min:  0.0, Avg:  0.0, Max:  0.0, Diff:  0.0, Sum:  0.0, Workers: 4
[4.314s][debug][gc,phases      ] GC(5)     Dead                           Min: 0, Avg:  0.0, Max: 0, Diff: 0, Sum: 0, Workers: 4
[4.314s][debug][gc,phases      ] GC(5)     Total                          Min: 0, Avg:  0.0, Max: 0, Diff: 0, Sum: 0, Workers: 4
[4.314s][debug][gc,phases      ] GC(5) Weak Processing 0.451ms
[4.314s][debug][gc,age         ] GC(5) Desired survivor size 536870912 bytes, new threshold 7 (max threshold 15)
[4.314s][info ][gc,heap        ] GC(5) PSYoungGen: 1219018K(1572864K)->177723K(1572864K) Eden: 1048576K(1048576K)->0K(1048576K) From: 170442K(524288K)->177723K(524288K)
[4.314s][info ][gc,heap        ] GC(5) ParOldGen: 5847K(6144K)->5855K(6144K)
[4.314s][info ][gc,metaspace   ] GC(5) Metaspace: 53517K(54144K)->53517K(54144K) NonClass: 45617K(45952K)->45617K(45952K) Class: 7899K(8192K)->7899K(8192K)
[4.314s][info ][gc             ] GC(5) Pause Young (Allocation Failure) 1196M->179M(1542M) 78.357ms
[4.314s][info ][gc,cpu         ] GC(5) User=0.28s Sys=0.03s Real=0.08s
[4.314s][info ][safepoint      ] Safepoint "ParallelGCFailedAllocation", Time since last: 64216072 ns, Reaching safepoint: 2161523 ns, At safepoint: 78447421 ns, Total: 80608944 ns
[4.479s][info ][gc,start       ] GC(6) Pause Young (Allocation Failure)
[4.538s][debug][gc,phases      ] GC(6) Scavenge 59.163ms
[4.538s][debug][gc,ref         ] GC(6) Skipped phase 1 of Reference Processing: no references
[4.538s][debug][gc,ref         ] GC(6) ReferenceProcessor::execute queues: 4, RefProcThreadModel::Multi, marks_oops_alive: false
[4.538s][debug][gc,ref         ] GC(6) Skipped phase 3 of Reference Processing: no references
[4.538s][debug][gc,ref         ] GC(6) ReferenceProcessor::execute queues: 1, RefProcThreadModel::Single, marks_oops_alive: false
[4.538s][debug][gc,phases      ] GC(6) Reference Processing 0.285ms
[4.539s][debug][gc,phases      ] GC(6)   VM Weak                        Min:  0.0, Avg:  0.0, Max:  0.0, Diff:  0.0, Sum:  0.0, Workers: 4
[4.539s][debug][gc,phases      ] GC(6)     Dead                           Min: 0, Avg:  0.0, Max: 0, Diff: 0, Sum: 0, Workers: 4
[4.539s][debug][gc,phases      ] GC(6)     Total                          Min: 0, Avg: 106.8, Max: 320, Diff: 320, Sum: 427, Workers: 4
[4.539s][debug][gc,phases      ] GC(6)   ObjectSynchronizer Weak        Min:  0.0, Avg:  0.0, Max:  0.0, Diff:  0.0, Sum:  0.0, Workers: 4
[4.539s][debug][gc,phases      ] GC(6)     Dead                           Min: 0, Avg:  0.0, Max: 0, Diff: 0, Sum: 0, Workers: 4
[4.539s][debug][gc,phases      ] GC(6)     Total                          Min: 0, Avg: 75.5, Max: 128, Diff: 128, Sum: 302, Workers: 4
[4.539s][debug][gc,phases      ] GC(6)   JVMTI Tag Weak OopStorage      Min:  0.0, Avg:  0.0, Max:  0.0, Diff:  0.0, Sum:  0.0, Workers: 4
[4.539s][debug][gc,phases      ] GC(6)     Dead                           Min: 0, Avg:  0.0, Max: 0, Diff: 0, Sum: 0, Workers: 4
[4.539s][debug][gc,phases      ] GC(6)     Total                          Min: 0, Avg:  0.0, Max: 0, Diff: 0, Sum: 0, Workers: 4
[4.539s][debug][gc,phases      ] GC(6)   StringTable Weak               Min:  0.2, Avg:  0.2, Max:  0.2, Diff:  0.0, Sum:  0.8, Workers: 4
[4.539s][debug][gc,phases      ] GC(6)     Dead                           Min: 0, Avg:  3.2, Max: 13, Diff: 13, Sum: 13, Workers: 4
[4.539s][debug][gc,phases      ] GC(6)     Total                          Min: 6424, Avg: 9542.0, Max: 10624, Diff: 4200, Sum: 38168, Workers: 4
[4.539s][debug][gc,phases      ] GC(6)   ResolvedMethodTable Weak       Min:  0.0, Avg:  0.0, Max:  0.0, Diff:  0.0, Sum:  0.1, Workers: 4
[4.539s][debug][gc,phases      ] GC(6)     Dead                           Min: 0, Avg:  0.0, Max: 0, Diff: 0, Sum: 0, Workers: 4
[4.539s][debug][gc,phases      ] GC(6)     Total                          Min: 765, Avg: 1190.2, Max: 1376, Diff: 611, Sum: 4761, Workers: 4
[4.539s][debug][gc,phases      ] GC(6)   JNI Weak                       Min:  0.0, Avg:  0.0, Max:  0.0, Diff:  0.0, Sum:  0.0, Workers: 4
[4.539s][debug][gc,phases      ] GC(6)     Dead                           Min: 0, Avg:  0.0, Max: 0, Diff: 0, Sum: 0, Workers: 4
[4.539s][debug][gc,phases      ] GC(6)     Total                          Min: 0, Avg:  3.0, Max: 12, Diff: 12, Sum: 12, Workers: 4
[4.539s][debug][gc,phases      ] GC(6)   StringDedup Table Weak         Min:  0.0, Avg:  0.0, Max:  0.0, Diff:  0.0, Sum:  0.0, Workers: 4
[4.539s][debug][gc,phases      ] GC(6)     Dead                           Min: 0, Avg:  0.0, Max: 0, Diff: 0, Sum: 0, Workers: 4
[4.539s][debug][gc,phases      ] GC(6)     Total                          Min: 0, Avg:  0.0, Max: 0, Diff: 0, Sum: 0, Workers: 4
[4.539s][debug][gc,phases      ] GC(6)   StringDedup Requests0 Weak     Min:  0.0, Avg:  0.0, Max:  0.0, Diff:  0.0, Sum:  0.0, Workers: 4
[4.539s][debug][gc,phases      ] GC(6)     Dead                           Min: 0, Avg:  0.0, Max: 0, Diff: 0, Sum: 0, Workers: 4
[4.539s][debug][gc,phases      ] GC(6)     Total                          Min: 0, Avg:  0.0, Max: 0, Diff: 0, Sum: 0, Workers: 4
[4.539s][debug][gc,phases      ] GC(6)   StringDedup Requests1 Weak     Min:  0.0, Avg:  0.0, Max:  0.0, Diff:  0.0, Sum:  0.0, Workers: 4
[4.539s][debug][gc,phases      ] GC(6)     Dead                           Min: 0, Avg:  0.0, Max: 0, Diff: 0, Sum: 0, Workers: 4
[4.539s][debug][gc,phases      ] GC(6)     Total                          Min: 0, Avg:  0.0, Max: 0, Diff: 0, Sum: 0, Workers: 4
[4.539s][debug][gc,phases      ] GC(6)   Weak JFR Old Object Samples    Min:  0.0, Avg:  0.0, Max:  0.0, Diff:  0.0, Sum:  0.0, Workers: 4
[4.539s][debug][gc,phases      ] GC(6)     Dead                           Min: 0, Avg:  0.0, Max: 0, Diff: 0, Sum: 0, Workers: 4
[4.539s][debug][gc,phases      ] GC(6)     Total                          Min: 0, Avg:  0.0, Max: 0, Diff: 0, Sum: 0, Workers: 4
[4.539s][debug][gc,phases      ] GC(6) Weak Processing 0.398ms
[4.539s][debug][gc,age         ] GC(6) Desired survivor size 266338304 bytes, new threshold 6 (max threshold 15)
[4.539s][info ][gc,heap        ] GC(6) PSYoungGen: 1226299K(1572864K)->181194K(1572864K) Eden: 1048576K(1048576K)->0K(1048576K) From: 177723K(524288K)->181194K(524288K)
[4.539s][info ][gc,heap        ] GC(6) ParOldGen: 5855K(6144K)->5863K(6144K)
[4.539s][info ][gc,metaspace   ] GC(6) Metaspace: 53632K(54272K)->53632K(54272K) NonClass: 45724K(46080K)->45724K(46080K) Class: 7907K(8192K)->7907K(8192K)
[4.539s][info ][gc             ] GC(6) Pause Young (Allocation Failure) 1203M->182M(1542M) 59.970ms
[4.539s][info ][gc,cpu         ] GC(6) User=0.25s Sys=0.00s Real=0.06s
[4.539s][info ][safepoint      ] Safepoint "ParallelGCFailedAllocation", Time since last: 164256720 ns, Reaching safepoint: 177001 ns, At safepoint: 60058029 ns, Total: 60235030 ns
[4.720s][info ][safepoint      ] Safepoint "ICBufferFull", Time since last: 178891473 ns, Reaching safepoint: 2180223 ns, At safepoint: 32500 ns, Total: 2212723 ns
[4.739s][info ][safepoint      ] Safepoint "ICBufferFull", Time since last: 15670664 ns, Reaching safepoint: 3233234 ns, At safepoint: 29100 ns, Total: 3262334 ns
[4.744s][info ][safepoint      ] Safepoint "ICBufferFull", Time since last: 5371357 ns, Reaching safepoint: 105201 ns, At safepoint: 26000 ns, Total: 131201 ns
[4.772s][info ][safepoint      ] Safepoint "ICBufferFull", Time since last: 24319255 ns, Reaching safepoint: 3172933 ns, At safepoint: 28000 ns, Total: 3200933 ns
[4.793s][info ][safepoint      ] Safepoint "ICBufferFull", Time since last: 21070421 ns, Reaching safepoint: 143201 ns, At safepoint: 28300 ns, Total: 171501 ns
[4.797s][info ][safepoint      ] Safepoint "ICBufferFull", Time since last: 4047943 ns, Reaching safepoint: 121101 ns, At safepoint: 30400 ns, Total: 151501 ns
[4.817s][info ][safepoint      ] Safepoint "ICBufferFull", Time since last: 19790508 ns, Reaching safepoint: 134101 ns, At safepoint: 22700 ns, Total: 156801 ns
[4.830s][info ][safepoint      ] Safepoint "ICBufferFull", Time since last: 12427430 ns, Reaching safepoint: 536906 ns, At safepoint: 24400 ns, Total: 561306 ns
[4.839s][info ][safepoint      ] Safepoint "ICBufferFull", Time since last: 8522489 ns, Reaching safepoint: 115602 ns, At safepoint: 26300 ns, Total: 141902 ns
[4.858s][info ][safepoint      ] Safepoint "ICBufferFull", Time since last: 18548294 ns, Reaching safepoint: 117001 ns, At safepoint: 24001 ns, Total: 141002 ns
[4.864s][info ][safepoint      ] Safepoint "ICBufferFull", Time since last: 6132864 ns, Reaching safepoint: 106401 ns, At safepoint: 20000 ns, Total: 126401 ns
[4.881s][info ][safepoint      ] Safepoint "ICBufferFull", Time since last: 16821276 ns, Reaching safepoint: 178402 ns, At safepoint: 27000 ns, Total: 205402 ns
[4.887s][info ][safepoint      ] Safepoint "ICBufferFull", Time since last: 6207465 ns, Reaching safepoint: 104501 ns, At safepoint: 26301 ns, Total: 130802 ns
[4.893s][info ][safepoint      ] Safepoint "ICBufferFull", Time since last: 5568858 ns, Reaching safepoint: 108601 ns, At safepoint: 23900 ns, Total: 132501 ns
[4.899s][info ][safepoint      ] Safepoint "ICBufferFull", Time since last: 5978563 ns, Reaching safepoint: 108101 ns, At safepoint: 26700 ns, Total: 134801 ns
[4.909s][info ][safepoint      ] Safepoint "ICBufferFull", Time since last: 9442299 ns, Reaching safepoint: 107001 ns, At safepoint: 30201 ns, Total: 137202 ns
[4.916s][info ][safepoint      ] Safepoint "ICBufferFull", Time since last: 5092253 ns, Reaching safepoint: 2141922 ns, At safepoint: 27601 ns, Total: 2169523 ns
[4.921s][info ][safepoint      ] Safepoint "ICBufferFull", Time since last: 4578248 ns, Reaching safepoint: 119801 ns, At safepoint: 29500 ns, Total: 149301 ns
[4.922s][info ][gc,start       ] GC(7) Pause Young (Allocation Failure)
[5.007s][debug][gc,phases      ] GC(7) Scavenge 85.067ms
[5.007s][debug][gc,ref         ] GC(7) Skipped phase 1 of Reference Processing: no references
[5.007s][debug][gc,ref         ] GC(7) ReferenceProcessor::execute queues: 4, RefProcThreadModel::Multi, marks_oops_alive: false
[5.008s][debug][gc,ref         ] GC(7) Skipped phase 3 of Reference Processing: no references
[5.008s][debug][gc,ref         ] GC(7) ReferenceProcessor::execute queues: 1, RefProcThreadModel::Single, marks_oops_alive: false
[5.008s][debug][gc,phases      ] GC(7) Reference Processing 0.251ms
[5.008s][debug][gc,phases      ] GC(7)   VM Weak                        Min:  0.0, Avg:  0.0, Max:  0.0, Diff:  0.0, Sum:  0.0, Workers: 4
[5.008s][debug][gc,phases      ] GC(7)     Dead                           Min: 0, Avg:  0.0, Max: 0, Diff: 0, Sum: 0, Workers: 4
[5.008s][debug][gc,phases      ] GC(7)     Total                          Min: 0, Avg: 110.5, Max: 320, Diff: 320, Sum: 442, Workers: 4
[5.008s][debug][gc,phases      ] GC(7)   ObjectSynchronizer Weak        Min:  0.0, Avg:  0.0, Max:  0.0, Diff:  0.0, Sum:  0.0, Workers: 4
[5.008s][debug][gc,phases      ] GC(7)     Dead                           Min: 0, Avg:  0.2, Max: 1, Diff: 1, Sum: 1, Workers: 4
[5.008s][debug][gc,phases      ] GC(7)     Total                          Min: 0, Avg: 75.5, Max: 128, Diff: 128, Sum: 302, Workers: 4
[5.008s][debug][gc,phases      ] GC(7)   JVMTI Tag Weak OopStorage      Min:  0.0, Avg:  0.0, Max:  0.0, Diff:  0.0, Sum:  0.0, Workers: 4
[5.008s][debug][gc,phases      ] GC(7)     Dead                           Min: 0, Avg:  0.0, Max: 0, Diff: 0, Sum: 0, Workers: 4
[5.008s][debug][gc,phases      ] GC(7)     Total                          Min: 0, Avg:  0.0, Max: 0, Diff: 0, Sum: 0, Workers: 4
[5.008s][debug][gc,phases      ] GC(7)   StringTable Weak               Min:  0.2, Avg:  0.2, Max:  0.2, Diff:  0.0, Sum:  0.8, Workers: 4
[5.008s][debug][gc,phases      ] GC(7)     Dead                           Min: 0, Avg:  3.5, Max: 13, Diff: 13, Sum: 14, Workers: 4
[5.008s][debug][gc,phases      ] GC(7)     Total                          Min: 9024, Avg: 9582.8, Max: 10112, Diff: 1088, Sum: 38331, Workers: 4
[5.008s][debug][gc,phases      ] GC(7)   ResolvedMethodTable Weak       Min:  0.0, Avg:  0.0, Max:  0.0, Diff:  0.0, Sum:  0.1, Workers: 4
[5.008s][debug][gc,phases      ] GC(7)     Dead                           Min: 0, Avg:  0.0, Max: 0, Diff: 0, Sum: 0, Workers: 4
[5.008s][debug][gc,phases      ] GC(7)     Total                          Min: 1141, Avg: 1229.2, Max: 1344, Diff: 203, Sum: 4917, Workers: 4
[5.008s][debug][gc,phases      ] GC(7)   JNI Weak                       Min:  0.0, Avg:  0.0, Max:  0.0, Diff:  0.0, Sum:  0.0, Workers: 4
[5.008s][debug][gc,phases      ] GC(7)     Dead                           Min: 0, Avg:  0.0, Max: 0, Diff: 0, Sum: 0, Workers: 4
[5.008s][debug][gc,phases      ] GC(7)     Total                          Min: 0, Avg:  1.2, Max: 5, Diff: 5, Sum: 5, Workers: 4
[5.008s][debug][gc,phases      ] GC(7)   StringDedup Table Weak         Min:  0.0, Avg:  0.0, Max:  0.0, Diff:  0.0, Sum:  0.0, Workers: 4
[5.008s][debug][gc,phases      ] GC(7)     Dead                           Min: 0, Avg:  0.0, Max: 0, Diff: 0, Sum: 0, Workers: 4
[5.008s][debug][gc,phases      ] GC(7)     Total                          Min: 0, Avg:  0.0, Max: 0, Diff: 0, Sum: 0, Workers: 4
[5.008s][debug][gc,phases      ] GC(7)   StringDedup Requests0 Weak     Min:  0.0, Avg:  0.0, Max:  0.0, Diff:  0.0, Sum:  0.0, Workers: 4
[5.008s][debug][gc,phases      ] GC(7)     Dead                           Min: 0, Avg:  0.0, Max: 0, Diff: 0, Sum: 0, Workers: 4
[5.008s][debug][gc,phases      ] GC(7)     Total                          Min: 0, Avg:  0.0, Max: 0, Diff: 0, Sum: 0, Workers: 4
[5.008s][debug][gc,phases      ] GC(7)   StringDedup Requests1 Weak     Min:  0.0, Avg:  0.0, Max:  0.0, Diff:  0.0, Sum:  0.0, Workers: 4
[5.008s][debug][gc,phases      ] GC(7)     Dead                           Min: 0, Avg:  0.0, Max: 0, Diff: 0, Sum: 0, Workers: 4
[5.008s][debug][gc,phases      ] GC(7)     Total                          Min: 0, Avg:  0.0, Max: 0, Diff: 0, Sum: 0, Workers: 4
[5.008s][debug][gc,phases      ] GC(7)   Weak JFR Old Object Samples    Min:  0.0, Avg:  0.0, Max:  0.0, Diff:  0.0, Sum:  0.0, Workers: 4
[5.008s][debug][gc,phases      ] GC(7)     Dead                           Min: 0, Avg:  0.0, Max: 0, Diff: 0, Sum: 0, Workers: 4
[5.008s][debug][gc,phases      ] GC(7)     Total                          Min: 0, Avg:  0.0, Max: 0, Diff: 0, Sum: 0, Workers: 4
[5.008s][debug][gc,phases      ] GC(7) Weak Processing 0.397ms
[5.008s][debug][gc,age         ] GC(7) Desired survivor size 279445504 bytes, new threshold 5 (max threshold 15)
[5.008s][info ][gc,heap        ] GC(7) PSYoungGen: 1229770K(1572864K)->183955K(1811456K) Eden: 1048576K(1048576K)->0K(1551360K) From: 181194K(524288K)->183955K(260096K)
[5.008s][info ][gc,heap        ] GC(7) ParOldGen: 5863K(6144K)->5871K(6144K)
[5.008s][info ][gc,metaspace   ] GC(7) Metaspace: 54120K(54720K)->54120K(54720K) NonClass: 46131K(46464K)->46131K(46464K) Class: 7988K(8256K)->7988K(8256K)
[5.008s][info ][gc             ] GC(7) Pause Young (Allocation Failure) 1206M->185M(1775M) 85.837ms
[5.008s][info ][gc,cpu         ] GC(7) User=0.24s Sys=0.11s Real=0.09s
[5.008s][info ][safepoint      ] Safepoint "ParallelGCFailedAllocation", Time since last: 1525616 ns, Reaching safepoint: 98701 ns, At safepoint: 85929999 ns, Total: 86028700 ns
[5.012s][info ][safepoint      ] Safepoint "ICBufferFull", Time since last: 3281435 ns, Reaching safepoint: 92401 ns, At safepoint: 30800 ns, Total: 123201 ns
[5.027s][info ][safepoint      ] Safepoint "ICBufferFull", Time since last: 15459562 ns, Reaching safepoint: 122101 ns, At safepoint: 36300 ns, Total: 158401 ns
[5.030s][info ][safepoint      ] Safepoint "ICBufferFull", Time since last: 3060533 ns, Reaching safepoint: 108701 ns, At safepoint: 31900 ns, Total: 140601 ns
[5.041s][info ][safepoint      ] Safepoint "ICBufferFull", Time since last: 10502410 ns, Reaching safepoint: 101601 ns, At safepoint: 24700 ns, Total: 126301 ns
[5.043s][info ][safepoint      ] Safepoint "ICBufferFull", Time since last: 2029621 ns, Reaching safepoint: 95801 ns, At safepoint: 21601 ns, Total: 117402 ns
[5.045s][info ][safepoint      ] Safepoint "ICBufferFull", Time since last: 2029921 ns, Reaching safepoint: 100001 ns, At safepoint: 22300 ns, Total: 122301 ns
[5.050s][info ][safepoint      ] Safepoint "ICBufferFull", Time since last: 4982852 ns, Reaching safepoint: 97901 ns, At safepoint: 25701 ns, Total: 123602 ns
[5.053s][info ][safepoint      ] Safepoint "ICBufferFull", Time since last: 2590927 ns, Reaching safepoint: 90401 ns, At safepoint: 25000 ns, Total: 115401 ns
[5.058s][info ][safepoint      ] Safepoint "ICBufferFull", Time since last: 5210055 ns, Reaching safepoint: 97101 ns, At safepoint: 23100 ns, Total: 120201 ns
[5.072s][info ][safepoint      ] Safepoint "ICBufferFull", Time since last: 11531320 ns, Reaching safepoint: 2110823 ns, At safepoint: 26800 ns, Total: 2137623 ns
[5.091s][info ][safepoint      ] Safepoint "ICBufferFull", Time since last: 18771096 ns, Reaching safepoint: 117702 ns, At safepoint: 21000 ns, Total: 138702 ns
[5.117s][info ][safepoint      ] Safepoint "ICBufferFull", Time since last: 25709769 ns, Reaching safepoint: 138201 ns, At safepoint: 32001 ns, Total: 170202 ns
[5.131s][info ][safepoint      ] Safepoint "ICBufferFull", Time since last: 14208548 ns, Reaching safepoint: 113601 ns, At safepoint: 30101 ns, Total: 143702 ns
[5.210s][info ][safepoint      ] Safepoint "ICBufferFull", Time since last: 78730824 ns, Reaching safepoint: 146501 ns, At safepoint: 31501 ns, Total: 178002 ns
[5.216s][info ][safepoint      ] Safepoint "ICBufferFull", Time since last: 1014210 ns, Reaching safepoint: 5261655 ns, At safepoint: 27901 ns, Total: 5289556 ns
[5.232s][info ][safepoint      ] Safepoint "ICBufferFull", Time since last: 15461461 ns, Reaching safepoint: 95701 ns, At safepoint: 23901 ns, Total: 119602 ns
[5.233s][info ][safepoint      ] Safepoint "ICBufferFull", Time since last: 682707 ns, Reaching safepoint: 86501 ns, At safepoint: 24200 ns, Total: 110701 ns
[5.234s][info ][safepoint      ] Safepoint "ICBufferFull", Time since last: 745308 ns, Reaching safepoint: 86601 ns, At safepoint: 22400 ns, Total: 109001 ns
[5.234s][info ][safepoint      ] Safepoint "ICBufferFull", Time since last: 708607 ns, Reaching safepoint: 86601 ns, At safepoint: 22200 ns, Total: 108801 ns
[5.235s][info ][safepoint      ] Safepoint "ICBufferFull", Time since last: 680008 ns, Reaching safepoint: 86000 ns, At safepoint: 22701 ns, Total: 108701 ns
[5.236s][info ][safepoint      ] Safepoint "ICBufferFull", Time since last: 666107 ns, Reaching safepoint: 85701 ns, At safepoint: 20300 ns, Total: 106001 ns
[5.237s][info ][safepoint      ] Safepoint "ICBufferFull", Time since last: 665607 ns, Reaching safepoint: 85601 ns, At safepoint: 23300 ns, Total: 108901 ns
[5.240s][info ][safepoint      ] Safepoint "ICBufferFull", Time since last: 3567237 ns, Reaching safepoint: 91201 ns, At safepoint: 21100 ns, Total: 112301 ns
[5.241s][info ][safepoint      ] Safepoint "ICBufferFull", Time since last: 659007 ns, Reaching safepoint: 86101 ns, At safepoint: 17900 ns, Total: 104001 ns
[5.242s][info ][safepoint      ] Safepoint "ICBufferFull", Time since last: 645807 ns, Reaching safepoint: 85701 ns, At safepoint: 22600 ns, Total: 108301 ns
[5.243s][info ][safepoint      ] Safepoint "ICBufferFull", Time since last: 654807 ns, Reaching safepoint: 97001 ns, At safepoint: 20600 ns, Total: 117601 ns
[5.244s][info ][safepoint      ] Safepoint "ICBufferFull", Time since last: 723308 ns, Reaching safepoint: 86901 ns, At safepoint: 21300 ns, Total: 108201 ns
[5.244s][info ][safepoint      ] Safepoint "ICBufferFull", Time since last: 699407 ns, Reaching safepoint: 86001 ns, At safepoint: 21300 ns, Total: 107301 ns
[5.245s][info ][safepoint      ] Safepoint "ICBufferFull", Time since last: 656607 ns, Reaching safepoint: 86401 ns, At safepoint: 18200 ns, Total: 104601 ns
[5.246s][info ][safepoint      ] Safepoint "ICBufferFull", Time since last: 776009 ns, Reaching safepoint: 73000 ns, At safepoint: 22901 ns, Total: 95901 ns
[5.255s][info ][safepoint      ] Safepoint "ICBufferFull", Time since last: 9136095 ns, Reaching safepoint: 90401 ns, At safepoint: 44401 ns, Total: 134802 ns
[5.256s][info ][safepoint      ] Safepoint "ICBufferFull", Time since last: 695907 ns, Reaching safepoint: 88701 ns, At safepoint: 21400 ns, Total: 110101 ns
[5.257s][info ][safepoint      ] Safepoint "ICBufferFull", Time since last: 783108 ns, Reaching safepoint: 155602 ns, At safepoint: 22500 ns, Total: 178102 ns
[5.258s][info ][safepoint      ] Safepoint "ICBufferFull", Time since last: 675607 ns, Reaching safepoint: 89101 ns, At safepoint: 20000 ns, Total: 109101 ns
[5.259s][info ][safepoint      ] Safepoint "ICBufferFull", Time since last: 676007 ns, Reaching safepoint: 90901 ns, At safepoint: 19901 ns, Total: 110802 ns
[5.260s][info ][safepoint      ] Safepoint "ICBufferFull", Time since last: 670007 ns, Reaching safepoint: 202602 ns, At safepoint: 23700 ns, Total: 226302 ns
[5.260s][info ][safepoint      ] Safepoint "ICBufferFull", Time since last: 458805 ns, Reaching safepoint: 84401 ns, At safepoint: 16300 ns, Total: 100701 ns
[5.261s][info ][safepoint      ] Safepoint "ICBufferFull", Time since last: 445404 ns, Reaching safepoint: 82301 ns, At safepoint: 21401 ns, Total: 103702 ns
[5.268s][info ][safepoint      ] Safepoint "ICBufferFull", Time since last: 3323234 ns, Reaching safepoint: 4219044 ns, At safepoint: 20801 ns, Total: 4239845 ns
[5.269s][info ][safepoint      ] Safepoint "ICBufferFull", Time since last: 679707 ns, Reaching safepoint: 98401 ns, At safepoint: 20500 ns, Total: 118901 ns
[5.270s][info ][safepoint      ] Safepoint "ICBufferFull", Time since last: 688807 ns, Reaching safepoint: 101701 ns, At safepoint: 19601 ns, Total: 121302 ns
[5.271s][info ][safepoint      ] Safepoint "ICBufferFull", Time since last: 676107 ns, Reaching safepoint: 99001 ns, At safepoint: 21900 ns, Total: 120901 ns
[5.271s][info ][safepoint      ] Safepoint "ICBufferFull", Time since last: 687607 ns, Reaching safepoint: 94601 ns, At safepoint: 21100 ns, Total: 115701 ns
[5.272s][info ][safepoint      ] Safepoint "ICBufferFull", Time since last: 655807 ns, Reaching safepoint: 86001 ns, At safepoint: 17000 ns, Total: 103001 ns
[5.273s][info ][safepoint      ] Safepoint "ICBufferFull", Time since last: 656207 ns, Reaching safepoint: 99901 ns, At safepoint: 16900 ns, Total: 116801 ns
[5.274s][info ][safepoint      ] Safepoint "ICBufferFull", Time since last: 662207 ns, Reaching safepoint: 96001 ns, At safepoint: 20200 ns, Total: 116201 ns
[5.275s][info ][safepoint      ] Safepoint "ICBufferFull", Time since last: 658107 ns, Reaching safepoint: 97301 ns, At safepoint: 20701 ns, Total: 118002 ns
[5.277s][info ][safepoint      ] Safepoint "ICBufferFull", Time since last: 1866119 ns, Reaching safepoint: 102701 ns, At safepoint: 21400 ns, Total: 124101 ns
[5.279s][info ][safepoint      ] Safepoint "ICBufferFull", Time since last: 2192023 ns, Reaching safepoint: 100101 ns, At safepoint: 19701 ns, Total: 119802 ns
[5.280s][info ][safepoint      ] Safepoint "ICBufferFull", Time since last: 712207 ns, Reaching safepoint: 51601 ns, At safepoint: 23700 ns, Total: 75301 ns
[5.280s][info ][safepoint      ] Safepoint "ICBufferFull", Time since last: 653007 ns, Reaching safepoint: 96901 ns, At safepoint: 22700 ns, Total: 119601 ns
[5.281s][info ][safepoint      ] Safepoint "ICBufferFull", Time since last: 655807 ns, Reaching safepoint: 86101 ns, At safepoint: 15600 ns, Total: 101701 ns
[5.282s][info ][safepoint      ] Safepoint "ICBufferFull", Time since last: 664407 ns, Reaching safepoint: 85101 ns, At safepoint: 22200 ns, Total: 107301 ns
[5.283s][info ][safepoint      ] Safepoint "ICBufferFull", Time since last: 652207 ns, Reaching safepoint: 95401 ns, At safepoint: 25200 ns, Total: 120601 ns
[5.283s][info ][safepoint      ] Safepoint "ICBufferFull", Time since last: 662507 ns, Reaching safepoint: 94601 ns, At safepoint: 19800 ns, Total: 114401 ns
[5.284s][info ][safepoint      ] Safepoint "ICBufferFull", Time since last: 679107 ns, Reaching safepoint: 85501 ns, At safepoint: 22200 ns, Total: 107701 ns
[5.285s][info ][safepoint      ] Safepoint "ICBufferFull", Time since last: 677207 ns, Reaching safepoint: 85701 ns, At safepoint: 21301 ns, Total: 107002 ns
[5.298s][info ][safepoint      ] Safepoint "ICBufferFull", Time since last: 12568231 ns, Reaching safepoint: 112401 ns, At safepoint: 20801 ns, Total: 133202 ns
[5.299s][info ][safepoint      ] Safepoint "ICBufferFull", Time since last: 691307 ns, Reaching safepoint: 95201 ns, At safepoint: 18000 ns, Total: 113201 ns
[5.299s][info ][safepoint      ] Safepoint "ICBufferFull", Time since last: 725608 ns, Reaching safepoint: 94401 ns, At safepoint: 19400 ns, Total: 113801 ns
[5.300s][info ][safepoint      ] Safepoint "ICBufferFull", Time since last: 664807 ns, Reaching safepoint: 99101 ns, At safepoint: 19500 ns, Total: 118601 ns
[5.301s][info ][safepoint      ] Safepoint "ICBufferFull", Time since last: 659507 ns, Reaching safepoint: 90101 ns, At safepoint: 18100 ns, Total: 108201 ns
[5.302s][info ][safepoint      ] Safepoint "ICBufferFull", Time since last: 671407 ns, Reaching safepoint: 97401 ns, At safepoint: 21500 ns, Total: 118901 ns
[5.303s][info ][safepoint      ] Safepoint "ICBufferFull", Time since last: 692307 ns, Reaching safepoint: 84901 ns, At safepoint: 19401 ns, Total: 104302 ns
[5.303s][info ][safepoint      ] Safepoint "ICBufferFull", Time since last: 662506 ns, Reaching safepoint: 84901 ns, At safepoint: 24001 ns, Total: 108902 ns
[5.304s][info ][safepoint      ] Safepoint "ICBufferFull", Time since last: 790508 ns, Reaching safepoint: 98501 ns, At safepoint: 20200 ns, Total: 118701 ns
[5.305s][info ][safepoint      ] Safepoint "ICBufferFull", Time since last: 774308 ns, Reaching safepoint: 82401 ns, At safepoint: 23900 ns, Total: 106301 ns
[5.306s][info ][safepoint      ] Safepoint "ICBufferFull", Time since last: 749408 ns, Reaching safepoint: 91001 ns, At safepoint: 20000 ns, Total: 111001 ns
[5.307s][info ][safepoint      ] Safepoint "ICBufferFull", Time since last: 761208 ns, Reaching safepoint: 88101 ns, At safepoint: 21500 ns, Total: 109601 ns
[5.308s][info ][safepoint      ] Safepoint "ICBufferFull", Time since last: 787309 ns, Reaching safepoint: 87201 ns, At safepoint: 21000 ns, Total: 108201 ns
[5.309s][info ][safepoint      ] Safepoint "ICBufferFull", Time since last: 788808 ns, Reaching safepoint: 88301 ns, At safepoint: 22000 ns, Total: 110301 ns
[5.324s][info ][safepoint      ] Safepoint "ICBufferFull", Time since last: 15442962 ns, Reaching safepoint: 119701 ns, At safepoint: 25000 ns, Total: 144701 ns
[5.325s][info ][safepoint      ] Safepoint "ICBufferFull", Time since last: 713308 ns, Reaching safepoint: 91001 ns, At safepoint: 20900 ns, Total: 111901 ns
[5.326s][info ][safepoint      ] Safepoint "ICBufferFull", Time since last: 682407 ns, Reaching safepoint: 90101 ns, At safepoint: 19800 ns, Total: 109901 ns
[5.327s][info ][safepoint      ] Safepoint "ICBufferFull", Time since last: 679607 ns, Reaching safepoint: 90001 ns, At safepoint: 21601 ns, Total: 111602 ns
[5.328s][info ][safepoint      ] Safepoint "ICBufferFull", Time since last: 788108 ns, Reaching safepoint: 105701 ns, At safepoint: 29100 ns, Total: 134801 ns
[5.328s][info ][safepoint      ] Safepoint "ICBufferFull", Time since last: 701908 ns, Reaching safepoint: 100901 ns, At safepoint: 17200 ns, Total: 118101 ns
[5.329s][info ][safepoint      ] Safepoint "ICBufferFull", Time since last: 675707 ns, Reaching safepoint: 85201 ns, At safepoint: 19700 ns, Total: 104901 ns
[5.330s][info ][safepoint      ] Safepoint "ICBufferFull", Time since last: 667507 ns, Reaching safepoint: 85001 ns, At safepoint: 17500 ns, Total: 102501 ns
[5.331s][info ][safepoint      ] Safepoint "ICBufferFull", Time since last: 712508 ns, Reaching safepoint: 100001 ns, At safepoint: 25200 ns, Total: 125201 ns
[5.332s][info ][safepoint      ] Safepoint "ICBufferFull", Time since last: 722207 ns, Reaching safepoint: 101201 ns, At safepoint: 21101 ns, Total: 122302 ns
[5.333s][info ][safepoint      ] Safepoint "ICBufferFull", Time since last: 673707 ns, Reaching safepoint: 373404 ns, At safepoint: 29400 ns, Total: 402804 ns
[5.336s][info ][safepoint      ] Safepoint "ICBufferFull", Time since last: 2788629 ns, Reaching safepoint: 90501 ns, At safepoint: 23700 ns, Total: 114201 ns
[5.336s][info ][safepoint      ] Safepoint "ICBufferFull", Time since last: 691308 ns, Reaching safepoint: 86000 ns, At safepoint: 24101 ns, Total: 110101 ns
[5.340s][info ][safepoint      ] Safepoint "ICBufferFull", Time since last: 693307 ns, Reaching safepoint: 3206934 ns, At safepoint: 23600 ns, Total: 3230534 ns
[5.341s][info ][safepoint      ] Safepoint "ICBufferFull", Time since last: 686707 ns, Reaching safepoint: 87601 ns, At safepoint: 23500 ns, Total: 111101 ns
[5.342s][info ][safepoint      ] Safepoint "ICBufferFull", Time since last: 677507 ns, Reaching safepoint: 87301 ns, At safepoint: 18900 ns, Total: 106201 ns
[5.343s][info ][safepoint      ] Safepoint "ICBufferFull", Time since last: 736708 ns, Reaching safepoint: 86401 ns, At safepoint: 21000 ns, Total: 107401 ns
[5.344s][info ][safepoint      ] Safepoint "ICBufferFull", Time since last: 911810 ns, Reaching safepoint: 87701 ns, At safepoint: 20500 ns, Total: 108201 ns
[5.345s][info ][safepoint      ] Safepoint "ICBufferFull", Time since last: 883009 ns, Reaching safepoint: 85601 ns, At safepoint: 19800 ns, Total: 105401 ns
[5.346s][info ][safepoint      ] Safepoint "ICBufferFull", Time since last: 940510 ns, Reaching safepoint: 87301 ns, At safepoint: 22800 ns, Total: 110101 ns
[5.347s][info ][safepoint      ] Safepoint "ICBufferFull", Time since last: 688607 ns, Reaching safepoint: 87401 ns, At safepoint: 21201 ns, Total: 108602 ns
[5.347s][info ][safepoint      ] Safepoint "ICBufferFull", Time since last: 673007 ns, Reaching safepoint: 112701 ns, At safepoint: 20900 ns, Total: 133601 ns
[5.348s][info ][safepoint      ] Safepoint "ICBufferFull", Time since last: 685807 ns, Reaching safepoint: 47701 ns, At safepoint: 22600 ns, Total: 70301 ns
[5.349s][info ][safepoint      ] Safepoint "ICBufferFull", Time since last: 676407 ns, Reaching safepoint: 84001 ns, At safepoint: 20100 ns, Total: 104101 ns
[5.350s][info ][safepoint      ] Safepoint "ICBufferFull", Time since last: 672607 ns, Reaching safepoint: 85601 ns, At safepoint: 19400 ns, Total: 105001 ns
[5.350s][info ][safepoint      ] Safepoint "ICBufferFull", Time since last: 688907 ns, Reaching safepoint: 85001 ns, At safepoint: 20200 ns, Total: 105201 ns
[5.351s][info ][safepoint      ] Safepoint "ICBufferFull", Time since last: 675108 ns, Reaching safepoint: 84000 ns, At safepoint: 23101 ns, Total: 107101 ns
[5.352s][info ][safepoint      ] Safepoint "ICBufferFull", Time since last: 498305 ns, Reaching safepoint: 91901 ns, At safepoint: 15800 ns, Total: 107701 ns
[5.352s][info ][safepoint      ] Safepoint "ICBufferFull", Time since last: 475405 ns, Reaching safepoint: 74501 ns, At safepoint: 21700 ns, Total: 96201 ns
[5.353s][info ][safepoint      ] Safepoint "ICBufferFull", Time since last: 768808 ns, Reaching safepoint: 110601 ns, At safepoint: 21300 ns, Total: 131901 ns
[5.354s][info ][safepoint      ] Safepoint "ICBufferFull", Time since last: 766008 ns, Reaching safepoint: 87701 ns, At safepoint: 19601 ns, Total: 107302 ns
[5.355s][info ][safepoint      ] Safepoint "ICBufferFull", Time since last: 672207 ns, Reaching safepoint: 83300 ns, At safepoint: 23801 ns, Total: 107101 ns
[5.356s][info ][safepoint      ] Safepoint "ICBufferFull", Time since last: 736807 ns, Reaching safepoint: 93301 ns, At safepoint: 21301 ns, Total: 114602 ns
[5.357s][info ][safepoint      ] Safepoint "ICBufferFull", Time since last: 688107 ns, Reaching safepoint: 214502 ns, At safepoint: 24900 ns, Total: 239402 ns
[5.358s][info ][safepoint      ] Safepoint "ICBufferFull", Time since last: 672407 ns, Reaching safepoint: 93701 ns, At safepoint: 24401 ns, Total: 118102 ns
[5.358s][info ][safepoint      ] Safepoint "ICBufferFull", Time since last: 665607 ns, Reaching safepoint: 91001 ns, At safepoint: 25800 ns, Total: 116801 ns
[5.359s][info ][safepoint      ] Safepoint "ICBufferFull", Time since last: 684007 ns, Reaching safepoint: 90101 ns, At safepoint: 23800 ns, Total: 113901 ns
[5.360s][info ][safepoint      ] Safepoint "ICBufferFull", Time since last: 683407 ns, Reaching safepoint: 96501 ns, At safepoint: 21901 ns, Total: 118402 ns
[5.361s][info ][safepoint      ] Safepoint "ICBufferFull", Time since last: 702507 ns, Reaching safepoint: 87301 ns, At safepoint: 18600 ns, Total: 105901 ns
[5.366s][info ][safepoint      ] Safepoint "ICBufferFull", Time since last: 5147154 ns, Reaching safepoint: 98701 ns, At safepoint: 22100 ns, Total: 120801 ns
[5.367s][info ][safepoint      ] Safepoint "ICBufferFull", Time since last: 694107 ns, Reaching safepoint: 96001 ns, At safepoint: 20701 ns, Total: 116702 ns
[5.368s][info ][safepoint      ] Safepoint "ICBufferFull", Time since last: 688907 ns, Reaching safepoint: 85601 ns, At safepoint: 24500 ns, Total: 110101 ns
[5.368s][info ][safepoint      ] Safepoint "ICBufferFull", Time since last: 669607 ns, Reaching safepoint: 85601 ns, At safepoint: 25100 ns, Total: 110701 ns
[5.369s][info ][safepoint      ] Safepoint "ICBufferFull", Time since last: 670207 ns, Reaching safepoint: 84001 ns, At safepoint: 23200 ns, Total: 107201 ns
[5.370s][info ][safepoint      ] Safepoint "ICBufferFull", Time since last: 669607 ns, Reaching safepoint: 86601 ns, At safepoint: 25200 ns, Total: 111801 ns
[5.371s][info ][safepoint      ] Safepoint "ICBufferFull", Time since last: 667507 ns, Reaching safepoint: 565506 ns, At safepoint: 22801 ns, Total: 588307 ns
[5.372s][info ][safepoint      ] Safepoint "ICBufferFull", Time since last: 788108 ns, Reaching safepoint: 82701 ns, At safepoint: 24600 ns, Total: 107301 ns
[5.377s][info ][safepoint      ] Safepoint "ICBufferFull", Time since last: 4991452 ns, Reaching safepoint: 93901 ns, At safepoint: 17700 ns, Total: 111601 ns
[5.382s][info ][safepoint      ] Safepoint "ICBufferFull", Time since last: 4247845 ns, Reaching safepoint: 229802 ns, At safepoint: 22900 ns, Total: 252702 ns
[5.383s][info ][safepoint      ] Safepoint "ICBufferFull", Time since last: 692308 ns, Reaching safepoint: 90201 ns, At safepoint: 19500 ns, Total: 109701 ns
[5.383s][info ][safepoint      ] Safepoint "ICBufferFull", Time since last: 656007 ns, Reaching safepoint: 89901 ns, At safepoint: 23000 ns, Total: 112901 ns
[5.384s][info ][safepoint      ] Safepoint "ICBufferFull", Time since last: 660407 ns, Reaching safepoint: 88601 ns, At safepoint: 24500 ns, Total: 113101 ns
[5.385s][info ][safepoint      ] Safepoint "ICBufferFull", Time since last: 690907 ns, Reaching safepoint: 91101 ns, At safepoint: 20300 ns, Total: 111401 ns
[5.386s][info ][safepoint      ] Safepoint "ICBufferFull", Time since last: 664807 ns, Reaching safepoint: 161702 ns, At safepoint: 21000 ns, Total: 182702 ns
[5.386s][info ][safepoint      ] Safepoint "ICBufferFull", Time since last: 655107 ns, Reaching safepoint: 89201 ns, At safepoint: 19100 ns, Total: 108301 ns
[5.387s][info ][safepoint      ] Safepoint "ICBufferFull", Time since last: 667807 ns, Reaching safepoint: 224403 ns, At safepoint: 17200 ns, Total: 241603 ns
[5.388s][info ][safepoint      ] Safepoint "ICBufferFull", Time since last: 667507 ns, Reaching safepoint: 293903 ns, At safepoint: 18100 ns, Total: 312003 ns
[5.389s][info ][safepoint      ] Safepoint "ICBufferFull", Time since last: 659907 ns, Reaching safepoint: 426004 ns, At safepoint: 23001 ns, Total: 449005 ns
[5.392s][info ][safepoint      ] Safepoint "ICBufferFull", Time since last: 1919920 ns, Reaching safepoint: 92201 ns, At safepoint: 22300 ns, Total: 114501 ns
[5.392s][info ][safepoint      ] Safepoint "ICBufferFull", Time since last: 695807 ns, Reaching safepoint: 156902 ns, At safepoint: 23700 ns, Total: 180602 ns
[5.394s][info ][safepoint      ] Safepoint "ICBufferFull", Time since last: 758108 ns, Reaching safepoint: 490405 ns, At safepoint: 20000 ns, Total: 510405 ns
[5.394s][info ][safepoint      ] Safepoint "ICBufferFull", Time since last: 705908 ns, Reaching safepoint: 89001 ns, At safepoint: 21200 ns, Total: 110201 ns
[5.395s][info ][safepoint      ] Safepoint "ICBufferFull", Time since last: 683407 ns, Reaching safepoint: 89201 ns, At safepoint: 21800 ns, Total: 111001 ns
[5.402s][info ][safepoint      ] Safepoint "ICBufferFull", Time since last: 6919673 ns, Reaching safepoint: 103201 ns, At safepoint: 23200 ns, Total: 126401 ns
[5.403s][info ][safepoint      ] Safepoint "ICBufferFull", Time since last: 712107 ns, Reaching safepoint: 100901 ns, At safepoint: 24901 ns, Total: 125802 ns
[5.404s][info ][safepoint      ] Safepoint "ICBufferFull", Time since last: 825208 ns, Reaching safepoint: 99801 ns, At safepoint: 27001 ns, Total: 126802 ns
[5.405s][info ][safepoint      ] Safepoint "ICBufferFull", Time since last: 893309 ns, Reaching safepoint: 94501 ns, At safepoint: 22400 ns, Total: 116901 ns
[5.406s][info ][safepoint      ] Safepoint "ICBufferFull", Time since last: 712008 ns, Reaching safepoint: 101501 ns, At safepoint: 21800 ns, Total: 123301 ns
[5.407s][info ][safepoint      ] Safepoint "ICBufferFull", Time since last: 694907 ns, Reaching safepoint: 233803 ns, At safepoint: 24400 ns, Total: 258203 ns
[5.408s][info ][safepoint      ] Safepoint "ICBufferFull", Time since last: 753308 ns, Reaching safepoint: 83801 ns, At safepoint: 27500 ns, Total: 111301 ns
[5.409s][info ][safepoint      ] Safepoint "ICBufferFull", Time since last: 711407 ns, Reaching safepoint: 85501 ns, At safepoint: 21601 ns, Total: 107102 ns
[5.409s][info ][safepoint      ] Safepoint "ICBufferFull", Time since last: 684307 ns, Reaching safepoint: 82701 ns, At safepoint: 21600 ns, Total: 104301 ns
[5.410s][info ][safepoint      ] Safepoint "ICBufferFull", Time since last: 711407 ns, Reaching safepoint: 92601 ns, At safepoint: 24101 ns, Total: 116702 ns
[5.412s][info ][safepoint      ] Safepoint "ICBufferFull", Time since last: 1791018 ns, Reaching safepoint: 96901 ns, At safepoint: 23001 ns, Total: 119902 ns
[5.418s][info ][safepoint      ] Safepoint "ICBufferFull", Time since last: 5830461 ns, Reaching safepoint: 180501 ns, At safepoint: 21101 ns, Total: 201602 ns
[5.419s][info ][safepoint      ] Safepoint "ICBufferFull", Time since last: 726207 ns, Reaching safepoint: 83901 ns, At safepoint: 15000 ns, Total: 98901 ns
[5.420s][info ][safepoint      ] Safepoint "ICBufferFull", Time since last: 710308 ns, Reaching safepoint: 169201 ns, At safepoint: 24501 ns, Total: 193702 ns
[5.421s][info ][safepoint      ] Safepoint "ICBufferFull", Time since last: 685007 ns, Reaching safepoint: 84601 ns, At safepoint: 18500 ns, Total: 103101 ns
[5.422s][info ][safepoint      ] Safepoint "ICBufferFull", Time since last: 1045211 ns, Reaching safepoint: 89801 ns, At safepoint: 16100 ns, Total: 105901 ns
[5.498s][info ][gc,start       ] GC(8) Pause Young (Allocation Failure)
[5.579s][debug][gc,phases      ] GC(8) Scavenge 80.782ms
[5.579s][debug][gc,ref         ] GC(8) Skipped phase 1 of Reference Processing: no references
[5.579s][debug][gc,ref         ] GC(8) ReferenceProcessor::execute queues: 3, RefProcThreadModel::Multi, marks_oops_alive: false
[5.579s][debug][gc,ref         ] GC(8) Skipped phase 3 of Reference Processing: no references
[5.579s][debug][gc,ref         ] GC(8) ReferenceProcessor::execute queues: 1, RefProcThreadModel::Single, marks_oops_alive: false
[5.579s][debug][gc,phases      ] GC(8) Reference Processing 0.255ms
[5.579s][debug][gc,phases      ] GC(8)   VM Weak                        Min:  0.0, Avg:  0.0, Max:  0.0, Diff:  0.0, Sum:  0.0, Workers: 4
[5.579s][debug][gc,phases      ] GC(8)     Dead                           Min: 0, Avg:  0.0, Max: 0, Diff: 0, Sum: 0, Workers: 4
[5.579s][debug][gc,phases      ] GC(8)     Total                          Min: 61, Avg: 111.2, Max: 192, Diff: 131, Sum: 445, Workers: 4
[5.579s][debug][gc,phases      ] GC(8)   ObjectSynchronizer Weak        Min:  0.0, Avg:  0.0, Max:  0.0, Diff:  0.0, Sum:  0.0, Workers: 4
[5.579s][debug][gc,phases      ] GC(8)     Dead                           Min: 0, Avg:  0.0, Max: 0, Diff: 0, Sum: 0, Workers: 4
[5.579s][debug][gc,phases      ] GC(8)     Total                          Min: 0, Avg: 75.5, Max: 128, Diff: 128, Sum: 302, Workers: 4
[5.579s][debug][gc,phases      ] GC(8)   JVMTI Tag Weak OopStorage      Min:  0.0, Avg:  0.0, Max:  0.0, Diff:  0.0, Sum:  0.0, Workers: 4
[5.579s][debug][gc,phases      ] GC(8)     Dead                           Min: 0, Avg:  0.0, Max: 0, Diff: 0, Sum: 0, Workers: 4
[5.579s][debug][gc,phases      ] GC(8)     Total                          Min: 0, Avg:  0.0, Max: 0, Diff: 0, Sum: 0, Workers: 4
[5.579s][debug][gc,phases      ] GC(8)   StringTable Weak               Min:  0.3, Avg:  0.3, Max:  0.3, Diff:  0.0, Sum:  1.0, Workers: 4
[5.579s][debug][gc,phases      ] GC(8)     Dead                           Min: 0, Avg:  3.8, Max: 15, Diff: 15, Sum: 15, Workers: 4
[5.579s][debug][gc,phases      ] GC(8)     Total                          Min: 7872, Avg: 9599.8, Max: 12735, Diff: 4863, Sum: 38399, Workers: 4
[5.579s][debug][gc,phases      ] GC(8)   ResolvedMethodTable Weak       Min:  0.1, Avg:  0.1, Max:  0.1, Diff:  0.0, Sum:  0.2, Workers: 4
[5.579s][debug][gc,phases      ] GC(8)     Dead                           Min: 0, Avg:  3.5, Max: 14, Diff: 14, Sum: 14, Workers: 4
[5.579s][debug][gc,phases      ] GC(8)     Total                          Min: 960, Avg: 1247.2, Max: 1533, Diff: 573, Sum: 4989, Workers: 4
[5.579s][debug][gc,phases      ] GC(8)   JNI Weak                       Min:  0.0, Avg:  0.0, Max:  0.0, Diff:  0.0, Sum:  0.0, Workers: 4
[5.579s][debug][gc,phases      ] GC(8)     Dead                           Min: 0, Avg:  0.0, Max: 0, Diff: 0, Sum: 0, Workers: 4
[5.579s][debug][gc,phases      ] GC(8)     Total                          Min: 0, Avg:  0.2, Max: 1, Diff: 1, Sum: 1, Workers: 4
[5.579s][debug][gc,phases      ] GC(8)   StringDedup Table Weak         Min:  0.0, Avg:  0.0, Max:  0.0, Diff:  0.0, Sum:  0.0, Workers: 4
[5.579s][debug][gc,phases      ] GC(8)     Dead                           Min: 0, Avg:  0.0, Max: 0, Diff: 0, Sum: 0, Workers: 4
[5.579s][debug][gc,phases      ] GC(8)     Total                          Min: 0, Avg:  0.0, Max: 0, Diff: 0, Sum: 0, Workers: 4
[5.579s][debug][gc,phases      ] GC(8)   StringDedup Requests0 Weak     Min:  0.0, Avg:  0.0, Max:  0.0, Diff:  0.0, Sum:  0.0, Workers: 4
[5.579s][debug][gc,phases      ] GC(8)     Dead                           Min: 0, Avg:  0.0, Max: 0, Diff: 0, Sum: 0, Workers: 4
[5.579s][debug][gc,phases      ] GC(8)     Total                          Min: 0, Avg:  0.0, Max: 0, Diff: 0, Sum: 0, Workers: 4
[5.579s][debug][gc,phases      ] GC(8)   StringDedup Requests1 Weak     Min:  0.0, Avg:  0.0, Max:  0.0, Diff:  0.0, Sum:  0.0, Workers: 4
[5.579s][debug][gc,phases      ] GC(8)     Dead                           Min: 0, Avg:  0.0, Max: 0, Diff: 0, Sum: 0, Workers: 4
[5.579s][debug][gc,phases      ] GC(8)     Total                          Min: 0, Avg:  0.0, Max: 0, Diff: 0, Sum: 0, Workers: 4
[5.579s][debug][gc,phases      ] GC(8)   Weak JFR Old Object Samples    Min:  0.0, Avg:  0.0, Max:  0.0, Diff:  0.0, Sum:  0.0, Workers: 4
[5.579s][debug][gc,phases      ] GC(8)     Dead                           Min: 0, Avg:  0.0, Max: 0, Diff: 0, Sum: 0, Workers: 4
[5.579s][debug][gc,phases      ] GC(8)     Total                          Min: 0, Avg:  0.0, Max: 0, Diff: 0, Sum: 0, Workers: 4
[5.579s][debug][gc,phases      ] GC(8) Weak Processing 0.473ms
[5.579s][debug][gc,age         ] GC(8) Desired survivor size 260046848 bytes, new threshold 4 (max threshold 15)
[5.580s][info ][gc,heap        ] GC(8) PSYoungGen: 1735315K(1811456K)->128189K(1824256K) Eden: 1551360K(1551360K)->0K(1551360K) From: 183955K(260096K)->128189K(272896K)
[5.580s][info ][gc,heap        ] GC(8) ParOldGen: 5871K(6144K)->61925K(62464K)
[5.580s][info ][gc,metaspace   ] GC(8) Metaspace: 54466K(55104K)->54466K(55104K) NonClass: 46433K(46784K)->46433K(46784K) Class: 8032K(8320K)->8032K(8320K)
[5.580s][info ][gc             ] GC(8) Pause Young (Allocation Failure) 1700M->185M(1842M) 81.632ms
[5.580s][info ][gc,cpu         ] GC(8) User=0.31s Sys=0.02s Real=0.09s
[5.580s][debug][gc,phases      ] GC(9) Pre Compact 0.009ms
[5.580s][info ][gc,start       ] GC(9) Pause Full (Ergonomics)
[5.580s][info ][gc,phases,start] GC(9) Marking Phase
[5.654s][debug][gc,phases      ] GC(9) Par Mark 74.757ms
[5.654s][debug][gc,ref         ] GC(9) Skipped phase 1 of Reference Processing: no references
[5.655s][debug][gc,ref         ] GC(9) ReferenceProcessor::execute queues: 4, RefProcThreadModel::Multi, marks_oops_alive: false
[5.655s][debug][gc,ref         ] GC(9) Skipped phase 3 of Reference Processing: no references
[5.655s][debug][gc,ref         ] GC(9) ReferenceProcessor::execute queues: 1, RefProcThreadModel::Single, marks_oops_alive: false
[5.655s][debug][gc,phases      ] GC(9) Reference Processing 0.289ms
[5.655s][debug][gc,phases      ] GC(9)   VM Weak                        Min:  0.0, Avg:  0.0, Max:  0.0, Diff:  0.0, Sum:  0.0, Workers: 4
[5.655s][debug][gc,phases      ] GC(9)     Dead                           Min: 0, Avg:  1.2, Max: 5, Diff: 5, Sum: 5, Workers: 4
[5.655s][debug][gc,phases      ] GC(9)     Total                          Min: 0, Avg: 111.2, Max: 320, Diff: 320, Sum: 445, Workers: 4
[5.655s][debug][gc,phases      ] GC(9)   ObjectSynchronizer Weak        Min:  0.0, Avg:  0.0, Max:  0.0, Diff:  0.0, Sum:  0.0, Workers: 4
[5.655s][debug][gc,phases      ] GC(9)     Dead                           Min: 0, Avg:  0.0, Max: 0, Diff: 0, Sum: 0, Workers: 4
[5.655s][debug][gc,phases      ] GC(9)     Total                          Min: 46, Avg: 75.5, Max: 128, Diff: 82, Sum: 302, Workers: 4
[5.655s][debug][gc,phases      ] GC(9)   JVMTI Tag Weak OopStorage      Min:  0.0, Avg:  0.0, Max:  0.0, Diff:  0.0, Sum:  0.0, Workers: 4
[5.655s][debug][gc,phases      ] GC(9)     Dead                           Min: 0, Avg:  0.0, Max: 0, Diff: 0, Sum: 0, Workers: 4
[5.655s][debug][gc,phases      ] GC(9)     Total                          Min: 0, Avg:  0.0, Max: 0, Diff: 0, Sum: 0, Workers: 4
[5.655s][debug][gc,phases      ] GC(9)   StringTable Weak               Min:  0.1, Avg:  0.1, Max:  0.1, Diff:  0.0, Sum:  0.5, Workers: 4
[5.655s][debug][gc,phases      ] GC(9)     Dead                           Min: 0, Avg:  0.0, Max: 0, Diff: 0, Sum: 0, Workers: 4
[5.655s][debug][gc,phases      ] GC(9)     Total                          Min: 8640, Avg: 9599.8, Max: 10368, Diff: 1728, Sum: 38399, Workers: 4
[5.655s][debug][gc,phases      ] GC(9)   ResolvedMethodTable Weak       Min:  0.0, Avg:  0.0, Max:  0.0, Diff:  0.0, Sum:  0.1, Workers: 4
[5.655s][debug][gc,phases      ] GC(9)     Dead                           Min: 0, Avg:  1.2, Max: 5, Diff: 5, Sum: 5, Workers: 4
[5.655s][debug][gc,phases      ] GC(9)     Total                          Min: 1213, Avg: 1247.2, Max: 1280, Diff: 67, Sum: 4989, Workers: 4
[5.655s][debug][gc,phases      ] GC(9)   JNI Weak                       Min:  0.0, Avg:  0.0, Max:  0.0, Diff:  0.0, Sum:  0.0, Workers: 4
[5.655s][debug][gc,phases      ] GC(9)     Dead                           Min: 0, Avg:  0.0, Max: 0, Diff: 0, Sum: 0, Workers: 4
[5.655s][debug][gc,phases      ] GC(9)     Total                          Min: 0, Avg:  0.2, Max: 1, Diff: 1, Sum: 1, Workers: 4
[5.655s][debug][gc,phases      ] GC(9)   StringDedup Table Weak         Min:  0.0, Avg:  0.0, Max:  0.0, Diff:  0.0, Sum:  0.0, Workers: 4
[5.655s][debug][gc,phases      ] GC(9)     Dead                           Min: 0, Avg:  0.0, Max: 0, Diff: 0, Sum: 0, Workers: 4
[5.655s][debug][gc,phases      ] GC(9)     Total                          Min: 0, Avg:  0.0, Max: 0, Diff: 0, Sum: 0, Workers: 4
[5.655s][debug][gc,phases      ] GC(9)   StringDedup Requests0 Weak     Min:  0.0, Avg:  0.0, Max:  0.0, Diff:  0.0, Sum:  0.0, Workers: 4
[5.655s][debug][gc,phases      ] GC(9)     Dead                           Min: 0, Avg:  0.0, Max: 0, Diff: 0, Sum: 0, Workers: 4
[5.655s][debug][gc,phases      ] GC(9)     Total                          Min: 0, Avg:  0.0, Max: 0, Diff: 0, Sum: 0, Workers: 4
[5.655s][debug][gc,phases      ] GC(9)   StringDedup Requests1 Weak     Min:  0.0, Avg:  0.0, Max:  0.0, Diff:  0.0, Sum:  0.0, Workers: 4
[5.655s][debug][gc,phases      ] GC(9)     Dead                           Min: 0, Avg:  0.0, Max: 0, Diff: 0, Sum: 0, Workers: 4
[5.655s][debug][gc,phases      ] GC(9)     Total                          Min: 0, Avg:  0.0, Max: 0, Diff: 0, Sum: 0, Workers: 4
[5.655s][debug][gc,phases      ] GC(9)   Weak JFR Old Object Samples    Min:  0.0, Avg:  0.0, Max:  0.0, Diff:  0.0, Sum:  0.0, Workers: 4
[5.655s][debug][gc,phases      ] GC(9)     Dead                           Min: 0, Avg:  0.0, Max: 0, Diff: 0, Sum: 0, Workers: 4
[5.655s][debug][gc,phases      ] GC(9)     Total                          Min: 0, Avg:  0.0, Max: 0, Diff: 0, Sum: 0, Workers: 4
[5.655s][debug][gc,phases      ] GC(9) Weak Processing 0.293ms
[5.655s][debug][gc,phases      ] GC(9) ClassLoaderData 0.144ms
[5.655s][debug][gc,phases      ] GC(9) Trigger cleanups 0.007ms
[5.664s][debug][gc,phases      ] GC(9) Class Unloading 8.708ms
[5.664s][info ][gc,phases      ] GC(9) Marking Phase 84.171ms
[5.664s][info ][gc,phases,start] GC(9) Summary Phase
[5.664s][info ][gc,phases      ] GC(9) Summary Phase 0.007ms
[5.664s][info ][gc,phases,start] GC(9) Adjust Roots
[5.672s][info ][gc,phases      ] GC(9) Adjust Roots 8.048ms
[5.672s][info ][gc,phases,start] GC(9) Compaction Phase
[6.375s][info ][gc,phases      ] GC(9) Compaction Phase 702.804ms
[6.375s][info ][gc,phases,start] GC(9) Post Compact
[6.376s][info ][gc,phases      ] GC(9) Post Compact 0.896ms
[6.376s][info ][gc,heap        ] GC(9) PSYoungGen: 128189K(1824256K)->127444K(1824256K) Eden: 0K(1551360K)->0K(1551360K) From: 128189K(272896K)->127444K(272896K)
[6.376s][info ][gc,heap        ] GC(9) ParOldGen: 61925K(62464K)->62136K(100864K)
[6.376s][info ][gc,metaspace   ] GC(9) Metaspace: 54466K(55104K)->54457K(55104K) NonClass: 46433K(46784K)->46427K(46784K) Class: 8032K(8320K)->8030K(8320K)
[6.376s][info ][gc             ] GC(9) Pause Full (Ergonomics) 185M->185M(1880M) 796.114ms
[6.376s][info ][gc,cpu         ] GC(9) User=1.92s Sys=0.00s Real=0.79s
[6.384s][info ][safepoint      ] Safepoint "ParallelGCFailedAllocation", Time since last: 75915195 ns, Reaching safepoint: 129901 ns, At safepoint: 886632277 ns, Total: 886762178 ns
[6.634s][info ][gc,start       ] GC(10) Pause Young (Allocation Failure)
[6.729s][debug][gc,phases      ] GC(10) Scavenge 94.118ms
[6.729s][debug][gc,ref         ] GC(10) Skipped phase 1 of Reference Processing: no references
[6.729s][debug][gc,ref         ] GC(10) ReferenceProcessor::execute queues: 1, RefProcThreadModel::Single, marks_oops_alive: false
[6.729s][debug][gc,ref         ] GC(10) Skipped phase 3 of Reference Processing: no references
[6.729s][debug][gc,ref         ] GC(10) ReferenceProcessor::execute queues: 1, RefProcThreadModel::Single, marks_oops_alive: false
[6.729s][debug][gc,phases      ] GC(10) Reference Processing 0.116ms
[6.729s][debug][gc,phases      ] GC(10)   VM Weak                        Min:  0.0, Avg:  0.0, Max:  0.0, Diff:  0.0, Sum:  0.0, Workers: 4
[6.729s][debug][gc,phases      ] GC(10)     Dead                           Min: 0, Avg:  0.0, Max: 0, Diff: 0, Sum: 0, Workers: 4
[6.729s][debug][gc,phases      ] GC(10)     Total                          Min: 0, Avg: 110.2, Max: 441, Diff: 441, Sum: 441, Workers: 4
[6.729s][debug][gc,phases      ] GC(10)   ObjectSynchronizer Weak        Min:  0.0, Avg:  0.0, Max:  0.0, Diff:  0.0, Sum:  0.0, Workers: 4
[6.729s][debug][gc,phases      ] GC(10)     Dead                           Min: 0, Avg:  0.0, Max: 0, Diff: 0, Sum: 0, Workers: 4
[6.729s][debug][gc,phases      ] GC(10)     Total                          Min: 0, Avg: 75.5, Max: 192, Diff: 192, Sum: 302, Workers: 4
[6.729s][debug][gc,phases      ] GC(10)   JVMTI Tag Weak OopStorage      Min:  0.0, Avg:  0.0, Max:  0.0, Diff:  0.0, Sum:  0.0, Workers: 4
[6.729s][debug][gc,phases      ] GC(10)     Dead                           Min: 0, Avg:  0.0, Max: 0, Diff: 0, Sum: 0, Workers: 4
[6.729s][debug][gc,phases      ] GC(10)     Total                          Min: 0, Avg:  0.0, Max: 0, Diff: 0, Sum: 0, Workers: 4
[6.729s][debug][gc,phases      ] GC(10)   StringTable Weak               Min:  0.1, Avg:  0.2, Max:  0.2, Diff:  0.0, Sum:  0.6, Workers: 4
[6.729s][debug][gc,phases      ] GC(10)     Dead                           Min: 0, Avg:  3.5, Max: 12, Diff: 12, Sum: 14, Workers: 4
[6.729s][debug][gc,phases      ] GC(10)     Total                          Min: 7999, Avg: 9602.5, Max: 11456, Diff: 3457, Sum: 38410, Workers: 4
[6.729s][debug][gc,phases      ] GC(10)   ResolvedMethodTable Weak       Min:  0.0, Avg:  0.0, Max:  0.0, Diff:  0.0, Sum:  0.1, Workers: 4
[6.729s][debug][gc,phases      ] GC(10)     Dead                           Min: 0, Avg:  0.0, Max: 0, Diff: 0, Sum: 0, Workers: 4
[6.729s][debug][gc,phases      ] GC(10)     Total                          Min: 640, Avg: 1248.8, Max: 1603, Diff: 963, Sum: 4995, Workers: 4
[6.729s][debug][gc,phases      ] GC(10)   JNI Weak                       Min:  0.0, Avg:  0.0, Max:  0.0, Diff:  0.0, Sum:  0.0, Workers: 4
[6.729s][debug][gc,phases      ] GC(10)     Dead                           Min: 0, Avg:  0.0, Max: 0, Diff: 0, Sum: 0, Workers: 4
[6.729s][debug][gc,phases      ] GC(10)     Total                          Min: 0, Avg:  0.0, Max: 0, Diff: 0, Sum: 0, Workers: 4
[6.729s][debug][gc,phases      ] GC(10)   StringDedup Table Weak         Min:  0.0, Avg:  0.0, Max:  0.0, Diff:  0.0, Sum:  0.0, Workers: 4
[6.729s][debug][gc,phases      ] GC(10)     Dead                           Min: 0, Avg:  0.0, Max: 0, Diff: 0, Sum: 0, Workers: 4
[6.729s][debug][gc,phases      ] GC(10)     Total                          Min: 0, Avg:  0.0, Max: 0, Diff: 0, Sum: 0, Workers: 4
[6.729s][debug][gc,phases      ] GC(10)   StringDedup Requests0 Weak     Min:  0.0, Avg:  0.0, Max:  0.0, Diff:  0.0, Sum:  0.0, Workers: 4
[6.729s][debug][gc,phases      ] GC(10)     Dead                           Min: 0, Avg:  0.0, Max: 0, Diff: 0, Sum: 0, Workers: 4
[6.729s][debug][gc,phases      ] GC(10)     Total                          Min: 0, Avg:  0.0, Max: 0, Diff: 0, Sum: 0, Workers: 4
[6.729s][debug][gc,phases      ] GC(10)   StringDedup Requests1 Weak     Min:  0.0, Avg:  0.0, Max:  0.0, Diff:  0.0, Sum:  0.0, Workers: 4
[6.729s][debug][gc,phases      ] GC(10)     Dead                           Min: 0, Avg:  0.0, Max: 0, Diff: 0, Sum: 0, Workers: 4
[6.729s][debug][gc,phases      ] GC(10)     Total                          Min: 0, Avg:  0.0, Max: 0, Diff: 0, Sum: 0, Workers: 4
[6.729s][debug][gc,phases      ] GC(10)   Weak JFR Old Object Samples    Min:  0.0, Avg:  0.0, Max:  0.0, Diff:  0.0, Sum:  0.0, Workers: 4
[6.729s][debug][gc,phases      ] GC(10)     Dead                           Min: 0, Avg:  0.0, Max: 0, Diff: 0, Sum: 0, Workers: 4
[6.729s][debug][gc,phases      ] GC(10)     Total                          Min: 0, Avg:  0.0, Max: 0, Diff: 0, Sum: 0, Workers: 4
[6.729s][debug][gc,phases      ] GC(10) Weak Processing 0.367ms
[6.729s][debug][gc,age         ] GC(10) Desired survivor size 270008320 bytes, new threshold 5 (max threshold 15)
[6.729s][info ][gc,heap        ] GC(10) PSYoungGen: 1678804K(1824256K)->9089K(1823744K) Eden: 1551360K(1551360K)->0K(1569792K) From: 127444K(272896K)->9089K(253952K)
[6.729s][info ][gc,heap        ] GC(10) ParOldGen: 62136K(100864K)->181602K(181760K)
[6.729s][info ][gc,metaspace   ] GC(10) Metaspace: 54470K(55104K)->54470K(55104K) NonClass: 46438K(46784K)->46438K(46784K) Class: 8032K(8320K)->8032K(8320K)
[6.729s][info ][gc             ] GC(10) Pause Young (Allocation Failure) 1700M->186M(1958M) 94.734ms
[6.729s][info ][gc,cpu         ] GC(10) User=0.36s Sys=0.02s Real=0.10s
[6.729s][debug][gc,phases      ] GC(11) Pre Compact 0.009ms
[6.729s][info ][gc,start       ] GC(11) Pause Full (Ergonomics)
[6.729s][info ][gc,phases,start] GC(11) Marking Phase
[6.809s][debug][gc,phases      ] GC(11) Par Mark 80.038ms
[6.809s][debug][gc,ref         ] GC(11) Skipped phase 1 of Reference Processing: no references
[6.810s][debug][gc,ref         ] GC(11) ReferenceProcessor::execute queues: 4, RefProcThreadModel::Multi, marks_oops_alive: false
[6.810s][debug][gc,ref         ] GC(11) Skipped phase 3 of Reference Processing: no references
[6.810s][debug][gc,ref         ] GC(11) ReferenceProcessor::execute queues: 1, RefProcThreadModel::Single, marks_oops_alive: false
[6.810s][debug][gc,phases      ] GC(11) Reference Processing 0.346ms
[6.810s][debug][gc,phases      ] GC(11)   VM Weak                        Min:  0.0, Avg:  0.0, Max:  0.0, Diff:  0.0, Sum:  0.0, Workers: 4
[6.810s][debug][gc,phases      ] GC(11)     Dead                           Min: 0, Avg:  0.0, Max: 0, Diff: 0, Sum: 0, Workers: 4
[6.810s][debug][gc,phases      ] GC(11)     Total                          Min: 0, Avg: 110.2, Max: 252, Diff: 252, Sum: 441, Workers: 4
[6.810s][debug][gc,phases      ] GC(11)   ObjectSynchronizer Weak        Min:  0.0, Avg:  0.0, Max:  0.0, Diff:  0.0, Sum:  0.0, Workers: 4
[6.810s][debug][gc,phases      ] GC(11)     Dead                           Min: 0, Avg:  0.0, Max: 0, Diff: 0, Sum: 0, Workers: 4
[6.810s][debug][gc,phases      ] GC(11)     Total                          Min: 0, Avg: 75.5, Max: 128, Diff: 128, Sum: 302, Workers: 4
[6.810s][debug][gc,phases      ] GC(11)   JVMTI Tag Weak OopStorage      Min:  0.0, Avg:  0.0, Max:  0.0, Diff:  0.0, Sum:  0.0, Workers: 4
[6.810s][debug][gc,phases      ] GC(11)     Dead                           Min: 0, Avg:  0.0, Max: 0, Diff: 0, Sum: 0, Workers: 4
[6.810s][debug][gc,phases      ] GC(11)     Total                          Min: 0, Avg:  0.0, Max: 0, Diff: 0, Sum: 0, Workers: 4
[6.810s][debug][gc,phases      ] GC(11)   StringTable Weak               Min:  0.1, Avg:  0.1, Max:  0.1, Diff:  0.0, Sum:  0.5, Workers: 4
[6.810s][debug][gc,phases      ] GC(11)     Dead                           Min: 0, Avg:  0.0, Max: 0, Diff: 0, Sum: 0, Workers: 4
[6.810s][debug][gc,phases      ] GC(11)     Total                          Min: 8384, Avg: 9602.5, Max: 11211, Diff: 2827, Sum: 38410, Workers: 4
[6.810s][debug][gc,phases      ] GC(11)   ResolvedMethodTable Weak       Min:  0.0, Avg:  0.0, Max:  0.0, Diff:  0.0, Sum:  0.1, Workers: 4
[6.810s][debug][gc,phases      ] GC(11)     Dead                           Min: 0, Avg:  0.0, Max: 0, Diff: 0, Sum: 0, Workers: 4
[6.810s][debug][gc,phases      ] GC(11)     Total                          Min: 1155, Avg: 1248.8, Max: 1280, Diff: 125, Sum: 4995, Workers: 4
[6.810s][debug][gc,phases      ] GC(11)   JNI Weak                       Min:  0.0, Avg:  0.0, Max:  0.0, Diff:  0.0, Sum:  0.0, Workers: 4
[6.810s][debug][gc,phases      ] GC(11)     Dead                           Min: 0, Avg:  0.0, Max: 0, Diff: 0, Sum: 0, Workers: 4
[6.810s][debug][gc,phases      ] GC(11)     Total                          Min: 0, Avg:  0.0, Max: 0, Diff: 0, Sum: 0, Workers: 4
[6.810s][debug][gc,phases      ] GC(11)   StringDedup Table Weak         Min:  0.0, Avg:  0.0, Max:  0.0, Diff:  0.0, Sum:  0.0, Workers: 4
[6.810s][debug][gc,phases      ] GC(11)     Dead                           Min: 0, Avg:  0.0, Max: 0, Diff: 0, Sum: 0, Workers: 4
[6.810s][debug][gc,phases      ] GC(11)     Total                          Min: 0, Avg:  0.0, Max: 0, Diff: 0, Sum: 0, Workers: 4
[6.810s][debug][gc,phases      ] GC(11)   StringDedup Requests0 Weak     Min:  0.0, Avg:  0.0, Max:  0.0, Diff:  0.0, Sum:  0.0, Workers: 4
[6.810s][debug][gc,phases      ] GC(11)     Dead                           Min: 0, Avg:  0.0, Max: 0, Diff: 0, Sum: 0, Workers: 4
[6.810s][debug][gc,phases      ] GC(11)     Total                          Min: 0, Avg:  0.0, Max: 0, Diff: 0, Sum: 0, Workers: 4
[6.810s][debug][gc,phases      ] GC(11)   StringDedup Requests1 Weak     Min:  0.0, Avg:  0.0, Max:  0.0, Diff:  0.0, Sum:  0.0, Workers: 4
[6.810s][debug][gc,phases      ] GC(11)     Dead                           Min: 0, Avg:  0.0, Max: 0, Diff: 0, Sum: 0, Workers: 4
[6.810s][debug][gc,phases      ] GC(11)     Total                          Min: 0, Avg:  0.0, Max: 0, Diff: 0, Sum: 0, Workers: 4
[6.810s][debug][gc,phases      ] GC(11)   Weak JFR Old Object Samples    Min:  0.0, Avg:  0.0, Max:  0.0, Diff:  0.0, Sum:  0.0, Workers: 4
[6.810s][debug][gc,phases      ] GC(11)     Dead                           Min: 0, Avg:  0.0, Max: 0, Diff: 0, Sum: 0, Workers: 4
[6.810s][debug][gc,phases      ] GC(11)     Total                          Min: 0, Avg:  0.0, Max: 0, Diff: 0, Sum: 0, Workers: 4
[6.810s][debug][gc,phases      ] GC(11) Weak Processing 0.293ms
[6.810s][debug][gc,phases      ] GC(11) ClassLoaderData 0.057ms
[6.810s][debug][gc,phases      ] GC(11) Trigger cleanups 0.001ms
[6.816s][debug][gc,phases      ] GC(11) Class Unloading 5.840ms
[6.816s][info ][gc,phases      ] GC(11) Marking Phase 86.648ms
[6.816s][info ][gc,phases,start] GC(11) Summary Phase
[6.816s][info ][gc,phases      ] GC(11) Summary Phase 0.009ms
[6.816s][info ][gc,phases,start] GC(11) Adjust Roots
[6.821s][info ][gc,phases      ] GC(11) Adjust Roots 5.575ms
[6.822s][info ][gc,phases,start] GC(11) Compaction Phase
[7.081s][info ][gc,phases      ] GC(11) Compaction Phase 259.312ms
[7.081s][info ][gc,phases,start] GC(11) Post Compact
[7.081s][info ][gc,phases      ] GC(11) Post Compact 0.386ms
[7.081s][info ][gc,heap        ] GC(11) PSYoungGen: 9089K(1823744K)->8496K(1823744K) Eden: 0K(1569792K)->0K(1569792K) From: 9089K(253952K)->8496K(253952K)
[7.081s][info ][gc,heap        ] GC(11) ParOldGen: 181602K(181760K)->181696K(274432K)
[7.081s][info ][gc,metaspace   ] GC(11) Metaspace: 54470K(55104K)->54470K(55104K) NonClass: 46438K(46784K)->46438K(46784K) Class: 8032K(8320K)->8032K(8320K)
[7.081s][info ][gc             ] GC(11) Pause Full (Ergonomics) 186M->185M(2049M) 352.176ms
[7.081s][info ][gc,cpu         ] GC(11) User=1.19s Sys=0.01s Real=0.35s
[7.099s][info ][safepoint      ] Safepoint "ParallelGCFailedAllocation", Time since last: 249805414 ns, Reaching safepoint: 129201 ns, At safepoint: 465001464 ns, Total: 465130665 ns
[7.314s][info ][gc,start       ] GC(12) Pause Young (Allocation Failure)
[7.340s][debug][gc,phases      ] GC(12) Scavenge 26.561ms
[7.341s][debug][gc,ref         ] GC(12) Skipped phase 1 of Reference Processing: no references
[7.341s][debug][gc,ref         ] GC(12) ReferenceProcessor::execute queues: 1, RefProcThreadModel::Single, marks_oops_alive: false
[7.341s][debug][gc,ref         ] GC(12) Skipped phase 3 of Reference Processing: no references
[7.341s][debug][gc,ref         ] GC(12) ReferenceProcessor::execute queues: 1, RefProcThreadModel::Single, marks_oops_alive: false
[7.341s][debug][gc,phases      ] GC(12) Reference Processing 0.146ms
[7.341s][debug][gc,phases      ] GC(12)   VM Weak                        Min:  0.0, Avg:  0.0, Max:  0.0, Diff:  0.0, Sum:  0.0, Workers: 4
[7.341s][debug][gc,phases      ] GC(12)     Dead                           Min: 0, Avg:  0.0, Max: 0, Diff: 0, Sum: 0, Workers: 4
[7.341s][debug][gc,phases      ] GC(12)     Total                          Min: 0, Avg: 123.2, Max: 493, Diff: 493, Sum: 493, Workers: 4
[7.341s][debug][gc,phases      ] GC(12)   ObjectSynchronizer Weak        Min:  0.0, Avg:  0.0, Max:  0.0, Diff:  0.0, Sum:  0.0, Workers: 4
[7.341s][debug][gc,phases      ] GC(12)     Dead                           Min: 0, Avg:  0.0, Max: 0, Diff: 0, Sum: 0, Workers: 4
[7.341s][debug][gc,phases      ] GC(12)     Total                          Min: 0, Avg: 75.5, Max: 302, Diff: 302, Sum: 302, Workers: 4
[7.341s][debug][gc,phases      ] GC(12)   JVMTI Tag Weak OopStorage      Min:  0.0, Avg:  0.0, Max:  0.0, Diff:  0.0, Sum:  0.0, Workers: 4
[7.341s][debug][gc,phases      ] GC(12)     Dead                           Min: 0, Avg:  0.0, Max: 0, Diff: 0, Sum: 0, Workers: 4
[7.341s][debug][gc,phases      ] GC(12)     Total                          Min: 0, Avg:  0.0, Max: 0, Diff: 0, Sum: 0, Workers: 4
[7.341s][debug][gc,phases      ] GC(12)   StringTable Weak               Min:  0.1, Avg:  0.1, Max:  0.1, Diff:  0.0, Sum:  0.3, Workers: 4
[7.341s][debug][gc,phases      ] GC(12)     Dead                           Min: 0, Avg:  3.2, Max: 13, Diff: 13, Sum: 13, Workers: 4
[7.341s][debug][gc,phases      ] GC(12)     Total                          Min: 7552, Avg: 9614.5, Max: 11776, Diff: 4224, Sum: 38458, Workers: 4
[7.341s][debug][gc,phases      ] GC(12)   ResolvedMethodTable Weak       Min:  0.0, Avg:  0.0, Max:  0.0, Diff:  0.0, Sum:  0.0, Workers: 4
[7.341s][debug][gc,phases      ] GC(12)     Dead                           Min: 0, Avg:  0.2, Max: 1, Diff: 1, Sum: 1, Workers: 4
[7.341s][debug][gc,phases      ] GC(12)     Total                          Min: 1088, Avg: 1271.8, Max: 1504, Diff: 416, Sum: 5087, Workers: 4
[7.341s][debug][gc,phases      ] GC(12)   JNI Weak                       Min:  0.0, Avg:  0.0, Max:  0.0, Diff:  0.0, Sum:  0.0, Workers: 4
[7.341s][debug][gc,phases      ] GC(12)     Dead                           Min: 0, Avg:  0.0, Max: 0, Diff: 0, Sum: 0, Workers: 4
[7.341s][debug][gc,phases      ] GC(12)     Total                          Min: 0, Avg:  0.0, Max: 0, Diff: 0, Sum: 0, Workers: 4
[7.341s][debug][gc,phases      ] GC(12)   StringDedup Table Weak         Min:  0.0, Avg:  0.0, Max:  0.0, Diff:  0.0, Sum:  0.0, Workers: 4
[7.341s][debug][gc,phases      ] GC(12)     Dead                           Min: 0, Avg:  0.0, Max: 0, Diff: 0, Sum: 0, Workers: 4
[7.341s][debug][gc,phases      ] GC(12)     Total                          Min: 0, Avg:  0.0, Max: 0, Diff: 0, Sum: 0, Workers: 4
[7.341s][debug][gc,phases      ] GC(12)   StringDedup Requests0 Weak     Min:  0.0, Avg:  0.0, Max:  0.0, Diff:  0.0, Sum:  0.0, Workers: 4
[7.341s][debug][gc,phases      ] GC(12)     Dead                           Min: 0, Avg:  0.0, Max: 0, Diff: 0, Sum: 0, Workers: 4
[7.341s][debug][gc,phases      ] GC(12)     Total                          Min: 0, Avg:  0.0, Max: 0, Diff: 0, Sum: 0, Workers: 4
[7.341s][debug][gc,phases      ] GC(12)   StringDedup Requests1 Weak     Min:  0.0, Avg:  0.0, Max:  0.0, Diff:  0.0, Sum:  0.0, Workers: 4
[7.341s][debug][gc,phases      ] GC(12)     Dead                           Min: 0, Avg:  0.0, Max: 0, Diff: 0, Sum: 0, Workers: 4
[7.341s][debug][gc,phases      ] GC(12)     Total                          Min: 0, Avg:  0.0, Max: 0, Diff: 0, Sum: 0, Workers: 4
[7.341s][debug][gc,phases      ] GC(12)   Weak JFR Old Object Samples    Min:  0.0, Avg:  0.0, Max:  0.0, Diff:  0.0, Sum:  0.0, Workers: 4
[7.341s][debug][gc,phases      ] GC(12)     Dead                           Min: 0, Avg:  0.0, Max: 0, Diff: 0, Sum: 0, Workers: 4
[7.341s][debug][gc,phases      ] GC(12)     Total                          Min: 0, Avg:  0.0, Max: 0, Diff: 0, Sum: 0, Workers: 4
[7.341s][debug][gc,phases      ] GC(12) Weak Processing 0.331ms
[7.341s][debug][gc,age         ] GC(12) Desired survivor size 273678336 bytes, new threshold 6 (max threshold 15)
[7.341s][info ][gc,heap        ] GC(12) PSYoungGen: 1578288K(1823744K)->8930K(1579008K) Eden: 1569792K(1569792K)->0K(1569792K) From: 8496K(253952K)->8930K(9216K)
[7.341s][info ][gc,heap        ] GC(12) ParOldGen: 181696K(274432K)->181704K(274432K)
[7.341s][info ][gc,metaspace   ] GC(12) Metaspace: 54731K(55424K)->54731K(55424K) NonClass: 46647K(47040K)->46647K(47040K) Class: 8083K(8384K)->8083K(8384K)
[7.341s][info ][gc             ] GC(12) Pause Young (Allocation Failure) 1718M->186M(1810M) 27.178ms
[7.341s][info ][gc,cpu         ] GC(12) User=0.10s Sys=0.00s Real=0.03s
[7.341s][info ][safepoint      ] Safepoint "ParallelGCFailedAllocation", Time since last: 214247741 ns, Reaching safepoint: 164602 ns, At safepoint: 27302885 ns, Total: 27467487 ns
[7.628s][info ][gc,start       ] GC(13) Pause Young (Allocation Failure)
[7.634s][debug][gc,phases      ] GC(13) Scavenge 6.193ms
[7.634s][debug][gc,ref         ] GC(13) Skipped phase 1 of Reference Processing: no references
[7.634s][debug][gc,ref         ] GC(13) ReferenceProcessor::execute queues: 1, RefProcThreadModel::Single, marks_oops_alive: false
[7.634s][debug][gc,ref         ] GC(13) Skipped phase 3 of Reference Processing: no references
[7.634s][debug][gc,ref         ] GC(13) ReferenceProcessor::execute queues: 1, RefProcThreadModel::Single, marks_oops_alive: false
[7.634s][debug][gc,phases      ] GC(13) Reference Processing 0.136ms
[7.634s][debug][gc,phases      ] GC(13)   VM Weak                        Min:  0.0, Avg:  0.0, Max:  0.0, Diff:  0.0, Sum:  0.0, Workers: 4
[7.634s][debug][gc,phases      ] GC(13)     Dead                           Min: 0, Avg:  0.0, Max: 0, Diff: 0, Sum: 0, Workers: 4
[7.634s][debug][gc,phases      ] GC(13)     Total                          Min: 0, Avg: 126.8, Max: 507, Diff: 507, Sum: 507, Workers: 4
[7.634s][debug][gc,phases      ] GC(13)   ObjectSynchronizer Weak        Min:  0.0, Avg:  0.0, Max:  0.0, Diff:  0.0, Sum:  0.0, Workers: 4
[7.634s][debug][gc,phases      ] GC(13)     Dead                           Min: 0, Avg:  0.0, Max: 0, Diff: 0, Sum: 0, Workers: 4
[7.634s][debug][gc,phases      ] GC(13)     Total                          Min: 0, Avg: 75.5, Max: 302, Diff: 302, Sum: 302, Workers: 4
[7.634s][debug][gc,phases      ] GC(13)   JVMTI Tag Weak OopStorage      Min:  0.0, Avg:  0.0, Max:  0.0, Diff:  0.0, Sum:  0.0, Workers: 4
[7.634s][debug][gc,phases      ] GC(13)     Dead                           Min: 0, Avg:  0.0, Max: 0, Diff: 0, Sum: 0, Workers: 4
[7.634s][debug][gc,phases      ] GC(13)     Total                          Min: 0, Avg:  0.0, Max: 0, Diff: 0, Sum: 0, Workers: 4
[7.634s][debug][gc,phases      ] GC(13)   StringTable Weak               Min:  0.1, Avg:  0.1, Max:  0.1, Diff:  0.0, Sum:  0.3, Workers: 4
[7.634s][debug][gc,phases      ] GC(13)     Dead                           Min: 0, Avg:  4.2, Max: 14, Diff: 14, Sum: 17, Workers: 4
[7.634s][debug][gc,phases      ] GC(13)     Total                          Min: 8320, Avg: 9666.5, Max: 11584, Diff: 3264, Sum: 38666, Workers: 4
[7.634s][debug][gc,phases      ] GC(13)   ResolvedMethodTable Weak       Min:  0.0, Avg:  0.0, Max:  0.0, Diff:  0.0, Sum:  0.1, Workers: 4
[7.634s][debug][gc,phases      ] GC(13)     Dead                           Min: 0, Avg:  7.2, Max: 29, Diff: 29, Sum: 29, Workers: 4
[7.634s][debug][gc,phases      ] GC(13)     Total                          Min: 1088, Avg: 1297.5, Max: 1600, Diff: 512, Sum: 5190, Workers: 4
[7.634s][debug][gc,phases      ] GC(13)   JNI Weak                       Min:  0.0, Avg:  0.0, Max:  0.0, Diff:  0.0, Sum:  0.0, Workers: 4
[7.634s][debug][gc,phases      ] GC(13)     Dead                           Min: 0, Avg:  0.0, Max: 0, Diff: 0, Sum: 0, Workers: 4
[7.634s][debug][gc,phases      ] GC(13)     Total                          Min: 0, Avg:  0.5, Max: 2, Diff: 2, Sum: 2, Workers: 4
[7.634s][debug][gc,phases      ] GC(13)   StringDedup Table Weak         Min:  0.0, Avg:  0.0, Max:  0.0, Diff:  0.0, Sum:  0.0, Workers: 4
[7.634s][debug][gc,phases      ] GC(13)     Dead                           Min: 0, Avg:  0.0, Max: 0, Diff: 0, Sum: 0, Workers: 4
[7.634s][debug][gc,phases      ] GC(13)     Total                          Min: 0, Avg:  0.0, Max: 0, Diff: 0, Sum: 0, Workers: 4
[7.634s][debug][gc,phases      ] GC(13)   StringDedup Requests0 Weak     Min:  0.0, Avg:  0.0, Max:  0.0, Diff:  0.0, Sum:  0.0, Workers: 4
[7.634s][debug][gc,phases      ] GC(13)     Dead                           Min: 0, Avg:  0.0, Max: 0, Diff: 0, Sum: 0, Workers: 4
[7.634s][debug][gc,phases      ] GC(13)     Total                          Min: 0, Avg:  0.0, Max: 0, Diff: 0, Sum: 0, Workers: 4
[7.634s][debug][gc,phases      ] GC(13)   StringDedup Requests1 Weak     Min:  0.0, Avg:  0.0, Max:  0.0, Diff:  0.0, Sum:  0.0, Workers: 4
[7.634s][debug][gc,phases      ] GC(13)     Dead                           Min: 0, Avg:  0.0, Max: 0, Diff: 0, Sum: 0, Workers: 4
[7.634s][debug][gc,phases      ] GC(13)     Total                          Min: 0, Avg:  0.0, Max: 0, Diff: 0, Sum: 0, Workers: 4
[7.634s][debug][gc,phases      ] GC(13)   Weak JFR Old Object Samples    Min:  0.0, Avg:  0.0, Max:  0.0, Diff:  0.0, Sum:  0.0, Workers: 4
[7.634s][debug][gc,phases      ] GC(13)     Dead                           Min: 0, Avg:  0.0, Max: 0, Diff: 0, Sum: 0, Workers: 4
[7.634s][debug][gc,phases      ] GC(13)     Total                          Min: 0, Avg:  0.0, Max: 0, Diff: 0, Sum: 0, Workers: 4
[7.634s][debug][gc,phases      ] GC(13) Weak Processing 0.266ms
[7.634s][debug][gc,age         ] GC(13) Desired survivor size 273678336 bytes, new threshold 7 (max threshold 15)
[7.634s][info ][gc,heap        ] GC(13) PSYoungGen: 1578722K(1579008K)->9377K(1829888K) Eden: 1569792K(1569792K)->0K(1562624K) From: 8930K(9216K)->9377K(267264K)
[7.634s][info ][gc,heap        ] GC(13) ParOldGen: 181704K(274432K)->181712K(274432K)
[7.634s][info ][gc,metaspace   ] GC(13) Metaspace: 55285K(55936K)->55285K(55936K) NonClass: 47124K(47488K)->47124K(47488K) Class: 8160K(8448K)->8160K(8448K)
[7.634s][info ][gc             ] GC(13) Pause Young (Allocation Failure) 1719M->186M(2055M) 6.713ms
[7.634s][info ][gc,cpu         ] GC(13) User=0.01s Sys=0.02s Real=0.00s
[7.635s][info ][safepoint      ] Safepoint "ParallelGCFailedAllocation", Time since last: 286400996 ns, Reaching safepoint: 173502 ns, At safepoint: 6805971 ns, Total: 6979473 ns
[8.001s][info ][gc,start       ] GC(14) Pause Young (Allocation Failure)
[8.006s][debug][gc,phases      ] GC(14) Scavenge 5.734ms
[8.006s][debug][gc,ref         ] GC(14) Skipped phase 1 of Reference Processing: no references
[8.007s][debug][gc,ref         ] GC(14) ReferenceProcessor::execute queues: 1, RefProcThreadModel::Single, marks_oops_alive: false
[8.007s][debug][gc,ref         ] GC(14) Skipped phase 3 of Reference Processing: no references
[8.007s][debug][gc,ref         ] GC(14) ReferenceProcessor::execute queues: 1, RefProcThreadModel::Single, marks_oops_alive: false
[8.007s][debug][gc,phases      ] GC(14) Reference Processing 0.149ms
[8.007s][debug][gc,phases      ] GC(14)   VM Weak                        Min:  0.0, Avg:  0.0, Max:  0.0, Diff:  0.0, Sum:  0.0, Workers: 4
[8.007s][debug][gc,phases      ] GC(14)     Dead                           Min: 0, Avg:  0.0, Max: 0, Diff: 0, Sum: 0, Workers: 4
[8.007s][debug][gc,phases      ] GC(14)     Total                          Min: 0, Avg: 130.2, Max: 512, Diff: 512, Sum: 521, Workers: 4
[8.007s][debug][gc,phases      ] GC(14)   ObjectSynchronizer Weak        Min:  0.0, Avg:  0.0, Max:  0.0, Diff:  0.0, Sum:  0.0, Workers: 4
[8.007s][debug][gc,phases      ] GC(14)     Dead                           Min: 0, Avg:  0.0, Max: 0, Diff: 0, Sum: 0, Workers: 4
[8.007s][debug][gc,phases      ] GC(14)     Total                          Min: 46, Avg: 75.5, Max: 128, Diff: 82, Sum: 302, Workers: 4
[8.007s][debug][gc,phases      ] GC(14)   JVMTI Tag Weak OopStorage      Min:  0.0, Avg:  0.0, Max:  0.0, Diff:  0.0, Sum:  0.0, Workers: 4
[8.007s][debug][gc,phases      ] GC(14)     Dead                           Min: 0, Avg:  0.0, Max: 0, Diff: 0, Sum: 0, Workers: 4
[8.007s][debug][gc,phases      ] GC(14)     Total                          Min: 0, Avg:  0.0, Max: 0, Diff: 0, Sum: 0, Workers: 4
[8.007s][debug][gc,phases      ] GC(14)   StringTable Weak               Min:  0.1, Avg:  0.1, Max:  0.1, Diff:  0.0, Sum:  0.3, Workers: 4
[8.007s][debug][gc,phases      ] GC(14)     Dead                           Min: 0, Avg:  0.8, Max: 2, Diff: 2, Sum: 3, Workers: 4
[8.007s][debug][gc,phases      ] GC(14)     Total                          Min: 7936, Avg: 9842.0, Max: 11976, Diff: 4040, Sum: 39368, Workers: 4
[8.007s][debug][gc,phases      ] GC(14)   ResolvedMethodTable Weak       Min:  0.0, Avg:  0.0, Max:  0.0, Diff:  0.0, Sum:  0.1, Workers: 4
[8.007s][debug][gc,phases      ] GC(14)     Dead                           Min: 1, Avg:  4.8, Max: 14, Diff: 13, Sum: 19, Workers: 4
[8.007s][debug][gc,phases      ] GC(14)     Total                          Min: 1216, Avg: 1454.0, Max: 1720, Diff: 504, Sum: 5816, Workers: 4
[8.007s][debug][gc,phases      ] GC(14)   JNI Weak                       Min:  0.0, Avg:  0.0, Max:  0.0, Diff:  0.0, Sum:  0.0, Workers: 4
[8.007s][debug][gc,phases      ] GC(14)     Dead                           Min: 0, Avg:  0.0, Max: 0, Diff: 0, Sum: 0, Workers: 4
[8.007s][debug][gc,phases      ] GC(14)     Total                          Min: 0, Avg:  0.2, Max: 1, Diff: 1, Sum: 1, Workers: 4
[8.007s][debug][gc,phases      ] GC(14)   StringDedup Table Weak         Min:  0.0, Avg:  0.0, Max:  0.0, Diff:  0.0, Sum:  0.0, Workers: 4
[8.007s][debug][gc,phases      ] GC(14)     Dead                           Min: 0, Avg:  0.0, Max: 0, Diff: 0, Sum: 0, Workers: 4
[8.007s][debug][gc,phases      ] GC(14)     Total                          Min: 0, Avg:  0.0, Max: 0, Diff: 0, Sum: 0, Workers: 4
[8.007s][debug][gc,phases      ] GC(14)   StringDedup Requests0 Weak     Min:  0.0, Avg:  0.0, Max:  0.0, Diff:  0.0, Sum:  0.0, Workers: 4
[8.007s][debug][gc,phases      ] GC(14)     Dead                           Min: 0, Avg:  0.0, Max: 0, Diff: 0, Sum: 0, Workers: 4
[8.007s][debug][gc,phases      ] GC(14)     Total                          Min: 0, Avg:  0.0, Max: 0, Diff: 0, Sum: 0, Workers: 4
[8.007s][debug][gc,phases      ] GC(14)   StringDedup Requests1 Weak     Min:  0.0, Avg:  0.0, Max:  0.0, Diff:  0.0, Sum:  0.0, Workers: 4
[8.007s][debug][gc,phases      ] GC(14)     Dead                           Min: 0, Avg:  0.0, Max: 0, Diff: 0, Sum: 0, Workers: 4
[8.007s][debug][gc,phases      ] GC(14)     Total                          Min: 0, Avg:  0.0, Max: 0, Diff: 0, Sum: 0, Workers: 4
[8.007s][debug][gc,phases      ] GC(14)   Weak JFR Old Object Samples    Min:  0.0, Avg:  0.0, Max:  0.0, Diff:  0.0, Sum:  0.0, Workers: 4
[8.007s][debug][gc,phases      ] GC(14)     Dead                           Min: 0, Avg:  0.0, Max: 0, Diff: 0, Sum: 0, Workers: 4
[8.007s][debug][gc,phases      ] GC(14)     Total                          Min: 0, Avg:  0.0, Max: 0, Diff: 0, Sum: 0, Workers: 4
[8.007s][debug][gc,phases      ] GC(14) Weak Processing 0.264ms
[8.007s][debug][gc,age         ] GC(14) Desired survivor size 271056896 bytes, new threshold 8 (max threshold 15)
[8.007s][info ][gc,heap        ] GC(14) PSYoungGen: 1572001K(1829888K)->11009K(1829888K) Eden: 1562624K(1562624K)->0K(1562624K) From: 9377K(267264K)->11009K(267264K)
[8.007s][info ][gc,heap        ] GC(14) ParOldGen: 181712K(274432K)->181720K(274432K)
[8.007s][info ][gc,metaspace   ] GC(14) Metaspace: 57513K(58304K)->57513K(58304K) NonClass: 48919K(49344K)->48919K(49344K) Class: 8594K(8960K)->8594K(8960K)
[8.007s][info ][gc             ] GC(14) Pause Young (Allocation Failure) 1712M->188M(2055M) 6.259ms
[8.007s][info ][gc,cpu         ] GC(14) User=0.03s Sys=0.00s Real=0.00s
[8.007s][info ][safepoint      ] Safepoint "ParallelGCFailedAllocation", Time since last: 365880726 ns, Reaching safepoint: 243303 ns, At safepoint: 6357966 ns, Total: 6601269 ns
[8.335s][info ][gc,start       ] GC(15) Pause Young (Allocation Failure)
[8.343s][debug][gc,phases      ] GC(15) Scavenge 7.410ms
[8.343s][debug][gc,ref         ] GC(15) Skipped phase 1 of Reference Processing: no references
[8.343s][debug][gc,ref         ] GC(15) ReferenceProcessor::execute queues: 1, RefProcThreadModel::Single, marks_oops_alive: false
[8.343s][debug][gc,ref         ] GC(15) Skipped phase 3 of Reference Processing: no references
[8.343s][debug][gc,ref         ] GC(15) ReferenceProcessor::execute queues: 1, RefProcThreadModel::Single, marks_oops_alive: false
[8.343s][debug][gc,phases      ] GC(15) Reference Processing 0.146ms
[8.343s][debug][gc,phases      ] GC(15)   VM Weak                        Min:  0.0, Avg:  0.0, Max:  0.0, Diff:  0.0, Sum:  0.0, Workers: 4
[8.343s][debug][gc,phases      ] GC(15)     Dead                           Min: 0, Avg:  0.0, Max: 0, Diff: 0, Sum: 0, Workers: 4
[8.343s][debug][gc,phases      ] GC(15)     Total                          Min: 0, Avg: 131.0, Max: 524, Diff: 524, Sum: 524, Workers: 4
[8.343s][debug][gc,phases      ] GC(15)   ObjectSynchronizer Weak        Min:  0.0, Avg:  0.0, Max:  0.0, Diff:  0.0, Sum:  0.0, Workers: 4
[8.343s][debug][gc,phases      ] GC(15)     Dead                           Min: 0, Avg:  0.2, Max: 1, Diff: 1, Sum: 1, Workers: 4
[8.343s][debug][gc,phases      ] GC(15)     Total                          Min: 0, Avg: 77.5, Max: 310, Diff: 310, Sum: 310, Workers: 4
[8.343s][debug][gc,phases      ] GC(15)   JVMTI Tag Weak OopStorage      Min:  0.0, Avg:  0.0, Max:  0.0, Diff:  0.0, Sum:  0.0, Workers: 4
[8.343s][debug][gc,phases      ] GC(15)     Dead                           Min: 0, Avg:  0.0, Max: 0, Diff: 0, Sum: 0, Workers: 4
[8.343s][debug][gc,phases      ] GC(15)     Total                          Min: 0, Avg:  0.0, Max: 0, Diff: 0, Sum: 0, Workers: 4
[8.343s][debug][gc,phases      ] GC(15)   StringTable Weak               Min:  0.1, Avg:  0.1, Max:  0.1, Diff:  0.0, Sum:  0.3, Workers: 4
[8.343s][debug][gc,phases      ] GC(15)     Dead                           Min: 0, Avg:  4.0, Max: 15, Diff: 15, Sum: 16, Workers: 4
[8.343s][debug][gc,phases      ] GC(15)     Total                          Min: 7296, Avg: 9931.5, Max: 12416, Diff: 5120, Sum: 39726, Workers: 4
[8.343s][debug][gc,phases      ] GC(15)   ResolvedMethodTable Weak       Min:  0.0, Avg:  0.0, Max:  0.0, Diff:  0.0, Sum:  0.1, Workers: 4
[8.343s][debug][gc,phases      ] GC(15)     Dead                           Min: 0, Avg:  6.8, Max: 17, Diff: 17, Sum: 27, Workers: 4
[8.343s][debug][gc,phases      ] GC(15)     Total                          Min: 1280, Avg: 1506.2, Max: 1728, Diff: 448, Sum: 6025, Workers: 4
[8.343s][debug][gc,phases      ] GC(15)   JNI Weak                       Min:  0.0, Avg:  0.0, Max:  0.0, Diff:  0.0, Sum:  0.0, Workers: 4
[8.343s][debug][gc,phases      ] GC(15)     Dead                           Min: 0, Avg:  0.0, Max: 0, Diff: 0, Sum: 0, Workers: 4
[8.343s][debug][gc,phases      ] GC(15)     Total                          Min: 0, Avg:  2.2, Max: 9, Diff: 9, Sum: 9, Workers: 4
[8.343s][debug][gc,phases      ] GC(15)   StringDedup Table Weak         Min:  0.0, Avg:  0.0, Max:  0.0, Diff:  0.0, Sum:  0.0, Workers: 4
[8.343s][debug][gc,phases      ] GC(15)     Dead                           Min: 0, Avg:  0.0, Max: 0, Diff: 0, Sum: 0, Workers: 4
[8.343s][debug][gc,phases      ] GC(15)     Total                          Min: 0, Avg:  0.0, Max: 0, Diff: 0, Sum: 0, Workers: 4
[8.343s][debug][gc,phases      ] GC(15)   StringDedup Requests0 Weak     Min:  0.0, Avg:  0.0, Max:  0.0, Diff:  0.0, Sum:  0.0, Workers: 4
[8.343s][debug][gc,phases      ] GC(15)     Dead                           Min: 0, Avg:  0.0, Max: 0, Diff: 0, Sum: 0, Workers: 4
[8.343s][debug][gc,phases      ] GC(15)     Total                          Min: 0, Avg:  0.0, Max: 0, Diff: 0, Sum: 0, Workers: 4
[8.343s][debug][gc,phases      ] GC(15)   StringDedup Requests1 Weak     Min:  0.0, Avg:  0.0, Max:  0.0, Diff:  0.0, Sum:  0.0, Workers: 4
[8.343s][debug][gc,phases      ] GC(15)     Dead                           Min: 0, Avg:  0.0, Max: 0, Diff: 0, Sum: 0, Workers: 4
[8.343s][debug][gc,phases      ] GC(15)     Total                          Min: 0, Avg:  0.0, Max: 0, Diff: 0, Sum: 0, Workers: 4
[8.343s][debug][gc,phases      ] GC(15)   Weak JFR Old Object Samples    Min:  0.0, Avg:  0.0, Max:  0.0, Diff:  0.0, Sum:  0.0, Workers: 4
[8.343s][debug][gc,phases      ] GC(15)     Dead                           Min: 0, Avg:  0.0, Max: 0, Diff: 0, Sum: 0, Workers: 4
[8.343s][debug][gc,phases      ] GC(15)     Total                          Min: 0, Avg:  0.0, Max: 0, Diff: 0, Sum: 0, Workers: 4
[8.343s][debug][gc,phases      ] GC(15) Weak Processing 0.261ms
[8.343s][debug][gc,age         ] GC(15) Desired survivor size 265289728 bytes, new threshold 9 (max threshold 15)
[8.343s][info ][gc,heap        ] GC(15) PSYoungGen: 1573633K(1829888K)->14518K(1838080K) Eden: 1562624K(1562624K)->0K(1573376K) From: 11009K(267264K)->14518K(264704K)
[8.343s][info ][gc,heap        ] GC(15) ParOldGen: 181720K(274432K)->181728K(274432K)
[8.343s][info ][gc,metaspace   ] GC(15) Metaspace: 58495K(59200K)->58495K(59200K) NonClass: 49765K(50176K)->49765K(50176K) Class: 8729K(9024K)->8729K(9024K)
[8.343s][info ][gc             ] GC(15) Pause Young (Allocation Failure) 1714M->191M(2063M) 7.930ms
[8.343s][info ][gc,cpu         ] GC(15) User=0.03s Sys=0.01s Real=0.01s
[8.343s][info ][safepoint      ] Safepoint "ParallelGCFailedAllocation", Time since last: 328046530 ns, Reaching safepoint: 171702 ns, At safepoint: 8031484 ns, Total: 8203186 ns
[8.584s][info ][gc,start       ] GC(16) Pause Young (Allocation Failure)
[8.593s][debug][gc,phases      ] GC(16) Scavenge 9.329ms
[8.593s][debug][gc,ref         ] GC(16) Skipped phase 1 of Reference Processing: no references
[8.593s][debug][gc,ref         ] GC(16) ReferenceProcessor::execute queues: 1, RefProcThreadModel::Single, marks_oops_alive: false
[8.593s][debug][gc,ref         ] GC(16) Skipped phase 3 of Reference Processing: no references
[8.593s][debug][gc,ref         ] GC(16) ReferenceProcessor::execute queues: 1, RefProcThreadModel::Single, marks_oops_alive: false
[8.593s][debug][gc,phases      ] GC(16) Reference Processing 0.134ms
[8.594s][debug][gc,phases      ] GC(16)   VM Weak                        Min:  0.0, Avg:  0.0, Max:  0.0, Diff:  0.0, Sum:  0.0, Workers: 4
[8.594s][debug][gc,phases      ] GC(16)     Dead                           Min: 0, Avg:  0.0, Max: 0, Diff: 0, Sum: 0, Workers: 4
[8.594s][debug][gc,phases      ] GC(16)     Total                          Min: 0, Avg: 131.0, Max: 332, Diff: 332, Sum: 524, Workers: 4
[8.594s][debug][gc,phases      ] GC(16)   ObjectSynchronizer Weak        Min:  0.0, Avg:  0.0, Max:  0.0, Diff:  0.0, Sum:  0.0, Workers: 4
[8.594s][debug][gc,phases      ] GC(16)     Dead                           Min: 0, Avg:  0.0, Max: 0, Diff: 0, Sum: 0, Workers: 4
[8.594s][debug][gc,phases      ] GC(16)     Total                          Min: 0, Avg: 82.2, Max: 192, Diff: 192, Sum: 329, Workers: 4
[8.594s][debug][gc,phases      ] GC(16)   JVMTI Tag Weak OopStorage      Min:  0.0, Avg:  0.0, Max:  0.0, Diff:  0.0, Sum:  0.0, Workers: 4
[8.594s][debug][gc,phases      ] GC(16)     Dead                           Min: 0, Avg:  0.0, Max: 0, Diff: 0, Sum: 0, Workers: 4
[8.594s][debug][gc,phases      ] GC(16)     Total                          Min: 0, Avg:  0.0, Max: 0, Diff: 0, Sum: 0, Workers: 4
[8.594s][debug][gc,phases      ] GC(16)   StringTable Weak               Min:  0.1, Avg:  0.1, Max:  0.1, Diff:  0.0, Sum:  0.4, Workers: 4
[8.594s][debug][gc,phases      ] GC(16)     Dead                           Min: 0, Avg:  0.0, Max: 0, Diff: 0, Sum: 0, Workers: 4
[8.594s][debug][gc,phases      ] GC(16)     Total                          Min: 8448, Avg: 9944.5, Max: 13376, Diff: 4928, Sum: 39778, Workers: 4
[8.594s][debug][gc,phases      ] GC(16)   ResolvedMethodTable Weak       Min:  0.0, Avg:  0.0, Max:  0.0, Diff:  0.0, Sum:  0.1, Workers: 4
[8.594s][debug][gc,phases      ] GC(16)     Dead                           Min: 0, Avg:  0.0, Max: 0, Diff: 0, Sum: 0, Workers: 4
[8.594s][debug][gc,phases      ] GC(16)     Total                          Min: 896, Avg: 1506.2, Max: 2048, Diff: 1152, Sum: 6025, Workers: 4
[8.594s][debug][gc,phases      ] GC(16)   JNI Weak                       Min:  0.0, Avg:  0.0, Max:  0.0, Diff:  0.0, Sum:  0.0, Workers: 4
[8.594s][debug][gc,phases      ] GC(16)     Dead                           Min: 0, Avg:  0.0, Max: 0, Diff: 0, Sum: 0, Workers: 4
[8.594s][debug][gc,phases      ] GC(16)     Total                          Min: 0, Avg:  0.8, Max: 3, Diff: 3, Sum: 3, Workers: 4
[8.594s][debug][gc,phases      ] GC(16)   StringDedup Table Weak         Min:  0.0, Avg:  0.0, Max:  0.0, Diff:  0.0, Sum:  0.0, Workers: 4
[8.594s][debug][gc,phases      ] GC(16)     Dead                           Min: 0, Avg:  0.0, Max: 0, Diff: 0, Sum: 0, Workers: 4
[8.594s][debug][gc,phases      ] GC(16)     Total                          Min: 0, Avg:  0.0, Max: 0, Diff: 0, Sum: 0, Workers: 4
[8.594s][debug][gc,phases      ] GC(16)   StringDedup Requests0 Weak     Min:  0.0, Avg:  0.0, Max:  0.0, Diff:  0.0, Sum:  0.0, Workers: 4
[8.594s][debug][gc,phases      ] GC(16)     Dead                           Min: 0, Avg:  0.0, Max: 0, Diff: 0, Sum: 0, Workers: 4
[8.594s][debug][gc,phases      ] GC(16)     Total                          Min: 0, Avg:  0.0, Max: 0, Diff: 0, Sum: 0, Workers: 4
[8.594s][debug][gc,phases      ] GC(16)   StringDedup Requests1 Weak     Min:  0.0, Avg:  0.0, Max:  0.0, Diff:  0.0, Sum:  0.0, Workers: 4
[8.594s][debug][gc,phases      ] GC(16)     Dead                           Min: 0, Avg:  0.0, Max: 0, Diff: 0, Sum: 0, Workers: 4
[8.594s][debug][gc,phases      ] GC(16)     Total                          Min: 0, Avg:  0.0, Max: 0, Diff: 0, Sum: 0, Workers: 4
[8.594s][debug][gc,phases      ] GC(16)   Weak JFR Old Object Samples    Min:  0.0, Avg:  0.0, Max:  0.0, Diff:  0.0, Sum:  0.0, Workers: 4
[8.594s][debug][gc,phases      ] GC(16)     Dead                           Min: 0, Avg:  0.0, Max: 0, Diff: 0, Sum: 0, Workers: 4
[8.594s][debug][gc,phases      ] GC(16)     Total                          Min: 0, Avg:  0.0, Max: 0, Diff: 0, Sum: 0, Workers: 4
[8.594s][debug][gc,phases      ] GC(16) Weak Processing 0.274ms
[8.594s][debug][gc,age         ] GC(16) Desired survivor size 257425408 bytes, new threshold 10 (max threshold 15)
[8.594s][info ][gc,heap        ] GC(16) PSYoungGen: 1587894K(1838080K)->20414K(1832448K) Eden: 1573375K(1573376K)->0K(1573376K) From: 14518K(264704K)->20414K(259072K)
[8.594s][info ][gc,heap        ] GC(16) ParOldGen: 181728K(274432K)->181736K(274432K)
[8.594s][info ][gc,metaspace   ] GC(16) Metaspace: 58547K(59200K)->58547K(59200K) NonClass: 49817K(50176K)->49817K(50176K) Class: 8729K(9024K)->8729K(9024K)
[8.594s][info ][gc             ] GC(16) Pause Young (Allocation Failure) 1728M->197M(2057M) 9.861ms
[8.594s][info ][gc,cpu         ] GC(16) User=0.04s Sys=0.00s Real=0.01s
[8.594s][info ][safepoint      ] Safepoint "ParallelGCFailedAllocation", Time since last: 238921798 ns, Reaching safepoint: 1616717 ns, At safepoint: 9977404 ns, Total: 11594121 ns
[8.941s][info ][gc,start       ] GC(17) Pause Young (Allocation Failure)
[8.952s][debug][gc,phases      ] GC(17) Scavenge 10.487ms
[8.952s][debug][gc,ref         ] GC(17) Skipped phase 1 of Reference Processing: no references
[8.952s][debug][gc,ref         ] GC(17) ReferenceProcessor::execute queues: 1, RefProcThreadModel::Single, marks_oops_alive: false
[8.952s][debug][gc,ref         ] GC(17) Skipped phase 3 of Reference Processing: no references
[8.952s][debug][gc,ref         ] GC(17) ReferenceProcessor::execute queues: 1, RefProcThreadModel::Single, marks_oops_alive: false
[8.952s][debug][gc,phases      ] GC(17) Reference Processing 0.149ms
[8.952s][debug][gc,phases      ] GC(17)   VM Weak                        Min:  0.0, Avg:  0.0, Max:  0.0, Diff:  0.0, Sum:  0.0, Workers: 4
[8.952s][debug][gc,phases      ] GC(17)     Dead                           Min: 0, Avg:  0.0, Max: 0, Diff: 0, Sum: 0, Workers: 4
[8.952s][debug][gc,phases      ] GC(17)     Total                          Min: 0, Avg: 131.5, Max: 334, Diff: 334, Sum: 526, Workers: 4
[8.952s][debug][gc,phases      ] GC(17)   ObjectSynchronizer Weak        Min:  0.0, Avg:  0.0, Max:  0.0, Diff:  0.0, Sum:  0.0, Workers: 4
[8.952s][debug][gc,phases      ] GC(17)     Dead                           Min: 0, Avg:  0.0, Max: 0, Diff: 0, Sum: 0, Workers: 4
[8.952s][debug][gc,phases      ] GC(17)     Total                          Min: 0, Avg: 82.8, Max: 139, Diff: 139, Sum: 331, Workers: 4
[8.952s][debug][gc,phases      ] GC(17)   JVMTI Tag Weak OopStorage      Min:  0.0, Avg:  0.0, Max:  0.0, Diff:  0.0, Sum:  0.0, Workers: 4
[8.952s][debug][gc,phases      ] GC(17)     Dead                           Min: 0, Avg:  0.0, Max: 0, Diff: 0, Sum: 0, Workers: 4
[8.952s][debug][gc,phases      ] GC(17)     Total                          Min: 0, Avg:  0.0, Max: 0, Diff: 0, Sum: 0, Workers: 4
[8.952s][debug][gc,phases      ] GC(17)   StringTable Weak               Min:  0.1, Avg:  0.1, Max:  0.1, Diff:  0.0, Sum:  0.3, Workers: 4
[8.952s][debug][gc,phases      ] GC(17)     Dead                           Min: 0, Avg:  4.0, Max: 12, Diff: 12, Sum: 16, Workers: 4
[8.952s][debug][gc,phases      ] GC(17)     Total                          Min: 8512, Avg: 10025.8, Max: 12096, Diff: 3584, Sum: 40103, Workers: 4
[8.952s][debug][gc,phases      ] GC(17)   ResolvedMethodTable Weak       Min:  0.0, Avg:  0.0, Max:  0.0, Diff:  0.0, Sum:  0.1, Workers: 4
[8.952s][debug][gc,phases      ] GC(17)     Dead                           Min: 0, Avg: 11.5, Max: 27, Diff: 27, Sum: 46, Workers: 4
[8.952s][debug][gc,phases      ] GC(17)     Total                          Min: 1215, Avg: 1538.2, Max: 1738, Diff: 523, Sum: 6153, Workers: 4
[8.952s][debug][gc,phases      ] GC(17)   JNI Weak                       Min:  0.0, Avg:  0.0, Max:  0.0, Diff:  0.0, Sum:  0.0, Workers: 4
[8.952s][debug][gc,phases      ] GC(17)     Dead                           Min: 0, Avg:  0.0, Max: 0, Diff: 0, Sum: 0, Workers: 4
[8.952s][debug][gc,phases      ] GC(17)     Total                          Min: 0, Avg:  1.5, Max: 6, Diff: 6, Sum: 6, Workers: 4
[8.952s][debug][gc,phases      ] GC(17)   StringDedup Table Weak         Min:  0.0, Avg:  0.0, Max:  0.0, Diff:  0.0, Sum:  0.0, Workers: 4
[8.952s][debug][gc,phases      ] GC(17)     Dead                           Min: 0, Avg:  0.0, Max: 0, Diff: 0, Sum: 0, Workers: 4
[8.952s][debug][gc,phases      ] GC(17)     Total                          Min: 0, Avg:  0.0, Max: 0, Diff: 0, Sum: 0, Workers: 4
[8.952s][debug][gc,phases      ] GC(17)   StringDedup Requests0 Weak     Min:  0.0, Avg:  0.0, Max:  0.0, Diff:  0.0, Sum:  0.0, Workers: 4
[8.952s][debug][gc,phases      ] GC(17)     Dead                           Min: 0, Avg:  0.0, Max: 0, Diff: 0, Sum: 0, Workers: 4
[8.952s][debug][gc,phases      ] GC(17)     Total                          Min: 0, Avg:  0.0, Max: 0, Diff: 0, Sum: 0, Workers: 4
[8.952s][debug][gc,phases      ] GC(17)   StringDedup Requests1 Weak     Min:  0.0, Avg:  0.0, Max:  0.0, Diff:  0.0, Sum:  0.0, Workers: 4
[8.952s][debug][gc,phases      ] GC(17)     Dead                           Min: 0, Avg:  0.0, Max: 0, Diff: 0, Sum: 0, Workers: 4
[8.952s][debug][gc,phases      ] GC(17)     Total                          Min: 0, Avg:  0.0, Max: 0, Diff: 0, Sum: 0, Workers: 4
[8.952s][debug][gc,phases      ] GC(17)   Weak JFR Old Object Samples    Min:  0.0, Avg:  0.0, Max:  0.0, Diff:  0.0, Sum:  0.0, Workers: 4
[8.952s][debug][gc,phases      ] GC(17)     Dead                           Min: 0, Avg:  0.0, Max: 0, Diff: 0, Sum: 0, Workers: 4
[8.952s][debug][gc,phases      ] GC(17)     Total                          Min: 0, Avg:  0.0, Max: 0, Diff: 0, Sum: 0, Workers: 4
[8.952s][debug][gc,phases      ] GC(17) Weak Processing 0.278ms
[8.952s][debug][gc,age         ] GC(17) Desired survivor size 247463936 bytes, new threshold 11 (max threshold 15)
[8.952s][info ][gc,heap        ] GC(17) PSYoungGen: 1593790K(1832448K)->25744K(1855488K) Eden: 1573376K(1573376K)->0K(1604096K) From: 20414K(259072K)->25744K(251392K)
[8.952s][info ][gc,heap        ] GC(17) ParOldGen: 181736K(274432K)->181744K(274432K)
[8.952s][info ][gc,metaspace   ] GC(17) Metaspace: 59365K(60032K)->59365K(60032K) NonClass: 50522K(50880K)->50522K(50880K) Class: 8843K(9152K)->8843K(9152K)
[8.952s][info ][gc             ] GC(17) Pause Young (Allocation Failure) 1733M->202M(2080M) 11.027ms
[8.952s][info ][gc,cpu         ] GC(17) User=0.05s Sys=0.00s Real=0.01s
[8.952s][info ][safepoint      ] Safepoint "ParallelGCFailedAllocation", Time since last: 347042428 ns, Reaching safepoint: 161702 ns, At safepoint: 11127216 ns, Total: 11288918 ns
[9.302s][info ][gc,start       ] GC(18) Pause Young (Allocation Failure)
[9.310s][debug][gc,phases      ] GC(18) Scavenge 8.050ms
[9.310s][debug][gc,ref         ] GC(18) Skipped phase 1 of Reference Processing: no references
[9.310s][debug][gc,ref         ] GC(18) ReferenceProcessor::execute queues: 1, RefProcThreadModel::Single, marks_oops_alive: false
[9.310s][debug][gc,ref         ] GC(18) Skipped phase 3 of Reference Processing: no references
[9.310s][debug][gc,ref         ] GC(18) ReferenceProcessor::execute queues: 1, RefProcThreadModel::Single, marks_oops_alive: false
[9.310s][debug][gc,phases      ] GC(18) Reference Processing 0.146ms
[9.310s][debug][gc,phases      ] GC(18)   VM Weak                        Min:  0.0, Avg:  0.0, Max:  0.0, Diff:  0.0, Sum:  0.0, Workers: 4
[9.310s][debug][gc,phases      ] GC(18)     Dead                           Min: 0, Avg:  0.0, Max: 0, Diff: 0, Sum: 0, Workers: 4
[9.310s][debug][gc,phases      ] GC(18)     Total                          Min: 0, Avg: 131.8, Max: 384, Diff: 384, Sum: 527, Workers: 4
[9.310s][debug][gc,phases      ] GC(18)   ObjectSynchronizer Weak        Min:  0.0, Avg:  0.0, Max:  0.0, Diff:  0.0, Sum:  0.0, Workers: 4
[9.310s][debug][gc,phases      ] GC(18)     Dead                           Min: 0, Avg:  0.0, Max: 0, Diff: 0, Sum: 0, Workers: 4
[9.310s][debug][gc,phases      ] GC(18)     Total                          Min: 0, Avg: 82.8, Max: 203, Diff: 203, Sum: 331, Workers: 4
[9.310s][debug][gc,phases      ] GC(18)   JVMTI Tag Weak OopStorage      Min:  0.0, Avg:  0.0, Max:  0.0, Diff:  0.0, Sum:  0.0, Workers: 4
[9.310s][debug][gc,phases      ] GC(18)     Dead                           Min: 0, Avg:  0.0, Max: 0, Diff: 0, Sum: 0, Workers: 4
[9.310s][debug][gc,phases      ] GC(18)     Total                          Min: 0, Avg:  0.0, Max: 0, Diff: 0, Sum: 0, Workers: 4
[9.310s][debug][gc,phases      ] GC(18)   StringTable Weak               Min:  0.1, Avg:  0.1, Max:  0.1, Diff:  0.0, Sum:  0.3, Workers: 4
[9.310s][debug][gc,phases      ] GC(18)     Dead                           Min: 0, Avg:  3.5, Max: 14, Diff: 14, Sum: 14, Workers: 4
[9.310s][debug][gc,phases      ] GC(18)     Total                          Min: 7936, Avg: 10086.8, Max: 12224, Diff: 4288, Sum: 40347, Workers: 4
[9.310s][debug][gc,phases      ] GC(18)   ResolvedMethodTable Weak       Min:  0.0, Avg:  0.0, Max:  0.0, Diff:  0.0, Sum:  0.1, Workers: 4
[9.310s][debug][gc,phases      ] GC(18)     Dead                           Min: 0, Avg:  3.8, Max: 10, Diff: 10, Sum: 15, Workers: 4
[9.310s][debug][gc,phases      ] GC(18)     Total                          Min: 1344, Avg: 1563.8, Max: 1792, Diff: 448, Sum: 6255, Workers: 4
[9.310s][debug][gc,phases      ] GC(18)   JNI Weak                       Min:  0.0, Avg:  0.0, Max:  0.0, Diff:  0.0, Sum:  0.0, Workers: 4
[9.310s][debug][gc,phases      ] GC(18)     Dead                           Min: 0, Avg:  0.0, Max: 0, Diff: 0, Sum: 0, Workers: 4
[9.310s][debug][gc,phases      ] GC(18)     Total                          Min: 0, Avg:  0.2, Max: 1, Diff: 1, Sum: 1, Workers: 4
[9.310s][debug][gc,phases      ] GC(18)   StringDedup Table Weak         Min:  0.0, Avg:  0.0, Max:  0.0, Diff:  0.0, Sum:  0.0, Workers: 4
[9.310s][debug][gc,phases      ] GC(18)     Dead                           Min: 0, Avg:  0.0, Max: 0, Diff: 0, Sum: 0, Workers: 4
[9.310s][debug][gc,phases      ] GC(18)     Total                          Min: 0, Avg:  0.0, Max: 0, Diff: 0, Sum: 0, Workers: 4
[9.310s][debug][gc,phases      ] GC(18)   StringDedup Requests0 Weak     Min:  0.0, Avg:  0.0, Max:  0.0, Diff:  0.0, Sum:  0.0, Workers: 4
[9.310s][debug][gc,phases      ] GC(18)     Dead                           Min: 0, Avg:  0.0, Max: 0, Diff: 0, Sum: 0, Workers: 4
[9.310s][debug][gc,phases      ] GC(18)     Total                          Min: 0, Avg:  0.0, Max: 0, Diff: 0, Sum: 0, Workers: 4
[9.310s][debug][gc,phases      ] GC(18)   StringDedup Requests1 Weak     Min:  0.0, Avg:  0.0, Max:  0.0, Diff:  0.0, Sum:  0.0, Workers: 4
[9.310s][debug][gc,phases      ] GC(18)     Dead                           Min: 0, Avg:  0.0, Max: 0, Diff: 0, Sum: 0, Workers: 4
[9.310s][debug][gc,phases      ] GC(18)     Total                          Min: 0, Avg:  0.0, Max: 0, Diff: 0, Sum: 0, Workers: 4
[9.310s][debug][gc,phases      ] GC(18)   Weak JFR Old Object Samples    Min:  0.0, Avg:  0.0, Max:  0.0, Diff:  0.0, Sum:  0.0, Workers: 4
[9.310s][debug][gc,phases      ] GC(18)     Dead                           Min: 0, Avg:  0.0, Max: 0, Diff: 0, Sum: 0, Workers: 4
[9.310s][debug][gc,phases      ] GC(18)     Total                          Min: 0, Avg:  0.0, Max: 0, Diff: 0, Sum: 0, Workers: 4
[9.310s][debug][gc,phases      ] GC(18) Weak Processing 0.263ms
[9.310s][debug][gc,age         ] GC(18) Desired survivor size 238551040 bytes, new threshold 12 (max threshold 15)
[9.310s][info ][gc,heap        ] GC(18) PSYoungGen: 1629840K(1855488K)->17966K(1845760K) Eden: 1604096K(1604096K)->0K(1604096K) From: 25744K(251392K)->17966K(241664K)
[9.310s][info ][gc,heap        ] GC(18) ParOldGen: 181744K(274432K)->181752K(274432K)
[9.310s][info ][gc,metaspace   ] GC(18) Metaspace: 60069K(60800K)->60069K(60800K) NonClass: 51128K(51520K)->51128K(51520K) Class: 8941K(9280K)->8941K(9280K)
[9.310s][info ][gc             ] GC(18) Pause Young (Allocation Failure) 1769M->195M(2070M) 8.568ms
[9.310s][info ][gc,cpu         ] GC(18) User=0.03s Sys=0.00s Real=0.01s
[9.310s][info ][safepoint      ] Safepoint "ParallelGCFailedAllocation", Time since last: 349280651 ns, Reaching safepoint: 237602 ns, At safepoint: 8667191 ns, Total: 8904793 ns
[9.511s][info ][safepoint      ] Safepoint "ICBufferFull", Time since last: 200565996 ns, Reaching safepoint: 598307 ns, At safepoint: 28700 ns, Total: 627007 ns
[9.588s][info ][gc,start       ] GC(19) Pause Young (Allocation Failure)
[9.597s][debug][gc,phases      ] GC(19) Scavenge 8.871ms
[9.597s][debug][gc,ref         ] GC(19) Skipped phase 1 of Reference Processing: no references
[9.597s][debug][gc,ref         ] GC(19) ReferenceProcessor::execute queues: 2, RefProcThreadModel::Multi, marks_oops_alive: false
[9.597s][debug][gc,ref         ] GC(19) Skipped phase 3 of Reference Processing: no references
[9.597s][debug][gc,ref         ] GC(19) ReferenceProcessor::execute queues: 1, RefProcThreadModel::Single, marks_oops_alive: false
[9.597s][debug][gc,phases      ] GC(19) Reference Processing 0.177ms
[9.598s][debug][gc,phases      ] GC(19)   VM Weak                        Min:  0.0, Avg:  0.0, Max:  0.0, Diff:  0.0, Sum:  0.0, Workers: 4
[9.598s][debug][gc,phases      ] GC(19)     Dead                           Min: 0, Avg:  0.0, Max: 0, Diff: 0, Sum: 0, Workers: 4
[9.598s][debug][gc,phases      ] GC(19)     Total                          Min: 0, Avg: 135.2, Max: 477, Diff: 477, Sum: 541, Workers: 4
[9.598s][debug][gc,phases      ] GC(19)   ObjectSynchronizer Weak        Min:  0.0, Avg:  0.0, Max:  0.0, Diff:  0.0, Sum:  0.0, Workers: 4
[9.598s][debug][gc,phases      ] GC(19)     Dead                           Min: 0, Avg:  0.0, Max: 0, Diff: 0, Sum: 0, Workers: 4
[9.598s][debug][gc,phases      ] GC(19)     Total                          Min: 0, Avg: 82.8, Max: 139, Diff: 139, Sum: 331, Workers: 4
[9.598s][debug][gc,phases      ] GC(19)   JVMTI Tag Weak OopStorage      Min:  0.0, Avg:  0.0, Max:  0.0, Diff:  0.0, Sum:  0.0, Workers: 4
[9.598s][debug][gc,phases      ] GC(19)     Dead                           Min: 0, Avg:  0.0, Max: 0, Diff: 0, Sum: 0, Workers: 4
[9.598s][debug][gc,phases      ] GC(19)     Total                          Min: 0, Avg:  0.0, Max: 0, Diff: 0, Sum: 0, Workers: 4
[9.598s][debug][gc,phases      ] GC(19)   StringTable Weak               Min:  0.1, Avg:  0.1, Max:  0.1, Diff:  0.0, Sum:  0.4, Workers: 4
[9.598s][debug][gc,phases      ] GC(19)     Dead                           Min: 0, Avg:  0.0, Max: 0, Diff: 0, Sum: 0, Workers: 4
[9.598s][debug][gc,phases      ] GC(19)     Total                          Min: 8615, Avg: 10105.8, Max: 13504, Diff: 4889, Sum: 40423, Workers: 4
[9.598s][debug][gc,phases      ] GC(19)   ResolvedMethodTable Weak       Min:  0.0, Avg:  0.0, Max:  0.0, Diff:  0.0, Sum:  0.1, Workers: 4
[9.598s][debug][gc,phases      ] GC(19)     Dead                           Min: 0, Avg:  0.5, Max: 2, Diff: 2, Sum: 2, Workers: 4
[9.598s][debug][gc,phases      ] GC(19)     Total                          Min: 1280, Avg: 1573.0, Max: 1920, Diff: 640, Sum: 6292, Workers: 4
[9.598s][debug][gc,phases      ] GC(19)   JNI Weak                       Min:  0.0, Avg:  0.0, Max:  0.0, Diff:  0.0, Sum:  0.0, Workers: 4
[9.598s][debug][gc,phases      ] GC(19)     Dead                           Min: 0, Avg:  0.0, Max: 0, Diff: 0, Sum: 0, Workers: 4
[9.598s][debug][gc,phases      ] GC(19)     Total                          Min: 0, Avg:  4.8, Max: 19, Diff: 19, Sum: 19, Workers: 4
[9.598s][debug][gc,phases      ] GC(19)   StringDedup Table Weak         Min:  0.0, Avg:  0.0, Max:  0.0, Diff:  0.0, Sum:  0.0, Workers: 4
[9.598s][debug][gc,phases      ] GC(19)     Dead                           Min: 0, Avg:  0.0, Max: 0, Diff: 0, Sum: 0, Workers: 4
[9.598s][debug][gc,phases      ] GC(19)     Total                          Min: 0, Avg:  0.0, Max: 0, Diff: 0, Sum: 0, Workers: 4
[9.598s][debug][gc,phases      ] GC(19)   StringDedup Requests0 Weak     Min:  0.0, Avg:  0.0, Max:  0.0, Diff:  0.0, Sum:  0.0, Workers: 4
[9.598s][debug][gc,phases      ] GC(19)     Dead                           Min: 0, Avg:  0.0, Max: 0, Diff: 0, Sum: 0, Workers: 4
[9.598s][debug][gc,phases      ] GC(19)     Total                          Min: 0, Avg:  0.0, Max: 0, Diff: 0, Sum: 0, Workers: 4
[9.598s][debug][gc,phases      ] GC(19)   StringDedup Requests1 Weak     Min:  0.0, Avg:  0.0, Max:  0.0, Diff:  0.0, Sum:  0.0, Workers: 4
[9.598s][debug][gc,phases      ] GC(19)     Dead                           Min: 0, Avg:  0.0, Max: 0, Diff: 0, Sum: 0, Workers: 4
[9.598s][debug][gc,phases      ] GC(19)     Total                          Min: 0, Avg:  0.0, Max: 0, Diff: 0, Sum: 0, Workers: 4
[9.598s][debug][gc,phases      ] GC(19)   Weak JFR Old Object Samples    Min:  0.0, Avg:  0.0, Max:  0.0, Diff:  0.0, Sum:  0.0, Workers: 4
[9.598s][debug][gc,phases      ] GC(19)     Dead                           Min: 0, Avg:  0.0, Max: 0, Diff: 0, Sum: 0, Workers: 4
[9.598s][debug][gc,phases      ] GC(19)     Total                          Min: 0, Avg:  0.0, Max: 0, Diff: 0, Sum: 0, Workers: 4
[9.598s][debug][gc,phases      ] GC(19) Weak Processing 0.270ms
[9.598s][debug][gc,age         ] GC(19) Desired survivor size 229113856 bytes, new threshold 13 (max threshold 15)
[9.598s][info ][gc,heap        ] GC(19) PSYoungGen: 1622062K(1845760K)->18384K(1873408K) Eden: 1604096K(1604096K)->0K(1640448K) From: 17966K(241664K)->18384K(232960K)
[9.598s][info ][gc,heap        ] GC(19) ParOldGen: 181752K(274432K)->181760K(274432K)
[9.598s][info ][gc,metaspace   ] GC(19) Metaspace: 60426K(61120K)->60426K(61120K) NonClass: 51443K(51776K)->51443K(51776K) Class: 8982K(9344K)->8982K(9344K)
[9.598s][info ][gc             ] GC(19) Pause Young (Allocation Failure) 1761M->195M(2097M) 9.432ms
[9.598s][info ][gc,cpu         ] GC(19) User=0.04s Sys=0.00s Real=0.00s
[9.598s][info ][safepoint      ] Safepoint "ParallelGCFailedAllocation", Time since last: 76468999 ns, Reaching safepoint: 348804 ns, At safepoint: 9515099 ns, Total: 9863903 ns
[9.943s][info ][gc,start       ] GC(20) Pause Young (Allocation Failure)
[9.953s][debug][gc,phases      ] GC(20) Scavenge 9.854ms
[9.953s][debug][gc,ref         ] GC(20) Skipped phase 1 of Reference Processing: no references
[9.953s][debug][gc,ref         ] GC(20) ReferenceProcessor::execute queues: 2, RefProcThreadModel::Multi, marks_oops_alive: false
[9.953s][debug][gc,ref         ] GC(20) Skipped phase 3 of Reference Processing: no references
[9.953s][debug][gc,ref         ] GC(20) ReferenceProcessor::execute queues: 1, RefProcThreadModel::Single, marks_oops_alive: false
[9.953s][debug][gc,phases      ] GC(20) Reference Processing 0.175ms
[9.953s][debug][gc,phases      ] GC(20)   VM Weak                        Min:  0.0, Avg:  0.0, Max:  0.0, Diff:  0.0, Sum:  0.0, Workers: 4
[9.953s][debug][gc,phases      ] GC(20)     Dead                           Min: 0, Avg:  0.0, Max: 0, Diff: 0, Sum: 0, Workers: 4
[9.953s][debug][gc,phases      ] GC(20)     Total                          Min: 0, Avg: 136.0, Max: 352, Diff: 352, Sum: 544, Workers: 4
[9.953s][debug][gc,phases      ] GC(20)   ObjectSynchronizer Weak        Min:  0.0, Avg:  0.0, Max:  0.0, Diff:  0.0, Sum:  0.0, Workers: 4
[9.953s][debug][gc,phases      ] GC(20)     Dead                           Min: 0, Avg:  0.0, Max: 0, Diff: 0, Sum: 0, Workers: 4
[9.953s][debug][gc,phases      ] GC(20)     Total                          Min: 0, Avg: 82.8, Max: 139, Diff: 139, Sum: 331, Workers: 4
[9.953s][debug][gc,phases      ] GC(20)   JVMTI Tag Weak OopStorage      Min:  0.0, Avg:  0.0, Max:  0.0, Diff:  0.0, Sum:  0.0, Workers: 4
[9.953s][debug][gc,phases      ] GC(20)     Dead                           Min: 0, Avg:  0.0, Max: 0, Diff: 0, Sum: 0, Workers: 4
[9.953s][debug][gc,phases      ] GC(20)     Total                          Min: 0, Avg:  0.0, Max: 0, Diff: 0, Sum: 0, Workers: 4
[9.953s][debug][gc,phases      ] GC(20)   StringTable Weak               Min:  0.1, Avg:  0.1, Max:  0.1, Diff:  0.0, Sum:  0.4, Workers: 4
[9.953s][debug][gc,phases      ] GC(20)     Dead                           Min: 0, Avg:  3.0, Max: 12, Diff: 12, Sum: 12, Workers: 4
[9.953s][debug][gc,phases      ] GC(20)     Total                          Min: 9984, Avg: 10144.8, Max: 10240, Diff: 256, Sum: 40579, Workers: 4
[9.953s][debug][gc,phases      ] GC(20)   ResolvedMethodTable Weak       Min:  0.0, Avg:  0.0, Max:  0.0, Diff:  0.0, Sum:  0.1, Workers: 4
[9.953s][debug][gc,phases      ] GC(20)     Dead                           Min: 0, Avg:  0.0, Max: 0, Diff: 0, Sum: 0, Workers: 4
[9.953s][debug][gc,phases      ] GC(20)     Total                          Min: 1408, Avg: 1575.5, Max: 1664, Diff: 256, Sum: 6302, Workers: 4
[9.953s][debug][gc,phases      ] GC(20)   JNI Weak                       Min:  0.0, Avg:  0.0, Max:  0.0, Diff:  0.0, Sum:  0.0, Workers: 4
[9.953s][debug][gc,phases      ] GC(20)     Dead                           Min: 0, Avg:  0.0, Max: 0, Diff: 0, Sum: 0, Workers: 4
[9.953s][debug][gc,phases      ] GC(20)     Total                          Min: 0, Avg:  1.5, Max: 6, Diff: 6, Sum: 6, Workers: 4
[9.953s][debug][gc,phases      ] GC(20)   StringDedup Table Weak         Min:  0.0, Avg:  0.0, Max:  0.0, Diff:  0.0, Sum:  0.0, Workers: 4
[9.953s][debug][gc,phases      ] GC(20)     Dead                           Min: 0, Avg:  0.0, Max: 0, Diff: 0, Sum: 0, Workers: 4
[9.953s][debug][gc,phases      ] GC(20)     Total                          Min: 0, Avg:  0.0, Max: 0, Diff: 0, Sum: 0, Workers: 4
[9.953s][debug][gc,phases      ] GC(20)   StringDedup Requests0 Weak     Min:  0.0, Avg:  0.0, Max:  0.0, Diff:  0.0, Sum:  0.0, Workers: 4
[9.953s][debug][gc,phases      ] GC(20)     Dead                           Min: 0, Avg:  0.0, Max: 0, Diff: 0, Sum: 0, Workers: 4
[9.953s][debug][gc,phases      ] GC(20)     Total                          Min: 0, Avg:  0.0, Max: 0, Diff: 0, Sum: 0, Workers: 4
[9.953s][debug][gc,phases      ] GC(20)   StringDedup Requests1 Weak     Min:  0.0, Avg:  0.0, Max:  0.0, Diff:  0.0, Sum:  0.0, Workers: 4
[9.953s][debug][gc,phases      ] GC(20)     Dead                           Min: 0, Avg:  0.0, Max: 0, Diff: 0, Sum: 0, Workers: 4
[9.953s][debug][gc,phases      ] GC(20)     Total                          Min: 0, Avg:  0.0, Max: 0, Diff: 0, Sum: 0, Workers: 4
[9.953s][debug][gc,phases      ] GC(20)   Weak JFR Old Object Samples    Min:  0.0, Avg:  0.0, Max:  0.0, Diff:  0.0, Sum:  0.0, Workers: 4
[9.953s][debug][gc,phases      ] GC(20)     Dead                           Min: 0, Avg:  0.0, Max: 0, Diff: 0, Sum: 0, Workers: 4
[9.953s][debug][gc,phases      ] GC(20)     Total                          Min: 0, Avg:  0.0, Max: 0, Diff: 0, Sum: 0, Workers: 4
[9.953s][debug][gc,phases      ] GC(20) Weak Processing 0.294ms
[9.953s][debug][gc,age         ] GC(20) Desired survivor size 219676672 bytes, new threshold 14 (max threshold 15)
[9.953s][info ][gc,heap        ] GC(20) PSYoungGen: 1658832K(1873408K)->19214K(1864192K) Eden: 1640448K(1640448K)->0K(1640448K) From: 18384K(232960K)->19214K(223744K)
[9.953s][info ][gc,heap        ] GC(20) ParOldGen: 181760K(274432K)->181768K(274432K)
[9.953s][info ][gc,metaspace   ] GC(20) Metaspace: 60714K(61440K)->60714K(61440K) NonClass: 51697K(52096K)->51697K(52096K) Class: 9016K(9344K)->9016K(9344K)
[9.953s][info ][gc             ] GC(20) Pause Young (Allocation Failure) 1797M->196M(2088M) 10.436ms
[9.953s][info ][gc,cpu         ] GC(20) User=0.04s Sys=0.00s Real=0.01s
[9.953s][info ][safepoint      ] Safepoint "ParallelGCFailedAllocation", Time since last: 344377199 ns, Reaching safepoint: 390105 ns, At safepoint: 10532510 ns, Total: 10922615 ns
[10.234s][info ][gc,start       ] GC(21) Pause Young (Allocation Failure)
[10.245s][debug][gc,phases      ] GC(21) Scavenge 10.775ms
[10.245s][debug][gc,ref         ] GC(21) Skipped phase 1 of Reference Processing: no references
[10.245s][debug][gc,ref         ] GC(21) ReferenceProcessor::execute queues: 2, RefProcThreadModel::Multi, marks_oops_alive: false
[10.245s][debug][gc,ref         ] GC(21) Skipped phase 3 of Reference Processing: no references
[10.245s][debug][gc,ref         ] GC(21) ReferenceProcessor::execute queues: 1, RefProcThreadModel::Single, marks_oops_alive: false
[10.245s][debug][gc,phases      ] GC(21) Reference Processing 0.179ms
[10.246s][debug][gc,phases      ] GC(21)   VM Weak                        Min:  0.0, Avg:  0.0, Max:  0.0, Diff:  0.0, Sum:  0.0, Workers: 4
[10.246s][debug][gc,phases      ] GC(21)     Dead                           Min: 0, Avg:  0.0, Max: 0, Diff: 0, Sum: 0, Workers: 4
[10.246s][debug][gc,phases      ] GC(21)     Total                          Min: 0, Avg: 136.0, Max: 480, Diff: 480, Sum: 544, Workers: 4
[10.246s][debug][gc,phases      ] GC(21)   ObjectSynchronizer Weak        Min:  0.0, Avg:  0.0, Max:  0.0, Diff:  0.0, Sum:  0.0, Workers: 4
[10.246s][debug][gc,phases      ] GC(21)     Dead                           Min: 0, Avg:  0.0, Max: 0, Diff: 0, Sum: 0, Workers: 4
[10.246s][debug][gc,phases      ] GC(21)     Total                          Min: 0, Avg: 82.8, Max: 128, Diff: 128, Sum: 331, Workers: 4
[10.246s][debug][gc,phases      ] GC(21)   JVMTI Tag Weak OopStorage      Min:  0.0, Avg:  0.0, Max:  0.0, Diff:  0.0, Sum:  0.0, Workers: 4
[10.246s][debug][gc,phases      ] GC(21)     Dead                           Min: 0, Avg:  0.0, Max: 0, Diff: 0, Sum: 0, Workers: 4
[10.246s][debug][gc,phases      ] GC(21)     Total                          Min: 0, Avg:  0.0, Max: 0, Diff: 0, Sum: 0, Workers: 4
[10.246s][debug][gc,phases      ] GC(21)   StringTable Weak               Min:  0.1, Avg:  0.1, Max:  0.1, Diff:  0.0, Sum:  0.4, Workers: 4
[10.246s][debug][gc,phases      ] GC(21)     Dead                           Min: 0, Avg:  2.8, Max: 11, Diff: 11, Sum: 11, Workers: 4
[10.246s][debug][gc,phases      ] GC(21)     Total                          Min: 9600, Avg: 10146.8, Max: 10646, Diff: 1046, Sum: 40587, Workers: 4
[10.246s][debug][gc,phases      ] GC(21)   ResolvedMethodTable Weak       Min:  0.0, Avg:  0.0, Max:  0.0, Diff:  0.0, Sum:  0.1, Workers: 4
[10.246s][debug][gc,phases      ] GC(21)     Dead                           Min: 0, Avg:  0.0, Max: 0, Diff: 0, Sum: 0, Workers: 4
[10.246s][debug][gc,phases      ] GC(21)     Total                          Min: 1408, Avg: 1575.5, Max: 1664, Diff: 256, Sum: 6302, Workers: 4
[10.246s][debug][gc,phases      ] GC(21)   JNI Weak                       Min:  0.0, Avg:  0.0, Max:  0.0, Diff:  0.0, Sum:  0.0, Workers: 4
[10.246s][debug][gc,phases      ] GC(21)     Dead                           Min: 0, Avg:  0.0, Max: 0, Diff: 0, Sum: 0, Workers: 4
[10.246s][debug][gc,phases      ] GC(21)     Total                          Min: 0, Avg:  0.0, Max: 0, Diff: 0, Sum: 0, Workers: 4
[10.246s][debug][gc,phases      ] GC(21)   StringDedup Table Weak         Min:  0.0, Avg:  0.0, Max:  0.0, Diff:  0.0, Sum:  0.0, Workers: 4
[10.246s][debug][gc,phases      ] GC(21)     Dead                           Min: 0, Avg:  0.0, Max: 0, Diff: 0, Sum: 0, Workers: 4
[10.246s][debug][gc,phases      ] GC(21)     Total                          Min: 0, Avg:  0.0, Max: 0, Diff: 0, Sum: 0, Workers: 4
[10.246s][debug][gc,phases      ] GC(21)   StringDedup Requests0 Weak     Min:  0.0, Avg:  0.0, Max:  0.0, Diff:  0.0, Sum:  0.0, Workers: 4
[10.246s][debug][gc,phases      ] GC(21)     Dead                           Min: 0, Avg:  0.0, Max: 0, Diff: 0, Sum: 0, Workers: 4
[10.246s][debug][gc,phases      ] GC(21)     Total                          Min: 0, Avg:  0.0, Max: 0, Diff: 0, Sum: 0, Workers: 4
[10.246s][debug][gc,phases      ] GC(21)   StringDedup Requests1 Weak     Min:  0.0, Avg:  0.0, Max:  0.0, Diff:  0.0, Sum:  0.0, Workers: 4
[10.246s][debug][gc,phases      ] GC(21)     Dead                           Min: 0, Avg:  0.0, Max: 0, Diff: 0, Sum: 0, Workers: 4
[10.246s][debug][gc,phases      ] GC(21)     Total                          Min: 0, Avg:  0.0, Max: 0, Diff: 0, Sum: 0, Workers: 4
[10.246s][debug][gc,phases      ] GC(21)   Weak JFR Old Object Samples    Min:  0.0, Avg:  0.0, Max:  0.0, Diff:  0.0, Sum:  0.0, Workers: 4
[10.246s][debug][gc,phases      ] GC(21)     Dead                           Min: 0, Avg:  0.0, Max: 0, Diff: 0, Sum: 0, Workers: 4
[10.246s][debug][gc,phases      ] GC(21)     Total                          Min: 0, Avg:  0.0, Max: 0, Diff: 0, Sum: 0, Workers: 4
[10.246s][debug][gc,phases      ] GC(21) Weak Processing 0.289ms
[10.246s][debug][gc,age         ] GC(21) Desired survivor size 209190912 bytes, new threshold 15 (max threshold 15)
[10.246s][info ][gc,heap        ] GC(21) PSYoungGen: 1659662K(1864192K)->20942K(1892864K) Eden: 1640448K(1640448K)->0K(1678336K) From: 19214K(223744K)->20942K(214528K)
[10.246s][info ][gc,heap        ] GC(21) ParOldGen: 181768K(274432K)->181768K(274432K)
[10.246s][info ][gc,metaspace   ] GC(21) Metaspace: 60741K(61504K)->60741K(61504K) NonClass: 51722K(52160K)->51722K(52160K) Class: 9019K(9344K)->9019K(9344K)
[10.246s][info ][gc             ] GC(21) Pause Young (Allocation Failure) 1798M->197M(2116M) 11.363ms
[10.246s][info ][gc,cpu         ] GC(21) User=0.04s Sys=0.00s Real=0.01s
[10.246s][info ][safepoint      ] Safepoint "ParallelGCFailedAllocation", Time since last: 280933435 ns, Reaching safepoint: 228202 ns, At safepoint: 11459720 ns, Total: 11687922 ns
[10.564s][info ][gc,start       ] GC(22) Pause Young (Allocation Failure)
[10.573s][debug][gc,phases      ] GC(22) Scavenge 8.950ms
[10.573s][debug][gc,ref         ] GC(22) Skipped phase 1 of Reference Processing: no references
[10.573s][debug][gc,ref         ] GC(22) ReferenceProcessor::execute queues: 2, RefProcThreadModel::Multi, marks_oops_alive: false
[10.574s][debug][gc,ref         ] GC(22) Skipped phase 3 of Reference Processing: no references
[10.574s][debug][gc,ref         ] GC(22) ReferenceProcessor::execute queues: 1, RefProcThreadModel::Single, marks_oops_alive: false
[10.574s][debug][gc,phases      ] GC(22) Reference Processing 0.169ms
[10.574s][debug][gc,phases      ] GC(22)   VM Weak                        Min:  0.0, Avg:  0.0, Max:  0.0, Diff:  0.0, Sum:  0.0, Workers: 4
[10.574s][debug][gc,phases      ] GC(22)     Dead                           Min: 0, Avg:  0.0, Max: 0, Diff: 0, Sum: 0, Workers: 4
[10.574s][debug][gc,phases      ] GC(22)     Total                          Min: 0, Avg: 136.0, Max: 512, Diff: 512, Sum: 544, Workers: 4
[10.574s][debug][gc,phases      ] GC(22)   ObjectSynchronizer Weak        Min:  0.0, Avg:  0.0, Max:  0.0, Diff:  0.0, Sum:  0.0, Workers: 4
[10.574s][debug][gc,phases      ] GC(22)     Dead                           Min: 0, Avg:  0.0, Max: 0, Diff: 0, Sum: 0, Workers: 4
[10.574s][debug][gc,phases      ] GC(22)     Total                          Min: 0, Avg: 82.8, Max: 192, Diff: 192, Sum: 331, Workers: 4
[10.574s][debug][gc,phases      ] GC(22)   JVMTI Tag Weak OopStorage      Min:  0.0, Avg:  0.0, Max:  0.0, Diff:  0.0, Sum:  0.0, Workers: 4
[10.574s][debug][gc,phases      ] GC(22)     Dead                           Min: 0, Avg:  0.0, Max: 0, Diff: 0, Sum: 0, Workers: 4
[10.574s][debug][gc,phases      ] GC(22)     Total                          Min: 0, Avg:  0.0, Max: 0, Diff: 0, Sum: 0, Workers: 4
[10.574s][debug][gc,phases      ] GC(22)   StringTable Weak               Min:  0.1, Avg:  0.1, Max:  0.1, Diff:  0.0, Sum:  0.3, Workers: 4
[10.574s][debug][gc,phases      ] GC(22)     Dead                           Min: 0, Avg:  0.0, Max: 0, Diff: 0, Sum: 0, Workers: 4
[10.574s][debug][gc,phases      ] GC(22)     Total                          Min: 7488, Avg: 10156.0, Max: 11328, Diff: 3840, Sum: 40624, Workers: 4
[10.574s][debug][gc,phases      ] GC(22)   ResolvedMethodTable Weak       Min:  0.0, Avg:  0.0, Max:  0.0, Diff:  0.0, Sum:  0.1, Workers: 4
[10.574s][debug][gc,phases      ] GC(22)     Dead                           Min: 0, Avg:  0.0, Max: 0, Diff: 0, Sum: 0, Workers: 4
[10.574s][debug][gc,phases      ] GC(22)     Total                          Min: 1216, Avg: 1575.5, Max: 1728, Diff: 512, Sum: 6302, Workers: 4
[10.574s][debug][gc,phases      ] GC(22)   JNI Weak                       Min:  0.0, Avg:  0.0, Max:  0.0, Diff:  0.0, Sum:  0.0, Workers: 4
[10.574s][debug][gc,phases      ] GC(22)     Dead                           Min: 0, Avg:  0.0, Max: 0, Diff: 0, Sum: 0, Workers: 4
[10.574s][debug][gc,phases      ] GC(22)     Total                          Min: 0, Avg:  1.0, Max: 4, Diff: 4, Sum: 4, Workers: 4
[10.574s][debug][gc,phases      ] GC(22)   StringDedup Table Weak         Min:  0.0, Avg:  0.0, Max:  0.0, Diff:  0.0, Sum:  0.0, Workers: 4
[10.574s][debug][gc,phases      ] GC(22)     Dead                           Min: 0, Avg:  0.0, Max: 0, Diff: 0, Sum: 0, Workers: 4
[10.574s][debug][gc,phases      ] GC(22)     Total                          Min: 0, Avg:  0.0, Max: 0, Diff: 0, Sum: 0, Workers: 4
[10.574s][debug][gc,phases      ] GC(22)   StringDedup Requests0 Weak     Min:  0.0, Avg:  0.0, Max:  0.0, Diff:  0.0, Sum:  0.0, Workers: 4
[10.574s][debug][gc,phases      ] GC(22)     Dead                           Min: 0, Avg:  0.0, Max: 0, Diff: 0, Sum: 0, Workers: 4
[10.574s][debug][gc,phases      ] GC(22)     Total                          Min: 0, Avg:  0.0, Max: 0, Diff: 0, Sum: 0, Workers: 4
[10.574s][debug][gc,phases      ] GC(22)   StringDedup Requests1 Weak     Min:  0.0, Avg:  0.0, Max:  0.0, Diff:  0.0, Sum:  0.0, Workers: 4
[10.574s][debug][gc,phases      ] GC(22)     Dead                           Min: 0, Avg:  0.0, Max: 0, Diff: 0, Sum: 0, Workers: 4
[10.574s][debug][gc,phases      ] GC(22)     Total                          Min: 0, Avg:  0.0, Max: 0, Diff: 0, Sum: 0, Workers: 4
[10.574s][debug][gc,phases      ] GC(22)   Weak JFR Old Object Samples    Min:  0.0, Avg:  0.0, Max:  0.0, Diff:  0.0, Sum:  0.0, Workers: 4
[10.574s][debug][gc,phases      ] GC(22)     Dead                           Min: 0, Avg:  0.0, Max: 0, Diff: 0, Sum: 0, Workers: 4
[10.574s][debug][gc,phases      ] GC(22)     Total                          Min: 0, Avg:  0.0, Max: 0, Diff: 0, Sum: 0, Workers: 4
[10.574s][debug][gc,phases      ] GC(22) Weak Processing 0.256ms
[10.574s][debug][gc,age         ] GC(22) Desired survivor size 198705152 bytes, new threshold 15 (max threshold 15)
[10.574s][info ][gc,heap        ] GC(22) PSYoungGen: 1699278K(1892864K)->23470K(1882624K) Eden: 1678336K(1678336K)->0K(1678336K) From: 20942K(214528K)->23470K(204288K)
[10.574s][info ][gc,heap        ] GC(22) ParOldGen: 181768K(274432K)->181768K(274432K)
[10.574s][info ][gc,metaspace   ] GC(22) Metaspace: 60753K(61504K)->60753K(61504K) NonClass: 51734K(52160K)->51734K(52160K) Class: 9019K(9344K)->9019K(9344K)
[10.574s][info ][gc             ] GC(22) Pause Young (Allocation Failure) 1836M->200M(2106M) 9.494ms
[10.574s][info ][gc,cpu         ] GC(22) User=0.03s Sys=0.00s Real=0.01s
[10.574s][info ][safepoint      ] Safepoint "ParallelGCFailedAllocation", Time since last: 318373227 ns, Reaching safepoint: 201002 ns, At safepoint: 9580100 ns, Total: 9781102 ns
[10.897s][info ][gc,start       ] GC(23) Pause Young (Allocation Failure)
[10.909s][debug][gc,phases      ] GC(23) Scavenge 11.651ms
[10.909s][debug][gc,ref         ] GC(23) Skipped phase 1 of Reference Processing: no references
[10.909s][debug][gc,ref         ] GC(23) ReferenceProcessor::execute queues: 2, RefProcThreadModel::Multi, marks_oops_alive: false
[10.909s][debug][gc,ref         ] GC(23) Skipped phase 3 of Reference Processing: no references
[10.909s][debug][gc,ref         ] GC(23) ReferenceProcessor::execute queues: 1, RefProcThreadModel::Single, marks_oops_alive: false
[10.909s][debug][gc,phases      ] GC(23) Reference Processing 0.167ms
[10.909s][debug][gc,phases      ] GC(23)   VM Weak                        Min:  0.0, Avg:  0.0, Max:  0.0, Diff:  0.0, Sum:  0.0, Workers: 4
[10.909s][debug][gc,phases      ] GC(23)     Dead                           Min: 0, Avg:  0.0, Max: 0, Diff: 0, Sum: 0, Workers: 4
[10.909s][debug][gc,phases      ] GC(23)     Total                          Min: 0, Avg: 136.0, Max: 544, Diff: 544, Sum: 544, Workers: 4
[10.909s][debug][gc,phases      ] GC(23)   ObjectSynchronizer Weak        Min:  0.0, Avg:  0.0, Max:  0.0, Diff:  0.0, Sum:  0.0, Workers: 4
[10.909s][debug][gc,phases      ] GC(23)     Dead                           Min: 0, Avg:  0.0, Max: 0, Diff: 0, Sum: 0, Workers: 4
[10.909s][debug][gc,phases      ] GC(23)     Total                          Min: 0, Avg: 82.8, Max: 139, Diff: 139, Sum: 331, Workers: 4
[10.909s][debug][gc,phases      ] GC(23)   JVMTI Tag Weak OopStorage      Min:  0.0, Avg:  0.0, Max:  0.0, Diff:  0.0, Sum:  0.0, Workers: 4
[10.909s][debug][gc,phases      ] GC(23)     Dead                           Min: 0, Avg:  0.0, Max: 0, Diff: 0, Sum: 0, Workers: 4
[10.909s][debug][gc,phases      ] GC(23)     Total                          Min: 0, Avg:  0.0, Max: 0, Diff: 0, Sum: 0, Workers: 4
[10.909s][debug][gc,phases      ] GC(23)   StringTable Weak               Min:  0.1, Avg:  0.1, Max:  0.1, Diff:  0.0, Sum:  0.3, Workers: 4
[10.909s][debug][gc,phases      ] GC(23)     Dead                           Min: 0, Avg:  2.8, Max: 11, Diff: 11, Sum: 11, Workers: 4
[10.909s][debug][gc,phases      ] GC(23)     Total                          Min: 7616, Avg: 10156.8, Max: 12288, Diff: 4672, Sum: 40627, Workers: 4
[10.909s][debug][gc,phases      ] GC(23)   ResolvedMethodTable Weak       Min:  0.0, Avg:  0.0, Max:  0.0, Diff:  0.0, Sum:  0.1, Workers: 4
[10.909s][debug][gc,phases      ] GC(23)     Dead                           Min: 0, Avg:  0.0, Max: 0, Diff: 0, Sum: 0, Workers: 4
[10.909s][debug][gc,phases      ] GC(23)     Total                          Min: 1024, Avg: 1575.5, Max: 2048, Diff: 1024, Sum: 6302, Workers: 4
[10.909s][debug][gc,phases      ] GC(23)   JNI Weak                       Min:  0.0, Avg:  0.0, Max:  0.0, Diff:  0.0, Sum:  0.0, Workers: 4
[10.909s][debug][gc,phases      ] GC(23)     Dead                           Min: 0, Avg:  0.0, Max: 0, Diff: 0, Sum: 0, Workers: 4
[10.909s][debug][gc,phases      ] GC(23)     Total                          Min: 0, Avg:  0.0, Max: 0, Diff: 0, Sum: 0, Workers: 4
[10.909s][debug][gc,phases      ] GC(23)   StringDedup Table Weak         Min:  0.0, Avg:  0.0, Max:  0.0, Diff:  0.0, Sum:  0.0, Workers: 4
[10.909s][debug][gc,phases      ] GC(23)     Dead                           Min: 0, Avg:  0.0, Max: 0, Diff: 0, Sum: 0, Workers: 4
[10.909s][debug][gc,phases      ] GC(23)     Total                          Min: 0, Avg:  0.0, Max: 0, Diff: 0, Sum: 0, Workers: 4
[10.909s][debug][gc,phases      ] GC(23)   StringDedup Requests0 Weak     Min:  0.0, Avg:  0.0, Max:  0.0, Diff:  0.0, Sum:  0.0, Workers: 4
[10.909s][debug][gc,phases      ] GC(23)     Dead                           Min: 0, Avg:  0.0, Max: 0, Diff: 0, Sum: 0, Workers: 4
[10.909s][debug][gc,phases      ] GC(23)     Total                          Min: 0, Avg:  0.0, Max: 0, Diff: 0, Sum: 0, Workers: 4
[10.909s][debug][gc,phases      ] GC(23)   StringDedup Requests1 Weak     Min:  0.0, Avg:  0.0, Max:  0.0, Diff:  0.0, Sum:  0.0, Workers: 4
[10.909s][debug][gc,phases      ] GC(23)     Dead                           Min: 0, Avg:  0.0, Max: 0, Diff: 0, Sum: 0, Workers: 4
[10.909s][debug][gc,phases      ] GC(23)     Total                          Min: 0, Avg:  0.0, Max: 0, Diff: 0, Sum: 0, Workers: 4
[10.909s][debug][gc,phases      ] GC(23)   Weak JFR Old Object Samples    Min:  0.0, Avg:  0.0, Max:  0.0, Diff:  0.0, Sum:  0.0, Workers: 4
[10.909s][debug][gc,phases      ] GC(23)     Dead                           Min: 0, Avg:  0.0, Max: 0, Diff: 0, Sum: 0, Workers: 4
[10.909s][debug][gc,phases      ] GC(23)     Total                          Min: 0, Avg:  0.0, Max: 0, Diff: 0, Sum: 0, Workers: 4
[10.909s][debug][gc,phases      ] GC(23) Weak Processing 0.266ms
[10.909s][debug][gc,age         ] GC(23) Desired survivor size 188219392 bytes, new threshold 15 (max threshold 15)
[10.909s][info ][gc,heap        ] GC(23) PSYoungGen: 1701806K(1882624K)->25238K(1913344K) Eden: 1678336K(1678336K)->0K(1719296K) From: 23470K(204288K)->25238K(194048K)
[10.909s][info ][gc,heap        ] GC(23) ParOldGen: 181768K(274432K)->182728K(274432K)
[10.909s][info ][gc,metaspace   ] GC(23) Metaspace: 60763K(61504K)->60763K(61504K) NonClass: 51743K(52160K)->51743K(52160K) Class: 9020K(9344K)->9020K(9344K)
[10.909s][info ][gc             ] GC(23) Pause Young (Allocation Failure) 1839M->203M(2136M) 12.187ms
[10.909s][info ][gc,cpu         ] GC(23) User=0.05s Sys=0.00s Real=0.02s
[10.910s][info ][safepoint      ] Safepoint "ParallelGCFailedAllocation", Time since last: 323215877 ns, Reaching safepoint: 160702 ns, At safepoint: 12285828 ns, Total: 12446530 ns
[11.193s][info ][gc,start       ] GC(24) Pause Young (Allocation Failure)
[11.205s][debug][gc,phases      ] GC(24) Scavenge 11.911ms
[11.205s][debug][gc,ref         ] GC(24) Skipped phase 1 of Reference Processing: no references
[11.205s][debug][gc,ref         ] GC(24) ReferenceProcessor::execute queues: 2, RefProcThreadModel::Multi, marks_oops_alive: false
[11.205s][debug][gc,ref         ] GC(24) Skipped phase 3 of Reference Processing: no references
[11.205s][debug][gc,ref         ] GC(24) ReferenceProcessor::execute queues: 1, RefProcThreadModel::Single, marks_oops_alive: false
[11.205s][debug][gc,phases      ] GC(24) Reference Processing 0.169ms
[11.205s][debug][gc,phases      ] GC(24)   VM Weak                        Min:  0.0, Avg:  0.0, Max:  0.0, Diff:  0.0, Sum:  0.0, Workers: 4
[11.205s][debug][gc,phases      ] GC(24)     Dead                           Min: 0, Avg:  0.0, Max: 0, Diff: 0, Sum: 0, Workers: 4
[11.205s][debug][gc,phases      ] GC(24)     Total                          Min: 0, Avg: 136.0, Max: 512, Diff: 512, Sum: 544, Workers: 4
[11.205s][debug][gc,phases      ] GC(24)   ObjectSynchronizer Weak        Min:  0.0, Avg:  0.0, Max:  0.0, Diff:  0.0, Sum:  0.0, Workers: 4
[11.205s][debug][gc,phases      ] GC(24)     Dead                           Min: 0, Avg:  0.0, Max: 0, Diff: 0, Sum: 0, Workers: 4
[11.205s][debug][gc,phases      ] GC(24)     Total                          Min: 0, Avg: 82.8, Max: 139, Diff: 139, Sum: 331, Workers: 4
[11.205s][debug][gc,phases      ] GC(24)   JVMTI Tag Weak OopStorage      Min:  0.0, Avg:  0.0, Max:  0.0, Diff:  0.0, Sum:  0.0, Workers: 4
[11.205s][debug][gc,phases      ] GC(24)     Dead                           Min: 0, Avg:  0.0, Max: 0, Diff: 0, Sum: 0, Workers: 4
[11.205s][debug][gc,phases      ] GC(24)     Total                          Min: 0, Avg:  0.0, Max: 0, Diff: 0, Sum: 0, Workers: 4
[11.205s][debug][gc,phases      ] GC(24)   StringTable Weak               Min:  0.1, Avg:  0.1, Max:  0.1, Diff:  0.0, Sum:  0.3, Workers: 4
[11.205s][debug][gc,phases      ] GC(24)     Dead                           Min: 0, Avg:  2.8, Max: 11, Diff: 11, Sum: 11, Workers: 4
[11.205s][debug][gc,phases      ] GC(24)     Total                          Min: 9984, Avg: 10157.2, Max: 10304, Diff: 320, Sum: 40629, Workers: 4
[11.205s][debug][gc,phases      ] GC(24)   ResolvedMethodTable Weak       Min:  0.0, Avg:  0.0, Max:  0.0, Diff:  0.0, Sum:  0.1, Workers: 4
[11.205s][debug][gc,phases      ] GC(24)     Dead                           Min: 0, Avg:  0.0, Max: 0, Diff: 0, Sum: 0, Workers: 4
[11.205s][debug][gc,phases      ] GC(24)     Total                          Min: 1408, Avg: 1575.5, Max: 1664, Diff: 256, Sum: 6302, Workers: 4
[11.205s][debug][gc,phases      ] GC(24)   JNI Weak                       Min:  0.0, Avg:  0.0, Max:  0.0, Diff:  0.0, Sum:  0.0, Workers: 4
[11.205s][debug][gc,phases      ] GC(24)     Dead                           Min: 0, Avg:  0.0, Max: 0, Diff: 0, Sum: 0, Workers: 4
[11.205s][debug][gc,phases      ] GC(24)     Total                          Min: 0, Avg:  0.5, Max: 2, Diff: 2, Sum: 2, Workers: 4
[11.205s][debug][gc,phases      ] GC(24)   StringDedup Table Weak         Min:  0.0, Avg:  0.0, Max:  0.0, Diff:  0.0, Sum:  0.0, Workers: 4
[11.205s][debug][gc,phases      ] GC(24)     Dead                           Min: 0, Avg:  0.0, Max: 0, Diff: 0, Sum: 0, Workers: 4
[11.205s][debug][gc,phases      ] GC(24)     Total                          Min: 0, Avg:  0.0, Max: 0, Diff: 0, Sum: 0, Workers: 4
[11.205s][debug][gc,phases      ] GC(24)   StringDedup Requests0 Weak     Min:  0.0, Avg:  0.0, Max:  0.0, Diff:  0.0, Sum:  0.0, Workers: 4
[11.205s][debug][gc,phases      ] GC(24)     Dead                           Min: 0, Avg:  0.0, Max: 0, Diff: 0, Sum: 0, Workers: 4
[11.205s][debug][gc,phases      ] GC(24)     Total                          Min: 0, Avg:  0.0, Max: 0, Diff: 0, Sum: 0, Workers: 4
[11.205s][debug][gc,phases      ] GC(24)   StringDedup Requests1 Weak     Min:  0.0, Avg:  0.0, Max:  0.0, Diff:  0.0, Sum:  0.0, Workers: 4
[11.205s][debug][gc,phases      ] GC(24)     Dead                           Min: 0, Avg:  0.0, Max: 0, Diff: 0, Sum: 0, Workers: 4
[11.205s][debug][gc,phases      ] GC(24)     Total                          Min: 0, Avg:  0.0, Max: 0, Diff: 0, Sum: 0, Workers: 4
[11.205s][debug][gc,phases      ] GC(24)   Weak JFR Old Object Samples    Min:  0.0, Avg:  0.0, Max:  0.0, Diff:  0.0, Sum:  0.0, Workers: 4
[11.205s][debug][gc,phases      ] GC(24)     Dead                           Min: 0, Avg:  0.0, Max: 0, Diff: 0, Sum: 0, Workers: 4
[11.205s][debug][gc,phases      ] GC(24)     Total                          Min: 0, Avg:  0.0, Max: 0, Diff: 0, Sum: 0, Workers: 4
[11.205s][debug][gc,phases      ] GC(24) Weak Processing 0.249ms
[11.205s][debug][gc,age         ] GC(24) Desired survivor size 177209344 bytes, new threshold 15 (max threshold 15)
[11.205s][info ][gc,heap        ] GC(24) PSYoungGen: 1744534K(1913344K)->26715K(1903104K) Eden: 1719296K(1719296K)->0K(1719296K) From: 25238K(194048K)->26715K(183808K)
[11.205s][info ][gc,heap        ] GC(24) ParOldGen: 182728K(274432K)->185108K(274432K)
[11.205s][info ][gc,metaspace   ] GC(24) Metaspace: 60775K(61504K)->60775K(61504K) NonClass: 51754K(52160K)->51754K(52160K) Class: 9021K(9344K)->9021K(9344K)
[11.205s][info ][gc             ] GC(24) Pause Young (Allocation Failure) 1882M->206M(2126M) 12.445ms
[11.205s][info ][gc,cpu         ] GC(24) User=0.05s Sys=0.00s Real=0.01s
[11.205s][info ][safepoint      ] Safepoint "ParallelGCFailedAllocation", Time since last: 283007856 ns, Reaching safepoint: 352604 ns, At safepoint: 12544731 ns, Total: 12897335 ns
[11.566s][info ][gc,start       ] GC(25) Pause Young (Allocation Failure)
[11.578s][debug][gc,phases      ] GC(25) Scavenge 12.368ms
[11.578s][debug][gc,ref         ] GC(25) Skipped phase 1 of Reference Processing: no references
[11.578s][debug][gc,ref         ] GC(25) ReferenceProcessor::execute queues: 2, RefProcThreadModel::Multi, marks_oops_alive: false
[11.578s][debug][gc,ref         ] GC(25) Skipped phase 3 of Reference Processing: no references
[11.578s][debug][gc,ref         ] GC(25) ReferenceProcessor::execute queues: 1, RefProcThreadModel::Single, marks_oops_alive: false
[11.578s][debug][gc,phases      ] GC(25) Reference Processing 0.195ms
[11.578s][debug][gc,phases      ] GC(25)   VM Weak                        Min:  0.0, Avg:  0.0, Max:  0.0, Diff:  0.0, Sum:  0.0, Workers: 4
[11.578s][debug][gc,phases      ] GC(25)     Dead                           Min: 0, Avg:  0.0, Max: 0, Diff: 0, Sum: 0, Workers: 4
[11.578s][debug][gc,phases      ] GC(25)     Total                          Min: 0, Avg: 137.2, Max: 549, Diff: 549, Sum: 549, Workers: 4
[11.578s][debug][gc,phases      ] GC(25)   ObjectSynchronizer Weak        Min:  0.0, Avg:  0.0, Max:  0.0, Diff:  0.0, Sum:  0.0, Workers: 4
[11.578s][debug][gc,phases      ] GC(25)     Dead                           Min: 0, Avg:  0.0, Max: 0, Diff: 0, Sum: 0, Workers: 4
[11.578s][debug][gc,phases      ] GC(25)     Total                          Min: 0, Avg: 82.8, Max: 267, Diff: 267, Sum: 331, Workers: 4
[11.578s][debug][gc,phases      ] GC(25)   JVMTI Tag Weak OopStorage      Min:  0.0, Avg:  0.0, Max:  0.0, Diff:  0.0, Sum:  0.0, Workers: 4
[11.578s][debug][gc,phases      ] GC(25)     Dead                           Min: 0, Avg:  0.0, Max: 0, Diff: 0, Sum: 0, Workers: 4
[11.578s][debug][gc,phases      ] GC(25)     Total                          Min: 0, Avg:  0.0, Max: 0, Diff: 0, Sum: 0, Workers: 4
[11.578s][debug][gc,phases      ] GC(25)   StringTable Weak               Min:  0.1, Avg:  0.1, Max:  0.1, Diff:  0.0, Sum:  0.4, Workers: 4
[11.578s][debug][gc,phases      ] GC(25)     Dead                           Min: 0, Avg:  1.5, Max: 4, Diff: 4, Sum: 6, Workers: 4
[11.578s][debug][gc,phases      ] GC(25)     Total                          Min: 8832, Avg: 10184.0, Max: 13568, Diff: 4736, Sum: 40736, Workers: 4
[11.578s][debug][gc,phases      ] GC(25)   ResolvedMethodTable Weak       Min:  0.0, Avg:  0.0, Max:  0.0, Diff:  0.0, Sum:  0.1, Workers: 4
[11.578s][debug][gc,phases      ] GC(25)     Dead                           Min: 0, Avg:  6.2, Max: 25, Diff: 25, Sum: 25, Workers: 4
[11.578s][debug][gc,phases      ] GC(25)     Total                          Min: 1024, Avg: 1592.5, Max: 2168, Diff: 1144, Sum: 6370, Workers: 4
[11.578s][debug][gc,phases      ] GC(25)   JNI Weak                       Min:  0.0, Avg:  0.0, Max:  0.0, Diff:  0.0, Sum:  0.0, Workers: 4
[11.578s][debug][gc,phases      ] GC(25)     Dead                           Min: 0, Avg:  0.0, Max: 0, Diff: 0, Sum: 0, Workers: 4
[11.578s][debug][gc,phases      ] GC(25)     Total                          Min: 0, Avg:  0.0, Max: 0, Diff: 0, Sum: 0, Workers: 4
[11.578s][debug][gc,phases      ] GC(25)   StringDedup Table Weak         Min:  0.0, Avg:  0.0, Max:  0.0, Diff:  0.0, Sum:  0.0, Workers: 4
[11.578s][debug][gc,phases      ] GC(25)     Dead                           Min: 0, Avg:  0.0, Max: 0, Diff: 0, Sum: 0, Workers: 4
[11.578s][debug][gc,phases      ] GC(25)     Total                          Min: 0, Avg:  0.0, Max: 0, Diff: 0, Sum: 0, Workers: 4
[11.578s][debug][gc,phases      ] GC(25)   StringDedup Requests0 Weak     Min:  0.0, Avg:  0.0, Max:  0.0, Diff:  0.0, Sum:  0.0, Workers: 4
[11.578s][debug][gc,phases      ] GC(25)     Dead                           Min: 0, Avg:  0.0, Max: 0, Diff: 0, Sum: 0, Workers: 4
[11.578s][debug][gc,phases      ] GC(25)     Total                          Min: 0, Avg:  0.0, Max: 0, Diff: 0, Sum: 0, Workers: 4
[11.578s][debug][gc,phases      ] GC(25)   StringDedup Requests1 Weak     Min:  0.0, Avg:  0.0, Max:  0.0, Diff:  0.0, Sum:  0.0, Workers: 4
[11.579s][debug][gc,phases      ] GC(25)     Dead                           Min: 0, Avg:  0.0, Max: 0, Diff: 0, Sum: 0, Workers: 4
[11.579s][debug][gc,phases      ] GC(25)     Total                          Min: 0, Avg:  0.0, Max: 0, Diff: 0, Sum: 0, Workers: 4
[11.579s][debug][gc,phases      ] GC(25)   Weak JFR Old Object Samples    Min:  0.0, Avg:  0.0, Max:  0.0, Diff:  0.0, Sum:  0.0, Workers: 4
[11.579s][debug][gc,phases      ] GC(25)     Dead                           Min: 0, Avg:  0.0, Max: 0, Diff: 0, Sum: 0, Workers: 4
[11.579s][debug][gc,phases      ] GC(25)     Total                          Min: 0, Avg:  0.0, Max: 0, Diff: 0, Sum: 0, Workers: 4
[11.579s][debug][gc,phases      ] GC(25) Weak Processing 0.274ms
[11.579s][debug][gc,age         ] GC(25) Desired survivor size 168296448 bytes, new threshold 15 (max threshold 15)
[11.579s][info ][gc,heap        ] GC(25) PSYoungGen: 1746011K(1903104K)->22681K(1932800K) Eden: 1719296K(1719296K)->0K(1759744K) From: 26715K(183808K)->22681K(173056K)
[11.579s][info ][gc,heap        ] GC(25) ParOldGen: 185108K(274432K)->189586K(274432K)
[11.579s][info ][gc,metaspace   ] GC(25) Metaspace: 61339K(62080K)->61339K(62080K) NonClass: 52252K(52672K)->52252K(52672K) Class: 9087K(9408K)->9087K(9408K)
[11.579s][info ][gc             ] GC(25) Pause Young (Allocation Failure) 1885M->207M(2155M) 12.948ms
[11.579s][info ][gc,cpu         ] GC(25) User=0.05s Sys=0.01s Real=0.01s
[11.579s][info ][safepoint      ] Safepoint "ParallelGCFailedAllocation", Time since last: 357897338 ns, Reaching safepoint: 2225123 ns, At safepoint: 13041636 ns, Total: 15266759 ns
[11.908s][info ][gc,start       ] GC(26) Pause Young (Allocation Failure)
[11.921s][debug][gc,phases      ] GC(26) Scavenge 13.084ms
[11.921s][debug][gc,ref         ] GC(26) Skipped phase 1 of Reference Processing: no references
[11.921s][debug][gc,ref         ] GC(26) ReferenceProcessor::execute queues: 1, RefProcThreadModel::Single, marks_oops_alive: false
[11.921s][debug][gc,ref         ] GC(26) Skipped phase 3 of Reference Processing: no references
[11.921s][debug][gc,ref         ] GC(26) ReferenceProcessor::execute queues: 1, RefProcThreadModel::Single, marks_oops_alive: false
[11.921s][debug][gc,phases      ] GC(26) Reference Processing 0.160ms
[11.921s][debug][gc,phases      ] GC(26)   VM Weak                        Min:  0.0, Avg:  0.0, Max:  0.0, Diff:  0.0, Sum:  0.0, Workers: 4
[11.921s][debug][gc,phases      ] GC(26)     Dead                           Min: 0, Avg:  0.0, Max: 0, Diff: 0, Sum: 0, Workers: 4
[11.921s][debug][gc,phases      ] GC(26)     Total                          Min: 0, Avg: 137.2, Max: 485, Diff: 485, Sum: 549, Workers: 4
[11.921s][debug][gc,phases      ] GC(26)   ObjectSynchronizer Weak        Min:  0.0, Avg:  0.0, Max:  0.0, Diff:  0.0, Sum:  0.0, Workers: 4
[11.921s][debug][gc,phases      ] GC(26)     Dead                           Min: 0, Avg:  0.0, Max: 0, Diff: 0, Sum: 0, Workers: 4
[11.921s][debug][gc,phases      ] GC(26)     Total                          Min: 0, Avg: 83.0, Max: 204, Diff: 204, Sum: 332, Workers: 4
[11.921s][debug][gc,phases      ] GC(26)   JVMTI Tag Weak OopStorage      Min:  0.0, Avg:  0.0, Max:  0.0, Diff:  0.0, Sum:  0.0, Workers: 4
[11.921s][debug][gc,phases      ] GC(26)     Dead                           Min: 0, Avg:  0.0, Max: 0, Diff: 0, Sum: 0, Workers: 4
[11.921s][debug][gc,phases      ] GC(26)     Total                          Min: 0, Avg:  0.0, Max: 0, Diff: 0, Sum: 0, Workers: 4
[11.921s][debug][gc,phases      ] GC(26)   StringTable Weak               Min:  0.1, Avg:  0.1, Max:  0.1, Diff:  0.0, Sum:  0.4, Workers: 4
[11.921s][debug][gc,phases      ] GC(26)     Dead                           Min: 0, Avg:  3.0, Max: 12, Diff: 12, Sum: 12, Workers: 4
[11.921s][debug][gc,phases      ] GC(26)     Total                          Min: 8512, Avg: 10444.8, Max: 14387, Diff: 5875, Sum: 41779, Workers: 4
[11.921s][debug][gc,phases      ] GC(26)   ResolvedMethodTable Weak       Min:  0.0, Avg:  0.0, Max:  0.0, Diff:  0.0, Sum:  0.1, Workers: 4
[11.921s][debug][gc,phases      ] GC(26)     Dead                           Min: 0, Avg: 25.0, Max: 74, Diff: 74, Sum: 100, Workers: 4
[11.921s][debug][gc,phases      ] GC(26)     Total                          Min: 1536, Avg: 1615.5, Max: 1664, Diff: 128, Sum: 6462, Workers: 4
[11.921s][debug][gc,phases      ] GC(26)   JNI Weak                       Min:  0.0, Avg:  0.0, Max:  0.0, Diff:  0.0, Sum:  0.0, Workers: 4
[11.921s][debug][gc,phases      ] GC(26)     Dead                           Min: 0, Avg:  0.0, Max: 0, Diff: 0, Sum: 0, Workers: 4
[11.921s][debug][gc,phases      ] GC(26)     Total                          Min: 0, Avg:  0.0, Max: 0, Diff: 0, Sum: 0, Workers: 4
[11.921s][debug][gc,phases      ] GC(26)   StringDedup Table Weak         Min:  0.0, Avg:  0.0, Max:  0.0, Diff:  0.0, Sum:  0.0, Workers: 4
[11.921s][debug][gc,phases      ] GC(26)     Dead                           Min: 0, Avg:  0.0, Max: 0, Diff: 0, Sum: 0, Workers: 4
[11.921s][debug][gc,phases      ] GC(26)     Total                          Min: 0, Avg:  0.0, Max: 0, Diff: 0, Sum: 0, Workers: 4
[11.921s][debug][gc,phases      ] GC(26)   StringDedup Requests0 Weak     Min:  0.0, Avg:  0.0, Max:  0.0, Diff:  0.0, Sum:  0.0, Workers: 4
[11.921s][debug][gc,phases      ] GC(26)     Dead                           Min: 0, Avg:  0.0, Max: 0, Diff: 0, Sum: 0, Workers: 4
[11.921s][debug][gc,phases      ] GC(26)     Total                          Min: 0, Avg:  0.0, Max: 0, Diff: 0, Sum: 0, Workers: 4
[11.921s][debug][gc,phases      ] GC(26)   StringDedup Requests1 Weak     Min:  0.0, Avg:  0.0, Max:  0.0, Diff:  0.0, Sum:  0.0, Workers: 4
[11.921s][debug][gc,phases      ] GC(26)     Dead                           Min: 0, Avg:  0.0, Max: 0, Diff: 0, Sum: 0, Workers: 4
[11.921s][debug][gc,phases      ] GC(26)     Total                          Min: 0, Avg:  0.0, Max: 0, Diff: 0, Sum: 0, Workers: 4
[11.921s][debug][gc,phases      ] GC(26)   Weak JFR Old Object Samples    Min:  0.0, Avg:  0.0, Max:  0.0, Diff:  0.0, Sum:  0.0, Workers: 4
[11.921s][debug][gc,phases      ] GC(26)     Dead                           Min: 0, Avg:  0.0, Max: 0, Diff: 0, Sum: 0, Workers: 4
[11.921s][debug][gc,phases      ] GC(26)     Total                          Min: 0, Avg:  0.0, Max: 0, Diff: 0, Sum: 0, Workers: 4
[11.921s][debug][gc,phases      ] GC(26) Weak Processing 0.284ms
[11.921s][debug][gc,age         ] GC(26) Desired survivor size 158859264 bytes, new threshold 15 (max threshold 15)
[11.921s][info ][gc,heap        ] GC(26) PSYoungGen: 1782425K(1932800K)->23642K(1924096K) Eden: 1759744K(1759744K)->0K(1759744K) From: 22681K(173056K)->23642K(164352K)
[11.921s][info ][gc,heap        ] GC(26) ParOldGen: 189586K(274432K)->190170K(274432K)
[11.921s][info ][gc,metaspace   ] GC(26) Metaspace: 64132K(64896K)->64132K(64896K) NonClass: 54692K(55104K)->54692K(55104K) Class: 9439K(9792K)->9439K(9792K)
[11.921s][info ][gc             ] GC(26) Pause Young (Allocation Failure) 1925M->208M(2147M) 13.648ms
[11.921s][info ][gc,cpu         ] GC(26) User=0.04s Sys=0.01s Real=0.01s
[11.921s][info ][safepoint      ] Safepoint "ParallelGCFailedAllocation", Time since last: 328720334 ns, Reaching safepoint: 156402 ns, At safepoint: 13745443 ns, Total: 13901845 ns
[12.292s][info ][gc,start       ] GC(27) Pause Young (Allocation Failure)
[12.324s][debug][gc,phases      ] GC(27) Scavenge 31.745ms
[12.324s][debug][gc,ref         ] GC(27) Skipped phase 1 of Reference Processing: no references
[12.324s][debug][gc,ref         ] GC(27) ReferenceProcessor::execute queues: 2, RefProcThreadModel::Multi, marks_oops_alive: false
[12.324s][debug][gc,ref         ] GC(27) Skipped phase 3 of Reference Processing: no references
[12.324s][debug][gc,ref         ] GC(27) ReferenceProcessor::execute queues: 1, RefProcThreadModel::Single, marks_oops_alive: false
[12.324s][debug][gc,phases      ] GC(27) Reference Processing 0.178ms
[12.324s][debug][gc,phases      ] GC(27)   VM Weak                        Min:  0.0, Avg:  0.0, Max:  0.0, Diff:  0.0, Sum:  0.0, Workers: 4
[12.324s][debug][gc,phases      ] GC(27)     Dead                           Min: 0, Avg:  0.0, Max: 0, Diff: 0, Sum: 0, Workers: 4
[12.324s][debug][gc,phases      ] GC(27)     Total                          Min: 0, Avg: 142.8, Max: 384, Diff: 384, Sum: 571, Workers: 4
[12.324s][debug][gc,phases      ] GC(27)   ObjectSynchronizer Weak        Min:  0.0, Avg:  0.0, Max:  0.0, Diff:  0.0, Sum:  0.0, Workers: 4
[12.324s][debug][gc,phases      ] GC(27)     Dead                           Min: 0, Avg:  0.0, Max: 0, Diff: 0, Sum: 0, Workers: 4
[12.324s][debug][gc,phases      ] GC(27)     Total                          Min: 0, Avg: 83.0, Max: 140, Diff: 140, Sum: 332, Workers: 4
[12.324s][debug][gc,phases      ] GC(27)   JVMTI Tag Weak OopStorage      Min:  0.0, Avg:  0.0, Max:  0.0, Diff:  0.0, Sum:  0.0, Workers: 4
[12.324s][debug][gc,phases      ] GC(27)     Dead                           Min: 0, Avg:  0.0, Max: 0, Diff: 0, Sum: 0, Workers: 4
[12.324s][debug][gc,phases      ] GC(27)     Total                          Min: 0, Avg:  0.0, Max: 0, Diff: 0, Sum: 0, Workers: 4
[12.324s][debug][gc,phases      ] GC(27)   StringTable Weak               Min:  0.1, Avg:  0.1, Max:  0.1, Diff:  0.0, Sum:  0.5, Workers: 4
[12.324s][debug][gc,phases      ] GC(27)     Dead                           Min: 0, Avg:  3.8, Max: 13, Diff: 13, Sum: 15, Workers: 4
[12.324s][debug][gc,phases      ] GC(27)     Total                          Min: 9920, Avg: 10545.0, Max: 11200, Diff: 1280, Sum: 42180, Workers: 4
[12.324s][debug][gc,phases      ] GC(27)   ResolvedMethodTable Weak       Min:  0.0, Avg:  0.0, Max:  0.0, Diff:  0.0, Sum:  0.1, Workers: 4
[12.324s][debug][gc,phases      ] GC(27)     Dead                           Min: 2, Avg: 10.2, Max: 19, Diff: 17, Sum: 41, Workers: 4
[12.324s][debug][gc,phases      ] GC(27)     Total                          Min: 1600, Avg: 1665.0, Max: 1728, Diff: 128, Sum: 6660, Workers: 4
[12.324s][debug][gc,phases      ] GC(27)   JNI Weak                       Min:  0.0, Avg:  0.0, Max:  0.0, Diff:  0.0, Sum:  0.0, Workers: 4
[12.324s][debug][gc,phases      ] GC(27)     Dead                           Min: 0, Avg:  0.0, Max: 0, Diff: 0, Sum: 0, Workers: 4
[12.324s][debug][gc,phases      ] GC(27)     Total                          Min: 0, Avg:  7.5, Max: 30, Diff: 30, Sum: 30, Workers: 4
[12.324s][debug][gc,phases      ] GC(27)   StringDedup Table Weak         Min:  0.0, Avg:  0.0, Max:  0.0, Diff:  0.0, Sum:  0.0, Workers: 4
[12.324s][debug][gc,phases      ] GC(27)     Dead                           Min: 0, Avg:  0.0, Max: 0, Diff: 0, Sum: 0, Workers: 4
[12.324s][debug][gc,phases      ] GC(27)     Total                          Min: 0, Avg:  0.0, Max: 0, Diff: 0, Sum: 0, Workers: 4
[12.324s][debug][gc,phases      ] GC(27)   StringDedup Requests0 Weak     Min:  0.0, Avg:  0.0, Max:  0.0, Diff:  0.0, Sum:  0.0, Workers: 4
[12.324s][debug][gc,phases      ] GC(27)     Dead                           Min: 0, Avg:  0.0, Max: 0, Diff: 0, Sum: 0, Workers: 4
[12.324s][debug][gc,phases      ] GC(27)     Total                          Min: 0, Avg:  0.0, Max: 0, Diff: 0, Sum: 0, Workers: 4
[12.324s][debug][gc,phases      ] GC(27)   StringDedup Requests1 Weak     Min:  0.0, Avg:  0.0, Max:  0.0, Diff:  0.0, Sum:  0.0, Workers: 4
[12.324s][debug][gc,phases      ] GC(27)     Dead                           Min: 0, Avg:  0.0, Max: 0, Diff: 0, Sum: 0, Workers: 4
[12.324s][debug][gc,phases      ] GC(27)     Total                          Min: 0, Avg:  0.0, Max: 0, Diff: 0, Sum: 0, Workers: 4
[12.324s][debug][gc,phases      ] GC(27)   Weak JFR Old Object Samples    Min:  0.0, Avg:  0.0, Max:  0.0, Diff:  0.0, Sum:  0.0, Workers: 4
[12.324s][debug][gc,phases      ] GC(27)     Dead                           Min: 0, Avg:  0.0, Max: 0, Diff: 0, Sum: 0, Workers: 4
[12.324s][debug][gc,phases      ] GC(27)     Total                          Min: 0, Avg:  0.0, Max: 0, Diff: 0, Sum: 0, Workers: 4
[12.324s][debug][gc,phases      ] GC(27) Weak Processing 0.305ms
[12.324s][debug][gc,age         ] GC(27) Desired survivor size 153616384 bytes, new threshold 15 (max threshold 15)
[12.324s][info ][gc,heap        ] GC(27) PSYoungGen: 1783386K(1924096K)->57770K(1947136K) Eden: 1759744K(1759744K)->0K(1792000K) From: 23642K(164352K)->57770K(155136K)
[12.324s][info ][gc,heap        ] GC(27) ParOldGen: 190170K(274432K)->190522K(274432K)
[12.324s][info ][gc,metaspace   ] GC(27) Metaspace: 66130K(66880K)->66130K(66880K) NonClass: 56446K(56832K)->56446K(56832K) Class: 9684K(10048K)->9684K(10048K)
[12.324s][info ][gc             ] GC(27) Pause Young (Allocation Failure) 1927M->242M(2169M) 32.352ms
[12.324s][info ][gc,cpu         ] GC(27) User=0.16s Sys=0.00s Real=0.03s
[12.324s][info ][safepoint      ] Safepoint "ParallelGCFailedAllocation", Time since last: 367256335 ns, Reaching safepoint: 3234134 ns, At safepoint: 32458739 ns, Total: 35692873 ns
[12.732s][info ][gc,start       ] GC(28) Pause Young (Allocation Failure)
[12.820s][debug][gc,phases      ] GC(28) Scavenge 88.392ms
[12.820s][debug][gc,ref         ] GC(28) Skipped phase 1 of Reference Processing: no references
[12.820s][debug][gc,ref         ] GC(28) ReferenceProcessor::execute queues: 2, RefProcThreadModel::Multi, marks_oops_alive: false
[12.821s][debug][gc,ref         ] GC(28) Skipped phase 3 of Reference Processing: no references
[12.821s][debug][gc,ref         ] GC(28) ReferenceProcessor::execute queues: 1, RefProcThreadModel::Single, marks_oops_alive: false
[12.821s][debug][gc,phases      ] GC(28) Reference Processing 0.213ms
[12.821s][debug][gc,phases      ] GC(28)   VM Weak                        Min:  0.0, Avg:  0.0, Max:  0.0, Diff:  0.0, Sum:  0.0, Workers: 4
[12.821s][debug][gc,phases      ] GC(28)     Dead                           Min: 0, Avg:  0.0, Max: 0, Diff: 0, Sum: 0, Workers: 4
[12.821s][debug][gc,phases      ] GC(28)     Total                          Min: 0, Avg: 142.8, Max: 571, Diff: 571, Sum: 571, Workers: 4
[12.821s][debug][gc,phases      ] GC(28)   ObjectSynchronizer Weak        Min:  0.0, Avg:  0.0, Max:  0.0, Diff:  0.0, Sum:  0.0, Workers: 4
[12.821s][debug][gc,phases      ] GC(28)     Dead                           Min: 0, Avg:  0.0, Max: 0, Diff: 0, Sum: 0, Workers: 4
[12.821s][debug][gc,phases      ] GC(28)     Total                          Min: 0, Avg: 83.0, Max: 140, Diff: 140, Sum: 332, Workers: 4
[12.821s][debug][gc,phases      ] GC(28)   JVMTI Tag Weak OopStorage      Min:  0.0, Avg:  0.0, Max:  0.0, Diff:  0.0, Sum:  0.0, Workers: 4
[12.821s][debug][gc,phases      ] GC(28)     Dead                           Min: 0, Avg:  0.0, Max: 0, Diff: 0, Sum: 0, Workers: 4
[12.821s][debug][gc,phases      ] GC(28)     Total                          Min: 0, Avg:  0.0, Max: 0, Diff: 0, Sum: 0, Workers: 4
[12.821s][debug][gc,phases      ] GC(28)   StringTable Weak               Min:  0.1, Avg:  0.1, Max:  0.1, Diff:  0.0, Sum:  0.4, Workers: 4
[12.821s][debug][gc,phases      ] GC(28)     Dead                           Min: 0, Avg:  2.8, Max: 11, Diff: 11, Sum: 11, Workers: 4
[12.821s][debug][gc,phases      ] GC(28)     Total                          Min: 9024, Avg: 10557.2, Max: 12661, Diff: 3637, Sum: 42229, Workers: 4
[12.821s][debug][gc,phases      ] GC(28)   ResolvedMethodTable Weak       Min:  0.0, Avg:  0.0, Max:  0.0, Diff:  0.0, Sum:  0.1, Workers: 4
[12.821s][debug][gc,phases      ] GC(28)     Dead                           Min: 0, Avg:  0.0, Max: 0, Diff: 0, Sum: 0, Workers: 4
[12.821s][debug][gc,phases      ] GC(28)     Total                          Min: 1600, Avg: 1665.2, Max: 1861, Diff: 261, Sum: 6661, Workers: 4
[12.821s][debug][gc,phases      ] GC(28)   JNI Weak                       Min:  0.0, Avg:  0.0, Max:  0.0, Diff:  0.0, Sum:  0.0, Workers: 4
[12.821s][debug][gc,phases      ] GC(28)     Dead                           Min: 0, Avg:  0.0, Max: 0, Diff: 0, Sum: 0, Workers: 4
[12.821s][debug][gc,phases      ] GC(28)     Total                          Min: 0, Avg:  5.2, Max: 21, Diff: 21, Sum: 21, Workers: 4
[12.821s][debug][gc,phases      ] GC(28)   StringDedup Table Weak         Min:  0.0, Avg:  0.0, Max:  0.0, Diff:  0.0, Sum:  0.0, Workers: 4
[12.821s][debug][gc,phases      ] GC(28)     Dead                           Min: 0, Avg:  0.0, Max: 0, Diff: 0, Sum: 0, Workers: 4
[12.821s][debug][gc,phases      ] GC(28)     Total                          Min: 0, Avg:  0.0, Max: 0, Diff: 0, Sum: 0, Workers: 4
[12.821s][debug][gc,phases      ] GC(28)   StringDedup Requests0 Weak     Min:  0.0, Avg:  0.0, Max:  0.0, Diff:  0.0, Sum:  0.0, Workers: 4
[12.821s][debug][gc,phases      ] GC(28)     Dead                           Min: 0, Avg:  0.0, Max: 0, Diff: 0, Sum: 0, Workers: 4
[12.821s][debug][gc,phases      ] GC(28)     Total                          Min: 0, Avg:  0.0, Max: 0, Diff: 0, Sum: 0, Workers: 4
[12.821s][debug][gc,phases      ] GC(28)   StringDedup Requests1 Weak     Min:  0.0, Avg:  0.0, Max:  0.0, Diff:  0.0, Sum:  0.0, Workers: 4
[12.821s][debug][gc,phases      ] GC(28)     Dead                           Min: 0, Avg:  0.0, Max: 0, Diff: 0, Sum: 0, Workers: 4
[12.821s][debug][gc,phases      ] GC(28)     Total                          Min: 0, Avg:  0.0, Max: 0, Diff: 0, Sum: 0, Workers: 4
[12.821s][debug][gc,phases      ] GC(28)   Weak JFR Old Object Samples    Min:  0.0, Avg:  0.0, Max:  0.0, Diff:  0.0, Sum:  0.0, Workers: 4
[12.821s][debug][gc,phases      ] GC(28)     Dead                           Min: 0, Avg:  0.0, Max: 0, Diff: 0, Sum: 0, Workers: 4
[12.821s][debug][gc,phases      ] GC(28)     Total                          Min: 0, Avg:  0.0, Max: 0, Diff: 0, Sum: 0, Workers: 4
[12.821s][debug][gc,phases      ] GC(28) Weak Processing 0.280ms
[12.821s][debug][gc,age         ] GC(28) Desired survivor size 188219392 bytes, new threshold 14 (max threshold 15)
[12.821s][info ][gc,heap        ] GC(28) PSYoungGen: 1849770K(1947136K)->150006K(1942016K) Eden: 1792000K(1792000K)->0K(1792000K) From: 57770K(155136K)->150006K(150016K)
[12.821s][info ][gc,heap        ] GC(28) ParOldGen: 190522K(274432K)->203226K(274432K)
[12.821s][info ][gc,metaspace   ] GC(28) Metaspace: 66137K(66880K)->66137K(66880K) NonClass: 56452K(56832K)->56452K(56832K) Class: 9685K(10048K)->9685K(10048K)
[12.821s][info ][gc             ] GC(28) Pause Young (Allocation Failure) 1992M->344M(2164M) 89.010ms
[12.821s][info ][gc,cpu         ] GC(28) User=0.34s Sys=0.01s Real=0.09s
[12.821s][info ][safepoint      ] Safepoint "ParallelGCFailedAllocation", Time since last: 407520055 ns, Reaching safepoint: 123701 ns, At safepoint: 89113131 ns, Total: 89236832 ns
[13.172s][info ][gc,start       ] GC(29) Pause Young (Allocation Failure)
[13.277s][debug][gc,phases      ] GC(29) Scavenge 104.905ms
[13.277s][debug][gc,ref         ] GC(29) Skipped phase 1 of Reference Processing: no references
[13.277s][debug][gc,ref         ] GC(29) ReferenceProcessor::execute queues: 1, RefProcThreadModel::Single, marks_oops_alive: false
[13.278s][debug][gc,ref         ] GC(29) Skipped phase 3 of Reference Processing: no references
[13.278s][debug][gc,ref         ] GC(29) ReferenceProcessor::execute queues: 1, RefProcThreadModel::Single, marks_oops_alive: false
[13.278s][debug][gc,phases      ] GC(29) Reference Processing 0.157ms
[13.278s][debug][gc,phases      ] GC(29)   VM Weak                        Min:  0.0, Avg:  0.0, Max:  0.0, Diff:  0.0, Sum:  0.0, Workers: 4
[13.278s][debug][gc,phases      ] GC(29)     Dead                           Min: 0, Avg:  0.0, Max: 0, Diff: 0, Sum: 0, Workers: 4
[13.278s][debug][gc,phases      ] GC(29)     Total                          Min: 0, Avg: 142.8, Max: 507, Diff: 507, Sum: 571, Workers: 4
[13.278s][debug][gc,phases      ] GC(29)   ObjectSynchronizer Weak        Min:  0.0, Avg:  0.0, Max:  0.0, Diff:  0.0, Sum:  0.0, Workers: 4
[13.278s][debug][gc,phases      ] GC(29)     Dead                           Min: 0, Avg:  0.0, Max: 0, Diff: 0, Sum: 0, Workers: 4
[13.278s][debug][gc,phases      ] GC(29)     Total                          Min: 0, Avg: 83.0, Max: 192, Diff: 192, Sum: 332, Workers: 4
[13.278s][debug][gc,phases      ] GC(29)   JVMTI Tag Weak OopStorage      Min:  0.0, Avg:  0.0, Max:  0.0, Diff:  0.0, Sum:  0.0, Workers: 4
[13.278s][debug][gc,phases      ] GC(29)     Dead                           Min: 0, Avg:  0.0, Max: 0, Diff: 0, Sum: 0, Workers: 4
[13.278s][debug][gc,phases      ] GC(29)     Total                          Min: 0, Avg:  0.0, Max: 0, Diff: 0, Sum: 0, Workers: 4
[13.278s][debug][gc,phases      ] GC(29)   StringTable Weak               Min:  0.1, Avg:  0.1, Max:  0.1, Diff:  0.0, Sum:  0.4, Workers: 4
[13.278s][debug][gc,phases      ] GC(29)     Dead                           Min: 0, Avg:  2.8, Max: 11, Diff: 11, Sum: 11, Workers: 4
[13.278s][debug][gc,phases      ] GC(29)     Total                          Min: 8576, Avg: 10557.2, Max: 12608, Diff: 4032, Sum: 42229, Workers: 4
[13.278s][debug][gc,phases      ] GC(29)   ResolvedMethodTable Weak       Min:  0.0, Avg:  0.0, Max:  0.0, Diff:  0.0, Sum:  0.1, Workers: 4
[13.278s][debug][gc,phases      ] GC(29)     Dead                           Min: 0, Avg:  0.2, Max: 1, Diff: 1, Sum: 1, Workers: 4
[13.278s][debug][gc,phases      ] GC(29)     Total                          Min: 1280, Avg: 1665.5, Max: 2246, Diff: 966, Sum: 6662, Workers: 4
[13.278s][debug][gc,phases      ] GC(29)   JNI Weak                       Min:  0.0, Avg:  0.0, Max:  0.0, Diff:  0.0, Sum:  0.0, Workers: 4
[13.278s][debug][gc,phases      ] GC(29)     Dead                           Min: 0, Avg:  0.0, Max: 0, Diff: 0, Sum: 0, Workers: 4
[13.278s][debug][gc,phases      ] GC(29)     Total                          Min: 0, Avg:  2.2, Max: 9, Diff: 9, Sum: 9, Workers: 4
[13.278s][debug][gc,phases      ] GC(29)   StringDedup Table Weak         Min:  0.0, Avg:  0.0, Max:  0.0, Diff:  0.0, Sum:  0.0, Workers: 4
[13.278s][debug][gc,phases      ] GC(29)     Dead                           Min: 0, Avg:  0.0, Max: 0, Diff: 0, Sum: 0, Workers: 4
[13.278s][debug][gc,phases      ] GC(29)     Total                          Min: 0, Avg:  0.0, Max: 0, Diff: 0, Sum: 0, Workers: 4
[13.278s][debug][gc,phases      ] GC(29)   StringDedup Requests0 Weak     Min:  0.0, Avg:  0.0, Max:  0.0, Diff:  0.0, Sum:  0.0, Workers: 4
[13.278s][debug][gc,phases      ] GC(29)     Dead                           Min: 0, Avg:  0.0, Max: 0, Diff: 0, Sum: 0, Workers: 4
[13.278s][debug][gc,phases      ] GC(29)     Total                          Min: 0, Avg:  0.0, Max: 0, Diff: 0, Sum: 0, Workers: 4
[13.278s][debug][gc,phases      ] GC(29)   StringDedup Requests1 Weak     Min:  0.0, Avg:  0.0, Max:  0.0, Diff:  0.0, Sum:  0.0, Workers: 4
[13.278s][debug][gc,phases      ] GC(29)     Dead                           Min: 0, Avg:  0.0, Max: 0, Diff: 0, Sum: 0, Workers: 4
[13.278s][debug][gc,phases      ] GC(29)     Total                          Min: 0, Avg:  0.0, Max: 0, Diff: 0, Sum: 0, Workers: 4
[13.278s][debug][gc,phases      ] GC(29)   Weak JFR Old Object Samples    Min:  0.0, Avg:  0.0, Max:  0.0, Diff:  0.0, Sum:  0.0, Workers: 4
[13.278s][debug][gc,phases      ] GC(29)     Dead                           Min: 0, Avg:  0.0, Max: 0, Diff: 0, Sum: 0, Workers: 4
[13.278s][debug][gc,phases      ] GC(29)     Total                          Min: 0, Avg:  0.0, Max: 0, Diff: 0, Sum: 0, Workers: 4
[13.278s][debug][gc,phases      ] GC(29) Weak Processing 0.287ms
[13.278s][debug][gc,age         ] GC(29) Desired survivor size 230686720 bytes, new threshold 13 (max threshold 15)
[13.278s][info ][gc,heap        ] GC(29) PSYoungGen: 1942006K(1942016K)->155110K(1801728K) Eden: 1792000K(1792000K)->0K(1646592K) From: 150006K(150016K)->155110K(155136K)
[13.278s][info ][gc,heap        ] GC(29) ParOldGen: 203226K(274432K)->248459K(274432K)
[13.278s][info ][gc,metaspace   ] GC(29) Metaspace: 66146K(66880K)->66146K(66880K) NonClass: 56461K(56832K)->56461K(56832K) Class: 9685K(10048K)->9685K(10048K)
[13.278s][info ][gc             ] GC(29) Pause Young (Allocation Failure) 2094M->394M(2027M) 105.469ms
[13.278s][info ][gc,cpu         ] GC(29) User=0.39s Sys=0.04s Real=0.10s
[13.278s][debug][gc,phases      ] GC(30) Pre Compact 0.009ms
[13.278s][info ][gc,start       ] GC(30) Pause Full (Ergonomics)
[13.278s][info ][gc,phases,start] GC(30) Marking Phase
[13.428s][debug][gc,phases      ] GC(30) Par Mark 150.262ms
[13.428s][debug][gc,ref         ] GC(30) Skipped phase 1 of Reference Processing: no references
[13.429s][debug][gc,ref         ] GC(30) ReferenceProcessor::execute queues: 4, RefProcThreadModel::Multi, marks_oops_alive: false
[13.429s][debug][gc,ref         ] GC(30) Skipped phase 3 of Reference Processing: no references
[13.429s][debug][gc,ref         ] GC(30) ReferenceProcessor::execute queues: 1, RefProcThreadModel::Single, marks_oops_alive: false
[13.429s][debug][gc,phases      ] GC(30) Reference Processing 0.474ms
[13.429s][debug][gc,phases      ] GC(30)   VM Weak                        Min:  0.0, Avg:  0.0, Max:  0.0, Diff:  0.0, Sum:  0.0, Workers: 4
[13.429s][debug][gc,phases      ] GC(30)     Dead                           Min: 0, Avg:  0.0, Max: 0, Diff: 0, Sum: 0, Workers: 4
[13.429s][debug][gc,phases      ] GC(30)     Total                          Min: 0, Avg: 142.8, Max: 256, Diff: 256, Sum: 571, Workers: 4
[13.429s][debug][gc,phases      ] GC(30)   ObjectSynchronizer Weak        Min:  0.0, Avg:  0.0, Max:  0.0, Diff:  0.0, Sum:  0.0, Workers: 4
[13.429s][debug][gc,phases      ] GC(30)     Dead                           Min: 0, Avg:  0.0, Max: 0, Diff: 0, Sum: 0, Workers: 4
[13.429s][debug][gc,phases      ] GC(30)     Total                          Min: 0, Avg: 83.0, Max: 128, Diff: 128, Sum: 332, Workers: 4
[13.429s][debug][gc,phases      ] GC(30)   JVMTI Tag Weak OopStorage      Min:  0.0, Avg:  0.0, Max:  0.0, Diff:  0.0, Sum:  0.0, Workers: 4
[13.429s][debug][gc,phases      ] GC(30)     Dead                           Min: 0, Avg:  0.0, Max: 0, Diff: 0, Sum: 0, Workers: 4
[13.429s][debug][gc,phases      ] GC(30)     Total                          Min: 0, Avg:  0.0, Max: 0, Diff: 0, Sum: 0, Workers: 4
[13.429s][debug][gc,phases      ] GC(30)   StringTable Weak               Min:  0.1, Avg:  0.1, Max:  0.1, Diff:  0.0, Sum:  0.6, Workers: 4
[13.429s][debug][gc,phases      ] GC(30)     Dead                           Min: 0, Avg:  0.0, Max: 0, Diff: 0, Sum: 0, Workers: 4
[13.429s][debug][gc,phases      ] GC(30)     Total                          Min: 9216, Avg: 10557.2, Max: 13056, Diff: 3840, Sum: 42229, Workers: 4
[13.429s][debug][gc,phases      ] GC(30)   ResolvedMethodTable Weak       Min:  0.0, Avg:  0.0, Max:  0.0, Diff:  0.0, Sum:  0.1, Workers: 4
[13.429s][debug][gc,phases      ] GC(30)     Dead                           Min: 0, Avg:  0.2, Max: 1, Diff: 1, Sum: 1, Workers: 4
[13.429s][debug][gc,phases      ] GC(30)     Total                          Min: 1536, Avg: 1665.5, Max: 1734, Diff: 198, Sum: 6662, Workers: 4
[13.429s][debug][gc,phases      ] GC(30)   JNI Weak                       Min:  0.0, Avg:  0.0, Max:  0.0, Diff:  0.0, Sum:  0.0, Workers: 4
[13.429s][debug][gc,phases      ] GC(30)     Dead                           Min: 0, Avg:  0.0, Max: 0, Diff: 0, Sum: 0, Workers: 4
[13.429s][debug][gc,phases      ] GC(30)     Total                          Min: 0, Avg:  2.2, Max: 9, Diff: 9, Sum: 9, Workers: 4
[13.429s][debug][gc,phases      ] GC(30)   StringDedup Table Weak         Min:  0.0, Avg:  0.0, Max:  0.0, Diff:  0.0, Sum:  0.0, Workers: 4
[13.429s][debug][gc,phases      ] GC(30)     Dead                           Min: 0, Avg:  0.0, Max: 0, Diff: 0, Sum: 0, Workers: 4
[13.429s][debug][gc,phases      ] GC(30)     Total                          Min: 0, Avg:  0.0, Max: 0, Diff: 0, Sum: 0, Workers: 4
[13.429s][debug][gc,phases      ] GC(30)   StringDedup Requests0 Weak     Min:  0.0, Avg:  0.0, Max:  0.0, Diff:  0.0, Sum:  0.0, Workers: 4
[13.429s][debug][gc,phases      ] GC(30)     Dead                           Min: 0, Avg:  0.0, Max: 0, Diff: 0, Sum: 0, Workers: 4
[13.429s][debug][gc,phases      ] GC(30)     Total                          Min: 0, Avg:  0.0, Max: 0, Diff: 0, Sum: 0, Workers: 4
[13.429s][debug][gc,phases      ] GC(30)   StringDedup Requests1 Weak     Min:  0.0, Avg:  0.0, Max:  0.0, Diff:  0.0, Sum:  0.0, Workers: 4
[13.429s][debug][gc,phases      ] GC(30)     Dead                           Min: 0, Avg:  0.0, Max: 0, Diff: 0, Sum: 0, Workers: 4
[13.429s][debug][gc,phases      ] GC(30)     Total                          Min: 0, Avg:  0.0, Max: 0, Diff: 0, Sum: 0, Workers: 4
[13.429s][debug][gc,phases      ] GC(30)   Weak JFR Old Object Samples    Min:  0.0, Avg:  0.0, Max:  0.0, Diff:  0.0, Sum:  0.0, Workers: 4
[13.429s][debug][gc,phases      ] GC(30)     Dead                           Min: 0, Avg:  0.0, Max: 0, Diff: 0, Sum: 0, Workers: 4
[13.429s][debug][gc,phases      ] GC(30)     Total                          Min: 0, Avg:  0.0, Max: 0, Diff: 0, Sum: 0, Workers: 4
[13.429s][debug][gc,phases      ] GC(30) Weak Processing 0.343ms
[13.429s][debug][gc,phases      ] GC(30) ClassLoaderData 0.075ms
[13.429s][debug][gc,phases      ] GC(30) Trigger cleanups 0.001ms
[13.436s][debug][gc,phases      ] GC(30) Class Unloading 7.152ms
[13.436s][info ][gc,phases      ] GC(30) Marking Phase 158.367ms
[13.436s][info ][gc,phases,start] GC(30) Summary Phase
[13.436s][info ][gc,phases      ] GC(30) Summary Phase 0.017ms
[13.436s][info ][gc,phases,start] GC(30) Adjust Roots
[13.446s][info ][gc,phases      ] GC(30) Adjust Roots 9.332ms
[13.446s][info ][gc,phases,start] GC(30) Compaction Phase
[13.868s][info ][gc,phases      ] GC(30) Compaction Phase 422.595ms
[13.868s][info ][gc,phases,start] GC(30) Post Compact
[13.870s][info ][gc,phases      ] GC(30) Post Compact 1.381ms
[13.870s][info ][gc,heap        ] GC(30) PSYoungGen: 155110K(1801728K)->127762K(1801728K) Eden: 0K(1646592K)->0K(1646592K) From: 155110K(155136K)->127762K(155136K)
[13.870s][info ][gc,heap        ] GC(30) ParOldGen: 248459K(274432K)->274063K(346112K)
[13.870s][info ][gc,metaspace   ] GC(30) Metaspace: 66146K(66880K)->66146K(66880K) NonClass: 56461K(56832K)->56461K(56832K) Class: 9685K(10048K)->9685K(10048K)
[13.870s][info ][gc             ] GC(30) Pause Full (Ergonomics) 394M->392M(2097M) 591.923ms
[13.870s][info ][gc,cpu         ] GC(30) User=2.31s Sys=0.00s Real=0.60s
[13.891s][info ][safepoint      ] Safepoint "ParallelGCFailedAllocation", Time since last: 351134365 ns, Reaching safepoint: 279203 ns, At safepoint: 718968005 ns, Total: 719247208 ns
[14.206s][info ][gc,start       ] GC(31) Pause Young (Allocation Failure)
[14.370s][debug][gc,phases      ] GC(31) Scavenge 163.476ms
[14.370s][debug][gc,ref         ] GC(31) Skipped phase 1 of Reference Processing: no references
[14.370s][debug][gc,ref         ] GC(31) ReferenceProcessor::execute queues: 1, RefProcThreadModel::Single, marks_oops_alive: false
[14.370s][debug][gc,ref         ] GC(31) Skipped phase 3 of Reference Processing: no references
[14.370s][debug][gc,ref         ] GC(31) Skipped phase 4 of Reference Processing: no references
[14.370s][debug][gc,phases      ] GC(31) Reference Processing 0.104ms
[14.370s][debug][gc,phases      ] GC(31)   VM Weak                        Min:  0.0, Avg:  0.0, Max:  0.0, Diff:  0.0, Sum:  0.0, Workers: 4
[14.370s][debug][gc,phases      ] GC(31)     Dead                           Min: 0, Avg:  0.0, Max: 0, Diff: 0, Sum: 0, Workers: 4
[14.370s][debug][gc,phases      ] GC(31)     Total                          Min: 0, Avg: 142.8, Max: 571, Diff: 571, Sum: 571, Workers: 4
[14.370s][debug][gc,phases      ] GC(31)   ObjectSynchronizer Weak        Min:  0.0, Avg:  0.0, Max:  0.0, Diff:  0.0, Sum:  0.0, Workers: 4
[14.370s][debug][gc,phases      ] GC(31)     Dead                           Min: 0, Avg:  0.0, Max: 0, Diff: 0, Sum: 0, Workers: 4
[14.370s][debug][gc,phases      ] GC(31)     Total                          Min: 0, Avg: 83.0, Max: 204, Diff: 204, Sum: 332, Workers: 4
[14.370s][debug][gc,phases      ] GC(31)   JVMTI Tag Weak OopStorage      Min:  0.0, Avg:  0.0, Max:  0.0, Diff:  0.0, Sum:  0.0, Workers: 4
[14.370s][debug][gc,phases      ] GC(31)     Dead                           Min: 0, Avg:  0.0, Max: 0, Diff: 0, Sum: 0, Workers: 4
[14.370s][debug][gc,phases      ] GC(31)     Total                          Min: 0, Avg:  0.0, Max: 0, Diff: 0, Sum: 0, Workers: 4
[14.370s][debug][gc,phases      ] GC(31)   StringTable Weak               Min:  0.1, Avg:  0.1, Max:  0.1, Diff:  0.0, Sum:  0.3, Workers: 4
[14.370s][debug][gc,phases      ] GC(31)     Dead                           Min: 0, Avg:  3.5, Max: 11, Diff: 11, Sum: 14, Workers: 4
[14.370s][debug][gc,phases      ] GC(31)     Total                          Min: 6932, Avg: 10564.5, Max: 12480, Diff: 5548, Sum: 42258, Workers: 4
[14.370s][debug][gc,phases      ] GC(31)   ResolvedMethodTable Weak       Min:  0.0, Avg:  0.0, Max:  0.0, Diff:  0.0, Sum:  0.1, Workers: 4
[14.370s][debug][gc,phases      ] GC(31)     Dead                           Min: 0, Avg:  4.0, Max: 16, Diff: 16, Sum: 16, Workers: 4
[14.370s][debug][gc,phases      ] GC(31)     Total                          Min: 1278, Avg: 1671.2, Max: 2342, Diff: 1064, Sum: 6685, Workers: 4
[14.370s][debug][gc,phases      ] GC(31)   JNI Weak                       Min:  0.0, Avg:  0.0, Max:  0.0, Diff:  0.0, Sum:  0.0, Workers: 4
[14.370s][debug][gc,phases      ] GC(31)     Dead                           Min: 0, Avg:  0.0, Max: 0, Diff: 0, Sum: 0, Workers: 4
[14.370s][debug][gc,phases      ] GC(31)     Total                          Min: 0, Avg:  0.2, Max: 1, Diff: 1, Sum: 1, Workers: 4
[14.370s][debug][gc,phases      ] GC(31)   StringDedup Table Weak         Min:  0.0, Avg:  0.0, Max:  0.0, Diff:  0.0, Sum:  0.0, Workers: 4
[14.370s][debug][gc,phases      ] GC(31)     Dead                           Min: 0, Avg:  0.0, Max: 0, Diff: 0, Sum: 0, Workers: 4
[14.370s][debug][gc,phases      ] GC(31)     Total                          Min: 0, Avg:  0.0, Max: 0, Diff: 0, Sum: 0, Workers: 4
[14.370s][debug][gc,phases      ] GC(31)   StringDedup Requests0 Weak     Min:  0.0, Avg:  0.0, Max:  0.0, Diff:  0.0, Sum:  0.0, Workers: 4
[14.370s][debug][gc,phases      ] GC(31)     Dead                           Min: 0, Avg:  0.0, Max: 0, Diff: 0, Sum: 0, Workers: 4
[14.370s][debug][gc,phases      ] GC(31)     Total                          Min: 0, Avg:  0.0, Max: 0, Diff: 0, Sum: 0, Workers: 4
[14.370s][debug][gc,phases      ] GC(31)   StringDedup Requests1 Weak     Min:  0.0, Avg:  0.0, Max:  0.0, Diff:  0.0, Sum:  0.0, Workers: 4
[14.370s][debug][gc,phases      ] GC(31)     Dead                           Min: 0, Avg:  0.0, Max: 0, Diff: 0, Sum: 0, Workers: 4
[14.370s][debug][gc,phases      ] GC(31)     Total                          Min: 0, Avg:  0.0, Max: 0, Diff: 0, Sum: 0, Workers: 4
[14.370s][debug][gc,phases      ] GC(31)   Weak JFR Old Object Samples    Min:  0.0, Avg:  0.0, Max:  0.0, Diff:  0.0, Sum:  0.0, Workers: 4
[14.370s][debug][gc,phases      ] GC(31)     Dead                           Min: 0, Avg:  0.0, Max: 0, Diff: 0, Sum: 0, Workers: 4
[14.370s][debug][gc,phases      ] GC(31)     Total                          Min: 0, Avg:  0.0, Max: 0, Diff: 0, Sum: 0, Workers: 4
[14.370s][debug][gc,phases      ] GC(31) Weak Processing 0.253ms
[14.370s][debug][gc,age         ] GC(31) Desired survivor size 285212672 bytes, new threshold 12 (max threshold 15)
[14.370s][info ][gc,heap        ] GC(31) PSYoungGen: 1774354K(1801728K)->225280K(1871872K) Eden: 1646592K(1646592K)->0K(1646592K) From: 127762K(155136K)->225280K(225280K)
[14.370s][info ][gc,heap        ] GC(31) ParOldGen: 274063K(346112K)->304107K(346112K)
[14.370s][info ][gc,metaspace   ] GC(31) Metaspace: 66197K(66944K)->66197K(66944K) NonClass: 56504K(56896K)->56504K(56896K) Class: 9692K(10048K)->9692K(10048K)
[14.370s][info ][gc             ] GC(31) Pause Young (Allocation Failure) 2000M->516M(2166M) 163.950ms
[14.370s][info ][gc,cpu         ] GC(31) User=0.64s Sys=0.02s Real=0.17s
[14.370s][debug][gc,phases      ] GC(32) Pre Compact 0.009ms
[14.370s][info ][gc,start       ] GC(32) Pause Full (Ergonomics)
[14.370s][info ][gc,phases,start] GC(32) Marking Phase
[14.561s][debug][gc,phases      ] GC(32) Par Mark 190.504ms
[14.561s][debug][gc,ref         ] GC(32) Skipped phase 1 of Reference Processing: no references
[14.561s][debug][gc,ref         ] GC(32) ReferenceProcessor::execute queues: 4, RefProcThreadModel::Multi, marks_oops_alive: false
[14.561s][debug][gc,ref         ] GC(32) Skipped phase 3 of Reference Processing: no references
[14.561s][debug][gc,ref         ] GC(32) ReferenceProcessor::execute queues: 1, RefProcThreadModel::Single, marks_oops_alive: false
[14.561s][debug][gc,phases      ] GC(32) Reference Processing 0.460ms
[14.561s][debug][gc,phases      ] GC(32)   VM Weak                        Min:  0.0, Avg:  0.0, Max:  0.0, Diff:  0.0, Sum:  0.0, Workers: 4
[14.561s][debug][gc,phases      ] GC(32)     Dead                           Min: 0, Avg:  0.0, Max: 0, Diff: 0, Sum: 0, Workers: 4
[14.561s][debug][gc,phases      ] GC(32)     Total                          Min: 0, Avg: 142.8, Max: 512, Diff: 512, Sum: 571, Workers: 4
[14.561s][debug][gc,phases      ] GC(32)   ObjectSynchronizer Weak        Min:  0.0, Avg:  0.0, Max:  0.0, Diff:  0.0, Sum:  0.0, Workers: 4
[14.561s][debug][gc,phases      ] GC(32)     Dead                           Min: 0, Avg:  0.0, Max: 0, Diff: 0, Sum: 0, Workers: 4
[14.561s][debug][gc,phases      ] GC(32)     Total                          Min: 0, Avg: 83.0, Max: 140, Diff: 140, Sum: 332, Workers: 4
[14.561s][debug][gc,phases      ] GC(32)   JVMTI Tag Weak OopStorage      Min:  0.0, Avg:  0.0, Max:  0.0, Diff:  0.0, Sum:  0.0, Workers: 4
[14.561s][debug][gc,phases      ] GC(32)     Dead                           Min: 0, Avg:  0.0, Max: 0, Diff: 0, Sum: 0, Workers: 4
[14.561s][debug][gc,phases      ] GC(32)     Total                          Min: 0, Avg:  0.0, Max: 0, Diff: 0, Sum: 0, Workers: 4
[14.561s][debug][gc,phases      ] GC(32)   StringTable Weak               Min:  0.1, Avg:  0.1, Max:  0.1, Diff:  0.0, Sum:  0.6, Workers: 4
[14.561s][debug][gc,phases      ] GC(32)     Dead                           Min: 0, Avg:  0.0, Max: 0, Diff: 0, Sum: 0, Workers: 4
[14.561s][debug][gc,phases      ] GC(32)     Total                          Min: 9728, Avg: 10564.5, Max: 11200, Diff: 1472, Sum: 42258, Workers: 4
[14.561s][debug][gc,phases      ] GC(32)   ResolvedMethodTable Weak       Min:  0.0, Avg:  0.0, Max:  0.0, Diff:  0.0, Sum:  0.1, Workers: 4
[14.561s][debug][gc,phases      ] GC(32)     Dead                           Min: 0, Avg:  0.0, Max: 0, Diff: 0, Sum: 0, Workers: 4
[14.561s][debug][gc,phases      ] GC(32)     Total                          Min: 1401, Avg: 1671.2, Max: 1792, Diff: 391, Sum: 6685, Workers: 4
[14.561s][debug][gc,phases      ] GC(32)   JNI Weak                       Min:  0.0, Avg:  0.0, Max:  0.0, Diff:  0.0, Sum:  0.0, Workers: 4
[14.561s][debug][gc,phases      ] GC(32)     Dead                           Min: 0, Avg:  0.0, Max: 0, Diff: 0, Sum: 0, Workers: 4
[14.561s][debug][gc,phases      ] GC(32)     Total                          Min: 0, Avg:  0.2, Max: 1, Diff: 1, Sum: 1, Workers: 4
[14.561s][debug][gc,phases      ] GC(32)   StringDedup Table Weak         Min:  0.0, Avg:  0.0, Max:  0.0, Diff:  0.0, Sum:  0.0, Workers: 4
[14.561s][debug][gc,phases      ] GC(32)     Dead                           Min: 0, Avg:  0.0, Max: 0, Diff: 0, Sum: 0, Workers: 4
[14.561s][debug][gc,phases      ] GC(32)     Total                          Min: 0, Avg:  0.0, Max: 0, Diff: 0, Sum: 0, Workers: 4
[14.561s][debug][gc,phases      ] GC(32)   StringDedup Requests0 Weak     Min:  0.0, Avg:  0.0, Max:  0.0, Diff:  0.0, Sum:  0.0, Workers: 4
[14.561s][debug][gc,phases      ] GC(32)     Dead                           Min: 0, Avg:  0.0, Max: 0, Diff: 0, Sum: 0, Workers: 4
[14.561s][debug][gc,phases      ] GC(32)     Total                          Min: 0, Avg:  0.0, Max: 0, Diff: 0, Sum: 0, Workers: 4
[14.561s][debug][gc,phases      ] GC(32)   StringDedup Requests1 Weak     Min:  0.0, Avg:  0.0, Max:  0.0, Diff:  0.0, Sum:  0.0, Workers: 4
[14.561s][debug][gc,phases      ] GC(32)     Dead                           Min: 0, Avg:  0.0, Max: 0, Diff: 0, Sum: 0, Workers: 4
[14.561s][debug][gc,phases      ] GC(32)     Total                          Min: 0, Avg:  0.0, Max: 0, Diff: 0, Sum: 0, Workers: 4
[14.561s][debug][gc,phases      ] GC(32)   Weak JFR Old Object Samples    Min:  0.0, Avg:  0.0, Max:  0.0, Diff:  0.0, Sum:  0.0, Workers: 4
[14.561s][debug][gc,phases      ] GC(32)     Dead                           Min: 0, Avg:  0.0, Max: 0, Diff: 0, Sum: 0, Workers: 4
[14.561s][debug][gc,phases      ] GC(32)     Total                          Min: 0, Avg:  0.0, Max: 0, Diff: 0, Sum: 0, Workers: 4
[14.561s][debug][gc,phases      ] GC(32) Weak Processing 0.336ms
[14.562s][debug][gc,phases      ] GC(32) ClassLoaderData 0.079ms
[14.562s][debug][gc,phases      ] GC(32) Trigger cleanups 0.001ms
[14.568s][debug][gc,phases      ] GC(32) Class Unloading 6.786ms
[14.568s][info ][gc,phases      ] GC(32) Marking Phase 198.214ms
[14.568s][info ][gc,phases,start] GC(32) Summary Phase
[14.568s][info ][gc,phases      ] GC(32) Summary Phase 0.017ms
[14.568s][info ][gc,phases,start] GC(32) Adjust Roots
[14.574s][info ][gc,phases      ] GC(32) Adjust Roots 5.444ms
[14.574s][info ][gc,phases,start] GC(32) Compaction Phase
[15.061s][info ][gc,phases      ] GC(32) Compaction Phase 486.983ms
[15.061s][info ][gc,phases,start] GC(32) Post Compact
[15.062s][info ][gc,phases      ] GC(32) Post Compact 1.001ms
[15.062s][info ][gc,heap        ] GC(32) PSYoungGen: 225280K(1871872K)->183005K(1829888K) Eden: 0K(1646592K)->0K(1646592K) From: 225280K(225280K)->183005K(183296K)
[15.062s][info ][gc,heap        ] GC(32) ParOldGen: 304107K(346112K)->345615K(432640K)
[15.062s][info ][gc,metaspace   ] GC(32) Metaspace: 66197K(66944K)->66197K(66944K) NonClass: 56504K(56896K)->56504K(56896K) Class: 9692K(10048K)->9692K(10048K)
[15.062s][info ][gc             ] GC(32) Pause Full (Ergonomics) 516M->516M(2209M) 691.906ms
[15.062s][info ][gc,cpu         ] GC(32) User=2.70s Sys=0.00s Real=0.69s
[15.065s][info ][safepoint      ] Safepoint "ParallelGCFailedAllocation", Time since last: 314213779 ns, Reaching safepoint: 454105 ns, At safepoint: 859035263 ns, Total: 859489368 ns
[15.179s][info ][safepoint      ] Safepoint "ICBufferFull", Time since last: 113700786 ns, Reaching safepoint: 429005 ns, At safepoint: 33500 ns, Total: 462505 ns
[15.230s][info ][safepoint      ] Safepoint "ICBufferFull", Time since last: 50153723 ns, Reaching safepoint: 123002 ns, At safepoint: 28800 ns, Total: 151802 ns
[15.263s][info ][safepoint      ] Safepoint "ICBufferFull", Time since last: 33746352 ns, Reaching safepoint: 124701 ns, At safepoint: 28601 ns, Total: 153302 ns
[15.271s][info ][safepoint      ] Safepoint "ICBufferFull", Time since last: 7270975 ns, Reaching safepoint: 205603 ns, At safepoint: 27800 ns, Total: 233403 ns
[15.343s][info ][safepoint      ] Safepoint "ICBufferFull", Time since last: 71799849 ns, Reaching safepoint: 133701 ns, At safepoint: 31001 ns, Total: 164702 ns
[15.372s][info ][safepoint      ] Safepoint "ICBufferFull", Time since last: 29445307 ns, Reaching safepoint: 139601 ns, At safepoint: 32300 ns, Total: 171901 ns
[15.400s][info ][safepoint      ] Safepoint "ICBufferFull", Time since last: 27526988 ns, Reaching safepoint: 123701 ns, At safepoint: 31200 ns, Total: 154901 ns
[15.440s][info ][safepoint      ] Safepoint "ICBufferFull", Time since last: 37497991 ns, Reaching safepoint: 2160323 ns, At safepoint: 29400 ns, Total: 2189723 ns
[15.457s][info ][gc,start       ] GC(33) Pause Young (Allocation Failure)
[15.551s][debug][gc,phases      ] GC(33) Scavenge 94.217ms
[15.551s][debug][gc,ref         ] GC(33) Skipped phase 1 of Reference Processing: no references
[15.552s][debug][gc,ref         ] GC(33) ReferenceProcessor::execute queues: 1, RefProcThreadModel::Single, marks_oops_alive: false
[15.552s][debug][gc,ref         ] GC(33) Skipped phase 3 of Reference Processing: no references
[15.552s][debug][gc,ref         ] GC(33) ReferenceProcessor::execute queues: 1, RefProcThreadModel::Single, marks_oops_alive: false
[15.552s][debug][gc,phases      ] GC(33) Reference Processing 0.123ms
[15.552s][debug][gc,phases      ] GC(33)   VM Weak                        Min:  0.0, Avg:  0.0, Max:  0.0, Diff:  0.0, Sum:  0.0, Workers: 4
[15.552s][debug][gc,phases      ] GC(33)     Dead                           Min: 0, Avg:  0.0, Max: 0, Diff: 0, Sum: 0, Workers: 4
[15.552s][debug][gc,phases      ] GC(33)     Total                          Min: 0, Avg: 145.0, Max: 452, Diff: 452, Sum: 580, Workers: 4
[15.552s][debug][gc,phases      ] GC(33)   ObjectSynchronizer Weak        Min:  0.0, Avg:  0.0, Max:  0.0, Diff:  0.0, Sum:  0.0, Workers: 4
[15.552s][debug][gc,phases      ] GC(33)     Dead                           Min: 0, Avg:  0.0, Max: 0, Diff: 0, Sum: 0, Workers: 4
[15.552s][debug][gc,phases      ] GC(33)     Total                          Min: 0, Avg: 83.0, Max: 192, Diff: 192, Sum: 332, Workers: 4
[15.552s][debug][gc,phases      ] GC(33)   JVMTI Tag Weak OopStorage      Min:  0.0, Avg:  0.0, Max:  0.0, Diff:  0.0, Sum:  0.0, Workers: 4
[15.552s][debug][gc,phases      ] GC(33)     Dead                           Min: 0, Avg:  0.0, Max: 0, Diff: 0, Sum: 0, Workers: 4
[15.552s][debug][gc,phases      ] GC(33)     Total                          Min: 0, Avg:  0.0, Max: 0, Diff: 0, Sum: 0, Workers: 4
[15.552s][debug][gc,phases      ] GC(33)   StringTable Weak               Min:  0.1, Avg:  0.1, Max:  0.1, Diff:  0.0, Sum:  0.3, Workers: 4
[15.552s][debug][gc,phases      ] GC(33)     Dead                           Min: 0, Avg:  3.5, Max: 12, Diff: 12, Sum: 14, Workers: 4
[15.552s][debug][gc,phases      ] GC(33)     Total                          Min: 7936, Avg: 10609.8, Max: 12743, Diff: 4807, Sum: 42439, Workers: 4
[15.552s][debug][gc,phases      ] GC(33)   ResolvedMethodTable Weak       Min:  0.0, Avg:  0.0, Max:  0.0, Diff:  0.0, Sum:  0.1, Workers: 4
[15.552s][debug][gc,phases      ] GC(33)     Dead                           Min: 0, Avg:  7.0, Max: 21, Diff: 21, Sum: 28, Workers: 4
[15.552s][debug][gc,phases      ] GC(33)     Total                          Min: 1408, Avg: 1705.2, Max: 2021, Diff: 613, Sum: 6821, Workers: 4
[15.552s][debug][gc,phases      ] GC(33)   JNI Weak                       Min:  0.0, Avg:  0.0, Max:  0.0, Diff:  0.0, Sum:  0.0, Workers: 4
[15.552s][debug][gc,phases      ] GC(33)     Dead                           Min: 0, Avg:  0.0, Max: 0, Diff: 0, Sum: 0, Workers: 4
[15.552s][debug][gc,phases      ] GC(33)     Total                          Min: 0, Avg:  2.8, Max: 11, Diff: 11, Sum: 11, Workers: 4
[15.552s][debug][gc,phases      ] GC(33)   StringDedup Table Weak         Min:  0.0, Avg:  0.0, Max:  0.0, Diff:  0.0, Sum:  0.0, Workers: 4
[15.552s][debug][gc,phases      ] GC(33)     Dead                           Min: 0, Avg:  0.0, Max: 0, Diff: 0, Sum: 0, Workers: 4
[15.552s][debug][gc,phases      ] GC(33)     Total                          Min: 0, Avg:  0.0, Max: 0, Diff: 0, Sum: 0, Workers: 4
[15.552s][debug][gc,phases      ] GC(33)   StringDedup Requests0 Weak     Min:  0.0, Avg:  0.0, Max:  0.0, Diff:  0.0, Sum:  0.0, Workers: 4
[15.552s][debug][gc,phases      ] GC(33)     Dead                           Min: 0, Avg:  0.0, Max: 0, Diff: 0, Sum: 0, Workers: 4
[15.552s][debug][gc,phases      ] GC(33)     Total                          Min: 0, Avg:  0.0, Max: 0, Diff: 0, Sum: 0, Workers: 4
[15.552s][debug][gc,phases      ] GC(33)   StringDedup Requests1 Weak     Min:  0.0, Avg:  0.0, Max:  0.0, Diff:  0.0, Sum:  0.0, Workers: 4
[15.552s][debug][gc,phases      ] GC(33)     Dead                           Min: 0, Avg:  0.0, Max: 0, Diff: 0, Sum: 0, Workers: 4
[15.552s][debug][gc,phases      ] GC(33)     Total                          Min: 0, Avg:  0.0, Max: 0, Diff: 0, Sum: 0, Workers: 4
[15.552s][debug][gc,phases      ] GC(33)   Weak JFR Old Object Samples    Min:  0.0, Avg:  0.0, Max:  0.0, Diff:  0.0, Sum:  0.0, Workers: 4
[15.552s][debug][gc,phases      ] GC(33)     Dead                           Min: 0, Avg:  0.0, Max: 0, Diff: 0, Sum: 0, Workers: 4
[15.552s][debug][gc,phases      ] GC(33)     Total                          Min: 0, Avg:  0.0, Max: 0, Diff: 0, Sum: 0, Workers: 4
[15.552s][debug][gc,phases      ] GC(33) Weak Processing 0.265ms
[15.552s][debug][gc,age         ] GC(33) Desired survivor size 302514176 bytes, new threshold 13 (max threshold 15)
[15.552s][info ][gc,heap        ] GC(33) PSYoungGen: 1829597K(1829888K)->184832K(1773568K) Eden: 1646592K(1646592K)->0K(1506304K) From: 183005K(183296K)->184832K(267264K)
[15.552s][info ][gc,heap        ] GC(33) ParOldGen: 345615K(432640K)->345623K(432640K)
[15.552s][info ][gc,metaspace   ] GC(33) Metaspace: 66870K(67584K)->66870K(67584K) NonClass: 57081K(57472K)->57081K(57472K) Class: 9788K(10112K)->9788K(10112K)
[15.552s][info ][gc             ] GC(33) Pause Young (Allocation Failure) 2124M->518M(2154M) 94.721ms
[15.552s][info ][gc,cpu         ] GC(33) User=0.38s Sys=0.00s Real=0.10s
[15.552s][info ][safepoint      ] Safepoint "ParallelGCFailedAllocation", Time since last: 17163679 ns, Reaching safepoint: 118002 ns, At safepoint: 94828989 ns, Total: 94946991 ns
[15.580s][info ][safepoint      ] Safepoint "ICBufferFull", Time since last: 12568331 ns, Reaching safepoint: 15005356 ns, At safepoint: 33001 ns, Total: 15038357 ns
[15.616s][info ][safepoint      ] Safepoint "ICBufferFull", Time since last: 34431659 ns, Reaching safepoint: 2116922 ns, At safepoint: 28700 ns, Total: 2145622 ns
[15.629s][info ][safepoint      ] Safepoint "ICBufferFull", Time since last: 12836334 ns, Reaching safepoint: 253203 ns, At safepoint: 32800 ns, Total: 286003 ns
[15.659s][info ][safepoint      ] Safepoint "ICBufferFull", Time since last: 29347206 ns, Reaching safepoint: 123902 ns, At safepoint: 37300 ns, Total: 161202 ns
[15.678s][info ][safepoint      ] Safepoint "ICBufferFull", Time since last: 19431803 ns, Reaching safepoint: 144001 ns, At safepoint: 39501 ns, Total: 183502 ns
[15.732s][info ][safepoint      ] Safepoint "ICBufferFull", Time since last: 53401357 ns, Reaching safepoint: 117901 ns, At safepoint: 34000 ns, Total: 151901 ns
[15.752s][info ][safepoint      ] Safepoint "ICBufferFull", Time since last: 19625305 ns, Reaching safepoint: 102001 ns, At safepoint: 26600 ns, Total: 128601 ns
[15.777s][info ][safepoint      ] Safepoint "ICBufferFull", Time since last: 24928760 ns, Reaching safepoint: 466105 ns, At safepoint: 32201 ns, Total: 498306 ns
[15.790s][info ][safepoint      ] Safepoint "ICBufferFull", Time since last: 12812633 ns, Reaching safepoint: 174602 ns, At safepoint: 34900 ns, Total: 209502 ns
[15.818s][info ][safepoint      ] Safepoint "ICBufferFull", Time since last: 25868870 ns, Reaching safepoint: 2128422 ns, At safepoint: 34001 ns, Total: 2162423 ns
[15.825s][info ][safepoint      ] Safepoint "ICBufferFull", Time since last: 6706270 ns, Reaching safepoint: 117701 ns, At safepoint: 31100 ns, Total: 148801 ns
[15.831s][info ][safepoint      ] Safepoint "ICBufferFull", Time since last: 6176665 ns, Reaching safepoint: 116101 ns, At safepoint: 49201 ns, Total: 165302 ns
[15.851s][info ][safepoint      ] Safepoint "ICBufferFull", Time since last: 19013798 ns, Reaching safepoint: 102601 ns, At safepoint: 10000 ns, Total: 112601 ns
[15.851s][info ][gc,start       ] GC(34) Pause Young (Allocation Failure)
[15.909s][debug][gc,phases      ] GC(34) Scavenge 57.870ms
[15.909s][debug][gc,ref         ] GC(34) Skipped phase 1 of Reference Processing: no references
[15.909s][debug][gc,ref         ] GC(34) ReferenceProcessor::execute queues: 1, RefProcThreadModel::Single, marks_oops_alive: false
[15.909s][debug][gc,ref         ] GC(34) Skipped phase 3 of Reference Processing: no references
[15.909s][debug][gc,ref         ] GC(34) ReferenceProcessor::execute queues: 1, RefProcThreadModel::Single, marks_oops_alive: false
[15.909s][debug][gc,phases      ] GC(34) Reference Processing 0.131ms
[15.909s][debug][gc,phases      ] GC(34)   VM Weak                        Min:  0.0, Avg:  0.0, Max:  0.0, Diff:  0.0, Sum:  0.0, Workers: 4
[15.909s][debug][gc,phases      ] GC(34)     Dead                           Min: 0, Avg:  0.0, Max: 0, Diff: 0, Sum: 0, Workers: 4
[15.909s][debug][gc,phases      ] GC(34)     Total                          Min: 0, Avg: 145.0, Max: 580, Diff: 580, Sum: 580, Workers: 4
[15.909s][debug][gc,phases      ] GC(34)   ObjectSynchronizer Weak        Min:  0.0, Avg:  0.0, Max:  0.0, Diff:  0.0, Sum:  0.0, Workers: 4
[15.909s][debug][gc,phases      ] GC(34)     Dead                           Min: 0, Avg:  0.0, Max: 0, Diff: 0, Sum: 0, Workers: 4
[15.909s][debug][gc,phases      ] GC(34)     Total                          Min: 0, Avg: 83.0, Max: 332, Diff: 332, Sum: 332, Workers: 4
[15.909s][debug][gc,phases      ] GC(34)   JVMTI Tag Weak OopStorage      Min:  0.0, Avg:  0.0, Max:  0.0, Diff:  0.0, Sum:  0.0, Workers: 4
[15.909s][debug][gc,phases      ] GC(34)     Dead                           Min: 0, Avg:  0.0, Max: 0, Diff: 0, Sum: 0, Workers: 4
[15.909s][debug][gc,phases      ] GC(34)     Total                          Min: 0, Avg:  0.0, Max: 0, Diff: 0, Sum: 0, Workers: 4
[15.909s][debug][gc,phases      ] GC(34)   StringTable Weak               Min:  0.1, Avg:  0.1, Max:  0.1, Diff:  0.0, Sum:  0.3, Workers: 4
[15.909s][debug][gc,phases      ] GC(34)     Dead                           Min: 0, Avg:  2.8, Max: 11, Diff: 11, Sum: 11, Workers: 4
[15.909s][debug][gc,phases      ] GC(34)     Total                          Min: 10039, Avg: 10614.5, Max: 11172, Diff: 1133, Sum: 42458, Workers: 4
[15.909s][debug][gc,phases      ] GC(34)   ResolvedMethodTable Weak       Min:  0.0, Avg:  0.0, Max:  0.0, Diff:  0.0, Sum:  0.0, Workers: 4
[15.909s][debug][gc,phases      ] GC(34)     Dead                           Min: 0, Avg:  0.0, Max: 0, Diff: 0, Sum: 0, Workers: 4
[15.909s][debug][gc,phases      ] GC(34)     Total                          Min: 1637, Avg: 1705.2, Max: 1792, Diff: 155, Sum: 6821, Workers: 4
[15.909s][debug][gc,phases      ] GC(34)   JNI Weak                       Min:  0.0, Avg:  0.0, Max:  0.0, Diff:  0.0, Sum:  0.0, Workers: 4
[15.909s][debug][gc,phases      ] GC(34)     Dead                           Min: 0, Avg:  0.0, Max: 0, Diff: 0, Sum: 0, Workers: 4
[15.909s][debug][gc,phases      ] GC(34)     Total                          Min: 0, Avg:  0.2, Max: 1, Diff: 1, Sum: 1, Workers: 4
[15.909s][debug][gc,phases      ] GC(34)   StringDedup Table Weak         Min:  0.0, Avg:  0.0, Max:  0.0, Diff:  0.0, Sum:  0.0, Workers: 4
[15.909s][debug][gc,phases      ] GC(34)     Dead                           Min: 0, Avg:  0.0, Max: 0, Diff: 0, Sum: 0, Workers: 4
[15.909s][debug][gc,phases      ] GC(34)     Total                          Min: 0, Avg:  0.0, Max: 0, Diff: 0, Sum: 0, Workers: 4
[15.909s][debug][gc,phases      ] GC(34)   StringDedup Requests0 Weak     Min:  0.0, Avg:  0.0, Max:  0.0, Diff:  0.0, Sum:  0.0, Workers: 4
[15.909s][debug][gc,phases      ] GC(34)     Dead                           Min: 0, Avg:  0.0, Max: 0, Diff: 0, Sum: 0, Workers: 4
[15.909s][debug][gc,phases      ] GC(34)     Total                          Min: 0, Avg:  0.0, Max: 0, Diff: 0, Sum: 0, Workers: 4
[15.909s][debug][gc,phases      ] GC(34)   StringDedup Requests1 Weak     Min:  0.0, Avg:  0.0, Max:  0.0, Diff:  0.0, Sum:  0.0, Workers: 4
[15.909s][debug][gc,phases      ] GC(34)     Dead                           Min: 0, Avg:  0.0, Max: 0, Diff: 0, Sum: 0, Workers: 4
[15.909s][debug][gc,phases      ] GC(34)     Total                          Min: 0, Avg:  0.0, Max: 0, Diff: 0, Sum: 0, Workers: 4
[15.909s][debug][gc,phases      ] GC(34)   Weak JFR Old Object Samples    Min:  0.0, Avg:  0.0, Max:  0.0, Diff:  0.0, Sum:  0.0, Workers: 4
[15.909s][debug][gc,phases      ] GC(34)     Dead                           Min: 0, Avg:  0.0, Max: 0, Diff: 0, Sum: 0, Workers: 4
[15.909s][debug][gc,phases      ] GC(34)     Total                          Min: 0, Avg:  0.0, Max: 0, Diff: 0, Sum: 0, Workers: 4
[15.909s][debug][gc,phases      ] GC(34) Weak Processing 0.240ms
[15.909s][debug][gc,age         ] GC(34) Desired survivor size 315621376 bytes, new threshold 14 (max threshold 15)
[15.909s][info ][gc,heap        ] GC(34) PSYoungGen: 1691136K(1773568K)->185792K(1692160K) Eden: 1506304K(1506304K)->0K(1506304K) From: 184832K(267264K)->185792K(185856K)
[15.909s][info ][gc,heap        ] GC(34) ParOldGen: 345623K(432640K)->345631K(432640K)
[15.909s][info ][gc,metaspace   ] GC(34) Metaspace: 66956K(67648K)->66956K(67648K) NonClass: 57167K(57536K)->57167K(57536K) Class: 9788K(10112K)->9788K(10112K)
[15.909s][info ][gc             ] GC(34) Pause Young (Allocation Failure) 1989M->518M(2075M) 58.341ms
[15.909s][info ][gc,cpu         ] GC(34) User=0.23s Sys=0.00s Real=0.06s
[15.909s][info ][safepoint      ] Safepoint "ParallelGCFailedAllocation", Time since last: 79801 ns, Reaching safepoint: 101501 ns, At safepoint: 58421609 ns, Total: 58523110 ns
[15.929s][info ][safepoint      ] Safepoint "ICBufferFull", Time since last: 19933708 ns, Reaching safepoint: 121201 ns, At safepoint: 29701 ns, Total: 150902 ns
[15.937s][info ][safepoint      ] Safepoint "ICBufferFull", Time since last: 8132985 ns, Reaching safepoint: 117401 ns, At safepoint: 27900 ns, Total: 145301 ns
[15.947s][info ][safepoint      ] Safepoint "ICBufferFull", Time since last: 9521499 ns, Reaching safepoint: 111102 ns, At safepoint: 25800 ns, Total: 136902 ns
[15.956s][info ][safepoint      ] Safepoint "ICBufferFull", Time since last: 8313887 ns, Reaching safepoint: 99201 ns, At safepoint: 32500 ns, Total: 131701 ns
[15.973s][info ][safepoint      ] Safepoint "ICBufferFull", Time since last: 17680484 ns, Reaching safepoint: 114001 ns, At safepoint: 26801 ns, Total: 140802 ns
[15.981s][info ][safepoint      ] Safepoint "ICBufferFull", Time since last: 7724280 ns, Reaching safepoint: 111201 ns, At safepoint: 29801 ns, Total: 141002 ns
[15.999s][info ][safepoint      ] Safepoint "ICBufferFull", Time since last: 18079288 ns, Reaching safepoint: 101601 ns, At safepoint: 29501 ns, Total: 131102 ns
[16.023s][info ][safepoint      ] Safepoint "ICBufferFull", Time since last: 23478045 ns, Reaching safepoint: 130201 ns, At safepoint: 33500 ns, Total: 163701 ns
[16.046s][info ][safepoint      ] Safepoint "ICBufferFull", Time since last: 22736037 ns, Reaching safepoint: 122202 ns, At safepoint: 29000 ns, Total: 151202 ns
[16.062s][info ][safepoint      ] Safepoint "ICBufferFull", Time since last: 16173769 ns, Reaching safepoint: 117001 ns, At safepoint: 28900 ns, Total: 145901 ns
[16.068s][info ][safepoint      ] Safepoint "ICBufferFull", Time since last: 5860761 ns, Reaching safepoint: 110501 ns, At safepoint: 26801 ns, Total: 137302 ns
[16.078s][info ][safepoint      ] Safepoint "ICBufferFull", Time since last: 9681801 ns, Reaching safepoint: 81200 ns, At safepoint: 29801 ns, Total: 111001 ns
[16.090s][info ][safepoint      ] Safepoint "ICBufferFull", Time since last: 11846623 ns, Reaching safepoint: 123002 ns, At safepoint: 29800 ns, Total: 152802 ns
[16.096s][info ][safepoint      ] Safepoint "ICBufferFull", Time since last: 5757160 ns, Reaching safepoint: 78501 ns, At safepoint: 26700 ns, Total: 105201 ns
[16.103s][info ][safepoint      ] Safepoint "ICBufferFull", Time since last: 7173075 ns, Reaching safepoint: 95601 ns, At safepoint: 33100 ns, Total: 128701 ns
[16.114s][info ][safepoint      ] Safepoint "ICBufferFull", Time since last: 10590011 ns, Reaching safepoint: 111101 ns, At safepoint: 29300 ns, Total: 140401 ns
[16.135s][info ][safepoint      ] Safepoint "ICBufferFull", Time since last: 21161521 ns, Reaching safepoint: 101601 ns, At safepoint: 44600 ns, Total: 146201 ns
[16.140s][info ][safepoint      ] Safepoint "ICBufferFull", Time since last: 4362846 ns, Reaching safepoint: 94101 ns, At safepoint: 35100 ns, Total: 129201 ns
[16.145s][info ][safepoint      ] Safepoint "ICBufferFull", Time since last: 4749150 ns, Reaching safepoint: 100701 ns, At safepoint: 30000 ns, Total: 130701 ns
[16.159s][info ][safepoint      ] Safepoint "ICBufferFull", Time since last: 14109147 ns, Reaching safepoint: 116801 ns, At safepoint: 35101 ns, Total: 151902 ns
[16.163s][info ][safepoint      ] Safepoint "ICBufferFull", Time since last: 3408235 ns, Reaching safepoint: 183702 ns, At safepoint: 41801 ns, Total: 225503 ns
[16.168s][info ][safepoint      ] Safepoint "ICBufferFull", Time since last: 5495257 ns, Reaching safepoint: 106801 ns, At safepoint: 29800 ns, Total: 136601 ns
[16.173s][info ][safepoint      ] Safepoint "ICBufferFull", Time since last: 4938252 ns, Reaching safepoint: 163802 ns, At safepoint: 22500 ns, Total: 186302 ns
[16.186s][info ][safepoint      ] Safepoint "ICBufferFull", Time since last: 12615031 ns, Reaching safepoint: 117502 ns, At safepoint: 30300 ns, Total: 147802 ns
[16.205s][info ][safepoint      ] Safepoint "ICBufferFull", Time since last: 18715495 ns, Reaching safepoint: 102901 ns, At safepoint: 30000 ns, Total: 132901 ns
[16.210s][info ][safepoint      ] Safepoint "ICBufferFull", Time since last: 5165754 ns, Reaching safepoint: 116502 ns, At safepoint: 28800 ns, Total: 145302 ns
[16.224s][info ][safepoint      ] Safepoint "ICBufferFull", Time since last: 11160916 ns, Reaching safepoint: 2146523 ns, At safepoint: 37900 ns, Total: 2184423 ns
[16.225s][info ][safepoint      ] Safepoint "ICBufferFull", Time since last: 1037911 ns, Reaching safepoint: 173402 ns, At safepoint: 28800 ns, Total: 202202 ns
[16.227s][info ][safepoint      ] Safepoint "ICBufferFull", Time since last: 1692018 ns, Reaching safepoint: 100801 ns, At safepoint: 28500 ns, Total: 129301 ns
[16.235s][info ][safepoint      ] Safepoint "ICBufferFull", Time since last: 8477588 ns, Reaching safepoint: 131602 ns, At safepoint: 49200 ns, Total: 180802 ns
[16.237s][info ][safepoint      ] Safepoint "ICBufferFull", Time since last: 1251413 ns, Reaching safepoint: 497505 ns, At safepoint: 27401 ns, Total: 524906 ns
[16.252s][info ][safepoint      ] Safepoint "ICBufferFull", Time since last: 15040057 ns, Reaching safepoint: 113701 ns, At safepoint: 40600 ns, Total: 154301 ns
[16.259s][info ][safepoint      ] Safepoint "ICBufferFull", Time since last: 6116264 ns, Reaching safepoint: 211202 ns, At safepoint: 31401 ns, Total: 242603 ns
[16.274s][info ][safepoint      ] Safepoint "ICBufferFull", Time since last: 13432040 ns, Reaching safepoint: 2115722 ns, At safepoint: 30100 ns, Total: 2145822 ns
[16.287s][info ][safepoint      ] Safepoint "ICBufferFull", Time since last: 12165727 ns, Reaching safepoint: 123101 ns, At safepoint: 26800 ns, Total: 149901 ns
[16.295s][info ][safepoint      ] Safepoint "ICBufferFull", Time since last: 7789982 ns, Reaching safepoint: 316703 ns, At safepoint: 26000 ns, Total: 342703 ns
[16.303s][info ][gc,start       ] GC(35) Pause Young (Allocation Failure)
[16.372s][debug][gc,phases      ] GC(35) Scavenge 69.736ms
[16.372s][debug][gc,ref         ] GC(35) Skipped phase 1 of Reference Processing: no references
[16.373s][debug][gc,ref         ] GC(35) ReferenceProcessor::execute queues: 1, RefProcThreadModel::Single, marks_oops_alive: false
[16.373s][debug][gc,ref         ] GC(35) Skipped phase 3 of Reference Processing: no references
[16.373s][debug][gc,ref         ] GC(35) ReferenceProcessor::execute queues: 1, RefProcThreadModel::Single, marks_oops_alive: false
[16.373s][debug][gc,phases      ] GC(35) Reference Processing 0.138ms
[16.373s][debug][gc,phases      ] GC(35)   VM Weak                        Min:  0.0, Avg:  0.0, Max:  0.0, Diff:  0.0, Sum:  0.0, Workers: 4
[16.373s][debug][gc,phases      ] GC(35)     Dead                           Min: 0, Avg:  0.0, Max: 0, Diff: 0, Sum: 0, Workers: 4
[16.373s][debug][gc,phases      ] GC(35)     Total                          Min: 0, Avg: 147.0, Max: 576, Diff: 576, Sum: 588, Workers: 4
[16.373s][debug][gc,phases      ] GC(35)   ObjectSynchronizer Weak        Min:  0.0, Avg:  0.0, Max:  0.0, Diff:  0.0, Sum:  0.0, Workers: 4
[16.373s][debug][gc,phases      ] GC(35)     Dead                           Min: 0, Avg:  0.0, Max: 0, Diff: 0, Sum: 0, Workers: 4
[16.373s][debug][gc,phases      ] GC(35)     Total                          Min: 0, Avg: 83.0, Max: 192, Diff: 192, Sum: 332, Workers: 4
[16.373s][debug][gc,phases      ] GC(35)   JVMTI Tag Weak OopStorage      Min:  0.0, Avg:  0.0, Max:  0.0, Diff:  0.0, Sum:  0.0, Workers: 4
[16.373s][debug][gc,phases      ] GC(35)     Dead                           Min: 0, Avg:  0.0, Max: 0, Diff: 0, Sum: 0, Workers: 4
[16.373s][debug][gc,phases      ] GC(35)     Total                          Min: 0, Avg:  0.0, Max: 0, Diff: 0, Sum: 0, Workers: 4
[16.373s][debug][gc,phases      ] GC(35)   StringTable Weak               Min:  0.1, Avg:  0.1, Max:  0.1, Diff:  0.0, Sum:  0.3, Workers: 4
[16.373s][debug][gc,phases      ] GC(35)     Dead                           Min: 0, Avg:  2.8, Max: 11, Diff: 11, Sum: 11, Workers: 4
[16.373s][debug][gc,phases      ] GC(35)     Total                          Min: 7944, Avg: 10626.0, Max: 13248, Diff: 5304, Sum: 42504, Workers: 4
[16.373s][debug][gc,phases      ] GC(35)   ResolvedMethodTable Weak       Min:  0.0, Avg:  0.0, Max:  0.0, Diff:  0.0, Sum:  0.1, Workers: 4
[16.373s][debug][gc,phases      ] GC(35)     Dead                           Min: 0, Avg:  4.0, Max: 8, Diff: 8, Sum: 16, Workers: 4
[16.373s][debug][gc,phases      ] GC(35)     Total                          Min: 1406, Avg: 1719.8, Max: 2112, Diff: 706, Sum: 6879, Workers: 4
[16.373s][debug][gc,phases      ] GC(35)   JNI Weak                       Min:  0.0, Avg:  0.0, Max:  0.0, Diff:  0.0, Sum:  0.0, Workers: 4
[16.373s][debug][gc,phases      ] GC(35)     Dead                           Min: 0, Avg:  0.0, Max: 0, Diff: 0, Sum: 0, Workers: 4
[16.373s][debug][gc,phases      ] GC(35)     Total                          Min: 0, Avg:  0.8, Max: 3, Diff: 3, Sum: 3, Workers: 4
[16.373s][debug][gc,phases      ] GC(35)   StringDedup Table Weak         Min:  0.0, Avg:  0.0, Max:  0.0, Diff:  0.0, Sum:  0.0, Workers: 4
[16.373s][debug][gc,phases      ] GC(35)     Dead                           Min: 0, Avg:  0.0, Max: 0, Diff: 0, Sum: 0, Workers: 4
[16.373s][debug][gc,phases      ] GC(35)     Total                          Min: 0, Avg:  0.0, Max: 0, Diff: 0, Sum: 0, Workers: 4
[16.373s][debug][gc,phases      ] GC(35)   StringDedup Requests0 Weak     Min:  0.0, Avg:  0.0, Max:  0.0, Diff:  0.0, Sum:  0.0, Workers: 4
[16.373s][debug][gc,phases      ] GC(35)     Dead                           Min: 0, Avg:  0.0, Max: 0, Diff: 0, Sum: 0, Workers: 4
[16.373s][debug][gc,phases      ] GC(35)     Total                          Min: 0, Avg:  0.0, Max: 0, Diff: 0, Sum: 0, Workers: 4
[16.373s][debug][gc,phases      ] GC(35)   StringDedup Requests1 Weak     Min:  0.0, Avg:  0.0, Max:  0.0, Diff:  0.0, Sum:  0.0, Workers: 4
[16.373s][debug][gc,phases      ] GC(35)     Dead                           Min: 0, Avg:  0.0, Max: 0, Diff: 0, Sum: 0, Workers: 4
[16.373s][debug][gc,phases      ] GC(35)     Total                          Min: 0, Avg:  0.0, Max: 0, Diff: 0, Sum: 0, Workers: 4
[16.373s][debug][gc,phases      ] GC(35)   Weak JFR Old Object Samples    Min:  0.0, Avg:  0.0, Max:  0.0, Diff:  0.0, Sum:  0.0, Workers: 4
[16.373s][debug][gc,phases      ] GC(35)     Dead                           Min: 0, Avg:  0.0, Max: 0, Diff: 0, Sum: 0, Workers: 4
[16.373s][debug][gc,phases      ] GC(35)     Total                          Min: 0, Avg:  0.0, Max: 0, Diff: 0, Sum: 0, Workers: 4
[16.373s][debug][gc,phases      ] GC(35) Weak Processing 0.278ms
[16.373s][debug][gc,age         ] GC(35) Desired survivor size 325582848 bytes, new threshold 15 (max threshold 15)
[16.373s][info ][gc,heap        ] GC(35) PSYoungGen: 1692096K(1692160K)->186800K(1769472K) Eden: 1506304K(1506304K)->0K(1461248K) From: 185792K(185856K)->186800K(308224K)
[16.373s][info ][gc,heap        ] GC(35) ParOldGen: 345631K(432640K)->345631K(432640K)
[16.373s][info ][gc,metaspace   ] GC(35) Metaspace: 67159K(67968K)->67159K(67968K) NonClass: 57342K(57792K)->57342K(57792K) Class: 9816K(10176K)->9816K(10176K)
[16.373s][info ][gc             ] GC(35) Pause Young (Allocation Failure) 1989M->519M(2150M) 70.283ms
[16.373s][info ][gc,cpu         ] GC(35) User=0.28s Sys=0.00s Real=0.07s
[16.373s][info ][safepoint      ] Safepoint "ParallelGCFailedAllocation", Time since last: 7796982 ns, Reaching safepoint: 103501 ns, At safepoint: 70378434 ns, Total: 70481935 ns
[16.386s][info ][safepoint      ] Safepoint "ICBufferFull", Time since last: 12989235 ns, Reaching safepoint: 88501 ns, At safepoint: 36200 ns, Total: 124701 ns
[16.392s][info ][safepoint      ] Safepoint "ICBufferFull", Time since last: 5548758 ns, Reaching safepoint: 106801 ns, At safepoint: 27601 ns, Total: 134402 ns
[16.399s][info ][safepoint      ] Safepoint "ICBufferFull", Time since last: 7524378 ns, Reaching safepoint: 125501 ns, At safepoint: 21701 ns, Total: 147202 ns
[16.432s][info ][safepoint      ] Safepoint "ICBufferFull", Time since last: 32899043 ns, Reaching safepoint: 118701 ns, At safepoint: 31100 ns, Total: 149801 ns
[16.441s][info ][safepoint      ] Safepoint "ICBufferFull", Time since last: 7835282 ns, Reaching safepoint: 244102 ns, At safepoint: 33401 ns, Total: 277503 ns
[16.451s][info ][safepoint      ] Safepoint "ICBufferFull", Time since last: 10197806 ns, Reaching safepoint: 170902 ns, At safepoint: 24700 ns, Total: 195602 ns
[16.455s][info ][safepoint      ] Safepoint "ICBufferFull", Time since last: 3987742 ns, Reaching safepoint: 96401 ns, At safepoint: 29500 ns, Total: 125901 ns
[16.646s][info ][gc,start       ] GC(36) Pause Young (Allocation Failure)
[16.707s][debug][gc,phases      ] GC(36) Scavenge 60.562ms
[16.707s][debug][gc,ref         ] GC(36) Skipped phase 1 of Reference Processing: no references
[16.707s][debug][gc,ref         ] GC(36) ReferenceProcessor::execute queues: 1, RefProcThreadModel::Single, marks_oops_alive: false
[16.707s][debug][gc,ref         ] GC(36) Skipped phase 3 of Reference Processing: no references
[16.707s][debug][gc,ref         ] GC(36) ReferenceProcessor::execute queues: 1, RefProcThreadModel::Single, marks_oops_alive: false
[16.707s][debug][gc,phases      ] GC(36) Reference Processing 0.123ms
[16.707s][debug][gc,phases      ] GC(36)   VM Weak                        Min:  0.0, Avg:  0.0, Max:  0.0, Diff:  0.0, Sum:  0.0, Workers: 4
[16.707s][debug][gc,phases      ] GC(36)     Dead                           Min: 0, Avg:  0.0, Max: 0, Diff: 0, Sum: 0, Workers: 4
[16.707s][debug][gc,phases      ] GC(36)     Total                          Min: 0, Avg: 147.0, Max: 524, Diff: 524, Sum: 588, Workers: 4
[16.707s][debug][gc,phases      ] GC(36)   ObjectSynchronizer Weak        Min:  0.0, Avg:  0.0, Max:  0.0, Diff:  0.0, Sum:  0.0, Workers: 4
[16.707s][debug][gc,phases      ] GC(36)     Dead                           Min: 0, Avg:  0.0, Max: 0, Diff: 0, Sum: 0, Workers: 4
[16.707s][debug][gc,phases      ] GC(36)     Total                          Min: 0, Avg: 83.0, Max: 192, Diff: 192, Sum: 332, Workers: 4
[16.707s][debug][gc,phases      ] GC(36)   JVMTI Tag Weak OopStorage      Min:  0.0, Avg:  0.0, Max:  0.0, Diff:  0.0, Sum:  0.0, Workers: 4
[16.707s][debug][gc,phases      ] GC(36)     Dead                           Min: 0, Avg:  0.0, Max: 0, Diff: 0, Sum: 0, Workers: 4
[16.707s][debug][gc,phases      ] GC(36)     Total                          Min: 0, Avg:  0.0, Max: 0, Diff: 0, Sum: 0, Workers: 4
[16.707s][debug][gc,phases      ] GC(36)   StringTable Weak               Min:  0.1, Avg:  0.1, Max:  0.1, Diff:  0.0, Sum:  0.3, Workers: 4
[16.707s][debug][gc,phases      ] GC(36)     Dead                           Min: 0, Avg:  2.8, Max: 11, Diff: 11, Sum: 11, Workers: 4
[16.707s][debug][gc,phases      ] GC(36)     Total                          Min: 8128, Avg: 10628.8, Max: 12469, Diff: 4341, Sum: 42515, Workers: 4
[16.707s][debug][gc,phases      ] GC(36)   ResolvedMethodTable Weak       Min:  0.0, Avg:  0.0, Max:  0.0, Diff:  0.0, Sum:  0.1, Workers: 4
[16.707s][debug][gc,phases      ] GC(36)     Dead                           Min: 0, Avg:  0.0, Max: 0, Diff: 0, Sum: 0, Workers: 4
[16.707s][debug][gc,phases      ] GC(36)     Total                          Min: 1152, Avg: 1719.8, Max: 2080, Diff: 928, Sum: 6879, Workers: 4
[16.707s][debug][gc,phases      ] GC(36)   JNI Weak                       Min:  0.0, Avg:  0.0, Max:  0.0, Diff:  0.0, Sum:  0.0, Workers: 4
[16.707s][debug][gc,phases      ] GC(36)     Dead                           Min: 0, Avg:  0.0, Max: 0, Diff: 0, Sum: 0, Workers: 4
[16.707s][debug][gc,phases      ] GC(36)     Total                          Min: 0, Avg:  1.0, Max: 4, Diff: 4, Sum: 4, Workers: 4
[16.707s][debug][gc,phases      ] GC(36)   StringDedup Table Weak         Min:  0.0, Avg:  0.0, Max:  0.0, Diff:  0.0, Sum:  0.0, Workers: 4
[16.707s][debug][gc,phases      ] GC(36)     Dead                           Min: 0, Avg:  0.0, Max: 0, Diff: 0, Sum: 0, Workers: 4
[16.707s][debug][gc,phases      ] GC(36)     Total                          Min: 0, Avg:  0.0, Max: 0, Diff: 0, Sum: 0, Workers: 4
[16.707s][debug][gc,phases      ] GC(36)   StringDedup Requests0 Weak     Min:  0.0, Avg:  0.0, Max:  0.0, Diff:  0.0, Sum:  0.0, Workers: 4
[16.707s][debug][gc,phases      ] GC(36)     Dead                           Min: 0, Avg:  0.0, Max: 0, Diff: 0, Sum: 0, Workers: 4
[16.707s][debug][gc,phases      ] GC(36)     Total                          Min: 0, Avg:  0.0, Max: 0, Diff: 0, Sum: 0, Workers: 4
[16.707s][debug][gc,phases      ] GC(36)   StringDedup Requests1 Weak     Min:  0.0, Avg:  0.0, Max:  0.0, Diff:  0.0, Sum:  0.0, Workers: 4
[16.707s][debug][gc,phases      ] GC(36)     Dead                           Min: 0, Avg:  0.0, Max: 0, Diff: 0, Sum: 0, Workers: 4
[16.707s][debug][gc,phases      ] GC(36)     Total                          Min: 0, Avg:  0.0, Max: 0, Diff: 0, Sum: 0, Workers: 4
[16.707s][debug][gc,phases      ] GC(36)   Weak JFR Old Object Samples    Min:  0.0, Avg:  0.0, Max:  0.0, Diff:  0.0, Sum:  0.0, Workers: 4
[16.707s][debug][gc,phases      ] GC(36)     Dead                           Min: 0, Avg:  0.0, Max: 0, Diff: 0, Sum: 0, Workers: 4
[16.707s][debug][gc,phases      ] GC(36)     Total                          Min: 0, Avg:  0.0, Max: 0, Diff: 0, Sum: 0, Workers: 4
[16.707s][debug][gc,phases      ] GC(36) Weak Processing 0.294ms
[16.707s][debug][gc,age         ] GC(36) Desired survivor size 332398592 bytes, new threshold 15 (max threshold 15)
[16.707s][info ][gc,heap        ] GC(36) PSYoungGen: 1648048K(1769472K)->187824K(1649152K) Eden: 1461248K(1461248K)->0K(1461248K) From: 186800K(308224K)->187824K(187904K)
[16.707s][info ][gc,heap        ] GC(36) ParOldGen: 345631K(432640K)->345639K(432640K)
[16.707s][info ][gc,metaspace   ] GC(36) Metaspace: 67195K(67968K)->67195K(67968K) NonClass: 57378K(57792K)->57378K(57792K) Class: 9816K(10176K)->9816K(10176K)
[16.707s][info ][gc             ] GC(36) Pause Young (Allocation Failure) 1946M->520M(2033M) 61.096ms
[16.707s][info ][gc,cpu         ] GC(36) User=0.25s Sys=0.00s Real=0.07s
[16.707s][info ][safepoint      ] Safepoint "ParallelGCFailedAllocation", Time since last: 191010592 ns, Reaching safepoint: 151602 ns, At safepoint: 61203838 ns, Total: 61355440 ns
[17.014s][info ][gc,start       ] GC(37) Pause Young (Allocation Failure)
[17.082s][debug][gc,phases      ] GC(37) Scavenge 67.508ms
[17.082s][debug][gc,ref         ] GC(37) Skipped phase 1 of Reference Processing: no references
[17.082s][debug][gc,ref         ] GC(37) ReferenceProcessor::execute queues: 1, RefProcThreadModel::Single, marks_oops_alive: false
[17.082s][debug][gc,ref         ] GC(37) Skipped phase 3 of Reference Processing: no references
[17.082s][debug][gc,ref         ] GC(37) ReferenceProcessor::execute queues: 1, RefProcThreadModel::Single, marks_oops_alive: false
[17.082s][debug][gc,phases      ] GC(37) Reference Processing 0.123ms
[17.082s][debug][gc,phases      ] GC(37)   VM Weak                        Min:  0.0, Avg:  0.0, Max:  0.0, Diff:  0.0, Sum:  0.0, Workers: 4
[17.082s][debug][gc,phases      ] GC(37)     Dead                           Min: 0, Avg:  0.0, Max: 0, Diff: 0, Sum: 0, Workers: 4
[17.082s][debug][gc,phases      ] GC(37)     Total                          Min: 0, Avg: 147.2, Max: 384, Diff: 384, Sum: 589, Workers: 4
[17.082s][debug][gc,phases      ] GC(37)   ObjectSynchronizer Weak        Min:  0.0, Avg:  0.0, Max:  0.0, Diff:  0.0, Sum:  0.0, Workers: 4
[17.082s][debug][gc,phases      ] GC(37)     Dead                           Min: 0, Avg:  0.0, Max: 0, Diff: 0, Sum: 0, Workers: 4
[17.082s][debug][gc,phases      ] GC(37)     Total                          Min: 0, Avg: 83.0, Max: 192, Diff: 192, Sum: 332, Workers: 4
[17.082s][debug][gc,phases      ] GC(37)   JVMTI Tag Weak OopStorage      Min:  0.0, Avg:  0.0, Max:  0.0, Diff:  0.0, Sum:  0.0, Workers: 4
[17.082s][debug][gc,phases      ] GC(37)     Dead                           Min: 0, Avg:  0.0, Max: 0, Diff: 0, Sum: 0, Workers: 4
[17.082s][debug][gc,phases      ] GC(37)     Total                          Min: 0, Avg:  0.0, Max: 0, Diff: 0, Sum: 0, Workers: 4
[17.082s][debug][gc,phases      ] GC(37)   StringTable Weak               Min:  0.1, Avg:  0.1, Max:  0.1, Diff:  0.0, Sum:  0.4, Workers: 4
[17.082s][debug][gc,phases      ] GC(37)     Dead                           Min: 0, Avg:  0.0, Max: 0, Diff: 0, Sum: 0, Workers: 4
[17.082s][debug][gc,phases      ] GC(37)     Total                          Min: 8640, Avg: 10632.8, Max: 13539, Diff: 4899, Sum: 42531, Workers: 4
[17.082s][debug][gc,phases      ] GC(37)   ResolvedMethodTable Weak       Min:  0.0, Avg:  0.0, Max:  0.0, Diff:  0.0, Sum:  0.1, Workers: 4
[17.082s][debug][gc,phases      ] GC(37)     Dead                           Min: 0, Avg:  0.0, Max: 0, Diff: 0, Sum: 0, Workers: 4
[17.082s][debug][gc,phases      ] GC(37)     Total                          Min: 1344, Avg: 1720.8, Max: 2048, Diff: 704, Sum: 6883, Workers: 4
[17.082s][debug][gc,phases      ] GC(37)   JNI Weak                       Min:  0.0, Avg:  0.0, Max:  0.0, Diff:  0.0, Sum:  0.0, Workers: 4
[17.082s][debug][gc,phases      ] GC(37)     Dead                           Min: 0, Avg:  0.0, Max: 0, Diff: 0, Sum: 0, Workers: 4
[17.082s][debug][gc,phases      ] GC(37)     Total                          Min: 0, Avg:  0.8, Max: 3, Diff: 3, Sum: 3, Workers: 4
[17.082s][debug][gc,phases      ] GC(37)   StringDedup Table Weak         Min:  0.0, Avg:  0.0, Max:  0.0, Diff:  0.0, Sum:  0.0, Workers: 4
[17.082s][debug][gc,phases      ] GC(37)     Dead                           Min: 0, Avg:  0.0, Max: 0, Diff: 0, Sum: 0, Workers: 4
[17.082s][debug][gc,phases      ] GC(37)     Total                          Min: 0, Avg:  0.0, Max: 0, Diff: 0, Sum: 0, Workers: 4
[17.082s][debug][gc,phases      ] GC(37)   StringDedup Requests0 Weak     Min:  0.0, Avg:  0.0, Max:  0.0, Diff:  0.0, Sum:  0.0, Workers: 4
[17.082s][debug][gc,phases      ] GC(37)     Dead                           Min: 0, Avg:  0.0, Max: 0, Diff: 0, Sum: 0, Workers: 4
[17.082s][debug][gc,phases      ] GC(37)     Total                          Min: 0, Avg:  0.0, Max: 0, Diff: 0, Sum: 0, Workers: 4
[17.082s][debug][gc,phases      ] GC(37)   StringDedup Requests1 Weak     Min:  0.0, Avg:  0.0, Max:  0.0, Diff:  0.0, Sum:  0.0, Workers: 4
[17.082s][debug][gc,phases      ] GC(37)     Dead                           Min: 0, Avg:  0.0, Max: 0, Diff: 0, Sum: 0, Workers: 4
[17.082s][debug][gc,phases      ] GC(37)     Total                          Min: 0, Avg:  0.0, Max: 0, Diff: 0, Sum: 0, Workers: 4
[17.082s][debug][gc,phases      ] GC(37)   Weak JFR Old Object Samples    Min:  0.0, Avg:  0.0, Max:  0.0, Diff:  0.0, Sum:  0.0, Workers: 4
[17.082s][debug][gc,phases      ] GC(37)     Dead                           Min: 0, Avg:  0.0, Max: 0, Diff: 0, Sum: 0, Workers: 4
[17.082s][debug][gc,phases      ] GC(37)     Total                          Min: 0, Avg:  0.0, Max: 0, Diff: 0, Sum: 0, Workers: 4
[17.082s][debug][gc,phases      ] GC(37) Weak Processing 0.271ms
[17.082s][debug][gc,age         ] GC(37) Desired survivor size 336592896 bytes, new threshold 15 (max threshold 15)
[17.082s][info ][gc,heap        ] GC(37) PSYoungGen: 1649072K(1649152K)->187584K(1764352K) Eden: 1461248K(1461248K)->0K(1439744K) From: 187824K(187904K)->187584K(324608K)
[17.082s][info ][gc,heap        ] GC(37) ParOldGen: 345639K(432640K)->345647K(432640K)
[17.082s][info ][gc,metaspace   ] GC(37) Metaspace: 67347K(68096K)->67347K(68096K) NonClass: 57518K(57920K)->57518K(57920K) Class: 9829K(10176K)->9829K(10176K)
[17.082s][info ][gc             ] GC(37) Pause Young (Allocation Failure) 1947M->520M(2145M) 68.039ms
[17.082s][info ][gc,cpu         ] GC(37) User=0.27s Sys=0.00s Real=0.07s
[17.082s][info ][safepoint      ] Safepoint "ParallelGCFailedAllocation", Time since last: 306556496 ns, Reaching safepoint: 175002 ns, At safepoint: 68148311 ns, Total: 68323313 ns
[17.399s][info ][gc,start       ] GC(38) Pause Young (Allocation Failure)
[17.456s][debug][gc,phases      ] GC(38) Scavenge 56.348ms
[17.456s][debug][gc,ref         ] GC(38) Skipped phase 1 of Reference Processing: no references
[17.456s][debug][gc,ref         ] GC(38) ReferenceProcessor::execute queues: 1, RefProcThreadModel::Single, marks_oops_alive: false
[17.456s][debug][gc,ref         ] GC(38) Skipped phase 3 of Reference Processing: no references
[17.456s][debug][gc,ref         ] GC(38) ReferenceProcessor::execute queues: 1, RefProcThreadModel::Single, marks_oops_alive: false
[17.456s][debug][gc,phases      ] GC(38) Reference Processing 0.123ms
[17.456s][debug][gc,phases      ] GC(38)   VM Weak                        Min:  0.0, Avg:  0.0, Max:  0.0, Diff:  0.0, Sum:  0.0, Workers: 4
[17.456s][debug][gc,phases      ] GC(38)     Dead                           Min: 0, Avg:  0.0, Max: 0, Diff: 0, Sum: 0, Workers: 4
[17.456s][debug][gc,phases      ] GC(38)     Total                          Min: 0, Avg: 147.2, Max: 397, Diff: 397, Sum: 589, Workers: 4
[17.456s][debug][gc,phases      ] GC(38)   ObjectSynchronizer Weak        Min:  0.0, Avg:  0.0, Max:  0.0, Diff:  0.0, Sum:  0.0, Workers: 4
[17.456s][debug][gc,phases      ] GC(38)     Dead                           Min: 0, Avg:  0.0, Max: 0, Diff: 0, Sum: 0, Workers: 4
[17.456s][debug][gc,phases      ] GC(38)     Total                          Min: 0, Avg: 83.0, Max: 192, Diff: 192, Sum: 332, Workers: 4
[17.456s][debug][gc,phases      ] GC(38)   JVMTI Tag Weak OopStorage      Min:  0.0, Avg:  0.0, Max:  0.0, Diff:  0.0, Sum:  0.0, Workers: 4
[17.456s][debug][gc,phases      ] GC(38)     Dead                           Min: 0, Avg:  0.0, Max: 0, Diff: 0, Sum: 0, Workers: 4
[17.456s][debug][gc,phases      ] GC(38)     Total                          Min: 0, Avg:  0.0, Max: 0, Diff: 0, Sum: 0, Workers: 4
[17.456s][debug][gc,phases      ] GC(38)   StringTable Weak               Min:  0.1, Avg:  0.1, Max:  0.1, Diff:  0.0, Sum:  0.3, Workers: 4
[17.456s][debug][gc,phases      ] GC(38)     Dead                           Min: 0, Avg:  2.8, Max: 11, Diff: 11, Sum: 11, Workers: 4
[17.456s][debug][gc,phases      ] GC(38)     Total                          Min: 9728, Avg: 10632.8, Max: 11072, Diff: 1344, Sum: 42531, Workers: 4
[17.456s][debug][gc,phases      ] GC(38)   ResolvedMethodTable Weak       Min:  0.0, Avg:  0.0, Max:  0.0, Diff:  0.0, Sum:  0.1, Workers: 4
[17.456s][debug][gc,phases      ] GC(38)     Dead                           Min: 0, Avg:  0.0, Max: 0, Diff: 0, Sum: 0, Workers: 4
[17.456s][debug][gc,phases      ] GC(38)     Total                          Min: 1536, Avg: 1720.8, Max: 1955, Diff: 419, Sum: 6883, Workers: 4
[17.456s][debug][gc,phases      ] GC(38)   JNI Weak                       Min:  0.0, Avg:  0.0, Max:  0.0, Diff:  0.0, Sum:  0.0, Workers: 4
[17.456s][debug][gc,phases      ] GC(38)     Dead                           Min: 0, Avg:  0.0, Max: 0, Diff: 0, Sum: 0, Workers: 4
[17.456s][debug][gc,phases      ] GC(38)     Total                          Min: 0, Avg:  0.2, Max: 1, Diff: 1, Sum: 1, Workers: 4
[17.456s][debug][gc,phases      ] GC(38)   StringDedup Table Weak         Min:  0.0, Avg:  0.0, Max:  0.0, Diff:  0.0, Sum:  0.0, Workers: 4
[17.456s][debug][gc,phases      ] GC(38)     Dead                           Min: 0, Avg:  0.0, Max: 0, Diff: 0, Sum: 0, Workers: 4
[17.456s][debug][gc,phases      ] GC(38)     Total                          Min: 0, Avg:  0.0, Max: 0, Diff: 0, Sum: 0, Workers: 4
[17.456s][debug][gc,phases      ] GC(38)   StringDedup Requests0 Weak     Min:  0.0, Avg:  0.0, Max:  0.0, Diff:  0.0, Sum:  0.0, Workers: 4
[17.456s][debug][gc,phases      ] GC(38)     Dead                           Min: 0, Avg:  0.0, Max: 0, Diff: 0, Sum: 0, Workers: 4
[17.456s][debug][gc,phases      ] GC(38)     Total                          Min: 0, Avg:  0.0, Max: 0, Diff: 0, Sum: 0, Workers: 4
[17.456s][debug][gc,phases      ] GC(38)   StringDedup Requests1 Weak     Min:  0.0, Avg:  0.0, Max:  0.0, Diff:  0.0, Sum:  0.0, Workers: 4
[17.456s][debug][gc,phases      ] GC(38)     Dead                           Min: 0, Avg:  0.0, Max: 0, Diff: 0, Sum: 0, Workers: 4
[17.456s][debug][gc,phases      ] GC(38)     Total                          Min: 0, Avg:  0.0, Max: 0, Diff: 0, Sum: 0, Workers: 4
[17.456s][debug][gc,phases      ] GC(38)   Weak JFR Old Object Samples    Min:  0.0, Avg:  0.0, Max:  0.0, Diff:  0.0, Sum:  0.0, Workers: 4
[17.456s][debug][gc,phases      ] GC(38)     Dead                           Min: 0, Avg:  0.0, Max: 0, Diff: 0, Sum: 0, Workers: 4
[17.456s][debug][gc,phases      ] GC(38)     Total                          Min: 0, Avg:  0.0, Max: 0, Diff: 0, Sum: 0, Workers: 4
[17.456s][debug][gc,phases      ] GC(38) Weak Processing 0.277ms
[17.456s][debug][gc,age         ] GC(38) Desired survivor size 339214336 bytes, new threshold 15 (max threshold 15)
[17.456s][info ][gc,heap        ] GC(38) PSYoungGen: 1627328K(1764352K)->188992K(1629184K) Eden: 1439744K(1439744K)->0K(1439744K) From: 187584K(324608K)->188992K(189440K)
[17.456s][info ][gc,heap        ] GC(38) ParOldGen: 345647K(432640K)->345655K(432640K)
[17.456s][info ][gc,metaspace   ] GC(38) Metaspace: 67379K(68160K)->67379K(68160K) NonClass: 57550K(57984K)->57550K(57984K) Class: 9829K(10176K)->9829K(10176K)
[17.456s][info ][gc             ] GC(38) Pause Young (Allocation Failure) 1926M->522M(2013M) 56.865ms
[17.456s][info ][gc,cpu         ] GC(38) User=0.23s Sys=0.00s Real=0.05s
[17.456s][info ][safepoint      ] Safepoint "ParallelGCFailedAllocation", Time since last: 316722701 ns, Reaching safepoint: 221103 ns, At safepoint: 56981594 ns, Total: 57202697 ns
[17.745s][info ][safepoint      ] Safepoint "ParallelGCFailedAllocation", Time since last: 288342306 ns, Reaching safepoint: 157501 ns, At safepoint: 35401 ns, Total: 192902 ns
[17.745s][info ][gc,start       ] GC(39) Pause Young (GCLocker Initiated GC)
[17.801s][debug][gc,phases      ] GC(39) Scavenge 56.322ms
[17.801s][debug][gc,ref         ] GC(39) Skipped phase 1 of Reference Processing: no references
[17.801s][debug][gc,ref         ] GC(39) ReferenceProcessor::execute queues: 1, RefProcThreadModel::Single, marks_oops_alive: false
[17.801s][debug][gc,ref         ] GC(39) Skipped phase 3 of Reference Processing: no references
[17.802s][debug][gc,ref         ] GC(39) ReferenceProcessor::execute queues: 1, RefProcThreadModel::Single, marks_oops_alive: false
[17.802s][debug][gc,phases      ] GC(39) Reference Processing 0.145ms
[17.802s][debug][gc,phases      ] GC(39)   VM Weak                        Min:  0.0, Avg:  0.0, Max:  0.0, Diff:  0.0, Sum:  0.0, Workers: 4
[17.802s][debug][gc,phases      ] GC(39)     Dead                           Min: 0, Avg:  0.0, Max: 0, Diff: 0, Sum: 0, Workers: 4
[17.802s][debug][gc,phases      ] GC(39)     Total                          Min: 0, Avg: 147.2, Max: 576, Diff: 576, Sum: 589, Workers: 4
[17.802s][debug][gc,phases      ] GC(39)   ObjectSynchronizer Weak        Min:  0.0, Avg:  0.0, Max:  0.0, Diff:  0.0, Sum:  0.0, Workers: 4
[17.802s][debug][gc,phases      ] GC(39)     Dead                           Min: 0, Avg:  0.0, Max: 0, Diff: 0, Sum: 0, Workers: 4
[17.802s][debug][gc,phases      ] GC(39)     Total                          Min: 0, Avg: 83.0, Max: 192, Diff: 192, Sum: 332, Workers: 4
[17.802s][debug][gc,phases      ] GC(39)   JVMTI Tag Weak OopStorage      Min:  0.0, Avg:  0.0, Max:  0.0, Diff:  0.0, Sum:  0.0, Workers: 4
[17.802s][debug][gc,phases      ] GC(39)     Dead                           Min: 0, Avg:  0.0, Max: 0, Diff: 0, Sum: 0, Workers: 4
[17.802s][debug][gc,phases      ] GC(39)     Total                          Min: 0, Avg:  0.0, Max: 0, Diff: 0, Sum: 0, Workers: 4
[17.802s][debug][gc,phases      ] GC(39)   StringTable Weak               Min:  0.1, Avg:  0.1, Max:  0.1, Diff:  0.0, Sum:  0.3, Workers: 4
[17.802s][debug][gc,phases      ] GC(39)     Dead                           Min: 0, Avg:  2.8, Max: 11, Diff: 11, Sum: 11, Workers: 4
[17.802s][debug][gc,phases      ] GC(39)     Total                          Min: 9856, Avg: 10634.8, Max: 11648, Diff: 1792, Sum: 42539, Workers: 4
[17.802s][debug][gc,phases      ] GC(39)   ResolvedMethodTable Weak       Min:  0.0, Avg:  0.0, Max:  0.0, Diff:  0.0, Sum:  0.0, Workers: 4
[17.802s][debug][gc,phases      ] GC(39)     Dead                           Min: 0, Avg:  0.0, Max: 0, Diff: 0, Sum: 0, Workers: 4
[17.802s][debug][gc,phases      ] GC(39)     Total                          Min: 1664, Avg: 1720.8, Max: 1827, Diff: 163, Sum: 6883, Workers: 4
[17.802s][debug][gc,phases      ] GC(39)   JNI Weak                       Min:  0.0, Avg:  0.0, Max:  0.0, Diff:  0.0, Sum:  0.0, Workers: 4
[17.802s][debug][gc,phases      ] GC(39)     Dead                           Min: 0, Avg:  0.0, Max: 0, Diff: 0, Sum: 0, Workers: 4
[17.802s][debug][gc,phases      ] GC(39)     Total                          Min: 0, Avg:  0.5, Max: 2, Diff: 2, Sum: 2, Workers: 4
[17.802s][debug][gc,phases      ] GC(39)   StringDedup Table Weak         Min:  0.0, Avg:  0.0, Max:  0.0, Diff:  0.0, Sum:  0.0, Workers: 4
[17.802s][debug][gc,phases      ] GC(39)     Dead                           Min: 0, Avg:  0.0, Max: 0, Diff: 0, Sum: 0, Workers: 4
[17.802s][debug][gc,phases      ] GC(39)     Total                          Min: 0, Avg:  0.0, Max: 0, Diff: 0, Sum: 0, Workers: 4
[17.802s][debug][gc,phases      ] GC(39)   StringDedup Requests0 Weak     Min:  0.0, Avg:  0.0, Max:  0.0, Diff:  0.0, Sum:  0.0, Workers: 4
[17.802s][debug][gc,phases      ] GC(39)     Dead                           Min: 0, Avg:  0.0, Max: 0, Diff: 0, Sum: 0, Workers: 4
[17.802s][debug][gc,phases      ] GC(39)     Total                          Min: 0, Avg:  0.0, Max: 0, Diff: 0, Sum: 0, Workers: 4
[17.802s][debug][gc,phases      ] GC(39)   StringDedup Requests1 Weak     Min:  0.0, Avg:  0.0, Max:  0.0, Diff:  0.0, Sum:  0.0, Workers: 4
[17.802s][debug][gc,phases      ] GC(39)     Dead                           Min: 0, Avg:  0.0, Max: 0, Diff: 0, Sum: 0, Workers: 4
[17.802s][debug][gc,phases      ] GC(39)     Total                          Min: 0, Avg:  0.0, Max: 0, Diff: 0, Sum: 0, Workers: 4
[17.802s][debug][gc,phases      ] GC(39)   Weak JFR Old Object Samples    Min:  0.0, Avg:  0.0, Max:  0.0, Diff:  0.0, Sum:  0.0, Workers: 4
[17.802s][debug][gc,phases      ] GC(39)     Dead                           Min: 0, Avg:  0.0, Max: 0, Diff: 0, Sum: 0, Workers: 4
[17.802s][debug][gc,phases      ] GC(39)     Total                          Min: 0, Avg:  0.0, Max: 0, Diff: 0, Sum: 0, Workers: 4
[17.802s][debug][gc,phases      ] GC(39) Weak Processing 0.245ms
[17.802s][debug][gc,age         ] GC(39) Desired survivor size 340787200 bytes, new threshold 15 (max threshold 15)
[17.802s][info ][gc,heap        ] GC(39) PSYoungGen: 1628736K(1629184K)->190720K(1762816K) Eden: 1439744K(1439744K)->0K(1431552K) From: 188992K(189440K)->190720K(331264K)
[17.802s][info ][gc,heap        ] GC(39) ParOldGen: 345655K(432640K)->345663K(432640K)
[17.802s][info ][gc,metaspace   ] GC(39) Metaspace: 67415K(68160K)->67415K(68160K) NonClass: 57586K(57984K)->57586K(57984K) Class: 9829K(10176K)->9829K(10176K)
[17.802s][info ][gc             ] GC(39) Pause Young (GCLocker Initiated GC) 1928M->523M(2144M) 56.823ms
[17.802s][info ][gc,cpu         ] GC(39) User=0.22s Sys=0.00s Real=0.06s
[17.802s][info ][safepoint      ] Safepoint "ParallelGCSystemGC", Time since last: 54800 ns, Reaching safepoint: 90101 ns, At safepoint: 56918694 ns, Total: 57008795 ns
[18.168s][info ][gc,start       ] GC(40) Pause Young (Allocation Failure)
[18.235s][debug][gc,phases      ] GC(40) Scavenge 66.683ms
[18.235s][debug][gc,ref         ] GC(40) Skipped phase 1 of Reference Processing: no references
[18.235s][debug][gc,ref         ] GC(40) ReferenceProcessor::execute queues: 1, RefProcThreadModel::Single, marks_oops_alive: false
[18.235s][debug][gc,ref         ] GC(40) Skipped phase 3 of Reference Processing: no references
[18.235s][debug][gc,ref         ] GC(40) ReferenceProcessor::execute queues: 1, RefProcThreadModel::Single, marks_oops_alive: false
[18.235s][debug][gc,phases      ] GC(40) Reference Processing 0.181ms
[18.235s][debug][gc,phases      ] GC(40)   VM Weak                        Min:  0.0, Avg:  0.0, Max:  0.0, Diff:  0.0, Sum:  0.0, Workers: 4
[18.235s][debug][gc,phases      ] GC(40)     Dead                           Min: 0, Avg:  0.0, Max: 0, Diff: 0, Sum: 0, Workers: 4
[18.235s][debug][gc,phases      ] GC(40)     Total                          Min: 0, Avg: 147.2, Max: 589, Diff: 589, Sum: 589, Workers: 4
[18.235s][debug][gc,phases      ] GC(40)   ObjectSynchronizer Weak        Min:  0.0, Avg:  0.0, Max:  0.0, Diff:  0.0, Sum:  0.0, Workers: 4
[18.235s][debug][gc,phases      ] GC(40)     Dead                           Min: 0, Avg:  0.0, Max: 0, Diff: 0, Sum: 0, Workers: 4
[18.235s][debug][gc,phases      ] GC(40)     Total                          Min: 0, Avg: 83.0, Max: 332, Diff: 332, Sum: 332, Workers: 4
[18.235s][debug][gc,phases      ] GC(40)   JVMTI Tag Weak OopStorage      Min:  0.0, Avg:  0.0, Max:  0.0, Diff:  0.0, Sum:  0.0, Workers: 4
[18.235s][debug][gc,phases      ] GC(40)     Dead                           Min: 0, Avg:  0.0, Max: 0, Diff: 0, Sum: 0, Workers: 4
[18.235s][debug][gc,phases      ] GC(40)     Total                          Min: 0, Avg:  0.0, Max: 0, Diff: 0, Sum: 0, Workers: 4
[18.235s][debug][gc,phases      ] GC(40)   StringTable Weak               Min:  0.1, Avg:  0.1, Max:  0.1, Diff:  0.0, Sum:  0.3, Workers: 4
[18.235s][debug][gc,phases      ] GC(40)     Dead                           Min: 0, Avg:  2.8, Max: 11, Diff: 11, Sum: 11, Workers: 4
[18.235s][debug][gc,phases      ] GC(40)     Total                          Min: 8373, Avg: 10640.2, Max: 12928, Diff: 4555, Sum: 42561, Workers: 4
[18.235s][debug][gc,phases      ] GC(40)   ResolvedMethodTable Weak       Min:  0.0, Avg:  0.0, Max:  0.0, Diff:  0.0, Sum:  0.1, Workers: 4
[18.235s][debug][gc,phases      ] GC(40)     Dead                           Min: 0, Avg:  6.0, Max: 24, Diff: 24, Sum: 24, Workers: 4
[18.235s][debug][gc,phases      ] GC(40)     Total                          Min: 1535, Avg: 1725.0, Max: 1984, Diff: 449, Sum: 6900, Workers: 4
[18.235s][debug][gc,phases      ] GC(40)   JNI Weak                       Min:  0.0, Avg:  0.0, Max:  0.0, Diff:  0.0, Sum:  0.0, Workers: 4
[18.235s][debug][gc,phases      ] GC(40)     Dead                           Min: 0, Avg:  0.0, Max: 0, Diff: 0, Sum: 0, Workers: 4
[18.235s][debug][gc,phases      ] GC(40)     Total                          Min: 0, Avg:  3.2, Max: 13, Diff: 13, Sum: 13, Workers: 4
[18.235s][debug][gc,phases      ] GC(40)   StringDedup Table Weak         Min:  0.0, Avg:  0.0, Max:  0.0, Diff:  0.0, Sum:  0.0, Workers: 4
[18.235s][debug][gc,phases      ] GC(40)     Dead                           Min: 0, Avg:  0.0, Max: 0, Diff: 0, Sum: 0, Workers: 4
[18.235s][debug][gc,phases      ] GC(40)     Total                          Min: 0, Avg:  0.0, Max: 0, Diff: 0, Sum: 0, Workers: 4
[18.235s][debug][gc,phases      ] GC(40)   StringDedup Requests0 Weak     Min:  0.0, Avg:  0.0, Max:  0.0, Diff:  0.0, Sum:  0.0, Workers: 4
[18.235s][debug][gc,phases      ] GC(40)     Dead                           Min: 0, Avg:  0.0, Max: 0, Diff: 0, Sum: 0, Workers: 4
[18.235s][debug][gc,phases      ] GC(40)     Total                          Min: 0, Avg:  0.0, Max: 0, Diff: 0, Sum: 0, Workers: 4
[18.235s][debug][gc,phases      ] GC(40)   StringDedup Requests1 Weak     Min:  0.0, Avg:  0.0, Max:  0.0, Diff:  0.0, Sum:  0.0, Workers: 4
[18.235s][debug][gc,phases      ] GC(40)     Dead                           Min: 0, Avg:  0.0, Max: 0, Diff: 0, Sum: 0, Workers: 4
[18.235s][debug][gc,phases      ] GC(40)     Total                          Min: 0, Avg:  0.0, Max: 0, Diff: 0, Sum: 0, Workers: 4
[18.235s][debug][gc,phases      ] GC(40)   Weak JFR Old Object Samples    Min:  0.0, Avg:  0.0, Max:  0.0, Diff:  0.0, Sum:  0.0, Workers: 4
[18.235s][debug][gc,phases      ] GC(40)     Dead                           Min: 0, Avg:  0.0, Max: 0, Diff: 0, Sum: 0, Workers: 4
[18.235s][debug][gc,phases      ] GC(40)     Total                          Min: 0, Avg:  0.0, Max: 0, Diff: 0, Sum: 0, Workers: 4
[18.235s][debug][gc,phases      ] GC(40) Weak Processing 0.369ms
[18.235s][debug][gc,age         ] GC(40) Desired survivor size 340787200 bytes, new threshold 15 (max threshold 15)
[18.235s][info ][gc,heap        ] GC(40) PSYoungGen: 1622272K(1762816K)->191920K(1764352K) Eden: 1431552K(1431552K)->0K(1431552K) From: 190720K(331264K)->191920K(332800K)
[18.235s][info ][gc,heap        ] GC(40) ParOldGen: 345665K(432640K)->345673K(432640K)
[18.235s][info ][gc,metaspace   ] GC(40) Metaspace: 67472K(68224K)->67472K(68224K) NonClass: 57635K(58048K)->57635K(58048K) Class: 9836K(10176K)->9836K(10176K)
[18.235s][info ][gc             ] GC(40) Pause Young (Allocation Failure) 1921M->524M(2145M) 67.391ms
[18.235s][info ][gc,cpu         ] GC(40) User=0.27s Sys=0.01s Real=0.06s
[18.236s][info ][safepoint      ] Safepoint "ParallelGCFailedAllocation", Time since last: 365830613 ns, Reaching safepoint: 321303 ns, At safepoint: 67509104 ns, Total: 67830407 ns
[18.543s][info ][gc,start       ] GC(41) Pause Young (Allocation Failure)
[18.607s][debug][gc,phases      ] GC(41) Scavenge 64.294ms
[18.607s][debug][gc,ref         ] GC(41) Skipped phase 1 of Reference Processing: no references
[18.607s][debug][gc,ref         ] GC(41) ReferenceProcessor::execute queues: 1, RefProcThreadModel::Single, marks_oops_alive: false
[18.607s][debug][gc,ref         ] GC(41) Skipped phase 3 of Reference Processing: no references
[18.607s][debug][gc,ref         ] GC(41) ReferenceProcessor::execute queues: 1, RefProcThreadModel::Single, marks_oops_alive: false
[18.607s][debug][gc,phases      ] GC(41) Reference Processing 0.140ms
[18.608s][debug][gc,phases      ] GC(41)   VM Weak                        Min:  0.0, Avg:  0.0, Max:  0.0, Diff:  0.0, Sum:  0.0, Workers: 4
[18.608s][debug][gc,phases      ] GC(41)     Dead                           Min: 0, Avg:  0.0, Max: 0, Diff: 0, Sum: 0, Workers: 4
[18.608s][debug][gc,phases      ] GC(41)     Total                          Min: 0, Avg: 147.2, Max: 576, Diff: 576, Sum: 589, Workers: 4
[18.608s][debug][gc,phases      ] GC(41)   ObjectSynchronizer Weak        Min:  0.0, Avg:  0.0, Max:  0.0, Diff:  0.0, Sum:  0.0, Workers: 4
[18.608s][debug][gc,phases      ] GC(41)     Dead                           Min: 0, Avg:  0.0, Max: 0, Diff: 0, Sum: 0, Workers: 4
[18.608s][debug][gc,phases      ] GC(41)     Total                          Min: 0, Avg: 83.0, Max: 204, Diff: 204, Sum: 332, Workers: 4
[18.608s][debug][gc,phases      ] GC(41)   JVMTI Tag Weak OopStorage      Min:  0.0, Avg:  0.0, Max:  0.0, Diff:  0.0, Sum:  0.0, Workers: 4
[18.608s][debug][gc,phases      ] GC(41)     Dead                           Min: 0, Avg:  0.0, Max: 0, Diff: 0, Sum: 0, Workers: 4
[18.608s][debug][gc,phases      ] GC(41)     Total                          Min: 0, Avg:  0.0, Max: 0, Diff: 0, Sum: 0, Workers: 4
[18.608s][debug][gc,phases      ] GC(41)   StringTable Weak               Min:  0.1, Avg:  0.1, Max:  0.1, Diff:  0.0, Sum:  0.3, Workers: 4
[18.608s][debug][gc,phases      ] GC(41)     Dead                           Min: 0, Avg:  0.0, Max: 0, Diff: 0, Sum: 0, Workers: 4
[18.608s][debug][gc,phases      ] GC(41)     Total                          Min: 8640, Avg: 10644.5, Max: 13120, Diff: 4480, Sum: 42578, Workers: 4
[18.608s][debug][gc,phases      ] GC(41)   ResolvedMethodTable Weak       Min:  0.0, Avg:  0.0, Max:  0.0, Diff:  0.0, Sum:  0.1, Workers: 4
[18.608s][debug][gc,phases      ] GC(41)     Dead                           Min: 0, Avg:  0.0, Max: 0, Diff: 0, Sum: 0, Workers: 4
[18.608s][debug][gc,phases      ] GC(41)     Total                          Min: 1535, Avg: 1725.0, Max: 1984, Diff: 449, Sum: 6900, Workers: 4
[18.608s][debug][gc,phases      ] GC(41)   JNI Weak                       Min:  0.0, Avg:  0.0, Max:  0.0, Diff:  0.0, Sum:  0.0, Workers: 4
[18.608s][debug][gc,phases      ] GC(41)     Dead                           Min: 0, Avg:  0.0, Max: 0, Diff: 0, Sum: 0, Workers: 4
[18.608s][debug][gc,phases      ] GC(41)     Total                          Min: 0, Avg:  0.0, Max: 0, Diff: 0, Sum: 0, Workers: 4
[18.608s][debug][gc,phases      ] GC(41)   StringDedup Table Weak         Min:  0.0, Avg:  0.0, Max:  0.0, Diff:  0.0, Sum:  0.0, Workers: 4
[18.608s][debug][gc,phases      ] GC(41)     Dead                           Min: 0, Avg:  0.0, Max: 0, Diff: 0, Sum: 0, Workers: 4
[18.608s][debug][gc,phases      ] GC(41)     Total                          Min: 0, Avg:  0.0, Max: 0, Diff: 0, Sum: 0, Workers: 4
[18.608s][debug][gc,phases      ] GC(41)   StringDedup Requests0 Weak     Min:  0.0, Avg:  0.0, Max:  0.0, Diff:  0.0, Sum:  0.0, Workers: 4
[18.608s][debug][gc,phases      ] GC(41)     Dead                           Min: 0, Avg:  0.0, Max: 0, Diff: 0, Sum: 0, Workers: 4
[18.608s][debug][gc,phases      ] GC(41)     Total                          Min: 0, Avg:  0.0, Max: 0, Diff: 0, Sum: 0, Workers: 4
[18.608s][debug][gc,phases      ] GC(41)   StringDedup Requests1 Weak     Min:  0.0, Avg:  0.0, Max:  0.0, Diff:  0.0, Sum:  0.0, Workers: 4
[18.608s][debug][gc,phases      ] GC(41)     Dead                           Min: 0, Avg:  0.0, Max: 0, Diff: 0, Sum: 0, Workers: 4
[18.608s][debug][gc,phases      ] GC(41)     Total                          Min: 0, Avg:  0.0, Max: 0, Diff: 0, Sum: 0, Workers: 4
[18.608s][debug][gc,phases      ] GC(41)   Weak JFR Old Object Samples    Min:  0.0, Avg:  0.0, Max:  0.0, Diff:  0.0, Sum:  0.0, Workers: 4
[18.608s][debug][gc,phases      ] GC(41)     Dead                           Min: 0, Avg:  0.0, Max: 0, Diff: 0, Sum: 0, Workers: 4
[18.608s][debug][gc,phases      ] GC(41)     Total                          Min: 0, Avg:  0.0, Max: 0, Diff: 0, Sum: 0, Workers: 4
[18.608s][debug][gc,phases      ] GC(41) Weak Processing 0.268ms
[18.608s][debug][gc,age         ] GC(41) Desired survivor size 339738624 bytes, new threshold 15 (max threshold 15)
[18.608s][info ][gc,heap        ] GC(41) PSYoungGen: 1623472K(1764352K)->193568K(1765376K) Eden: 1431552K(1431552K)->0K(1432576K) From: 191920K(332800K)->193568K(332800K)
[18.608s][info ][gc,heap        ] GC(41) ParOldGen: 345673K(432640K)->345681K(432640K)
[18.608s][info ][gc,metaspace   ] GC(41) Metaspace: 67513K(68288K)->67513K(68288K) NonClass: 57676K(58112K)->57676K(58112K) Class: 9836K(10176K)->9836K(10176K)
[18.608s][info ][gc             ] GC(41) Pause Young (Allocation Failure) 1922M->526M(2146M) 64.824ms
[18.608s][info ][gc,cpu         ] GC(41) User=0.27s Sys=0.00s Real=0.07s
[18.608s][info ][safepoint      ] Safepoint "ParallelGCFailedAllocation", Time since last: 307086700 ns, Reaching safepoint: 183202 ns, At safepoint: 64938777 ns, Total: 65121979 ns
[18.906s][info ][gc,start       ] GC(42) Pause Young (Allocation Failure)
[18.973s][debug][gc,phases      ] GC(42) Scavenge 67.712ms
[18.973s][debug][gc,ref         ] GC(42) Skipped phase 1 of Reference Processing: no references
[18.973s][debug][gc,ref         ] GC(42) ReferenceProcessor::execute queues: 1, RefProcThreadModel::Single, marks_oops_alive: false
[18.974s][debug][gc,ref         ] GC(42) Skipped phase 3 of Reference Processing: no references
[18.974s][debug][gc,ref         ] GC(42) ReferenceProcessor::execute queues: 1, RefProcThreadModel::Single, marks_oops_alive: false
[18.974s][debug][gc,phases      ] GC(42) Reference Processing 0.139ms
[18.974s][debug][gc,phases      ] GC(42)   VM Weak                        Min:  0.0, Avg:  0.0, Max:  0.0, Diff:  0.0, Sum:  0.0, Workers: 4
[18.974s][debug][gc,phases      ] GC(42)     Dead                           Min: 0, Avg:  0.0, Max: 0, Diff: 0, Sum: 0, Workers: 4
[18.974s][debug][gc,phases      ] GC(42)     Total                          Min: 0, Avg: 147.2, Max: 589, Diff: 589, Sum: 589, Workers: 4
[18.974s][debug][gc,phases      ] GC(42)   ObjectSynchronizer Weak        Min:  0.0, Avg:  0.0, Max:  0.0, Diff:  0.0, Sum:  0.0, Workers: 4
[18.974s][debug][gc,phases      ] GC(42)     Dead                           Min: 0, Avg:  0.0, Max: 0, Diff: 0, Sum: 0, Workers: 4
[18.974s][debug][gc,phases      ] GC(42)     Total                          Min: 0, Avg: 83.0, Max: 332, Diff: 332, Sum: 332, Workers: 4
[18.974s][debug][gc,phases      ] GC(42)   JVMTI Tag Weak OopStorage      Min:  0.0, Avg:  0.0, Max:  0.0, Diff:  0.0, Sum:  0.0, Workers: 4
[18.974s][debug][gc,phases      ] GC(42)     Dead                           Min: 0, Avg:  0.0, Max: 0, Diff: 0, Sum: 0, Workers: 4
[18.974s][debug][gc,phases      ] GC(42)     Total                          Min: 0, Avg:  0.0, Max: 0, Diff: 0, Sum: 0, Workers: 4
[18.974s][debug][gc,phases      ] GC(42)   StringTable Weak               Min:  0.1, Avg:  0.1, Max:  0.1, Diff:  0.0, Sum:  0.3, Workers: 4
[18.974s][debug][gc,phases      ] GC(42)     Dead                           Min: 0, Avg:  2.8, Max: 11, Diff: 11, Sum: 11, Workers: 4
[18.974s][debug][gc,phases      ] GC(42)     Total                          Min: 6528, Avg: 10647.2, Max: 12957, Diff: 6429, Sum: 42589, Workers: 4
[18.974s][debug][gc,phases      ] GC(42)   ResolvedMethodTable Weak       Min:  0.0, Avg:  0.0, Max:  0.0, Diff:  0.0, Sum:  0.1, Workers: 4
[18.974s][debug][gc,phases      ] GC(42)     Dead                           Min: 0, Avg:  0.2, Max: 1, Diff: 1, Sum: 1, Workers: 4
[18.974s][debug][gc,phases      ] GC(42)     Total                          Min: 1344, Avg: 1725.2, Max: 2176, Diff: 832, Sum: 6901, Workers: 4
[18.974s][debug][gc,phases      ] GC(42)   JNI Weak                       Min:  0.0, Avg:  0.0, Max:  0.0, Diff:  0.0, Sum:  0.0, Workers: 4
[18.974s][debug][gc,phases      ] GC(42)     Dead                           Min: 0, Avg:  0.0, Max: 0, Diff: 0, Sum: 0, Workers: 4
[18.974s][debug][gc,phases      ] GC(42)     Total                          Min: 0, Avg:  0.0, Max: 0, Diff: 0, Sum: 0, Workers: 4
[18.974s][debug][gc,phases      ] GC(42)   StringDedup Table Weak         Min:  0.0, Avg:  0.0, Max:  0.0, Diff:  0.0, Sum:  0.0, Workers: 4
[18.974s][debug][gc,phases      ] GC(42)     Dead                           Min: 0, Avg:  0.0, Max: 0, Diff: 0, Sum: 0, Workers: 4
[18.974s][debug][gc,phases      ] GC(42)     Total                          Min: 0, Avg:  0.0, Max: 0, Diff: 0, Sum: 0, Workers: 4
[18.974s][debug][gc,phases      ] GC(42)   StringDedup Requests0 Weak     Min:  0.0, Avg:  0.0, Max:  0.0, Diff:  0.0, Sum:  0.0, Workers: 4
[18.974s][debug][gc,phases      ] GC(42)     Dead                           Min: 0, Avg:  0.0, Max: 0, Diff: 0, Sum: 0, Workers: 4
[18.974s][debug][gc,phases      ] GC(42)     Total                          Min: 0, Avg:  0.0, Max: 0, Diff: 0, Sum: 0, Workers: 4
[18.974s][debug][gc,phases      ] GC(42)   StringDedup Requests1 Weak     Min:  0.0, Avg:  0.0, Max:  0.0, Diff:  0.0, Sum:  0.0, Workers: 4
[18.974s][debug][gc,phases      ] GC(42)     Dead                           Min: 0, Avg:  0.0, Max: 0, Diff: 0, Sum: 0, Workers: 4
[18.974s][debug][gc,phases      ] GC(42)     Total                          Min: 0, Avg:  0.0, Max: 0, Diff: 0, Sum: 0, Workers: 4
[18.974s][debug][gc,phases      ] GC(42)   Weak JFR Old Object Samples    Min:  0.0, Avg:  0.0, Max:  0.0, Diff:  0.0, Sum:  0.0, Workers: 4
[18.974s][debug][gc,phases      ] GC(42)     Dead                           Min: 0, Avg:  0.0, Max: 0, Diff: 0, Sum: 0, Workers: 4
[18.974s][debug][gc,phases      ] GC(42)     Total                          Min: 0, Avg:  0.0, Max: 0, Diff: 0, Sum: 0, Workers: 4
[18.974s][debug][gc,phases      ] GC(42) Weak Processing 0.286ms
[18.974s][debug][gc,age         ] GC(42) Desired survivor size 337641472 bytes, new threshold 15 (max threshold 15)
[18.974s][info ][gc,heap        ] GC(42) PSYoungGen: 1626139K(1765376K)->193920K(1764352K) Eden: 1432571K(1432576K)->0K(1432576K) From: 193568K(332800K)->193920K(331776K)
[18.974s][info ][gc,heap        ] GC(42) ParOldGen: 345681K(432640K)->345681K(432640K)
[18.974s][info ][gc,metaspace   ] GC(42) Metaspace: 67527K(68288K)->67527K(68288K) NonClass: 57691K(58112K)->57691K(58112K) Class: 9836K(10176K)->9836K(10176K)
[18.974s][info ][gc             ] GC(42) Pause Young (Allocation Failure) 1925M->526M(2145M) 68.258ms
[18.974s][info ][gc,cpu         ] GC(42) User=0.26s Sys=0.00s Real=0.07s
[18.974s][info ][safepoint      ] Safepoint "ParallelGCFailedAllocation", Time since last: 297621601 ns, Reaching safepoint: 222703 ns, At safepoint: 68364012 ns, Total: 68586715 ns
[19.219s][info ][gc,start       ] GC(43) Pause Young (Allocation Failure)
[19.274s][debug][gc,phases      ] GC(43) Scavenge 54.335ms
[19.274s][debug][gc,ref         ] GC(43) Skipped phase 1 of Reference Processing: no references
[19.274s][debug][gc,ref         ] GC(43) ReferenceProcessor::execute queues: 1, RefProcThreadModel::Single, marks_oops_alive: false
[19.274s][debug][gc,ref         ] GC(43) Skipped phase 3 of Reference Processing: no references
[19.274s][debug][gc,ref         ] GC(43) ReferenceProcessor::execute queues: 1, RefProcThreadModel::Single, marks_oops_alive: false
[19.274s][debug][gc,phases      ] GC(43) Reference Processing 0.129ms
[19.274s][debug][gc,phases      ] GC(43)   VM Weak                        Min:  0.0, Avg:  0.0, Max:  0.0, Diff:  0.0, Sum:  0.0, Workers: 4
[19.274s][debug][gc,phases      ] GC(43)     Dead                           Min: 0, Avg:  0.0, Max: 0, Diff: 0, Sum: 0, Workers: 4
[19.274s][debug][gc,phases      ] GC(43)     Total                          Min: 0, Avg: 147.5, Max: 590, Diff: 590, Sum: 590, Workers: 4
[19.274s][debug][gc,phases      ] GC(43)   ObjectSynchronizer Weak        Min:  0.0, Avg:  0.0, Max:  0.0, Diff:  0.0, Sum:  0.0, Workers: 4
[19.274s][debug][gc,phases      ] GC(43)     Dead                           Min: 0, Avg:  0.0, Max: 0, Diff: 0, Sum: 0, Workers: 4
[19.274s][debug][gc,phases      ] GC(43)     Total                          Min: 0, Avg: 83.0, Max: 192, Diff: 192, Sum: 332, Workers: 4
[19.274s][debug][gc,phases      ] GC(43)   JVMTI Tag Weak OopStorage      Min:  0.0, Avg:  0.0, Max:  0.0, Diff:  0.0, Sum:  0.0, Workers: 4
[19.274s][debug][gc,phases      ] GC(43)     Dead                           Min: 0, Avg:  0.0, Max: 0, Diff: 0, Sum: 0, Workers: 4
[19.274s][debug][gc,phases      ] GC(43)     Total                          Min: 0, Avg:  0.0, Max: 0, Diff: 0, Sum: 0, Workers: 4
[19.274s][debug][gc,phases      ] GC(43)   StringTable Weak               Min:  0.1, Avg:  0.1, Max:  0.1, Diff:  0.0, Sum:  0.3, Workers: 4
[19.274s][debug][gc,phases      ] GC(43)     Dead                           Min: 0, Avg:  3.2, Max: 13, Diff: 13, Sum: 13, Workers: 4
[19.274s][debug][gc,phases      ] GC(43)     Total                          Min: 7360, Avg: 10657.0, Max: 12868, Diff: 5508, Sum: 42628, Workers: 4
[19.274s][debug][gc,phases      ] GC(43)   ResolvedMethodTable Weak       Min:  0.0, Avg:  0.0, Max:  0.0, Diff:  0.0, Sum:  0.1, Workers: 4
[19.274s][debug][gc,phases      ] GC(43)     Dead                           Min: 0, Avg:  4.5, Max: 9, Diff: 9, Sum: 18, Workers: 4
[19.274s][debug][gc,phases      ] GC(43)     Total                          Min: 1289, Avg: 1729.8, Max: 1919, Diff: 630, Sum: 6919, Workers: 4
[19.274s][debug][gc,phases      ] GC(43)   JNI Weak                       Min:  0.0, Avg:  0.0, Max:  0.0, Diff:  0.0, Sum:  0.0, Workers: 4
[19.274s][debug][gc,phases      ] GC(43)     Dead                           Min: 0, Avg:  0.0, Max: 0, Diff: 0, Sum: 0, Workers: 4
[19.274s][debug][gc,phases      ] GC(43)     Total                          Min: 0, Avg:  0.0, Max: 0, Diff: 0, Sum: 0, Workers: 4
[19.274s][debug][gc,phases      ] GC(43)   StringDedup Table Weak         Min:  0.0, Avg:  0.0, Max:  0.0, Diff:  0.0, Sum:  0.0, Workers: 4
[19.274s][debug][gc,phases      ] GC(43)     Dead                           Min: 0, Avg:  0.0, Max: 0, Diff: 0, Sum: 0, Workers: 4
[19.274s][debug][gc,phases      ] GC(43)     Total                          Min: 0, Avg:  0.0, Max: 0, Diff: 0, Sum: 0, Workers: 4
[19.274s][debug][gc,phases      ] GC(43)   StringDedup Requests0 Weak     Min:  0.0, Avg:  0.0, Max:  0.0, Diff:  0.0, Sum:  0.0, Workers: 4
[19.274s][debug][gc,phases      ] GC(43)     Dead                           Min: 0, Avg:  0.0, Max: 0, Diff: 0, Sum: 0, Workers: 4
[19.274s][debug][gc,phases      ] GC(43)     Total                          Min: 0, Avg:  0.0, Max: 0, Diff: 0, Sum: 0, Workers: 4
[19.274s][debug][gc,phases      ] GC(43)   StringDedup Requests1 Weak     Min:  0.0, Avg:  0.0, Max:  0.0, Diff:  0.0, Sum:  0.0, Workers: 4
[19.274s][debug][gc,phases      ] GC(43)     Dead                           Min: 0, Avg:  0.0, Max: 0, Diff: 0, Sum: 0, Workers: 4
[19.274s][debug][gc,phases      ] GC(43)     Total                          Min: 0, Avg:  0.0, Max: 0, Diff: 0, Sum: 0, Workers: 4
[19.274s][debug][gc,phases      ] GC(43)   Weak JFR Old Object Samples    Min:  0.0, Avg:  0.0, Max:  0.0, Diff:  0.0, Sum:  0.0, Workers: 4
[19.274s][debug][gc,phases      ] GC(43)     Dead                           Min: 0, Avg:  0.0, Max: 0, Diff: 0, Sum: 0, Workers: 4
[19.274s][debug][gc,phases      ] GC(43)     Total                          Min: 0, Avg:  0.0, Max: 0, Diff: 0, Sum: 0, Workers: 4
[19.274s][debug][gc,phases      ] GC(43) Weak Processing 0.266ms
[19.274s][debug][gc,age         ] GC(43) Desired survivor size 335020032 bytes, new threshold 15 (max threshold 15)
[19.274s][info ][gc,heap        ] GC(43) PSYoungGen: 1626496K(1764352K)->194608K(1769984K) Eden: 1432576K(1432576K)->0K(1440256K) From: 193920K(331776K)->194608K(329728K)
[19.274s][info ][gc,heap        ] GC(43) ParOldGen: 345681K(432640K)->345689K(432640K)
[19.274s][info ][gc,metaspace   ] GC(43) Metaspace: 67628K(68352K)->67628K(68352K) NonClass: 57778K(58176K)->57778K(58176K) Class: 9850K(10176K)->9850K(10176K)
[19.274s][info ][gc             ] GC(43) Pause Young (Allocation Failure) 1925M->527M(2151M) 54.848ms
[19.274s][info ][gc,cpu         ] GC(43) User=0.22s Sys=0.00s Real=0.06s
[19.274s][info ][safepoint      ] Safepoint "ParallelGCFailedAllocation", Time since last: 245039153 ns, Reaching safepoint: 135801 ns, At safepoint: 54950173 ns, Total: 55085974 ns
[19.587s][info ][gc,start       ] GC(44) Pause Young (Allocation Failure)
[19.653s][debug][gc,phases      ] GC(44) Scavenge 65.808ms
[19.653s][debug][gc,ref         ] GC(44) Skipped phase 1 of Reference Processing: no references
[19.653s][debug][gc,ref         ] GC(44) ReferenceProcessor::execute queues: 1, RefProcThreadModel::Single, marks_oops_alive: false
[19.653s][debug][gc,ref         ] GC(44) Skipped phase 3 of Reference Processing: no references
[19.653s][debug][gc,ref         ] GC(44) ReferenceProcessor::execute queues: 1, RefProcThreadModel::Single, marks_oops_alive: false
[19.653s][debug][gc,phases      ] GC(44) Reference Processing 0.140ms
[19.653s][debug][gc,phases      ] GC(44)   VM Weak                        Min:  0.0, Avg:  0.0, Max:  0.0, Diff:  0.0, Sum:  0.0, Workers: 4
[19.653s][debug][gc,phases      ] GC(44)     Dead                           Min: 0, Avg:  0.0, Max: 0, Diff: 0, Sum: 0, Workers: 4
[19.653s][debug][gc,phases      ] GC(44)     Total                          Min: 0, Avg: 147.5, Max: 590, Diff: 590, Sum: 590, Workers: 4
[19.653s][debug][gc,phases      ] GC(44)   ObjectSynchronizer Weak        Min:  0.0, Avg:  0.0, Max:  0.0, Diff:  0.0, Sum:  0.0, Workers: 4
[19.653s][debug][gc,phases      ] GC(44)     Dead                           Min: 0, Avg:  0.0, Max: 0, Diff: 0, Sum: 0, Workers: 4
[19.653s][debug][gc,phases      ] GC(44)     Total                          Min: 0, Avg: 83.0, Max: 256, Diff: 256, Sum: 332, Workers: 4
[19.653s][debug][gc,phases      ] GC(44)   JVMTI Tag Weak OopStorage      Min:  0.0, Avg:  0.0, Max:  0.0, Diff:  0.0, Sum:  0.0, Workers: 4
[19.653s][debug][gc,phases      ] GC(44)     Dead                           Min: 0, Avg:  0.0, Max: 0, Diff: 0, Sum: 0, Workers: 4
[19.653s][debug][gc,phases      ] GC(44)     Total                          Min: 0, Avg:  0.0, Max: 0, Diff: 0, Sum: 0, Workers: 4
[19.653s][debug][gc,phases      ] GC(44)   StringTable Weak               Min:  0.1, Avg:  0.1, Max:  0.1, Diff:  0.0, Sum:  0.3, Workers: 4
[19.653s][debug][gc,phases      ] GC(44)     Dead                           Min: 0, Avg:  0.2, Max: 1, Diff: 1, Sum: 1, Workers: 4
[19.653s][debug][gc,phases      ] GC(44)     Total                          Min: 8384, Avg: 10662.5, Max: 13312, Diff: 4928, Sum: 42650, Workers: 4
[19.653s][debug][gc,phases      ] GC(44)   ResolvedMethodTable Weak       Min:  0.0, Avg:  0.0, Max:  0.0, Diff:  0.0, Sum:  0.1, Workers: 4
[19.653s][debug][gc,phases      ] GC(44)     Dead                           Min: 0, Avg:  0.0, Max: 0, Diff: 0, Sum: 0, Workers: 4
[19.653s][debug][gc,phases      ] GC(44)     Total                          Min: 1152, Avg: 1733.0, Max: 2389, Diff: 1237, Sum: 6932, Workers: 4
[19.653s][debug][gc,phases      ] GC(44)   JNI Weak                       Min:  0.0, Avg:  0.0, Max:  0.0, Diff:  0.0, Sum:  0.0, Workers: 4
[19.653s][debug][gc,phases      ] GC(44)     Dead                           Min: 0, Avg:  0.0, Max: 0, Diff: 0, Sum: 0, Workers: 4
[19.653s][debug][gc,phases      ] GC(44)     Total                          Min: 0, Avg:  0.0, Max: 0, Diff: 0, Sum: 0, Workers: 4
[19.653s][debug][gc,phases      ] GC(44)   StringDedup Table Weak         Min:  0.0, Avg:  0.0, Max:  0.0, Diff:  0.0, Sum:  0.0, Workers: 4
[19.653s][debug][gc,phases      ] GC(44)     Dead                           Min: 0, Avg:  0.0, Max: 0, Diff: 0, Sum: 0, Workers: 4
[19.653s][debug][gc,phases      ] GC(44)     Total                          Min: 0, Avg:  0.0, Max: 0, Diff: 0, Sum: 0, Workers: 4
[19.653s][debug][gc,phases      ] GC(44)   StringDedup Requests0 Weak     Min:  0.0, Avg:  0.0, Max:  0.0, Diff:  0.0, Sum:  0.0, Workers: 4
[19.653s][debug][gc,phases      ] GC(44)     Dead                           Min: 0, Avg:  0.0, Max: 0, Diff: 0, Sum: 0, Workers: 4
[19.653s][debug][gc,phases      ] GC(44)     Total                          Min: 0, Avg:  0.0, Max: 0, Diff: 0, Sum: 0, Workers: 4
[19.653s][debug][gc,phases      ] GC(44)   StringDedup Requests1 Weak     Min:  0.0, Avg:  0.0, Max:  0.0, Diff:  0.0, Sum:  0.0, Workers: 4
[19.653s][debug][gc,phases      ] GC(44)     Dead                           Min: 0, Avg:  0.0, Max: 0, Diff: 0, Sum: 0, Workers: 4
[19.653s][debug][gc,phases      ] GC(44)     Total                          Min: 0, Avg:  0.0, Max: 0, Diff: 0, Sum: 0, Workers: 4
[19.653s][debug][gc,phases      ] GC(44)   Weak JFR Old Object Samples    Min:  0.0, Avg:  0.0, Max:  0.0, Diff:  0.0, Sum:  0.0, Workers: 4
[19.653s][debug][gc,phases      ] GC(44)     Dead                           Min: 0, Avg:  0.0, Max: 0, Diff: 0, Sum: 0, Workers: 4
[19.653s][debug][gc,phases      ] GC(44)     Total                          Min: 0, Avg:  0.0, Max: 0, Diff: 0, Sum: 0, Workers: 4
[19.653s][debug][gc,phases      ] GC(44) Weak Processing 0.271ms
[19.653s][debug][gc,age         ] GC(44) Desired survivor size 330301440 bytes, new threshold 15 (max threshold 15)
[19.653s][info ][gc,heap        ] GC(44) PSYoungGen: 1634864K(1769984K)->191824K(1767424K) Eden: 1440256K(1440256K)->0K(1440256K) From: 194608K(329728K)->191824K(327168K)
[19.653s][info ][gc,heap        ] GC(44) ParOldGen: 345689K(432640K)->350577K(432640K)
[19.653s][info ][gc,metaspace   ] GC(44) Metaspace: 67681K(68416K)->67681K(68416K) NonClass: 57825K(58240K)->57825K(58240K) Class: 9856K(10176K)->9856K(10176K)
[19.653s][info ][gc             ] GC(44) Pause Young (Allocation Failure) 1934M->529M(2148M) 66.335ms
[19.653s][info ][gc,cpu         ] GC(44) User=0.26s Sys=0.00s Real=0.07s
[19.653s][info ][safepoint      ] Safepoint "ParallelGCFailedAllocation", Time since last: 312332954 ns, Reaching safepoint: 278203 ns, At safepoint: 66444692 ns, Total: 66722895 ns
[19.992s][info ][gc,start       ] GC(45) Pause Young (Allocation Failure)
[20.061s][debug][gc,phases      ] GC(45) Scavenge 69.222ms
[20.061s][debug][gc,ref         ] GC(45) Skipped phase 1 of Reference Processing: no references
[20.061s][debug][gc,ref         ] GC(45) ReferenceProcessor::execute queues: 1, RefProcThreadModel::Single, marks_oops_alive: false
[20.061s][debug][gc,ref         ] GC(45) Skipped phase 3 of Reference Processing: no references
[20.061s][debug][gc,ref         ] GC(45) ReferenceProcessor::execute queues: 1, RefProcThreadModel::Single, marks_oops_alive: false
[20.061s][debug][gc,phases      ] GC(45) Reference Processing 0.143ms
[20.061s][debug][gc,phases      ] GC(45)   VM Weak                        Min:  0.0, Avg:  0.0, Max:  0.0, Diff:  0.0, Sum:  0.0, Workers: 4
[20.061s][debug][gc,phases      ] GC(45)     Dead                           Min: 0, Avg:  0.0, Max: 0, Diff: 0, Sum: 0, Workers: 4
[20.061s][debug][gc,phases      ] GC(45)     Total                          Min: 0, Avg: 147.5, Max: 320, Diff: 320, Sum: 590, Workers: 4
[20.061s][debug][gc,phases      ] GC(45)   ObjectSynchronizer Weak        Min:  0.0, Avg:  0.0, Max:  0.0, Diff:  0.0, Sum:  0.0, Workers: 4
[20.061s][debug][gc,phases      ] GC(45)     Dead                           Min: 0, Avg:  0.0, Max: 0, Diff: 0, Sum: 0, Workers: 4
[20.061s][debug][gc,phases      ] GC(45)     Total                          Min: 0, Avg: 83.0, Max: 192, Diff: 192, Sum: 332, Workers: 4
[20.061s][debug][gc,phases      ] GC(45)   JVMTI Tag Weak OopStorage      Min:  0.0, Avg:  0.0, Max:  0.0, Diff:  0.0, Sum:  0.0, Workers: 4
[20.061s][debug][gc,phases      ] GC(45)     Dead                           Min: 0, Avg:  0.0, Max: 0, Diff: 0, Sum: 0, Workers: 4
[20.061s][debug][gc,phases      ] GC(45)     Total                          Min: 0, Avg:  0.0, Max: 0, Diff: 0, Sum: 0, Workers: 4
[20.061s][debug][gc,phases      ] GC(45)   StringTable Weak               Min:  0.1, Avg:  0.1, Max:  0.1, Diff:  0.0, Sum:  0.3, Workers: 4
[20.061s][debug][gc,phases      ] GC(45)     Dead                           Min: 0, Avg:  3.0, Max: 9, Diff: 9, Sum: 12, Workers: 4
[20.061s][debug][gc,phases      ] GC(45)     Total                          Min: 8128, Avg: 10665.2, Max: 13093, Diff: 4965, Sum: 42661, Workers: 4
[20.061s][debug][gc,phases      ] GC(45)   ResolvedMethodTable Weak       Min:  0.0, Avg:  0.0, Max:  0.0, Diff:  0.0, Sum:  0.1, Workers: 4
[20.061s][debug][gc,phases      ] GC(45)     Dead                           Min: 0, Avg:  0.0, Max: 0, Diff: 0, Sum: 0, Workers: 4
[20.061s][debug][gc,phases      ] GC(45)     Total                          Min: 1408, Avg: 1735.8, Max: 2015, Diff: 607, Sum: 6943, Workers: 4
[20.061s][debug][gc,phases      ] GC(45)   JNI Weak                       Min:  0.0, Avg:  0.0, Max:  0.0, Diff:  0.0, Sum:  0.0, Workers: 4
[20.061s][debug][gc,phases      ] GC(45)     Dead                           Min: 0, Avg:  0.0, Max: 0, Diff: 0, Sum: 0, Workers: 4
[20.061s][debug][gc,phases      ] GC(45)     Total                          Min: 0, Avg:  0.0, Max: 0, Diff: 0, Sum: 0, Workers: 4
[20.061s][debug][gc,phases      ] GC(45)   StringDedup Table Weak         Min:  0.0, Avg:  0.0, Max:  0.0, Diff:  0.0, Sum:  0.0, Workers: 4
[20.061s][debug][gc,phases      ] GC(45)     Dead                           Min: 0, Avg:  0.0, Max: 0, Diff: 0, Sum: 0, Workers: 4
[20.061s][debug][gc,phases      ] GC(45)     Total                          Min: 0, Avg:  0.0, Max: 0, Diff: 0, Sum: 0, Workers: 4
[20.061s][debug][gc,phases      ] GC(45)   StringDedup Requests0 Weak     Min:  0.0, Avg:  0.0, Max:  0.0, Diff:  0.0, Sum:  0.0, Workers: 4
[20.061s][debug][gc,phases      ] GC(45)     Dead                           Min: 0, Avg:  0.0, Max: 0, Diff: 0, Sum: 0, Workers: 4
[20.061s][debug][gc,phases      ] GC(45)     Total                          Min: 0, Avg:  0.0, Max: 0, Diff: 0, Sum: 0, Workers: 4
[20.061s][debug][gc,phases      ] GC(45)   StringDedup Requests1 Weak     Min:  0.0, Avg:  0.0, Max:  0.0, Diff:  0.0, Sum:  0.0, Workers: 4
[20.061s][debug][gc,phases      ] GC(45)     Dead                           Min: 0, Avg:  0.0, Max: 0, Diff: 0, Sum: 0, Workers: 4
[20.061s][debug][gc,phases      ] GC(45)     Total                          Min: 0, Avg:  0.0, Max: 0, Diff: 0, Sum: 0, Workers: 4
[20.061s][debug][gc,phases      ] GC(45)   Weak JFR Old Object Samples    Min:  0.0, Avg:  0.0, Max:  0.0, Diff:  0.0, Sum:  0.0, Workers: 4
[20.061s][debug][gc,phases      ] GC(45)     Dead                           Min: 0, Avg:  0.0, Max: 0, Diff: 0, Sum: 0, Workers: 4
[20.061s][debug][gc,phases      ] GC(45)     Total                          Min: 0, Avg:  0.0, Max: 0, Diff: 0, Sum: 0, Workers: 4
[20.061s][debug][gc,phases      ] GC(45) Weak Processing 0.266ms
[20.061s][debug][gc,age         ] GC(45) Desired survivor size 316145664 bytes, new threshold 15 (max threshold 15)
[20.061s][info ][gc,heap        ] GC(45) PSYoungGen: 1632080K(1767424K)->149760K(1788416K) Eden: 1440256K(1440256K)->0K(1465856K) From: 191824K(327168K)->149760K(322560K)
[20.061s][info ][gc,heap        ] GC(45) ParOldGen: 350577K(432640K)->394625K(432640K)
[20.061s][info ][gc,metaspace   ] GC(45) Metaspace: 67729K(68544K)->67729K(68544K) NonClass: 57868K(58304K)->57868K(58304K) Class: 9861K(10240K)->9861K(10240K)
[20.061s][info ][gc             ] GC(45) Pause Young (Allocation Failure) 1936M->531M(2169M) 69.754ms
[20.061s][info ][gc,cpu         ] GC(45) User=0.26s Sys=0.01s Real=0.07s
[20.061s][debug][gc,phases      ] GC(46) Pre Compact 0.008ms
[20.061s][info ][gc,start       ] GC(46) Pause Full (Ergonomics)
[20.061s][info ][gc,phases,start] GC(46) Marking Phase
[20.241s][debug][gc,phases      ] GC(46) Par Mark 180.016ms
[20.241s][debug][gc,ref         ] GC(46) Skipped phase 1 of Reference Processing: no references
[20.242s][debug][gc,ref         ] GC(46) ReferenceProcessor::execute queues: 4, RefProcThreadModel::Multi, marks_oops_alive: false
[20.242s][debug][gc,ref         ] GC(46) Skipped phase 3 of Reference Processing: no references
[20.242s][debug][gc,ref         ] GC(46) ReferenceProcessor::execute queues: 1, RefProcThreadModel::Single, marks_oops_alive: false
[20.242s][debug][gc,phases      ] GC(46) Reference Processing 0.494ms
[20.242s][debug][gc,phases      ] GC(46)   VM Weak                        Min:  0.0, Avg:  0.0, Max:  0.0, Diff:  0.0, Sum:  0.0, Workers: 4
[20.242s][debug][gc,phases      ] GC(46)     Dead                           Min: 0, Avg:  0.0, Max: 0, Diff: 0, Sum: 0, Workers: 4
[20.242s][debug][gc,phases      ] GC(46)     Total                          Min: 0, Avg: 147.5, Max: 256, Diff: 256, Sum: 590, Workers: 4
[20.242s][debug][gc,phases      ] GC(46)   ObjectSynchronizer Weak        Min:  0.0, Avg:  0.0, Max:  0.0, Diff:  0.0, Sum:  0.0, Workers: 4
[20.242s][debug][gc,phases      ] GC(46)     Dead                           Min: 0, Avg:  0.0, Max: 0, Diff: 0, Sum: 0, Workers: 4
[20.242s][debug][gc,phases      ] GC(46)     Total                          Min: 12, Avg: 83.0, Max: 128, Diff: 116, Sum: 332, Workers: 4
[20.242s][debug][gc,phases      ] GC(46)   JVMTI Tag Weak OopStorage      Min:  0.0, Avg:  0.0, Max:  0.0, Diff:  0.0, Sum:  0.0, Workers: 4
[20.242s][debug][gc,phases      ] GC(46)     Dead                           Min: 0, Avg:  0.0, Max: 0, Diff: 0, Sum: 0, Workers: 4
[20.242s][debug][gc,phases      ] GC(46)     Total                          Min: 0, Avg:  0.0, Max: 0, Diff: 0, Sum: 0, Workers: 4
[20.242s][debug][gc,phases      ] GC(46)   StringTable Weak               Min:  0.1, Avg:  0.1, Max:  0.1, Diff:  0.0, Sum:  0.5, Workers: 4
[20.242s][debug][gc,phases      ] GC(46)     Dead                           Min: 0, Avg:  0.0, Max: 0, Diff: 0, Sum: 0, Workers: 4
[20.242s][debug][gc,phases      ] GC(46)     Total                          Min: 8640, Avg: 10665.2, Max: 12069, Diff: 3429, Sum: 42661, Workers: 4
[20.242s][debug][gc,phases      ] GC(46)   ResolvedMethodTable Weak       Min:  0.0, Avg:  0.0, Max:  0.0, Diff:  0.0, Sum:  0.1, Workers: 4
[20.242s][debug][gc,phases      ] GC(46)     Dead                           Min: 0, Avg:  0.0, Max: 0, Diff: 0, Sum: 0, Workers: 4
[20.242s][debug][gc,phases      ] GC(46)     Total                          Min: 1472, Avg: 1735.8, Max: 1920, Diff: 448, Sum: 6943, Workers: 4
[20.242s][debug][gc,phases      ] GC(46)   JNI Weak                       Min:  0.0, Avg:  0.0, Max:  0.0, Diff:  0.0, Sum:  0.0, Workers: 4
[20.242s][debug][gc,phases      ] GC(46)     Dead                           Min: 0, Avg:  0.0, Max: 0, Diff: 0, Sum: 0, Workers: 4
[20.242s][debug][gc,phases      ] GC(46)     Total                          Min: 0, Avg:  0.0, Max: 0, Diff: 0, Sum: 0, Workers: 4
[20.242s][debug][gc,phases      ] GC(46)   StringDedup Table Weak         Min:  0.0, Avg:  0.0, Max:  0.0, Diff:  0.0, Sum:  0.0, Workers: 4
[20.242s][debug][gc,phases      ] GC(46)     Dead                           Min: 0, Avg:  0.0, Max: 0, Diff: 0, Sum: 0, Workers: 4
[20.242s][debug][gc,phases      ] GC(46)     Total                          Min: 0, Avg:  0.0, Max: 0, Diff: 0, Sum: 0, Workers: 4
[20.242s][debug][gc,phases      ] GC(46)   StringDedup Requests0 Weak     Min:  0.0, Avg:  0.0, Max:  0.0, Diff:  0.0, Sum:  0.0, Workers: 4
[20.242s][debug][gc,phases      ] GC(46)     Dead                           Min: 0, Avg:  0.0, Max: 0, Diff: 0, Sum: 0, Workers: 4
[20.242s][debug][gc,phases      ] GC(46)     Total                          Min: 0, Avg:  0.0, Max: 0, Diff: 0, Sum: 0, Workers: 4
[20.242s][debug][gc,phases      ] GC(46)   StringDedup Requests1 Weak     Min:  0.0, Avg:  0.0, Max:  0.0, Diff:  0.0, Sum:  0.0, Workers: 4
[20.242s][debug][gc,phases      ] GC(46)     Dead                           Min: 0, Avg:  0.0, Max: 0, Diff: 0, Sum: 0, Workers: 4
[20.242s][debug][gc,phases      ] GC(46)     Total                          Min: 0, Avg:  0.0, Max: 0, Diff: 0, Sum: 0, Workers: 4
[20.242s][debug][gc,phases      ] GC(46)   Weak JFR Old Object Samples    Min:  0.0, Avg:  0.0, Max:  0.0, Diff:  0.0, Sum:  0.0, Workers: 4
[20.242s][debug][gc,phases      ] GC(46)     Dead                           Min: 0, Avg:  0.0, Max: 0, Diff: 0, Sum: 0, Workers: 4
[20.242s][debug][gc,phases      ] GC(46)     Total                          Min: 0, Avg:  0.0, Max: 0, Diff: 0, Sum: 0, Workers: 4
[20.242s][debug][gc,phases      ] GC(46) Weak Processing 0.327ms
[20.242s][debug][gc,phases      ] GC(46) ClassLoaderData 0.076ms
[20.242s][debug][gc,phases      ] GC(46) Trigger cleanups 0.000ms
[20.251s][debug][gc,phases      ] GC(46) Class Unloading 8.408ms
[20.251s][info ][gc,phases      ] GC(46) Marking Phase 189.377ms
[20.251s][info ][gc,phases,start] GC(46) Summary Phase
[20.251s][info ][gc,phases      ] GC(46) Summary Phase 0.018ms
[20.251s][info ][gc,phases,start] GC(46) Adjust Roots
[20.259s][info ][gc,phases      ] GC(46) Adjust Roots 8.610ms
[20.259s][info ][gc,phases,start] GC(46) Compaction Phase
[20.722s][info ][gc,phases      ] GC(46) Compaction Phase 462.741ms
[20.722s][info ][gc,phases,start] GC(46) Post Compact
[20.723s][info ][gc,phases      ] GC(46) Post Compact 1.279ms
[20.724s][info ][gc,heap        ] GC(46) PSYoungGen: 149760K(1788416K)->89327K(1788416K) Eden: 0K(1465856K)->0K(1465856K) From: 149760K(322560K)->89327K(322560K)
[20.724s][info ][gc,heap        ] GC(46) ParOldGen: 394625K(432640K)->432636K(519168K)
[20.724s][info ][gc,metaspace   ] GC(46) Metaspace: 67729K(68544K)->67729K(68544K) NonClass: 57868K(58304K)->57868K(58304K) Class: 9861K(10240K)->9861K(10240K)
[20.724s][info ][gc             ] GC(46) Pause Full (Ergonomics) 531M->509M(2253M) 662.255ms
[20.724s][info ][gc,cpu         ] GC(46) User=2.58s Sys=0.00s Real=0.66s
[20.724s][info ][safepoint      ] Safepoint "ParallelGCFailedAllocation", Time since last: 337689918 ns, Reaching safepoint: 686207 ns, At safepoint: 732163825 ns, Total: 732850032 ns
[20.975s][info ][gc,start       ] GC(47) Pause Young (Allocation Failure)
[21.042s][debug][gc,phases      ] GC(47) Scavenge 66.567ms
[21.042s][debug][gc,ref         ] GC(47) Skipped phase 1 of Reference Processing: no references
[21.042s][debug][gc,ref         ] GC(47) ReferenceProcessor::execute queues: 1, RefProcThreadModel::Single, marks_oops_alive: false
[21.042s][debug][gc,ref         ] GC(47) Skipped phase 3 of Reference Processing: no references
[21.042s][debug][gc,ref         ] GC(47) ReferenceProcessor::execute queues: 1, RefProcThreadModel::Single, marks_oops_alive: false
[21.042s][debug][gc,phases      ] GC(47) Reference Processing 0.107ms
[21.042s][debug][gc,phases      ] GC(47)   VM Weak                        Min:  0.0, Avg:  0.0, Max:  0.0, Diff:  0.0, Sum:  0.0, Workers: 4
[21.042s][debug][gc,phases      ] GC(47)     Dead                           Min: 0, Avg:  0.0, Max: 0, Diff: 0, Sum: 0, Workers: 4
[21.042s][debug][gc,phases      ] GC(47)     Total                          Min: 0, Avg: 147.5, Max: 590, Diff: 590, Sum: 590, Workers: 4
[21.042s][debug][gc,phases      ] GC(47)   ObjectSynchronizer Weak        Min:  0.0, Avg:  0.0, Max:  0.0, Diff:  0.0, Sum:  0.0, Workers: 4
[21.042s][debug][gc,phases      ] GC(47)     Dead                           Min: 0, Avg:  0.0, Max: 0, Diff: 0, Sum: 0, Workers: 4
[21.042s][debug][gc,phases      ] GC(47)     Total                          Min: 0, Avg: 83.0, Max: 256, Diff: 256, Sum: 332, Workers: 4
[21.042s][debug][gc,phases      ] GC(47)   JVMTI Tag Weak OopStorage      Min:  0.0, Avg:  0.0, Max:  0.0, Diff:  0.0, Sum:  0.0, Workers: 4
[21.042s][debug][gc,phases      ] GC(47)     Dead                           Min: 0, Avg:  0.0, Max: 0, Diff: 0, Sum: 0, Workers: 4
[21.042s][debug][gc,phases      ] GC(47)     Total                          Min: 0, Avg:  0.0, Max: 0, Diff: 0, Sum: 0, Workers: 4
[21.042s][debug][gc,phases      ] GC(47)   StringTable Weak               Min:  0.1, Avg:  0.1, Max:  0.1, Diff:  0.0, Sum:  0.4, Workers: 4
[21.042s][debug][gc,phases      ] GC(47)     Dead                           Min: 0, Avg:  2.8, Max: 11, Diff: 11, Sum: 11, Workers: 4
[21.042s][debug][gc,phases      ] GC(47)     Total                          Min: 9087, Avg: 10665.2, Max: 14447, Diff: 5360, Sum: 42661, Workers: 4
[21.042s][debug][gc,phases      ] GC(47)   ResolvedMethodTable Weak       Min:  0.0, Avg:  0.0, Max:  0.0, Diff:  0.0, Sum:  0.1, Workers: 4
[21.042s][debug][gc,phases      ] GC(47)     Dead                           Min: 0, Avg:  0.0, Max: 0, Diff: 0, Sum: 0, Workers: 4
[21.042s][debug][gc,phases      ] GC(47)     Total                          Min: 1504, Avg: 1735.8, Max: 2176, Diff: 672, Sum: 6943, Workers: 4
[21.042s][debug][gc,phases      ] GC(47)   JNI Weak                       Min:  0.0, Avg:  0.0, Max:  0.0, Diff:  0.0, Sum:  0.0, Workers: 4
[21.042s][debug][gc,phases      ] GC(47)     Dead                           Min: 0, Avg:  0.0, Max: 0, Diff: 0, Sum: 0, Workers: 4
[21.042s][debug][gc,phases      ] GC(47)     Total                          Min: 0, Avg:  0.5, Max: 2, Diff: 2, Sum: 2, Workers: 4
[21.042s][debug][gc,phases      ] GC(47)   StringDedup Table Weak         Min:  0.0, Avg:  0.0, Max:  0.0, Diff:  0.0, Sum:  0.0, Workers: 4
[21.042s][debug][gc,phases      ] GC(47)     Dead                           Min: 0, Avg:  0.0, Max: 0, Diff: 0, Sum: 0, Workers: 4
[21.042s][debug][gc,phases      ] GC(47)     Total                          Min: 0, Avg:  0.0, Max: 0, Diff: 0, Sum: 0, Workers: 4
[21.042s][debug][gc,phases      ] GC(47)   StringDedup Requests0 Weak     Min:  0.0, Avg:  0.0, Max:  0.0, Diff:  0.0, Sum:  0.0, Workers: 4
[21.042s][debug][gc,phases      ] GC(47)     Dead                           Min: 0, Avg:  0.0, Max: 0, Diff: 0, Sum: 0, Workers: 4
[21.042s][debug][gc,phases      ] GC(47)     Total                          Min: 0, Avg:  0.0, Max: 0, Diff: 0, Sum: 0, Workers: 4
[21.042s][debug][gc,phases      ] GC(47)   StringDedup Requests1 Weak     Min:  0.0, Avg:  0.0, Max:  0.0, Diff:  0.0, Sum:  0.0, Workers: 4
[21.042s][debug][gc,phases      ] GC(47)     Dead                           Min: 0, Avg:  0.0, Max: 0, Diff: 0, Sum: 0, Workers: 4
[21.042s][debug][gc,phases      ] GC(47)     Total                          Min: 0, Avg:  0.0, Max: 0, Diff: 0, Sum: 0, Workers: 4
[21.042s][debug][gc,phases      ] GC(47)   Weak JFR Old Object Samples    Min:  0.0, Avg:  0.0, Max:  0.0, Diff:  0.0, Sum:  0.0, Workers: 4
[21.042s][debug][gc,phases      ] GC(47)     Dead                           Min: 0, Avg:  0.0, Max: 0, Diff: 0, Sum: 0, Workers: 4
[21.042s][debug][gc,phases      ] GC(47)     Total                          Min: 0, Avg:  0.0, Max: 0, Diff: 0, Sum: 0, Workers: 4
[21.042s][debug][gc,phases      ] GC(47) Weak Processing 0.277ms
[21.042s][debug][gc,age         ] GC(47) Desired survivor size 314572800 bytes, new threshold 15 (max threshold 15)
[21.042s][info ][gc,heap        ] GC(47) PSYoungGen: 1555183K(1788416K)->81872K(1774592K) Eden: 1465856K(1465856K)->0K(1465856K) From: 89327K(322560K)->81872K(308736K)
[21.042s][info ][gc,heap        ] GC(47) ParOldGen: 432636K(519168K)->444372K(519168K)
[21.042s][info ][gc,metaspace   ] GC(47) Metaspace: 67729K(68544K)->67729K(68544K) NonClass: 57868K(58304K)->57868K(58304K) Class: 9861K(10240K)->9861K(10240K)
[21.042s][info ][gc             ] GC(47) Pause Young (Allocation Failure) 1941M->513M(2240M) 67.086ms
[21.042s][info ][gc,cpu         ] GC(47) User=0.26s Sys=0.00s Real=0.07s
[21.042s][info ][safepoint      ] Safepoint "ParallelGCFailedAllocation", Time since last: 249224096 ns, Reaching safepoint: 2169422 ns, At safepoint: 67191800 ns, Total: 69361222 ns
[21.350s][info ][gc,start       ] GC(48) Pause Young (Allocation Failure)
[21.392s][debug][gc,phases      ] GC(48) Scavenge 41.376ms
[21.392s][debug][gc,ref         ] GC(48) Skipped phase 1 of Reference Processing: no references
[21.392s][debug][gc,ref         ] GC(48) ReferenceProcessor::execute queues: 1, RefProcThreadModel::Single, marks_oops_alive: false
[21.392s][debug][gc,ref         ] GC(48) Skipped phase 3 of Reference Processing: no references
[21.392s][debug][gc,ref         ] GC(48) ReferenceProcessor::execute queues: 1, RefProcThreadModel::Single, marks_oops_alive: false
[21.392s][debug][gc,phases      ] GC(48) Reference Processing 0.126ms
[21.392s][debug][gc,phases      ] GC(48)   VM Weak                        Min:  0.0, Avg:  0.0, Max:  0.0, Diff:  0.0, Sum:  0.0, Workers: 4
[21.392s][debug][gc,phases      ] GC(48)     Dead                           Min: 0, Avg:  0.0, Max: 0, Diff: 0, Sum: 0, Workers: 4
[21.392s][debug][gc,phases      ] GC(48)     Total                          Min: 0, Avg: 147.5, Max: 590, Diff: 590, Sum: 590, Workers: 4
[21.392s][debug][gc,phases      ] GC(48)   ObjectSynchronizer Weak        Min:  0.0, Avg:  0.0, Max:  0.0, Diff:  0.0, Sum:  0.0, Workers: 4
[21.392s][debug][gc,phases      ] GC(48)     Dead                           Min: 0, Avg:  0.0, Max: 0, Diff: 0, Sum: 0, Workers: 4
[21.392s][debug][gc,phases      ] GC(48)     Total                          Min: 0, Avg: 83.0, Max: 204, Diff: 204, Sum: 332, Workers: 4
[21.392s][debug][gc,phases      ] GC(48)   JVMTI Tag Weak OopStorage      Min:  0.0, Avg:  0.0, Max:  0.0, Diff:  0.0, Sum:  0.0, Workers: 4
[21.392s][debug][gc,phases      ] GC(48)     Dead                           Min: 0, Avg:  0.0, Max: 0, Diff: 0, Sum: 0, Workers: 4
[21.392s][debug][gc,phases      ] GC(48)     Total                          Min: 0, Avg:  0.0, Max: 0, Diff: 0, Sum: 0, Workers: 4
[21.392s][debug][gc,phases      ] GC(48)   StringTable Weak               Min:  0.1, Avg:  0.1, Max:  0.1, Diff:  0.0, Sum:  0.3, Workers: 4
[21.392s][debug][gc,phases      ] GC(48)     Dead                           Min: 0, Avg:  2.8, Max: 8, Diff: 8, Sum: 11, Workers: 4
[21.392s][debug][gc,phases      ] GC(48)     Total                          Min: 9319, Avg: 10665.8, Max: 13952, Diff: 4633, Sum: 42663, Workers: 4
[21.392s][debug][gc,phases      ] GC(48)   ResolvedMethodTable Weak       Min:  0.0, Avg:  0.0, Max:  0.0, Diff:  0.0, Sum:  0.1, Workers: 4
[21.392s][debug][gc,phases      ] GC(48)     Dead                           Min: 0, Avg:  0.0, Max: 0, Diff: 0, Sum: 0, Workers: 4
[21.392s][debug][gc,phases      ] GC(48)     Total                          Min: 1535, Avg: 1735.8, Max: 2176, Diff: 641, Sum: 6943, Workers: 4
[21.392s][debug][gc,phases      ] GC(48)   JNI Weak                       Min:  0.0, Avg:  0.0, Max:  0.0, Diff:  0.0, Sum:  0.0, Workers: 4
[21.392s][debug][gc,phases      ] GC(48)     Dead                           Min: 0, Avg:  0.0, Max: 0, Diff: 0, Sum: 0, Workers: 4
[21.392s][debug][gc,phases      ] GC(48)     Total                          Min: 0, Avg:  0.0, Max: 0, Diff: 0, Sum: 0, Workers: 4
[21.392s][debug][gc,phases      ] GC(48)   StringDedup Table Weak         Min:  0.0, Avg:  0.0, Max:  0.0, Diff:  0.0, Sum:  0.0, Workers: 4
[21.392s][debug][gc,phases      ] GC(48)     Dead                           Min: 0, Avg:  0.0, Max: 0, Diff: 0, Sum: 0, Workers: 4
[21.392s][debug][gc,phases      ] GC(48)     Total                          Min: 0, Avg:  0.0, Max: 0, Diff: 0, Sum: 0, Workers: 4
[21.392s][debug][gc,phases      ] GC(48)   StringDedup Requests0 Weak     Min:  0.0, Avg:  0.0, Max:  0.0, Diff:  0.0, Sum:  0.0, Workers: 4
[21.392s][debug][gc,phases      ] GC(48)     Dead                           Min: 0, Avg:  0.0, Max: 0, Diff: 0, Sum: 0, Workers: 4
[21.392s][debug][gc,phases      ] GC(48)     Total                          Min: 0, Avg:  0.0, Max: 0, Diff: 0, Sum: 0, Workers: 4
[21.392s][debug][gc,phases      ] GC(48)   StringDedup Requests1 Weak     Min:  0.0, Avg:  0.0, Max:  0.0, Diff:  0.0, Sum:  0.0, Workers: 4
[21.392s][debug][gc,phases      ] GC(48)     Dead                           Min: 0, Avg:  0.0, Max: 0, Diff: 0, Sum: 0, Workers: 4
[21.392s][debug][gc,phases      ] GC(48)     Total                          Min: 0, Avg:  0.0, Max: 0, Diff: 0, Sum: 0, Workers: 4
[21.392s][debug][gc,phases      ] GC(48)   Weak JFR Old Object Samples    Min:  0.0, Avg:  0.0, Max:  0.0, Diff:  0.0, Sum:  0.0, Workers: 4
[21.392s][debug][gc,phases      ] GC(48)     Dead                           Min: 0, Avg:  0.0, Max: 0, Diff: 0, Sum: 0, Workers: 4
[21.392s][debug][gc,phases      ] GC(48)     Total                          Min: 0, Avg:  0.0, Max: 0, Diff: 0, Sum: 0, Workers: 4
[21.392s][debug][gc,phases      ] GC(48) Weak Processing 0.267ms
[21.392s][debug][gc,age         ] GC(48) Desired survivor size 318767104 bytes, new threshold 15 (max threshold 15)
[21.392s][info ][gc,heap        ] GC(48) PSYoungGen: 1547728K(1774592K)->37184K(1781760K) Eden: 1465856K(1465856K)->0K(1474560K) From: 81872K(308736K)->37184K(307200K)
[21.392s][info ][gc,heap        ] GC(48) ParOldGen: 444372K(519168K)->494788K(519168K)
[21.392s][info ][gc,metaspace   ] GC(48) Metaspace: 67739K(68544K)->67739K(68544K) NonClass: 57878K(58304K)->57878K(58304K) Class: 9861K(10240K)->9861K(10240K)
[21.392s][info ][gc             ] GC(48) Pause Young (Allocation Failure) 1945M->519M(2247M) 41.897ms
[21.392s][info ][gc,cpu         ] GC(48) User=0.15s Sys=0.02s Real=0.04s
[21.392s][debug][gc,phases      ] GC(49) Pre Compact 0.008ms
[21.392s][info ][gc,start       ] GC(49) Pause Full (Ergonomics)
[21.392s][info ][gc,phases,start] GC(49) Marking Phase
[21.590s][debug][gc,phases      ] GC(49) Par Mark 197.343ms
[21.590s][debug][gc,ref         ] GC(49) Skipped phase 1 of Reference Processing: no references
[21.590s][debug][gc,ref         ] GC(49) ReferenceProcessor::execute queues: 4, RefProcThreadModel::Multi, marks_oops_alive: false
[21.590s][debug][gc,ref         ] GC(49) Skipped phase 3 of Reference Processing: no references
[21.590s][debug][gc,ref         ] GC(49) ReferenceProcessor::execute queues: 1, RefProcThreadModel::Single, marks_oops_alive: false
[21.590s][debug][gc,phases      ] GC(49) Reference Processing 0.510ms
[21.591s][debug][gc,phases      ] GC(49)   VM Weak                        Min:  0.0, Avg:  0.0, Max:  0.0, Diff:  0.0, Sum:  0.0, Workers: 4
[21.591s][debug][gc,phases      ] GC(49)     Dead                           Min: 0, Avg:  0.0, Max: 0, Diff: 0, Sum: 0, Workers: 4
[21.591s][debug][gc,phases      ] GC(49)     Total                          Min: 0, Avg: 147.5, Max: 334, Diff: 334, Sum: 590, Workers: 4
[21.591s][debug][gc,phases      ] GC(49)   ObjectSynchronizer Weak        Min:  0.0, Avg:  0.0, Max:  0.0, Diff:  0.0, Sum:  0.0, Workers: 4
[21.591s][debug][gc,phases      ] GC(49)     Dead                           Min: 0, Avg:  0.0, Max: 0, Diff: 0, Sum: 0, Workers: 4
[21.591s][debug][gc,phases      ] GC(49)     Total                          Min: 0, Avg: 83.0, Max: 140, Diff: 140, Sum: 332, Workers: 4
[21.591s][debug][gc,phases      ] GC(49)   JVMTI Tag Weak OopStorage      Min:  0.0, Avg:  0.0, Max:  0.0, Diff:  0.0, Sum:  0.0, Workers: 4
[21.591s][debug][gc,phases      ] GC(49)     Dead                           Min: 0, Avg:  0.0, Max: 0, Diff: 0, Sum: 0, Workers: 4
[21.591s][debug][gc,phases      ] GC(49)     Total                          Min: 0, Avg:  0.0, Max: 0, Diff: 0, Sum: 0, Workers: 4
[21.591s][debug][gc,phases      ] GC(49)   StringTable Weak               Min:  0.1, Avg:  0.1, Max:  0.1, Diff:  0.0, Sum:  0.6, Workers: 4
[21.591s][debug][gc,phases      ] GC(49)     Dead                           Min: 0, Avg:  0.0, Max: 0, Diff: 0, Sum: 0, Workers: 4
[21.591s][debug][gc,phases      ] GC(49)     Total                          Min: 10048, Avg: 10665.8, Max: 11200, Diff: 1152, Sum: 42663, Workers: 4
[21.591s][debug][gc,phases      ] GC(49)   ResolvedMethodTable Weak       Min:  0.0, Avg:  0.0, Max:  0.0, Diff:  0.0, Sum:  0.1, Workers: 4
[21.591s][debug][gc,phases      ] GC(49)     Dead                           Min: 0, Avg:  0.0, Max: 0, Diff: 0, Sum: 0, Workers: 4
[21.591s][debug][gc,phases      ] GC(49)     Total                          Min: 1663, Avg: 1735.8, Max: 1888, Diff: 225, Sum: 6943, Workers: 4
[21.591s][debug][gc,phases      ] GC(49)   JNI Weak                       Min:  0.0, Avg:  0.0, Max:  0.0, Diff:  0.0, Sum:  0.0, Workers: 4
[21.591s][debug][gc,phases      ] GC(49)     Dead                           Min: 0, Avg:  0.0, Max: 0, Diff: 0, Sum: 0, Workers: 4
[21.591s][debug][gc,phases      ] GC(49)     Total                          Min: 0, Avg:  0.0, Max: 0, Diff: 0, Sum: 0, Workers: 4
[21.591s][debug][gc,phases      ] GC(49)   StringDedup Table Weak         Min:  0.0, Avg:  0.0, Max:  0.0, Diff:  0.0, Sum:  0.0, Workers: 4
[21.591s][debug][gc,phases      ] GC(49)     Dead                           Min: 0, Avg:  0.0, Max: 0, Diff: 0, Sum: 0, Workers: 4
[21.591s][debug][gc,phases      ] GC(49)     Total                          Min: 0, Avg:  0.0, Max: 0, Diff: 0, Sum: 0, Workers: 4
[21.591s][debug][gc,phases      ] GC(49)   StringDedup Requests0 Weak     Min:  0.0, Avg:  0.0, Max:  0.0, Diff:  0.0, Sum:  0.0, Workers: 4
[21.591s][debug][gc,phases      ] GC(49)     Dead                           Min: 0, Avg:  0.0, Max: 0, Diff: 0, Sum: 0, Workers: 4
[21.591s][debug][gc,phases      ] GC(49)     Total                          Min: 0, Avg:  0.0, Max: 0, Diff: 0, Sum: 0, Workers: 4
[21.591s][debug][gc,phases      ] GC(49)   StringDedup Requests1 Weak     Min:  0.0, Avg:  0.0, Max:  0.0, Diff:  0.0, Sum:  0.0, Workers: 4
[21.591s][debug][gc,phases      ] GC(49)     Dead                           Min: 0, Avg:  0.0, Max: 0, Diff: 0, Sum: 0, Workers: 4
[21.591s][debug][gc,phases      ] GC(49)     Total                          Min: 0, Avg:  0.0, Max: 0, Diff: 0, Sum: 0, Workers: 4
[21.591s][debug][gc,phases      ] GC(49)   Weak JFR Old Object Samples    Min:  0.0, Avg:  0.0, Max:  0.0, Diff:  0.0, Sum:  0.0, Workers: 4
[21.591s][debug][gc,phases      ] GC(49)     Dead                           Min: 0, Avg:  0.0, Max: 0, Diff: 0, Sum: 0, Workers: 4
[21.591s][debug][gc,phases      ] GC(49)     Total                          Min: 0, Avg:  0.0, Max: 0, Diff: 0, Sum: 0, Workers: 4
[21.591s][debug][gc,phases      ] GC(49) Weak Processing 0.423ms
[21.591s][debug][gc,phases      ] GC(49) ClassLoaderData 0.076ms
[21.591s][debug][gc,phases      ] GC(49) Trigger cleanups 0.001ms
[21.602s][debug][gc,phases      ] GC(49) Class Unloading 10.916ms
[21.602s][info ][gc,phases      ] GC(49) Marking Phase 209.332ms
[21.602s][info ][gc,phases,start] GC(49) Summary Phase
[21.602s][info ][gc,phases      ] GC(49) Summary Phase 0.023ms
[21.602s][info ][gc,phases,start] GC(49) Adjust Roots
[21.609s][info ][gc,phases      ] GC(49) Adjust Roots 7.101ms
[21.609s][info ][gc,phases,start] GC(49) Compaction Phase
[21.954s][info ][gc,phases      ] GC(49) Compaction Phase 345.256ms
[21.954s][info ][gc,phases,start] GC(49) Post Compact
[21.955s][info ][gc,phases      ] GC(49) Post Compact 1.085ms
[21.956s][info ][gc,heap        ] GC(49) PSYoungGen: 37184K(1781760K)->0K(1785856K) Eden: 0K(1474560K)->0K(1474560K) From: 37184K(307200K)->0K(311296K)
[21.956s][info ][gc,heap        ] GC(49) ParOldGen: 494788K(519168K)->517940K(629248K)
[21.956s][info ][gc,metaspace   ] GC(49) Metaspace: 67739K(68544K)->67739K(68544K) NonClass: 57878K(58304K)->57878K(58304K) Class: 9861K(10240K)->9861K(10240K)
[21.956s][info ][gc             ] GC(49) Pause Full (Ergonomics) 519M->505M(2358M) 563.093ms
[21.956s][info ][gc,cpu         ] GC(49) User=2.19s Sys=0.00s Real=0.56s
[21.956s][info ][safepoint      ] Safepoint "ParallelGCFailedAllocation", Time since last: 308079908 ns, Reaching safepoint: 131301 ns, At safepoint: 605151900 ns, Total: 605283201 ns
[22.201s][info ][gc,start       ] GC(50) Pause Young (Allocation Failure)
[22.203s][debug][gc,phases      ] GC(50) Scavenge 2.226ms
[22.203s][debug][gc,ref         ] GC(50) Skipped phase 1 of Reference Processing: no references
[22.203s][debug][gc,ref         ] GC(50) ReferenceProcessor::execute queues: 1, RefProcThreadModel::Single, marks_oops_alive: false
[22.203s][debug][gc,ref         ] GC(50) Skipped phase 3 of Reference Processing: no references
[22.203s][debug][gc,ref         ] GC(50) Skipped phase 4 of Reference Processing: no references
[22.203s][debug][gc,phases      ] GC(50) Reference Processing 0.107ms
[22.204s][debug][gc,phases      ] GC(50)   VM Weak                        Min:  0.0, Avg:  0.0, Max:  0.0, Diff:  0.0, Sum:  0.0, Workers: 4
[22.204s][debug][gc,phases      ] GC(50)     Dead                           Min: 0, Avg:  0.0, Max: 0, Diff: 0, Sum: 0, Workers: 4
[22.204s][debug][gc,phases      ] GC(50)     Total                          Min: 0, Avg: 147.5, Max: 526, Diff: 526, Sum: 590, Workers: 4
[22.204s][debug][gc,phases      ] GC(50)   ObjectSynchronizer Weak        Min:  0.0, Avg:  0.0, Max:  0.0, Diff:  0.0, Sum:  0.0, Workers: 4
[22.204s][debug][gc,phases      ] GC(50)     Dead                           Min: 0, Avg:  0.0, Max: 0, Diff: 0, Sum: 0, Workers: 4
[22.204s][debug][gc,phases      ] GC(50)     Total                          Min: 0, Avg: 83.0, Max: 192, Diff: 192, Sum: 332, Workers: 4
[22.204s][debug][gc,phases      ] GC(50)   JVMTI Tag Weak OopStorage      Min:  0.0, Avg:  0.0, Max:  0.0, Diff:  0.0, Sum:  0.0, Workers: 4
[22.204s][debug][gc,phases      ] GC(50)     Dead                           Min: 0, Avg:  0.0, Max: 0, Diff: 0, Sum: 0, Workers: 4
[22.204s][debug][gc,phases      ] GC(50)     Total                          Min: 0, Avg:  0.0, Max: 0, Diff: 0, Sum: 0, Workers: 4
[22.204s][debug][gc,phases      ] GC(50)   StringTable Weak               Min:  0.1, Avg:  0.1, Max:  0.1, Diff:  0.0, Sum:  0.4, Workers: 4
[22.204s][debug][gc,phases      ] GC(50)     Dead                           Min: 0, Avg:  2.8, Max: 11, Diff: 11, Sum: 11, Workers: 4
[22.204s][debug][gc,phases      ] GC(50)     Total                          Min: 10296, Avg: 10665.8, Max: 11328, Diff: 1032, Sum: 42663, Workers: 4
[22.204s][debug][gc,phases      ] GC(50)   ResolvedMethodTable Weak       Min:  0.0, Avg:  0.0, Max:  0.0, Diff:  0.0, Sum:  0.1, Workers: 4
[22.204s][debug][gc,phases      ] GC(50)     Dead                           Min: 0, Avg:  0.0, Max: 0, Diff: 0, Sum: 0, Workers: 4
[22.204s][debug][gc,phases      ] GC(50)     Total                          Min: 1632, Avg: 1735.8, Max: 1792, Diff: 160, Sum: 6943, Workers: 4
[22.204s][debug][gc,phases      ] GC(50)   JNI Weak                       Min:  0.0, Avg:  0.0, Max:  0.0, Diff:  0.0, Sum:  0.0, Workers: 4
[22.204s][debug][gc,phases      ] GC(50)     Dead                           Min: 0, Avg:  0.0, Max: 0, Diff: 0, Sum: 0, Workers: 4
[22.204s][debug][gc,phases      ] GC(50)     Total                          Min: 0, Avg:  0.0, Max: 0, Diff: 0, Sum: 0, Workers: 4
[22.204s][debug][gc,phases      ] GC(50)   StringDedup Table Weak         Min:  0.0, Avg:  0.0, Max:  0.0, Diff:  0.0, Sum:  0.0, Workers: 4
[22.204s][debug][gc,phases      ] GC(50)     Dead                           Min: 0, Avg:  0.0, Max: 0, Diff: 0, Sum: 0, Workers: 4
[22.204s][debug][gc,phases      ] GC(50)     Total                          Min: 0, Avg:  0.0, Max: 0, Diff: 0, Sum: 0, Workers: 4
[22.204s][debug][gc,phases      ] GC(50)   StringDedup Requests0 Weak     Min:  0.0, Avg:  0.0, Max:  0.0, Diff:  0.0, Sum:  0.0, Workers: 4
[22.204s][debug][gc,phases      ] GC(50)     Dead                           Min: 0, Avg:  0.0, Max: 0, Diff: 0, Sum: 0, Workers: 4
[22.204s][debug][gc,phases      ] GC(50)     Total                          Min: 0, Avg:  0.0, Max: 0, Diff: 0, Sum: 0, Workers: 4
[22.204s][debug][gc,phases      ] GC(50)   StringDedup Requests1 Weak     Min:  0.0, Avg:  0.0, Max:  0.0, Diff:  0.0, Sum:  0.0, Workers: 4
[22.204s][debug][gc,phases      ] GC(50)     Dead                           Min: 0, Avg:  0.0, Max: 0, Diff: 0, Sum: 0, Workers: 4
[22.204s][debug][gc,phases      ] GC(50)     Total                          Min: 0, Avg:  0.0, Max: 0, Diff: 0, Sum: 0, Workers: 4
[22.204s][debug][gc,phases      ] GC(50)   Weak JFR Old Object Samples    Min:  0.0, Avg:  0.0, Max:  0.0, Diff:  0.0, Sum:  0.0, Workers: 4
[22.204s][debug][gc,phases      ] GC(50)     Dead                           Min: 0, Avg:  0.0, Max: 0, Diff: 0, Sum: 0, Workers: 4
[22.204s][debug][gc,phases      ] GC(50)     Total                          Min: 0, Avg:  0.0, Max: 0, Diff: 0, Sum: 0, Workers: 4
[22.204s][debug][gc,phases      ] GC(50) Weak Processing 0.291ms
[22.204s][debug][gc,age         ] GC(50) Desired survivor size 325582848 bytes, new threshold 15 (max threshold 15)
[22.204s][info ][gc,heap        ] GC(50) PSYoungGen: 1474560K(1785856K)->3328K(1772544K) Eden: 1474560K(1474560K)->0K(1461248K) From: 0K(311296K)->3328K(311296K)
[22.204s][info ][gc,heap        ] GC(50) ParOldGen: 517940K(629248K)->517940K(629248K)
[22.204s][info ][gc,metaspace   ] GC(50) Metaspace: 67743K(68544K)->67743K(68544K) NonClass: 57882K(58304K)->57882K(58304K) Class: 9861K(10240K)->9861K(10240K)
[22.204s][info ][gc             ] GC(50) Pause Young (Allocation Failure) 1945M->509M(2345M) 2.728ms
[22.204s][info ][gc,cpu         ] GC(50) User=0.01s Sys=0.00s Real=0.00s
[22.204s][info ][safepoint      ] Safepoint "ParallelGCFailedAllocation", Time since last: 245200653 ns, Reaching safepoint: 137301 ns, At safepoint: 2830529 ns, Total: 2967830 ns
[22.525s][info ][gc,start       ] GC(51) Pause Young (Allocation Failure)
[22.528s][debug][gc,phases      ] GC(51) Scavenge 3.467ms
[22.528s][debug][gc,ref         ] GC(51) Skipped phase 1 of Reference Processing: no references
[22.528s][debug][gc,ref         ] GC(51) ReferenceProcessor::execute queues: 1, RefProcThreadModel::Single, marks_oops_alive: false
[22.528s][debug][gc,ref         ] GC(51) Skipped phase 3 of Reference Processing: no references
[22.528s][debug][gc,ref         ] GC(51) ReferenceProcessor::execute queues: 1, RefProcThreadModel::Single, marks_oops_alive: false
[22.528s][debug][gc,phases      ] GC(51) Reference Processing 0.101ms
[22.528s][debug][gc,phases      ] GC(51)   VM Weak                        Min:  0.0, Avg:  0.0, Max:  0.0, Diff:  0.0, Sum:  0.0, Workers: 4
[22.528s][debug][gc,phases      ] GC(51)     Dead                           Min: 0, Avg:  0.0, Max: 0, Diff: 0, Sum: 0, Workers: 4
[22.528s][debug][gc,phases      ] GC(51)     Total                          Min: 0, Avg: 147.5, Max: 590, Diff: 590, Sum: 590, Workers: 4
[22.528s][debug][gc,phases      ] GC(51)   ObjectSynchronizer Weak        Min:  0.0, Avg:  0.0, Max:  0.0, Diff:  0.0, Sum:  0.0, Workers: 4
[22.528s][debug][gc,phases      ] GC(51)     Dead                           Min: 0, Avg:  0.0, Max: 0, Diff: 0, Sum: 0, Workers: 4
[22.528s][debug][gc,phases      ] GC(51)     Total                          Min: 0, Avg: 83.0, Max: 192, Diff: 192, Sum: 332, Workers: 4
[22.528s][debug][gc,phases      ] GC(51)   JVMTI Tag Weak OopStorage      Min:  0.0, Avg:  0.0, Max:  0.0, Diff:  0.0, Sum:  0.0, Workers: 4
[22.528s][debug][gc,phases      ] GC(51)     Dead                           Min: 0, Avg:  0.0, Max: 0, Diff: 0, Sum: 0, Workers: 4
[22.528s][debug][gc,phases      ] GC(51)     Total                          Min: 0, Avg:  0.0, Max: 0, Diff: 0, Sum: 0, Workers: 4
[22.528s][debug][gc,phases      ] GC(51)   StringTable Weak               Min:  0.1, Avg:  0.1, Max:  0.1, Diff:  0.0, Sum:  0.3, Workers: 4
[22.529s][debug][gc,phases      ] GC(51)     Dead                           Min: 0, Avg:  2.8, Max: 8, Diff: 8, Sum: 11, Workers: 4
[22.529s][debug][gc,phases      ] GC(51)     Total                          Min: 8105, Avg: 10666.2, Max: 13696, Diff: 5591, Sum: 42665, Workers: 4
[22.529s][debug][gc,phases      ] GC(51)   ResolvedMethodTable Weak       Min:  0.0, Avg:  0.0, Max:  0.0, Diff:  0.0, Sum:  0.1, Workers: 4
[22.529s][debug][gc,phases      ] GC(51)     Dead                           Min: 0, Avg:  0.0, Max: 0, Diff: 0, Sum: 0, Workers: 4
[22.529s][debug][gc,phases      ] GC(51)     Total                          Min: 1408, Avg: 1735.8, Max: 2144, Diff: 736, Sum: 6943, Workers: 4
[22.529s][debug][gc,phases      ] GC(51)   JNI Weak                       Min:  0.0, Avg:  0.0, Max:  0.0, Diff:  0.0, Sum:  0.0, Workers: 4
[22.529s][debug][gc,phases      ] GC(51)     Dead                           Min: 0, Avg:  0.0, Max: 0, Diff: 0, Sum: 0, Workers: 4
[22.529s][debug][gc,phases      ] GC(51)     Total                          Min: 0, Avg:  0.2, Max: 1, Diff: 1, Sum: 1, Workers: 4
[22.529s][debug][gc,phases      ] GC(51)   StringDedup Table Weak         Min:  0.0, Avg:  0.0, Max:  0.0, Diff:  0.0, Sum:  0.0, Workers: 4
[22.529s][debug][gc,phases      ] GC(51)     Dead                           Min: 0, Avg:  0.0, Max: 0, Diff: 0, Sum: 0, Workers: 4
[22.529s][debug][gc,phases      ] GC(51)     Total                          Min: 0, Avg:  0.0, Max: 0, Diff: 0, Sum: 0, Workers: 4
[22.529s][debug][gc,phases      ] GC(51)   StringDedup Requests0 Weak     Min:  0.0, Avg:  0.0, Max:  0.0, Diff:  0.0, Sum:  0.0, Workers: 4
[22.529s][debug][gc,phases      ] GC(51)     Dead                           Min: 0, Avg:  0.0, Max: 0, Diff: 0, Sum: 0, Workers: 4
[22.529s][debug][gc,phases      ] GC(51)     Total                          Min: 0, Avg:  0.0, Max: 0, Diff: 0, Sum: 0, Workers: 4
[22.529s][debug][gc,phases      ] GC(51)   StringDedup Requests1 Weak     Min:  0.0, Avg:  0.0, Max:  0.0, Diff:  0.0, Sum:  0.0, Workers: 4
[22.529s][debug][gc,phases      ] GC(51)     Dead                           Min: 0, Avg:  0.0, Max: 0, Diff: 0, Sum: 0, Workers: 4
[22.529s][debug][gc,phases      ] GC(51)     Total                          Min: 0, Avg:  0.0, Max: 0, Diff: 0, Sum: 0, Workers: 4
[22.529s][debug][gc,phases      ] GC(51)   Weak JFR Old Object Samples    Min:  0.0, Avg:  0.0, Max:  0.0, Diff:  0.0, Sum:  0.0, Workers: 4
[22.529s][debug][gc,phases      ] GC(51)     Dead                           Min: 0, Avg:  0.0, Max: 0, Diff: 0, Sum: 0, Workers: 4
[22.529s][debug][gc,phases      ] GC(51)     Total                          Min: 0, Avg:  0.0, Max: 0, Diff: 0, Sum: 0, Workers: 4
[22.529s][debug][gc,phases      ] GC(51) Weak Processing 0.270ms
[22.529s][debug][gc,age         ] GC(51) Desired survivor size 326631424 bytes, new threshold 15 (max threshold 15)
[22.529s][info ][gc,heap        ] GC(51) PSYoungGen: 1464576K(1772544K)->9312K(1470976K) Eden: 1461248K(1461248K)->0K(1461248K) From: 3328K(311296K)->9312K(9728K)
[22.529s][info ][gc,heap        ] GC(51) ParOldGen: 517940K(629248K)->517948K(629248K)
[22.529s][info ][gc,metaspace   ] GC(51) Metaspace: 67746K(68544K)->67746K(68544K) NonClass: 57884K(58304K)->57884K(58304K) Class: 9861K(10240K)->9861K(10240K)
[22.529s][info ][gc             ] GC(51) Pause Young (Allocation Failure) 1936M->514M(2051M) 3.938ms
[22.529s][info ][gc,cpu         ] GC(51) User=0.01s Sys=0.00s Real=0.01s
[22.529s][info ][safepoint      ] Safepoint "ParallelGCFailedAllocation", Time since last: 320727839 ns, Reaching safepoint: 132801 ns, At safepoint: 4029542 ns, Total: 4162343 ns
[22.802s][info ][gc,start       ] GC(52) Pause Young (Allocation Failure)
[22.808s][debug][gc,phases      ] GC(52) Scavenge 5.550ms
[22.808s][debug][gc,ref         ] GC(52) Skipped phase 1 of Reference Processing: no references
[22.808s][debug][gc,ref         ] GC(52) ReferenceProcessor::execute queues: 1, RefProcThreadModel::Single, marks_oops_alive: false
[22.808s][debug][gc,ref         ] GC(52) Skipped phase 3 of Reference Processing: no references
[22.808s][debug][gc,ref         ] GC(52) Skipped phase 4 of Reference Processing: no references
[22.808s][debug][gc,phases      ] GC(52) Reference Processing 0.126ms
[22.808s][debug][gc,phases      ] GC(52)   VM Weak                        Min:  0.0, Avg:  0.0, Max:  0.0, Diff:  0.0, Sum:  0.0, Workers: 4
[22.808s][debug][gc,phases      ] GC(52)     Dead                           Min: 0, Avg:  0.0, Max: 0, Diff: 0, Sum: 0, Workers: 4
[22.808s][debug][gc,phases      ] GC(52)     Total                          Min: 0, Avg: 147.5, Max: 590, Diff: 590, Sum: 590, Workers: 4
[22.808s][debug][gc,phases      ] GC(52)   ObjectSynchronizer Weak        Min:  0.0, Avg:  0.0, Max:  0.0, Diff:  0.0, Sum:  0.0, Workers: 4
[22.808s][debug][gc,phases      ] GC(52)     Dead                           Min: 0, Avg:  0.0, Max: 0, Diff: 0, Sum: 0, Workers: 4
[22.808s][debug][gc,phases      ] GC(52)     Total                          Min: 0, Avg: 83.0, Max: 332, Diff: 332, Sum: 332, Workers: 4
[22.808s][debug][gc,phases      ] GC(52)   JVMTI Tag Weak OopStorage      Min:  0.0, Avg:  0.0, Max:  0.0, Diff:  0.0, Sum:  0.0, Workers: 4
[22.808s][debug][gc,phases      ] GC(52)     Dead                           Min: 0, Avg:  0.0, Max: 0, Diff: 0, Sum: 0, Workers: 4
[22.808s][debug][gc,phases      ] GC(52)     Total                          Min: 0, Avg:  0.0, Max: 0, Diff: 0, Sum: 0, Workers: 4
[22.808s][debug][gc,phases      ] GC(52)   StringTable Weak               Min:  0.1, Avg:  0.1, Max:  0.1, Diff:  0.0, Sum:  0.3, Workers: 4
[22.808s][debug][gc,phases      ] GC(52)     Dead                           Min: 0, Avg:  0.0, Max: 0, Diff: 0, Sum: 0, Workers: 4
[22.808s][debug][gc,phases      ] GC(52)     Total                          Min: 8768, Avg: 10668.0, Max: 12720, Diff: 3952, Sum: 42672, Workers: 4
[22.808s][debug][gc,phases      ] GC(52)   ResolvedMethodTable Weak       Min:  0.0, Avg:  0.0, Max:  0.0, Diff:  0.0, Sum:  0.1, Workers: 4
[22.808s][debug][gc,phases      ] GC(52)     Dead                           Min: 0, Avg:  0.0, Max: 0, Diff: 0, Sum: 0, Workers: 4
[22.808s][debug][gc,phases      ] GC(52)     Total                          Min: 1472, Avg: 1735.8, Max: 2047, Diff: 575, Sum: 6943, Workers: 4
[22.808s][debug][gc,phases      ] GC(52)   JNI Weak                       Min:  0.0, Avg:  0.0, Max:  0.0, Diff:  0.0, Sum:  0.0, Workers: 4
[22.808s][debug][gc,phases      ] GC(52)     Dead                           Min: 0, Avg:  0.0, Max: 0, Diff: 0, Sum: 0, Workers: 4
[22.808s][debug][gc,phases      ] GC(52)     Total                          Min: 0, Avg:  0.0, Max: 0, Diff: 0, Sum: 0, Workers: 4
[22.808s][debug][gc,phases      ] GC(52)   StringDedup Table Weak         Min:  0.0, Avg:  0.0, Max:  0.0, Diff:  0.0, Sum:  0.0, Workers: 4
[22.808s][debug][gc,phases      ] GC(52)     Dead                           Min: 0, Avg:  0.0, Max: 0, Diff: 0, Sum: 0, Workers: 4
[22.808s][debug][gc,phases      ] GC(52)     Total                          Min: 0, Avg:  0.0, Max: 0, Diff: 0, Sum: 0, Workers: 4
[22.808s][debug][gc,phases      ] GC(52)   StringDedup Requests0 Weak     Min:  0.0, Avg:  0.0, Max:  0.0, Diff:  0.0, Sum:  0.0, Workers: 4
[22.808s][debug][gc,phases      ] GC(52)     Dead                           Min: 0, Avg:  0.0, Max: 0, Diff: 0, Sum: 0, Workers: 4
[22.808s][debug][gc,phases      ] GC(52)     Total                          Min: 0, Avg:  0.0, Max: 0, Diff: 0, Sum: 0, Workers: 4
[22.808s][debug][gc,phases      ] GC(52)   StringDedup Requests1 Weak     Min:  0.0, Avg:  0.0, Max:  0.0, Diff:  0.0, Sum:  0.0, Workers: 4
[22.808s][debug][gc,phases      ] GC(52)     Dead                           Min: 0, Avg:  0.0, Max: 0, Diff: 0, Sum: 0, Workers: 4
[22.808s][debug][gc,phases      ] GC(52)     Total                          Min: 0, Avg:  0.0, Max: 0, Diff: 0, Sum: 0, Workers: 4
[22.808s][debug][gc,phases      ] GC(52)   Weak JFR Old Object Samples    Min:  0.0, Avg:  0.0, Max:  0.0, Diff:  0.0, Sum:  0.0, Workers: 4
[22.808s][debug][gc,phases      ] GC(52)     Dead                           Min: 0, Avg:  0.0, Max: 0, Diff: 0, Sum: 0, Workers: 4
[22.808s][debug][gc,phases      ] GC(52)     Total                          Min: 0, Avg:  0.0, Max: 0, Diff: 0, Sum: 0, Workers: 4
[22.808s][debug][gc,phases      ] GC(52) Weak Processing 0.260ms
[22.808s][debug][gc,age         ] GC(52) Desired survivor size 322961408 bytes, new threshold 15 (max threshold 15)
[22.808s][info ][gc,heap        ] GC(52) PSYoungGen: 1470560K(1470976K)->16624K(1781760K) Eden: 1461248K(1461248K)->0K(1462784K) From: 9312K(9728K)->16624K(318976K)
[22.808s][info ][gc,heap        ] GC(52) ParOldGen: 517948K(629248K)->517948K(629248K)
[22.808s][info ][gc,metaspace   ] GC(52) Metaspace: 67755K(68544K)->67755K(68544K) NonClass: 57892K(58304K)->57892K(58304K) Class: 9862K(10240K)->9862K(10240K)
[22.808s][info ][gc             ] GC(52) Pause Young (Allocation Failure) 1941M->522M(2354M) 6.053ms
[22.808s][info ][gc,cpu         ] GC(52) User=0.02s Sys=0.00s Real=0.01s
[22.808s][info ][safepoint      ] Safepoint "ParallelGCFailedAllocation", Time since last: 273186943 ns, Reaching safepoint: 123402 ns, At safepoint: 6155464 ns, Total: 6278866 ns
[23.103s][info ][gc,start       ] GC(53) Pause Young (Allocation Failure)
[23.111s][debug][gc,phases      ] GC(53) Scavenge 7.570ms
[23.111s][debug][gc,ref         ] GC(53) Skipped phase 1 of Reference Processing: no references
[23.111s][debug][gc,ref         ] GC(53) ReferenceProcessor::execute queues: 1, RefProcThreadModel::Single, marks_oops_alive: false
[23.111s][debug][gc,ref         ] GC(53) Skipped phase 3 of Reference Processing: no references
[23.111s][debug][gc,ref         ] GC(53) Skipped phase 4 of Reference Processing: no references
[23.111s][debug][gc,phases      ] GC(53) Reference Processing 0.110ms
[23.111s][debug][gc,phases      ] GC(53)   VM Weak                        Min:  0.0, Avg:  0.0, Max:  0.0, Diff:  0.0, Sum:  0.0, Workers: 4
[23.111s][debug][gc,phases      ] GC(53)     Dead                           Min: 0, Avg:  0.0, Max: 0, Diff: 0, Sum: 0, Workers: 4
[23.111s][debug][gc,phases      ] GC(53)     Total                          Min: 0, Avg: 147.5, Max: 334, Diff: 334, Sum: 590, Workers: 4
[23.111s][debug][gc,phases      ] GC(53)   ObjectSynchronizer Weak        Min:  0.0, Avg:  0.0, Max:  0.0, Diff:  0.0, Sum:  0.0, Workers: 4
[23.111s][debug][gc,phases      ] GC(53)     Dead                           Min: 0, Avg:  0.0, Max: 0, Diff: 0, Sum: 0, Workers: 4
[23.111s][debug][gc,phases      ] GC(53)     Total                          Min: 0, Avg: 83.0, Max: 204, Diff: 204, Sum: 332, Workers: 4
[23.111s][debug][gc,phases      ] GC(53)   JVMTI Tag Weak OopStorage      Min:  0.0, Avg:  0.0, Max:  0.0, Diff:  0.0, Sum:  0.0, Workers: 4
[23.111s][debug][gc,phases      ] GC(53)     Dead                           Min: 0, Avg:  0.0, Max: 0, Diff: 0, Sum: 0, Workers: 4
[23.111s][debug][gc,phases      ] GC(53)     Total                          Min: 0, Avg:  0.0, Max: 0, Diff: 0, Sum: 0, Workers: 4
[23.111s][debug][gc,phases      ] GC(53)   StringTable Weak               Min:  0.1, Avg:  0.1, Max:  0.1, Diff:  0.0, Sum:  0.3, Workers: 4
[23.111s][debug][gc,phases      ] GC(53)     Dead                           Min: 0, Avg:  2.8, Max: 11, Diff: 11, Sum: 11, Workers: 4
[23.111s][debug][gc,phases      ] GC(53)     Total                          Min: 8064, Avg: 10670.2, Max: 12928, Diff: 4864, Sum: 42681, Workers: 4
[23.111s][debug][gc,phases      ] GC(53)   ResolvedMethodTable Weak       Min:  0.0, Avg:  0.0, Max:  0.0, Diff:  0.0, Sum:  0.1, Workers: 4
[23.111s][debug][gc,phases      ] GC(53)     Dead                           Min: 0, Avg:  0.0, Max: 0, Diff: 0, Sum: 0, Workers: 4
[23.111s][debug][gc,phases      ] GC(53)     Total                          Min: 1408, Avg: 1735.8, Max: 2016, Diff: 608, Sum: 6943, Workers: 4
[23.111s][debug][gc,phases      ] GC(53)   JNI Weak                       Min:  0.0, Avg:  0.0, Max:  0.0, Diff:  0.0, Sum:  0.0, Workers: 4
[23.111s][debug][gc,phases      ] GC(53)     Dead                           Min: 0, Avg:  0.0, Max: 0, Diff: 0, Sum: 0, Workers: 4
[23.111s][debug][gc,phases      ] GC(53)     Total                          Min: 0, Avg:  3.2, Max: 13, Diff: 13, Sum: 13, Workers: 4
[23.111s][debug][gc,phases      ] GC(53)   StringDedup Table Weak         Min:  0.0, Avg:  0.0, Max:  0.0, Diff:  0.0, Sum:  0.0, Workers: 4
[23.111s][debug][gc,phases      ] GC(53)     Dead                           Min: 0, Avg:  0.0, Max: 0, Diff: 0, Sum: 0, Workers: 4
[23.111s][debug][gc,phases      ] GC(53)     Total                          Min: 0, Avg:  0.0, Max: 0, Diff: 0, Sum: 0, Workers: 4
[23.111s][debug][gc,phases      ] GC(53)   StringDedup Requests0 Weak     Min:  0.0, Avg:  0.0, Max:  0.0, Diff:  0.0, Sum:  0.0, Workers: 4
[23.111s][debug][gc,phases      ] GC(53)     Dead                           Min: 0, Avg:  0.0, Max: 0, Diff: 0, Sum: 0, Workers: 4
[23.111s][debug][gc,phases      ] GC(53)     Total                          Min: 0, Avg:  0.0, Max: 0, Diff: 0, Sum: 0, Workers: 4
[23.111s][debug][gc,phases      ] GC(53)   StringDedup Requests1 Weak     Min:  0.0, Avg:  0.0, Max:  0.0, Diff:  0.0, Sum:  0.0, Workers: 4
[23.111s][debug][gc,phases      ] GC(53)     Dead                           Min: 0, Avg:  0.0, Max: 0, Diff: 0, Sum: 0, Workers: 4
[23.111s][debug][gc,phases      ] GC(53)     Total                          Min: 0, Avg:  0.0, Max: 0, Diff: 0, Sum: 0, Workers: 4
[23.111s][debug][gc,phases      ] GC(53)   Weak JFR Old Object Samples    Min:  0.0, Avg:  0.0, Max:  0.0, Diff:  0.0, Sum:  0.0, Workers: 4
[23.111s][debug][gc,phases      ] GC(53)     Dead                           Min: 0, Avg:  0.0, Max: 0, Diff: 0, Sum: 0, Workers: 4
[23.111s][debug][gc,phases      ] GC(53)     Total                          Min: 0, Avg:  0.0, Max: 0, Diff: 0, Sum: 0, Workers: 4
[23.111s][debug][gc,phases      ] GC(53) Weak Processing 0.279ms
[23.111s][debug][gc,age         ] GC(53) Desired survivor size 315621376 bytes, new threshold 15 (max threshold 15)
[23.111s][info ][gc,heap        ] GC(53) PSYoungGen: 1479408K(1781760K)->24144K(1778176K) Eden: 1462784K(1462784K)->0K(1462784K) From: 16624K(318976K)->24144K(315392K)
[23.111s][info ][gc,heap        ] GC(53) ParOldGen: 517948K(629248K)->517956K(629248K)
[23.111s][info ][gc,metaspace   ] GC(53) Metaspace: 67780K(68544K)->67780K(68544K) NonClass: 57918K(58304K)->57918K(58304K) Class: 9862K(10240K)->9862K(10240K)
[23.111s][info ][gc             ] GC(53) Pause Young (Allocation Failure) 1950M->529M(2351M) 8.081ms
[23.111s][info ][gc,cpu         ] GC(53) User=0.04s Sys=0.00s Real=0.01s
[23.111s][info ][safepoint      ] Safepoint "ParallelGCFailedAllocation", Time since last: 294802668 ns, Reaching safepoint: 140001 ns, At safepoint: 8186385 ns, Total: 8326386 ns
[23.466s][info ][gc,start       ] GC(54) Pause Young (Allocation Failure)
[23.476s][debug][gc,phases      ] GC(54) Scavenge 9.801ms
[23.476s][debug][gc,ref         ] GC(54) Skipped phase 1 of Reference Processing: no references
[23.476s][debug][gc,ref         ] GC(54) ReferenceProcessor::execute queues: 1, RefProcThreadModel::Single, marks_oops_alive: false
[23.476s][debug][gc,ref         ] GC(54) Skipped phase 3 of Reference Processing: no references
[23.476s][debug][gc,ref         ] GC(54) Skipped phase 4 of Reference Processing: no references
[23.476s][debug][gc,phases      ] GC(54) Reference Processing 0.112ms
[23.476s][debug][gc,phases      ] GC(54)   VM Weak                        Min:  0.0, Avg:  0.0, Max:  0.0, Diff:  0.0, Sum:  0.0, Workers: 4
[23.476s][debug][gc,phases      ] GC(54)     Dead                           Min: 0, Avg:  0.0, Max: 0, Diff: 0, Sum: 0, Workers: 4
[23.476s][debug][gc,phases      ] GC(54)     Total                          Min: 0, Avg: 147.5, Max: 512, Diff: 512, Sum: 590, Workers: 4
[23.476s][debug][gc,phases      ] GC(54)   ObjectSynchronizer Weak        Min:  0.0, Avg:  0.0, Max:  0.0, Diff:  0.0, Sum:  0.0, Workers: 4
[23.476s][debug][gc,phases      ] GC(54)     Dead                           Min: 0, Avg:  0.0, Max: 0, Diff: 0, Sum: 0, Workers: 4
[23.476s][debug][gc,phases      ] GC(54)     Total                          Min: 0, Avg: 83.0, Max: 192, Diff: 192, Sum: 332, Workers: 4
[23.476s][debug][gc,phases      ] GC(54)   JVMTI Tag Weak OopStorage      Min:  0.0, Avg:  0.0, Max:  0.0, Diff:  0.0, Sum:  0.0, Workers: 4
[23.476s][debug][gc,phases      ] GC(54)     Dead                           Min: 0, Avg:  0.0, Max: 0, Diff: 0, Sum: 0, Workers: 4
[23.476s][debug][gc,phases      ] GC(54)     Total                          Min: 0, Avg:  0.0, Max: 0, Diff: 0, Sum: 0, Workers: 4
[23.476s][debug][gc,phases      ] GC(54)   StringTable Weak               Min:  0.1, Avg:  0.1, Max:  0.1, Diff:  0.0, Sum:  0.3, Workers: 4
[23.476s][debug][gc,phases      ] GC(54)     Dead                           Min: 0, Avg:  2.8, Max: 7, Diff: 7, Sum: 11, Workers: 4
[23.476s][debug][gc,phases      ] GC(54)     Total                          Min: 8384, Avg: 10673.0, Max: 13120, Diff: 4736, Sum: 42692, Workers: 4
[23.476s][debug][gc,phases      ] GC(54)   ResolvedMethodTable Weak       Min:  0.0, Avg:  0.0, Max:  0.0, Diff:  0.0, Sum:  0.1, Workers: 4
[23.476s][debug][gc,phases      ] GC(54)     Dead                           Min: 0, Avg:  0.0, Max: 0, Diff: 0, Sum: 0, Workers: 4
[23.476s][debug][gc,phases      ] GC(54)     Total                          Min: 1312, Avg: 1735.8, Max: 2112, Diff: 800, Sum: 6943, Workers: 4
[23.476s][debug][gc,phases      ] GC(54)   JNI Weak                       Min:  0.0, Avg:  0.0, Max:  0.0, Diff:  0.0, Sum:  0.0, Workers: 4
[23.476s][debug][gc,phases      ] GC(54)     Dead                           Min: 0, Avg:  0.0, Max: 0, Diff: 0, Sum: 0, Workers: 4
[23.476s][debug][gc,phases      ] GC(54)     Total                          Min: 0, Avg:  0.2, Max: 1, Diff: 1, Sum: 1, Workers: 4
[23.476s][debug][gc,phases      ] GC(54)   StringDedup Table Weak         Min:  0.0, Avg:  0.0, Max:  0.0, Diff:  0.0, Sum:  0.0, Workers: 4
[23.476s][debug][gc,phases      ] GC(54)     Dead                           Min: 0, Avg:  0.0, Max: 0, Diff: 0, Sum: 0, Workers: 4
[23.476s][debug][gc,phases      ] GC(54)     Total                          Min: 0, Avg:  0.0, Max: 0, Diff: 0, Sum: 0, Workers: 4
[23.476s][debug][gc,phases      ] GC(54)   StringDedup Requests0 Weak     Min:  0.0, Avg:  0.0, Max:  0.0, Diff:  0.0, Sum:  0.0, Workers: 4
[23.476s][debug][gc,phases      ] GC(54)     Dead                           Min: 0, Avg:  0.0, Max: 0, Diff: 0, Sum: 0, Workers: 4
[23.476s][debug][gc,phases      ] GC(54)     Total                          Min: 0, Avg:  0.0, Max: 0, Diff: 0, Sum: 0, Workers: 4
[23.476s][debug][gc,phases      ] GC(54)   StringDedup Requests1 Weak     Min:  0.0, Avg:  0.0, Max:  0.0, Diff:  0.0, Sum:  0.0, Workers: 4
[23.476s][debug][gc,phases      ] GC(54)     Dead                           Min: 0, Avg:  0.0, Max: 0, Diff: 0, Sum: 0, Workers: 4
[23.476s][debug][gc,phases      ] GC(54)     Total                          Min: 0, Avg:  0.0, Max: 0, Diff: 0, Sum: 0, Workers: 4
[23.476s][debug][gc,phases      ] GC(54)   Weak JFR Old Object Samples    Min:  0.0, Avg:  0.0, Max:  0.0, Diff:  0.0, Sum:  0.0, Workers: 4
[23.476s][debug][gc,phases      ] GC(54)     Dead                           Min: 0, Avg:  0.0, Max: 0, Diff: 0, Sum: 0, Workers: 4
[23.476s][debug][gc,phases      ] GC(54)     Total                          Min: 0, Avg:  0.0, Max: 0, Diff: 0, Sum: 0, Workers: 4
[23.476s][debug][gc,phases      ] GC(54) Weak Processing 0.262ms
[23.476s][debug][gc,age         ] GC(54) Desired survivor size 305659904 bytes, new threshold 15 (max threshold 15)
[23.476s][info ][gc,heap        ] GC(54) PSYoungGen: 1486928K(1778176K)->32336K(1798656K) Eden: 1462784K(1462784K)->0K(1490432K) From: 24144K(315392K)->32336K(308224K)
[23.476s][info ][gc,heap        ] GC(54) ParOldGen: 517956K(629248K)->517956K(629248K)
[23.476s][info ][gc,metaspace   ] GC(54) Metaspace: 67795K(68608K)->67795K(68608K) NonClass: 57932K(58368K)->57932K(58368K) Class: 9862K(10240K)->9862K(10240K)
[23.476s][info ][gc             ] GC(54) Pause Young (Allocation Failure) 1957M->537M(2371M) 10.292ms
[23.476s][info ][gc,cpu         ] GC(54) User=0.04s Sys=0.00s Real=0.01s
[23.477s][info ][safepoint      ] Safepoint "ParallelGCFailedAllocation", Time since last: 354723791 ns, Reaching safepoint: 138102 ns, At safepoint: 10400008 ns, Total: 10538110 ns
[23.748s][info ][gc,start       ] GC(55) Pause Young (Allocation Failure)
[23.758s][debug][gc,phases      ] GC(55) Scavenge 10.760ms
[23.759s][debug][gc,ref         ] GC(55) Skipped phase 1 of Reference Processing: no references
[23.759s][debug][gc,ref         ] GC(55) ReferenceProcessor::execute queues: 1, RefProcThreadModel::Single, marks_oops_alive: false
[23.759s][debug][gc,ref         ] GC(55) Skipped phase 3 of Reference Processing: no references
[23.759s][debug][gc,ref         ] GC(55) ReferenceProcessor::execute queues: 1, RefProcThreadModel::Single, marks_oops_alive: false
[23.759s][debug][gc,phases      ] GC(55) Reference Processing 0.104ms
[23.759s][debug][gc,phases      ] GC(55)   VM Weak                        Min:  0.0, Avg:  0.0, Max:  0.0, Diff:  0.0, Sum:  0.0, Workers: 4
[23.759s][debug][gc,phases      ] GC(55)     Dead                           Min: 0, Avg:  0.0, Max: 0, Diff: 0, Sum: 0, Workers: 4
[23.759s][debug][gc,phases      ] GC(55)     Total                          Min: 0, Avg: 147.5, Max: 590, Diff: 590, Sum: 590, Workers: 4
[23.759s][debug][gc,phases      ] GC(55)   ObjectSynchronizer Weak        Min:  0.0, Avg:  0.0, Max:  0.0, Diff:  0.0, Sum:  0.0, Workers: 4
[23.759s][debug][gc,phases      ] GC(55)     Dead                           Min: 0, Avg:  0.0, Max: 0, Diff: 0, Sum: 0, Workers: 4
[23.759s][debug][gc,phases      ] GC(55)     Total                          Min: 0, Avg: 83.0, Max: 332, Diff: 332, Sum: 332, Workers: 4
[23.759s][debug][gc,phases      ] GC(55)   JVMTI Tag Weak OopStorage      Min:  0.0, Avg:  0.0, Max:  0.0, Diff:  0.0, Sum:  0.0, Workers: 4
[23.759s][debug][gc,phases      ] GC(55)     Dead                           Min: 0, Avg:  0.0, Max: 0, Diff: 0, Sum: 0, Workers: 4
[23.759s][debug][gc,phases      ] GC(55)     Total                          Min: 0, Avg:  0.0, Max: 0, Diff: 0, Sum: 0, Workers: 4
[23.759s][debug][gc,phases      ] GC(55)   StringTable Weak               Min:  0.1, Avg:  0.1, Max:  0.1, Diff:  0.0, Sum:  0.3, Workers: 4
[23.759s][debug][gc,phases      ] GC(55)     Dead                           Min: 0, Avg:  0.0, Max: 0, Diff: 0, Sum: 0, Workers: 4
[23.759s][debug][gc,phases      ] GC(55)     Total                          Min: 8832, Avg: 10678.8, Max: 13120, Diff: 4288, Sum: 42715, Workers: 4
[23.759s][debug][gc,phases      ] GC(55)   ResolvedMethodTable Weak       Min:  0.0, Avg:  0.0, Max:  0.0, Diff:  0.0, Sum:  0.1, Workers: 4
[23.759s][debug][gc,phases      ] GC(55)     Dead                           Min: 0, Avg:  0.0, Max: 0, Diff: 0, Sum: 0, Workers: 4
[23.759s][debug][gc,phases      ] GC(55)     Total                          Min: 1472, Avg: 1735.8, Max: 2079, Diff: 607, Sum: 6943, Workers: 4
[23.759s][debug][gc,phases      ] GC(55)   JNI Weak                       Min:  0.0, Avg:  0.0, Max:  0.0, Diff:  0.0, Sum:  0.0, Workers: 4
[23.759s][debug][gc,phases      ] GC(55)     Dead                           Min: 0, Avg:  0.0, Max: 0, Diff: 0, Sum: 0, Workers: 4
[23.759s][debug][gc,phases      ] GC(55)     Total                          Min: 0, Avg:  0.0, Max: 0, Diff: 0, Sum: 0, Workers: 4
[23.759s][debug][gc,phases      ] GC(55)   StringDedup Table Weak         Min:  0.0, Avg:  0.0, Max:  0.0, Diff:  0.0, Sum:  0.0, Workers: 4
[23.759s][debug][gc,phases      ] GC(55)     Dead                           Min: 0, Avg:  0.0, Max: 0, Diff: 0, Sum: 0, Workers: 4
[23.759s][debug][gc,phases      ] GC(55)     Total                          Min: 0, Avg:  0.0, Max: 0, Diff: 0, Sum: 0, Workers: 4
[23.759s][debug][gc,phases      ] GC(55)   StringDedup Requests0 Weak     Min:  0.0, Avg:  0.0, Max:  0.0, Diff:  0.0, Sum:  0.0, Workers: 4
[23.759s][debug][gc,phases      ] GC(55)     Dead                           Min: 0, Avg:  0.0, Max: 0, Diff: 0, Sum: 0, Workers: 4
[23.759s][debug][gc,phases      ] GC(55)     Total                          Min: 0, Avg:  0.0, Max: 0, Diff: 0, Sum: 0, Workers: 4
[23.759s][debug][gc,phases      ] GC(55)   StringDedup Requests1 Weak     Min:  0.0, Avg:  0.0, Max:  0.0, Diff:  0.0, Sum:  0.0, Workers: 4
[23.759s][debug][gc,phases      ] GC(55)     Dead                           Min: 0, Avg:  0.0, Max: 0, Diff: 0, Sum: 0, Workers: 4
[23.759s][debug][gc,phases      ] GC(55)     Total                          Min: 0, Avg:  0.0, Max: 0, Diff: 0, Sum: 0, Workers: 4
[23.759s][debug][gc,phases      ] GC(55)   Weak JFR Old Object Samples    Min:  0.0, Avg:  0.0, Max:  0.0, Diff:  0.0, Sum:  0.0, Workers: 4
[23.759s][debug][gc,phases      ] GC(55)     Dead                           Min: 0, Avg:  0.0, Max: 0, Diff: 0, Sum: 0, Workers: 4
[23.759s][debug][gc,phases      ] GC(55)     Total                          Min: 0, Avg:  0.0, Max: 0, Diff: 0, Sum: 0, Workers: 4
[23.759s][debug][gc,phases      ] GC(55) Weak Processing 0.261ms
[23.759s][debug][gc,age         ] GC(55) Desired survivor size 293076992 bytes, new threshold 15 (max threshold 15)
[23.759s][info ][gc,heap        ] GC(55) PSYoungGen: 1522768K(1798656K)->39488K(1788928K) Eden: 1490432K(1490432K)->0K(1490432K) From: 32336K(308224K)->39488K(298496K)
[23.759s][info ][gc,heap        ] GC(55) ParOldGen: 517956K(629248K)->517964K(629248K)
[23.759s][info ][gc,metaspace   ] GC(55) Metaspace: 67799K(68608K)->67799K(68608K) NonClass: 57936K(58368K)->57936K(58368K) Class: 9862K(10240K)->9862K(10240K)
[23.759s][info ][gc             ] GC(55) Pause Young (Allocation Failure) 1992M->544M(2361M) 11.242ms
[23.759s][info ][gc,cpu         ] GC(55) User=0.04s Sys=0.00s Real=0.00s
[23.759s][info ][safepoint      ] Safepoint "ParallelGCFailedAllocation", Time since last: 266883577 ns, Reaching safepoint: 4241244 ns, At safepoint: 11353418 ns, Total: 15594662 ns
[24.019s][info ][gc,start       ] GC(56) Pause Young (Allocation Failure)
[24.031s][debug][gc,phases      ] GC(56) Scavenge 11.993ms
[24.031s][debug][gc,ref         ] GC(56) Skipped phase 1 of Reference Processing: no references
[24.032s][debug][gc,ref         ] GC(56) ReferenceProcessor::execute queues: 1, RefProcThreadModel::Single, marks_oops_alive: false
[24.032s][debug][gc,ref         ] GC(56) Skipped phase 3 of Reference Processing: no references
[24.032s][debug][gc,ref         ] GC(56) ReferenceProcessor::execute queues: 1, RefProcThreadModel::Single, marks_oops_alive: false
[24.032s][debug][gc,phases      ] GC(56) Reference Processing 0.119ms
[24.032s][debug][gc,phases      ] GC(56)   VM Weak                        Min:  0.0, Avg:  0.0, Max:  0.0, Diff:  0.0, Sum:  0.0, Workers: 4
[24.032s][debug][gc,phases      ] GC(56)     Dead                           Min: 0, Avg:  0.0, Max: 0, Diff: 0, Sum: 0, Workers: 4
[24.032s][debug][gc,phases      ] GC(56)     Total                          Min: 0, Avg: 147.5, Max: 384, Diff: 384, Sum: 590, Workers: 4
[24.032s][debug][gc,phases      ] GC(56)   ObjectSynchronizer Weak        Min:  0.0, Avg:  0.0, Max:  0.0, Diff:  0.0, Sum:  0.0, Workers: 4
[24.032s][debug][gc,phases      ] GC(56)     Dead                           Min: 0, Avg:  0.0, Max: 0, Diff: 0, Sum: 0, Workers: 4
[24.032s][debug][gc,phases      ] GC(56)     Total                          Min: 0, Avg: 83.0, Max: 140, Diff: 140, Sum: 332, Workers: 4
[24.032s][debug][gc,phases      ] GC(56)   JVMTI Tag Weak OopStorage      Min:  0.0, Avg:  0.0, Max:  0.0, Diff:  0.0, Sum:  0.0, Workers: 4
[24.032s][debug][gc,phases      ] GC(56)     Dead                           Min: 0, Avg:  0.0, Max: 0, Diff: 0, Sum: 0, Workers: 4
[24.032s][debug][gc,phases      ] GC(56)     Total                          Min: 0, Avg:  0.0, Max: 0, Diff: 0, Sum: 0, Workers: 4
[24.032s][debug][gc,phases      ] GC(56)   StringTable Weak               Min:  0.1, Avg:  0.1, Max:  0.1, Diff:  0.0, Sum:  0.3, Workers: 4
[24.032s][debug][gc,phases      ] GC(56)     Dead                           Min: 0, Avg:  2.8, Max: 11, Diff: 11, Sum: 11, Workers: 4
[24.032s][debug][gc,phases      ] GC(56)     Total                          Min: 7424, Avg: 10679.2, Max: 13601, Diff: 6177, Sum: 42717, Workers: 4
[24.032s][debug][gc,phases      ] GC(56)   ResolvedMethodTable Weak       Min:  0.0, Avg:  0.0, Max:  0.0, Diff:  0.0, Sum:  0.1, Workers: 4
[24.032s][debug][gc,phases      ] GC(56)     Dead                           Min: 0, Avg:  0.0, Max: 0, Diff: 0, Sum: 0, Workers: 4
[24.032s][debug][gc,phases      ] GC(56)     Total                          Min: 1376, Avg: 1735.8, Max: 2111, Diff: 735, Sum: 6943, Workers: 4
[24.032s][debug][gc,phases      ] GC(56)   JNI Weak                       Min:  0.0, Avg:  0.0, Max:  0.0, Diff:  0.0, Sum:  0.0, Workers: 4
[24.032s][debug][gc,phases      ] GC(56)     Dead                           Min: 0, Avg:  0.0, Max: 0, Diff: 0, Sum: 0, Workers: 4
[24.032s][debug][gc,phases      ] GC(56)     Total                          Min: 0, Avg:  1.0, Max: 4, Diff: 4, Sum: 4, Workers: 4
[24.032s][debug][gc,phases      ] GC(56)   StringDedup Table Weak         Min:  0.0, Avg:  0.0, Max:  0.0, Diff:  0.0, Sum:  0.0, Workers: 4
[24.032s][debug][gc,phases      ] GC(56)     Dead                           Min: 0, Avg:  0.0, Max: 0, Diff: 0, Sum: 0, Workers: 4
[24.032s][debug][gc,phases      ] GC(56)     Total                          Min: 0, Avg:  0.0, Max: 0, Diff: 0, Sum: 0, Workers: 4
[24.032s][debug][gc,phases      ] GC(56)   StringDedup Requests0 Weak     Min:  0.0, Avg:  0.0, Max:  0.0, Diff:  0.0, Sum:  0.0, Workers: 4
[24.032s][debug][gc,phases      ] GC(56)     Dead                           Min: 0, Avg:  0.0, Max: 0, Diff: 0, Sum: 0, Workers: 4
[24.032s][debug][gc,phases      ] GC(56)     Total                          Min: 0, Avg:  0.0, Max: 0, Diff: 0, Sum: 0, Workers: 4
[24.032s][debug][gc,phases      ] GC(56)   StringDedup Requests1 Weak     Min:  0.0, Avg:  0.0, Max:  0.0, Diff:  0.0, Sum:  0.0, Workers: 4
[24.032s][debug][gc,phases      ] GC(56)     Dead                           Min: 0, Avg:  0.0, Max: 0, Diff: 0, Sum: 0, Workers: 4
[24.032s][debug][gc,phases      ] GC(56)     Total                          Min: 0, Avg:  0.0, Max: 0, Diff: 0, Sum: 0, Workers: 4
[24.032s][debug][gc,phases      ] GC(56)   Weak JFR Old Object Samples    Min:  0.0, Avg:  0.0, Max:  0.0, Diff:  0.0, Sum:  0.0, Workers: 4
[24.032s][debug][gc,phases      ] GC(56)     Dead                           Min: 0, Avg:  0.0, Max: 0, Diff: 0, Sum: 0, Workers: 4
[24.032s][debug][gc,phases      ] GC(56)     Total                          Min: 0, Avg:  0.0, Max: 0, Diff: 0, Sum: 0, Workers: 4
[24.032s][debug][gc,phases      ] GC(56) Weak Processing 0.283ms
[24.032s][debug][gc,age         ] GC(56) Desired survivor size 279969792 bytes, new threshold 15 (max threshold 15)
[24.032s][info ][gc,heap        ] GC(56) PSYoungGen: 1529920K(1788928K)->43504K(1823744K) Eden: 1490432K(1490432K)->0K(1537536K) From: 39488K(298496K)->43504K(286208K)
[24.032s][info ][gc,heap        ] GC(56) ParOldGen: 517964K(629248K)->517964K(629248K)
[24.032s][info ][gc,metaspace   ] GC(56) Metaspace: 67802K(68608K)->67802K(68608K) NonClass: 57939K(58368K)->57939K(58368K) Class: 9862K(10240K)->9862K(10240K)
[24.032s][info ][gc             ] GC(56) Pause Young (Allocation Failure) 1999M->548M(2395M) 12.530ms
[24.032s][info ][gc,cpu         ] GC(56) User=0.06s Sys=0.00s Real=0.01s
[24.032s][info ][safepoint      ] Safepoint "ParallelGCFailedAllocation", Time since last: 260249808 ns, Reaching safepoint: 102101 ns, At safepoint: 12654231 ns, Total: 12756332 ns
[24.338s][info ][gc,start       ] GC(57) Pause Young (Allocation Failure)
[24.354s][debug][gc,phases      ] GC(57) Scavenge 15.455ms
[24.354s][debug][gc,ref         ] GC(57) Skipped phase 1 of Reference Processing: no references
[24.354s][debug][gc,ref         ] GC(57) ReferenceProcessor::execute queues: 1, RefProcThreadModel::Single, marks_oops_alive: false
[24.354s][debug][gc,ref         ] GC(57) Skipped phase 3 of Reference Processing: no references
[24.354s][debug][gc,ref         ] GC(57) ReferenceProcessor::execute queues: 1, RefProcThreadModel::Single, marks_oops_alive: false
[24.354s][debug][gc,phases      ] GC(57) Reference Processing 0.113ms
[24.354s][debug][gc,phases      ] GC(57)   VM Weak                        Min:  0.0, Avg:  0.0, Max:  0.0, Diff:  0.0, Sum:  0.0, Workers: 4
[24.354s][debug][gc,phases      ] GC(57)     Dead                           Min: 0, Avg:  0.0, Max: 0, Diff: 0, Sum: 0, Workers: 4
[24.354s][debug][gc,phases      ] GC(57)     Total                          Min: 0, Avg: 147.5, Max: 590, Diff: 590, Sum: 590, Workers: 4
[24.354s][debug][gc,phases      ] GC(57)   ObjectSynchronizer Weak        Min:  0.0, Avg:  0.0, Max:  0.0, Diff:  0.0, Sum:  0.0, Workers: 4
[24.354s][debug][gc,phases      ] GC(57)     Dead                           Min: 0, Avg:  0.0, Max: 0, Diff: 0, Sum: 0, Workers: 4
[24.354s][debug][gc,phases      ] GC(57)     Total                          Min: 0, Avg: 83.0, Max: 192, Diff: 192, Sum: 332, Workers: 4
[24.354s][debug][gc,phases      ] GC(57)   JVMTI Tag Weak OopStorage      Min:  0.0, Avg:  0.0, Max:  0.0, Diff:  0.0, Sum:  0.0, Workers: 4
[24.354s][debug][gc,phases      ] GC(57)     Dead                           Min: 0, Avg:  0.0, Max: 0, Diff: 0, Sum: 0, Workers: 4
[24.354s][debug][gc,phases      ] GC(57)     Total                          Min: 0, Avg:  0.0, Max: 0, Diff: 0, Sum: 0, Workers: 4
[24.354s][debug][gc,phases      ] GC(57)   StringTable Weak               Min:  0.1, Avg:  0.1, Max:  0.1, Diff:  0.0, Sum:  0.3, Workers: 4
[24.354s][debug][gc,phases      ] GC(57)     Dead                           Min: 0, Avg:  0.0, Max: 0, Diff: 0, Sum: 0, Workers: 4
[24.354s][debug][gc,phases      ] GC(57)     Total                          Min: 8192, Avg: 10679.2, Max: 13025, Diff: 4833, Sum: 42717, Workers: 4
[24.354s][debug][gc,phases      ] GC(57)   ResolvedMethodTable Weak       Min:  0.0, Avg:  0.0, Max:  0.0, Diff:  0.0, Sum:  0.1, Workers: 4
[24.354s][debug][gc,phases      ] GC(57)     Dead                           Min: 0, Avg:  0.0, Max: 0, Diff: 0, Sum: 0, Workers: 4
[24.354s][debug][gc,phases      ] GC(57)     Total                          Min: 1471, Avg: 1735.8, Max: 2016, Diff: 545, Sum: 6943, Workers: 4
[24.354s][debug][gc,phases      ] GC(57)   JNI Weak                       Min:  0.0, Avg:  0.0, Max:  0.0, Diff:  0.0, Sum:  0.0, Workers: 4
[24.354s][debug][gc,phases      ] GC(57)     Dead                           Min: 0, Avg:  0.0, Max: 0, Diff: 0, Sum: 0, Workers: 4
[24.354s][debug][gc,phases      ] GC(57)     Total                          Min: 0, Avg:  1.5, Max: 6, Diff: 6, Sum: 6, Workers: 4
[24.354s][debug][gc,phases      ] GC(57)   StringDedup Table Weak         Min:  0.0, Avg:  0.0, Max:  0.0, Diff:  0.0, Sum:  0.0, Workers: 4
[24.354s][debug][gc,phases      ] GC(57)     Dead                           Min: 0, Avg:  0.0, Max: 0, Diff: 0, Sum: 0, Workers: 4
[24.354s][debug][gc,phases      ] GC(57)     Total                          Min: 0, Avg:  0.0, Max: 0, Diff: 0, Sum: 0, Workers: 4
[24.354s][debug][gc,phases      ] GC(57)   StringDedup Requests0 Weak     Min:  0.0, Avg:  0.0, Max:  0.0, Diff:  0.0, Sum:  0.0, Workers: 4
[24.354s][debug][gc,phases      ] GC(57)     Dead                           Min: 0, Avg:  0.0, Max: 0, Diff: 0, Sum: 0, Workers: 4
[24.354s][debug][gc,phases      ] GC(57)     Total                          Min: 0, Avg:  0.0, Max: 0, Diff: 0, Sum: 0, Workers: 4
[24.354s][debug][gc,phases      ] GC(57)   StringDedup Requests1 Weak     Min:  0.0, Avg:  0.0, Max:  0.0, Diff:  0.0, Sum:  0.0, Workers: 4
[24.354s][debug][gc,phases      ] GC(57)     Dead                           Min: 0, Avg:  0.0, Max: 0, Diff: 0, Sum: 0, Workers: 4
[24.354s][debug][gc,phases      ] GC(57)     Total                          Min: 0, Avg:  0.0, Max: 0, Diff: 0, Sum: 0, Workers: 4
[24.354s][debug][gc,phases      ] GC(57)   Weak JFR Old Object Samples    Min:  0.0, Avg:  0.0, Max:  0.0, Diff:  0.0, Sum:  0.0, Workers: 4
[24.354s][debug][gc,phases      ] GC(57)     Dead                           Min: 0, Avg:  0.0, Max: 0, Diff: 0, Sum: 0, Workers: 4
[24.354s][debug][gc,phases      ] GC(57)     Total                          Min: 0, Avg:  0.0, Max: 0, Diff: 0, Sum: 0, Workers: 4
[24.354s][debug][gc,phases      ] GC(57) Weak Processing 0.276ms
[24.354s][debug][gc,age         ] GC(57) Desired survivor size 265814016 bytes, new threshold 15 (max threshold 15)
[24.354s][info ][gc,heap        ] GC(57) PSYoungGen: 1581040K(1823744K)->49808K(1810944K) Eden: 1537536K(1537536K)->0K(1537536K) From: 43504K(286208K)->49808K(273408K)
[24.354s][info ][gc,heap        ] GC(57) ParOldGen: 517964K(629248K)->517964K(629248K)
[24.354s][info ][gc,metaspace   ] GC(57) Metaspace: 67804K(68608K)->67804K(68608K) NonClass: 57942K(58368K)->57942K(58368K) Class: 9862K(10240K)->9862K(10240K)
[24.354s][info ][gc             ] GC(57) Pause Young (Allocation Failure) 2049M->554M(2383M) 15.982ms
[24.354s][info ][gc,cpu         ] GC(57) User=0.07s Sys=0.00s Real=0.02s
[24.354s][info ][safepoint      ] Safepoint "ParallelGCFailedAllocation", Time since last: 305851882 ns, Reaching safepoint: 138201 ns, At safepoint: 16093168 ns, Total: 16231369 ns
[24.656s][info ][gc,start       ] GC(58) Pause Young (Allocation Failure)
[24.671s][debug][gc,phases      ] GC(58) Scavenge 15.787ms
[24.671s][debug][gc,ref         ] GC(58) Skipped phase 1 of Reference Processing: no references
[24.671s][debug][gc,ref         ] GC(58) ReferenceProcessor::execute queues: 1, RefProcThreadModel::Single, marks_oops_alive: false
[24.671s][debug][gc,ref         ] GC(58) Skipped phase 3 of Reference Processing: no references
[24.672s][debug][gc,ref         ] GC(58) ReferenceProcessor::execute queues: 1, RefProcThreadModel::Single, marks_oops_alive: false
[24.672s][debug][gc,phases      ] GC(58) Reference Processing 0.107ms
[24.672s][debug][gc,phases      ] GC(58)   VM Weak                        Min:  0.0, Avg:  0.0, Max:  0.0, Diff:  0.0, Sum:  0.0, Workers: 4
[24.672s][debug][gc,phases      ] GC(58)     Dead                           Min: 0, Avg:  0.0, Max: 0, Diff: 0, Sum: 0, Workers: 4
[24.672s][debug][gc,phases      ] GC(58)     Total                          Min: 0, Avg: 147.5, Max: 526, Diff: 526, Sum: 590, Workers: 4
[24.672s][debug][gc,phases      ] GC(58)   ObjectSynchronizer Weak        Min:  0.0, Avg:  0.0, Max:  0.0, Diff:  0.0, Sum:  0.0, Workers: 4
[24.672s][debug][gc,phases      ] GC(58)     Dead                           Min: 0, Avg:  0.0, Max: 0, Diff: 0, Sum: 0, Workers: 4
[24.672s][debug][gc,phases      ] GC(58)     Total                          Min: 0, Avg: 83.0, Max: 192, Diff: 192, Sum: 332, Workers: 4
[24.672s][debug][gc,phases      ] GC(58)   JVMTI Tag Weak OopStorage      Min:  0.0, Avg:  0.0, Max:  0.0, Diff:  0.0, Sum:  0.0, Workers: 4
[24.672s][debug][gc,phases      ] GC(58)     Dead                           Min: 0, Avg:  0.0, Max: 0, Diff: 0, Sum: 0, Workers: 4
[24.672s][debug][gc,phases      ] GC(58)     Total                          Min: 0, Avg:  0.0, Max: 0, Diff: 0, Sum: 0, Workers: 4
[24.672s][debug][gc,phases      ] GC(58)   StringTable Weak               Min:  0.1, Avg:  0.1, Max:  0.1, Diff:  0.0, Sum:  0.3, Workers: 4
[24.672s][debug][gc,phases      ] GC(58)     Dead                           Min: 0, Avg:  2.8, Max: 7, Diff: 7, Sum: 11, Workers: 4
[24.672s][debug][gc,phases      ] GC(58)     Total                          Min: 8448, Avg: 10680.2, Max: 13120, Diff: 4672, Sum: 42721, Workers: 4
[24.672s][debug][gc,phases      ] GC(58)   ResolvedMethodTable Weak       Min:  0.0, Avg:  0.0, Max:  0.0, Diff:  0.0, Sum:  0.1, Workers: 4
[24.672s][debug][gc,phases      ] GC(58)     Dead                           Min: 0, Avg:  0.0, Max: 0, Diff: 0, Sum: 0, Workers: 4
[24.672s][debug][gc,phases      ] GC(58)     Total                          Min: 1408, Avg: 1735.8, Max: 2079, Diff: 671, Sum: 6943, Workers: 4
[24.672s][debug][gc,phases      ] GC(58)   JNI Weak                       Min:  0.0, Avg:  0.0, Max:  0.0, Diff:  0.0, Sum:  0.0, Workers: 4
[24.672s][debug][gc,phases      ] GC(58)     Dead                           Min: 0, Avg:  0.0, Max: 0, Diff: 0, Sum: 0, Workers: 4
[24.672s][debug][gc,phases      ] GC(58)     Total                          Min: 0, Avg:  0.0, Max: 0, Diff: 0, Sum: 0, Workers: 4
[24.672s][debug][gc,phases      ] GC(58)   StringDedup Table Weak         Min:  0.0, Avg:  0.0, Max:  0.0, Diff:  0.0, Sum:  0.0, Workers: 4
[24.672s][debug][gc,phases      ] GC(58)     Dead                           Min: 0, Avg:  0.0, Max: 0, Diff: 0, Sum: 0, Workers: 4
[24.672s][debug][gc,phases      ] GC(58)     Total                          Min: 0, Avg:  0.0, Max: 0, Diff: 0, Sum: 0, Workers: 4
[24.672s][debug][gc,phases      ] GC(58)   StringDedup Requests0 Weak     Min:  0.0, Avg:  0.0, Max:  0.0, Diff:  0.0, Sum:  0.0, Workers: 4
[24.672s][debug][gc,phases      ] GC(58)     Dead                           Min: 0, Avg:  0.0, Max: 0, Diff: 0, Sum: 0, Workers: 4
[24.672s][debug][gc,phases      ] GC(58)     Total                          Min: 0, Avg:  0.0, Max: 0, Diff: 0, Sum: 0, Workers: 4
[24.672s][debug][gc,phases      ] GC(58)   StringDedup Requests1 Weak     Min:  0.0, Avg:  0.0, Max:  0.0, Diff:  0.0, Sum:  0.0, Workers: 4
[24.672s][debug][gc,phases      ] GC(58)     Dead                           Min: 0, Avg:  0.0, Max: 0, Diff: 0, Sum: 0, Workers: 4
[24.672s][debug][gc,phases      ] GC(58)     Total                          Min: 0, Avg:  0.0, Max: 0, Diff: 0, Sum: 0, Workers: 4
[24.672s][debug][gc,phases      ] GC(58)   Weak JFR Old Object Samples    Min:  0.0, Avg:  0.0, Max:  0.0, Diff:  0.0, Sum:  0.0, Workers: 4
[24.672s][debug][gc,phases      ] GC(58)     Dead                           Min: 0, Avg:  0.0, Max: 0, Diff: 0, Sum: 0, Workers: 4
[24.672s][debug][gc,phases      ] GC(58)     Total                          Min: 0, Avg:  0.0, Max: 0, Diff: 0, Sum: 0, Workers: 4
[24.672s][debug][gc,phases      ] GC(58) Weak Processing 0.264ms
[24.672s][debug][gc,age         ] GC(58) Desired survivor size 251133952 bytes, new threshold 15 (max threshold 15)
[24.672s][info ][gc,heap        ] GC(58) PSYoungGen: 1587344K(1810944K)->56640K(1851904K) Eden: 1537536K(1537536K)->0K(1592320K) From: 49808K(273408K)->56640K(259584K)
[24.672s][info ][gc,heap        ] GC(58) ParOldGen: 517964K(629248K)->517964K(629248K)
[24.672s][info ][gc,metaspace   ] GC(58) Metaspace: 67811K(68608K)->67811K(68608K) NonClass: 57949K(58368K)->57949K(58368K) Class: 9862K(10240K)->9862K(10240K)
[24.672s][info ][gc             ] GC(58) Pause Young (Allocation Failure) 2055M->561M(2423M) 16.279ms
[24.672s][info ][gc,cpu         ] GC(58) User=0.06s Sys=0.00s Real=0.02s
[24.672s][info ][safepoint      ] Safepoint "ParallelGCFailedAllocation", Time since last: 301262033 ns, Reaching safepoint: 143402 ns, At safepoint: 16366370 ns, Total: 16509772 ns
[24.964s][info ][gc,start       ] GC(59) Pause Young (Allocation Failure)
[24.978s][debug][gc,phases      ] GC(59) Scavenge 13.892ms
[24.978s][debug][gc,ref         ] GC(59) Skipped phase 1 of Reference Processing: no references
[24.978s][debug][gc,ref         ] GC(59) ReferenceProcessor::execute queues: 1, RefProcThreadModel::Single, marks_oops_alive: false
[24.978s][debug][gc,ref         ] GC(59) Skipped phase 3 of Reference Processing: no references
[24.978s][debug][gc,ref         ] GC(59) ReferenceProcessor::execute queues: 1, RefProcThreadModel::Single, marks_oops_alive: false
[24.978s][debug][gc,phases      ] GC(59) Reference Processing 0.106ms
[24.978s][debug][gc,phases      ] GC(59)   VM Weak                        Min:  0.0, Avg:  0.0, Max:  0.0, Diff:  0.0, Sum:  0.0, Workers: 4
[24.978s][debug][gc,phases      ] GC(59)     Dead                           Min: 0, Avg:  0.0, Max: 0, Diff: 0, Sum: 0, Workers: 4
[24.978s][debug][gc,phases      ] GC(59)     Total                          Min: 0, Avg: 147.5, Max: 590, Diff: 590, Sum: 590, Workers: 4
[24.978s][debug][gc,phases      ] GC(59)   ObjectSynchronizer Weak        Min:  0.0, Avg:  0.0, Max:  0.0, Diff:  0.0, Sum:  0.0, Workers: 4
[24.978s][debug][gc,phases      ] GC(59)     Dead                           Min: 0, Avg:  0.0, Max: 0, Diff: 0, Sum: 0, Workers: 4
[24.978s][debug][gc,phases      ] GC(59)     Total                          Min: 0, Avg: 83.0, Max: 268, Diff: 268, Sum: 332, Workers: 4
[24.978s][debug][gc,phases      ] GC(59)   JVMTI Tag Weak OopStorage      Min:  0.0, Avg:  0.0, Max:  0.0, Diff:  0.0, Sum:  0.0, Workers: 4
[24.978s][debug][gc,phases      ] GC(59)     Dead                           Min: 0, Avg:  0.0, Max: 0, Diff: 0, Sum: 0, Workers: 4
[24.978s][debug][gc,phases      ] GC(59)     Total                          Min: 0, Avg:  0.0, Max: 0, Diff: 0, Sum: 0, Workers: 4
[24.978s][debug][gc,phases      ] GC(59)   StringTable Weak               Min:  0.1, Avg:  0.1, Max:  0.1, Diff:  0.0, Sum:  0.3, Workers: 4
[24.978s][debug][gc,phases      ] GC(59)     Dead                           Min: 0, Avg:  0.0, Max: 0, Diff: 0, Sum: 0, Workers: 4
[24.978s][debug][gc,phases      ] GC(59)     Total                          Min: 10341, Avg: 10697.2, Max: 11136, Diff: 795, Sum: 42789, Workers: 4
[24.978s][debug][gc,phases      ] GC(59)   ResolvedMethodTable Weak       Min:  0.0, Avg:  0.0, Max:  0.0, Diff:  0.0, Sum:  0.0, Workers: 4
[24.978s][debug][gc,phases      ] GC(59)     Dead                           Min: 0, Avg:  0.0, Max: 0, Diff: 0, Sum: 0, Workers: 4
[24.978s][debug][gc,phases      ] GC(59)     Total                          Min: 1663, Avg: 1735.8, Max: 1792, Diff: 129, Sum: 6943, Workers: 4
[24.978s][debug][gc,phases      ] GC(59)   JNI Weak                       Min:  0.0, Avg:  0.0, Max:  0.0, Diff:  0.0, Sum:  0.0, Workers: 4
[24.978s][debug][gc,phases      ] GC(59)     Dead                           Min: 0, Avg:  0.0, Max: 0, Diff: 0, Sum: 0, Workers: 4
[24.978s][debug][gc,phases      ] GC(59)     Total                          Min: 0, Avg:  0.0, Max: 0, Diff: 0, Sum: 0, Workers: 4
[24.978s][debug][gc,phases      ] GC(59)   StringDedup Table Weak         Min:  0.0, Avg:  0.0, Max:  0.0, Diff:  0.0, Sum:  0.0, Workers: 4
[24.978s][debug][gc,phases      ] GC(59)     Dead                           Min: 0, Avg:  0.0, Max: 0, Diff: 0, Sum: 0, Workers: 4
[24.978s][debug][gc,phases      ] GC(59)     Total                          Min: 0, Avg:  0.0, Max: 0, Diff: 0, Sum: 0, Workers: 4
[24.978s][debug][gc,phases      ] GC(59)   StringDedup Requests0 Weak     Min:  0.0, Avg:  0.0, Max:  0.0, Diff:  0.0, Sum:  0.0, Workers: 4
[24.978s][debug][gc,phases      ] GC(59)     Dead                           Min: 0, Avg:  0.0, Max: 0, Diff: 0, Sum: 0, Workers: 4
[24.978s][debug][gc,phases      ] GC(59)     Total                          Min: 0, Avg:  0.0, Max: 0, Diff: 0, Sum: 0, Workers: 4
[24.978s][debug][gc,phases      ] GC(59)   StringDedup Requests1 Weak     Min:  0.0, Avg:  0.0, Max:  0.0, Diff:  0.0, Sum:  0.0, Workers: 4
[24.978s][debug][gc,phases      ] GC(59)     Dead                           Min: 0, Avg:  0.0, Max: 0, Diff: 0, Sum: 0, Workers: 4
[24.978s][debug][gc,phases      ] GC(59)     Total                          Min: 0, Avg:  0.0, Max: 0, Diff: 0, Sum: 0, Workers: 4
[24.978s][debug][gc,phases      ] GC(59)   Weak JFR Old Object Samples    Min:  0.0, Avg:  0.0, Max:  0.0, Diff:  0.0, Sum:  0.0, Workers: 4
[24.978s][debug][gc,phases      ] GC(59)     Dead                           Min: 0, Avg:  0.0, Max: 0, Diff: 0, Sum: 0, Workers: 4
[24.978s][debug][gc,phases      ] GC(59)     Total                          Min: 0, Avg:  0.0, Max: 0, Diff: 0, Sum: 0, Workers: 4
[24.978s][debug][gc,phases      ] GC(59) Weak Processing 0.247ms
[24.978s][debug][gc,age         ] GC(59) Desired survivor size 236453888 bytes, new threshold 15 (max threshold 15)
[24.978s][info ][gc,heap        ] GC(59) PSYoungGen: 1648960K(1851904K)->61584K(1837568K) Eden: 1592320K(1592320K)->0K(1592320K) From: 56640K(259584K)->61584K(245248K)
[24.978s][info ][gc,heap        ] GC(59) ParOldGen: 517964K(629248K)->517964K(629248K)
[24.978s][info ][gc,metaspace   ] GC(59) Metaspace: 67815K(68608K)->67815K(68608K) NonClass: 57952K(58368K)->57952K(58368K) Class: 9862K(10240K)->9862K(10240K)
[24.978s][info ][gc             ] GC(59) Pause Young (Allocation Failure) 2116M->565M(2409M) 14.363ms
[24.978s][info ][gc,cpu         ] GC(59) User=0.05s Sys=0.00s Real=0.01s
[24.978s][info ][safepoint      ] Safepoint "ParallelGCFailedAllocation", Time since last: 291714034 ns, Reaching safepoint: 129701 ns, At safepoint: 14460151 ns, Total: 14589852 ns
[25.258s][info ][gc,start       ] GC(60) Pause Young (Allocation Failure)
[25.277s][debug][gc,phases      ] GC(60) Scavenge 19.209ms
[25.277s][debug][gc,ref         ] GC(60) Skipped phase 1 of Reference Processing: no references
[25.277s][debug][gc,ref         ] GC(60) ReferenceProcessor::execute queues: 1, RefProcThreadModel::Single, marks_oops_alive: false
[25.277s][debug][gc,ref         ] GC(60) Skipped phase 3 of Reference Processing: no references
[25.277s][debug][gc,ref         ] GC(60) ReferenceProcessor::execute queues: 1, RefProcThreadModel::Single, marks_oops_alive: false
[25.278s][debug][gc,phases      ] GC(60) Reference Processing 0.125ms
[25.278s][debug][gc,phases      ] GC(60)   VM Weak                        Min:  0.0, Avg:  0.0, Max:  0.0, Diff:  0.0, Sum:  0.0, Workers: 4
[25.278s][debug][gc,phases      ] GC(60)     Dead                           Min: 0, Avg:  0.0, Max: 0, Diff: 0, Sum: 0, Workers: 4
[25.278s][debug][gc,phases      ] GC(60)     Total                          Min: 0, Avg: 147.5, Max: 590, Diff: 590, Sum: 590, Workers: 4
[25.278s][debug][gc,phases      ] GC(60)   ObjectSynchronizer Weak        Min:  0.0, Avg:  0.0, Max:  0.0, Diff:  0.0, Sum:  0.0, Workers: 4
[25.278s][debug][gc,phases      ] GC(60)     Dead                           Min: 0, Avg:  0.0, Max: 0, Diff: 0, Sum: 0, Workers: 4
[25.278s][debug][gc,phases      ] GC(60)     Total                          Min: 0, Avg: 83.0, Max: 204, Diff: 204, Sum: 332, Workers: 4
[25.278s][debug][gc,phases      ] GC(60)   JVMTI Tag Weak OopStorage      Min:  0.0, Avg:  0.0, Max:  0.0, Diff:  0.0, Sum:  0.0, Workers: 4
[25.278s][debug][gc,phases      ] GC(60)     Dead                           Min: 0, Avg:  0.0, Max: 0, Diff: 0, Sum: 0, Workers: 4
[25.278s][debug][gc,phases      ] GC(60)     Total                          Min: 0, Avg:  0.0, Max: 0, Diff: 0, Sum: 0, Workers: 4
[25.278s][debug][gc,phases      ] GC(60)   StringTable Weak               Min:  0.1, Avg:  0.1, Max:  0.1, Diff:  0.0, Sum:  0.4, Workers: 4
[25.278s][debug][gc,phases      ] GC(60)     Dead                           Min: 0, Avg:  2.8, Max: 11, Diff: 11, Sum: 11, Workers: 4
[25.278s][debug][gc,phases      ] GC(60)     Total                          Min: 9337, Avg: 10697.5, Max: 13553, Diff: 4216, Sum: 42790, Workers: 4
[25.278s][debug][gc,phases      ] GC(60)   ResolvedMethodTable Weak       Min:  0.0, Avg:  0.0, Max:  0.0, Diff:  0.0, Sum:  0.1, Workers: 4
[25.278s][debug][gc,phases      ] GC(60)     Dead                           Min: 0, Avg:  0.0, Max: 0, Diff: 0, Sum: 0, Workers: 4
[25.278s][debug][gc,phases      ] GC(60)     Total                          Min: 1472, Avg: 1735.8, Max: 2175, Diff: 703, Sum: 6943, Workers: 4
[25.278s][debug][gc,phases      ] GC(60)   JNI Weak                       Min:  0.0, Avg:  0.0, Max:  0.0, Diff:  0.0, Sum:  0.0, Workers: 4
[25.278s][debug][gc,phases      ] GC(60)     Dead                           Min: 0, Avg:  0.0, Max: 0, Diff: 0, Sum: 0, Workers: 4
[25.278s][debug][gc,phases      ] GC(60)     Total                          Min: 0, Avg:  1.5, Max: 6, Diff: 6, Sum: 6, Workers: 4
[25.278s][debug][gc,phases      ] GC(60)   StringDedup Table Weak         Min:  0.0, Avg:  0.0, Max:  0.0, Diff:  0.0, Sum:  0.0, Workers: 4
[25.278s][debug][gc,phases      ] GC(60)     Dead                           Min: 0, Avg:  0.0, Max: 0, Diff: 0, Sum: 0, Workers: 4
[25.278s][debug][gc,phases      ] GC(60)     Total                          Min: 0, Avg:  0.0, Max: 0, Diff: 0, Sum: 0, Workers: 4
[25.278s][debug][gc,phases      ] GC(60)   StringDedup Requests0 Weak     Min:  0.0, Avg:  0.0, Max:  0.0, Diff:  0.0, Sum:  0.0, Workers: 4
[25.278s][debug][gc,phases      ] GC(60)     Dead                           Min: 0, Avg:  0.0, Max: 0, Diff: 0, Sum: 0, Workers: 4
[25.278s][debug][gc,phases      ] GC(60)     Total                          Min: 0, Avg:  0.0, Max: 0, Diff: 0, Sum: 0, Workers: 4
[25.278s][debug][gc,phases      ] GC(60)   StringDedup Requests1 Weak     Min:  0.0, Avg:  0.0, Max:  0.0, Diff:  0.0, Sum:  0.0, Workers: 4
[25.278s][debug][gc,phases      ] GC(60)     Dead                           Min: 0, Avg:  0.0, Max: 0, Diff: 0, Sum: 0, Workers: 4
[25.278s][debug][gc,phases      ] GC(60)     Total                          Min: 0, Avg:  0.0, Max: 0, Diff: 0, Sum: 0, Workers: 4
[25.278s][debug][gc,phases      ] GC(60)   Weak JFR Old Object Samples    Min:  0.0, Avg:  0.0, Max:  0.0, Diff:  0.0, Sum:  0.0, Workers: 4
[25.278s][debug][gc,phases      ] GC(60)     Dead                           Min: 0, Avg:  0.0, Max: 0, Diff: 0, Sum: 0, Workers: 4
[25.278s][debug][gc,phases      ] GC(60)     Total                          Min: 0, Avg:  0.0, Max: 0, Diff: 0, Sum: 0, Workers: 4
[25.278s][debug][gc,phases      ] GC(60) Weak Processing 0.282ms
[25.278s][debug][gc,age         ] GC(60) Desired survivor size 221249536 bytes, new threshold 15 (max threshold 15)
[25.278s][info ][gc,heap        ] GC(60) PSYoungGen: 1653904K(1837568K)->69856K(1881088K) Eden: 1592320K(1592320K)->0K(1650176K) From: 61584K(245248K)->69856K(230912K)
[25.278s][info ][gc,heap        ] GC(60) ParOldGen: 517964K(629248K)->517964K(629248K)
[25.278s][info ][gc,metaspace   ] GC(60) Metaspace: 67820K(68608K)->67820K(68608K) NonClass: 57957K(58368K)->57957K(58368K) Class: 9863K(10240K)->9863K(10240K)
[25.278s][info ][gc             ] GC(60) Pause Young (Allocation Failure) 2120M->574M(2451M) 19.758ms
[25.278s][info ][gc,cpu         ] GC(60) User=0.10s Sys=0.00s Real=0.02s
[25.278s][info ][safepoint      ] Safepoint "ParallelGCFailedAllocation", Time since last: 279720808 ns, Reaching safepoint: 142202 ns, At safepoint: 19859106 ns, Total: 20001308 ns
[25.583s][info ][gc,start       ] GC(61) Pause Young (Allocation Failure)
[25.607s][debug][gc,phases      ] GC(61) Scavenge 23.588ms
[25.607s][debug][gc,ref         ] GC(61) Skipped phase 1 of Reference Processing: no references
[25.607s][debug][gc,ref         ] GC(61) ReferenceProcessor::execute queues: 1, RefProcThreadModel::Single, marks_oops_alive: false
[25.607s][debug][gc,ref         ] GC(61) Skipped phase 3 of Reference Processing: no references
[25.607s][debug][gc,ref         ] GC(61) ReferenceProcessor::execute queues: 1, RefProcThreadModel::Single, marks_oops_alive: false
[25.607s][debug][gc,phases      ] GC(61) Reference Processing 0.098ms
[25.607s][debug][gc,phases      ] GC(61)   VM Weak                        Min:  0.0, Avg:  0.0, Max:  0.0, Diff:  0.0, Sum:  0.0, Workers: 4
[25.607s][debug][gc,phases      ] GC(61)     Dead                           Min: 0, Avg:  0.0, Max: 0, Diff: 0, Sum: 0, Workers: 4
[25.607s][debug][gc,phases      ] GC(61)     Total                          Min: 0, Avg: 147.5, Max: 320, Diff: 320, Sum: 590, Workers: 4
[25.607s][debug][gc,phases      ] GC(61)   ObjectSynchronizer Weak        Min:  0.0, Avg:  0.0, Max:  0.0, Diff:  0.0, Sum:  0.0, Workers: 4
[25.607s][debug][gc,phases      ] GC(61)     Dead                           Min: 0, Avg:  0.0, Max: 0, Diff: 0, Sum: 0, Workers: 4
[25.607s][debug][gc,phases      ] GC(61)     Total                          Min: 0, Avg: 83.0, Max: 128, Diff: 128, Sum: 332, Workers: 4
[25.607s][debug][gc,phases      ] GC(61)   JVMTI Tag Weak OopStorage      Min:  0.0, Avg:  0.0, Max:  0.0, Diff:  0.0, Sum:  0.0, Workers: 4
[25.607s][debug][gc,phases      ] GC(61)     Dead                           Min: 0, Avg:  0.0, Max: 0, Diff: 0, Sum: 0, Workers: 4
[25.607s][debug][gc,phases      ] GC(61)     Total                          Min: 0, Avg:  0.0, Max: 0, Diff: 0, Sum: 0, Workers: 4
[25.607s][debug][gc,phases      ] GC(61)   StringTable Weak               Min:  0.1, Avg:  0.1, Max:  0.1, Diff:  0.0, Sum:  0.4, Workers: 4
[25.607s][debug][gc,phases      ] GC(61)     Dead                           Min: 0, Avg:  2.8, Max: 7, Diff: 7, Sum: 11, Workers: 4
[25.607s][debug][gc,phases      ] GC(61)     Total                          Min: 9190, Avg: 10697.5, Max: 14016, Diff: 4826, Sum: 42790, Workers: 4
[25.607s][debug][gc,phases      ] GC(61)   ResolvedMethodTable Weak       Min:  0.0, Avg:  0.0, Max:  0.0, Diff:  0.0, Sum:  0.1, Workers: 4
[25.607s][debug][gc,phases      ] GC(61)     Dead                           Min: 0, Avg:  0.0, Max: 0, Diff: 0, Sum: 0, Workers: 4
[25.607s][debug][gc,phases      ] GC(61)     Total                          Min: 1567, Avg: 1735.8, Max: 2048, Diff: 481, Sum: 6943, Workers: 4
[25.607s][debug][gc,phases      ] GC(61)   JNI Weak                       Min:  0.0, Avg:  0.0, Max:  0.0, Diff:  0.0, Sum:  0.0, Workers: 4
[25.607s][debug][gc,phases      ] GC(61)     Dead                           Min: 0, Avg:  0.0, Max: 0, Diff: 0, Sum: 0, Workers: 4
[25.607s][debug][gc,phases      ] GC(61)     Total                          Min: 0, Avg:  1.0, Max: 4, Diff: 4, Sum: 4, Workers: 4
[25.607s][debug][gc,phases      ] GC(61)   StringDedup Table Weak         Min:  0.0, Avg:  0.0, Max:  0.0, Diff:  0.0, Sum:  0.0, Workers: 4
[25.607s][debug][gc,phases      ] GC(61)     Dead                           Min: 0, Avg:  0.0, Max: 0, Diff: 0, Sum: 0, Workers: 4
[25.607s][debug][gc,phases      ] GC(61)     Total                          Min: 0, Avg:  0.0, Max: 0, Diff: 0, Sum: 0, Workers: 4
[25.607s][debug][gc,phases      ] GC(61)   StringDedup Requests0 Weak     Min:  0.0, Avg:  0.0, Max:  0.0, Diff:  0.0, Sum:  0.0, Workers: 4
[25.607s][debug][gc,phases      ] GC(61)     Dead                           Min: 0, Avg:  0.0, Max: 0, Diff: 0, Sum: 0, Workers: 4
[25.607s][debug][gc,phases      ] GC(61)     Total                          Min: 0, Avg:  0.0, Max: 0, Diff: 0, Sum: 0, Workers: 4
[25.607s][debug][gc,phases      ] GC(61)   StringDedup Requests1 Weak     Min:  0.0, Avg:  0.0, Max:  0.0, Diff:  0.0, Sum:  0.0, Workers: 4
[25.607s][debug][gc,phases      ] GC(61)     Dead                           Min: 0, Avg:  0.0, Max: 0, Diff: 0, Sum: 0, Workers: 4
[25.607s][debug][gc,phases      ] GC(61)     Total                          Min: 0, Avg:  0.0, Max: 0, Diff: 0, Sum: 0, Workers: 4
[25.607s][debug][gc,phases      ] GC(61)   Weak JFR Old Object Samples    Min:  0.0, Avg:  0.0, Max:  0.0, Diff:  0.0, Sum:  0.0, Workers: 4
[25.607s][debug][gc,phases      ] GC(61)     Dead                           Min: 0, Avg:  0.0, Max: 0, Diff: 0, Sum: 0, Workers: 4
[25.607s][debug][gc,phases      ] GC(61)     Total                          Min: 0, Avg:  0.0, Max: 0, Diff: 0, Sum: 0, Workers: 4
[25.607s][debug][gc,phases      ] GC(61) Weak Processing 0.305ms
[25.607s][debug][gc,age         ] GC(61) Desired survivor size 208666624 bytes, new threshold 15 (max threshold 15)
[25.607s][info ][gc,heap        ] GC(61) PSYoungGen: 1720032K(1881088K)->78912K(1866240K) Eden: 1650176K(1650176K)->0K(1650176K) From: 69856K(230912K)->78912K(216064K)
[25.607s][info ][gc,heap        ] GC(61) ParOldGen: 517964K(629248K)->517964K(629248K)
[25.608s][info ][gc,metaspace   ] GC(61) Metaspace: 67827K(68608K)->67827K(68608K) NonClass: 57963K(58368K)->57963K(58368K) Class: 9863K(10240K)->9863K(10240K)
[25.608s][info ][gc             ] GC(61) Pause Young (Allocation Failure) 2185M->582M(2437M) 24.110ms
[25.608s][info ][gc,cpu         ] GC(61) User=0.11s Sys=0.00s Real=0.03s
[25.608s][info ][safepoint      ] Safepoint "ParallelGCFailedAllocation", Time since last: 305350076 ns, Reaching safepoint: 120701 ns, At safepoint: 24219752 ns, Total: 24340453 ns
[25.903s][info ][gc,start       ] GC(62) Pause Young (Allocation Failure)
[25.929s][debug][gc,phases      ] GC(62) Scavenge 26.237ms
[25.929s][debug][gc,ref         ] GC(62) Skipped phase 1 of Reference Processing: no references
[25.929s][debug][gc,ref         ] GC(62) ReferenceProcessor::execute queues: 1, RefProcThreadModel::Single, marks_oops_alive: false
[25.929s][debug][gc,ref         ] GC(62) Skipped phase 3 of Reference Processing: no references
[25.929s][debug][gc,ref         ] GC(62) ReferenceProcessor::execute queues: 1, RefProcThreadModel::Single, marks_oops_alive: false
[25.929s][debug][gc,phases      ] GC(62) Reference Processing 0.104ms
[25.929s][debug][gc,phases      ] GC(62)   VM Weak                        Min:  0.0, Avg:  0.0, Max:  0.0, Diff:  0.0, Sum:  0.0, Workers: 4
[25.929s][debug][gc,phases      ] GC(62)     Dead                           Min: 0, Avg:  0.0, Max: 0, Diff: 0, Sum: 0, Workers: 4
[25.929s][debug][gc,phases      ] GC(62)     Total                          Min: 0, Avg: 147.5, Max: 590, Diff: 590, Sum: 590, Workers: 4
[25.929s][debug][gc,phases      ] GC(62)   ObjectSynchronizer Weak        Min:  0.0, Avg:  0.0, Max:  0.0, Diff:  0.0, Sum:  0.0, Workers: 4
[25.929s][debug][gc,phases      ] GC(62)     Dead                           Min: 0, Avg:  0.0, Max: 0, Diff: 0, Sum: 0, Workers: 4
[25.929s][debug][gc,phases      ] GC(62)     Total                          Min: 0, Avg: 83.0, Max: 332, Diff: 332, Sum: 332, Workers: 4
[25.929s][debug][gc,phases      ] GC(62)   JVMTI Tag Weak OopStorage      Min:  0.0, Avg:  0.0, Max:  0.0, Diff:  0.0, Sum:  0.0, Workers: 4
[25.929s][debug][gc,phases      ] GC(62)     Dead                           Min: 0, Avg:  0.0, Max: 0, Diff: 0, Sum: 0, Workers: 4
[25.929s][debug][gc,phases      ] GC(62)     Total                          Min: 0, Avg:  0.0, Max: 0, Diff: 0, Sum: 0, Workers: 4
[25.929s][debug][gc,phases      ] GC(62)   StringTable Weak               Min:  0.1, Avg:  0.1, Max:  0.1, Diff:  0.0, Sum:  0.3, Workers: 4
[25.929s][debug][gc,phases      ] GC(62)     Dead                           Min: 0, Avg:  0.0, Max: 0, Diff: 0, Sum: 0, Workers: 4
[25.929s][debug][gc,phases      ] GC(62)     Total                          Min: 7360, Avg: 10697.5, Max: 12288, Diff: 4928, Sum: 42790, Workers: 4
[25.929s][debug][gc,phases      ] GC(62)   ResolvedMethodTable Weak       Min:  0.0, Avg:  0.0, Max:  0.0, Diff:  0.0, Sum:  0.1, Workers: 4
[25.929s][debug][gc,phases      ] GC(62)     Dead                           Min: 0, Avg:  0.0, Max: 0, Diff: 0, Sum: 0, Workers: 4
[25.929s][debug][gc,phases      ] GC(62)     Total                          Min: 1344, Avg: 1735.8, Max: 2048, Diff: 704, Sum: 6943, Workers: 4
[25.929s][debug][gc,phases      ] GC(62)   JNI Weak                       Min:  0.0, Avg:  0.0, Max:  0.0, Diff:  0.0, Sum:  0.0, Workers: 4
[25.929s][debug][gc,phases      ] GC(62)     Dead                           Min: 0, Avg:  0.0, Max: 0, Diff: 0, Sum: 0, Workers: 4
[25.929s][debug][gc,phases      ] GC(62)     Total                          Min: 0, Avg:  1.5, Max: 6, Diff: 6, Sum: 6, Workers: 4
[25.929s][debug][gc,phases      ] GC(62)   StringDedup Table Weak         Min:  0.0, Avg:  0.0, Max:  0.0, Diff:  0.0, Sum:  0.0, Workers: 4
[25.929s][debug][gc,phases      ] GC(62)     Dead                           Min: 0, Avg:  0.0, Max: 0, Diff: 0, Sum: 0, Workers: 4
[25.929s][debug][gc,phases      ] GC(62)     Total                          Min: 0, Avg:  0.0, Max: 0, Diff: 0, Sum: 0, Workers: 4
[25.929s][debug][gc,phases      ] GC(62)   StringDedup Requests0 Weak     Min:  0.0, Avg:  0.0, Max:  0.0, Diff:  0.0, Sum:  0.0, Workers: 4
[25.929s][debug][gc,phases      ] GC(62)     Dead                           Min: 0, Avg:  0.0, Max: 0, Diff: 0, Sum: 0, Workers: 4
[25.929s][debug][gc,phases      ] GC(62)     Total                          Min: 0, Avg:  0.0, Max: 0, Diff: 0, Sum: 0, Workers: 4
[25.929s][debug][gc,phases      ] GC(62)   StringDedup Requests1 Weak     Min:  0.0, Avg:  0.0, Max:  0.0, Diff:  0.0, Sum:  0.0, Workers: 4
[25.929s][debug][gc,phases      ] GC(62)     Dead                           Min: 0, Avg:  0.0, Max: 0, Diff: 0, Sum: 0, Workers: 4
[25.929s][debug][gc,phases      ] GC(62)     Total                          Min: 0, Avg:  0.0, Max: 0, Diff: 0, Sum: 0, Workers: 4
[25.929s][debug][gc,phases      ] GC(62)   Weak JFR Old Object Samples    Min:  0.0, Avg:  0.0, Max:  0.0, Diff:  0.0, Sum:  0.0, Workers: 4
[25.929s][debug][gc,phases      ] GC(62)     Dead                           Min: 0, Avg:  0.0, Max: 0, Diff: 0, Sum: 0, Workers: 4
[25.929s][debug][gc,phases      ] GC(62)     Total                          Min: 0, Avg:  0.0, Max: 0, Diff: 0, Sum: 0, Workers: 4
[25.929s][debug][gc,phases      ] GC(62) Weak Processing 0.259ms
[25.929s][debug][gc,age         ] GC(62) Desired survivor size 199753728 bytes, new threshold 15 (max threshold 15)
[25.930s][info ][gc,heap        ] GC(62) PSYoungGen: 1729088K(1866240K)->86496K(1902080K) Eden: 1650176K(1650176K)->0K(1698304K) From: 78912K(216064K)->86496K(203776K)
[25.930s][info ][gc,heap        ] GC(62) ParOldGen: 517964K(629248K)->517964K(629248K)
[25.930s][info ][gc,metaspace   ] GC(62) Metaspace: 67828K(68608K)->67828K(68608K) NonClass: 57965K(58368K)->57965K(58368K) Class: 9863K(10240K)->9863K(10240K)
[25.930s][info ][gc             ] GC(62) Pause Young (Allocation Failure) 2194M->590M(2472M) 26.723ms
[25.930s][info ][gc,cpu         ] GC(62) User=0.10s Sys=0.00s Real=0.03s
[25.930s][info ][safepoint      ] Safepoint "ParallelGCFailedAllocation", Time since last: 294187859 ns, Reaching safepoint: 990210 ns, At safepoint: 26836779 ns, Total: 27826989 ns
[26.265s][info ][gc,start       ] GC(63) Pause Young (Allocation Failure)
[26.293s][debug][gc,phases      ] GC(63) Scavenge 27.505ms
[26.293s][debug][gc,ref         ] GC(63) Skipped phase 1 of Reference Processing: no references
[26.293s][debug][gc,ref         ] GC(63) ReferenceProcessor::execute queues: 1, RefProcThreadModel::Single, marks_oops_alive: false
[26.293s][debug][gc,ref         ] GC(63) Skipped phase 3 of Reference Processing: no references
[26.293s][debug][gc,ref         ] GC(63) ReferenceProcessor::execute queues: 1, RefProcThreadModel::Single, marks_oops_alive: false
[26.293s][debug][gc,phases      ] GC(63) Reference Processing 0.108ms
[26.293s][debug][gc,phases      ] GC(63)   VM Weak                        Min:  0.0, Avg:  0.0, Max:  0.0, Diff:  0.0, Sum:  0.0, Workers: 4
[26.293s][debug][gc,phases      ] GC(63)     Dead                           Min: 0, Avg:  0.0, Max: 0, Diff: 0, Sum: 0, Workers: 4
[26.293s][debug][gc,phases      ] GC(63)     Total                          Min: 0, Avg: 147.5, Max: 590, Diff: 590, Sum: 590, Workers: 4
[26.293s][debug][gc,phases      ] GC(63)   ObjectSynchronizer Weak        Min:  0.0, Avg:  0.0, Max:  0.0, Diff:  0.0, Sum:  0.0, Workers: 4
[26.293s][debug][gc,phases      ] GC(63)     Dead                           Min: 0, Avg:  0.0, Max: 0, Diff: 0, Sum: 0, Workers: 4
[26.293s][debug][gc,phases      ] GC(63)     Total                          Min: 0, Avg: 83.0, Max: 320, Diff: 320, Sum: 332, Workers: 4
[26.293s][debug][gc,phases      ] GC(63)   JVMTI Tag Weak OopStorage      Min:  0.0, Avg:  0.0, Max:  0.0, Diff:  0.0, Sum:  0.0, Workers: 4
[26.293s][debug][gc,phases      ] GC(63)     Dead                           Min: 0, Avg:  0.0, Max: 0, Diff: 0, Sum: 0, Workers: 4
[26.293s][debug][gc,phases      ] GC(63)     Total                          Min: 0, Avg:  0.0, Max: 0, Diff: 0, Sum: 0, Workers: 4
[26.293s][debug][gc,phases      ] GC(63)   StringTable Weak               Min:  0.1, Avg:  0.1, Max:  0.1, Diff:  0.0, Sum:  0.3, Workers: 4
[26.293s][debug][gc,phases      ] GC(63)     Dead                           Min: 0, Avg:  2.8, Max: 11, Diff: 11, Sum: 11, Workers: 4
[26.293s][debug][gc,phases      ] GC(63)     Total                          Min: 8064, Avg: 10697.5, Max: 13237, Diff: 5173, Sum: 42790, Workers: 4
[26.293s][debug][gc,phases      ] GC(63)   ResolvedMethodTable Weak       Min:  0.0, Avg:  0.0, Max:  0.0, Diff:  0.0, Sum:  0.1, Workers: 4
[26.293s][debug][gc,phases      ] GC(63)     Dead                           Min: 0, Avg:  0.0, Max: 0, Diff: 0, Sum: 0, Workers: 4
[26.293s][debug][gc,phases      ] GC(63)     Total                          Min: 1408, Avg: 1735.8, Max: 2047, Diff: 639, Sum: 6943, Workers: 4
[26.293s][debug][gc,phases      ] GC(63)   JNI Weak                       Min:  0.0, Avg:  0.0, Max:  0.0, Diff:  0.0, Sum:  0.0, Workers: 4
[26.293s][debug][gc,phases      ] GC(63)     Dead                           Min: 0, Avg:  0.0, Max: 0, Diff: 0, Sum: 0, Workers: 4
[26.293s][debug][gc,phases      ] GC(63)     Total                          Min: 0, Avg:  2.8, Max: 11, Diff: 11, Sum: 11, Workers: 4
[26.293s][debug][gc,phases      ] GC(63)   StringDedup Table Weak         Min:  0.0, Avg:  0.0, Max:  0.0, Diff:  0.0, Sum:  0.0, Workers: 4
[26.293s][debug][gc,phases      ] GC(63)     Dead                           Min: 0, Avg:  0.0, Max: 0, Diff: 0, Sum: 0, Workers: 4
[26.293s][debug][gc,phases      ] GC(63)     Total                          Min: 0, Avg:  0.0, Max: 0, Diff: 0, Sum: 0, Workers: 4
[26.293s][debug][gc,phases      ] GC(63)   StringDedup Requests0 Weak     Min:  0.0, Avg:  0.0, Max:  0.0, Diff:  0.0, Sum:  0.0, Workers: 4
[26.293s][debug][gc,phases      ] GC(63)     Dead                           Min: 0, Avg:  0.0, Max: 0, Diff: 0, Sum: 0, Workers: 4
[26.293s][debug][gc,phases      ] GC(63)     Total                          Min: 0, Avg:  0.0, Max: 0, Diff: 0, Sum: 0, Workers: 4
[26.293s][debug][gc,phases      ] GC(63)   StringDedup Requests1 Weak     Min:  0.0, Avg:  0.0, Max:  0.0, Diff:  0.0, Sum:  0.0, Workers: 4
[26.293s][debug][gc,phases      ] GC(63)     Dead                           Min: 0, Avg:  0.0, Max: 0, Diff: 0, Sum: 0, Workers: 4
[26.293s][debug][gc,phases      ] GC(63)     Total                          Min: 0, Avg:  0.0, Max: 0, Diff: 0, Sum: 0, Workers: 4
[26.293s][debug][gc,phases      ] GC(63)   Weak JFR Old Object Samples    Min:  0.0, Avg:  0.0, Max:  0.0, Diff:  0.0, Sum:  0.0, Workers: 4
[26.293s][debug][gc,phases      ] GC(63)     Dead                           Min: 0, Avg:  0.0, Max: 0, Diff: 0, Sum: 0, Workers: 4
[26.293s][debug][gc,phases      ] GC(63)     Total                          Min: 0, Avg:  0.0, Max: 0, Diff: 0, Sum: 0, Workers: 4
[26.293s][debug][gc,phases      ] GC(63) Weak Processing 0.271ms
[26.293s][debug][gc,age         ] GC(63) Desired survivor size 196083712 bytes, new threshold 15 (max threshold 15)
[26.293s][info ][gc,heap        ] GC(63) PSYoungGen: 1784800K(1902080K)->97552K(1893376K) Eden: 1698304K(1698304K)->0K(1698304K) From: 86496K(203776K)->97552K(195072K)
[26.293s][info ][gc,heap        ] GC(63) ParOldGen: 517964K(629248K)->517964K(629248K)
[26.293s][info ][gc,metaspace   ] GC(63) Metaspace: 67841K(68672K)->67841K(68672K) NonClass: 57978K(58432K)->57978K(58432K) Class: 9863K(10240K)->9863K(10240K)
[26.293s][info ][gc             ] GC(63) Pause Young (Allocation Failure) 2248M->601M(2463M) 28.009ms
[26.293s][info ][gc,cpu         ] GC(63) User=0.14s Sys=0.00s Real=0.03s
[26.293s][info ][safepoint      ] Safepoint "ParallelGCFailedAllocation", Time since last: 335492888 ns, Reaching safepoint: 136801 ns, At safepoint: 28105192 ns, Total: 28241993 ns
[26.600s][info ][gc,start       ] GC(64) Pause Young (Allocation Failure)
[26.639s][debug][gc,phases      ] GC(64) Scavenge 39.122ms
[26.639s][debug][gc,ref         ] GC(64) Skipped phase 1 of Reference Processing: no references
[26.639s][debug][gc,ref         ] GC(64) ReferenceProcessor::execute queues: 1, RefProcThreadModel::Single, marks_oops_alive: false
[26.639s][debug][gc,ref         ] GC(64) Skipped phase 3 of Reference Processing: no references
[26.639s][debug][gc,ref         ] GC(64) ReferenceProcessor::execute queues: 1, RefProcThreadModel::Single, marks_oops_alive: false
[26.639s][debug][gc,phases      ] GC(64) Reference Processing 0.111ms
[26.640s][debug][gc,phases      ] GC(64)   VM Weak                        Min:  0.0, Avg:  0.0, Max:  0.0, Diff:  0.0, Sum:  0.0, Workers: 4
[26.640s][debug][gc,phases      ] GC(64)     Dead                           Min: 0, Avg:  0.0, Max: 0, Diff: 0, Sum: 0, Workers: 4
[26.640s][debug][gc,phases      ] GC(64)     Total                          Min: 0, Avg: 147.5, Max: 512, Diff: 512, Sum: 590, Workers: 4
[26.640s][debug][gc,phases      ] GC(64)   ObjectSynchronizer Weak        Min:  0.0, Avg:  0.0, Max:  0.0, Diff:  0.0, Sum:  0.0, Workers: 4
[26.640s][debug][gc,phases      ] GC(64)     Dead                           Min: 0, Avg:  0.0, Max: 0, Diff: 0, Sum: 0, Workers: 4
[26.640s][debug][gc,phases      ] GC(64)     Total                          Min: 0, Avg: 83.0, Max: 128, Diff: 128, Sum: 332, Workers: 4
[26.640s][debug][gc,phases      ] GC(64)   JVMTI Tag Weak OopStorage      Min:  0.0, Avg:  0.0, Max:  0.0, Diff:  0.0, Sum:  0.0, Workers: 4
[26.640s][debug][gc,phases      ] GC(64)     Dead                           Min: 0, Avg:  0.0, Max: 0, Diff: 0, Sum: 0, Workers: 4
[26.640s][debug][gc,phases      ] GC(64)     Total                          Min: 0, Avg:  0.0, Max: 0, Diff: 0, Sum: 0, Workers: 4
[26.640s][debug][gc,phases      ] GC(64)   StringTable Weak               Min:  0.1, Avg:  0.1, Max:  0.1, Diff:  0.0, Sum:  0.4, Workers: 4
[26.640s][debug][gc,phases      ] GC(64)     Dead                           Min: 0, Avg:  2.8, Max: 11, Diff: 11, Sum: 11, Workers: 4
[26.640s][debug][gc,phases      ] GC(64)     Total                          Min: 9216, Avg: 10699.8, Max: 14202, Diff: 4986, Sum: 42799, Workers: 4
[26.640s][debug][gc,phases      ] GC(64)   ResolvedMethodTable Weak       Min:  0.0, Avg:  0.0, Max:  0.0, Diff:  0.0, Sum:  0.1, Workers: 4
[26.640s][debug][gc,phases      ] GC(64)     Dead                           Min: 0, Avg:  0.0, Max: 0, Diff: 0, Sum: 0, Workers: 4
[26.640s][debug][gc,phases      ] GC(64)     Total                          Min: 1472, Avg: 1735.8, Max: 2208, Diff: 736, Sum: 6943, Workers: 4
[26.640s][debug][gc,phases      ] GC(64)   JNI Weak                       Min:  0.0, Avg:  0.0, Max:  0.0, Diff:  0.0, Sum:  0.0, Workers: 4
[26.640s][debug][gc,phases      ] GC(64)     Dead                           Min: 0, Avg:  0.0, Max: 0, Diff: 0, Sum: 0, Workers: 4
[26.640s][debug][gc,phases      ] GC(64)     Total                          Min: 0, Avg:  0.8, Max: 3, Diff: 3, Sum: 3, Workers: 4
[26.640s][debug][gc,phases      ] GC(64)   StringDedup Table Weak         Min:  0.0, Avg:  0.0, Max:  0.0, Diff:  0.0, Sum:  0.0, Workers: 4
[26.640s][debug][gc,phases      ] GC(64)     Dead                           Min: 0, Avg:  0.0, Max: 0, Diff: 0, Sum: 0, Workers: 4
[26.640s][debug][gc,phases      ] GC(64)     Total                          Min: 0, Avg:  0.0, Max: 0, Diff: 0, Sum: 0, Workers: 4
[26.640s][debug][gc,phases      ] GC(64)   StringDedup Requests0 Weak     Min:  0.0, Avg:  0.0, Max:  0.0, Diff:  0.0, Sum:  0.0, Workers: 4
[26.640s][debug][gc,phases      ] GC(64)     Dead                           Min: 0, Avg:  0.0, Max: 0, Diff: 0, Sum: 0, Workers: 4
[26.640s][debug][gc,phases      ] GC(64)     Total                          Min: 0, Avg:  0.0, Max: 0, Diff: 0, Sum: 0, Workers: 4
[26.640s][debug][gc,phases      ] GC(64)   StringDedup Requests1 Weak     Min:  0.0, Avg:  0.0, Max:  0.0, Diff:  0.0, Sum:  0.0, Workers: 4
[26.640s][debug][gc,phases      ] GC(64)     Dead                           Min: 0, Avg:  0.0, Max: 0, Diff: 0, Sum: 0, Workers: 4
[26.640s][debug][gc,phases      ] GC(64)     Total                          Min: 0, Avg:  0.0, Max: 0, Diff: 0, Sum: 0, Workers: 4
[26.640s][debug][gc,phases      ] GC(64)   Weak JFR Old Object Samples    Min:  0.0, Avg:  0.0, Max:  0.0, Diff:  0.0, Sum:  0.0, Workers: 4
[26.640s][debug][gc,phases      ] GC(64)     Dead                           Min: 0, Avg:  0.0, Max: 0, Diff: 0, Sum: 0, Workers: 4
[26.640s][debug][gc,phases      ] GC(64)     Total                          Min: 0, Avg:  0.0, Max: 0, Diff: 0, Sum: 0, Workers: 4
[26.640s][debug][gc,phases      ] GC(64) Weak Processing 0.279ms
[26.640s][debug][gc,age         ] GC(64) Desired survivor size 195035136 bytes, new threshold 15 (max threshold 15)
[26.640s][info ][gc,heap        ] GC(64) PSYoungGen: 1795856K(1893376K)->106336K(1906688K) Eden: 1698304K(1698304K)->0K(1715200K) From: 97552K(195072K)->106336K(191488K)
[26.640s][info ][gc,heap        ] GC(64) ParOldGen: 517964K(629248K)->517972K(629248K)
[26.640s][info ][gc,metaspace   ] GC(64) Metaspace: 67874K(68672K)->67874K(68672K) NonClass: 58011K(58432K)->58011K(58432K) Class: 9863K(10240K)->9863K(10240K)
[26.640s][info ][gc             ] GC(64) Pause Young (Allocation Failure) 2259M->609M(2476M) 39.626ms
[26.640s][info ][gc,cpu         ] GC(64) User=0.13s Sys=0.01s Real=0.04s
[26.640s][info ][safepoint      ] Safepoint "ParallelGCFailedAllocation", Time since last: 306549287 ns, Reaching safepoint: 128901 ns, At safepoint: 39728713 ns, Total: 39857614 ns
[26.943s][info ][gc,start       ] GC(65) Pause Young (Allocation Failure)
[26.978s][debug][gc,phases      ] GC(65) Scavenge 35.070ms
[26.978s][debug][gc,ref         ] GC(65) Skipped phase 1 of Reference Processing: no references
[26.978s][debug][gc,ref         ] GC(65) ReferenceProcessor::execute queues: 1, RefProcThreadModel::Single, marks_oops_alive: false
[26.978s][debug][gc,ref         ] GC(65) Skipped phase 3 of Reference Processing: no references
[26.978s][debug][gc,ref         ] GC(65) ReferenceProcessor::execute queues: 1, RefProcThreadModel::Single, marks_oops_alive: false
[26.978s][debug][gc,phases      ] GC(65) Reference Processing 0.156ms
[26.978s][debug][gc,phases      ] GC(65)   VM Weak                        Min:  0.0, Avg:  0.0, Max:  0.0, Diff:  0.0, Sum:  0.0, Workers: 4
[26.978s][debug][gc,phases      ] GC(65)     Dead                           Min: 0, Avg:  0.0, Max: 0, Diff: 0, Sum: 0, Workers: 4
[26.978s][debug][gc,phases      ] GC(65)     Total                          Min: 0, Avg: 147.5, Max: 590, Diff: 590, Sum: 590, Workers: 4
[26.978s][debug][gc,phases      ] GC(65)   ObjectSynchronizer Weak        Min:  0.0, Avg:  0.0, Max:  0.0, Diff:  0.0, Sum:  0.0, Workers: 4
[26.978s][debug][gc,phases      ] GC(65)     Dead                           Min: 0, Avg:  0.0, Max: 0, Diff: 0, Sum: 0, Workers: 4
[26.978s][debug][gc,phases      ] GC(65)     Total                          Min: 0, Avg: 83.0, Max: 192, Diff: 192, Sum: 332, Workers: 4
[26.978s][debug][gc,phases      ] GC(65)   JVMTI Tag Weak OopStorage      Min:  0.0, Avg:  0.0, Max:  0.0, Diff:  0.0, Sum:  0.0, Workers: 4
[26.978s][debug][gc,phases      ] GC(65)     Dead                           Min: 0, Avg:  0.0, Max: 0, Diff: 0, Sum: 0, Workers: 4
[26.978s][debug][gc,phases      ] GC(65)     Total                          Min: 0, Avg:  0.0, Max: 0, Diff: 0, Sum: 0, Workers: 4
[26.978s][debug][gc,phases      ] GC(65)   StringTable Weak               Min:  0.1, Avg:  0.1, Max:  0.1, Diff:  0.0, Sum:  0.4, Workers: 4
[26.978s][debug][gc,phases      ] GC(65)     Dead                           Min: 0, Avg:  0.0, Max: 0, Diff: 0, Sum: 0, Workers: 4
[26.978s][debug][gc,phases      ] GC(65)     Total                          Min: 9408, Avg: 10708.8, Max: 12096, Diff: 2688, Sum: 42835, Workers: 4
[26.978s][debug][gc,phases      ] GC(65)   ResolvedMethodTable Weak       Min:  0.0, Avg:  0.0, Max:  0.0, Diff:  0.0, Sum:  0.1, Workers: 4
[26.978s][debug][gc,phases      ] GC(65)     Dead                           Min: 0, Avg:  0.0, Max: 0, Diff: 0, Sum: 0, Workers: 4
[26.978s][debug][gc,phases      ] GC(65)     Total                          Min: 1663, Avg: 1735.8, Max: 1792, Diff: 129, Sum: 6943, Workers: 4
[26.978s][debug][gc,phases      ] GC(65)   JNI Weak                       Min:  0.0, Avg:  0.0, Max:  0.0, Diff:  0.0, Sum:  0.0, Workers: 4
[26.978s][debug][gc,phases      ] GC(65)     Dead                           Min: 0, Avg:  0.0, Max: 0, Diff: 0, Sum: 0, Workers: 4
[26.978s][debug][gc,phases      ] GC(65)     Total                          Min: 0, Avg:  0.8, Max: 3, Diff: 3, Sum: 3, Workers: 4
[26.978s][debug][gc,phases      ] GC(65)   StringDedup Table Weak         Min:  0.0, Avg:  0.0, Max:  0.0, Diff:  0.0, Sum:  0.0, Workers: 4
[26.978s][debug][gc,phases      ] GC(65)     Dead                           Min: 0, Avg:  0.0, Max: 0, Diff: 0, Sum: 0, Workers: 4
[26.978s][debug][gc,phases      ] GC(65)     Total                          Min: 0, Avg:  0.0, Max: 0, Diff: 0, Sum: 0, Workers: 4
[26.978s][debug][gc,phases      ] GC(65)   StringDedup Requests0 Weak     Min:  0.0, Avg:  0.0, Max:  0.0, Diff:  0.0, Sum:  0.0, Workers: 4
[26.978s][debug][gc,phases      ] GC(65)     Dead                           Min: 0, Avg:  0.0, Max: 0, Diff: 0, Sum: 0, Workers: 4
[26.978s][debug][gc,phases      ] GC(65)     Total                          Min: 0, Avg:  0.0, Max: 0, Diff: 0, Sum: 0, Workers: 4
[26.978s][debug][gc,phases      ] GC(65)   StringDedup Requests1 Weak     Min:  0.0, Avg:  0.0, Max:  0.0, Diff:  0.0, Sum:  0.0, Workers: 4
[26.978s][debug][gc,phases      ] GC(65)     Dead                           Min: 0, Avg:  0.0, Max: 0, Diff: 0, Sum: 0, Workers: 4
[26.978s][debug][gc,phases      ] GC(65)     Total                          Min: 0, Avg:  0.0, Max: 0, Diff: 0, Sum: 0, Workers: 4
[26.978s][debug][gc,phases      ] GC(65)   Weak JFR Old Object Samples    Min:  0.0, Avg:  0.0, Max:  0.0, Diff:  0.0, Sum:  0.0, Workers: 4
[26.978s][debug][gc,phases      ] GC(65)     Dead                           Min: 0, Avg:  0.0, Max: 0, Diff: 0, Sum: 0, Workers: 4
[26.979s][debug][gc,phases      ] GC(65)     Total                          Min: 0, Avg:  0.0, Max: 0, Diff: 0, Sum: 0, Workers: 4
[26.979s][debug][gc,phases      ] GC(65) Weak Processing 0.402ms
[26.979s][debug][gc,age         ] GC(65) Desired survivor size 195559424 bytes, new threshold 15 (max threshold 15)
[26.979s][info ][gc,heap        ] GC(65) PSYoungGen: 1821536K(1906688K)->111808K(1905664K) Eden: 1715200K(1715200K)->0K(1715200K) From: 106336K(191488K)->111808K(190464K)
[26.979s][info ][gc,heap        ] GC(65) ParOldGen: 517972K(629248K)->521144K(629248K)
[26.979s][info ][gc,metaspace   ] GC(65) Metaspace: 68038K(68800K)->68038K(68800K) NonClass: 58161K(58560K)->58161K(58560K) Class: 9877K(10240K)->9877K(10240K)
[26.979s][info ][gc             ] GC(65) Pause Young (Allocation Failure) 2284M->618M(2475M) 35.780ms
[26.979s][info ][gc,cpu         ] GC(65) User=0.13s Sys=0.00s Real=0.03s
[26.979s][info ][safepoint      ] Safepoint "ParallelGCFailedAllocation", Time since last: 302886449 ns, Reaching safepoint: 130201 ns, At safepoint: 35888873 ns, Total: 36019074 ns
[27.342s][info ][gc,start       ] GC(66) Pause Young (Allocation Failure)
[27.397s][debug][gc,phases      ] GC(66) Scavenge 54.354ms
[27.397s][debug][gc,ref         ] GC(66) Skipped phase 1 of Reference Processing: no references
[27.397s][debug][gc,ref         ] GC(66) ReferenceProcessor::execute queues: 1, RefProcThreadModel::Single, marks_oops_alive: false
[27.397s][debug][gc,ref         ] GC(66) Skipped phase 3 of Reference Processing: no references
[27.397s][debug][gc,ref         ] GC(66) ReferenceProcessor::execute queues: 1, RefProcThreadModel::Single, marks_oops_alive: false
[27.397s][debug][gc,phases      ] GC(66) Reference Processing 0.106ms
[27.397s][debug][gc,phases      ] GC(66)   VM Weak                        Min:  0.0, Avg:  0.0, Max:  0.0, Diff:  0.0, Sum:  0.0, Workers: 4
[27.397s][debug][gc,phases      ] GC(66)     Dead                           Min: 0, Avg:  0.0, Max: 0, Diff: 0, Sum: 0, Workers: 4
[27.397s][debug][gc,phases      ] GC(66)     Total                          Min: 0, Avg: 147.5, Max: 384, Diff: 384, Sum: 590, Workers: 4
[27.397s][debug][gc,phases      ] GC(66)   ObjectSynchronizer Weak        Min:  0.0, Avg:  0.0, Max:  0.0, Diff:  0.0, Sum:  0.0, Workers: 4
[27.397s][debug][gc,phases      ] GC(66)     Dead                           Min: 0, Avg:  0.0, Max: 0, Diff: 0, Sum: 0, Workers: 4
[27.397s][debug][gc,phases      ] GC(66)     Total                          Min: 0, Avg: 83.0, Max: 192, Diff: 192, Sum: 332, Workers: 4
[27.397s][debug][gc,phases      ] GC(66)   JVMTI Tag Weak OopStorage      Min:  0.0, Avg:  0.0, Max:  0.0, Diff:  0.0, Sum:  0.0, Workers: 4
[27.397s][debug][gc,phases      ] GC(66)     Dead                           Min: 0, Avg:  0.0, Max: 0, Diff: 0, Sum: 0, Workers: 4
[27.397s][debug][gc,phases      ] GC(66)     Total                          Min: 0, Avg:  0.0, Max: 0, Diff: 0, Sum: 0, Workers: 4
[27.397s][debug][gc,phases      ] GC(66)   StringTable Weak               Min:  0.1, Avg:  0.1, Max:  0.1, Diff:  0.0, Sum:  0.4, Workers: 4
[27.397s][debug][gc,phases      ] GC(66)     Dead                           Min: 0, Avg:  2.8, Max: 11, Diff: 11, Sum: 11, Workers: 4
[27.397s][debug][gc,phases      ] GC(66)     Total                          Min: 10368, Avg: 10709.8, Max: 11106, Diff: 738, Sum: 42839, Workers: 4
[27.397s][debug][gc,phases      ] GC(66)   ResolvedMethodTable Weak       Min:  0.0, Avg:  0.0, Max:  0.0, Diff:  0.0, Sum:  0.1, Workers: 4
[27.397s][debug][gc,phases      ] GC(66)     Dead                           Min: 0, Avg:  0.0, Max: 0, Diff: 0, Sum: 0, Workers: 4
[27.397s][debug][gc,phases      ] GC(66)     Total                          Min: 1535, Avg: 1735.8, Max: 1824, Diff: 289, Sum: 6943, Workers: 4
[27.397s][debug][gc,phases      ] GC(66)   JNI Weak                       Min:  0.0, Avg:  0.0, Max:  0.0, Diff:  0.0, Sum:  0.0, Workers: 4
[27.397s][debug][gc,phases      ] GC(66)     Dead                           Min: 0, Avg:  0.0, Max: 0, Diff: 0, Sum: 0, Workers: 4
[27.397s][debug][gc,phases      ] GC(66)     Total                          Min: 0, Avg:  0.0, Max: 0, Diff: 0, Sum: 0, Workers: 4
[27.397s][debug][gc,phases      ] GC(66)   StringDedup Table Weak         Min:  0.0, Avg:  0.0, Max:  0.0, Diff:  0.0, Sum:  0.0, Workers: 4
[27.397s][debug][gc,phases      ] GC(66)     Dead                           Min: 0, Avg:  0.0, Max: 0, Diff: 0, Sum: 0, Workers: 4
[27.397s][debug][gc,phases      ] GC(66)     Total                          Min: 0, Avg:  0.0, Max: 0, Diff: 0, Sum: 0, Workers: 4
[27.397s][debug][gc,phases      ] GC(66)   StringDedup Requests0 Weak     Min:  0.0, Avg:  0.0, Max:  0.0, Diff:  0.0, Sum:  0.0, Workers: 4
[27.397s][debug][gc,phases      ] GC(66)     Dead                           Min: 0, Avg:  0.0, Max: 0, Diff: 0, Sum: 0, Workers: 4
[27.397s][debug][gc,phases      ] GC(66)     Total                          Min: 0, Avg:  0.0, Max: 0, Diff: 0, Sum: 0, Workers: 4
[27.397s][debug][gc,phases      ] GC(66)   StringDedup Requests1 Weak     Min:  0.0, Avg:  0.0, Max:  0.0, Diff:  0.0, Sum:  0.0, Workers: 4
[27.397s][debug][gc,phases      ] GC(66)     Dead                           Min: 0, Avg:  0.0, Max: 0, Diff: 0, Sum: 0, Workers: 4
[27.397s][debug][gc,phases      ] GC(66)     Total                          Min: 0, Avg:  0.0, Max: 0, Diff: 0, Sum: 0, Workers: 4
[27.397s][debug][gc,phases      ] GC(66)   Weak JFR Old Object Samples    Min:  0.0, Avg:  0.0, Max:  0.0, Diff:  0.0, Sum:  0.0, Workers: 4
[27.397s][debug][gc,phases      ] GC(66)     Dead                           Min: 0, Avg:  0.0, Max: 0, Diff: 0, Sum: 0, Workers: 4
[27.397s][debug][gc,phases      ] GC(66)     Total                          Min: 0, Avg:  0.0, Max: 0, Diff: 0, Sum: 0, Workers: 4
[27.397s][debug][gc,phases      ] GC(66) Weak Processing 0.280ms
[27.397s][debug][gc,age         ] GC(66) Desired survivor size 197656576 bytes, new threshold 15 (max threshold 15)
[27.397s][info ][gc,heap        ] GC(66) PSYoungGen: 1827008K(1905664K)->118544K(1902080K) Eden: 1715200K(1715200K)->0K(1711104K) From: 111808K(190464K)->118544K(190976K)
[27.397s][info ][gc,heap        ] GC(66) ParOldGen: 521144K(629248K)->527688K(629248K)
[27.397s][info ][gc,metaspace   ] GC(66) Metaspace: 68051K(68800K)->68051K(68800K) NonClass: 58173K(58560K)->58173K(58560K) Class: 9877K(10240K)->9877K(10240K)
[27.397s][info ][gc             ] GC(66) Pause Young (Allocation Failure) 2293M->631M(2472M) 54.864ms
[27.397s][info ][gc,cpu         ] GC(66) User=0.19s Sys=0.00s Real=0.05s
[27.397s][info ][safepoint      ] Safepoint "ParallelGCFailedAllocation", Time since last: 362990472 ns, Reaching safepoint: 622207 ns, At safepoint: 54977071 ns, Total: 55599278 ns
[27.704s][info ][gc,start       ] GC(67) Pause Young (Allocation Failure)
[27.740s][debug][gc,phases      ] GC(67) Scavenge 35.077ms
[27.740s][debug][gc,ref         ] GC(67) Skipped phase 1 of Reference Processing: no references
[27.740s][debug][gc,ref         ] GC(67) ReferenceProcessor::execute queues: 1, RefProcThreadModel::Single, marks_oops_alive: false
[27.740s][debug][gc,ref         ] GC(67) Skipped phase 3 of Reference Processing: no references
[27.740s][debug][gc,ref         ] GC(67) ReferenceProcessor::execute queues: 1, RefProcThreadModel::Single, marks_oops_alive: false
[27.740s][debug][gc,phases      ] GC(67) Reference Processing 0.108ms
[27.740s][debug][gc,phases      ] GC(67)   VM Weak                        Min:  0.0, Avg:  0.0, Max:  0.0, Diff:  0.0, Sum:  0.0, Workers: 4
[27.740s][debug][gc,phases      ] GC(67)     Dead                           Min: 0, Avg:  0.0, Max: 0, Diff: 0, Sum: 0, Workers: 4
[27.740s][debug][gc,phases      ] GC(67)     Total                          Min: 0, Avg: 147.5, Max: 512, Diff: 512, Sum: 590, Workers: 4
[27.740s][debug][gc,phases      ] GC(67)   ObjectSynchronizer Weak        Min:  0.0, Avg:  0.0, Max:  0.0, Diff:  0.0, Sum:  0.0, Workers: 4
[27.740s][debug][gc,phases      ] GC(67)     Dead                           Min: 0, Avg:  0.0, Max: 0, Diff: 0, Sum: 0, Workers: 4
[27.740s][debug][gc,phases      ] GC(67)     Total                          Min: 0, Avg: 83.0, Max: 140, Diff: 140, Sum: 332, Workers: 4
[27.740s][debug][gc,phases      ] GC(67)   JVMTI Tag Weak OopStorage      Min:  0.0, Avg:  0.0, Max:  0.0, Diff:  0.0, Sum:  0.0, Workers: 4
[27.740s][debug][gc,phases      ] GC(67)     Dead                           Min: 0, Avg:  0.0, Max: 0, Diff: 0, Sum: 0, Workers: 4
[27.740s][debug][gc,phases      ] GC(67)     Total                          Min: 0, Avg:  0.0, Max: 0, Diff: 0, Sum: 0, Workers: 4
[27.740s][debug][gc,phases      ] GC(67)   StringTable Weak               Min:  0.1, Avg:  0.1, Max:  0.1, Diff:  0.0, Sum:  0.4, Workers: 4
[27.740s][debug][gc,phases      ] GC(67)     Dead                           Min: 0, Avg:  2.8, Max: 11, Diff: 11, Sum: 11, Workers: 4
[27.740s][debug][gc,phases      ] GC(67)     Total                          Min: 10176, Avg: 10715.8, Max: 11183, Diff: 1007, Sum: 42863, Workers: 4
[27.740s][debug][gc,phases      ] GC(67)   ResolvedMethodTable Weak       Min:  0.0, Avg:  0.0, Max:  0.0, Diff:  0.0, Sum:  0.1, Workers: 4
[27.740s][debug][gc,phases      ] GC(67)     Dead                           Min: 0, Avg:  0.0, Max: 0, Diff: 0, Sum: 0, Workers: 4
[27.740s][debug][gc,phases      ] GC(67)     Total                          Min: 1600, Avg: 1737.5, Max: 1831, Diff: 231, Sum: 6950, Workers: 4
[27.740s][debug][gc,phases      ] GC(67)   JNI Weak                       Min:  0.0, Avg:  0.0, Max:  0.0, Diff:  0.0, Sum:  0.0, Workers: 4
[27.740s][debug][gc,phases      ] GC(67)     Dead                           Min: 0, Avg:  0.0, Max: 0, Diff: 0, Sum: 0, Workers: 4
[27.740s][debug][gc,phases      ] GC(67)     Total                          Min: 0, Avg:  4.5, Max: 18, Diff: 18, Sum: 18, Workers: 4
[27.740s][debug][gc,phases      ] GC(67)   StringDedup Table Weak         Min:  0.0, Avg:  0.0, Max:  0.0, Diff:  0.0, Sum:  0.0, Workers: 4
[27.740s][debug][gc,phases      ] GC(67)     Dead                           Min: 0, Avg:  0.0, Max: 0, Diff: 0, Sum: 0, Workers: 4
[27.740s][debug][gc,phases      ] GC(67)     Total                          Min: 0, Avg:  0.0, Max: 0, Diff: 0, Sum: 0, Workers: 4
[27.740s][debug][gc,phases      ] GC(67)   StringDedup Requests0 Weak     Min:  0.0, Avg:  0.0, Max:  0.0, Diff:  0.0, Sum:  0.0, Workers: 4
[27.740s][debug][gc,phases      ] GC(67)     Dead                           Min: 0, Avg:  0.0, Max: 0, Diff: 0, Sum: 0, Workers: 4
[27.740s][debug][gc,phases      ] GC(67)     Total                          Min: 0, Avg:  0.0, Max: 0, Diff: 0, Sum: 0, Workers: 4
[27.740s][debug][gc,phases      ] GC(67)   StringDedup Requests1 Weak     Min:  0.0, Avg:  0.0, Max:  0.0, Diff:  0.0, Sum:  0.0, Workers: 4
[27.740s][debug][gc,phases      ] GC(67)     Dead                           Min: 0, Avg:  0.0, Max: 0, Diff: 0, Sum: 0, Workers: 4
[27.740s][debug][gc,phases      ] GC(67)     Total                          Min: 0, Avg:  0.0, Max: 0, Diff: 0, Sum: 0, Workers: 4
[27.740s][debug][gc,phases      ] GC(67)   Weak JFR Old Object Samples    Min:  0.0, Avg:  0.0, Max:  0.0, Diff:  0.0, Sum:  0.0, Workers: 4
[27.740s][debug][gc,phases      ] GC(67)     Dead                           Min: 0, Avg:  0.0, Max: 0, Diff: 0, Sum: 0, Workers: 4
[27.740s][debug][gc,phases      ] GC(67)     Total                          Min: 0, Avg:  0.0, Max: 0, Diff: 0, Sum: 0, Workers: 4
[27.740s][debug][gc,phases      ] GC(67) Weak Processing 0.286ms
[27.740s][debug][gc,age         ] GC(67) Desired survivor size 193462272 bytes, new threshold 15 (max threshold 15)
[27.740s][info ][gc,heap        ] GC(67) PSYoungGen: 1829648K(1902080K)->104320K(1904128K) Eden: 1711104K(1711104K)->0K(1711104K) From: 118544K(190976K)->104320K(193024K)
[27.740s][info ][gc,heap        ] GC(67) ParOldGen: 527688K(629248K)->535656K(629248K)
[27.740s][info ][gc,metaspace   ] GC(67) Metaspace: 68087K(68864K)->68087K(68864K) NonClass: 58207K(58624K)->58207K(58624K) Class: 9880K(10240K)->9880K(10240K)
[27.740s][info ][gc             ] GC(67) Pause Young (Allocation Failure) 2302M->624M(2474M) 35.590ms
[27.740s][info ][gc,cpu         ] GC(67) User=0.16s Sys=0.00s Real=0.04s
[27.740s][info ][safepoint      ] Safepoint "ParallelGCFailedAllocation", Time since last: 306995490 ns, Reaching safepoint: 129602 ns, At safepoint: 35693671 ns, Total: 35823273 ns
[28.044s][info ][gc,start       ] GC(68) Pause Young (Allocation Failure)
[28.080s][debug][gc,phases      ] GC(68) Scavenge 35.526ms
[28.080s][debug][gc,ref         ] GC(68) Skipped phase 1 of Reference Processing: no references
[28.080s][debug][gc,ref         ] GC(68) ReferenceProcessor::execute queues: 1, RefProcThreadModel::Single, marks_oops_alive: false
[28.080s][debug][gc,ref         ] GC(68) Skipped phase 3 of Reference Processing: no references
[28.080s][debug][gc,ref         ] GC(68) ReferenceProcessor::execute queues: 1, RefProcThreadModel::Single, marks_oops_alive: false
[28.080s][debug][gc,phases      ] GC(68) Reference Processing 0.139ms
[28.080s][debug][gc,phases      ] GC(68)   VM Weak                        Min:  0.0, Avg:  0.0, Max:  0.0, Diff:  0.0, Sum:  0.0, Workers: 4
[28.080s][debug][gc,phases      ] GC(68)     Dead                           Min: 0, Avg:  0.0, Max: 0, Diff: 0, Sum: 0, Workers: 4
[28.080s][debug][gc,phases      ] GC(68)     Total                          Min: 0, Avg: 148.5, Max: 384, Diff: 384, Sum: 594, Workers: 4
[28.080s][debug][gc,phases      ] GC(68)   ObjectSynchronizer Weak        Min:  0.0, Avg:  0.0, Max:  0.0, Diff:  0.0, Sum:  0.0, Workers: 4
[28.080s][debug][gc,phases      ] GC(68)     Dead                           Min: 0, Avg:  0.0, Max: 0, Diff: 0, Sum: 0, Workers: 4
[28.080s][debug][gc,phases      ] GC(68)     Total                          Min: 0, Avg: 83.0, Max: 192, Diff: 192, Sum: 332, Workers: 4
[28.080s][debug][gc,phases      ] GC(68)   JVMTI Tag Weak OopStorage      Min:  0.0, Avg:  0.0, Max:  0.0, Diff:  0.0, Sum:  0.0, Workers: 4
[28.080s][debug][gc,phases      ] GC(68)     Dead                           Min: 0, Avg:  0.0, Max: 0, Diff: 0, Sum: 0, Workers: 4
[28.080s][debug][gc,phases      ] GC(68)     Total                          Min: 0, Avg:  0.0, Max: 0, Diff: 0, Sum: 0, Workers: 4
[28.080s][debug][gc,phases      ] GC(68)   StringTable Weak               Min:  0.1, Avg:  0.1, Max:  0.1, Diff:  0.0, Sum:  0.4, Workers: 4
[28.080s][debug][gc,phases      ] GC(68)     Dead                           Min: 0, Avg:  2.8, Max: 11, Diff: 11, Sum: 11, Workers: 4
[28.080s][debug][gc,phases      ] GC(68)     Total                          Min: 9344, Avg: 10765.8, Max: 11392, Diff: 2048, Sum: 43063, Workers: 4
[28.080s][debug][gc,phases      ] GC(68)   ResolvedMethodTable Weak       Min:  0.0, Avg:  0.0, Max:  0.0, Diff:  0.0, Sum:  0.1, Workers: 4
[28.080s][debug][gc,phases      ] GC(68)     Dead                           Min: 0, Avg:  6.2, Max: 13, Diff: 13, Sum: 25, Workers: 4
[28.080s][debug][gc,phases      ] GC(68)     Total                          Min: 1548, Avg: 1763.0, Max: 1984, Diff: 436, Sum: 7052, Workers: 4
[28.080s][debug][gc,phases      ] GC(68)   JNI Weak                       Min:  0.0, Avg:  0.0, Max:  0.0, Diff:  0.0, Sum:  0.0, Workers: 4
[28.080s][debug][gc,phases      ] GC(68)     Dead                           Min: 0, Avg:  0.0, Max: 0, Diff: 0, Sum: 0, Workers: 4
[28.080s][debug][gc,phases      ] GC(68)     Total                          Min: 0, Avg:  2.2, Max: 9, Diff: 9, Sum: 9, Workers: 4
[28.080s][debug][gc,phases      ] GC(68)   StringDedup Table Weak         Min:  0.0, Avg:  0.0, Max:  0.0, Diff:  0.0, Sum:  0.0, Workers: 4
[28.080s][debug][gc,phases      ] GC(68)     Dead                           Min: 0, Avg:  0.0, Max: 0, Diff: 0, Sum: 0, Workers: 4
[28.080s][debug][gc,phases      ] GC(68)     Total                          Min: 0, Avg:  0.0, Max: 0, Diff: 0, Sum: 0, Workers: 4
[28.080s][debug][gc,phases      ] GC(68)   StringDedup Requests0 Weak     Min:  0.0, Avg:  0.0, Max:  0.0, Diff:  0.0, Sum:  0.0, Workers: 4
[28.080s][debug][gc,phases      ] GC(68)     Dead                           Min: 0, Avg:  0.0, Max: 0, Diff: 0, Sum: 0, Workers: 4
[28.080s][debug][gc,phases      ] GC(68)     Total                          Min: 0, Avg:  0.0, Max: 0, Diff: 0, Sum: 0, Workers: 4
[28.080s][debug][gc,phases      ] GC(68)   StringDedup Requests1 Weak     Min:  0.0, Avg:  0.0, Max:  0.0, Diff:  0.0, Sum:  0.0, Workers: 4
[28.080s][debug][gc,phases      ] GC(68)     Dead                           Min: 0, Avg:  0.0, Max: 0, Diff: 0, Sum: 0, Workers: 4
[28.080s][debug][gc,phases      ] GC(68)     Total                          Min: 0, Avg:  0.0, Max: 0, Diff: 0, Sum: 0, Workers: 4
[28.080s][debug][gc,phases      ] GC(68)   Weak JFR Old Object Samples    Min:  0.0, Avg:  0.0, Max:  0.0, Diff:  0.0, Sum:  0.0, Workers: 4
[28.080s][debug][gc,phases      ] GC(68)     Dead                           Min: 0, Avg:  0.0, Max: 0, Diff: 0, Sum: 0, Workers: 4
[28.080s][debug][gc,phases      ] GC(68)     Total                          Min: 0, Avg:  0.0, Max: 0, Diff: 0, Sum: 0, Workers: 4
[28.080s][debug][gc,phases      ] GC(68) Weak Processing 0.294ms
[28.080s][debug][gc,age         ] GC(68) Desired survivor size 186646528 bytes, new threshold 15 (max threshold 15)
[28.080s][info ][gc,heap        ] GC(68) PSYoungGen: 1815424K(1904128K)->98208K(1914880K) Eden: 1711104K(1711104K)->0K(1725952K) From: 104320K(193024K)->98208K(188928K)
[28.080s][info ][gc,heap        ] GC(68) ParOldGen: 535656K(629248K)->543000K(629248K)
[28.080s][info ][gc,metaspace   ] GC(68) Metaspace: 68608K(69376K)->68608K(69376K) NonClass: 58640K(59072K)->58640K(59072K) Class: 9968K(10304K)->9968K(10304K)
[28.080s][info ][gc             ] GC(68) Pause Young (Allocation Failure) 2295M->626M(2484M) 36.090ms
[28.080s][info ][gc,cpu         ] GC(68) User=0.14s Sys=0.02s Real=0.04s
[28.080s][info ][safepoint      ] Safepoint "ParallelGCFailedAllocation", Time since last: 303635454 ns, Reaching safepoint: 311504 ns, At safepoint: 36206676 ns, Total: 36518180 ns
[28.488s][info ][gc,start       ] GC(69) Pause Young (Allocation Failure)
[28.521s][debug][gc,phases      ] GC(69) Scavenge 32.878ms
[28.521s][debug][gc,ref         ] GC(69) Skipped phase 1 of Reference Processing: no references
[28.522s][debug][gc,ref         ] GC(69) ReferenceProcessor::execute queues: 1, RefProcThreadModel::Single, marks_oops_alive: false
[28.522s][debug][gc,ref         ] GC(69) Skipped phase 3 of Reference Processing: no references
[28.522s][debug][gc,ref         ] GC(69) ReferenceProcessor::execute queues: 1, RefProcThreadModel::Single, marks_oops_alive: false
[28.522s][debug][gc,phases      ] GC(69) Reference Processing 0.142ms
[28.522s][debug][gc,phases      ] GC(69)   VM Weak                        Min:  0.0, Avg:  0.0, Max:  0.0, Diff:  0.0, Sum:  0.0, Workers: 4
[28.522s][debug][gc,phases      ] GC(69)     Dead                           Min: 0, Avg:  0.0, Max: 0, Diff: 0, Sum: 0, Workers: 4
[28.522s][debug][gc,phases      ] GC(69)     Total                          Min: 0, Avg: 149.2, Max: 405, Diff: 405, Sum: 597, Workers: 4
[28.522s][debug][gc,phases      ] GC(69)   ObjectSynchronizer Weak        Min:  0.0, Avg:  0.0, Max:  0.0, Diff:  0.0, Sum:  0.0, Workers: 4
[28.522s][debug][gc,phases      ] GC(69)     Dead                           Min: 0, Avg:  0.0, Max: 0, Diff: 0, Sum: 0, Workers: 4
[28.522s][debug][gc,phases      ] GC(69)     Total                          Min: 0, Avg: 83.0, Max: 140, Diff: 140, Sum: 332, Workers: 4
[28.522s][debug][gc,phases      ] GC(69)   JVMTI Tag Weak OopStorage      Min:  0.0, Avg:  0.0, Max:  0.0, Diff:  0.0, Sum:  0.0, Workers: 4
[28.522s][debug][gc,phases      ] GC(69)     Dead                           Min: 0, Avg:  0.0, Max: 0, Diff: 0, Sum: 0, Workers: 4
[28.522s][debug][gc,phases      ] GC(69)     Total                          Min: 0, Avg:  0.0, Max: 0, Diff: 0, Sum: 0, Workers: 4
[28.522s][debug][gc,phases      ] GC(69)   StringTable Weak               Min:  0.1, Avg:  0.1, Max:  0.1, Diff:  0.0, Sum:  0.4, Workers: 4
[28.522s][debug][gc,phases      ] GC(69)     Dead                           Min: 0, Avg:  0.8, Max: 3, Diff: 3, Sum: 3, Workers: 4
[28.522s][debug][gc,phases      ] GC(69)     Total                          Min: 9536, Avg: 10814.0, Max: 13754, Diff: 4218, Sum: 43256, Workers: 4
[28.522s][debug][gc,phases      ] GC(69)   ResolvedMethodTable Weak       Min:  0.0, Avg:  0.0, Max:  0.0, Diff:  0.0, Sum:  0.1, Workers: 4
[28.522s][debug][gc,phases      ] GC(69)     Dead                           Min: 0, Avg:  9.8, Max: 21, Diff: 21, Sum: 39, Workers: 4
[28.522s][debug][gc,phases      ] GC(69)     Total                          Min: 1600, Avg: 1792.0, Max: 2176, Diff: 576, Sum: 7168, Workers: 4
[28.522s][debug][gc,phases      ] GC(69)   JNI Weak                       Min:  0.0, Avg:  0.0, Max:  0.0, Diff:  0.0, Sum:  0.0, Workers: 4
[28.522s][debug][gc,phases      ] GC(69)     Dead                           Min: 0, Avg:  0.0, Max: 0, Diff: 0, Sum: 0, Workers: 4
[28.522s][debug][gc,phases      ] GC(69)     Total                          Min: 0, Avg:  2.0, Max: 8, Diff: 8, Sum: 8, Workers: 4
[28.522s][debug][gc,phases      ] GC(69)   StringDedup Table Weak         Min:  0.0, Avg:  0.0, Max:  0.0, Diff:  0.0, Sum:  0.0, Workers: 4
[28.522s][debug][gc,phases      ] GC(69)     Dead                           Min: 0, Avg:  0.0, Max: 0, Diff: 0, Sum: 0, Workers: 4
[28.522s][debug][gc,phases      ] GC(69)     Total                          Min: 0, Avg:  0.0, Max: 0, Diff: 0, Sum: 0, Workers: 4
[28.522s][debug][gc,phases      ] GC(69)   StringDedup Requests0 Weak     Min:  0.0, Avg:  0.0, Max:  0.0, Diff:  0.0, Sum:  0.0, Workers: 4
[28.522s][debug][gc,phases      ] GC(69)     Dead                           Min: 0, Avg:  0.0, Max: 0, Diff: 0, Sum: 0, Workers: 4
[28.522s][debug][gc,phases      ] GC(69)     Total                          Min: 0, Avg:  0.0, Max: 0, Diff: 0, Sum: 0, Workers: 4
[28.522s][debug][gc,phases      ] GC(69)   StringDedup Requests1 Weak     Min:  0.0, Avg:  0.0, Max:  0.0, Diff:  0.0, Sum:  0.0, Workers: 4
[28.522s][debug][gc,phases      ] GC(69)     Dead                           Min: 0, Avg:  0.0, Max: 0, Diff: 0, Sum: 0, Workers: 4
[28.522s][debug][gc,phases      ] GC(69)     Total                          Min: 0, Avg:  0.0, Max: 0, Diff: 0, Sum: 0, Workers: 4
[28.522s][debug][gc,phases      ] GC(69)   Weak JFR Old Object Samples    Min:  0.0, Avg:  0.0, Max:  0.0, Diff:  0.0, Sum:  0.0, Workers: 4
[28.522s][debug][gc,phases      ] GC(69)     Dead                           Min: 0, Avg:  0.0, Max: 0, Diff: 0, Sum: 0, Workers: 4
[28.522s][debug][gc,phases      ] GC(69)     Total                          Min: 0, Avg:  0.0, Max: 0, Diff: 0, Sum: 0, Workers: 4
[28.522s][debug][gc,phases      ] GC(69) Weak Processing 0.287ms
[28.522s][debug][gc,age         ] GC(69) Desired survivor size 177733632 bytes, new threshold 15 (max threshold 15)
[28.522s][info ][gc,heap        ] GC(69) PSYoungGen: 1824160K(1914880K)->91264K(1908224K) Eden: 1725952K(1725952K)->0K(1725952K) From: 98208K(188928K)->91264K(182272K)
[28.522s][info ][gc,heap        ] GC(69) ParOldGen: 543000K(629248K)->551440K(629248K)
[28.522s][info ][gc,metaspace   ] GC(69) Metaspace: 69367K(70144K)->69367K(70144K) NonClass: 59295K(59712K)->59295K(59712K) Class: 10072K(10432K)->10072K(10432K)
[28.522s][info ][gc             ] GC(69) Pause Young (Allocation Failure) 2311M->627M(2478M) 33.436ms
[28.522s][info ][gc,cpu         ] GC(69) User=0.13s Sys=0.00s Real=0.03s
[28.522s][info ][safepoint      ] Safepoint "ParallelGCFailedAllocation", Time since last: 408016539 ns, Reaching safepoint: 214502 ns, At safepoint: 33543248 ns, Total: 33757750 ns
[28.778s][info ][safepoint      ] Safepoint "ICBufferFull", Time since last: 255346153 ns, Reaching safepoint: 244803 ns, At safepoint: 26200 ns, Total: 271003 ns
[28.885s][info ][gc,start       ] GC(70) Pause Young (Allocation Failure)
[28.914s][debug][gc,phases      ] GC(70) Scavenge 28.912ms
[28.914s][debug][gc,ref         ] GC(70) Skipped phase 1 of Reference Processing: no references
[28.915s][debug][gc,ref         ] GC(70) ReferenceProcessor::execute queues: 1, RefProcThreadModel::Single, marks_oops_alive: false
[28.915s][debug][gc,ref         ] GC(70) Skipped phase 3 of Reference Processing: no references
[28.915s][debug][gc,ref         ] GC(70) ReferenceProcessor::execute queues: 1, RefProcThreadModel::Single, marks_oops_alive: false
[28.915s][debug][gc,phases      ] GC(70) Reference Processing 0.152ms
[28.915s][debug][gc,phases      ] GC(70)   VM Weak                        Min:  0.0, Avg:  0.0, Max:  0.0, Diff:  0.0, Sum:  0.0, Workers: 4
[28.915s][debug][gc,phases      ] GC(70)     Dead                           Min: 0, Avg:  0.0, Max: 0, Diff: 0, Sum: 0, Workers: 4
[28.915s][debug][gc,phases      ] GC(70)     Total                          Min: 0, Avg: 155.2, Max: 621, Diff: 621, Sum: 621, Workers: 4
[28.915s][debug][gc,phases      ] GC(70)   ObjectSynchronizer Weak        Min:  0.0, Avg:  0.0, Max:  0.0, Diff:  0.0, Sum:  0.0, Workers: 4
[28.915s][debug][gc,phases      ] GC(70)     Dead                           Min: 0, Avg:  0.0, Max: 0, Diff: 0, Sum: 0, Workers: 4
[28.915s][debug][gc,phases      ] GC(70)     Total                          Min: 0, Avg: 83.2, Max: 333, Diff: 333, Sum: 333, Workers: 4
[28.915s][debug][gc,phases      ] GC(70)   JVMTI Tag Weak OopStorage      Min:  0.0, Avg:  0.0, Max:  0.0, Diff:  0.0, Sum:  0.0, Workers: 4
[28.915s][debug][gc,phases      ] GC(70)     Dead                           Min: 0, Avg:  0.0, Max: 0, Diff: 0, Sum: 0, Workers: 4
[28.915s][debug][gc,phases      ] GC(70)     Total                          Min: 0, Avg:  0.0, Max: 0, Diff: 0, Sum: 0, Workers: 4
[28.915s][debug][gc,phases      ] GC(70)   StringTable Weak               Min:  0.1, Avg:  0.1, Max:  0.1, Diff:  0.0, Sum:  0.3, Workers: 4
[28.915s][debug][gc,phases      ] GC(70)     Dead                           Min: 0, Avg:  1.2, Max: 4, Diff: 4, Sum: 5, Workers: 4
[28.915s][debug][gc,phases      ] GC(70)     Total                          Min: 8319, Avg: 10874.2, Max: 13418, Diff: 5099, Sum: 43497, Workers: 4
[28.915s][debug][gc,phases      ] GC(70)   ResolvedMethodTable Weak       Min:  0.0, Avg:  0.0, Max:  0.0, Diff:  0.0, Sum:  0.1, Workers: 4
[28.915s][debug][gc,phases      ] GC(70)     Dead                           Min: 0, Avg:  0.0, Max: 0, Diff: 0, Sum: 0, Workers: 4
[28.915s][debug][gc,phases      ] GC(70)     Total                          Min: 1408, Avg: 1829.2, Max: 2133, Diff: 725, Sum: 7317, Workers: 4
[28.915s][debug][gc,phases      ] GC(70)   JNI Weak                       Min:  0.0, Avg:  0.0, Max:  0.0, Diff:  0.0, Sum:  0.0, Workers: 4
[28.915s][debug][gc,phases      ] GC(70)     Dead                           Min: 0, Avg:  0.0, Max: 0, Diff: 0, Sum: 0, Workers: 4
[28.915s][debug][gc,phases      ] GC(70)     Total                          Min: 0, Avg:  3.5, Max: 14, Diff: 14, Sum: 14, Workers: 4
[28.915s][debug][gc,phases      ] GC(70)   StringDedup Table Weak         Min:  0.0, Avg:  0.0, Max:  0.0, Diff:  0.0, Sum:  0.0, Workers: 4
[28.915s][debug][gc,phases      ] GC(70)     Dead                           Min: 0, Avg:  0.0, Max: 0, Diff: 0, Sum: 0, Workers: 4
[28.915s][debug][gc,phases      ] GC(70)     Total                          Min: 0, Avg:  0.0, Max: 0, Diff: 0, Sum: 0, Workers: 4
[28.915s][debug][gc,phases      ] GC(70)   StringDedup Requests0 Weak     Min:  0.0, Avg:  0.0, Max:  0.0, Diff:  0.0, Sum:  0.0, Workers: 4
[28.915s][debug][gc,phases      ] GC(70)     Dead                           Min: 0, Avg:  0.0, Max: 0, Diff: 0, Sum: 0, Workers: 4
[28.915s][debug][gc,phases      ] GC(70)     Total                          Min: 0, Avg:  0.0, Max: 0, Diff: 0, Sum: 0, Workers: 4
[28.915s][debug][gc,phases      ] GC(70)   StringDedup Requests1 Weak     Min:  0.0, Avg:  0.0, Max:  0.0, Diff:  0.0, Sum:  0.0, Workers: 4
[28.915s][debug][gc,phases      ] GC(70)     Dead                           Min: 0, Avg:  0.0, Max: 0, Diff: 0, Sum: 0, Workers: 4
[28.915s][debug][gc,phases      ] GC(70)     Total                          Min: 0, Avg:  0.0, Max: 0, Diff: 0, Sum: 0, Workers: 4
[28.915s][debug][gc,phases      ] GC(70)   Weak JFR Old Object Samples    Min:  0.0, Avg:  0.0, Max:  0.0, Diff:  0.0, Sum:  0.0, Workers: 4
[28.915s][debug][gc,phases      ] GC(70)     Dead                           Min: 0, Avg:  0.0, Max: 0, Diff: 0, Sum: 0, Workers: 4
[28.915s][debug][gc,phases      ] GC(70)     Total                          Min: 0, Avg:  0.0, Max: 0, Diff: 0, Sum: 0, Workers: 4
[28.915s][debug][gc,phases      ] GC(70) Weak Processing 0.284ms
[28.915s][debug][gc,age         ] GC(70) Desired survivor size 169869312 bytes, new threshold 15 (max threshold 15)
[28.915s][info ][gc,heap        ] GC(70) PSYoungGen: 1817216K(1908224K)->85344K(1931264K) Eden: 1725952K(1725952K)->0K(1757696K) From: 91264K(182272K)->85344K(173568K)
[28.915s][info ][gc,heap        ] GC(70) ParOldGen: 551440K(629248K)->558928K(629248K)
[28.915s][info ][gc,metaspace   ] GC(70) Metaspace: 70072K(70848K)->70072K(70848K) NonClass: 59902K(60352K)->59902K(60352K) Class: 10170K(10496K)->10170K(10496K)
[28.915s][info ][gc             ] GC(70) Pause Young (Allocation Failure) 2313M->629M(2500M) 29.469ms
[28.915s][info ][gc,cpu         ] GC(70) User=0.11s Sys=0.01s Real=0.03s
[28.915s][info ][safepoint      ] Safepoint "ParallelGCFailedAllocation", Time since last: 107604718 ns, Reaching safepoint: 199802 ns, At safepoint: 29568807 ns, Total: 29768609 ns
[29.268s][info ][safepoint      ] Safepoint "ParallelGCFailedAllocation", Time since last: 350468840 ns, Reaching safepoint: 2242823 ns, At safepoint: 39600 ns, Total: 2282423 ns
[29.268s][info ][gc,start       ] GC(71) Pause Young (GCLocker Initiated GC)
[29.293s][debug][gc,phases      ] GC(71) Scavenge 25.308ms
[29.293s][debug][gc,ref         ] GC(71) Skipped phase 1 of Reference Processing: no references
[29.293s][debug][gc,ref         ] GC(71) ReferenceProcessor::execute queues: 1, RefProcThreadModel::Single, marks_oops_alive: false
[29.293s][debug][gc,ref         ] GC(71) Skipped phase 3 of Reference Processing: no references
[29.293s][debug][gc,ref         ] GC(71) ReferenceProcessor::execute queues: 1, RefProcThreadModel::Single, marks_oops_alive: false
[29.293s][debug][gc,phases      ] GC(71) Reference Processing 0.137ms
[29.294s][debug][gc,phases      ] GC(71)   VM Weak                        Min:  0.0, Avg:  0.0, Max:  0.0, Diff:  0.0, Sum:  0.0, Workers: 4
[29.294s][debug][gc,phases      ] GC(71)     Dead                           Min: 0, Avg:  0.0, Max: 0, Diff: 0, Sum: 0, Workers: 4
[29.294s][debug][gc,phases      ] GC(71)     Total                          Min: 0, Avg: 155.2, Max: 621, Diff: 621, Sum: 621, Workers: 4
[29.294s][debug][gc,phases      ] GC(71)   ObjectSynchronizer Weak        Min:  0.0, Avg:  0.0, Max:  0.0, Diff:  0.0, Sum:  0.0, Workers: 4
[29.294s][debug][gc,phases      ] GC(71)     Dead                           Min: 0, Avg:  0.0, Max: 0, Diff: 0, Sum: 0, Workers: 4
[29.294s][debug][gc,phases      ] GC(71)     Total                          Min: 0, Avg: 83.2, Max: 333, Diff: 333, Sum: 333, Workers: 4
[29.294s][debug][gc,phases      ] GC(71)   JVMTI Tag Weak OopStorage      Min:  0.0, Avg:  0.0, Max:  0.0, Diff:  0.0, Sum:  0.0, Workers: 4
[29.294s][debug][gc,phases      ] GC(71)     Dead                           Min: 0, Avg:  0.0, Max: 0, Diff: 0, Sum: 0, Workers: 4
[29.294s][debug][gc,phases      ] GC(71)     Total                          Min: 0, Avg:  0.0, Max: 0, Diff: 0, Sum: 0, Workers: 4
[29.294s][debug][gc,phases      ] GC(71)   StringTable Weak               Min:  0.1, Avg:  0.1, Max:  0.1, Diff:  0.0, Sum:  0.3, Workers: 4
[29.294s][debug][gc,phases      ] GC(71)     Dead                           Min: 0, Avg:  0.0, Max: 0, Diff: 0, Sum: 0, Workers: 4
[29.294s][debug][gc,phases      ] GC(71)     Total                          Min: 8831, Avg: 10879.2, Max: 12928, Diff: 4097, Sum: 43517, Workers: 4
[29.294s][debug][gc,phases      ] GC(71)   ResolvedMethodTable Weak       Min:  0.0, Avg:  0.0, Max:  0.0, Diff:  0.0, Sum:  0.1, Workers: 4
[29.294s][debug][gc,phases      ] GC(71)     Dead                           Min: 0, Avg:  0.0, Max: 0, Diff: 0, Sum: 0, Workers: 4
[29.294s][debug][gc,phases      ] GC(71)     Total                          Min: 1536, Avg: 1829.5, Max: 2304, Diff: 768, Sum: 7318, Workers: 4
[29.294s][debug][gc,phases      ] GC(71)   JNI Weak                       Min:  0.0, Avg:  0.0, Max:  0.0, Diff:  0.0, Sum:  0.0, Workers: 4
[29.294s][debug][gc,phases      ] GC(71)     Dead                           Min: 0, Avg:  0.0, Max: 0, Diff: 0, Sum: 0, Workers: 4
[29.294s][debug][gc,phases      ] GC(71)     Total                          Min: 0, Avg:  2.8, Max: 11, Diff: 11, Sum: 11, Workers: 4
[29.294s][debug][gc,phases      ] GC(71)   StringDedup Table Weak         Min:  0.0, Avg:  0.0, Max:  0.0, Diff:  0.0, Sum:  0.0, Workers: 4
[29.294s][debug][gc,phases      ] GC(71)     Dead                           Min: 0, Avg:  0.0, Max: 0, Diff: 0, Sum: 0, Workers: 4
[29.294s][debug][gc,phases      ] GC(71)     Total                          Min: 0, Avg:  0.0, Max: 0, Diff: 0, Sum: 0, Workers: 4
[29.294s][debug][gc,phases      ] GC(71)   StringDedup Requests0 Weak     Min:  0.0, Avg:  0.0, Max:  0.0, Diff:  0.0, Sum:  0.0, Workers: 4
[29.294s][debug][gc,phases      ] GC(71)     Dead                           Min: 0, Avg:  0.0, Max: 0, Diff: 0, Sum: 0, Workers: 4
[29.294s][debug][gc,phases      ] GC(71)     Total                          Min: 0, Avg:  0.0, Max: 0, Diff: 0, Sum: 0, Workers: 4
[29.294s][debug][gc,phases      ] GC(71)   StringDedup Requests1 Weak     Min:  0.0, Avg:  0.0, Max:  0.0, Diff:  0.0, Sum:  0.0, Workers: 4
[29.294s][debug][gc,phases      ] GC(71)     Dead                           Min: 0, Avg:  0.0, Max: 0, Diff: 0, Sum: 0, Workers: 4
[29.294s][debug][gc,phases      ] GC(71)     Total                          Min: 0, Avg:  0.0, Max: 0, Diff: 0, Sum: 0, Workers: 4
[29.294s][debug][gc,phases      ] GC(71)   Weak JFR Old Object Samples    Min:  0.0, Avg:  0.0, Max:  0.0, Diff:  0.0, Sum:  0.0, Workers: 4
[29.294s][debug][gc,phases      ] GC(71)     Dead                           Min: 0, Avg:  0.0, Max: 0, Diff: 0, Sum: 0, Workers: 4
[29.294s][debug][gc,phases      ] GC(71)     Total                          Min: 0, Avg:  0.0, Max: 0, Diff: 0, Sum: 0, Workers: 4
[29.294s][debug][gc,phases      ] GC(71) Weak Processing 0.272ms
[29.294s][debug][gc,age         ] GC(71) Desired survivor size 163053568 bytes, new threshold 15 (max threshold 15)
[29.294s][info ][gc,heap        ] GC(71) PSYoungGen: 1843040K(1931264K)->83328K(1923584K) Eden: 1757696K(1757696K)->0K(1757696K) From: 85344K(173568K)->83328K(165888K)
[29.294s][info ][gc,heap        ] GC(71) ParOldGen: 558928K(629248K)->563100K(629248K)
[29.294s][info ][gc,metaspace   ] GC(71) Metaspace: 70322K(71040K)->70322K(71040K) NonClass: 60148K(60544K)->60148K(60544K) Class: 10174K(10496K)->10174K(10496K)
[29.294s][info ][gc             ] GC(71) Pause Young (GCLocker Initiated GC) 2345M->631M(2493M) 25.819ms
[29.294s][info ][gc,cpu         ] GC(71) User=0.08s Sys=0.02s Real=0.02s
[29.294s][info ][safepoint      ] Safepoint "ParallelGCSystemGC", Time since last: 64201 ns, Reaching safepoint: 93601 ns, At safepoint: 25917669 ns, Total: 26011270 ns
[29.653s][info ][gc,start       ] GC(72) Pause Young (Allocation Failure)
[29.678s][debug][gc,phases      ] GC(72) Scavenge 25.448ms
[29.678s][debug][gc,ref         ] GC(72) Skipped phase 1 of Reference Processing: no references
[29.678s][debug][gc,ref         ] GC(72) ReferenceProcessor::execute queues: 1, RefProcThreadModel::Single, marks_oops_alive: false
[29.678s][debug][gc,ref         ] GC(72) Skipped phase 3 of Reference Processing: no references
[29.678s][debug][gc,ref         ] GC(72) ReferenceProcessor::execute queues: 1, RefProcThreadModel::Single, marks_oops_alive: false
[29.679s][debug][gc,phases      ] GC(72) Reference Processing 0.177ms
[29.679s][debug][gc,phases      ] GC(72)   VM Weak                        Min:  0.0, Avg:  0.0, Max:  0.0, Diff:  0.0, Sum:  0.0, Workers: 4
[29.679s][debug][gc,phases      ] GC(72)     Dead                           Min: 0, Avg:  0.0, Max: 0, Diff: 0, Sum: 0, Workers: 4
[29.679s][debug][gc,phases      ] GC(72)     Total                          Min: 0, Avg: 155.2, Max: 621, Diff: 621, Sum: 621, Workers: 4
[29.679s][debug][gc,phases      ] GC(72)   ObjectSynchronizer Weak        Min:  0.0, Avg:  0.0, Max:  0.0, Diff:  0.0, Sum:  0.0, Workers: 4
[29.679s][debug][gc,phases      ] GC(72)     Dead                           Min: 0, Avg:  0.0, Max: 0, Diff: 0, Sum: 0, Workers: 4
[29.679s][debug][gc,phases      ] GC(72)     Total                          Min: 0, Avg: 83.2, Max: 192, Diff: 192, Sum: 333, Workers: 4
[29.679s][debug][gc,phases      ] GC(72)   JVMTI Tag Weak OopStorage      Min:  0.0, Avg:  0.0, Max:  0.0, Diff:  0.0, Sum:  0.0, Workers: 4
[29.679s][debug][gc,phases      ] GC(72)     Dead                           Min: 0, Avg:  0.0, Max: 0, Diff: 0, Sum: 0, Workers: 4
[29.679s][debug][gc,phases      ] GC(72)     Total                          Min: 0, Avg:  0.0, Max: 0, Diff: 0, Sum: 0, Workers: 4
[29.679s][debug][gc,phases      ] GC(72)   StringTable Weak               Min:  0.1, Avg:  0.1, Max:  0.1, Diff:  0.0, Sum:  0.4, Workers: 4
[29.679s][debug][gc,phases      ] GC(72)     Dead                           Min: 0, Avg:  0.0, Max: 0, Diff: 0, Sum: 0, Workers: 4
[29.679s][debug][gc,phases      ] GC(72)     Total                          Min: 9792, Avg: 10884.0, Max: 13136, Diff: 3344, Sum: 43536, Workers: 4
[29.679s][debug][gc,phases      ] GC(72)   ResolvedMethodTable Weak       Min:  0.0, Avg:  0.0, Max:  0.0, Diff:  0.0, Sum:  0.1, Workers: 4
[29.679s][debug][gc,phases      ] GC(72)     Dead                           Min: 0, Avg:  0.0, Max: 0, Diff: 0, Sum: 0, Workers: 4
[29.679s][debug][gc,phases      ] GC(72)     Total                          Min: 1600, Avg: 1830.2, Max: 2265, Diff: 665, Sum: 7321, Workers: 4
[29.679s][debug][gc,phases      ] GC(72)   JNI Weak                       Min:  0.0, Avg:  0.0, Max:  0.0, Diff:  0.0, Sum:  0.0, Workers: 4
[29.679s][debug][gc,phases      ] GC(72)     Dead                           Min: 0, Avg:  0.0, Max: 0, Diff: 0, Sum: 0, Workers: 4
[29.679s][debug][gc,phases      ] GC(72)     Total                          Min: 0, Avg:  6.0, Max: 24, Diff: 24, Sum: 24, Workers: 4
[29.679s][debug][gc,phases      ] GC(72)   StringDedup Table Weak         Min:  0.0, Avg:  0.0, Max:  0.0, Diff:  0.0, Sum:  0.0, Workers: 4
[29.679s][debug][gc,phases      ] GC(72)     Dead                           Min: 0, Avg:  0.0, Max: 0, Diff: 0, Sum: 0, Workers: 4
[29.679s][debug][gc,phases      ] GC(72)     Total                          Min: 0, Avg:  0.0, Max: 0, Diff: 0, Sum: 0, Workers: 4
[29.679s][debug][gc,phases      ] GC(72)   StringDedup Requests0 Weak     Min:  0.0, Avg:  0.0, Max:  0.0, Diff:  0.0, Sum:  0.0, Workers: 4
[29.679s][debug][gc,phases      ] GC(72)     Dead                           Min: 0, Avg:  0.0, Max: 0, Diff: 0, Sum: 0, Workers: 4
[29.679s][debug][gc,phases      ] GC(72)     Total                          Min: 0, Avg:  0.0, Max: 0, Diff: 0, Sum: 0, Workers: 4
[29.679s][debug][gc,phases      ] GC(72)   StringDedup Requests1 Weak     Min:  0.0, Avg:  0.0, Max:  0.0, Diff:  0.0, Sum:  0.0, Workers: 4
[29.679s][debug][gc,phases      ] GC(72)     Dead                           Min: 0, Avg:  0.0, Max: 0, Diff: 0, Sum: 0, Workers: 4
[29.679s][debug][gc,phases      ] GC(72)     Total                          Min: 0, Avg:  0.0, Max: 0, Diff: 0, Sum: 0, Workers: 4
[29.679s][debug][gc,phases      ] GC(72)   Weak JFR Old Object Samples    Min:  0.0, Avg:  0.0, Max:  0.0, Diff:  0.0, Sum:  0.0, Workers: 4
[29.679s][debug][gc,phases      ] GC(72)     Dead                           Min: 0, Avg:  0.0, Max: 0, Diff: 0, Sum: 0, Workers: 4
[29.679s][debug][gc,phases      ] GC(72)     Total                          Min: 0, Avg:  0.0, Max: 0, Diff: 0, Sum: 0, Workers: 4
[29.679s][debug][gc,phases      ] GC(72) Weak Processing 0.353ms
[29.679s][debug][gc,age         ] GC(72) Desired survivor size 158334976 bytes, new threshold 15 (max threshold 15)
[29.679s][info ][gc,heap        ] GC(72) PSYoungGen: 1841024K(1923584K)->77760K(1942528K) Eden: 1757696K(1757696K)->0K(1783296K) From: 83328K(165888K)->77760K(159232K)
[29.679s][info ][gc,heap        ] GC(72) ParOldGen: 563101K(629248K)->569350K(629248K)
[29.679s][info ][gc,metaspace   ] GC(72) Metaspace: 70619K(71424K)->70619K(71424K) NonClass: 60436K(60864K)->60436K(60864K) Class: 10182K(10560K)->10182K(10560K)
[29.679s][info ][gc             ] GC(72) Pause Young (Allocation Failure) 2347M->631M(2511M) 26.129ms
[29.679s][info ][gc,cpu         ] GC(72) User=0.12s Sys=0.00s Real=0.02s
[29.679s][info ][safepoint      ] Safepoint "ParallelGCFailedAllocation", Time since last: 358736726 ns, Reaching safepoint: 213502 ns, At safepoint: 26246073 ns, Total: 26459575 ns
[29.979s][info ][safepoint      ] Safepoint "ICBufferFull", Time since last: 299610511 ns, Reaching safepoint: 251403 ns, At safepoint: 29900 ns, Total: 281303 ns
[30.059s][info ][safepoint      ] Safepoint "ParallelGCFailedAllocation", Time since last: 80365634 ns, Reaching safepoint: 148502 ns, At safepoint: 27700 ns, Total: 176202 ns
[30.060s][info ][gc,start       ] GC(73) Pause Young (GCLocker Initiated GC)
[30.082s][debug][gc,phases      ] GC(73) Scavenge 22.397ms
[30.082s][debug][gc,ref         ] GC(73) Skipped phase 1 of Reference Processing: no references
[30.082s][debug][gc,ref         ] GC(73) ReferenceProcessor::execute queues: 1, RefProcThreadModel::Single, marks_oops_alive: false
[30.082s][debug][gc,ref         ] GC(73) Skipped phase 3 of Reference Processing: no references
[30.082s][debug][gc,ref         ] GC(73) ReferenceProcessor::execute queues: 1, RefProcThreadModel::Single, marks_oops_alive: false
[30.082s][debug][gc,phases      ] GC(73) Reference Processing 0.149ms
[30.083s][debug][gc,phases      ] GC(73)   VM Weak                        Min:  0.0, Avg:  0.0, Max:  0.0, Diff:  0.0, Sum:  0.0, Workers: 4
[30.083s][debug][gc,phases      ] GC(73)     Dead                           Min: 0, Avg:  0.0, Max: 0, Diff: 0, Sum: 0, Workers: 4
[30.083s][debug][gc,phases      ] GC(73)     Total                          Min: 0, Avg: 155.2, Max: 621, Diff: 621, Sum: 621, Workers: 4
[30.083s][debug][gc,phases      ] GC(73)   ObjectSynchronizer Weak        Min:  0.0, Avg:  0.0, Max:  0.0, Diff:  0.0, Sum:  0.0, Workers: 4
[30.083s][debug][gc,phases      ] GC(73)     Dead                           Min: 0, Avg:  0.0, Max: 0, Diff: 0, Sum: 0, Workers: 4
[30.083s][debug][gc,phases      ] GC(73)     Total                          Min: 0, Avg: 83.2, Max: 205, Diff: 205, Sum: 333, Workers: 4
[30.083s][debug][gc,phases      ] GC(73)   JVMTI Tag Weak OopStorage      Min:  0.0, Avg:  0.0, Max:  0.0, Diff:  0.0, Sum:  0.0, Workers: 4
[30.083s][debug][gc,phases      ] GC(73)     Dead                           Min: 0, Avg:  0.0, Max: 0, Diff: 0, Sum: 0, Workers: 4
[30.083s][debug][gc,phases      ] GC(73)     Total                          Min: 0, Avg:  0.0, Max: 0, Diff: 0, Sum: 0, Workers: 4
[30.083s][debug][gc,phases      ] GC(73)   StringTable Weak               Min:  0.1, Avg:  0.1, Max:  0.1, Diff:  0.0, Sum:  0.3, Workers: 4
[30.083s][debug][gc,phases      ] GC(73)     Dead                           Min: 0, Avg:  0.0, Max: 0, Diff: 0, Sum: 0, Workers: 4
[30.083s][debug][gc,phases      ] GC(73)     Total                          Min: 8702, Avg: 10895.5, Max: 13376, Diff: 4674, Sum: 43582, Workers: 4
[30.083s][debug][gc,phases      ] GC(73)   ResolvedMethodTable Weak       Min:  0.0, Avg:  0.0, Max:  0.0, Diff:  0.0, Sum:  0.1, Workers: 4
[30.083s][debug][gc,phases      ] GC(73)     Dead                           Min: 0, Avg:  0.0, Max: 0, Diff: 0, Sum: 0, Workers: 4
[30.083s][debug][gc,phases      ] GC(73)     Total                          Min: 1437, Avg: 1831.2, Max: 2304, Diff: 867, Sum: 7325, Workers: 4
[30.083s][debug][gc,phases      ] GC(73)   JNI Weak                       Min:  0.0, Avg:  0.0, Max:  0.0, Diff:  0.0, Sum:  0.0, Workers: 4
[30.083s][debug][gc,phases      ] GC(73)     Dead                           Min: 0, Avg:  0.0, Max: 0, Diff: 0, Sum: 0, Workers: 4
[30.083s][debug][gc,phases      ] GC(73)     Total                          Min: 0, Avg:  1.8, Max: 7, Diff: 7, Sum: 7, Workers: 4
[30.083s][debug][gc,phases      ] GC(73)   StringDedup Table Weak         Min:  0.0, Avg:  0.0, Max:  0.0, Diff:  0.0, Sum:  0.0, Workers: 4
[30.083s][debug][gc,phases      ] GC(73)     Dead                           Min: 0, Avg:  0.0, Max: 0, Diff: 0, Sum: 0, Workers: 4
[30.083s][debug][gc,phases      ] GC(73)     Total                          Min: 0, Avg:  0.0, Max: 0, Diff: 0, Sum: 0, Workers: 4
[30.083s][debug][gc,phases      ] GC(73)   StringDedup Requests0 Weak     Min:  0.0, Avg:  0.0, Max:  0.0, Diff:  0.0, Sum:  0.0, Workers: 4
[30.083s][debug][gc,phases      ] GC(73)     Dead                           Min: 0, Avg:  0.0, Max: 0, Diff: 0, Sum: 0, Workers: 4
[30.083s][debug][gc,phases      ] GC(73)     Total                          Min: 0, Avg:  0.0, Max: 0, Diff: 0, Sum: 0, Workers: 4
[30.083s][debug][gc,phases      ] GC(73)   StringDedup Requests1 Weak     Min:  0.0, Avg:  0.0, Max:  0.0, Diff:  0.0, Sum:  0.0, Workers: 4
[30.083s][debug][gc,phases      ] GC(73)     Dead                           Min: 0, Avg:  0.0, Max: 0, Diff: 0, Sum: 0, Workers: 4
[30.083s][debug][gc,phases      ] GC(73)     Total                          Min: 0, Avg:  0.0, Max: 0, Diff: 0, Sum: 0, Workers: 4
[30.083s][debug][gc,phases      ] GC(73)   Weak JFR Old Object Samples    Min:  0.0, Avg:  0.0, Max:  0.0, Diff:  0.0, Sum:  0.0, Workers: 4
[30.083s][debug][gc,phases      ] GC(73)     Dead                           Min: 0, Avg:  0.0, Max: 0, Diff: 0, Sum: 0, Workers: 4
[30.083s][debug][gc,phases      ] GC(73)     Total                          Min: 0, Avg:  0.0, Max: 0, Diff: 0, Sum: 0, Workers: 4
[30.083s][debug][gc,phases      ] GC(73) Weak Processing 0.268ms
[30.083s][debug][gc,age         ] GC(73) Desired survivor size 154140672 bytes, new threshold 15 (max threshold 15)
[30.083s][info ][gc,heap        ] GC(73) PSYoungGen: 1861056K(1942528K)->71840K(1937920K) Eden: 1783296K(1783296K)->0K(1783296K) From: 77760K(159232K)->71840K(154624K)
[30.083s][info ][gc,heap        ] GC(73) ParOldGen: 569366K(629248K)->576414K(629248K)
[30.083s][info ][gc,metaspace   ] GC(73) Metaspace: 70787K(71616K)->70787K(71616K) NonClass: 60600K(61056K)->60600K(61056K) Class: 10186K(10560K)->10186K(10560K)
[30.083s][info ][gc             ] GC(73) Pause Young (GCLocker Initiated GC) 2373M->633M(2507M) 22.915ms
[30.083s][info ][gc,cpu         ] GC(73) User=0.09s Sys=0.00s Real=0.02s
[30.083s][info ][safepoint      ] Safepoint "ParallelGCSystemGC", Time since last: 61501 ns, Reaching safepoint: 221202 ns, At safepoint: 23013739 ns, Total: 23234941 ns
[30.521s][info ][gc,start       ] GC(74) Pause Young (Allocation Failure)
[30.550s][debug][gc,phases      ] GC(74) Scavenge 28.152ms
[30.550s][debug][gc,ref         ] GC(74) Skipped phase 1 of Reference Processing: no references
[30.550s][debug][gc,ref         ] GC(74) ReferenceProcessor::execute queues: 1, RefProcThreadModel::Single, marks_oops_alive: false
[30.550s][debug][gc,ref         ] GC(74) Skipped phase 3 of Reference Processing: no references
[30.550s][debug][gc,ref         ] GC(74) ReferenceProcessor::execute queues: 1, RefProcThreadModel::Single, marks_oops_alive: false
[30.550s][debug][gc,phases      ] GC(74) Reference Processing 0.153ms
[30.550s][debug][gc,phases      ] GC(74)   VM Weak                        Min:  0.0, Avg:  0.0, Max:  0.0, Diff:  0.0, Sum:  0.0, Workers: 4
[30.550s][debug][gc,phases      ] GC(74)     Dead                           Min: 0, Avg:  0.0, Max: 0, Diff: 0, Sum: 0, Workers: 4
[30.550s][debug][gc,phases      ] GC(74)     Total                          Min: 0, Avg: 155.2, Max: 557, Diff: 557, Sum: 621, Workers: 4
[30.550s][debug][gc,phases      ] GC(74)   ObjectSynchronizer Weak        Min:  0.0, Avg:  0.0, Max:  0.0, Diff:  0.0, Sum:  0.0, Workers: 4
[30.550s][debug][gc,phases      ] GC(74)     Dead                           Min: 0, Avg:  0.2, Max: 1, Diff: 1, Sum: 1, Workers: 4
[30.550s][debug][gc,phases      ] GC(74)     Total                          Min: 0, Avg: 83.5, Max: 192, Diff: 192, Sum: 334, Workers: 4
[30.550s][debug][gc,phases      ] GC(74)   JVMTI Tag Weak OopStorage      Min:  0.0, Avg:  0.0, Max:  0.0, Diff:  0.0, Sum:  0.0, Workers: 4
[30.550s][debug][gc,phases      ] GC(74)     Dead                           Min: 0, Avg:  0.0, Max: 0, Diff: 0, Sum: 0, Workers: 4
[30.550s][debug][gc,phases      ] GC(74)     Total                          Min: 0, Avg:  0.0, Max: 0, Diff: 0, Sum: 0, Workers: 4
[30.550s][debug][gc,phases      ] GC(74)   StringTable Weak               Min:  0.1, Avg:  0.1, Max:  0.1, Diff:  0.0, Sum:  0.4, Workers: 4
[30.550s][debug][gc,phases      ] GC(74)     Dead                           Min: 0, Avg:  0.0, Max: 0, Diff: 0, Sum: 0, Workers: 4
[30.550s][debug][gc,phases      ] GC(74)     Total                          Min: 10195, Avg: 10900.8, Max: 11712, Diff: 1517, Sum: 43603, Workers: 4
[30.550s][debug][gc,phases      ] GC(74)   ResolvedMethodTable Weak       Min:  0.0, Avg:  0.0, Max:  0.0, Diff:  0.0, Sum:  0.1, Workers: 4
[30.550s][debug][gc,phases      ] GC(74)     Dead                           Min: 0, Avg:  0.0, Max: 0, Diff: 0, Sum: 0, Workers: 4
[30.550s][debug][gc,phases      ] GC(74)     Total                          Min: 1599, Avg: 1833.5, Max: 2343, Diff: 744, Sum: 7334, Workers: 4
[30.550s][debug][gc,phases      ] GC(74)   JNI Weak                       Min:  0.0, Avg:  0.0, Max:  0.0, Diff:  0.0, Sum:  0.0, Workers: 4
[30.550s][debug][gc,phases      ] GC(74)     Dead                           Min: 0, Avg:  0.0, Max: 0, Diff: 0, Sum: 0, Workers: 4
[30.550s][debug][gc,phases      ] GC(74)     Total                          Min: 0, Avg:  1.5, Max: 6, Diff: 6, Sum: 6, Workers: 4
[30.550s][debug][gc,phases      ] GC(74)   StringDedup Table Weak         Min:  0.0, Avg:  0.0, Max:  0.0, Diff:  0.0, Sum:  0.0, Workers: 4
[30.550s][debug][gc,phases      ] GC(74)     Dead                           Min: 0, Avg:  0.0, Max: 0, Diff: 0, Sum: 0, Workers: 4
[30.550s][debug][gc,phases      ] GC(74)     Total                          Min: 0, Avg:  0.0, Max: 0, Diff: 0, Sum: 0, Workers: 4
[30.550s][debug][gc,phases      ] GC(74)   StringDedup Requests0 Weak     Min:  0.0, Avg:  0.0, Max:  0.0, Diff:  0.0, Sum:  0.0, Workers: 4
[30.550s][debug][gc,phases      ] GC(74)     Dead                           Min: 0, Avg:  0.0, Max: 0, Diff: 0, Sum: 0, Workers: 4
[30.550s][debug][gc,phases      ] GC(74)     Total                          Min: 0, Avg:  0.0, Max: 0, Diff: 0, Sum: 0, Workers: 4
[30.550s][debug][gc,phases      ] GC(74)   StringDedup Requests1 Weak     Min:  0.0, Avg:  0.0, Max:  0.0, Diff:  0.0, Sum:  0.0, Workers: 4
[30.550s][debug][gc,phases      ] GC(74)     Dead                           Min: 0, Avg:  0.0, Max: 0, Diff: 0, Sum: 0, Workers: 4
[30.550s][debug][gc,phases      ] GC(74)     Total                          Min: 0, Avg:  0.0, Max: 0, Diff: 0, Sum: 0, Workers: 4
[30.550s][debug][gc,phases      ] GC(74)   Weak JFR Old Object Samples    Min:  0.0, Avg:  0.0, Max:  0.0, Diff:  0.0, Sum:  0.0, Workers: 4
[30.550s][debug][gc,phases      ] GC(74)     Dead                           Min: 0, Avg:  0.0, Max: 0, Diff: 0, Sum: 0, Workers: 4
[30.550s][debug][gc,phases      ] GC(74)     Total                          Min: 0, Avg:  0.0, Max: 0, Diff: 0, Sum: 0, Workers: 4
[30.550s][debug][gc,phases      ] GC(74) Weak Processing 0.322ms
[30.550s][debug][gc,age         ] GC(74) Desired survivor size 149946368 bytes, new threshold 15 (max threshold 15)
[30.550s][info ][gc,heap        ] GC(74) PSYoungGen: 1855136K(1937920K)->71872K(1950720K) Eden: 1783296K(1783296K)->0K(1800192K) From: 71840K(154624K)->71872K(150528K)
[30.550s][info ][gc,heap        ] GC(74) ParOldGen: 576415K(629248K)->581735K(629248K)
[30.550s][info ][gc,metaspace   ] GC(74) Metaspace: 70910K(71680K)->70910K(71680K) NonClass: 60717K(61120K)->60717K(61120K) Class: 10192K(10560K)->10192K(10560K)
[30.550s][info ][gc             ] GC(74) Pause Young (Allocation Failure) 2374M->638M(2519M) 28.748ms
[30.550s][info ][gc,cpu         ] GC(74) User=0.11s Sys=0.00s Real=0.03s
[30.550s][info ][safepoint      ] Safepoint "ParallelGCFailedAllocation", Time since last: 438434852 ns, Reaching safepoint: 246302 ns, At safepoint: 28865100 ns, Total: 29111402 ns
[30.890s][info ][gc,start       ] GC(75) Pause Young (Allocation Failure)
[30.914s][debug][gc,phases      ] GC(75) Scavenge 23.942ms
[30.914s][debug][gc,ref         ] GC(75) Skipped phase 1 of Reference Processing: no references
[30.914s][debug][gc,ref         ] GC(75) ReferenceProcessor::execute queues: 1, RefProcThreadModel::Single, marks_oops_alive: false
[30.915s][debug][gc,ref         ] GC(75) Skipped phase 3 of Reference Processing: no references
[30.915s][debug][gc,ref         ] GC(75) ReferenceProcessor::execute queues: 1, RefProcThreadModel::Single, marks_oops_alive: false
[30.915s][debug][gc,phases      ] GC(75) Reference Processing 0.137ms
[30.915s][debug][gc,phases      ] GC(75)   VM Weak                        Min:  0.0, Avg:  0.0, Max:  0.0, Diff:  0.0, Sum:  0.0, Workers: 4
[30.915s][debug][gc,phases      ] GC(75)     Dead                           Min: 0, Avg:  0.0, Max: 0, Diff: 0, Sum: 0, Workers: 4
[30.915s][debug][gc,phases      ] GC(75)     Total                          Min: 0, Avg: 155.2, Max: 621, Diff: 621, Sum: 621, Workers: 4
[30.915s][debug][gc,phases      ] GC(75)   ObjectSynchronizer Weak        Min:  0.0, Avg:  0.0, Max:  0.0, Diff:  0.0, Sum:  0.0, Workers: 4
[30.915s][debug][gc,phases      ] GC(75)     Dead                           Min: 0, Avg:  0.0, Max: 0, Diff: 0, Sum: 0, Workers: 4
[30.915s][debug][gc,phases      ] GC(75)     Total                          Min: 0, Avg: 83.5, Max: 334, Diff: 334, Sum: 334, Workers: 4
[30.915s][debug][gc,phases      ] GC(75)   JVMTI Tag Weak OopStorage      Min:  0.0, Avg:  0.0, Max:  0.0, Diff:  0.0, Sum:  0.0, Workers: 4
[30.915s][debug][gc,phases      ] GC(75)     Dead                           Min: 0, Avg:  0.0, Max: 0, Diff: 0, Sum: 0, Workers: 4
[30.915s][debug][gc,phases      ] GC(75)     Total                          Min: 0, Avg:  0.0, Max: 0, Diff: 0, Sum: 0, Workers: 4
[30.915s][debug][gc,phases      ] GC(75)   StringTable Weak               Min:  0.1, Avg:  0.1, Max:  0.1, Diff:  0.0, Sum:  0.3, Workers: 4
[30.915s][debug][gc,phases      ] GC(75)     Dead                           Min: 0, Avg:  0.0, Max: 0, Diff: 0, Sum: 0, Workers: 4
[30.915s][debug][gc,phases      ] GC(75)     Total                          Min: 8640, Avg: 10900.8, Max: 13056, Diff: 4416, Sum: 43603, Workers: 4
[30.915s][debug][gc,phases      ] GC(75)   ResolvedMethodTable Weak       Min:  0.0, Avg:  0.0, Max:  0.0, Diff:  0.0, Sum:  0.1, Workers: 4
[30.915s][debug][gc,phases      ] GC(75)     Dead                           Min: 0, Avg:  0.0, Max: 0, Diff: 0, Sum: 0, Workers: 4
[30.915s][debug][gc,phases      ] GC(75)     Total                          Min: 896, Avg: 1833.5, Max: 2496, Diff: 1600, Sum: 7334, Workers: 4
[30.915s][debug][gc,phases      ] GC(75)   JNI Weak                       Min:  0.0, Avg:  0.0, Max:  0.0, Diff:  0.0, Sum:  0.0, Workers: 4
[30.915s][debug][gc,phases      ] GC(75)     Dead                           Min: 0, Avg:  0.0, Max: 0, Diff: 0, Sum: 0, Workers: 4
[30.915s][debug][gc,phases      ] GC(75)     Total                          Min: 0, Avg:  0.0, Max: 0, Diff: 0, Sum: 0, Workers: 4
[30.915s][debug][gc,phases      ] GC(75)   StringDedup Table Weak         Min:  0.0, Avg:  0.0, Max:  0.0, Diff:  0.0, Sum:  0.0, Workers: 4
[30.915s][debug][gc,phases      ] GC(75)     Dead                           Min: 0, Avg:  0.0, Max: 0, Diff: 0, Sum: 0, Workers: 4
[30.915s][debug][gc,phases      ] GC(75)     Total                          Min: 0, Avg:  0.0, Max: 0, Diff: 0, Sum: 0, Workers: 4
[30.915s][debug][gc,phases      ] GC(75)   StringDedup Requests0 Weak     Min:  0.0, Avg:  0.0, Max:  0.0, Diff:  0.0, Sum:  0.0, Workers: 4
[30.915s][debug][gc,phases      ] GC(75)     Dead                           Min: 0, Avg:  0.0, Max: 0, Diff: 0, Sum: 0, Workers: 4
[30.915s][debug][gc,phases      ] GC(75)     Total                          Min: 0, Avg:  0.0, Max: 0, Diff: 0, Sum: 0, Workers: 4
[30.915s][debug][gc,phases      ] GC(75)   StringDedup Requests1 Weak     Min:  0.0, Avg:  0.0, Max:  0.0, Diff:  0.0, Sum:  0.0, Workers: 4
[30.915s][debug][gc,phases      ] GC(75)     Dead                           Min: 0, Avg:  0.0, Max: 0, Diff: 0, Sum: 0, Workers: 4
[30.915s][debug][gc,phases      ] GC(75)     Total                          Min: 0, Avg:  0.0, Max: 0, Diff: 0, Sum: 0, Workers: 4
[30.915s][debug][gc,phases      ] GC(75)   Weak JFR Old Object Samples    Min:  0.0, Avg:  0.0, Max:  0.0, Diff:  0.0, Sum:  0.0, Workers: 4
[30.915s][debug][gc,phases      ] GC(75)     Dead                           Min: 0, Avg:  0.0, Max: 0, Diff: 0, Sum: 0, Workers: 4
[30.915s][debug][gc,phases      ] GC(75)     Total                          Min: 0, Avg:  0.0, Max: 0, Diff: 0, Sum: 0, Workers: 4
[30.915s][debug][gc,phases      ] GC(75) Weak Processing 0.275ms
[30.915s][debug][gc,age         ] GC(75) Desired survivor size 147324928 bytes, new threshold 15 (max threshold 15)
[30.915s][info ][gc,heap        ] GC(75) PSYoungGen: 1872064K(1950720K)->64672K(1946624K) Eden: 1800192K(1800192K)->0K(1800192K) From: 71872K(150528K)->64672K(146432K)
[30.915s][info ][gc,heap        ] GC(75) ParOldGen: 581735K(629248K)->590535K(629248K)
[30.915s][info ][gc,metaspace   ] GC(75) Metaspace: 70938K(71744K)->70938K(71744K) NonClass: 60746K(61184K)->60746K(61184K) Class: 10192K(10560K)->10192K(10560K)
[30.915s][info ][gc             ] GC(75) Pause Young (Allocation Failure) 2396M->639M(2515M) 24.477ms
[30.915s][info ][gc,cpu         ] GC(75) User=0.09s Sys=0.00s Real=0.02s
[30.915s][info ][safepoint      ] Safepoint "ParallelGCFailedAllocation", Time since last: 339928829 ns, Reaching safepoint: 143302 ns, At safepoint: 24576655 ns, Total: 24719957 ns
[31.374s][info ][gc,start       ] GC(76) Pause Young (Allocation Failure)
[31.398s][debug][gc,phases      ] GC(76) Scavenge 23.943ms
[31.398s][debug][gc,ref         ] GC(76) Skipped phase 1 of Reference Processing: no references
[31.398s][debug][gc,ref         ] GC(76) ReferenceProcessor::execute queues: 1, RefProcThreadModel::Single, marks_oops_alive: false
[31.398s][debug][gc,ref         ] GC(76) Skipped phase 3 of Reference Processing: no references
[31.398s][debug][gc,ref         ] GC(76) ReferenceProcessor::execute queues: 1, RefProcThreadModel::Single, marks_oops_alive: false
[31.398s][debug][gc,phases      ] GC(76) Reference Processing 0.151ms
[31.398s][debug][gc,phases      ] GC(76)   VM Weak                        Min:  0.0, Avg:  0.0, Max:  0.0, Diff:  0.0, Sum:  0.0, Workers: 4
[31.398s][debug][gc,phases      ] GC(76)     Dead                           Min: 0, Avg:  0.0, Max: 0, Diff: 0, Sum: 0, Workers: 4
[31.398s][debug][gc,phases      ] GC(76)     Total                          Min: 0, Avg: 155.2, Max: 429, Diff: 429, Sum: 621, Workers: 4
[31.398s][debug][gc,phases      ] GC(76)   ObjectSynchronizer Weak        Min:  0.0, Avg:  0.0, Max:  0.0, Diff:  0.0, Sum:  0.0, Workers: 4
[31.398s][debug][gc,phases      ] GC(76)     Dead                           Min: 0, Avg:  0.0, Max: 0, Diff: 0, Sum: 0, Workers: 4
[31.398s][debug][gc,phases      ] GC(76)     Total                          Min: 0, Avg: 83.5, Max: 142, Diff: 142, Sum: 334, Workers: 4
[31.398s][debug][gc,phases      ] GC(76)   JVMTI Tag Weak OopStorage      Min:  0.0, Avg:  0.0, Max:  0.0, Diff:  0.0, Sum:  0.0, Workers: 4
[31.398s][debug][gc,phases      ] GC(76)     Dead                           Min: 0, Avg:  0.0, Max: 0, Diff: 0, Sum: 0, Workers: 4
[31.398s][debug][gc,phases      ] GC(76)     Total                          Min: 0, Avg:  0.0, Max: 0, Diff: 0, Sum: 0, Workers: 4
[31.398s][debug][gc,phases      ] GC(76)   StringTable Weak               Min:  0.1, Avg:  0.1, Max:  0.1, Diff:  0.0, Sum:  0.4, Workers: 4
[31.398s][debug][gc,phases      ] GC(76)     Dead                           Min: 0, Avg:  0.0, Max: 0, Diff: 0, Sum: 0, Workers: 4
[31.398s][debug][gc,phases      ] GC(76)     Total                          Min: 8822, Avg: 10909.5, Max: 14464, Diff: 5642, Sum: 43638, Workers: 4
[31.398s][debug][gc,phases      ] GC(76)   ResolvedMethodTable Weak       Min:  0.0, Avg:  0.0, Max:  0.0, Diff:  0.0, Sum:  0.1, Workers: 4
[31.398s][debug][gc,phases      ] GC(76)     Dead                           Min: 0, Avg:  0.0, Max: 0, Diff: 0, Sum: 0, Workers: 4
[31.398s][debug][gc,phases      ] GC(76)     Total                          Min: 1535, Avg: 1833.5, Max: 2535, Diff: 1000, Sum: 7334, Workers: 4
[31.398s][debug][gc,phases      ] GC(76)   JNI Weak                       Min:  0.0, Avg:  0.0, Max:  0.0, Diff:  0.0, Sum:  0.0, Workers: 4
[31.398s][debug][gc,phases      ] GC(76)     Dead                           Min: 0, Avg:  0.0, Max: 0, Diff: 0, Sum: 0, Workers: 4
[31.398s][debug][gc,phases      ] GC(76)     Total                          Min: 0, Avg:  1.2, Max: 5, Diff: 5, Sum: 5, Workers: 4
[31.398s][debug][gc,phases      ] GC(76)   StringDedup Table Weak         Min:  0.0, Avg:  0.0, Max:  0.0, Diff:  0.0, Sum:  0.0, Workers: 4
[31.398s][debug][gc,phases      ] GC(76)     Dead                           Min: 0, Avg:  0.0, Max: 0, Diff: 0, Sum: 0, Workers: 4
[31.398s][debug][gc,phases      ] GC(76)     Total                          Min: 0, Avg:  0.0, Max: 0, Diff: 0, Sum: 0, Workers: 4
[31.398s][debug][gc,phases      ] GC(76)   StringDedup Requests0 Weak     Min:  0.0, Avg:  0.0, Max:  0.0, Diff:  0.0, Sum:  0.0, Workers: 4
[31.398s][debug][gc,phases      ] GC(76)     Dead                           Min: 0, Avg:  0.0, Max: 0, Diff: 0, Sum: 0, Workers: 4
[31.398s][debug][gc,phases      ] GC(76)     Total                          Min: 0, Avg:  0.0, Max: 0, Diff: 0, Sum: 0, Workers: 4
[31.398s][debug][gc,phases      ] GC(76)   StringDedup Requests1 Weak     Min:  0.0, Avg:  0.0, Max:  0.0, Diff:  0.0, Sum:  0.0, Workers: 4
[31.398s][debug][gc,phases      ] GC(76)     Dead                           Min: 0, Avg:  0.0, Max: 0, Diff: 0, Sum: 0, Workers: 4
[31.398s][debug][gc,phases      ] GC(76)     Total                          Min: 0, Avg:  0.0, Max: 0, Diff: 0, Sum: 0, Workers: 4
[31.398s][debug][gc,phases      ] GC(76)   Weak JFR Old Object Samples    Min:  0.0, Avg:  0.0, Max:  0.0, Diff:  0.0, Sum:  0.0, Workers: 4
[31.398s][debug][gc,phases      ] GC(76)     Dead                           Min: 0, Avg:  0.0, Max: 0, Diff: 0, Sum: 0, Workers: 4
[31.398s][debug][gc,phases      ] GC(76)     Total                          Min: 0, Avg:  0.0, Max: 0, Diff: 0, Sum: 0, Workers: 4
[31.398s][debug][gc,phases      ] GC(76) Weak Processing 0.283ms
[31.398s][debug][gc,age         ] GC(76) Desired survivor size 145227776 bytes, new threshold 15 (max threshold 15)
[31.398s][info ][gc,heap        ] GC(76) PSYoungGen: 1864864K(1946624K)->57664K(1955328K) Eden: 1800192K(1800192K)->0K(1811456K) From: 64672K(146432K)->57664K(143872K)
[31.398s][info ][gc,heap        ] GC(76) ParOldGen: 590535K(629248K)->599555K(629248K)
[31.398s][info ][gc,metaspace   ] GC(76) Metaspace: 70947K(71744K)->70947K(71744K) NonClass: 60755K(61184K)->60755K(61184K) Class: 10192K(10560K)->10192K(10560K)
[31.398s][info ][gc             ] GC(76) Pause Young (Allocation Failure) 2397M->641M(2524M) 24.534ms
[31.398s][info ][gc,cpu         ] GC(76) User=0.08s Sys=0.01s Real=0.02s
[31.398s][info ][safepoint      ] Safepoint "ParallelGCFailedAllocation", Time since last: 458327657 ns, Reaching safepoint: 515305 ns, At safepoint: 24646356 ns, Total: 25161661 ns
[31.815s][info ][gc,start       ] GC(77) Pause Young (Allocation Failure)
[31.837s][debug][gc,phases      ] GC(77) Scavenge 22.064ms
[31.837s][debug][gc,ref         ] GC(77) Skipped phase 1 of Reference Processing: no references
[31.837s][debug][gc,ref         ] GC(77) ReferenceProcessor::execute queues: 1, RefProcThreadModel::Single, marks_oops_alive: false
[31.837s][debug][gc,ref         ] GC(77) Skipped phase 3 of Reference Processing: no references
[31.837s][debug][gc,ref         ] GC(77) ReferenceProcessor::execute queues: 1, RefProcThreadModel::Single, marks_oops_alive: false
[31.837s][debug][gc,phases      ] GC(77) Reference Processing 0.133ms
[31.837s][debug][gc,phases      ] GC(77)   VM Weak                        Min:  0.0, Avg:  0.0, Max:  0.0, Diff:  0.0, Sum:  0.0, Workers: 4
[31.837s][debug][gc,phases      ] GC(77)     Dead                           Min: 0, Avg:  0.0, Max: 0, Diff: 0, Sum: 0, Workers: 4
[31.837s][debug][gc,phases      ] GC(77)     Total                          Min: 0, Avg: 155.2, Max: 365, Diff: 365, Sum: 621, Workers: 4
[31.837s][debug][gc,phases      ] GC(77)   ObjectSynchronizer Weak        Min:  0.0, Avg:  0.0, Max:  0.0, Diff:  0.0, Sum:  0.0, Workers: 4
[31.837s][debug][gc,phases      ] GC(77)     Dead                           Min: 0, Avg:  0.0, Max: 0, Diff: 0, Sum: 0, Workers: 4
[31.837s][debug][gc,phases      ] GC(77)     Total                          Min: 0, Avg: 83.5, Max: 142, Diff: 142, Sum: 334, Workers: 4
[31.837s][debug][gc,phases      ] GC(77)   JVMTI Tag Weak OopStorage      Min:  0.0, Avg:  0.0, Max:  0.0, Diff:  0.0, Sum:  0.0, Workers: 4
[31.837s][debug][gc,phases      ] GC(77)     Dead                           Min: 0, Avg:  0.0, Max: 0, Diff: 0, Sum: 0, Workers: 4
[31.837s][debug][gc,phases      ] GC(77)     Total                          Min: 0, Avg:  0.0, Max: 0, Diff: 0, Sum: 0, Workers: 4
[31.837s][debug][gc,phases      ] GC(77)   StringTable Weak               Min:  0.1, Avg:  0.1, Max:  0.1, Diff:  0.0, Sum:  0.4, Workers: 4
[31.837s][debug][gc,phases      ] GC(77)     Dead                           Min: 0, Avg:  0.0, Max: 0, Diff: 0, Sum: 0, Workers: 4
[31.837s][debug][gc,phases      ] GC(77)     Total                          Min: 9786, Avg: 10910.5, Max: 13632, Diff: 3846, Sum: 43642, Workers: 4
[31.837s][debug][gc,phases      ] GC(77)   ResolvedMethodTable Weak       Min:  0.0, Avg:  0.0, Max:  0.0, Diff:  0.0, Sum:  0.1, Workers: 4
[31.837s][debug][gc,phases      ] GC(77)     Dead                           Min: 0, Avg:  0.0, Max: 0, Diff: 0, Sum: 0, Workers: 4
[31.837s][debug][gc,phases      ] GC(77)     Total                          Min: 1600, Avg: 1833.5, Max: 2470, Diff: 870, Sum: 7334, Workers: 4
[31.837s][debug][gc,phases      ] GC(77)   JNI Weak                       Min:  0.0, Avg:  0.0, Max:  0.0, Diff:  0.0, Sum:  0.0, Workers: 4
[31.837s][debug][gc,phases      ] GC(77)     Dead                           Min: 0, Avg:  0.0, Max: 0, Diff: 0, Sum: 0, Workers: 4
[31.837s][debug][gc,phases      ] GC(77)     Total                          Min: 0, Avg:  1.0, Max: 4, Diff: 4, Sum: 4, Workers: 4
[31.837s][debug][gc,phases      ] GC(77)   StringDedup Table Weak         Min:  0.0, Avg:  0.0, Max:  0.0, Diff:  0.0, Sum:  0.0, Workers: 4
[31.837s][debug][gc,phases      ] GC(77)     Dead                           Min: 0, Avg:  0.0, Max: 0, Diff: 0, Sum: 0, Workers: 4
[31.837s][debug][gc,phases      ] GC(77)     Total                          Min: 0, Avg:  0.0, Max: 0, Diff: 0, Sum: 0, Workers: 4
[31.837s][debug][gc,phases      ] GC(77)   StringDedup Requests0 Weak     Min:  0.0, Avg:  0.0, Max:  0.0, Diff:  0.0, Sum:  0.0, Workers: 4
[31.837s][debug][gc,phases      ] GC(77)     Dead                           Min: 0, Avg:  0.0, Max: 0, Diff: 0, Sum: 0, Workers: 4
[31.837s][debug][gc,phases      ] GC(77)     Total                          Min: 0, Avg:  0.0, Max: 0, Diff: 0, Sum: 0, Workers: 4
[31.837s][debug][gc,phases      ] GC(77)   StringDedup Requests1 Weak     Min:  0.0, Avg:  0.0, Max:  0.0, Diff:  0.0, Sum:  0.0, Workers: 4
[31.837s][debug][gc,phases      ] GC(77)     Dead                           Min: 0, Avg:  0.0, Max: 0, Diff: 0, Sum: 0, Workers: 4
[31.837s][debug][gc,phases      ] GC(77)     Total                          Min: 0, Avg:  0.0, Max: 0, Diff: 0, Sum: 0, Workers: 4
[31.837s][debug][gc,phases      ] GC(77)   Weak JFR Old Object Samples    Min:  0.0, Avg:  0.0, Max:  0.0, Diff:  0.0, Sum:  0.0, Workers: 4
[31.837s][debug][gc,phases      ] GC(77)     Dead                           Min: 0, Avg:  0.0, Max: 0, Diff: 0, Sum: 0, Workers: 4
[31.837s][debug][gc,phases      ] GC(77)     Total                          Min: 0, Avg:  0.0, Max: 0, Diff: 0, Sum: 0, Workers: 4
[31.837s][debug][gc,phases      ] GC(77) Weak Processing 0.270ms
[31.837s][debug][gc,age         ] GC(77) Desired survivor size 143654912 bytes, new threshold 15 (max threshold 15)
[31.837s][info ][gc,heap        ] GC(77) PSYoungGen: 1869120K(1955328K)->55392K(1953280K) Eden: 1811456K(1811456K)->0K(1811456K) From: 57664K(143872K)->55392K(141824K)
[31.837s][info ][gc,heap        ] GC(77) ParOldGen: 599555K(629248K)->607451K(629248K)
[31.837s][info ][gc,metaspace   ] GC(77) Metaspace: 70963K(71744K)->70963K(71744K) NonClass: 60771K(61184K)->60771K(61184K) Class: 10192K(10560K)->10192K(10560K)
[31.837s][info ][gc             ] GC(77) Pause Young (Allocation Failure) 2410M->647M(2522M) 22.590ms
[31.837s][info ][gc,cpu         ] GC(77) User=0.09s Sys=0.00s Real=0.02s
[31.837s][info ][safepoint      ] Safepoint "ParallelGCFailedAllocation", Time since last: 415167309 ns, Reaching safepoint: 1168412 ns, At safepoint: 22691836 ns, Total: 23860248 ns
[32.186s][info ][gc,start       ] GC(78) Pause Young (Allocation Failure)
[32.210s][debug][gc,phases      ] GC(78) Scavenge 24.000ms
[32.210s][debug][gc,ref         ] GC(78) Skipped phase 1 of Reference Processing: no references
[32.210s][debug][gc,ref         ] GC(78) ReferenceProcessor::execute queues: 1, RefProcThreadModel::Single, marks_oops_alive: false
[32.210s][debug][gc,ref         ] GC(78) Skipped phase 3 of Reference Processing: no references
[32.210s][debug][gc,ref         ] GC(78) ReferenceProcessor::execute queues: 1, RefProcThreadModel::Single, marks_oops_alive: false
[32.210s][debug][gc,phases      ] GC(78) Reference Processing 0.158ms
[32.210s][debug][gc,phases      ] GC(78)   VM Weak                        Min:  0.0, Avg:  0.0, Max:  0.0, Diff:  0.0, Sum:  0.0, Workers: 4
[32.210s][debug][gc,phases      ] GC(78)     Dead                           Min: 0, Avg:  0.0, Max: 0, Diff: 0, Sum: 0, Workers: 4
[32.210s][debug][gc,phases      ] GC(78)     Total                          Min: 0, Avg: 155.5, Max: 622, Diff: 622, Sum: 622, Workers: 4
[32.210s][debug][gc,phases      ] GC(78)   ObjectSynchronizer Weak        Min:  0.0, Avg:  0.0, Max:  0.0, Diff:  0.0, Sum:  0.0, Workers: 4
[32.210s][debug][gc,phases      ] GC(78)     Dead                           Min: 0, Avg:  0.0, Max: 0, Diff: 0, Sum: 0, Workers: 4
[32.210s][debug][gc,phases      ] GC(78)     Total                          Min: 0, Avg: 83.5, Max: 256, Diff: 256, Sum: 334, Workers: 4
[32.210s][debug][gc,phases      ] GC(78)   JVMTI Tag Weak OopStorage      Min:  0.0, Avg:  0.0, Max:  0.0, Diff:  0.0, Sum:  0.0, Workers: 4
[32.210s][debug][gc,phases      ] GC(78)     Dead                           Min: 0, Avg:  0.0, Max: 0, Diff: 0, Sum: 0, Workers: 4
[32.210s][debug][gc,phases      ] GC(78)     Total                          Min: 0, Avg:  0.0, Max: 0, Diff: 0, Sum: 0, Workers: 4
[32.210s][debug][gc,phases      ] GC(78)   StringTable Weak               Min:  0.1, Avg:  0.1, Max:  0.1, Diff:  0.0, Sum:  0.3, Workers: 4
[32.210s][debug][gc,phases      ] GC(78)     Dead                           Min: 0, Avg:  0.0, Max: 0, Diff: 0, Sum: 0, Workers: 4
[32.210s][debug][gc,phases      ] GC(78)     Total                          Min: 8704, Avg: 10972.8, Max: 13235, Diff: 4531, Sum: 43891, Workers: 4
[32.210s][debug][gc,phases      ] GC(78)   ResolvedMethodTable Weak       Min:  0.0, Avg:  0.0, Max:  0.0, Diff:  0.0, Sum:  0.1, Workers: 4
[32.210s][debug][gc,phases      ] GC(78)     Dead                           Min: 0, Avg: 10.0, Max: 26, Diff: 26, Sum: 40, Workers: 4
[32.210s][debug][gc,phases      ] GC(78)     Total                          Min: 1600, Avg: 1879.8, Max: 2111, Diff: 511, Sum: 7519, Workers: 4
[32.210s][debug][gc,phases      ] GC(78)   JNI Weak                       Min:  0.0, Avg:  0.0, Max:  0.0, Diff:  0.0, Sum:  0.0, Workers: 4
[32.210s][debug][gc,phases      ] GC(78)     Dead                           Min: 0, Avg:  0.0, Max: 0, Diff: 0, Sum: 0, Workers: 4
[32.210s][debug][gc,phases      ] GC(78)     Total                          Min: 0, Avg:  0.0, Max: 0, Diff: 0, Sum: 0, Workers: 4
[32.210s][debug][gc,phases      ] GC(78)   StringDedup Table Weak         Min:  0.0, Avg:  0.0, Max:  0.0, Diff:  0.0, Sum:  0.0, Workers: 4
[32.210s][debug][gc,phases      ] GC(78)     Dead                           Min: 0, Avg:  0.0, Max: 0, Diff: 0, Sum: 0, Workers: 4
[32.210s][debug][gc,phases      ] GC(78)     Total                          Min: 0, Avg:  0.0, Max: 0, Diff: 0, Sum: 0, Workers: 4
[32.210s][debug][gc,phases      ] GC(78)   StringDedup Requests0 Weak     Min:  0.0, Avg:  0.0, Max:  0.0, Diff:  0.0, Sum:  0.0, Workers: 4
[32.210s][debug][gc,phases      ] GC(78)     Dead                           Min: 0, Avg:  0.0, Max: 0, Diff: 0, Sum: 0, Workers: 4
[32.210s][debug][gc,phases      ] GC(78)     Total                          Min: 0, Avg:  0.0, Max: 0, Diff: 0, Sum: 0, Workers: 4
[32.210s][debug][gc,phases      ] GC(78)   StringDedup Requests1 Weak     Min:  0.0, Avg:  0.0, Max:  0.0, Diff:  0.0, Sum:  0.0, Workers: 4
[32.210s][debug][gc,phases      ] GC(78)     Dead                           Min: 0, Avg:  0.0, Max: 0, Diff: 0, Sum: 0, Workers: 4
[32.210s][debug][gc,phases      ] GC(78)     Total                          Min: 0, Avg:  0.0, Max: 0, Diff: 0, Sum: 0, Workers: 4
[32.210s][debug][gc,phases      ] GC(78)   Weak JFR Old Object Samples    Min:  0.0, Avg:  0.0, Max:  0.0, Diff:  0.0, Sum:  0.0, Workers: 4
[32.210s][debug][gc,phases      ] GC(78)     Dead                           Min: 0, Avg:  0.0, Max: 0, Diff: 0, Sum: 0, Workers: 4
[32.210s][debug][gc,phases      ] GC(78)     Total                          Min: 0, Avg:  0.0, Max: 0, Diff: 0, Sum: 0, Workers: 4
[32.210s][debug][gc,phases      ] GC(78) Weak Processing 0.266ms
[32.210s][debug][gc,age         ] GC(78) Desired survivor size 142606336 bytes, new threshold 15 (max threshold 15)
[32.210s][info ][gc,heap        ] GC(78) PSYoungGen: 1866848K(1953280K)->45632K(1957888K) Eden: 1811456K(1811456K)->0K(1817600K) From: 55392K(141824K)->45632K(140288K)
[32.210s][info ][gc,heap        ] GC(78) ParOldGen: 607451K(629248K)->618395K(629248K)
[32.210s][info ][gc,metaspace   ] GC(78) Metaspace: 72281K(73088K)->72281K(73088K) NonClass: 61847K(62272K)->61847K(62272K) Class: 10433K(10816K)->10433K(10816K)
[32.210s][info ][gc             ] GC(78) Pause Young (Allocation Failure) 2416M->648M(2526M) 24.566ms
[32.210s][info ][gc,cpu         ] GC(78) User=0.10s Sys=0.00s Real=0.03s
[32.210s][debug][gc,phases      ] GC(79) Pre Compact 0.010ms
[32.210s][info ][gc,start       ] GC(79) Pause Full (Ergonomics)
[32.210s][info ][gc,phases,start] GC(79) Marking Phase
[32.327s][debug][gc,phases      ] GC(79) Par Mark 116.570ms
[32.327s][debug][gc,ref         ] GC(79) Skipped phase 1 of Reference Processing: no references
[32.327s][debug][gc,ref         ] GC(79) ReferenceProcessor::execute queues: 4, RefProcThreadModel::Multi, marks_oops_alive: false
[32.328s][debug][gc,ref         ] GC(79) Skipped phase 3 of Reference Processing: no references
[32.328s][debug][gc,ref         ] GC(79) ReferenceProcessor::execute queues: 1, RefProcThreadModel::Single, marks_oops_alive: false
[32.328s][debug][gc,phases      ] GC(79) Reference Processing 0.584ms
[32.328s][debug][gc,phases      ] GC(79)   VM Weak                        Min:  0.0, Avg:  0.0, Max:  0.0, Diff:  0.0, Sum:  0.0, Workers: 4
[32.328s][debug][gc,phases      ] GC(79)     Dead                           Min: 0, Avg:  0.0, Max: 0, Diff: 0, Sum: 0, Workers: 4
[32.328s][debug][gc,phases      ] GC(79)     Total                          Min: 0, Avg: 155.5, Max: 384, Diff: 384, Sum: 622, Workers: 4
[32.328s][debug][gc,phases      ] GC(79)   ObjectSynchronizer Weak        Min:  0.0, Avg:  0.0, Max:  0.0, Diff:  0.0, Sum:  0.0, Workers: 4
[32.328s][debug][gc,phases      ] GC(79)     Dead                           Min: 0, Avg:  0.0, Max: 0, Diff: 0, Sum: 0, Workers: 4
[32.328s][debug][gc,phases      ] GC(79)     Total                          Min: 0, Avg: 83.5, Max: 128, Diff: 128, Sum: 334, Workers: 4
[32.328s][debug][gc,phases      ] GC(79)   JVMTI Tag Weak OopStorage      Min:  0.0, Avg:  0.0, Max:  0.0, Diff:  0.0, Sum:  0.0, Workers: 4
[32.328s][debug][gc,phases      ] GC(79)     Dead                           Min: 0, Avg:  0.0, Max: 0, Diff: 0, Sum: 0, Workers: 4
[32.328s][debug][gc,phases      ] GC(79)     Total                          Min: 0, Avg:  0.0, Max: 0, Diff: 0, Sum: 0, Workers: 4
[32.328s][debug][gc,phases      ] GC(79)   StringTable Weak               Min:  0.1, Avg:  0.2, Max:  0.2, Diff:  0.0, Sum:  0.6, Workers: 4
[32.328s][debug][gc,phases      ] GC(79)     Dead                           Min: 0, Avg:  0.0, Max: 0, Diff: 0, Sum: 0, Workers: 4
[32.328s][debug][gc,phases      ] GC(79)     Total                          Min: 10496, Avg: 10972.8, Max: 11840, Diff: 1344, Sum: 43891, Workers: 4
[32.328s][debug][gc,phases      ] GC(79)   ResolvedMethodTable Weak       Min:  0.0, Avg:  0.0, Max:  0.0, Diff:  0.0, Sum:  0.1, Workers: 4
[32.328s][debug][gc,phases      ] GC(79)     Dead                           Min: 0, Avg:  0.0, Max: 0, Diff: 0, Sum: 0, Workers: 4
[32.328s][debug][gc,phases      ] GC(79)     Total                          Min: 1664, Avg: 1879.8, Max: 2175, Diff: 511, Sum: 7519, Workers: 4
[32.328s][debug][gc,phases      ] GC(79)   JNI Weak                       Min:  0.0, Avg:  0.0, Max:  0.0, Diff:  0.0, Sum:  0.0, Workers: 4
[32.328s][debug][gc,phases      ] GC(79)     Dead                           Min: 0, Avg:  0.0, Max: 0, Diff: 0, Sum: 0, Workers: 4
[32.328s][debug][gc,phases      ] GC(79)     Total                          Min: 0, Avg:  0.0, Max: 0, Diff: 0, Sum: 0, Workers: 4
[32.328s][debug][gc,phases      ] GC(79)   StringDedup Table Weak         Min:  0.0, Avg:  0.0, Max:  0.0, Diff:  0.0, Sum:  0.0, Workers: 4
[32.328s][debug][gc,phases      ] GC(79)     Dead                           Min: 0, Avg:  0.0, Max: 0, Diff: 0, Sum: 0, Workers: 4
[32.328s][debug][gc,phases      ] GC(79)     Total                          Min: 0, Avg:  0.0, Max: 0, Diff: 0, Sum: 0, Workers: 4
[32.328s][debug][gc,phases      ] GC(79)   StringDedup Requests0 Weak     Min:  0.0, Avg:  0.0, Max:  0.0, Diff:  0.0, Sum:  0.0, Workers: 4
[32.328s][debug][gc,phases      ] GC(79)     Dead                           Min: 0, Avg:  0.0, Max: 0, Diff: 0, Sum: 0, Workers: 4
[32.328s][debug][gc,phases      ] GC(79)     Total                          Min: 0, Avg:  0.0, Max: 0, Diff: 0, Sum: 0, Workers: 4
[32.328s][debug][gc,phases      ] GC(79)   StringDedup Requests1 Weak     Min:  0.0, Avg:  0.0, Max:  0.0, Diff:  0.0, Sum:  0.0, Workers: 4
[32.328s][debug][gc,phases      ] GC(79)     Dead                           Min: 0, Avg:  0.0, Max: 0, Diff: 0, Sum: 0, Workers: 4
[32.328s][debug][gc,phases      ] GC(79)     Total                          Min: 0, Avg:  0.0, Max: 0, Diff: 0, Sum: 0, Workers: 4
[32.328s][debug][gc,phases      ] GC(79)   Weak JFR Old Object Samples    Min:  0.0, Avg:  0.0, Max:  0.0, Diff:  0.0, Sum:  0.0, Workers: 4
[32.328s][debug][gc,phases      ] GC(79)     Dead                           Min: 0, Avg:  0.0, Max: 0, Diff: 0, Sum: 0, Workers: 4
[32.328s][debug][gc,phases      ] GC(79)     Total                          Min: 0, Avg:  0.0, Max: 0, Diff: 0, Sum: 0, Workers: 4
[32.328s][debug][gc,phases      ] GC(79) Weak Processing 0.343ms
[32.328s][debug][gc,phases      ] GC(79) ClassLoaderData 0.081ms
[32.328s][debug][gc,phases      ] GC(79) Trigger cleanups 0.001ms
[32.338s][debug][gc,phases      ] GC(79) Class Unloading 10.386ms
[32.338s][info ][gc,phases      ] GC(79) Marking Phase 128.025ms
[32.338s][info ][gc,phases,start] GC(79) Summary Phase
[32.338s][info ][gc,phases      ] GC(79) Summary Phase 0.020ms
[32.338s][info ][gc,phases,start] GC(79) Adjust Roots
[32.347s][info ][gc,phases      ] GC(79) Adjust Roots 8.496ms
[32.347s][info ][gc,phases,start] GC(79) Compaction Phase
[32.480s][info ][gc,phases      ] GC(79) Compaction Phase 133.532ms
[32.481s][info ][gc,phases,start] GC(79) Post Compact
[32.482s][info ][gc,phases      ] GC(79) Post Compact 1.556ms
[32.482s][info ][gc,heap        ] GC(79) PSYoungGen: 45632K(1957888K)->0K(1956864K) Eden: 0K(1817600K)->0K(1817600K) From: 45632K(140288K)->0K(139264K)
[32.482s][info ][gc,heap        ] GC(79) ParOldGen: 618395K(629248K)->401342K(496640K)
[32.482s][info ][gc,metaspace   ] GC(79) Metaspace: 72281K(73088K)->72281K(73088K) NonClass: 61847K(62272K)->61847K(62272K) Class: 10433K(10816K)->10433K(10816K)
[32.482s][info ][gc             ] GC(79) Pause Full (Ergonomics) 648M->391M(2396M) 272.019ms
[32.482s][info ][gc,cpu         ] GC(79) User=1.02s Sys=0.00s Real=0.27s
[32.499s][info ][safepoint      ] Safepoint "ParallelGCFailedAllocation", Time since last: 346006290 ns, Reaching safepoint: 2257623 ns, At safepoint: 313611954 ns, Total: 315869577 ns
[32.817s][info ][gc,start       ] GC(80) Pause Young (Allocation Failure)
[32.819s][debug][gc,phases      ] GC(80) Scavenge 1.171ms
[32.819s][debug][gc,ref         ] GC(80) Skipped phase 1 of Reference Processing: no references
[32.819s][debug][gc,ref         ] GC(80) ReferenceProcessor::execute queues: 1, RefProcThreadModel::Single, marks_oops_alive: false
[32.819s][debug][gc,ref         ] GC(80) Skipped phase 3 of Reference Processing: no references
[32.819s][debug][gc,ref         ] GC(80) ReferenceProcessor::execute queues: 1, RefProcThreadModel::Single, marks_oops_alive: false
[32.819s][debug][gc,phases      ] GC(80) Reference Processing 0.112ms
[32.819s][debug][gc,phases      ] GC(80)   VM Weak                        Min:  0.0, Avg:  0.0, Max:  0.0, Diff:  0.0, Sum:  0.0, Workers: 4
[32.819s][debug][gc,phases      ] GC(80)     Dead                           Min: 0, Avg:  0.0, Max: 0, Diff: 0, Sum: 0, Workers: 4
[32.819s][debug][gc,phases      ] GC(80)     Total                          Min: 0, Avg: 155.5, Max: 622, Diff: 622, Sum: 622, Workers: 4
[32.819s][debug][gc,phases      ] GC(80)   ObjectSynchronizer Weak        Min:  0.0, Avg:  0.0, Max:  0.0, Diff:  0.0, Sum:  0.0, Workers: 4
[32.819s][debug][gc,phases      ] GC(80)     Dead                           Min: 0, Avg:  0.0, Max: 0, Diff: 0, Sum: 0, Workers: 4
[32.819s][debug][gc,phases      ] GC(80)     Total                          Min: 0, Avg: 83.5, Max: 270, Diff: 270, Sum: 334, Workers: 4
[32.819s][debug][gc,phases      ] GC(80)   JVMTI Tag Weak OopStorage      Min:  0.0, Avg:  0.0, Max:  0.0, Diff:  0.0, Sum:  0.0, Workers: 4
[32.819s][debug][gc,phases      ] GC(80)     Dead                           Min: 0, Avg:  0.0, Max: 0, Diff: 0, Sum: 0, Workers: 4
[32.819s][debug][gc,phases      ] GC(80)     Total                          Min: 0, Avg:  0.0, Max: 0, Diff: 0, Sum: 0, Workers: 4
[32.819s][debug][gc,phases      ] GC(80)   StringTable Weak               Min:  0.1, Avg:  0.1, Max:  0.1, Diff:  0.0, Sum:  0.4, Workers: 4
[32.819s][debug][gc,phases      ] GC(80)     Dead                           Min: 0, Avg:  0.0, Max: 0, Diff: 0, Sum: 0, Workers: 4
[32.819s][debug][gc,phases      ] GC(80)     Total                          Min: 9664, Avg: 11006.0, Max: 14592, Diff: 4928, Sum: 44024, Workers: 4
[32.819s][debug][gc,phases      ] GC(80)   ResolvedMethodTable Weak       Min:  0.0, Avg:  0.0, Max:  0.0, Diff:  0.0, Sum:  0.1, Workers: 4
[32.819s][debug][gc,phases      ] GC(80)     Dead                           Min: 2, Avg: 11.0, Max: 24, Diff: 22, Sum: 44, Workers: 4
[32.819s][debug][gc,phases      ] GC(80)     Total                          Min: 1024, Avg: 1890.0, Max: 2888, Diff: 1864, Sum: 7560, Workers: 4
[32.819s][debug][gc,phases      ] GC(80)   JNI Weak                       Min:  0.0, Avg:  0.0, Max:  0.0, Diff:  0.0, Sum:  0.0, Workers: 4
[32.819s][debug][gc,phases      ] GC(80)     Dead                           Min: 0, Avg:  0.0, Max: 0, Diff: 0, Sum: 0, Workers: 4
[32.819s][debug][gc,phases      ] GC(80)     Total                          Min: 0, Avg:  0.2, Max: 1, Diff: 1, Sum: 1, Workers: 4
[32.819s][debug][gc,phases      ] GC(80)   StringDedup Table Weak         Min:  0.0, Avg:  0.0, Max:  0.0, Diff:  0.0, Sum:  0.0, Workers: 4
[32.819s][debug][gc,phases      ] GC(80)     Dead                           Min: 0, Avg:  0.0, Max: 0, Diff: 0, Sum: 0, Workers: 4
[32.819s][debug][gc,phases      ] GC(80)     Total                          Min: 0, Avg:  0.0, Max: 0, Diff: 0, Sum: 0, Workers: 4
[32.819s][debug][gc,phases      ] GC(80)   StringDedup Requests0 Weak     Min:  0.0, Avg:  0.0, Max:  0.0, Diff:  0.0, Sum:  0.0, Workers: 4
[32.819s][debug][gc,phases      ] GC(80)     Dead                           Min: 0, Avg:  0.0, Max: 0, Diff: 0, Sum: 0, Workers: 4
[32.819s][debug][gc,phases      ] GC(80)     Total                          Min: 0, Avg:  0.0, Max: 0, Diff: 0, Sum: 0, Workers: 4
[32.819s][debug][gc,phases      ] GC(80)   StringDedup Requests1 Weak     Min:  0.0, Avg:  0.0, Max:  0.0, Diff:  0.0, Sum:  0.0, Workers: 4
[32.819s][debug][gc,phases      ] GC(80)     Dead                           Min: 0, Avg:  0.0, Max: 0, Diff: 0, Sum: 0, Workers: 4
[32.819s][debug][gc,phases      ] GC(80)     Total                          Min: 0, Avg:  0.0, Max: 0, Diff: 0, Sum: 0, Workers: 4
[32.819s][debug][gc,phases      ] GC(80)   Weak JFR Old Object Samples    Min:  0.0, Avg:  0.0, Max:  0.0, Diff:  0.0, Sum:  0.0, Workers: 4
[32.819s][debug][gc,phases      ] GC(80)     Dead                           Min: 0, Avg:  0.0, Max: 0, Diff: 0, Sum: 0, Workers: 4
[32.819s][debug][gc,phases      ] GC(80)     Total                          Min: 0, Avg:  0.0, Max: 0, Diff: 0, Sum: 0, Workers: 4
[32.819s][debug][gc,phases      ] GC(80) Weak Processing 0.285ms
[32.819s][debug][gc,age         ] GC(80) Desired survivor size 148897792 bytes, new threshold 15 (max threshold 15)
[32.819s][info ][gc,heap        ] GC(80) PSYoungGen: 1817600K(1956864K)->704K(1945600K) Eden: 1817600K(1817600K)->0K(1806336K) From: 0K(139264K)->704K(139264K)
[32.819s][info ][gc,heap        ] GC(80) ParOldGen: 401342K(496640K)->401350K(496640K)
[32.819s][info ][gc,metaspace   ] GC(80) Metaspace: 72927K(73728K)->72927K(73728K) NonClass: 62396K(62848K)->62396K(62848K) Class: 10530K(10880K)->10530K(10880K)
[32.819s][info ][gc             ] GC(80) Pause Young (Allocation Failure) 2166M->392M(2385M) 1.671ms
[32.819s][info ][gc,cpu         ] GC(80) User=0.00s Sys=0.00s Real=0.00s
[32.819s][info ][safepoint      ] Safepoint "ParallelGCFailedAllocation", Time since last: 317926299 ns, Reaching safepoint: 160602 ns, At safepoint: 1760618 ns, Total: 1921220 ns
[33.181s][info ][gc,start       ] GC(81) Pause Young (Allocation Failure)
[33.183s][debug][gc,phases      ] GC(81) Scavenge 1.732ms
[33.183s][debug][gc,ref         ] GC(81) Skipped phase 1 of Reference Processing: no references
[33.183s][debug][gc,ref         ] GC(81) ReferenceProcessor::execute queues: 1, RefProcThreadModel::Single, marks_oops_alive: false
[33.183s][debug][gc,ref         ] GC(81) Skipped phase 3 of Reference Processing: no references
[33.183s][debug][gc,ref         ] GC(81) ReferenceProcessor::execute queues: 1, RefProcThreadModel::Single, marks_oops_alive: false
[33.183s][debug][gc,phases      ] GC(81) Reference Processing 0.146ms
[33.183s][debug][gc,phases      ] GC(81)   VM Weak                        Min:  0.0, Avg:  0.0, Max:  0.0, Diff:  0.0, Sum:  0.0, Workers: 4
[33.183s][debug][gc,phases      ] GC(81)     Dead                           Min: 0, Avg:  0.0, Max: 0, Diff: 0, Sum: 0, Workers: 4
[33.183s][debug][gc,phases      ] GC(81)     Total                          Min: 0, Avg: 157.0, Max: 628, Diff: 628, Sum: 628, Workers: 4
[33.183s][debug][gc,phases      ] GC(81)   ObjectSynchronizer Weak        Min:  0.0, Avg:  0.0, Max:  0.0, Diff:  0.0, Sum:  0.0, Workers: 4
[33.183s][debug][gc,phases      ] GC(81)     Dead                           Min: 0, Avg:  0.2, Max: 1, Diff: 1, Sum: 1, Workers: 4
[33.183s][debug][gc,phases      ] GC(81)     Total                          Min: 0, Avg: 83.8, Max: 335, Diff: 335, Sum: 335, Workers: 4
[33.183s][debug][gc,phases      ] GC(81)   JVMTI Tag Weak OopStorage      Min:  0.0, Avg:  0.0, Max:  0.0, Diff:  0.0, Sum:  0.0, Workers: 4
[33.183s][debug][gc,phases      ] GC(81)     Dead                           Min: 0, Avg:  0.0, Max: 0, Diff: 0, Sum: 0, Workers: 4
[33.183s][debug][gc,phases      ] GC(81)     Total                          Min: 0, Avg:  0.0, Max: 0, Diff: 0, Sum: 0, Workers: 4
[33.183s][debug][gc,phases      ] GC(81)   StringTable Weak               Min:  0.1, Avg:  0.1, Max:  0.1, Diff:  0.0, Sum:  0.3, Workers: 4
[33.183s][debug][gc,phases      ] GC(81)     Dead                           Min: 0, Avg:  0.2, Max: 1, Diff: 1, Sum: 1, Workers: 4
[33.183s][debug][gc,phases      ] GC(81)     Total                          Min: 8726, Avg: 11349.5, Max: 14464, Diff: 5738, Sum: 45398, Workers: 4
[33.183s][debug][gc,phases      ] GC(81)   ResolvedMethodTable Weak       Min:  0.0, Avg:  0.0, Max:  0.0, Diff:  0.0, Sum:  0.1, Workers: 4
[33.183s][debug][gc,phases      ] GC(81)     Dead                           Min: 0, Avg:  0.2, Max: 1, Diff: 1, Sum: 1, Workers: 4
[33.183s][debug][gc,phases      ] GC(81)     Total                          Min: 1563, Avg: 1894.8, Max: 2240, Diff: 677, Sum: 7579, Workers: 4
[33.183s][debug][gc,phases      ] GC(81)   JNI Weak                       Min:  0.0, Avg:  0.0, Max:  0.0, Diff:  0.0, Sum:  0.0, Workers: 4
[33.183s][debug][gc,phases      ] GC(81)     Dead                           Min: 0, Avg:  0.0, Max: 0, Diff: 0, Sum: 0, Workers: 4
[33.183s][debug][gc,phases      ] GC(81)     Total                          Min: 0, Avg:  0.2, Max: 1, Diff: 1, Sum: 1, Workers: 4
[33.183s][debug][gc,phases      ] GC(81)   StringDedup Table Weak         Min:  0.0, Avg:  0.0, Max:  0.0, Diff:  0.0, Sum:  0.0, Workers: 4
[33.183s][debug][gc,phases      ] GC(81)     Dead                           Min: 0, Avg:  0.0, Max: 0, Diff: 0, Sum: 0, Workers: 4
[33.183s][debug][gc,phases      ] GC(81)     Total                          Min: 0, Avg:  0.0, Max: 0, Diff: 0, Sum: 0, Workers: 4
[33.183s][debug][gc,phases      ] GC(81)   StringDedup Requests0 Weak     Min:  0.0, Avg:  0.0, Max:  0.0, Diff:  0.0, Sum:  0.0, Workers: 4
[33.183s][debug][gc,phases      ] GC(81)     Dead                           Min: 0, Avg:  0.0, Max: 0, Diff: 0, Sum: 0, Workers: 4
[33.183s][debug][gc,phases      ] GC(81)     Total                          Min: 0, Avg:  0.0, Max: 0, Diff: 0, Sum: 0, Workers: 4
[33.183s][debug][gc,phases      ] GC(81)   StringDedup Requests1 Weak     Min:  0.0, Avg:  0.0, Max:  0.0, Diff:  0.0, Sum:  0.0, Workers: 4
[33.183s][debug][gc,phases      ] GC(81)     Dead                           Min: 0, Avg:  0.0, Max: 0, Diff: 0, Sum: 0, Workers: 4
[33.183s][debug][gc,phases      ] GC(81)     Total                          Min: 0, Avg:  0.0, Max: 0, Diff: 0, Sum: 0, Workers: 4
[33.183s][debug][gc,phases      ] GC(81)   Weak JFR Old Object Samples    Min:  0.0, Avg:  0.0, Max:  0.0, Diff:  0.0, Sum:  0.0, Workers: 4
[33.183s][debug][gc,phases      ] GC(81)     Dead                           Min: 0, Avg:  0.0, Max: 0, Diff: 0, Sum: 0, Workers: 4
[33.183s][debug][gc,phases      ] GC(81)     Total                          Min: 0, Avg:  0.0, Max: 0, Diff: 0, Sum: 0, Workers: 4
[33.183s][debug][gc,phases      ] GC(81) Weak Processing 0.376ms
[33.183s][debug][gc,age         ] GC(81) Desired survivor size 152567808 bytes, new threshold 15 (max threshold 15)
[33.183s][info ][gc,heap        ] GC(81) PSYoungGen: 1807040K(1945600K)->2240K(1808896K) Eden: 1806336K(1806336K)->0K(1806336K) From: 704K(139264K)->2240K(2560K)
[33.183s][info ][gc,heap        ] GC(81) ParOldGen: 401350K(496640K)->401358K(496640K)
[33.183s][info ][gc,metaspace   ] GC(81) Metaspace: 74105K(74944K)->74105K(74944K) NonClass: 63434K(63872K)->63434K(63872K) Class: 10671K(11072K)->10671K(11072K)
[33.183s][info ][gc             ] GC(81) Pause Young (Allocation Failure) 2156M->394M(2251M) 2.402ms
[33.183s][info ][gc,cpu         ] GC(81) User=0.01s Sys=0.00s Real=0.00s
[33.183s][info ][safepoint      ] Safepoint "ParallelGCFailedAllocation", Time since last: 361491850 ns, Reaching safepoint: 185902 ns, At safepoint: 2542626 ns, Total: 2728528 ns
[33.532s][info ][gc,start       ] GC(82) Pause Young (Allocation Failure)
[33.534s][debug][gc,phases      ] GC(82) Scavenge 2.000ms
[33.534s][debug][gc,ref         ] GC(82) Skipped phase 1 of Reference Processing: no references
[33.534s][debug][gc,ref         ] GC(82) ReferenceProcessor::execute queues: 1, RefProcThreadModel::Single, marks_oops_alive: false
[33.534s][debug][gc,ref         ] GC(82) Skipped phase 3 of Reference Processing: no references
[33.534s][debug][gc,ref         ] GC(82) ReferenceProcessor::execute queues: 1, RefProcThreadModel::Single, marks_oops_alive: false
[33.534s][debug][gc,phases      ] GC(82) Reference Processing 0.099ms
[33.534s][debug][gc,phases      ] GC(82)   VM Weak                        Min:  0.0, Avg:  0.0, Max:  0.0, Diff:  0.0, Sum:  0.0, Workers: 4
[33.534s][debug][gc,phases      ] GC(82)     Dead                           Min: 0, Avg:  0.0, Max: 0, Diff: 0, Sum: 0, Workers: 4
[33.534s][debug][gc,phases      ] GC(82)     Total                          Min: 0, Avg: 158.8, Max: 571, Diff: 571, Sum: 635, Workers: 4
[33.534s][debug][gc,phases      ] GC(82)   ObjectSynchronizer Weak        Min:  0.0, Avg:  0.0, Max:  0.0, Diff:  0.0, Sum:  0.0, Workers: 4
[33.534s][debug][gc,phases      ] GC(82)     Dead                           Min: 0, Avg:  0.0, Max: 0, Diff: 0, Sum: 0, Workers: 4
[33.534s][debug][gc,phases      ] GC(82)     Total                          Min: 0, Avg: 83.8, Max: 207, Diff: 207, Sum: 335, Workers: 4
[33.534s][debug][gc,phases      ] GC(82)   JVMTI Tag Weak OopStorage      Min:  0.0, Avg:  0.0, Max:  0.0, Diff:  0.0, Sum:  0.0, Workers: 4
[33.534s][debug][gc,phases      ] GC(82)     Dead                           Min: 0, Avg:  0.0, Max: 0, Diff: 0, Sum: 0, Workers: 4
[33.534s][debug][gc,phases      ] GC(82)     Total                          Min: 0, Avg:  0.0, Max: 0, Diff: 0, Sum: 0, Workers: 4
[33.534s][debug][gc,phases      ] GC(82)   StringTable Weak               Min:  0.1, Avg:  0.1, Max:  0.1, Diff:  0.0, Sum:  0.4, Workers: 4
[33.534s][debug][gc,phases      ] GC(82)     Dead                           Min: 0, Avg:  0.2, Max: 1, Diff: 1, Sum: 1, Workers: 4
[33.534s][debug][gc,phases      ] GC(82)     Total                          Min: 9472, Avg: 11507.0, Max: 15488, Diff: 6016, Sum: 46028, Workers: 4
[33.534s][debug][gc,phases      ] GC(82)   ResolvedMethodTable Weak       Min:  0.0, Avg:  0.0, Max:  0.0, Diff:  0.0, Sum:  0.1, Workers: 4
[33.534s][debug][gc,phases      ] GC(82)     Dead                           Min: 0, Avg:  0.8, Max: 3, Diff: 3, Sum: 3, Workers: 4
[33.534s][debug][gc,phases      ] GC(82)     Total                          Min: 1472, Avg: 1898.5, Max: 2048, Diff: 576, Sum: 7594, Workers: 4
[33.534s][debug][gc,phases      ] GC(82)   JNI Weak                       Min:  0.0, Avg:  0.0, Max:  0.0, Diff:  0.0, Sum:  0.0, Workers: 4
[33.534s][debug][gc,phases      ] GC(82)     Dead                           Min: 0, Avg:  0.0, Max: 0, Diff: 0, Sum: 0, Workers: 4
[33.534s][debug][gc,phases      ] GC(82)     Total                          Min: 0, Avg:  0.2, Max: 1, Diff: 1, Sum: 1, Workers: 4
[33.534s][debug][gc,phases      ] GC(82)   StringDedup Table Weak         Min:  0.0, Avg:  0.0, Max:  0.0, Diff:  0.0, Sum:  0.0, Workers: 4
[33.534s][debug][gc,phases      ] GC(82)     Dead                           Min: 0, Avg:  0.0, Max: 0, Diff: 0, Sum: 0, Workers: 4
[33.534s][debug][gc,phases      ] GC(82)     Total                          Min: 0, Avg:  0.0, Max: 0, Diff: 0, Sum: 0, Workers: 4
[33.534s][debug][gc,phases      ] GC(82)   StringDedup Requests0 Weak     Min:  0.0, Avg:  0.0, Max:  0.0, Diff:  0.0, Sum:  0.0, Workers: 4
[33.534s][debug][gc,phases      ] GC(82)     Dead                           Min: 0, Avg:  0.0, Max: 0, Diff: 0, Sum: 0, Workers: 4
[33.534s][debug][gc,phases      ] GC(82)     Total                          Min: 0, Avg:  0.0, Max: 0, Diff: 0, Sum: 0, Workers: 4
[33.534s][debug][gc,phases      ] GC(82)   StringDedup Requests1 Weak     Min:  0.0, Avg:  0.0, Max:  0.0, Diff:  0.0, Sum:  0.0, Workers: 4
[33.534s][debug][gc,phases      ] GC(82)     Dead                           Min: 0, Avg:  0.0, Max: 0, Diff: 0, Sum: 0, Workers: 4
[33.534s][debug][gc,phases      ] GC(82)     Total                          Min: 0, Avg:  0.0, Max: 0, Diff: 0, Sum: 0, Workers: 4
[33.534s][debug][gc,phases      ] GC(82)   Weak JFR Old Object Samples    Min:  0.0, Avg:  0.0, Max:  0.0, Diff:  0.0, Sum:  0.0, Workers: 4
[33.534s][debug][gc,phases      ] GC(82)     Dead                           Min: 0, Avg:  0.0, Max: 0, Diff: 0, Sum: 0, Workers: 4
[33.534s][debug][gc,phases      ] GC(82)     Total                          Min: 0, Avg:  0.0, Max: 0, Diff: 0, Sum: 0, Workers: 4
[33.534s][debug][gc,phases      ] GC(82) Weak Processing 0.276ms
[33.534s][debug][gc,age         ] GC(82) Desired survivor size 153616384 bytes, new threshold 15 (max threshold 15)
[33.534s][info ][gc,heap        ] GC(82) PSYoungGen: 1808576K(1808896K)->2963K(1946112K) Eden: 1806336K(1806336K)->0K(1797120K) From: 2240K(2560K)->2963K(148992K)
[33.534s][info ][gc,heap        ] GC(82) ParOldGen: 401358K(496640K)->401366K(496640K)
[33.534s][info ][gc,metaspace   ] GC(82) Metaspace: 76474K(77312K)->76474K(77312K) NonClass: 65471K(65920K)->65471K(65920K) Class: 11002K(11392K)->11002K(11392K)
[33.534s][info ][gc             ] GC(82) Pause Young (Allocation Failure) 2158M->394M(2385M) 2.479ms
[33.534s][info ][gc,cpu         ] GC(82) User=0.01s Sys=0.00s Real=0.00s
[33.534s][info ][safepoint      ] Safepoint "ParallelGCFailedAllocation", Time since last: 346197691 ns, Reaching safepoint: 2221223 ns, At safepoint: 2573827 ns, Total: 4795050 ns
[33.885s][info ][gc,start       ] GC(83) Pause Young (Allocation Failure)
[33.887s][debug][gc,phases      ] GC(83) Scavenge 2.193ms
[33.887s][debug][gc,ref         ] GC(83) Skipped phase 1 of Reference Processing: no references
[33.888s][debug][gc,ref         ] GC(83) ReferenceProcessor::execute queues: 1, RefProcThreadModel::Single, marks_oops_alive: false
[33.888s][debug][gc,ref         ] GC(83) Skipped phase 3 of Reference Processing: no references
[33.888s][debug][gc,ref         ] GC(83) ReferenceProcessor::execute queues: 1, RefProcThreadModel::Single, marks_oops_alive: false
[33.888s][debug][gc,phases      ] GC(83) Reference Processing 0.095ms
[33.888s][debug][gc,phases      ] GC(83)   VM Weak                        Min:  0.0, Avg:  0.0, Max:  0.0, Diff:  0.0, Sum:  0.0, Workers: 4
[33.888s][debug][gc,phases      ] GC(83)     Dead                           Min: 0, Avg:  0.0, Max: 0, Diff: 0, Sum: 0, Workers: 4
[33.888s][debug][gc,phases      ] GC(83)     Total                          Min: 0, Avg: 159.2, Max: 512, Diff: 512, Sum: 637, Workers: 4
[33.888s][debug][gc,phases      ] GC(83)   ObjectSynchronizer Weak        Min:  0.0, Avg:  0.0, Max:  0.0, Diff:  0.0, Sum:  0.0, Workers: 4
[33.888s][debug][gc,phases      ] GC(83)     Dead                           Min: 0, Avg:  0.0, Max: 0, Diff: 0, Sum: 0, Workers: 4
[33.888s][debug][gc,phases      ] GC(83)     Total                          Min: 0, Avg: 84.5, Max: 210, Diff: 210, Sum: 338, Workers: 4
[33.888s][debug][gc,phases      ] GC(83)   JVMTI Tag Weak OopStorage      Min:  0.0, Avg:  0.0, Max:  0.0, Diff:  0.0, Sum:  0.0, Workers: 4
[33.888s][debug][gc,phases      ] GC(83)     Dead                           Min: 0, Avg:  0.0, Max: 0, Diff: 0, Sum: 0, Workers: 4
[33.888s][debug][gc,phases      ] GC(83)     Total                          Min: 0, Avg:  0.0, Max: 0, Diff: 0, Sum: 0, Workers: 4
[33.888s][debug][gc,phases      ] GC(83)   StringTable Weak               Min:  0.1, Avg:  0.1, Max:  0.1, Diff:  0.0, Sum:  0.4, Workers: 4
[33.888s][debug][gc,phases      ] GC(83)     Dead                           Min: 0, Avg:  0.8, Max: 2, Diff: 2, Sum: 3, Workers: 4
[33.888s][debug][gc,phases      ] GC(83)     Total                          Min: 10176, Avg: 11558.2, Max: 15065, Diff: 4889, Sum: 46233, Workers: 4
[33.888s][debug][gc,phases      ] GC(83)   ResolvedMethodTable Weak       Min:  0.0, Avg:  0.0, Max:  0.0, Diff:  0.0, Sum:  0.1, Workers: 4
[33.888s][debug][gc,phases      ] GC(83)     Dead                           Min: 0, Avg:  7.0, Max: 17, Diff: 17, Sum: 28, Workers: 4
[33.888s][debug][gc,phases      ] GC(83)     Total                          Min: 1368, Avg: 1910.0, Max: 2496, Diff: 1128, Sum: 7640, Workers: 4
[33.888s][debug][gc,phases      ] GC(83)   JNI Weak                       Min:  0.0, Avg:  0.0, Max:  0.0, Diff:  0.0, Sum:  0.0, Workers: 4
[33.888s][debug][gc,phases      ] GC(83)     Dead                           Min: 0, Avg:  0.0, Max: 0, Diff: 0, Sum: 0, Workers: 4
[33.888s][debug][gc,phases      ] GC(83)     Total                          Min: 0, Avg:  0.2, Max: 1, Diff: 1, Sum: 1, Workers: 4
[33.888s][debug][gc,phases      ] GC(83)   StringDedup Table Weak         Min:  0.0, Avg:  0.0, Max:  0.0, Diff:  0.0, Sum:  0.0, Workers: 4
[33.888s][debug][gc,phases      ] GC(83)     Dead                           Min: 0, Avg:  0.0, Max: 0, Diff: 0, Sum: 0, Workers: 4
[33.888s][debug][gc,phases      ] GC(83)     Total                          Min: 0, Avg:  0.0, Max: 0, Diff: 0, Sum: 0, Workers: 4
[33.888s][debug][gc,phases      ] GC(83)   StringDedup Requests0 Weak     Min:  0.0, Avg:  0.0, Max:  0.0, Diff:  0.0, Sum:  0.0, Workers: 4
[33.888s][debug][gc,phases      ] GC(83)     Dead                           Min: 0, Avg:  0.0, Max: 0, Diff: 0, Sum: 0, Workers: 4
[33.888s][debug][gc,phases      ] GC(83)     Total                          Min: 0, Avg:  0.0, Max: 0, Diff: 0, Sum: 0, Workers: 4
[33.888s][debug][gc,phases      ] GC(83)   StringDedup Requests1 Weak     Min:  0.0, Avg:  0.0, Max:  0.0, Diff:  0.0, Sum:  0.0, Workers: 4
[33.888s][debug][gc,phases      ] GC(83)     Dead                           Min: 0, Avg:  0.0, Max: 0, Diff: 0, Sum: 0, Workers: 4
[33.888s][debug][gc,phases      ] GC(83)     Total                          Min: 0, Avg:  0.0, Max: 0, Diff: 0, Sum: 0, Workers: 4
[33.888s][debug][gc,phases      ] GC(83)   Weak JFR Old Object Samples    Min:  0.0, Avg:  0.0, Max:  0.0, Diff:  0.0, Sum:  0.0, Workers: 4
[33.888s][debug][gc,phases      ] GC(83)     Dead                           Min: 0, Avg:  0.0, Max: 0, Diff: 0, Sum: 0, Workers: 4
[33.888s][debug][gc,phases      ] GC(83)     Total                          Min: 0, Avg:  0.0, Max: 0, Diff: 0, Sum: 0, Workers: 4
[33.888s][debug][gc,phases      ] GC(83) Weak Processing 0.280ms
[33.888s][debug][gc,age         ] GC(83) Desired survivor size 152567808 bytes, new threshold 15 (max threshold 15)
[33.888s][info ][gc,heap        ] GC(83) PSYoungGen: 1800083K(1946112K)->3865K(1947136K) Eden: 1797120K(1797120K)->0K(1797120K) From: 2963K(148992K)->3865K(150016K)
[33.888s][info ][gc,heap        ] GC(83) ParOldGen: 401366K(496640K)->401374K(496640K)
[33.888s][info ][gc,metaspace   ] GC(83) Metaspace: 77414K(78208K)->77414K(78208K) NonClass: 66301K(66752K)->66301K(66752K) Class: 11113K(11456K)->11113K(11456K)
[33.888s][info ][gc             ] GC(83) Pause Young (Allocation Failure) 2149M->395M(2386M) 2.661ms
[33.888s][info ][gc,cpu         ] GC(83) User=0.01s Sys=0.00s Real=0.01s
[33.888s][info ][safepoint      ] Safepoint "ParallelGCFailedAllocation", Time since last: 350652937 ns, Reaching safepoint: 181202 ns, At safepoint: 2756528 ns, Total: 2937730 ns
[34.292s][info ][gc,start       ] GC(84) Pause Young (Allocation Failure)
[34.295s][debug][gc,phases      ] GC(84) Scavenge 2.581ms
[34.295s][debug][gc,ref         ] GC(84) Skipped phase 1 of Reference Processing: no references
[34.295s][debug][gc,ref         ] GC(84) ReferenceProcessor::execute queues: 1, RefProcThreadModel::Single, marks_oops_alive: false
[34.295s][debug][gc,ref         ] GC(84) Skipped phase 3 of Reference Processing: no references
[34.295s][debug][gc,ref         ] GC(84) ReferenceProcessor::execute queues: 1, RefProcThreadModel::Single, marks_oops_alive: false
[34.295s][debug][gc,phases      ] GC(84) Reference Processing 0.114ms
[34.295s][debug][gc,phases      ] GC(84)   VM Weak                        Min:  0.0, Avg:  0.0, Max:  0.0, Diff:  0.0, Sum:  0.0, Workers: 4
[34.295s][debug][gc,phases      ] GC(84)     Dead                           Min: 0, Avg:  0.0, Max: 0, Diff: 0, Sum: 0, Workers: 4
[34.295s][debug][gc,phases      ] GC(84)     Total                          Min: 0, Avg: 159.2, Max: 637, Diff: 637, Sum: 637, Workers: 4
[34.295s][debug][gc,phases      ] GC(84)   ObjectSynchronizer Weak        Min:  0.0, Avg:  0.0, Max:  0.0, Diff:  0.0, Sum:  0.0, Workers: 4
[34.295s][debug][gc,phases      ] GC(84)     Dead                           Min: 0, Avg:  0.0, Max: 0, Diff: 0, Sum: 0, Workers: 4
[34.295s][debug][gc,phases      ] GC(84)     Total                          Min: 0, Avg: 84.5, Max: 192, Diff: 192, Sum: 338, Workers: 4
[34.295s][debug][gc,phases      ] GC(84)   JVMTI Tag Weak OopStorage      Min:  0.0, Avg:  0.0, Max:  0.0, Diff:  0.0, Sum:  0.0, Workers: 4
[34.295s][debug][gc,phases      ] GC(84)     Dead                           Min: 0, Avg:  0.0, Max: 0, Diff: 0, Sum: 0, Workers: 4
[34.295s][debug][gc,phases      ] GC(84)     Total                          Min: 0, Avg:  0.0, Max: 0, Diff: 0, Sum: 0, Workers: 4
[34.295s][debug][gc,phases      ] GC(84)   StringTable Weak               Min:  0.1, Avg:  0.1, Max:  0.1, Diff:  0.0, Sum:  0.4, Workers: 4
[34.295s][debug][gc,phases      ] GC(84)     Dead                           Min: 0, Avg:  0.2, Max: 1, Diff: 1, Sum: 1, Workers: 4
[34.295s][debug][gc,phases      ] GC(84)     Total                          Min: 9536, Avg: 11561.2, Max: 16229, Diff: 6693, Sum: 46245, Workers: 4
[34.295s][debug][gc,phases      ] GC(84)   ResolvedMethodTable Weak       Min:  0.0, Avg:  0.0, Max:  0.0, Diff:  0.0, Sum:  0.1, Workers: 4
[34.295s][debug][gc,phases      ] GC(84)     Dead                           Min: 0, Avg:  0.0, Max: 0, Diff: 0, Sum: 0, Workers: 4
[34.295s][debug][gc,phases      ] GC(84)     Total                          Min: 1664, Avg: 1911.0, Max: 2432, Diff: 768, Sum: 7644, Workers: 4
[34.295s][debug][gc,phases      ] GC(84)   JNI Weak                       Min:  0.0, Avg:  0.0, Max:  0.0, Diff:  0.0, Sum:  0.0, Workers: 4
[34.295s][debug][gc,phases      ] GC(84)     Dead                           Min: 0, Avg:  0.0, Max: 0, Diff: 0, Sum: 0, Workers: 4
[34.295s][debug][gc,phases      ] GC(84)     Total                          Min: 0, Avg:  1.2, Max: 5, Diff: 5, Sum: 5, Workers: 4
[34.295s][debug][gc,phases      ] GC(84)   StringDedup Table Weak         Min:  0.0, Avg:  0.0, Max:  0.0, Diff:  0.0, Sum:  0.0, Workers: 4
[34.295s][debug][gc,phases      ] GC(84)     Dead                           Min: 0, Avg:  0.0, Max: 0, Diff: 0, Sum: 0, Workers: 4
[34.295s][debug][gc,phases      ] GC(84)     Total                          Min: 0, Avg:  0.0, Max: 0, Diff: 0, Sum: 0, Workers: 4
[34.295s][debug][gc,phases      ] GC(84)   StringDedup Requests0 Weak     Min:  0.0, Avg:  0.0, Max:  0.0, Diff:  0.0, Sum:  0.0, Workers: 4
[34.295s][debug][gc,phases      ] GC(84)     Dead                           Min: 0, Avg:  0.0, Max: 0, Diff: 0, Sum: 0, Workers: 4
[34.295s][debug][gc,phases      ] GC(84)     Total                          Min: 0, Avg:  0.0, Max: 0, Diff: 0, Sum: 0, Workers: 4
[34.295s][debug][gc,phases      ] GC(84)   StringDedup Requests1 Weak     Min:  0.0, Avg:  0.0, Max:  0.0, Diff:  0.0, Sum:  0.0, Workers: 4
[34.295s][debug][gc,phases      ] GC(84)     Dead                           Min: 0, Avg:  0.0, Max: 0, Diff: 0, Sum: 0, Workers: 4
[34.295s][debug][gc,phases      ] GC(84)     Total                          Min: 0, Avg:  0.0, Max: 0, Diff: 0, Sum: 0, Workers: 4
[34.295s][debug][gc,phases      ] GC(84)   Weak JFR Old Object Samples    Min:  0.0, Avg:  0.0, Max:  0.0, Diff:  0.0, Sum:  0.0, Workers: 4
[34.295s][debug][gc,phases      ] GC(84)     Dead                           Min: 0, Avg:  0.0, Max: 0, Diff: 0, Sum: 0, Workers: 4
[34.295s][debug][gc,phases      ] GC(84)     Total                          Min: 0, Avg:  0.0, Max: 0, Diff: 0, Sum: 0, Workers: 4
[34.295s][debug][gc,phases      ] GC(84) Weak Processing 0.291ms
[34.295s][debug][gc,age         ] GC(84) Desired survivor size 150470656 bytes, new threshold 15 (max threshold 15)
[34.295s][info ][gc,heap        ] GC(84) PSYoungGen: 1800985K(1947136K)->4442K(1950208K) Eden: 1797120K(1797120K)->0K(1801216K) From: 3865K(150016K)->4442K(148992K)
[34.295s][info ][gc,heap        ] GC(84) ParOldGen: 401374K(496640K)->401382K(496640K)
[34.295s][info ][gc,metaspace   ] GC(84) Metaspace: 77511K(78336K)->77511K(78336K) NonClass: 66393K(66816K)->66393K(66816K) Class: 11117K(11520K)->11117K(11520K)
[34.295s][info ][gc             ] GC(84) Pause Young (Allocation Failure) 2150M->396M(2389M) 3.070ms
[34.295s][info ][gc,cpu         ] GC(84) User=0.01s Sys=0.00s Real=0.00s
[34.295s][info ][safepoint      ] Safepoint "ParallelGCFailedAllocation", Time since last: 399705145 ns, Reaching safepoint: 4246144 ns, At safepoint: 3178933 ns, Total: 7425077 ns
[34.473s][info ][safepoint      ] Safepoint "ICBufferFull", Time since last: 177540941 ns, Reaching safepoint: 251203 ns, At safepoint: 24000 ns, Total: 275203 ns
[34.709s][info ][gc,start       ] GC(85) Pause Young (Allocation Failure)
[34.719s][debug][gc,phases      ] GC(85) Scavenge 10.098ms
[34.719s][debug][gc,ref         ] GC(85) Skipped phase 1 of Reference Processing: no references
[34.719s][debug][gc,ref         ] GC(85) ReferenceProcessor::execute queues: 1, RefProcThreadModel::Single, marks_oops_alive: false
[34.719s][debug][gc,ref         ] GC(85) Skipped phase 3 of Reference Processing: no references
[34.719s][debug][gc,ref         ] GC(85) ReferenceProcessor::execute queues: 1, RefProcThreadModel::Single, marks_oops_alive: false
[34.719s][debug][gc,phases      ] GC(85) Reference Processing 0.144ms
[34.720s][debug][gc,phases      ] GC(85)   VM Weak                        Min:  0.0, Avg:  0.0, Max:  0.0, Diff:  0.0, Sum:  0.0, Workers: 4
[34.720s][debug][gc,phases      ] GC(85)     Dead                           Min: 0, Avg:  0.0, Max: 0, Diff: 0, Sum: 0, Workers: 4
[34.720s][debug][gc,phases      ] GC(85)     Total                          Min: 0, Avg: 161.5, Max: 646, Diff: 646, Sum: 646, Workers: 4
[34.720s][debug][gc,phases      ] GC(85)   ObjectSynchronizer Weak        Min:  0.0, Avg:  0.0, Max:  0.0, Diff:  0.0, Sum:  0.0, Workers: 4
[34.720s][debug][gc,phases      ] GC(85)     Dead                           Min: 0, Avg:  0.0, Max: 0, Diff: 0, Sum: 0, Workers: 4
[34.720s][debug][gc,phases      ] GC(85)     Total                          Min: 0, Avg: 85.0, Max: 192, Diff: 192, Sum: 340, Workers: 4
[34.720s][debug][gc,phases      ] GC(85)   JVMTI Tag Weak OopStorage      Min:  0.0, Avg:  0.0, Max:  0.0, Diff:  0.0, Sum:  0.0, Workers: 4
[34.720s][debug][gc,phases      ] GC(85)     Dead                           Min: 0, Avg:  0.0, Max: 0, Diff: 0, Sum: 0, Workers: 4
[34.720s][debug][gc,phases      ] GC(85)     Total                          Min: 0, Avg:  0.0, Max: 0, Diff: 0, Sum: 0, Workers: 4
[34.720s][debug][gc,phases      ] GC(85)   StringTable Weak               Min:  0.1, Avg:  0.1, Max:  0.1, Diff:  0.0, Sum:  0.5, Workers: 4
[34.720s][debug][gc,phases      ] GC(85)     Dead                           Min: 0, Avg:  0.5, Max: 1, Diff: 1, Sum: 2, Workers: 4
[34.720s][debug][gc,phases      ] GC(85)     Total                          Min: 9746, Avg: 11604.5, Max: 16256, Diff: 6510, Sum: 46418, Workers: 4
[34.720s][debug][gc,phases      ] GC(85)   ResolvedMethodTable Weak       Min:  0.0, Avg:  0.0, Max:  0.0, Diff:  0.0, Sum:  0.1, Workers: 4
[34.720s][debug][gc,phases      ] GC(85)     Dead                           Min: 0, Avg:  5.0, Max: 18, Diff: 18, Sum: 20, Workers: 4
[34.720s][debug][gc,phases      ] GC(85)     Total                          Min: 1664, Avg: 1936.5, Max: 2496, Diff: 832, Sum: 7746, Workers: 4
[34.720s][debug][gc,phases      ] GC(85)   JNI Weak                       Min:  0.0, Avg:  0.0, Max:  0.0, Diff:  0.0, Sum:  0.0, Workers: 4
[34.720s][debug][gc,phases      ] GC(85)     Dead                           Min: 0, Avg:  0.0, Max: 0, Diff: 0, Sum: 0, Workers: 4
[34.720s][debug][gc,phases      ] GC(85)     Total                          Min: 0, Avg:  1.5, Max: 6, Diff: 6, Sum: 6, Workers: 4
[34.720s][debug][gc,phases      ] GC(85)   StringDedup Table Weak         Min:  0.0, Avg:  0.0, Max:  0.0, Diff:  0.0, Sum:  0.0, Workers: 4
[34.720s][debug][gc,phases      ] GC(85)     Dead                           Min: 0, Avg:  0.0, Max: 0, Diff: 0, Sum: 0, Workers: 4
[34.720s][debug][gc,phases      ] GC(85)     Total                          Min: 0, Avg:  0.0, Max: 0, Diff: 0, Sum: 0, Workers: 4
[34.720s][debug][gc,phases      ] GC(85)   StringDedup Requests0 Weak     Min:  0.0, Avg:  0.0, Max:  0.0, Diff:  0.0, Sum:  0.0, Workers: 4
[34.720s][debug][gc,phases      ] GC(85)     Dead                           Min: 0, Avg:  0.0, Max: 0, Diff: 0, Sum: 0, Workers: 4
[34.720s][debug][gc,phases      ] GC(85)     Total                          Min: 0, Avg:  0.0, Max: 0, Diff: 0, Sum: 0, Workers: 4
[34.720s][debug][gc,phases      ] GC(85)   StringDedup Requests1 Weak     Min:  0.0, Avg:  0.0, Max:  0.0, Diff:  0.0, Sum:  0.0, Workers: 4
[34.720s][debug][gc,phases      ] GC(85)     Dead                           Min: 0, Avg:  0.0, Max: 0, Diff: 0, Sum: 0, Workers: 4
[34.720s][debug][gc,phases      ] GC(85)     Total                          Min: 0, Avg:  0.0, Max: 0, Diff: 0, Sum: 0, Workers: 4
[34.720s][debug][gc,phases      ] GC(85)   Weak JFR Old Object Samples    Min:  0.0, Avg:  0.0, Max:  0.0, Diff:  0.0, Sum:  0.0, Workers: 4
[34.720s][debug][gc,phases      ] GC(85)     Dead                           Min: 0, Avg:  0.0, Max: 0, Diff: 0, Sum: 0, Workers: 4
[34.720s][debug][gc,phases      ] GC(85)     Total                          Min: 0, Avg:  0.0, Max: 0, Diff: 0, Sum: 0, Workers: 4
[34.720s][debug][gc,phases      ] GC(85) Weak Processing 0.312ms
[34.720s][debug][gc,age         ] GC(85) Desired survivor size 143654912 bytes, new threshold 15 (max threshold 15)
[34.720s][info ][gc,heap        ] GC(85) PSYoungGen: 1805658K(1950208K)->23126K(1948160K) Eden: 1801216K(1801216K)->0K(1801216K) From: 4442K(148992K)->23126K(146944K)
[34.720s][info ][gc,heap        ] GC(85) ParOldGen: 401382K(496640K)->401390K(496640K)
[34.720s][info ][gc,metaspace   ] GC(85) Metaspace: 78081K(78912K)->78081K(78912K) NonClass: 66874K(67264K)->66874K(67264K) Class: 11206K(11648K)->11206K(11648K)
[34.720s][info ][gc             ] GC(85) Pause Young (Allocation Failure) 2155M->414M(2387M) 10.675ms
[34.720s][info ][gc,cpu         ] GC(85) User=0.04s Sys=0.01s Real=0.01s
[34.720s][info ][safepoint      ] Safepoint "ParallelGCFailedAllocation", Time since last: 235762544 ns, Reaching safepoint: 378404 ns, At safepoint: 10775912 ns, Total: 11154316 ns
[35.120s][info ][gc,start       ] GC(86) Pause Young (Allocation Failure)
[35.129s][debug][gc,phases      ] GC(86) Scavenge 9.127ms
[35.129s][debug][gc,ref         ] GC(86) Skipped phase 1 of Reference Processing: no references
[35.129s][debug][gc,ref         ] GC(86) ReferenceProcessor::execute queues: 1, RefProcThreadModel::Single, marks_oops_alive: false
[35.129s][debug][gc,ref         ] GC(86) Skipped phase 3 of Reference Processing: no references
[35.129s][debug][gc,ref         ] GC(86) ReferenceProcessor::execute queues: 1, RefProcThreadModel::Single, marks_oops_alive: false
[35.129s][debug][gc,phases      ] GC(86) Reference Processing 0.115ms
[35.129s][debug][gc,phases      ] GC(86)   VM Weak                        Min:  0.0, Avg:  0.0, Max:  0.0, Diff:  0.0, Sum:  0.0, Workers: 4
[35.129s][debug][gc,phases      ] GC(86)     Dead                           Min: 0, Avg:  0.0, Max: 0, Diff: 0, Sum: 0, Workers: 4
[35.129s][debug][gc,phases      ] GC(86)     Total                          Min: 0, Avg: 161.5, Max: 646, Diff: 646, Sum: 646, Workers: 4
[35.129s][debug][gc,phases      ] GC(86)   ObjectSynchronizer Weak        Min:  0.0, Avg:  0.0, Max:  0.0, Diff:  0.0, Sum:  0.0, Workers: 4
[35.129s][debug][gc,phases      ] GC(86)     Dead                           Min: 0, Avg:  0.0, Max: 0, Diff: 0, Sum: 0, Workers: 4
[35.129s][debug][gc,phases      ] GC(86)     Total                          Min: 0, Avg: 85.0, Max: 212, Diff: 212, Sum: 340, Workers: 4
[35.129s][debug][gc,phases      ] GC(86)   JVMTI Tag Weak OopStorage      Min:  0.0, Avg:  0.0, Max:  0.0, Diff:  0.0, Sum:  0.0, Workers: 4
[35.129s][debug][gc,phases      ] GC(86)     Dead                           Min: 0, Avg:  0.0, Max: 0, Diff: 0, Sum: 0, Workers: 4
[35.129s][debug][gc,phases      ] GC(86)     Total                          Min: 0, Avg:  0.0, Max: 0, Diff: 0, Sum: 0, Workers: 4
[35.129s][debug][gc,phases      ] GC(86)   StringTable Weak               Min:  0.1, Avg:  0.1, Max:  0.1, Diff:  0.0, Sum:  0.4, Workers: 4
[35.129s][debug][gc,phases      ] GC(86)     Dead                           Min: 0, Avg:  0.0, Max: 0, Diff: 0, Sum: 0, Workers: 4
[35.129s][debug][gc,phases      ] GC(86)     Total                          Min: 9600, Avg: 11604.5, Max: 13568, Diff: 3968, Sum: 46418, Workers: 4
[35.129s][debug][gc,phases      ] GC(86)   ResolvedMethodTable Weak       Min:  0.0, Avg:  0.0, Max:  0.0, Diff:  0.0, Sum:  0.1, Workers: 4
[35.129s][debug][gc,phases      ] GC(86)     Dead                           Min: 0, Avg:  0.0, Max: 0, Diff: 0, Sum: 0, Workers: 4
[35.129s][debug][gc,phases      ] GC(86)     Total                          Min: 1600, Avg: 1936.5, Max: 2434, Diff: 834, Sum: 7746, Workers: 4
[35.129s][debug][gc,phases      ] GC(86)   JNI Weak                       Min:  0.0, Avg:  0.0, Max:  0.0, Diff:  0.0, Sum:  0.0, Workers: 4
[35.129s][debug][gc,phases      ] GC(86)     Dead                           Min: 0, Avg:  0.0, Max: 0, Diff: 0, Sum: 0, Workers: 4
[35.129s][debug][gc,phases      ] GC(86)     Total                          Min: 0, Avg:  1.2, Max: 5, Diff: 5, Sum: 5, Workers: 4
[35.129s][debug][gc,phases      ] GC(86)   StringDedup Table Weak         Min:  0.0, Avg:  0.0, Max:  0.0, Diff:  0.0, Sum:  0.0, Workers: 4
[35.129s][debug][gc,phases      ] GC(86)     Dead                           Min: 0, Avg:  0.0, Max: 0, Diff: 0, Sum: 0, Workers: 4
[35.129s][debug][gc,phases      ] GC(86)     Total                          Min: 0, Avg:  0.0, Max: 0, Diff: 0, Sum: 0, Workers: 4
[35.129s][debug][gc,phases      ] GC(86)   StringDedup Requests0 Weak     Min:  0.0, Avg:  0.0, Max:  0.0, Diff:  0.0, Sum:  0.0, Workers: 4
[35.129s][debug][gc,phases      ] GC(86)     Dead                           Min: 0, Avg:  0.0, Max: 0, Diff: 0, Sum: 0, Workers: 4
[35.129s][debug][gc,phases      ] GC(86)     Total                          Min: 0, Avg:  0.0, Max: 0, Diff: 0, Sum: 0, Workers: 4
[35.129s][debug][gc,phases      ] GC(86)   StringDedup Requests1 Weak     Min:  0.0, Avg:  0.0, Max:  0.0, Diff:  0.0, Sum:  0.0, Workers: 4
[35.129s][debug][gc,phases      ] GC(86)     Dead                           Min: 0, Avg:  0.0, Max: 0, Diff: 0, Sum: 0, Workers: 4
[35.129s][debug][gc,phases      ] GC(86)     Total                          Min: 0, Avg:  0.0, Max: 0, Diff: 0, Sum: 0, Workers: 4
[35.129s][debug][gc,phases      ] GC(86)   Weak JFR Old Object Samples    Min:  0.0, Avg:  0.0, Max:  0.0, Diff:  0.0, Sum:  0.0, Workers: 4
[35.129s][debug][gc,phases      ] GC(86)     Dead                           Min: 0, Avg:  0.0, Max: 0, Diff: 0, Sum: 0, Workers: 4
[35.129s][debug][gc,phases      ] GC(86)     Total                          Min: 0, Avg:  0.0, Max: 0, Diff: 0, Sum: 0, Workers: 4
[35.129s][debug][gc,phases      ] GC(86) Weak Processing 0.289ms
[35.129s][debug][gc,age         ] GC(86) Desired survivor size 136314880 bytes, new threshold 15 (max threshold 15)
[35.129s][info ][gc,heap        ] GC(86) PSYoungGen: 1824342K(1948160K)->30294K(1964032K) Eden: 1801216K(1801216K)->0K(1823744K) From: 23126K(146944K)->30294K(140288K)
[35.129s][info ][gc,heap        ] GC(86) ParOldGen: 401390K(496640K)->401398K(496640K)
[35.129s][info ][gc,metaspace   ] GC(86) Metaspace: 78081K(78912K)->78081K(78912K) NonClass: 66874K(67264K)->66874K(67264K) Class: 11206K(11648K)->11206K(11648K)
[35.129s][info ][gc             ] GC(86) Pause Young (Allocation Failure) 2173M->421M(2403M) 9.649ms
[35.129s][info ][gc,cpu         ] GC(86) User=0.04s Sys=0.00s Real=0.01s
[35.129s][info ][safepoint      ] Safepoint "ParallelGCFailedAllocation", Time since last: 399515542 ns, Reaching safepoint: 138802 ns, At safepoint: 9762801 ns, Total: 9901603 ns
[35.492s][info ][gc,start       ] GC(87) Pause Young (Allocation Failure)
[35.503s][debug][gc,phases      ] GC(87) Scavenge 10.504ms
[35.503s][debug][gc,ref         ] GC(87) Skipped phase 1 of Reference Processing: no references
[35.503s][debug][gc,ref         ] GC(87) ReferenceProcessor::execute queues: 1, RefProcThreadModel::Single, marks_oops_alive: false
[35.503s][debug][gc,ref         ] GC(87) Skipped phase 3 of Reference Processing: no references
[35.503s][debug][gc,ref         ] GC(87) ReferenceProcessor::execute queues: 1, RefProcThreadModel::Single, marks_oops_alive: false
[35.503s][debug][gc,phases      ] GC(87) Reference Processing 0.121ms
[35.503s][debug][gc,phases      ] GC(87)   VM Weak                        Min:  0.0, Avg:  0.0, Max:  0.0, Diff:  0.0, Sum:  0.0, Workers: 4
[35.503s][debug][gc,phases      ] GC(87)     Dead                           Min: 0, Avg:  0.0, Max: 0, Diff: 0, Sum: 0, Workers: 4
[35.503s][debug][gc,phases      ] GC(87)     Total                          Min: 0, Avg: 161.5, Max: 512, Diff: 512, Sum: 646, Workers: 4
[35.503s][debug][gc,phases      ] GC(87)   ObjectSynchronizer Weak        Min:  0.0, Avg:  0.0, Max:  0.0, Diff:  0.0, Sum:  0.0, Workers: 4
[35.503s][debug][gc,phases      ] GC(87)     Dead                           Min: 0, Avg:  0.0, Max: 0, Diff: 0, Sum: 0, Workers: 4
[35.503s][debug][gc,phases      ] GC(87)     Total                          Min: 0, Avg: 85.0, Max: 212, Diff: 212, Sum: 340, Workers: 4
[35.503s][debug][gc,phases      ] GC(87)   JVMTI Tag Weak OopStorage      Min:  0.0, Avg:  0.0, Max:  0.0, Diff:  0.0, Sum:  0.0, Workers: 4
[35.503s][debug][gc,phases      ] GC(87)     Dead                           Min: 0, Avg:  0.0, Max: 0, Diff: 0, Sum: 0, Workers: 4
[35.503s][debug][gc,phases      ] GC(87)     Total                          Min: 0, Avg:  0.0, Max: 0, Diff: 0, Sum: 0, Workers: 4
[35.503s][debug][gc,phases      ] GC(87)   StringTable Weak               Min:  0.1, Avg:  0.1, Max:  0.1, Diff:  0.0, Sum:  0.4, Workers: 4
[35.503s][debug][gc,phases      ] GC(87)     Dead                           Min: 0, Avg:  0.0, Max: 0, Diff: 0, Sum: 0, Workers: 4
[35.503s][debug][gc,phases      ] GC(87)     Total                          Min: 9344, Avg: 11606.0, Max: 14144, Diff: 4800, Sum: 46424, Workers: 4
[35.503s][debug][gc,phases      ] GC(87)   ResolvedMethodTable Weak       Min:  0.0, Avg:  0.0, Max:  0.0, Diff:  0.0, Sum:  0.1, Workers: 4
[35.503s][debug][gc,phases      ] GC(87)     Dead                           Min: 0, Avg:  4.5, Max: 18, Diff: 18, Sum: 18, Workers: 4
[35.503s][debug][gc,phases      ] GC(87)     Total                          Min: 717, Avg: 1937.0, Max: 2874, Diff: 2157, Sum: 7748, Workers: 4
[35.503s][debug][gc,phases      ] GC(87)   JNI Weak                       Min:  0.0, Avg:  0.0, Max:  0.0, Diff:  0.0, Sum:  0.0, Workers: 4
[35.503s][debug][gc,phases      ] GC(87)     Dead                           Min: 0, Avg:  0.0, Max: 0, Diff: 0, Sum: 0, Workers: 4
[35.503s][debug][gc,phases      ] GC(87)     Total                          Min: 0, Avg:  0.5, Max: 2, Diff: 2, Sum: 2, Workers: 4
[35.503s][debug][gc,phases      ] GC(87)   StringDedup Table Weak         Min:  0.0, Avg:  0.0, Max:  0.0, Diff:  0.0, Sum:  0.0, Workers: 4
[35.503s][debug][gc,phases      ] GC(87)     Dead                           Min: 0, Avg:  0.0, Max: 0, Diff: 0, Sum: 0, Workers: 4
[35.503s][debug][gc,phases      ] GC(87)     Total                          Min: 0, Avg:  0.0, Max: 0, Diff: 0, Sum: 0, Workers: 4
[35.503s][debug][gc,phases      ] GC(87)   StringDedup Requests0 Weak     Min:  0.0, Avg:  0.0, Max:  0.0, Diff:  0.0, Sum:  0.0, Workers: 4
[35.503s][debug][gc,phases      ] GC(87)     Dead                           Min: 0, Avg:  0.0, Max: 0, Diff: 0, Sum: 0, Workers: 4
[35.503s][debug][gc,phases      ] GC(87)     Total                          Min: 0, Avg:  0.0, Max: 0, Diff: 0, Sum: 0, Workers: 4
[35.503s][debug][gc,phases      ] GC(87)   StringDedup Requests1 Weak     Min:  0.0, Avg:  0.0, Max:  0.0, Diff:  0.0, Sum:  0.0, Workers: 4
[35.503s][debug][gc,phases      ] GC(87)     Dead                           Min: 0, Avg:  0.0, Max: 0, Diff: 0, Sum: 0, Workers: 4
[35.503s][debug][gc,phases      ] GC(87)     Total                          Min: 0, Avg:  0.0, Max: 0, Diff: 0, Sum: 0, Workers: 4
[35.503s][debug][gc,phases      ] GC(87)   Weak JFR Old Object Samples    Min:  0.0, Avg:  0.0, Max:  0.0, Diff:  0.0, Sum:  0.0, Workers: 4
[35.503s][debug][gc,phases      ] GC(87)     Dead                           Min: 0, Avg:  0.0, Max: 0, Diff: 0, Sum: 0, Workers: 4
[35.503s][debug][gc,phases      ] GC(87)     Total                          Min: 0, Avg:  0.0, Max: 0, Diff: 0, Sum: 0, Workers: 4
[35.503s][debug][gc,phases      ] GC(87) Weak Processing 0.278ms
[35.503s][debug][gc,age         ] GC(87) Desired survivor size 132644864 bytes, new threshold 15 (max threshold 15)
[35.503s][info ][gc,heap        ] GC(87) PSYoungGen: 1854038K(1964032K)->57261K(1956864K) Eden: 1823744K(1823744K)->0K(1823744K) From: 30294K(140288K)->57261K(133120K)
[35.503s][info ][gc,heap        ] GC(87) ParOldGen: 401398K(496640K)->401398K(496640K)
[35.503s][info ][gc,metaspace   ] GC(87) Metaspace: 78097K(78976K)->78097K(78976K) NonClass: 66888K(67328K)->66888K(67328K) Class: 11208K(11648K)->11208K(11648K)
[35.503s][info ][gc             ] GC(87) Pause Young (Allocation Failure) 2202M->447M(2396M) 11.044ms
[35.503s][info ][gc,cpu         ] GC(87) User=0.04s Sys=0.00s Real=0.01s
[35.503s][info ][safepoint      ] Safepoint "ParallelGCFailedAllocation", Time since last: 362521658 ns, Reaching safepoint: 136301 ns, At safepoint: 11156516 ns, Total: 11292817 ns
[35.862s][info ][gc,start       ] GC(88) Pause Young (Allocation Failure)
[35.874s][debug][gc,phases      ] GC(88) Scavenge 11.925ms
[35.874s][debug][gc,ref         ] GC(88) Skipped phase 1 of Reference Processing: no references
[35.874s][debug][gc,ref         ] GC(88) ReferenceProcessor::execute queues: 1, RefProcThreadModel::Single, marks_oops_alive: false
[35.874s][debug][gc,ref         ] GC(88) Skipped phase 3 of Reference Processing: no references
[35.874s][debug][gc,ref         ] GC(88) ReferenceProcessor::execute queues: 1, RefProcThreadModel::Single, marks_oops_alive: false
[35.874s][debug][gc,phases      ] GC(88) Reference Processing 0.116ms
[35.874s][debug][gc,phases      ] GC(88)   VM Weak                        Min:  0.0, Avg:  0.0, Max:  0.0, Diff:  0.0, Sum:  0.0, Workers: 4
[35.874s][debug][gc,phases      ] GC(88)     Dead                           Min: 0, Avg:  0.0, Max: 0, Diff: 0, Sum: 0, Workers: 4
[35.874s][debug][gc,phases      ] GC(88)     Total                          Min: 0, Avg: 161.5, Max: 326, Diff: 326, Sum: 646, Workers: 4
[35.874s][debug][gc,phases      ] GC(88)   ObjectSynchronizer Weak        Min:  0.0, Avg:  0.0, Max:  0.0, Diff:  0.0, Sum:  0.0, Workers: 4
[35.874s][debug][gc,phases      ] GC(88)     Dead                           Min: 0, Avg:  0.0, Max: 0, Diff: 0, Sum: 0, Workers: 4
[35.874s][debug][gc,phases      ] GC(88)     Total                          Min: 0, Avg: 85.0, Max: 192, Diff: 192, Sum: 340, Workers: 4
[35.874s][debug][gc,phases      ] GC(88)   JVMTI Tag Weak OopStorage      Min:  0.0, Avg:  0.0, Max:  0.0, Diff:  0.0, Sum:  0.0, Workers: 4
[35.874s][debug][gc,phases      ] GC(88)     Dead                           Min: 0, Avg:  0.0, Max: 0, Diff: 0, Sum: 0, Workers: 4
[35.874s][debug][gc,phases      ] GC(88)     Total                          Min: 0, Avg:  0.0, Max: 0, Diff: 0, Sum: 0, Workers: 4
[35.874s][debug][gc,phases      ] GC(88)   StringTable Weak               Min:  0.1, Avg:  0.1, Max:  0.1, Diff:  0.0, Sum:  0.4, Workers: 4
[35.874s][debug][gc,phases      ] GC(88)     Dead                           Min: 0, Avg:  0.0, Max: 0, Diff: 0, Sum: 0, Workers: 4
[35.874s][debug][gc,phases      ] GC(88)     Total                          Min: 9567, Avg: 11607.8, Max: 16256, Diff: 6689, Sum: 46431, Workers: 4
[35.874s][debug][gc,phases      ] GC(88)   ResolvedMethodTable Weak       Min:  0.0, Avg:  0.0, Max:  0.0, Diff:  0.0, Sum:  0.1, Workers: 4
[35.874s][debug][gc,phases      ] GC(88)     Dead                           Min: 0, Avg:  0.0, Max: 0, Diff: 0, Sum: 0, Workers: 4
[35.874s][debug][gc,phases      ] GC(88)     Total                          Min: 1335, Avg: 1937.0, Max: 2749, Diff: 1414, Sum: 7748, Workers: 4
[35.874s][debug][gc,phases      ] GC(88)   JNI Weak                       Min:  0.0, Avg:  0.0, Max:  0.0, Diff:  0.0, Sum:  0.0, Workers: 4
[35.874s][debug][gc,phases      ] GC(88)     Dead                           Min: 0, Avg:  0.0, Max: 0, Diff: 0, Sum: 0, Workers: 4
[35.874s][debug][gc,phases      ] GC(88)     Total                          Min: 0, Avg:  0.0, Max: 0, Diff: 0, Sum: 0, Workers: 4
[35.874s][debug][gc,phases      ] GC(88)   StringDedup Table Weak         Min:  0.0, Avg:  0.0, Max:  0.0, Diff:  0.0, Sum:  0.0, Workers: 4
[35.874s][debug][gc,phases      ] GC(88)     Dead                           Min: 0, Avg:  0.0, Max: 0, Diff: 0, Sum: 0, Workers: 4
[35.874s][debug][gc,phases      ] GC(88)     Total                          Min: 0, Avg:  0.0, Max: 0, Diff: 0, Sum: 0, Workers: 4
[35.874s][debug][gc,phases      ] GC(88)   StringDedup Requests0 Weak     Min:  0.0, Avg:  0.0, Max:  0.0, Diff:  0.0, Sum:  0.0, Workers: 4
[35.874s][debug][gc,phases      ] GC(88)     Dead                           Min: 0, Avg:  0.0, Max: 0, Diff: 0, Sum: 0, Workers: 4
[35.874s][debug][gc,phases      ] GC(88)     Total                          Min: 0, Avg:  0.0, Max: 0, Diff: 0, Sum: 0, Workers: 4
[35.874s][debug][gc,phases      ] GC(88)   StringDedup Requests1 Weak     Min:  0.0, Avg:  0.0, Max:  0.0, Diff:  0.0, Sum:  0.0, Workers: 4
[35.874s][debug][gc,phases      ] GC(88)     Dead                           Min: 0, Avg:  0.0, Max: 0, Diff: 0, Sum: 0, Workers: 4
[35.874s][debug][gc,phases      ] GC(88)     Total                          Min: 0, Avg:  0.0, Max: 0, Diff: 0, Sum: 0, Workers: 4
[35.874s][debug][gc,phases      ] GC(88)   Weak JFR Old Object Samples    Min:  0.0, Avg:  0.0, Max:  0.0, Diff:  0.0, Sum:  0.0, Workers: 4
[35.874s][debug][gc,phases      ] GC(88)     Dead                           Min: 0, Avg:  0.0, Max: 0, Diff: 0, Sum: 0, Workers: 4
[35.874s][debug][gc,phases      ] GC(88)     Total                          Min: 0, Avg:  0.0, Max: 0, Diff: 0, Sum: 0, Workers: 4
[35.874s][debug][gc,phases      ] GC(88) Weak Processing 0.285ms
[35.874s][debug][gc,age         ] GC(88) Desired survivor size 132120576 bytes, new threshold 15 (max threshold 15)
[35.874s][info ][gc,heap        ] GC(88) PSYoungGen: 1881005K(1956864K)->64429K(1968128K) Eden: 1823744K(1823744K)->0K(1838592K) From: 57261K(133120K)->64429K(129536K)
[35.874s][info ][gc,heap        ] GC(88) ParOldGen: 401398K(496640K)->401406K(496640K)
[35.874s][info ][gc,metaspace   ] GC(88) Metaspace: 78099K(78976K)->78099K(78976K) NonClass: 66890K(67328K)->66890K(67328K) Class: 11208K(11648K)->11208K(11648K)
[35.874s][info ][gc             ] GC(88) Pause Young (Allocation Failure) 2228M->454M(2407M) 12.449ms
[35.874s][info ][gc,cpu         ] GC(88) User=0.05s Sys=0.00s Real=0.01s
[35.874s][info ][safepoint      ] Safepoint "ParallelGCFailedAllocation", Time since last: 358501716 ns, Reaching safepoint: 132201 ns, At safepoint: 12564031 ns, Total: 12696232 ns
[36.219s][info ][gc,start       ] GC(89) Pause Young (Allocation Failure)
[36.230s][debug][gc,phases      ] GC(89) Scavenge 10.574ms
[36.230s][debug][gc,ref         ] GC(89) Skipped phase 1 of Reference Processing: no references
[36.230s][debug][gc,ref         ] GC(89) ReferenceProcessor::execute queues: 1, RefProcThreadModel::Single, marks_oops_alive: false
[36.230s][debug][gc,ref         ] GC(89) Skipped phase 3 of Reference Processing: no references
[36.230s][debug][gc,ref         ] GC(89) ReferenceProcessor::execute queues: 1, RefProcThreadModel::Single, marks_oops_alive: false
[36.230s][debug][gc,phases      ] GC(89) Reference Processing 0.117ms
[36.230s][debug][gc,phases      ] GC(89)   VM Weak                        Min:  0.0, Avg:  0.0, Max:  0.0, Diff:  0.0, Sum:  0.0, Workers: 4
[36.230s][debug][gc,phases      ] GC(89)     Dead                           Min: 0, Avg:  0.0, Max: 0, Diff: 0, Sum: 0, Workers: 4
[36.230s][debug][gc,phases      ] GC(89)     Total                          Min: 0, Avg: 161.5, Max: 646, Diff: 646, Sum: 646, Workers: 4
[36.230s][debug][gc,phases      ] GC(89)   ObjectSynchronizer Weak        Min:  0.0, Avg:  0.0, Max:  0.0, Diff:  0.0, Sum:  0.0, Workers: 4
[36.230s][debug][gc,phases      ] GC(89)     Dead                           Min: 0, Avg:  0.0, Max: 0, Diff: 0, Sum: 0, Workers: 4
[36.230s][debug][gc,phases      ] GC(89)     Total                          Min: 0, Avg: 85.0, Max: 148, Diff: 148, Sum: 340, Workers: 4
[36.230s][debug][gc,phases      ] GC(89)   JVMTI Tag Weak OopStorage      Min:  0.0, Avg:  0.0, Max:  0.0, Diff:  0.0, Sum:  0.0, Workers: 4
[36.230s][debug][gc,phases      ] GC(89)     Dead                           Min: 0, Avg:  0.0, Max: 0, Diff: 0, Sum: 0, Workers: 4
[36.230s][debug][gc,phases      ] GC(89)     Total                          Min: 0, Avg:  0.0, Max: 0, Diff: 0, Sum: 0, Workers: 4
[36.230s][debug][gc,phases      ] GC(89)   StringTable Weak               Min:  0.1, Avg:  0.1, Max:  0.1, Diff:  0.0, Sum:  0.4, Workers: 4
[36.230s][debug][gc,phases      ] GC(89)     Dead                           Min: 0, Avg:  0.0, Max: 0, Diff: 0, Sum: 0, Workers: 4
[36.230s][debug][gc,phases      ] GC(89)     Total                          Min: 10336, Avg: 11608.0, Max: 13568, Diff: 3232, Sum: 46432, Workers: 4
[36.230s][debug][gc,phases      ] GC(89)   ResolvedMethodTable Weak       Min:  0.0, Avg:  0.0, Max:  0.0, Diff:  0.0, Sum:  0.1, Workers: 4
[36.230s][debug][gc,phases      ] GC(89)     Dead                           Min: 0, Avg:  0.0, Max: 0, Diff: 0, Sum: 0, Workers: 4
[36.230s][debug][gc,phases      ] GC(89)     Total                          Min: 1622, Avg: 1937.0, Max: 2299, Diff: 677, Sum: 7748, Workers: 4
[36.230s][debug][gc,phases      ] GC(89)   JNI Weak                       Min:  0.0, Avg:  0.0, Max:  0.0, Diff:  0.0, Sum:  0.0, Workers: 4
[36.230s][debug][gc,phases      ] GC(89)     Dead                           Min: 0, Avg:  0.0, Max: 0, Diff: 0, Sum: 0, Workers: 4
[36.230s][debug][gc,phases      ] GC(89)     Total                          Min: 0, Avg:  0.2, Max: 1, Diff: 1, Sum: 1, Workers: 4
[36.230s][debug][gc,phases      ] GC(89)   StringDedup Table Weak         Min:  0.0, Avg:  0.0, Max:  0.0, Diff:  0.0, Sum:  0.0, Workers: 4
[36.230s][debug][gc,phases      ] GC(89)     Dead                           Min: 0, Avg:  0.0, Max: 0, Diff: 0, Sum: 0, Workers: 4
[36.230s][debug][gc,phases      ] GC(89)     Total                          Min: 0, Avg:  0.0, Max: 0, Diff: 0, Sum: 0, Workers: 4
[36.230s][debug][gc,phases      ] GC(89)   StringDedup Requests0 Weak     Min:  0.0, Avg:  0.0, Max:  0.0, Diff:  0.0, Sum:  0.0, Workers: 4
[36.230s][debug][gc,phases      ] GC(89)     Dead                           Min: 0, Avg:  0.0, Max: 0, Diff: 0, Sum: 0, Workers: 4
[36.230s][debug][gc,phases      ] GC(89)     Total                          Min: 0, Avg:  0.0, Max: 0, Diff: 0, Sum: 0, Workers: 4
[36.230s][debug][gc,phases      ] GC(89)   StringDedup Requests1 Weak     Min:  0.0, Avg:  0.0, Max:  0.0, Diff:  0.0, Sum:  0.0, Workers: 4
[36.230s][debug][gc,phases      ] GC(89)     Dead                           Min: 0, Avg:  0.0, Max: 0, Diff: 0, Sum: 0, Workers: 4
[36.230s][debug][gc,phases      ] GC(89)     Total                          Min: 0, Avg:  0.0, Max: 0, Diff: 0, Sum: 0, Workers: 4
[36.230s][debug][gc,phases      ] GC(89)   Weak JFR Old Object Samples    Min:  0.0, Avg:  0.0, Max:  0.0, Diff:  0.0, Sum:  0.0, Workers: 4
[36.230s][debug][gc,phases      ] GC(89)     Dead                           Min: 0, Avg:  0.0, Max: 0, Diff: 0, Sum: 0, Workers: 4
[36.230s][debug][gc,phases      ] GC(89)     Total                          Min: 0, Avg:  0.0, Max: 0, Diff: 0, Sum: 0, Workers: 4
[36.230s][debug][gc,phases      ] GC(89) Weak Processing 0.288ms
[36.230s][debug][gc,age         ] GC(89) Desired survivor size 133169152 bytes, new threshold 15 (max threshold 15)
[36.230s][info ][gc,heap        ] GC(89) PSYoungGen: 1903021K(1968128K)->71567K(1910272K) Eden: 1838592K(1838592K)->0K(1838592K) From: 64429K(129536K)->71567K(71680K)
[36.230s][info ][gc,heap        ] GC(89) ParOldGen: 401406K(496640K)->401406K(496640K)
[36.230s][info ][gc,metaspace   ] GC(89) Metaspace: 78106K(78976K)->78106K(78976K) NonClass: 66897K(67328K)->66897K(67328K) Class: 11209K(11648K)->11209K(11648K)
[36.230s][info ][gc             ] GC(89) Pause Young (Allocation Failure) 2250M->461M(2350M) 11.104ms
[36.230s][info ][gc,cpu         ] GC(89) User=0.04s Sys=0.00s Real=0.02s
[36.230s][info ][safepoint      ] Safepoint "ParallelGCFailedAllocation", Time since last: 344722872 ns, Reaching safepoint: 134001 ns, At safepoint: 11226017 ns, Total: 11360018 ns
[36.603s][info ][gc,start       ] GC(90) Pause Young (Allocation Failure)
[36.614s][debug][gc,phases      ] GC(90) Scavenge 10.580ms
[36.614s][debug][gc,ref         ] GC(90) Skipped phase 1 of Reference Processing: no references
[36.614s][debug][gc,ref         ] GC(90) ReferenceProcessor::execute queues: 1, RefProcThreadModel::Single, marks_oops_alive: false
[36.614s][debug][gc,ref         ] GC(90) Skipped phase 3 of Reference Processing: no references
[36.614s][debug][gc,ref         ] GC(90) ReferenceProcessor::execute queues: 1, RefProcThreadModel::Single, marks_oops_alive: false
[36.614s][debug][gc,phases      ] GC(90) Reference Processing 0.132ms
[36.614s][debug][gc,phases      ] GC(90)   VM Weak                        Min:  0.0, Avg:  0.0, Max:  0.0, Diff:  0.0, Sum:  0.0, Workers: 4
[36.614s][debug][gc,phases      ] GC(90)     Dead                           Min: 0, Avg:  0.0, Max: 0, Diff: 0, Sum: 0, Workers: 4
[36.614s][debug][gc,phases      ] GC(90)     Total                          Min: 0, Avg: 161.5, Max: 640, Diff: 640, Sum: 646, Workers: 4
[36.614s][debug][gc,phases      ] GC(90)   ObjectSynchronizer Weak        Min:  0.0, Avg:  0.0, Max:  0.0, Diff:  0.0, Sum:  0.0, Workers: 4
[36.614s][debug][gc,phases      ] GC(90)     Dead                           Min: 0, Avg:  0.0, Max: 0, Diff: 0, Sum: 0, Workers: 4
[36.614s][debug][gc,phases      ] GC(90)     Total                          Min: 0, Avg: 85.0, Max: 148, Diff: 148, Sum: 340, Workers: 4
[36.614s][debug][gc,phases      ] GC(90)   JVMTI Tag Weak OopStorage      Min:  0.0, Avg:  0.0, Max:  0.0, Diff:  0.0, Sum:  0.0, Workers: 4
[36.614s][debug][gc,phases      ] GC(90)     Dead                           Min: 0, Avg:  0.0, Max: 0, Diff: 0, Sum: 0, Workers: 4
[36.614s][debug][gc,phases      ] GC(90)     Total                          Min: 0, Avg:  0.0, Max: 0, Diff: 0, Sum: 0, Workers: 4
[36.614s][debug][gc,phases      ] GC(90)   StringTable Weak               Min:  0.1, Avg:  0.1, Max:  0.1, Diff:  0.0, Sum:  0.4, Workers: 4
[36.614s][debug][gc,phases      ] GC(90)     Dead                           Min: 0, Avg:  0.0, Max: 0, Diff: 0, Sum: 0, Workers: 4
[36.614s][debug][gc,phases      ] GC(90)     Total                          Min: 9344, Avg: 11608.5, Max: 13888, Diff: 4544, Sum: 46434, Workers: 4
[36.614s][debug][gc,phases      ] GC(90)   ResolvedMethodTable Weak       Min:  0.0, Avg:  0.0, Max:  0.0, Diff:  0.0, Sum:  0.1, Workers: 4
[36.614s][debug][gc,phases      ] GC(90)     Dead                           Min: 0, Avg:  0.0, Max: 0, Diff: 0, Sum: 0, Workers: 4
[36.614s][debug][gc,phases      ] GC(90)     Total                          Min: 1727, Avg: 1938.5, Max: 2299, Diff: 572, Sum: 7754, Workers: 4
[36.614s][debug][gc,phases      ] GC(90)   JNI Weak                       Min:  0.0, Avg:  0.0, Max:  0.0, Diff:  0.0, Sum:  0.0, Workers: 4
[36.614s][debug][gc,phases      ] GC(90)     Dead                           Min: 0, Avg:  0.0, Max: 0, Diff: 0, Sum: 0, Workers: 4
[36.614s][debug][gc,phases      ] GC(90)     Total                          Min: 0, Avg:  0.8, Max: 3, Diff: 3, Sum: 3, Workers: 4
[36.614s][debug][gc,phases      ] GC(90)   StringDedup Table Weak         Min:  0.0, Avg:  0.0, Max:  0.0, Diff:  0.0, Sum:  0.0, Workers: 4
[36.614s][debug][gc,phases      ] GC(90)     Dead                           Min: 0, Avg:  0.0, Max: 0, Diff: 0, Sum: 0, Workers: 4
[36.614s][debug][gc,phases      ] GC(90)     Total                          Min: 0, Avg:  0.0, Max: 0, Diff: 0, Sum: 0, Workers: 4
[36.614s][debug][gc,phases      ] GC(90)   StringDedup Requests0 Weak     Min:  0.0, Avg:  0.0, Max:  0.0, Diff:  0.0, Sum:  0.0, Workers: 4
[36.614s][debug][gc,phases      ] GC(90)     Dead                           Min: 0, Avg:  0.0, Max: 0, Diff: 0, Sum: 0, Workers: 4
[36.614s][debug][gc,phases      ] GC(90)     Total                          Min: 0, Avg:  0.0, Max: 0, Diff: 0, Sum: 0, Workers: 4
[36.614s][debug][gc,phases      ] GC(90)   StringDedup Requests1 Weak     Min:  0.0, Avg:  0.0, Max:  0.0, Diff:  0.0, Sum:  0.0, Workers: 4
[36.614s][debug][gc,phases      ] GC(90)     Dead                           Min: 0, Avg:  0.0, Max: 0, Diff: 0, Sum: 0, Workers: 4
[36.614s][debug][gc,phases      ] GC(90)     Total                          Min: 0, Avg:  0.0, Max: 0, Diff: 0, Sum: 0, Workers: 4
[36.614s][debug][gc,phases      ] GC(90)   Weak JFR Old Object Samples    Min:  0.0, Avg:  0.0, Max:  0.0, Diff:  0.0, Sum:  0.0, Workers: 4
[36.614s][debug][gc,phases      ] GC(90)     Dead                           Min: 0, Avg:  0.0, Max: 0, Diff: 0, Sum: 0, Workers: 4
[36.614s][debug][gc,phases      ] GC(90)     Total                          Min: 0, Avg:  0.0, Max: 0, Diff: 0, Sum: 0, Workers: 4
[36.614s][debug][gc,phases      ] GC(90) Weak Processing 0.283ms
[36.614s][debug][gc,age         ] GC(90) Desired survivor size 134217728 bytes, new threshold 15 (max threshold 15)
[36.614s][info ][gc,heap        ] GC(90) PSYoungGen: 1910159K(1910272K)->72619K(1965056K) Eden: 1838592K(1838592K)->0K(1835008K) From: 71567K(71680K)->72619K(130048K)
[36.614s][info ][gc,heap        ] GC(90) ParOldGen: 401406K(496640K)->401406K(496640K)
[36.614s][info ][gc,metaspace   ] GC(90) Metaspace: 78117K(78976K)->78117K(78976K) NonClass: 66904K(67328K)->66904K(67328K) Class: 11212K(11648K)->11212K(11648K)
[36.614s][info ][gc             ] GC(90) Pause Young (Allocation Failure) 2257M->462M(2404M) 11.117ms
[36.614s][info ][gc,cpu         ] GC(90) User=0.05s Sys=0.00s Real=0.01s
[36.614s][info ][safepoint      ] Safepoint "ParallelGCFailedAllocation", Time since last: 372406259 ns, Reaching safepoint: 141801 ns, At safepoint: 11230217 ns, Total: 11372018 ns
[37.006s][info ][gc,start       ] GC(91) Pause Young (Allocation Failure)
[37.016s][debug][gc,phases      ] GC(91) Scavenge 9.478ms
[37.016s][debug][gc,ref         ] GC(91) Skipped phase 1 of Reference Processing: no references
[37.016s][debug][gc,ref         ] GC(91) ReferenceProcessor::execute queues: 1, RefProcThreadModel::Single, marks_oops_alive: false
[37.016s][debug][gc,ref         ] GC(91) Skipped phase 3 of Reference Processing: no references
[37.016s][debug][gc,ref         ] GC(91) ReferenceProcessor::execute queues: 1, RefProcThreadModel::Single, marks_oops_alive: false
[37.016s][debug][gc,phases      ] GC(91) Reference Processing 0.162ms
[37.016s][debug][gc,phases      ] GC(91)   VM Weak                        Min:  0.0, Avg:  0.0, Max:  0.0, Diff:  0.0, Sum:  0.0, Workers: 4
[37.016s][debug][gc,phases      ] GC(91)     Dead                           Min: 0, Avg:  0.0, Max: 0, Diff: 0, Sum: 0, Workers: 4
[37.016s][debug][gc,phases      ] GC(91)     Total                          Min: 0, Avg: 161.5, Max: 646, Diff: 646, Sum: 646, Workers: 4
[37.016s][debug][gc,phases      ] GC(91)   ObjectSynchronizer Weak        Min:  0.0, Avg:  0.0, Max:  0.0, Diff:  0.0, Sum:  0.0, Workers: 4
[37.016s][debug][gc,phases      ] GC(91)     Dead                           Min: 0, Avg:  0.0, Max: 0, Diff: 0, Sum: 0, Workers: 4
[37.016s][debug][gc,phases      ] GC(91)     Total                          Min: 0, Avg: 85.0, Max: 340, Diff: 340, Sum: 340, Workers: 4
[37.016s][debug][gc,phases      ] GC(91)   JVMTI Tag Weak OopStorage      Min:  0.0, Avg:  0.0, Max:  0.0, Diff:  0.0, Sum:  0.0, Workers: 4
[37.016s][debug][gc,phases      ] GC(91)     Dead                           Min: 0, Avg:  0.0, Max: 0, Diff: 0, Sum: 0, Workers: 4
[37.016s][debug][gc,phases      ] GC(91)     Total                          Min: 0, Avg:  0.0, Max: 0, Diff: 0, Sum: 0, Workers: 4
[37.016s][debug][gc,phases      ] GC(91)   StringTable Weak               Min:  0.1, Avg:  0.1, Max:  0.1, Diff:  0.0, Sum:  0.4, Workers: 4
[37.016s][debug][gc,phases      ] GC(91)     Dead                           Min: 0, Avg:  0.0, Max: 0, Diff: 0, Sum: 0, Workers: 4
[37.016s][debug][gc,phases      ] GC(91)     Total                          Min: 9698, Avg: 11608.5, Max: 14144, Diff: 4446, Sum: 46434, Workers: 4
[37.016s][debug][gc,phases      ] GC(91)   ResolvedMethodTable Weak       Min:  0.0, Avg:  0.0, Max:  0.0, Diff:  0.0, Sum:  0.1, Workers: 4
[37.016s][debug][gc,phases      ] GC(91)     Dead                           Min: 0, Avg:  0.0, Max: 0, Diff: 0, Sum: 0, Workers: 4
[37.016s][debug][gc,phases      ] GC(91)     Total                          Min: 1598, Avg: 1938.5, Max: 2301, Diff: 703, Sum: 7754, Workers: 4
[37.016s][debug][gc,phases      ] GC(91)   JNI Weak                       Min:  0.0, Avg:  0.0, Max:  0.0, Diff:  0.0, Sum:  0.0, Workers: 4
[37.016s][debug][gc,phases      ] GC(91)     Dead                           Min: 0, Avg:  0.0, Max: 0, Diff: 0, Sum: 0, Workers: 4
[37.016s][debug][gc,phases      ] GC(91)     Total                          Min: 0, Avg:  1.0, Max: 4, Diff: 4, Sum: 4, Workers: 4
[37.016s][debug][gc,phases      ] GC(91)   StringDedup Table Weak         Min:  0.0, Avg:  0.0, Max:  0.0, Diff:  0.0, Sum:  0.0, Workers: 4
[37.016s][debug][gc,phases      ] GC(91)     Dead                           Min: 0, Avg:  0.0, Max: 0, Diff: 0, Sum: 0, Workers: 4
[37.016s][debug][gc,phases      ] GC(91)     Total                          Min: 0, Avg:  0.0, Max: 0, Diff: 0, Sum: 0, Workers: 4
[37.016s][debug][gc,phases      ] GC(91)   StringDedup Requests0 Weak     Min:  0.0, Avg:  0.0, Max:  0.0, Diff:  0.0, Sum:  0.0, Workers: 4
[37.016s][debug][gc,phases      ] GC(91)     Dead                           Min: 0, Avg:  0.0, Max: 0, Diff: 0, Sum: 0, Workers: 4
[37.016s][debug][gc,phases      ] GC(91)     Total                          Min: 0, Avg:  0.0, Max: 0, Diff: 0, Sum: 0, Workers: 4
[37.016s][debug][gc,phases      ] GC(91)   StringDedup Requests1 Weak     Min:  0.0, Avg:  0.0, Max:  0.0, Diff:  0.0, Sum:  0.0, Workers: 4
[37.016s][debug][gc,phases      ] GC(91)     Dead                           Min: 0, Avg:  0.0, Max: 0, Diff: 0, Sum: 0, Workers: 4
[37.016s][debug][gc,phases      ] GC(91)     Total                          Min: 0, Avg:  0.0, Max: 0, Diff: 0, Sum: 0, Workers: 4
[37.016s][debug][gc,phases      ] GC(91)   Weak JFR Old Object Samples    Min:  0.0, Avg:  0.0, Max:  0.0, Diff:  0.0, Sum:  0.0, Workers: 4
[37.016s][debug][gc,phases      ] GC(91)     Dead                           Min: 0, Avg:  0.0, Max: 0, Diff: 0, Sum: 0, Workers: 4
[37.016s][debug][gc,phases      ] GC(91)     Total                          Min: 0, Avg:  0.0, Max: 0, Diff: 0, Sum: 0, Workers: 4
[37.016s][debug][gc,phases      ] GC(91) Weak Processing 0.380ms
[37.016s][debug][gc,age         ] GC(91) Desired survivor size 134217728 bytes, new threshold 15 (max threshold 15)
[37.016s][info ][gc,heap        ] GC(91) PSYoungGen: 1907627K(1965056K)->72925K(1966080K) Eden: 1835008K(1835008K)->0K(1835008K) From: 72619K(130048K)->72925K(131072K)
[37.016s][info ][gc,heap        ] GC(91) ParOldGen: 401406K(496640K)->401406K(496640K)
[37.016s][info ][gc,metaspace   ] GC(91) Metaspace: 78119K(78976K)->78119K(78976K) NonClass: 66906K(67328K)->66906K(67328K) Class: 11212K(11648K)->11212K(11648K)
[37.016s][info ][gc             ] GC(91) Pause Young (Allocation Failure) 2254M->463M(2405M) 10.172ms
[37.016s][info ][gc,cpu         ] GC(91) User=0.04s Sys=0.00s Real=0.01s
[37.016s][info ][safepoint      ] Safepoint "ParallelGCFailedAllocation", Time since last: 391845260 ns, Reaching safepoint: 115601 ns, At safepoint: 10304107 ns, Total: 10419708 ns
[37.365s][info ][gc,start       ] GC(92) Pause Young (Allocation Failure)
[37.377s][debug][gc,phases      ] GC(92) Scavenge 12.113ms
[37.377s][debug][gc,ref         ] GC(92) Skipped phase 1 of Reference Processing: no references
[37.377s][debug][gc,ref         ] GC(92) ReferenceProcessor::execute queues: 1, RefProcThreadModel::Single, marks_oops_alive: false
[37.377s][debug][gc,ref         ] GC(92) Skipped phase 3 of Reference Processing: no references
[37.377s][debug][gc,ref         ] GC(92) ReferenceProcessor::execute queues: 1, RefProcThreadModel::Single, marks_oops_alive: false
[37.377s][debug][gc,phases      ] GC(92) Reference Processing 0.126ms
[37.377s][debug][gc,phases      ] GC(92)   VM Weak                        Min:  0.0, Avg:  0.0, Max:  0.0, Diff:  0.0, Sum:  0.0, Workers: 4
[37.377s][debug][gc,phases      ] GC(92)     Dead                           Min: 0, Avg:  0.0, Max: 0, Diff: 0, Sum: 0, Workers: 4
[37.377s][debug][gc,phases      ] GC(92)     Total                          Min: 0, Avg: 161.5, Max: 326, Diff: 326, Sum: 646, Workers: 4
[37.377s][debug][gc,phases      ] GC(92)   ObjectSynchronizer Weak        Min:  0.0, Avg:  0.0, Max:  0.0, Diff:  0.0, Sum:  0.0, Workers: 4
[37.377s][debug][gc,phases      ] GC(92)     Dead                           Min: 0, Avg:  0.0, Max: 0, Diff: 0, Sum: 0, Workers: 4
[37.377s][debug][gc,phases      ] GC(92)     Total                          Min: 0, Avg: 85.0, Max: 148, Diff: 148, Sum: 340, Workers: 4
[37.377s][debug][gc,phases      ] GC(92)   JVMTI Tag Weak OopStorage      Min:  0.0, Avg:  0.0, Max:  0.0, Diff:  0.0, Sum:  0.0, Workers: 4
[37.377s][debug][gc,phases      ] GC(92)     Dead                           Min: 0, Avg:  0.0, Max: 0, Diff: 0, Sum: 0, Workers: 4
[37.377s][debug][gc,phases      ] GC(92)     Total                          Min: 0, Avg:  0.0, Max: 0, Diff: 0, Sum: 0, Workers: 4
[37.377s][debug][gc,phases      ] GC(92)   StringTable Weak               Min:  0.1, Avg:  0.1, Max:  0.1, Diff:  0.0, Sum:  0.5, Workers: 4
[37.377s][debug][gc,phases      ] GC(92)     Dead                           Min: 0, Avg:  0.0, Max: 0, Diff: 0, Sum: 0, Workers: 4
[37.377s][debug][gc,phases      ] GC(92)     Total                          Min: 11170, Avg: 11608.5, Max: 12352, Diff: 1182, Sum: 46434, Workers: 4
[37.377s][debug][gc,phases      ] GC(92)   ResolvedMethodTable Weak       Min:  0.0, Avg:  0.0, Max:  0.0, Diff:  0.0, Sum:  0.1, Workers: 4
[37.377s][debug][gc,phases      ] GC(92)     Dead                           Min: 0, Avg:  0.0, Max: 0, Diff: 0, Sum: 0, Workers: 4
[37.377s][debug][gc,phases      ] GC(92)     Total                          Min: 1875, Avg: 1938.5, Max: 1981, Diff: 106, Sum: 7754, Workers: 4
[37.377s][debug][gc,phases      ] GC(92)   JNI Weak                       Min:  0.0, Avg:  0.0, Max:  0.0, Diff:  0.0, Sum:  0.0, Workers: 4
[37.377s][debug][gc,phases      ] GC(92)     Dead                           Min: 0, Avg:  0.0, Max: 0, Diff: 0, Sum: 0, Workers: 4
[37.377s][debug][gc,phases      ] GC(92)     Total                          Min: 0, Avg:  0.0, Max: 0, Diff: 0, Sum: 0, Workers: 4
[37.377s][debug][gc,phases      ] GC(92)   StringDedup Table Weak         Min:  0.0, Avg:  0.0, Max:  0.0, Diff:  0.0, Sum:  0.0, Workers: 4
[37.377s][debug][gc,phases      ] GC(92)     Dead                           Min: 0, Avg:  0.0, Max: 0, Diff: 0, Sum: 0, Workers: 4
[37.377s][debug][gc,phases      ] GC(92)     Total                          Min: 0, Avg:  0.0, Max: 0, Diff: 0, Sum: 0, Workers: 4
[37.377s][debug][gc,phases      ] GC(92)   StringDedup Requests0 Weak     Min:  0.0, Avg:  0.0, Max:  0.0, Diff:  0.0, Sum:  0.0, Workers: 4
[37.377s][debug][gc,phases      ] GC(92)     Dead                           Min: 0, Avg:  0.0, Max: 0, Diff: 0, Sum: 0, Workers: 4
[37.377s][debug][gc,phases      ] GC(92)     Total                          Min: 0, Avg:  0.0, Max: 0, Diff: 0, Sum: 0, Workers: 4
[37.377s][debug][gc,phases      ] GC(92)   StringDedup Requests1 Weak     Min:  0.0, Avg:  0.0, Max:  0.0, Diff:  0.0, Sum:  0.0, Workers: 4
[37.377s][debug][gc,phases      ] GC(92)     Dead                           Min: 0, Avg:  0.0, Max: 0, Diff: 0, Sum: 0, Workers: 4
[37.377s][debug][gc,phases      ] GC(92)     Total                          Min: 0, Avg:  0.0, Max: 0, Diff: 0, Sum: 0, Workers: 4
[37.377s][debug][gc,phases      ] GC(92)   Weak JFR Old Object Samples    Min:  0.0, Avg:  0.0, Max:  0.0, Diff:  0.0, Sum:  0.0, Workers: 4
[37.377s][debug][gc,phases      ] GC(92)     Dead                           Min: 0, Avg:  0.0, Max: 0, Diff: 0, Sum: 0, Workers: 4
[37.377s][debug][gc,phases      ] GC(92)     Total                          Min: 0, Avg:  0.0, Max: 0, Diff: 0, Sum: 0, Workers: 4
[37.377s][debug][gc,phases      ] GC(92) Weak Processing 0.301ms
[37.377s][debug][gc,age         ] GC(92) Desired survivor size 134217728 bytes, new threshold 15 (max threshold 15)
[37.377s][info ][gc,heap        ] GC(92) PSYoungGen: 1907933K(1966080K)->73167K(1966080K) Eden: 1835008K(1835008K)->0K(1835008K) From: 72925K(131072K)->73167K(131072K)
[37.377s][info ][gc,heap        ] GC(92) ParOldGen: 401406K(496640K)->401406K(496640K)
[37.377s][info ][gc,metaspace   ] GC(92) Metaspace: 78119K(78976K)->78119K(78976K) NonClass: 66906K(67328K)->66906K(67328K) Class: 11212K(11648K)->11212K(11648K)
[37.378s][info ][gc             ] GC(92) Pause Young (Allocation Failure) 2255M->463M(2405M) 12.658ms
[37.378s][info ][gc,cpu         ] GC(92) User=0.05s Sys=0.00s Real=0.01s
[37.378s][info ][safepoint      ] Safepoint "ParallelGCFailedAllocation", Time since last: 348293208 ns, Reaching safepoint: 126801 ns, At safepoint: 12763733 ns, Total: 12890534 ns
[37.727s][info ][gc,start       ] GC(93) Pause Young (Allocation Failure)
[37.737s][debug][gc,phases      ] GC(93) Scavenge 9.579ms
[37.737s][debug][gc,ref         ] GC(93) Skipped phase 1 of Reference Processing: no references
[37.737s][debug][gc,ref         ] GC(93) ReferenceProcessor::execute queues: 1, RefProcThreadModel::Single, marks_oops_alive: false
[37.737s][debug][gc,ref         ] GC(93) Skipped phase 3 of Reference Processing: no references
[37.737s][debug][gc,ref         ] GC(93) ReferenceProcessor::execute queues: 1, RefProcThreadModel::Single, marks_oops_alive: false
[37.737s][debug][gc,phases      ] GC(93) Reference Processing 0.117ms
[37.737s][debug][gc,phases      ] GC(93)   VM Weak                        Min:  0.0, Avg:  0.0, Max:  0.0, Diff:  0.0, Sum:  0.0, Workers: 4
[37.737s][debug][gc,phases      ] GC(93)     Dead                           Min: 0, Avg:  0.0, Max: 0, Diff: 0, Sum: 0, Workers: 4
[37.737s][debug][gc,phases      ] GC(93)     Total                          Min: 0, Avg: 161.5, Max: 390, Diff: 390, Sum: 646, Workers: 4
[37.737s][debug][gc,phases      ] GC(93)   ObjectSynchronizer Weak        Min:  0.0, Avg:  0.0, Max:  0.0, Diff:  0.0, Sum:  0.0, Workers: 4
[37.737s][debug][gc,phases      ] GC(93)     Dead                           Min: 0, Avg:  0.0, Max: 0, Diff: 0, Sum: 0, Workers: 4
[37.737s][debug][gc,phases      ] GC(93)     Total                          Min: 0, Avg: 85.0, Max: 212, Diff: 212, Sum: 340, Workers: 4
[37.737s][debug][gc,phases      ] GC(93)   JVMTI Tag Weak OopStorage      Min:  0.0, Avg:  0.0, Max:  0.0, Diff:  0.0, Sum:  0.0, Workers: 4
[37.737s][debug][gc,phases      ] GC(93)     Dead                           Min: 0, Avg:  0.0, Max: 0, Diff: 0, Sum: 0, Workers: 4
[37.737s][debug][gc,phases      ] GC(93)     Total                          Min: 0, Avg:  0.0, Max: 0, Diff: 0, Sum: 0, Workers: 4
[37.737s][debug][gc,phases      ] GC(93)   StringTable Weak               Min:  0.1, Avg:  0.1, Max:  0.1, Diff:  0.0, Sum:  0.4, Workers: 4
[37.737s][debug][gc,phases      ] GC(93)     Dead                           Min: 0, Avg:  0.0, Max: 0, Diff: 0, Sum: 0, Workers: 4
[37.737s][debug][gc,phases      ] GC(93)     Total                          Min: 9600, Avg: 11608.5, Max: 14114, Diff: 4514, Sum: 46434, Workers: 4
[37.737s][debug][gc,phases      ] GC(93)   ResolvedMethodTable Weak       Min:  0.0, Avg:  0.0, Max:  0.0, Diff:  0.0, Sum:  0.1, Workers: 4
[37.737s][debug][gc,phases      ] GC(93)     Dead                           Min: 0, Avg:  0.0, Max: 0, Diff: 0, Sum: 0, Workers: 4
[37.737s][debug][gc,phases      ] GC(93)     Total                          Min: 1084, Avg: 1938.5, Max: 2428, Diff: 1344, Sum: 7754, Workers: 4
[37.737s][debug][gc,phases      ] GC(93)   JNI Weak                       Min:  0.0, Avg:  0.0, Max:  0.0, Diff:  0.0, Sum:  0.0, Workers: 4
[37.737s][debug][gc,phases      ] GC(93)     Dead                           Min: 0, Avg:  0.0, Max: 0, Diff: 0, Sum: 0, Workers: 4
[37.737s][debug][gc,phases      ] GC(93)     Total                          Min: 0, Avg:  0.0, Max: 0, Diff: 0, Sum: 0, Workers: 4
[37.737s][debug][gc,phases      ] GC(93)   StringDedup Table Weak         Min:  0.0, Avg:  0.0, Max:  0.0, Diff:  0.0, Sum:  0.0, Workers: 4
[37.737s][debug][gc,phases      ] GC(93)     Dead                           Min: 0, Avg:  0.0, Max: 0, Diff: 0, Sum: 0, Workers: 4
[37.737s][debug][gc,phases      ] GC(93)     Total                          Min: 0, Avg:  0.0, Max: 0, Diff: 0, Sum: 0, Workers: 4
[37.737s][debug][gc,phases      ] GC(93)   StringDedup Requests0 Weak     Min:  0.0, Avg:  0.0, Max:  0.0, Diff:  0.0, Sum:  0.0, Workers: 4
[37.737s][debug][gc,phases      ] GC(93)     Dead                           Min: 0, Avg:  0.0, Max: 0, Diff: 0, Sum: 0, Workers: 4
[37.737s][debug][gc,phases      ] GC(93)     Total                          Min: 0, Avg:  0.0, Max: 0, Diff: 0, Sum: 0, Workers: 4
[37.737s][debug][gc,phases      ] GC(93)   StringDedup Requests1 Weak     Min:  0.0, Avg:  0.0, Max:  0.0, Diff:  0.0, Sum:  0.0, Workers: 4
[37.737s][debug][gc,phases      ] GC(93)     Dead                           Min: 0, Avg:  0.0, Max: 0, Diff: 0, Sum: 0, Workers: 4
[37.737s][debug][gc,phases      ] GC(93)     Total                          Min: 0, Avg:  0.0, Max: 0, Diff: 0, Sum: 0, Workers: 4
[37.737s][debug][gc,phases      ] GC(93)   Weak JFR Old Object Samples    Min:  0.0, Avg:  0.0, Max:  0.0, Diff:  0.0, Sum:  0.0, Workers: 4
[37.738s][debug][gc,phases      ] GC(93)     Dead                           Min: 0, Avg:  0.0, Max: 0, Diff: 0, Sum: 0, Workers: 4
[37.738s][debug][gc,phases      ] GC(93)     Total                          Min: 0, Avg:  0.0, Max: 0, Diff: 0, Sum: 0, Workers: 4
[37.738s][debug][gc,phases      ] GC(93) Weak Processing 0.285ms
[37.738s][debug][gc,age         ] GC(93) Desired survivor size 133169152 bytes, new threshold 15 (max threshold 15)
[37.738s][info ][gc,heap        ] GC(93) PSYoungGen: 1908175K(1966080K)->73343K(1966080K) Eden: 1835008K(1835008K)->0K(1835008K) From: 73167K(131072K)->73343K(131072K)
[37.738s][info ][gc,heap        ] GC(93) ParOldGen: 401406K(496640K)->401414K(496640K)
[37.738s][info ][gc,metaspace   ] GC(93) Metaspace: 78119K(78976K)->78119K(78976K) NonClass: 66906K(67328K)->66906K(67328K) Class: 11212K(11648K)->11212K(11648K)
[37.738s][info ][gc             ] GC(93) Pause Young (Allocation Failure) 2255M->463M(2405M) 10.097ms
[37.738s][info ][gc,cpu         ] GC(93) User=0.04s Sys=0.00s Real=0.00s
[37.738s][info ][safepoint      ] Safepoint "ParallelGCFailedAllocation", Time since last: 349695622 ns, Reaching safepoint: 146102 ns, At safepoint: 10204605 ns, Total: 10350707 ns
[38.080s][info ][gc,start       ] GC(94) Pause Young (Allocation Failure)
[38.090s][debug][gc,phases      ] GC(94) Scavenge 10.350ms
[38.090s][debug][gc,ref         ] GC(94) Skipped phase 1 of Reference Processing: no references
[38.090s][debug][gc,ref         ] GC(94) ReferenceProcessor::execute queues: 1, RefProcThreadModel::Single, marks_oops_alive: false
[38.090s][debug][gc,ref         ] GC(94) Skipped phase 3 of Reference Processing: no references
[38.090s][debug][gc,ref         ] GC(94) ReferenceProcessor::execute queues: 1, RefProcThreadModel::Single, marks_oops_alive: false
[38.090s][debug][gc,phases      ] GC(94) Reference Processing 0.109ms
[38.090s][debug][gc,phases      ] GC(94)   VM Weak                        Min:  0.0, Avg:  0.0, Max:  0.0, Diff:  0.0, Sum:  0.0, Workers: 4
[38.090s][debug][gc,phases      ] GC(94)     Dead                           Min: 0, Avg:  0.0, Max: 0, Diff: 0, Sum: 0, Workers: 4
[38.090s][debug][gc,phases      ] GC(94)     Total                          Min: 0, Avg: 161.5, Max: 640, Diff: 640, Sum: 646, Workers: 4
[38.090s][debug][gc,phases      ] GC(94)   ObjectSynchronizer Weak        Min:  0.0, Avg:  0.0, Max:  0.0, Diff:  0.0, Sum:  0.0, Workers: 4
[38.090s][debug][gc,phases      ] GC(94)     Dead                           Min: 0, Avg:  0.0, Max: 0, Diff: 0, Sum: 0, Workers: 4
[38.090s][debug][gc,phases      ] GC(94)     Total                          Min: 0, Avg: 85.0, Max: 192, Diff: 192, Sum: 340, Workers: 4
[38.090s][debug][gc,phases      ] GC(94)   JVMTI Tag Weak OopStorage      Min:  0.0, Avg:  0.0, Max:  0.0, Diff:  0.0, Sum:  0.0, Workers: 4
[38.090s][debug][gc,phases      ] GC(94)     Dead                           Min: 0, Avg:  0.0, Max: 0, Diff: 0, Sum: 0, Workers: 4
[38.090s][debug][gc,phases      ] GC(94)     Total                          Min: 0, Avg:  0.0, Max: 0, Diff: 0, Sum: 0, Workers: 4
[38.090s][debug][gc,phases      ] GC(94)   StringTable Weak               Min:  0.1, Avg:  0.1, Max:  0.1, Diff:  0.0, Sum:  0.4, Workers: 4
[38.090s][debug][gc,phases      ] GC(94)     Dead                           Min: 0, Avg:  0.0, Max: 0, Diff: 0, Sum: 0, Workers: 4
[38.090s][debug][gc,phases      ] GC(94)     Total                          Min: 9024, Avg: 11608.5, Max: 14208, Diff: 5184, Sum: 46434, Workers: 4
[38.090s][debug][gc,phases      ] GC(94)   ResolvedMethodTable Weak       Min:  0.0, Avg:  0.0, Max:  0.0, Diff:  0.0, Sum:  0.1, Workers: 4
[38.091s][debug][gc,phases      ] GC(94)     Dead                           Min: 0, Avg:  0.0, Max: 0, Diff: 0, Sum: 0, Workers: 4
[38.091s][debug][gc,phases      ] GC(94)     Total                          Min: 1534, Avg: 1938.5, Max: 2301, Diff: 767, Sum: 7754, Workers: 4
[38.091s][debug][gc,phases      ] GC(94)   JNI Weak                       Min:  0.0, Avg:  0.0, Max:  0.0, Diff:  0.0, Sum:  0.0, Workers: 4
[38.091s][debug][gc,phases      ] GC(94)     Dead                           Min: 0, Avg:  0.0, Max: 0, Diff: 0, Sum: 0, Workers: 4
[38.091s][debug][gc,phases      ] GC(94)     Total                          Min: 0, Avg:  0.0, Max: 0, Diff: 0, Sum: 0, Workers: 4
[38.091s][debug][gc,phases      ] GC(94)   StringDedup Table Weak         Min:  0.0, Avg:  0.0, Max:  0.0, Diff:  0.0, Sum:  0.0, Workers: 4
[38.091s][debug][gc,phases      ] GC(94)     Dead                           Min: 0, Avg:  0.0, Max: 0, Diff: 0, Sum: 0, Workers: 4
[38.091s][debug][gc,phases      ] GC(94)     Total                          Min: 0, Avg:  0.0, Max: 0, Diff: 0, Sum: 0, Workers: 4
[38.091s][debug][gc,phases      ] GC(94)   StringDedup Requests0 Weak     Min:  0.0, Avg:  0.0, Max:  0.0, Diff:  0.0, Sum:  0.0, Workers: 4
[38.091s][debug][gc,phases      ] GC(94)     Dead                           Min: 0, Avg:  0.0, Max: 0, Diff: 0, Sum: 0, Workers: 4
[38.091s][debug][gc,phases      ] GC(94)     Total                          Min: 0, Avg:  0.0, Max: 0, Diff: 0, Sum: 0, Workers: 4
[38.091s][debug][gc,phases      ] GC(94)   StringDedup Requests1 Weak     Min:  0.0, Avg:  0.0, Max:  0.0, Diff:  0.0, Sum:  0.0, Workers: 4
[38.091s][debug][gc,phases      ] GC(94)     Dead                           Min: 0, Avg:  0.0, Max: 0, Diff: 0, Sum: 0, Workers: 4
[38.091s][debug][gc,phases      ] GC(94)     Total                          Min: 0, Avg:  0.0, Max: 0, Diff: 0, Sum: 0, Workers: 4
[38.091s][debug][gc,phases      ] GC(94)   Weak JFR Old Object Samples    Min:  0.0, Avg:  0.0, Max:  0.0, Diff:  0.0, Sum:  0.0, Workers: 4
[38.091s][debug][gc,phases      ] GC(94)     Dead                           Min: 0, Avg:  0.0, Max: 0, Diff: 0, Sum: 0, Workers: 4
[38.091s][debug][gc,phases      ] GC(94)     Total                          Min: 0, Avg:  0.0, Max: 0, Diff: 0, Sum: 0, Workers: 4
[38.091s][debug][gc,phases      ] GC(94) Weak Processing 0.285ms
[38.091s][debug][gc,age         ] GC(94) Desired survivor size 132120576 bytes, new threshold 15 (max threshold 15)
[38.091s][info ][gc,heap        ] GC(94) PSYoungGen: 1908351K(1966080K)->73631K(1968128K) Eden: 1835008K(1835008K)->0K(1838080K) From: 73343K(131072K)->73631K(130048K)
[38.091s][info ][gc,heap        ] GC(94) ParOldGen: 401414K(496640K)->401414K(496640K)
[38.091s][info ][gc,metaspace   ] GC(94) Metaspace: 78119K(78976K)->78119K(78976K) NonClass: 66906K(67328K)->66906K(67328K) Class: 11212K(11648K)->11212K(11648K)
[38.091s][info ][gc             ] GC(94) Pause Young (Allocation Failure) 2255M->463M(2407M) 10.868ms
[38.091s][info ][gc,cpu         ] GC(94) User=0.04s Sys=0.00s Real=0.01s
[38.091s][info ][safepoint      ] Safepoint "ParallelGCFailedAllocation", Time since last: 339995022 ns, Reaching safepoint: 2094622 ns, At safepoint: 10970613 ns, Total: 13065235 ns
[38.430s][info ][gc,start       ] GC(95) Pause Young (Allocation Failure)
[38.439s][debug][gc,phases      ] GC(95) Scavenge 9.045ms
[38.439s][debug][gc,ref         ] GC(95) Skipped phase 1 of Reference Processing: no references
[38.439s][debug][gc,ref         ] GC(95) ReferenceProcessor::execute queues: 1, RefProcThreadModel::Single, marks_oops_alive: false
[38.439s][debug][gc,ref         ] GC(95) Skipped phase 3 of Reference Processing: no references
[38.439s][debug][gc,ref         ] GC(95) ReferenceProcessor::execute queues: 1, RefProcThreadModel::Single, marks_oops_alive: false
[38.439s][debug][gc,phases      ] GC(95) Reference Processing 0.126ms
[38.439s][debug][gc,phases      ] GC(95)   VM Weak                        Min:  0.0, Avg:  0.0, Max:  0.0, Diff:  0.0, Sum:  0.0, Workers: 4
[38.439s][debug][gc,phases      ] GC(95)     Dead                           Min: 0, Avg:  0.0, Max: 0, Diff: 0, Sum: 0, Workers: 4
[38.439s][debug][gc,phases      ] GC(95)     Total                          Min: 0, Avg: 161.5, Max: 646, Diff: 646, Sum: 646, Workers: 4
[38.439s][debug][gc,phases      ] GC(95)   ObjectSynchronizer Weak        Min:  0.0, Avg:  0.0, Max:  0.0, Diff:  0.0, Sum:  0.0, Workers: 4
[38.439s][debug][gc,phases      ] GC(95)     Dead                           Min: 0, Avg:  0.0, Max: 0, Diff: 0, Sum: 0, Workers: 4
[38.439s][debug][gc,phases      ] GC(95)     Total                          Min: 0, Avg: 85.0, Max: 148, Diff: 148, Sum: 340, Workers: 4
[38.439s][debug][gc,phases      ] GC(95)   JVMTI Tag Weak OopStorage      Min:  0.0, Avg:  0.0, Max:  0.0, Diff:  0.0, Sum:  0.0, Workers: 4
[38.439s][debug][gc,phases      ] GC(95)     Dead                           Min: 0, Avg:  0.0, Max: 0, Diff: 0, Sum: 0, Workers: 4
[38.439s][debug][gc,phases      ] GC(95)     Total                          Min: 0, Avg:  0.0, Max: 0, Diff: 0, Sum: 0, Workers: 4
[38.439s][debug][gc,phases      ] GC(95)   StringTable Weak               Min:  0.1, Avg:  0.1, Max:  0.1, Diff:  0.0, Sum:  0.4, Workers: 4
[38.439s][debug][gc,phases      ] GC(95)     Dead                           Min: 0, Avg:  0.0, Max: 0, Diff: 0, Sum: 0, Workers: 4
[38.439s][debug][gc,phases      ] GC(95)     Total                          Min: 9024, Avg: 11608.5, Max: 13120, Diff: 4096, Sum: 46434, Workers: 4
[38.439s][debug][gc,phases      ] GC(95)   ResolvedMethodTable Weak       Min:  0.0, Avg:  0.0, Max:  0.0, Diff:  0.0, Sum:  0.1, Workers: 4
[38.439s][debug][gc,phases      ] GC(95)     Dead                           Min: 0, Avg:  0.0, Max: 0, Diff: 0, Sum: 0, Workers: 4
[38.439s][debug][gc,phases      ] GC(95)     Total                          Min: 1405, Avg: 1938.5, Max: 2238, Diff: 833, Sum: 7754, Workers: 4
[38.439s][debug][gc,phases      ] GC(95)   JNI Weak                       Min:  0.0, Avg:  0.0, Max:  0.0, Diff:  0.0, Sum:  0.0, Workers: 4
[38.439s][debug][gc,phases      ] GC(95)     Dead                           Min: 0, Avg:  0.0, Max: 0, Diff: 0, Sum: 0, Workers: 4
[38.439s][debug][gc,phases      ] GC(95)     Total                          Min: 0, Avg:  0.0, Max: 0, Diff: 0, Sum: 0, Workers: 4
[38.439s][debug][gc,phases      ] GC(95)   StringDedup Table Weak         Min:  0.0, Avg:  0.0, Max:  0.0, Diff:  0.0, Sum:  0.0, Workers: 4
[38.439s][debug][gc,phases      ] GC(95)     Dead                           Min: 0, Avg:  0.0, Max: 0, Diff: 0, Sum: 0, Workers: 4
[38.439s][debug][gc,phases      ] GC(95)     Total                          Min: 0, Avg:  0.0, Max: 0, Diff: 0, Sum: 0, Workers: 4
[38.439s][debug][gc,phases      ] GC(95)   StringDedup Requests0 Weak     Min:  0.0, Avg:  0.0, Max:  0.0, Diff:  0.0, Sum:  0.0, Workers: 4
[38.439s][debug][gc,phases      ] GC(95)     Dead                           Min: 0, Avg:  0.0, Max: 0, Diff: 0, Sum: 0, Workers: 4
[38.439s][debug][gc,phases      ] GC(95)     Total                          Min: 0, Avg:  0.0, Max: 0, Diff: 0, Sum: 0, Workers: 4
[38.439s][debug][gc,phases      ] GC(95)   StringDedup Requests1 Weak     Min:  0.0, Avg:  0.0, Max:  0.0, Diff:  0.0, Sum:  0.0, Workers: 4
[38.439s][debug][gc,phases      ] GC(95)     Dead                           Min: 0, Avg:  0.0, Max: 0, Diff: 0, Sum: 0, Workers: 4
[38.439s][debug][gc,phases      ] GC(95)     Total                          Min: 0, Avg:  0.0, Max: 0, Diff: 0, Sum: 0, Workers: 4
[38.439s][debug][gc,phases      ] GC(95)   Weak JFR Old Object Samples    Min:  0.0, Avg:  0.0, Max:  0.0, Diff:  0.0, Sum:  0.0, Workers: 4
[38.439s][debug][gc,phases      ] GC(95)     Dead                           Min: 0, Avg:  0.0, Max: 0, Diff: 0, Sum: 0, Workers: 4
[38.439s][debug][gc,phases      ] GC(95)     Total                          Min: 0, Avg:  0.0, Max: 0, Diff: 0, Sum: 0, Workers: 4
[38.439s][debug][gc,phases      ] GC(95) Weak Processing 0.279ms
[38.439s][debug][gc,age         ] GC(95) Desired survivor size 130547712 bytes, new threshold 15 (max threshold 15)
[38.439s][info ][gc,heap        ] GC(95) PSYoungGen: 1911711K(1968128K)->73341K(1967104K) Eden: 1838080K(1838080K)->0K(1838080K) From: 73631K(130048K)->73341K(129024K)
[38.439s][info ][gc,heap        ] GC(95) ParOldGen: 401414K(496640K)->401934K(496640K)
[38.439s][info ][gc,metaspace   ] GC(95) Metaspace: 78119K(78976K)->78119K(78976K) NonClass: 66906K(67328K)->66906K(67328K) Class: 11212K(11648K)->11212K(11648K)
[38.439s][info ][gc             ] GC(95) Pause Young (Allocation Failure) 2258M->464M(2406M) 9.580ms
[38.439s][info ][gc,cpu         ] GC(95) User=0.04s Sys=0.00s Real=0.00s
[38.439s][info ][safepoint      ] Safepoint "ParallelGCFailedAllocation", Time since last: 338865710 ns, Reaching safepoint: 107301 ns, At safepoint: 9699000 ns, Total: 9806301 ns
[38.784s][info ][gc,start       ] GC(96) Pause Young (Allocation Failure)
[38.795s][debug][gc,phases      ] GC(96) Scavenge 11.065ms
[38.795s][debug][gc,ref         ] GC(96) Skipped phase 1 of Reference Processing: no references
[38.795s][debug][gc,ref         ] GC(96) ReferenceProcessor::execute queues: 1, RefProcThreadModel::Single, marks_oops_alive: false
[38.795s][debug][gc,ref         ] GC(96) Skipped phase 3 of Reference Processing: no references
[38.795s][debug][gc,ref         ] GC(96) ReferenceProcessor::execute queues: 1, RefProcThreadModel::Single, marks_oops_alive: false
[38.795s][debug][gc,phases      ] GC(96) Reference Processing 0.144ms
[38.795s][debug][gc,phases      ] GC(96)   VM Weak                        Min:  0.0, Avg:  0.0, Max:  0.0, Diff:  0.0, Sum:  0.0, Workers: 4
[38.795s][debug][gc,phases      ] GC(96)     Dead                           Min: 0, Avg:  0.0, Max: 0, Diff: 0, Sum: 0, Workers: 4
[38.795s][debug][gc,phases      ] GC(96)     Total                          Min: 0, Avg: 161.5, Max: 512, Diff: 512, Sum: 646, Workers: 4
[38.795s][debug][gc,phases      ] GC(96)   ObjectSynchronizer Weak        Min:  0.0, Avg:  0.0, Max:  0.0, Diff:  0.0, Sum:  0.0, Workers: 4
[38.795s][debug][gc,phases      ] GC(96)     Dead                           Min: 0, Avg:  0.0, Max: 0, Diff: 0, Sum: 0, Workers: 4
[38.795s][debug][gc,phases      ] GC(96)     Total                          Min: 0, Avg: 85.0, Max: 192, Diff: 192, Sum: 340, Workers: 4
[38.795s][debug][gc,phases      ] GC(96)   JVMTI Tag Weak OopStorage      Min:  0.0, Avg:  0.0, Max:  0.0, Diff:  0.0, Sum:  0.0, Workers: 4
[38.795s][debug][gc,phases      ] GC(96)     Dead                           Min: 0, Avg:  0.0, Max: 0, Diff: 0, Sum: 0, Workers: 4
[38.795s][debug][gc,phases      ] GC(96)     Total                          Min: 0, Avg:  0.0, Max: 0, Diff: 0, Sum: 0, Workers: 4
[38.795s][debug][gc,phases      ] GC(96)   StringTable Weak               Min:  0.1, Avg:  0.1, Max:  0.1, Diff:  0.0, Sum:  0.4, Workers: 4
[38.795s][debug][gc,phases      ] GC(96)     Dead                           Min: 0, Avg:  0.0, Max: 0, Diff: 0, Sum: 0, Workers: 4
[38.795s][debug][gc,phases      ] GC(96)     Total                          Min: 9408, Avg: 11608.5, Max: 15010, Diff: 5602, Sum: 46434, Workers: 4
[38.795s][debug][gc,phases      ] GC(96)   ResolvedMethodTable Weak       Min:  0.0, Avg:  0.0, Max:  0.0, Diff:  0.0, Sum:  0.1, Workers: 4
[38.795s][debug][gc,phases      ] GC(96)     Dead                           Min: 0, Avg:  0.0, Max: 0, Diff: 0, Sum: 0, Workers: 4
[38.795s][debug][gc,phases      ] GC(96)     Total                          Min: 1492, Avg: 1938.5, Max: 2621, Diff: 1129, Sum: 7754, Workers: 4
[38.795s][debug][gc,phases      ] GC(96)   JNI Weak                       Min:  0.0, Avg:  0.0, Max:  0.0, Diff:  0.0, Sum:  0.0, Workers: 4
[38.795s][debug][gc,phases      ] GC(96)     Dead                           Min: 0, Avg:  0.0, Max: 0, Diff: 0, Sum: 0, Workers: 4
[38.795s][debug][gc,phases      ] GC(96)     Total                          Min: 0, Avg:  0.0, Max: 0, Diff: 0, Sum: 0, Workers: 4
[38.795s][debug][gc,phases      ] GC(96)   StringDedup Table Weak         Min:  0.0, Avg:  0.0, Max:  0.0, Diff:  0.0, Sum:  0.0, Workers: 4
[38.795s][debug][gc,phases      ] GC(96)     Dead                           Min: 0, Avg:  0.0, Max: 0, Diff: 0, Sum: 0, Workers: 4
[38.795s][debug][gc,phases      ] GC(96)     Total                          Min: 0, Avg:  0.0, Max: 0, Diff: 0, Sum: 0, Workers: 4
[38.795s][debug][gc,phases      ] GC(96)   StringDedup Requests0 Weak     Min:  0.0, Avg:  0.0, Max:  0.0, Diff:  0.0, Sum:  0.0, Workers: 4
[38.795s][debug][gc,phases      ] GC(96)     Dead                           Min: 0, Avg:  0.0, Max: 0, Diff: 0, Sum: 0, Workers: 4
[38.795s][debug][gc,phases      ] GC(96)     Total                          Min: 0, Avg:  0.0, Max: 0, Diff: 0, Sum: 0, Workers: 4
[38.795s][debug][gc,phases      ] GC(96)   StringDedup Requests1 Weak     Min:  0.0, Avg:  0.0, Max:  0.0, Diff:  0.0, Sum:  0.0, Workers: 4
[38.795s][debug][gc,phases      ] GC(96)     Dead                           Min: 0, Avg:  0.0, Max: 0, Diff: 0, Sum: 0, Workers: 4
[38.795s][debug][gc,phases      ] GC(96)     Total                          Min: 0, Avg:  0.0, Max: 0, Diff: 0, Sum: 0, Workers: 4
[38.795s][debug][gc,phases      ] GC(96)   Weak JFR Old Object Samples    Min:  0.0, Avg:  0.0, Max:  0.0, Diff:  0.0, Sum:  0.0, Workers: 4
[38.795s][debug][gc,phases      ] GC(96)     Dead                           Min: 0, Avg:  0.0, Max: 0, Diff: 0, Sum: 0, Workers: 4
[38.795s][debug][gc,phases      ] GC(96)     Total                          Min: 0, Avg:  0.0, Max: 0, Diff: 0, Sum: 0, Workers: 4
[38.795s][debug][gc,phases      ] GC(96) Weak Processing 0.312ms
[38.795s][debug][gc,age         ] GC(96) Desired survivor size 128450560 bytes, new threshold 15 (max threshold 15)
[38.795s][info ][gc,heap        ] GC(96) PSYoungGen: 1911421K(1967104K)->72047K(1971712K) Eden: 1838080K(1838080K)->0K(1844224K) From: 73341K(129024K)->72047K(127488K)
[38.795s][info ][gc,heap        ] GC(96) ParOldGen: 401934K(496640K)->403527K(496640K)
[38.795s][info ][gc,metaspace   ] GC(96) Metaspace: 78120K(78976K)->78120K(78976K) NonClass: 66907K(67328K)->66907K(67328K) Class: 11212K(11648K)->11212K(11648K)
[38.795s][info ][gc             ] GC(96) Pause Young (Allocation Failure) 2259M->464M(2410M) 11.644ms
[38.795s][info ][gc,cpu         ] GC(96) User=0.05s Sys=0.00s Real=0.01s
[38.795s][info ][safepoint      ] Safepoint "ParallelGCFailedAllocation", Time since last: 344005863 ns, Reaching safepoint: 122401 ns, At safepoint: 11746622 ns, Total: 11869023 ns
[39.148s][info ][gc,start       ] GC(97) Pause Young (Allocation Failure)
[39.157s][debug][gc,phases      ] GC(97) Scavenge 9.256ms
[39.157s][debug][gc,ref         ] GC(97) Skipped phase 1 of Reference Processing: no references
[39.158s][debug][gc,ref         ] GC(97) ReferenceProcessor::execute queues: 1, RefProcThreadModel::Single, marks_oops_alive: false
[39.158s][debug][gc,ref         ] GC(97) Skipped phase 3 of Reference Processing: no references
[39.158s][debug][gc,ref         ] GC(97) ReferenceProcessor::execute queues: 1, RefProcThreadModel::Single, marks_oops_alive: false
[39.158s][debug][gc,phases      ] GC(97) Reference Processing 0.126ms
[39.158s][debug][gc,phases      ] GC(97)   VM Weak                        Min:  0.0, Avg:  0.0, Max:  0.0, Diff:  0.0, Sum:  0.0, Workers: 4
[39.158s][debug][gc,phases      ] GC(97)     Dead                           Min: 0, Avg:  0.0, Max: 0, Diff: 0, Sum: 0, Workers: 4
[39.158s][debug][gc,phases      ] GC(97)     Total                          Min: 0, Avg: 161.5, Max: 518, Diff: 518, Sum: 646, Workers: 4
[39.158s][debug][gc,phases      ] GC(97)   ObjectSynchronizer Weak        Min:  0.0, Avg:  0.0, Max:  0.0, Diff:  0.0, Sum:  0.0, Workers: 4
[39.158s][debug][gc,phases      ] GC(97)     Dead                           Min: 0, Avg:  0.0, Max: 0, Diff: 0, Sum: 0, Workers: 4
[39.158s][debug][gc,phases      ] GC(97)     Total                          Min: 0, Avg: 85.0, Max: 192, Diff: 192, Sum: 340, Workers: 4
[39.158s][debug][gc,phases      ] GC(97)   JVMTI Tag Weak OopStorage      Min:  0.0, Avg:  0.0, Max:  0.0, Diff:  0.0, Sum:  0.0, Workers: 4
[39.158s][debug][gc,phases      ] GC(97)     Dead                           Min: 0, Avg:  0.0, Max: 0, Diff: 0, Sum: 0, Workers: 4
[39.158s][debug][gc,phases      ] GC(97)     Total                          Min: 0, Avg:  0.0, Max: 0, Diff: 0, Sum: 0, Workers: 4
[39.158s][debug][gc,phases      ] GC(97)   StringTable Weak               Min:  0.1, Avg:  0.1, Max:  0.1, Diff:  0.0, Sum:  0.4, Workers: 4
[39.158s][debug][gc,phases      ] GC(97)     Dead                           Min: 0, Avg:  0.0, Max: 0, Diff: 0, Sum: 0, Workers: 4
[39.158s][debug][gc,phases      ] GC(97)     Total                          Min: 8960, Avg: 11608.5, Max: 15040, Diff: 6080, Sum: 46434, Workers: 4
[39.158s][debug][gc,phases      ] GC(97)   ResolvedMethodTable Weak       Min:  0.0, Avg:  0.0, Max:  0.0, Diff:  0.0, Sum:  0.1, Workers: 4
[39.158s][debug][gc,phases      ] GC(97)     Dead                           Min: 0, Avg:  0.0, Max: 0, Diff: 0, Sum: 0, Workers: 4
[39.158s][debug][gc,phases      ] GC(97)     Total                          Min: 1661, Avg: 1938.5, Max: 2428, Diff: 767, Sum: 7754, Workers: 4
[39.158s][debug][gc,phases      ] GC(97)   JNI Weak                       Min:  0.0, Avg:  0.0, Max:  0.0, Diff:  0.0, Sum:  0.0, Workers: 4
[39.158s][debug][gc,phases      ] GC(97)     Dead                           Min: 0, Avg:  0.0, Max: 0, Diff: 0, Sum: 0, Workers: 4
[39.158s][debug][gc,phases      ] GC(97)     Total                          Min: 0, Avg:  0.2, Max: 1, Diff: 1, Sum: 1, Workers: 4
[39.158s][debug][gc,phases      ] GC(97)   StringDedup Table Weak         Min:  0.0, Avg:  0.0, Max:  0.0, Diff:  0.0, Sum:  0.0, Workers: 4
[39.158s][debug][gc,phases      ] GC(97)     Dead                           Min: 0, Avg:  0.0, Max: 0, Diff: 0, Sum: 0, Workers: 4
[39.158s][debug][gc,phases      ] GC(97)     Total                          Min: 0, Avg:  0.0, Max: 0, Diff: 0, Sum: 0, Workers: 4
[39.158s][debug][gc,phases      ] GC(97)   StringDedup Requests0 Weak     Min:  0.0, Avg:  0.0, Max:  0.0, Diff:  0.0, Sum:  0.0, Workers: 4
[39.158s][debug][gc,phases      ] GC(97)     Dead                           Min: 0, Avg:  0.0, Max: 0, Diff: 0, Sum: 0, Workers: 4
[39.158s][debug][gc,phases      ] GC(97)     Total                          Min: 0, Avg:  0.0, Max: 0, Diff: 0, Sum: 0, Workers: 4
[39.158s][debug][gc,phases      ] GC(97)   StringDedup Requests1 Weak     Min:  0.0, Avg:  0.0, Max:  0.0, Diff:  0.0, Sum:  0.0, Workers: 4
[39.158s][debug][gc,phases      ] GC(97)     Dead                           Min: 0, Avg:  0.0, Max: 0, Diff: 0, Sum: 0, Workers: 4
[39.158s][debug][gc,phases      ] GC(97)     Total                          Min: 0, Avg:  0.0, Max: 0, Diff: 0, Sum: 0, Workers: 4
[39.158s][debug][gc,phases      ] GC(97)   Weak JFR Old Object Samples    Min:  0.0, Avg:  0.0, Max:  0.0, Diff:  0.0, Sum:  0.0, Workers: 4
[39.158s][debug][gc,phases      ] GC(97)     Dead                           Min: 0, Avg:  0.0, Max: 0, Diff: 0, Sum: 0, Workers: 4
[39.158s][debug][gc,phases      ] GC(97)     Total                          Min: 0, Avg:  0.0, Max: 0, Diff: 0, Sum: 0, Workers: 4
[39.158s][debug][gc,phases      ] GC(97) Weak Processing 0.295ms
[39.158s][debug][gc,age         ] GC(97) Desired survivor size 125829120 bytes, new threshold 15 (max threshold 15)
[39.158s][info ][gc,heap        ] GC(97) PSYoungGen: 1916271K(1971712K)->71655K(1969664K) Eden: 1844224K(1844224K)->0K(1844224K) From: 72047K(127488K)->71655K(125440K)
[39.158s][info ][gc,heap        ] GC(97) ParOldGen: 403527K(496640K)->404190K(496640K)
[39.158s][info ][gc,metaspace   ] GC(97) Metaspace: 78120K(78976K)->78120K(78976K) NonClass: 66907K(67328K)->66907K(67328K) Class: 11212K(11648K)->11212K(11648K)
[39.158s][info ][gc             ] GC(97) Pause Young (Allocation Failure) 2265M->464M(2408M) 9.789ms
[39.158s][info ][gc,cpu         ] GC(97) User=0.04s Sys=0.00s Real=0.00s
[39.158s][info ][safepoint      ] Safepoint "ParallelGCFailedAllocation", Time since last: 352309048 ns, Reaching safepoint: 583306 ns, At safepoint: 9904502 ns, Total: 10487808 ns
[39.528s][info ][gc,start       ] GC(98) Pause Young (Allocation Failure)
[39.539s][debug][gc,phases      ] GC(98) Scavenge 10.001ms
[39.539s][debug][gc,ref         ] GC(98) Skipped phase 1 of Reference Processing: no references
[39.539s][debug][gc,ref         ] GC(98) ReferenceProcessor::execute queues: 1, RefProcThreadModel::Single, marks_oops_alive: false
[39.539s][debug][gc,ref         ] GC(98) Skipped phase 3 of Reference Processing: no references
[39.539s][debug][gc,ref         ] GC(98) ReferenceProcessor::execute queues: 1, RefProcThreadModel::Single, marks_oops_alive: false
[39.539s][debug][gc,phases      ] GC(98) Reference Processing 0.111ms
[39.539s][debug][gc,phases      ] GC(98)   VM Weak                        Min:  0.0, Avg:  0.0, Max:  0.0, Diff:  0.0, Sum:  0.0, Workers: 4
[39.539s][debug][gc,phases      ] GC(98)     Dead                           Min: 0, Avg:  0.0, Max: 0, Diff: 0, Sum: 0, Workers: 4
[39.539s][debug][gc,phases      ] GC(98)     Total                          Min: 0, Avg: 161.5, Max: 646, Diff: 646, Sum: 646, Workers: 4
[39.539s][debug][gc,phases      ] GC(98)   ObjectSynchronizer Weak        Min:  0.0, Avg:  0.0, Max:  0.0, Diff:  0.0, Sum:  0.0, Workers: 4
[39.539s][debug][gc,phases      ] GC(98)     Dead                           Min: 0, Avg:  0.0, Max: 0, Diff: 0, Sum: 0, Workers: 4
[39.539s][debug][gc,phases      ] GC(98)     Total                          Min: 0, Avg: 85.0, Max: 192, Diff: 192, Sum: 340, Workers: 4
[39.539s][debug][gc,phases      ] GC(98)   JVMTI Tag Weak OopStorage      Min:  0.0, Avg:  0.0, Max:  0.0, Diff:  0.0, Sum:  0.0, Workers: 4
[39.539s][debug][gc,phases      ] GC(98)     Dead                           Min: 0, Avg:  0.0, Max: 0, Diff: 0, Sum: 0, Workers: 4
[39.539s][debug][gc,phases      ] GC(98)     Total                          Min: 0, Avg:  0.0, Max: 0, Diff: 0, Sum: 0, Workers: 4
[39.539s][debug][gc,phases      ] GC(98)   StringTable Weak               Min:  0.1, Avg:  0.1, Max:  0.1, Diff:  0.0, Sum:  0.4, Workers: 4
[39.539s][debug][gc,phases      ] GC(98)     Dead                           Min: 0, Avg:  0.0, Max: 0, Diff: 0, Sum: 0, Workers: 4
[39.539s][debug][gc,phases      ] GC(98)     Total                          Min: 9856, Avg: 11608.5, Max: 14848, Diff: 4992, Sum: 46434, Workers: 4
[39.539s][debug][gc,phases      ] GC(98)   ResolvedMethodTable Weak       Min:  0.0, Avg:  0.0, Max:  0.0, Diff:  0.0, Sum:  0.1, Workers: 4
[39.539s][debug][gc,phases      ] GC(98)     Dead                           Min: 0, Avg:  0.0, Max: 0, Diff: 0, Sum: 0, Workers: 4
[39.539s][debug][gc,phases      ] GC(98)     Total                          Min: 1790, Avg: 1938.5, Max: 2235, Diff: 445, Sum: 7754, Workers: 4
[39.539s][debug][gc,phases      ] GC(98)   JNI Weak                       Min:  0.0, Avg:  0.0, Max:  0.0, Diff:  0.0, Sum:  0.0, Workers: 4
[39.539s][debug][gc,phases      ] GC(98)     Dead                           Min: 0, Avg:  0.0, Max: 0, Diff: 0, Sum: 0, Workers: 4
[39.539s][debug][gc,phases      ] GC(98)     Total                          Min: 0, Avg:  0.0, Max: 0, Diff: 0, Sum: 0, Workers: 4
[39.539s][debug][gc,phases      ] GC(98)   StringDedup Table Weak         Min:  0.0, Avg:  0.0, Max:  0.0, Diff:  0.0, Sum:  0.0, Workers: 4
[39.539s][debug][gc,phases      ] GC(98)     Dead                           Min: 0, Avg:  0.0, Max: 0, Diff: 0, Sum: 0, Workers: 4
[39.539s][debug][gc,phases      ] GC(98)     Total                          Min: 0, Avg:  0.0, Max: 0, Diff: 0, Sum: 0, Workers: 4
[39.539s][debug][gc,phases      ] GC(98)   StringDedup Requests0 Weak     Min:  0.0, Avg:  0.0, Max:  0.0, Diff:  0.0, Sum:  0.0, Workers: 4
[39.539s][debug][gc,phases      ] GC(98)     Dead                           Min: 0, Avg:  0.0, Max: 0, Diff: 0, Sum: 0, Workers: 4
[39.539s][debug][gc,phases      ] GC(98)     Total                          Min: 0, Avg:  0.0, Max: 0, Diff: 0, Sum: 0, Workers: 4
[39.539s][debug][gc,phases      ] GC(98)   StringDedup Requests1 Weak     Min:  0.0, Avg:  0.0, Max:  0.0, Diff:  0.0, Sum:  0.0, Workers: 4
[39.539s][debug][gc,phases      ] GC(98)     Dead                           Min: 0, Avg:  0.0, Max: 0, Diff: 0, Sum: 0, Workers: 4
[39.539s][debug][gc,phases      ] GC(98)     Total                          Min: 0, Avg:  0.0, Max: 0, Diff: 0, Sum: 0, Workers: 4
[39.539s][debug][gc,phases      ] GC(98)   Weak JFR Old Object Samples    Min:  0.0, Avg:  0.0, Max:  0.0, Diff:  0.0, Sum:  0.0, Workers: 4
[39.539s][debug][gc,phases      ] GC(98)     Dead                           Min: 0, Avg:  0.0, Max: 0, Diff: 0, Sum: 0, Workers: 4
[39.539s][debug][gc,phases      ] GC(98)     Total                          Min: 0, Avg:  0.0, Max: 0, Diff: 0, Sum: 0, Workers: 4
[39.539s][debug][gc,phases      ] GC(98) Weak Processing 0.303ms
[39.539s][debug][gc,age         ] GC(98) Desired survivor size 123207680 bytes, new threshold 15 (max threshold 15)
[39.539s][info ][gc,heap        ] GC(98) PSYoungGen: 1915879K(1969664K)->71338K(1976832K) Eden: 1844224K(1844224K)->0K(1853952K) From: 71655K(125440K)->71338K(122880K)
[39.539s][info ][gc,heap        ] GC(98) ParOldGen: 404190K(496640K)->404790K(496640K)
[39.539s][info ][gc,metaspace   ] GC(98) Metaspace: 78120K(78976K)->78120K(78976K) NonClass: 66907K(67328K)->66907K(67328K) Class: 11212K(11648K)->11212K(11648K)
[39.539s][info ][gc             ] GC(98) Pause Young (Allocation Failure) 2265M->464M(2415M) 10.543ms
[39.539s][info ][gc,cpu         ] GC(98) User=0.04s Sys=0.00s Real=0.00s
[39.539s][info ][safepoint      ] Safepoint "ParallelGCFailedAllocation", Time since last: 367188902 ns, Reaching safepoint: 3192833 ns, At safepoint: 10661710 ns, Total: 13854543 ns
[39.936s][info ][gc,start       ] GC(99) Pause Young (Allocation Failure)
[39.945s][debug][gc,phases      ] GC(99) Scavenge 9.290ms
[39.945s][debug][gc,ref         ] GC(99) Skipped phase 1 of Reference Processing: no references
[39.945s][debug][gc,ref         ] GC(99) ReferenceProcessor::execute queues: 1, RefProcThreadModel::Single, marks_oops_alive: false
[39.945s][debug][gc,ref         ] GC(99) Skipped phase 3 of Reference Processing: no references
[39.945s][debug][gc,ref         ] GC(99) ReferenceProcessor::execute queues: 1, RefProcThreadModel::Single, marks_oops_alive: false
[39.945s][debug][gc,phases      ] GC(99) Reference Processing 0.115ms
[39.945s][debug][gc,phases      ] GC(99)   VM Weak                        Min:  0.0, Avg:  0.0, Max:  0.0, Diff:  0.0, Sum:  0.0, Workers: 4
[39.945s][debug][gc,phases      ] GC(99)     Dead                           Min: 0, Avg:  0.0, Max: 0, Diff: 0, Sum: 0, Workers: 4
[39.945s][debug][gc,phases      ] GC(99)     Total                          Min: 0, Avg: 161.8, Max: 647, Diff: 647, Sum: 647, Workers: 4
[39.945s][debug][gc,phases      ] GC(99)   ObjectSynchronizer Weak        Min:  0.0, Avg:  0.0, Max:  0.0, Diff:  0.0, Sum:  0.0, Workers: 4
[39.945s][debug][gc,phases      ] GC(99)     Dead                           Min: 0, Avg:  0.0, Max: 0, Diff: 0, Sum: 0, Workers: 4
[39.945s][debug][gc,phases      ] GC(99)     Total                          Min: 0, Avg: 85.0, Max: 340, Diff: 340, Sum: 340, Workers: 4
[39.945s][debug][gc,phases      ] GC(99)   JVMTI Tag Weak OopStorage      Min:  0.0, Avg:  0.0, Max:  0.0, Diff:  0.0, Sum:  0.0, Workers: 4
[39.945s][debug][gc,phases      ] GC(99)     Dead                           Min: 0, Avg:  0.0, Max: 0, Diff: 0, Sum: 0, Workers: 4
[39.945s][debug][gc,phases      ] GC(99)     Total                          Min: 0, Avg:  0.0, Max: 0, Diff: 0, Sum: 0, Workers: 4
[39.945s][debug][gc,phases      ] GC(99)   StringTable Weak               Min:  0.1, Avg:  0.1, Max:  0.1, Diff:  0.0, Sum:  0.3, Workers: 4
[39.945s][debug][gc,phases      ] GC(99)     Dead                           Min: 0, Avg:  0.0, Max: 0, Diff: 0, Sum: 0, Workers: 4
[39.945s][debug][gc,phases      ] GC(99)     Total                          Min: 8461, Avg: 11619.2, Max: 13120, Diff: 4659, Sum: 46477, Workers: 4
[39.945s][debug][gc,phases      ] GC(99)   ResolvedMethodTable Weak       Min:  0.0, Avg:  0.0, Max:  0.0, Diff:  0.0, Sum:  0.1, Workers: 4
[39.945s][debug][gc,phases      ] GC(99)     Dead                           Min: 0, Avg:  0.0, Max: 0, Diff: 0, Sum: 0, Workers: 4
[39.945s][debug][gc,phases      ] GC(99)     Total                          Min: 1536, Avg: 1947.8, Max: 2176, Diff: 640, Sum: 7791, Workers: 4
[39.945s][debug][gc,phases      ] GC(99)   JNI Weak                       Min:  0.0, Avg:  0.0, Max:  0.0, Diff:  0.0, Sum:  0.0, Workers: 4
[39.945s][debug][gc,phases      ] GC(99)     Dead                           Min: 0, Avg:  0.0, Max: 0, Diff: 0, Sum: 0, Workers: 4
[39.945s][debug][gc,phases      ] GC(99)     Total                          Min: 0, Avg:  3.0, Max: 12, Diff: 12, Sum: 12, Workers: 4
[39.945s][debug][gc,phases      ] GC(99)   StringDedup Table Weak         Min:  0.0, Avg:  0.0, Max:  0.0, Diff:  0.0, Sum:  0.0, Workers: 4
[39.945s][debug][gc,phases      ] GC(99)     Dead                           Min: 0, Avg:  0.0, Max: 0, Diff: 0, Sum: 0, Workers: 4
[39.945s][debug][gc,phases      ] GC(99)     Total                          Min: 0, Avg:  0.0, Max: 0, Diff: 0, Sum: 0, Workers: 4
[39.945s][debug][gc,phases      ] GC(99)   StringDedup Requests0 Weak     Min:  0.0, Avg:  0.0, Max:  0.0, Diff:  0.0, Sum:  0.0, Workers: 4
[39.945s][debug][gc,phases      ] GC(99)     Dead                           Min: 0, Avg:  0.0, Max: 0, Diff: 0, Sum: 0, Workers: 4
[39.945s][debug][gc,phases      ] GC(99)     Total                          Min: 0, Avg:  0.0, Max: 0, Diff: 0, Sum: 0, Workers: 4
[39.945s][debug][gc,phases      ] GC(99)   StringDedup Requests1 Weak     Min:  0.0, Avg:  0.0, Max:  0.0, Diff:  0.0, Sum:  0.0, Workers: 4
[39.945s][debug][gc,phases      ] GC(99)     Dead                           Min: 0, Avg:  0.0, Max: 0, Diff: 0, Sum: 0, Workers: 4
[39.945s][debug][gc,phases      ] GC(99)     Total                          Min: 0, Avg:  0.0, Max: 0, Diff: 0, Sum: 0, Workers: 4
[39.945s][debug][gc,phases      ] GC(99)   Weak JFR Old Object Samples    Min:  0.0, Avg:  0.0, Max:  0.0, Diff:  0.0, Sum:  0.0, Workers: 4
[39.945s][debug][gc,phases      ] GC(99)     Dead                           Min: 0, Avg:  0.0, Max: 0, Diff: 0, Sum: 0, Workers: 4
[39.945s][debug][gc,phases      ] GC(99)     Total                          Min: 0, Avg:  0.0, Max: 0, Diff: 0, Sum: 0, Workers: 4
[39.945s][debug][gc,phases      ] GC(99) Weak Processing 0.263ms
[39.945s][debug][gc,age         ] GC(99) Desired survivor size 120586240 bytes, new threshold 15 (max threshold 15)
[39.945s][info ][gc,heap        ] GC(99) PSYoungGen: 1925290K(1976832K)->71399K(1974272K) Eden: 1853952K(1853952K)->0K(1853952K) From: 71338K(122880K)->71399K(120320K)
[39.945s][info ][gc,heap        ] GC(99) ParOldGen: 404790K(496640K)->405634K(496640K)
[39.945s][info ][gc,metaspace   ] GC(99) Metaspace: 78278K(79168K)->78278K(79168K) NonClass: 67042K(67520K)->67042K(67520K) Class: 11236K(11648K)->11236K(11648K)
[39.945s][info ][gc             ] GC(99) Pause Young (Allocation Failure) 2275M->465M(2413M) 9.783ms
[39.945s][info ][gc,cpu         ] GC(99) User=0.04s Sys=0.00s Real=0.01s
[39.946s][info ][safepoint      ] Safepoint "ParallelGCFailedAllocation", Time since last: 396393304 ns, Reaching safepoint: 204802 ns, At safepoint: 9884903 ns, Total: 10089705 ns
[40.347s][info ][safepoint      ] Safepoint "ICBufferFull", Time since last: 400832448 ns, Reaching safepoint: 306503 ns, At safepoint: 32201 ns, Total: 338704 ns
[40.356s][info ][gc,start       ] GC(100) Pause Young (Allocation Failure)
[40.366s][debug][gc,phases      ] GC(100) Scavenge 10.535ms
[40.366s][debug][gc,ref         ] GC(100) Skipped phase 1 of Reference Processing: no references
[40.367s][debug][gc,ref         ] GC(100) ReferenceProcessor::execute queues: 1, RefProcThreadModel::Single, marks_oops_alive: false
[40.367s][debug][gc,ref         ] GC(100) Skipped phase 3 of Reference Processing: no references
[40.367s][debug][gc,ref         ] GC(100) ReferenceProcessor::execute queues: 1, RefProcThreadModel::Single, marks_oops_alive: false
[40.367s][debug][gc,phases      ] GC(100) Reference Processing 0.132ms
[40.367s][debug][gc,phases      ] GC(100)   VM Weak                        Min:  0.0, Avg:  0.0, Max:  0.0, Diff:  0.0, Sum:  0.0, Workers: 4
[40.367s][debug][gc,phases      ] GC(100)     Dead                           Min: 0, Avg:  0.0, Max: 0, Diff: 0, Sum: 0, Workers: 4
[40.367s][debug][gc,phases      ] GC(100)     Total                          Min: 0, Avg: 162.8, Max: 395, Diff: 395, Sum: 651, Workers: 4
[40.367s][debug][gc,phases      ] GC(100)   ObjectSynchronizer Weak        Min:  0.0, Avg:  0.0, Max:  0.0, Diff:  0.0, Sum:  0.0, Workers: 4
[40.367s][debug][gc,phases      ] GC(100)     Dead                           Min: 0, Avg:  0.0, Max: 0, Diff: 0, Sum: 0, Workers: 4
[40.367s][debug][gc,phases      ] GC(100)     Total                          Min: 0, Avg: 85.0, Max: 192, Diff: 192, Sum: 340, Workers: 4
[40.367s][debug][gc,phases      ] GC(100)   JVMTI Tag Weak OopStorage      Min:  0.0, Avg:  0.0, Max:  0.0, Diff:  0.0, Sum:  0.0, Workers: 4
[40.367s][debug][gc,phases      ] GC(100)     Dead                           Min: 0, Avg:  0.0, Max: 0, Diff: 0, Sum: 0, Workers: 4
[40.367s][debug][gc,phases      ] GC(100)     Total                          Min: 0, Avg:  0.0, Max: 0, Diff: 0, Sum: 0, Workers: 4
[40.367s][debug][gc,phases      ] GC(100)   StringTable Weak               Min:  0.1, Avg:  0.1, Max:  0.1, Diff:  0.0, Sum:  0.4, Workers: 4
[40.367s][debug][gc,phases      ] GC(100)     Dead                           Min: 0, Avg:  0.0, Max: 0, Diff: 0, Sum: 0, Workers: 4
[40.367s][debug][gc,phases      ] GC(100)     Total                          Min: 9984, Avg: 11628.5, Max: 13490, Diff: 3506, Sum: 46514, Workers: 4
[40.367s][debug][gc,phases      ] GC(100)   ResolvedMethodTable Weak       Min:  0.0, Avg:  0.0, Max:  0.0, Diff:  0.0, Sum:  0.1, Workers: 4
[40.367s][debug][gc,phases      ] GC(100)     Dead                           Min: 0, Avg:  0.0, Max: 0, Diff: 0, Sum: 0, Workers: 4
[40.367s][debug][gc,phases      ] GC(100)     Total                          Min: 1280, Avg: 1957.8, Max: 2815, Diff: 1535, Sum: 7831, Workers: 4
[40.367s][debug][gc,phases      ] GC(100)   JNI Weak                       Min:  0.0, Avg:  0.0, Max:  0.0, Diff:  0.0, Sum:  0.0, Workers: 4
[40.367s][debug][gc,phases      ] GC(100)     Dead                           Min: 0, Avg:  0.0, Max: 0, Diff: 0, Sum: 0, Workers: 4
[40.367s][debug][gc,phases      ] GC(100)     Total                          Min: 0, Avg:  8.8, Max: 35, Diff: 35, Sum: 35, Workers: 4
[40.367s][debug][gc,phases      ] GC(100)   StringDedup Table Weak         Min:  0.0, Avg:  0.0, Max:  0.0, Diff:  0.0, Sum:  0.0, Workers: 4
[40.367s][debug][gc,phases      ] GC(100)     Dead                           Min: 0, Avg:  0.0, Max: 0, Diff: 0, Sum: 0, Workers: 4
[40.367s][debug][gc,phases      ] GC(100)     Total                          Min: 0, Avg:  0.0, Max: 0, Diff: 0, Sum: 0, Workers: 4
[40.367s][debug][gc,phases      ] GC(100)   StringDedup Requests0 Weak     Min:  0.0, Avg:  0.0, Max:  0.0, Diff:  0.0, Sum:  0.0, Workers: 4
[40.367s][debug][gc,phases      ] GC(100)     Dead                           Min: 0, Avg:  0.0, Max: 0, Diff: 0, Sum: 0, Workers: 4
[40.367s][debug][gc,phases      ] GC(100)     Total                          Min: 0, Avg:  0.0, Max: 0, Diff: 0, Sum: 0, Workers: 4
[40.367s][debug][gc,phases      ] GC(100)   StringDedup Requests1 Weak     Min:  0.0, Avg:  0.0, Max:  0.0, Diff:  0.0, Sum:  0.0, Workers: 4
[40.367s][debug][gc,phases      ] GC(100)     Dead                           Min: 0, Avg:  0.0, Max: 0, Diff: 0, Sum: 0, Workers: 4
[40.367s][debug][gc,phases      ] GC(100)     Total                          Min: 0, Avg:  0.0, Max: 0, Diff: 0, Sum: 0, Workers: 4
[40.367s][debug][gc,phases      ] GC(100)   Weak JFR Old Object Samples    Min:  0.0, Avg:  0.0, Max:  0.0, Diff:  0.0, Sum:  0.0, Workers: 4
[40.367s][debug][gc,phases      ] GC(100)     Dead                           Min: 0, Avg:  0.0, Max: 0, Diff: 0, Sum: 0, Workers: 4
[40.367s][debug][gc,phases      ] GC(100)     Total                          Min: 0, Avg:  0.0, Max: 0, Diff: 0, Sum: 0, Workers: 4
[40.367s][debug][gc,phases      ] GC(100) Weak Processing 0.301ms
[40.367s][debug][gc,age         ] GC(100) Desired survivor size 115343360 bytes, new threshold 15 (max threshold 15)
[40.367s][info ][gc,heap        ] GC(100) PSYoungGen: 1925351K(1974272K)->64949K(1984512K) Eden: 1853952K(1853952K)->0K(1866752K) From: 71399K(120320K)->64949K(117760K)
[40.367s][info ][gc,heap        ] GC(100) ParOldGen: 405634K(496640K)->412671K(496640K)
[40.367s][info ][gc,metaspace   ] GC(100) Metaspace: 78512K(79360K)->78512K(79360K) NonClass: 67256K(67712K)->67256K(67712K) Class: 11255K(11648K)->11255K(11648K)
[40.367s][info ][gc             ] GC(100) Pause Young (Allocation Failure) 2276M->466M(2423M) 11.069ms
[40.367s][info ][gc,cpu         ] GC(100) User=0.05s Sys=0.00s Real=0.01s
[40.367s][info ][safepoint      ] Safepoint "ParallelGCFailedAllocation", Time since last: 8864892 ns, Reaching safepoint: 246102 ns, At safepoint: 11166216 ns, Total: 11412318 ns
[40.804s][info ][gc,start       ] GC(101) Pause Young (Allocation Failure)
[40.813s][debug][gc,phases      ] GC(101) Scavenge 9.192ms
[40.813s][debug][gc,ref         ] GC(101) Skipped phase 1 of Reference Processing: no references
[40.813s][debug][gc,ref         ] GC(101) ReferenceProcessor::execute queues: 1, RefProcThreadModel::Single, marks_oops_alive: false
[40.813s][debug][gc,ref         ] GC(101) Skipped phase 3 of Reference Processing: no references
[40.813s][debug][gc,ref         ] GC(101) ReferenceProcessor::execute queues: 1, RefProcThreadModel::Single, marks_oops_alive: false
[40.813s][debug][gc,phases      ] GC(101) Reference Processing 0.119ms
[40.813s][debug][gc,phases      ] GC(101)   VM Weak                        Min:  0.0, Avg:  0.0, Max:  0.0, Diff:  0.0, Sum:  0.0, Workers: 4
[40.813s][debug][gc,phases      ] GC(101)     Dead                           Min: 0, Avg:  0.0, Max: 0, Diff: 0, Sum: 0, Workers: 4
[40.813s][debug][gc,phases      ] GC(101)     Total                          Min: 0, Avg: 162.8, Max: 651, Diff: 651, Sum: 651, Workers: 4
[40.813s][debug][gc,phases      ] GC(101)   ObjectSynchronizer Weak        Min:  0.0, Avg:  0.0, Max:  0.0, Diff:  0.0, Sum:  0.0, Workers: 4
[40.813s][debug][gc,phases      ] GC(101)     Dead                           Min: 0, Avg:  0.0, Max: 0, Diff: 0, Sum: 0, Workers: 4
[40.813s][debug][gc,phases      ] GC(101)     Total                          Min: 0, Avg: 85.0, Max: 276, Diff: 276, Sum: 340, Workers: 4
[40.813s][debug][gc,phases      ] GC(101)   JVMTI Tag Weak OopStorage      Min:  0.0, Avg:  0.0, Max:  0.0, Diff:  0.0, Sum:  0.0, Workers: 4
[40.813s][debug][gc,phases      ] GC(101)     Dead                           Min: 0, Avg:  0.0, Max: 0, Diff: 0, Sum: 0, Workers: 4
[40.813s][debug][gc,phases      ] GC(101)     Total                          Min: 0, Avg:  0.0, Max: 0, Diff: 0, Sum: 0, Workers: 4
[40.813s][debug][gc,phases      ] GC(101)   StringTable Weak               Min:  0.1, Avg:  0.1, Max:  0.1, Diff:  0.0, Sum:  0.3, Workers: 4
[40.813s][debug][gc,phases      ] GC(101)     Dead                           Min: 0, Avg:  0.0, Max: 0, Diff: 0, Sum: 0, Workers: 4
[40.813s][debug][gc,phases      ] GC(101)     Total                          Min: 9664, Avg: 11631.0, Max: 13692, Diff: 4028, Sum: 46524, Workers: 4
[40.813s][debug][gc,phases      ] GC(101)   ResolvedMethodTable Weak       Min:  0.0, Avg:  0.0, Max:  0.0, Diff:  0.0, Sum:  0.1, Workers: 4
[40.813s][debug][gc,phases      ] GC(101)     Dead                           Min: 0, Avg:  0.0, Max: 0, Diff: 0, Sum: 0, Workers: 4
[40.813s][debug][gc,phases      ] GC(101)     Total                          Min: 1630, Avg: 1959.2, Max: 2623, Diff: 993, Sum: 7837, Workers: 4
[40.813s][debug][gc,phases      ] GC(101)   JNI Weak                       Min:  0.0, Avg:  0.0, Max:  0.0, Diff:  0.0, Sum:  0.0, Workers: 4
[40.813s][debug][gc,phases      ] GC(101)     Dead                           Min: 0, Avg:  0.0, Max: 0, Diff: 0, Sum: 0, Workers: 4
[40.813s][debug][gc,phases      ] GC(101)     Total                          Min: 0, Avg: 11.8, Max: 47, Diff: 47, Sum: 47, Workers: 4
[40.813s][debug][gc,phases      ] GC(101)   StringDedup Table Weak         Min:  0.0, Avg:  0.0, Max:  0.0, Diff:  0.0, Sum:  0.0, Workers: 4
[40.813s][debug][gc,phases      ] GC(101)     Dead                           Min: 0, Avg:  0.0, Max: 0, Diff: 0, Sum: 0, Workers: 4
[40.813s][debug][gc,phases      ] GC(101)     Total                          Min: 0, Avg:  0.0, Max: 0, Diff: 0, Sum: 0, Workers: 4
[40.813s][debug][gc,phases      ] GC(101)   StringDedup Requests0 Weak     Min:  0.0, Avg:  0.0, Max:  0.0, Diff:  0.0, Sum:  0.0, Workers: 4
[40.813s][debug][gc,phases      ] GC(101)     Dead                           Min: 0, Avg:  0.0, Max: 0, Diff: 0, Sum: 0, Workers: 4
[40.813s][debug][gc,phases      ] GC(101)     Total                          Min: 0, Avg:  0.0, Max: 0, Diff: 0, Sum: 0, Workers: 4
[40.813s][debug][gc,phases      ] GC(101)   StringDedup Requests1 Weak     Min:  0.0, Avg:  0.0, Max:  0.0, Diff:  0.0, Sum:  0.0, Workers: 4
[40.813s][debug][gc,phases      ] GC(101)     Dead                           Min: 0, Avg:  0.0, Max: 0, Diff: 0, Sum: 0, Workers: 4
[40.813s][debug][gc,phases      ] GC(101)     Total                          Min: 0, Avg:  0.0, Max: 0, Diff: 0, Sum: 0, Workers: 4
[40.813s][debug][gc,phases      ] GC(101)   Weak JFR Old Object Samples    Min:  0.0, Avg:  0.0, Max:  0.0, Diff:  0.0, Sum:  0.0, Workers: 4
[40.813s][debug][gc,phases      ] GC(101)     Dead                           Min: 0, Avg:  0.0, Max: 0, Diff: 0, Sum: 0, Workers: 4
[40.813s][debug][gc,phases      ] GC(101)     Total                          Min: 0, Avg:  0.0, Max: 0, Diff: 0, Sum: 0, Workers: 4
[40.813s][debug][gc,phases      ] GC(101) Weak Processing 0.271ms
[40.813s][debug][gc,age         ] GC(101) Desired survivor size 111673344 bytes, new threshold 15 (max threshold 15)
[40.813s][info ][gc,heap        ] GC(101) PSYoungGen: 1931701K(1984512K)->58069K(1979392K) Eden: 1866752K(1866752K)->0K(1866752K) From: 64949K(117760K)->58069K(112640K)
[40.813s][info ][gc,heap        ] GC(101) ParOldGen: 412671K(496640K)->421143K(496640K)
[40.813s][info ][gc,metaspace   ] GC(101) Metaspace: 78682K(79488K)->78682K(79488K) NonClass: 67423K(67840K)->67423K(67840K) Class: 11259K(11648K)->11259K(11648K)
[40.813s][info ][gc             ] GC(101) Pause Young (Allocation Failure) 2289M->467M(2418M) 9.700ms
[40.813s][info ][gc,cpu         ] GC(101) User=0.04s Sys=0.00s Real=0.01s
[40.813s][info ][safepoint      ] Safepoint "ParallelGCFailedAllocation", Time since last: 436351116 ns, Reaching safepoint: 186702 ns, At safepoint: 9812501 ns, Total: 9999203 ns
[41.230s][info ][gc,start       ] GC(102) Pause Young (Allocation Failure)
[41.240s][debug][gc,phases      ] GC(102) Scavenge 9.246ms
[41.240s][debug][gc,ref         ] GC(102) Skipped phase 1 of Reference Processing: no references
[41.240s][debug][gc,ref         ] GC(102) ReferenceProcessor::execute queues: 1, RefProcThreadModel::Single, marks_oops_alive: false
[41.240s][debug][gc,ref         ] GC(102) Skipped phase 3 of Reference Processing: no references
[41.240s][debug][gc,ref         ] GC(102) Skipped phase 4 of Reference Processing: no references
[41.240s][debug][gc,phases      ] GC(102) Reference Processing 0.107ms
[41.240s][debug][gc,phases      ] GC(102)   VM Weak                        Min:  0.0, Avg:  0.0, Max:  0.0, Diff:  0.0, Sum:  0.0, Workers: 4
[41.240s][debug][gc,phases      ] GC(102)     Dead                           Min: 0, Avg:  0.0, Max: 0, Diff: 0, Sum: 0, Workers: 4
[41.240s][debug][gc,phases      ] GC(102)     Total                          Min: 0, Avg: 162.8, Max: 651, Diff: 651, Sum: 651, Workers: 4
[41.240s][debug][gc,phases      ] GC(102)   ObjectSynchronizer Weak        Min:  0.0, Avg:  0.0, Max:  0.0, Diff:  0.0, Sum:  0.0, Workers: 4
[41.240s][debug][gc,phases      ] GC(102)     Dead                           Min: 0, Avg:  0.0, Max: 0, Diff: 0, Sum: 0, Workers: 4
[41.240s][debug][gc,phases      ] GC(102)     Total                          Min: 0, Avg: 85.2, Max: 192, Diff: 192, Sum: 341, Workers: 4
[41.240s][debug][gc,phases      ] GC(102)   JVMTI Tag Weak OopStorage      Min:  0.0, Avg:  0.0, Max:  0.0, Diff:  0.0, Sum:  0.0, Workers: 4
[41.240s][debug][gc,phases      ] GC(102)     Dead                           Min: 0, Avg:  0.0, Max: 0, Diff: 0, Sum: 0, Workers: 4
[41.240s][debug][gc,phases      ] GC(102)     Total                          Min: 0, Avg:  0.0, Max: 0, Diff: 0, Sum: 0, Workers: 4
[41.240s][debug][gc,phases      ] GC(102)   StringTable Weak               Min:  0.1, Avg:  0.1, Max:  0.1, Diff:  0.0, Sum:  0.5, Workers: 4
[41.240s][debug][gc,phases      ] GC(102)     Dead                           Min: 0, Avg:  0.0, Max: 0, Diff: 0, Sum: 0, Workers: 4
[41.240s][debug][gc,phases      ] GC(102)     Total                          Min: 8589, Avg: 11635.2, Max: 13440, Diff: 4851, Sum: 46541, Workers: 4
[41.240s][debug][gc,phases      ] GC(102)   ResolvedMethodTable Weak       Min:  0.0, Avg:  0.0, Max:  0.0, Diff:  0.0, Sum:  0.1, Workers: 4
[41.240s][debug][gc,phases      ] GC(102)     Dead                           Min: 0, Avg:  0.0, Max: 0, Diff: 0, Sum: 0, Workers: 4
[41.240s][debug][gc,phases      ] GC(102)     Total                          Min: 1664, Avg: 1959.2, Max: 2559, Diff: 895, Sum: 7837, Workers: 4
[41.240s][debug][gc,phases      ] GC(102)   JNI Weak                       Min:  0.0, Avg:  0.0, Max:  0.0, Diff:  0.0, Sum:  0.0, Workers: 4
[41.240s][debug][gc,phases      ] GC(102)     Dead                           Min: 0, Avg:  0.0, Max: 0, Diff: 0, Sum: 0, Workers: 4
[41.240s][debug][gc,phases      ] GC(102)     Total                          Min: 0, Avg: 10.8, Max: 43, Diff: 43, Sum: 43, Workers: 4
[41.240s][debug][gc,phases      ] GC(102)   StringDedup Table Weak         Min:  0.0, Avg:  0.0, Max:  0.0, Diff:  0.0, Sum:  0.0, Workers: 4
[41.240s][debug][gc,phases      ] GC(102)     Dead                           Min: 0, Avg:  0.0, Max: 0, Diff: 0, Sum: 0, Workers: 4
[41.240s][debug][gc,phases      ] GC(102)     Total                          Min: 0, Avg:  0.0, Max: 0, Diff: 0, Sum: 0, Workers: 4
[41.240s][debug][gc,phases      ] GC(102)   StringDedup Requests0 Weak     Min:  0.0, Avg:  0.0, Max:  0.0, Diff:  0.0, Sum:  0.0, Workers: 4
[41.240s][debug][gc,phases      ] GC(102)     Dead                           Min: 0, Avg:  0.0, Max: 0, Diff: 0, Sum: 0, Workers: 4
[41.240s][debug][gc,phases      ] GC(102)     Total                          Min: 0, Avg:  0.0, Max: 0, Diff: 0, Sum: 0, Workers: 4
[41.240s][debug][gc,phases      ] GC(102)   StringDedup Requests1 Weak     Min:  0.0, Avg:  0.0, Max:  0.0, Diff:  0.0, Sum:  0.0, Workers: 4
[41.240s][debug][gc,phases      ] GC(102)     Dead                           Min: 0, Avg:  0.0, Max: 0, Diff: 0, Sum: 0, Workers: 4
[41.240s][debug][gc,phases      ] GC(102)     Total                          Min: 0, Avg:  0.0, Max: 0, Diff: 0, Sum: 0, Workers: 4
[41.240s][debug][gc,phases      ] GC(102)   Weak JFR Old Object Samples    Min:  0.0, Avg:  0.0, Max:  0.0, Diff:  0.0, Sum:  0.0, Workers: 4
[41.240s][debug][gc,phases      ] GC(102)     Dead                           Min: 0, Avg:  0.0, Max: 0, Diff: 0, Sum: 0, Workers: 4
[41.240s][debug][gc,phases      ] GC(102)     Total                          Min: 0, Avg:  0.0, Max: 0, Diff: 0, Sum: 0, Workers: 4
[41.240s][debug][gc,phases      ] GC(102) Weak Processing 0.326ms
[41.240s][debug][gc,age         ] GC(102) Desired survivor size 112197632 bytes, new threshold 15 (max threshold 15)
[41.240s][info ][gc,heap        ] GC(102) PSYoungGen: 1924821K(1979392K)->33072K(1987072K) Eden: 1866752K(1866752K)->0K(1878016K) From: 58069K(112640K)->33072K(109056K)
[41.240s][info ][gc,heap        ] GC(102) ParOldGen: 421143K(496640K)->449540K(496640K)
[41.240s][info ][gc,metaspace   ] GC(102) Metaspace: 78755K(79552K)->78755K(79552K) NonClass: 67495K(67904K)->67495K(67904K) Class: 11259K(11648K)->11259K(11648K)
[41.240s][info ][gc             ] GC(102) Pause Young (Allocation Failure) 2290M->471M(2425M) 9.788ms
[41.240s][info ][gc,cpu         ] GC(102) User=0.03s Sys=0.00s Real=0.01s
[41.240s][info ][safepoint      ] Safepoint "ParallelGCFailedAllocation", Time since last: 416673412 ns, Reaching safepoint: 158202 ns, At safepoint: 9891302 ns, Total: 10049504 ns
[41.674s][info ][safepoint      ] Safepoint "ParallelGCFailedAllocation", Time since last: 433177782 ns, Reaching safepoint: 1192012 ns, At safepoint: 42101 ns, Total: 1234113 ns
[41.675s][info ][gc,start       ] GC(103) Pause Young (GCLocker Initiated GC)
[41.684s][debug][gc,phases      ] GC(103) Scavenge 9.476ms
[41.684s][debug][gc,ref         ] GC(103) Skipped phase 1 of Reference Processing: no references
[41.684s][debug][gc,ref         ] GC(103) ReferenceProcessor::execute queues: 1, RefProcThreadModel::Single, marks_oops_alive: false
[41.684s][debug][gc,ref         ] GC(103) Skipped phase 3 of Reference Processing: no references
[41.684s][debug][gc,ref         ] GC(103) Skipped phase 4 of Reference Processing: no references
[41.684s][debug][gc,phases      ] GC(103) Reference Processing 0.103ms
[41.684s][debug][gc,phases      ] GC(103)   VM Weak                        Min:  0.0, Avg:  0.0, Max:  0.0, Diff:  0.0, Sum:  0.0, Workers: 4
[41.684s][debug][gc,phases      ] GC(103)     Dead                           Min: 0, Avg:  0.0, Max: 0, Diff: 0, Sum: 0, Workers: 4
[41.684s][debug][gc,phases      ] GC(103)     Total                          Min: 0, Avg: 162.8, Max: 651, Diff: 651, Sum: 651, Workers: 4
[41.685s][debug][gc,phases      ] GC(103)   ObjectSynchronizer Weak        Min:  0.0, Avg:  0.0, Max:  0.0, Diff:  0.0, Sum:  0.0, Workers: 4
[41.685s][debug][gc,phases      ] GC(103)     Dead                           Min: 0, Avg:  0.0, Max: 0, Diff: 0, Sum: 0, Workers: 4
[41.685s][debug][gc,phases      ] GC(103)     Total                          Min: 0, Avg: 85.2, Max: 277, Diff: 277, Sum: 341, Workers: 4
[41.685s][debug][gc,phases      ] GC(103)   JVMTI Tag Weak OopStorage      Min:  0.0, Avg:  0.0, Max:  0.0, Diff:  0.0, Sum:  0.0, Workers: 4
[41.685s][debug][gc,phases      ] GC(103)     Dead                           Min: 0, Avg:  0.0, Max: 0, Diff: 0, Sum: 0, Workers: 4
[41.685s][debug][gc,phases      ] GC(103)     Total                          Min: 0, Avg:  0.0, Max: 0, Diff: 0, Sum: 0, Workers: 4
[41.685s][debug][gc,phases      ] GC(103)   StringTable Weak               Min:  0.1, Avg:  0.1, Max:  0.1, Diff:  0.0, Sum:  0.4, Workers: 4
[41.685s][debug][gc,phases      ] GC(103)     Dead                           Min: 0, Avg:  0.0, Max: 0, Diff: 0, Sum: 0, Workers: 4
[41.685s][debug][gc,phases      ] GC(103)     Total                          Min: 10176, Avg: 11642.2, Max: 14953, Diff: 4777, Sum: 46569, Workers: 4
[41.685s][debug][gc,phases      ] GC(103)   ResolvedMethodTable Weak       Min:  0.0, Avg:  0.0, Max:  0.0, Diff:  0.0, Sum:  0.1, Workers: 4
[41.685s][debug][gc,phases      ] GC(103)     Dead                           Min: 0, Avg:  0.0, Max: 0, Diff: 0, Sum: 0, Workers: 4
[41.685s][debug][gc,phases      ] GC(103)     Total                          Min: 1118, Avg: 1959.2, Max: 2943, Diff: 1825, Sum: 7837, Workers: 4
[41.685s][debug][gc,phases      ] GC(103)   JNI Weak                       Min:  0.0, Avg:  0.0, Max:  0.0, Diff:  0.0, Sum:  0.0, Workers: 4
[41.685s][debug][gc,phases      ] GC(103)     Dead                           Min: 0, Avg:  0.0, Max: 0, Diff: 0, Sum: 0, Workers: 4
[41.685s][debug][gc,phases      ] GC(103)     Total                          Min: 0, Avg: 10.2, Max: 41, Diff: 41, Sum: 41, Workers: 4
[41.685s][debug][gc,phases      ] GC(103)   StringDedup Table Weak         Min:  0.0, Avg:  0.0, Max:  0.0, Diff:  0.0, Sum:  0.0, Workers: 4
[41.685s][debug][gc,phases      ] GC(103)     Dead                           Min: 0, Avg:  0.0, Max: 0, Diff: 0, Sum: 0, Workers: 4
[41.685s][debug][gc,phases      ] GC(103)     Total                          Min: 0, Avg:  0.0, Max: 0, Diff: 0, Sum: 0, Workers: 4
[41.685s][debug][gc,phases      ] GC(103)   StringDedup Requests0 Weak     Min:  0.0, Avg:  0.0, Max:  0.0, Diff:  0.0, Sum:  0.0, Workers: 4
[41.685s][debug][gc,phases      ] GC(103)     Dead                           Min: 0, Avg:  0.0, Max: 0, Diff: 0, Sum: 0, Workers: 4
[41.685s][debug][gc,phases      ] GC(103)     Total                          Min: 0, Avg:  0.0, Max: 0, Diff: 0, Sum: 0, Workers: 4
[41.685s][debug][gc,phases      ] GC(103)   StringDedup Requests1 Weak     Min:  0.0, Avg:  0.0, Max:  0.0, Diff:  0.0, Sum:  0.0, Workers: 4
[41.685s][debug][gc,phases      ] GC(103)     Dead                           Min: 0, Avg:  0.0, Max: 0, Diff: 0, Sum: 0, Workers: 4
[41.685s][debug][gc,phases      ] GC(103)     Total                          Min: 0, Avg:  0.0, Max: 0, Diff: 0, Sum: 0, Workers: 4
[41.685s][debug][gc,phases      ] GC(103)   Weak JFR Old Object Samples    Min:  0.0, Avg:  0.0, Max:  0.0, Diff:  0.0, Sum:  0.0, Workers: 4
[41.685s][debug][gc,phases      ] GC(103)     Dead                           Min: 0, Avg:  0.0, Max: 0, Diff: 0, Sum: 0, Workers: 4
[41.685s][debug][gc,phases      ] GC(103)     Total                          Min: 0, Avg:  0.0, Max: 0, Diff: 0, Sum: 0, Workers: 4
[41.685s][debug][gc,phases      ] GC(103) Weak Processing 0.289ms
[41.685s][debug][gc,age         ] GC(103) Desired survivor size 113246208 bytes, new threshold 15 (max threshold 15)
[41.685s][info ][gc,heap        ] GC(103) PSYoungGen: 1911088K(1987072K)->26731K(1905152K) Eden: 1878016K(1878016K)->0K(1878016K) From: 33072K(109056K)->26731K(27136K)
[41.685s][info ][gc,heap        ] GC(103) ParOldGen: 449540K(496640K)->458564K(496640K)
[41.685s][info ][gc,metaspace   ] GC(103) Metaspace: 78815K(79680K)->78815K(79680K) NonClass: 67556K(68032K)->67556K(68032K) Class: 11259K(11648K)->11259K(11648K)
[41.685s][info ][gc             ] GC(103) Pause Young (GCLocker Initiated GC) 2305M->473M(2345M) 9.950ms
[41.685s][info ][gc,cpu         ] GC(103) User=0.04s Sys=0.00s Real=0.01s
[41.685s][info ][safepoint      ] Safepoint "ParallelGCSystemGC", Time since last: 87401 ns, Reaching safepoint: 97201 ns, At safepoint: 10038003 ns, Total: 10135204 ns
[42.209s][info ][gc,start       ] GC(104) Pause Young (Allocation Failure)
[42.217s][debug][gc,phases      ] GC(104) Scavenge 8.242ms
[42.217s][debug][gc,ref         ] GC(104) Skipped phase 1 of Reference Processing: no references
[42.217s][debug][gc,ref         ] GC(104) ReferenceProcessor::execute queues: 1, RefProcThreadModel::Single, marks_oops_alive: false
[42.217s][debug][gc,ref         ] GC(104) Skipped phase 3 of Reference Processing: no references
[42.217s][debug][gc,ref         ] GC(104) ReferenceProcessor::execute queues: 1, RefProcThreadModel::Single, marks_oops_alive: false
[42.217s][debug][gc,phases      ] GC(104) Reference Processing 0.101ms
[42.217s][debug][gc,phases      ] GC(104)   VM Weak                        Min:  0.0, Avg:  0.0, Max:  0.0, Diff:  0.0, Sum:  0.0, Workers: 4
[42.217s][debug][gc,phases      ] GC(104)     Dead                           Min: 0, Avg:  0.0, Max: 0, Diff: 0, Sum: 0, Workers: 4
[42.217s][debug][gc,phases      ] GC(104)     Total                          Min: 0, Avg: 162.8, Max: 651, Diff: 651, Sum: 651, Workers: 4
[42.217s][debug][gc,phases      ] GC(104)   ObjectSynchronizer Weak        Min:  0.0, Avg:  0.0, Max:  0.0, Diff:  0.0, Sum:  0.0, Workers: 4
[42.217s][debug][gc,phases      ] GC(104)     Dead                           Min: 0, Avg:  0.0, Max: 0, Diff: 0, Sum: 0, Workers: 4
[42.217s][debug][gc,phases      ] GC(104)     Total                          Min: 0, Avg: 85.8, Max: 343, Diff: 343, Sum: 343, Workers: 4
[42.217s][debug][gc,phases      ] GC(104)   JVMTI Tag Weak OopStorage      Min:  0.0, Avg:  0.0, Max:  0.0, Diff:  0.0, Sum:  0.0, Workers: 4
[42.217s][debug][gc,phases      ] GC(104)     Dead                           Min: 0, Avg:  0.0, Max: 0, Diff: 0, Sum: 0, Workers: 4
[42.217s][debug][gc,phases      ] GC(104)     Total                          Min: 0, Avg:  0.0, Max: 0, Diff: 0, Sum: 0, Workers: 4
[42.217s][debug][gc,phases      ] GC(104)   StringTable Weak               Min:  0.1, Avg:  0.1, Max:  0.1, Diff:  0.0, Sum:  0.4, Workers: 4
[42.217s][debug][gc,phases      ] GC(104)     Dead                           Min: 0, Avg:  0.0, Max: 0, Diff: 0, Sum: 0, Workers: 4
[42.217s][debug][gc,phases      ] GC(104)     Total                          Min: 10112, Avg: 11648.2, Max: 15488, Diff: 5376, Sum: 46593, Workers: 4
[42.217s][debug][gc,phases      ] GC(104)   ResolvedMethodTable Weak       Min:  0.0, Avg:  0.0, Max:  0.0, Diff:  0.0, Sum:  0.1, Workers: 4
[42.217s][debug][gc,phases      ] GC(104)     Dead                           Min: 0, Avg:  0.0, Max: 0, Diff: 0, Sum: 0, Workers: 4
[42.217s][debug][gc,phases      ] GC(104)     Total                          Min: 1693, Avg: 1959.2, Max: 2560, Diff: 867, Sum: 7837, Workers: 4
[42.217s][debug][gc,phases      ] GC(104)   JNI Weak                       Min:  0.0, Avg:  0.0, Max:  0.0, Diff:  0.0, Sum:  0.0, Workers: 4
[42.217s][debug][gc,phases      ] GC(104)     Dead                           Min: 0, Avg:  0.0, Max: 0, Diff: 0, Sum: 0, Workers: 4
[42.217s][debug][gc,phases      ] GC(104)     Total                          Min: 0, Avg:  1.8, Max: 7, Diff: 7, Sum: 7, Workers: 4
[42.217s][debug][gc,phases      ] GC(104)   StringDedup Table Weak         Min:  0.0, Avg:  0.0, Max:  0.0, Diff:  0.0, Sum:  0.0, Workers: 4
[42.217s][debug][gc,phases      ] GC(104)     Dead                           Min: 0, Avg:  0.0, Max: 0, Diff: 0, Sum: 0, Workers: 4
[42.217s][debug][gc,phases      ] GC(104)     Total                          Min: 0, Avg:  0.0, Max: 0, Diff: 0, Sum: 0, Workers: 4
[42.217s][debug][gc,phases      ] GC(104)   StringDedup Requests0 Weak     Min:  0.0, Avg:  0.0, Max:  0.0, Diff:  0.0, Sum:  0.0, Workers: 4
[42.217s][debug][gc,phases      ] GC(104)     Dead                           Min: 0, Avg:  0.0, Max: 0, Diff: 0, Sum: 0, Workers: 4
[42.217s][debug][gc,phases      ] GC(104)     Total                          Min: 0, Avg:  0.0, Max: 0, Diff: 0, Sum: 0, Workers: 4
[42.217s][debug][gc,phases      ] GC(104)   StringDedup Requests1 Weak     Min:  0.0, Avg:  0.0, Max:  0.0, Diff:  0.0, Sum:  0.0, Workers: 4
[42.217s][debug][gc,phases      ] GC(104)     Dead                           Min: 0, Avg:  0.0, Max: 0, Diff: 0, Sum: 0, Workers: 4
[42.217s][debug][gc,phases      ] GC(104)     Total                          Min: 0, Avg:  0.0, Max: 0, Diff: 0, Sum: 0, Workers: 4
[42.217s][debug][gc,phases      ] GC(104)   Weak JFR Old Object Samples    Min:  0.0, Avg:  0.0, Max:  0.0, Diff:  0.0, Sum:  0.0, Workers: 4
[42.217s][debug][gc,phases      ] GC(104)     Dead                           Min: 0, Avg:  0.0, Max: 0, Diff: 0, Sum: 0, Workers: 4
[42.217s][debug][gc,phases      ] GC(104)     Total                          Min: 0, Avg:  0.0, Max: 0, Diff: 0, Sum: 0, Workers: 4
[42.217s][debug][gc,phases      ] GC(104) Weak Processing 0.278ms
[42.217s][debug][gc,age         ] GC(104) Desired survivor size 114819072 bytes, new threshold 15 (max threshold 15)
[42.217s][info ][gc,heap        ] GC(104) PSYoungGen: 1904747K(1905152K)->15376K(1983488K) Eden: 1878016K(1878016K)->0K(1872896K) From: 26731K(27136K)->15376K(110592K)
[42.217s][info ][gc,heap        ] GC(104) ParOldGen: 458566K(496640K)->472990K(496640K)
[42.217s][info ][gc,metaspace   ] GC(104) Metaspace: 78908K(79744K)->78908K(79744K) NonClass: 67648K(68096K)->67648K(68096K) Class: 11259K(11648K)->11259K(11648K)
[42.217s][info ][gc             ] GC(104) Pause Young (Allocation Failure) 2307M->476M(2422M) 8.725ms
[42.217s][info ][gc,cpu         ] GC(104) User=0.03s Sys=0.00s Real=0.00s
[42.217s][info ][safepoint      ] Safepoint "ParallelGCFailedAllocation", Time since last: 523717718 ns, Reaching safepoint: 178102 ns, At safepoint: 8800691 ns, Total: 8978793 ns
[42.976s][info ][safepoint      ] Safepoint "ICBufferFull", Time since last: 758079341 ns, Reaching safepoint: 219702 ns, At safepoint: 9500 ns, Total: 229202 ns
[43.093s][info ][safepoint      ] Safepoint "ICBufferFull", Time since last: 117589916 ns, Reaching safepoint: 122302 ns, At safepoint: 15700 ns, Total: 138002 ns
[43.140s][info ][safepoint      ] Safepoint "ICBufferFull", Time since last: 46907585 ns, Reaching safepoint: 137701 ns, At safepoint: 9800 ns, Total: 147501 ns
[43.186s][info ][safepoint      ] Safepoint "ICBufferFull", Time since last: 45405670 ns, Reaching safepoint: 139201 ns, At safepoint: 10800 ns, Total: 150001 ns
[43.264s][info ][safepoint      ] Safepoint "ICBufferFull", Time since last: 78023007 ns, Reaching safepoint: 97801 ns, At safepoint: 11700 ns, Total: 109501 ns
[43.702s][info ][gc,start       ] GC(105) Pause Young (Allocation Failure)
[43.717s][debug][gc,phases      ] GC(105) Scavenge 14.660ms
[43.717s][debug][gc,ref         ] GC(105) Skipped phase 1 of Reference Processing: no references
[43.717s][debug][gc,ref         ] GC(105) ReferenceProcessor::execute queues: 1, RefProcThreadModel::Single, marks_oops_alive: false
[43.717s][debug][gc,ref         ] GC(105) Skipped phase 3 of Reference Processing: no references
[43.717s][debug][gc,ref         ] GC(105) ReferenceProcessor::execute queues: 1, RefProcThreadModel::Single, marks_oops_alive: false
[43.717s][debug][gc,phases      ] GC(105) Reference Processing 0.126ms
[43.717s][debug][gc,phases      ] GC(105)   VM Weak                        Min:  0.0, Avg:  0.0, Max:  0.0, Diff:  0.0, Sum:  0.0, Workers: 4
[43.717s][debug][gc,phases      ] GC(105)     Dead                           Min: 0, Avg:  0.0, Max: 0, Diff: 0, Sum: 0, Workers: 4
[43.717s][debug][gc,phases      ] GC(105)     Total                          Min: 0, Avg: 163.0, Max: 524, Diff: 524, Sum: 652, Workers: 4
[43.717s][debug][gc,phases      ] GC(105)   ObjectSynchronizer Weak        Min:  0.0, Avg:  0.0, Max:  0.0, Diff:  0.0, Sum:  0.0, Workers: 4
[43.717s][debug][gc,phases      ] GC(105)     Dead                           Min: 0, Avg:  0.0, Max: 0, Diff: 0, Sum: 0, Workers: 4
[43.717s][debug][gc,phases      ] GC(105)     Total                          Min: 0, Avg: 86.8, Max: 219, Diff: 219, Sum: 347, Workers: 4
[43.717s][debug][gc,phases      ] GC(105)   JVMTI Tag Weak OopStorage      Min:  0.0, Avg:  0.0, Max:  0.0, Diff:  0.0, Sum:  0.0, Workers: 4
[43.717s][debug][gc,phases      ] GC(105)     Dead                           Min: 0, Avg:  0.0, Max: 0, Diff: 0, Sum: 0, Workers: 4
[43.717s][debug][gc,phases      ] GC(105)     Total                          Min: 0, Avg:  0.0, Max: 0, Diff: 0, Sum: 0, Workers: 4
[43.717s][debug][gc,phases      ] GC(105)   StringTable Weak               Min:  0.1, Avg:  0.1, Max:  0.1, Diff:  0.0, Sum:  0.4, Workers: 4
[43.717s][debug][gc,phases      ] GC(105)     Dead                           Min: 0, Avg:  0.2, Max: 1, Diff: 1, Sum: 1, Workers: 4
[43.717s][debug][gc,phases      ] GC(105)     Total                          Min: 8832, Avg: 11688.5, Max: 15232, Diff: 6400, Sum: 46754, Workers: 4
[43.717s][debug][gc,phases      ] GC(105)   ResolvedMethodTable Weak       Min:  0.0, Avg:  0.0, Max:  0.0, Diff:  0.0, Sum:  0.1, Workers: 4
[43.717s][debug][gc,phases      ] GC(105)     Dead                           Min: 0, Avg:  0.0, Max: 0, Diff: 0, Sum: 0, Workers: 4
[43.717s][debug][gc,phases      ] GC(105)     Total                          Min: 1664, Avg: 2002.5, Max: 2624, Diff: 960, Sum: 8010, Workers: 4
[43.717s][debug][gc,phases      ] GC(105)   JNI Weak                       Min:  0.0, Avg:  0.0, Max:  0.0, Diff:  0.0, Sum:  0.0, Workers: 4
[43.717s][debug][gc,phases      ] GC(105)     Dead                           Min: 0, Avg:  0.0, Max: 0, Diff: 0, Sum: 0, Workers: 4
[43.717s][debug][gc,phases      ] GC(105)     Total                          Min: 0, Avg:  0.8, Max: 3, Diff: 3, Sum: 3, Workers: 4
[43.717s][debug][gc,phases      ] GC(105)   StringDedup Table Weak         Min:  0.0, Avg:  0.0, Max:  0.0, Diff:  0.0, Sum:  0.0, Workers: 4
[43.717s][debug][gc,phases      ] GC(105)     Dead                           Min: 0, Avg:  0.0, Max: 0, Diff: 0, Sum: 0, Workers: 4
[43.718s][debug][gc,phases      ] GC(105)     Total                          Min: 0, Avg:  0.0, Max: 0, Diff: 0, Sum: 0, Workers: 4
[43.718s][debug][gc,phases      ] GC(105)   StringDedup Requests0 Weak     Min:  0.0, Avg:  0.0, Max:  0.0, Diff:  0.0, Sum:  0.0, Workers: 4
[43.718s][debug][gc,phases      ] GC(105)     Dead                           Min: 0, Avg:  0.0, Max: 0, Diff: 0, Sum: 0, Workers: 4
[43.718s][debug][gc,phases      ] GC(105)     Total                          Min: 0, Avg:  0.0, Max: 0, Diff: 0, Sum: 0, Workers: 4
[43.718s][debug][gc,phases      ] GC(105)   StringDedup Requests1 Weak     Min:  0.0, Avg:  0.0, Max:  0.0, Diff:  0.0, Sum:  0.0, Workers: 4
[43.718s][debug][gc,phases      ] GC(105)     Dead                           Min: 0, Avg:  0.0, Max: 0, Diff: 0, Sum: 0, Workers: 4
[43.718s][debug][gc,phases      ] GC(105)     Total                          Min: 0, Avg:  0.0, Max: 0, Diff: 0, Sum: 0, Workers: 4
[43.718s][debug][gc,phases      ] GC(105)   Weak JFR Old Object Samples    Min:  0.0, Avg:  0.0, Max:  0.0, Diff:  0.0, Sum:  0.0, Workers: 4
[43.718s][debug][gc,phases      ] GC(105)     Dead                           Min: 0, Avg:  0.0, Max: 0, Diff: 0, Sum: 0, Workers: 4
[43.718s][debug][gc,phases      ] GC(105)     Total                          Min: 0, Avg:  0.0, Max: 0, Diff: 0, Sum: 0, Workers: 4
[43.718s][debug][gc,phases      ] GC(105) Weak Processing 0.286ms
[43.718s][debug][gc,age         ] GC(105) Desired survivor size 110624768 bytes, new threshold 15 (max threshold 15)
[43.718s][info ][gc,heap        ] GC(105) PSYoungGen: 1888272K(1983488K)->58368K(1985024K) Eden: 1872896K(1872896K)->0K(1872896K) From: 15376K(110592K)->58368K(112128K)
[43.718s][info ][gc,heap        ] GC(105) ParOldGen: 472990K(496640K)->476742K(496640K)
[43.718s][info ][gc,metaspace   ] GC(105) Metaspace: 79344K(80192K)->79344K(80192K) NonClass: 68009K(68416K)->68009K(68416K) Class: 11335K(11776K)->11335K(11776K)
[43.718s][info ][gc             ] GC(105) Pause Young (Allocation Failure) 2305M->522M(2423M) 15.185ms
[43.718s][info ][gc,cpu         ] GC(105) User=0.06s Sys=0.00s Real=0.01s
[43.718s][debug][gc,phases      ] GC(106) Pre Compact 0.010ms
[43.718s][info ][gc,start       ] GC(106) Pause Full (Ergonomics)
[43.718s][info ][gc,phases,start] GC(106) Marking Phase
[43.863s][debug][gc,phases      ] GC(106) Par Mark 145.507ms
[43.863s][debug][gc,ref         ] GC(106) Skipped phase 1 of Reference Processing: no references
[43.864s][debug][gc,ref         ] GC(106) ReferenceProcessor::execute queues: 4, RefProcThreadModel::Multi, marks_oops_alive: false
[43.864s][debug][gc,ref         ] GC(106) Skipped phase 3 of Reference Processing: no references
[43.864s][debug][gc,ref         ] GC(106) ReferenceProcessor::execute queues: 1, RefProcThreadModel::Single, marks_oops_alive: false
[43.864s][debug][gc,phases      ] GC(106) Reference Processing 0.630ms
[43.864s][debug][gc,phases      ] GC(106)   VM Weak                        Min:  0.0, Avg:  0.0, Max:  0.0, Diff:  0.0, Sum:  0.0, Workers: 4
[43.864s][debug][gc,phases      ] GC(106)     Dead                           Min: 0, Avg:  0.0, Max: 0, Diff: 0, Sum: 0, Workers: 4
[43.864s][debug][gc,phases      ] GC(106)     Total                          Min: 0, Avg: 163.0, Max: 448, Diff: 448, Sum: 652, Workers: 4
[43.864s][debug][gc,phases      ] GC(106)   ObjectSynchronizer Weak        Min:  0.0, Avg:  0.0, Max:  0.0, Diff:  0.0, Sum:  0.0, Workers: 4
[43.864s][debug][gc,phases      ] GC(106)     Dead                           Min: 0, Avg:  2.0, Max: 5, Diff: 5, Sum: 8, Workers: 4
[43.864s][debug][gc,phases      ] GC(106)     Total                          Min: 0, Avg: 86.8, Max: 155, Diff: 155, Sum: 347, Workers: 4
[43.864s][debug][gc,phases      ] GC(106)   JVMTI Tag Weak OopStorage      Min:  0.0, Avg:  0.0, Max:  0.0, Diff:  0.0, Sum:  0.0, Workers: 4
[43.864s][debug][gc,phases      ] GC(106)     Dead                           Min: 0, Avg:  0.0, Max: 0, Diff: 0, Sum: 0, Workers: 4
[43.864s][debug][gc,phases      ] GC(106)     Total                          Min: 0, Avg:  0.0, Max: 0, Diff: 0, Sum: 0, Workers: 4
[43.864s][debug][gc,phases      ] GC(106)   StringTable Weak               Min:  0.1, Avg:  0.1, Max:  0.1, Diff:  0.0, Sum:  0.6, Workers: 4
[43.864s][debug][gc,phases      ] GC(106)     Dead                           Min: 0, Avg:  0.0, Max: 0, Diff: 0, Sum: 0, Workers: 4
[43.864s][debug][gc,phases      ] GC(106)     Total                          Min: 10368, Avg: 11688.5, Max: 12992, Diff: 2624, Sum: 46754, Workers: 4
[43.864s][debug][gc,phases      ] GC(106)   ResolvedMethodTable Weak       Min:  0.0, Avg:  0.0, Max:  0.0, Diff:  0.0, Sum:  0.1, Workers: 4
[43.864s][debug][gc,phases      ] GC(106)     Dead                           Min: 0, Avg:  0.0, Max: 0, Diff: 0, Sum: 0, Workers: 4
[43.864s][debug][gc,phases      ] GC(106)     Total                          Min: 1792, Avg: 2002.5, Max: 2176, Diff: 384, Sum: 8010, Workers: 4
[43.864s][debug][gc,phases      ] GC(106)   JNI Weak                       Min:  0.0, Avg:  0.0, Max:  0.0, Diff:  0.0, Sum:  0.0, Workers: 4
[43.864s][debug][gc,phases      ] GC(106)     Dead                           Min: 0, Avg:  0.0, Max: 0, Diff: 0, Sum: 0, Workers: 4
[43.864s][debug][gc,phases      ] GC(106)     Total                          Min: 0, Avg:  0.8, Max: 3, Diff: 3, Sum: 3, Workers: 4
[43.864s][debug][gc,phases      ] GC(106)   StringDedup Table Weak         Min:  0.0, Avg:  0.0, Max:  0.0, Diff:  0.0, Sum:  0.0, Workers: 4
[43.864s][debug][gc,phases      ] GC(106)     Dead                           Min: 0, Avg:  0.0, Max: 0, Diff: 0, Sum: 0, Workers: 4
[43.864s][debug][gc,phases      ] GC(106)     Total                          Min: 0, Avg:  0.0, Max: 0, Diff: 0, Sum: 0, Workers: 4
[43.864s][debug][gc,phases      ] GC(106)   StringDedup Requests0 Weak     Min:  0.0, Avg:  0.0, Max:  0.0, Diff:  0.0, Sum:  0.0, Workers: 4
[43.864s][debug][gc,phases      ] GC(106)     Dead                           Min: 0, Avg:  0.0, Max: 0, Diff: 0, Sum: 0, Workers: 4
[43.864s][debug][gc,phases      ] GC(106)     Total                          Min: 0, Avg:  0.0, Max: 0, Diff: 0, Sum: 0, Workers: 4
[43.864s][debug][gc,phases      ] GC(106)   StringDedup Requests1 Weak     Min:  0.0, Avg:  0.0, Max:  0.0, Diff:  0.0, Sum:  0.0, Workers: 4
[43.864s][debug][gc,phases      ] GC(106)     Dead                           Min: 0, Avg:  0.0, Max: 0, Diff: 0, Sum: 0, Workers: 4
[43.864s][debug][gc,phases      ] GC(106)     Total                          Min: 0, Avg:  0.0, Max: 0, Diff: 0, Sum: 0, Workers: 4
[43.864s][debug][gc,phases      ] GC(106)   Weak JFR Old Object Samples    Min:  0.0, Avg:  0.0, Max:  0.0, Diff:  0.0, Sum:  0.0, Workers: 4
[43.864s][debug][gc,phases      ] GC(106)     Dead                           Min: 0, Avg:  0.0, Max: 0, Diff: 0, Sum: 0, Workers: 4
[43.864s][debug][gc,phases      ] GC(106)     Total                          Min: 0, Avg:  0.0, Max: 0, Diff: 0, Sum: 0, Workers: 4
[43.864s][debug][gc,phases      ] GC(106) Weak Processing 0.341ms
[43.864s][debug][gc,phases      ] GC(106) ClassLoaderData 0.084ms
[43.864s][debug][gc,phases      ] GC(106) Trigger cleanups 0.001ms
[43.877s][debug][gc,phases      ] GC(106) Class Unloading 12.262ms
[43.877s][info ][gc,phases      ] GC(106) Marking Phase 158.888ms
[43.877s][info ][gc,phases,start] GC(106) Summary Phase
[43.877s][info ][gc,phases      ] GC(106) Summary Phase 0.009ms
[43.877s][info ][gc,phases,start] GC(106) Adjust Roots
[43.888s][info ][gc,phases      ] GC(106) Adjust Roots 11.717ms
[43.888s][info ][gc,phases,start] GC(106) Compaction Phase
[44.126s][info ][gc,phases      ] GC(106) Compaction Phase 237.945ms
[44.126s][info ][gc,phases,start] GC(106) Post Compact
[44.127s][info ][gc,phases      ] GC(106) Post Compact 1.162ms
[44.128s][info ][gc,heap        ] GC(106) PSYoungGen: 58368K(1985024K)->25993K(1985024K) Eden: 0K(1872896K)->0K(1872896K) From: 58368K(112128K)->25993K(112128K)
[44.128s][info ][gc,heap        ] GC(106) ParOldGen: 476742K(496640K)->496602K(614400K)
[44.128s][info ][gc,metaspace   ] GC(106) Metaspace: 79344K(80192K)->79344K(80192K) NonClass: 68009K(68416K)->68009K(68416K) Class: 11335K(11776K)->11335K(11776K)
[44.128s][info ][gc             ] GC(106) Pause Full (Ergonomics) 522M->510M(2538M) 409.979ms
[44.128s][info ][gc,cpu         ] GC(106) User=1.55s Sys=0.00s Real=0.42s
[44.128s][info ][safepoint      ] Safepoint "ParallelGCFailedAllocation", Time since last: 438063030 ns, Reaching safepoint: 127101 ns, At safepoint: 425314698 ns, Total: 425441799 ns
[44.564s][info ][safepoint      ] Safepoint "ICBufferFull", Time since last: 435843205 ns, Reaching safepoint: 216702 ns, At safepoint: 14301 ns, Total: 231003 ns
[45.564s][info ][safepoint      ] Safepoint "Cleanup", Time since last: 1000115736 ns, Reaching safepoint: 203402 ns, At safepoint: 16600 ns, Total: 220002 ns
[45.897s][info ][gc,start       ] GC(107) Pause Young (Allocation Failure)
[45.942s][debug][gc,phases      ] GC(107) Scavenge 45.456ms
[45.942s][debug][gc,ref         ] GC(107) Skipped phase 1 of Reference Processing: no references
[45.942s][debug][gc,ref         ] GC(107) ReferenceProcessor::execute queues: 1, RefProcThreadModel::Single, marks_oops_alive: false
[45.942s][debug][gc,ref         ] GC(107) Skipped phase 3 of Reference Processing: no references
[45.942s][debug][gc,ref         ] GC(107) Skipped phase 4 of Reference Processing: no references
[45.942s][debug][gc,phases      ] GC(107) Reference Processing 0.105ms
[45.942s][debug][gc,phases      ] GC(107)   VM Weak                        Min:  0.0, Avg:  0.0, Max:  0.0, Diff:  0.0, Sum:  0.0, Workers: 4
[45.942s][debug][gc,phases      ] GC(107)     Dead                           Min: 0, Avg:  0.0, Max: 0, Diff: 0, Sum: 0, Workers: 4
[45.942s][debug][gc,phases      ] GC(107)     Total                          Min: 0, Avg: 163.0, Max: 512, Diff: 512, Sum: 652, Workers: 4
[45.942s][debug][gc,phases      ] GC(107)   ObjectSynchronizer Weak        Min:  0.0, Avg:  0.0, Max:  0.0, Diff:  0.0, Sum:  0.0, Workers: 4
[45.942s][debug][gc,phases      ] GC(107)     Dead                           Min: 0, Avg:  0.0, Max: 0, Diff: 0, Sum: 0, Workers: 4
[45.942s][debug][gc,phases      ] GC(107)     Total                          Min: 0, Avg: 86.8, Max: 192, Diff: 192, Sum: 347, Workers: 4
[45.942s][debug][gc,phases      ] GC(107)   JVMTI Tag Weak OopStorage      Min:  0.0, Avg:  0.0, Max:  0.0, Diff:  0.0, Sum:  0.0, Workers: 4
[45.943s][debug][gc,phases      ] GC(107)     Dead                           Min: 0, Avg:  0.0, Max: 0, Diff: 0, Sum: 0, Workers: 4
[45.943s][debug][gc,phases      ] GC(107)     Total                          Min: 0, Avg:  0.0, Max: 0, Diff: 0, Sum: 0, Workers: 4
[45.943s][debug][gc,phases      ] GC(107)   StringTable Weak               Min:  0.1, Avg:  0.1, Max:  0.1, Diff:  0.0, Sum:  0.4, Workers: 4
[45.943s][debug][gc,phases      ] GC(107)     Dead                           Min: 0, Avg:  0.0, Max: 0, Diff: 0, Sum: 0, Workers: 4
[45.943s][debug][gc,phases      ] GC(107)     Total                          Min: 10328, Avg: 11718.0, Max: 14848, Diff: 4520, Sum: 46872, Workers: 4
[45.943s][debug][gc,phases      ] GC(107)   ResolvedMethodTable Weak       Min:  0.0, Avg:  0.0, Max:  0.0, Diff:  0.0, Sum:  0.1, Workers: 4
[45.943s][debug][gc,phases      ] GC(107)     Dead                           Min: 0, Avg:  0.0, Max: 0, Diff: 0, Sum: 0, Workers: 4
[45.943s][debug][gc,phases      ] GC(107)     Total                          Min: 1792, Avg: 2002.5, Max: 2506, Diff: 714, Sum: 8010, Workers: 4
[45.943s][debug][gc,phases      ] GC(107)   JNI Weak                       Min:  0.0, Avg:  0.0, Max:  0.0, Diff:  0.0, Sum:  0.0, Workers: 4
[45.943s][debug][gc,phases      ] GC(107)     Dead                           Min: 0, Avg:  0.0, Max: 0, Diff: 0, Sum: 0, Workers: 4
[45.943s][debug][gc,phases      ] GC(107)     Total                          Min: 0, Avg:  0.5, Max: 2, Diff: 2, Sum: 2, Workers: 4
[45.943s][debug][gc,phases      ] GC(107)   StringDedup Table Weak         Min:  0.0, Avg:  0.0, Max:  0.0, Diff:  0.0, Sum:  0.0, Workers: 4
[45.943s][debug][gc,phases      ] GC(107)     Dead                           Min: 0, Avg:  0.0, Max: 0, Diff: 0, Sum: 0, Workers: 4
[45.943s][debug][gc,phases      ] GC(107)     Total                          Min: 0, Avg:  0.0, Max: 0, Diff: 0, Sum: 0, Workers: 4
[45.943s][debug][gc,phases      ] GC(107)   StringDedup Requests0 Weak     Min:  0.0, Avg:  0.0, Max:  0.0, Diff:  0.0, Sum:  0.0, Workers: 4
[45.943s][debug][gc,phases      ] GC(107)     Dead                           Min: 0, Avg:  0.0, Max: 0, Diff: 0, Sum: 0, Workers: 4
[45.943s][debug][gc,phases      ] GC(107)     Total                          Min: 0, Avg:  0.0, Max: 0, Diff: 0, Sum: 0, Workers: 4
[45.943s][debug][gc,phases      ] GC(107)   StringDedup Requests1 Weak     Min:  0.0, Avg:  0.0, Max:  0.0, Diff:  0.0, Sum:  0.0, Workers: 4
[45.943s][debug][gc,phases      ] GC(107)     Dead                           Min: 0, Avg:  0.0, Max: 0, Diff: 0, Sum: 0, Workers: 4
[45.943s][debug][gc,phases      ] GC(107)     Total                          Min: 0, Avg:  0.0, Max: 0, Diff: 0, Sum: 0, Workers: 4
[45.943s][debug][gc,phases      ] GC(107)   Weak JFR Old Object Samples    Min:  0.0, Avg:  0.0, Max:  0.0, Diff:  0.0, Sum:  0.0, Workers: 4
[45.943s][debug][gc,phases      ] GC(107)     Dead                           Min: 0, Avg:  0.0, Max: 0, Diff: 0, Sum: 0, Workers: 4
[45.943s][debug][gc,phases      ] GC(107)     Total                          Min: 0, Avg:  0.0, Max: 0, Diff: 0, Sum: 0, Workers: 4
[45.943s][debug][gc,phases      ] GC(107) Weak Processing 0.288ms
[45.943s][debug][gc,age         ] GC(107) Desired survivor size 106430464 bytes, new threshold 15 (max threshold 15)
[45.943s][info ][gc,heap        ] GC(107) PSYoungGen: 1898889K(1985024K)->55896K(1993216K) Eden: 1872896K(1872896K)->0K(1885184K) From: 25993K(112128K)->55896K(108032K)
[45.943s][info ][gc,heap        ] GC(107) ParOldGen: 496602K(614400K)->496826K(614400K)
[45.943s][info ][gc,metaspace   ] GC(107) Metaspace: 79474K(80320K)->79474K(80320K) NonClass: 68135K(68544K)->68135K(68544K) Class: 11338K(11776K)->11338K(11776K)
[45.943s][info ][gc             ] GC(107) Pause Young (Allocation Failure) 2339M->539M(2546M) 45.969ms
[45.943s][info ][gc,cpu         ] GC(107) User=0.19s Sys=0.00s Real=0.05s
[45.943s][info ][safepoint      ] Safepoint "ParallelGCFailedAllocation", Time since last: 332441836 ns, Reaching safepoint: 90001 ns, At safepoint: 46053075 ns, Total: 46143076 ns
[46.943s][info ][safepoint      ] Safepoint "Cleanup", Time since last: 1000094032 ns, Reaching safepoint: 190402 ns, At safepoint: 22900 ns, Total: 213302 ns
[47.512s][info ][safepoint      ] Safepoint "ICBufferFull", Time since last: 568678974 ns, Reaching safepoint: 215602 ns, At safepoint: 20200 ns, Total: 235802 ns
[48.658s][info ][safepoint      ] Safepoint "ICBufferFull", Time since last: 1145695130 ns, Reaching safepoint: 173402 ns, At safepoint: 6100 ns, Total: 179502 ns
[49.552s][info ][gc,start       ] GC(108) Pause Young (Allocation Failure)
[49.561s][debug][gc,phases      ] GC(108) Scavenge 8.736ms
[49.561s][debug][gc,ref         ] GC(108) Skipped phase 1 of Reference Processing: no references
[49.561s][debug][gc,ref         ] GC(108) ReferenceProcessor::execute queues: 1, RefProcThreadModel::Single, marks_oops_alive: false
[49.561s][debug][gc,ref         ] GC(108) Skipped phase 3 of Reference Processing: no references
[49.561s][debug][gc,ref         ] GC(108) ReferenceProcessor::execute queues: 1, RefProcThreadModel::Single, marks_oops_alive: false
[49.561s][debug][gc,phases      ] GC(108) Reference Processing 0.115ms
[49.561s][debug][gc,phases      ] GC(108)   VM Weak                        Min:  0.0, Avg:  0.0, Max:  0.0, Diff:  0.0, Sum:  0.0, Workers: 4
[49.561s][debug][gc,phases      ] GC(108)     Dead                           Min: 0, Avg:  0.0, Max: 0, Diff: 0, Sum: 0, Workers: 4
[49.561s][debug][gc,phases      ] GC(108)     Total                          Min: 0, Avg: 163.0, Max: 652, Diff: 652, Sum: 652, Workers: 4
[49.561s][debug][gc,phases      ] GC(108)   ObjectSynchronizer Weak        Min:  0.0, Avg:  0.0, Max:  0.0, Diff:  0.0, Sum:  0.0, Workers: 4
[49.561s][debug][gc,phases      ] GC(108)     Dead                           Min: 0, Avg:  0.0, Max: 0, Diff: 0, Sum: 0, Workers: 4
[49.561s][debug][gc,phases      ] GC(108)     Total                          Min: 0, Avg: 86.8, Max: 192, Diff: 192, Sum: 347, Workers: 4
[49.561s][debug][gc,phases      ] GC(108)   JVMTI Tag Weak OopStorage      Min:  0.0, Avg:  0.0, Max:  0.0, Diff:  0.0, Sum:  0.0, Workers: 4
[49.562s][debug][gc,phases      ] GC(108)     Dead                           Min: 0, Avg:  0.0, Max: 0, Diff: 0, Sum: 0, Workers: 4
[49.562s][debug][gc,phases      ] GC(108)     Total                          Min: 0, Avg:  0.0, Max: 0, Diff: 0, Sum: 0, Workers: 4
[49.562s][debug][gc,phases      ] GC(108)   StringTable Weak               Min:  0.1, Avg:  0.1, Max:  0.1, Diff:  0.0, Sum:  0.3, Workers: 4
[49.562s][debug][gc,phases      ] GC(108)     Dead                           Min: 0, Avg:  0.0, Max: 0, Diff: 0, Sum: 0, Workers: 4
[49.562s][debug][gc,phases      ] GC(108)     Total                          Min: 8768, Avg: 11744.5, Max: 13186, Diff: 4418, Sum: 46978, Workers: 4
[49.562s][debug][gc,phases      ] GC(108)   ResolvedMethodTable Weak       Min:  0.0, Avg:  0.0, Max:  0.0, Diff:  0.0, Sum:  0.1, Workers: 4
[49.562s][debug][gc,phases      ] GC(108)     Dead                           Min: 0, Avg:  0.0, Max: 0, Diff: 0, Sum: 0, Workers: 4
[49.562s][debug][gc,phases      ] GC(108)     Total                          Min: 850, Avg: 2004.5, Max: 2624, Diff: 1774, Sum: 8018, Workers: 4
[49.562s][debug][gc,phases      ] GC(108)   JNI Weak                       Min:  0.0, Avg:  0.0, Max:  0.0, Diff:  0.0, Sum:  0.0, Workers: 4
[49.562s][debug][gc,phases      ] GC(108)     Dead                           Min: 0, Avg:  0.0, Max: 0, Diff: 0, Sum: 0, Workers: 4
[49.562s][debug][gc,phases      ] GC(108)     Total                          Min: 0, Avg:  0.0, Max: 0, Diff: 0, Sum: 0, Workers: 4
[49.562s][debug][gc,phases      ] GC(108)   StringDedup Table Weak         Min:  0.0, Avg:  0.0, Max:  0.0, Diff:  0.0, Sum:  0.0, Workers: 4
[49.562s][debug][gc,phases      ] GC(108)     Dead                           Min: 0, Avg:  0.0, Max: 0, Diff: 0, Sum: 0, Workers: 4
[49.562s][debug][gc,phases      ] GC(108)     Total                          Min: 0, Avg:  0.0, Max: 0, Diff: 0, Sum: 0, Workers: 4
[49.562s][debug][gc,phases      ] GC(108)   StringDedup Requests0 Weak     Min:  0.0, Avg:  0.0, Max:  0.0, Diff:  0.0, Sum:  0.0, Workers: 4
[49.562s][debug][gc,phases      ] GC(108)     Dead                           Min: 0, Avg:  0.0, Max: 0, Diff: 0, Sum: 0, Workers: 4
[49.562s][debug][gc,phases      ] GC(108)     Total                          Min: 0, Avg:  0.0, Max: 0, Diff: 0, Sum: 0, Workers: 4
[49.562s][debug][gc,phases      ] GC(108)   StringDedup Requests1 Weak     Min:  0.0, Avg:  0.0, Max:  0.0, Diff:  0.0, Sum:  0.0, Workers: 4
[49.562s][debug][gc,phases      ] GC(108)     Dead                           Min: 0, Avg:  0.0, Max: 0, Diff: 0, Sum: 0, Workers: 4
[49.562s][debug][gc,phases      ] GC(108)     Total                          Min: 0, Avg:  0.0, Max: 0, Diff: 0, Sum: 0, Workers: 4
[49.562s][debug][gc,phases      ] GC(108)   Weak JFR Old Object Samples    Min:  0.0, Avg:  0.0, Max:  0.0, Diff:  0.0, Sum:  0.0, Workers: 4
[49.562s][debug][gc,phases      ] GC(108)     Dead                           Min: 0, Avg:  0.0, Max: 0, Diff: 0, Sum: 0, Workers: 4
[49.562s][debug][gc,phases      ] GC(108)     Total                          Min: 0, Avg:  0.0, Max: 0, Diff: 0, Sum: 0, Workers: 4
[49.562s][debug][gc,phases      ] GC(108) Weak Processing 0.271ms
[49.562s][debug][gc,age         ] GC(108) Desired survivor size 101711872 bytes, new threshold 15 (max threshold 15)
[49.562s][info ][gc,heap        ] GC(108) PSYoungGen: 1941080K(1993216K)->55824K(1989120K) Eden: 1885184K(1885184K)->0K(1885184K) From: 55896K(108032K)->55824K(103936K)
[49.562s][info ][gc,heap        ] GC(108) ParOldGen: 496826K(614400K)->496858K(614400K)
[49.562s][info ][gc,metaspace   ] GC(108) Metaspace: 79648K(80512K)->79648K(80512K) NonClass: 68301K(68736K)->68301K(68736K) Class: 11347K(11776K)->11347K(11776K)
[49.562s][info ][gc             ] GC(108) Pause Young (Allocation Failure) 2380M->539M(2542M) 9.256ms
[49.562s][info ][gc,cpu         ] GC(108) User=0.04s Sys=0.00s Real=0.01s
[49.562s][info ][safepoint      ] Safepoint "ParallelGCFailedAllocation", Time since last: 894503433 ns, Reaching safepoint: 63201 ns, At safepoint: 9335896 ns, Total: 9399097 ns
[50.562s][info ][safepoint      ] Safepoint "Cleanup", Time since last: 1000089421 ns, Reaching safepoint: 163001 ns, At safepoint: 16501 ns, Total: 179502 ns
[51.562s][info ][safepoint      ] Safepoint "Cleanup", Time since last: 1000093217 ns, Reaching safepoint: 92101 ns, At safepoint: 10400 ns, Total: 102501 ns
[52.562s][info ][safepoint      ] Safepoint "Cleanup", Time since last: 1000116614 ns, Reaching safepoint: 74201 ns, At safepoint: 9800 ns, Total: 84001 ns
[53.563s][info ][safepoint      ] Safepoint "Cleanup", Time since last: 1000105411 ns, Reaching safepoint: 163902 ns, At safepoint: 11800 ns, Total: 175702 ns
[55.172s][info ][safepoint      ] Safepoint "Cleanup", Time since last: 1608656179 ns, Reaching safepoint: 211902 ns, At safepoint: 8900 ns, Total: 220802 ns
[56.172s][info ][safepoint      ] Safepoint "Cleanup", Time since last: 1000057903 ns, Reaching safepoint: 73601 ns, At safepoint: 5800 ns, Total: 79401 ns
[57.172s][info ][safepoint      ] Safepoint "Cleanup", Time since last: 1000108100 ns, Reaching safepoint: 50800 ns, At safepoint: 7900 ns, Total: 58700 ns
[58.172s][info ][safepoint      ] Safepoint "Cleanup", Time since last: 1000096897 ns, Reaching safepoint: 66501 ns, At safepoint: 5700 ns, Total: 72201 ns
[59.172s][info ][safepoint      ] Safepoint "Cleanup", Time since last: 1000102694 ns, Reaching safepoint: 54800 ns, At safepoint: 7800 ns, Total: 62600 ns
[60.172s][info ][safepoint      ] Safepoint "Cleanup", Time since last: 1000102391 ns, Reaching safepoint: 64501 ns, At safepoint: 10000 ns, Total: 74501 ns
[61.173s][info ][safepoint      ] Safepoint "Cleanup", Time since last: 1000121788 ns, Reaching safepoint: 79000 ns, At safepoint: 6700 ns, Total: 85700 ns
[62.173s][info ][safepoint      ] Safepoint "Cleanup", Time since last: 1000099885 ns, Reaching safepoint: 62301 ns, At safepoint: 11400 ns, Total: 73701 ns
[63.154s][info ][gc,start       ] GC(109) Pause Young (Allocation Failure)
[63.165s][debug][gc,phases      ] GC(109) Scavenge 10.769ms
[63.165s][debug][gc,ref         ] GC(109) Skipped phase 1 of Reference Processing: no references
[63.165s][debug][gc,ref         ] GC(109) ReferenceProcessor::execute queues: 1, RefProcThreadModel::Single, marks_oops_alive: false
[63.165s][debug][gc,ref         ] GC(109) Skipped phase 3 of Reference Processing: no references
[63.165s][debug][gc,ref         ] GC(109) Skipped phase 4 of Reference Processing: no references
[63.165s][debug][gc,phases      ] GC(109) Reference Processing 0.112ms
[63.165s][debug][gc,phases      ] GC(109)   VM Weak                        Min:  0.0, Avg:  0.0, Max:  0.0, Diff:  0.0, Sum:  0.0, Workers: 4
[63.165s][debug][gc,phases      ] GC(109)     Dead                           Min: 0, Avg:  0.0, Max: 0, Diff: 0, Sum: 0, Workers: 4
[63.165s][debug][gc,phases      ] GC(109)     Total                          Min: 0, Avg: 163.0, Max: 524, Diff: 524, Sum: 652, Workers: 4
[63.165s][debug][gc,phases      ] GC(109)   ObjectSynchronizer Weak        Min:  0.0, Avg:  0.0, Max:  0.0, Diff:  0.0, Sum:  0.0, Workers: 4
[63.165s][debug][gc,phases      ] GC(109)     Dead                           Min: 0, Avg:  0.0, Max: 0, Diff: 0, Sum: 0, Workers: 4
[63.165s][debug][gc,phases      ] GC(109)     Total                          Min: 0, Avg: 86.8, Max: 128, Diff: 128, Sum: 347, Workers: 4
[63.165s][debug][gc,phases      ] GC(109)   JVMTI Tag Weak OopStorage      Min:  0.0, Avg:  0.0, Max:  0.0, Diff:  0.0, Sum:  0.0, Workers: 4
[63.165s][debug][gc,phases      ] GC(109)     Dead                           Min: 0, Avg:  0.0, Max: 0, Diff: 0, Sum: 0, Workers: 4
[63.165s][debug][gc,phases      ] GC(109)     Total                          Min: 0, Avg:  0.0, Max: 0, Diff: 0, Sum: 0, Workers: 4
[63.165s][debug][gc,phases      ] GC(109)   StringTable Weak               Min:  0.1, Avg:  0.1, Max:  0.1, Diff:  0.0, Sum:  0.4, Workers: 4
[63.165s][debug][gc,phases      ] GC(109)     Dead                           Min: 0, Avg:  0.0, Max: 0, Diff: 0, Sum: 0, Workers: 4
[63.165s][debug][gc,phases      ] GC(109)     Total                          Min: 10846, Avg: 11767.5, Max: 13760, Diff: 2914, Sum: 47070, Workers: 4
[63.165s][debug][gc,phases      ] GC(109)   ResolvedMethodTable Weak       Min:  0.0, Avg:  0.0, Max:  0.0, Diff:  0.0, Sum:  0.1, Workers: 4
[63.165s][debug][gc,phases      ] GC(109)     Dead                           Min: 0, Avg:  0.0, Max: 0, Diff: 0, Sum: 0, Workers: 4
[63.165s][debug][gc,phases      ] GC(109)     Total                          Min: 1920, Avg: 2004.5, Max: 2048, Diff: 128, Sum: 8018, Workers: 4
[63.165s][debug][gc,phases      ] GC(109)   JNI Weak                       Min:  0.0, Avg:  0.0, Max:  0.0, Diff:  0.0, Sum:  0.0, Workers: 4
[63.165s][debug][gc,phases      ] GC(109)     Dead                           Min: 0, Avg:  0.0, Max: 0, Diff: 0, Sum: 0, Workers: 4
[63.165s][debug][gc,phases      ] GC(109)     Total                          Min: 0, Avg:  0.2, Max: 1, Diff: 1, Sum: 1, Workers: 4
[63.165s][debug][gc,phases      ] GC(109)   StringDedup Table Weak         Min:  0.0, Avg:  0.0, Max:  0.0, Diff:  0.0, Sum:  0.0, Workers: 4
[63.165s][debug][gc,phases      ] GC(109)     Dead                           Min: 0, Avg:  0.0, Max: 0, Diff: 0, Sum: 0, Workers: 4
[63.165s][debug][gc,phases      ] GC(109)     Total                          Min: 0, Avg:  0.0, Max: 0, Diff: 0, Sum: 0, Workers: 4
[63.165s][debug][gc,phases      ] GC(109)   StringDedup Requests0 Weak     Min:  0.0, Avg:  0.0, Max:  0.0, Diff:  0.0, Sum:  0.0, Workers: 4
[63.165s][debug][gc,phases      ] GC(109)     Dead                           Min: 0, Avg:  0.0, Max: 0, Diff: 0, Sum: 0, Workers: 4
[63.165s][debug][gc,phases      ] GC(109)     Total                          Min: 0, Avg:  0.0, Max: 0, Diff: 0, Sum: 0, Workers: 4
[63.165s][debug][gc,phases      ] GC(109)   StringDedup Requests1 Weak     Min:  0.0, Avg:  0.0, Max:  0.0, Diff:  0.0, Sum:  0.0, Workers: 4
[63.165s][debug][gc,phases      ] GC(109)     Dead                           Min: 0, Avg:  0.0, Max: 0, Diff: 0, Sum: 0, Workers: 4
[63.165s][debug][gc,phases      ] GC(109)     Total                          Min: 0, Avg:  0.0, Max: 0, Diff: 0, Sum: 0, Workers: 4
[63.165s][debug][gc,phases      ] GC(109)   Weak JFR Old Object Samples    Min:  0.0, Avg:  0.0, Max:  0.0, Diff:  0.0, Sum:  0.0, Workers: 4
[63.165s][debug][gc,phases      ] GC(109)     Dead                           Min: 0, Avg:  0.0, Max: 0, Diff: 0, Sum: 0, Workers: 4
[63.165s][debug][gc,phases      ] GC(109)     Total                          Min: 0, Avg:  0.0, Max: 0, Diff: 0, Sum: 0, Workers: 4
[63.165s][debug][gc,phases      ] GC(109) Weak Processing 0.375ms
[63.165s][debug][gc,age         ] GC(109) Desired survivor size 98041856 bytes, new threshold 15 (max threshold 15)
[63.165s][info ][gc,heap        ] GC(109) PSYoungGen: 1941008K(1989120K)->55784K(2001408K) Eden: 1885184K(1885184K)->0K(1902080K) From: 55824K(103936K)->55784K(99328K)
[63.165s][info ][gc,heap        ] GC(109) ParOldGen: 496858K(614400K)->496874K(614400K)
[63.165s][info ][gc,metaspace   ] GC(109) Metaspace: 79835K(80704K)->79835K(80704K) NonClass: 68488K(68928K)->68488K(68928K) Class: 11347K(11776K)->11347K(11776K)
[63.165s][info ][gc             ] GC(109) Pause Young (Allocation Failure) 2380M->539M(2554M) 11.395ms
[63.165s][info ][gc,cpu         ] GC(109) User=0.05s Sys=0.00s Real=0.01s
[63.166s][info ][safepoint      ] Safepoint "ParallelGCFailedAllocation", Time since last: 981299688 ns, Reaching safepoint: 45200 ns, At safepoint: 11488418 ns, Total: 11533618 ns
[64.166s][info ][safepoint      ] Safepoint "Cleanup", Time since last: 1000085679 ns, Reaching safepoint: 70000 ns, At safepoint: 6401 ns, Total: 76401 ns
[65.166s][info ][safepoint      ] Safepoint "Cleanup", Time since last: 1000097975 ns, Reaching safepoint: 56901 ns, At safepoint: 12000 ns, Total: 68901 ns
[66.166s][info ][safepoint      ] Safepoint "Cleanup", Time since last: 1000116672 ns, Reaching safepoint: 57901 ns, At safepoint: 8700 ns, Total: 66601 ns
[67.166s][info ][safepoint      ] Safepoint "Cleanup", Time since last: 1000111669 ns, Reaching safepoint: 61501 ns, At safepoint: 9400 ns, Total: 70901 ns
[68.166s][info ][safepoint      ] Safepoint "Cleanup", Time since last: 1000129067 ns, Reaching safepoint: 81400 ns, At safepoint: 9101 ns, Total: 90501 ns
[70.086s][info ][safepoint      ] Safepoint "Cleanup", Time since last: 1918972890 ns, Reaching safepoint: 92301 ns, At safepoint: 13100 ns, Total: 105401 ns
[71.086s][info ][safepoint      ] Safepoint "Cleanup", Time since last: 1000096657 ns, Reaching safepoint: 73501 ns, At safepoint: 6300 ns, Total: 79801 ns
[72.086s][info ][safepoint      ] Safepoint "Cleanup", Time since last: 1000104355 ns, Reaching safepoint: 72001 ns, At safepoint: 11600 ns, Total: 83601 ns
[73.086s][info ][safepoint      ] Safepoint "Cleanup", Time since last: 1000106851 ns, Reaching safepoint: 45101 ns, At safepoint: 6700 ns, Total: 51801 ns
[74.086s][info ][safepoint      ] Safepoint "Cleanup", Time since last: 1000101548 ns, Reaching safepoint: 50101 ns, At safepoint: 6000 ns, Total: 56101 ns
[75.086s][info ][safepoint      ] Safepoint "Cleanup", Time since last: 1000105945 ns, Reaching safepoint: 48901 ns, At safepoint: 9000 ns, Total: 57901 ns
[76.087s][info ][safepoint      ] Safepoint "Cleanup", Time since last: 1000104143 ns, Reaching safepoint: 48500 ns, At safepoint: 3000 ns, Total: 51500 ns
[76.704s][info ][gc,start       ] GC(110) Pause Young (Allocation Failure)
[76.714s][debug][gc,phases      ] GC(110) Scavenge 9.096ms
[76.714s][debug][gc,ref         ] GC(110) Skipped phase 1 of Reference Processing: no references
[76.714s][debug][gc,ref         ] GC(110) ReferenceProcessor::execute queues: 1, RefProcThreadModel::Single, marks_oops_alive: false
[76.714s][debug][gc,ref         ] GC(110) Skipped phase 3 of Reference Processing: no references
[76.714s][debug][gc,ref         ] GC(110) Skipped phase 4 of Reference Processing: no references
[76.714s][debug][gc,phases      ] GC(110) Reference Processing 0.107ms
[76.714s][debug][gc,phases      ] GC(110)   VM Weak                        Min:  0.0, Avg:  0.0, Max:  0.0, Diff:  0.0, Sum:  0.0, Workers: 4
[76.714s][debug][gc,phases      ] GC(110)     Dead                           Min: 0, Avg:  0.0, Max: 0, Diff: 0, Sum: 0, Workers: 4
[76.714s][debug][gc,phases      ] GC(110)     Total                          Min: 0, Avg: 163.0, Max: 396, Diff: 396, Sum: 652, Workers: 4
[76.714s][debug][gc,phases      ] GC(110)   ObjectSynchronizer Weak        Min:  0.0, Avg:  0.0, Max:  0.0, Diff:  0.0, Sum:  0.0, Workers: 4
[76.714s][debug][gc,phases      ] GC(110)     Dead                           Min: 0, Avg:  0.0, Max: 0, Diff: 0, Sum: 0, Workers: 4
[76.714s][debug][gc,phases      ] GC(110)     Total                          Min: 0, Avg: 86.8, Max: 192, Diff: 192, Sum: 347, Workers: 4
[76.714s][debug][gc,phases      ] GC(110)   JVMTI Tag Weak OopStorage      Min:  0.0, Avg:  0.0, Max:  0.0, Diff:  0.0, Sum:  0.0, Workers: 4
[76.714s][debug][gc,phases      ] GC(110)     Dead                           Min: 0, Avg:  0.0, Max: 0, Diff: 0, Sum: 0, Workers: 4
[76.714s][debug][gc,phases      ] GC(110)     Total                          Min: 0, Avg:  0.0, Max: 0, Diff: 0, Sum: 0, Workers: 4
[76.714s][debug][gc,phases      ] GC(110)   StringTable Weak               Min:  0.1, Avg:  0.1, Max:  0.1, Diff:  0.0, Sum:  0.4, Workers: 4
[76.714s][debug][gc,phases      ] GC(110)     Dead                           Min: 0, Avg:  0.0, Max: 0, Diff: 0, Sum: 0, Workers: 4
[76.714s][debug][gc,phases      ] GC(110)     Total                          Min: 11136, Avg: 11782.2, Max: 12569, Diff: 1433, Sum: 47129, Workers: 4
[76.714s][debug][gc,phases      ] GC(110)   ResolvedMethodTable Weak       Min:  0.0, Avg:  0.0, Max:  0.0, Diff:  0.0, Sum:  0.1, Workers: 4
[76.714s][debug][gc,phases      ] GC(110)     Dead                           Min: 0, Avg:  0.0, Max: 0, Diff: 0, Sum: 0, Workers: 4
[76.714s][debug][gc,phases      ] GC(110)     Total                          Min: 1920, Avg: 2004.5, Max: 2130, Diff: 210, Sum: 8018, Workers: 4
[76.714s][debug][gc,phases      ] GC(110)   JNI Weak                       Min:  0.0, Avg:  0.0, Max:  0.0, Diff:  0.0, Sum:  0.0, Workers: 4
[76.714s][debug][gc,phases      ] GC(110)     Dead                           Min: 0, Avg:  0.0, Max: 0, Diff: 0, Sum: 0, Workers: 4
[76.714s][debug][gc,phases      ] GC(110)     Total                          Min: 0, Avg:  0.0, Max: 0, Diff: 0, Sum: 0, Workers: 4
[76.714s][debug][gc,phases      ] GC(110)   StringDedup Table Weak         Min:  0.0, Avg:  0.0, Max:  0.0, Diff:  0.0, Sum:  0.0, Workers: 4
[76.714s][debug][gc,phases      ] GC(110)     Dead                           Min: 0, Avg:  0.0, Max: 0, Diff: 0, Sum: 0, Workers: 4
[76.714s][debug][gc,phases      ] GC(110)     Total                          Min: 0, Avg:  0.0, Max: 0, Diff: 0, Sum: 0, Workers: 4
[76.714s][debug][gc,phases      ] GC(110)   StringDedup Requests0 Weak     Min:  0.0, Avg:  0.0, Max:  0.0, Diff:  0.0, Sum:  0.0, Workers: 4
[76.714s][debug][gc,phases      ] GC(110)     Dead                           Min: 0, Avg:  0.0, Max: 0, Diff: 0, Sum: 0, Workers: 4
[76.714s][debug][gc,phases      ] GC(110)     Total                          Min: 0, Avg:  0.0, Max: 0, Diff: 0, Sum: 0, Workers: 4
[76.714s][debug][gc,phases      ] GC(110)   StringDedup Requests1 Weak     Min:  0.0, Avg:  0.0, Max:  0.0, Diff:  0.0, Sum:  0.0, Workers: 4
[76.714s][debug][gc,phases      ] GC(110)     Dead                           Min: 0, Avg:  0.0, Max: 0, Diff: 0, Sum: 0, Workers: 4
[76.714s][debug][gc,phases      ] GC(110)     Total                          Min: 0, Avg:  0.0, Max: 0, Diff: 0, Sum: 0, Workers: 4
[76.714s][debug][gc,phases      ] GC(110)   Weak JFR Old Object Samples    Min:  0.0, Avg:  0.0, Max:  0.0, Diff:  0.0, Sum:  0.0, Workers: 4
[76.714s][debug][gc,phases      ] GC(110)     Dead                           Min: 0, Avg:  0.0, Max: 0, Diff: 0, Sum: 0, Workers: 4
[76.714s][debug][gc,phases      ] GC(110)     Total                          Min: 0, Avg:  0.0, Max: 0, Diff: 0, Sum: 0, Workers: 4
[76.714s][debug][gc,phases      ] GC(110) Weak Processing 0.296ms
[76.714s][debug][gc,age         ] GC(110) Desired survivor size 94371840 bytes, new threshold 15 (max threshold 15)
[76.714s][info ][gc,heap        ] GC(110) PSYoungGen: 1957864K(2001408K)->55832K(1997824K) Eden: 1902080K(1902080K)->0K(1902080K) From: 55784K(99328K)->55832K(95744K)
[76.714s][info ][gc,heap        ] GC(110) ParOldGen: 496874K(614400K)->496882K(614400K)
[76.714s][info ][gc,metaspace   ] GC(110) Metaspace: 79879K(80704K)->79879K(80704K) NonClass: 68532K(68928K)->68532K(68928K) Class: 11347K(11776K)->11347K(11776K)
[76.714s][info ][gc             ] GC(110) Pause Young (Allocation Failure) 2397M->539M(2551M) 9.625ms
[76.714s][info ][gc,cpu         ] GC(110) User=0.04s Sys=0.00s Real=0.01s
[76.714s][info ][safepoint      ] Safepoint "ParallelGCFailedAllocation", Time since last: 617789826 ns, Reaching safepoint: 50200 ns, At safepoint: 9702600 ns, Total: 9752800 ns
[77.714s][info ][safepoint      ] Safepoint "Cleanup", Time since last: 1000075137 ns, Reaching safepoint: 54101 ns, At safepoint: 3800 ns, Total: 57901 ns
[78.714s][info ][safepoint      ] Safepoint "Cleanup", Time since last: 1000097634 ns, Reaching safepoint: 49701 ns, At safepoint: 7200 ns, Total: 56901 ns
[79.715s][info ][safepoint      ] Safepoint "Cleanup", Time since last: 1000098432 ns, Reaching safepoint: 45300 ns, At safepoint: 3200 ns, Total: 48500 ns
[80.715s][info ][safepoint      ] Safepoint "Cleanup", Time since last: 1000106329 ns, Reaching safepoint: 44500 ns, At safepoint: 2900 ns, Total: 47400 ns
[81.715s][info ][safepoint      ] Safepoint "Cleanup", Time since last: 1000105326 ns, Reaching safepoint: 53001 ns, At safepoint: 10100 ns, Total: 63101 ns
[82.715s][info ][safepoint      ] Safepoint "Cleanup", Time since last: 1000147523 ns, Reaching safepoint: 111702 ns, At safepoint: 15200 ns, Total: 126902 ns
[83.715s][info ][safepoint      ] Safepoint "Cleanup", Time since last: 1000113020 ns, Reaching safepoint: 205002 ns, At safepoint: 11800 ns, Total: 216802 ns
[84.716s][info ][safepoint      ] Safepoint "Cleanup", Time since last: 1000103317 ns, Reaching safepoint: 80101 ns, At safepoint: 5300 ns, Total: 85401 ns
[85.716s][info ][safepoint      ] Safepoint "Cleanup", Time since last: 1000121614 ns, Reaching safepoint: 101501 ns, At safepoint: 9700 ns, Total: 111201 ns
[86.552s][info ][gc,start       ] GC(111) Pause Young (Allocation Failure)
[86.565s][debug][gc,phases      ] GC(111) Scavenge 13.278ms
[86.565s][debug][gc,ref         ] GC(111) Skipped phase 1 of Reference Processing: no references
[86.565s][debug][gc,ref         ] GC(111) ReferenceProcessor::execute queues: 1, RefProcThreadModel::Single, marks_oops_alive: false
[86.565s][debug][gc,ref         ] GC(111) Skipped phase 3 of Reference Processing: no references
[86.565s][debug][gc,ref         ] GC(111) ReferenceProcessor::execute queues: 1, RefProcThreadModel::Single, marks_oops_alive: false
[86.565s][debug][gc,phases      ] GC(111) Reference Processing 0.115ms
[86.565s][debug][gc,phases      ] GC(111)   VM Weak                        Min:  0.0, Avg:  0.0, Max:  0.0, Diff:  0.0, Sum:  0.0, Workers: 4
[86.565s][debug][gc,phases      ] GC(111)     Dead                           Min: 0, Avg:  0.0, Max: 0, Diff: 0, Sum: 0, Workers: 4
[86.565s][debug][gc,phases      ] GC(111)     Total                          Min: 0, Avg: 164.0, Max: 464, Diff: 464, Sum: 656, Workers: 4
[86.565s][debug][gc,phases      ] GC(111)   ObjectSynchronizer Weak        Min:  0.0, Avg:  0.0, Max:  0.0, Diff:  0.0, Sum:  0.0, Workers: 4
[86.565s][debug][gc,phases      ] GC(111)     Dead                           Min: 0, Avg:  0.0, Max: 0, Diff: 0, Sum: 0, Workers: 4
[86.565s][debug][gc,phases      ] GC(111)     Total                          Min: 0, Avg: 86.8, Max: 192, Diff: 192, Sum: 347, Workers: 4
[86.565s][debug][gc,phases      ] GC(111)   JVMTI Tag Weak OopStorage      Min:  0.0, Avg:  0.0, Max:  0.0, Diff:  0.0, Sum:  0.0, Workers: 4
[86.565s][debug][gc,phases      ] GC(111)     Dead                           Min: 0, Avg:  0.0, Max: 0, Diff: 0, Sum: 0, Workers: 4
[86.565s][debug][gc,phases      ] GC(111)     Total                          Min: 0, Avg:  0.0, Max: 0, Diff: 0, Sum: 0, Workers: 4
[86.565s][debug][gc,phases      ] GC(111)   StringTable Weak               Min:  0.1, Avg:  0.1, Max:  0.1, Diff:  0.0, Sum:  0.4, Workers: 4
[86.566s][debug][gc,phases      ] GC(111)     Dead                           Min: 0, Avg:  0.0, Max: 0, Diff: 0, Sum: 0, Workers: 4
[86.566s][debug][gc,phases      ] GC(111)     Total                          Min: 9408, Avg: 11816.5, Max: 14528, Diff: 5120, Sum: 47266, Workers: 4
[86.566s][debug][gc,phases      ] GC(111)   ResolvedMethodTable Weak       Min:  0.0, Avg:  0.0, Max:  0.0, Diff:  0.0, Sum:  0.1, Workers: 4
[86.566s][debug][gc,phases      ] GC(111)     Dead                           Min: 0, Avg:  0.0, Max: 0, Diff: 0, Sum: 0, Workers: 4
[86.566s][debug][gc,phases      ] GC(111)     Total                          Min: 1664, Avg: 2016.5, Max: 2370, Diff: 706, Sum: 8066, Workers: 4
[86.566s][debug][gc,phases      ] GC(111)   JNI Weak                       Min:  0.0, Avg:  0.0, Max:  0.0, Diff:  0.0, Sum:  0.0, Workers: 4
[86.566s][debug][gc,phases      ] GC(111)     Dead                           Min: 0, Avg:  0.0, Max: 0, Diff: 0, Sum: 0, Workers: 4
[86.566s][debug][gc,phases      ] GC(111)     Total                          Min: 0, Avg:  0.0, Max: 0, Diff: 0, Sum: 0, Workers: 4
[86.566s][debug][gc,phases      ] GC(111)   StringDedup Table Weak         Min:  0.0, Avg:  0.0, Max:  0.0, Diff:  0.0, Sum:  0.0, Workers: 4
[86.566s][debug][gc,phases      ] GC(111)     Dead                           Min: 0, Avg:  0.0, Max: 0, Diff: 0, Sum: 0, Workers: 4
[86.566s][debug][gc,phases      ] GC(111)     Total                          Min: 0, Avg:  0.0, Max: 0, Diff: 0, Sum: 0, Workers: 4
[86.566s][debug][gc,phases      ] GC(111)   StringDedup Requests0 Weak     Min:  0.0, Avg:  0.0, Max:  0.0, Diff:  0.0, Sum:  0.0, Workers: 4
[86.566s][debug][gc,phases      ] GC(111)     Dead                           Min: 0, Avg:  0.0, Max: 0, Diff: 0, Sum: 0, Workers: 4
[86.566s][debug][gc,phases      ] GC(111)     Total                          Min: 0, Avg:  0.0, Max: 0, Diff: 0, Sum: 0, Workers: 4
[86.566s][debug][gc,phases      ] GC(111)   StringDedup Requests1 Weak     Min:  0.0, Avg:  0.0, Max:  0.0, Diff:  0.0, Sum:  0.0, Workers: 4
[86.566s][debug][gc,phases      ] GC(111)     Dead                           Min: 0, Avg:  0.0, Max: 0, Diff: 0, Sum: 0, Workers: 4
[86.566s][debug][gc,phases      ] GC(111)     Total                          Min: 0, Avg:  0.0, Max: 0, Diff: 0, Sum: 0, Workers: 4
[86.566s][debug][gc,phases      ] GC(111)   Weak JFR Old Object Samples    Min:  0.0, Avg:  0.0, Max:  0.0, Diff:  0.0, Sum:  0.0, Workers: 4
[86.566s][debug][gc,phases      ] GC(111)     Dead                           Min: 0, Avg:  0.0, Max: 0, Diff: 0, Sum: 0, Workers: 4
[86.566s][debug][gc,phases      ] GC(111)     Total                          Min: 0, Avg:  0.0, Max: 0, Diff: 0, Sum: 0, Workers: 4
[86.566s][debug][gc,phases      ] GC(111) Weak Processing 0.277ms
[86.566s][debug][gc,age         ] GC(111) Desired survivor size 96468992 bytes, new threshold 15 (max threshold 15)
[86.566s][info ][gc,heap        ] GC(111) PSYoungGen: 1957912K(1997824K)->69744K(2000896K) Eden: 1902080K(1902080K)->0K(1908736K) From: 55832K(95744K)->69744K(92160K)
[86.566s][info ][gc,heap        ] GC(111) ParOldGen: 496882K(614400K)->496898K(614400K)
[86.566s][info ][gc,metaspace   ] GC(111) Metaspace: 80056K(80896K)->80056K(80896K) NonClass: 68686K(69120K)->68686K(69120K) Class: 11370K(11776K)->11370K(11776K)
[86.566s][info ][gc             ] GC(111) Pause Young (Allocation Failure) 2397M->553M(2554M) 13.795ms
[86.566s][info ][gc,cpu         ] GC(111) User=0.05s Sys=0.00s Real=0.01s
[86.566s][info ][safepoint      ] Safepoint "ParallelGCFailedAllocation", Time since last: 835864435 ns, Reaching safepoint: 76301 ns, At safepoint: 13869741 ns, Total: 13946042 ns
[87.722s][info ][safepoint      ] Safepoint "Cleanup", Time since last: 1156376204 ns, Reaching safepoint: 137501 ns, At safepoint: 9800 ns, Total: 147301 ns
[88.725s][info ][safepoint      ] Safepoint "Cleanup", Time since last: 1000102206 ns, Reaching safepoint: 2217722 ns, At safepoint: 14201 ns, Total: 2231923 ns
[89.725s][info ][safepoint      ] Safepoint "Cleanup", Time since last: 1000118602 ns, Reaching safepoint: 120701 ns, At safepoint: 10801 ns, Total: 131502 ns
[90.725s][info ][safepoint      ] Safepoint "Cleanup", Time since last: 1000095599 ns, Reaching safepoint: 77401 ns, At safepoint: 8800 ns, Total: 86201 ns
[91.725s][info ][safepoint      ] Safepoint "Cleanup", Time since last: 1000107597 ns, Reaching safepoint: 55800 ns, At safepoint: 11400 ns, Total: 67200 ns
[92.725s][info ][safepoint      ] Safepoint "Cleanup", Time since last: 1000108794 ns, Reaching safepoint: 99501 ns, At safepoint: 9100 ns, Total: 108601 ns
[93.726s][info ][safepoint      ] Safepoint "Cleanup", Time since last: 1000103291 ns, Reaching safepoint: 45101 ns, At safepoint: 7800 ns, Total: 52901 ns
[95.224s][info ][gc,start       ] GC(112) Pause Young (Allocation Failure)
[95.236s][debug][gc,phases      ] GC(112) Scavenge 11.752ms
[95.236s][debug][gc,ref         ] GC(112) Skipped phase 1 of Reference Processing: no references
[95.236s][debug][gc,ref         ] GC(112) ReferenceProcessor::execute queues: 1, RefProcThreadModel::Single, marks_oops_alive: false
[95.236s][debug][gc,ref         ] GC(112) Skipped phase 3 of Reference Processing: no references
[95.236s][debug][gc,ref         ] GC(112) ReferenceProcessor::execute queues: 1, RefProcThreadModel::Single, marks_oops_alive: false
[95.236s][debug][gc,phases      ] GC(112) Reference Processing 0.121ms
[95.236s][debug][gc,phases      ] GC(112)   VM Weak                        Min:  0.0, Avg:  0.0, Max:  0.0, Diff:  0.0, Sum:  0.0, Workers: 4
[95.236s][debug][gc,phases      ] GC(112)     Dead                           Min: 0, Avg:  0.0, Max: 0, Diff: 0, Sum: 0, Workers: 4
[95.236s][debug][gc,phases      ] GC(112)     Total                          Min: 0, Avg: 164.2, Max: 657, Diff: 657, Sum: 657, Workers: 4
[95.236s][debug][gc,phases      ] GC(112)   ObjectSynchronizer Weak        Min:  0.0, Avg:  0.0, Max:  0.0, Diff:  0.0, Sum:  0.0, Workers: 4
[95.236s][debug][gc,phases      ] GC(112)     Dead                           Min: 0, Avg:  0.0, Max: 0, Diff: 0, Sum: 0, Workers: 4
[95.236s][debug][gc,phases      ] GC(112)     Total                          Min: 0, Avg: 87.0, Max: 348, Diff: 348, Sum: 348, Workers: 4
[95.236s][debug][gc,phases      ] GC(112)   JVMTI Tag Weak OopStorage      Min:  0.0, Avg:  0.0, Max:  0.0, Diff:  0.0, Sum:  0.0, Workers: 4
[95.236s][debug][gc,phases      ] GC(112)     Dead                           Min: 0, Avg:  0.0, Max: 0, Diff: 0, Sum: 0, Workers: 4
[95.236s][debug][gc,phases      ] GC(112)     Total                          Min: 0, Avg:  0.0, Max: 0, Diff: 0, Sum: 0, Workers: 4
[95.236s][debug][gc,phases      ] GC(112)   StringTable Weak               Min:  0.1, Avg:  0.1, Max:  0.1, Diff:  0.0, Sum:  0.3, Workers: 4
[95.236s][debug][gc,phases      ] GC(112)     Dead                           Min: 0, Avg:  0.5, Max: 2, Diff: 2, Sum: 2, Workers: 4
[95.236s][debug][gc,phases      ] GC(112)     Total                          Min: 10632, Avg: 11842.0, Max: 13120, Diff: 2488, Sum: 47368, Workers: 4
[95.236s][debug][gc,phases      ] GC(112)   ResolvedMethodTable Weak       Min:  0.0, Avg:  0.0, Max:  0.0, Diff:  0.0, Sum:  0.1, Workers: 4
[95.236s][debug][gc,phases      ] GC(112)     Dead                           Min: 0, Avg:  0.0, Max: 0, Diff: 0, Sum: 0, Workers: 4
[95.236s][debug][gc,phases      ] GC(112)     Total                          Min: 1963, Avg: 2026.5, Max: 2111, Diff: 148, Sum: 8106, Workers: 4
[95.236s][debug][gc,phases      ] GC(112)   JNI Weak                       Min:  0.0, Avg:  0.0, Max:  0.0, Diff:  0.0, Sum:  0.0, Workers: 4
[95.236s][debug][gc,phases      ] GC(112)     Dead                           Min: 0, Avg:  0.0, Max: 0, Diff: 0, Sum: 0, Workers: 4
[95.236s][debug][gc,phases      ] GC(112)     Total                          Min: 0, Avg:  0.0, Max: 0, Diff: 0, Sum: 0, Workers: 4
[95.236s][debug][gc,phases      ] GC(112)   StringDedup Table Weak         Min:  0.0, Avg:  0.0, Max:  0.0, Diff:  0.0, Sum:  0.0, Workers: 4
[95.236s][debug][gc,phases      ] GC(112)     Dead                           Min: 0, Avg:  0.0, Max: 0, Diff: 0, Sum: 0, Workers: 4
[95.236s][debug][gc,phases      ] GC(112)     Total                          Min: 0, Avg:  0.0, Max: 0, Diff: 0, Sum: 0, Workers: 4
[95.236s][debug][gc,phases      ] GC(112)   StringDedup Requests0 Weak     Min:  0.0, Avg:  0.0, Max:  0.0, Diff:  0.0, Sum:  0.0, Workers: 4
[95.236s][debug][gc,phases      ] GC(112)     Dead                           Min: 0, Avg:  0.0, Max: 0, Diff: 0, Sum: 0, Workers: 4
[95.236s][debug][gc,phases      ] GC(112)     Total                          Min: 0, Avg:  0.0, Max: 0, Diff: 0, Sum: 0, Workers: 4
[95.236s][debug][gc,phases      ] GC(112)   StringDedup Requests1 Weak     Min:  0.0, Avg:  0.0, Max:  0.0, Diff:  0.0, Sum:  0.0, Workers: 4
[95.236s][debug][gc,phases      ] GC(112)     Dead                           Min: 0, Avg:  0.0, Max: 0, Diff: 0, Sum: 0, Workers: 4
[95.236s][debug][gc,phases      ] GC(112)     Total                          Min: 0, Avg:  0.0, Max: 0, Diff: 0, Sum: 0, Workers: 4
[95.236s][debug][gc,phases      ] GC(112)   Weak JFR Old Object Samples    Min:  0.0, Avg:  0.0, Max:  0.0, Diff:  0.0, Sum:  0.0, Workers: 4
[95.236s][debug][gc,phases      ] GC(112)     Dead                           Min: 0, Avg:  0.0, Max: 0, Diff: 0, Sum: 0, Workers: 4
[95.236s][debug][gc,phases      ] GC(112)     Total                          Min: 0, Avg:  0.0, Max: 0, Diff: 0, Sum: 0, Workers: 4
[95.236s][debug][gc,phases      ] GC(112) Weak Processing 0.297ms
[95.236s][debug][gc,age         ] GC(112) Desired survivor size 98041856 bytes, new threshold 15 (max threshold 15)
[95.236s][info ][gc,heap        ] GC(112) PSYoungGen: 1978480K(2000896K)->70136K(1978880K) Eden: 1908736K(1908736K)->0K(1908736K) From: 69744K(92160K)->70136K(70144K)
[95.236s][info ][gc,heap        ] GC(112) ParOldGen: 496898K(614400K)->496930K(614400K)
[95.236s][info ][gc,metaspace   ] GC(112) Metaspace: 80283K(81152K)->80283K(81152K) NonClass: 68886K(69312K)->68886K(69312K) Class: 11397K(11840K)->11397K(11840K)
[95.236s][info ][gc             ] GC(112) Pause Young (Allocation Failure) 2417M->553M(2532M) 12.316ms
[95.236s][info ][gc,cpu         ] GC(112) User=0.05s Sys=0.00s Real=0.01s
[95.236s][info ][safepoint      ] Safepoint "ParallelGCFailedAllocation", Time since last: 1498348362 ns, Reaching safepoint: 37301 ns, At safepoint: 12405526 ns, Total: 12442827 ns
[96.236s][info ][safepoint      ] Safepoint "Cleanup", Time since last: 1000083384 ns, Reaching safepoint: 81400 ns, At safepoint: 10700 ns, Total: 92100 ns
[97.237s][info ][safepoint      ] Safepoint "Cleanup", Time since last: 1000102881 ns, Reaching safepoint: 67601 ns, At safepoint: 10700 ns, Total: 78301 ns
[98.237s][info ][safepoint      ] Safepoint "Cleanup", Time since last: 1000089278 ns, Reaching safepoint: 84401 ns, At safepoint: 8600 ns, Total: 93001 ns
[99.237s][info ][safepoint      ] Safepoint "Cleanup", Time since last: 1000097875 ns, Reaching safepoint: 55301 ns, At safepoint: 8900 ns, Total: 64201 ns
[100.353s][info ][safepoint      ] Safepoint "Cleanup", Time since last: 1115865149 ns, Reaching safepoint: 115101 ns, At safepoint: 11400 ns, Total: 126501 ns
[101.361s][info ][safepoint      ] Safepoint "Cleanup", Time since last: 1007816948 ns, Reaching safepoint: 69201 ns, At safepoint: 11800 ns, Total: 81001 ns
[103.361s][info ][safepoint      ] Safepoint "Cleanup", Time since last: 2000176429 ns, Reaching safepoint: 58201 ns, At safepoint: 6100 ns, Total: 64301 ns
[105.361s][info ][safepoint      ] Safepoint "Cleanup", Time since last: 2000167018 ns, Reaching safepoint: 54700 ns, At safepoint: 11501 ns, Total: 66201 ns
[107.362s][info ][safepoint      ] Safepoint "Cleanup", Time since last: 2000174706 ns, Reaching safepoint: 51101 ns, At safepoint: 7300 ns, Total: 58401 ns
[107.428s][info ][gc,start       ] GC(113) Pause Young (Allocation Failure)
[107.440s][debug][gc,phases      ] GC(113) Scavenge 12.417ms
[107.440s][debug][gc,ref         ] GC(113) Skipped phase 1 of Reference Processing: no references
[107.440s][debug][gc,ref         ] GC(113) ReferenceProcessor::execute queues: 1, RefProcThreadModel::Single, marks_oops_alive: false
[107.440s][debug][gc,ref         ] GC(113) Skipped phase 3 of Reference Processing: no references
[107.440s][debug][gc,ref         ] GC(113) ReferenceProcessor::execute queues: 1, RefProcThreadModel::Single, marks_oops_alive: false
[107.440s][debug][gc,phases      ] GC(113) Reference Processing 0.112ms
[107.440s][debug][gc,phases      ] GC(113)   VM Weak                        Min:  0.0, Avg:  0.0, Max:  0.0, Diff:  0.0, Sum:  0.0, Workers: 4
[107.440s][debug][gc,phases      ] GC(113)     Dead                           Min: 0, Avg:  0.0, Max: 0, Diff: 0, Sum: 0, Workers: 4
[107.440s][debug][gc,phases      ] GC(113)     Total                          Min: 0, Avg: 164.2, Max: 448, Diff: 448, Sum: 657, Workers: 4
[107.440s][debug][gc,phases      ] GC(113)   ObjectSynchronizer Weak        Min:  0.0, Avg:  0.0, Max:  0.0, Diff:  0.0, Sum:  0.0, Workers: 4
[107.440s][debug][gc,phases      ] GC(113)     Dead                           Min: 0, Avg:  0.0, Max: 0, Diff: 0, Sum: 0, Workers: 4
[107.440s][debug][gc,phases      ] GC(113)     Total                          Min: 0, Avg: 87.0, Max: 220, Diff: 220, Sum: 348, Workers: 4
[107.440s][debug][gc,phases      ] GC(113)   JVMTI Tag Weak OopStorage      Min:  0.0, Avg:  0.0, Max:  0.0, Diff:  0.0, Sum:  0.0, Workers: 4
[107.440s][debug][gc,phases      ] GC(113)     Dead                           Min: 0, Avg:  0.0, Max: 0, Diff: 0, Sum: 0, Workers: 4
[107.440s][debug][gc,phases      ] GC(113)     Total                          Min: 0, Avg:  0.0, Max: 0, Diff: 0, Sum: 0, Workers: 4
[107.440s][debug][gc,phases      ] GC(113)   StringTable Weak               Min:  0.1, Avg:  0.1, Max:  0.1, Diff:  0.0, Sum:  0.4, Workers: 4
[107.440s][debug][gc,phases      ] GC(113)     Dead                           Min: 0, Avg:  0.2, Max: 1, Diff: 1, Sum: 1, Workers: 4
[107.440s][debug][gc,phases      ] GC(113)     Total                          Min: 9380, Avg: 11849.0, Max: 14272, Diff: 4892, Sum: 47396, Workers: 4
[107.440s][debug][gc,phases      ] GC(113)   ResolvedMethodTable Weak       Min:  0.0, Avg:  0.0, Max:  0.0, Diff:  0.0, Sum:  0.1, Workers: 4
[107.440s][debug][gc,phases      ] GC(113)     Dead                           Min: 0, Avg:  0.0, Max: 0, Diff: 0, Sum: 0, Workers: 4
[107.440s][debug][gc,phases      ] GC(113)     Total                          Min: 1792, Avg: 2028.5, Max: 2688, Diff: 896, Sum: 8114, Workers: 4
[107.440s][debug][gc,phases      ] GC(113)   JNI Weak                       Min:  0.0, Avg:  0.0, Max:  0.0, Diff:  0.0, Sum:  0.0, Workers: 4
[107.440s][debug][gc,phases      ] GC(113)     Dead                           Min: 0, Avg:  0.0, Max: 0, Diff: 0, Sum: 0, Workers: 4
[107.440s][debug][gc,phases      ] GC(113)     Total                          Min: 0, Avg:  0.0, Max: 0, Diff: 0, Sum: 0, Workers: 4
[107.440s][debug][gc,phases      ] GC(113)   StringDedup Table Weak         Min:  0.0, Avg:  0.0, Max:  0.0, Diff:  0.0, Sum:  0.0, Workers: 4
[107.440s][debug][gc,phases      ] GC(113)     Dead                           Min: 0, Avg:  0.0, Max: 0, Diff: 0, Sum: 0, Workers: 4
[107.440s][debug][gc,phases      ] GC(113)     Total                          Min: 0, Avg:  0.0, Max: 0, Diff: 0, Sum: 0, Workers: 4
[107.440s][debug][gc,phases      ] GC(113)   StringDedup Requests0 Weak     Min:  0.0, Avg:  0.0, Max:  0.0, Diff:  0.0, Sum:  0.0, Workers: 4
[107.440s][debug][gc,phases      ] GC(113)     Dead                           Min: 0, Avg:  0.0, Max: 0, Diff: 0, Sum: 0, Workers: 4
[107.440s][debug][gc,phases      ] GC(113)     Total                          Min: 0, Avg:  0.0, Max: 0, Diff: 0, Sum: 0, Workers: 4
[107.440s][debug][gc,phases      ] GC(113)   StringDedup Requests1 Weak     Min:  0.0, Avg:  0.0, Max:  0.0, Diff:  0.0, Sum:  0.0, Workers: 4
[107.440s][debug][gc,phases      ] GC(113)     Dead                           Min: 0, Avg:  0.0, Max: 0, Diff: 0, Sum: 0, Workers: 4
[107.440s][debug][gc,phases      ] GC(113)     Total                          Min: 0, Avg:  0.0, Max: 0, Diff: 0, Sum: 0, Workers: 4
[107.440s][debug][gc,phases      ] GC(113)   Weak JFR Old Object Samples    Min:  0.0, Avg:  0.0, Max:  0.0, Diff:  0.0, Sum:  0.0, Workers: 4
[107.440s][debug][gc,phases      ] GC(113)     Dead                           Min: 0, Avg:  0.0, Max: 0, Diff: 0, Sum: 0, Workers: 4
[107.440s][debug][gc,phases      ] GC(113)     Total                          Min: 0, Avg:  0.0, Max: 0, Diff: 0, Sum: 0, Workers: 4
[107.440s][debug][gc,phases      ] GC(113) Weak Processing 0.301ms
[107.440s][debug][gc,age         ] GC(113) Desired survivor size 97517568 bytes, new threshold 15 (max threshold 15)
[107.440s][info ][gc,heap        ] GC(113) PSYoungGen: 1978872K(1978880K)->65696K(2001920K) Eden: 1908736K(1908736K)->0K(1906176K) From: 70136K(70144K)->65696K(95744K)
[107.440s][info ][gc,heap        ] GC(113) ParOldGen: 496930K(614400K)->496954K(614400K)
[107.440s][info ][gc,metaspace   ] GC(113) Metaspace: 80436K(81280K)->80436K(81280K) NonClass: 69030K(69440K)->69030K(69440K) Class: 11406K(11840K)->11406K(11840K)
[107.440s][info ][gc             ] GC(113) Pause Young (Allocation Failure) 2417M->549M(2555M) 12.953ms
[107.440s][info ][gc,cpu         ] GC(113) User=0.05s Sys=0.00s Real=0.01s
[107.440s][info ][safepoint      ] Safepoint "ParallelGCFailedAllocation", Time since last: 65846568 ns, Reaching safepoint: 26901 ns, At safepoint: 13031732 ns, Total: 13058633 ns
[108.441s][info ][safepoint      ] Safepoint "Cleanup", Time since last: 1000087349 ns, Reaching safepoint: 49500 ns, At safepoint: 6001 ns, Total: 55501 ns
[109.441s][info ][safepoint      ] Safepoint "Cleanup", Time since last: 1000112446 ns, Reaching safepoint: 51001 ns, At safepoint: 12200 ns, Total: 63201 ns
[111.441s][info ][safepoint      ] Safepoint "Cleanup", Time since last: 2000168984 ns, Reaching safepoint: 46300 ns, At safepoint: 4200 ns, Total: 50500 ns
[114.441s][info ][safepoint      ] Safepoint "Cleanup", Time since last: 3000196005 ns, Reaching safepoint: 122901 ns, At safepoint: 9900 ns, Total: 132801 ns
[115.442s][info ][safepoint      ] Safepoint "Cleanup", Time since last: 1000122130 ns, Reaching safepoint: 58201 ns, At safepoint: 7900 ns, Total: 66101 ns
[116.442s][info ][safepoint      ] Safepoint "Cleanup", Time since last: 1000073526 ns, Reaching safepoint: 63401 ns, At safepoint: 8800 ns, Total: 72201 ns
[117.442s][info ][safepoint      ] Safepoint "Cleanup", Time since last: 1000103724 ns, Reaching safepoint: 46301 ns, At safepoint: 3600 ns, Total: 49901 ns
[119.442s][info ][safepoint      ] Safepoint "Cleanup", Time since last: 2000174440 ns, Reaching safepoint: 61000 ns, At safepoint: 13201 ns, Total: 74201 ns
[120.442s][info ][safepoint      ] Safepoint "Cleanup", Time since last: 1000118016 ns, Reaching safepoint: 55400 ns, At safepoint: 11100 ns, Total: 66500 ns
[121.055s][info ][gc,start       ] GC(114) Pause Young (Allocation Failure)
[121.066s][debug][gc,phases      ] GC(114) Scavenge 10.749ms
[121.066s][debug][gc,ref         ] GC(114) Skipped phase 1 of Reference Processing: no references
[121.066s][debug][gc,ref         ] GC(114) ReferenceProcessor::execute queues: 1, RefProcThreadModel::Single, marks_oops_alive: false
[121.066s][debug][gc,ref         ] GC(114) Skipped phase 3 of Reference Processing: no references
[121.066s][debug][gc,ref         ] GC(114) Skipped phase 4 of Reference Processing: no references
[121.066s][debug][gc,phases      ] GC(114) Reference Processing 0.152ms
[121.066s][debug][gc,phases      ] GC(114)   VM Weak                        Min:  0.0, Avg:  0.0, Max:  0.0, Diff:  0.0, Sum:  0.0, Workers: 4
[121.067s][debug][gc,phases      ] GC(114)     Dead                           Min: 0, Avg:  0.0, Max: 0, Diff: 0, Sum: 0, Workers: 4
[121.067s][debug][gc,phases      ] GC(114)     Total                          Min: 0, Avg: 164.2, Max: 657, Diff: 657, Sum: 657, Workers: 4
[121.067s][debug][gc,phases      ] GC(114)   ObjectSynchronizer Weak        Min:  0.0, Avg:  0.0, Max:  0.0, Diff:  0.0, Sum:  0.0, Workers: 4
[121.067s][debug][gc,phases      ] GC(114)     Dead                           Min: 0, Avg:  0.0, Max: 0, Diff: 0, Sum: 0, Workers: 4
[121.067s][debug][gc,phases      ] GC(114)     Total                          Min: 0, Avg: 87.0, Max: 192, Diff: 192, Sum: 348, Workers: 4
[121.067s][debug][gc,phases      ] GC(114)   JVMTI Tag Weak OopStorage      Min:  0.0, Avg:  0.0, Max:  0.0, Diff:  0.0, Sum:  0.0, Workers: 4
[121.067s][debug][gc,phases      ] GC(114)     Dead                           Min: 0, Avg:  0.0, Max: 0, Diff: 0, Sum: 0, Workers: 4
[121.067s][debug][gc,phases      ] GC(114)     Total                          Min: 0, Avg:  0.0, Max: 0, Diff: 0, Sum: 0, Workers: 4
[121.067s][debug][gc,phases      ] GC(114)   StringTable Weak               Min:  0.1, Avg:  0.1, Max:  0.1, Diff:  0.0, Sum:  0.4, Workers: 4
[121.067s][debug][gc,phases      ] GC(114)     Dead                           Min: 0, Avg:  0.0, Max: 0, Diff: 0, Sum: 0, Workers: 4
[121.067s][debug][gc,phases      ] GC(114)     Total                          Min: 8960, Avg: 11854.5, Max: 14714, Diff: 5754, Sum: 47418, Workers: 4
[121.067s][debug][gc,phases      ] GC(114)   ResolvedMethodTable Weak       Min:  0.0, Avg:  0.0, Max:  0.0, Diff:  0.0, Sum:  0.1, Workers: 4
[121.067s][debug][gc,phases      ] GC(114)     Dead                           Min: 0, Avg:  0.2, Max: 1, Diff: 1, Sum: 1, Workers: 4
[121.067s][debug][gc,phases      ] GC(114)     Total                          Min: 1600, Avg: 2028.5, Max: 2559, Diff: 959, Sum: 8114, Workers: 4
[121.067s][debug][gc,phases      ] GC(114)   JNI Weak                       Min:  0.0, Avg:  0.0, Max:  0.0, Diff:  0.0, Sum:  0.0, Workers: 4
[121.067s][debug][gc,phases      ] GC(114)     Dead                           Min: 0, Avg:  0.0, Max: 0, Diff: 0, Sum: 0, Workers: 4
[121.067s][debug][gc,phases      ] GC(114)     Total                          Min: 0, Avg:  0.0, Max: 0, Diff: 0, Sum: 0, Workers: 4
[121.067s][debug][gc,phases      ] GC(114)   StringDedup Table Weak         Min:  0.0, Avg:  0.0, Max:  0.0, Diff:  0.0, Sum:  0.0, Workers: 4
[121.067s][debug][gc,phases      ] GC(114)     Dead                           Min: 0, Avg:  0.0, Max: 0, Diff: 0, Sum: 0, Workers: 4
[121.067s][debug][gc,phases      ] GC(114)     Total                          Min: 0, Avg:  0.0, Max: 0, Diff: 0, Sum: 0, Workers: 4
[121.067s][debug][gc,phases      ] GC(114)   StringDedup Requests0 Weak     Min:  0.0, Avg:  0.0, Max:  0.0, Diff:  0.0, Sum:  0.0, Workers: 4
[121.067s][debug][gc,phases      ] GC(114)     Dead                           Min: 0, Avg:  0.0, Max: 0, Diff: 0, Sum: 0, Workers: 4
[121.067s][debug][gc,phases      ] GC(114)     Total                          Min: 0, Avg:  0.0, Max: 0, Diff: 0, Sum: 0, Workers: 4
[121.067s][debug][gc,phases      ] GC(114)   StringDedup Requests1 Weak     Min:  0.0, Avg:  0.0, Max:  0.0, Diff:  0.0, Sum:  0.0, Workers: 4
[121.067s][debug][gc,phases      ] GC(114)     Dead                           Min: 0, Avg:  0.0, Max: 0, Diff: 0, Sum: 0, Workers: 4
[121.067s][debug][gc,phases      ] GC(114)     Total                          Min: 0, Avg:  0.0, Max: 0, Diff: 0, Sum: 0, Workers: 4
[121.067s][debug][gc,phases      ] GC(114)   Weak JFR Old Object Samples    Min:  0.0, Avg:  0.0, Max:  0.0, Diff:  0.0, Sum:  0.0, Workers: 4
[121.067s][debug][gc,phases      ] GC(114)     Dead                           Min: 0, Avg:  0.0, Max: 0, Diff: 0, Sum: 0, Workers: 4
[121.067s][debug][gc,phases      ] GC(114)     Total                          Min: 0, Avg:  0.0, Max: 0, Diff: 0, Sum: 0, Workers: 4
[121.067s][debug][gc,phases      ] GC(114) Weak Processing 0.376ms
[121.067s][debug][gc,age         ] GC(114) Desired survivor size 96468992 bytes, new threshold 15 (max threshold 15)
[121.067s][info ][gc,heap        ] GC(114) PSYoungGen: 1971872K(2001920K)->65800K(2001408K) Eden: 1906176K(1906176K)->0K(1906176K) From: 65696K(95744K)->65800K(95232K)
[121.067s][info ][gc,heap        ] GC(114) ParOldGen: 496954K(614400K)->496978K(614400K)
[121.067s][info ][gc,metaspace   ] GC(114) Metaspace: 80472K(81344K)->80472K(81344K) NonClass: 69065K(69504K)->69065K(69504K) Class: 11406K(11840K)->11406K(11840K)
[121.067s][info ][gc             ] GC(114) Pause Young (Allocation Failure) 2410M->549M(2554M) 11.418ms
[121.067s][info ][gc,cpu         ] GC(114) User=0.04s Sys=0.00s Real=0.01s
[121.067s][info ][safepoint      ] Safepoint "ParallelGCFailedAllocation", Time since last: 612963399 ns, Reaching safepoint: 48601 ns, At safepoint: 11516316 ns, Total: 11564917 ns
[122.067s][info ][safepoint      ] Safepoint "Cleanup", Time since last: 1000092212 ns, Reaching safepoint: 49100 ns, At safepoint: 7100 ns, Total: 56200 ns
[124.067s][info ][safepoint      ] Safepoint "Cleanup", Time since last: 2000167715 ns, Reaching safepoint: 43300 ns, At safepoint: 3900 ns, Total: 47200 ns
[125.067s][info ][safepoint      ] Safepoint "Cleanup", Time since last: 1000094704 ns, Reaching safepoint: 56800 ns, At safepoint: 7300 ns, Total: 64100 ns
[126.068s][info ][safepoint      ] Safepoint "Cleanup", Time since last: 1000101701 ns, Reaching safepoint: 60401 ns, At safepoint: 6900 ns, Total: 67301 ns
[127.068s][info ][safepoint      ] Safepoint "Cleanup", Time since last: 1000082498 ns, Reaching safepoint: 43400 ns, At safepoint: 2500 ns, Total: 45900 ns
[128.068s][info ][safepoint      ] Safepoint "Cleanup", Time since last: 1000104395 ns, Reaching safepoint: 48101 ns, At safepoint: 10100 ns, Total: 58201 ns
[129.068s][info ][safepoint      ] Safepoint "Cleanup", Time since last: 1000110493 ns, Reaching safepoint: 49100 ns, At safepoint: 3400 ns, Total: 52500 ns
[130.068s][info ][safepoint      ] Safepoint "Cleanup", Time since last: 1000104390 ns, Reaching safepoint: 55401 ns, At safepoint: 3500 ns, Total: 58901 ns
[131.068s][info ][safepoint      ] Safepoint "Cleanup", Time since last: 1000103387 ns, Reaching safepoint: 48201 ns, At safepoint: 3200 ns, Total: 51401 ns
[132.068s][info ][safepoint      ] Safepoint "Cleanup", Time since last: 1000110084 ns, Reaching safepoint: 47901 ns, At safepoint: 4400 ns, Total: 52301 ns
[133.069s][info ][safepoint      ] Safepoint "Cleanup", Time since last: 1000082282 ns, Reaching safepoint: 111801 ns, At safepoint: 8100 ns, Total: 119901 ns
[134.059s][info ][gc,start       ] GC(115) Pause Young (Allocation Failure)
[134.072s][debug][gc,phases      ] GC(115) Scavenge 13.438ms
[134.072s][debug][gc,ref         ] GC(115) Skipped phase 1 of Reference Processing: no references
[134.072s][debug][gc,ref         ] GC(115) ReferenceProcessor::execute queues: 1, RefProcThreadModel::Single, marks_oops_alive: false
[134.072s][debug][gc,ref         ] GC(115) Skipped phase 3 of Reference Processing: no references
[134.072s][debug][gc,ref         ] GC(115) Skipped phase 4 of Reference Processing: no references
[134.072s][debug][gc,phases      ] GC(115) Reference Processing 0.123ms
[134.072s][debug][gc,phases      ] GC(115)   VM Weak                        Min:  0.0, Avg:  0.0, Max:  0.0, Diff:  0.0, Sum:  0.0, Workers: 4
[134.072s][debug][gc,phases      ] GC(115)     Dead                           Min: 0, Avg:  0.0, Max: 0, Diff: 0, Sum: 0, Workers: 4
[134.072s][debug][gc,phases      ] GC(115)     Total                          Min: 0, Avg: 164.2, Max: 657, Diff: 657, Sum: 657, Workers: 4
[134.072s][debug][gc,phases      ] GC(115)   ObjectSynchronizer Weak        Min:  0.0, Avg:  0.0, Max:  0.0, Diff:  0.0, Sum:  0.0, Workers: 4
[134.073s][debug][gc,phases      ] GC(115)     Dead                           Min: 0, Avg:  0.0, Max: 0, Diff: 0, Sum: 0, Workers: 4
[134.073s][debug][gc,phases      ] GC(115)     Total                          Min: 0, Avg: 87.0, Max: 156, Diff: 156, Sum: 348, Workers: 4
[134.073s][debug][gc,phases      ] GC(115)   JVMTI Tag Weak OopStorage      Min:  0.0, Avg:  0.0, Max:  0.0, Diff:  0.0, Sum:  0.0, Workers: 4
[134.073s][debug][gc,phases      ] GC(115)     Dead                           Min: 0, Avg:  0.0, Max: 0, Diff: 0, Sum: 0, Workers: 4
[134.073s][debug][gc,phases      ] GC(115)     Total                          Min: 0, Avg:  0.0, Max: 0, Diff: 0, Sum: 0, Workers: 4
[134.073s][debug][gc,phases      ] GC(115)   StringTable Weak               Min:  0.1, Avg:  0.1, Max:  0.1, Diff:  0.0, Sum:  0.4, Workers: 4
[134.073s][debug][gc,phases      ] GC(115)     Dead                           Min: 0, Avg:  0.0, Max: 0, Diff: 0, Sum: 0, Workers: 4
[134.073s][debug][gc,phases      ] GC(115)     Total                          Min: 10426, Avg: 11870.5, Max: 14656, Diff: 4230, Sum: 47482, Workers: 4
[134.073s][debug][gc,phases      ] GC(115)   ResolvedMethodTable Weak       Min:  0.0, Avg:  0.0, Max:  0.0, Diff:  0.0, Sum:  0.1, Workers: 4
[134.073s][debug][gc,phases      ] GC(115)     Dead                           Min: 0, Avg:  0.0, Max: 0, Diff: 0, Sum: 0, Workers: 4
[134.073s][debug][gc,phases      ] GC(115)     Total                          Min: 1664, Avg: 2028.5, Max: 2547, Diff: 883, Sum: 8114, Workers: 4
[134.073s][debug][gc,phases      ] GC(115)   JNI Weak                       Min:  0.0, Avg:  0.0, Max:  0.0, Diff:  0.0, Sum:  0.0, Workers: 4
[134.073s][debug][gc,phases      ] GC(115)     Dead                           Min: 0, Avg:  0.0, Max: 0, Diff: 0, Sum: 0, Workers: 4
[134.073s][debug][gc,phases      ] GC(115)     Total                          Min: 0, Avg:  0.0, Max: 0, Diff: 0, Sum: 0, Workers: 4
[134.073s][debug][gc,phases      ] GC(115)   StringDedup Table Weak         Min:  0.0, Avg:  0.0, Max:  0.0, Diff:  0.0, Sum:  0.0, Workers: 4
[134.073s][debug][gc,phases      ] GC(115)     Dead                           Min: 0, Avg:  0.0, Max: 0, Diff: 0, Sum: 0, Workers: 4
[134.073s][debug][gc,phases      ] GC(115)     Total                          Min: 0, Avg:  0.0, Max: 0, Diff: 0, Sum: 0, Workers: 4
[134.073s][debug][gc,phases      ] GC(115)   StringDedup Requests0 Weak     Min:  0.0, Avg:  0.0, Max:  0.0, Diff:  0.0, Sum:  0.0, Workers: 4
[134.073s][debug][gc,phases      ] GC(115)     Dead                           Min: 0, Avg:  0.0, Max: 0, Diff: 0, Sum: 0, Workers: 4
[134.073s][debug][gc,phases      ] GC(115)     Total                          Min: 0, Avg:  0.0, Max: 0, Diff: 0, Sum: 0, Workers: 4
[134.073s][debug][gc,phases      ] GC(115)   StringDedup Requests1 Weak     Min:  0.0, Avg:  0.0, Max:  0.0, Diff:  0.0, Sum:  0.0, Workers: 4
[134.073s][debug][gc,phases      ] GC(115)     Dead                           Min: 0, Avg:  0.0, Max: 0, Diff: 0, Sum: 0, Workers: 4
[134.073s][debug][gc,phases      ] GC(115)     Total                          Min: 0, Avg:  0.0, Max: 0, Diff: 0, Sum: 0, Workers: 4
[134.073s][debug][gc,phases      ] GC(115)   Weak JFR Old Object Samples    Min:  0.0, Avg:  0.0, Max:  0.0, Diff:  0.0, Sum:  0.0, Workers: 4
[134.073s][debug][gc,phases      ] GC(115)     Dead                           Min: 0, Avg:  0.0, Max: 0, Diff: 0, Sum: 0, Workers: 4
[134.073s][debug][gc,phases      ] GC(115)     Total                          Min: 0, Avg:  0.0, Max: 0, Diff: 0, Sum: 0, Workers: 4
[134.073s][debug][gc,phases      ] GC(115) Weak Processing 0.303ms
[134.073s][debug][gc,age         ] GC(115) Desired survivor size 96468992 bytes, new threshold 15 (max threshold 15)
[134.073s][info ][gc,heap        ] GC(115) PSYoungGen: 1971976K(2001408K)->67872K(2002944K) Eden: 1906176K(1906176K)->0K(1908736K) From: 65800K(95232K)->67872K(94208K)
[134.073s][info ][gc,heap        ] GC(115) ParOldGen: 496978K(614400K)->497138K(614400K)
[134.073s][info ][gc,metaspace   ] GC(115) Metaspace: 80548K(81408K)->80548K(81408K) NonClass: 69142K(69568K)->69142K(69568K) Class: 11406K(11840K)->11406K(11840K)
[134.073s][info ][gc             ] GC(115) Pause Young (Allocation Failure) 2411M->551M(2556M) 13.997ms
[134.073s][info ][gc,cpu         ] GC(115) User=0.06s Sys=0.00s Real=0.02s
[134.073s][info ][safepoint      ] Safepoint "ParallelGCFailedAllocation", Time since last: 989912276 ns, Reaching safepoint: 65101 ns, At safepoint: 14080642 ns, Total: 14145743 ns
[135.073s][info ][safepoint      ] Safepoint "Cleanup", Time since last: 1000093177 ns, Reaching safepoint: 101001 ns, At safepoint: 6600 ns, Total: 107601 ns
[136.073s][info ][safepoint      ] Safepoint "Cleanup", Time since last: 1000102274 ns, Reaching safepoint: 57700 ns, At safepoint: 6600 ns, Total: 64300 ns
[137.073s][info ][safepoint      ] Safepoint "Cleanup", Time since last: 1000102672 ns, Reaching safepoint: 48700 ns, At safepoint: 9000 ns, Total: 57700 ns
[138.073s][info ][safepoint      ] Safepoint "Cleanup", Time since last: 1000105469 ns, Reaching safepoint: 53600 ns, At safepoint: 8900 ns, Total: 62500 ns
[139.074s][info ][safepoint      ] Safepoint "Cleanup", Time since last: 1000106867 ns, Reaching safepoint: 48300 ns, At safepoint: 3000 ns, Total: 51300 ns
[140.074s][info ][safepoint      ] Safepoint "Cleanup", Time since last: 1000103263 ns, Reaching safepoint: 76701 ns, At safepoint: 10200 ns, Total: 86901 ns
[141.074s][info ][safepoint      ] Safepoint "Cleanup", Time since last: 1000095361 ns, Reaching safepoint: 47201 ns, At safepoint: 9600 ns, Total: 56801 ns
[142.154s][info ][safepoint      ] Safepoint "Cleanup", Time since last: 1079535356 ns, Reaching safepoint: 151202 ns, At safepoint: 10200 ns, Total: 161402 ns
[143.154s][info ][safepoint      ] Safepoint "Cleanup", Time since last: 1000077855 ns, Reaching safepoint: 125401 ns, At safepoint: 12001 ns, Total: 137402 ns
[144.154s][info ][safepoint      ] Safepoint "Cleanup", Time since last: 1000103952 ns, Reaching safepoint: 136002 ns, At safepoint: 9500 ns, Total: 145502 ns
[144.505s][info ][gc,start       ] GC(116) Pause Young (Allocation Failure)
[144.515s][debug][gc,phases      ] GC(116) Scavenge 9.971ms
[144.515s][debug][gc,ref         ] GC(116) Skipped phase 1 of Reference Processing: no references
[144.515s][debug][gc,ref         ] GC(116) ReferenceProcessor::execute queues: 1, RefProcThreadModel::Single, marks_oops_alive: false
[144.515s][debug][gc,ref         ] GC(116) Skipped phase 3 of Reference Processing: no references
[144.515s][debug][gc,ref         ] GC(116) ReferenceProcessor::execute queues: 1, RefProcThreadModel::Single, marks_oops_alive: false
[144.515s][debug][gc,phases      ] GC(116) Reference Processing 0.112ms
[144.516s][debug][gc,phases      ] GC(116)   VM Weak                        Min:  0.0, Avg:  0.0, Max:  0.0, Diff:  0.0, Sum:  0.0, Workers: 4
[144.516s][debug][gc,phases      ] GC(116)     Dead                           Min: 0, Avg:  0.0, Max: 0, Diff: 0, Sum: 0, Workers: 4
[144.516s][debug][gc,phases      ] GC(116)     Total                          Min: 0, Avg: 164.2, Max: 657, Diff: 657, Sum: 657, Workers: 4
[144.516s][debug][gc,phases      ] GC(116)   ObjectSynchronizer Weak        Min:  0.0, Avg:  0.0, Max:  0.0, Diff:  0.0, Sum:  0.0, Workers: 4
[144.516s][debug][gc,phases      ] GC(116)     Dead                           Min: 0, Avg:  0.0, Max: 0, Diff: 0, Sum: 0, Workers: 4
[144.516s][debug][gc,phases      ] GC(116)     Total                          Min: 0, Avg: 87.0, Max: 348, Diff: 348, Sum: 348, Workers: 4
[144.516s][debug][gc,phases      ] GC(116)   JVMTI Tag Weak OopStorage      Min:  0.0, Avg:  0.0, Max:  0.0, Diff:  0.0, Sum:  0.0, Workers: 4
[144.516s][debug][gc,phases      ] GC(116)     Dead                           Min: 0, Avg:  0.0, Max: 0, Diff: 0, Sum: 0, Workers: 4
[144.516s][debug][gc,phases      ] GC(116)     Total                          Min: 0, Avg:  0.0, Max: 0, Diff: 0, Sum: 0, Workers: 4
[144.516s][debug][gc,phases      ] GC(116)   StringTable Weak               Min:  0.1, Avg:  0.1, Max:  0.1, Diff:  0.0, Sum:  0.4, Workers: 4
[144.516s][debug][gc,phases      ] GC(116)     Dead                           Min: 0, Avg:  0.5, Max: 2, Diff: 2, Sum: 2, Workers: 4
[144.516s][debug][gc,phases      ] GC(116)     Total                          Min: 9856, Avg: 11879.0, Max: 14044, Diff: 4188, Sum: 47516, Workers: 4
[144.516s][debug][gc,phases      ] GC(116)   ResolvedMethodTable Weak       Min:  0.0, Avg:  0.0, Max:  0.0, Diff:  0.0, Sum:  0.1, Workers: 4
[144.516s][debug][gc,phases      ] GC(116)     Dead                           Min: 0, Avg:  0.0, Max: 0, Diff: 0, Sum: 0, Workers: 4
[144.516s][debug][gc,phases      ] GC(116)     Total                          Min: 1588, Avg: 2029.0, Max: 2624, Diff: 1036, Sum: 8116, Workers: 4
[144.516s][debug][gc,phases      ] GC(116)   JNI Weak                       Min:  0.0, Avg:  0.0, Max:  0.0, Diff:  0.0, Sum:  0.0, Workers: 4
[144.516s][debug][gc,phases      ] GC(116)     Dead                           Min: 0, Avg:  0.0, Max: 0, Diff: 0, Sum: 0, Workers: 4
[144.516s][debug][gc,phases      ] GC(116)     Total                          Min: 0, Avg:  0.0, Max: 0, Diff: 0, Sum: 0, Workers: 4
[144.516s][debug][gc,phases      ] GC(116)   StringDedup Table Weak         Min:  0.0, Avg:  0.0, Max:  0.0, Diff:  0.0, Sum:  0.0, Workers: 4
[144.516s][debug][gc,phases      ] GC(116)     Dead                           Min: 0, Avg:  0.0, Max: 0, Diff: 0, Sum: 0, Workers: 4
[144.516s][debug][gc,phases      ] GC(116)     Total                          Min: 0, Avg:  0.0, Max: 0, Diff: 0, Sum: 0, Workers: 4
[144.516s][debug][gc,phases      ] GC(116)   StringDedup Requests0 Weak     Min:  0.0, Avg:  0.0, Max:  0.0, Diff:  0.0, Sum:  0.0, Workers: 4
[144.516s][debug][gc,phases      ] GC(116)     Dead                           Min: 0, Avg:  0.0, Max: 0, Diff: 0, Sum: 0, Workers: 4
[144.516s][debug][gc,phases      ] GC(116)     Total                          Min: 0, Avg:  0.0, Max: 0, Diff: 0, Sum: 0, Workers: 4
[144.516s][debug][gc,phases      ] GC(116)   StringDedup Requests1 Weak     Min:  0.0, Avg:  0.0, Max:  0.0, Diff:  0.0, Sum:  0.0, Workers: 4
[144.516s][debug][gc,phases      ] GC(116)     Dead                           Min: 0, Avg:  0.0, Max: 0, Diff: 0, Sum: 0, Workers: 4
[144.516s][debug][gc,phases      ] GC(116)     Total                          Min: 0, Avg:  0.0, Max: 0, Diff: 0, Sum: 0, Workers: 4
[144.516s][debug][gc,phases      ] GC(116)   Weak JFR Old Object Samples    Min:  0.0, Avg:  0.0, Max:  0.0, Diff:  0.0, Sum:  0.0, Workers: 4
[144.516s][debug][gc,phases      ] GC(116)     Dead                           Min: 0, Avg:  0.0, Max: 0, Diff: 0, Sum: 0, Workers: 4
[144.516s][debug][gc,phases      ] GC(116)     Total                          Min: 0, Avg:  0.0, Max: 0, Diff: 0, Sum: 0, Workers: 4
[144.516s][debug][gc,phases      ] GC(116) Weak Processing 0.283ms
[144.516s][debug][gc,age         ] GC(116) Desired survivor size 93323264 bytes, new threshold 15 (max threshold 15)
[144.516s][info ][gc,heap        ] GC(116) PSYoungGen: 1976608K(2002944K)->61144K(2002944K) Eden: 1908736K(1908736K)->0K(1908736K) From: 67872K(94208K)->61144K(94208K)
[144.516s][info ][gc,heap        ] GC(116) ParOldGen: 497138K(614400K)->498026K(614400K)
[144.516s][info ][gc,metaspace   ] GC(116) Metaspace: 80633K(81536K)->80633K(81536K) NonClass: 69224K(69696K)->69224K(69696K) Class: 11408K(11840K)->11408K(11840K)
[144.516s][info ][gc             ] GC(116) Pause Young (Allocation Failure) 2415M->546M(2556M) 10.532ms
[144.516s][info ][gc,cpu         ] GC(116) User=0.03s Sys=0.01s Real=0.01s
[144.516s][info ][safepoint      ] Safepoint "ParallelGCFailedAllocation", Time since last: 351015727 ns, Reaching safepoint: 32201 ns, At safepoint: 10606306 ns, Total: 10638507 ns
[145.516s][info ][safepoint      ] Safepoint "Cleanup", Time since last: 1000080849 ns, Reaching safepoint: 44501 ns, At safepoint: 2900 ns, Total: 47401 ns
[146.516s][info ][safepoint      ] Safepoint "Cleanup", Time since last: 1000101046 ns, Reaching safepoint: 57301 ns, At safepoint: 6900 ns, Total: 64201 ns
[147.516s][info ][safepoint      ] Safepoint "Cleanup", Time since last: 1000105844 ns, Reaching safepoint: 62501 ns, At safepoint: 9800 ns, Total: 72301 ns
[148.516s][info ][safepoint      ] Safepoint "Cleanup", Time since last: 1000103341 ns, Reaching safepoint: 58301 ns, At safepoint: 4800 ns, Total: 63101 ns
[149.517s][info ][safepoint      ] Safepoint "Cleanup", Time since last: 1000107839 ns, Reaching safepoint: 56000 ns, At safepoint: 8200 ns, Total: 64200 ns
[150.925s][info ][safepoint      ] Safepoint "Cleanup", Time since last: 1408035730 ns, Reaching safepoint: 95501 ns, At safepoint: 6700 ns, Total: 102201 ns
[151.925s][info ][safepoint      ] Safepoint "Cleanup", Time since last: 1000100132 ns, Reaching safepoint: 85701 ns, At safepoint: 6500 ns, Total: 92201 ns
[152.925s][info ][safepoint      ] Safepoint "Cleanup", Time since last: 1000098230 ns, Reaching safepoint: 84101 ns, At safepoint: 7400 ns, Total: 91501 ns
[153.925s][info ][safepoint      ] Safepoint "Cleanup", Time since last: 1000100328 ns, Reaching safepoint: 44700 ns, At safepoint: 4800 ns, Total: 49500 ns
[153.995s][info ][gc,start       ] GC(117) Pause Young (Allocation Failure)
[154.007s][debug][gc,phases      ] GC(117) Scavenge 11.532ms
[154.007s][debug][gc,ref         ] GC(117) Skipped phase 1 of Reference Processing: no references
[154.007s][debug][gc,ref         ] GC(117) ReferenceProcessor::execute queues: 1, RefProcThreadModel::Single, marks_oops_alive: false
[154.007s][debug][gc,ref         ] GC(117) Skipped phase 3 of Reference Processing: no references
[154.007s][debug][gc,ref         ] GC(117) ReferenceProcessor::execute queues: 1, RefProcThreadModel::Single, marks_oops_alive: false
[154.007s][debug][gc,phases      ] GC(117) Reference Processing 0.112ms
[154.007s][debug][gc,phases      ] GC(117)   VM Weak                        Min:  0.0, Avg:  0.0, Max:  0.0, Diff:  0.0, Sum:  0.0, Workers: 4
[154.007s][debug][gc,phases      ] GC(117)     Dead                           Min: 0, Avg:  0.0, Max: 0, Diff: 0, Sum: 0, Workers: 4
[154.007s][debug][gc,phases      ] GC(117)     Total                          Min: 0, Avg: 164.2, Max: 657, Diff: 657, Sum: 657, Workers: 4
[154.007s][debug][gc,phases      ] GC(117)   ObjectSynchronizer Weak        Min:  0.0, Avg:  0.0, Max:  0.0, Diff:  0.0, Sum:  0.0, Workers: 4
[154.007s][debug][gc,phases      ] GC(117)     Dead                           Min: 0, Avg:  0.0, Max: 0, Diff: 0, Sum: 0, Workers: 4
[154.007s][debug][gc,phases      ] GC(117)     Total                          Min: 0, Avg: 87.0, Max: 220, Diff: 220, Sum: 348, Workers: 4
[154.007s][debug][gc,phases      ] GC(117)   JVMTI Tag Weak OopStorage      Min:  0.0, Avg:  0.0, Max:  0.0, Diff:  0.0, Sum:  0.0, Workers: 4
[154.007s][debug][gc,phases      ] GC(117)     Dead                           Min: 0, Avg:  0.0, Max: 0, Diff: 0, Sum: 0, Workers: 4
[154.007s][debug][gc,phases      ] GC(117)     Total                          Min: 0, Avg:  0.0, Max: 0, Diff: 0, Sum: 0, Workers: 4
[154.007s][debug][gc,phases      ] GC(117)   StringTable Weak               Min:  0.1, Avg:  0.1, Max:  0.1, Diff:  0.0, Sum:  0.4, Workers: 4
[154.007s][debug][gc,phases      ] GC(117)     Dead                           Min: 0, Avg:  0.0, Max: 0, Diff: 0, Sum: 0, Workers: 4
[154.007s][debug][gc,phases      ] GC(117)     Total                          Min: 9408, Avg: 11902.0, Max: 14400, Diff: 4992, Sum: 47608, Workers: 4
[154.007s][debug][gc,phases      ] GC(117)   ResolvedMethodTable Weak       Min:  0.0, Avg:  0.0, Max:  0.0, Diff:  0.0, Sum:  0.1, Workers: 4
[154.007s][debug][gc,phases      ] GC(117)     Dead                           Min: 0, Avg:  0.0, Max: 0, Diff: 0, Sum: 0, Workers: 4
[154.007s][debug][gc,phases      ] GC(117)     Total                          Min: 1664, Avg: 2031.0, Max: 2751, Diff: 1087, Sum: 8124, Workers: 4
[154.007s][debug][gc,phases      ] GC(117)   JNI Weak                       Min:  0.0, Avg:  0.0, Max:  0.0, Diff:  0.0, Sum:  0.0, Workers: 4
[154.007s][debug][gc,phases      ] GC(117)     Dead                           Min: 0, Avg:  0.0, Max: 0, Diff: 0, Sum: 0, Workers: 4
[154.007s][debug][gc,phases      ] GC(117)     Total                          Min: 0, Avg:  0.0, Max: 0, Diff: 0, Sum: 0, Workers: 4
[154.007s][debug][gc,phases      ] GC(117)   StringDedup Table Weak         Min:  0.0, Avg:  0.0, Max:  0.0, Diff:  0.0, Sum:  0.0, Workers: 4
[154.007s][debug][gc,phases      ] GC(117)     Dead                           Min: 0, Avg:  0.0, Max: 0, Diff: 0, Sum: 0, Workers: 4
[154.007s][debug][gc,phases      ] GC(117)     Total                          Min: 0, Avg:  0.0, Max: 0, Diff: 0, Sum: 0, Workers: 4
[154.007s][debug][gc,phases      ] GC(117)   StringDedup Requests0 Weak     Min:  0.0, Avg:  0.0, Max:  0.0, Diff:  0.0, Sum:  0.0, Workers: 4
[154.007s][debug][gc,phases      ] GC(117)     Dead                           Min: 0, Avg:  0.0, Max: 0, Diff: 0, Sum: 0, Workers: 4
[154.007s][debug][gc,phases      ] GC(117)     Total                          Min: 0, Avg:  0.0, Max: 0, Diff: 0, Sum: 0, Workers: 4
[154.007s][debug][gc,phases      ] GC(117)   StringDedup Requests1 Weak     Min:  0.0, Avg:  0.0, Max:  0.0, Diff:  0.0, Sum:  0.0, Workers: 4
[154.007s][debug][gc,phases      ] GC(117)     Dead                           Min: 0, Avg:  0.0, Max: 0, Diff: 0, Sum: 0, Workers: 4
[154.007s][debug][gc,phases      ] GC(117)     Total                          Min: 0, Avg:  0.0, Max: 0, Diff: 0, Sum: 0, Workers: 4
[154.007s][debug][gc,phases      ] GC(117)   Weak JFR Old Object Samples    Min:  0.0, Avg:  0.0, Max:  0.0, Diff:  0.0, Sum:  0.0, Workers: 4
[154.007s][debug][gc,phases      ] GC(117)     Dead                           Min: 0, Avg:  0.0, Max: 0, Diff: 0, Sum: 0, Workers: 4
[154.007s][debug][gc,phases      ] GC(117)     Total                          Min: 0, Avg:  0.0, Max: 0, Diff: 0, Sum: 0, Workers: 4
[154.007s][debug][gc,phases      ] GC(117) Weak Processing 0.285ms
[154.007s][debug][gc,age         ] GC(117) Desired survivor size 90701824 bytes, new threshold 15 (max threshold 15)
[154.007s][info ][gc,heap        ] GC(117) PSYoungGen: 1969880K(2002944K)->57441K(2008576K) Eden: 1908736K(1908736K)->0K(1917440K) From: 61144K(94208K)->57441K(91136K)
[154.007s][info ][gc,heap        ] GC(117) ParOldGen: 498026K(614400K)->498218K(614400K)
[154.007s][info ][gc,metaspace   ] GC(117) Metaspace: 80740K(81600K)->80740K(81600K) NonClass: 69326K(69760K)->69326K(69760K) Class: 11414K(11840K)->11414K(11840K)
[154.007s][info ][gc             ] GC(117) Pause Young (Allocation Failure) 2410M->542M(2561M) 12.044ms
[154.007s][info ][gc,cpu         ] GC(117) User=0.05s Sys=0.00s Real=0.01s
[154.007s][info ][safepoint      ] Safepoint "ParallelGCFailedAllocation", Time since last: 69748499 ns, Reaching safepoint: 98701 ns, At safepoint: 12129222 ns, Total: 12227923 ns
[155.007s][info ][safepoint      ] Safepoint "Cleanup", Time since last: 1000095925 ns, Reaching safepoint: 113501 ns, At safepoint: 8700 ns, Total: 122201 ns
[156.008s][info ][safepoint      ] Safepoint "Cleanup", Time since last: 1000102322 ns, Reaching safepoint: 116401 ns, At safepoint: 10400 ns, Total: 126801 ns
[157.008s][info ][safepoint      ] Safepoint "Cleanup", Time since last: 1000115020 ns, Reaching safepoint: 129001 ns, At safepoint: 11100 ns, Total: 140101 ns
[158.008s][info ][safepoint      ] Safepoint "Cleanup", Time since last: 1000109818 ns, Reaching safepoint: 136801 ns, At safepoint: 13000 ns, Total: 149801 ns
[159.963s][info ][safepoint      ] Safepoint "Cleanup", Time since last: 1954829173 ns, Reaching safepoint: 203002 ns, At safepoint: 13500 ns, Total: 216502 ns
[161.952s][info ][safepoint      ] Safepoint "Cleanup", Time since last: 1988156196 ns, Reaching safepoint: 189002 ns, At safepoint: 10000 ns, Total: 199002 ns
[162.952s][info ][safepoint      ] Safepoint "Cleanup", Time since last: 1000094104 ns, Reaching safepoint: 62201 ns, At safepoint: 10300 ns, Total: 72501 ns
[163.952s][info ][safepoint      ] Safepoint "Cleanup", Time since last: 1000088402 ns, Reaching safepoint: 119501 ns, At safepoint: 8600 ns, Total: 128101 ns
[164.110s][info ][gc,start       ] GC(118) Pause Young (Allocation Failure)
[164.119s][debug][gc,phases      ] GC(118) Scavenge 9.114ms
[164.119s][debug][gc,ref         ] GC(118) Skipped phase 1 of Reference Processing: no references
[164.119s][debug][gc,ref         ] GC(118) ReferenceProcessor::execute queues: 1, RefProcThreadModel::Single, marks_oops_alive: false
[164.119s][debug][gc,ref         ] GC(118) Skipped phase 3 of Reference Processing: no references
[164.119s][debug][gc,ref         ] GC(118) ReferenceProcessor::execute queues: 1, RefProcThreadModel::Single, marks_oops_alive: false
[164.119s][debug][gc,phases      ] GC(118) Reference Processing 0.122ms
[164.119s][debug][gc,phases      ] GC(118)   VM Weak                        Min:  0.0, Avg:  0.0, Max:  0.0, Diff:  0.0, Sum:  0.0, Workers: 4
[164.119s][debug][gc,phases      ] GC(118)     Dead                           Min: 0, Avg:  0.0, Max: 0, Diff: 0, Sum: 0, Workers: 4
[164.119s][debug][gc,phases      ] GC(118)     Total                          Min: 0, Avg: 165.0, Max: 660, Diff: 660, Sum: 660, Workers: 4
[164.119s][debug][gc,phases      ] GC(118)   ObjectSynchronizer Weak        Min:  0.0, Avg:  0.0, Max:  0.0, Diff:  0.0, Sum:  0.0, Workers: 4
[164.119s][debug][gc,phases      ] GC(118)     Dead                           Min: 0, Avg:  0.0, Max: 0, Diff: 0, Sum: 0, Workers: 4
[164.119s][debug][gc,phases      ] GC(118)     Total                          Min: 0, Avg: 87.0, Max: 348, Diff: 348, Sum: 348, Workers: 4
[164.119s][debug][gc,phases      ] GC(118)   JVMTI Tag Weak OopStorage      Min:  0.0, Avg:  0.0, Max:  0.0, Diff:  0.0, Sum:  0.0, Workers: 4
[164.119s][debug][gc,phases      ] GC(118)     Dead                           Min: 0, Avg:  0.0, Max: 0, Diff: 0, Sum: 0, Workers: 4
[164.119s][debug][gc,phases      ] GC(118)     Total                          Min: 0, Avg:  0.0, Max: 0, Diff: 0, Sum: 0, Workers: 4
[164.119s][debug][gc,phases      ] GC(118)   StringTable Weak               Min:  0.1, Avg:  0.1, Max:  0.1, Diff:  0.0, Sum:  0.4, Workers: 4
[164.119s][debug][gc,phases      ] GC(118)     Dead                           Min: 0, Avg:  0.2, Max: 1, Diff: 1, Sum: 1, Workers: 4
[164.119s][debug][gc,phases      ] GC(118)     Total                          Min: 8256, Avg: 11922.8, Max: 13760, Diff: 5504, Sum: 47691, Workers: 4
[164.119s][debug][gc,phases      ] GC(118)   ResolvedMethodTable Weak       Min:  0.0, Avg:  0.0, Max:  0.0, Diff:  0.0, Sum:  0.1, Workers: 4
[164.119s][debug][gc,phases      ] GC(118)     Dead                           Min: 1, Avg:  4.5, Max: 13, Diff: 12, Sum: 18, Workers: 4
[164.119s][debug][gc,phases      ] GC(118)     Total                          Min: 1728, Avg: 2045.0, Max: 2240, Diff: 512, Sum: 8180, Workers: 4
[164.119s][debug][gc,phases      ] GC(118)   JNI Weak                       Min:  0.0, Avg:  0.0, Max:  0.0, Diff:  0.0, Sum:  0.0, Workers: 4
[164.119s][debug][gc,phases      ] GC(118)     Dead                           Min: 0, Avg:  0.0, Max: 0, Diff: 0, Sum: 0, Workers: 4
[164.119s][debug][gc,phases      ] GC(118)     Total                          Min: 0, Avg:  0.0, Max: 0, Diff: 0, Sum: 0, Workers: 4
[164.119s][debug][gc,phases      ] GC(118)   StringDedup Table Weak         Min:  0.0, Avg:  0.0, Max:  0.0, Diff:  0.0, Sum:  0.0, Workers: 4
[164.119s][debug][gc,phases      ] GC(118)     Dead                           Min: 0, Avg:  0.0, Max: 0, Diff: 0, Sum: 0, Workers: 4
[164.119s][debug][gc,phases      ] GC(118)     Total                          Min: 0, Avg:  0.0, Max: 0, Diff: 0, Sum: 0, Workers: 4
[164.119s][debug][gc,phases      ] GC(118)   StringDedup Requests0 Weak     Min:  0.0, Avg:  0.0, Max:  0.0, Diff:  0.0, Sum:  0.0, Workers: 4
[164.119s][debug][gc,phases      ] GC(118)     Dead                           Min: 0, Avg:  0.0, Max: 0, Diff: 0, Sum: 0, Workers: 4
[164.119s][debug][gc,phases      ] GC(118)     Total                          Min: 0, Avg:  0.0, Max: 0, Diff: 0, Sum: 0, Workers: 4
[164.119s][debug][gc,phases      ] GC(118)   StringDedup Requests1 Weak     Min:  0.0, Avg:  0.0, Max:  0.0, Diff:  0.0, Sum:  0.0, Workers: 4
[164.119s][debug][gc,phases      ] GC(118)     Dead                           Min: 0, Avg:  0.0, Max: 0, Diff: 0, Sum: 0, Workers: 4
[164.119s][debug][gc,phases      ] GC(118)     Total                          Min: 0, Avg:  0.0, Max: 0, Diff: 0, Sum: 0, Workers: 4
[164.119s][debug][gc,phases      ] GC(118)   Weak JFR Old Object Samples    Min:  0.0, Avg:  0.0, Max:  0.0, Diff:  0.0, Sum:  0.0, Workers: 4
[164.119s][debug][gc,phases      ] GC(118)     Dead                           Min: 0, Avg:  0.0, Max: 0, Diff: 0, Sum: 0, Workers: 4
[164.119s][debug][gc,phases      ] GC(118)     Total                          Min: 0, Avg:  0.0, Max: 0, Diff: 0, Sum: 0, Workers: 4
[164.119s][debug][gc,phases      ] GC(118) Weak Processing 0.287ms
[164.119s][debug][gc,age         ] GC(118) Desired survivor size 88604672 bytes, new threshold 15 (max threshold 15)
[164.119s][info ][gc,heap        ] GC(118) PSYoungGen: 1974881K(2008576K)->55160K(2006016K) Eden: 1917440K(1917440K)->0K(1917440K) From: 57441K(91136K)->55160K(88576K)
[164.119s][info ][gc,heap        ] GC(118) ParOldGen: 498218K(614400K)->498490K(614400K)
[164.119s][info ][gc,metaspace   ] GC(118) Metaspace: 81082K(81920K)->81082K(81920K) NonClass: 69628K(70080K)->69628K(70080K) Class: 11454K(11840K)->11454K(11840K)
[164.119s][info ][gc             ] GC(118) Pause Young (Allocation Failure) 2415M->540M(2559M) 9.650ms
[164.119s][info ][gc,cpu         ] GC(118) User=0.04s Sys=0.00s Real=0.00s
[164.119s][info ][safepoint      ] Safepoint "ParallelGCFailedAllocation", Time since last: 157501675 ns, Reaching safepoint: 95401 ns, At safepoint: 9730297 ns, Total: 9825698 ns
[165.119s][info ][safepoint      ] Safepoint "Cleanup", Time since last: 1000082799 ns, Reaching safepoint: 49501 ns, At safepoint: 4000 ns, Total: 53501 ns
[166.120s][info ][safepoint      ] Safepoint "Cleanup", Time since last: 1000106197 ns, Reaching safepoint: 177301 ns, At safepoint: 14601 ns, Total: 191902 ns
[167.120s][info ][safepoint      ] Safepoint "Cleanup", Time since last: 1000108494 ns, Reaching safepoint: 140501 ns, At safepoint: 14100 ns, Total: 154601 ns
[167.357s][info ][gc,start       ] GC(119) Pause Young (Allocation Failure)
[167.367s][debug][gc,phases      ] GC(119) Scavenge 9.819ms
[167.367s][debug][gc,ref         ] GC(119) Skipped phase 1 of Reference Processing: no references
[167.367s][debug][gc,ref         ] GC(119) ReferenceProcessor::execute queues: 1, RefProcThreadModel::Single, marks_oops_alive: false
[167.367s][debug][gc,ref         ] GC(119) Skipped phase 3 of Reference Processing: no references
[167.367s][debug][gc,ref         ] GC(119) ReferenceProcessor::execute queues: 1, RefProcThreadModel::Single, marks_oops_alive: false
[167.367s][debug][gc,phases      ] GC(119) Reference Processing 0.122ms
[167.368s][debug][gc,phases      ] GC(119)   VM Weak                        Min:  0.0, Avg:  0.0, Max:  0.0, Diff:  0.0, Sum:  0.0, Workers: 4
[167.368s][debug][gc,phases      ] GC(119)     Dead                           Min: 0, Avg:  0.0, Max: 0, Diff: 0, Sum: 0, Workers: 4
[167.368s][debug][gc,phases      ] GC(119)     Total                          Min: 0, Avg: 166.8, Max: 576, Diff: 576, Sum: 667, Workers: 4
[167.368s][debug][gc,phases      ] GC(119)   ObjectSynchronizer Weak        Min:  0.0, Avg:  0.0, Max:  0.0, Diff:  0.0, Sum:  0.0, Workers: 4
[167.368s][debug][gc,phases      ] GC(119)     Dead                           Min: 0, Avg:  0.0, Max: 0, Diff: 0, Sum: 0, Workers: 4
[167.368s][debug][gc,phases      ] GC(119)     Total                          Min: 0, Avg: 87.0, Max: 128, Diff: 128, Sum: 348, Workers: 4
[167.368s][debug][gc,phases      ] GC(119)   JVMTI Tag Weak OopStorage      Min:  0.0, Avg:  0.0, Max:  0.0, Diff:  0.0, Sum:  0.0, Workers: 4
[167.368s][debug][gc,phases      ] GC(119)     Dead                           Min: 0, Avg:  0.0, Max: 0, Diff: 0, Sum: 0, Workers: 4
[167.368s][debug][gc,phases      ] GC(119)     Total                          Min: 0, Avg:  0.0, Max: 0, Diff: 0, Sum: 0, Workers: 4
[167.368s][debug][gc,phases      ] GC(119)   StringTable Weak               Min:  0.1, Avg:  0.1, Max:  0.1, Diff:  0.0, Sum:  0.3, Workers: 4
[167.368s][debug][gc,phases      ] GC(119)     Dead                           Min: 0, Avg:  0.5, Max: 2, Diff: 2, Sum: 2, Workers: 4
[167.368s][debug][gc,phases      ] GC(119)     Total                          Min: 9152, Avg: 11928.0, Max: 13504, Diff: 4352, Sum: 47712, Workers: 4
[167.368s][debug][gc,phases      ] GC(119)   ResolvedMethodTable Weak       Min:  0.0, Avg:  0.0, Max:  0.0, Diff:  0.0, Sum:  0.1, Workers: 4
[167.368s][debug][gc,phases      ] GC(119)     Dead                           Min: 0, Avg:  0.0, Max: 0, Diff: 0, Sum: 0, Workers: 4
[167.368s][debug][gc,phases      ] GC(119)     Total                          Min: 1685, Avg: 2053.2, Max: 2304, Diff: 619, Sum: 8213, Workers: 4
[167.368s][debug][gc,phases      ] GC(119)   JNI Weak                       Min:  0.0, Avg:  0.0, Max:  0.0, Diff:  0.0, Sum:  0.0, Workers: 4
[167.368s][debug][gc,phases      ] GC(119)     Dead                           Min: 0, Avg:  0.0, Max: 0, Diff: 0, Sum: 0, Workers: 4
[167.368s][debug][gc,phases      ] GC(119)     Total                          Min: 0, Avg:  0.0, Max: 0, Diff: 0, Sum: 0, Workers: 4
[167.368s][debug][gc,phases      ] GC(119)   StringDedup Table Weak         Min:  0.0, Avg:  0.0, Max:  0.0, Diff:  0.0, Sum:  0.0, Workers: 4
[167.368s][debug][gc,phases      ] GC(119)     Dead                           Min: 0, Avg:  0.0, Max: 0, Diff: 0, Sum: 0, Workers: 4
[167.368s][debug][gc,phases      ] GC(119)     Total                          Min: 0, Avg:  0.0, Max: 0, Diff: 0, Sum: 0, Workers: 4
[167.368s][debug][gc,phases      ] GC(119)   StringDedup Requests0 Weak     Min:  0.0, Avg:  0.0, Max:  0.0, Diff:  0.0, Sum:  0.0, Workers: 4
[167.368s][debug][gc,phases      ] GC(119)     Dead                           Min: 0, Avg:  0.0, Max: 0, Diff: 0, Sum: 0, Workers: 4
[167.368s][debug][gc,phases      ] GC(119)     Total                          Min: 0, Avg:  0.0, Max: 0, Diff: 0, Sum: 0, Workers: 4
[167.368s][debug][gc,phases      ] GC(119)   StringDedup Requests1 Weak     Min:  0.0, Avg:  0.0, Max:  0.0, Diff:  0.0, Sum:  0.0, Workers: 4
[167.368s][debug][gc,phases      ] GC(119)     Dead                           Min: 0, Avg:  0.0, Max: 0, Diff: 0, Sum: 0, Workers: 4
[167.368s][debug][gc,phases      ] GC(119)     Total                          Min: 0, Avg:  0.0, Max: 0, Diff: 0, Sum: 0, Workers: 4
[167.368s][debug][gc,phases      ] GC(119)   Weak JFR Old Object Samples    Min:  0.0, Avg:  0.0, Max:  0.0, Diff:  0.0, Sum:  0.0, Workers: 4
[167.368s][debug][gc,phases      ] GC(119)     Dead                           Min: 0, Avg:  0.0, Max: 0, Diff: 0, Sum: 0, Workers: 4
[167.368s][debug][gc,phases      ] GC(119)     Total                          Min: 0, Avg:  0.0, Max: 0, Diff: 0, Sum: 0, Workers: 4
[167.368s][debug][gc,phases      ] GC(119) Weak Processing 0.276ms
[167.368s][debug][gc,age         ] GC(119) Desired survivor size 86507520 bytes, new threshold 15 (max threshold 15)
[167.368s][info ][gc,heap        ] GC(119) PSYoungGen: 1972600K(2006016K)->55176K(2012672K) Eden: 1917440K(1917440K)->0K(1926144K) From: 55160K(88576K)->55176K(86528K)
[167.368s][info ][gc,heap        ] GC(119) ParOldGen: 498490K(614400K)->498618K(614400K)
[167.368s][info ][gc,metaspace   ] GC(119) Metaspace: 81240K(82112K)->81240K(82112K) NonClass: 69766K(70208K)->69766K(70208K) Class: 11473K(11904K)->11473K(11904K)
[167.368s][info ][gc             ] GC(119) Pause Young (Allocation Failure) 2413M->540M(2565M) 10.356ms
[167.368s][info ][gc,cpu         ] GC(119) User=0.05s Sys=0.00s Real=0.02s
[167.368s][info ][safepoint      ] Safepoint "ParallelGCFailedAllocation", Time since last: 237348372 ns, Reaching safepoint: 108501 ns, At safepoint: 10439704 ns, Total: 10548205 ns
[168.368s][info ][safepoint      ] Safepoint "Cleanup", Time since last: 1000087191 ns, Reaching safepoint: 55901 ns, At safepoint: 9400 ns, Total: 65301 ns
[169.368s][info ][safepoint      ] Safepoint "Cleanup", Time since last: 1000095988 ns, Reaching safepoint: 47901 ns, At safepoint: 2900 ns, Total: 50801 ns
[170.368s][info ][safepoint      ] Safepoint "Cleanup", Time since last: 1000100886 ns, Reaching safepoint: 50000 ns, At safepoint: 3600 ns, Total: 53600 ns
[171.368s][info ][safepoint      ] Safepoint "Cleanup", Time since last: 1000106984 ns, Reaching safepoint: 62101 ns, At safepoint: 12600 ns, Total: 74701 ns
[173.174s][info ][safepoint      ] Safepoint "Cleanup", Time since last: 1804929811 ns, Reaching safepoint: 100401 ns, At safepoint: 10301 ns, Total: 110702 ns
[174.174s][info ][safepoint      ] Safepoint "Cleanup", Time since last: 1000110176 ns, Reaching safepoint: 48601 ns, At safepoint: 9400 ns, Total: 58001 ns
[175.174s][info ][safepoint      ] Safepoint "Cleanup", Time since last: 1000123674 ns, Reaching safepoint: 70201 ns, At safepoint: 12800 ns, Total: 83001 ns
[176.174s][info ][safepoint      ] Safepoint "Cleanup", Time since last: 1000106572 ns, Reaching safepoint: 59801 ns, At safepoint: 9700 ns, Total: 69501 ns
[177.174s][info ][safepoint      ] Safepoint "Cleanup", Time since last: 1000112969 ns, Reaching safepoint: 57601 ns, At safepoint: 12200 ns, Total: 69801 ns
[177.865s][info ][gc,start       ] GC(120) Pause Young (Allocation Failure)
[177.877s][debug][gc,phases      ] GC(120) Scavenge 12.016ms
[177.877s][debug][gc,ref         ] GC(120) Skipped phase 1 of Reference Processing: no references
[177.877s][debug][gc,ref         ] GC(120) ReferenceProcessor::execute queues: 1, RefProcThreadModel::Single, marks_oops_alive: false
[177.877s][debug][gc,ref         ] GC(120) ReferenceProcessor::execute queues: 4, RefProcThreadModel::Multi, marks_oops_alive: true
[177.877s][debug][gc,ref         ] GC(120) ReferenceProcessor::execute queues: 1, RefProcThreadModel::Single, marks_oops_alive: false
[177.877s][debug][gc,phases      ] GC(120) Reference Processing 0.169ms
[177.877s][debug][gc,phases      ] GC(120)   VM Weak                        Min:  0.0, Avg:  0.0, Max:  0.0, Diff:  0.0, Sum:  0.0, Workers: 4
[177.877s][debug][gc,phases      ] GC(120)     Dead                           Min: 0, Avg:  0.0, Max: 0, Diff: 0, Sum: 0, Workers: 4
[177.877s][debug][gc,phases      ] GC(120)     Total                          Min: 0, Avg: 166.8, Max: 411, Diff: 411, Sum: 667, Workers: 4
[177.877s][debug][gc,phases      ] GC(120)   ObjectSynchronizer Weak        Min:  0.0, Avg:  0.0, Max:  0.0, Diff:  0.0, Sum:  0.0, Workers: 4
[177.877s][debug][gc,phases      ] GC(120)     Dead                           Min: 0, Avg:  0.0, Max: 0, Diff: 0, Sum: 0, Workers: 4
[177.877s][debug][gc,phases      ] GC(120)     Total                          Min: 0, Avg: 87.0, Max: 156, Diff: 156, Sum: 348, Workers: 4
[177.877s][debug][gc,phases      ] GC(120)   JVMTI Tag Weak OopStorage      Min:  0.0, Avg:  0.0, Max:  0.0, Diff:  0.0, Sum:  0.0, Workers: 4
[177.877s][debug][gc,phases      ] GC(120)     Dead                           Min: 0, Avg:  0.0, Max: 0, Diff: 0, Sum: 0, Workers: 4
[177.877s][debug][gc,phases      ] GC(120)     Total                          Min: 0, Avg:  0.0, Max: 0, Diff: 0, Sum: 0, Workers: 4
[177.877s][debug][gc,phases      ] GC(120)   StringTable Weak               Min:  0.1, Avg:  0.1, Max:  0.1, Diff:  0.0, Sum:  0.5, Workers: 4
[177.877s][debug][gc,phases      ] GC(120)     Dead                           Min: 0, Avg:  0.0, Max: 0, Diff: 0, Sum: 0, Workers: 4
[177.877s][debug][gc,phases      ] GC(120)     Total                          Min: 11061, Avg: 11933.2, Max: 12480, Diff: 1419, Sum: 47733, Workers: 4
[177.877s][debug][gc,phases      ] GC(120)   ResolvedMethodTable Weak       Min:  0.0, Avg:  0.0, Max:  0.0, Diff:  0.0, Sum:  0.1, Workers: 4
[177.877s][debug][gc,phases      ] GC(120)     Dead                           Min: 0, Avg:  0.0, Max: 0, Diff: 0, Sum: 0, Workers: 4
[177.877s][debug][gc,phases      ] GC(120)     Total                          Min: 1890, Avg: 1979.0, Max: 2174, Diff: 284, Sum: 7916, Workers: 4
[177.877s][debug][gc,phases      ] GC(120)   JNI Weak                       Min:  0.0, Avg:  0.0, Max:  0.0, Diff:  0.0, Sum:  0.0, Workers: 4
[177.877s][debug][gc,phases      ] GC(120)     Dead                           Min: 0, Avg:  0.0, Max: 0, Diff: 0, Sum: 0, Workers: 4
[177.877s][debug][gc,phases      ] GC(120)     Total                          Min: 0, Avg:  0.0, Max: 0, Diff: 0, Sum: 0, Workers: 4
[177.877s][debug][gc,phases      ] GC(120)   StringDedup Table Weak         Min:  0.0, Avg:  0.0, Max:  0.0, Diff:  0.0, Sum:  0.0, Workers: 4
[177.877s][debug][gc,phases      ] GC(120)     Dead                           Min: 0, Avg:  0.0, Max: 0, Diff: 0, Sum: 0, Workers: 4
[177.877s][debug][gc,phases      ] GC(120)     Total                          Min: 0, Avg:  0.0, Max: 0, Diff: 0, Sum: 0, Workers: 4
[177.877s][debug][gc,phases      ] GC(120)   StringDedup Requests0 Weak     Min:  0.0, Avg:  0.0, Max:  0.0, Diff:  0.0, Sum:  0.0, Workers: 4
[177.877s][debug][gc,phases      ] GC(120)     Dead                           Min: 0, Avg:  0.0, Max: 0, Diff: 0, Sum: 0, Workers: 4
[177.877s][debug][gc,phases      ] GC(120)     Total                          Min: 0, Avg:  0.0, Max: 0, Diff: 0, Sum: 0, Workers: 4
[177.877s][debug][gc,phases      ] GC(120)   StringDedup Requests1 Weak     Min:  0.0, Avg:  0.0, Max:  0.0, Diff:  0.0, Sum:  0.0, Workers: 4
[177.877s][debug][gc,phases      ] GC(120)     Dead                           Min: 0, Avg:  0.0, Max: 0, Diff: 0, Sum: 0, Workers: 4
[177.877s][debug][gc,phases      ] GC(120)     Total                          Min: 0, Avg:  0.0, Max: 0, Diff: 0, Sum: 0, Workers: 4
[177.877s][debug][gc,phases      ] GC(120)   Weak JFR Old Object Samples    Min:  0.0, Avg:  0.0, Max:  0.0, Diff:  0.0, Sum:  0.0, Workers: 4
[177.878s][debug][gc,phases      ] GC(120)     Dead                           Min: 0, Avg:  0.0, Max: 0, Diff: 0, Sum: 0, Workers: 4
[177.878s][debug][gc,phases      ] GC(120)     Total                          Min: 0, Avg:  0.0, Max: 0, Diff: 0, Sum: 0, Workers: 4
[177.878s][debug][gc,phases      ] GC(120) Weak Processing 0.305ms
[177.878s][debug][gc,age         ] GC(120) Desired survivor size 84410368 bytes, new threshold 15 (max threshold 15)
[177.878s][info ][gc,heap        ] GC(120) PSYoungGen: 1981320K(2012672K)->54960K(2010624K) Eden: 1926144K(1926144K)->0K(1926144K) From: 55176K(86528K)->54960K(84480K)
[177.878s][info ][gc,heap        ] GC(120) ParOldGen: 498618K(614400K)->498866K(614400K)
[177.878s][info ][gc,metaspace   ] GC(120) Metaspace: 81316K(82176K)->81316K(82176K) NonClass: 69842K(70272K)->69842K(70272K) Class: 11474K(11904K)->11474K(11904K)
[177.878s][info ][gc             ] GC(120) Pause Young (Allocation Failure) 2421M->540M(2563M) 12.610ms
[177.878s][info ][gc,cpu         ] GC(120) User=0.05s Sys=0.00s Real=0.01s
[177.878s][info ][safepoint      ] Safepoint "ParallelGCFailedAllocation", Time since last: 690604183 ns, Reaching safepoint: 51800 ns, At safepoint: 12698027 ns, Total: 12749827 ns
[178.878s][info ][safepoint      ] Safepoint "Cleanup", Time since last: 1000099765 ns, Reaching safepoint: 56001 ns, At safepoint: 5900 ns, Total: 61901 ns
[179.878s][info ][safepoint      ] Safepoint "Cleanup", Time since last: 1000103062 ns, Reaching safepoint: 129702 ns, At safepoint: 5900 ns, Total: 135602 ns
[180.878s][info ][safepoint      ] Safepoint "Cleanup", Time since last: 1000095560 ns, Reaching safepoint: 66401 ns, At safepoint: 6300 ns, Total: 72701 ns
[181.878s][info ][safepoint      ] Safepoint "Cleanup", Time since last: 1000108058 ns, Reaching safepoint: 48600 ns, At safepoint: 11300 ns, Total: 59900 ns
[182.878s][info ][safepoint      ] Safepoint "Cleanup", Time since last: 1000100056 ns, Reaching safepoint: 49700 ns, At safepoint: 7200 ns, Total: 56900 ns
[183.879s][info ][safepoint      ] Safepoint "Cleanup", Time since last: 1000106653 ns, Reaching safepoint: 45401 ns, At safepoint: 4600 ns, Total: 50001 ns
[184.879s][info ][safepoint      ] Safepoint "Cleanup", Time since last: 1000052750 ns, Reaching safepoint: 41501 ns, At safepoint: 3100 ns, Total: 44601 ns
[185.879s][info ][safepoint      ] Safepoint "Cleanup", Time since last: 1000104948 ns, Reaching safepoint: 62400 ns, At safepoint: 5901 ns, Total: 68301 ns
[186.458s][info ][gc,start       ] GC(121) Pause Young (Allocation Failure)
[186.471s][debug][gc,phases      ] GC(121) Scavenge 13.214ms
[186.471s][debug][gc,ref         ] GC(121) Skipped phase 1 of Reference Processing: no references
[186.471s][debug][gc,ref         ] GC(121) ReferenceProcessor::execute queues: 1, RefProcThreadModel::Single, marks_oops_alive: false
[186.471s][debug][gc,ref         ] GC(121) Skipped phase 3 of Reference Processing: no references
[186.471s][debug][gc,ref         ] GC(121) Skipped phase 4 of Reference Processing: no references
[186.471s][debug][gc,phases      ] GC(121) Reference Processing 0.126ms
[186.472s][debug][gc,phases      ] GC(121)   VM Weak                        Min:  0.0, Avg:  0.0, Max:  0.0, Diff:  0.0, Sum:  0.0, Workers: 4
[186.472s][debug][gc,phases      ] GC(121)     Dead                           Min: 0, Avg:  0.0, Max: 0, Diff: 0, Sum: 0, Workers: 4
[186.472s][debug][gc,phases      ] GC(121)     Total                          Min: 0, Avg: 166.8, Max: 640, Diff: 640, Sum: 667, Workers: 4
[186.472s][debug][gc,phases      ] GC(121)   ObjectSynchronizer Weak        Min:  0.0, Avg:  0.0, Max:  0.0, Diff:  0.0, Sum:  0.0, Workers: 4
[186.472s][debug][gc,phases      ] GC(121)     Dead                           Min: 0, Avg:  0.0, Max: 0, Diff: 0, Sum: 0, Workers: 4
[186.472s][debug][gc,phases      ] GC(121)     Total                          Min: 0, Avg: 87.0, Max: 192, Diff: 192, Sum: 348, Workers: 4
[186.472s][debug][gc,phases      ] GC(121)   JVMTI Tag Weak OopStorage      Min:  0.0, Avg:  0.0, Max:  0.0, Diff:  0.0, Sum:  0.0, Workers: 4
[186.472s][debug][gc,phases      ] GC(121)     Dead                           Min: 0, Avg:  0.0, Max: 0, Diff: 0, Sum: 0, Workers: 4
[186.472s][debug][gc,phases      ] GC(121)     Total                          Min: 0, Avg:  0.0, Max: 0, Diff: 0, Sum: 0, Workers: 4
[186.472s][debug][gc,phases      ] GC(121)   StringTable Weak               Min:  0.1, Avg:  0.1, Max:  0.1, Diff:  0.0, Sum:  0.4, Workers: 4
[186.472s][debug][gc,phases      ] GC(121)     Dead                           Min: 0, Avg:  0.0, Max: 0, Diff: 0, Sum: 0, Workers: 4
[186.472s][debug][gc,phases      ] GC(121)     Total                          Min: 11072, Avg: 11941.8, Max: 14231, Diff: 3159, Sum: 47767, Workers: 4
[186.472s][debug][gc,phases      ] GC(121)   ResolvedMethodTable Weak       Min:  0.0, Avg:  0.0, Max:  0.0, Diff:  0.0, Sum:  0.1, Workers: 4
[186.472s][debug][gc,phases      ] GC(121)     Dead                           Min: 0, Avg:  0.0, Max: 0, Diff: 0, Sum: 0, Workers: 4
[186.472s][debug][gc,phases      ] GC(121)     Total                          Min: 1759, Avg: 1979.0, Max: 2313, Diff: 554, Sum: 7916, Workers: 4
[186.472s][debug][gc,phases      ] GC(121)   JNI Weak                       Min:  0.0, Avg:  0.0, Max:  0.0, Diff:  0.0, Sum:  0.0, Workers: 4
[186.472s][debug][gc,phases      ] GC(121)     Dead                           Min: 0, Avg:  0.0, Max: 0, Diff: 0, Sum: 0, Workers: 4
[186.472s][debug][gc,phases      ] GC(121)     Total                          Min: 0, Avg:  0.0, Max: 0, Diff: 0, Sum: 0, Workers: 4
[186.472s][debug][gc,phases      ] GC(121)   StringDedup Table Weak         Min:  0.0, Avg:  0.0, Max:  0.0, Diff:  0.0, Sum:  0.0, Workers: 4
[186.472s][debug][gc,phases      ] GC(121)     Dead                           Min: 0, Avg:  0.0, Max: 0, Diff: 0, Sum: 0, Workers: 4
[186.472s][debug][gc,phases      ] GC(121)     Total                          Min: 0, Avg:  0.0, Max: 0, Diff: 0, Sum: 0, Workers: 4
[186.472s][debug][gc,phases      ] GC(121)   StringDedup Requests0 Weak     Min:  0.0, Avg:  0.0, Max:  0.0, Diff:  0.0, Sum:  0.0, Workers: 4
[186.472s][debug][gc,phases      ] GC(121)     Dead                           Min: 0, Avg:  0.0, Max: 0, Diff: 0, Sum: 0, Workers: 4
[186.472s][debug][gc,phases      ] GC(121)     Total                          Min: 0, Avg:  0.0, Max: 0, Diff: 0, Sum: 0, Workers: 4
[186.472s][debug][gc,phases      ] GC(121)   StringDedup Requests1 Weak     Min:  0.0, Avg:  0.0, Max:  0.0, Diff:  0.0, Sum:  0.0, Workers: 4
[186.472s][debug][gc,phases      ] GC(121)     Dead                           Min: 0, Avg:  0.0, Max: 0, Diff: 0, Sum: 0, Workers: 4
[186.472s][debug][gc,phases      ] GC(121)     Total                          Min: 0, Avg:  0.0, Max: 0, Diff: 0, Sum: 0, Workers: 4
[186.472s][debug][gc,phases      ] GC(121)   Weak JFR Old Object Samples    Min:  0.0, Avg:  0.0, Max:  0.0, Diff:  0.0, Sum:  0.0, Workers: 4
[186.472s][debug][gc,phases      ] GC(121)     Dead                           Min: 0, Avg:  0.0, Max: 0, Diff: 0, Sum: 0, Workers: 4
[186.472s][debug][gc,phases      ] GC(121)     Total                          Min: 0, Avg:  0.0, Max: 0, Diff: 0, Sum: 0, Workers: 4
[186.472s][debug][gc,phases      ] GC(121) Weak Processing 0.292ms
[186.472s][debug][gc,age         ] GC(121) Desired survivor size 85983232 bytes, new threshold 15 (max threshold 15)
[186.472s][info ][gc,heap        ] GC(121) PSYoungGen: 1981104K(2010624K)->37136K(2011648K) Eden: 1926144K(1926144K)->0K(1929216K) From: 54960K(84480K)->37136K(82432K)
[186.472s][info ][gc,heap        ] GC(121) ParOldGen: 498866K(614400K)->518602K(614400K)
[186.472s][info ][gc,metaspace   ] GC(121) Metaspace: 81476K(82368K)->81476K(82368K) NonClass: 70000K(70464K)->70000K(70464K) Class: 11475K(11904K)->11475K(11904K)
[186.472s][info ][gc             ] GC(121) Pause Young (Allocation Failure) 2421M->542M(2564M) 13.754ms
[186.472s][info ][gc,cpu         ] GC(121) User=0.03s Sys=0.02s Real=0.02s
[186.472s][info ][safepoint      ] Safepoint "ParallelGCFailedAllocation", Time since last: 578979257 ns, Reaching safepoint: 54201 ns, At safepoint: 13833038 ns, Total: 13887239 ns
[187.472s][info ][safepoint      ] Safepoint "Cleanup", Time since last: 1000083344 ns, Reaching safepoint: 159701 ns, At safepoint: 11800 ns, Total: 171501 ns
[188.472s][info ][safepoint      ] Safepoint "Cleanup", Time since last: 1000100743 ns, Reaching safepoint: 52000 ns, At safepoint: 8800 ns, Total: 60800 ns
[189.472s][info ][safepoint      ] Safepoint "Cleanup", Time since last: 1000096440 ns, Reaching safepoint: 67600 ns, At safepoint: 7800 ns, Total: 75400 ns
[190.473s][info ][safepoint      ] Safepoint "Cleanup", Time since last: 1000106838 ns, Reaching safepoint: 43400 ns, At safepoint: 3600 ns, Total: 47000 ns
[191.473s][info ][safepoint      ] Safepoint "Cleanup", Time since last: 1000109335 ns, Reaching safepoint: 57401 ns, At safepoint: 10400 ns, Total: 67801 ns
[192.473s][info ][safepoint      ] Safepoint "Cleanup", Time since last: 1000108932 ns, Reaching safepoint: 51401 ns, At safepoint: 4900 ns, Total: 56301 ns
[192.512s][info ][gc,start       ] GC(122) Pause Young (Allocation Failure)
[192.523s][debug][gc,phases      ] GC(122) Scavenge 11.175ms
[192.523s][debug][gc,ref         ] GC(122) Skipped phase 1 of Reference Processing: no references
[192.523s][debug][gc,ref         ] GC(122) ReferenceProcessor::execute queues: 1, RefProcThreadModel::Single, marks_oops_alive: false
[192.523s][debug][gc,ref         ] GC(122) Skipped phase 3 of Reference Processing: no references
[192.523s][debug][gc,ref         ] GC(122) Skipped phase 4 of Reference Processing: no references
[192.523s][debug][gc,phases      ] GC(122) Reference Processing 0.133ms
[192.523s][debug][gc,phases      ] GC(122)   VM Weak                        Min:  0.0, Avg:  0.0, Max:  0.0, Diff:  0.0, Sum:  0.0, Workers: 4
[192.523s][debug][gc,phases      ] GC(122)     Dead                           Min: 0, Avg:  0.0, Max: 0, Diff: 0, Sum: 0, Workers: 4
[192.523s][debug][gc,phases      ] GC(122)     Total                          Min: 0, Avg: 166.8, Max: 667, Diff: 667, Sum: 667, Workers: 4
[192.523s][debug][gc,phases      ] GC(122)   ObjectSynchronizer Weak        Min:  0.0, Avg:  0.0, Max:  0.0, Diff:  0.0, Sum:  0.0, Workers: 4
[192.523s][debug][gc,phases      ] GC(122)     Dead                           Min: 0, Avg:  0.0, Max: 0, Diff: 0, Sum: 0, Workers: 4
[192.523s][debug][gc,phases      ] GC(122)     Total                          Min: 0, Avg: 87.0, Max: 348, Diff: 348, Sum: 348, Workers: 4
[192.523s][debug][gc,phases      ] GC(122)   JVMTI Tag Weak OopStorage      Min:  0.0, Avg:  0.0, Max:  0.0, Diff:  0.0, Sum:  0.0, Workers: 4
[192.523s][debug][gc,phases      ] GC(122)     Dead                           Min: 0, Avg:  0.0, Max: 0, Diff: 0, Sum: 0, Workers: 4
[192.523s][debug][gc,phases      ] GC(122)     Total                          Min: 0, Avg:  0.0, Max: 0, Diff: 0, Sum: 0, Workers: 4
[192.523s][debug][gc,phases      ] GC(122)   StringTable Weak               Min:  0.1, Avg:  0.1, Max:  0.1, Diff:  0.0, Sum:  0.5, Workers: 4
[192.523s][debug][gc,phases      ] GC(122)     Dead                           Min: 0, Avg:  0.0, Max: 0, Diff: 0, Sum: 0, Workers: 4
[192.523s][debug][gc,phases      ] GC(122)     Total                          Min: 10496, Avg: 11947.0, Max: 14956, Diff: 4460, Sum: 47788, Workers: 4
[192.523s][debug][gc,phases      ] GC(122)   ResolvedMethodTable Weak       Min:  0.0, Avg:  0.0, Max:  0.0, Diff:  0.0, Sum:  0.1, Workers: 4
[192.523s][debug][gc,phases      ] GC(122)     Dead                           Min: 0, Avg:  0.0, Max: 0, Diff: 0, Sum: 0, Workers: 4
[192.523s][debug][gc,phases      ] GC(122)     Total                          Min: 1885, Avg: 1979.0, Max: 2116, Diff: 231, Sum: 7916, Workers: 4
[192.523s][debug][gc,phases      ] GC(122)   JNI Weak                       Min:  0.0, Avg:  0.0, Max:  0.0, Diff:  0.0, Sum:  0.0, Workers: 4
[192.523s][debug][gc,phases      ] GC(122)     Dead                           Min: 0, Avg:  0.0, Max: 0, Diff: 0, Sum: 0, Workers: 4
[192.523s][debug][gc,phases      ] GC(122)     Total                          Min: 0, Avg:  0.0, Max: 0, Diff: 0, Sum: 0, Workers: 4
[192.523s][debug][gc,phases      ] GC(122)   StringDedup Table Weak         Min:  0.0, Avg:  0.0, Max:  0.0, Diff:  0.0, Sum:  0.0, Workers: 4
[192.523s][debug][gc,phases      ] GC(122)     Dead                           Min: 0, Avg:  0.0, Max: 0, Diff: 0, Sum: 0, Workers: 4
[192.523s][debug][gc,phases      ] GC(122)     Total                          Min: 0, Avg:  0.0, Max: 0, Diff: 0, Sum: 0, Workers: 4
[192.523s][debug][gc,phases      ] GC(122)   StringDedup Requests0 Weak     Min:  0.0, Avg:  0.0, Max:  0.0, Diff:  0.0, Sum:  0.0, Workers: 4
[192.523s][debug][gc,phases      ] GC(122)     Dead                           Min: 0, Avg:  0.0, Max: 0, Diff: 0, Sum: 0, Workers: 4
[192.523s][debug][gc,phases      ] GC(122)     Total                          Min: 0, Avg:  0.0, Max: 0, Diff: 0, Sum: 0, Workers: 4
[192.523s][debug][gc,phases      ] GC(122)   StringDedup Requests1 Weak     Min:  0.0, Avg:  0.0, Max:  0.0, Diff:  0.0, Sum:  0.0, Workers: 4
[192.523s][debug][gc,phases      ] GC(122)     Dead                           Min: 0, Avg:  0.0, Max: 0, Diff: 0, Sum: 0, Workers: 4
[192.523s][debug][gc,phases      ] GC(122)     Total                          Min: 0, Avg:  0.0, Max: 0, Diff: 0, Sum: 0, Workers: 4
[192.523s][debug][gc,phases      ] GC(122)   Weak JFR Old Object Samples    Min:  0.0, Avg:  0.0, Max:  0.0, Diff:  0.0, Sum:  0.0, Workers: 4
[192.524s][debug][gc,phases      ] GC(122)     Dead                           Min: 0, Avg:  0.0, Max: 0, Diff: 0, Sum: 0, Workers: 4
[192.524s][debug][gc,phases      ] GC(122)     Total                          Min: 0, Avg:  0.0, Max: 0, Diff: 0, Sum: 0, Workers: 4
[192.524s][debug][gc,phases      ] GC(122) Weak Processing 0.314ms
[192.524s][debug][gc,age         ] GC(122) Desired survivor size 90177536 bytes, new threshold 15 (max threshold 15)
[192.524s][info ][gc,heap        ] GC(122) PSYoungGen: 1966352K(2011648K)->13952K(1943552K) Eden: 1929216K(1929216K)->0K(1929216K) From: 37136K(82432K)->13952K(14336K)
[192.524s][info ][gc,heap        ] GC(122) ParOldGen: 518602K(614400K)->544354K(614400K)
[192.524s][info ][gc,metaspace   ] GC(122) Metaspace: 81530K(82368K)->81530K(82368K) NonClass: 70054K(70464K)->70054K(70464K) Class: 11476K(11904K)->11476K(11904K)
[192.524s][info ][gc             ] GC(122) Pause Young (Allocation Failure) 2426M->545M(2498M) 11.769ms
[192.524s][info ][gc,cpu         ] GC(122) User=0.02s Sys=0.02s Real=0.01s
[192.524s][info ][safepoint      ] Safepoint "ParallelGCFailedAllocation", Time since last: 38831786 ns, Reaching safepoint: 47800 ns, At safepoint: 11845118 ns, Total: 11892918 ns
[193.524s][info ][safepoint      ] Safepoint "Cleanup", Time since last: 1000085630 ns, Reaching safepoint: 45400 ns, At safepoint: 3500 ns, Total: 48900 ns
[195.256s][info ][safepoint      ] Safepoint "Cleanup", Time since last: 1732579897 ns, Reaching safepoint: 159402 ns, At safepoint: 8500 ns, Total: 167902 ns
[196.257s][info ][safepoint      ] Safepoint "Cleanup", Time since last: 1000097623 ns, Reaching safepoint: 117402 ns, At safepoint: 9200 ns, Total: 126602 ns
[197.257s][info ][safepoint      ] Safepoint "Cleanup", Time since last: 1000099221 ns, Reaching safepoint: 121901 ns, At safepoint: 11900 ns, Total: 133801 ns
[199.257s][info ][safepoint      ] Safepoint "Cleanup", Time since last: 2000174035 ns, Reaching safepoint: 113601 ns, At safepoint: 6401 ns, Total: 120002 ns
[201.103s][info ][safepoint      ] Safepoint "Cleanup", Time since last: 1845543993 ns, Reaching safepoint: 151401 ns, At safepoint: 14301 ns, Total: 165702 ns
[201.910s][info ][gc,start       ] GC(123) Pause Young (Allocation Failure)
[201.916s][debug][gc,phases      ] GC(123) Scavenge 5.182ms
[201.916s][debug][gc,ref         ] GC(123) Skipped phase 1 of Reference Processing: no references
[201.916s][debug][gc,ref         ] GC(123) ReferenceProcessor::execute queues: 1, RefProcThreadModel::Single, marks_oops_alive: false
[201.916s][debug][gc,ref         ] GC(123) Skipped phase 3 of Reference Processing: no references
[201.916s][debug][gc,ref         ] GC(123) ReferenceProcessor::execute queues: 1, RefProcThreadModel::Single, marks_oops_alive: false
[201.916s][debug][gc,phases      ] GC(123) Reference Processing 0.111ms
[201.916s][debug][gc,phases      ] GC(123)   VM Weak                        Min:  0.0, Avg:  0.0, Max:  0.0, Diff:  0.0, Sum:  0.0, Workers: 4
[201.916s][debug][gc,phases      ] GC(123)     Dead                           Min: 0, Avg:  0.0, Max: 0, Diff: 0, Sum: 0, Workers: 4
[201.916s][debug][gc,phases      ] GC(123)     Total                          Min: 0, Avg: 166.8, Max: 667, Diff: 667, Sum: 667, Workers: 4
[201.916s][debug][gc,phases      ] GC(123)   ObjectSynchronizer Weak        Min:  0.0, Avg:  0.0, Max:  0.0, Diff:  0.0, Sum:  0.0, Workers: 4
[201.916s][debug][gc,phases      ] GC(123)     Dead                           Min: 0, Avg:  0.0, Max: 0, Diff: 0, Sum: 0, Workers: 4
[201.916s][debug][gc,phases      ] GC(123)     Total                          Min: 0, Avg: 87.0, Max: 348, Diff: 348, Sum: 348, Workers: 4
[201.916s][debug][gc,phases      ] GC(123)   JVMTI Tag Weak OopStorage      Min:  0.0, Avg:  0.0, Max:  0.0, Diff:  0.0, Sum:  0.0, Workers: 4
[201.916s][debug][gc,phases      ] GC(123)     Dead                           Min: 0, Avg:  0.0, Max: 0, Diff: 0, Sum: 0, Workers: 4
[201.916s][debug][gc,phases      ] GC(123)     Total                          Min: 0, Avg:  0.0, Max: 0, Diff: 0, Sum: 0, Workers: 4
[201.916s][debug][gc,phases      ] GC(123)   StringTable Weak               Min:  0.1, Avg:  0.1, Max:  0.1, Diff:  0.0, Sum:  0.4, Workers: 4
[201.916s][debug][gc,phases      ] GC(123)     Dead                           Min: 0, Avg:  0.2, Max: 1, Diff: 1, Sum: 1, Workers: 4
[201.916s][debug][gc,phases      ] GC(123)     Total                          Min: 3648, Avg: 11952.0, Max: 17537, Diff: 13889, Sum: 47808, Workers: 4
[201.916s][debug][gc,phases      ] GC(123)   ResolvedMethodTable Weak       Min:  0.0, Avg:  0.0, Max:  0.0, Diff:  0.0, Sum:  0.1, Workers: 4
[201.916s][debug][gc,phases      ] GC(123)     Dead                           Min: 0, Avg:  0.0, Max: 0, Diff: 0, Sum: 0, Workers: 4
[201.916s][debug][gc,phases      ] GC(123)     Total                          Min: 1618, Avg: 1979.5, Max: 2334, Diff: 716, Sum: 7918, Workers: 4
[201.916s][debug][gc,phases      ] GC(123)   JNI Weak                       Min:  0.0, Avg:  0.0, Max:  0.0, Diff:  0.0, Sum:  0.0, Workers: 4
[201.916s][debug][gc,phases      ] GC(123)     Dead                           Min: 0, Avg:  0.0, Max: 0, Diff: 0, Sum: 0, Workers: 4
[201.916s][debug][gc,phases      ] GC(123)     Total                          Min: 0, Avg:  0.0, Max: 0, Diff: 0, Sum: 0, Workers: 4
[201.916s][debug][gc,phases      ] GC(123)   StringDedup Table Weak         Min:  0.0, Avg:  0.0, Max:  0.0, Diff:  0.0, Sum:  0.0, Workers: 4
[201.916s][debug][gc,phases      ] GC(123)     Dead                           Min: 0, Avg:  0.0, Max: 0, Diff: 0, Sum: 0, Workers: 4
[201.916s][debug][gc,phases      ] GC(123)     Total                          Min: 0, Avg:  0.0, Max: 0, Diff: 0, Sum: 0, Workers: 4
[201.916s][debug][gc,phases      ] GC(123)   StringDedup Requests0 Weak     Min:  0.0, Avg:  0.0, Max:  0.0, Diff:  0.0, Sum:  0.0, Workers: 4
[201.916s][debug][gc,phases      ] GC(123)     Dead                           Min: 0, Avg:  0.0, Max: 0, Diff: 0, Sum: 0, Workers: 4
[201.916s][debug][gc,phases      ] GC(123)     Total                          Min: 0, Avg:  0.0, Max: 0, Diff: 0, Sum: 0, Workers: 4
[201.916s][debug][gc,phases      ] GC(123)   StringDedup Requests1 Weak     Min:  0.0, Avg:  0.0, Max:  0.0, Diff:  0.0, Sum:  0.0, Workers: 4
[201.916s][debug][gc,phases      ] GC(123)     Dead                           Min: 0, Avg:  0.0, Max: 0, Diff: 0, Sum: 0, Workers: 4
[201.916s][debug][gc,phases      ] GC(123)     Total                          Min: 0, Avg:  0.0, Max: 0, Diff: 0, Sum: 0, Workers: 4
[201.916s][debug][gc,phases      ] GC(123)   Weak JFR Old Object Samples    Min:  0.0, Avg:  0.0, Max:  0.0, Diff:  0.0, Sum:  0.0, Workers: 4
[201.916s][debug][gc,phases      ] GC(123)     Dead                           Min: 0, Avg:  0.0, Max: 0, Diff: 0, Sum: 0, Workers: 4
[201.916s][debug][gc,phases      ] GC(123)     Total                          Min: 0, Avg:  0.0, Max: 0, Diff: 0, Sum: 0, Workers: 4
[201.916s][debug][gc,phases      ] GC(123) Weak Processing 0.289ms
[201.916s][debug][gc,age         ] GC(123) Desired survivor size 93323264 bytes, new threshold 15 (max threshold 15)
[201.916s][info ][gc,heap        ] GC(123) PSYoungGen: 1943168K(1943552K)->13168K(2002944K) Eden: 1929216K(1929216K)->0K(1914880K) From: 13952K(14336K)->13168K(88064K)
[201.916s][info ][gc,heap        ] GC(123) ParOldGen: 544354K(614400K)->544910K(614400K)
[201.916s][info ][gc,metaspace   ] GC(123) Metaspace: 81589K(82496K)->81589K(82496K) NonClass: 70111K(70592K)->70111K(70592K) Class: 11477K(11904K)->11477K(11904K)
[201.916s][info ][gc             ] GC(123) Pause Young (Allocation Failure) 2429M->544M(2556M) 5.698ms
[201.916s][info ][gc,cpu         ] GC(123) User=0.02s Sys=0.00s Real=0.00s
[201.916s][info ][safepoint      ] Safepoint "ParallelGCFailedAllocation", Time since last: 807490701 ns, Reaching safepoint: 30301 ns, At safepoint: 5780557 ns, Total: 5810858 ns
[203.916s][info ][safepoint      ] Safepoint "Cleanup", Time since last: 2000152413 ns, Reaching safepoint: 47600 ns, At safepoint: 11401 ns, Total: 59001 ns
[204.917s][info ][safepoint      ] Safepoint "Cleanup", Time since last: 1000124103 ns, Reaching safepoint: 53601 ns, At safepoint: 7200 ns, Total: 60801 ns
[205.917s][info ][safepoint      ] Safepoint "Cleanup", Time since last: 1000105401 ns, Reaching safepoint: 53300 ns, At safepoint: 6700 ns, Total: 60000 ns
[207.917s][info ][safepoint      ] Safepoint "Cleanup", Time since last: 2000135495 ns, Reaching safepoint: 45800 ns, At safepoint: 5700 ns, Total: 51500 ns
[209.917s][info ][safepoint      ] Safepoint "Cleanup", Time since last: 2000169886 ns, Reaching safepoint: 46000 ns, At safepoint: 6601 ns, Total: 52601 ns
[210.917s][info ][safepoint      ] Safepoint "Cleanup", Time since last: 1000091489 ns, Reaching safepoint: 42600 ns, At safepoint: 3400 ns, Total: 46000 ns
[213.918s][info ][safepoint      ] Safepoint "Cleanup", Time since last: 3000225354 ns, Reaching safepoint: 47801 ns, At safepoint: 7800 ns, Total: 55601 ns
[214.503s][info ][gc,start       ] GC(124) Pause Young (Allocation Failure)
[214.508s][debug][gc,phases      ] GC(124) Scavenge 4.698ms
[214.508s][debug][gc,ref         ] GC(124) Skipped phase 1 of Reference Processing: no references
[214.508s][debug][gc,ref         ] GC(124) ReferenceProcessor::execute queues: 1, RefProcThreadModel::Single, marks_oops_alive: false
[214.508s][debug][gc,ref         ] GC(124) Skipped phase 3 of Reference Processing: no references
[214.508s][debug][gc,ref         ] GC(124) Skipped phase 4 of Reference Processing: no references
[214.508s][debug][gc,phases      ] GC(124) Reference Processing 0.114ms
[214.508s][debug][gc,phases      ] GC(124)   VM Weak                        Min:  0.0, Avg:  0.0, Max:  0.0, Diff:  0.0, Sum:  0.0, Workers: 4
[214.508s][debug][gc,phases      ] GC(124)     Dead                           Min: 0, Avg:  0.0, Max: 0, Diff: 0, Sum: 0, Workers: 4
[214.508s][debug][gc,phases      ] GC(124)     Total                          Min: 0, Avg: 166.8, Max: 667, Diff: 667, Sum: 667, Workers: 4
[214.508s][debug][gc,phases      ] GC(124)   ObjectSynchronizer Weak        Min:  0.0, Avg:  0.0, Max:  0.0, Diff:  0.0, Sum:  0.0, Workers: 4
[214.508s][debug][gc,phases      ] GC(124)     Dead                           Min: 0, Avg:  0.0, Max: 0, Diff: 0, Sum: 0, Workers: 4
[214.508s][debug][gc,phases      ] GC(124)     Total                          Min: 0, Avg: 87.0, Max: 192, Diff: 192, Sum: 348, Workers: 4
[214.508s][debug][gc,phases      ] GC(124)   JVMTI Tag Weak OopStorage      Min:  0.0, Avg:  0.0, Max:  0.0, Diff:  0.0, Sum:  0.0, Workers: 4
[214.508s][debug][gc,phases      ] GC(124)     Dead                           Min: 0, Avg:  0.0, Max: 0, Diff: 0, Sum: 0, Workers: 4
[214.508s][debug][gc,phases      ] GC(124)     Total                          Min: 0, Avg:  0.0, Max: 0, Diff: 0, Sum: 0, Workers: 4
[214.508s][debug][gc,phases      ] GC(124)   StringTable Weak               Min:  0.1, Avg:  0.1, Max:  0.1, Diff:  0.0, Sum:  0.4, Workers: 4
[214.508s][debug][gc,phases      ] GC(124)     Dead                           Min: 0, Avg:  0.0, Max: 0, Diff: 0, Sum: 0, Workers: 4
[214.508s][debug][gc,phases      ] GC(124)     Total                          Min: 9152, Avg: 11952.0, Max: 14784, Diff: 5632, Sum: 47808, Workers: 4
[214.508s][debug][gc,phases      ] GC(124)   ResolvedMethodTable Weak       Min:  0.0, Avg:  0.0, Max:  0.0, Diff:  0.0, Sum:  0.1, Workers: 4
[214.508s][debug][gc,phases      ] GC(124)     Dead                           Min: 0, Avg:  0.0, Max: 0, Diff: 0, Sum: 0, Workers: 4
[214.508s][debug][gc,phases      ] GC(124)     Total                          Min: 1553, Avg: 1979.5, Max: 2388, Diff: 835, Sum: 7918, Workers: 4
[214.508s][debug][gc,phases      ] GC(124)   JNI Weak                       Min:  0.0, Avg:  0.0, Max:  0.0, Diff:  0.0, Sum:  0.0, Workers: 4
[214.508s][debug][gc,phases      ] GC(124)     Dead                           Min: 0, Avg:  0.0, Max: 0, Diff: 0, Sum: 0, Workers: 4
[214.508s][debug][gc,phases      ] GC(124)     Total                          Min: 0, Avg:  0.0, Max: 0, Diff: 0, Sum: 0, Workers: 4
[214.508s][debug][gc,phases      ] GC(124)   StringDedup Table Weak         Min:  0.0, Avg:  0.0, Max:  0.0, Diff:  0.0, Sum:  0.0, Workers: 4
[214.508s][debug][gc,phases      ] GC(124)     Dead                           Min: 0, Avg:  0.0, Max: 0, Diff: 0, Sum: 0, Workers: 4
[214.508s][debug][gc,phases      ] GC(124)     Total                          Min: 0, Avg:  0.0, Max: 0, Diff: 0, Sum: 0, Workers: 4
[214.508s][debug][gc,phases      ] GC(124)   StringDedup Requests0 Weak     Min:  0.0, Avg:  0.0, Max:  0.0, Diff:  0.0, Sum:  0.0, Workers: 4
[214.508s][debug][gc,phases      ] GC(124)     Dead                           Min: 0, Avg:  0.0, Max: 0, Diff: 0, Sum: 0, Workers: 4
[214.508s][debug][gc,phases      ] GC(124)     Total                          Min: 0, Avg:  0.0, Max: 0, Diff: 0, Sum: 0, Workers: 4
[214.508s][debug][gc,phases      ] GC(124)   StringDedup Requests1 Weak     Min:  0.0, Avg:  0.0, Max:  0.0, Diff:  0.0, Sum:  0.0, Workers: 4
[214.508s][debug][gc,phases      ] GC(124)     Dead                           Min: 0, Avg:  0.0, Max: 0, Diff: 0, Sum: 0, Workers: 4
[214.508s][debug][gc,phases      ] GC(124)     Total                          Min: 0, Avg:  0.0, Max: 0, Diff: 0, Sum: 0, Workers: 4
[214.508s][debug][gc,phases      ] GC(124)   Weak JFR Old Object Samples    Min:  0.0, Avg:  0.0, Max:  0.0, Diff:  0.0, Sum:  0.0, Workers: 4
[214.508s][debug][gc,phases      ] GC(124)     Dead                           Min: 0, Avg:  0.0, Max: 0, Diff: 0, Sum: 0, Workers: 4
[214.508s][debug][gc,phases      ] GC(124)     Total                          Min: 0, Avg:  0.0, Max: 0, Diff: 0, Sum: 0, Workers: 4
[214.508s][debug][gc,phases      ] GC(124) Weak Processing 0.286ms
[214.508s][debug][gc,age         ] GC(124) Desired survivor size 94896128 bytes, new threshold 15 (max threshold 15)
[214.508s][info ][gc,heap        ] GC(124) PSYoungGen: 1928048K(2002944K)->13232K(1928192K) Eden: 1914880K(1914880K)->0K(1914880K) From: 13168K(88064K)->13232K(13312K)
[214.508s][info ][gc,heap        ] GC(124) ParOldGen: 544910K(614400K)->544942K(614400K)
[214.508s][info ][gc,metaspace   ] GC(124) Metaspace: 81601K(82496K)->81601K(82496K) NonClass: 70123K(70592K)->70123K(70592K) Class: 11477K(11904K)->11477K(11904K)
[214.508s][info ][gc             ] GC(124) Pause Young (Allocation Failure) 2414M->545M(2483M) 5.199ms
[214.508s][info ][gc,cpu         ] GC(124) User=0.02s Sys=0.00s Real=0.01s
[214.508s][info ][safepoint      ] Safepoint "ParallelGCFailedAllocation", Time since last: 585404684 ns, Reaching safepoint: 46800 ns, At safepoint: 5271252 ns, Total: 5318052 ns
[218.509s][info ][safepoint      ] Safepoint "Cleanup", Time since last: 4000208501 ns, Reaching safepoint: 120701 ns, At safepoint: 9600 ns, Total: 130301 ns
[219.509s][info ][safepoint      ] Safepoint "Cleanup", Time since last: 1000112270 ns, Reaching safepoint: 119301 ns, At safepoint: 11401 ns, Total: 130702 ns
[220.509s][info ][safepoint      ] Safepoint "Cleanup", Time since last: 1000103767 ns, Reaching safepoint: 117701 ns, At safepoint: 7201 ns, Total: 124902 ns
[221.509s][info ][safepoint      ] Safepoint "Cleanup", Time since last: 1000108665 ns, Reaching safepoint: 117001 ns, At safepoint: 15000 ns, Total: 132001 ns
[222.510s][info ][safepoint      ] Safepoint "Cleanup", Time since last: 1000105364 ns, Reaching safepoint: 110201 ns, At safepoint: 5800 ns, Total: 116001 ns
[224.510s][info ][safepoint      ] Safepoint "Cleanup", Time since last: 2000172720 ns, Reaching safepoint: 54700 ns, At safepoint: 14700 ns, Total: 69400 ns
[225.510s][info ][safepoint      ] Safepoint "Cleanup", Time since last: 1000092557 ns, Reaching safepoint: 47400 ns, At safepoint: 12300 ns, Total: 59700 ns
[226.510s][info ][safepoint      ] Safepoint "Cleanup", Time since last: 1000101255 ns, Reaching safepoint: 44400 ns, At safepoint: 3000 ns, Total: 47400 ns
[226.704s][info ][gc,start       ] GC(125) Pause Young (Allocation Failure)
[226.708s][debug][gc,phases      ] GC(125) Scavenge 4.242ms
[226.708s][debug][gc,ref         ] GC(125) Skipped phase 1 of Reference Processing: no references
[226.708s][debug][gc,ref         ] GC(125) ReferenceProcessor::execute queues: 1, RefProcThreadModel::Single, marks_oops_alive: false
[226.708s][debug][gc,ref         ] GC(125) Skipped phase 3 of Reference Processing: no references
[226.708s][debug][gc,ref         ] GC(125) Skipped phase 4 of Reference Processing: no references
[226.708s][debug][gc,phases      ] GC(125) Reference Processing 0.107ms
[226.708s][debug][gc,phases      ] GC(125)   VM Weak                        Min:  0.0, Avg:  0.0, Max:  0.0, Diff:  0.0, Sum:  0.0, Workers: 4
[226.708s][debug][gc,phases      ] GC(125)     Dead                           Min: 0, Avg:  0.0, Max: 0, Diff: 0, Sum: 0, Workers: 4
[226.708s][debug][gc,phases      ] GC(125)     Total                          Min: 0, Avg: 166.8, Max: 667, Diff: 667, Sum: 667, Workers: 4
[226.708s][debug][gc,phases      ] GC(125)   ObjectSynchronizer Weak        Min:  0.0, Avg:  0.0, Max:  0.0, Diff:  0.0, Sum:  0.0, Workers: 4
[226.708s][debug][gc,phases      ] GC(125)     Dead                           Min: 0, Avg:  0.0, Max: 0, Diff: 0, Sum: 0, Workers: 4
[226.708s][debug][gc,phases      ] GC(125)     Total                          Min: 0, Avg: 87.0, Max: 348, Diff: 348, Sum: 348, Workers: 4
[226.708s][debug][gc,phases      ] GC(125)   JVMTI Tag Weak OopStorage      Min:  0.0, Avg:  0.0, Max:  0.0, Diff:  0.0, Sum:  0.0, Workers: 4
[226.708s][debug][gc,phases      ] GC(125)     Dead                           Min: 0, Avg:  0.0, Max: 0, Diff: 0, Sum: 0, Workers: 4
[226.708s][debug][gc,phases      ] GC(125)     Total                          Min: 0, Avg:  0.0, Max: 0, Diff: 0, Sum: 0, Workers: 4
[226.708s][debug][gc,phases      ] GC(125)   StringTable Weak               Min:  0.1, Avg:  0.1, Max:  0.1, Diff:  0.0, Sum:  0.3, Workers: 4
[226.708s][debug][gc,phases      ] GC(125)     Dead                           Min: 0, Avg:  0.0, Max: 0, Diff: 0, Sum: 0, Workers: 4
[226.708s][debug][gc,phases      ] GC(125)     Total                          Min: 11584, Avg: 11955.0, Max: 12428, Diff: 844, Sum: 47820, Workers: 4
[226.708s][debug][gc,phases      ] GC(125)   ResolvedMethodTable Weak       Min:  0.0, Avg:  0.0, Max:  0.0, Diff:  0.0, Sum:  0.1, Workers: 4
[226.708s][debug][gc,phases      ] GC(125)     Dead                           Min: 0, Avg:  0.0, Max: 0, Diff: 0, Sum: 0, Workers: 4
[226.708s][debug][gc,phases      ] GC(125)     Total                          Min: 1511, Avg: 1979.5, Max: 2319, Diff: 808, Sum: 7918, Workers: 4
[226.708s][debug][gc,phases      ] GC(125)   JNI Weak                       Min:  0.0, Avg:  0.0, Max:  0.0, Diff:  0.0, Sum:  0.0, Workers: 4
[226.708s][debug][gc,phases      ] GC(125)     Dead                           Min: 0, Avg:  0.0, Max: 0, Diff: 0, Sum: 0, Workers: 4
[226.708s][debug][gc,phases      ] GC(125)     Total                          Min: 0, Avg:  0.0, Max: 0, Diff: 0, Sum: 0, Workers: 4
[226.708s][debug][gc,phases      ] GC(125)   StringDedup Table Weak         Min:  0.0, Avg:  0.0, Max:  0.0, Diff:  0.0, Sum:  0.0, Workers: 4
[226.708s][debug][gc,phases      ] GC(125)     Dead                           Min: 0, Avg:  0.0, Max: 0, Diff: 0, Sum: 0, Workers: 4
[226.708s][debug][gc,phases      ] GC(125)     Total                          Min: 0, Avg:  0.0, Max: 0, Diff: 0, Sum: 0, Workers: 4
[226.708s][debug][gc,phases      ] GC(125)   StringDedup Requests0 Weak     Min:  0.0, Avg:  0.0, Max:  0.0, Diff:  0.0, Sum:  0.0, Workers: 4
[226.708s][debug][gc,phases      ] GC(125)     Dead                           Min: 0, Avg:  0.0, Max: 0, Diff: 0, Sum: 0, Workers: 4
[226.708s][debug][gc,phases      ] GC(125)     Total                          Min: 0, Avg:  0.0, Max: 0, Diff: 0, Sum: 0, Workers: 4
[226.708s][debug][gc,phases      ] GC(125)   StringDedup Requests1 Weak     Min:  0.0, Avg:  0.0, Max:  0.0, Diff:  0.0, Sum:  0.0, Workers: 4
[226.708s][debug][gc,phases      ] GC(125)     Dead                           Min: 0, Avg:  0.0, Max: 0, Diff: 0, Sum: 0, Workers: 4
[226.708s][debug][gc,phases      ] GC(125)     Total                          Min: 0, Avg:  0.0, Max: 0, Diff: 0, Sum: 0, Workers: 4
[226.708s][debug][gc,phases      ] GC(125)   Weak JFR Old Object Samples    Min:  0.0, Avg:  0.0, Max:  0.0, Diff:  0.0, Sum:  0.0, Workers: 4
[226.708s][debug][gc,phases      ] GC(125)     Dead                           Min: 0, Avg:  0.0, Max: 0, Diff: 0, Sum: 0, Workers: 4
[226.708s][debug][gc,phases      ] GC(125)     Total                          Min: 0, Avg:  0.0, Max: 0, Diff: 0, Sum: 0, Workers: 4
[226.708s][debug][gc,phases      ] GC(125) Weak Processing 0.249ms
[226.708s][debug][gc,age         ] GC(125) Desired survivor size 95420416 bytes, new threshold 15 (max threshold 15)
[226.708s][info ][gc,heap        ] GC(125) PSYoungGen: 1928112K(1928192K)->13376K(2003456K) Eden: 1914880K(1914880K)->0K(1910784K) From: 13232K(13312K)->13376K(92672K)
[226.708s][info ][gc,heap        ] GC(125) ParOldGen: 544942K(614400K)->544974K(614400K)
[226.708s][info ][gc,metaspace   ] GC(125) Metaspace: 81613K(82496K)->81613K(82496K) NonClass: 70136K(70592K)->70136K(70592K) Class: 11477K(11904K)->11477K(11904K)
[226.708s][info ][gc             ] GC(125) Pause Young (Allocation Failure) 2415M->545M(2556M) 4.720ms
[226.708s][info ][gc,cpu         ] GC(125) User=0.01s Sys=0.00s Real=0.01s
[226.708s][info ][safepoint      ] Safepoint "ParallelGCFailedAllocation", Time since last: 193457606 ns, Reaching safepoint: 37201 ns, At safepoint: 4789347 ns, Total: 4826548 ns
[227.709s][info ][safepoint      ] Safepoint "Cleanup", Time since last: 1000080351 ns, Reaching safepoint: 121702 ns, At safepoint: 10100 ns, Total: 131802 ns
[228.709s][info ][safepoint      ] Safepoint "Cleanup", Time since last: 1000107749 ns, Reaching safepoint: 112901 ns, At safepoint: 10000 ns, Total: 122901 ns
[232.709s][info ][safepoint      ] Safepoint "Cleanup", Time since last: 4000312476 ns, Reaching safepoint: 64600 ns, At safepoint: 7300 ns, Total: 71900 ns
[238.710s][info ][safepoint      ] Safepoint "Cleanup", Time since last: 6000412097 ns, Reaching safepoint: 48600 ns, At safepoint: 4700 ns, Total: 53300 ns
[238.955s][info ][gc,start       ] GC(126) Pause Young (Allocation Failure)
[238.960s][debug][gc,phases      ] GC(126) Scavenge 5.479ms
[238.960s][debug][gc,ref         ] GC(126) Skipped phase 1 of Reference Processing: no references
[238.960s][debug][gc,ref         ] GC(126) ReferenceProcessor::execute queues: 1, RefProcThreadModel::Single, marks_oops_alive: false
[238.960s][debug][gc,ref         ] GC(126) Skipped phase 3 of Reference Processing: no references
[238.960s][debug][gc,ref         ] GC(126) Skipped phase 4 of Reference Processing: no references
[238.960s][debug][gc,phases      ] GC(126) Reference Processing 0.105ms
[238.960s][debug][gc,phases      ] GC(126)   VM Weak                        Min:  0.0, Avg:  0.0, Max:  0.0, Diff:  0.0, Sum:  0.0, Workers: 4
[238.960s][debug][gc,phases      ] GC(126)     Dead                           Min: 0, Avg:  0.0, Max: 0, Diff: 0, Sum: 0, Workers: 4
[238.960s][debug][gc,phases      ] GC(126)     Total                          Min: 0, Avg: 166.8, Max: 539, Diff: 539, Sum: 667, Workers: 4
[238.960s][debug][gc,phases      ] GC(126)   ObjectSynchronizer Weak        Min:  0.0, Avg:  0.0, Max:  0.0, Diff:  0.0, Sum:  0.0, Workers: 4
[238.960s][debug][gc,phases      ] GC(126)     Dead                           Min: 0, Avg:  0.0, Max: 0, Diff: 0, Sum: 0, Workers: 4
[238.960s][debug][gc,phases      ] GC(126)     Total                          Min: 0, Avg: 87.0, Max: 156, Diff: 156, Sum: 348, Workers: 4
[238.960s][debug][gc,phases      ] GC(126)   JVMTI Tag Weak OopStorage      Min:  0.0, Avg:  0.0, Max:  0.0, Diff:  0.0, Sum:  0.0, Workers: 4
[238.960s][debug][gc,phases      ] GC(126)     Dead                           Min: 0, Avg:  0.0, Max: 0, Diff: 0, Sum: 0, Workers: 4
[238.960s][debug][gc,phases      ] GC(126)     Total                          Min: 0, Avg:  0.0, Max: 0, Diff: 0, Sum: 0, Workers: 4
[238.960s][debug][gc,phases      ] GC(126)   StringTable Weak               Min:  0.1, Avg:  0.1, Max:  0.1, Diff:  0.0, Sum:  0.3, Workers: 4
[238.960s][debug][gc,phases      ] GC(126)     Dead                           Min: 0, Avg:  0.0, Max: 0, Diff: 0, Sum: 0, Workers: 4
[238.960s][debug][gc,phases      ] GC(126)     Total                          Min: 11008, Avg: 11955.5, Max: 13326, Diff: 2318, Sum: 47822, Workers: 4
[238.961s][debug][gc,phases      ] GC(126)   ResolvedMethodTable Weak       Min:  0.0, Avg:  0.0, Max:  0.0, Diff:  0.0, Sum:  0.1, Workers: 4
[238.961s][debug][gc,phases      ] GC(126)     Dead                           Min: 0, Avg:  0.0, Max: 0, Diff: 0, Sum: 0, Workers: 4
[238.961s][debug][gc,phases      ] GC(126)     Total                          Min: 1902, Avg: 1979.5, Max: 2101, Diff: 199, Sum: 7918, Workers: 4
[238.961s][debug][gc,phases      ] GC(126)   JNI Weak                       Min:  0.0, Avg:  0.0, Max:  0.0, Diff:  0.0, Sum:  0.0, Workers: 4
[238.961s][debug][gc,phases      ] GC(126)     Dead                           Min: 0, Avg:  0.0, Max: 0, Diff: 0, Sum: 0, Workers: 4
[238.961s][debug][gc,phases      ] GC(126)     Total                          Min: 0, Avg:  0.0, Max: 0, Diff: 0, Sum: 0, Workers: 4
[238.961s][debug][gc,phases      ] GC(126)   StringDedup Table Weak         Min:  0.0, Avg:  0.0, Max:  0.0, Diff:  0.0, Sum:  0.0, Workers: 4
[238.961s][debug][gc,phases      ] GC(126)     Dead                           Min: 0, Avg:  0.0, Max: 0, Diff: 0, Sum: 0, Workers: 4
[238.961s][debug][gc,phases      ] GC(126)     Total                          Min: 0, Avg:  0.0, Max: 0, Diff: 0, Sum: 0, Workers: 4
[238.961s][debug][gc,phases      ] GC(126)   StringDedup Requests0 Weak     Min:  0.0, Avg:  0.0, Max:  0.0, Diff:  0.0, Sum:  0.0, Workers: 4
[238.961s][debug][gc,phases      ] GC(126)     Dead                           Min: 0, Avg:  0.0, Max: 0, Diff: 0, Sum: 0, Workers: 4
[238.961s][debug][gc,phases      ] GC(126)     Total                          Min: 0, Avg:  0.0, Max: 0, Diff: 0, Sum: 0, Workers: 4
[238.961s][debug][gc,phases      ] GC(126)   StringDedup Requests1 Weak     Min:  0.0, Avg:  0.0, Max:  0.0, Diff:  0.0, Sum:  0.0, Workers: 4
[238.961s][debug][gc,phases      ] GC(126)     Dead                           Min: 0, Avg:  0.0, Max: 0, Diff: 0, Sum: 0, Workers: 4
[238.961s][debug][gc,phases      ] GC(126)     Total                          Min: 0, Avg:  0.0, Max: 0, Diff: 0, Sum: 0, Workers: 4
[238.961s][debug][gc,phases      ] GC(126)   Weak JFR Old Object Samples    Min:  0.0, Avg:  0.0, Max:  0.0, Diff:  0.0, Sum:  0.0, Workers: 4
[238.961s][debug][gc,phases      ] GC(126)     Dead                           Min: 0, Avg:  0.0, Max: 0, Diff: 0, Sum: 0, Workers: 4
[238.961s][debug][gc,phases      ] GC(126)     Total                          Min: 0, Avg:  0.0, Max: 0, Diff: 0, Sum: 0, Workers: 4
[238.961s][debug][gc,phases      ] GC(126) Weak Processing 0.265ms
[238.961s][debug][gc,age         ] GC(126) Desired survivor size 96468992 bytes, new threshold 15 (max threshold 15)
[238.961s][info ][gc,heap        ] GC(126) PSYoungGen: 1924160K(2003456K)->7712K(1918976K) Eden: 1910784K(1910784K)->0K(1910784K) From: 13376K(92672K)->7712K(8192K)
[238.961s][info ][gc,heap        ] GC(126) ParOldGen: 544974K(614400K)->550950K(614400K)
[238.961s][info ][gc,metaspace   ] GC(126) Metaspace: 81622K(82496K)->81622K(82496K) NonClass: 70144K(70592K)->70144K(70592K) Class: 11477K(11904K)->11477K(11904K)
[238.961s][info ][gc             ] GC(126) Pause Young (Allocation Failure) 2411M->545M(2474M) 5.964ms
[238.961s][info ][gc,cpu         ] GC(126) User=0.02s Sys=0.00s Real=0.01s
[238.961s][info ][safepoint      ] Safepoint "ParallelGCFailedAllocation", Time since last: 244828206 ns, Reaching safepoint: 30800 ns, At safepoint: 6039659 ns, Total: 6070459 ns
[240.961s][info ][safepoint      ] Safepoint "Cleanup", Time since last: 2000148548 ns, Reaching safepoint: 46800 ns, At safepoint: 3500 ns, Total: 50300 ns
[241.961s][info ][safepoint      ] Safepoint "Cleanup", Time since last: 1000103721 ns, Reaching safepoint: 47200 ns, At safepoint: 4200 ns, Total: 51400 ns
[243.961s][info ][safepoint      ] Safepoint "Cleanup", Time since last: 2000177635 ns, Reaching safepoint: 51000 ns, At safepoint: 10600 ns, Total: 61600 ns
[244.961s][info ][safepoint      ] Safepoint "Cleanup", Time since last: 1000103115 ns, Reaching safepoint: 48600 ns, At safepoint: 3800 ns, Total: 52400 ns
[246.962s][info ][safepoint      ] Safepoint "Cleanup", Time since last: 2000161322 ns, Reaching safepoint: 43500 ns, At safepoint: 3500 ns, Total: 47000 ns
[249.962s][info ][safepoint      ] Safepoint "Cleanup", Time since last: 3000225616 ns, Reaching safepoint: 52801 ns, At safepoint: 3900 ns, Total: 56701 ns
[250.962s][info ][safepoint      ] Safepoint "Cleanup", Time since last: 1000102301 ns, Reaching safepoint: 51801 ns, At safepoint: 3000 ns, Total: 54801 ns
[251.205s][info ][gc,start       ] GC(127) Pause Young (Allocation Failure)
[251.208s][debug][gc,phases      ] GC(127) Scavenge 3.562ms
[251.208s][debug][gc,ref         ] GC(127) Skipped phase 1 of Reference Processing: no references
[251.209s][debug][gc,ref         ] GC(127) ReferenceProcessor::execute queues: 1, RefProcThreadModel::Single, marks_oops_alive: false
[251.209s][debug][gc,ref         ] GC(127) Skipped phase 3 of Reference Processing: no references
[251.209s][debug][gc,ref         ] GC(127) Skipped phase 4 of Reference Processing: no references
[251.209s][debug][gc,phases      ] GC(127) Reference Processing 0.099ms
[251.209s][debug][gc,phases      ] GC(127)   VM Weak                        Min:  0.0, Avg:  0.0, Max:  0.0, Diff:  0.0, Sum:  0.0, Workers: 4
[251.209s][debug][gc,phases      ] GC(127)     Dead                           Min: 0, Avg:  0.0, Max: 0, Diff: 0, Sum: 0, Workers: 4
[251.209s][debug][gc,phases      ] GC(127)     Total                          Min: 0, Avg: 166.8, Max: 667, Diff: 667, Sum: 667, Workers: 4
[251.209s][debug][gc,phases      ] GC(127)   ObjectSynchronizer Weak        Min:  0.0, Avg:  0.0, Max:  0.0, Diff:  0.0, Sum:  0.0, Workers: 4
[251.209s][debug][gc,phases      ] GC(127)     Dead                           Min: 0, Avg:  0.0, Max: 0, Diff: 0, Sum: 0, Workers: 4
[251.209s][debug][gc,phases      ] GC(127)     Total                          Min: 0, Avg: 87.0, Max: 284, Diff: 284, Sum: 348, Workers: 4
[251.209s][debug][gc,phases      ] GC(127)   JVMTI Tag Weak OopStorage      Min:  0.0, Avg:  0.0, Max:  0.0, Diff:  0.0, Sum:  0.0, Workers: 4
[251.209s][debug][gc,phases      ] GC(127)     Dead                           Min: 0, Avg:  0.0, Max: 0, Diff: 0, Sum: 0, Workers: 4
[251.209s][debug][gc,phases      ] GC(127)     Total                          Min: 0, Avg:  0.0, Max: 0, Diff: 0, Sum: 0, Workers: 4
[251.209s][debug][gc,phases      ] GC(127)   StringTable Weak               Min:  0.1, Avg:  0.1, Max:  0.1, Diff:  0.0, Sum:  0.4, Workers: 4
[251.209s][debug][gc,phases      ] GC(127)     Dead                           Min: 0, Avg:  0.0, Max: 0, Diff: 0, Sum: 0, Workers: 4
[251.209s][debug][gc,phases      ] GC(127)     Total                          Min: 8896, Avg: 11957.2, Max: 14677, Diff: 5781, Sum: 47829, Workers: 4
[251.209s][debug][gc,phases      ] GC(127)   ResolvedMethodTable Weak       Min:  0.0, Avg:  0.0, Max:  0.0, Diff:  0.0, Sum:  0.1, Workers: 4
[251.209s][debug][gc,phases      ] GC(127)     Dead                           Min: 0, Avg:  0.0, Max: 0, Diff: 0, Sum: 0, Workers: 4
[251.209s][debug][gc,phases      ] GC(127)     Total                          Min: 1553, Avg: 1979.5, Max: 2410, Diff: 857, Sum: 7918, Workers: 4
[251.209s][debug][gc,phases      ] GC(127)   JNI Weak                       Min:  0.0, Avg:  0.0, Max:  0.0, Diff:  0.0, Sum:  0.0, Workers: 4
[251.209s][debug][gc,phases      ] GC(127)     Dead                           Min: 0, Avg:  0.0, Max: 0, Diff: 0, Sum: 0, Workers: 4
[251.209s][debug][gc,phases      ] GC(127)     Total                          Min: 0, Avg:  0.0, Max: 0, Diff: 0, Sum: 0, Workers: 4
[251.209s][debug][gc,phases      ] GC(127)   StringDedup Table Weak         Min:  0.0, Avg:  0.0, Max:  0.0, Diff:  0.0, Sum:  0.0, Workers: 4
[251.209s][debug][gc,phases      ] GC(127)     Dead                           Min: 0, Avg:  0.0, Max: 0, Diff: 0, Sum: 0, Workers: 4
[251.209s][debug][gc,phases      ] GC(127)     Total                          Min: 0, Avg:  0.0, Max: 0, Diff: 0, Sum: 0, Workers: 4
[251.209s][debug][gc,phases      ] GC(127)   StringDedup Requests0 Weak     Min:  0.0, Avg:  0.0, Max:  0.0, Diff:  0.0, Sum:  0.0, Workers: 4
[251.209s][debug][gc,phases      ] GC(127)     Dead                           Min: 0, Avg:  0.0, Max: 0, Diff: 0, Sum: 0, Workers: 4
[251.209s][debug][gc,phases      ] GC(127)     Total                          Min: 0, Avg:  0.0, Max: 0, Diff: 0, Sum: 0, Workers: 4
[251.209s][debug][gc,phases      ] GC(127)   StringDedup Requests1 Weak     Min:  0.0, Avg:  0.0, Max:  0.0, Diff:  0.0, Sum:  0.0, Workers: 4
[251.209s][debug][gc,phases      ] GC(127)     Dead                           Min: 0, Avg:  0.0, Max: 0, Diff: 0, Sum: 0, Workers: 4
[251.209s][debug][gc,phases      ] GC(127)     Total                          Min: 0, Avg:  0.0, Max: 0, Diff: 0, Sum: 0, Workers: 4
[251.209s][debug][gc,phases      ] GC(127)   Weak JFR Old Object Samples    Min:  0.0, Avg:  0.0, Max:  0.0, Diff:  0.0, Sum:  0.0, Workers: 4
[251.209s][debug][gc,phases      ] GC(127)     Dead                           Min: 0, Avg:  0.0, Max: 0, Diff: 0, Sum: 0, Workers: 4
[251.209s][debug][gc,phases      ] GC(127)     Total                          Min: 0, Avg:  0.0, Max: 0, Diff: 0, Sum: 0, Workers: 4
[251.209s][debug][gc,phases      ] GC(127) Weak Processing 0.270ms
[251.209s][debug][gc,age         ] GC(127) Desired survivor size 95944704 bytes, new threshold 15 (max threshold 15)
[251.209s][info ][gc,heap        ] GC(127) PSYoungGen: 1918496K(1918976K)->7152K(2003456K) Eden: 1910784K(1910784K)->0K(1909248K) From: 7712K(8192K)->7152K(94208K)
[251.209s][info ][gc,heap        ] GC(127) ParOldGen: 550950K(614400K)->551606K(614400K)
[251.209s][info ][gc,metaspace   ] GC(127) Metaspace: 81627K(82496K)->81627K(82496K) NonClass: 70149K(70592K)->70149K(70592K) Class: 11477K(11904K)->11477K(11904K)
[251.209s][info ][gc             ] GC(127) Pause Young (Allocation Failure) 2411M->545M(2556M) 4.024ms
[251.209s][info ][gc,cpu         ] GC(127) User=0.02s Sys=0.00s Real=0.01s
[251.209s][info ][safepoint      ] Safepoint "ParallelGCFailedAllocation", Time since last: 242739678 ns, Reaching safepoint: 28300 ns, At safepoint: 4090340 ns, Total: 4118640 ns
[252.209s][info ][safepoint      ] Safepoint "Cleanup", Time since last: 1000084599 ns, Reaching safepoint: 114001 ns, At safepoint: 9300 ns, Total: 123301 ns
[253.209s][info ][safepoint      ] Safepoint "Cleanup", Time since last: 1000096997 ns, Reaching safepoint: 122401 ns, At safepoint: 8900 ns, Total: 131301 ns
[256.210s][info ][safepoint      ] Safepoint "Cleanup", Time since last: 3000241877 ns, Reaching safepoint: 112701 ns, At safepoint: 12200 ns, Total: 124901 ns
[257.210s][info ][safepoint      ] Safepoint "Cleanup", Time since last: 1000100288 ns, Reaching safepoint: 47401 ns, At safepoint: 5200 ns, Total: 52601 ns
[259.210s][info ][safepoint      ] Safepoint "Cleanup", Time since last: 2000160870 ns, Reaching safepoint: 46300 ns, At safepoint: 3200 ns, Total: 49500 ns
[262.210s][info ][safepoint      ] Safepoint "Cleanup", Time since last: 3000231539 ns, Reaching safepoint: 39501 ns, At safepoint: 2700 ns, Total: 42201 ns
[263.803s][info ][gc,start       ] GC(128) Pause Young (Allocation Failure)
[263.807s][debug][gc,phases      ] GC(128) Scavenge 3.518ms
[263.807s][debug][gc,ref         ] GC(128) Skipped phase 1 of Reference Processing: no references
[263.807s][debug][gc,ref         ] GC(128) ReferenceProcessor::execute queues: 1, RefProcThreadModel::Single, marks_oops_alive: false
[263.807s][debug][gc,ref         ] GC(128) Skipped phase 3 of Reference Processing: no references
[263.807s][debug][gc,ref         ] GC(128) Skipped phase 4 of Reference Processing: no references
[263.807s][debug][gc,phases      ] GC(128) Reference Processing 0.103ms
[263.807s][debug][gc,phases      ] GC(128)   VM Weak                        Min:  0.0, Avg:  0.0, Max:  0.0, Diff:  0.0, Sum:  0.0, Workers: 4
[263.807s][debug][gc,phases      ] GC(128)     Dead                           Min: 0, Avg:  0.0, Max: 0, Diff: 0, Sum: 0, Workers: 4
[263.807s][debug][gc,phases      ] GC(128)     Total                          Min: 0, Avg: 166.8, Max: 539, Diff: 539, Sum: 667, Workers: 4
[263.807s][debug][gc,phases      ] GC(128)   ObjectSynchronizer Weak        Min:  0.0, Avg:  0.0, Max:  0.0, Diff:  0.0, Sum:  0.0, Workers: 4
[263.807s][debug][gc,phases      ] GC(128)     Dead                           Min: 0, Avg:  0.0, Max: 0, Diff: 0, Sum: 0, Workers: 4
[263.807s][debug][gc,phases      ] GC(128)     Total                          Min: 0, Avg: 87.0, Max: 156, Diff: 156, Sum: 348, Workers: 4
[263.807s][debug][gc,phases      ] GC(128)   JVMTI Tag Weak OopStorage      Min:  0.0, Avg:  0.0, Max:  0.0, Diff:  0.0, Sum:  0.0, Workers: 4
[263.807s][debug][gc,phases      ] GC(128)     Dead                           Min: 0, Avg:  0.0, Max: 0, Diff: 0, Sum: 0, Workers: 4
[263.807s][debug][gc,phases      ] GC(128)     Total                          Min: 0, Avg:  0.0, Max: 0, Diff: 0, Sum: 0, Workers: 4
[263.807s][debug][gc,phases      ] GC(128)   StringTable Weak               Min:  0.1, Avg:  0.1, Max:  0.1, Diff:  0.0, Sum:  0.3, Workers: 4
[263.807s][debug][gc,phases      ] GC(128)     Dead                           Min: 0, Avg:  0.0, Max: 0, Diff: 0, Sum: 0, Workers: 4
[263.807s][debug][gc,phases      ] GC(128)     Total                          Min: 11481, Avg: 11958.2, Max: 12544, Diff: 1063, Sum: 47833, Workers: 4
[263.807s][debug][gc,phases      ] GC(128)   ResolvedMethodTable Weak       Min:  0.0, Avg:  0.0, Max:  0.0, Diff:  0.0, Sum:  0.1, Workers: 4
[263.807s][debug][gc,phases      ] GC(128)     Dead                           Min: 0, Avg:  0.0, Max: 0, Diff: 0, Sum: 0, Workers: 4
[263.807s][debug][gc,phases      ] GC(128)     Total                          Min: 1909, Avg: 1979.5, Max: 2054, Diff: 145, Sum: 7918, Workers: 4
[263.807s][debug][gc,phases      ] GC(128)   JNI Weak                       Min:  0.0, Avg:  0.0, Max:  0.0, Diff:  0.0, Sum:  0.0, Workers: 4
[263.807s][debug][gc,phases      ] GC(128)     Dead                           Min: 0, Avg:  0.0, Max: 0, Diff: 0, Sum: 0, Workers: 4
[263.807s][debug][gc,phases      ] GC(128)     Total                          Min: 0, Avg:  0.0, Max: 0, Diff: 0, Sum: 0, Workers: 4
[263.807s][debug][gc,phases      ] GC(128)   StringDedup Table Weak         Min:  0.0, Avg:  0.0, Max:  0.0, Diff:  0.0, Sum:  0.0, Workers: 4
[263.807s][debug][gc,phases      ] GC(128)     Dead                           Min: 0, Avg:  0.0, Max: 0, Diff: 0, Sum: 0, Workers: 4
[263.807s][debug][gc,phases      ] GC(128)     Total                          Min: 0, Avg:  0.0, Max: 0, Diff: 0, Sum: 0, Workers: 4
[263.807s][debug][gc,phases      ] GC(128)   StringDedup Requests0 Weak     Min:  0.0, Avg:  0.0, Max:  0.0, Diff:  0.0, Sum:  0.0, Workers: 4
[263.807s][debug][gc,phases      ] GC(128)     Dead                           Min: 0, Avg:  0.0, Max: 0, Diff: 0, Sum: 0, Workers: 4
[263.807s][debug][gc,phases      ] GC(128)     Total                          Min: 0, Avg:  0.0, Max: 0, Diff: 0, Sum: 0, Workers: 4
[263.807s][debug][gc,phases      ] GC(128)   StringDedup Requests1 Weak     Min:  0.0, Avg:  0.0, Max:  0.0, Diff:  0.0, Sum:  0.0, Workers: 4
[263.807s][debug][gc,phases      ] GC(128)     Dead                           Min: 0, Avg:  0.0, Max: 0, Diff: 0, Sum: 0, Workers: 4
[263.807s][debug][gc,phases      ] GC(128)     Total                          Min: 0, Avg:  0.0, Max: 0, Diff: 0, Sum: 0, Workers: 4
[263.807s][debug][gc,phases      ] GC(128)   Weak JFR Old Object Samples    Min:  0.0, Avg:  0.0, Max:  0.0, Diff:  0.0, Sum:  0.0, Workers: 4
[263.807s][debug][gc,phases      ] GC(128)     Dead                           Min: 0, Avg:  0.0, Max: 0, Diff: 0, Sum: 0, Workers: 4
[263.807s][debug][gc,phases      ] GC(128)     Total                          Min: 0, Avg:  0.0, Max: 0, Diff: 0, Sum: 0, Workers: 4
[263.807s][debug][gc,phases      ] GC(128) Weak Processing 0.273ms
[263.807s][debug][gc,age         ] GC(128) Desired survivor size 94896128 bytes, new threshold 15 (max threshold 15)
[263.807s][info ][gc,heap        ] GC(128) PSYoungGen: 1916400K(2003456K)->6800K(2002944K) Eden: 1909248K(1909248K)->0K(1909248K) From: 7152K(94208K)->6800K(93696K)
[263.807s][info ][gc,heap        ] GC(128) ParOldGen: 551606K(614400K)->551902K(614400K)
[263.807s][info ][gc,metaspace   ] GC(128) Metaspace: 81646K(82496K)->81646K(82496K) NonClass: 70168K(70592K)->70168K(70592K) Class: 11477K(11904K)->11477K(11904K)
[263.807s][info ][gc             ] GC(128) Pause Young (Allocation Failure) 2410M->545M(2556M) 4.003ms
[263.807s][info ][gc,cpu         ] GC(128) User=0.02s Sys=0.00s Real=0.01s
[263.807s][info ][safepoint      ] Safepoint "ParallelGCFailedAllocation", Time since last: 1592931869 ns, Reaching safepoint: 44801 ns, At safepoint: 4093940 ns, Total: 4138741 ns
[264.808s][info ][safepoint      ] Safepoint "Cleanup", Time since last: 1000088172 ns, Reaching safepoint: 115001 ns, At safepoint: 14000 ns, Total: 129001 ns
[265.808s][info ][safepoint      ] Safepoint "Cleanup", Time since last: 1000099571 ns, Reaching safepoint: 106901 ns, At safepoint: 6300 ns, Total: 113201 ns
[268.808s][info ][safepoint      ] Safepoint "Cleanup", Time since last: 3000231098 ns, Reaching safepoint: 109201 ns, At safepoint: 6300 ns, Total: 115501 ns
[270.808s][info ][safepoint      ] Safepoint "Cleanup", Time since last: 2000168222 ns, Reaching safepoint: 114102 ns, At safepoint: 5900 ns, Total: 120002 ns
[272.809s][info ][safepoint      ] Safepoint "Cleanup", Time since last: 2000159513 ns, Reaching safepoint: 116502 ns, At safepoint: 12900 ns, Total: 129402 ns
[273.809s][info ][safepoint      ] Safepoint "Cleanup", Time since last: 1000100354 ns, Reaching safepoint: 123601 ns, At safepoint: 8300 ns, Total: 131901 ns
[274.809s][info ][safepoint      ] Safepoint "Cleanup", Time since last: 1000111152 ns, Reaching safepoint: 122302 ns, At safepoint: 6800 ns, Total: 129102 ns
[275.759s][info ][gc,start       ] GC(129) Pause Young (Allocation Failure)
[275.763s][debug][gc,phases      ] GC(129) Scavenge 3.489ms
[275.763s][debug][gc,ref         ] GC(129) Skipped phase 1 of Reference Processing: no references
[275.763s][debug][gc,ref         ] GC(129) ReferenceProcessor::execute queues: 1, RefProcThreadModel::Single, marks_oops_alive: false
[275.763s][debug][gc,ref         ] GC(129) Skipped phase 3 of Reference Processing: no references
[275.763s][debug][gc,ref         ] GC(129) ReferenceProcessor::execute queues: 1, RefProcThreadModel::Single, marks_oops_alive: false
[275.763s][debug][gc,phases      ] GC(129) Reference Processing 0.106ms
[275.763s][debug][gc,phases      ] GC(129)   VM Weak                        Min:  0.0, Avg:  0.0, Max:  0.0, Diff:  0.0, Sum:  0.0, Workers: 4
[275.763s][debug][gc,phases      ] GC(129)     Dead                           Min: 0, Avg:  0.0, Max: 0, Diff: 0, Sum: 0, Workers: 4
[275.763s][debug][gc,phases      ] GC(129)     Total                          Min: 0, Avg: 166.8, Max: 539, Diff: 539, Sum: 667, Workers: 4
[275.763s][debug][gc,phases      ] GC(129)   ObjectSynchronizer Weak        Min:  0.0, Avg:  0.0, Max:  0.0, Diff:  0.0, Sum:  0.0, Workers: 4
[275.763s][debug][gc,phases      ] GC(129)     Dead                           Min: 0, Avg:  0.0, Max: 0, Diff: 0, Sum: 0, Workers: 4
[275.763s][debug][gc,phases      ] GC(129)     Total                          Min: 0, Avg: 87.0, Max: 192, Diff: 192, Sum: 348, Workers: 4
[275.763s][debug][gc,phases      ] GC(129)   JVMTI Tag Weak OopStorage      Min:  0.0, Avg:  0.0, Max:  0.0, Diff:  0.0, Sum:  0.0, Workers: 4
[275.763s][debug][gc,phases      ] GC(129)     Dead                           Min: 0, Avg:  0.0, Max: 0, Diff: 0, Sum: 0, Workers: 4
[275.763s][debug][gc,phases      ] GC(129)     Total                          Min: 0, Avg:  0.0, Max: 0, Diff: 0, Sum: 0, Workers: 4
[275.763s][debug][gc,phases      ] GC(129)   StringTable Weak               Min:  0.1, Avg:  0.1, Max:  0.1, Diff:  0.0, Sum:  0.4, Workers: 4
[275.763s][debug][gc,phases      ] GC(129)     Dead                           Min: 0, Avg:  0.0, Max: 0, Diff: 0, Sum: 0, Workers: 4
[275.763s][debug][gc,phases      ] GC(129)     Total                          Min: 10112, Avg: 11958.8, Max: 16219, Diff: 6107, Sum: 47835, Workers: 4
[275.763s][debug][gc,phases      ] GC(129)   ResolvedMethodTable Weak       Min:  0.0, Avg:  0.0, Max:  0.0, Diff:  0.0, Sum:  0.1, Workers: 4
[275.763s][debug][gc,phases      ] GC(129)     Dead                           Min: 0, Avg:  0.0, Max: 0, Diff: 0, Sum: 0, Workers: 4
[275.763s][debug][gc,phases      ] GC(129)     Total                          Min: 1667, Avg: 1979.8, Max: 2780, Diff: 1113, Sum: 7919, Workers: 4
[275.763s][debug][gc,phases      ] GC(129)   JNI Weak                       Min:  0.0, Avg:  0.0, Max:  0.0, Diff:  0.0, Sum:  0.0, Workers: 4
[275.763s][debug][gc,phases      ] GC(129)     Dead                           Min: 0, Avg:  0.0, Max: 0, Diff: 0, Sum: 0, Workers: 4
[275.763s][debug][gc,phases      ] GC(129)     Total                          Min: 0, Avg:  0.0, Max: 0, Diff: 0, Sum: 0, Workers: 4
[275.763s][debug][gc,phases      ] GC(129)   StringDedup Table Weak         Min:  0.0, Avg:  0.0, Max:  0.0, Diff:  0.0, Sum:  0.0, Workers: 4
[275.763s][debug][gc,phases      ] GC(129)     Dead                           Min: 0, Avg:  0.0, Max: 0, Diff: 0, Sum: 0, Workers: 4
[275.763s][debug][gc,phases      ] GC(129)     Total                          Min: 0, Avg:  0.0, Max: 0, Diff: 0, Sum: 0, Workers: 4
[275.763s][debug][gc,phases      ] GC(129)   StringDedup Requests0 Weak     Min:  0.0, Avg:  0.0, Max:  0.0, Diff:  0.0, Sum:  0.0, Workers: 4
[275.763s][debug][gc,phases      ] GC(129)     Dead                           Min: 0, Avg:  0.0, Max: 0, Diff: 0, Sum: 0, Workers: 4
[275.763s][debug][gc,phases      ] GC(129)     Total                          Min: 0, Avg:  0.0, Max: 0, Diff: 0, Sum: 0, Workers: 4
[275.763s][debug][gc,phases      ] GC(129)   StringDedup Requests1 Weak     Min:  0.0, Avg:  0.0, Max:  0.0, Diff:  0.0, Sum:  0.0, Workers: 4
[275.763s][debug][gc,phases      ] GC(129)     Dead                           Min: 0, Avg:  0.0, Max: 0, Diff: 0, Sum: 0, Workers: 4
[275.763s][debug][gc,phases      ] GC(129)     Total                          Min: 0, Avg:  0.0, Max: 0, Diff: 0, Sum: 0, Workers: 4
[275.763s][debug][gc,phases      ] GC(129)   Weak JFR Old Object Samples    Min:  0.0, Avg:  0.0, Max:  0.0, Diff:  0.0, Sum:  0.0, Workers: 4
[275.763s][debug][gc,phases      ] GC(129)     Dead                           Min: 0, Avg:  0.0, Max: 0, Diff: 0, Sum: 0, Workers: 4
[275.763s][debug][gc,phases      ] GC(129)     Total                          Min: 0, Avg:  0.0, Max: 0, Diff: 0, Sum: 0, Workers: 4
[275.763s][debug][gc,phases      ] GC(129) Weak Processing 0.311ms
[275.763s][debug][gc,age         ] GC(129) Desired survivor size 93323264 bytes, new threshold 15 (max threshold 15)
[275.763s][info ][gc,heap        ] GC(129) PSYoungGen: 1916048K(2002944K)->6848K(2006016K) Eden: 1909248K(1909248K)->0K(1913344K) From: 6800K(93696K)->6848K(92672K)
[275.763s][info ][gc,heap        ] GC(129) ParOldGen: 551902K(614400K)->551958K(614400K)
[275.763s][info ][gc,metaspace   ] GC(129) Metaspace: 81658K(82496K)->81658K(82496K) NonClass: 70180K(70592K)->70180K(70592K) Class: 11478K(11904K)->11478K(11904K)
[275.763s][info ][gc             ] GC(129) Pause Young (Allocation Failure) 2410M->545M(2559M) 4.003ms
[275.763s][info ][gc,cpu         ] GC(129) User=0.02s Sys=0.00s Real=0.00s
[275.763s][info ][safepoint      ] Safepoint "ParallelGCFailedAllocation", Time since last: 950109362 ns, Reaching safepoint: 46801 ns, At safepoint: 4070539 ns, Total: 4117340 ns
[276.764s][info ][safepoint      ] Safepoint "Cleanup", Time since last: 1000094749 ns, Reaching safepoint: 52400 ns, At safepoint: 8600 ns, Total: 61000 ns
[277.764s][info ][safepoint      ] Safepoint "Cleanup", Time since last: 1000113946 ns, Reaching safepoint: 47901 ns, At safepoint: 10700 ns, Total: 58601 ns
[278.764s][info ][safepoint      ] Safepoint "Cleanup", Time since last: 1000110244 ns, Reaching safepoint: 51301 ns, At safepoint: 7800 ns, Total: 59101 ns
[279.764s][info ][safepoint      ] Safepoint "Cleanup", Time since last: 1000128842 ns, Reaching safepoint: 45801 ns, At safepoint: 6600 ns, Total: 52401 ns
[280.764s][info ][safepoint      ] Safepoint "Cleanup", Time since last: 1000111140 ns, Reaching safepoint: 58000 ns, At safepoint: 6901 ns, Total: 64901 ns
[281.764s][info ][safepoint      ] Safepoint "Cleanup", Time since last: 1000108738 ns, Reaching safepoint: 46900 ns, At safepoint: 3700 ns, Total: 50600 ns
[282.765s][info ][safepoint      ] Safepoint "Cleanup", Time since last: 1000103236 ns, Reaching safepoint: 108301 ns, At safepoint: 7701 ns, Total: 116002 ns
[283.145s][info ][gc,start       ] GC(130) Pause Young (Allocation Failure)
[283.149s][debug][gc,phases      ] GC(130) Scavenge 3.493ms
[283.149s][debug][gc,ref         ] GC(130) Skipped phase 1 of Reference Processing: no references
[283.149s][debug][gc,ref         ] GC(130) ReferenceProcessor::execute queues: 1, RefProcThreadModel::Single, marks_oops_alive: false
[283.149s][debug][gc,ref         ] GC(130) Skipped phase 3 of Reference Processing: no references
[283.149s][debug][gc,ref         ] GC(130) Skipped phase 4 of Reference Processing: no references
[283.149s][debug][gc,phases      ] GC(130) Reference Processing 0.102ms
[283.149s][debug][gc,phases      ] GC(130)   VM Weak                        Min:  0.0, Avg:  0.0, Max:  0.0, Diff:  0.0, Sum:  0.0, Workers: 4
[283.149s][debug][gc,phases      ] GC(130)     Dead                           Min: 0, Avg:  0.0, Max: 0, Diff: 0, Sum: 0, Workers: 4
[283.149s][debug][gc,phases      ] GC(130)     Total                          Min: 0, Avg: 166.8, Max: 667, Diff: 667, Sum: 667, Workers: 4
[283.149s][debug][gc,phases      ] GC(130)   ObjectSynchronizer Weak        Min:  0.0, Avg:  0.0, Max:  0.0, Diff:  0.0, Sum:  0.0, Workers: 4
[283.149s][debug][gc,phases      ] GC(130)     Dead                           Min: 0, Avg:  0.0, Max: 0, Diff: 0, Sum: 0, Workers: 4
[283.149s][debug][gc,phases      ] GC(130)     Total                          Min: 0, Avg: 87.0, Max: 284, Diff: 284, Sum: 348, Workers: 4
[283.149s][debug][gc,phases      ] GC(130)   JVMTI Tag Weak OopStorage      Min:  0.0, Avg:  0.0, Max:  0.0, Diff:  0.0, Sum:  0.0, Workers: 4
[283.149s][debug][gc,phases      ] GC(130)     Dead                           Min: 0, Avg:  0.0, Max: 0, Diff: 0, Sum: 0, Workers: 4
[283.149s][debug][gc,phases      ] GC(130)     Total                          Min: 0, Avg:  0.0, Max: 0, Diff: 0, Sum: 0, Workers: 4
[283.149s][debug][gc,phases      ] GC(130)   StringTable Weak               Min:  0.1, Avg:  0.1, Max:  0.1, Diff:  0.0, Sum:  0.3, Workers: 4
[283.149s][debug][gc,phases      ] GC(130)     Dead                           Min: 0, Avg:  0.0, Max: 0, Diff: 0, Sum: 0, Workers: 4
[283.149s][debug][gc,phases      ] GC(130)     Total                          Min: 10944, Avg: 11959.5, Max: 12830, Diff: 1886, Sum: 47838, Workers: 4
[283.149s][debug][gc,phases      ] GC(130)   ResolvedMethodTable Weak       Min:  0.0, Avg:  0.0, Max:  0.0, Diff:  0.0, Sum:  0.1, Workers: 4
[283.149s][debug][gc,phases      ] GC(130)     Dead                           Min: 0, Avg:  0.0, Max: 0, Diff: 0, Sum: 0, Workers: 4
[283.149s][debug][gc,phases      ] GC(130)     Total                          Min: 1915, Avg: 1979.8, Max: 2080, Diff: 165, Sum: 7919, Workers: 4
[283.149s][debug][gc,phases      ] GC(130)   JNI Weak                       Min:  0.0, Avg:  0.0, Max:  0.0, Diff:  0.0, Sum:  0.0, Workers: 4
[283.149s][debug][gc,phases      ] GC(130)     Dead                           Min: 0, Avg:  0.0, Max: 0, Diff: 0, Sum: 0, Workers: 4
[283.149s][debug][gc,phases      ] GC(130)     Total                          Min: 0, Avg:  0.0, Max: 0, Diff: 0, Sum: 0, Workers: 4
[283.149s][debug][gc,phases      ] GC(130)   StringDedup Table Weak         Min:  0.0, Avg:  0.0, Max:  0.0, Diff:  0.0, Sum:  0.0, Workers: 4
[283.149s][debug][gc,phases      ] GC(130)     Dead                           Min: 0, Avg:  0.0, Max: 0, Diff: 0, Sum: 0, Workers: 4
[283.149s][debug][gc,phases      ] GC(130)     Total                          Min: 0, Avg:  0.0, Max: 0, Diff: 0, Sum: 0, Workers: 4
[283.149s][debug][gc,phases      ] GC(130)   StringDedup Requests0 Weak     Min:  0.0, Avg:  0.0, Max:  0.0, Diff:  0.0, Sum:  0.0, Workers: 4
[283.149s][debug][gc,phases      ] GC(130)     Dead                           Min: 0, Avg:  0.0, Max: 0, Diff: 0, Sum: 0, Workers: 4
[283.149s][debug][gc,phases      ] GC(130)     Total                          Min: 0, Avg:  0.0, Max: 0, Diff: 0, Sum: 0, Workers: 4
[283.149s][debug][gc,phases      ] GC(130)   StringDedup Requests1 Weak     Min:  0.0, Avg:  0.0, Max:  0.0, Diff:  0.0, Sum:  0.0, Workers: 4
[283.149s][debug][gc,phases      ] GC(130)     Dead                           Min: 0, Avg:  0.0, Max: 0, Diff: 0, Sum: 0, Workers: 4
[283.149s][debug][gc,phases      ] GC(130)     Total                          Min: 0, Avg:  0.0, Max: 0, Diff: 0, Sum: 0, Workers: 4
[283.149s][debug][gc,phases      ] GC(130)   Weak JFR Old Object Samples    Min:  0.0, Avg:  0.0, Max:  0.0, Diff:  0.0, Sum:  0.0, Workers: 4
[283.149s][debug][gc,phases      ] GC(130)     Dead                           Min: 0, Avg:  0.0, Max: 0, Diff: 0, Sum: 0, Workers: 4
[283.149s][debug][gc,phases      ] GC(130)     Total                          Min: 0, Avg:  0.0, Max: 0, Diff: 0, Sum: 0, Workers: 4
[283.149s][debug][gc,phases      ] GC(130) Weak Processing 0.257ms
[283.149s][debug][gc,age         ] GC(130) Desired survivor size 91226112 bytes, new threshold 15 (max threshold 15)
[283.149s][info ][gc,heap        ] GC(130) PSYoungGen: 1920192K(2006016K)->4800K(2004480K) Eden: 1913344K(1913344K)->0K(1913344K) From: 6848K(92672K)->4800K(91136K)
[283.149s][info ][gc,heap        ] GC(130) ParOldGen: 551958K(614400K)->554135K(614400K)
[283.149s][info ][gc,metaspace   ] GC(130) Metaspace: 81697K(82560K)->81697K(82560K) NonClass: 70218K(70656K)->70218K(70656K) Class: 11478K(11904K)->11478K(11904K)
[283.149s][info ][gc             ] GC(130) Pause Young (Allocation Failure) 2414M->545M(2557M) 3.955ms
[283.149s][info ][gc,cpu         ] GC(130) User=0.02s Sys=0.00s Real=0.01s
[283.149s][info ][safepoint      ] Safepoint "ParallelGCFailedAllocation", Time since last: 380202200 ns, Reaching safepoint: 43701 ns, At safepoint: 4024939 ns, Total: 4068640 ns
[284.149s][info ][safepoint      ] Safepoint "Cleanup", Time since last: 1000083133 ns, Reaching safepoint: 45701 ns, At safepoint: 3600 ns, Total: 49301 ns
[285.149s][info ][safepoint      ] Safepoint "Cleanup", Time since last: 1000100731 ns, Reaching safepoint: 41000 ns, At safepoint: 2800 ns, Total: 43800 ns
[287.149s][info ][safepoint      ] Safepoint "Cleanup", Time since last: 2000138857 ns, Reaching safepoint: 45000 ns, At safepoint: 10600 ns, Total: 55600 ns
[289.150s][info ][safepoint      ] Safepoint "Cleanup", Time since last: 2000173149 ns, Reaching safepoint: 43200 ns, At safepoint: 3600 ns, Total: 46800 ns
[291.999s][info ][gc,start       ] GC(131) Pause Young (Allocation Failure)
[292.003s][debug][gc,phases      ] GC(131) Scavenge 3.862ms
[292.003s][debug][gc,ref         ] GC(131) Skipped phase 1 of Reference Processing: no references
[292.003s][debug][gc,ref         ] GC(131) ReferenceProcessor::execute queues: 1, RefProcThreadModel::Single, marks_oops_alive: false
[292.003s][debug][gc,ref         ] GC(131) Skipped phase 3 of Reference Processing: no references
[292.003s][debug][gc,ref         ] GC(131) Skipped phase 4 of Reference Processing: no references
[292.003s][debug][gc,phases      ] GC(131) Reference Processing 0.122ms
[292.003s][debug][gc,phases      ] GC(131)   VM Weak                        Min:  0.0, Avg:  0.0, Max:  0.0, Diff:  0.0, Sum:  0.0, Workers: 4
[292.003s][debug][gc,phases      ] GC(131)     Dead                           Min: 0, Avg:  0.0, Max: 0, Diff: 0, Sum: 0, Workers: 4
[292.003s][debug][gc,phases      ] GC(131)     Total                          Min: 0, Avg: 166.8, Max: 667, Diff: 667, Sum: 667, Workers: 4
[292.003s][debug][gc,phases      ] GC(131)   ObjectSynchronizer Weak        Min:  0.0, Avg:  0.0, Max:  0.0, Diff:  0.0, Sum:  0.0, Workers: 4
[292.003s][debug][gc,phases      ] GC(131)     Dead                           Min: 0, Avg:  0.0, Max: 0, Diff: 0, Sum: 0, Workers: 4
[292.003s][debug][gc,phases      ] GC(131)     Total                          Min: 0, Avg: 87.0, Max: 192, Diff: 192, Sum: 348, Workers: 4
[292.003s][debug][gc,phases      ] GC(131)   JVMTI Tag Weak OopStorage      Min:  0.0, Avg:  0.0, Max:  0.0, Diff:  0.0, Sum:  0.0, Workers: 4
[292.003s][debug][gc,phases      ] GC(131)     Dead                           Min: 0, Avg:  0.0, Max: 0, Diff: 0, Sum: 0, Workers: 4
[292.003s][debug][gc,phases      ] GC(131)     Total                          Min: 0, Avg:  0.0, Max: 0, Diff: 0, Sum: 0, Workers: 4
[292.003s][debug][gc,phases      ] GC(131)   StringTable Weak               Min:  0.1, Avg:  0.1, Max:  0.1, Diff:  0.0, Sum:  0.3, Workers: 4
[292.003s][debug][gc,phases      ] GC(131)     Dead                           Min: 0, Avg:  0.0, Max: 0, Diff: 0, Sum: 0, Workers: 4
[292.003s][debug][gc,phases      ] GC(131)     Total                          Min: 11584, Avg: 11970.2, Max: 12288, Diff: 704, Sum: 47881, Workers: 4
[292.003s][debug][gc,phases      ] GC(131)   ResolvedMethodTable Weak       Min:  0.0, Avg:  0.0, Max:  0.0, Diff:  0.0, Sum:  0.1, Workers: 4
[292.003s][debug][gc,phases      ] GC(131)     Dead                           Min: 0, Avg:  0.0, Max: 0, Diff: 0, Sum: 0, Workers: 4
[292.003s][debug][gc,phases      ] GC(131)     Total                          Min: 1491, Avg: 1979.8, Max: 2384, Diff: 893, Sum: 7919, Workers: 4
[292.003s][debug][gc,phases      ] GC(131)   JNI Weak                       Min:  0.0, Avg:  0.0, Max:  0.0, Diff:  0.0, Sum:  0.0, Workers: 4
[292.003s][debug][gc,phases      ] GC(131)     Dead                           Min: 0, Avg:  0.0, Max: 0, Diff: 0, Sum: 0, Workers: 4
[292.003s][debug][gc,phases      ] GC(131)     Total                          Min: 0, Avg:  0.0, Max: 0, Diff: 0, Sum: 0, Workers: 4
[292.003s][debug][gc,phases      ] GC(131)   StringDedup Table Weak         Min:  0.0, Avg:  0.0, Max:  0.0, Diff:  0.0, Sum:  0.0, Workers: 4
[292.003s][debug][gc,phases      ] GC(131)     Dead                           Min: 0, Avg:  0.0, Max: 0, Diff: 0, Sum: 0, Workers: 4
[292.003s][debug][gc,phases      ] GC(131)     Total                          Min: 0, Avg:  0.0, Max: 0, Diff: 0, Sum: 0, Workers: 4
[292.003s][debug][gc,phases      ] GC(131)   StringDedup Requests0 Weak     Min:  0.0, Avg:  0.0, Max:  0.0, Diff:  0.0, Sum:  0.0, Workers: 4
[292.003s][debug][gc,phases      ] GC(131)     Dead                           Min: 0, Avg:  0.0, Max: 0, Diff: 0, Sum: 0, Workers: 4
[292.003s][debug][gc,phases      ] GC(131)     Total                          Min: 0, Avg:  0.0, Max: 0, Diff: 0, Sum: 0, Workers: 4
[292.003s][debug][gc,phases      ] GC(131)   StringDedup Requests1 Weak     Min:  0.0, Avg:  0.0, Max:  0.0, Diff:  0.0, Sum:  0.0, Workers: 4
[292.003s][debug][gc,phases      ] GC(131)     Dead                           Min: 0, Avg:  0.0, Max: 0, Diff: 0, Sum: 0, Workers: 4
[292.003s][debug][gc,phases      ] GC(131)     Total                          Min: 0, Avg:  0.0, Max: 0, Diff: 0, Sum: 0, Workers: 4
[292.003s][debug][gc,phases      ] GC(131)   Weak JFR Old Object Samples    Min:  0.0, Avg:  0.0, Max:  0.0, Diff:  0.0, Sum:  0.0, Workers: 4
[292.003s][debug][gc,phases      ] GC(131)     Dead                           Min: 0, Avg:  0.0, Max: 0, Diff: 0, Sum: 0, Workers: 4
[292.003s][debug][gc,phases      ] GC(131)     Total                          Min: 0, Avg:  0.0, Max: 0, Diff: 0, Sum: 0, Workers: 4
[292.003s][debug][gc,phases      ] GC(131) Weak Processing 0.261ms
[292.003s][debug][gc,age         ] GC(131) Desired survivor size 89128960 bytes, new threshold 15 (max threshold 15)
[292.003s][info ][gc,heap        ] GC(131) PSYoungGen: 1918144K(2004480K)->4162K(2010112K) Eden: 1913344K(1913344K)->0K(1921024K) From: 4800K(91136K)->4162K(89088K)
[292.003s][info ][gc,heap        ] GC(131) ParOldGen: 554135K(614400K)->555199K(614400K)
[292.003s][info ][gc,metaspace   ] GC(131) Metaspace: 81709K(82560K)->81709K(82560K) NonClass: 70230K(70656K)->70230K(70656K) Class: 11478K(11904K)->11478K(11904K)
[292.003s][info ][gc             ] GC(131) Pause Young (Allocation Failure) 2414M->546M(2563M) 4.359ms
[292.003s][info ][gc,cpu         ] GC(131) User=0.02s Sys=0.00s Real=0.01s
[292.003s][info ][safepoint      ] Safepoint "ParallelGCFailedAllocation", Time since last: 2849037290 ns, Reaching safepoint: 103601 ns, At safepoint: 4431343 ns, Total: 4534944 ns
[293.003s][info ][safepoint      ] Safepoint "Cleanup", Time since last: 1000090616 ns, Reaching safepoint: 47300 ns, At safepoint: 10700 ns, Total: 58000 ns
[294.004s][info ][safepoint      ] Safepoint "Cleanup", Time since last: 1000109614 ns, Reaching safepoint: 111101 ns, At safepoint: 30601 ns, Total: 141702 ns
[295.004s][info ][safepoint      ] Safepoint "Cleanup", Time since last: 1000095712 ns, Reaching safepoint: 109901 ns, At safepoint: 10500 ns, Total: 120401 ns
[296.004s][info ][safepoint      ] Safepoint "Cleanup", Time since last: 1000069010 ns, Reaching safepoint: 128701 ns, At safepoint: 14600 ns, Total: 143301 ns
[301.005s][info ][safepoint      ] Safepoint "Cleanup", Time since last: 5000349520 ns, Reaching safepoint: 125202 ns, At safepoint: 10600 ns, Total: 135802 ns
[302.005s][info ][safepoint      ] Safepoint "Cleanup", Time since last: 1000103098 ns, Reaching safepoint: 122902 ns, At safepoint: 14800 ns, Total: 137702 ns
[303.005s][info ][safepoint      ] Safepoint "Cleanup", Time since last: 1000106596 ns, Reaching safepoint: 109102 ns, At safepoint: 7000 ns, Total: 116102 ns
[303.205s][info ][gc,start       ] GC(132) Pause Young (Allocation Failure)
[303.209s][debug][gc,phases      ] GC(132) Scavenge 3.853ms
[303.209s][debug][gc,ref         ] GC(132) Skipped phase 1 of Reference Processing: no references
[303.209s][debug][gc,ref         ] GC(132) ReferenceProcessor::execute queues: 1, RefProcThreadModel::Single, marks_oops_alive: false
[303.209s][debug][gc,ref         ] GC(132) Skipped phase 3 of Reference Processing: no references
[303.209s][debug][gc,ref         ] GC(132) Skipped phase 4 of Reference Processing: no references
[303.209s][debug][gc,phases      ] GC(132) Reference Processing 0.113ms
[303.210s][debug][gc,phases      ] GC(132)   VM Weak                        Min:  0.0, Avg:  0.0, Max:  0.0, Diff:  0.0, Sum:  0.0, Workers: 4
[303.210s][debug][gc,phases      ] GC(132)     Dead                           Min: 0, Avg:  0.0, Max: 0, Diff: 0, Sum: 0, Workers: 4
[303.210s][debug][gc,phases      ] GC(132)     Total                          Min: 0, Avg: 166.8, Max: 640, Diff: 640, Sum: 667, Workers: 4
[303.210s][debug][gc,phases      ] GC(132)   ObjectSynchronizer Weak        Min:  0.0, Avg:  0.0, Max:  0.0, Diff:  0.0, Sum:  0.0, Workers: 4
[303.210s][debug][gc,phases      ] GC(132)     Dead                           Min: 0, Avg:  0.0, Max: 0, Diff: 0, Sum: 0, Workers: 4
[303.210s][debug][gc,phases      ] GC(132)     Total                          Min: 0, Avg: 87.0, Max: 220, Diff: 220, Sum: 348, Workers: 4
[303.210s][debug][gc,phases      ] GC(132)   JVMTI Tag Weak OopStorage      Min:  0.0, Avg:  0.0, Max:  0.0, Diff:  0.0, Sum:  0.0, Workers: 4
[303.210s][debug][gc,phases      ] GC(132)     Dead                           Min: 0, Avg:  0.0, Max: 0, Diff: 0, Sum: 0, Workers: 4
[303.210s][debug][gc,phases      ] GC(132)     Total                          Min: 0, Avg:  0.0, Max: 0, Diff: 0, Sum: 0, Workers: 4
[303.210s][debug][gc,phases      ] GC(132)   StringTable Weak               Min:  0.1, Avg:  0.1, Max:  0.1, Diff:  0.0, Sum:  0.3, Workers: 4
[303.210s][debug][gc,phases      ] GC(132)     Dead                           Min: 0, Avg:  0.0, Max: 0, Diff: 0, Sum: 0, Workers: 4
[303.210s][debug][gc,phases      ] GC(132)     Total                          Min: 9664, Avg: 11975.0, Max: 15232, Diff: 5568, Sum: 47900, Workers: 4
[303.210s][debug][gc,phases      ] GC(132)   ResolvedMethodTable Weak       Min:  0.0, Avg:  0.0, Max:  0.0, Diff:  0.0, Sum:  0.1, Workers: 4
[303.210s][debug][gc,phases      ] GC(132)     Dead                           Min: 0, Avg:  0.2, Max: 1, Diff: 1, Sum: 1, Workers: 4
[303.210s][debug][gc,phases      ] GC(132)     Total                          Min: 1618, Avg: 1980.0, Max: 2347, Diff: 729, Sum: 7920, Workers: 4
[303.210s][debug][gc,phases      ] GC(132)   JNI Weak                       Min:  0.0, Avg:  0.0, Max:  0.0, Diff:  0.0, Sum:  0.0, Workers: 4
[303.210s][debug][gc,phases      ] GC(132)     Dead                           Min: 0, Avg:  0.0, Max: 0, Diff: 0, Sum: 0, Workers: 4
[303.210s][debug][gc,phases      ] GC(132)     Total                          Min: 0, Avg:  0.0, Max: 0, Diff: 0, Sum: 0, Workers: 4
[303.210s][debug][gc,phases      ] GC(132)   StringDedup Table Weak         Min:  0.0, Avg:  0.0, Max:  0.0, Diff:  0.0, Sum:  0.0, Workers: 4
[303.210s][debug][gc,phases      ] GC(132)     Dead                           Min: 0, Avg:  0.0, Max: 0, Diff: 0, Sum: 0, Workers: 4
[303.210s][debug][gc,phases      ] GC(132)     Total                          Min: 0, Avg:  0.0, Max: 0, Diff: 0, Sum: 0, Workers: 4
[303.210s][debug][gc,phases      ] GC(132)   StringDedup Requests0 Weak     Min:  0.0, Avg:  0.0, Max:  0.0, Diff:  0.0, Sum:  0.0, Workers: 4
[303.210s][debug][gc,phases      ] GC(132)     Dead                           Min: 0, Avg:  0.0, Max: 0, Diff: 0, Sum: 0, Workers: 4
[303.210s][debug][gc,phases      ] GC(132)     Total                          Min: 0, Avg:  0.0, Max: 0, Diff: 0, Sum: 0, Workers: 4
[303.210s][debug][gc,phases      ] GC(132)   StringDedup Requests1 Weak     Min:  0.0, Avg:  0.0, Max:  0.0, Diff:  0.0, Sum:  0.0, Workers: 4
[303.210s][debug][gc,phases      ] GC(132)     Dead                           Min: 0, Avg:  0.0, Max: 0, Diff: 0, Sum: 0, Workers: 4
[303.210s][debug][gc,phases      ] GC(132)     Total                          Min: 0, Avg:  0.0, Max: 0, Diff: 0, Sum: 0, Workers: 4
[303.210s][debug][gc,phases      ] GC(132)   Weak JFR Old Object Samples    Min:  0.0, Avg:  0.0, Max:  0.0, Diff:  0.0, Sum:  0.0, Workers: 4
[303.210s][debug][gc,phases      ] GC(132)     Dead                           Min: 0, Avg:  0.0, Max: 0, Diff: 0, Sum: 0, Workers: 4
[303.210s][debug][gc,phases      ] GC(132)     Total                          Min: 0, Avg:  0.0, Max: 0, Diff: 0, Sum: 0, Workers: 4
[303.210s][debug][gc,phases      ] GC(132) Weak Processing 0.281ms
[303.210s][debug][gc,age         ] GC(132) Desired survivor size 86507520 bytes, new threshold 15 (max threshold 15)
[303.210s][info ][gc,heap        ] GC(132) PSYoungGen: 1925186K(2010112K)->3104K(2008064K) Eden: 1921024K(1921024K)->0K(1921024K) From: 4162K(89088K)->3104K(87040K)
[303.210s][info ][gc,heap        ] GC(132) ParOldGen: 555199K(614400K)->555911K(614400K)
[303.210s][info ][gc,metaspace   ] GC(132) Metaspace: 81745K(82560K)->81745K(82560K) NonClass: 70264K(70656K)->70264K(70656K) Class: 11480K(11904K)->11480K(11904K)
[303.210s][info ][gc             ] GC(132) Pause Young (Allocation Failure) 2422M->545M(2561M) 4.345ms
[303.210s][info ][gc,cpu         ] GC(132) User=0.02s Sys=0.00s Real=0.01s
[303.210s][info ][safepoint      ] Safepoint "ParallelGCFailedAllocation", Time since last: 200317541 ns, Reaching safepoint: 38301 ns, At safepoint: 4417143 ns, Total: 4455444 ns
[305.210s][info ][safepoint      ] Safepoint "Cleanup", Time since last: 2000150186 ns, Reaching safepoint: 106001 ns, At safepoint: 5700 ns, Total: 111701 ns
[307.210s][info ][safepoint      ] Safepoint "Cleanup", Time since last: 2000147979 ns, Reaching safepoint: 33200 ns, At safepoint: 3500 ns, Total: 36700 ns
[308.210s][info ][safepoint      ] Safepoint "Cleanup", Time since last: 1000105187 ns, Reaching safepoint: 47000 ns, At safepoint: 8501 ns, Total: 55501 ns
[309.211s][info ][safepoint      ] Safepoint "Cleanup", Time since last: 1000102484 ns, Reaching safepoint: 40001 ns, At safepoint: 7400 ns, Total: 47401 ns
[311.211s][info ][safepoint      ] Safepoint "Cleanup", Time since last: 2000158364 ns, Reaching safepoint: 54400 ns, At safepoint: 5000 ns, Total: 59400 ns
[315.211s][info ][safepoint      ] Safepoint "Cleanup", Time since last: 4000335605 ns, Reaching safepoint: 45601 ns, At safepoint: 11700 ns, Total: 57301 ns
[315.506s][info ][gc,start       ] GC(133) Pause Young (Allocation Failure)
[315.509s][debug][gc,phases      ] GC(133) Scavenge 3.023ms
[315.509s][debug][gc,ref         ] GC(133) Skipped phase 1 of Reference Processing: no references
[315.509s][debug][gc,ref         ] GC(133) ReferenceProcessor::execute queues: 1, RefProcThreadModel::Single, marks_oops_alive: false
[315.509s][debug][gc,ref         ] GC(133) Skipped phase 3 of Reference Processing: no references
[315.509s][debug][gc,ref         ] GC(133) Skipped phase 4 of Reference Processing: no references
[315.509s][debug][gc,phases      ] GC(133) Reference Processing 0.100ms
[315.509s][debug][gc,phases      ] GC(133)   VM Weak                        Min:  0.0, Avg:  0.0, Max:  0.0, Diff:  0.0, Sum:  0.0, Workers: 4
[315.509s][debug][gc,phases      ] GC(133)     Dead                           Min: 0, Avg:  0.0, Max: 0, Diff: 0, Sum: 0, Workers: 4
[315.509s][debug][gc,phases      ] GC(133)     Total                          Min: 0, Avg: 166.8, Max: 667, Diff: 667, Sum: 667, Workers: 4
[315.509s][debug][gc,phases      ] GC(133)   ObjectSynchronizer Weak        Min:  0.0, Avg:  0.0, Max:  0.0, Diff:  0.0, Sum:  0.0, Workers: 4
[315.509s][debug][gc,phases      ] GC(133)     Dead                           Min: 0, Avg:  0.0, Max: 0, Diff: 0, Sum: 0, Workers: 4
[315.509s][debug][gc,phases      ] GC(133)     Total                          Min: 0, Avg: 87.0, Max: 220, Diff: 220, Sum: 348, Workers: 4
[315.509s][debug][gc,phases      ] GC(133)   JVMTI Tag Weak OopStorage      Min:  0.0, Avg:  0.0, Max:  0.0, Diff:  0.0, Sum:  0.0, Workers: 4
[315.509s][debug][gc,phases      ] GC(133)     Dead                           Min: 0, Avg:  0.0, Max: 0, Diff: 0, Sum: 0, Workers: 4
[315.509s][debug][gc,phases      ] GC(133)     Total                          Min: 0, Avg:  0.0, Max: 0, Diff: 0, Sum: 0, Workers: 4
[315.509s][debug][gc,phases      ] GC(133)   StringTable Weak               Min:  0.1, Avg:  0.1, Max:  0.1, Diff:  0.0, Sum:  0.3, Workers: 4
[315.509s][debug][gc,phases      ] GC(133)     Dead                           Min: 0, Avg:  0.0, Max: 0, Diff: 0, Sum: 0, Workers: 4
[315.509s][debug][gc,phases      ] GC(133)     Total                          Min: 9024, Avg: 11978.2, Max: 14720, Diff: 5696, Sum: 47913, Workers: 4
[315.509s][debug][gc,phases      ] GC(133)   ResolvedMethodTable Weak       Min:  0.0, Avg:  0.0, Max:  0.0, Diff:  0.0, Sum:  0.1, Workers: 4
[315.510s][debug][gc,phases      ] GC(133)     Dead                           Min: 0, Avg:  0.0, Max: 0, Diff: 0, Sum: 0, Workers: 4
[315.510s][debug][gc,phases      ] GC(133)     Total                          Min: 1719, Avg: 1980.0, Max: 2560, Diff: 841, Sum: 7920, Workers: 4
[315.510s][debug][gc,phases      ] GC(133)   JNI Weak                       Min:  0.0, Avg:  0.0, Max:  0.0, Diff:  0.0, Sum:  0.0, Workers: 4
[315.510s][debug][gc,phases      ] GC(133)     Dead                           Min: 0, Avg:  0.0, Max: 0, Diff: 0, Sum: 0, Workers: 4
[315.510s][debug][gc,phases      ] GC(133)     Total                          Min: 0, Avg:  0.0, Max: 0, Diff: 0, Sum: 0, Workers: 4
[315.510s][debug][gc,phases      ] GC(133)   StringDedup Table Weak         Min:  0.0, Avg:  0.0, Max:  0.0, Diff:  0.0, Sum:  0.0, Workers: 4
[315.510s][debug][gc,phases      ] GC(133)     Dead                           Min: 0, Avg:  0.0, Max: 0, Diff: 0, Sum: 0, Workers: 4
[315.510s][debug][gc,phases      ] GC(133)     Total                          Min: 0, Avg:  0.0, Max: 0, Diff: 0, Sum: 0, Workers: 4
[315.510s][debug][gc,phases      ] GC(133)   StringDedup Requests0 Weak     Min:  0.0, Avg:  0.0, Max:  0.0, Diff:  0.0, Sum:  0.0, Workers: 4
[315.510s][debug][gc,phases      ] GC(133)     Dead                           Min: 0, Avg:  0.0, Max: 0, Diff: 0, Sum: 0, Workers: 4
[315.510s][debug][gc,phases      ] GC(133)     Total                          Min: 0, Avg:  0.0, Max: 0, Diff: 0, Sum: 0, Workers: 4
[315.510s][debug][gc,phases      ] GC(133)   StringDedup Requests1 Weak     Min:  0.0, Avg:  0.0, Max:  0.0, Diff:  0.0, Sum:  0.0, Workers: 4
[315.510s][debug][gc,phases      ] GC(133)     Dead                           Min: 0, Avg:  0.0, Max: 0, Diff: 0, Sum: 0, Workers: 4
[315.510s][debug][gc,phases      ] GC(133)     Total                          Min: 0, Avg:  0.0, Max: 0, Diff: 0, Sum: 0, Workers: 4
[315.510s][debug][gc,phases      ] GC(133)   Weak JFR Old Object Samples    Min:  0.0, Avg:  0.0, Max:  0.0, Diff:  0.0, Sum:  0.0, Workers: 4
[315.510s][debug][gc,phases      ] GC(133)     Dead                           Min: 0, Avg:  0.0, Max: 0, Diff: 0, Sum: 0, Workers: 4
[315.510s][debug][gc,phases      ] GC(133)     Total                          Min: 0, Avg:  0.0, Max: 0, Diff: 0, Sum: 0, Workers: 4
[315.510s][debug][gc,phases      ] GC(133) Weak Processing 0.281ms
[315.510s][debug][gc,age         ] GC(133) Desired survivor size 83361792 bytes, new threshold 15 (max threshold 15)
[315.510s][info ][gc,heap        ] GC(133) PSYoungGen: 1924128K(2008064K)->2928K(2015744K) Eden: 1921024K(1921024K)->0K(1931264K) From: 3104K(87040K)->2928K(84480K)
[315.510s][info ][gc,heap        ] GC(133) ParOldGen: 555911K(614400K)->556139K(614400K)
[315.510s][info ][gc,metaspace   ] GC(133) Metaspace: 81750K(82624K)->81750K(82624K) NonClass: 70269K(70720K)->70269K(70720K) Class: 11480K(11904K)->11480K(11904K)
[315.510s][info ][gc             ] GC(133) Pause Young (Allocation Failure) 2421M->545M(2568M) 3.507ms
[315.510s][info ][gc,cpu         ] GC(133) User=0.01s Sys=0.00s Real=0.01s
[315.510s][info ][safepoint      ] Safepoint "ParallelGCFailedAllocation", Time since last: 294896352 ns, Reaching safepoint: 31700 ns, At safepoint: 3569835 ns, Total: 3601535 ns
[316.510s][info ][safepoint      ] Safepoint "Cleanup", Time since last: 1000085971 ns, Reaching safepoint: 129001 ns, At safepoint: 10200 ns, Total: 139201 ns
[317.510s][info ][safepoint      ] Safepoint "Cleanup", Time since last: 1000099769 ns, Reaching safepoint: 54101 ns, At safepoint: 5600 ns, Total: 59701 ns
[327.705s][info ][gc,start       ] GC(134) Pause Young (Allocation Failure)
[327.707s][debug][gc,phases      ] GC(134) Scavenge 2.537ms
[327.708s][debug][gc,ref         ] GC(134) Skipped phase 1 of Reference Processing: no references
[327.708s][debug][gc,ref         ] GC(134) ReferenceProcessor::execute queues: 1, RefProcThreadModel::Single, marks_oops_alive: false
[327.708s][debug][gc,ref         ] GC(134) Skipped phase 3 of Reference Processing: no references
[327.708s][debug][gc,ref         ] GC(134) Skipped phase 4 of Reference Processing: no references
[327.708s][debug][gc,phases      ] GC(134) Reference Processing 0.102ms
[327.708s][debug][gc,phases      ] GC(134)   VM Weak                        Min:  0.0, Avg:  0.0, Max:  0.0, Diff:  0.0, Sum:  0.0, Workers: 4
[327.708s][debug][gc,phases      ] GC(134)     Dead                           Min: 0, Avg:  0.0, Max: 0, Diff: 0, Sum: 0, Workers: 4
[327.708s][debug][gc,phases      ] GC(134)     Total                          Min: 0, Avg: 166.8, Max: 667, Diff: 667, Sum: 667, Workers: 4
[327.708s][debug][gc,phases      ] GC(134)   ObjectSynchronizer Weak        Min:  0.0, Avg:  0.0, Max:  0.0, Diff:  0.0, Sum:  0.0, Workers: 4
[327.708s][debug][gc,phases      ] GC(134)     Dead                           Min: 0, Avg:  0.0, Max: 0, Diff: 0, Sum: 0, Workers: 4
[327.708s][debug][gc,phases      ] GC(134)     Total                          Min: 0, Avg: 87.0, Max: 348, Diff: 348, Sum: 348, Workers: 4
[327.708s][debug][gc,phases      ] GC(134)   JVMTI Tag Weak OopStorage      Min:  0.0, Avg:  0.0, Max:  0.0, Diff:  0.0, Sum:  0.0, Workers: 4
[327.708s][debug][gc,phases      ] GC(134)     Dead                           Min: 0, Avg:  0.0, Max: 0, Diff: 0, Sum: 0, Workers: 4
[327.708s][debug][gc,phases      ] GC(134)     Total                          Min: 0, Avg:  0.0, Max: 0, Diff: 0, Sum: 0, Workers: 4
[327.708s][debug][gc,phases      ] GC(134)   StringTable Weak               Min:  0.1, Avg:  0.1, Max:  0.1, Diff:  0.0, Sum:  0.4, Workers: 4
[327.708s][debug][gc,phases      ] GC(134)     Dead                           Min: 0, Avg:  0.0, Max: 0, Diff: 0, Sum: 0, Workers: 4
[327.708s][debug][gc,phases      ] GC(134)     Total                          Min: 9216, Avg: 11978.8, Max: 14955, Diff: 5739, Sum: 47915, Workers: 4
[327.708s][debug][gc,phases      ] GC(134)   ResolvedMethodTable Weak       Min:  0.0, Avg:  0.0, Max:  0.0, Diff:  0.0, Sum:  0.1, Workers: 4
[327.708s][debug][gc,phases      ] GC(134)     Dead                           Min: 0, Avg:  0.0, Max: 0, Diff: 0, Sum: 0, Workers: 4
[327.708s][debug][gc,phases      ] GC(134)     Total                          Min: 1743, Avg: 1980.0, Max: 2556, Diff: 813, Sum: 7920, Workers: 4
[327.708s][debug][gc,phases      ] GC(134)   JNI Weak                       Min:  0.0, Avg:  0.0, Max:  0.0, Diff:  0.0, Sum:  0.0, Workers: 4
[327.708s][debug][gc,phases      ] GC(134)     Dead                           Min: 0, Avg:  0.0, Max: 0, Diff: 0, Sum: 0, Workers: 4
[327.708s][debug][gc,phases      ] GC(134)     Total                          Min: 0, Avg:  0.0, Max: 0, Diff: 0, Sum: 0, Workers: 4
[327.708s][debug][gc,phases      ] GC(134)   StringDedup Table Weak         Min:  0.0, Avg:  0.0, Max:  0.0, Diff:  0.0, Sum:  0.0, Workers: 4
[327.708s][debug][gc,phases      ] GC(134)     Dead                           Min: 0, Avg:  0.0, Max: 0, Diff: 0, Sum: 0, Workers: 4
[327.708s][debug][gc,phases      ] GC(134)     Total                          Min: 0, Avg:  0.0, Max: 0, Diff: 0, Sum: 0, Workers: 4
[327.708s][debug][gc,phases      ] GC(134)   StringDedup Requests0 Weak     Min:  0.0, Avg:  0.0, Max:  0.0, Diff:  0.0, Sum:  0.0, Workers: 4
[327.708s][debug][gc,phases      ] GC(134)     Dead                           Min: 0, Avg:  0.0, Max: 0, Diff: 0, Sum: 0, Workers: 4
[327.708s][debug][gc,phases      ] GC(134)     Total                          Min: 0, Avg:  0.0, Max: 0, Diff: 0, Sum: 0, Workers: 4
[327.708s][debug][gc,phases      ] GC(134)   StringDedup Requests1 Weak     Min:  0.0, Avg:  0.0, Max:  0.0, Diff:  0.0, Sum:  0.0, Workers: 4
[327.708s][debug][gc,phases      ] GC(134)     Dead                           Min: 0, Avg:  0.0, Max: 0, Diff: 0, Sum: 0, Workers: 4
[327.708s][debug][gc,phases      ] GC(134)     Total                          Min: 0, Avg:  0.0, Max: 0, Diff: 0, Sum: 0, Workers: 4
[327.708s][debug][gc,phases      ] GC(134)   Weak JFR Old Object Samples    Min:  0.0, Avg:  0.0, Max:  0.0, Diff:  0.0, Sum:  0.0, Workers: 4
[327.708s][debug][gc,phases      ] GC(134)     Dead                           Min: 0, Avg:  0.0, Max: 0, Diff: 0, Sum: 0, Workers: 4
[327.708s][debug][gc,phases      ] GC(134)     Total                          Min: 0, Avg:  0.0, Max: 0, Diff: 0, Sum: 0, Workers: 4
[327.708s][debug][gc,phases      ] GC(134) Weak Processing 0.298ms
[327.708s][debug][gc,age         ] GC(134) Desired survivor size 80216064 bytes, new threshold 15 (max threshold 15)
[327.708s][info ][gc,heap        ] GC(134) PSYoungGen: 1934192K(2015744K)->2816K(2012672K) Eden: 1931264K(1931264K)->0K(1931264K) From: 2928K(84480K)->2816K(81408K)
[327.708s][info ][gc,heap        ] GC(134) ParOldGen: 556139K(614400K)->556231K(614400K)
[327.708s][info ][gc,metaspace   ] GC(134) Metaspace: 81762K(82624K)->81762K(82624K) NonClass: 70282K(70720K)->70282K(70720K) Class: 11480K(11904K)->11480K(11904K)
[327.708s][info ][gc             ] GC(134) Pause Young (Allocation Failure) 2431M->545M(2565M) 3.031ms
[327.708s][info ][gc,cpu         ] GC(134) User=0.01s Sys=0.00s Real=0.01s
[327.708s][info ][safepoint      ] Safepoint "ParallelGCFailedAllocation", Time since last: 10194809062 ns, Reaching safepoint: 55901 ns, At safepoint: 3093529 ns, Total: 3149430 ns
[334.709s][info ][safepoint      ] Safepoint "Cleanup", Time since last: 7000482002 ns, Reaching safepoint: 132301 ns, At safepoint: 8300 ns, Total: 140601 ns
[335.709s][info ][safepoint      ] Safepoint "Cleanup", Time since last: 1000100936 ns, Reaching safepoint: 113901 ns, At safepoint: 10500 ns, Total: 124401 ns
[336.709s][info ][safepoint      ] Safepoint "Cleanup", Time since last: 1000096435 ns, Reaching safepoint: 119001 ns, At safepoint: 14900 ns, Total: 133901 ns
[337.709s][info ][safepoint      ] Safepoint "Cleanup", Time since last: 1000117033 ns, Reaching safepoint: 113301 ns, At safepoint: 10800 ns, Total: 124101 ns
[339.565s][info ][gc,start       ] GC(135) Pause Young (Allocation Failure)
[339.568s][debug][gc,phases      ] GC(135) Scavenge 2.789ms
[339.568s][debug][gc,ref         ] GC(135) Skipped phase 1 of Reference Processing: no references
[339.568s][debug][gc,ref         ] GC(135) ReferenceProcessor::execute queues: 1, RefProcThreadModel::Single, marks_oops_alive: false
[339.568s][debug][gc,ref         ] GC(135) Skipped phase 3 of Reference Processing: no references
[339.568s][debug][gc,ref         ] GC(135) ReferenceProcessor::execute queues: 1, RefProcThreadModel::Single, marks_oops_alive: false
[339.568s][debug][gc,phases      ] GC(135) Reference Processing 0.104ms
[339.568s][debug][gc,phases      ] GC(135)   VM Weak                        Min:  0.0, Avg:  0.0, Max:  0.0, Diff:  0.0, Sum:  0.0, Workers: 4
[339.568s][debug][gc,phases      ] GC(135)     Dead                           Min: 0, Avg:  0.0, Max: 0, Diff: 0, Sum: 0, Workers: 4
[339.568s][debug][gc,phases      ] GC(135)     Total                          Min: 0, Avg: 166.8, Max: 667, Diff: 667, Sum: 667, Workers: 4
[339.568s][debug][gc,phases      ] GC(135)   ObjectSynchronizer Weak        Min:  0.0, Avg:  0.0, Max:  0.0, Diff:  0.0, Sum:  0.0, Workers: 4
[339.568s][debug][gc,phases      ] GC(135)     Dead                           Min: 0, Avg:  0.0, Max: 0, Diff: 0, Sum: 0, Workers: 4
[339.568s][debug][gc,phases      ] GC(135)     Total                          Min: 0, Avg: 87.0, Max: 348, Diff: 348, Sum: 348, Workers: 4
[339.568s][debug][gc,phases      ] GC(135)   JVMTI Tag Weak OopStorage      Min:  0.0, Avg:  0.0, Max:  0.0, Diff:  0.0, Sum:  0.0, Workers: 4
[339.568s][debug][gc,phases      ] GC(135)     Dead                           Min: 0, Avg:  0.0, Max: 0, Diff: 0, Sum: 0, Workers: 4
[339.568s][debug][gc,phases      ] GC(135)     Total                          Min: 0, Avg:  0.0, Max: 0, Diff: 0, Sum: 0, Workers: 4
[339.568s][debug][gc,phases      ] GC(135)   StringTable Weak               Min:  0.1, Avg:  0.1, Max:  0.1, Diff:  0.0, Sum:  0.3, Workers: 4
[339.568s][debug][gc,phases      ] GC(135)     Dead                           Min: 0, Avg:  0.0, Max: 0, Diff: 0, Sum: 0, Workers: 4
[339.568s][debug][gc,phases      ] GC(135)     Total                          Min: 9020, Avg: 11983.0, Max: 13504, Diff: 4484, Sum: 47932, Workers: 4
[339.568s][debug][gc,phases      ] GC(135)   ResolvedMethodTable Weak       Min:  0.0, Avg:  0.0, Max:  0.0, Diff:  0.0, Sum:  0.1, Workers: 4
[339.568s][debug][gc,phases      ] GC(135)     Dead                           Min: 0, Avg:  0.0, Max: 0, Diff: 0, Sum: 0, Workers: 4
[339.568s][debug][gc,phases      ] GC(135)     Total                          Min: 1509, Avg: 1981.2, Max: 2201, Diff: 692, Sum: 7925, Workers: 4
[339.568s][debug][gc,phases      ] GC(135)   JNI Weak                       Min:  0.0, Avg:  0.0, Max:  0.0, Diff:  0.0, Sum:  0.0, Workers: 4
[339.568s][debug][gc,phases      ] GC(135)     Dead                           Min: 0, Avg:  0.0, Max: 0, Diff: 0, Sum: 0, Workers: 4
[339.568s][debug][gc,phases      ] GC(135)     Total                          Min: 0, Avg:  0.0, Max: 0, Diff: 0, Sum: 0, Workers: 4
[339.568s][debug][gc,phases      ] GC(135)   StringDedup Table Weak         Min:  0.0, Avg:  0.0, Max:  0.0, Diff:  0.0, Sum:  0.0, Workers: 4
[339.568s][debug][gc,phases      ] GC(135)     Dead                           Min: 0, Avg:  0.0, Max: 0, Diff: 0, Sum: 0, Workers: 4
[339.568s][debug][gc,phases      ] GC(135)     Total                          Min: 0, Avg:  0.0, Max: 0, Diff: 0, Sum: 0, Workers: 4
[339.568s][debug][gc,phases      ] GC(135)   StringDedup Requests0 Weak     Min:  0.0, Avg:  0.0, Max:  0.0, Diff:  0.0, Sum:  0.0, Workers: 4
[339.568s][debug][gc,phases      ] GC(135)     Dead                           Min: 0, Avg:  0.0, Max: 0, Diff: 0, Sum: 0, Workers: 4
[339.568s][debug][gc,phases      ] GC(135)     Total                          Min: 0, Avg:  0.0, Max: 0, Diff: 0, Sum: 0, Workers: 4
[339.568s][debug][gc,phases      ] GC(135)   StringDedup Requests1 Weak     Min:  0.0, Avg:  0.0, Max:  0.0, Diff:  0.0, Sum:  0.0, Workers: 4
[339.568s][debug][gc,phases      ] GC(135)     Dead                           Min: 0, Avg:  0.0, Max: 0, Diff: 0, Sum: 0, Workers: 4
[339.568s][debug][gc,phases      ] GC(135)     Total                          Min: 0, Avg:  0.0, Max: 0, Diff: 0, Sum: 0, Workers: 4
[339.568s][debug][gc,phases      ] GC(135)   Weak JFR Old Object Samples    Min:  0.0, Avg:  0.0, Max:  0.0, Diff:  0.0, Sum:  0.0, Workers: 4
[339.568s][debug][gc,phases      ] GC(135)     Dead                           Min: 0, Avg:  0.0, Max: 0, Diff: 0, Sum: 0, Workers: 4
[339.568s][debug][gc,phases      ] GC(135)     Total                          Min: 0, Avg:  0.0, Max: 0, Diff: 0, Sum: 0, Workers: 4
[339.568s][debug][gc,phases      ] GC(135) Weak Processing 0.266ms
[339.568s][debug][gc,age         ] GC(135) Desired survivor size 77070336 bytes, new threshold 15 (max threshold 15)
[339.568s][info ][gc,heap        ] GC(135) PSYoungGen: 1934080K(2012672K)->2800K(2021888K) Eden: 1931264K(1931264K)->0K(1943552K) From: 2816K(81408K)->2800K(78336K)
[339.568s][info ][gc,heap        ] GC(135) ParOldGen: 556231K(614400K)->556279K(614400K)
[339.568s][info ][gc,metaspace   ] GC(135) Metaspace: 81774K(82624K)->81774K(82624K) NonClass: 70292K(70720K)->70292K(70720K) Class: 11482K(11904K)->11482K(11904K)
[339.568s][info ][gc             ] GC(135) Pause Young (Allocation Failure) 2431M->545M(2574M) 3.262ms
[339.568s][info ][gc,cpu         ] GC(135) User=0.02s Sys=0.00s Real=0.01s
[339.568s][info ][safepoint      ] Safepoint "ParallelGCFailedAllocation", Time since last: 1855525167 ns, Reaching safepoint: 38300 ns, At safepoint: 3336332 ns, Total: 3374632 ns
[340.568s][info ][safepoint      ] Safepoint "Cleanup", Time since last: 1000083928 ns, Reaching safepoint: 47900 ns, At safepoint: 18500 ns, Total: 66400 ns
[342.569s][info ][safepoint      ] Safepoint "Cleanup", Time since last: 2000190050 ns, Reaching safepoint: 46400 ns, At safepoint: 3400 ns, Total: 49800 ns
[349.569s][info ][safepoint      ] Safepoint "Cleanup", Time since last: 7000494916 ns, Reaching safepoint: 59101 ns, At safepoint: 9000 ns, Total: 68101 ns
[351.804s][info ][gc,start       ] GC(136) Pause Young (Allocation Failure)
[351.807s][debug][gc,phases      ] GC(136) Scavenge 2.806ms
[351.807s][debug][gc,ref         ] GC(136) Skipped phase 1 of Reference Processing: no references
[351.807s][debug][gc,ref         ] GC(136) ReferenceProcessor::execute queues: 1, RefProcThreadModel::Single, marks_oops_alive: false
[351.807s][debug][gc,ref         ] GC(136) Skipped phase 3 of Reference Processing: no references
[351.807s][debug][gc,ref         ] GC(136) Skipped phase 4 of Reference Processing: no references
[351.807s][debug][gc,phases      ] GC(136) Reference Processing 0.105ms
[351.807s][debug][gc,phases      ] GC(136)   VM Weak                        Min:  0.0, Avg:  0.0, Max:  0.0, Diff:  0.0, Sum:  0.0, Workers: 4
[351.807s][debug][gc,phases      ] GC(136)     Dead                           Min: 0, Avg:  0.0, Max: 0, Diff: 0, Sum: 0, Workers: 4
[351.807s][debug][gc,phases      ] GC(136)     Total                          Min: 0, Avg: 166.8, Max: 667, Diff: 667, Sum: 667, Workers: 4
[351.807s][debug][gc,phases      ] GC(136)   ObjectSynchronizer Weak        Min:  0.0, Avg:  0.0, Max:  0.0, Diff:  0.0, Sum:  0.0, Workers: 4
[351.807s][debug][gc,phases      ] GC(136)     Dead                           Min: 0, Avg:  0.0, Max: 0, Diff: 0, Sum: 0, Workers: 4
[351.807s][debug][gc,phases      ] GC(136)     Total                          Min: 0, Avg: 87.0, Max: 156, Diff: 156, Sum: 348, Workers: 4
[351.807s][debug][gc,phases      ] GC(136)   JVMTI Tag Weak OopStorage      Min:  0.0, Avg:  0.0, Max:  0.0, Diff:  0.0, Sum:  0.0, Workers: 4
[351.807s][debug][gc,phases      ] GC(136)     Dead                           Min: 0, Avg:  0.0, Max: 0, Diff: 0, Sum: 0, Workers: 4
[351.807s][debug][gc,phases      ] GC(136)     Total                          Min: 0, Avg:  0.0, Max: 0, Diff: 0, Sum: 0, Workers: 4
[351.807s][debug][gc,phases      ] GC(136)   StringTable Weak               Min:  0.1, Avg:  0.1, Max:  0.1, Diff:  0.0, Sum:  0.4, Workers: 4
[351.807s][debug][gc,phases      ] GC(136)     Dead                           Min: 0, Avg:  0.0, Max: 0, Diff: 0, Sum: 0, Workers: 4
[351.807s][debug][gc,phases      ] GC(136)     Total                          Min: 9792, Avg: 11983.0, Max: 15296, Diff: 5504, Sum: 47932, Workers: 4
[351.807s][debug][gc,phases      ] GC(136)   ResolvedMethodTable Weak       Min:  0.0, Avg:  0.0, Max:  0.0, Diff:  0.0, Sum:  0.1, Workers: 4
[351.807s][debug][gc,phases      ] GC(136)     Dead                           Min: 0, Avg:  0.0, Max: 0, Diff: 0, Sum: 0, Workers: 4
[351.807s][debug][gc,phases      ] GC(136)     Total                          Min: 1512, Avg: 1981.2, Max: 2511, Diff: 999, Sum: 7925, Workers: 4
[351.807s][debug][gc,phases      ] GC(136)   JNI Weak                       Min:  0.0, Avg:  0.0, Max:  0.0, Diff:  0.0, Sum:  0.0, Workers: 4
[351.807s][debug][gc,phases      ] GC(136)     Dead                           Min: 0, Avg:  0.0, Max: 0, Diff: 0, Sum: 0, Workers: 4
[351.807s][debug][gc,phases      ] GC(136)     Total                          Min: 0, Avg:  0.0, Max: 0, Diff: 0, Sum: 0, Workers: 4
[351.807s][debug][gc,phases      ] GC(136)   StringDedup Table Weak         Min:  0.0, Avg:  0.0, Max:  0.0, Diff:  0.0, Sum:  0.0, Workers: 4
[351.807s][debug][gc,phases      ] GC(136)     Dead                           Min: 0, Avg:  0.0, Max: 0, Diff: 0, Sum: 0, Workers: 4
[351.807s][debug][gc,phases      ] GC(136)     Total                          Min: 0, Avg:  0.0, Max: 0, Diff: 0, Sum: 0, Workers: 4
[351.807s][debug][gc,phases      ] GC(136)   StringDedup Requests0 Weak     Min:  0.0, Avg:  0.0, Max:  0.0, Diff:  0.0, Sum:  0.0, Workers: 4
[351.807s][debug][gc,phases      ] GC(136)     Dead                           Min: 0, Avg:  0.0, Max: 0, Diff: 0, Sum: 0, Workers: 4
[351.807s][debug][gc,phases      ] GC(136)     Total                          Min: 0, Avg:  0.0, Max: 0, Diff: 0, Sum: 0, Workers: 4
[351.807s][debug][gc,phases      ] GC(136)   StringDedup Requests1 Weak     Min:  0.0, Avg:  0.0, Max:  0.0, Diff:  0.0, Sum:  0.0, Workers: 4
[351.807s][debug][gc,phases      ] GC(136)     Dead                           Min: 0, Avg:  0.0, Max: 0, Diff: 0, Sum: 0, Workers: 4
[351.807s][debug][gc,phases      ] GC(136)     Total                          Min: 0, Avg:  0.0, Max: 0, Diff: 0, Sum: 0, Workers: 4
[351.807s][debug][gc,phases      ] GC(136)   Weak JFR Old Object Samples    Min:  0.0, Avg:  0.0, Max:  0.0, Diff:  0.0, Sum:  0.0, Workers: 4
[351.807s][debug][gc,phases      ] GC(136)     Dead                           Min: 0, Avg:  0.0, Max: 0, Diff: 0, Sum: 0, Workers: 4
[351.807s][debug][gc,phases      ] GC(136)     Total                          Min: 0, Avg:  0.0, Max: 0, Diff: 0, Sum: 0, Workers: 4
[351.807s][debug][gc,phases      ] GC(136) Weak Processing 0.305ms
[351.807s][debug][gc,age         ] GC(136) Desired survivor size 73924608 bytes, new threshold 15 (max threshold 15)
[351.807s][info ][gc,heap        ] GC(136) PSYoungGen: 1946352K(2021888K)->2768K(2018816K) Eden: 1943552K(1943552K)->0K(1943552K) From: 2800K(78336K)->2768K(75264K)
[351.807s][info ][gc,heap        ] GC(136) ParOldGen: 556279K(614400K)->556335K(614400K)
[351.807s][info ][gc,metaspace   ] GC(136) Metaspace: 81778K(82624K)->81778K(82624K) NonClass: 70295K(70720K)->70295K(70720K) Class: 11482K(11904K)->11482K(11904K)
[351.807s][info ][gc             ] GC(136) Pause Young (Allocation Failure) 2443M->545M(2571M) 3.309ms
[351.807s][info ][gc,cpu         ] GC(136) User=0.01s Sys=0.00s Real=0.01s
[351.807s][info ][safepoint      ] Safepoint "ParallelGCFailedAllocation", Time since last: 2234836172 ns, Reaching safepoint: 36700 ns, At safepoint: 3386733 ns, Total: 3423433 ns
[353.808s][info ][safepoint      ] Safepoint "Cleanup", Time since last: 2000167210 ns, Reaching safepoint: 106701 ns, At safepoint: 7400 ns, Total: 114101 ns
[354.808s][info ][safepoint      ] Safepoint "Cleanup", Time since last: 1000117303 ns, Reaching safepoint: 111501 ns, At safepoint: 7600 ns, Total: 119101 ns
[358.808s][info ][safepoint      ] Safepoint "Cleanup", Time since last: 4000309992 ns, Reaching safepoint: 111701 ns, At safepoint: 9100 ns, Total: 120801 ns
[359.809s][info ][safepoint      ] Safepoint "Cleanup", Time since last: 1000104194 ns, Reaching safepoint: 119201 ns, At safepoint: 11600 ns, Total: 130801 ns
[360.809s][info ][safepoint      ] Safepoint "Cleanup", Time since last: 1000103992 ns, Reaching safepoint: 117602 ns, At safepoint: 12100 ns, Total: 129702 ns
[364.092s][info ][gc,start       ] GC(137) Pause Young (Allocation Failure)
[364.095s][debug][gc,phases      ] GC(137) Scavenge 2.993ms
[364.095s][debug][gc,ref         ] GC(137) Skipped phase 1 of Reference Processing: no references
[364.096s][debug][gc,ref         ] GC(137) ReferenceProcessor::execute queues: 1, RefProcThreadModel::Single, marks_oops_alive: false
[364.096s][debug][gc,ref         ] GC(137) Skipped phase 3 of Reference Processing: no references
[364.096s][debug][gc,ref         ] GC(137) Skipped phase 4 of Reference Processing: no references
[364.096s][debug][gc,phases      ] GC(137) Reference Processing 0.121ms
[364.096s][debug][gc,phases      ] GC(137)   VM Weak                        Min:  0.0, Avg:  0.0, Max:  0.0, Diff:  0.0, Sum:  0.0, Workers: 4
[364.096s][debug][gc,phases      ] GC(137)     Dead                           Min: 0, Avg:  0.0, Max: 0, Diff: 0, Sum: 0, Workers: 4
[364.096s][debug][gc,phases      ] GC(137)     Total                          Min: 0, Avg: 166.8, Max: 448, Diff: 448, Sum: 667, Workers: 4
[364.096s][debug][gc,phases      ] GC(137)   ObjectSynchronizer Weak        Min:  0.0, Avg:  0.0, Max:  0.0, Diff:  0.0, Sum:  0.0, Workers: 4
[364.096s][debug][gc,phases      ] GC(137)     Dead                           Min: 0, Avg:  0.0, Max: 0, Diff: 0, Sum: 0, Workers: 4
[364.096s][debug][gc,phases      ] GC(137)     Total                          Min: 0, Avg: 87.0, Max: 192, Diff: 192, Sum: 348, Workers: 4
[364.096s][debug][gc,phases      ] GC(137)   JVMTI Tag Weak OopStorage      Min:  0.0, Avg:  0.0, Max:  0.0, Diff:  0.0, Sum:  0.0, Workers: 4
[364.096s][debug][gc,phases      ] GC(137)     Dead                           Min: 0, Avg:  0.0, Max: 0, Diff: 0, Sum: 0, Workers: 4
[364.096s][debug][gc,phases      ] GC(137)     Total                          Min: 0, Avg:  0.0, Max: 0, Diff: 0, Sum: 0, Workers: 4
[364.096s][debug][gc,phases      ] GC(137)   StringTable Weak               Min:  0.1, Avg:  0.1, Max:  0.1, Diff:  0.0, Sum:  0.4, Workers: 4
[364.096s][debug][gc,phases      ] GC(137)     Dead                           Min: 0, Avg:  0.0, Max: 0, Diff: 0, Sum: 0, Workers: 4
[364.096s][debug][gc,phases      ] GC(137)     Total                          Min: 10688, Avg: 11983.2, Max: 12608, Diff: 1920, Sum: 47933, Workers: 4
[364.096s][debug][gc,phases      ] GC(137)   ResolvedMethodTable Weak       Min:  0.0, Avg:  0.0, Max:  0.0, Diff:  0.0, Sum:  0.1, Workers: 4
[364.096s][debug][gc,phases      ] GC(137)     Dead                           Min: 0, Avg:  0.0, Max: 0, Diff: 0, Sum: 0, Workers: 4
[364.096s][debug][gc,phases      ] GC(137)     Total                          Min: 1893, Avg: 1981.2, Max: 2136, Diff: 243, Sum: 7925, Workers: 4
[364.096s][debug][gc,phases      ] GC(137)   JNI Weak                       Min:  0.0, Avg:  0.0, Max:  0.0, Diff:  0.0, Sum:  0.0, Workers: 4
[364.096s][debug][gc,phases      ] GC(137)     Dead                           Min: 0, Avg:  0.0, Max: 0, Diff: 0, Sum: 0, Workers: 4
[364.096s][debug][gc,phases      ] GC(137)     Total                          Min: 0, Avg:  0.0, Max: 0, Diff: 0, Sum: 0, Workers: 4
[364.096s][debug][gc,phases      ] GC(137)   StringDedup Table Weak         Min:  0.0, Avg:  0.0, Max:  0.0, Diff:  0.0, Sum:  0.0, Workers: 4
[364.096s][debug][gc,phases      ] GC(137)     Dead                           Min: 0, Avg:  0.0, Max: 0, Diff: 0, Sum: 0, Workers: 4
[364.096s][debug][gc,phases      ] GC(137)     Total                          Min: 0, Avg:  0.0, Max: 0, Diff: 0, Sum: 0, Workers: 4
[364.096s][debug][gc,phases      ] GC(137)   StringDedup Requests0 Weak     Min:  0.0, Avg:  0.0, Max:  0.0, Diff:  0.0, Sum:  0.0, Workers: 4
[364.096s][debug][gc,phases      ] GC(137)     Dead                           Min: 0, Avg:  0.0, Max: 0, Diff: 0, Sum: 0, Workers: 4
[364.096s][debug][gc,phases      ] GC(137)     Total                          Min: 0, Avg:  0.0, Max: 0, Diff: 0, Sum: 0, Workers: 4
[364.096s][debug][gc,phases      ] GC(137)   StringDedup Requests1 Weak     Min:  0.0, Avg:  0.0, Max:  0.0, Diff:  0.0, Sum:  0.0, Workers: 4
[364.096s][debug][gc,phases      ] GC(137)     Dead                           Min: 0, Avg:  0.0, Max: 0, Diff: 0, Sum: 0, Workers: 4
[364.096s][debug][gc,phases      ] GC(137)     Total                          Min: 0, Avg:  0.0, Max: 0, Diff: 0, Sum: 0, Workers: 4
[364.096s][debug][gc,phases      ] GC(137)   Weak JFR Old Object Samples    Min:  0.0, Avg:  0.0, Max:  0.0, Diff:  0.0, Sum:  0.0, Workers: 4
[364.096s][debug][gc,phases      ] GC(137)     Dead                           Min: 0, Avg:  0.0, Max: 0, Diff: 0, Sum: 0, Workers: 4
[364.096s][debug][gc,phases      ] GC(137)     Total                          Min: 0, Avg:  0.0, Max: 0, Diff: 0, Sum: 0, Workers: 4
[364.096s][debug][gc,phases      ] GC(137) Weak Processing 0.315ms
[364.096s][debug][gc,age         ] GC(137) Desired survivor size 70254592 bytes, new threshold 15 (max threshold 15)
[364.096s][info ][gc,heap        ] GC(137) PSYoungGen: 1946320K(2018816K)->2704K(2028544K) Eden: 1943552K(1943552K)->0K(1956352K) From: 2768K(75264K)->2704K(72192K)
[364.096s][info ][gc,heap        ] GC(137) ParOldGen: 556335K(614400K)->556367K(614400K)
[364.096s][info ][gc,metaspace   ] GC(137) Metaspace: 81789K(82624K)->81789K(82624K) NonClass: 70307K(70720K)->70307K(70720K) Class: 11482K(11904K)->11482K(11904K)
[364.096s][info ][gc             ] GC(137) Pause Young (Allocation Failure) 2443M->545M(2581M) 3.530ms
[364.096s][info ][gc,cpu         ] GC(137) User=0.01s Sys=0.00s Real=0.00s
[364.096s][info ][safepoint      ] Safepoint "ParallelGCFailedAllocation", Time since last: 3283485080 ns, Reaching safepoint: 36001 ns, At safepoint: 3606034 ns, Total: 3642035 ns
[375.097s][info ][safepoint      ] Safepoint "Cleanup", Time since last: 11000663938 ns, Reaching safepoint: 51500 ns, At safepoint: 5600 ns, Total: 57100 ns
[376.754s][info ][gc,start       ] GC(138) Pause Young (Allocation Failure)
[376.757s][debug][gc,phases      ] GC(138) Scavenge 2.689ms
[376.757s][debug][gc,ref         ] GC(138) Skipped phase 1 of Reference Processing: no references
[376.757s][debug][gc,ref         ] GC(138) ReferenceProcessor::execute queues: 1, RefProcThreadModel::Single, marks_oops_alive: false
[376.757s][debug][gc,ref         ] GC(138) Skipped phase 3 of Reference Processing: no references
[376.757s][debug][gc,ref         ] GC(138) Skipped phase 4 of Reference Processing: no references
[376.757s][debug][gc,phases      ] GC(138) Reference Processing 0.097ms
[376.757s][debug][gc,phases      ] GC(138)   VM Weak                        Min:  0.0, Avg:  0.0, Max:  0.0, Diff:  0.0, Sum:  0.0, Workers: 4
[376.757s][debug][gc,phases      ] GC(138)     Dead                           Min: 0, Avg:  0.0, Max: 0, Diff: 0, Sum: 0, Workers: 4
[376.757s][debug][gc,phases      ] GC(138)     Total                          Min: 0, Avg: 166.8, Max: 667, Diff: 667, Sum: 667, Workers: 4
[376.757s][debug][gc,phases      ] GC(138)   ObjectSynchronizer Weak        Min:  0.0, Avg:  0.0, Max:  0.0, Diff:  0.0, Sum:  0.0, Workers: 4
[376.757s][debug][gc,phases      ] GC(138)     Dead                           Min: 0, Avg:  0.0, Max: 0, Diff: 0, Sum: 0, Workers: 4
[376.757s][debug][gc,phases      ] GC(138)     Total                          Min: 0, Avg: 87.0, Max: 192, Diff: 192, Sum: 348, Workers: 4
[376.757s][debug][gc,phases      ] GC(138)   JVMTI Tag Weak OopStorage      Min:  0.0, Avg:  0.0, Max:  0.0, Diff:  0.0, Sum:  0.0, Workers: 4
[376.757s][debug][gc,phases      ] GC(138)     Dead                           Min: 0, Avg:  0.0, Max: 0, Diff: 0, Sum: 0, Workers: 4
[376.757s][debug][gc,phases      ] GC(138)     Total                          Min: 0, Avg:  0.0, Max: 0, Diff: 0, Sum: 0, Workers: 4
[376.757s][debug][gc,phases      ] GC(138)   StringTable Weak               Min:  0.1, Avg:  0.1, Max:  0.1, Diff:  0.0, Sum:  0.4, Workers: 4
[376.757s][debug][gc,phases      ] GC(138)     Dead                           Min: 0, Avg:  0.0, Max: 0, Diff: 0, Sum: 0, Workers: 4
[376.757s][debug][gc,phases      ] GC(138)     Total                          Min: 9281, Avg: 11984.2, Max: 15040, Diff: 5759, Sum: 47937, Workers: 4
[376.757s][debug][gc,phases      ] GC(138)   ResolvedMethodTable Weak       Min:  0.0, Avg:  0.0, Max:  0.0, Diff:  0.0, Sum:  0.1, Workers: 4
[376.757s][debug][gc,phases      ] GC(138)     Dead                           Min: 0, Avg:  0.0, Max: 0, Diff: 0, Sum: 0, Workers: 4
[376.757s][debug][gc,phases      ] GC(138)     Total                          Min: 1641, Avg: 1981.2, Max: 2372, Diff: 731, Sum: 7925, Workers: 4
[376.757s][debug][gc,phases      ] GC(138)   JNI Weak                       Min:  0.0, Avg:  0.0, Max:  0.0, Diff:  0.0, Sum:  0.0, Workers: 4
[376.757s][debug][gc,phases      ] GC(138)     Dead                           Min: 0, Avg:  0.0, Max: 0, Diff: 0, Sum: 0, Workers: 4
[376.757s][debug][gc,phases      ] GC(138)     Total                          Min: 0, Avg:  0.0, Max: 0, Diff: 0, Sum: 0, Workers: 4
[376.757s][debug][gc,phases      ] GC(138)   StringDedup Table Weak         Min:  0.0, Avg:  0.0, Max:  0.0, Diff:  0.0, Sum:  0.0, Workers: 4
[376.757s][debug][gc,phases      ] GC(138)     Dead                           Min: 0, Avg:  0.0, Max: 0, Diff: 0, Sum: 0, Workers: 4
[376.757s][debug][gc,phases      ] GC(138)     Total                          Min: 0, Avg:  0.0, Max: 0, Diff: 0, Sum: 0, Workers: 4
[376.757s][debug][gc,phases      ] GC(138)   StringDedup Requests0 Weak     Min:  0.0, Avg:  0.0, Max:  0.0, Diff:  0.0, Sum:  0.0, Workers: 4
[376.757s][debug][gc,phases      ] GC(138)     Dead                           Min: 0, Avg:  0.0, Max: 0, Diff: 0, Sum: 0, Workers: 4
[376.757s][debug][gc,phases      ] GC(138)     Total                          Min: 0, Avg:  0.0, Max: 0, Diff: 0, Sum: 0, Workers: 4
[376.757s][debug][gc,phases      ] GC(138)   StringDedup Requests1 Weak     Min:  0.0, Avg:  0.0, Max:  0.0, Diff:  0.0, Sum:  0.0, Workers: 4
[376.757s][debug][gc,phases      ] GC(138)     Dead                           Min: 0, Avg:  0.0, Max: 0, Diff: 0, Sum: 0, Workers: 4
[376.757s][debug][gc,phases      ] GC(138)     Total                          Min: 0, Avg:  0.0, Max: 0, Diff: 0, Sum: 0, Workers: 4
[376.757s][debug][gc,phases      ] GC(138)   Weak JFR Old Object Samples    Min:  0.0, Avg:  0.0, Max:  0.0, Diff:  0.0, Sum:  0.0, Workers: 4
[376.757s][debug][gc,phases      ] GC(138)     Dead                           Min: 0, Avg:  0.0, Max: 0, Diff: 0, Sum: 0, Workers: 4
[376.757s][debug][gc,phases      ] GC(138)     Total                          Min: 0, Avg:  0.0, Max: 0, Diff: 0, Sum: 0, Workers: 4
[376.757s][debug][gc,phases      ] GC(138) Weak Processing 0.271ms
[376.757s][debug][gc,age         ] GC(138) Desired survivor size 67108864 bytes, new threshold 15 (max threshold 15)
[376.757s][info ][gc,heap        ] GC(138) PSYoungGen: 1959056K(2028544K)->2672K(2024960K) Eden: 1956352K(1956352K)->0K(1956352K) From: 2704K(72192K)->2672K(68608K)
[376.757s][info ][gc,heap        ] GC(138) ParOldGen: 556367K(614400K)->556431K(614400K)
[376.757s][info ][gc,metaspace   ] GC(138) Metaspace: 81789K(82624K)->81789K(82624K) NonClass: 70307K(70720K)->70307K(70720K) Class: 11482K(11904K)->11482K(11904K)
[376.757s][info ][gc             ] GC(138) Pause Young (Allocation Failure) 2456M->545M(2577M) 3.159ms
[376.757s][info ][gc,cpu         ] GC(138) User=0.01s Sys=0.00s Real=0.00s
[376.757s][info ][safepoint      ] Safepoint "ParallelGCFailedAllocation", Time since last: 1657528155 ns, Reaching safepoint: 53400 ns, At safepoint: 3234231 ns, Total: 3287631 ns
[381.758s][info ][safepoint      ] Safepoint "Cleanup", Time since last: 5000306301 ns, Reaching safepoint: 115101 ns, At safepoint: 9800 ns, Total: 124901 ns
[383.758s][info ][safepoint      ] Safepoint "Cleanup", Time since last: 2000173509 ns, Reaching safepoint: 115601 ns, At safepoint: 10700 ns, Total: 126301 ns
[385.759s][info ][safepoint      ] Safepoint "Cleanup", Time since last: 2000177903 ns, Reaching safepoint: 117201 ns, At safepoint: 6700 ns, Total: 123901 ns
[386.759s][info ][safepoint      ] Safepoint "Cleanup", Time since last: 1000100349 ns, Reaching safepoint: 132101 ns, At safepoint: 9701 ns, Total: 141802 ns
[387.059s][info ][gc,start       ] GC(139) Pause Young (Allocation Failure)
[387.062s][debug][gc,phases      ] GC(139) Scavenge 2.828ms
[387.062s][debug][gc,ref         ] GC(139) Skipped phase 1 of Reference Processing: no references
[387.062s][debug][gc,ref         ] GC(139) ReferenceProcessor::execute queues: 1, RefProcThreadModel::Single, marks_oops_alive: false
[387.062s][debug][gc,ref         ] GC(139) Skipped phase 3 of Reference Processing: no references
[387.062s][debug][gc,ref         ] GC(139) Skipped phase 4 of Reference Processing: no references
[387.062s][debug][gc,phases      ] GC(139) Reference Processing 0.101ms
[387.062s][debug][gc,phases      ] GC(139)   VM Weak                        Min:  0.0, Avg:  0.0, Max:  0.0, Diff:  0.0, Sum:  0.0, Workers: 4
[387.062s][debug][gc,phases      ] GC(139)     Dead                           Min: 0, Avg:  0.0, Max: 0, Diff: 0, Sum: 0, Workers: 4
[387.062s][debug][gc,phases      ] GC(139)     Total                          Min: 0, Avg: 166.8, Max: 667, Diff: 667, Sum: 667, Workers: 4
[387.062s][debug][gc,phases      ] GC(139)   ObjectSynchronizer Weak        Min:  0.0, Avg:  0.0, Max:  0.0, Diff:  0.0, Sum:  0.0, Workers: 4
[387.062s][debug][gc,phases      ] GC(139)     Dead                           Min: 0, Avg:  0.0, Max: 0, Diff: 0, Sum: 0, Workers: 4
[387.062s][debug][gc,phases      ] GC(139)     Total                          Min: 0, Avg: 87.0, Max: 348, Diff: 348, Sum: 348, Workers: 4
[387.062s][debug][gc,phases      ] GC(139)   JVMTI Tag Weak OopStorage      Min:  0.0, Avg:  0.0, Max:  0.0, Diff:  0.0, Sum:  0.0, Workers: 4
[387.062s][debug][gc,phases      ] GC(139)     Dead                           Min: 0, Avg:  0.0, Max: 0, Diff: 0, Sum: 0, Workers: 4
[387.062s][debug][gc,phases      ] GC(139)     Total                          Min: 0, Avg:  0.0, Max: 0, Diff: 0, Sum: 0, Workers: 4
[387.062s][debug][gc,phases      ] GC(139)   StringTable Weak               Min:  0.1, Avg:  0.1, Max:  0.1, Diff:  0.0, Sum:  0.3, Workers: 4
[387.062s][debug][gc,phases      ] GC(139)     Dead                           Min: 0, Avg:  0.0, Max: 0, Diff: 0, Sum: 0, Workers: 4
[387.062s][debug][gc,phases      ] GC(139)     Total                          Min: 8640, Avg: 11985.8, Max: 13376, Diff: 4736, Sum: 47943, Workers: 4
[387.062s][debug][gc,phases      ] GC(139)   ResolvedMethodTable Weak       Min:  0.0, Avg:  0.0, Max:  0.0, Diff:  0.0, Sum:  0.1, Workers: 4
[387.062s][debug][gc,phases      ] GC(139)     Dead                           Min: 0, Avg:  0.0, Max: 0, Diff: 0, Sum: 0, Workers: 4
[387.062s][debug][gc,phases      ] GC(139)     Total                          Min: 1407, Avg: 1981.2, Max: 2203, Diff: 796, Sum: 7925, Workers: 4
[387.062s][debug][gc,phases      ] GC(139)   JNI Weak                       Min:  0.0, Avg:  0.0, Max:  0.0, Diff:  0.0, Sum:  0.0, Workers: 4
[387.062s][debug][gc,phases      ] GC(139)     Dead                           Min: 0, Avg:  0.0, Max: 0, Diff: 0, Sum: 0, Workers: 4
[387.062s][debug][gc,phases      ] GC(139)     Total                          Min: 0, Avg:  0.0, Max: 0, Diff: 0, Sum: 0, Workers: 4
[387.062s][debug][gc,phases      ] GC(139)   StringDedup Table Weak         Min:  0.0, Avg:  0.0, Max:  0.0, Diff:  0.0, Sum:  0.0, Workers: 4
[387.062s][debug][gc,phases      ] GC(139)     Dead                           Min: 0, Avg:  0.0, Max: 0, Diff: 0, Sum: 0, Workers: 4
[387.062s][debug][gc,phases      ] GC(139)     Total                          Min: 0, Avg:  0.0, Max: 0, Diff: 0, Sum: 0, Workers: 4
[387.063s][debug][gc,phases      ] GC(139)   StringDedup Requests0 Weak     Min:  0.0, Avg:  0.0, Max:  0.0, Diff:  0.0, Sum:  0.0, Workers: 4
[387.063s][debug][gc,phases      ] GC(139)     Dead                           Min: 0, Avg:  0.0, Max: 0, Diff: 0, Sum: 0, Workers: 4
[387.063s][debug][gc,phases      ] GC(139)     Total                          Min: 0, Avg:  0.0, Max: 0, Diff: 0, Sum: 0, Workers: 4
[387.063s][debug][gc,phases      ] GC(139)   StringDedup Requests1 Weak     Min:  0.0, Avg:  0.0, Max:  0.0, Diff:  0.0, Sum:  0.0, Workers: 4
[387.063s][debug][gc,phases      ] GC(139)     Dead                           Min: 0, Avg:  0.0, Max: 0, Diff: 0, Sum: 0, Workers: 4
[387.063s][debug][gc,phases      ] GC(139)     Total                          Min: 0, Avg:  0.0, Max: 0, Diff: 0, Sum: 0, Workers: 4
[387.063s][debug][gc,phases      ] GC(139)   Weak JFR Old Object Samples    Min:  0.0, Avg:  0.0, Max:  0.0, Diff:  0.0, Sum:  0.0, Workers: 4
[387.063s][debug][gc,phases      ] GC(139)     Dead                           Min: 0, Avg:  0.0, Max: 0, Diff: 0, Sum: 0, Workers: 4
[387.063s][debug][gc,phases      ] GC(139)     Total                          Min: 0, Avg:  0.0, Max: 0, Diff: 0, Sum: 0, Workers: 4
[387.063s][debug][gc,phases      ] GC(139) Weak Processing 0.265ms
[387.063s][debug][gc,age         ] GC(139) Desired survivor size 63438848 bytes, new threshold 15 (max threshold 15)
[387.063s][info ][gc,heap        ] GC(139) PSYoungGen: 1959024K(2024960K)->2992K(2035200K) Eden: 1956352K(1956352K)->0K(1969664K) From: 2672K(68608K)->2992K(65536K)
[387.063s][info ][gc,heap        ] GC(139) ParOldGen: 556431K(614400K)->556463K(614400K)
[387.063s][info ][gc,metaspace   ] GC(139) Metaspace: 81795K(82624K)->81795K(82624K) NonClass: 70313K(70720K)->70313K(70720K) Class: 11482K(11904K)->11482K(11904K)
[387.063s][info ][gc             ] GC(139) Pause Young (Allocation Failure) 2456M->546M(2587M) 3.319ms
[387.063s][info ][gc,cpu         ] GC(139) User=0.01s Sys=0.00s Real=0.01s
[387.063s][info ][safepoint      ] Safepoint "ParallelGCFailedAllocation", Time since last: 300340867 ns, Reaching safepoint: 117801 ns, At safepoint: 3389932 ns, Total: 3507733 ns
[388.063s][info ][safepoint      ] Safepoint "Cleanup", Time since last: 1000085547 ns, Reaching safepoint: 118901 ns, At safepoint: 10000 ns, Total: 128901 ns
[389.063s][info ][safepoint      ] Safepoint "Cleanup", Time since last: 1000103746 ns, Reaching safepoint: 115601 ns, At safepoint: 16700 ns, Total: 132301 ns
[390.063s][info ][safepoint      ] Safepoint "Cleanup", Time since last: 1000106444 ns, Reaching safepoint: 45800 ns, At safepoint: 3700 ns, Total: 49500 ns
[391.063s][info ][safepoint      ] Safepoint "Cleanup", Time since last: 1000107442 ns, Reaching safepoint: 109701 ns, At safepoint: 8900 ns, Total: 118601 ns
[392.064s][info ][safepoint      ] Safepoint "Cleanup", Time since last: 1000106441 ns, Reaching safepoint: 39200 ns, At safepoint: 2900 ns, Total: 42100 ns
[393.064s][info ][safepoint      ] Safepoint "Cleanup", Time since last: 1000104539 ns, Reaching safepoint: 56401 ns, At safepoint: 6800 ns, Total: 63201 ns
[393.555s][info ][gc,start       ] GC(140) Pause Young (Allocation Failure)
[393.558s][debug][gc,phases      ] GC(140) Scavenge 2.728ms
[393.558s][debug][gc,ref         ] GC(140) Skipped phase 1 of Reference Processing: no references
[393.558s][debug][gc,ref         ] GC(140) ReferenceProcessor::execute queues: 1, RefProcThreadModel::Single, marks_oops_alive: false
[393.558s][debug][gc,ref         ] GC(140) Skipped phase 3 of Reference Processing: no references
[393.558s][debug][gc,ref         ] GC(140) Skipped phase 4 of Reference Processing: no references
[393.558s][debug][gc,phases      ] GC(140) Reference Processing 0.082ms
[393.558s][debug][gc,phases      ] GC(140)   VM Weak                        Min:  0.0, Avg:  0.0, Max:  0.0, Diff:  0.0, Sum:  0.0, Workers: 4
[393.558s][debug][gc,phases      ] GC(140)     Dead                           Min: 0, Avg:  0.0, Max: 0, Diff: 0, Sum: 0, Workers: 4
[393.558s][debug][gc,phases      ] GC(140)     Total                          Min: 0, Avg: 166.8, Max: 667, Diff: 667, Sum: 667, Workers: 4
[393.558s][debug][gc,phases      ] GC(140)   ObjectSynchronizer Weak        Min:  0.0, Avg:  0.0, Max:  0.0, Diff:  0.0, Sum:  0.0, Workers: 4
[393.558s][debug][gc,phases      ] GC(140)     Dead                           Min: 0, Avg:  0.0, Max: 0, Diff: 0, Sum: 0, Workers: 4
[393.558s][debug][gc,phases      ] GC(140)     Total                          Min: 0, Avg: 87.0, Max: 348, Diff: 348, Sum: 348, Workers: 4
[393.558s][debug][gc,phases      ] GC(140)   JVMTI Tag Weak OopStorage      Min:  0.0, Avg:  0.0, Max:  0.0, Diff:  0.0, Sum:  0.0, Workers: 4
[393.558s][debug][gc,phases      ] GC(140)     Dead                           Min: 0, Avg:  0.0, Max: 0, Diff: 0, Sum: 0, Workers: 4
[393.558s][debug][gc,phases      ] GC(140)     Total                          Min: 0, Avg:  0.0, Max: 0, Diff: 0, Sum: 0, Workers: 4
[393.558s][debug][gc,phases      ] GC(140)   StringTable Weak               Min:  0.1, Avg:  0.1, Max:  0.1, Diff:  0.0, Sum:  0.4, Workers: 4
[393.558s][debug][gc,phases      ] GC(140)     Dead                           Min: 0, Avg:  0.0, Max: 0, Diff: 0, Sum: 0, Workers: 4
[393.558s][debug][gc,phases      ] GC(140)     Total                          Min: 10624, Avg: 11986.0, Max: 15752, Diff: 5128, Sum: 47944, Workers: 4
[393.558s][debug][gc,phases      ] GC(140)   ResolvedMethodTable Weak       Min:  0.0, Avg:  0.0, Max:  0.0, Diff:  0.0, Sum:  0.1, Workers: 4
[393.558s][debug][gc,phases      ] GC(140)     Dead                           Min: 0, Avg:  0.0, Max: 0, Diff: 0, Sum: 0, Workers: 4
[393.558s][debug][gc,phases      ] GC(140)     Total                          Min: 1667, Avg: 1981.2, Max: 2578, Diff: 911, Sum: 7925, Workers: 4
[393.558s][debug][gc,phases      ] GC(140)   JNI Weak                       Min:  0.0, Avg:  0.0, Max:  0.0, Diff:  0.0, Sum:  0.0, Workers: 4
[393.558s][debug][gc,phases      ] GC(140)     Dead                           Min: 0, Avg:  0.0, Max: 0, Diff: 0, Sum: 0, Workers: 4
[393.558s][debug][gc,phases      ] GC(140)     Total                          Min: 0, Avg:  0.0, Max: 0, Diff: 0, Sum: 0, Workers: 4
[393.558s][debug][gc,phases      ] GC(140)   StringDedup Table Weak         Min:  0.0, Avg:  0.0, Max:  0.0, Diff:  0.0, Sum:  0.0, Workers: 4
[393.558s][debug][gc,phases      ] GC(140)     Dead                           Min: 0, Avg:  0.0, Max: 0, Diff: 0, Sum: 0, Workers: 4
[393.558s][debug][gc,phases      ] GC(140)     Total                          Min: 0, Avg:  0.0, Max: 0, Diff: 0, Sum: 0, Workers: 4
[393.558s][debug][gc,phases      ] GC(140)   StringDedup Requests0 Weak     Min:  0.0, Avg:  0.0, Max:  0.0, Diff:  0.0, Sum:  0.0, Workers: 4
[393.558s][debug][gc,phases      ] GC(140)     Dead                           Min: 0, Avg:  0.0, Max: 0, Diff: 0, Sum: 0, Workers: 4
[393.558s][debug][gc,phases      ] GC(140)     Total                          Min: 0, Avg:  0.0, Max: 0, Diff: 0, Sum: 0, Workers: 4
[393.558s][debug][gc,phases      ] GC(140)   StringDedup Requests1 Weak     Min:  0.0, Avg:  0.0, Max:  0.0, Diff:  0.0, Sum:  0.0, Workers: 4
[393.558s][debug][gc,phases      ] GC(140)     Dead                           Min: 0, Avg:  0.0, Max: 0, Diff: 0, Sum: 0, Workers: 4
[393.558s][debug][gc,phases      ] GC(140)     Total                          Min: 0, Avg:  0.0, Max: 0, Diff: 0, Sum: 0, Workers: 4
[393.558s][debug][gc,phases      ] GC(140)   Weak JFR Old Object Samples    Min:  0.0, Avg:  0.0, Max:  0.0, Diff:  0.0, Sum:  0.0, Workers: 4
[393.558s][debug][gc,phases      ] GC(140)     Dead                           Min: 0, Avg:  0.0, Max: 0, Diff: 0, Sum: 0, Workers: 4
[393.558s][debug][gc,phases      ] GC(140)     Total                          Min: 0, Avg:  0.0, Max: 0, Diff: 0, Sum: 0, Workers: 4
[393.558s][debug][gc,phases      ] GC(140) Weak Processing 0.305ms
[393.558s][debug][gc,age         ] GC(140) Desired survivor size 59768832 bytes, new threshold 15 (max threshold 15)
[393.558s][info ][gc,heap        ] GC(140) PSYoungGen: 1972656K(2035200K)->3024K(2031616K) Eden: 1969664K(1969664K)->0K(1969664K) From: 2992K(65536K)->3024K(61952K)
[393.558s][info ][gc,heap        ] GC(140) ParOldGen: 556463K(614400K)->556511K(614400K)
[393.558s][info ][gc,metaspace   ] GC(140) Metaspace: 81800K(82624K)->81800K(82624K) NonClass: 70318K(70720K)->70318K(70720K) Class: 11482K(11904K)->11482K(11904K)
[393.558s][info ][gc             ] GC(140) Pause Young (Allocation Failure) 2469M->546M(2584M) 3.215ms
[393.558s][info ][gc,cpu         ] GC(140) User=0.01s Sys=0.00s Real=0.00s
[393.558s][info ][safepoint      ] Safepoint "ParallelGCFailedAllocation", Time since last: 490875981 ns, Reaching safepoint: 111601 ns, At safepoint: 3292332 ns, Total: 3403933 ns
[394.558s][info ][safepoint      ] Safepoint "Cleanup", Time since last: 1000089536 ns, Reaching safepoint: 119801 ns, At safepoint: 11200 ns, Total: 131001 ns
[395.559s][info ][safepoint      ] Safepoint "Cleanup", Time since last: 1000103535 ns, Reaching safepoint: 119801 ns, At safepoint: 10400 ns, Total: 130201 ns
[396.559s][info ][safepoint      ] Safepoint "Cleanup", Time since last: 1000102334 ns, Reaching safepoint: 108201 ns, At safepoint: 7000 ns, Total: 115201 ns
[397.559s][info ][safepoint      ] Safepoint "Cleanup", Time since last: 1000111232 ns, Reaching safepoint: 113201 ns, At safepoint: 5900 ns, Total: 119101 ns
[402.462s][info ][gc,start       ] GC(141) Pause Young (Allocation Failure)
[402.465s][debug][gc,phases      ] GC(141) Scavenge 2.963ms
[402.465s][debug][gc,ref         ] GC(141) Skipped phase 1 of Reference Processing: no references
[402.465s][debug][gc,ref         ] GC(141) ReferenceProcessor::execute queues: 1, RefProcThreadModel::Single, marks_oops_alive: false
[402.465s][debug][gc,ref         ] GC(141) Skipped phase 3 of Reference Processing: no references
[402.465s][debug][gc,ref         ] GC(141) Skipped phase 4 of Reference Processing: no references
[402.465s][debug][gc,phases      ] GC(141) Reference Processing 0.097ms
[402.465s][debug][gc,phases      ] GC(141)   VM Weak                        Min:  0.0, Avg:  0.0, Max:  0.0, Diff:  0.0, Sum:  0.0, Workers: 4
[402.465s][debug][gc,phases      ] GC(141)     Dead                           Min: 0, Avg:  0.0, Max: 0, Diff: 0, Sum: 0, Workers: 4
[402.465s][debug][gc,phases      ] GC(141)     Total                          Min: 0, Avg: 166.8, Max: 667, Diff: 667, Sum: 667, Workers: 4
[402.465s][debug][gc,phases      ] GC(141)   ObjectSynchronizer Weak        Min:  0.0, Avg:  0.0, Max:  0.0, Diff:  0.0, Sum:  0.0, Workers: 4
[402.465s][debug][gc,phases      ] GC(141)     Dead                           Min: 0, Avg:  0.0, Max: 0, Diff: 0, Sum: 0, Workers: 4
[402.465s][debug][gc,phases      ] GC(141)     Total                          Min: 0, Avg: 87.0, Max: 348, Diff: 348, Sum: 348, Workers: 4
[402.465s][debug][gc,phases      ] GC(141)   JVMTI Tag Weak OopStorage      Min:  0.0, Avg:  0.0, Max:  0.0, Diff:  0.0, Sum:  0.0, Workers: 4
[402.465s][debug][gc,phases      ] GC(141)     Dead                           Min: 0, Avg:  0.0, Max: 0, Diff: 0, Sum: 0, Workers: 4
[402.465s][debug][gc,phases      ] GC(141)     Total                          Min: 0, Avg:  0.0, Max: 0, Diff: 0, Sum: 0, Workers: 4
[402.465s][debug][gc,phases      ] GC(141)   StringTable Weak               Min:  0.1, Avg:  0.1, Max:  0.1, Diff:  0.0, Sum:  0.4, Workers: 4
[402.465s][debug][gc,phases      ] GC(141)     Dead                           Min: 0, Avg:  0.0, Max: 0, Diff: 0, Sum: 0, Workers: 4
[402.465s][debug][gc,phases      ] GC(141)     Total                          Min: 9280, Avg: 11986.0, Max: 14848, Diff: 5568, Sum: 47944, Workers: 4
[402.465s][debug][gc,phases      ] GC(141)   ResolvedMethodTable Weak       Min:  0.0, Avg:  0.0, Max:  0.0, Diff:  0.0, Sum:  0.1, Workers: 4
[402.465s][debug][gc,phases      ] GC(141)     Dead                           Min: 0, Avg:  0.0, Max: 0, Diff: 0, Sum: 0, Workers: 4
[402.465s][debug][gc,phases      ] GC(141)     Total                          Min: 1594, Avg: 1981.2, Max: 2330, Diff: 736, Sum: 7925, Workers: 4
[402.465s][debug][gc,phases      ] GC(141)   JNI Weak                       Min:  0.0, Avg:  0.0, Max:  0.0, Diff:  0.0, Sum:  0.0, Workers: 4
[402.465s][debug][gc,phases      ] GC(141)     Dead                           Min: 0, Avg:  0.0, Max: 0, Diff: 0, Sum: 0, Workers: 4
[402.465s][debug][gc,phases      ] GC(141)     Total                          Min: 0, Avg:  0.0, Max: 0, Diff: 0, Sum: 0, Workers: 4
[402.465s][debug][gc,phases      ] GC(141)   StringDedup Table Weak         Min:  0.0, Avg:  0.0, Max:  0.0, Diff:  0.0, Sum:  0.0, Workers: 4
[402.465s][debug][gc,phases      ] GC(141)     Dead                           Min: 0, Avg:  0.0, Max: 0, Diff: 0, Sum: 0, Workers: 4
[402.465s][debug][gc,phases      ] GC(141)     Total                          Min: 0, Avg:  0.0, Max: 0, Diff: 0, Sum: 0, Workers: 4
[402.465s][debug][gc,phases      ] GC(141)   StringDedup Requests0 Weak     Min:  0.0, Avg:  0.0, Max:  0.0, Diff:  0.0, Sum:  0.0, Workers: 4
[402.465s][debug][gc,phases      ] GC(141)     Dead                           Min: 0, Avg:  0.0, Max: 0, Diff: 0, Sum: 0, Workers: 4
[402.465s][debug][gc,phases      ] GC(141)     Total                          Min: 0, Avg:  0.0, Max: 0, Diff: 0, Sum: 0, Workers: 4
[402.465s][debug][gc,phases      ] GC(141)   StringDedup Requests1 Weak     Min:  0.0, Avg:  0.0, Max:  0.0, Diff:  0.0, Sum:  0.0, Workers: 4
[402.465s][debug][gc,phases      ] GC(141)     Dead                           Min: 0, Avg:  0.0, Max: 0, Diff: 0, Sum: 0, Workers: 4
[402.465s][debug][gc,phases      ] GC(141)     Total                          Min: 0, Avg:  0.0, Max: 0, Diff: 0, Sum: 0, Workers: 4
[402.465s][debug][gc,phases      ] GC(141)   Weak JFR Old Object Samples    Min:  0.0, Avg:  0.0, Max:  0.0, Diff:  0.0, Sum:  0.0, Workers: 4
[402.465s][debug][gc,phases      ] GC(141)     Dead                           Min: 0, Avg:  0.0, Max: 0, Diff: 0, Sum: 0, Workers: 4
[402.465s][debug][gc,phases      ] GC(141)     Total                          Min: 0, Avg:  0.0, Max: 0, Diff: 0, Sum: 0, Workers: 4
[402.465s][debug][gc,phases      ] GC(141) Weak Processing 0.282ms
[402.465s][debug][gc,age         ] GC(141) Desired survivor size 56623104 bytes, new threshold 15 (max threshold 15)
[402.465s][info ][gc,heap        ] GC(141) PSYoungGen: 1972688K(2031616K)->3328K(2041856K) Eden: 1969664K(1969664K)->0K(1983488K) From: 3024K(61952K)->3328K(58368K)
[402.465s][info ][gc,heap        ] GC(141) ParOldGen: 556511K(614400K)->556623K(614400K)
[402.465s][info ][gc,metaspace   ] GC(141) Metaspace: 81809K(82624K)->81809K(82624K) NonClass: 70326K(70720K)->70326K(70720K) Class: 11482K(11904K)->11482K(11904K)
[402.465s][info ][gc             ] GC(141) Pause Young (Allocation Failure) 2469M->546M(2594M) 3.459ms
[402.465s][info ][gc,cpu         ] GC(141) User=0.01s Sys=0.00s Real=0.00s
[402.465s][info ][safepoint      ] Safepoint "ParallelGCFailedAllocation", Time since last: 4902683303 ns, Reaching safepoint: 97901 ns, At safepoint: 3529433 ns, Total: 3627334 ns
[403.465s][info ][safepoint      ] Safepoint "Cleanup", Time since last: 1000081823 ns, Reaching safepoint: 46700 ns, At safepoint: 5700 ns, Total: 52400 ns
[415.647s][info ][gc,start       ] GC(142) Pause Young (Allocation Failure)
[415.650s][debug][gc,phases      ] GC(142) Scavenge 2.956ms
[415.650s][debug][gc,ref         ] GC(142) Skipped phase 1 of Reference Processing: no references
[415.650s][debug][gc,ref         ] GC(142) ReferenceProcessor::execute queues: 1, RefProcThreadModel::Single, marks_oops_alive: false
[415.650s][debug][gc,ref         ] GC(142) Skipped phase 3 of Reference Processing: no references
[415.650s][debug][gc,ref         ] GC(142) Skipped phase 4 of Reference Processing: no references
[415.650s][debug][gc,phases      ] GC(142) Reference Processing 0.082ms
[415.650s][debug][gc,phases      ] GC(142)   VM Weak                        Min:  0.0, Avg:  0.0, Max:  0.0, Diff:  0.0, Sum:  0.0, Workers: 4
[415.651s][debug][gc,phases      ] GC(142)     Dead                           Min: 0, Avg:  0.0, Max: 0, Diff: 0, Sum: 0, Workers: 4
[415.651s][debug][gc,phases      ] GC(142)     Total                          Min: 0, Avg: 166.8, Max: 512, Diff: 512, Sum: 667, Workers: 4
[415.651s][debug][gc,phases      ] GC(142)   ObjectSynchronizer Weak        Min:  0.0, Avg:  0.0, Max:  0.0, Diff:  0.0, Sum:  0.0, Workers: 4
[415.651s][debug][gc,phases      ] GC(142)     Dead                           Min: 0, Avg:  0.0, Max: 0, Diff: 0, Sum: 0, Workers: 4
[415.651s][debug][gc,phases      ] GC(142)     Total                          Min: 0, Avg: 87.0, Max: 192, Diff: 192, Sum: 348, Workers: 4
[415.651s][debug][gc,phases      ] GC(142)   JVMTI Tag Weak OopStorage      Min:  0.0, Avg:  0.0, Max:  0.0, Diff:  0.0, Sum:  0.0, Workers: 4
[415.651s][debug][gc,phases      ] GC(142)     Dead                           Min: 0, Avg:  0.0, Max: 0, Diff: 0, Sum: 0, Workers: 4
[415.651s][debug][gc,phases      ] GC(142)     Total                          Min: 0, Avg:  0.0, Max: 0, Diff: 0, Sum: 0, Workers: 4
[415.651s][debug][gc,phases      ] GC(142)   StringTable Weak               Min:  0.1, Avg:  0.1, Max:  0.1, Diff:  0.0, Sum:  0.4, Workers: 4
[415.651s][debug][gc,phases      ] GC(142)     Dead                           Min: 0, Avg:  0.0, Max: 0, Diff: 0, Sum: 0, Workers: 4
[415.651s][debug][gc,phases      ] GC(142)     Total                          Min: 9928, Avg: 11986.0, Max: 14464, Diff: 4536, Sum: 47944, Workers: 4
[415.651s][debug][gc,phases      ] GC(142)   ResolvedMethodTable Weak       Min:  0.0, Avg:  0.0, Max:  0.0, Diff:  0.0, Sum:  0.1, Workers: 4
[415.651s][debug][gc,phases      ] GC(142)     Dead                           Min: 0, Avg:  0.0, Max: 0, Diff: 0, Sum: 0, Workers: 4
[415.651s][debug][gc,phases      ] GC(142)     Total                          Min: 1665, Avg: 1981.2, Max: 2647, Diff: 982, Sum: 7925, Workers: 4
[415.651s][debug][gc,phases      ] GC(142)   JNI Weak                       Min:  0.0, Avg:  0.0, Max:  0.0, Diff:  0.0, Sum:  0.0, Workers: 4
[415.651s][debug][gc,phases      ] GC(142)     Dead                           Min: 0, Avg:  0.0, Max: 0, Diff: 0, Sum: 0, Workers: 4
[415.651s][debug][gc,phases      ] GC(142)     Total                          Min: 0, Avg:  0.0, Max: 0, Diff: 0, Sum: 0, Workers: 4
[415.651s][debug][gc,phases      ] GC(142)   StringDedup Table Weak         Min:  0.0, Avg:  0.0, Max:  0.0, Diff:  0.0, Sum:  0.0, Workers: 4
[415.651s][debug][gc,phases      ] GC(142)     Dead                           Min: 0, Avg:  0.0, Max: 0, Diff: 0, Sum: 0, Workers: 4
[415.651s][debug][gc,phases      ] GC(142)     Total                          Min: 0, Avg:  0.0, Max: 0, Diff: 0, Sum: 0, Workers: 4
[415.651s][debug][gc,phases      ] GC(142)   StringDedup Requests0 Weak     Min:  0.0, Avg:  0.0, Max:  0.0, Diff:  0.0, Sum:  0.0, Workers: 4
[415.651s][debug][gc,phases      ] GC(142)     Dead                           Min: 0, Avg:  0.0, Max: 0, Diff: 0, Sum: 0, Workers: 4
[415.651s][debug][gc,phases      ] GC(142)     Total                          Min: 0, Avg:  0.0, Max: 0, Diff: 0, Sum: 0, Workers: 4
[415.651s][debug][gc,phases      ] GC(142)   StringDedup Requests1 Weak     Min:  0.0, Avg:  0.0, Max:  0.0, Diff:  0.0, Sum:  0.0, Workers: 4
[415.651s][debug][gc,phases      ] GC(142)     Dead                           Min: 0, Avg:  0.0, Max: 0, Diff: 0, Sum: 0, Workers: 4
[415.651s][debug][gc,phases      ] GC(142)     Total                          Min: 0, Avg:  0.0, Max: 0, Diff: 0, Sum: 0, Workers: 4
[415.651s][debug][gc,phases      ] GC(142)   Weak JFR Old Object Samples    Min:  0.0, Avg:  0.0, Max:  0.0, Diff:  0.0, Sum:  0.0, Workers: 4
[415.651s][debug][gc,phases      ] GC(142)     Dead                           Min: 0, Avg:  0.0, Max: 0, Diff: 0, Sum: 0, Workers: 4
[415.651s][debug][gc,phases      ] GC(142)     Total                          Min: 0, Avg:  0.0, Max: 0, Diff: 0, Sum: 0, Workers: 4
[415.651s][debug][gc,phases      ] GC(142) Weak Processing 0.303ms
[415.651s][debug][gc,age         ] GC(142) Desired survivor size 53477376 bytes, new threshold 15 (max threshold 15)
[415.651s][info ][gc,heap        ] GC(142) PSYoungGen: 1986816K(2041856K)->2528K(2038784K) Eden: 1983488K(1983488K)->0K(1983488K) From: 3328K(58368K)->2528K(55296K)
[415.651s][info ][gc,heap        ] GC(142) ParOldGen: 556623K(614400K)->556671K(614400K)
[415.651s][info ][gc,metaspace   ] GC(142) Metaspace: 81812K(82624K)->81812K(82624K) NonClass: 70329K(70720K)->70329K(70720K) Class: 11482K(11904K)->11482K(11904K)
[415.651s][info ][gc             ] GC(142) Pause Young (Allocation Failure) 2483M->546M(2591M) 3.446ms
[415.651s][info ][gc,cpu         ] GC(142) User=0.01s Sys=0.00s Real=0.01s
[415.651s][info ][safepoint      ] Safepoint "ParallelGCFailedAllocation", Time since last: 12181733362 ns, Reaching safepoint: 61501 ns, At safepoint: 3530833 ns, Total: 3592334 ns
[424.651s][info ][safepoint      ] Safepoint "Cleanup", Time since last: 9000568860 ns, Reaching safepoint: 53600 ns, At safepoint: 6400 ns, Total: 60000 ns
[428.164s][info ][gc,start       ] GC(143) Pause Young (Allocation Failure)
[428.167s][debug][gc,phases      ] GC(143) Scavenge 3.051ms
[428.167s][debug][gc,ref         ] GC(143) Skipped phase 1 of Reference Processing: no references
[428.167s][debug][gc,ref         ] GC(143) ReferenceProcessor::execute queues: 1, RefProcThreadModel::Single, marks_oops_alive: false
[428.167s][debug][gc,ref         ] GC(143) Skipped phase 3 of Reference Processing: no references
[428.167s][debug][gc,ref         ] GC(143) Skipped phase 4 of Reference Processing: no references
[428.167s][debug][gc,phases      ] GC(143) Reference Processing 0.109ms
[428.167s][debug][gc,phases      ] GC(143)   VM Weak                        Min:  0.0, Avg:  0.0, Max:  0.0, Diff:  0.0, Sum:  0.0, Workers: 4
[428.167s][debug][gc,phases      ] GC(143)     Dead                           Min: 0, Avg:  0.0, Max: 0, Diff: 0, Sum: 0, Workers: 4
[428.167s][debug][gc,phases      ] GC(143)     Total                          Min: 0, Avg: 166.8, Max: 411, Diff: 411, Sum: 667, Workers: 4
[428.167s][debug][gc,phases      ] GC(143)   ObjectSynchronizer Weak        Min:  0.0, Avg:  0.0, Max:  0.0, Diff:  0.0, Sum:  0.0, Workers: 4
[428.167s][debug][gc,phases      ] GC(143)     Dead                           Min: 0, Avg:  0.0, Max: 0, Diff: 0, Sum: 0, Workers: 4
[428.167s][debug][gc,phases      ] GC(143)     Total                          Min: 0, Avg: 87.0, Max: 220, Diff: 220, Sum: 348, Workers: 4
[428.167s][debug][gc,phases      ] GC(143)   JVMTI Tag Weak OopStorage      Min:  0.0, Avg:  0.0, Max:  0.0, Diff:  0.0, Sum:  0.0, Workers: 4
[428.167s][debug][gc,phases      ] GC(143)     Dead                           Min: 0, Avg:  0.0, Max: 0, Diff: 0, Sum: 0, Workers: 4
[428.167s][debug][gc,phases      ] GC(143)     Total                          Min: 0, Avg:  0.0, Max: 0, Diff: 0, Sum: 0, Workers: 4
[428.167s][debug][gc,phases      ] GC(143)   StringTable Weak               Min:  0.1, Avg:  0.1, Max:  0.1, Diff:  0.0, Sum:  0.3, Workers: 4
[428.167s][debug][gc,phases      ] GC(143)     Dead                           Min: 0, Avg:  0.0, Max: 0, Diff: 0, Sum: 0, Workers: 4
[428.167s][debug][gc,phases      ] GC(143)     Total                          Min: 7488, Avg: 11992.2, Max: 14305, Diff: 6817, Sum: 47969, Workers: 4
[428.167s][debug][gc,phases      ] GC(143)   ResolvedMethodTable Weak       Min:  0.0, Avg:  0.0, Max:  0.0, Diff:  0.0, Sum:  0.1, Workers: 4
[428.167s][debug][gc,phases      ] GC(143)     Dead                           Min: 0, Avg:  0.0, Max: 0, Diff: 0, Sum: 0, Workers: 4
[428.167s][debug][gc,phases      ] GC(143)     Total                          Min: 1638, Avg: 1981.2, Max: 2176, Diff: 538, Sum: 7925, Workers: 4
[428.167s][debug][gc,phases      ] GC(143)   JNI Weak                       Min:  0.0, Avg:  0.0, Max:  0.0, Diff:  0.0, Sum:  0.0, Workers: 4
[428.167s][debug][gc,phases      ] GC(143)     Dead                           Min: 0, Avg:  0.0, Max: 0, Diff: 0, Sum: 0, Workers: 4
[428.167s][debug][gc,phases      ] GC(143)     Total                          Min: 0, Avg:  0.0, Max: 0, Diff: 0, Sum: 0, Workers: 4
[428.167s][debug][gc,phases      ] GC(143)   StringDedup Table Weak         Min:  0.0, Avg:  0.0, Max:  0.0, Diff:  0.0, Sum:  0.0, Workers: 4
[428.167s][debug][gc,phases      ] GC(143)     Dead                           Min: 0, Avg:  0.0, Max: 0, Diff: 0, Sum: 0, Workers: 4
[428.167s][debug][gc,phases      ] GC(143)     Total                          Min: 0, Avg:  0.0, Max: 0, Diff: 0, Sum: 0, Workers: 4
[428.167s][debug][gc,phases      ] GC(143)   StringDedup Requests0 Weak     Min:  0.0, Avg:  0.0, Max:  0.0, Diff:  0.0, Sum:  0.0, Workers: 4
[428.167s][debug][gc,phases      ] GC(143)     Dead                           Min: 0, Avg:  0.0, Max: 0, Diff: 0, Sum: 0, Workers: 4
[428.167s][debug][gc,phases      ] GC(143)     Total                          Min: 0, Avg:  0.0, Max: 0, Diff: 0, Sum: 0, Workers: 4
[428.167s][debug][gc,phases      ] GC(143)   StringDedup Requests1 Weak     Min:  0.0, Avg:  0.0, Max:  0.0, Diff:  0.0, Sum:  0.0, Workers: 4
[428.167s][debug][gc,phases      ] GC(143)     Dead                           Min: 0, Avg:  0.0, Max: 0, Diff: 0, Sum: 0, Workers: 4
[428.167s][debug][gc,phases      ] GC(143)     Total                          Min: 0, Avg:  0.0, Max: 0, Diff: 0, Sum: 0, Workers: 4
[428.167s][debug][gc,phases      ] GC(143)   Weak JFR Old Object Samples    Min:  0.0, Avg:  0.0, Max:  0.0, Diff:  0.0, Sum:  0.0, Workers: 4
[428.167s][debug][gc,phases      ] GC(143)     Dead                           Min: 0, Avg:  0.0, Max: 0, Diff: 0, Sum: 0, Workers: 4
[428.167s][debug][gc,phases      ] GC(143)     Total                          Min: 0, Avg:  0.0, Max: 0, Diff: 0, Sum: 0, Workers: 4
[428.167s][debug][gc,phases      ] GC(143) Weak Processing 0.282ms
[428.167s][debug][gc,age         ] GC(143) Desired survivor size 50331648 bytes, new threshold 15 (max threshold 15)
[428.167s][info ][gc,heap        ] GC(143) PSYoungGen: 1986016K(2038784K)->2592K(2048000K) Eden: 1983488K(1983488K)->0K(1995776K) From: 2528K(55296K)->2592K(52224K)
[428.167s][info ][gc,heap        ] GC(143) ParOldGen: 556671K(614400K)->556695K(614400K)
[428.167s][info ][gc,metaspace   ] GC(143) Metaspace: 81814K(82624K)->81814K(82624K) NonClass: 70332K(70720K)->70332K(70720K) Class: 11482K(11904K)->11482K(11904K)
[428.167s][info ][gc             ] GC(143) Pause Young (Allocation Failure) 2483M->546M(2600M) 3.553ms
[428.167s][info ][gc,cpu         ] GC(143) User=0.02s Sys=0.00s Real=0.00s
[428.167s][info ][safepoint      ] Safepoint "ParallelGCFailedAllocation", Time since last: 3512156915 ns, Reaching safepoint: 50900 ns, At safepoint: 3627434 ns, Total: 3678334 ns
[429.167s][info ][safepoint      ] Safepoint "Cleanup", Time since last: 1000088983 ns, Reaching safepoint: 63101 ns, At safepoint: 8500 ns, Total: 71601 ns
[430.167s][info ][safepoint      ] Safepoint "Cleanup", Time since last: 1000057381 ns, Reaching safepoint: 50701 ns, At safepoint: 9600 ns, Total: 60301 ns
[432.168s][info ][safepoint      ] Safepoint "Cleanup", Time since last: 2000170158 ns, Reaching safepoint: 57900 ns, At safepoint: 7400 ns, Total: 65300 ns
[433.168s][info ][safepoint      ] Safepoint "Cleanup", Time since last: 1000104778 ns, Reaching safepoint: 45600 ns, At safepoint: 27200 ns, Total: 72800 ns
[435.168s][info ][safepoint      ] Safepoint "Cleanup", Time since last: 2000180950 ns, Reaching safepoint: 50200 ns, At safepoint: 8500 ns, Total: 58700 ns
[440.503s][info ][gc,start       ] GC(144) Pause Young (Allocation Failure)
[440.507s][debug][gc,phases      ] GC(144) Scavenge 3.082ms
[440.507s][debug][gc,ref         ] GC(144) Skipped phase 1 of Reference Processing: no references
[440.507s][debug][gc,ref         ] GC(144) ReferenceProcessor::execute queues: 1, RefProcThreadModel::Single, marks_oops_alive: false
[440.507s][debug][gc,ref         ] GC(144) Skipped phase 3 of Reference Processing: no references
[440.507s][debug][gc,ref         ] GC(144) Skipped phase 4 of Reference Processing: no references
[440.507s][debug][gc,phases      ] GC(144) Reference Processing 0.135ms
[440.507s][debug][gc,phases      ] GC(144)   VM Weak                        Min:  0.0, Avg:  0.0, Max:  0.0, Diff:  0.0, Sum:  0.0, Workers: 4
[440.507s][debug][gc,phases      ] GC(144)     Dead                           Min: 0, Avg:  0.0, Max: 0, Diff: 0, Sum: 0, Workers: 4
[440.507s][debug][gc,phases      ] GC(144)     Total                          Min: 0, Avg: 166.8, Max: 667, Diff: 667, Sum: 667, Workers: 4
[440.507s][debug][gc,phases      ] GC(144)   ObjectSynchronizer Weak        Min:  0.0, Avg:  0.0, Max:  0.0, Diff:  0.0, Sum:  0.0, Workers: 4
[440.507s][debug][gc,phases      ] GC(144)     Dead                           Min: 0, Avg:  0.0, Max: 0, Diff: 0, Sum: 0, Workers: 4
[440.507s][debug][gc,phases      ] GC(144)     Total                          Min: 0, Avg: 87.0, Max: 220, Diff: 220, Sum: 348, Workers: 4
[440.507s][debug][gc,phases      ] GC(144)   JVMTI Tag Weak OopStorage      Min:  0.0, Avg:  0.0, Max:  0.0, Diff:  0.0, Sum:  0.0, Workers: 4
[440.507s][debug][gc,phases      ] GC(144)     Dead                           Min: 0, Avg:  0.0, Max: 0, Diff: 0, Sum: 0, Workers: 4
[440.507s][debug][gc,phases      ] GC(144)     Total                          Min: 0, Avg:  0.0, Max: 0, Diff: 0, Sum: 0, Workers: 4
[440.507s][debug][gc,phases      ] GC(144)   StringTable Weak               Min:  0.1, Avg:  0.1, Max:  0.1, Diff:  0.0, Sum:  0.4, Workers: 4
[440.507s][debug][gc,phases      ] GC(144)     Dead                           Min: 0, Avg:  0.0, Max: 0, Diff: 0, Sum: 0, Workers: 4
[440.507s][debug][gc,phases      ] GC(144)     Total                          Min: 11555, Avg: 11992.8, Max: 12352, Diff: 797, Sum: 47971, Workers: 4
[440.507s][debug][gc,phases      ] GC(144)   ResolvedMethodTable Weak       Min:  0.0, Avg:  0.0, Max:  0.0, Diff:  0.0, Sum:  0.1, Workers: 4
[440.507s][debug][gc,phases      ] GC(144)     Dead                           Min: 0, Avg:  0.0, Max: 0, Diff: 0, Sum: 0, Workers: 4
[440.507s][debug][gc,phases      ] GC(144)     Total                          Min: 1873, Avg: 1981.2, Max: 2140, Diff: 267, Sum: 7925, Workers: 4
[440.507s][debug][gc,phases      ] GC(144)   JNI Weak                       Min:  0.0, Avg:  0.0, Max:  0.0, Diff:  0.0, Sum:  0.0, Workers: 4
[440.507s][debug][gc,phases      ] GC(144)     Dead                           Min: 0, Avg:  0.0, Max: 0, Diff: 0, Sum: 0, Workers: 4
[440.507s][debug][gc,phases      ] GC(144)     Total                          Min: 0, Avg:  0.0, Max: 0, Diff: 0, Sum: 0, Workers: 4
[440.507s][debug][gc,phases      ] GC(144)   StringDedup Table Weak         Min:  0.0, Avg:  0.0, Max:  0.0, Diff:  0.0, Sum:  0.0, Workers: 4
[440.507s][debug][gc,phases      ] GC(144)     Dead                           Min: 0, Avg:  0.0, Max: 0, Diff: 0, Sum: 0, Workers: 4
[440.507s][debug][gc,phases      ] GC(144)     Total                          Min: 0, Avg:  0.0, Max: 0, Diff: 0, Sum: 0, Workers: 4
[440.507s][debug][gc,phases      ] GC(144)   StringDedup Requests0 Weak     Min:  0.0, Avg:  0.0, Max:  0.0, Diff:  0.0, Sum:  0.0, Workers: 4
[440.507s][debug][gc,phases      ] GC(144)     Dead                           Min: 0, Avg:  0.0, Max: 0, Diff: 0, Sum: 0, Workers: 4
[440.507s][debug][gc,phases      ] GC(144)     Total                          Min: 0, Avg:  0.0, Max: 0, Diff: 0, Sum: 0, Workers: 4
[440.507s][debug][gc,phases      ] GC(144)   StringDedup Requests1 Weak     Min:  0.0, Avg:  0.0, Max:  0.0, Diff:  0.0, Sum:  0.0, Workers: 4
[440.507s][debug][gc,phases      ] GC(144)     Dead                           Min: 0, Avg:  0.0, Max: 0, Diff: 0, Sum: 0, Workers: 4
[440.507s][debug][gc,phases      ] GC(144)     Total                          Min: 0, Avg:  0.0, Max: 0, Diff: 0, Sum: 0, Workers: 4
[440.507s][debug][gc,phases      ] GC(144)   Weak JFR Old Object Samples    Min:  0.0, Avg:  0.0, Max:  0.0, Diff:  0.0, Sum:  0.0, Workers: 4
[440.507s][debug][gc,phases      ] GC(144)     Dead                           Min: 0, Avg:  0.0, Max: 0, Diff: 0, Sum: 0, Workers: 4
[440.507s][debug][gc,phases      ] GC(144)     Total                          Min: 0, Avg:  0.0, Max: 0, Diff: 0, Sum: 0, Workers: 4
[440.507s][debug][gc,phases      ] GC(144) Weak Processing 0.378ms
[440.507s][debug][gc,age         ] GC(144) Desired survivor size 47185920 bytes, new threshold 15 (max threshold 15)
[440.507s][info ][gc,heap        ] GC(144) PSYoungGen: 1998368K(2048000K)->2784K(2044928K) Eden: 1995776K(1995776K)->0K(1995776K) From: 2592K(52224K)->2784K(49152K)
[440.507s][info ][gc,heap        ] GC(144) ParOldGen: 556695K(614400K)->556719K(614400K)
[440.507s][info ][gc,metaspace   ] GC(144) Metaspace: 81818K(82624K)->81818K(82624K) NonClass: 70335K(70720K)->70335K(70720K) Class: 11482K(11904K)->11482K(11904K)
[440.507s][info ][gc             ] GC(144) Pause Young (Allocation Failure) 2495M->546M(2597M) 3.741ms
[440.507s][info ][gc,cpu         ] GC(144) User=0.02s Sys=0.00s Real=0.00s
[440.507s][info ][safepoint      ] Safepoint "ParallelGCFailedAllocation", Time since last: 5335212517 ns, Reaching safepoint: 46700 ns, At safepoint: 3831636 ns, Total: 3878336 ns
[452.508s][info ][safepoint      ] Safepoint "Cleanup", Time since last: 12000740478 ns, Reaching safepoint: 110301 ns, At safepoint: 8700 ns, Total: 119001 ns
[452.567s][info ][gc,start       ] GC(145) Pause Young (Allocation Failure)
[452.571s][debug][gc,phases      ] GC(145) Scavenge 3.028ms
[452.571s][debug][gc,ref         ] GC(145) Skipped phase 1 of Reference Processing: no references
[452.571s][debug][gc,ref         ] GC(145) ReferenceProcessor::execute queues: 1, RefProcThreadModel::Single, marks_oops_alive: false
[452.571s][debug][gc,ref         ] GC(145) Skipped phase 3 of Reference Processing: no references
[452.571s][debug][gc,ref         ] GC(145) Skipped phase 4 of Reference Processing: no references
[452.571s][debug][gc,phases      ] GC(145) Reference Processing 0.112ms
[452.571s][debug][gc,phases      ] GC(145)   VM Weak                        Min:  0.0, Avg:  0.0, Max:  0.0, Diff:  0.0, Sum:  0.0, Workers: 4
[452.571s][debug][gc,phases      ] GC(145)     Dead                           Min: 0, Avg:  0.0, Max: 0, Diff: 0, Sum: 0, Workers: 4
[452.571s][debug][gc,phases      ] GC(145)     Total                          Min: 0, Avg: 166.8, Max: 256, Diff: 256, Sum: 667, Workers: 4
[452.571s][debug][gc,phases      ] GC(145)   ObjectSynchronizer Weak        Min:  0.0, Avg:  0.0, Max:  0.0, Diff:  0.0, Sum:  0.0, Workers: 4
[452.571s][debug][gc,phases      ] GC(145)     Dead                           Min: 0, Avg:  0.0, Max: 0, Diff: 0, Sum: 0, Workers: 4
[452.571s][debug][gc,phases      ] GC(145)     Total                          Min: 0, Avg: 87.0, Max: 156, Diff: 156, Sum: 348, Workers: 4
[452.571s][debug][gc,phases      ] GC(145)   JVMTI Tag Weak OopStorage      Min:  0.0, Avg:  0.0, Max:  0.0, Diff:  0.0, Sum:  0.0, Workers: 4
[452.571s][debug][gc,phases      ] GC(145)     Dead                           Min: 0, Avg:  0.0, Max: 0, Diff: 0, Sum: 0, Workers: 4
[452.571s][debug][gc,phases      ] GC(145)     Total                          Min: 0, Avg:  0.0, Max: 0, Diff: 0, Sum: 0, Workers: 4
[452.571s][debug][gc,phases      ] GC(145)   StringTable Weak               Min:  0.1, Avg:  0.1, Max:  0.1, Diff:  0.0, Sum:  0.4, Workers: 4
[452.571s][debug][gc,phases      ] GC(145)     Dead                           Min: 0, Avg:  0.0, Max: 0, Diff: 0, Sum: 0, Workers: 4
[452.571s][debug][gc,phases      ] GC(145)     Total                          Min: 10403, Avg: 11992.8, Max: 16000, Diff: 5597, Sum: 47971, Workers: 4
[452.571s][debug][gc,phases      ] GC(145)   ResolvedMethodTable Weak       Min:  0.0, Avg:  0.0, Max:  0.0, Diff:  0.0, Sum:  0.1, Workers: 4
[452.571s][debug][gc,phases      ] GC(145)     Dead                           Min: 0, Avg:  0.0, Max: 0, Diff: 0, Sum: 0, Workers: 4
[452.571s][debug][gc,phases      ] GC(145)     Total                          Min: 1716, Avg: 1981.2, Max: 2611, Diff: 895, Sum: 7925, Workers: 4
[452.571s][debug][gc,phases      ] GC(145)   JNI Weak                       Min:  0.0, Avg:  0.0, Max:  0.0, Diff:  0.0, Sum:  0.0, Workers: 4
[452.571s][debug][gc,phases      ] GC(145)     Dead                           Min: 0, Avg:  0.0, Max: 0, Diff: 0, Sum: 0, Workers: 4
[452.571s][debug][gc,phases      ] GC(145)     Total                          Min: 0, Avg:  0.0, Max: 0, Diff: 0, Sum: 0, Workers: 4
[452.571s][debug][gc,phases      ] GC(145)   StringDedup Table Weak         Min:  0.0, Avg:  0.0, Max:  0.0, Diff:  0.0, Sum:  0.0, Workers: 4
[452.571s][debug][gc,phases      ] GC(145)     Dead                           Min: 0, Avg:  0.0, Max: 0, Diff: 0, Sum: 0, Workers: 4
[452.571s][debug][gc,phases      ] GC(145)     Total                          Min: 0, Avg:  0.0, Max: 0, Diff: 0, Sum: 0, Workers: 4
[452.571s][debug][gc,phases      ] GC(145)   StringDedup Requests0 Weak     Min:  0.0, Avg:  0.0, Max:  0.0, Diff:  0.0, Sum:  0.0, Workers: 4
[452.571s][debug][gc,phases      ] GC(145)     Dead                           Min: 0, Avg:  0.0, Max: 0, Diff: 0, Sum: 0, Workers: 4
[452.571s][debug][gc,phases      ] GC(145)     Total                          Min: 0, Avg:  0.0, Max: 0, Diff: 0, Sum: 0, Workers: 4
[452.571s][debug][gc,phases      ] GC(145)   StringDedup Requests1 Weak     Min:  0.0, Avg:  0.0, Max:  0.0, Diff:  0.0, Sum:  0.0, Workers: 4
[452.571s][debug][gc,phases      ] GC(145)     Dead                           Min: 0, Avg:  0.0, Max: 0, Diff: 0, Sum: 0, Workers: 4
[452.571s][debug][gc,phases      ] GC(145)     Total                          Min: 0, Avg:  0.0, Max: 0, Diff: 0, Sum: 0, Workers: 4
[452.571s][debug][gc,phases      ] GC(145)   Weak JFR Old Object Samples    Min:  0.0, Avg:  0.0, Max:  0.0, Diff:  0.0, Sum:  0.0, Workers: 4
[452.571s][debug][gc,phases      ] GC(145)     Dead                           Min: 0, Avg:  0.0, Max: 0, Diff: 0, Sum: 0, Workers: 4
[452.571s][debug][gc,phases      ] GC(145)     Total                          Min: 0, Avg:  0.0, Max: 0, Diff: 0, Sum: 0, Workers: 4
[452.571s][debug][gc,phases      ] GC(145) Weak Processing 0.298ms
[452.571s][debug][gc,age         ] GC(145) Desired survivor size 44564480 bytes, new threshold 15 (max threshold 15)
[452.571s][info ][gc,heap        ] GC(145) PSYoungGen: 1998560K(2044928K)->2741K(2053632K) Eden: 1995776K(1995776K)->0K(2007552K) From: 2784K(49152K)->2741K(46080K)
[452.571s][info ][gc,heap        ] GC(145) ParOldGen: 556719K(614400K)->556743K(614400K)
[452.571s][info ][gc,metaspace   ] GC(145) Metaspace: 81818K(82624K)->81818K(82624K) NonClass: 70336K(70720K)->70336K(70720K) Class: 11482K(11904K)->11482K(11904K)
[452.571s][info ][gc             ] GC(145) Pause Young (Allocation Failure) 2495M->546M(2605M) 3.541ms
[452.571s][info ][gc,cpu         ] GC(145) User=0.02s Sys=0.00s Real=0.00s
[452.571s][info ][safepoint      ] Safepoint "ParallelGCFailedAllocation", Time since last: 59205759 ns, Reaching safepoint: 116301 ns, At safepoint: 3614034 ns, Total: 3730335 ns
[453.571s][info ][safepoint      ] Safepoint "Cleanup", Time since last: 1000080048 ns, Reaching safepoint: 42700 ns, At safepoint: 10100 ns, Total: 52800 ns
[457.571s][info ][safepoint      ] Safepoint "Cleanup", Time since last: 4000250774 ns, Reaching safepoint: 47901 ns, At safepoint: 4300 ns, Total: 52201 ns
[458.572s][info ][safepoint      ] Safepoint "Cleanup", Time since last: 1000115940 ns, Reaching safepoint: 35400 ns, At safepoint: 3200 ns, Total: 38600 ns
[459.572s][info ][safepoint      ] Safepoint "Cleanup", Time since last: 1000109239 ns, Reaching safepoint: 44501 ns, At safepoint: 3500 ns, Total: 48001 ns
[464.572s][info ][safepoint      ] Safepoint "Cleanup", Time since last: 5000376572 ns, Reaching safepoint: 39901 ns, At safepoint: 33100 ns, Total: 73001 ns
[465.403s][info ][gc,start       ] GC(146) Pause Young (Allocation Failure)
[465.405s][debug][gc,phases      ] GC(146) Scavenge 2.686ms
[465.405s][debug][gc,ref         ] GC(146) Skipped phase 1 of Reference Processing: no references
[465.406s][debug][gc,ref         ] GC(146) ReferenceProcessor::execute queues: 1, RefProcThreadModel::Single, marks_oops_alive: false
[465.406s][debug][gc,ref         ] GC(146) Skipped phase 3 of Reference Processing: no references
[465.406s][debug][gc,ref         ] GC(146) Skipped phase 4 of Reference Processing: no references
[465.406s][debug][gc,phases      ] GC(146) Reference Processing 0.108ms
[465.406s][debug][gc,phases      ] GC(146)   VM Weak                        Min:  0.0, Avg:  0.0, Max:  0.0, Diff:  0.0, Sum:  0.0, Workers: 4
[465.406s][debug][gc,phases      ] GC(146)     Dead                           Min: 0, Avg:  0.0, Max: 0, Diff: 0, Sum: 0, Workers: 4
[465.406s][debug][gc,phases      ] GC(146)     Total                          Min: 0, Avg: 166.8, Max: 667, Diff: 667, Sum: 667, Workers: 4
[465.406s][debug][gc,phases      ] GC(146)   ObjectSynchronizer Weak        Min:  0.0, Avg:  0.0, Max:  0.0, Diff:  0.0, Sum:  0.0, Workers: 4
[465.406s][debug][gc,phases      ] GC(146)     Dead                           Min: 0, Avg:  0.0, Max: 0, Diff: 0, Sum: 0, Workers: 4
[465.406s][debug][gc,phases      ] GC(146)     Total                          Min: 0, Avg: 87.0, Max: 220, Diff: 220, Sum: 348, Workers: 4
[465.406s][debug][gc,phases      ] GC(146)   JVMTI Tag Weak OopStorage      Min:  0.0, Avg:  0.0, Max:  0.0, Diff:  0.0, Sum:  0.0, Workers: 4
[465.406s][debug][gc,phases      ] GC(146)     Dead                           Min: 0, Avg:  0.0, Max: 0, Diff: 0, Sum: 0, Workers: 4
[465.406s][debug][gc,phases      ] GC(146)     Total                          Min: 0, Avg:  0.0, Max: 0, Diff: 0, Sum: 0, Workers: 4
[465.406s][debug][gc,phases      ] GC(146)   StringTable Weak               Min:  0.1, Avg:  0.1, Max:  0.1, Diff:  0.0, Sum:  0.4, Workers: 4
[465.406s][debug][gc,phases      ] GC(146)     Dead                           Min: 0, Avg:  0.0, Max: 0, Diff: 0, Sum: 0, Workers: 4
[465.406s][debug][gc,phases      ] GC(146)     Total                          Min: 9984, Avg: 11992.8, Max: 14976, Diff: 4992, Sum: 47971, Workers: 4
[465.406s][debug][gc,phases      ] GC(146)   ResolvedMethodTable Weak       Min:  0.0, Avg:  0.0, Max:  0.0, Diff:  0.0, Sum:  0.1, Workers: 4
[465.406s][debug][gc,phases      ] GC(146)     Dead                           Min: 0, Avg:  0.0, Max: 0, Diff: 0, Sum: 0, Workers: 4
[465.406s][debug][gc,phases      ] GC(146)     Total                          Min: 1621, Avg: 1981.2, Max: 2351, Diff: 730, Sum: 7925, Workers: 4
[465.406s][debug][gc,phases      ] GC(146)   JNI Weak                       Min:  0.0, Avg:  0.0, Max:  0.0, Diff:  0.0, Sum:  0.0, Workers: 4
[465.406s][debug][gc,phases      ] GC(146)     Dead                           Min: 0, Avg:  0.0, Max: 0, Diff: 0, Sum: 0, Workers: 4
[465.406s][debug][gc,phases      ] GC(146)     Total                          Min: 0, Avg:  0.0, Max: 0, Diff: 0, Sum: 0, Workers: 4
[465.406s][debug][gc,phases      ] GC(146)   StringDedup Table Weak         Min:  0.0, Avg:  0.0, Max:  0.0, Diff:  0.0, Sum:  0.0, Workers: 4
[465.406s][debug][gc,phases      ] GC(146)     Dead                           Min: 0, Avg:  0.0, Max: 0, Diff: 0, Sum: 0, Workers: 4
[465.406s][debug][gc,phases      ] GC(146)     Total                          Min: 0, Avg:  0.0, Max: 0, Diff: 0, Sum: 0, Workers: 4
[465.406s][debug][gc,phases      ] GC(146)   StringDedup Requests0 Weak     Min:  0.0, Avg:  0.0, Max:  0.0, Diff:  0.0, Sum:  0.0, Workers: 4
[465.406s][debug][gc,phases      ] GC(146)     Dead                           Min: 0, Avg:  0.0, Max: 0, Diff: 0, Sum: 0, Workers: 4
[465.406s][debug][gc,phases      ] GC(146)     Total                          Min: 0, Avg:  0.0, Max: 0, Diff: 0, Sum: 0, Workers: 4
[465.406s][debug][gc,phases      ] GC(146)   StringDedup Requests1 Weak     Min:  0.0, Avg:  0.0, Max:  0.0, Diff:  0.0, Sum:  0.0, Workers: 4
[465.406s][debug][gc,phases      ] GC(146)     Dead                           Min: 0, Avg:  0.0, Max: 0, Diff: 0, Sum: 0, Workers: 4
[465.406s][debug][gc,phases      ] GC(146)     Total                          Min: 0, Avg:  0.0, Max: 0, Diff: 0, Sum: 0, Workers: 4
[465.406s][debug][gc,phases      ] GC(146)   Weak JFR Old Object Samples    Min:  0.0, Avg:  0.0, Max:  0.0, Diff:  0.0, Sum:  0.0, Workers: 4
[465.406s][debug][gc,phases      ] GC(146)     Dead                           Min: 0, Avg:  0.0, Max: 0, Diff: 0, Sum: 0, Workers: 4
[465.406s][debug][gc,phases      ] GC(146)     Total                          Min: 0, Avg:  0.0, Max: 0, Diff: 0, Sum: 0, Workers: 4
[465.406s][debug][gc,phases      ] GC(146) Weak Processing 0.264ms
[465.406s][debug][gc,age         ] GC(146) Desired survivor size 41943040 bytes, new threshold 15 (max threshold 15)
[465.406s][info ][gc,heap        ] GC(146) PSYoungGen: 2010293K(2053632K)->2640K(2051072K) Eden: 2007552K(2007552K)->0K(2007552K) From: 2741K(46080K)->2640K(43520K)
[465.406s][info ][gc,heap        ] GC(146) ParOldGen: 556743K(614400K)->556767K(614400K)
[465.406s][info ][gc,metaspace   ] GC(146) Metaspace: 81822K(82688K)->81822K(82688K) NonClass: 70339K(70784K)->70339K(70784K) Class: 11482K(11904K)->11482K(11904K)
[465.406s][info ][gc             ] GC(146) Pause Young (Allocation Failure) 2506M->546M(2603M) 3.177ms
[465.406s][info ][gc,cpu         ] GC(146) User=0.01s Sys=0.00s Real=0.00s
[465.406s][info ][safepoint      ] Safepoint "ParallelGCFailedAllocation", Time since last: 830452431 ns, Reaching safepoint: 28100 ns, At safepoint: 3243231 ns, Total: 3271331 ns
[471.407s][info ][safepoint      ] Safepoint "Cleanup", Time since last: 6000474954 ns, Reaching safepoint: 112201 ns, At safepoint: 7000 ns, Total: 119201 ns
[474.407s][info ][safepoint      ] Safepoint "Cleanup", Time since last: 3000250258 ns, Reaching safepoint: 113201 ns, At safepoint: 10901 ns, Total: 124102 ns
[477.407s][info ][safepoint      ] Safepoint "Cleanup", Time since last: 3000234346 ns, Reaching safepoint: 98001 ns, At safepoint: 7800 ns, Total: 105801 ns
[478.256s][info ][gc,start       ] GC(147) Pause Young (Allocation Failure)
[478.259s][debug][gc,phases      ] GC(147) Scavenge 2.317ms
[478.259s][debug][gc,ref         ] GC(147) Skipped phase 1 of Reference Processing: no references
[478.259s][debug][gc,ref         ] GC(147) ReferenceProcessor::execute queues: 1, RefProcThreadModel::Single, marks_oops_alive: false
[478.259s][debug][gc,ref         ] GC(147) Skipped phase 3 of Reference Processing: no references
[478.259s][debug][gc,ref         ] GC(147) Skipped phase 4 of Reference Processing: no references
[478.259s][debug][gc,phases      ] GC(147) Reference Processing 0.095ms
[478.259s][debug][gc,phases      ] GC(147)   VM Weak                        Min:  0.0, Avg:  0.0, Max:  0.0, Diff:  0.0, Sum:  0.0, Workers: 4
[478.259s][debug][gc,phases      ] GC(147)     Dead                           Min: 0, Avg:  0.0, Max: 0, Diff: 0, Sum: 0, Workers: 4
[478.259s][debug][gc,phases      ] GC(147)     Total                          Min: 0, Avg: 166.8, Max: 347, Diff: 347, Sum: 667, Workers: 4
[478.259s][debug][gc,phases      ] GC(147)   ObjectSynchronizer Weak        Min:  0.0, Avg:  0.0, Max:  0.0, Diff:  0.0, Sum:  0.0, Workers: 4
[478.259s][debug][gc,phases      ] GC(147)     Dead                           Min: 0, Avg:  0.0, Max: 0, Diff: 0, Sum: 0, Workers: 4
[478.259s][debug][gc,phases      ] GC(147)     Total                          Min: 0, Avg: 87.0, Max: 156, Diff: 156, Sum: 348, Workers: 4
[478.259s][debug][gc,phases      ] GC(147)   JVMTI Tag Weak OopStorage      Min:  0.0, Avg:  0.0, Max:  0.0, Diff:  0.0, Sum:  0.0, Workers: 4
[478.259s][debug][gc,phases      ] GC(147)     Dead                           Min: 0, Avg:  0.0, Max: 0, Diff: 0, Sum: 0, Workers: 4
[478.259s][debug][gc,phases      ] GC(147)     Total                          Min: 0, Avg:  0.0, Max: 0, Diff: 0, Sum: 0, Workers: 4
[478.259s][debug][gc,phases      ] GC(147)   StringTable Weak               Min:  0.1, Avg:  0.1, Max:  0.1, Diff:  0.0, Sum:  0.3, Workers: 4
[478.259s][debug][gc,phases      ] GC(147)     Dead                           Min: 0, Avg:  0.0, Max: 0, Diff: 0, Sum: 0, Workers: 4
[478.259s][debug][gc,phases      ] GC(147)     Total                          Min: 11072, Avg: 11997.2, Max: 13429, Diff: 2357, Sum: 47989, Workers: 4
[478.259s][debug][gc,phases      ] GC(147)   ResolvedMethodTable Weak       Min:  0.0, Avg:  0.0, Max:  0.0, Diff:  0.0, Sum:  0.1, Workers: 4
[478.259s][debug][gc,phases      ] GC(147)     Dead                           Min: 0, Avg:  0.0, Max: 0, Diff: 0, Sum: 0, Workers: 4
[478.259s][debug][gc,phases      ] GC(147)     Total                          Min: 1854, Avg: 1981.2, Max: 2080, Diff: 226, Sum: 7925, Workers: 4
[478.259s][debug][gc,phases      ] GC(147)   JNI Weak                       Min:  0.0, Avg:  0.0, Max:  0.0, Diff:  0.0, Sum:  0.0, Workers: 4
[478.259s][debug][gc,phases      ] GC(147)     Dead                           Min: 0, Avg:  0.0, Max: 0, Diff: 0, Sum: 0, Workers: 4
[478.259s][debug][gc,phases      ] GC(147)     Total                          Min: 0, Avg:  0.0, Max: 0, Diff: 0, Sum: 0, Workers: 4
[478.259s][debug][gc,phases      ] GC(147)   StringDedup Table Weak         Min:  0.0, Avg:  0.0, Max:  0.0, Diff:  0.0, Sum:  0.0, Workers: 4
[478.259s][debug][gc,phases      ] GC(147)     Dead                           Min: 0, Avg:  0.0, Max: 0, Diff: 0, Sum: 0, Workers: 4
[478.259s][debug][gc,phases      ] GC(147)     Total                          Min: 0, Avg:  0.0, Max: 0, Diff: 0, Sum: 0, Workers: 4
[478.259s][debug][gc,phases      ] GC(147)   StringDedup Requests0 Weak     Min:  0.0, Avg:  0.0, Max:  0.0, Diff:  0.0, Sum:  0.0, Workers: 4
[478.259s][debug][gc,phases      ] GC(147)     Dead                           Min: 0, Avg:  0.0, Max: 0, Diff: 0, Sum: 0, Workers: 4
[478.259s][debug][gc,phases      ] GC(147)     Total                          Min: 0, Avg:  0.0, Max: 0, Diff: 0, Sum: 0, Workers: 4
[478.259s][debug][gc,phases      ] GC(147)   StringDedup Requests1 Weak     Min:  0.0, Avg:  0.0, Max:  0.0, Diff:  0.0, Sum:  0.0, Workers: 4
[478.259s][debug][gc,phases      ] GC(147)     Dead                           Min: 0, Avg:  0.0, Max: 0, Diff: 0, Sum: 0, Workers: 4
[478.259s][debug][gc,phases      ] GC(147)     Total                          Min: 0, Avg:  0.0, Max: 0, Diff: 0, Sum: 0, Workers: 4
[478.259s][debug][gc,phases      ] GC(147)   Weak JFR Old Object Samples    Min:  0.0, Avg:  0.0, Max:  0.0, Diff:  0.0, Sum:  0.0, Workers: 4
[478.259s][debug][gc,phases      ] GC(147)     Dead                           Min: 0, Avg:  0.0, Max: 0, Diff: 0, Sum: 0, Workers: 4
[478.259s][debug][gc,phases      ] GC(147)     Total                          Min: 0, Avg:  0.0, Max: 0, Diff: 0, Sum: 0, Workers: 4
[478.259s][debug][gc,phases      ] GC(147) Weak Processing 0.259ms
[478.259s][debug][gc,age         ] GC(147) Desired survivor size 39321600 bytes, new threshold 15 (max threshold 15)
[478.259s][info ][gc,heap        ] GC(147) PSYoungGen: 2010192K(2051072K)->2736K(2058752K) Eden: 2007552K(2007552K)->0K(2017792K) From: 2640K(43520K)->2736K(40960K)
[478.259s][info ][gc,heap        ] GC(147) ParOldGen: 556767K(614400K)->556799K(614400K)
[478.259s][info ][gc,metaspace   ] GC(147) Metaspace: 81822K(82688K)->81822K(82688K) NonClass: 70340K(70784K)->70340K(70784K) Class: 11482K(11904K)->11482K(11904K)
[478.259s][info ][gc             ] GC(147) Pause Young (Allocation Failure) 2506M->546M(2610M) 2.769ms
[478.259s][info ][gc,cpu         ] GC(147) User=0.01s Sys=0.01s Real=0.00s
[478.259s][info ][safepoint      ] Safepoint "ParallelGCFailedAllocation", Time since last: 848946090 ns, Reaching safepoint: 42900 ns, At safepoint: 2838327 ns, Total: 2881227 ns
[480.259s][info ][safepoint      ] Safepoint "Cleanup", Time since last: 2000103121 ns, Reaching safepoint: 105201 ns, At safepoint: 8100 ns, Total: 113301 ns
[491.155s][info ][gc,start       ] GC(148) Pause Young (Allocation Failure)
[491.157s][debug][gc,phases      ] GC(148) Scavenge 2.310ms
[491.157s][debug][gc,ref         ] GC(148) Skipped phase 1 of Reference Processing: no references
[491.157s][debug][gc,ref         ] GC(148) ReferenceProcessor::execute queues: 1, RefProcThreadModel::Single, marks_oops_alive: false
[491.157s][debug][gc,ref         ] GC(148) Skipped phase 3 of Reference Processing: no references
[491.157s][debug][gc,ref         ] GC(148) Skipped phase 4 of Reference Processing: no references
[491.157s][debug][gc,phases      ] GC(148) Reference Processing 0.096ms
[491.157s][debug][gc,phases      ] GC(148)   VM Weak                        Min:  0.0, Avg:  0.0, Max:  0.0, Diff:  0.0, Sum:  0.0, Workers: 4
[491.157s][debug][gc,phases      ] GC(148)     Dead                           Min: 0, Avg:  0.0, Max: 0, Diff: 0, Sum: 0, Workers: 4
[491.157s][debug][gc,phases      ] GC(148)     Total                          Min: 0, Avg: 166.8, Max: 667, Diff: 667, Sum: 667, Workers: 4
[491.157s][debug][gc,phases      ] GC(148)   ObjectSynchronizer Weak        Min:  0.0, Avg:  0.0, Max:  0.0, Diff:  0.0, Sum:  0.0, Workers: 4
[491.157s][debug][gc,phases      ] GC(148)     Dead                           Min: 0, Avg:  0.0, Max: 0, Diff: 0, Sum: 0, Workers: 4
[491.157s][debug][gc,phases      ] GC(148)     Total                          Min: 0, Avg: 87.0, Max: 348, Diff: 348, Sum: 348, Workers: 4
[491.157s][debug][gc,phases      ] GC(148)   JVMTI Tag Weak OopStorage      Min:  0.0, Avg:  0.0, Max:  0.0, Diff:  0.0, Sum:  0.0, Workers: 4
[491.157s][debug][gc,phases      ] GC(148)     Dead                           Min: 0, Avg:  0.0, Max: 0, Diff: 0, Sum: 0, Workers: 4
[491.157s][debug][gc,phases      ] GC(148)     Total                          Min: 0, Avg:  0.0, Max: 0, Diff: 0, Sum: 0, Workers: 4
[491.157s][debug][gc,phases      ] GC(148)   StringTable Weak               Min:  0.1, Avg:  0.1, Max:  0.1, Diff:  0.0, Sum:  0.4, Workers: 4
[491.157s][debug][gc,phases      ] GC(148)     Dead                           Min: 0, Avg:  0.0, Max: 0, Diff: 0, Sum: 0, Workers: 4
[491.157s][debug][gc,phases      ] GC(148)     Total                          Min: 9664, Avg: 11997.2, Max: 14389, Diff: 4725, Sum: 47989, Workers: 4
[491.157s][debug][gc,phases      ] GC(148)   ResolvedMethodTable Weak       Min:  0.0, Avg:  0.0, Max:  0.0, Diff:  0.0, Sum:  0.1, Workers: 4
[491.157s][debug][gc,phases      ] GC(148)     Dead                           Min: 0, Avg:  0.0, Max: 0, Diff: 0, Sum: 0, Workers: 4
[491.157s][debug][gc,phases      ] GC(148)     Total                          Min: 1576, Avg: 1981.2, Max: 2383, Diff: 807, Sum: 7925, Workers: 4
[491.157s][debug][gc,phases      ] GC(148)   JNI Weak                       Min:  0.0, Avg:  0.0, Max:  0.0, Diff:  0.0, Sum:  0.0, Workers: 4
[491.157s][debug][gc,phases      ] GC(148)     Dead                           Min: 0, Avg:  0.0, Max: 0, Diff: 0, Sum: 0, Workers: 4
[491.157s][debug][gc,phases      ] GC(148)     Total                          Min: 0, Avg:  0.0, Max: 0, Diff: 0, Sum: 0, Workers: 4
[491.157s][debug][gc,phases      ] GC(148)   StringDedup Table Weak         Min:  0.0, Avg:  0.0, Max:  0.0, Diff:  0.0, Sum:  0.0, Workers: 4
[491.157s][debug][gc,phases      ] GC(148)     Dead                           Min: 0, Avg:  0.0, Max: 0, Diff: 0, Sum: 0, Workers: 4
[491.157s][debug][gc,phases      ] GC(148)     Total                          Min: 0, Avg:  0.0, Max: 0, Diff: 0, Sum: 0, Workers: 4
[491.157s][debug][gc,phases      ] GC(148)   StringDedup Requests0 Weak     Min:  0.0, Avg:  0.0, Max:  0.0, Diff:  0.0, Sum:  0.0, Workers: 4
[491.157s][debug][gc,phases      ] GC(148)     Dead                           Min: 0, Avg:  0.0, Max: 0, Diff: 0, Sum: 0, Workers: 4
[491.157s][debug][gc,phases      ] GC(148)     Total                          Min: 0, Avg:  0.0, Max: 0, Diff: 0, Sum: 0, Workers: 4
[491.157s][debug][gc,phases      ] GC(148)   StringDedup Requests1 Weak     Min:  0.0, Avg:  0.0, Max:  0.0, Diff:  0.0, Sum:  0.0, Workers: 4
[491.157s][debug][gc,phases      ] GC(148)     Dead                           Min: 0, Avg:  0.0, Max: 0, Diff: 0, Sum: 0, Workers: 4
[491.157s][debug][gc,phases      ] GC(148)     Total                          Min: 0, Avg:  0.0, Max: 0, Diff: 0, Sum: 0, Workers: 4
[491.157s][debug][gc,phases      ] GC(148)   Weak JFR Old Object Samples    Min:  0.0, Avg:  0.0, Max:  0.0, Diff:  0.0, Sum:  0.0, Workers: 4
[491.157s][debug][gc,phases      ] GC(148)     Dead                           Min: 0, Avg:  0.0, Max: 0, Diff: 0, Sum: 0, Workers: 4
[491.157s][debug][gc,phases      ] GC(148)     Total                          Min: 0, Avg:  0.0, Max: 0, Diff: 0, Sum: 0, Workers: 4
[491.157s][debug][gc,phases      ] GC(148) Weak Processing 0.296ms
[491.157s][debug][gc,age         ] GC(148) Desired survivor size 36700160 bytes, new threshold 15 (max threshold 15)
[491.157s][info ][gc,heap        ] GC(148) PSYoungGen: 2020528K(2058752K)->2704K(2056192K) Eden: 2017792K(2017792K)->0K(2017792K) From: 2736K(40960K)->2704K(38400K)
[491.157s][info ][gc,heap        ] GC(148) ParOldGen: 556799K(614400K)->556823K(614400K)
[491.157s][info ][gc,metaspace   ] GC(148) Metaspace: 81822K(82688K)->81822K(82688K) NonClass: 70340K(70784K)->70340K(70784K) Class: 11482K(11904K)->11482K(11904K)
[491.157s][info ][gc             ] GC(148) Pause Young (Allocation Failure) 2516M->546M(2608M) 2.799ms
[491.157s][info ][gc,cpu         ] GC(148) User=0.01s Sys=0.00s Real=0.00s
[491.157s][info ][safepoint      ] Safepoint "ParallelGCFailedAllocation", Time since last: 10895270132 ns, Reaching safepoint: 36000 ns, At safepoint: 2877027 ns, Total: 2913027 ns
[493.158s][info ][safepoint      ] Safepoint "Cleanup", Time since last: 2000152687 ns, Reaching safepoint: 104401 ns, At safepoint: 8600 ns, Total: 113001 ns
[503.159s][info ][safepoint      ] Safepoint "Cleanup", Time since last: 10000676857 ns, Reaching safepoint: 118401 ns, At safepoint: 11100 ns, Total: 129501 ns
[504.159s][info ][safepoint      ] Safepoint "Cleanup", Time since last: 1000118079 ns, Reaching safepoint: 106001 ns, At safepoint: 8100 ns, Total: 114101 ns
[504.243s][info ][gc,start       ] GC(149) Pause Young (Allocation Failure)
[504.246s][debug][gc,phases      ] GC(149) Scavenge 2.671ms
[504.246s][debug][gc,ref         ] GC(149) Skipped phase 1 of Reference Processing: no references
[504.246s][debug][gc,ref         ] GC(149) ReferenceProcessor::execute queues: 1, RefProcThreadModel::Single, marks_oops_alive: false
[504.246s][debug][gc,ref         ] GC(149) Skipped phase 3 of Reference Processing: no references
[504.246s][debug][gc,ref         ] GC(149) Skipped phase 4 of Reference Processing: no references
[504.246s][debug][gc,phases      ] GC(149) Reference Processing 0.107ms
[504.246s][debug][gc,phases      ] GC(149)   VM Weak                        Min:  0.0, Avg:  0.0, Max:  0.0, Diff:  0.0, Sum:  0.0, Workers: 4
[504.246s][debug][gc,phases      ] GC(149)     Dead                           Min: 0, Avg:  0.0, Max: 0, Diff: 0, Sum: 0, Workers: 4
[504.246s][debug][gc,phases      ] GC(149)     Total                          Min: 0, Avg: 166.8, Max: 667, Diff: 667, Sum: 667, Workers: 4
[504.246s][debug][gc,phases      ] GC(149)   ObjectSynchronizer Weak        Min:  0.0, Avg:  0.0, Max:  0.0, Diff:  0.0, Sum:  0.0, Workers: 4
[504.246s][debug][gc,phases      ] GC(149)     Dead                           Min: 0, Avg:  0.0, Max: 0, Diff: 0, Sum: 0, Workers: 4
[504.246s][debug][gc,phases      ] GC(149)     Total                          Min: 0, Avg: 87.0, Max: 348, Diff: 348, Sum: 348, Workers: 4
[504.246s][debug][gc,phases      ] GC(149)   JVMTI Tag Weak OopStorage      Min:  0.0, Avg:  0.0, Max:  0.0, Diff:  0.0, Sum:  0.0, Workers: 4
[504.246s][debug][gc,phases      ] GC(149)     Dead                           Min: 0, Avg:  0.0, Max: 0, Diff: 0, Sum: 0, Workers: 4
[504.246s][debug][gc,phases      ] GC(149)     Total                          Min: 0, Avg:  0.0, Max: 0, Diff: 0, Sum: 0, Workers: 4
[504.246s][debug][gc,phases      ] GC(149)   StringTable Weak               Min:  0.1, Avg:  0.1, Max:  0.1, Diff:  0.0, Sum:  0.4, Workers: 4
[504.246s][debug][gc,phases      ] GC(149)     Dead                           Min: 0, Avg:  0.0, Max: 0, Diff: 0, Sum: 0, Workers: 4
[504.246s][debug][gc,phases      ] GC(149)     Total                          Min: 9526, Avg: 11997.5, Max: 14848, Diff: 5322, Sum: 47990, Workers: 4
[504.246s][debug][gc,phases      ] GC(149)   ResolvedMethodTable Weak       Min:  0.0, Avg:  0.0, Max:  0.0, Diff:  0.0, Sum:  0.1, Workers: 4
[504.246s][debug][gc,phases      ] GC(149)     Dead                           Min: 0, Avg:  0.0, Max: 0, Diff: 0, Sum: 0, Workers: 4
[504.246s][debug][gc,phases      ] GC(149)     Total                          Min: 1620, Avg: 1981.2, Max: 2750, Diff: 1130, Sum: 7925, Workers: 4
[504.246s][debug][gc,phases      ] GC(149)   JNI Weak                       Min:  0.0, Avg:  0.0, Max:  0.0, Diff:  0.0, Sum:  0.0, Workers: 4
[504.246s][debug][gc,phases      ] GC(149)     Dead                           Min: 0, Avg:  0.0, Max: 0, Diff: 0, Sum: 0, Workers: 4
[504.246s][debug][gc,phases      ] GC(149)     Total                          Min: 0, Avg:  0.0, Max: 0, Diff: 0, Sum: 0, Workers: 4
[504.246s][debug][gc,phases      ] GC(149)   StringDedup Table Weak         Min:  0.0, Avg:  0.0, Max:  0.0, Diff:  0.0, Sum:  0.0, Workers: 4
[504.246s][debug][gc,phases      ] GC(149)     Dead                           Min: 0, Avg:  0.0, Max: 0, Diff: 0, Sum: 0, Workers: 4
[504.246s][debug][gc,phases      ] GC(149)     Total                          Min: 0, Avg:  0.0, Max: 0, Diff: 0, Sum: 0, Workers: 4
[504.246s][debug][gc,phases      ] GC(149)   StringDedup Requests0 Weak     Min:  0.0, Avg:  0.0, Max:  0.0, Diff:  0.0, Sum:  0.0, Workers: 4
[504.246s][debug][gc,phases      ] GC(149)     Dead                           Min: 0, Avg:  0.0, Max: 0, Diff: 0, Sum: 0, Workers: 4
[504.246s][debug][gc,phases      ] GC(149)     Total                          Min: 0, Avg:  0.0, Max: 0, Diff: 0, Sum: 0, Workers: 4
[504.246s][debug][gc,phases      ] GC(149)   StringDedup Requests1 Weak     Min:  0.0, Avg:  0.0, Max:  0.0, Diff:  0.0, Sum:  0.0, Workers: 4
[504.246s][debug][gc,phases      ] GC(149)     Dead                           Min: 0, Avg:  0.0, Max: 0, Diff: 0, Sum: 0, Workers: 4
[504.246s][debug][gc,phases      ] GC(149)     Total                          Min: 0, Avg:  0.0, Max: 0, Diff: 0, Sum: 0, Workers: 4
[504.246s][debug][gc,phases      ] GC(149)   Weak JFR Old Object Samples    Min:  0.0, Avg:  0.0, Max:  0.0, Diff:  0.0, Sum:  0.0, Workers: 4
[504.246s][debug][gc,phases      ] GC(149)     Dead                           Min: 0, Avg:  0.0, Max: 0, Diff: 0, Sum: 0, Workers: 4
[504.246s][debug][gc,phases      ] GC(149)     Total                          Min: 0, Avg:  0.0, Max: 0, Diff: 0, Sum: 0, Workers: 4
[504.246s][debug][gc,phases      ] GC(149) Weak Processing 0.281ms
[504.246s][debug][gc,age         ] GC(149) Desired survivor size 34603008 bytes, new threshold 15 (max threshold 15)
[504.246s][info ][gc,heap        ] GC(149) PSYoungGen: 2020496K(2056192K)->2704K(2063360K) Eden: 2017792K(2017792K)->0K(2027520K) From: 2704K(38400K)->2704K(35840K)
[504.246s][info ][gc,heap        ] GC(149) ParOldGen: 556823K(614400K)->556855K(614400K)
[504.246s][info ][gc,metaspace   ] GC(149) Metaspace: 81828K(82688K)->81828K(82688K) NonClass: 70345K(70784K)->70345K(70784K) Class: 11482K(11904K)->11482K(11904K)
[504.247s][info ][gc             ] GC(149) Pause Young (Allocation Failure) 2516M->546M(2615M) 3.162ms
[504.247s][info ][gc,cpu         ] GC(149) User=0.01s Sys=0.00s Real=0.00s
[504.247s][info ][safepoint      ] Safepoint "ParallelGCFailedAllocation", Time since last: 84504193 ns, Reaching safepoint: 39100 ns, At safepoint: 3229530 ns, Total: 3268630 ns
[507.247s][info ][safepoint      ] Safepoint "Cleanup", Time since last: 3000204428 ns, Reaching safepoint: 82500 ns, At safepoint: 19901 ns, Total: 102401 ns
[508.247s][info ][safepoint      ] Safepoint "Cleanup", Time since last: 1000059273 ns, Reaching safepoint: 68600 ns, At safepoint: 7501 ns, Total: 76101 ns
[509.247s][info ][safepoint      ] Safepoint "Cleanup", Time since last: 1000101172 ns, Reaching safepoint: 44000 ns, At safepoint: 3200 ns, Total: 47200 ns
[511.247s][info ][safepoint      ] Safepoint "Cleanup", Time since last: 2000187941 ns, Reaching safepoint: 47000 ns, At safepoint: 8200 ns, Total: 55200 ns
[513.248s][info ][safepoint      ] Safepoint "Cleanup", Time since last: 2000170436 ns, Reaching safepoint: 44500 ns, At safepoint: 4400 ns, Total: 48900 ns
[514.248s][info ][safepoint      ] Safepoint "Cleanup", Time since last: 1000083666 ns, Reaching safepoint: 36700 ns, At safepoint: 4400 ns, Total: 41100 ns
[515.248s][info ][safepoint      ] Safepoint "Cleanup", Time since last: 1000108065 ns, Reaching safepoint: 47701 ns, At safepoint: 5600 ns, Total: 53301 ns
[517.253s][info ][gc,start       ] GC(150) Pause Young (Allocation Failure)
[517.256s][debug][gc,phases      ] GC(150) Scavenge 2.647ms
[517.256s][debug][gc,ref         ] GC(150) Skipped phase 1 of Reference Processing: no references
[517.256s][debug][gc,ref         ] GC(150) ReferenceProcessor::execute queues: 1, RefProcThreadModel::Single, marks_oops_alive: false
[517.256s][debug][gc,ref         ] GC(150) Skipped phase 3 of Reference Processing: no references
[517.256s][debug][gc,ref         ] GC(150) Skipped phase 4 of Reference Processing: no references
[517.256s][debug][gc,phases      ] GC(150) Reference Processing 0.109ms
[517.256s][debug][gc,phases      ] GC(150)   VM Weak                        Min:  0.0, Avg:  0.0, Max:  0.0, Diff:  0.0, Sum:  0.0, Workers: 4
[517.256s][debug][gc,phases      ] GC(150)     Dead                           Min: 0, Avg:  0.0, Max: 0, Diff: 0, Sum: 0, Workers: 4
[517.256s][debug][gc,phases      ] GC(150)     Total                          Min: 0, Avg: 166.8, Max: 539, Diff: 539, Sum: 667, Workers: 4
[517.256s][debug][gc,phases      ] GC(150)   ObjectSynchronizer Weak        Min:  0.0, Avg:  0.0, Max:  0.0, Diff:  0.0, Sum:  0.0, Workers: 4
[517.256s][debug][gc,phases      ] GC(150)     Dead                           Min: 0, Avg:  0.0, Max: 0, Diff: 0, Sum: 0, Workers: 4
[517.256s][debug][gc,phases      ] GC(150)     Total                          Min: 0, Avg: 87.0, Max: 192, Diff: 192, Sum: 348, Workers: 4
[517.256s][debug][gc,phases      ] GC(150)   JVMTI Tag Weak OopStorage      Min:  0.0, Avg:  0.0, Max:  0.0, Diff:  0.0, Sum:  0.0, Workers: 4
[517.256s][debug][gc,phases      ] GC(150)     Dead                           Min: 0, Avg:  0.0, Max: 0, Diff: 0, Sum: 0, Workers: 4
[517.256s][debug][gc,phases      ] GC(150)     Total                          Min: 0, Avg:  0.0, Max: 0, Diff: 0, Sum: 0, Workers: 4
[517.256s][debug][gc,phases      ] GC(150)   StringTable Weak               Min:  0.1, Avg:  0.1, Max:  0.1, Diff:  0.0, Sum:  0.4, Workers: 4
[517.256s][debug][gc,phases      ] GC(150)     Dead                           Min: 0, Avg:  0.0, Max: 0, Diff: 0, Sum: 0, Workers: 4
[517.256s][debug][gc,phases      ] GC(150)     Total                          Min: 9398, Avg: 11997.5, Max: 15104, Diff: 5706, Sum: 47990, Workers: 4
[517.256s][debug][gc,phases      ] GC(150)   ResolvedMethodTable Weak       Min:  0.0, Avg:  0.0, Max:  0.0, Diff:  0.0, Sum:  0.1, Workers: 4
[517.256s][debug][gc,phases      ] GC(150)     Dead                           Min: 0, Avg:  0.0, Max: 0, Diff: 0, Sum: 0, Workers: 4
[517.256s][debug][gc,phases      ] GC(150)     Total                          Min: 1575, Avg: 1981.2, Max: 2378, Diff: 803, Sum: 7925, Workers: 4
[517.256s][debug][gc,phases      ] GC(150)   JNI Weak                       Min:  0.0, Avg:  0.0, Max:  0.0, Diff:  0.0, Sum:  0.0, Workers: 4
[517.256s][debug][gc,phases      ] GC(150)     Dead                           Min: 0, Avg:  0.0, Max: 0, Diff: 0, Sum: 0, Workers: 4
[517.256s][debug][gc,phases      ] GC(150)     Total                          Min: 0, Avg:  0.0, Max: 0, Diff: 0, Sum: 0, Workers: 4
[517.256s][debug][gc,phases      ] GC(150)   StringDedup Table Weak         Min:  0.0, Avg:  0.0, Max:  0.0, Diff:  0.0, Sum:  0.0, Workers: 4
[517.256s][debug][gc,phases      ] GC(150)     Dead                           Min: 0, Avg:  0.0, Max: 0, Diff: 0, Sum: 0, Workers: 4
[517.256s][debug][gc,phases      ] GC(150)     Total                          Min: 0, Avg:  0.0, Max: 0, Diff: 0, Sum: 0, Workers: 4
[517.256s][debug][gc,phases      ] GC(150)   StringDedup Requests0 Weak     Min:  0.0, Avg:  0.0, Max:  0.0, Diff:  0.0, Sum:  0.0, Workers: 4
[517.256s][debug][gc,phases      ] GC(150)     Dead                           Min: 0, Avg:  0.0, Max: 0, Diff: 0, Sum: 0, Workers: 4
[517.256s][debug][gc,phases      ] GC(150)     Total                          Min: 0, Avg:  0.0, Max: 0, Diff: 0, Sum: 0, Workers: 4
[517.256s][debug][gc,phases      ] GC(150)   StringDedup Requests1 Weak     Min:  0.0, Avg:  0.0, Max:  0.0, Diff:  0.0, Sum:  0.0, Workers: 4
[517.256s][debug][gc,phases      ] GC(150)     Dead                           Min: 0, Avg:  0.0, Max: 0, Diff: 0, Sum: 0, Workers: 4
[517.256s][debug][gc,phases      ] GC(150)     Total                          Min: 0, Avg:  0.0, Max: 0, Diff: 0, Sum: 0, Workers: 4
[517.256s][debug][gc,phases      ] GC(150)   Weak JFR Old Object Samples    Min:  0.0, Avg:  0.0, Max:  0.0, Diff:  0.0, Sum:  0.0, Workers: 4
[517.256s][debug][gc,phases      ] GC(150)     Dead                           Min: 0, Avg:  0.0, Max: 0, Diff: 0, Sum: 0, Workers: 4
[517.256s][debug][gc,phases      ] GC(150)     Total                          Min: 0, Avg:  0.0, Max: 0, Diff: 0, Sum: 0, Workers: 4
[517.256s][debug][gc,phases      ] GC(150) Weak Processing 0.270ms
[517.256s][debug][gc,age         ] GC(150) Desired survivor size 31981568 bytes, new threshold 15 (max threshold 15)
[517.256s][info ][gc,heap        ] GC(150) PSYoungGen: 2030224K(2063360K)->2672K(2061312K) Eden: 2027520K(2027520K)->0K(2027520K) From: 2704K(35840K)->2672K(33792K)
[517.256s][info ][gc,heap        ] GC(150) ParOldGen: 556855K(614400K)->556887K(614400K)
[517.256s][info ][gc,metaspace   ] GC(150) Metaspace: 81833K(82688K)->81833K(82688K) NonClass: 70350K(70784K)->70350K(70784K) Class: 11482K(11904K)->11482K(11904K)
[517.256s][info ][gc             ] GC(150) Pause Young (Allocation Failure) 2526M->546M(2613M) 3.136ms
[517.256s][info ][gc,cpu         ] GC(150) User=0.01s Sys=0.00s Real=0.00s
[517.256s][info ][safepoint      ] Safepoint "ParallelGCFailedAllocation", Time since last: 2005077771 ns, Reaching safepoint: 28900 ns, At safepoint: 3205130 ns, Total: 3234030 ns
[523.257s][info ][safepoint      ] Safepoint "Cleanup", Time since last: 6000369944 ns, Reaching safepoint: 117002 ns, At safepoint: 8800 ns, Total: 125802 ns
[525.257s][info ][safepoint      ] Safepoint "Cleanup", Time since last: 2000167505 ns, Reaching safepoint: 114001 ns, At safepoint: 28200 ns, Total: 142201 ns
[528.257s][info ][safepoint      ] Safepoint "Cleanup", Time since last: 3000223549 ns, Reaching safepoint: 109301 ns, At safepoint: 6100 ns, Total: 115401 ns
[530.203s][info ][gc,start       ] GC(151) Pause Young (Allocation Failure)
[530.205s][debug][gc,phases      ] GC(151) Scavenge 2.094ms
[530.205s][debug][gc,ref         ] GC(151) Skipped phase 1 of Reference Processing: no references
[530.205s][debug][gc,ref         ] GC(151) ReferenceProcessor::execute queues: 1, RefProcThreadModel::Single, marks_oops_alive: false
[530.205s][debug][gc,ref         ] GC(151) Skipped phase 3 of Reference Processing: no references
[530.205s][debug][gc,ref         ] GC(151) Skipped phase 4 of Reference Processing: no references
[530.205s][debug][gc,phases      ] GC(151) Reference Processing 0.098ms
[530.205s][debug][gc,phases      ] GC(151)   VM Weak                        Min:  0.0, Avg:  0.0, Max:  0.0, Diff:  0.0, Sum:  0.0, Workers: 4
[530.205s][debug][gc,phases      ] GC(151)     Dead                           Min: 0, Avg:  0.0, Max: 0, Diff: 0, Sum: 0, Workers: 4
[530.205s][debug][gc,phases      ] GC(151)     Total                          Min: 0, Avg: 166.8, Max: 667, Diff: 667, Sum: 667, Workers: 4
[530.205s][debug][gc,phases      ] GC(151)   ObjectSynchronizer Weak        Min:  0.0, Avg:  0.0, Max:  0.0, Diff:  0.0, Sum:  0.0, Workers: 4
[530.205s][debug][gc,phases      ] GC(151)     Dead                           Min: 0, Avg:  0.0, Max: 0, Diff: 0, Sum: 0, Workers: 4
[530.205s][debug][gc,phases      ] GC(151)     Total                          Min: 0, Avg: 87.0, Max: 348, Diff: 348, Sum: 348, Workers: 4
[530.205s][debug][gc,phases      ] GC(151)   JVMTI Tag Weak OopStorage      Min:  0.0, Avg:  0.0, Max:  0.0, Diff:  0.0, Sum:  0.0, Workers: 4
[530.205s][debug][gc,phases      ] GC(151)     Dead                           Min: 0, Avg:  0.0, Max: 0, Diff: 0, Sum: 0, Workers: 4
[530.205s][debug][gc,phases      ] GC(151)     Total                          Min: 0, Avg:  0.0, Max: 0, Diff: 0, Sum: 0, Workers: 4
[530.205s][debug][gc,phases      ] GC(151)   StringTable Weak               Min:  0.1, Avg:  0.1, Max:  0.1, Diff:  0.0, Sum:  0.3, Workers: 4
[530.205s][debug][gc,phases      ] GC(151)     Dead                           Min: 0, Avg:  0.0, Max: 0, Diff: 0, Sum: 0, Workers: 4
[530.205s][debug][gc,phases      ] GC(151)     Total                          Min: 11392, Avg: 11997.5, Max: 13312, Diff: 1920, Sum: 47990, Workers: 4
[530.205s][debug][gc,phases      ] GC(151)   ResolvedMethodTable Weak       Min:  0.0, Avg:  0.0, Max:  0.0, Diff:  0.0, Sum:  0.1, Workers: 4
[530.205s][debug][gc,phases      ] GC(151)     Dead                           Min: 0, Avg:  0.0, Max: 0, Diff: 0, Sum: 0, Workers: 4
[530.205s][debug][gc,phases      ] GC(151)     Total                          Min: 1924, Avg: 1981.2, Max: 2081, Diff: 157, Sum: 7925, Workers: 4
[530.205s][debug][gc,phases      ] GC(151)   JNI Weak                       Min:  0.0, Avg:  0.0, Max:  0.0, Diff:  0.0, Sum:  0.0, Workers: 4
[530.205s][debug][gc,phases      ] GC(151)     Dead                           Min: 0, Avg:  0.0, Max: 0, Diff: 0, Sum: 0, Workers: 4
[530.205s][debug][gc,phases      ] GC(151)     Total                          Min: 0, Avg:  0.0, Max: 0, Diff: 0, Sum: 0, Workers: 4
[530.205s][debug][gc,phases      ] GC(151)   StringDedup Table Weak         Min:  0.0, Avg:  0.0, Max:  0.0, Diff:  0.0, Sum:  0.0, Workers: 4
[530.205s][debug][gc,phases      ] GC(151)     Dead                           Min: 0, Avg:  0.0, Max: 0, Diff: 0, Sum: 0, Workers: 4
[530.205s][debug][gc,phases      ] GC(151)     Total                          Min: 0, Avg:  0.0, Max: 0, Diff: 0, Sum: 0, Workers: 4
[530.205s][debug][gc,phases      ] GC(151)   StringDedup Requests0 Weak     Min:  0.0, Avg:  0.0, Max:  0.0, Diff:  0.0, Sum:  0.0, Workers: 4
[530.205s][debug][gc,phases      ] GC(151)     Dead                           Min: 0, Avg:  0.0, Max: 0, Diff: 0, Sum: 0, Workers: 4
[530.205s][debug][gc,phases      ] GC(151)     Total                          Min: 0, Avg:  0.0, Max: 0, Diff: 0, Sum: 0, Workers: 4
[530.205s][debug][gc,phases      ] GC(151)   StringDedup Requests1 Weak     Min:  0.0, Avg:  0.0, Max:  0.0, Diff:  0.0, Sum:  0.0, Workers: 4
[530.205s][debug][gc,phases      ] GC(151)     Dead                           Min: 0, Avg:  0.0, Max: 0, Diff: 0, Sum: 0, Workers: 4
[530.205s][debug][gc,phases      ] GC(151)     Total                          Min: 0, Avg:  0.0, Max: 0, Diff: 0, Sum: 0, Workers: 4
[530.205s][debug][gc,phases      ] GC(151)   Weak JFR Old Object Samples    Min:  0.0, Avg:  0.0, Max:  0.0, Diff:  0.0, Sum:  0.0, Workers: 4
[530.205s][debug][gc,phases      ] GC(151)     Dead                           Min: 0, Avg:  0.0, Max: 0, Diff: 0, Sum: 0, Workers: 4
[530.205s][debug][gc,phases      ] GC(151)     Total                          Min: 0, Avg:  0.0, Max: 0, Diff: 0, Sum: 0, Workers: 4
[530.205s][debug][gc,phases      ] GC(151) Weak Processing 0.257ms
[530.205s][debug][gc,age         ] GC(151) Desired survivor size 30408704 bytes, new threshold 15 (max threshold 15)
[530.205s][info ][gc,heap        ] GC(151) PSYoungGen: 2030192K(2061312K)->2688K(2067456K) Eden: 2027520K(2027520K)->0K(2036224K) From: 2672K(33792K)->2688K(31232K)
[530.205s][info ][gc,heap        ] GC(151) ParOldGen: 556887K(614400K)->556903K(614400K)
[530.205s][info ][gc,metaspace   ] GC(151) Metaspace: 81837K(82688K)->81837K(82688K) NonClass: 70354K(70784K)->70354K(70784K) Class: 11482K(11904K)->11482K(11904K)
[530.205s][info ][gc             ] GC(151) Pause Young (Allocation Failure) 2526M->546M(2619M) 2.552ms
[530.205s][info ][gc,cpu         ] GC(151) User=0.01s Sys=0.00s Real=0.00s
[530.206s][info ][safepoint      ] Safepoint "ParallelGCFailedAllocation", Time since last: 1945515582 ns, Reaching safepoint: 35200 ns, At safepoint: 2618025 ns, Total: 2653225 ns
[535.206s][info ][safepoint      ] Safepoint "Cleanup", Time since last: 5000322610 ns, Reaching safepoint: 109601 ns, At safepoint: 8200 ns, Total: 117801 ns
[541.206s][info ][safepoint      ] Safepoint "Cleanup", Time since last: 6000395213 ns, Reaching safepoint: 114701 ns, At safepoint: 5900 ns, Total: 120601 ns
[543.205s][info ][gc,start       ] GC(152) Pause Young (Allocation Failure)
[543.207s][debug][gc,phases      ] GC(152) Scavenge 2.139ms
[543.207s][debug][gc,ref         ] GC(152) Skipped phase 1 of Reference Processing: no references
[543.207s][debug][gc,ref         ] GC(152) ReferenceProcessor::execute queues: 1, RefProcThreadModel::Single, marks_oops_alive: false
[543.207s][debug][gc,ref         ] GC(152) Skipped phase 3 of Reference Processing: no references
[543.207s][debug][gc,ref         ] GC(152) Skipped phase 4 of Reference Processing: no references
[543.207s][debug][gc,phases      ] GC(152) Reference Processing 0.099ms
[543.207s][debug][gc,phases      ] GC(152)   VM Weak                        Min:  0.0, Avg:  0.0, Max:  0.0, Diff:  0.0, Sum:  0.0, Workers: 4
[543.207s][debug][gc,phases      ] GC(152)     Dead                           Min: 0, Avg:  0.0, Max: 0, Diff: 0, Sum: 0, Workers: 4
[543.207s][debug][gc,phases      ] GC(152)     Total                          Min: 0, Avg: 166.8, Max: 667, Diff: 667, Sum: 667, Workers: 4
[543.207s][debug][gc,phases      ] GC(152)   ObjectSynchronizer Weak        Min:  0.0, Avg:  0.0, Max:  0.0, Diff:  0.0, Sum:  0.0, Workers: 4
[543.207s][debug][gc,phases      ] GC(152)     Dead                           Min: 0, Avg:  0.0, Max: 0, Diff: 0, Sum: 0, Workers: 4
[543.207s][debug][gc,phases      ] GC(152)     Total                          Min: 0, Avg: 87.0, Max: 156, Diff: 156, Sum: 348, Workers: 4
[543.207s][debug][gc,phases      ] GC(152)   JVMTI Tag Weak OopStorage      Min:  0.0, Avg:  0.0, Max:  0.0, Diff:  0.0, Sum:  0.0, Workers: 4
[543.207s][debug][gc,phases      ] GC(152)     Dead                           Min: 0, Avg:  0.0, Max: 0, Diff: 0, Sum: 0, Workers: 4
[543.207s][debug][gc,phases      ] GC(152)     Total                          Min: 0, Avg:  0.0, Max: 0, Diff: 0, Sum: 0, Workers: 4
[543.207s][debug][gc,phases      ] GC(152)   StringTable Weak               Min:  0.1, Avg:  0.1, Max:  0.1, Diff:  0.0, Sum:  0.3, Workers: 4
[543.207s][debug][gc,phases      ] GC(152)     Dead                           Min: 0, Avg:  0.0, Max: 0, Diff: 0, Sum: 0, Workers: 4
[543.207s][debug][gc,phases      ] GC(152)     Total                          Min: 10998, Avg: 11997.5, Max: 12992, Diff: 1994, Sum: 47990, Workers: 4
[543.207s][debug][gc,phases      ] GC(152)   ResolvedMethodTable Weak       Min:  0.0, Avg:  0.0, Max:  0.0, Diff:  0.0, Sum:  0.1, Workers: 4
[543.207s][debug][gc,phases      ] GC(152)     Dead                           Min: 0, Avg:  0.0, Max: 0, Diff: 0, Sum: 0, Workers: 4
[543.207s][debug][gc,phases      ] GC(152)     Total                          Min: 1922, Avg: 1981.2, Max: 2035, Diff: 113, Sum: 7925, Workers: 4
[543.207s][debug][gc,phases      ] GC(152)   JNI Weak                       Min:  0.0, Avg:  0.0, Max:  0.0, Diff:  0.0, Sum:  0.0, Workers: 4
[543.207s][debug][gc,phases      ] GC(152)     Dead                           Min: 0, Avg:  0.0, Max: 0, Diff: 0, Sum: 0, Workers: 4
[543.207s][debug][gc,phases      ] GC(152)     Total                          Min: 0, Avg:  0.0, Max: 0, Diff: 0, Sum: 0, Workers: 4
[543.207s][debug][gc,phases      ] GC(152)   StringDedup Table Weak         Min:  0.0, Avg:  0.0, Max:  0.0, Diff:  0.0, Sum:  0.0, Workers: 4
[543.207s][debug][gc,phases      ] GC(152)     Dead                           Min: 0, Avg:  0.0, Max: 0, Diff: 0, Sum: 0, Workers: 4
[543.207s][debug][gc,phases      ] GC(152)     Total                          Min: 0, Avg:  0.0, Max: 0, Diff: 0, Sum: 0, Workers: 4
[543.207s][debug][gc,phases      ] GC(152)   StringDedup Requests0 Weak     Min:  0.0, Avg:  0.0, Max:  0.0, Diff:  0.0, Sum:  0.0, Workers: 4
[543.207s][debug][gc,phases      ] GC(152)     Dead                           Min: 0, Avg:  0.0, Max: 0, Diff: 0, Sum: 0, Workers: 4
[543.207s][debug][gc,phases      ] GC(152)     Total                          Min: 0, Avg:  0.0, Max: 0, Diff: 0, Sum: 0, Workers: 4
[543.207s][debug][gc,phases      ] GC(152)   StringDedup Requests1 Weak     Min:  0.0, Avg:  0.0, Max:  0.0, Diff:  0.0, Sum:  0.0, Workers: 4
[543.207s][debug][gc,phases      ] GC(152)     Dead                           Min: 0, Avg:  0.0, Max: 0, Diff: 0, Sum: 0, Workers: 4
[543.207s][debug][gc,phases      ] GC(152)     Total                          Min: 0, Avg:  0.0, Max: 0, Diff: 0, Sum: 0, Workers: 4
[543.207s][debug][gc,phases      ] GC(152)   Weak JFR Old Object Samples    Min:  0.0, Avg:  0.0, Max:  0.0, Diff:  0.0, Sum:  0.0, Workers: 4
[543.207s][debug][gc,phases      ] GC(152)     Dead                           Min: 0, Avg:  0.0, Max: 0, Diff: 0, Sum: 0, Workers: 4
[543.207s][debug][gc,phases      ] GC(152)     Total                          Min: 0, Avg:  0.0, Max: 0, Diff: 0, Sum: 0, Workers: 4
[543.207s][debug][gc,phases      ] GC(152) Weak Processing 0.274ms
[543.207s][debug][gc,age         ] GC(152) Desired survivor size 28311552 bytes, new threshold 15 (max threshold 15)
[543.207s][info ][gc,heap        ] GC(152) PSYoungGen: 2038912K(2067456K)->2752K(2065920K) Eden: 2036224K(2036224K)->0K(2036224K) From: 2688K(31232K)->2752K(29696K)
[543.207s][info ][gc,heap        ] GC(152) ParOldGen: 556903K(614400K)->556919K(614400K)
[543.207s][info ][gc,metaspace   ] GC(152) Metaspace: 81837K(82688K)->81837K(82688K) NonClass: 70355K(70784K)->70355K(70784K) Class: 11482K(11904K)->11482K(11904K)
[543.207s][info ][gc             ] GC(152) Pause Young (Allocation Failure) 2534M->546M(2617M) 2.620ms
[543.207s][info ][gc,cpu         ] GC(152) User=0.01s Sys=0.00s Real=0.01s
[543.208s][info ][safepoint      ] Safepoint "ParallelGCFailedAllocation", Time since last: 1998321344 ns, Reaching safepoint: 41800 ns, At safepoint: 2687725 ns, Total: 2729525 ns
[550.208s][info ][safepoint      ] Safepoint "Cleanup", Time since last: 7000476177 ns, Reaching safepoint: 114801 ns, At safepoint: 10000 ns, Total: 124801 ns
[556.253s][info ][gc,start       ] GC(153) Pause Young (Allocation Failure)
[556.255s][debug][gc,phases      ] GC(153) Scavenge 2.485ms
[556.255s][debug][gc,ref         ] GC(153) Skipped phase 1 of Reference Processing: no references
[556.256s][debug][gc,ref         ] GC(153) ReferenceProcessor::execute queues: 1, RefProcThreadModel::Single, marks_oops_alive: false
[556.256s][debug][gc,ref         ] GC(153) Skipped phase 3 of Reference Processing: no references
[556.256s][debug][gc,ref         ] GC(153) Skipped phase 4 of Reference Processing: no references
[556.256s][debug][gc,phases      ] GC(153) Reference Processing 0.099ms
[556.256s][debug][gc,phases      ] GC(153)   VM Weak                        Min:  0.0, Avg:  0.0, Max:  0.0, Diff:  0.0, Sum:  0.0, Workers: 4
[556.256s][debug][gc,phases      ] GC(153)     Dead                           Min: 0, Avg:  0.0, Max: 0, Diff: 0, Sum: 0, Workers: 4
[556.256s][debug][gc,phases      ] GC(153)     Total                          Min: 0, Avg: 166.8, Max: 667, Diff: 667, Sum: 667, Workers: 4
[556.256s][debug][gc,phases      ] GC(153)   ObjectSynchronizer Weak        Min:  0.0, Avg:  0.0, Max:  0.0, Diff:  0.0, Sum:  0.0, Workers: 4
[556.256s][debug][gc,phases      ] GC(153)     Dead                           Min: 0, Avg:  0.0, Max: 0, Diff: 0, Sum: 0, Workers: 4
[556.256s][debug][gc,phases      ] GC(153)     Total                          Min: 0, Avg: 87.0, Max: 284, Diff: 284, Sum: 348, Workers: 4
[556.256s][debug][gc,phases      ] GC(153)   JVMTI Tag Weak OopStorage      Min:  0.0, Avg:  0.0, Max:  0.0, Diff:  0.0, Sum:  0.0, Workers: 4
[556.256s][debug][gc,phases      ] GC(153)     Dead                           Min: 0, Avg:  0.0, Max: 0, Diff: 0, Sum: 0, Workers: 4
[556.256s][debug][gc,phases      ] GC(153)     Total                          Min: 0, Avg:  0.0, Max: 0, Diff: 0, Sum: 0, Workers: 4
[556.256s][debug][gc,phases      ] GC(153)   StringTable Weak               Min:  0.1, Avg:  0.1, Max:  0.1, Diff:  0.0, Sum:  0.4, Workers: 4
[556.256s][debug][gc,phases      ] GC(153)     Dead                           Min: 0, Avg:  0.0, Max: 0, Diff: 0, Sum: 0, Workers: 4
[556.256s][debug][gc,phases      ] GC(153)     Total                          Min: 9408, Avg: 12000.0, Max: 14400, Diff: 4992, Sum: 48000, Workers: 4
[556.256s][debug][gc,phases      ] GC(153)   ResolvedMethodTable Weak       Min:  0.0, Avg:  0.0, Max:  0.0, Diff:  0.0, Sum:  0.1, Workers: 4
[556.256s][debug][gc,phases      ] GC(153)     Dead                           Min: 0, Avg:  0.0, Max: 0, Diff: 0, Sum: 0, Workers: 4
[556.256s][debug][gc,phases      ] GC(153)     Total                          Min: 1639, Avg: 1981.2, Max: 2333, Diff: 694, Sum: 7925, Workers: 4
[556.256s][debug][gc,phases      ] GC(153)   JNI Weak                       Min:  0.0, Avg:  0.0, Max:  0.0, Diff:  0.0, Sum:  0.0, Workers: 4
[556.256s][debug][gc,phases      ] GC(153)     Dead                           Min: 0, Avg:  0.0, Max: 0, Diff: 0, Sum: 0, Workers: 4
[556.256s][debug][gc,phases      ] GC(153)     Total                          Min: 0, Avg:  0.0, Max: 0, Diff: 0, Sum: 0, Workers: 4
[556.256s][debug][gc,phases      ] GC(153)   StringDedup Table Weak         Min:  0.0, Avg:  0.0, Max:  0.0, Diff:  0.0, Sum:  0.0, Workers: 4
[556.256s][debug][gc,phases      ] GC(153)     Dead                           Min: 0, Avg:  0.0, Max: 0, Diff: 0, Sum: 0, Workers: 4
[556.256s][debug][gc,phases      ] GC(153)     Total                          Min: 0, Avg:  0.0, Max: 0, Diff: 0, Sum: 0, Workers: 4
[556.256s][debug][gc,phases      ] GC(153)   StringDedup Requests0 Weak     Min:  0.0, Avg:  0.0, Max:  0.0, Diff:  0.0, Sum:  0.0, Workers: 4
[556.256s][debug][gc,phases      ] GC(153)     Dead                           Min: 0, Avg:  0.0, Max: 0, Diff: 0, Sum: 0, Workers: 4
[556.256s][debug][gc,phases      ] GC(153)     Total                          Min: 0, Avg:  0.0, Max: 0, Diff: 0, Sum: 0, Workers: 4
[556.256s][debug][gc,phases      ] GC(153)   StringDedup Requests1 Weak     Min:  0.0, Avg:  0.0, Max:  0.0, Diff:  0.0, Sum:  0.0, Workers: 4
[556.256s][debug][gc,phases      ] GC(153)     Dead                           Min: 0, Avg:  0.0, Max: 0, Diff: 0, Sum: 0, Workers: 4
[556.256s][debug][gc,phases      ] GC(153)     Total                          Min: 0, Avg:  0.0, Max: 0, Diff: 0, Sum: 0, Workers: 4
[556.256s][debug][gc,phases      ] GC(153)   Weak JFR Old Object Samples    Min:  0.0, Avg:  0.0, Max:  0.0, Diff:  0.0, Sum:  0.0, Workers: 4
[556.256s][debug][gc,phases      ] GC(153)     Dead                           Min: 0, Avg:  0.0, Max: 0, Diff: 0, Sum: 0, Workers: 4
[556.256s][debug][gc,phases      ] GC(153)     Total                          Min: 0, Avg:  0.0, Max: 0, Diff: 0, Sum: 0, Workers: 4
[556.256s][debug][gc,phases      ] GC(153) Weak Processing 0.279ms
[556.256s][debug][gc,age         ] GC(153) Desired survivor size 26214400 bytes, new threshold 15 (max threshold 15)
[556.256s][info ][gc,heap        ] GC(153) PSYoungGen: 2038976K(2065920K)->2720K(2071552K) Eden: 2036224K(2036224K)->0K(2043904K) From: 2752K(29696K)->2720K(27648K)
[556.256s][info ][gc,heap        ] GC(153) ParOldGen: 556919K(614400K)->556935K(614400K)
[556.256s][info ][gc,metaspace   ] GC(153) Metaspace: 81841K(82688K)->81841K(82688K) NonClass: 70359K(70784K)->70359K(70784K) Class: 11482K(11904K)->11482K(11904K)
[556.256s][info ][gc             ] GC(153) Pause Young (Allocation Failure) 2535M->546M(2623M) 2.955ms
[556.256s][info ][gc,cpu         ] GC(153) User=0.00s Sys=0.01s Real=0.00s
[556.256s][info ][safepoint      ] Safepoint "ParallelGCFailedAllocation", Time since last: 6044720519 ns, Reaching safepoint: 40300 ns, At safepoint: 3060129 ns, Total: 3100429 ns
[561.256s][info ][safepoint      ] Safepoint "Cleanup", Time since last: 5000330055 ns, Reaching safepoint: 107501 ns, At safepoint: 6000 ns, Total: 113501 ns
[569.305s][info ][gc,start       ] GC(154) Pause Young (Allocation Failure)
[569.308s][debug][gc,phases      ] GC(154) Scavenge 2.482ms
[569.308s][debug][gc,ref         ] GC(154) Skipped phase 1 of Reference Processing: no references
[569.308s][debug][gc,ref         ] GC(154) ReferenceProcessor::execute queues: 1, RefProcThreadModel::Single, marks_oops_alive: false
[569.308s][debug][gc,ref         ] GC(154) Skipped phase 3 of Reference Processing: no references
[569.308s][debug][gc,ref         ] GC(154) Skipped phase 4 of Reference Processing: no references
[569.308s][debug][gc,phases      ] GC(154) Reference Processing 0.099ms
[569.308s][debug][gc,phases      ] GC(154)   VM Weak                        Min:  0.0, Avg:  0.0, Max:  0.0, Diff:  0.0, Sum:  0.0, Workers: 4
[569.308s][debug][gc,phases      ] GC(154)     Dead                           Min: 0, Avg:  0.0, Max: 0, Diff: 0, Sum: 0, Workers: 4
[569.308s][debug][gc,phases      ] GC(154)     Total                          Min: 0, Avg: 166.8, Max: 603, Diff: 603, Sum: 667, Workers: 4
[569.308s][debug][gc,phases      ] GC(154)   ObjectSynchronizer Weak        Min:  0.0, Avg:  0.0, Max:  0.0, Diff:  0.0, Sum:  0.0, Workers: 4
[569.308s][debug][gc,phases      ] GC(154)     Dead                           Min: 0, Avg:  0.0, Max: 0, Diff: 0, Sum: 0, Workers: 4
[569.308s][debug][gc,phases      ] GC(154)     Total                          Min: 0, Avg: 87.0, Max: 220, Diff: 220, Sum: 348, Workers: 4
[569.308s][debug][gc,phases      ] GC(154)   JVMTI Tag Weak OopStorage      Min:  0.0, Avg:  0.0, Max:  0.0, Diff:  0.0, Sum:  0.0, Workers: 4
[569.308s][debug][gc,phases      ] GC(154)     Dead                           Min: 0, Avg:  0.0, Max: 0, Diff: 0, Sum: 0, Workers: 4
[569.308s][debug][gc,phases      ] GC(154)     Total                          Min: 0, Avg:  0.0, Max: 0, Diff: 0, Sum: 0, Workers: 4
[569.308s][debug][gc,phases      ] GC(154)   StringTable Weak               Min:  0.1, Avg:  0.1, Max:  0.1, Diff:  0.0, Sum:  0.4, Workers: 4
[569.308s][debug][gc,phases      ] GC(154)     Dead                           Min: 0, Avg:  0.0, Max: 0, Diff: 0, Sum: 0, Workers: 4
[569.308s][debug][gc,phases      ] GC(154)     Total                          Min: 8832, Avg: 12000.0, Max: 14720, Diff: 5888, Sum: 48000, Workers: 4
[569.308s][debug][gc,phases      ] GC(154)   ResolvedMethodTable Weak       Min:  0.0, Avg:  0.0, Max:  0.0, Diff:  0.0, Sum:  0.1, Workers: 4
[569.308s][debug][gc,phases      ] GC(154)     Dead                           Min: 0, Avg:  0.0, Max: 0, Diff: 0, Sum: 0, Workers: 4
[569.308s][debug][gc,phases      ] GC(154)     Total                          Min: 1613, Avg: 1981.2, Max: 2442, Diff: 829, Sum: 7925, Workers: 4
[569.308s][debug][gc,phases      ] GC(154)   JNI Weak                       Min:  0.0, Avg:  0.0, Max:  0.0, Diff:  0.0, Sum:  0.0, Workers: 4
[569.308s][debug][gc,phases      ] GC(154)     Dead                           Min: 0, Avg:  0.0, Max: 0, Diff: 0, Sum: 0, Workers: 4
[569.308s][debug][gc,phases      ] GC(154)     Total                          Min: 0, Avg:  0.0, Max: 0, Diff: 0, Sum: 0, Workers: 4
[569.308s][debug][gc,phases      ] GC(154)   StringDedup Table Weak         Min:  0.0, Avg:  0.0, Max:  0.0, Diff:  0.0, Sum:  0.0, Workers: 4
[569.308s][debug][gc,phases      ] GC(154)     Dead                           Min: 0, Avg:  0.0, Max: 0, Diff: 0, Sum: 0, Workers: 4
[569.308s][debug][gc,phases      ] GC(154)     Total                          Min: 0, Avg:  0.0, Max: 0, Diff: 0, Sum: 0, Workers: 4
[569.308s][debug][gc,phases      ] GC(154)   StringDedup Requests0 Weak     Min:  0.0, Avg:  0.0, Max:  0.0, Diff:  0.0, Sum:  0.0, Workers: 4
[569.308s][debug][gc,phases      ] GC(154)     Dead                           Min: 0, Avg:  0.0, Max: 0, Diff: 0, Sum: 0, Workers: 4
[569.308s][debug][gc,phases      ] GC(154)     Total                          Min: 0, Avg:  0.0, Max: 0, Diff: 0, Sum: 0, Workers: 4
[569.308s][debug][gc,phases      ] GC(154)   StringDedup Requests1 Weak     Min:  0.0, Avg:  0.0, Max:  0.0, Diff:  0.0, Sum:  0.0, Workers: 4
[569.308s][debug][gc,phases      ] GC(154)     Dead                           Min: 0, Avg:  0.0, Max: 0, Diff: 0, Sum: 0, Workers: 4
[569.308s][debug][gc,phases      ] GC(154)     Total                          Min: 0, Avg:  0.0, Max: 0, Diff: 0, Sum: 0, Workers: 4
[569.308s][debug][gc,phases      ] GC(154)   Weak JFR Old Object Samples    Min:  0.0, Avg:  0.0, Max:  0.0, Diff:  0.0, Sum:  0.0, Workers: 4
[569.308s][debug][gc,phases      ] GC(154)     Dead                           Min: 0, Avg:  0.0, Max: 0, Diff: 0, Sum: 0, Workers: 4
[569.308s][debug][gc,phases      ] GC(154)     Total                          Min: 0, Avg:  0.0, Max: 0, Diff: 0, Sum: 0, Workers: 4
[569.308s][debug][gc,phases      ] GC(154) Weak Processing 0.258ms
[569.308s][debug][gc,age         ] GC(154) Desired survivor size 24641536 bytes, new threshold 15 (max threshold 15)
[569.308s][info ][gc,heap        ] GC(154) PSYoungGen: 2046624K(2071552K)->2624K(2069504K) Eden: 2043904K(2043904K)->0K(2043904K) From: 2720K(27648K)->2624K(25600K)
[569.308s][info ][gc,heap        ] GC(154) ParOldGen: 556935K(614400K)->556967K(614400K)
[569.308s][info ][gc,metaspace   ] GC(154) Metaspace: 81846K(82688K)->81846K(82688K) NonClass: 70364K(70784K)->70364K(70784K) Class: 11482K(11904K)->11482K(11904K)
[569.308s][info ][gc             ] GC(154) Pause Young (Allocation Failure) 2542M->546M(2621M) 2.968ms
[569.308s][info ][gc,cpu         ] GC(154) User=0.01s Sys=0.00s Real=0.01s
[569.308s][info ][safepoint      ] Safepoint "ParallelGCFailedAllocation", Time since last: 8048948380 ns, Reaching safepoint: 25400 ns, At safepoint: 3032528 ns, Total: 3057928 ns
[577.309s][info ][safepoint      ] Safepoint "Cleanup", Time since last: 8000485456 ns, Reaching safepoint: 107901 ns, At safepoint: 6100 ns, Total: 114001 ns
[582.309s][info ][safepoint      ] Safepoint "Cleanup", Time since last: 5000363336 ns, Reaching safepoint: 117702 ns, At safepoint: 6600 ns, Total: 124302 ns
[582.323s][info ][gc,start       ] GC(155) Pause Young (Allocation Failure)
[582.325s][debug][gc,phases      ] GC(155) Scavenge 2.184ms
[582.325s][debug][gc,ref         ] GC(155) Skipped phase 1 of Reference Processing: no references
[582.326s][debug][gc,ref         ] GC(155) ReferenceProcessor::execute queues: 1, RefProcThreadModel::Single, marks_oops_alive: false
[582.326s][debug][gc,ref         ] GC(155) Skipped phase 3 of Reference Processing: no references
[582.326s][debug][gc,ref         ] GC(155) Skipped phase 4 of Reference Processing: no references
[582.326s][debug][gc,phases      ] GC(155) Reference Processing 0.100ms
[582.326s][debug][gc,phases      ] GC(155)   VM Weak                        Min:  0.0, Avg:  0.0, Max:  0.0, Diff:  0.0, Sum:  0.0, Workers: 4
[582.326s][debug][gc,phases      ] GC(155)     Dead                           Min: 0, Avg:  0.0, Max: 0, Diff: 0, Sum: 0, Workers: 4
[582.326s][debug][gc,phases      ] GC(155)     Total                          Min: 0, Avg: 166.8, Max: 667, Diff: 667, Sum: 667, Workers: 4
[582.326s][debug][gc,phases      ] GC(155)   ObjectSynchronizer Weak        Min:  0.0, Avg:  0.0, Max:  0.0, Diff:  0.0, Sum:  0.0, Workers: 4
[582.326s][debug][gc,phases      ] GC(155)     Dead                           Min: 0, Avg:  0.0, Max: 0, Diff: 0, Sum: 0, Workers: 4
[582.326s][debug][gc,phases      ] GC(155)     Total                          Min: 0, Avg: 87.0, Max: 348, Diff: 348, Sum: 348, Workers: 4
[582.326s][debug][gc,phases      ] GC(155)   JVMTI Tag Weak OopStorage      Min:  0.0, Avg:  0.0, Max:  0.0, Diff:  0.0, Sum:  0.0, Workers: 4
[582.326s][debug][gc,phases      ] GC(155)     Dead                           Min: 0, Avg:  0.0, Max: 0, Diff: 0, Sum: 0, Workers: 4
[582.326s][debug][gc,phases      ] GC(155)     Total                          Min: 0, Avg:  0.0, Max: 0, Diff: 0, Sum: 0, Workers: 4
[582.326s][debug][gc,phases      ] GC(155)   StringTable Weak               Min:  0.1, Avg:  0.1, Max:  0.1, Diff:  0.0, Sum:  0.3, Workers: 4
[582.326s][debug][gc,phases      ] GC(155)     Dead                           Min: 0, Avg:  0.0, Max: 0, Diff: 0, Sum: 0, Workers: 4
[582.326s][debug][gc,phases      ] GC(155)     Total                          Min: 11008, Avg: 12000.2, Max: 13440, Diff: 2432, Sum: 48001, Workers: 4
[582.326s][debug][gc,phases      ] GC(155)   ResolvedMethodTable Weak       Min:  0.0, Avg:  0.0, Max:  0.0, Diff:  0.0, Sum:  0.1, Workers: 4
[582.326s][debug][gc,phases      ] GC(155)     Dead                           Min: 0, Avg:  0.0, Max: 0, Diff: 0, Sum: 0, Workers: 4
[582.326s][debug][gc,phases      ] GC(155)     Total                          Min: 1854, Avg: 1981.2, Max: 2053, Diff: 199, Sum: 7925, Workers: 4
[582.326s][debug][gc,phases      ] GC(155)   JNI Weak                       Min:  0.0, Avg:  0.0, Max:  0.0, Diff:  0.0, Sum:  0.0, Workers: 4
[582.326s][debug][gc,phases      ] GC(155)     Dead                           Min: 0, Avg:  0.0, Max: 0, Diff: 0, Sum: 0, Workers: 4
[582.326s][debug][gc,phases      ] GC(155)     Total                          Min: 0, Avg:  0.0, Max: 0, Diff: 0, Sum: 0, Workers: 4
[582.326s][debug][gc,phases      ] GC(155)   StringDedup Table Weak         Min:  0.0, Avg:  0.0, Max:  0.0, Diff:  0.0, Sum:  0.0, Workers: 4
[582.326s][debug][gc,phases      ] GC(155)     Dead                           Min: 0, Avg:  0.0, Max: 0, Diff: 0, Sum: 0, Workers: 4
[582.326s][debug][gc,phases      ] GC(155)     Total                          Min: 0, Avg:  0.0, Max: 0, Diff: 0, Sum: 0, Workers: 4
[582.326s][debug][gc,phases      ] GC(155)   StringDedup Requests0 Weak     Min:  0.0, Avg:  0.0, Max:  0.0, Diff:  0.0, Sum:  0.0, Workers: 4
[582.326s][debug][gc,phases      ] GC(155)     Dead                           Min: 0, Avg:  0.0, Max: 0, Diff: 0, Sum: 0, Workers: 4
[582.326s][debug][gc,phases      ] GC(155)     Total                          Min: 0, Avg:  0.0, Max: 0, Diff: 0, Sum: 0, Workers: 4
[582.326s][debug][gc,phases      ] GC(155)   StringDedup Requests1 Weak     Min:  0.0, Avg:  0.0, Max:  0.0, Diff:  0.0, Sum:  0.0, Workers: 4
[582.326s][debug][gc,phases      ] GC(155)     Dead                           Min: 0, Avg:  0.0, Max: 0, Diff: 0, Sum: 0, Workers: 4
[582.326s][debug][gc,phases      ] GC(155)     Total                          Min: 0, Avg:  0.0, Max: 0, Diff: 0, Sum: 0, Workers: 4
[582.326s][debug][gc,phases      ] GC(155)   Weak JFR Old Object Samples    Min:  0.0, Avg:  0.0, Max:  0.0, Diff:  0.0, Sum:  0.0, Workers: 4
[582.326s][debug][gc,phases      ] GC(155)     Dead                           Min: 0, Avg:  0.0, Max: 0, Diff: 0, Sum: 0, Workers: 4
[582.326s][debug][gc,phases      ] GC(155)     Total                          Min: 0, Avg:  0.0, Max: 0, Diff: 0, Sum: 0, Workers: 4
[582.326s][debug][gc,phases      ] GC(155) Weak Processing 0.266ms
[582.326s][debug][gc,age         ] GC(155) Desired survivor size 23068672 bytes, new threshold 15 (max threshold 15)
[582.326s][info ][gc,heap        ] GC(155) PSYoungGen: 2046528K(2069504K)->2624K(2074624K) Eden: 2043904K(2043904K)->0K(2050560K) From: 2624K(25600K)->2624K(24064K)
[582.326s][info ][gc,heap        ] GC(155) ParOldGen: 556967K(614400K)->557051K(614400K)
[582.326s][info ][gc,metaspace   ] GC(155) Metaspace: 81850K(82752K)->81850K(82752K) NonClass: 70368K(70848K)->70368K(70848K) Class: 11482K(11904K)->11482K(11904K)
[582.326s][info ][gc             ] GC(155) Pause Young (Allocation Failure) 2542M->546M(2626M) 2.663ms
[582.326s][info ][gc,cpu         ] GC(155) User=0.01s Sys=0.00s Real=0.00s
[582.326s][info ][safepoint      ] Safepoint "ParallelGCFailedAllocation", Time since last: 13664026 ns, Reaching safepoint: 27401 ns, At safepoint: 2729425 ns, Total: 2756826 ns
[588.326s][info ][safepoint      ] Safepoint "Cleanup", Time since last: 6000342586 ns, Reaching safepoint: 57001 ns, At safepoint: 9800 ns, Total: 66801 ns
[595.338s][info ][gc,start       ] GC(156) Pause Young (Allocation Failure)
[595.341s][debug][gc,phases      ] GC(156) Scavenge 2.779ms
[595.341s][debug][gc,ref         ] GC(156) Skipped phase 1 of Reference Processing: no references
[595.341s][debug][gc,ref         ] GC(156) ReferenceProcessor::execute queues: 1, RefProcThreadModel::Single, marks_oops_alive: false
[595.341s][debug][gc,ref         ] GC(156) Skipped phase 3 of Reference Processing: no references
[595.341s][debug][gc,ref         ] GC(156) Skipped phase 4 of Reference Processing: no references
[595.341s][debug][gc,phases      ] GC(156) Reference Processing 0.099ms
[595.342s][debug][gc,phases      ] GC(156)   VM Weak                        Min:  0.0, Avg:  0.0, Max:  0.0, Diff:  0.0, Sum:  0.0, Workers: 4
[595.342s][debug][gc,phases      ] GC(156)     Dead                           Min: 0, Avg:  0.0, Max: 0, Diff: 0, Sum: 0, Workers: 4
[595.342s][debug][gc,phases      ] GC(156)     Total                          Min: 0, Avg: 166.8, Max: 603, Diff: 603, Sum: 667, Workers: 4
[595.342s][debug][gc,phases      ] GC(156)   ObjectSynchronizer Weak        Min:  0.0, Avg:  0.0, Max:  0.0, Diff:  0.0, Sum:  0.0, Workers: 4
[595.342s][debug][gc,phases      ] GC(156)     Dead                           Min: 0, Avg:  0.0, Max: 0, Diff: 0, Sum: 0, Workers: 4
[595.342s][debug][gc,phases      ] GC(156)     Total                          Min: 0, Avg: 87.0, Max: 220, Diff: 220, Sum: 348, Workers: 4
[595.342s][debug][gc,phases      ] GC(156)   JVMTI Tag Weak OopStorage      Min:  0.0, Avg:  0.0, Max:  0.0, Diff:  0.0, Sum:  0.0, Workers: 4
[595.342s][debug][gc,phases      ] GC(156)     Dead                           Min: 0, Avg:  0.0, Max: 0, Diff: 0, Sum: 0, Workers: 4
[595.342s][debug][gc,phases      ] GC(156)     Total                          Min: 0, Avg:  0.0, Max: 0, Diff: 0, Sum: 0, Workers: 4
[595.342s][debug][gc,phases      ] GC(156)   StringTable Weak               Min:  0.1, Avg:  0.1, Max:  0.1, Diff:  0.0, Sum:  0.4, Workers: 4
[595.342s][debug][gc,phases      ] GC(156)     Dead                           Min: 0, Avg:  0.0, Max: 0, Diff: 0, Sum: 0, Workers: 4
[595.342s][debug][gc,phases      ] GC(156)     Total                          Min: 8769, Avg: 12000.2, Max: 15232, Diff: 6463, Sum: 48001, Workers: 4
[595.342s][debug][gc,phases      ] GC(156)   ResolvedMethodTable Weak       Min:  0.0, Avg:  0.0, Max:  0.0, Diff:  0.0, Sum:  0.1, Workers: 4
[595.342s][debug][gc,phases      ] GC(156)     Dead                           Min: 0, Avg:  0.0, Max: 0, Diff: 0, Sum: 0, Workers: 4
[595.342s][debug][gc,phases      ] GC(156)     Total                          Min: 1550, Avg: 1981.2, Max: 2370, Diff: 820, Sum: 7925, Workers: 4
[595.342s][debug][gc,phases      ] GC(156)   JNI Weak                       Min:  0.0, Avg:  0.0, Max:  0.0, Diff:  0.0, Sum:  0.0, Workers: 4
[595.342s][debug][gc,phases      ] GC(156)     Dead                           Min: 0, Avg:  0.0, Max: 0, Diff: 0, Sum: 0, Workers: 4
[595.342s][debug][gc,phases      ] GC(156)     Total                          Min: 0, Avg:  0.0, Max: 0, Diff: 0, Sum: 0, Workers: 4
[595.342s][debug][gc,phases      ] GC(156)   StringDedup Table Weak         Min:  0.0, Avg:  0.0, Max:  0.0, Diff:  0.0, Sum:  0.0, Workers: 4
[595.342s][debug][gc,phases      ] GC(156)     Dead                           Min: 0, Avg:  0.0, Max: 0, Diff: 0, Sum: 0, Workers: 4
[595.342s][debug][gc,phases      ] GC(156)     Total                          Min: 0, Avg:  0.0, Max: 0, Diff: 0, Sum: 0, Workers: 4
[595.342s][debug][gc,phases      ] GC(156)   StringDedup Requests0 Weak     Min:  0.0, Avg:  0.0, Max:  0.0, Diff:  0.0, Sum:  0.0, Workers: 4
[595.342s][debug][gc,phases      ] GC(156)     Dead                           Min: 0, Avg:  0.0, Max: 0, Diff: 0, Sum: 0, Workers: 4
[595.342s][debug][gc,phases      ] GC(156)     Total                          Min: 0, Avg:  0.0, Max: 0, Diff: 0, Sum: 0, Workers: 4
[595.342s][debug][gc,phases      ] GC(156)   StringDedup Requests1 Weak     Min:  0.0, Avg:  0.0, Max:  0.0, Diff:  0.0, Sum:  0.0, Workers: 4
[595.342s][debug][gc,phases      ] GC(156)     Dead                           Min: 0, Avg:  0.0, Max: 0, Diff: 0, Sum: 0, Workers: 4
[595.342s][debug][gc,phases      ] GC(156)     Total                          Min: 0, Avg:  0.0, Max: 0, Diff: 0, Sum: 0, Workers: 4
[595.342s][debug][gc,phases      ] GC(156)   Weak JFR Old Object Samples    Min:  0.0, Avg:  0.0, Max:  0.0, Diff:  0.0, Sum:  0.0, Workers: 4
[595.342s][debug][gc,phases      ] GC(156)     Dead                           Min: 0, Avg:  0.0, Max: 0, Diff: 0, Sum: 0, Workers: 4
[595.342s][debug][gc,phases      ] GC(156)     Total                          Min: 0, Avg:  0.0, Max: 0, Diff: 0, Sum: 0, Workers: 4
[595.342s][debug][gc,phases      ] GC(156) Weak Processing 0.270ms
[595.342s][debug][gc,age         ] GC(156) Desired survivor size 21495808 bytes, new threshold 15 (max threshold 15)
[595.342s][info ][gc,heap        ] GC(156) PSYoungGen: 2053184K(2074624K)->2464K(2073088K) Eden: 2050560K(2050560K)->0K(2050560K) From: 2624K(24064K)->2464K(22528K)
[595.342s][info ][gc,heap        ] GC(156) ParOldGen: 557051K(614400K)->557227K(614400K)
[595.342s][info ][gc,metaspace   ] GC(156) Metaspace: 81859K(82752K)->81859K(82752K) NonClass: 70376K(70848K)->70376K(70848K) Class: 11482K(11904K)->11482K(11904K)
[595.342s][info ][gc             ] GC(156) Pause Young (Allocation Failure) 2549M->546M(2624M) 3.253ms
[595.342s][info ][gc,cpu         ] GC(156) User=0.01s Sys=0.00s Real=0.01s
[595.342s][info ][safepoint      ] Safepoint "ParallelGCFailedAllocation", Time since last: 7012093426 ns, Reaching safepoint: 45401 ns, At safepoint: 3323530 ns, Total: 3368931 ns
[596.342s][info ][safepoint      ] Safepoint "Cleanup", Time since last: 1000080770 ns, Reaching safepoint: 47001 ns, At safepoint: 3300 ns, Total: 50301 ns
[601.342s][info ][safepoint      ] Safepoint "Cleanup", Time since last: 5000348332 ns, Reaching safepoint: 48701 ns, At safepoint: 4100 ns, Total: 52801 ns
[608.343s][info ][safepoint      ] Safepoint "Cleanup", Time since last: 7000535321 ns, Reaching safepoint: 49701 ns, At safepoint: 4500 ns, Total: 54201 ns
[608.354s][info ][gc,start       ] GC(157) Pause Young (Allocation Failure)
[608.357s][debug][gc,phases      ] GC(157) Scavenge 2.383ms
[608.357s][debug][gc,ref         ] GC(157) Skipped phase 1 of Reference Processing: no references
[608.357s][debug][gc,ref         ] GC(157) ReferenceProcessor::execute queues: 1, RefProcThreadModel::Single, marks_oops_alive: false
[608.357s][debug][gc,ref         ] GC(157) Skipped phase 3 of Reference Processing: no references
[608.357s][debug][gc,ref         ] GC(157) Skipped phase 4 of Reference Processing: no references
[608.357s][debug][gc,phases      ] GC(157) Reference Processing 0.098ms
[608.357s][debug][gc,phases      ] GC(157)   VM Weak                        Min:  0.0, Avg:  0.0, Max:  0.0, Diff:  0.0, Sum:  0.0, Workers: 4
[608.357s][debug][gc,phases      ] GC(157)     Dead                           Min: 0, Avg:  0.0, Max: 0, Diff: 0, Sum: 0, Workers: 4
[608.357s][debug][gc,phases      ] GC(157)     Total                          Min: 0, Avg: 166.8, Max: 411, Diff: 411, Sum: 667, Workers: 4
[608.357s][debug][gc,phases      ] GC(157)   ObjectSynchronizer Weak        Min:  0.0, Avg:  0.0, Max:  0.0, Diff:  0.0, Sum:  0.0, Workers: 4
[608.357s][debug][gc,phases      ] GC(157)     Dead                           Min: 0, Avg:  0.0, Max: 0, Diff: 0, Sum: 0, Workers: 4
[608.357s][debug][gc,phases      ] GC(157)     Total                          Min: 0, Avg: 87.0, Max: 192, Diff: 192, Sum: 348, Workers: 4
[608.357s][debug][gc,phases      ] GC(157)   JVMTI Tag Weak OopStorage      Min:  0.0, Avg:  0.0, Max:  0.0, Diff:  0.0, Sum:  0.0, Workers: 4
[608.357s][debug][gc,phases      ] GC(157)     Dead                           Min: 0, Avg:  0.0, Max: 0, Diff: 0, Sum: 0, Workers: 4
[608.357s][debug][gc,phases      ] GC(157)     Total                          Min: 0, Avg:  0.0, Max: 0, Diff: 0, Sum: 0, Workers: 4
[608.357s][debug][gc,phases      ] GC(157)   StringTable Weak               Min:  0.1, Avg:  0.1, Max:  0.1, Diff:  0.0, Sum:  0.4, Workers: 4
[608.357s][debug][gc,phases      ] GC(157)     Dead                           Min: 0, Avg:  0.0, Max: 0, Diff: 0, Sum: 0, Workers: 4
[608.357s][debug][gc,phases      ] GC(157)     Total                          Min: 9344, Avg: 12000.2, Max: 14656, Diff: 5312, Sum: 48001, Workers: 4
[608.357s][debug][gc,phases      ] GC(157)   ResolvedMethodTable Weak       Min:  0.0, Avg:  0.0, Max:  0.0, Diff:  0.0, Sum:  0.1, Workers: 4
[608.357s][debug][gc,phases      ] GC(157)     Dead                           Min: 0, Avg:  0.0, Max: 0, Diff: 0, Sum: 0, Workers: 4
[608.357s][debug][gc,phases      ] GC(157)     Total                          Min: 1619, Avg: 1981.2, Max: 2369, Diff: 750, Sum: 7925, Workers: 4
[608.357s][debug][gc,phases      ] GC(157)   JNI Weak                       Min:  0.0, Avg:  0.0, Max:  0.0, Diff:  0.0, Sum:  0.0, Workers: 4
[608.357s][debug][gc,phases      ] GC(157)     Dead                           Min: 0, Avg:  0.0, Max: 0, Diff: 0, Sum: 0, Workers: 4
[608.357s][debug][gc,phases      ] GC(157)     Total                          Min: 0, Avg:  0.0, Max: 0, Diff: 0, Sum: 0, Workers: 4
[608.357s][debug][gc,phases      ] GC(157)   StringDedup Table Weak         Min:  0.0, Avg:  0.0, Max:  0.0, Diff:  0.0, Sum:  0.0, Workers: 4
[608.357s][debug][gc,phases      ] GC(157)     Dead                           Min: 0, Avg:  0.0, Max: 0, Diff: 0, Sum: 0, Workers: 4
[608.357s][debug][gc,phases      ] GC(157)     Total                          Min: 0, Avg:  0.0, Max: 0, Diff: 0, Sum: 0, Workers: 4
[608.357s][debug][gc,phases      ] GC(157)   StringDedup Requests0 Weak     Min:  0.0, Avg:  0.0, Max:  0.0, Diff:  0.0, Sum:  0.0, Workers: 4
[608.357s][debug][gc,phases      ] GC(157)     Dead                           Min: 0, Avg:  0.0, Max: 0, Diff: 0, Sum: 0, Workers: 4
[608.357s][debug][gc,phases      ] GC(157)     Total                          Min: 0, Avg:  0.0, Max: 0, Diff: 0, Sum: 0, Workers: 4
[608.357s][debug][gc,phases      ] GC(157)   StringDedup Requests1 Weak     Min:  0.0, Avg:  0.0, Max:  0.0, Diff:  0.0, Sum:  0.0, Workers: 4
[608.357s][debug][gc,phases      ] GC(157)     Dead                           Min: 0, Avg:  0.0, Max: 0, Diff: 0, Sum: 0, Workers: 4
[608.357s][debug][gc,phases      ] GC(157)     Total                          Min: 0, Avg:  0.0, Max: 0, Diff: 0, Sum: 0, Workers: 4
[608.357s][debug][gc,phases      ] GC(157)   Weak JFR Old Object Samples    Min:  0.0, Avg:  0.0, Max:  0.0, Diff:  0.0, Sum:  0.0, Workers: 4
[608.357s][debug][gc,phases      ] GC(157)     Dead                           Min: 0, Avg:  0.0, Max: 0, Diff: 0, Sum: 0, Workers: 4
[608.357s][debug][gc,phases      ] GC(157)     Total                          Min: 0, Avg:  0.0, Max: 0, Diff: 0, Sum: 0, Workers: 4
[608.357s][debug][gc,phases      ] GC(157) Weak Processing 0.277ms
[608.357s][debug][gc,age         ] GC(157) Desired survivor size 20447232 bytes, new threshold 15 (max threshold 15)
[608.357s][info ][gc,heap        ] GC(157) PSYoungGen: 2053024K(2073088K)->2432K(2077184K) Eden: 2050560K(2050560K)->0K(2056192K) From: 2464K(22528K)->2432K(20992K)
[608.357s][info ][gc,heap        ] GC(157) ParOldGen: 557227K(614400K)->557291K(614400K)
[608.357s][info ][gc,metaspace   ] GC(157) Metaspace: 81864K(82752K)->81864K(82752K) NonClass: 70382K(70848K)->70382K(70848K) Class: 11482K(11904K)->11482K(11904K)
[608.357s][info ][gc             ] GC(157) Pause Young (Allocation Failure) 2549M->546M(2628M) 2.850ms
[608.357s][info ][gc,cpu         ] GC(157) User=0.01s Sys=0.00s Real=0.00s
[608.357s][info ][safepoint      ] Safepoint "ParallelGCFailedAllocation", Time since last: 11270704 ns, Reaching safepoint: 102201 ns, At safepoint: 2918127 ns, Total: 3020328 ns
[614.358s][info ][safepoint      ] Safepoint "Cleanup", Time since last: 6000420219 ns, Reaching safepoint: 113802 ns, At safepoint: 10600 ns, Total: 124402 ns
[621.256s][info ][gc,start       ] GC(158) Pause Young (Allocation Failure)
[621.258s][debug][gc,phases      ] GC(158) Scavenge 2.001ms
[621.258s][debug][gc,ref         ] GC(158) Skipped phase 1 of Reference Processing: no references
[621.259s][debug][gc,ref         ] GC(158) ReferenceProcessor::execute queues: 1, RefProcThreadModel::Single, marks_oops_alive: false
[621.259s][debug][gc,ref         ] GC(158) Skipped phase 3 of Reference Processing: no references
[621.259s][debug][gc,ref         ] GC(158) Skipped phase 4 of Reference Processing: no references
[621.259s][debug][gc,phases      ] GC(158) Reference Processing 0.108ms
[621.259s][debug][gc,phases      ] GC(158)   VM Weak                        Min:  0.0, Avg:  0.0, Max:  0.0, Diff:  0.0, Sum:  0.0, Workers: 4
[621.259s][debug][gc,phases      ] GC(158)     Dead                           Min: 0, Avg:  0.0, Max: 0, Diff: 0, Sum: 0, Workers: 4
[621.259s][debug][gc,phases      ] GC(158)     Total                          Min: 0, Avg: 166.8, Max: 640, Diff: 640, Sum: 667, Workers: 4
[621.259s][debug][gc,phases      ] GC(158)   ObjectSynchronizer Weak        Min:  0.0, Avg:  0.0, Max:  0.0, Diff:  0.0, Sum:  0.0, Workers: 4
[621.259s][debug][gc,phases      ] GC(158)     Dead                           Min: 0, Avg:  0.0, Max: 0, Diff: 0, Sum: 0, Workers: 4
[621.259s][debug][gc,phases      ] GC(158)     Total                          Min: 0, Avg: 87.0, Max: 192, Diff: 192, Sum: 348, Workers: 4
[621.259s][debug][gc,phases      ] GC(158)   JVMTI Tag Weak OopStorage      Min:  0.0, Avg:  0.0, Max:  0.0, Diff:  0.0, Sum:  0.0, Workers: 4
[621.259s][debug][gc,phases      ] GC(158)     Dead                           Min: 0, Avg:  0.0, Max: 0, Diff: 0, Sum: 0, Workers: 4
[621.259s][debug][gc,phases      ] GC(158)     Total                          Min: 0, Avg:  0.0, Max: 0, Diff: 0, Sum: 0, Workers: 4
[621.259s][debug][gc,phases      ] GC(158)   StringTable Weak               Min:  0.1, Avg:  0.1, Max:  0.1, Diff:  0.0, Sum:  0.3, Workers: 4
[621.259s][debug][gc,phases      ] GC(158)     Dead                           Min: 0, Avg:  0.0, Max: 0, Diff: 0, Sum: 0, Workers: 4
[621.259s][debug][gc,phases      ] GC(158)     Total                          Min: 11329, Avg: 12000.2, Max: 12480, Diff: 1151, Sum: 48001, Workers: 4
[621.259s][debug][gc,phases      ] GC(158)   ResolvedMethodTable Weak       Min:  0.0, Avg:  0.0, Max:  0.0, Diff:  0.0, Sum:  0.1, Workers: 4
[621.259s][debug][gc,phases      ] GC(158)     Dead                           Min: 0, Avg:  0.0, Max: 0, Diff: 0, Sum: 0, Workers: 4
[621.259s][debug][gc,phases      ] GC(158)     Total                          Min: 1912, Avg: 1981.2, Max: 2099, Diff: 187, Sum: 7925, Workers: 4
[621.259s][debug][gc,phases      ] GC(158)   JNI Weak                       Min:  0.0, Avg:  0.0, Max:  0.0, Diff:  0.0, Sum:  0.0, Workers: 4
[621.259s][debug][gc,phases      ] GC(158)     Dead                           Min: 0, Avg:  0.0, Max: 0, Diff: 0, Sum: 0, Workers: 4
[621.259s][debug][gc,phases      ] GC(158)     Total                          Min: 0, Avg:  0.0, Max: 0, Diff: 0, Sum: 0, Workers: 4
[621.259s][debug][gc,phases      ] GC(158)   StringDedup Table Weak         Min:  0.0, Avg:  0.0, Max:  0.0, Diff:  0.0, Sum:  0.0, Workers: 4
[621.259s][debug][gc,phases      ] GC(158)     Dead                           Min: 0, Avg:  0.0, Max: 0, Diff: 0, Sum: 0, Workers: 4
[621.259s][debug][gc,phases      ] GC(158)     Total                          Min: 0, Avg:  0.0, Max: 0, Diff: 0, Sum: 0, Workers: 4
[621.259s][debug][gc,phases      ] GC(158)   StringDedup Requests0 Weak     Min:  0.0, Avg:  0.0, Max:  0.0, Diff:  0.0, Sum:  0.0, Workers: 4
[621.259s][debug][gc,phases      ] GC(158)     Dead                           Min: 0, Avg:  0.0, Max: 0, Diff: 0, Sum: 0, Workers: 4
[621.259s][debug][gc,phases      ] GC(158)     Total                          Min: 0, Avg:  0.0, Max: 0, Diff: 0, Sum: 0, Workers: 4
[621.259s][debug][gc,phases      ] GC(158)   StringDedup Requests1 Weak     Min:  0.0, Avg:  0.0, Max:  0.0, Diff:  0.0, Sum:  0.0, Workers: 4
[621.259s][debug][gc,phases      ] GC(158)     Dead                           Min: 0, Avg:  0.0, Max: 0, Diff: 0, Sum: 0, Workers: 4
[621.259s][debug][gc,phases      ] GC(158)     Total                          Min: 0, Avg:  0.0, Max: 0, Diff: 0, Sum: 0, Workers: 4
[621.259s][debug][gc,phases      ] GC(158)   Weak JFR Old Object Samples    Min:  0.0, Avg:  0.0, Max:  0.0, Diff:  0.0, Sum:  0.0, Workers: 4
[621.259s][debug][gc,phases      ] GC(158)     Dead                           Min: 0, Avg:  0.0, Max: 0, Diff: 0, Sum: 0, Workers: 4
[621.259s][debug][gc,phases      ] GC(158)     Total                          Min: 0, Avg:  0.0, Max: 0, Diff: 0, Sum: 0, Workers: 4
[621.259s][debug][gc,phases      ] GC(158) Weak Processing 0.253ms
[621.259s][debug][gc,age         ] GC(158) Desired survivor size 18874368 bytes, new threshold 15 (max threshold 15)
[621.259s][info ][gc,heap        ] GC(158) PSYoungGen: 2058624K(2077184K)->2400K(2076160K) Eden: 2056192K(2056192K)->0K(2056192K) From: 2432K(20992K)->2400K(19968K)
[621.259s][info ][gc,heap        ] GC(158) ParOldGen: 557291K(614400K)->557323K(614400K)
[621.259s][info ][gc,metaspace   ] GC(158) Metaspace: 81866K(82752K)->81866K(82752K) NonClass: 70384K(70848K)->70384K(70848K) Class: 11482K(11904K)->11482K(11904K)
[621.259s][info ][gc             ] GC(158) Pause Young (Allocation Failure) 2554M->546M(2627M) 2.466ms
[621.259s][info ][gc,cpu         ] GC(158) User=0.01s Sys=0.00s Real=0.00s
[621.259s][info ][safepoint      ] Safepoint "ParallelGCFailedAllocation", Time since last: 6898591084 ns, Reaching safepoint: 33400 ns, At safepoint: 2537623 ns, Total: 2571023 ns
[634.207s][info ][gc,start       ] GC(159) Pause Young (Allocation Failure)
[634.209s][debug][gc,phases      ] GC(159) Scavenge 2.208ms
[634.209s][debug][gc,ref         ] GC(159) Skipped phase 1 of Reference Processing: no references
[634.209s][debug][gc,ref         ] GC(159) Skipped phase 2 of Reference Processing: no references
[634.209s][debug][gc,ref         ] GC(159) Skipped phase 3 of Reference Processing: no references
[634.209s][debug][gc,ref         ] GC(159) Skipped phase 4 of Reference Processing: no references
[634.209s][debug][gc,phases      ] GC(159) Reference Processing 0.024ms
[634.209s][debug][gc,phases      ] GC(159)   VM Weak                        Min:  0.0, Avg:  0.0, Max:  0.0, Diff:  0.0, Sum:  0.0, Workers: 4
[634.209s][debug][gc,phases      ] GC(159)     Dead                           Min: 0, Avg:  0.0, Max: 0, Diff: 0, Sum: 0, Workers: 4
[634.209s][debug][gc,phases      ] GC(159)     Total                          Min: 0, Avg: 166.8, Max: 667, Diff: 667, Sum: 667, Workers: 4
[634.209s][debug][gc,phases      ] GC(159)   ObjectSynchronizer Weak        Min:  0.0, Avg:  0.0, Max:  0.0, Diff:  0.0, Sum:  0.0, Workers: 4
[634.209s][debug][gc,phases      ] GC(159)     Dead                           Min: 0, Avg:  0.0, Max: 0, Diff: 0, Sum: 0, Workers: 4
[634.209s][debug][gc,phases      ] GC(159)     Total                          Min: 0, Avg: 87.0, Max: 128, Diff: 128, Sum: 348, Workers: 4
[634.209s][debug][gc,phases      ] GC(159)   JVMTI Tag Weak OopStorage      Min:  0.0, Avg:  0.0, Max:  0.0, Diff:  0.0, Sum:  0.0, Workers: 4
[634.209s][debug][gc,phases      ] GC(159)     Dead                           Min: 0, Avg:  0.0, Max: 0, Diff: 0, Sum: 0, Workers: 4
[634.209s][debug][gc,phases      ] GC(159)     Total                          Min: 0, Avg:  0.0, Max: 0, Diff: 0, Sum: 0, Workers: 4
[634.209s][debug][gc,phases      ] GC(159)   StringTable Weak               Min:  0.1, Avg:  0.1, Max:  0.1, Diff:  0.0, Sum:  0.4, Workers: 4
[634.209s][debug][gc,phases      ] GC(159)     Dead                           Min: 0, Avg:  0.0, Max: 0, Diff: 0, Sum: 0, Workers: 4
[634.209s][debug][gc,phases      ] GC(159)     Total                          Min: 9345, Avg: 12000.2, Max: 14976, Diff: 5631, Sum: 48001, Workers: 4
[634.209s][debug][gc,phases      ] GC(159)   ResolvedMethodTable Weak       Min:  0.0, Avg:  0.0, Max:  0.0, Diff:  0.0, Sum:  0.1, Workers: 4
[634.209s][debug][gc,phases      ] GC(159)     Dead                           Min: 0, Avg:  0.0, Max: 0, Diff: 0, Sum: 0, Workers: 4
[634.209s][debug][gc,phases      ] GC(159)     Total                          Min: 979, Avg: 1981.2, Max: 2786, Diff: 1807, Sum: 7925, Workers: 4
[634.209s][debug][gc,phases      ] GC(159)   JNI Weak                       Min:  0.0, Avg:  0.0, Max:  0.0, Diff:  0.0, Sum:  0.0, Workers: 4
[634.209s][debug][gc,phases      ] GC(159)     Dead                           Min: 0, Avg:  0.0, Max: 0, Diff: 0, Sum: 0, Workers: 4
[634.209s][debug][gc,phases      ] GC(159)     Total                          Min: 0, Avg:  0.0, Max: 0, Diff: 0, Sum: 0, Workers: 4
[634.209s][debug][gc,phases      ] GC(159)   StringDedup Table Weak         Min:  0.0, Avg:  0.0, Max:  0.0, Diff:  0.0, Sum:  0.0, Workers: 4
[634.209s][debug][gc,phases      ] GC(159)     Dead                           Min: 0, Avg:  0.0, Max: 0, Diff: 0, Sum: 0, Workers: 4
[634.209s][debug][gc,phases      ] GC(159)     Total                          Min: 0, Avg:  0.0, Max: 0, Diff: 0, Sum: 0, Workers: 4
[634.209s][debug][gc,phases      ] GC(159)   StringDedup Requests0 Weak     Min:  0.0, Avg:  0.0, Max:  0.0, Diff:  0.0, Sum:  0.0, Workers: 4
[634.209s][debug][gc,phases      ] GC(159)     Dead                           Min: 0, Avg:  0.0, Max: 0, Diff: 0, Sum: 0, Workers: 4
[634.209s][debug][gc,phases      ] GC(159)     Total                          Min: 0, Avg:  0.0, Max: 0, Diff: 0, Sum: 0, Workers: 4
[634.209s][debug][gc,phases      ] GC(159)   StringDedup Requests1 Weak     Min:  0.0, Avg:  0.0, Max:  0.0, Diff:  0.0, Sum:  0.0, Workers: 4
[634.209s][debug][gc,phases      ] GC(159)     Dead                           Min: 0, Avg:  0.0, Max: 0, Diff: 0, Sum: 0, Workers: 4
[634.209s][debug][gc,phases      ] GC(159)     Total                          Min: 0, Avg:  0.0, Max: 0, Diff: 0, Sum: 0, Workers: 4
[634.209s][debug][gc,phases      ] GC(159)   Weak JFR Old Object Samples    Min:  0.0, Avg:  0.0, Max:  0.0, Diff:  0.0, Sum:  0.0, Workers: 4
[634.209s][debug][gc,phases      ] GC(159)     Dead                           Min: 0, Avg:  0.0, Max: 0, Diff: 0, Sum: 0, Workers: 4
[634.209s][debug][gc,phases      ] GC(159)     Total                          Min: 0, Avg:  0.0, Max: 0, Diff: 0, Sum: 0, Workers: 4
[634.209s][debug][gc,phases      ] GC(159) Weak Processing 0.291ms
[634.209s][debug][gc,age         ] GC(159) Desired survivor size 17825792 bytes, new threshold 15 (max threshold 15)
[634.209s][info ][gc,heap        ] GC(159) PSYoungGen: 2058592K(2076160K)->2400K(2079744K) Eden: 2056192K(2056192K)->0K(2061312K) From: 2400K(19968K)->2400K(18432K)
[634.209s][info ][gc,heap        ] GC(159) ParOldGen: 557323K(614400K)->557355K(614400K)
[634.209s][info ][gc,metaspace   ] GC(159) Metaspace: 81874K(82752K)->81874K(82752K) NonClass: 70391K(70848K)->70391K(70848K) Class: 11482K(11904K)->11482K(11904K)
[634.209s][info ][gc             ] GC(159) Pause Young (Allocation Failure) 2554M->546M(2631M) 2.623ms
[634.209s][info ][gc,cpu         ] GC(159) User=0.01s Sys=0.00s Real=0.01s
[634.209s][info ][safepoint      ] Safepoint "ParallelGCFailedAllocation", Time since last: 12947632282 ns, Reaching safepoint: 46901 ns, At safepoint: 2689724 ns, Total: 2736625 ns
[635.209s][info ][safepoint      ] Safepoint "Cleanup", Time since last: 1000090130 ns, Reaching safepoint: 122801 ns, At safepoint: 9500 ns, Total: 132301 ns
[643.210s][info ][safepoint      ] Safepoint "Cleanup", Time since last: 8000496799 ns, Reaching safepoint: 114501 ns, At safepoint: 9400 ns, Total: 123901 ns
[646.812s][info ][gc,start       ] GC(160) Pause Young (Allocation Failure)
[646.814s][debug][gc,phases      ] GC(160) Scavenge 2.514ms
[646.814s][debug][gc,ref         ] GC(160) Skipped phase 1 of Reference Processing: no references
[646.814s][debug][gc,ref         ] GC(160) ReferenceProcessor::execute queues: 1, RefProcThreadModel::Single, marks_oops_alive: false
[646.814s][debug][gc,ref         ] GC(160) Skipped phase 3 of Reference Processing: no references
[646.814s][debug][gc,ref         ] GC(160) ReferenceProcessor::execute queues: 1, RefProcThreadModel::Single, marks_oops_alive: false
[646.814s][debug][gc,phases      ] GC(160) Reference Processing 0.100ms
[646.814s][debug][gc,phases      ] GC(160)   VM Weak                        Min:  0.0, Avg:  0.0, Max:  0.0, Diff:  0.0, Sum:  0.0, Workers: 4
[646.814s][debug][gc,phases      ] GC(160)     Dead                           Min: 0, Avg:  0.0, Max: 0, Diff: 0, Sum: 0, Workers: 4
[646.815s][debug][gc,phases      ] GC(160)     Total                          Min: 0, Avg: 166.8, Max: 667, Diff: 667, Sum: 667, Workers: 4
[646.815s][debug][gc,phases      ] GC(160)   ObjectSynchronizer Weak        Min:  0.0, Avg:  0.0, Max:  0.0, Diff:  0.0, Sum:  0.0, Workers: 4
[646.815s][debug][gc,phases      ] GC(160)     Dead                           Min: 0, Avg:  0.0, Max: 0, Diff: 0, Sum: 0, Workers: 4
[646.815s][debug][gc,phases      ] GC(160)     Total                          Min: 0, Avg: 87.0, Max: 348, Diff: 348, Sum: 348, Workers: 4
[646.815s][debug][gc,phases      ] GC(160)   JVMTI Tag Weak OopStorage      Min:  0.0, Avg:  0.0, Max:  0.0, Diff:  0.0, Sum:  0.0, Workers: 4
[646.815s][debug][gc,phases      ] GC(160)     Dead                           Min: 0, Avg:  0.0, Max: 0, Diff: 0, Sum: 0, Workers: 4
[646.815s][debug][gc,phases      ] GC(160)     Total                          Min: 0, Avg:  0.0, Max: 0, Diff: 0, Sum: 0, Workers: 4
[646.815s][debug][gc,phases      ] GC(160)   StringTable Weak               Min:  0.1, Avg:  0.1, Max:  0.1, Diff:  0.0, Sum:  0.4, Workers: 4
[646.815s][debug][gc,phases      ] GC(160)     Dead                           Min: 0, Avg:  0.0, Max: 0, Diff: 0, Sum: 0, Workers: 4
[646.815s][debug][gc,phases      ] GC(160)     Total                          Min: 9408, Avg: 12000.2, Max: 13697, Diff: 4289, Sum: 48001, Workers: 4
[646.815s][debug][gc,phases      ] GC(160)   ResolvedMethodTable Weak       Min:  0.0, Avg:  0.0, Max:  0.0, Diff:  0.0, Sum:  0.1, Workers: 4
[646.815s][debug][gc,phases      ] GC(160)     Dead                           Min: 0, Avg:  0.0, Max: 0, Diff: 0, Sum: 0, Workers: 4
[646.815s][debug][gc,phases      ] GC(160)     Total                          Min: 1511, Avg: 1981.2, Max: 2201, Diff: 690, Sum: 7925, Workers: 4
[646.815s][debug][gc,phases      ] GC(160)   JNI Weak                       Min:  0.0, Avg:  0.0, Max:  0.0, Diff:  0.0, Sum:  0.0, Workers: 4
[646.815s][debug][gc,phases      ] GC(160)     Dead                           Min: 0, Avg:  0.0, Max: 0, Diff: 0, Sum: 0, Workers: 4
[646.815s][debug][gc,phases      ] GC(160)     Total                          Min: 0, Avg:  0.0, Max: 0, Diff: 0, Sum: 0, Workers: 4
[646.815s][debug][gc,phases      ] GC(160)   StringDedup Table Weak         Min:  0.0, Avg:  0.0, Max:  0.0, Diff:  0.0, Sum:  0.0, Workers: 4
[646.815s][debug][gc,phases      ] GC(160)     Dead                           Min: 0, Avg:  0.0, Max: 0, Diff: 0, Sum: 0, Workers: 4
[646.815s][debug][gc,phases      ] GC(160)     Total                          Min: 0, Avg:  0.0, Max: 0, Diff: 0, Sum: 0, Workers: 4
[646.815s][debug][gc,phases      ] GC(160)   StringDedup Requests0 Weak     Min:  0.0, Avg:  0.0, Max:  0.0, Diff:  0.0, Sum:  0.0, Workers: 4
[646.815s][debug][gc,phases      ] GC(160)     Dead                           Min: 0, Avg:  0.0, Max: 0, Diff: 0, Sum: 0, Workers: 4
[646.815s][debug][gc,phases      ] GC(160)     Total                          Min: 0, Avg:  0.0, Max: 0, Diff: 0, Sum: 0, Workers: 4
[646.815s][debug][gc,phases      ] GC(160)   StringDedup Requests1 Weak     Min:  0.0, Avg:  0.0, Max:  0.0, Diff:  0.0, Sum:  0.0, Workers: 4
[646.815s][debug][gc,phases      ] GC(160)     Dead                           Min: 0, Avg:  0.0, Max: 0, Diff: 0, Sum: 0, Workers: 4
[646.815s][debug][gc,phases      ] GC(160)     Total                          Min: 0, Avg:  0.0, Max: 0, Diff: 0, Sum: 0, Workers: 4
[646.815s][debug][gc,phases      ] GC(160)   Weak JFR Old Object Samples    Min:  0.0, Avg:  0.0, Max:  0.0, Diff:  0.0, Sum:  0.0, Workers: 4
[646.815s][debug][gc,phases      ] GC(160)     Dead                           Min: 0, Avg:  0.0, Max: 0, Diff: 0, Sum: 0, Workers: 4
[646.815s][debug][gc,phases      ] GC(160)     Total                          Min: 0, Avg:  0.0, Max: 0, Diff: 0, Sum: 0, Workers: 4
[646.815s][debug][gc,phases      ] GC(160) Weak Processing 0.271ms
[646.815s][debug][gc,age         ] GC(160) Desired survivor size 16777216 bytes, new threshold 15 (max threshold 15)
[646.815s][info ][gc,heap        ] GC(160) PSYoungGen: 2063712K(2079744K)->2224K(2078720K) Eden: 2061312K(2061312K)->0K(2061312K) From: 2400K(18432K)->2224K(17408K)
[646.815s][info ][gc,heap        ] GC(160) ParOldGen: 557355K(614400K)->557547K(614400K)
[646.815s][info ][gc,metaspace   ] GC(160) Metaspace: 81877K(82752K)->81877K(82752K) NonClass: 70395K(70848K)->70395K(70848K) Class: 11482K(11904K)->11482K(11904K)
[646.815s][info ][gc             ] GC(160) Pause Young (Allocation Failure) 2559M->546M(2630M) 2.986ms
[646.815s][info ][gc,cpu         ] GC(160) User=0.01s Sys=0.00s Real=0.00s
[646.815s][info ][safepoint      ] Safepoint "ParallelGCFailedAllocation", Time since last: 3601469001 ns, Reaching safepoint: 66701 ns, At safepoint: 3055228 ns, Total: 3121929 ns
[648.357s][info ][safepoint      ] Safepoint "Cleanup", Time since last: 1542163312 ns, Reaching safepoint: 121701 ns, At safepoint: 27101 ns, Total: 148802 ns
[649.357s][info ][safepoint      ] Safepoint "Cleanup", Time since last: 1000100915 ns, Reaching safepoint: 115902 ns, At safepoint: 6000 ns, Total: 121902 ns
[655.003s][info ][gc,start       ] GC(161) Pause Young (Allocation Failure)
[655.007s][debug][gc,phases      ] GC(161) Scavenge 3.177ms
[655.007s][debug][gc,ref         ] GC(161) Skipped phase 1 of Reference Processing: no references
[655.007s][debug][gc,ref         ] GC(161) ReferenceProcessor::execute queues: 1, RefProcThreadModel::Single, marks_oops_alive: false
[655.007s][debug][gc,ref         ] GC(161) Skipped phase 3 of Reference Processing: no references
[655.007s][debug][gc,ref         ] GC(161) ReferenceProcessor::execute queues: 1, RefProcThreadModel::Single, marks_oops_alive: false
[655.007s][debug][gc,phases      ] GC(161) Reference Processing 0.125ms
[655.007s][debug][gc,phases      ] GC(161)   VM Weak                        Min:  0.0, Avg:  0.0, Max:  0.0, Diff:  0.0, Sum:  0.0, Workers: 4
[655.007s][debug][gc,phases      ] GC(161)     Dead                           Min: 0, Avg:  0.0, Max: 0, Diff: 0, Sum: 0, Workers: 4
[655.007s][debug][gc,phases      ] GC(161)     Total                          Min: 0, Avg: 166.8, Max: 640, Diff: 640, Sum: 667, Workers: 4
[655.007s][debug][gc,phases      ] GC(161)   ObjectSynchronizer Weak        Min:  0.0, Avg:  0.0, Max:  0.0, Diff:  0.0, Sum:  0.0, Workers: 4
[655.007s][debug][gc,phases      ] GC(161)     Dead                           Min: 0, Avg:  0.0, Max: 0, Diff: 0, Sum: 0, Workers: 4
[655.007s][debug][gc,phases      ] GC(161)     Total                          Min: 0, Avg: 87.0, Max: 192, Diff: 192, Sum: 348, Workers: 4
[655.007s][debug][gc,phases      ] GC(161)   JVMTI Tag Weak OopStorage      Min:  0.0, Avg:  0.0, Max:  0.0, Diff:  0.0, Sum:  0.0, Workers: 4
[655.007s][debug][gc,phases      ] GC(161)     Dead                           Min: 0, Avg:  0.0, Max: 0, Diff: 0, Sum: 0, Workers: 4
[655.007s][debug][gc,phases      ] GC(161)     Total                          Min: 0, Avg:  0.0, Max: 0, Diff: 0, Sum: 0, Workers: 4
[655.007s][debug][gc,phases      ] GC(161)   StringTable Weak               Min:  0.1, Avg:  0.1, Max:  0.1, Diff:  0.0, Sum:  0.4, Workers: 4
[655.007s][debug][gc,phases      ] GC(161)     Dead                           Min: 0, Avg:  0.0, Max: 0, Diff: 0, Sum: 0, Workers: 4
[655.007s][debug][gc,phases      ] GC(161)     Total                          Min: 9536, Avg: 12001.0, Max: 14720, Diff: 5184, Sum: 48004, Workers: 4
[655.007s][debug][gc,phases      ] GC(161)   ResolvedMethodTable Weak       Min:  0.0, Avg:  0.0, Max:  0.0, Diff:  0.0, Sum:  0.1, Workers: 4
[655.007s][debug][gc,phases      ] GC(161)     Dead                           Min: 0, Avg:  0.0, Max: 0, Diff: 0, Sum: 0, Workers: 4
[655.007s][debug][gc,phases      ] GC(161)     Total                          Min: 1554, Avg: 1981.2, Max: 2448, Diff: 894, Sum: 7925, Workers: 4
[655.007s][debug][gc,phases      ] GC(161)   JNI Weak                       Min:  0.0, Avg:  0.0, Max:  0.0, Diff:  0.0, Sum:  0.0, Workers: 4
[655.007s][debug][gc,phases      ] GC(161)     Dead                           Min: 0, Avg:  0.0, Max: 0, Diff: 0, Sum: 0, Workers: 4
[655.007s][debug][gc,phases      ] GC(161)     Total                          Min: 0, Avg:  0.0, Max: 0, Diff: 0, Sum: 0, Workers: 4
[655.007s][debug][gc,phases      ] GC(161)   StringDedup Table Weak         Min:  0.0, Avg:  0.0, Max:  0.0, Diff:  0.0, Sum:  0.0, Workers: 4
[655.007s][debug][gc,phases      ] GC(161)     Dead                           Min: 0, Avg:  0.0, Max: 0, Diff: 0, Sum: 0, Workers: 4
[655.007s][debug][gc,phases      ] GC(161)     Total                          Min: 0, Avg:  0.0, Max: 0, Diff: 0, Sum: 0, Workers: 4
[655.007s][debug][gc,phases      ] GC(161)   StringDedup Requests0 Weak     Min:  0.0, Avg:  0.0, Max:  0.0, Diff:  0.0, Sum:  0.0, Workers: 4
[655.007s][debug][gc,phases      ] GC(161)     Dead                           Min: 0, Avg:  0.0, Max: 0, Diff: 0, Sum: 0, Workers: 4
[655.007s][debug][gc,phases      ] GC(161)     Total                          Min: 0, Avg:  0.0, Max: 0, Diff: 0, Sum: 0, Workers: 4
[655.007s][debug][gc,phases      ] GC(161)   StringDedup Requests1 Weak     Min:  0.0, Avg:  0.0, Max:  0.0, Diff:  0.0, Sum:  0.0, Workers: 4
[655.007s][debug][gc,phases      ] GC(161)     Dead                           Min: 0, Avg:  0.0, Max: 0, Diff: 0, Sum: 0, Workers: 4
[655.007s][debug][gc,phases      ] GC(161)     Total                          Min: 0, Avg:  0.0, Max: 0, Diff: 0, Sum: 0, Workers: 4
[655.007s][debug][gc,phases      ] GC(161)   Weak JFR Old Object Samples    Min:  0.0, Avg:  0.0, Max:  0.0, Diff:  0.0, Sum:  0.0, Workers: 4
[655.007s][debug][gc,phases      ] GC(161)     Dead                           Min: 0, Avg:  0.0, Max: 0, Diff: 0, Sum: 0, Workers: 4
[655.007s][debug][gc,phases      ] GC(161)     Total                          Min: 0, Avg:  0.0, Max: 0, Diff: 0, Sum: 0, Workers: 4
[655.007s][debug][gc,phases      ] GC(161) Weak Processing 0.288ms
[655.007s][debug][gc,age         ] GC(161) Desired survivor size 15728640 bytes, new threshold 15 (max threshold 15)
[655.007s][info ][gc,heap        ] GC(161) PSYoungGen: 2063536K(2078720K)->3056K(2081792K) Eden: 2061312K(2061312K)->0K(2065408K) From: 2224K(17408K)->3056K(16384K)
[655.007s][info ][gc,heap        ] GC(161) ParOldGen: 557547K(614400K)->557611K(614400K)
[655.007s][info ][gc,metaspace   ] GC(161) Metaspace: 81885K(82752K)->81885K(82752K) NonClass: 70403K(70848K)->70403K(70848K) Class: 11482K(11904K)->11482K(11904K)
[655.007s][info ][gc             ] GC(161) Pause Young (Allocation Failure) 2559M->547M(2633M) 3.690ms
[655.007s][info ][gc,cpu         ] GC(161) User=0.01s Sys=0.00s Real=0.00s
[655.007s][info ][safepoint      ] Safepoint "ParallelGCFailedAllocation", Time since last: 5646013809 ns, Reaching safepoint: 95901 ns, At safepoint: 3762634 ns, Total: 3858535 ns
[656.007s][info ][safepoint      ] Safepoint "Cleanup", Time since last: 1000091009 ns, Reaching safepoint: 133402 ns, At safepoint: 9600 ns, Total: 143002 ns
[658.008s][info ][safepoint      ] Safepoint "Cleanup", Time since last: 2000162815 ns, Reaching safepoint: 108201 ns, At safepoint: 6000 ns, Total: 114201 ns
[659.008s][info ][safepoint      ] Safepoint "Cleanup", Time since last: 1000056706 ns, Reaching safepoint: 109501 ns, At safepoint: 5801 ns, Total: 115302 ns
[660.008s][info ][safepoint      ] Safepoint "Cleanup", Time since last: 1000099305 ns, Reaching safepoint: 125001 ns, At safepoint: 11900 ns, Total: 136901 ns
[661.362s][info ][safepoint      ] Safepoint "Cleanup", Time since last: 1353786660 ns, Reaching safepoint: 139801 ns, At safepoint: 22300 ns, Total: 162101 ns
[662.362s][info ][safepoint      ] Safepoint "Cleanup", Time since last: 1000099104 ns, Reaching safepoint: 37500 ns, At safepoint: 2800 ns, Total: 40300 ns
[662.862s][info ][gc,start       ] GC(162) Pause Young (Allocation Failure)
[662.865s][debug][gc,phases      ] GC(162) Scavenge 3.006ms
[662.865s][debug][gc,ref         ] GC(162) Skipped phase 1 of Reference Processing: no references
[662.865s][debug][gc,ref         ] GC(162) ReferenceProcessor::execute queues: 1, RefProcThreadModel::Single, marks_oops_alive: false
[662.865s][debug][gc,ref         ] GC(162) Skipped phase 3 of Reference Processing: no references
[662.865s][debug][gc,ref         ] GC(162) ReferenceProcessor::execute queues: 1, RefProcThreadModel::Single, marks_oops_alive: false
[662.865s][debug][gc,phases      ] GC(162) Reference Processing 0.109ms
[662.865s][debug][gc,phases      ] GC(162)   VM Weak                        Min:  0.0, Avg:  0.0, Max:  0.0, Diff:  0.0, Sum:  0.0, Workers: 4
[662.865s][debug][gc,phases      ] GC(162)     Dead                           Min: 0, Avg:  0.0, Max: 0, Diff: 0, Sum: 0, Workers: 4
[662.865s][debug][gc,phases      ] GC(162)     Total                          Min: 0, Avg: 166.8, Max: 384, Diff: 384, Sum: 667, Workers: 4
[662.865s][debug][gc,phases      ] GC(162)   ObjectSynchronizer Weak        Min:  0.0, Avg:  0.0, Max:  0.0, Diff:  0.0, Sum:  0.0, Workers: 4
[662.865s][debug][gc,phases      ] GC(162)     Dead                           Min: 0, Avg:  0.0, Max: 0, Diff: 0, Sum: 0, Workers: 4
[662.865s][debug][gc,phases      ] GC(162)     Total                          Min: 0, Avg: 87.0, Max: 128, Diff: 128, Sum: 348, Workers: 4
[662.865s][debug][gc,phases      ] GC(162)   JVMTI Tag Weak OopStorage      Min:  0.0, Avg:  0.0, Max:  0.0, Diff:  0.0, Sum:  0.0, Workers: 4
[662.865s][debug][gc,phases      ] GC(162)     Dead                           Min: 0, Avg:  0.0, Max: 0, Diff: 0, Sum: 0, Workers: 4
[662.865s][debug][gc,phases      ] GC(162)     Total                          Min: 0, Avg:  0.0, Max: 0, Diff: 0, Sum: 0, Workers: 4
[662.865s][debug][gc,phases      ] GC(162)   StringTable Weak               Min:  0.1, Avg:  0.1, Max:  0.1, Diff:  0.0, Sum:  0.4, Workers: 4
[662.865s][debug][gc,phases      ] GC(162)     Dead                           Min: 0, Avg:  0.0, Max: 0, Diff: 0, Sum: 0, Workers: 4
[662.865s][debug][gc,phases      ] GC(162)     Total                          Min: 9536, Avg: 12001.0, Max: 14464, Diff: 4928, Sum: 48004, Workers: 4
[662.865s][debug][gc,phases      ] GC(162)   ResolvedMethodTable Weak       Min:  0.0, Avg:  0.0, Max:  0.0, Diff:  0.0, Sum:  0.1, Workers: 4
[662.865s][debug][gc,phases      ] GC(162)     Dead                           Min: 0, Avg:  0.0, Max: 0, Diff: 0, Sum: 0, Workers: 4
[662.865s][debug][gc,phases      ] GC(162)     Total                          Min: 1695, Avg: 1981.2, Max: 2313, Diff: 618, Sum: 7925, Workers: 4
[662.865s][debug][gc,phases      ] GC(162)   JNI Weak                       Min:  0.0, Avg:  0.0, Max:  0.0, Diff:  0.0, Sum:  0.0, Workers: 4
[662.865s][debug][gc,phases      ] GC(162)     Dead                           Min: 0, Avg:  0.0, Max: 0, Diff: 0, Sum: 0, Workers: 4
[662.865s][debug][gc,phases      ] GC(162)     Total                          Min: 0, Avg:  0.0, Max: 0, Diff: 0, Sum: 0, Workers: 4
[662.865s][debug][gc,phases      ] GC(162)   StringDedup Table Weak         Min:  0.0, Avg:  0.0, Max:  0.0, Diff:  0.0, Sum:  0.0, Workers: 4
[662.865s][debug][gc,phases      ] GC(162)     Dead                           Min: 0, Avg:  0.0, Max: 0, Diff: 0, Sum: 0, Workers: 4
[662.865s][debug][gc,phases      ] GC(162)     Total                          Min: 0, Avg:  0.0, Max: 0, Diff: 0, Sum: 0, Workers: 4
[662.865s][debug][gc,phases      ] GC(162)   StringDedup Requests0 Weak     Min:  0.0, Avg:  0.0, Max:  0.0, Diff:  0.0, Sum:  0.0, Workers: 4
[662.865s][debug][gc,phases      ] GC(162)     Dead                           Min: 0, Avg:  0.0, Max: 0, Diff: 0, Sum: 0, Workers: 4
[662.865s][debug][gc,phases      ] GC(162)     Total                          Min: 0, Avg:  0.0, Max: 0, Diff: 0, Sum: 0, Workers: 4
[662.865s][debug][gc,phases      ] GC(162)   StringDedup Requests1 Weak     Min:  0.0, Avg:  0.0, Max:  0.0, Diff:  0.0, Sum:  0.0, Workers: 4
[662.865s][debug][gc,phases      ] GC(162)     Dead                           Min: 0, Avg:  0.0, Max: 0, Diff: 0, Sum: 0, Workers: 4
[662.865s][debug][gc,phases      ] GC(162)     Total                          Min: 0, Avg:  0.0, Max: 0, Diff: 0, Sum: 0, Workers: 4
[662.865s][debug][gc,phases      ] GC(162)   Weak JFR Old Object Samples    Min:  0.0, Avg:  0.0, Max:  0.0, Diff:  0.0, Sum:  0.0, Workers: 4
[662.865s][debug][gc,phases      ] GC(162)     Dead                           Min: 0, Avg:  0.0, Max: 0, Diff: 0, Sum: 0, Workers: 4
[662.865s][debug][gc,phases      ] GC(162)     Total                          Min: 0, Avg:  0.0, Max: 0, Diff: 0, Sum: 0, Workers: 4
[662.865s][debug][gc,phases      ] GC(162) Weak Processing 0.280ms
[662.865s][debug][gc,age         ] GC(162) Desired survivor size 14680064 bytes, new threshold 15 (max threshold 15)
[662.865s][info ][gc,heap        ] GC(162) PSYoungGen: 2068464K(2081792K)->2768K(2080768K) Eden: 2065408K(2065408K)->0K(2065408K) From: 3056K(16384K)->2768K(15360K)
[662.865s][info ][gc,heap        ] GC(162) ParOldGen: 557611K(614400K)->557635K(614400K)
[662.865s][info ][gc,metaspace   ] GC(162) Metaspace: 81898K(82816K)->81898K(82816K) NonClass: 70416K(70912K)->70416K(70912K) Class: 11482K(11904K)->11482K(11904K)
[662.865s][info ][gc             ] GC(162) Pause Young (Allocation Failure) 2564M->547M(2632M) 3.501ms
[662.865s][info ][gc,cpu         ] GC(162) User=0.01s Sys=0.00s Real=0.00s
[662.865s][info ][safepoint      ] Safepoint "ParallelGCFailedAllocation", Time since last: 499467496 ns, Reaching safepoint: 30600 ns, At safepoint: 3582533 ns, Total: 3613133 ns
[664.865s][info ][safepoint      ] Safepoint "Cleanup", Time since last: 2000154003 ns, Reaching safepoint: 44900 ns, At safepoint: 14000 ns, Total: 58900 ns
[665.866s][info ][safepoint      ] Safepoint "Cleanup", Time since last: 1000096300 ns, Reaching safepoint: 53601 ns, At safepoint: 6000 ns, Total: 59601 ns
[666.866s][info ][safepoint      ] Safepoint "Cleanup", Time since last: 1000095999 ns, Reaching safepoint: 46600 ns, At safepoint: 8100 ns, Total: 54700 ns
[667.866s][info ][safepoint      ] Safepoint "Cleanup", Time since last: 1000098698 ns, Reaching safepoint: 55901 ns, At safepoint: 9000 ns, Total: 64901 ns
[668.866s][info ][safepoint      ] Safepoint "Cleanup", Time since last: 1000115497 ns, Reaching safepoint: 57201 ns, At safepoint: 4600 ns, Total: 61801 ns
[671.866s][info ][safepoint      ] Safepoint "Cleanup", Time since last: 3000242285 ns, Reaching safepoint: 45001 ns, At safepoint: 2600 ns, Total: 47601 ns
[674.853s][info ][gc,start       ] GC(163) Pause Young (Allocation Failure)
[674.856s][debug][gc,phases      ] GC(163) Scavenge 2.965ms
[674.856s][debug][gc,ref         ] GC(163) Skipped phase 1 of Reference Processing: no references
[674.856s][debug][gc,ref         ] GC(163) ReferenceProcessor::execute queues: 1, RefProcThreadModel::Single, marks_oops_alive: false
[674.856s][debug][gc,ref         ] GC(163) Skipped phase 3 of Reference Processing: no references
[674.856s][debug][gc,ref         ] GC(163) ReferenceProcessor::execute queues: 1, RefProcThreadModel::Single, marks_oops_alive: false
[674.856s][debug][gc,phases      ] GC(163) Reference Processing 0.122ms
[674.856s][debug][gc,phases      ] GC(163)   VM Weak                        Min:  0.0, Avg:  0.0, Max:  0.0, Diff:  0.0, Sum:  0.0, Workers: 4
[674.856s][debug][gc,phases      ] GC(163)     Dead                           Min: 0, Avg:  0.0, Max: 0, Diff: 0, Sum: 0, Workers: 4
[674.856s][debug][gc,phases      ] GC(163)     Total                          Min: 0, Avg: 166.8, Max: 512, Diff: 512, Sum: 667, Workers: 4
[674.856s][debug][gc,phases      ] GC(163)   ObjectSynchronizer Weak        Min:  0.0, Avg:  0.0, Max:  0.0, Diff:  0.0, Sum:  0.0, Workers: 4
[674.856s][debug][gc,phases      ] GC(163)     Dead                           Min: 0, Avg:  0.0, Max: 0, Diff: 0, Sum: 0, Workers: 4
[674.856s][debug][gc,phases      ] GC(163)     Total                          Min: 0, Avg: 87.0, Max: 220, Diff: 220, Sum: 348, Workers: 4
[674.856s][debug][gc,phases      ] GC(163)   JVMTI Tag Weak OopStorage      Min:  0.0, Avg:  0.0, Max:  0.0, Diff:  0.0, Sum:  0.0, Workers: 4
[674.856s][debug][gc,phases      ] GC(163)     Dead                           Min: 0, Avg:  0.0, Max: 0, Diff: 0, Sum: 0, Workers: 4
[674.856s][debug][gc,phases      ] GC(163)     Total                          Min: 0, Avg:  0.0, Max: 0, Diff: 0, Sum: 0, Workers: 4
[674.856s][debug][gc,phases      ] GC(163)   StringTable Weak               Min:  0.1, Avg:  0.1, Max:  0.1, Diff:  0.0, Sum:  0.4, Workers: 4
[674.856s][debug][gc,phases      ] GC(163)     Dead                           Min: 0, Avg:  0.0, Max: 0, Diff: 0, Sum: 0, Workers: 4
[674.856s][debug][gc,phases      ] GC(163)     Total                          Min: 9472, Avg: 12001.0, Max: 15232, Diff: 5760, Sum: 48004, Workers: 4
[674.856s][debug][gc,phases      ] GC(163)   ResolvedMethodTable Weak       Min:  0.0, Avg:  0.0, Max:  0.0, Diff:  0.0, Sum:  0.1, Workers: 4
[674.856s][debug][gc,phases      ] GC(163)     Dead                           Min: 0, Avg:  0.0, Max: 0, Diff: 0, Sum: 0, Workers: 4
[674.856s][debug][gc,phases      ] GC(163)     Total                          Min: 1548, Avg: 1981.2, Max: 2404, Diff: 856, Sum: 7925, Workers: 4
[674.856s][debug][gc,phases      ] GC(163)   JNI Weak                       Min:  0.0, Avg:  0.0, Max:  0.0, Diff:  0.0, Sum:  0.0, Workers: 4
[674.856s][debug][gc,phases      ] GC(163)     Dead                           Min: 0, Avg:  0.0, Max: 0, Diff: 0, Sum: 0, Workers: 4
[674.856s][debug][gc,phases      ] GC(163)     Total                          Min: 0, Avg:  0.0, Max: 0, Diff: 0, Sum: 0, Workers: 4
[674.856s][debug][gc,phases      ] GC(163)   StringDedup Table Weak         Min:  0.0, Avg:  0.0, Max:  0.0, Diff:  0.0, Sum:  0.0, Workers: 4
[674.856s][debug][gc,phases      ] GC(163)     Dead                           Min: 0, Avg:  0.0, Max: 0, Diff: 0, Sum: 0, Workers: 4
[674.856s][debug][gc,phases      ] GC(163)     Total                          Min: 0, Avg:  0.0, Max: 0, Diff: 0, Sum: 0, Workers: 4
[674.856s][debug][gc,phases      ] GC(163)   StringDedup Requests0 Weak     Min:  0.0, Avg:  0.0, Max:  0.0, Diff:  0.0, Sum:  0.0, Workers: 4
[674.856s][debug][gc,phases      ] GC(163)     Dead                           Min: 0, Avg:  0.0, Max: 0, Diff: 0, Sum: 0, Workers: 4
[674.856s][debug][gc,phases      ] GC(163)     Total                          Min: 0, Avg:  0.0, Max: 0, Diff: 0, Sum: 0, Workers: 4
[674.856s][debug][gc,phases      ] GC(163)   StringDedup Requests1 Weak     Min:  0.0, Avg:  0.0, Max:  0.0, Diff:  0.0, Sum:  0.0, Workers: 4
[674.856s][debug][gc,phases      ] GC(163)     Dead                           Min: 0, Avg:  0.0, Max: 0, Diff: 0, Sum: 0, Workers: 4
[674.856s][debug][gc,phases      ] GC(163)     Total                          Min: 0, Avg:  0.0, Max: 0, Diff: 0, Sum: 0, Workers: 4
[674.856s][debug][gc,phases      ] GC(163)   Weak JFR Old Object Samples    Min:  0.0, Avg:  0.0, Max:  0.0, Diff:  0.0, Sum:  0.0, Workers: 4
[674.856s][debug][gc,phases      ] GC(163)     Dead                           Min: 0, Avg:  0.0, Max: 0, Diff: 0, Sum: 0, Workers: 4
[674.856s][debug][gc,phases      ] GC(163)     Total                          Min: 0, Avg:  0.0, Max: 0, Diff: 0, Sum: 0, Workers: 4
[674.856s][debug][gc,phases      ] GC(163) Weak Processing 0.278ms
[674.856s][debug][gc,age         ] GC(163) Desired survivor size 13631488 bytes, new threshold 15 (max threshold 15)
[674.856s][info ][gc,heap        ] GC(163) PSYoungGen: 2068176K(2080768K)->2640K(2083840K) Eden: 2065408K(2065408K)->0K(2069504K) From: 2768K(15360K)->2640K(14336K)
[674.856s][info ][gc,heap        ] GC(163) ParOldGen: 557635K(614400K)->557659K(614400K)
[674.856s][info ][gc,metaspace   ] GC(163) Metaspace: 81901K(82816K)->81901K(82816K) NonClass: 70419K(70912K)->70419K(70912K) Class: 11482K(11904K)->11482K(11904K)
[674.856s][info ][gc             ] GC(163) Pause Young (Allocation Failure) 2564M->547M(2635M) 3.477ms
[674.856s][info ][gc,cpu         ] GC(163) User=0.02s Sys=0.00s Real=0.00s
[674.856s][info ][safepoint      ] Safepoint "ParallelGCFailedAllocation", Time since last: 2986430950 ns, Reaching safepoint: 42000 ns, At safepoint: 3543233 ns, Total: 3585233 ns
[680.857s][info ][safepoint      ] Safepoint "Cleanup", Time since last: 6000454929 ns, Reaching safepoint: 108901 ns, At safepoint: 12400 ns, Total: 121301 ns
[681.857s][info ][safepoint      ] Safepoint "Cleanup", Time since last: 1000109885 ns, Reaching safepoint: 113001 ns, At safepoint: 7600 ns, Total: 120601 ns
[686.858s][info ][safepoint      ] Safepoint "Cleanup", Time since last: 5000339611 ns, Reaching safepoint: 118001 ns, At safepoint: 9900 ns, Total: 127901 ns
[687.810s][info ][gc,start       ] GC(164) Pause Young (Allocation Failure)
[687.813s][debug][gc,phases      ] GC(164) Scavenge 2.760ms
[687.813s][debug][gc,ref         ] GC(164) Skipped phase 1 of Reference Processing: no references
[687.813s][debug][gc,ref         ] GC(164) ReferenceProcessor::execute queues: 1, RefProcThreadModel::Single, marks_oops_alive: false
[687.813s][debug][gc,ref         ] GC(164) Skipped phase 3 of Reference Processing: no references
[687.813s][debug][gc,ref         ] GC(164) ReferenceProcessor::execute queues: 1, RefProcThreadModel::Single, marks_oops_alive: false
[687.813s][debug][gc,phases      ] GC(164) Reference Processing 0.116ms
[687.813s][debug][gc,phases      ] GC(164)   VM Weak                        Min:  0.0, Avg:  0.0, Max:  0.0, Diff:  0.0, Sum:  0.0, Workers: 4
[687.813s][debug][gc,phases      ] GC(164)     Dead                           Min: 0, Avg:  0.0, Max: 0, Diff: 0, Sum: 0, Workers: 4
[687.813s][debug][gc,phases      ] GC(164)     Total                          Min: 0, Avg: 166.8, Max: 576, Diff: 576, Sum: 667, Workers: 4
[687.813s][debug][gc,phases      ] GC(164)   ObjectSynchronizer Weak        Min:  0.0, Avg:  0.0, Max:  0.0, Diff:  0.0, Sum:  0.0, Workers: 4
[687.813s][debug][gc,phases      ] GC(164)     Dead                           Min: 0, Avg:  0.0, Max: 0, Diff: 0, Sum: 0, Workers: 4
[687.813s][debug][gc,phases      ] GC(164)     Total                          Min: 0, Avg: 87.0, Max: 156, Diff: 156, Sum: 348, Workers: 4
[687.813s][debug][gc,phases      ] GC(164)   JVMTI Tag Weak OopStorage      Min:  0.0, Avg:  0.0, Max:  0.0, Diff:  0.0, Sum:  0.0, Workers: 4
[687.813s][debug][gc,phases      ] GC(164)     Dead                           Min: 0, Avg:  0.0, Max: 0, Diff: 0, Sum: 0, Workers: 4
[687.813s][debug][gc,phases      ] GC(164)     Total                          Min: 0, Avg:  0.0, Max: 0, Diff: 0, Sum: 0, Workers: 4
[687.813s][debug][gc,phases      ] GC(164)   StringTable Weak               Min:  0.1, Avg:  0.1, Max:  0.1, Diff:  0.0, Sum:  0.3, Workers: 4
[687.813s][debug][gc,phases      ] GC(164)     Dead                           Min: 0, Avg:  0.0, Max: 0, Diff: 0, Sum: 0, Workers: 4
[687.813s][debug][gc,phases      ] GC(164)     Total                          Min: 11269, Avg: 12001.2, Max: 12736, Diff: 1467, Sum: 48005, Workers: 4
[687.813s][debug][gc,phases      ] GC(164)   ResolvedMethodTable Weak       Min:  0.0, Avg:  0.0, Max:  0.0, Diff:  0.0, Sum:  0.1, Workers: 4
[687.813s][debug][gc,phases      ] GC(164)     Dead                           Min: 0, Avg:  0.0, Max: 0, Diff: 0, Sum: 0, Workers: 4
[687.813s][debug][gc,phases      ] GC(164)     Total                          Min: 1910, Avg: 1981.2, Max: 2034, Diff: 124, Sum: 7925, Workers: 4
[687.813s][debug][gc,phases      ] GC(164)   JNI Weak                       Min:  0.0, Avg:  0.0, Max:  0.0, Diff:  0.0, Sum:  0.0, Workers: 4
[687.813s][debug][gc,phases      ] GC(164)     Dead                           Min: 0, Avg:  0.0, Max: 0, Diff: 0, Sum: 0, Workers: 4
[687.813s][debug][gc,phases      ] GC(164)     Total                          Min: 0, Avg:  0.0, Max: 0, Diff: 0, Sum: 0, Workers: 4
[687.813s][debug][gc,phases      ] GC(164)   StringDedup Table Weak         Min:  0.0, Avg:  0.0, Max:  0.0, Diff:  0.0, Sum:  0.0, Workers: 4
[687.813s][debug][gc,phases      ] GC(164)     Dead                           Min: 0, Avg:  0.0, Max: 0, Diff: 0, Sum: 0, Workers: 4
[687.813s][debug][gc,phases      ] GC(164)     Total                          Min: 0, Avg:  0.0, Max: 0, Diff: 0, Sum: 0, Workers: 4
[687.813s][debug][gc,phases      ] GC(164)   StringDedup Requests0 Weak     Min:  0.0, Avg:  0.0, Max:  0.0, Diff:  0.0, Sum:  0.0, Workers: 4
[687.813s][debug][gc,phases      ] GC(164)     Dead                           Min: 0, Avg:  0.0, Max: 0, Diff: 0, Sum: 0, Workers: 4
[687.813s][debug][gc,phases      ] GC(164)     Total                          Min: 0, Avg:  0.0, Max: 0, Diff: 0, Sum: 0, Workers: 4
[687.813s][debug][gc,phases      ] GC(164)   StringDedup Requests1 Weak     Min:  0.0, Avg:  0.0, Max:  0.0, Diff:  0.0, Sum:  0.0, Workers: 4
[687.813s][debug][gc,phases      ] GC(164)     Dead                           Min: 0, Avg:  0.0, Max: 0, Diff: 0, Sum: 0, Workers: 4
[687.813s][debug][gc,phases      ] GC(164)     Total                          Min: 0, Avg:  0.0, Max: 0, Diff: 0, Sum: 0, Workers: 4
[687.813s][debug][gc,phases      ] GC(164)   Weak JFR Old Object Samples    Min:  0.0, Avg:  0.0, Max:  0.0, Diff:  0.0, Sum:  0.0, Workers: 4
[687.813s][debug][gc,phases      ] GC(164)     Dead                           Min: 0, Avg:  0.0, Max: 0, Diff: 0, Sum: 0, Workers: 4
[687.813s][debug][gc,phases      ] GC(164)     Total                          Min: 0, Avg:  0.0, Max: 0, Diff: 0, Sum: 0, Workers: 4
[687.813s][debug][gc,phases      ] GC(164) Weak Processing 0.252ms
[687.813s][debug][gc,age         ] GC(164) Desired survivor size 12582912 bytes, new threshold 15 (max threshold 15)
[687.813s][info ][gc,heap        ] GC(164) PSYoungGen: 2072144K(2083840K)->2672K(2082816K) Eden: 2069504K(2069504K)->0K(2069504K) From: 2640K(14336K)->2672K(13312K)
[687.813s][info ][gc,heap        ] GC(164) ParOldGen: 557659K(614400K)->557675K(614400K)
[687.813s][info ][gc,metaspace   ] GC(164) Metaspace: 81905K(82816K)->81905K(82816K) NonClass: 70423K(70912K)->70423K(70912K) Class: 11482K(11904K)->11482K(11904K)
[687.813s][info ][gc             ] GC(164) Pause Young (Allocation Failure) 2568M->547M(2634M) 3.246ms
[687.813s][info ][gc,cpu         ] GC(164) User=0.01s Sys=0.00s Real=0.00s
[687.813s][info ][safepoint      ] Safepoint "ParallelGCFailedAllocation", Time since last: 952054639 ns, Reaching safepoint: 28000 ns, At safepoint: 3315831 ns, Total: 3343831 ns
[691.813s][info ][safepoint      ] Safepoint "Cleanup", Time since last: 4000276709 ns, Reaching safepoint: 38900 ns, At safepoint: 3600 ns, Total: 42500 ns
[692.813s][info ][safepoint      ] Safepoint "Cleanup", Time since last: 1000107676 ns, Reaching safepoint: 26200 ns, At safepoint: 3200 ns, Total: 29400 ns
[693.814s][info ][safepoint      ] Safepoint "Cleanup", Time since last: 1000064874 ns, Reaching safepoint: 51300 ns, At safepoint: 10501 ns, Total: 61801 ns
[695.153s][info ][gc,start       ] GC(165) Pause Young (Allocation Failure)
[695.156s][debug][gc,phases      ] GC(165) Scavenge 3.011ms
[695.156s][debug][gc,ref         ] GC(165) Skipped phase 1 of Reference Processing: no references
[695.156s][debug][gc,ref         ] GC(165) ReferenceProcessor::execute queues: 1, RefProcThreadModel::Single, marks_oops_alive: false
[695.156s][debug][gc,ref         ] GC(165) Skipped phase 3 of Reference Processing: no references
[695.156s][debug][gc,ref         ] GC(165) ReferenceProcessor::execute queues: 1, RefProcThreadModel::Single, marks_oops_alive: false
[695.156s][debug][gc,phases      ] GC(165) Reference Processing 0.118ms
[695.156s][debug][gc,phases      ] GC(165)   VM Weak                        Min:  0.0, Avg:  0.0, Max:  0.0, Diff:  0.0, Sum:  0.0, Workers: 4
[695.156s][debug][gc,phases      ] GC(165)     Dead                           Min: 0, Avg:  0.0, Max: 0, Diff: 0, Sum: 0, Workers: 4
[695.156s][debug][gc,phases      ] GC(165)     Total                          Min: 0, Avg: 166.8, Max: 667, Diff: 667, Sum: 667, Workers: 4
[695.156s][debug][gc,phases      ] GC(165)   ObjectSynchronizer Weak        Min:  0.0, Avg:  0.0, Max:  0.0, Diff:  0.0, Sum:  0.0, Workers: 4
[695.156s][debug][gc,phases      ] GC(165)     Dead                           Min: 0, Avg:  0.0, Max: 0, Diff: 0, Sum: 0, Workers: 4
[695.156s][debug][gc,phases      ] GC(165)     Total                          Min: 0, Avg: 87.0, Max: 256, Diff: 256, Sum: 348, Workers: 4
[695.156s][debug][gc,phases      ] GC(165)   JVMTI Tag Weak OopStorage      Min:  0.0, Avg:  0.0, Max:  0.0, Diff:  0.0, Sum:  0.0, Workers: 4
[695.156s][debug][gc,phases      ] GC(165)     Dead                           Min: 0, Avg:  0.0, Max: 0, Diff: 0, Sum: 0, Workers: 4
[695.156s][debug][gc,phases      ] GC(165)     Total                          Min: 0, Avg:  0.0, Max: 0, Diff: 0, Sum: 0, Workers: 4
[695.156s][debug][gc,phases      ] GC(165)   StringTable Weak               Min:  0.1, Avg:  0.1, Max:  0.1, Diff:  0.0, Sum:  0.4, Workers: 4
[695.156s][debug][gc,phases      ] GC(165)     Dead                           Min: 0, Avg:  0.0, Max: 0, Diff: 0, Sum: 0, Workers: 4
[695.156s][debug][gc,phases      ] GC(165)     Total                          Min: 9472, Avg: 12001.8, Max: 14656, Diff: 5184, Sum: 48007, Workers: 4
[695.156s][debug][gc,phases      ] GC(165)   ResolvedMethodTable Weak       Min:  0.0, Avg:  0.0, Max:  0.0, Diff:  0.0, Sum:  0.1, Workers: 4
[695.156s][debug][gc,phases      ] GC(165)     Dead                           Min: 0, Avg:  0.0, Max: 0, Diff: 0, Sum: 0, Workers: 4
[695.157s][debug][gc,phases      ] GC(165)     Total                          Min: 1624, Avg: 1981.2, Max: 2359, Diff: 735, Sum: 7925, Workers: 4
[695.157s][debug][gc,phases      ] GC(165)   JNI Weak                       Min:  0.0, Avg:  0.0, Max:  0.0, Diff:  0.0, Sum:  0.0, Workers: 4
[695.157s][debug][gc,phases      ] GC(165)     Dead                           Min: 0, Avg:  0.0, Max: 0, Diff: 0, Sum: 0, Workers: 4
[695.157s][debug][gc,phases      ] GC(165)     Total                          Min: 0, Avg:  0.0, Max: 0, Diff: 0, Sum: 0, Workers: 4
[695.157s][debug][gc,phases      ] GC(165)   StringDedup Table Weak         Min:  0.0, Avg:  0.0, Max:  0.0, Diff:  0.0, Sum:  0.0, Workers: 4
[695.157s][debug][gc,phases      ] GC(165)     Dead                           Min: 0, Avg:  0.0, Max: 0, Diff: 0, Sum: 0, Workers: 4
[695.157s][debug][gc,phases      ] GC(165)     Total                          Min: 0, Avg:  0.0, Max: 0, Diff: 0, Sum: 0, Workers: 4
[695.157s][debug][gc,phases      ] GC(165)   StringDedup Requests0 Weak     Min:  0.0, Avg:  0.0, Max:  0.0, Diff:  0.0, Sum:  0.0, Workers: 4
[695.157s][debug][gc,phases      ] GC(165)     Dead                           Min: 0, Avg:  0.0, Max: 0, Diff: 0, Sum: 0, Workers: 4
[695.157s][debug][gc,phases      ] GC(165)     Total                          Min: 0, Avg:  0.0, Max: 0, Diff: 0, Sum: 0, Workers: 4
[695.157s][debug][gc,phases      ] GC(165)   StringDedup Requests1 Weak     Min:  0.0, Avg:  0.0, Max:  0.0, Diff:  0.0, Sum:  0.0, Workers: 4
[695.157s][debug][gc,phases      ] GC(165)     Dead                           Min: 0, Avg:  0.0, Max: 0, Diff: 0, Sum: 0, Workers: 4
[695.157s][debug][gc,phases      ] GC(165)     Total                          Min: 0, Avg:  0.0, Max: 0, Diff: 0, Sum: 0, Workers: 4
[695.157s][debug][gc,phases      ] GC(165)   Weak JFR Old Object Samples    Min:  0.0, Avg:  0.0, Max:  0.0, Diff:  0.0, Sum:  0.0, Workers: 4
[695.157s][debug][gc,phases      ] GC(165)     Dead                           Min: 0, Avg:  0.0, Max: 0, Diff: 0, Sum: 0, Workers: 4
[695.157s][debug][gc,phases      ] GC(165)     Total                          Min: 0, Avg:  0.0, Max: 0, Diff: 0, Sum: 0, Workers: 4
[695.157s][debug][gc,phases      ] GC(165) Weak Processing 0.281ms
[695.157s][debug][gc,age         ] GC(165) Desired survivor size 12058624 bytes, new threshold 15 (max threshold 15)
[695.157s][info ][gc,heap        ] GC(165) PSYoungGen: 2072176K(2082816K)->2896K(2085376K) Eden: 2069504K(2069504K)->0K(2073088K) From: 2672K(13312K)->2896K(12288K)
[695.157s][info ][gc,heap        ] GC(165) ParOldGen: 557675K(614400K)->557683K(614400K)
[695.157s][info ][gc,metaspace   ] GC(165) Metaspace: 81911K(82816K)->81911K(82816K) NonClass: 70429K(70912K)->70429K(70912K) Class: 11482K(11904K)->11482K(11904K)
[695.157s][info ][gc             ] GC(165) Pause Young (Allocation Failure) 2568M->547M(2636M) 3.502ms
[695.157s][info ][gc,cpu         ] GC(165) User=0.01s Sys=0.00s Real=0.00s
[695.157s][info ][safepoint      ] Safepoint "ParallelGCFailedAllocation", Time since last: 1339358785 ns, Reaching safepoint: 106201 ns, At safepoint: 3572732 ns, Total: 3678933 ns
[696.157s][info ][safepoint      ] Safepoint "Cleanup", Time since last: 1000062272 ns, Reaching safepoint: 109501 ns, At safepoint: 5400 ns, Total: 114901 ns
[701.157s][info ][safepoint      ] Safepoint "Cleanup", Time since last: 5000366848 ns, Reaching safepoint: 45500 ns, At safepoint: 8500 ns, Total: 54000 ns
[704.449s][info ][gc,start       ] GC(166) Pause Young (Allocation Failure)
[704.452s][debug][gc,phases      ] GC(166) Scavenge 2.247ms
[704.452s][debug][gc,ref         ] GC(166) Skipped phase 1 of Reference Processing: no references
[704.452s][debug][gc,ref         ] GC(166) ReferenceProcessor::execute queues: 1, RefProcThreadModel::Single, marks_oops_alive: false
[704.452s][debug][gc,ref         ] GC(166) Skipped phase 3 of Reference Processing: no references
[704.452s][debug][gc,ref         ] GC(166) ReferenceProcessor::execute queues: 1, RefProcThreadModel::Single, marks_oops_alive: false
[704.452s][debug][gc,phases      ] GC(166) Reference Processing 0.113ms
[704.452s][debug][gc,phases      ] GC(166)   VM Weak                        Min:  0.0, Avg:  0.0, Max:  0.0, Diff:  0.0, Sum:  0.0, Workers: 4
[704.452s][debug][gc,phases      ] GC(166)     Dead                           Min: 0, Avg:  0.0, Max: 0, Diff: 0, Sum: 0, Workers: 4
[704.452s][debug][gc,phases      ] GC(166)     Total                          Min: 0, Avg: 166.8, Max: 576, Diff: 576, Sum: 667, Workers: 4
[704.452s][debug][gc,phases      ] GC(166)   ObjectSynchronizer Weak        Min:  0.0, Avg:  0.0, Max:  0.0, Diff:  0.0, Sum:  0.0, Workers: 4
[704.452s][debug][gc,phases      ] GC(166)     Dead                           Min: 0, Avg:  0.0, Max: 0, Diff: 0, Sum: 0, Workers: 4
[704.452s][debug][gc,phases      ] GC(166)     Total                          Min: 0, Avg: 87.0, Max: 220, Diff: 220, Sum: 348, Workers: 4
[704.452s][debug][gc,phases      ] GC(166)   JVMTI Tag Weak OopStorage      Min:  0.0, Avg:  0.0, Max:  0.0, Diff:  0.0, Sum:  0.0, Workers: 4
[704.452s][debug][gc,phases      ] GC(166)     Dead                           Min: 0, Avg:  0.0, Max: 0, Diff: 0, Sum: 0, Workers: 4
[704.452s][debug][gc,phases      ] GC(166)     Total                          Min: 0, Avg:  0.0, Max: 0, Diff: 0, Sum: 0, Workers: 4
[704.452s][debug][gc,phases      ] GC(166)   StringTable Weak               Min:  0.1, Avg:  0.1, Max:  0.1, Diff:  0.0, Sum:  0.3, Workers: 4
[704.452s][debug][gc,phases      ] GC(166)     Dead                           Min: 0, Avg:  0.0, Max: 0, Diff: 0, Sum: 0, Workers: 4
[704.452s][debug][gc,phases      ] GC(166)     Total                          Min: 11328, Avg: 12001.8, Max: 12992, Diff: 1664, Sum: 48007, Workers: 4
[704.452s][debug][gc,phases      ] GC(166)   ResolvedMethodTable Weak       Min:  0.0, Avg:  0.0, Max:  0.0, Diff:  0.0, Sum:  0.1, Workers: 4
[704.452s][debug][gc,phases      ] GC(166)     Dead                           Min: 0, Avg:  0.0, Max: 0, Diff: 0, Sum: 0, Workers: 4
[704.452s][debug][gc,phases      ] GC(166)     Total                          Min: 1551, Avg: 1981.2, Max: 2156, Diff: 605, Sum: 7925, Workers: 4
[704.452s][debug][gc,phases      ] GC(166)   JNI Weak                       Min:  0.0, Avg:  0.0, Max:  0.0, Diff:  0.0, Sum:  0.0, Workers: 4
[704.452s][debug][gc,phases      ] GC(166)     Dead                           Min: 0, Avg:  0.0, Max: 0, Diff: 0, Sum: 0, Workers: 4
[704.452s][debug][gc,phases      ] GC(166)     Total                          Min: 0, Avg:  0.0, Max: 0, Diff: 0, Sum: 0, Workers: 4
[704.452s][debug][gc,phases      ] GC(166)   StringDedup Table Weak         Min:  0.0, Avg:  0.0, Max:  0.0, Diff:  0.0, Sum:  0.0, Workers: 4
[704.452s][debug][gc,phases      ] GC(166)     Dead                           Min: 0, Avg:  0.0, Max: 0, Diff: 0, Sum: 0, Workers: 4
[704.452s][debug][gc,phases      ] GC(166)     Total                          Min: 0, Avg:  0.0, Max: 0, Diff: 0, Sum: 0, Workers: 4
[704.452s][debug][gc,phases      ] GC(166)   StringDedup Requests0 Weak     Min:  0.0, Avg:  0.0, Max:  0.0, Diff:  0.0, Sum:  0.0, Workers: 4
[704.452s][debug][gc,phases      ] GC(166)     Dead                           Min: 0, Avg:  0.0, Max: 0, Diff: 0, Sum: 0, Workers: 4
[704.452s][debug][gc,phases      ] GC(166)     Total                          Min: 0, Avg:  0.0, Max: 0, Diff: 0, Sum: 0, Workers: 4
[704.452s][debug][gc,phases      ] GC(166)   StringDedup Requests1 Weak     Min:  0.0, Avg:  0.0, Max:  0.0, Diff:  0.0, Sum:  0.0, Workers: 4
[704.452s][debug][gc,phases      ] GC(166)     Dead                           Min: 0, Avg:  0.0, Max: 0, Diff: 0, Sum: 0, Workers: 4
[704.452s][debug][gc,phases      ] GC(166)     Total                          Min: 0, Avg:  0.0, Max: 0, Diff: 0, Sum: 0, Workers: 4
[704.452s][debug][gc,phases      ] GC(166)   Weak JFR Old Object Samples    Min:  0.0, Avg:  0.0, Max:  0.0, Diff:  0.0, Sum:  0.0, Workers: 4
[704.452s][debug][gc,phases      ] GC(166)     Dead                           Min: 0, Avg:  0.0, Max: 0, Diff: 0, Sum: 0, Workers: 4
[704.452s][debug][gc,phases      ] GC(166)     Total                          Min: 0, Avg:  0.0, Max: 0, Diff: 0, Sum: 0, Workers: 4
[704.452s][debug][gc,phases      ] GC(166) Weak Processing 0.253ms
[704.452s][debug][gc,age         ] GC(166) Desired survivor size 11010048 bytes, new threshold 15 (max threshold 15)
[704.452s][info ][gc,heap        ] GC(166) PSYoungGen: 2075984K(2085376K)->2864K(2084864K) Eden: 2073088K(2073088K)->0K(2073088K) From: 2896K(12288K)->2864K(11776K)
[704.452s][info ][gc,heap        ] GC(166) ParOldGen: 557683K(614400K)->557707K(614400K)
[704.452s][info ][gc,metaspace   ] GC(166) Metaspace: 81913K(82816K)->81913K(82816K) NonClass: 70431K(70912K)->70431K(70912K) Class: 11482K(11904K)->11482K(11904K)
[704.452s][info ][gc             ] GC(166) Pause Young (Allocation Failure) 2571M->547M(2636M) 2.711ms
[704.452s][info ][gc,cpu         ] GC(166) User=0.01s Sys=0.00s Real=0.00s
[704.452s][info ][safepoint      ] Safepoint "ParallelGCFailedAllocation", Time since last: 3291998672 ns, Reaching safepoint: 33400 ns, At safepoint: 2784126 ns, Total: 2817526 ns
[705.452s][info ][safepoint      ] Safepoint "Cleanup", Time since last: 1000087664 ns, Reaching safepoint: 130701 ns, At safepoint: 13100 ns, Total: 143801 ns
[706.453s][info ][safepoint      ] Safepoint "Cleanup", Time since last: 1000110863 ns, Reaching safepoint: 117802 ns, At safepoint: 8400 ns, Total: 126202 ns
[707.453s][info ][safepoint      ] Safepoint "Cleanup", Time since last: 1000115962 ns, Reaching safepoint: 119001 ns, At safepoint: 10400 ns, Total: 129401 ns
[708.453s][info ][safepoint      ] Safepoint "Cleanup", Time since last: 1000112962 ns, Reaching safepoint: 109101 ns, At safepoint: 6300 ns, Total: 115401 ns
[710.453s][info ][safepoint      ] Safepoint "Cleanup", Time since last: 2000171220 ns, Reaching safepoint: 120102 ns, At safepoint: 33800 ns, Total: 153902 ns
[711.454s][info ][safepoint      ] Safepoint "Cleanup", Time since last: 1000102459 ns, Reaching safepoint: 105201 ns, At safepoint: 5600 ns, Total: 110801 ns
[713.454s][info ][safepoint      ] Safepoint "Cleanup", Time since last: 2000174015 ns, Reaching safepoint: 120701 ns, At safepoint: 11200 ns, Total: 131901 ns
[714.454s][info ][safepoint      ] Safepoint "Cleanup", Time since last: 1000112857 ns, Reaching safepoint: 122501 ns, At safepoint: 12200 ns, Total: 134701 ns
[715.454s][info ][safepoint      ] Safepoint "Cleanup", Time since last: 1000104056 ns, Reaching safepoint: 111701 ns, At safepoint: 11100 ns, Total: 122801 ns
[717.455s][info ][gc,start       ] GC(167) Pause Young (Allocation Failure)
[717.458s][debug][gc,phases      ] GC(167) Scavenge 3.108ms
[717.458s][debug][gc,ref         ] GC(167) Skipped phase 1 of Reference Processing: no references
[717.458s][debug][gc,ref         ] GC(167) ReferenceProcessor::execute queues: 1, RefProcThreadModel::Single, marks_oops_alive: false
[717.458s][debug][gc,ref         ] GC(167) Skipped phase 3 of Reference Processing: no references
[717.458s][debug][gc,ref         ] GC(167) ReferenceProcessor::execute queues: 1, RefProcThreadModel::Single, marks_oops_alive: false
[717.458s][debug][gc,phases      ] GC(167) Reference Processing 0.102ms
[717.459s][debug][gc,phases      ] GC(167)   VM Weak                        Min:  0.0, Avg:  0.0, Max:  0.0, Diff:  0.0, Sum:  0.0, Workers: 4
[717.459s][debug][gc,phases      ] GC(167)     Dead                           Min: 0, Avg:  0.0, Max: 0, Diff: 0, Sum: 0, Workers: 4
[717.459s][debug][gc,phases      ] GC(167)     Total                          Min: 0, Avg: 166.8, Max: 667, Diff: 667, Sum: 667, Workers: 4
[717.459s][debug][gc,phases      ] GC(167)   ObjectSynchronizer Weak        Min:  0.0, Avg:  0.0, Max:  0.0, Diff:  0.0, Sum:  0.0, Workers: 4
[717.459s][debug][gc,phases      ] GC(167)     Dead                           Min: 0, Avg:  0.0, Max: 0, Diff: 0, Sum: 0, Workers: 4
[717.459s][debug][gc,phases      ] GC(167)     Total                          Min: 0, Avg: 87.0, Max: 128, Diff: 128, Sum: 348, Workers: 4
[717.459s][debug][gc,phases      ] GC(167)   JVMTI Tag Weak OopStorage      Min:  0.0, Avg:  0.0, Max:  0.0, Diff:  0.0, Sum:  0.0, Workers: 4
[717.459s][debug][gc,phases      ] GC(167)     Dead                           Min: 0, Avg:  0.0, Max: 0, Diff: 0, Sum: 0, Workers: 4
[717.459s][debug][gc,phases      ] GC(167)     Total                          Min: 0, Avg:  0.0, Max: 0, Diff: 0, Sum: 0, Workers: 4
[717.459s][debug][gc,phases      ] GC(167)   StringTable Weak               Min:  0.1, Avg:  0.1, Max:  0.1, Diff:  0.0, Sum:  0.4, Workers: 4
[717.459s][debug][gc,phases      ] GC(167)     Dead                           Min: 0, Avg:  0.0, Max: 0, Diff: 0, Sum: 0, Workers: 4
[717.459s][debug][gc,phases      ] GC(167)     Total                          Min: 9664, Avg: 12006.5, Max: 14656, Diff: 4992, Sum: 48026, Workers: 4
[717.459s][debug][gc,phases      ] GC(167)   ResolvedMethodTable Weak       Min:  0.0, Avg:  0.0, Max:  0.0, Diff:  0.0, Sum:  0.1, Workers: 4
[717.459s][debug][gc,phases      ] GC(167)     Dead                           Min: 0, Avg:  0.0, Max: 0, Diff: 0, Sum: 0, Workers: 4
[717.459s][debug][gc,phases      ] GC(167)     Total                          Min: 1695, Avg: 1981.2, Max: 2267, Diff: 572, Sum: 7925, Workers: 4
[717.459s][debug][gc,phases      ] GC(167)   JNI Weak                       Min:  0.0, Avg:  0.0, Max:  0.0, Diff:  0.0, Sum:  0.0, Workers: 4
[717.459s][debug][gc,phases      ] GC(167)     Dead                           Min: 0, Avg:  0.0, Max: 0, Diff: 0, Sum: 0, Workers: 4
[717.459s][debug][gc,phases      ] GC(167)     Total                          Min: 0, Avg:  0.0, Max: 0, Diff: 0, Sum: 0, Workers: 4
[717.459s][debug][gc,phases      ] GC(167)   StringDedup Table Weak         Min:  0.0, Avg:  0.0, Max:  0.0, Diff:  0.0, Sum:  0.0, Workers: 4
[717.459s][debug][gc,phases      ] GC(167)     Dead                           Min: 0, Avg:  0.0, Max: 0, Diff: 0, Sum: 0, Workers: 4
[717.459s][debug][gc,phases      ] GC(167)     Total                          Min: 0, Avg:  0.0, Max: 0, Diff: 0, Sum: 0, Workers: 4
[717.459s][debug][gc,phases      ] GC(167)   StringDedup Requests0 Weak     Min:  0.0, Avg:  0.0, Max:  0.0, Diff:  0.0, Sum:  0.0, Workers: 4
[717.459s][debug][gc,phases      ] GC(167)     Dead                           Min: 0, Avg:  0.0, Max: 0, Diff: 0, Sum: 0, Workers: 4
[717.459s][debug][gc,phases      ] GC(167)     Total                          Min: 0, Avg:  0.0, Max: 0, Diff: 0, Sum: 0, Workers: 4
[717.459s][debug][gc,phases      ] GC(167)   StringDedup Requests1 Weak     Min:  0.0, Avg:  0.0, Max:  0.0, Diff:  0.0, Sum:  0.0, Workers: 4
[717.459s][debug][gc,phases      ] GC(167)     Dead                           Min: 0, Avg:  0.0, Max: 0, Diff: 0, Sum: 0, Workers: 4
[717.459s][debug][gc,phases      ] GC(167)     Total                          Min: 0, Avg:  0.0, Max: 0, Diff: 0, Sum: 0, Workers: 4
[717.459s][debug][gc,phases      ] GC(167)   Weak JFR Old Object Samples    Min:  0.0, Avg:  0.0, Max:  0.0, Diff:  0.0, Sum:  0.0, Workers: 4
[717.459s][debug][gc,phases      ] GC(167)     Dead                           Min: 0, Avg:  0.0, Max: 0, Diff: 0, Sum: 0, Workers: 4
[717.459s][debug][gc,phases      ] GC(167)     Total                          Min: 0, Avg:  0.0, Max: 0, Diff: 0, Sum: 0, Workers: 4
[717.459s][debug][gc,phases      ] GC(167) Weak Processing 0.276ms
[717.459s][debug][gc,age         ] GC(167) Desired survivor size 10485760 bytes, new threshold 15 (max threshold 15)
[717.459s][info ][gc,heap        ] GC(167) PSYoungGen: 2075952K(2084864K)->2608K(2086912K) Eden: 2073088K(2073088K)->0K(2076160K) From: 2864K(11776K)->2608K(10752K)
[717.459s][info ][gc,heap        ] GC(167) ParOldGen: 557707K(614400K)->557739K(614400K)
[717.459s][info ][gc,metaspace   ] GC(167) Metaspace: 81918K(82816K)->81918K(82816K) NonClass: 70435K(70912K)->70435K(70912K) Class: 11482K(11904K)->11482K(11904K)
[717.459s][info ][gc             ] GC(167) Pause Young (Allocation Failure) 2571M->547M(2638M) 3.587ms
[717.459s][info ][gc,cpu         ] GC(167) User=0.01s Sys=0.00s Real=0.00s
[717.459s][info ][safepoint      ] Safepoint "ParallelGCFailedAllocation", Time since last: 2000702413 ns, Reaching safepoint: 56600 ns, At safepoint: 3657734 ns, Total: 3714334 ns
[732.351s][info ][gc,start       ] GC(168) Pause Young (Allocation Failure)
[732.354s][debug][gc,phases      ] GC(168) Scavenge 2.383ms
[732.354s][debug][gc,ref         ] GC(168) Skipped phase 1 of Reference Processing: no references
[732.354s][debug][gc,ref         ] GC(168) ReferenceProcessor::execute queues: 1, RefProcThreadModel::Single, marks_oops_alive: false
[732.354s][debug][gc,ref         ] GC(168) Skipped phase 3 of Reference Processing: no references
[732.354s][debug][gc,ref         ] GC(168) ReferenceProcessor::execute queues: 1, RefProcThreadModel::Single, marks_oops_alive: false
[732.354s][debug][gc,phases      ] GC(168) Reference Processing 0.113ms
[732.354s][debug][gc,phases      ] GC(168)   VM Weak                        Min:  0.0, Avg:  0.0, Max:  0.0, Diff:  0.0, Sum:  0.0, Workers: 4
[732.354s][debug][gc,phases      ] GC(168)     Dead                           Min: 0, Avg:  0.0, Max: 0, Diff: 0, Sum: 0, Workers: 4
[732.354s][debug][gc,phases      ] GC(168)     Total                          Min: 0, Avg: 166.8, Max: 347, Diff: 347, Sum: 667, Workers: 4
[732.354s][debug][gc,phases      ] GC(168)   ObjectSynchronizer Weak        Min:  0.0, Avg:  0.0, Max:  0.0, Diff:  0.0, Sum:  0.0, Workers: 4
[732.354s][debug][gc,phases      ] GC(168)     Dead                           Min: 0, Avg:  0.0, Max: 0, Diff: 0, Sum: 0, Workers: 4
[732.354s][debug][gc,phases      ] GC(168)     Total                          Min: 0, Avg: 87.0, Max: 128, Diff: 128, Sum: 348, Workers: 4
[732.354s][debug][gc,phases      ] GC(168)   JVMTI Tag Weak OopStorage      Min:  0.0, Avg:  0.0, Max:  0.0, Diff:  0.0, Sum:  0.0, Workers: 4
[732.354s][debug][gc,phases      ] GC(168)     Dead                           Min: 0, Avg:  0.0, Max: 0, Diff: 0, Sum: 0, Workers: 4
[732.354s][debug][gc,phases      ] GC(168)     Total                          Min: 0, Avg:  0.0, Max: 0, Diff: 0, Sum: 0, Workers: 4
[732.354s][debug][gc,phases      ] GC(168)   StringTable Weak               Min:  0.1, Avg:  0.1, Max:  0.1, Diff:  0.0, Sum:  0.4, Workers: 4
[732.354s][debug][gc,phases      ] GC(168)     Dead                           Min: 0, Avg:  0.0, Max: 0, Diff: 0, Sum: 0, Workers: 4
[732.354s][debug][gc,phases      ] GC(168)     Total                          Min: 9792, Avg: 12006.5, Max: 14298, Diff: 4506, Sum: 48026, Workers: 4
[732.354s][debug][gc,phases      ] GC(168)   ResolvedMethodTable Weak       Min:  0.0, Avg:  0.0, Max:  0.0, Diff:  0.0, Sum:  0.1, Workers: 4
[732.354s][debug][gc,phases      ] GC(168)     Dead                           Min: 0, Avg:  0.0, Max: 0, Diff: 0, Sum: 0, Workers: 4
[732.354s][debug][gc,phases      ] GC(168)     Total                          Min: 1696, Avg: 1981.2, Max: 2265, Diff: 569, Sum: 7925, Workers: 4
[732.354s][debug][gc,phases      ] GC(168)   JNI Weak                       Min:  0.0, Avg:  0.0, Max:  0.0, Diff:  0.0, Sum:  0.0, Workers: 4
[732.354s][debug][gc,phases      ] GC(168)     Dead                           Min: 0, Avg:  0.0, Max: 0, Diff: 0, Sum: 0, Workers: 4
[732.354s][debug][gc,phases      ] GC(168)     Total                          Min: 0, Avg:  0.0, Max: 0, Diff: 0, Sum: 0, Workers: 4
[732.354s][debug][gc,phases      ] GC(168)   StringDedup Table Weak         Min:  0.0, Avg:  0.0, Max:  0.0, Diff:  0.0, Sum:  0.0, Workers: 4
[732.354s][debug][gc,phases      ] GC(168)     Dead                           Min: 0, Avg:  0.0, Max: 0, Diff: 0, Sum: 0, Workers: 4
[732.354s][debug][gc,phases      ] GC(168)     Total                          Min: 0, Avg:  0.0, Max: 0, Diff: 0, Sum: 0, Workers: 4
[732.354s][debug][gc,phases      ] GC(168)   StringDedup Requests0 Weak     Min:  0.0, Avg:  0.0, Max:  0.0, Diff:  0.0, Sum:  0.0, Workers: 4
[732.354s][debug][gc,phases      ] GC(168)     Dead                           Min: 0, Avg:  0.0, Max: 0, Diff: 0, Sum: 0, Workers: 4
[732.354s][debug][gc,phases      ] GC(168)     Total                          Min: 0, Avg:  0.0, Max: 0, Diff: 0, Sum: 0, Workers: 4
[732.354s][debug][gc,phases      ] GC(168)   StringDedup Requests1 Weak     Min:  0.0, Avg:  0.0, Max:  0.0, Diff:  0.0, Sum:  0.0, Workers: 4
[732.354s][debug][gc,phases      ] GC(168)     Dead                           Min: 0, Avg:  0.0, Max: 0, Diff: 0, Sum: 0, Workers: 4
[732.354s][debug][gc,phases      ] GC(168)     Total                          Min: 0, Avg:  0.0, Max: 0, Diff: 0, Sum: 0, Workers: 4
[732.354s][debug][gc,phases      ] GC(168)   Weak JFR Old Object Samples    Min:  0.0, Avg:  0.0, Max:  0.0, Diff:  0.0, Sum:  0.0, Workers: 4
[732.354s][debug][gc,phases      ] GC(168)     Dead                           Min: 0, Avg:  0.0, Max: 0, Diff: 0, Sum: 0, Workers: 4
[732.354s][debug][gc,phases      ] GC(168)     Total                          Min: 0, Avg:  0.0, Max: 0, Diff: 0, Sum: 0, Workers: 4
[732.354s][debug][gc,phases      ] GC(168) Weak Processing 0.270ms
[732.354s][debug][gc,age         ] GC(168) Desired survivor size 9961472 bytes, new threshold 15 (max threshold 15)
[732.354s][info ][gc,heap        ] GC(168) PSYoungGen: 2078768K(2086912K)->2625K(2086400K) Eden: 2076160K(2076160K)->0K(2076160K) From: 2608K(10752K)->2625K(10240K)
[732.354s][info ][gc,heap        ] GC(168) ParOldGen: 557739K(614400K)->557763K(614400K)
[732.354s][info ][gc,metaspace   ] GC(168) Metaspace: 81918K(82816K)->81918K(82816K) NonClass: 70435K(70912K)->70435K(70912K) Class: 11482K(11904K)->11482K(11904K)
[732.354s][info ][gc             ] GC(168) Pause Young (Allocation Failure) 2574M->547M(2637M) 2.869ms
[732.354s][info ][gc,cpu         ] GC(168) User=0.01s Sys=0.00s Real=0.00s
[732.354s][info ][safepoint      ] Safepoint "ParallelGCFailedAllocation", Time since last: 14892384309 ns, Reaching safepoint: 41901 ns, At safepoint: 2939527 ns, Total: 2981428 ns
[733.354s][info ][safepoint      ] Safepoint "Cleanup", Time since last: 1000090040 ns, Reaching safepoint: 45900 ns, At safepoint: 11201 ns, Total: 57101 ns
[745.855s][info ][gc,start       ] GC(169) Pause Young (Allocation Failure)
[745.858s][debug][gc,phases      ] GC(169) Scavenge 2.825ms
[745.858s][debug][gc,ref         ] GC(169) Skipped phase 1 of Reference Processing: no references
[745.858s][debug][gc,ref         ] GC(169) ReferenceProcessor::execute queues: 1, RefProcThreadModel::Single, marks_oops_alive: false
[745.858s][debug][gc,ref         ] GC(169) Skipped phase 3 of Reference Processing: no references
[745.858s][debug][gc,ref         ] GC(169) ReferenceProcessor::execute queues: 1, RefProcThreadModel::Single, marks_oops_alive: false
[745.858s][debug][gc,phases      ] GC(169) Reference Processing 0.107ms
[745.858s][debug][gc,phases      ] GC(169)   VM Weak                        Min:  0.0, Avg:  0.0, Max:  0.0, Diff:  0.0, Sum:  0.0, Workers: 4
[745.858s][debug][gc,phases      ] GC(169)     Dead                           Min: 0, Avg:  0.0, Max: 0, Diff: 0, Sum: 0, Workers: 4
[745.858s][debug][gc,phases      ] GC(169)     Total                          Min: 0, Avg: 166.8, Max: 667, Diff: 667, Sum: 667, Workers: 4
[745.858s][debug][gc,phases      ] GC(169)   ObjectSynchronizer Weak        Min:  0.0, Avg:  0.0, Max:  0.0, Diff:  0.0, Sum:  0.0, Workers: 4
[745.858s][debug][gc,phases      ] GC(169)     Dead                           Min: 0, Avg:  0.0, Max: 0, Diff: 0, Sum: 0, Workers: 4
[745.858s][debug][gc,phases      ] GC(169)     Total                          Min: 0, Avg: 87.0, Max: 348, Diff: 348, Sum: 348, Workers: 4
[745.858s][debug][gc,phases      ] GC(169)   JVMTI Tag Weak OopStorage      Min:  0.0, Avg:  0.0, Max:  0.0, Diff:  0.0, Sum:  0.0, Workers: 4
[745.858s][debug][gc,phases      ] GC(169)     Dead                           Min: 0, Avg:  0.0, Max: 0, Diff: 0, Sum: 0, Workers: 4
[745.858s][debug][gc,phases      ] GC(169)     Total                          Min: 0, Avg:  0.0, Max: 0, Diff: 0, Sum: 0, Workers: 4
[745.858s][debug][gc,phases      ] GC(169)   StringTable Weak               Min:  0.1, Avg:  0.1, Max:  0.1, Diff:  0.0, Sum:  0.4, Workers: 4
[745.858s][debug][gc,phases      ] GC(169)     Dead                           Min: 0, Avg:  0.0, Max: 0, Diff: 0, Sum: 0, Workers: 4
[745.858s][debug][gc,phases      ] GC(169)     Total                          Min: 9728, Avg: 12006.5, Max: 14912, Diff: 5184, Sum: 48026, Workers: 4
[745.858s][debug][gc,phases      ] GC(169)   ResolvedMethodTable Weak       Min:  0.0, Avg:  0.0, Max:  0.0, Diff:  0.0, Sum:  0.1, Workers: 4
[745.858s][debug][gc,phases      ] GC(169)     Dead                           Min: 0, Avg:  0.0, Max: 0, Diff: 0, Sum: 0, Workers: 4
[745.858s][debug][gc,phases      ] GC(169)     Total                          Min: 1555, Avg: 1981.2, Max: 2400, Diff: 845, Sum: 7925, Workers: 4
[745.858s][debug][gc,phases      ] GC(169)   JNI Weak                       Min:  0.0, Avg:  0.0, Max:  0.0, Diff:  0.0, Sum:  0.0, Workers: 4
[745.858s][debug][gc,phases      ] GC(169)     Dead                           Min: 0, Avg:  0.0, Max: 0, Diff: 0, Sum: 0, Workers: 4
[745.858s][debug][gc,phases      ] GC(169)     Total                          Min: 0, Avg:  0.0, Max: 0, Diff: 0, Sum: 0, Workers: 4
[745.858s][debug][gc,phases      ] GC(169)   StringDedup Table Weak         Min:  0.0, Avg:  0.0, Max:  0.0, Diff:  0.0, Sum:  0.0, Workers: 4
[745.858s][debug][gc,phases      ] GC(169)     Dead                           Min: 0, Avg:  0.0, Max: 0, Diff: 0, Sum: 0, Workers: 4
[745.858s][debug][gc,phases      ] GC(169)     Total                          Min: 0, Avg:  0.0, Max: 0, Diff: 0, Sum: 0, Workers: 4
[745.858s][debug][gc,phases      ] GC(169)   StringDedup Requests0 Weak     Min:  0.0, Avg:  0.0, Max:  0.0, Diff:  0.0, Sum:  0.0, Workers: 4
[745.858s][debug][gc,phases      ] GC(169)     Dead                           Min: 0, Avg:  0.0, Max: 0, Diff: 0, Sum: 0, Workers: 4
[745.858s][debug][gc,phases      ] GC(169)     Total                          Min: 0, Avg:  0.0, Max: 0, Diff: 0, Sum: 0, Workers: 4
[745.858s][debug][gc,phases      ] GC(169)   StringDedup Requests1 Weak     Min:  0.0, Avg:  0.0, Max:  0.0, Diff:  0.0, Sum:  0.0, Workers: 4
[745.858s][debug][gc,phases      ] GC(169)     Dead                           Min: 0, Avg:  0.0, Max: 0, Diff: 0, Sum: 0, Workers: 4
[745.858s][debug][gc,phases      ] GC(169)     Total                          Min: 0, Avg:  0.0, Max: 0, Diff: 0, Sum: 0, Workers: 4
[745.858s][debug][gc,phases      ] GC(169)   Weak JFR Old Object Samples    Min:  0.0, Avg:  0.0, Max:  0.0, Diff:  0.0, Sum:  0.0, Workers: 4
[745.858s][debug][gc,phases      ] GC(169)     Dead                           Min: 0, Avg:  0.0, Max: 0, Diff: 0, Sum: 0, Workers: 4
[745.858s][debug][gc,phases      ] GC(169)     Total                          Min: 0, Avg:  0.0, Max: 0, Diff: 0, Sum: 0, Workers: 4
[745.858s][debug][gc,phases      ] GC(169) Weak Processing 0.278ms
[745.858s][debug][gc,age         ] GC(169) Desired survivor size 9437184 bytes, new threshold 15 (max threshold 15)
[745.858s][info ][gc,heap        ] GC(169) PSYoungGen: 2078785K(2086400K)->2672K(2087936K) Eden: 2076160K(2076160K)->0K(2078208K) From: 2625K(10240K)->2672K(9728K)
[745.858s][info ][gc,heap        ] GC(169) ParOldGen: 557763K(614400K)->557771K(614400K)
[745.858s][info ][gc,metaspace   ] GC(169) Metaspace: 81919K(82816K)->81919K(82816K) NonClass: 70437K(70912K)->70437K(70912K) Class: 11482K(11904K)->11482K(11904K)
[745.858s][info ][gc             ] GC(169) Pause Young (Allocation Failure) 2574M->547M(2639M) 3.325ms
[745.858s][info ][gc,cpu         ] GC(169) User=0.01s Sys=0.00s Real=0.00s
[745.858s][info ][safepoint      ] Safepoint "ParallelGCFailedAllocation", Time since last: 12500469080 ns, Reaching safepoint: 49101 ns, At safepoint: 3399331 ns, Total: 3448432 ns
[747.858s][info ][safepoint      ] Safepoint "Cleanup", Time since last: 2000154458 ns, Reaching safepoint: 111201 ns, At safepoint: 8700 ns, Total: 119901 ns
[753.859s][info ][safepoint      ] Safepoint "Cleanup", Time since last: 6000429254 ns, Reaching safepoint: 118801 ns, At safepoint: 10100 ns, Total: 128901 ns
[759.653s][info ][gc,start       ] GC(170) Pause Young (Allocation Failure)
[759.656s][debug][gc,phases      ] GC(170) Scavenge 2.439ms
[759.656s][debug][gc,ref         ] GC(170) Skipped phase 1 of Reference Processing: no references
[759.656s][debug][gc,ref         ] GC(170) ReferenceProcessor::execute queues: 1, RefProcThreadModel::Single, marks_oops_alive: false
[759.656s][debug][gc,ref         ] GC(170) Skipped phase 3 of Reference Processing: no references
[759.656s][debug][gc,ref         ] GC(170) ReferenceProcessor::execute queues: 1, RefProcThreadModel::Single, marks_oops_alive: false
[759.656s][debug][gc,phases      ] GC(170) Reference Processing 0.102ms
[759.656s][debug][gc,phases      ] GC(170)   VM Weak                        Min:  0.0, Avg:  0.0, Max:  0.0, Diff:  0.0, Sum:  0.0, Workers: 4
[759.656s][debug][gc,phases      ] GC(170)     Dead                           Min: 0, Avg:  0.0, Max: 0, Diff: 0, Sum: 0, Workers: 4
[759.656s][debug][gc,phases      ] GC(170)     Total                          Min: 0, Avg: 166.8, Max: 539, Diff: 539, Sum: 667, Workers: 4
[759.656s][debug][gc,phases      ] GC(170)   ObjectSynchronizer Weak        Min:  0.0, Avg:  0.0, Max:  0.0, Diff:  0.0, Sum:  0.0, Workers: 4
[759.656s][debug][gc,phases      ] GC(170)     Dead                           Min: 0, Avg:  0.0, Max: 0, Diff: 0, Sum: 0, Workers: 4
[759.656s][debug][gc,phases      ] GC(170)     Total                          Min: 0, Avg: 87.0, Max: 192, Diff: 192, Sum: 348, Workers: 4
[759.656s][debug][gc,phases      ] GC(170)   JVMTI Tag Weak OopStorage      Min:  0.0, Avg:  0.0, Max:  0.0, Diff:  0.0, Sum:  0.0, Workers: 4
[759.656s][debug][gc,phases      ] GC(170)     Dead                           Min: 0, Avg:  0.0, Max: 0, Diff: 0, Sum: 0, Workers: 4
[759.656s][debug][gc,phases      ] GC(170)     Total                          Min: 0, Avg:  0.0, Max: 0, Diff: 0, Sum: 0, Workers: 4
[759.656s][debug][gc,phases      ] GC(170)   StringTable Weak               Min:  0.1, Avg:  0.1, Max:  0.1, Diff:  0.0, Sum:  0.4, Workers: 4
[759.656s][debug][gc,phases      ] GC(170)     Dead                           Min: 0, Avg:  0.0, Max: 0, Diff: 0, Sum: 0, Workers: 4
[759.656s][debug][gc,phases      ] GC(170)     Total                          Min: 9792, Avg: 12006.5, Max: 14976, Diff: 5184, Sum: 48026, Workers: 4
[759.656s][debug][gc,phases      ] GC(170)   ResolvedMethodTable Weak       Min:  0.0, Avg:  0.0, Max:  0.0, Diff:  0.0, Sum:  0.1, Workers: 4
[759.656s][debug][gc,phases      ] GC(170)     Dead                           Min: 0, Avg:  0.0, Max: 0, Diff: 0, Sum: 0, Workers: 4
[759.656s][debug][gc,phases      ] GC(170)     Total                          Min: 1570, Avg: 1981.2, Max: 2442, Diff: 872, Sum: 7925, Workers: 4
[759.656s][debug][gc,phases      ] GC(170)   JNI Weak                       Min:  0.0, Avg:  0.0, Max:  0.0, Diff:  0.0, Sum:  0.0, Workers: 4
[759.656s][debug][gc,phases      ] GC(170)     Dead                           Min: 0, Avg:  0.0, Max: 0, Diff: 0, Sum: 0, Workers: 4
[759.656s][debug][gc,phases      ] GC(170)     Total                          Min: 0, Avg:  0.0, Max: 0, Diff: 0, Sum: 0, Workers: 4
[759.656s][debug][gc,phases      ] GC(170)   StringDedup Table Weak         Min:  0.0, Avg:  0.0, Max:  0.0, Diff:  0.0, Sum:  0.0, Workers: 4
[759.656s][debug][gc,phases      ] GC(170)     Dead                           Min: 0, Avg:  0.0, Max: 0, Diff: 0, Sum: 0, Workers: 4
[759.656s][debug][gc,phases      ] GC(170)     Total                          Min: 0, Avg:  0.0, Max: 0, Diff: 0, Sum: 0, Workers: 4
[759.656s][debug][gc,phases      ] GC(170)   StringDedup Requests0 Weak     Min:  0.0, Avg:  0.0, Max:  0.0, Diff:  0.0, Sum:  0.0, Workers: 4
[759.656s][debug][gc,phases      ] GC(170)     Dead                           Min: 0, Avg:  0.0, Max: 0, Diff: 0, Sum: 0, Workers: 4
[759.656s][debug][gc,phases      ] GC(170)     Total                          Min: 0, Avg:  0.0, Max: 0, Diff: 0, Sum: 0, Workers: 4
[759.656s][debug][gc,phases      ] GC(170)   StringDedup Requests1 Weak     Min:  0.0, Avg:  0.0, Max:  0.0, Diff:  0.0, Sum:  0.0, Workers: 4
[759.656s][debug][gc,phases      ] GC(170)     Dead                           Min: 0, Avg:  0.0, Max: 0, Diff: 0, Sum: 0, Workers: 4
[759.656s][debug][gc,phases      ] GC(170)     Total                          Min: 0, Avg:  0.0, Max: 0, Diff: 0, Sum: 0, Workers: 4
[759.656s][debug][gc,phases      ] GC(170)   Weak JFR Old Object Samples    Min:  0.0, Avg:  0.0, Max:  0.0, Diff:  0.0, Sum:  0.0, Workers: 4
[759.656s][debug][gc,phases      ] GC(170)     Dead                           Min: 0, Avg:  0.0, Max: 0, Diff: 0, Sum: 0, Workers: 4
[759.656s][debug][gc,phases      ] GC(170)     Total                          Min: 0, Avg:  0.0, Max: 0, Diff: 0, Sum: 0, Workers: 4
[759.656s][debug][gc,phases      ] GC(170) Weak Processing 0.269ms
[759.656s][debug][gc,age         ] GC(170) Desired survivor size 8912896 bytes, new threshold 15 (max threshold 15)
[759.656s][info ][gc,heap        ] GC(170) PSYoungGen: 2080880K(2087936K)->2672K(2087424K) Eden: 2078208K(2078208K)->0K(2078208K) From: 2672K(9728K)->2672K(9216K)
[759.656s][info ][gc,heap        ] GC(170) ParOldGen: 557771K(614400K)->557803K(614400K)
[759.656s][info ][gc,metaspace   ] GC(170) Metaspace: 81919K(82816K)->81919K(82816K) NonClass: 70437K(70912K)->70437K(70912K) Class: 11482K(11904K)->11482K(11904K)
[759.656s][info ][gc             ] GC(170) Pause Young (Allocation Failure) 2576M->547M(2638M) 2.921ms
[759.656s][info ][gc,cpu         ] GC(170) User=0.01s Sys=0.00s Real=0.00s
[759.656s][info ][safepoint      ] Safepoint "ParallelGCFailedAllocation", Time since last: 5794313247 ns, Reaching safepoint: 30800 ns, At safepoint: 2993027 ns, Total: 3023827 ns
[772.760s][info ][gc,start       ] GC(171) Pause Young (Allocation Failure)
[772.762s][debug][gc,phases      ] GC(171) Scavenge 2.224ms
[772.762s][debug][gc,ref         ] GC(171) Skipped phase 1 of Reference Processing: no references
[772.762s][debug][gc,ref         ] GC(171) Skipped phase 2 of Reference Processing: no references
[772.762s][debug][gc,ref         ] GC(171) Skipped phase 3 of Reference Processing: no references
[772.762s][debug][gc,ref         ] GC(171) Skipped phase 4 of Reference Processing: no references
[772.762s][debug][gc,phases      ] GC(171) Reference Processing 0.024ms
[772.763s][debug][gc,phases      ] GC(171)   VM Weak                        Min:  0.0, Avg:  0.0, Max:  0.0, Diff:  0.0, Sum:  0.0, Workers: 4
[772.763s][debug][gc,phases      ] GC(171)     Dead                           Min: 0, Avg:  0.0, Max: 0, Diff: 0, Sum: 0, Workers: 4
[772.763s][debug][gc,phases      ] GC(171)     Total                          Min: 0, Avg: 166.8, Max: 667, Diff: 667, Sum: 667, Workers: 4
[772.763s][debug][gc,phases      ] GC(171)   ObjectSynchronizer Weak        Min:  0.0, Avg:  0.0, Max:  0.0, Diff:  0.0, Sum:  0.0, Workers: 4
[772.763s][debug][gc,phases      ] GC(171)     Dead                           Min: 0, Avg:  0.0, Max: 0, Diff: 0, Sum: 0, Workers: 4
[772.763s][debug][gc,phases      ] GC(171)     Total                          Min: 0, Avg: 87.0, Max: 348, Diff: 348, Sum: 348, Workers: 4
[772.763s][debug][gc,phases      ] GC(171)   JVMTI Tag Weak OopStorage      Min:  0.0, Avg:  0.0, Max:  0.0, Diff:  0.0, Sum:  0.0, Workers: 4
[772.763s][debug][gc,phases      ] GC(171)     Dead                           Min: 0, Avg:  0.0, Max: 0, Diff: 0, Sum: 0, Workers: 4
[772.763s][debug][gc,phases      ] GC(171)     Total                          Min: 0, Avg:  0.0, Max: 0, Diff: 0, Sum: 0, Workers: 4
[772.763s][debug][gc,phases      ] GC(171)   StringTable Weak               Min:  0.1, Avg:  0.1, Max:  0.1, Diff:  0.0, Sum:  0.4, Workers: 4
[772.763s][debug][gc,phases      ] GC(171)     Dead                           Min: 0, Avg:  0.0, Max: 0, Diff: 0, Sum: 0, Workers: 4
[772.763s][debug][gc,phases      ] GC(171)     Total                          Min: 10752, Avg: 12006.5, Max: 15066, Diff: 4314, Sum: 48026, Workers: 4
[772.763s][debug][gc,phases      ] GC(171)   ResolvedMethodTable Weak       Min:  0.0, Avg:  0.0, Max:  0.0, Diff:  0.0, Sum:  0.1, Workers: 4
[772.763s][debug][gc,phases      ] GC(171)     Dead                           Min: 0, Avg:  0.0, Max: 0, Diff: 0, Sum: 0, Workers: 4
[772.763s][debug][gc,phases      ] GC(171)     Total                          Min: 1817, Avg: 1981.2, Max: 2435, Diff: 618, Sum: 7925, Workers: 4
[772.763s][debug][gc,phases      ] GC(171)   JNI Weak                       Min:  0.0, Avg:  0.0, Max:  0.0, Diff:  0.0, Sum:  0.0, Workers: 4
[772.763s][debug][gc,phases      ] GC(171)     Dead                           Min: 0, Avg:  0.0, Max: 0, Diff: 0, Sum: 0, Workers: 4
[772.763s][debug][gc,phases      ] GC(171)     Total                          Min: 0, Avg:  0.0, Max: 0, Diff: 0, Sum: 0, Workers: 4
[772.763s][debug][gc,phases      ] GC(171)   StringDedup Table Weak         Min:  0.0, Avg:  0.0, Max:  0.0, Diff:  0.0, Sum:  0.0, Workers: 4
[772.763s][debug][gc,phases      ] GC(171)     Dead                           Min: 0, Avg:  0.0, Max: 0, Diff: 0, Sum: 0, Workers: 4
[772.763s][debug][gc,phases      ] GC(171)     Total                          Min: 0, Avg:  0.0, Max: 0, Diff: 0, Sum: 0, Workers: 4
[772.763s][debug][gc,phases      ] GC(171)   StringDedup Requests0 Weak     Min:  0.0, Avg:  0.0, Max:  0.0, Diff:  0.0, Sum:  0.0, Workers: 4
[772.763s][debug][gc,phases      ] GC(171)     Dead                           Min: 0, Avg:  0.0, Max: 0, Diff: 0, Sum: 0, Workers: 4
[772.763s][debug][gc,phases      ] GC(171)     Total                          Min: 0, Avg:  0.0, Max: 0, Diff: 0, Sum: 0, Workers: 4
[772.763s][debug][gc,phases      ] GC(171)   StringDedup Requests1 Weak     Min:  0.0, Avg:  0.0, Max:  0.0, Diff:  0.0, Sum:  0.0, Workers: 4
[772.763s][debug][gc,phases      ] GC(171)     Dead                           Min: 0, Avg:  0.0, Max: 0, Diff: 0, Sum: 0, Workers: 4
[772.763s][debug][gc,phases      ] GC(171)     Total                          Min: 0, Avg:  0.0, Max: 0, Diff: 0, Sum: 0, Workers: 4
[772.763s][debug][gc,phases      ] GC(171)   Weak JFR Old Object Samples    Min:  0.0, Avg:  0.0, Max:  0.0, Diff:  0.0, Sum:  0.0, Workers: 4
[772.763s][debug][gc,phases      ] GC(171)     Dead                           Min: 0, Avg:  0.0, Max: 0, Diff: 0, Sum: 0, Workers: 4
[772.763s][debug][gc,phases      ] GC(171)     Total                          Min: 0, Avg:  0.0, Max: 0, Diff: 0, Sum: 0, Workers: 4
[772.763s][debug][gc,phases      ] GC(171) Weak Processing 0.288ms
[772.763s][debug][gc,age         ] GC(171) Desired survivor size 8388608 bytes, new threshold 15 (max threshold 15)
[772.763s][info ][gc,heap        ] GC(171) PSYoungGen: 2080880K(2087424K)->2720K(2088960K) Eden: 2078208K(2078208K)->0K(2080256K) From: 2672K(9216K)->2720K(8704K)
[772.763s][info ][gc,heap        ] GC(171) ParOldGen: 557803K(614400K)->557819K(614400K)
[772.763s][info ][gc,metaspace   ] GC(171) Metaspace: 81925K(82816K)->81925K(82816K) NonClass: 70443K(70912K)->70443K(70912K) Class: 11482K(11904K)->11482K(11904K)
[772.763s][info ][gc             ] GC(171) Pause Young (Allocation Failure) 2576M->547M(2640M) 2.648ms
[772.763s][info ][gc,cpu         ] GC(171) User=0.01s Sys=0.00s Real=0.00s
[772.763s][info ][safepoint      ] Safepoint "ParallelGCFailedAllocation", Time since last: 13103627914 ns, Reaching safepoint: 39701 ns, At safepoint: 2720024 ns, Total: 2759725 ns
[775.763s][info ][safepoint      ] Safepoint "Cleanup", Time since last: 3000214123 ns, Reaching safepoint: 40600 ns, At safepoint: 3300 ns, Total: 43900 ns
[781.763s][info ][safepoint      ] Safepoint "Cleanup", Time since last: 6000442725 ns, Reaching safepoint: 45401 ns, At safepoint: 3500 ns, Total: 48901 ns
[785.409s][info ][gc,start       ] GC(172) Pause Young (Allocation Failure)
[785.412s][debug][gc,phases      ] GC(172) Scavenge 2.350ms
[785.412s][debug][gc,ref         ] GC(172) Skipped phase 1 of Reference Processing: no references
[785.412s][debug][gc,ref         ] GC(172) ReferenceProcessor::execute queues: 1, RefProcThreadModel::Single, marks_oops_alive: false
[785.412s][debug][gc,ref         ] GC(172) Skipped phase 3 of Reference Processing: no references
[785.412s][debug][gc,ref         ] GC(172) ReferenceProcessor::execute queues: 1, RefProcThreadModel::Single, marks_oops_alive: false
[785.412s][debug][gc,phases      ] GC(172) Reference Processing 0.119ms
[785.412s][debug][gc,phases      ] GC(172)   VM Weak                        Min:  0.0, Avg:  0.0, Max:  0.0, Diff:  0.0, Sum:  0.0, Workers: 4
[785.412s][debug][gc,phases      ] GC(172)     Dead                           Min: 0, Avg:  0.0, Max: 0, Diff: 0, Sum: 0, Workers: 4
[785.412s][debug][gc,phases      ] GC(172)     Total                          Min: 0, Avg: 166.8, Max: 347, Diff: 347, Sum: 667, Workers: 4
[785.412s][debug][gc,phases      ] GC(172)   ObjectSynchronizer Weak        Min:  0.0, Avg:  0.0, Max:  0.0, Diff:  0.0, Sum:  0.0, Workers: 4
[785.412s][debug][gc,phases      ] GC(172)     Dead                           Min: 0, Avg:  0.0, Max: 0, Diff: 0, Sum: 0, Workers: 4
[785.412s][debug][gc,phases      ] GC(172)     Total                          Min: 0, Avg: 87.0, Max: 220, Diff: 220, Sum: 348, Workers: 4
[785.412s][debug][gc,phases      ] GC(172)   JVMTI Tag Weak OopStorage      Min:  0.0, Avg:  0.0, Max:  0.0, Diff:  0.0, Sum:  0.0, Workers: 4
[785.412s][debug][gc,phases      ] GC(172)     Dead                           Min: 0, Avg:  0.0, Max: 0, Diff: 0, Sum: 0, Workers: 4
[785.412s][debug][gc,phases      ] GC(172)     Total                          Min: 0, Avg:  0.0, Max: 0, Diff: 0, Sum: 0, Workers: 4
[785.412s][debug][gc,phases      ] GC(172)   StringTable Weak               Min:  0.1, Avg:  0.1, Max:  0.1, Diff:  0.0, Sum:  0.3, Workers: 4
[785.412s][debug][gc,phases      ] GC(172)     Dead                           Min: 0, Avg:  0.0, Max: 0, Diff: 0, Sum: 0, Workers: 4
[785.412s][debug][gc,phases      ] GC(172)     Total                          Min: 8960, Avg: 12006.5, Max: 13568, Diff: 4608, Sum: 48026, Workers: 4
[785.412s][debug][gc,phases      ] GC(172)   ResolvedMethodTable Weak       Min:  0.0, Avg:  0.0, Max:  0.0, Diff:  0.0, Sum:  0.1, Workers: 4
[785.412s][debug][gc,phases      ] GC(172)     Dead                           Min: 0, Avg:  0.0, Max: 0, Diff: 0, Sum: 0, Workers: 4
[785.412s][debug][gc,phases      ] GC(172)     Total                          Min: 1576, Avg: 1981.2, Max: 2326, Diff: 750, Sum: 7925, Workers: 4
[785.412s][debug][gc,phases      ] GC(172)   JNI Weak                       Min:  0.0, Avg:  0.0, Max:  0.0, Diff:  0.0, Sum:  0.0, Workers: 4
[785.412s][debug][gc,phases      ] GC(172)     Dead                           Min: 0, Avg:  0.0, Max: 0, Diff: 0, Sum: 0, Workers: 4
[785.412s][debug][gc,phases      ] GC(172)     Total                          Min: 0, Avg:  0.0, Max: 0, Diff: 0, Sum: 0, Workers: 4
[785.412s][debug][gc,phases      ] GC(172)   StringDedup Table Weak         Min:  0.0, Avg:  0.0, Max:  0.0, Diff:  0.0, Sum:  0.0, Workers: 4
[785.412s][debug][gc,phases      ] GC(172)     Dead                           Min: 0, Avg:  0.0, Max: 0, Diff: 0, Sum: 0, Workers: 4
[785.412s][debug][gc,phases      ] GC(172)     Total                          Min: 0, Avg:  0.0, Max: 0, Diff: 0, Sum: 0, Workers: 4
[785.412s][debug][gc,phases      ] GC(172)   StringDedup Requests0 Weak     Min:  0.0, Avg:  0.0, Max:  0.0, Diff:  0.0, Sum:  0.0, Workers: 4
[785.412s][debug][gc,phases      ] GC(172)     Dead                           Min: 0, Avg:  0.0, Max: 0, Diff: 0, Sum: 0, Workers: 4
[785.412s][debug][gc,phases      ] GC(172)     Total                          Min: 0, Avg:  0.0, Max: 0, Diff: 0, Sum: 0, Workers: 4
[785.412s][debug][gc,phases      ] GC(172)   StringDedup Requests1 Weak     Min:  0.0, Avg:  0.0, Max:  0.0, Diff:  0.0, Sum:  0.0, Workers: 4
[785.412s][debug][gc,phases      ] GC(172)     Dead                           Min: 0, Avg:  0.0, Max: 0, Diff: 0, Sum: 0, Workers: 4
[785.412s][debug][gc,phases      ] GC(172)     Total                          Min: 0, Avg:  0.0, Max: 0, Diff: 0, Sum: 0, Workers: 4
[785.412s][debug][gc,phases      ] GC(172)   Weak JFR Old Object Samples    Min:  0.0, Avg:  0.0, Max:  0.0, Diff:  0.0, Sum:  0.0, Workers: 4
[785.412s][debug][gc,phases      ] GC(172)     Dead                           Min: 0, Avg:  0.0, Max: 0, Diff: 0, Sum: 0, Workers: 4
[785.412s][debug][gc,phases      ] GC(172)     Total                          Min: 0, Avg:  0.0, Max: 0, Diff: 0, Sum: 0, Workers: 4
[785.412s][debug][gc,phases      ] GC(172) Weak Processing 0.258ms
[785.412s][debug][gc,age         ] GC(172) Desired survivor size 7864320 bytes, new threshold 15 (max threshold 15)
[785.412s][info ][gc,heap        ] GC(172) PSYoungGen: 2082976K(2088960K)->2688K(2088448K) Eden: 2080256K(2080256K)->0K(2080256K) From: 2720K(8704K)->2688K(8192K)
[785.412s][info ][gc,heap        ] GC(172) ParOldGen: 557819K(614400K)->557851K(614400K)
[785.412s][info ][gc,metaspace   ] GC(172) Metaspace: 81941K(82816K)->81941K(82816K) NonClass: 70459K(70912K)->70459K(70912K) Class: 11482K(11904K)->11482K(11904K)
[785.412s][info ][gc             ] GC(172) Pause Young (Allocation Failure) 2578M->547M(2639M) 2.840ms
[785.412s][info ][gc,cpu         ] GC(172) User=0.01s Sys=0.00s Real=0.00s
[785.412s][info ][safepoint      ] Safepoint "ParallelGCFailedAllocation", Time since last: 3645573374 ns, Reaching safepoint: 102301 ns, At safepoint: 2912926 ns, Total: 3015227 ns
[787.412s][info ][safepoint      ] Safepoint "Cleanup", Time since last: 2000118597 ns, Reaching safepoint: 40600 ns, At safepoint: 2200 ns, Total: 42800 ns
[790.413s][info ][safepoint      ] Safepoint "Cleanup", Time since last: 3000241890 ns, Reaching safepoint: 33900 ns, At safepoint: 4000 ns, Total: 37900 ns
[799.040s][info ][gc,start       ] GC(173) Pause Young (Allocation Failure)
[799.043s][debug][gc,phases      ] GC(173) Scavenge 2.590ms
[799.043s][debug][gc,ref         ] GC(173) Skipped phase 1 of Reference Processing: no references
[799.043s][debug][gc,ref         ] GC(173) ReferenceProcessor::execute queues: 1, RefProcThreadModel::Single, marks_oops_alive: false
[799.043s][debug][gc,ref         ] GC(173) Skipped phase 3 of Reference Processing: no references
[799.043s][debug][gc,ref         ] GC(173) ReferenceProcessor::execute queues: 1, RefProcThreadModel::Single, marks_oops_alive: false
[799.043s][debug][gc,phases      ] GC(173) Reference Processing 0.103ms
[799.043s][debug][gc,phases      ] GC(173)   VM Weak                        Min:  0.0, Avg:  0.0, Max:  0.0, Diff:  0.0, Sum:  0.0, Workers: 4
[799.043s][debug][gc,phases      ] GC(173)     Dead                           Min: 0, Avg:  0.0, Max: 0, Diff: 0, Sum: 0, Workers: 4
[799.043s][debug][gc,phases      ] GC(173)     Total                          Min: 0, Avg: 166.8, Max: 448, Diff: 448, Sum: 667, Workers: 4
[799.043s][debug][gc,phases      ] GC(173)   ObjectSynchronizer Weak        Min:  0.0, Avg:  0.0, Max:  0.0, Diff:  0.0, Sum:  0.0, Workers: 4
[799.043s][debug][gc,phases      ] GC(173)     Dead                           Min: 0, Avg:  0.0, Max: 0, Diff: 0, Sum: 0, Workers: 4
[799.043s][debug][gc,phases      ] GC(173)     Total                          Min: 0, Avg: 87.0, Max: 220, Diff: 220, Sum: 348, Workers: 4
[799.043s][debug][gc,phases      ] GC(173)   JVMTI Tag Weak OopStorage      Min:  0.0, Avg:  0.0, Max:  0.0, Diff:  0.0, Sum:  0.0, Workers: 4
[799.043s][debug][gc,phases      ] GC(173)     Dead                           Min: 0, Avg:  0.0, Max: 0, Diff: 0, Sum: 0, Workers: 4
[799.043s][debug][gc,phases      ] GC(173)     Total                          Min: 0, Avg:  0.0, Max: 0, Diff: 0, Sum: 0, Workers: 4
[799.043s][debug][gc,phases      ] GC(173)   StringTable Weak               Min:  0.1, Avg:  0.1, Max:  0.1, Diff:  0.0, Sum:  0.4, Workers: 4
[799.043s][debug][gc,phases      ] GC(173)     Dead                           Min: 0, Avg:  0.0, Max: 0, Diff: 0, Sum: 0, Workers: 4
[799.043s][debug][gc,phases      ] GC(173)     Total                          Min: 9306, Avg: 12006.5, Max: 14720, Diff: 5414, Sum: 48026, Workers: 4
[799.043s][debug][gc,phases      ] GC(173)   ResolvedMethodTable Weak       Min:  0.0, Avg:  0.0, Max:  0.0, Diff:  0.0, Sum:  0.1, Workers: 4
[799.043s][debug][gc,phases      ] GC(173)     Dead                           Min: 0, Avg:  0.0, Max: 0, Diff: 0, Sum: 0, Workers: 4
[799.043s][debug][gc,phases      ] GC(173)     Total                          Min: 1638, Avg: 1981.2, Max: 2312, Diff: 674, Sum: 7925, Workers: 4
[799.043s][debug][gc,phases      ] GC(173)   JNI Weak                       Min:  0.0, Avg:  0.0, Max:  0.0, Diff:  0.0, Sum:  0.0, Workers: 4
[799.043s][debug][gc,phases      ] GC(173)     Dead                           Min: 0, Avg:  0.0, Max: 0, Diff: 0, Sum: 0, Workers: 4
[799.043s][debug][gc,phases      ] GC(173)     Total                          Min: 0, Avg:  0.0, Max: 0, Diff: 0, Sum: 0, Workers: 4
[799.043s][debug][gc,phases      ] GC(173)   StringDedup Table Weak         Min:  0.0, Avg:  0.0, Max:  0.0, Diff:  0.0, Sum:  0.0, Workers: 4
[799.043s][debug][gc,phases      ] GC(173)     Dead                           Min: 0, Avg:  0.0, Max: 0, Diff: 0, Sum: 0, Workers: 4
[799.043s][debug][gc,phases      ] GC(173)     Total                          Min: 0, Avg:  0.0, Max: 0, Diff: 0, Sum: 0, Workers: 4
[799.043s][debug][gc,phases      ] GC(173)   StringDedup Requests0 Weak     Min:  0.0, Avg:  0.0, Max:  0.0, Diff:  0.0, Sum:  0.0, Workers: 4
[799.043s][debug][gc,phases      ] GC(173)     Dead                           Min: 0, Avg:  0.0, Max: 0, Diff: 0, Sum: 0, Workers: 4
[799.043s][debug][gc,phases      ] GC(173)     Total                          Min: 0, Avg:  0.0, Max: 0, Diff: 0, Sum: 0, Workers: 4
[799.043s][debug][gc,phases      ] GC(173)   StringDedup Requests1 Weak     Min:  0.0, Avg:  0.0, Max:  0.0, Diff:  0.0, Sum:  0.0, Workers: 4
[799.043s][debug][gc,phases      ] GC(173)     Dead                           Min: 0, Avg:  0.0, Max: 0, Diff: 0, Sum: 0, Workers: 4
[799.043s][debug][gc,phases      ] GC(173)     Total                          Min: 0, Avg:  0.0, Max: 0, Diff: 0, Sum: 0, Workers: 4
[799.043s][debug][gc,phases      ] GC(173)   Weak JFR Old Object Samples    Min:  0.0, Avg:  0.0, Max:  0.0, Diff:  0.0, Sum:  0.0, Workers: 4
[799.043s][debug][gc,phases      ] GC(173)     Dead                           Min: 0, Avg:  0.0, Max: 0, Diff: 0, Sum: 0, Workers: 4
[799.043s][debug][gc,phases      ] GC(173)     Total                          Min: 0, Avg:  0.0, Max: 0, Diff: 0, Sum: 0, Workers: 4
[799.043s][debug][gc,phases      ] GC(173) Weak Processing 0.282ms
[799.043s][debug][gc,age         ] GC(173) Desired survivor size 7340032 bytes, new threshold 15 (max threshold 15)
[799.043s][info ][gc,heap        ] GC(173) PSYoungGen: 2082944K(2088448K)->2720K(2089984K) Eden: 2080256K(2080256K)->0K(2082304K) From: 2688K(8192K)->2720K(7680K)
[799.043s][info ][gc,heap        ] GC(173) ParOldGen: 557851K(614400K)->557867K(614400K)
[799.043s][info ][gc,metaspace   ] GC(173) Metaspace: 81943K(82816K)->81943K(82816K) NonClass: 70460K(70912K)->70460K(70912K) Class: 11482K(11904K)->11482K(11904K)
[799.043s][info ][gc             ] GC(173) Pause Young (Allocation Failure) 2578M->547M(2641M) 3.078ms
[799.043s][info ][gc,cpu         ] GC(173) User=0.01s Sys=0.00s Real=0.00s
[799.043s][info ][safepoint      ] Safepoint "ParallelGCFailedAllocation", Time since last: 8627481238 ns, Reaching safepoint: 29001 ns, At safepoint: 3150228 ns, Total: 3179229 ns
[800.043s][info ][safepoint      ] Safepoint "Cleanup", Time since last: 1000098489 ns, Reaching safepoint: 39601 ns, At safepoint: 3600 ns, Total: 43201 ns
[801.043s][info ][safepoint      ] Safepoint "Cleanup", Time since last: 1000125388 ns, Reaching safepoint: 47701 ns, At safepoint: 6000 ns, Total: 53701 ns
[802.044s][info ][safepoint      ] Safepoint "Cleanup", Time since last: 1000111887 ns, Reaching safepoint: 50801 ns, At safepoint: 3500 ns, Total: 54301 ns
[803.044s][info ][safepoint      ] Safepoint "Cleanup", Time since last: 1000117287 ns, Reaching safepoint: 47500 ns, At safepoint: 8000 ns, Total: 55500 ns
[812.304s][info ][gc,start       ] GC(174) Pause Young (Allocation Failure)
[812.307s][debug][gc,phases      ] GC(174) Scavenge 2.924ms
[812.307s][debug][gc,ref         ] GC(174) Skipped phase 1 of Reference Processing: no references
[812.307s][debug][gc,ref         ] GC(174) ReferenceProcessor::execute queues: 1, RefProcThreadModel::Single, marks_oops_alive: false
[812.307s][debug][gc,ref         ] GC(174) Skipped phase 3 of Reference Processing: no references
[812.307s][debug][gc,ref         ] GC(174) ReferenceProcessor::execute queues: 1, RefProcThreadModel::Single, marks_oops_alive: false
[812.307s][debug][gc,phases      ] GC(174) Reference Processing 0.128ms
[812.307s][debug][gc,phases      ] GC(174)   VM Weak                        Min:  0.0, Avg:  0.0, Max:  0.0, Diff:  0.0, Sum:  0.0, Workers: 4
[812.307s][debug][gc,phases      ] GC(174)     Dead                           Min: 0, Avg:  0.0, Max: 0, Diff: 0, Sum: 0, Workers: 4
[812.307s][debug][gc,phases      ] GC(174)     Total                          Min: 0, Avg: 166.8, Max: 512, Diff: 512, Sum: 667, Workers: 4
[812.307s][debug][gc,phases      ] GC(174)   ObjectSynchronizer Weak        Min:  0.0, Avg:  0.0, Max:  0.0, Diff:  0.0, Sum:  0.0, Workers: 4
[812.307s][debug][gc,phases      ] GC(174)     Dead                           Min: 0, Avg:  0.0, Max: 0, Diff: 0, Sum: 0, Workers: 4
[812.307s][debug][gc,phases      ] GC(174)     Total                          Min: 0, Avg: 87.0, Max: 220, Diff: 220, Sum: 348, Workers: 4
[812.307s][debug][gc,phases      ] GC(174)   JVMTI Tag Weak OopStorage      Min:  0.0, Avg:  0.0, Max:  0.0, Diff:  0.0, Sum:  0.0, Workers: 4
[812.307s][debug][gc,phases      ] GC(174)     Dead                           Min: 0, Avg:  0.0, Max: 0, Diff: 0, Sum: 0, Workers: 4
[812.307s][debug][gc,phases      ] GC(174)     Total                          Min: 0, Avg:  0.0, Max: 0, Diff: 0, Sum: 0, Workers: 4
[812.307s][debug][gc,phases      ] GC(174)   StringTable Weak               Min:  0.1, Avg:  0.1, Max:  0.1, Diff:  0.0, Sum:  0.4, Workers: 4
[812.307s][debug][gc,phases      ] GC(174)     Dead                           Min: 0, Avg:  0.0, Max: 0, Diff: 0, Sum: 0, Workers: 4
[812.307s][debug][gc,phases      ] GC(174)     Total                          Min: 9408, Avg: 12006.5, Max: 15066, Diff: 5658, Sum: 48026, Workers: 4
[812.307s][debug][gc,phases      ] GC(174)   ResolvedMethodTable Weak       Min:  0.0, Avg:  0.0, Max:  0.0, Diff:  0.0, Sum:  0.1, Workers: 4
[812.307s][debug][gc,phases      ] GC(174)     Dead                           Min: 0, Avg:  0.0, Max: 0, Diff: 0, Sum: 0, Workers: 4
[812.307s][debug][gc,phases      ] GC(174)     Total                          Min: 1511, Avg: 1981.2, Max: 2453, Diff: 942, Sum: 7925, Workers: 4
[812.307s][debug][gc,phases      ] GC(174)   JNI Weak                       Min:  0.0, Avg:  0.0, Max:  0.0, Diff:  0.0, Sum:  0.0, Workers: 4
[812.307s][debug][gc,phases      ] GC(174)     Dead                           Min: 0, Avg:  0.0, Max: 0, Diff: 0, Sum: 0, Workers: 4
[812.307s][debug][gc,phases      ] GC(174)     Total                          Min: 0, Avg:  0.0, Max: 0, Diff: 0, Sum: 0, Workers: 4
[812.307s][debug][gc,phases      ] GC(174)   StringDedup Table Weak         Min:  0.0, Avg:  0.0, Max:  0.0, Diff:  0.0, Sum:  0.0, Workers: 4
[812.307s][debug][gc,phases      ] GC(174)     Dead                           Min: 0, Avg:  0.0, Max: 0, Diff: 0, Sum: 0, Workers: 4
[812.307s][debug][gc,phases      ] GC(174)     Total                          Min: 0, Avg:  0.0, Max: 0, Diff: 0, Sum: 0, Workers: 4
[812.307s][debug][gc,phases      ] GC(174)   StringDedup Requests0 Weak     Min:  0.0, Avg:  0.0, Max:  0.0, Diff:  0.0, Sum:  0.0, Workers: 4
[812.307s][debug][gc,phases      ] GC(174)     Dead                           Min: 0, Avg:  0.0, Max: 0, Diff: 0, Sum: 0, Workers: 4
[812.307s][debug][gc,phases      ] GC(174)     Total                          Min: 0, Avg:  0.0, Max: 0, Diff: 0, Sum: 0, Workers: 4
[812.307s][debug][gc,phases      ] GC(174)   StringDedup Requests1 Weak     Min:  0.0, Avg:  0.0, Max:  0.0, Diff:  0.0, Sum:  0.0, Workers: 4
[812.307s][debug][gc,phases      ] GC(174)     Dead                           Min: 0, Avg:  0.0, Max: 0, Diff: 0, Sum: 0, Workers: 4
[812.307s][debug][gc,phases      ] GC(174)     Total                          Min: 0, Avg:  0.0, Max: 0, Diff: 0, Sum: 0, Workers: 4
[812.307s][debug][gc,phases      ] GC(174)   Weak JFR Old Object Samples    Min:  0.0, Avg:  0.0, Max:  0.0, Diff:  0.0, Sum:  0.0, Workers: 4
[812.307s][debug][gc,phases      ] GC(174)     Dead                           Min: 0, Avg:  0.0, Max: 0, Diff: 0, Sum: 0, Workers: 4
[812.307s][debug][gc,phases      ] GC(174)     Total                          Min: 0, Avg:  0.0, Max: 0, Diff: 0, Sum: 0, Workers: 4
[812.307s][debug][gc,phases      ] GC(174) Weak Processing 0.274ms
[812.307s][debug][gc,age         ] GC(174) Desired survivor size 7340032 bytes, new threshold 15 (max threshold 15)
[812.307s][info ][gc,heap        ] GC(174) PSYoungGen: 2085024K(2089984K)->2656K(2089472K) Eden: 2082304K(2082304K)->0K(2082304K) From: 2720K(7680K)->2656K(7168K)
[812.307s][info ][gc,heap        ] GC(174) ParOldGen: 557867K(614400K)->557891K(614400K)
[812.307s][info ][gc,metaspace   ] GC(174) Metaspace: 81944K(82816K)->81944K(82816K) NonClass: 70462K(70912K)->70462K(70912K) Class: 11482K(11904K)->11482K(11904K)
[812.307s][info ][gc             ] GC(174) Pause Young (Allocation Failure) 2580M->547M(2640M) 3.427ms
[812.307s][info ][gc,cpu         ] GC(174) User=0.02s Sys=0.00s Real=0.00s
[812.307s][info ][safepoint      ] Safepoint "ParallelGCFailedAllocation", Time since last: 9259918402 ns, Reaching safepoint: 37700 ns, At safepoint: 3493032 ns, Total: 3530732 ns
[825.344s][info ][gc,start       ] GC(175) Pause Young (Allocation Failure)
[825.347s][debug][gc,phases      ] GC(175) Scavenge 2.537ms
[825.347s][debug][gc,ref         ] GC(175) Skipped phase 1 of Reference Processing: no references
[825.347s][debug][gc,ref         ] GC(175) ReferenceProcessor::execute queues: 1, RefProcThreadModel::Single, marks_oops_alive: false
[825.347s][debug][gc,ref         ] GC(175) Skipped phase 3 of Reference Processing: no references
[825.347s][debug][gc,ref         ] GC(175) Skipped phase 4 of Reference Processing: no references
[825.347s][debug][gc,phases      ] GC(175) Reference Processing 0.102ms
[825.347s][debug][gc,phases      ] GC(175)   VM Weak                        Min:  0.0, Avg:  0.0, Max:  0.0, Diff:  0.0, Sum:  0.0, Workers: 4
[825.347s][debug][gc,phases      ] GC(175)     Dead                           Min: 0, Avg:  0.0, Max: 0, Diff: 0, Sum: 0, Workers: 4
[825.347s][debug][gc,phases      ] GC(175)     Total                          Min: 0, Avg: 166.8, Max: 347, Diff: 347, Sum: 667, Workers: 4
[825.347s][debug][gc,phases      ] GC(175)   ObjectSynchronizer Weak        Min:  0.0, Avg:  0.0, Max:  0.0, Diff:  0.0, Sum:  0.0, Workers: 4
[825.347s][debug][gc,phases      ] GC(175)     Dead                           Min: 0, Avg:  0.0, Max: 0, Diff: 0, Sum: 0, Workers: 4
[825.347s][debug][gc,phases      ] GC(175)     Total                          Min: 0, Avg: 87.0, Max: 220, Diff: 220, Sum: 348, Workers: 4
[825.347s][debug][gc,phases      ] GC(175)   JVMTI Tag Weak OopStorage      Min:  0.0, Avg:  0.0, Max:  0.0, Diff:  0.0, Sum:  0.0, Workers: 4
[825.347s][debug][gc,phases      ] GC(175)     Dead                           Min: 0, Avg:  0.0, Max: 0, Diff: 0, Sum: 0, Workers: 4
[825.347s][debug][gc,phases      ] GC(175)     Total                          Min: 0, Avg:  0.0, Max: 0, Diff: 0, Sum: 0, Workers: 4
[825.347s][debug][gc,phases      ] GC(175)   StringTable Weak               Min:  0.1, Avg:  0.1, Max:  0.1, Diff:  0.0, Sum:  0.4, Workers: 4
[825.347s][debug][gc,phases      ] GC(175)     Dead                           Min: 0, Avg:  0.0, Max: 0, Diff: 0, Sum: 0, Workers: 4
[825.347s][debug][gc,phases      ] GC(175)     Total                          Min: 9600, Avg: 12006.5, Max: 15194, Diff: 5594, Sum: 48026, Workers: 4
[825.347s][debug][gc,phases      ] GC(175)   ResolvedMethodTable Weak       Min:  0.0, Avg:  0.0, Max:  0.0, Diff:  0.0, Sum:  0.1, Workers: 4
[825.347s][debug][gc,phases      ] GC(175)     Dead                           Min: 0, Avg:  0.0, Max: 0, Diff: 0, Sum: 0, Workers: 4
[825.347s][debug][gc,phases      ] GC(175)     Total                          Min: 1693, Avg: 1981.2, Max: 2473, Diff: 780, Sum: 7925, Workers: 4
[825.347s][debug][gc,phases      ] GC(175)   JNI Weak                       Min:  0.0, Avg:  0.0, Max:  0.0, Diff:  0.0, Sum:  0.0, Workers: 4
[825.347s][debug][gc,phases      ] GC(175)     Dead                           Min: 0, Avg:  0.0, Max: 0, Diff: 0, Sum: 0, Workers: 4
[825.347s][debug][gc,phases      ] GC(175)     Total                          Min: 0, Avg:  0.0, Max: 0, Diff: 0, Sum: 0, Workers: 4
[825.347s][debug][gc,phases      ] GC(175)   StringDedup Table Weak         Min:  0.0, Avg:  0.0, Max:  0.0, Diff:  0.0, Sum:  0.0, Workers: 4
[825.347s][debug][gc,phases      ] GC(175)     Dead                           Min: 0, Avg:  0.0, Max: 0, Diff: 0, Sum: 0, Workers: 4
[825.347s][debug][gc,phases      ] GC(175)     Total                          Min: 0, Avg:  0.0, Max: 0, Diff: 0, Sum: 0, Workers: 4
[825.347s][debug][gc,phases      ] GC(175)   StringDedup Requests0 Weak     Min:  0.0, Avg:  0.0, Max:  0.0, Diff:  0.0, Sum:  0.0, Workers: 4
[825.347s][debug][gc,phases      ] GC(175)     Dead                           Min: 0, Avg:  0.0, Max: 0, Diff: 0, Sum: 0, Workers: 4
[825.347s][debug][gc,phases      ] GC(175)     Total                          Min: 0, Avg:  0.0, Max: 0, Diff: 0, Sum: 0, Workers: 4
[825.347s][debug][gc,phases      ] GC(175)   StringDedup Requests1 Weak     Min:  0.0, Avg:  0.0, Max:  0.0, Diff:  0.0, Sum:  0.0, Workers: 4
[825.347s][debug][gc,phases      ] GC(175)     Dead                           Min: 0, Avg:  0.0, Max: 0, Diff: 0, Sum: 0, Workers: 4
[825.347s][debug][gc,phases      ] GC(175)     Total                          Min: 0, Avg:  0.0, Max: 0, Diff: 0, Sum: 0, Workers: 4
[825.347s][debug][gc,phases      ] GC(175)   Weak JFR Old Object Samples    Min:  0.0, Avg:  0.0, Max:  0.0, Diff:  0.0, Sum:  0.0, Workers: 4
[825.347s][debug][gc,phases      ] GC(175)     Dead                           Min: 0, Avg:  0.0, Max: 0, Diff: 0, Sum: 0, Workers: 4
[825.347s][debug][gc,phases      ] GC(175)     Total                          Min: 0, Avg:  0.0, Max: 0, Diff: 0, Sum: 0, Workers: 4
[825.347s][debug][gc,phases      ] GC(175) Weak Processing 0.285ms
[825.347s][debug][gc,age         ] GC(175) Desired survivor size 6815744 bytes, new threshold 15 (max threshold 15)
[825.347s][info ][gc,heap        ] GC(175) PSYoungGen: 2084960K(2089472K)->2864K(2090496K) Eden: 2082304K(2082304K)->0K(2083328K) From: 2656K(7168K)->2864K(7168K)
[825.347s][info ][gc,heap        ] GC(175) ParOldGen: 557891K(614400K)->557939K(614400K)
[825.347s][info ][gc,metaspace   ] GC(175) Metaspace: 81944K(82816K)->81944K(82816K) NonClass: 70462K(70912K)->70462K(70912K) Class: 11482K(11904K)->11482K(11904K)
[825.347s][info ][gc             ] GC(175) Pause Young (Allocation Failure) 2580M->547M(2641M) 3.035ms
[825.347s][info ][gc,cpu         ] GC(175) User=0.01s Sys=0.00s Real=0.00s
[825.347s][info ][safepoint      ] Safepoint "ParallelGCFailedAllocation", Time since last: 13036600800 ns, Reaching safepoint: 34700 ns, At safepoint: 3109028 ns, Total: 3143728 ns
[838.404s][info ][gc,start       ] GC(176) Pause Young (Allocation Failure)
[838.406s][debug][gc,phases      ] GC(176) Scavenge 2.140ms
[838.406s][debug][gc,ref         ] GC(176) Skipped phase 1 of Reference Processing: no references
[838.406s][debug][gc,ref         ] GC(176) ReferenceProcessor::execute queues: 1, RefProcThreadModel::Single, marks_oops_alive: false
[838.406s][debug][gc,ref         ] GC(176) Skipped phase 3 of Reference Processing: no references
[838.406s][debug][gc,ref         ] GC(176) Skipped phase 4 of Reference Processing: no references
[838.406s][debug][gc,phases      ] GC(176) Reference Processing 0.109ms
[838.407s][debug][gc,phases      ] GC(176)   VM Weak                        Min:  0.0, Avg:  0.0, Max:  0.0, Diff:  0.0, Sum:  0.0, Workers: 4
[838.407s][debug][gc,phases      ] GC(176)     Dead                           Min: 0, Avg:  0.0, Max: 0, Diff: 0, Sum: 0, Workers: 4
[838.407s][debug][gc,phases      ] GC(176)     Total                          Min: 0, Avg: 166.8, Max: 667, Diff: 667, Sum: 667, Workers: 4
[838.407s][debug][gc,phases      ] GC(176)   ObjectSynchronizer Weak        Min:  0.0, Avg:  0.0, Max:  0.0, Diff:  0.0, Sum:  0.0, Workers: 4
[838.407s][debug][gc,phases      ] GC(176)     Dead                           Min: 0, Avg:  0.0, Max: 0, Diff: 0, Sum: 0, Workers: 4
[838.407s][debug][gc,phases      ] GC(176)     Total                          Min: 0, Avg: 87.0, Max: 284, Diff: 284, Sum: 348, Workers: 4
[838.407s][debug][gc,phases      ] GC(176)   JVMTI Tag Weak OopStorage      Min:  0.0, Avg:  0.0, Max:  0.0, Diff:  0.0, Sum:  0.0, Workers: 4
[838.407s][debug][gc,phases      ] GC(176)     Dead                           Min: 0, Avg:  0.0, Max: 0, Diff: 0, Sum: 0, Workers: 4
[838.407s][debug][gc,phases      ] GC(176)     Total                          Min: 0, Avg:  0.0, Max: 0, Diff: 0, Sum: 0, Workers: 4
[838.407s][debug][gc,phases      ] GC(176)   StringTable Weak               Min:  0.1, Avg:  0.1, Max:  0.1, Diff:  0.0, Sum:  0.3, Workers: 4
[838.407s][debug][gc,phases      ] GC(176)     Dead                           Min: 0, Avg:  0.0, Max: 0, Diff: 0, Sum: 0, Workers: 4
[838.407s][debug][gc,phases      ] GC(176)     Total                          Min: 11520, Avg: 12006.5, Max: 12800, Diff: 1280, Sum: 48026, Workers: 4
[838.407s][debug][gc,phases      ] GC(176)   ResolvedMethodTable Weak       Min:  0.0, Avg:  0.0, Max:  0.0, Diff:  0.0, Sum:  0.1, Workers: 4
[838.407s][debug][gc,phases      ] GC(176)     Dead                           Min: 0, Avg:  0.0, Max: 0, Diff: 0, Sum: 0, Workers: 4
[838.407s][debug][gc,phases      ] GC(176)     Total                          Min: 1912, Avg: 1981.2, Max: 2081, Diff: 169, Sum: 7925, Workers: 4
[838.407s][debug][gc,phases      ] GC(176)   JNI Weak                       Min:  0.0, Avg:  0.0, Max:  0.0, Diff:  0.0, Sum:  0.0, Workers: 4
[838.407s][debug][gc,phases      ] GC(176)     Dead                           Min: 0, Avg:  0.0, Max: 0, Diff: 0, Sum: 0, Workers: 4
[838.407s][debug][gc,phases      ] GC(176)     Total                          Min: 0, Avg:  0.0, Max: 0, Diff: 0, Sum: 0, Workers: 4
[838.407s][debug][gc,phases      ] GC(176)   StringDedup Table Weak         Min:  0.0, Avg:  0.0, Max:  0.0, Diff:  0.0, Sum:  0.0, Workers: 4
[838.407s][debug][gc,phases      ] GC(176)     Dead                           Min: 0, Avg:  0.0, Max: 0, Diff: 0, Sum: 0, Workers: 4
[838.407s][debug][gc,phases      ] GC(176)     Total                          Min: 0, Avg:  0.0, Max: 0, Diff: 0, Sum: 0, Workers: 4
[838.407s][debug][gc,phases      ] GC(176)   StringDedup Requests0 Weak     Min:  0.0, Avg:  0.0, Max:  0.0, Diff:  0.0, Sum:  0.0, Workers: 4
[838.407s][debug][gc,phases      ] GC(176)     Dead                           Min: 0, Avg:  0.0, Max: 0, Diff: 0, Sum: 0, Workers: 4
[838.407s][debug][gc,phases      ] GC(176)     Total                          Min: 0, Avg:  0.0, Max: 0, Diff: 0, Sum: 0, Workers: 4
[838.407s][debug][gc,phases      ] GC(176)   StringDedup Requests1 Weak     Min:  0.0, Avg:  0.0, Max:  0.0, Diff:  0.0, Sum:  0.0, Workers: 4
[838.407s][debug][gc,phases      ] GC(176)     Dead                           Min: 0, Avg:  0.0, Max: 0, Diff: 0, Sum: 0, Workers: 4
[838.407s][debug][gc,phases      ] GC(176)     Total                          Min: 0, Avg:  0.0, Max: 0, Diff: 0, Sum: 0, Workers: 4
[838.407s][debug][gc,phases      ] GC(176)   Weak JFR Old Object Samples    Min:  0.0, Avg:  0.0, Max:  0.0, Diff:  0.0, Sum:  0.0, Workers: 4
[838.407s][debug][gc,phases      ] GC(176)     Dead                           Min: 0, Avg:  0.0, Max: 0, Diff: 0, Sum: 0, Workers: 4
[838.407s][debug][gc,phases      ] GC(176)     Total                          Min: 0, Avg:  0.0, Max: 0, Diff: 0, Sum: 0, Workers: 4
[838.407s][debug][gc,phases      ] GC(176) Weak Processing 0.252ms
[838.407s][debug][gc,age         ] GC(176) Desired survivor size 6291456 bytes, new threshold 15 (max threshold 15)
[838.407s][info ][gc,heap        ] GC(176) PSYoungGen: 2086192K(2090496K)->2800K(2089984K) Eden: 2083328K(2083328K)->0K(2083328K) From: 2864K(7168K)->2800K(6656K)
[838.407s][info ][gc,heap        ] GC(176) ParOldGen: 557939K(614400K)->557995K(614400K)
[838.407s][info ][gc,metaspace   ] GC(176) Metaspace: 81945K(82816K)->81945K(82816K) NonClass: 70463K(70912K)->70463K(70912K) Class: 11482K(11904K)->11482K(11904K)
[838.407s][info ][gc             ] GC(176) Pause Young (Allocation Failure) 2582M->547M(2641M) 2.603ms
[838.407s][info ][gc,cpu         ] GC(176) User=0.01s Sys=0.00s Real=0.00s
[838.407s][info ][safepoint      ] Safepoint "ParallelGCFailedAllocation", Time since last: 13056989968 ns, Reaching safepoint: 39600 ns, At safepoint: 2670124 ns, Total: 2709724 ns
[851.802s][info ][gc,start       ] GC(177) Pause Young (Allocation Failure)
[851.805s][debug][gc,phases      ] GC(177) Scavenge 2.877ms
[851.805s][debug][gc,ref         ] GC(177) Skipped phase 1 of Reference Processing: no references
[851.805s][debug][gc,ref         ] GC(177) ReferenceProcessor::execute queues: 1, RefProcThreadModel::Single, marks_oops_alive: false
[851.806s][debug][gc,ref         ] GC(177) Skipped phase 3 of Reference Processing: no references
[851.806s][debug][gc,ref         ] GC(177) Skipped phase 4 of Reference Processing: no references
[851.806s][debug][gc,phases      ] GC(177) Reference Processing 0.117ms
[851.806s][debug][gc,phases      ] GC(177)   VM Weak                        Min:  0.0, Avg:  0.0, Max:  0.0, Diff:  0.0, Sum:  0.0, Workers: 4
[851.806s][debug][gc,phases      ] GC(177)     Dead                           Min: 0, Avg:  0.0, Max: 0, Diff: 0, Sum: 0, Workers: 4
[851.806s][debug][gc,phases      ] GC(177)     Total                          Min: 0, Avg: 166.8, Max: 667, Diff: 667, Sum: 667, Workers: 4
[851.806s][debug][gc,phases      ] GC(177)   ObjectSynchronizer Weak        Min:  0.0, Avg:  0.0, Max:  0.0, Diff:  0.0, Sum:  0.0, Workers: 4
[851.806s][debug][gc,phases      ] GC(177)     Dead                           Min: 0, Avg:  0.0, Max: 0, Diff: 0, Sum: 0, Workers: 4
[851.806s][debug][gc,phases      ] GC(177)     Total                          Min: 0, Avg: 87.0, Max: 220, Diff: 220, Sum: 348, Workers: 4
[851.806s][debug][gc,phases      ] GC(177)   JVMTI Tag Weak OopStorage      Min:  0.0, Avg:  0.0, Max:  0.0, Diff:  0.0, Sum:  0.0, Workers: 4
[851.806s][debug][gc,phases      ] GC(177)     Dead                           Min: 0, Avg:  0.0, Max: 0, Diff: 0, Sum: 0, Workers: 4
[851.806s][debug][gc,phases      ] GC(177)     Total                          Min: 0, Avg:  0.0, Max: 0, Diff: 0, Sum: 0, Workers: 4
[851.806s][debug][gc,phases      ] GC(177)   StringTable Weak               Min:  0.1, Avg:  0.1, Max:  0.1, Diff:  0.0, Sum:  0.4, Workers: 4
[851.806s][debug][gc,phases      ] GC(177)     Dead                           Min: 0, Avg:  0.0, Max: 0, Diff: 0, Sum: 0, Workers: 4
[851.806s][debug][gc,phases      ] GC(177)     Total                          Min: 9370, Avg: 12006.5, Max: 14720, Diff: 5350, Sum: 48026, Workers: 4
[851.806s][debug][gc,phases      ] GC(177)   ResolvedMethodTable Weak       Min:  0.0, Avg:  0.0, Max:  0.0, Diff:  0.0, Sum:  0.1, Workers: 4
[851.806s][debug][gc,phases      ] GC(177)     Dead                           Min: 0, Avg:  0.0, Max: 0, Diff: 0, Sum: 0, Workers: 4
[851.806s][debug][gc,phases      ] GC(177)     Total                          Min: 1455, Avg: 1981.2, Max: 2617, Diff: 1162, Sum: 7925, Workers: 4
[851.806s][debug][gc,phases      ] GC(177)   JNI Weak                       Min:  0.0, Avg:  0.0, Max:  0.0, Diff:  0.0, Sum:  0.0, Workers: 4
[851.806s][debug][gc,phases      ] GC(177)     Dead                           Min: 0, Avg:  0.0, Max: 0, Diff: 0, Sum: 0, Workers: 4
[851.806s][debug][gc,phases      ] GC(177)     Total                          Min: 0, Avg:  0.0, Max: 0, Diff: 0, Sum: 0, Workers: 4
[851.806s][debug][gc,phases      ] GC(177)   StringDedup Table Weak         Min:  0.0, Avg:  0.0, Max:  0.0, Diff:  0.0, Sum:  0.0, Workers: 4
[851.806s][debug][gc,phases      ] GC(177)     Dead                           Min: 0, Avg:  0.0, Max: 0, Diff: 0, Sum: 0, Workers: 4
[851.806s][debug][gc,phases      ] GC(177)     Total                          Min: 0, Avg:  0.0, Max: 0, Diff: 0, Sum: 0, Workers: 4
[851.806s][debug][gc,phases      ] GC(177)   StringDedup Requests0 Weak     Min:  0.0, Avg:  0.0, Max:  0.0, Diff:  0.0, Sum:  0.0, Workers: 4
[851.806s][debug][gc,phases      ] GC(177)     Dead                           Min: 0, Avg:  0.0, Max: 0, Diff: 0, Sum: 0, Workers: 4
[851.806s][debug][gc,phases      ] GC(177)     Total                          Min: 0, Avg:  0.0, Max: 0, Diff: 0, Sum: 0, Workers: 4
[851.806s][debug][gc,phases      ] GC(177)   StringDedup Requests1 Weak     Min:  0.0, Avg:  0.0, Max:  0.0, Diff:  0.0, Sum:  0.0, Workers: 4
[851.806s][debug][gc,phases      ] GC(177)     Dead                           Min: 0, Avg:  0.0, Max: 0, Diff: 0, Sum: 0, Workers: 4
[851.806s][debug][gc,phases      ] GC(177)     Total                          Min: 0, Avg:  0.0, Max: 0, Diff: 0, Sum: 0, Workers: 4
[851.806s][debug][gc,phases      ] GC(177)   Weak JFR Old Object Samples    Min:  0.0, Avg:  0.0, Max:  0.0, Diff:  0.0, Sum:  0.0, Workers: 4
[851.806s][debug][gc,phases      ] GC(177)     Dead                           Min: 0, Avg:  0.0, Max: 0, Diff: 0, Sum: 0, Workers: 4
[851.806s][debug][gc,phases      ] GC(177)     Total                          Min: 0, Avg:  0.0, Max: 0, Diff: 0, Sum: 0, Workers: 4
[851.806s][debug][gc,phases      ] GC(177) Weak Processing 0.285ms
[851.806s][debug][gc,age         ] GC(177) Desired survivor size 6291456 bytes, new threshold 15 (max threshold 15)
[851.806s][info ][gc,heap        ] GC(177) PSYoungGen: 2086128K(2089984K)->2864K(2091008K) Eden: 2083328K(2083328K)->0K(2084864K) From: 2800K(6656K)->2864K(6144K)
[851.806s][info ][gc,heap        ] GC(177) ParOldGen: 557995K(614400K)->558027K(614400K)
[851.806s][info ][gc,metaspace   ] GC(177) Metaspace: 81946K(82816K)->81946K(82816K) NonClass: 70463K(70912K)->70463K(70912K) Class: 11482K(11904K)->11482K(11904K)
[851.806s][info ][gc             ] GC(177) Pause Young (Allocation Failure) 2582M->547M(2642M) 3.381ms
[851.806s][info ][gc,cpu         ] GC(177) User=0.01s Sys=0.00s Real=0.00s
[851.806s][info ][safepoint      ] Safepoint "ParallelGCFailedAllocation", Time since last: 13395704620 ns, Reaching safepoint: 37000 ns, At safepoint: 3450032 ns, Total: 3487032 ns
[862.807s][info ][safepoint      ] Safepoint "Cleanup", Time since last: 11000682741 ns, Reaching safepoint: 121401 ns, At safepoint: 9400 ns, Total: 130801 ns
[863.807s][info ][safepoint      ] Safepoint "Cleanup", Time since last: 1000085245 ns, Reaching safepoint: 151002 ns, At safepoint: 11300 ns, Total: 162302 ns
[865.009s][info ][gc,start       ] GC(178) Pause Young (Allocation Failure)
[865.011s][debug][gc,phases      ] GC(178) Scavenge 2.500ms
[865.012s][debug][gc,ref         ] GC(178) Skipped phase 1 of Reference Processing: no references
[865.012s][debug][gc,ref         ] GC(178) ReferenceProcessor::execute queues: 1, RefProcThreadModel::Single, marks_oops_alive: false
[865.012s][debug][gc,ref         ] GC(178) Skipped phase 3 of Reference Processing: no references
[865.012s][debug][gc,ref         ] GC(178) ReferenceProcessor::execute queues: 1, RefProcThreadModel::Single, marks_oops_alive: false
[865.012s][debug][gc,phases      ] GC(178) Reference Processing 0.114ms
[865.012s][debug][gc,phases      ] GC(178)   VM Weak                        Min:  0.0, Avg:  0.0, Max:  0.0, Diff:  0.0, Sum:  0.0, Workers: 4
[865.012s][debug][gc,phases      ] GC(178)     Dead                           Min: 0, Avg:  0.0, Max: 0, Diff: 0, Sum: 0, Workers: 4
[865.012s][debug][gc,phases      ] GC(178)     Total                          Min: 0, Avg: 166.8, Max: 512, Diff: 512, Sum: 667, Workers: 4
[865.012s][debug][gc,phases      ] GC(178)   ObjectSynchronizer Weak        Min:  0.0, Avg:  0.0, Max:  0.0, Diff:  0.0, Sum:  0.0, Workers: 4
[865.012s][debug][gc,phases      ] GC(178)     Dead                           Min: 0, Avg:  0.0, Max: 0, Diff: 0, Sum: 0, Workers: 4
[865.012s][debug][gc,phases      ] GC(178)     Total                          Min: 0, Avg: 87.0, Max: 220, Diff: 220, Sum: 348, Workers: 4
[865.012s][debug][gc,phases      ] GC(178)   JVMTI Tag Weak OopStorage      Min:  0.0, Avg:  0.0, Max:  0.0, Diff:  0.0, Sum:  0.0, Workers: 4
[865.012s][debug][gc,phases      ] GC(178)     Dead                           Min: 0, Avg:  0.0, Max: 0, Diff: 0, Sum: 0, Workers: 4
[865.012s][debug][gc,phases      ] GC(178)     Total                          Min: 0, Avg:  0.0, Max: 0, Diff: 0, Sum: 0, Workers: 4
[865.012s][debug][gc,phases      ] GC(178)   StringTable Weak               Min:  0.1, Avg:  0.1, Max:  0.1, Diff:  0.0, Sum:  0.4, Workers: 4
[865.012s][debug][gc,phases      ] GC(178)     Dead                           Min: 0, Avg:  0.0, Max: 0, Diff: 0, Sum: 0, Workers: 4
[865.012s][debug][gc,phases      ] GC(178)     Total                          Min: 10240, Avg: 12007.5, Max: 16320, Diff: 6080, Sum: 48030, Workers: 4
[865.012s][debug][gc,phases      ] GC(178)   ResolvedMethodTable Weak       Min:  0.0, Avg:  0.0, Max:  0.0, Diff:  0.0, Sum:  0.1, Workers: 4
[865.012s][debug][gc,phases      ] GC(178)     Dead                           Min: 0, Avg:  0.0, Max: 0, Diff: 0, Sum: 0, Workers: 4
[865.012s][debug][gc,phases      ] GC(178)     Total                          Min: 1298, Avg: 1981.2, Max: 2988, Diff: 1690, Sum: 7925, Workers: 4
[865.012s][debug][gc,phases      ] GC(178)   JNI Weak                       Min:  0.0, Avg:  0.0, Max:  0.0, Diff:  0.0, Sum:  0.0, Workers: 4
[865.012s][debug][gc,phases      ] GC(178)     Dead                           Min: 0, Avg:  0.0, Max: 0, Diff: 0, Sum: 0, Workers: 4
[865.012s][debug][gc,phases      ] GC(178)     Total                          Min: 0, Avg:  0.0, Max: 0, Diff: 0, Sum: 0, Workers: 4
[865.012s][debug][gc,phases      ] GC(178)   StringDedup Table Weak         Min:  0.0, Avg:  0.0, Max:  0.0, Diff:  0.0, Sum:  0.0, Workers: 4
[865.012s][debug][gc,phases      ] GC(178)     Dead                           Min: 0, Avg:  0.0, Max: 0, Diff: 0, Sum: 0, Workers: 4
[865.012s][debug][gc,phases      ] GC(178)     Total                          Min: 0, Avg:  0.0, Max: 0, Diff: 0, Sum: 0, Workers: 4
[865.012s][debug][gc,phases      ] GC(178)   StringDedup Requests0 Weak     Min:  0.0, Avg:  0.0, Max:  0.0, Diff:  0.0, Sum:  0.0, Workers: 4
[865.012s][debug][gc,phases      ] GC(178)     Dead                           Min: 0, Avg:  0.0, Max: 0, Diff: 0, Sum: 0, Workers: 4
[865.012s][debug][gc,phases      ] GC(178)     Total                          Min: 0, Avg:  0.0, Max: 0, Diff: 0, Sum: 0, Workers: 4
[865.012s][debug][gc,phases      ] GC(178)   StringDedup Requests1 Weak     Min:  0.0, Avg:  0.0, Max:  0.0, Diff:  0.0, Sum:  0.0, Workers: 4
[865.012s][debug][gc,phases      ] GC(178)     Dead                           Min: 0, Avg:  0.0, Max: 0, Diff: 0, Sum: 0, Workers: 4
[865.012s][debug][gc,phases      ] GC(178)     Total                          Min: 0, Avg:  0.0, Max: 0, Diff: 0, Sum: 0, Workers: 4
[865.012s][debug][gc,phases      ] GC(178)   Weak JFR Old Object Samples    Min:  0.0, Avg:  0.0, Max:  0.0, Diff:  0.0, Sum:  0.0, Workers: 4
[865.012s][debug][gc,phases      ] GC(178)     Dead                           Min: 0, Avg:  0.0, Max: 0, Diff: 0, Sum: 0, Workers: 4
[865.012s][debug][gc,phases      ] GC(178)     Total                          Min: 0, Avg:  0.0, Max: 0, Diff: 0, Sum: 0, Workers: 4
[865.012s][debug][gc,phases      ] GC(178) Weak Processing 0.283ms
[865.012s][debug][gc,age         ] GC(178) Desired survivor size 5767168 bytes, new threshold 15 (max threshold 15)
[865.012s][info ][gc,heap        ] GC(178) PSYoungGen: 2087728K(2091008K)->2832K(2091008K) Eden: 2084864K(2084864K)->0K(2084864K) From: 2864K(6144K)->2832K(6144K)
[865.012s][info ][gc,heap        ] GC(178) ParOldGen: 558027K(614400K)->558067K(614400K)
[865.012s][info ][gc,metaspace   ] GC(178) Metaspace: 81948K(82816K)->81948K(82816K) NonClass: 70466K(70912K)->70466K(70912K) Class: 11482K(11904K)->11482K(11904K)
[865.012s][info ][gc             ] GC(178) Pause Young (Allocation Failure) 2583M->547M(2642M) 3.006ms
[865.012s][info ][gc,cpu         ] GC(178) User=0.01s Sys=0.00s Real=0.00s
[865.012s][info ][safepoint      ] Safepoint "ParallelGCFailedAllocation", Time since last: 1201859770 ns, Reaching safepoint: 103401 ns, At safepoint: 3069527 ns, Total: 3172928 ns
[866.012s][info ][safepoint      ] Safepoint "Cleanup", Time since last: 1000083744 ns, Reaching safepoint: 53501 ns, At safepoint: 7300 ns, Total: 60801 ns
[867.012s][info ][safepoint      ] Safepoint "Cleanup", Time since last: 1000121644 ns, Reaching safepoint: 50000 ns, At safepoint: 6100 ns, Total: 56100 ns
[877.854s][info ][gc,start       ] GC(179) Pause Young (Allocation Failure)
[877.857s][debug][gc,phases      ] GC(179) Scavenge 2.551ms
[877.857s][debug][gc,ref         ] GC(179) Skipped phase 1 of Reference Processing: no references
[877.857s][debug][gc,ref         ] GC(179) ReferenceProcessor::execute queues: 1, RefProcThreadModel::Single, marks_oops_alive: false
[877.857s][debug][gc,ref         ] GC(179) Skipped phase 3 of Reference Processing: no references
[877.857s][debug][gc,ref         ] GC(179) ReferenceProcessor::execute queues: 1, RefProcThreadModel::Single, marks_oops_alive: false
[877.857s][debug][gc,phases      ] GC(179) Reference Processing 0.112ms
[877.857s][debug][gc,phases      ] GC(179)   VM Weak                        Min:  0.0, Avg:  0.0, Max:  0.0, Diff:  0.0, Sum:  0.0, Workers: 4
[877.857s][debug][gc,phases      ] GC(179)     Dead                           Min: 0, Avg:  0.0, Max: 0, Diff: 0, Sum: 0, Workers: 4
[877.857s][debug][gc,phases      ] GC(179)     Total                          Min: 0, Avg: 166.8, Max: 667, Diff: 667, Sum: 667, Workers: 4
[877.857s][debug][gc,phases      ] GC(179)   ObjectSynchronizer Weak        Min:  0.0, Avg:  0.0, Max:  0.0, Diff:  0.0, Sum:  0.0, Workers: 4
[877.857s][debug][gc,phases      ] GC(179)     Dead                           Min: 0, Avg:  0.0, Max: 0, Diff: 0, Sum: 0, Workers: 4
[877.857s][debug][gc,phases      ] GC(179)     Total                          Min: 0, Avg: 87.0, Max: 128, Diff: 128, Sum: 348, Workers: 4
[877.857s][debug][gc,phases      ] GC(179)   JVMTI Tag Weak OopStorage      Min:  0.0, Avg:  0.0, Max:  0.0, Diff:  0.0, Sum:  0.0, Workers: 4
[877.857s][debug][gc,phases      ] GC(179)     Dead                           Min: 0, Avg:  0.0, Max: 0, Diff: 0, Sum: 0, Workers: 4
[877.857s][debug][gc,phases      ] GC(179)     Total                          Min: 0, Avg:  0.0, Max: 0, Diff: 0, Sum: 0, Workers: 4
[877.857s][debug][gc,phases      ] GC(179)   StringTable Weak               Min:  0.1, Avg:  0.1, Max:  0.1, Diff:  0.0, Sum:  0.4, Workers: 4
[877.857s][debug][gc,phases      ] GC(179)     Dead                           Min: 0, Avg:  0.0, Max: 0, Diff: 0, Sum: 0, Workers: 4
[877.857s][debug][gc,phases      ] GC(179)     Total                          Min: 9472, Avg: 12007.5, Max: 14558, Diff: 5086, Sum: 48030, Workers: 4
[877.857s][debug][gc,phases      ] GC(179)   ResolvedMethodTable Weak       Min:  0.0, Avg:  0.0, Max:  0.0, Diff:  0.0, Sum:  0.1, Workers: 4
[877.857s][debug][gc,phases      ] GC(179)     Dead                           Min: 0, Avg:  0.0, Max: 0, Diff: 0, Sum: 0, Workers: 4
[877.857s][debug][gc,phases      ] GC(179)     Total                          Min: 1472, Avg: 1981.2, Max: 2679, Diff: 1207, Sum: 7925, Workers: 4
[877.857s][debug][gc,phases      ] GC(179)   JNI Weak                       Min:  0.0, Avg:  0.0, Max:  0.0, Diff:  0.0, Sum:  0.0, Workers: 4
[877.857s][debug][gc,phases      ] GC(179)     Dead                           Min: 0, Avg:  0.0, Max: 0, Diff: 0, Sum: 0, Workers: 4
[877.857s][debug][gc,phases      ] GC(179)     Total                          Min: 0, Avg:  0.0, Max: 0, Diff: 0, Sum: 0, Workers: 4
[877.857s][debug][gc,phases      ] GC(179)   StringDedup Table Weak         Min:  0.0, Avg:  0.0, Max:  0.0, Diff:  0.0, Sum:  0.0, Workers: 4
[877.857s][debug][gc,phases      ] GC(179)     Dead                           Min: 0, Avg:  0.0, Max: 0, Diff: 0, Sum: 0, Workers: 4
[877.857s][debug][gc,phases      ] GC(179)     Total                          Min: 0, Avg:  0.0, Max: 0, Diff: 0, Sum: 0, Workers: 4
[877.857s][debug][gc,phases      ] GC(179)   StringDedup Requests0 Weak     Min:  0.0, Avg:  0.0, Max:  0.0, Diff:  0.0, Sum:  0.0, Workers: 4
[877.857s][debug][gc,phases      ] GC(179)     Dead                           Min: 0, Avg:  0.0, Max: 0, Diff: 0, Sum: 0, Workers: 4
[877.857s][debug][gc,phases      ] GC(179)     Total                          Min: 0, Avg:  0.0, Max: 0, Diff: 0, Sum: 0, Workers: 4
[877.857s][debug][gc,phases      ] GC(179)   StringDedup Requests1 Weak     Min:  0.0, Avg:  0.0, Max:  0.0, Diff:  0.0, Sum:  0.0, Workers: 4
[877.857s][debug][gc,phases      ] GC(179)     Dead                           Min: 0, Avg:  0.0, Max: 0, Diff: 0, Sum: 0, Workers: 4
[877.857s][debug][gc,phases      ] GC(179)     Total                          Min: 0, Avg:  0.0, Max: 0, Diff: 0, Sum: 0, Workers: 4
[877.857s][debug][gc,phases      ] GC(179)   Weak JFR Old Object Samples    Min:  0.0, Avg:  0.0, Max:  0.0, Diff:  0.0, Sum:  0.0, Workers: 4
[877.857s][debug][gc,phases      ] GC(179)     Dead                           Min: 0, Avg:  0.0, Max: 0, Diff: 0, Sum: 0, Workers: 4
[877.857s][debug][gc,phases      ] GC(179)     Total                          Min: 0, Avg:  0.0, Max: 0, Diff: 0, Sum: 0, Workers: 4
[877.857s][debug][gc,phases      ] GC(179) Weak Processing 0.270ms
[877.857s][debug][gc,age         ] GC(179) Desired survivor size 5767168 bytes, new threshold 15 (max threshold 15)
[877.857s][info ][gc,heap        ] GC(179) PSYoungGen: 2087696K(2091008K)->3024K(2091520K) Eden: 2084864K(2084864K)->0K(2085888K) From: 2832K(6144K)->3024K(5632K)
[877.857s][info ][gc,heap        ] GC(179) ParOldGen: 558067K(614400K)->558099K(614400K)
[877.857s][info ][gc,metaspace   ] GC(179) Metaspace: 81949K(82816K)->81949K(82816K) NonClass: 70467K(70912K)->70467K(70912K) Class: 11482K(11904K)->11482K(11904K)
[877.857s][info ][gc             ] GC(179) Pause Young (Allocation Failure) 2583M->547M(2642M) 3.044ms
[877.857s][info ][gc,cpu         ] GC(179) User=0.02s Sys=0.00s Real=0.00s
[877.857s][info ][safepoint      ] Safepoint "ParallelGCFailedAllocation", Time since last: 10841999601 ns, Reaching safepoint: 43301 ns, At safepoint: 3112228 ns, Total: 3155529 ns
[880.858s][info ][safepoint      ] Safepoint "Cleanup", Time since last: 3000152705 ns, Reaching safepoint: 104901 ns, At safepoint: 5600 ns, Total: 110501 ns
[882.858s][info ][safepoint      ] Safepoint "Cleanup", Time since last: 2000167568 ns, Reaching safepoint: 118401 ns, At safepoint: 7000 ns, Total: 125401 ns
[887.858s][info ][safepoint      ] Safepoint "Cleanup", Time since last: 5000298358 ns, Reaching safepoint: 112601 ns, At safepoint: 8900 ns, Total: 121501 ns
[890.129s][info ][gc,start       ] GC(180) Pause Young (Allocation Failure)
[890.131s][debug][gc,phases      ] GC(180) Scavenge 2.589ms
[890.131s][debug][gc,ref         ] GC(180) Skipped phase 1 of Reference Processing: no references
[890.131s][debug][gc,ref         ] GC(180) ReferenceProcessor::execute queues: 1, RefProcThreadModel::Single, marks_oops_alive: false
[890.131s][debug][gc,ref         ] GC(180) Skipped phase 3 of Reference Processing: no references
[890.131s][debug][gc,ref         ] GC(180) ReferenceProcessor::execute queues: 1, RefProcThreadModel::Single, marks_oops_alive: false
[890.131s][debug][gc,phases      ] GC(180) Reference Processing 0.119ms
[890.132s][debug][gc,phases      ] GC(180)   VM Weak                        Min:  0.0, Avg:  0.0, Max:  0.0, Diff:  0.0, Sum:  0.0, Workers: 4
[890.132s][debug][gc,phases      ] GC(180)     Dead                           Min: 0, Avg:  0.0, Max: 0, Diff: 0, Sum: 0, Workers: 4
[890.132s][debug][gc,phases      ] GC(180)     Total                          Min: 0, Avg: 166.8, Max: 347, Diff: 347, Sum: 667, Workers: 4
[890.132s][debug][gc,phases      ] GC(180)   ObjectSynchronizer Weak        Min:  0.0, Avg:  0.0, Max:  0.0, Diff:  0.0, Sum:  0.0, Workers: 4
[890.132s][debug][gc,phases      ] GC(180)     Dead                           Min: 0, Avg:  0.0, Max: 0, Diff: 0, Sum: 0, Workers: 4
[890.132s][debug][gc,phases      ] GC(180)     Total                          Min: 0, Avg: 87.0, Max: 192, Diff: 192, Sum: 348, Workers: 4
[890.132s][debug][gc,phases      ] GC(180)   JVMTI Tag Weak OopStorage      Min:  0.0, Avg:  0.0, Max:  0.0, Diff:  0.0, Sum:  0.0, Workers: 4
[890.132s][debug][gc,phases      ] GC(180)     Dead                           Min: 0, Avg:  0.0, Max: 0, Diff: 0, Sum: 0, Workers: 4
[890.132s][debug][gc,phases      ] GC(180)     Total                          Min: 0, Avg:  0.0, Max: 0, Diff: 0, Sum: 0, Workers: 4
[890.132s][debug][gc,phases      ] GC(180)   StringTable Weak               Min:  0.1, Avg:  0.1, Max:  0.1, Diff:  0.0, Sum:  0.4, Workers: 4
[890.132s][debug][gc,phases      ] GC(180)     Dead                           Min: 0, Avg:  0.0, Max: 0, Diff: 0, Sum: 0, Workers: 4
[890.132s][debug][gc,phases      ] GC(180)     Total                          Min: 9344, Avg: 12007.5, Max: 15006, Diff: 5662, Sum: 48030, Workers: 4
[890.132s][debug][gc,phases      ] GC(180)   ResolvedMethodTable Weak       Min:  0.0, Avg:  0.0, Max:  0.0, Diff:  0.0, Sum:  0.1, Workers: 4
[890.132s][debug][gc,phases      ] GC(180)     Dead                           Min: 0, Avg:  0.0, Max: 0, Diff: 0, Sum: 0, Workers: 4
[890.132s][debug][gc,phases      ] GC(180)     Total                          Min: 1616, Avg: 1981.2, Max: 2380, Diff: 764, Sum: 7925, Workers: 4
[890.132s][debug][gc,phases      ] GC(180)   JNI Weak                       Min:  0.0, Avg:  0.0, Max:  0.0, Diff:  0.0, Sum:  0.0, Workers: 4
[890.132s][debug][gc,phases      ] GC(180)     Dead                           Min: 0, Avg:  0.0, Max: 0, Diff: 0, Sum: 0, Workers: 4
[890.132s][debug][gc,phases      ] GC(180)     Total                          Min: 0, Avg:  0.0, Max: 0, Diff: 0, Sum: 0, Workers: 4
[890.132s][debug][gc,phases      ] GC(180)   StringDedup Table Weak         Min:  0.0, Avg:  0.0, Max:  0.0, Diff:  0.0, Sum:  0.0, Workers: 4
[890.132s][debug][gc,phases      ] GC(180)     Dead                           Min: 0, Avg:  0.0, Max: 0, Diff: 0, Sum: 0, Workers: 4
[890.132s][debug][gc,phases      ] GC(180)     Total                          Min: 0, Avg:  0.0, Max: 0, Diff: 0, Sum: 0, Workers: 4
[890.132s][debug][gc,phases      ] GC(180)   StringDedup Requests0 Weak     Min:  0.0, Avg:  0.0, Max:  0.0, Diff:  0.0, Sum:  0.0, Workers: 4
[890.132s][debug][gc,phases      ] GC(180)     Dead                           Min: 0, Avg:  0.0, Max: 0, Diff: 0, Sum: 0, Workers: 4
[890.132s][debug][gc,phases      ] GC(180)     Total                          Min: 0, Avg:  0.0, Max: 0, Diff: 0, Sum: 0, Workers: 4
[890.132s][debug][gc,phases      ] GC(180)   StringDedup Requests1 Weak     Min:  0.0, Avg:  0.0, Max:  0.0, Diff:  0.0, Sum:  0.0, Workers: 4
[890.132s][debug][gc,phases      ] GC(180)     Dead                           Min: 0, Avg:  0.0, Max: 0, Diff: 0, Sum: 0, Workers: 4
[890.132s][debug][gc,phases      ] GC(180)     Total                          Min: 0, Avg:  0.0, Max: 0, Diff: 0, Sum: 0, Workers: 4
[890.132s][debug][gc,phases      ] GC(180)   Weak JFR Old Object Samples    Min:  0.0, Avg:  0.0, Max:  0.0, Diff:  0.0, Sum:  0.0, Workers: 4
[890.132s][debug][gc,phases      ] GC(180)     Dead                           Min: 0, Avg:  0.0, Max: 0, Diff: 0, Sum: 0, Workers: 4
[890.132s][debug][gc,phases      ] GC(180)     Total                          Min: 0, Avg:  0.0, Max: 0, Diff: 0, Sum: 0, Workers: 4
[890.132s][debug][gc,phases      ] GC(180) Weak Processing 0.277ms
[890.132s][debug][gc,age         ] GC(180) Desired survivor size 5242880 bytes, new threshold 15 (max threshold 15)
[890.132s][info ][gc,heap        ] GC(180) PSYoungGen: 2088912K(2091520K)->2880K(2091520K) Eden: 2085888K(2085888K)->0K(2085888K) From: 3024K(5632K)->2880K(5632K)
[890.132s][info ][gc,heap        ] GC(180) ParOldGen: 558099K(614400K)->558172K(614400K)
[890.132s][info ][gc,metaspace   ] GC(180) Metaspace: 81956K(82816K)->81956K(82816K) NonClass: 70473K(70912K)->70473K(70912K) Class: 11482K(11904K)->11482K(11904K)
[890.132s][info ][gc             ] GC(180) Pause Young (Allocation Failure) 2584M->547M(2642M) 3.093ms
[890.132s][info ][gc,cpu         ] GC(180) User=0.01s Sys=0.01s Real=0.00s
[890.132s][info ][safepoint      ] Safepoint "ParallelGCFailedAllocation", Time since last: 2270072496 ns, Reaching safepoint: 43800 ns, At safepoint: 3170029 ns, Total: 3213829 ns
[893.132s][info ][safepoint      ] Safepoint "Cleanup", Time since last: 3000208883 ns, Reaching safepoint: 45700 ns, At safepoint: 8601 ns, Total: 54301 ns
[901.133s][info ][safepoint      ] Safepoint "Cleanup", Time since last: 8000487995 ns, Reaching safepoint: 40000 ns, At safepoint: 5800 ns, Total: 45800 ns
[902.644s][info ][gc,start       ] GC(181) Pause Young (Allocation Failure)
[902.647s][debug][gc,phases      ] GC(181) Scavenge 2.843ms
[902.647s][debug][gc,ref         ] GC(181) Skipped phase 1 of Reference Processing: no references
[902.647s][debug][gc,ref         ] GC(181) ReferenceProcessor::execute queues: 1, RefProcThreadModel::Single, marks_oops_alive: false
[902.647s][debug][gc,ref         ] GC(181) Skipped phase 3 of Reference Processing: no references
[902.647s][debug][gc,ref         ] GC(181) ReferenceProcessor::execute queues: 1, RefProcThreadModel::Single, marks_oops_alive: false
[902.647s][debug][gc,phases      ] GC(181) Reference Processing 0.104ms
[902.647s][debug][gc,phases      ] GC(181)   VM Weak                        Min:  0.0, Avg:  0.0, Max:  0.0, Diff:  0.0, Sum:  0.0, Workers: 4
[902.647s][debug][gc,phases      ] GC(181)     Dead                           Min: 0, Avg:  0.0, Max: 0, Diff: 0, Sum: 0, Workers: 4
[902.647s][debug][gc,phases      ] GC(181)     Total                          Min: 0, Avg: 166.8, Max: 667, Diff: 667, Sum: 667, Workers: 4
[902.647s][debug][gc,phases      ] GC(181)   ObjectSynchronizer Weak        Min:  0.0, Avg:  0.0, Max:  0.0, Diff:  0.0, Sum:  0.0, Workers: 4
[902.647s][debug][gc,phases      ] GC(181)     Dead                           Min: 0, Avg:  0.0, Max: 0, Diff: 0, Sum: 0, Workers: 4
[902.647s][debug][gc,phases      ] GC(181)     Total                          Min: 0, Avg: 87.0, Max: 256, Diff: 256, Sum: 348, Workers: 4
[902.647s][debug][gc,phases      ] GC(181)   JVMTI Tag Weak OopStorage      Min:  0.0, Avg:  0.0, Max:  0.0, Diff:  0.0, Sum:  0.0, Workers: 4
[902.647s][debug][gc,phases      ] GC(181)     Dead                           Min: 0, Avg:  0.0, Max: 0, Diff: 0, Sum: 0, Workers: 4
[902.647s][debug][gc,phases      ] GC(181)     Total                          Min: 0, Avg:  0.0, Max: 0, Diff: 0, Sum: 0, Workers: 4
[902.647s][debug][gc,phases      ] GC(181)   StringTable Weak               Min:  0.1, Avg:  0.1, Max:  0.1, Diff:  0.0, Sum:  0.4, Workers: 4
[902.647s][debug][gc,phases      ] GC(181)     Dead                           Min: 0, Avg:  0.0, Max: 0, Diff: 0, Sum: 0, Workers: 4
[902.647s][debug][gc,phases      ] GC(181)     Total                          Min: 9600, Avg: 12013.0, Max: 14720, Diff: 5120, Sum: 48052, Workers: 4
[902.647s][debug][gc,phases      ] GC(181)   ResolvedMethodTable Weak       Min:  0.0, Avg:  0.0, Max:  0.0, Diff:  0.0, Sum:  0.1, Workers: 4
[902.647s][debug][gc,phases      ] GC(181)     Dead                           Min: 0, Avg:  0.0, Max: 0, Diff: 0, Sum: 0, Workers: 4
[902.647s][debug][gc,phases      ] GC(181)     Total                          Min: 1551, Avg: 1981.2, Max: 2585, Diff: 1034, Sum: 7925, Workers: 4
[902.647s][debug][gc,phases      ] GC(181)   JNI Weak                       Min:  0.0, Avg:  0.0, Max:  0.0, Diff:  0.0, Sum:  0.0, Workers: 4
[902.647s][debug][gc,phases      ] GC(181)     Dead                           Min: 0, Avg:  0.0, Max: 0, Diff: 0, Sum: 0, Workers: 4
[902.647s][debug][gc,phases      ] GC(181)     Total                          Min: 0, Avg:  0.0, Max: 0, Diff: 0, Sum: 0, Workers: 4
[902.647s][debug][gc,phases      ] GC(181)   StringDedup Table Weak         Min:  0.0, Avg:  0.0, Max:  0.0, Diff:  0.0, Sum:  0.0, Workers: 4
[902.647s][debug][gc,phases      ] GC(181)     Dead                           Min: 0, Avg:  0.0, Max: 0, Diff: 0, Sum: 0, Workers: 4
[902.647s][debug][gc,phases      ] GC(181)     Total                          Min: 0, Avg:  0.0, Max: 0, Diff: 0, Sum: 0, Workers: 4
[902.647s][debug][gc,phases      ] GC(181)   StringDedup Requests0 Weak     Min:  0.0, Avg:  0.0, Max:  0.0, Diff:  0.0, Sum:  0.0, Workers: 4
[902.647s][debug][gc,phases      ] GC(181)     Dead                           Min: 0, Avg:  0.0, Max: 0, Diff: 0, Sum: 0, Workers: 4
[902.647s][debug][gc,phases      ] GC(181)     Total                          Min: 0, Avg:  0.0, Max: 0, Diff: 0, Sum: 0, Workers: 4
[902.647s][debug][gc,phases      ] GC(181)   StringDedup Requests1 Weak     Min:  0.0, Avg:  0.0, Max:  0.0, Diff:  0.0, Sum:  0.0, Workers: 4
[902.647s][debug][gc,phases      ] GC(181)     Dead                           Min: 0, Avg:  0.0, Max: 0, Diff: 0, Sum: 0, Workers: 4
[902.647s][debug][gc,phases      ] GC(181)     Total                          Min: 0, Avg:  0.0, Max: 0, Diff: 0, Sum: 0, Workers: 4
[902.647s][debug][gc,phases      ] GC(181)   Weak JFR Old Object Samples    Min:  0.0, Avg:  0.0, Max:  0.0, Diff:  0.0, Sum:  0.0, Workers: 4
[902.647s][debug][gc,phases      ] GC(181)     Dead                           Min: 0, Avg:  0.0, Max: 0, Diff: 0, Sum: 0, Workers: 4
[902.647s][debug][gc,phases      ] GC(181)     Total                          Min: 0, Avg:  0.0, Max: 0, Diff: 0, Sum: 0, Workers: 4
[902.647s][debug][gc,phases      ] GC(181) Weak Processing 0.278ms
[902.647s][debug][gc,age         ] GC(181) Desired survivor size 5242880 bytes, new threshold 15 (max threshold 15)
[902.647s][info ][gc,heap        ] GC(181) PSYoungGen: 2088768K(2091520K)->2880K(2092032K) Eden: 2085888K(2085888K)->0K(2086912K) From: 2880K(5632K)->2880K(5120K)
[902.647s][info ][gc,heap        ] GC(181) ParOldGen: 558172K(614400K)->558220K(614400K)
[902.647s][info ][gc,metaspace   ] GC(181) Metaspace: 81970K(82880K)->81970K(82880K) NonClass: 70488K(70976K)->70488K(70976K) Class: 11482K(11904K)->11482K(11904K)
[902.647s][info ][gc             ] GC(181) Pause Young (Allocation Failure) 2584M->547M(2643M) 3.321ms
[902.647s][info ][gc,cpu         ] GC(181) User=0.01s Sys=0.01s Real=0.00s
[902.647s][info ][safepoint      ] Safepoint "ParallelGCFailedAllocation", Time since last: 1511143432 ns, Reaching safepoint: 27101 ns, At safepoint: 3389730 ns, Total: 3416831 ns
[910.648s][info ][safepoint      ] Safepoint "Cleanup", Time since last: 8000467550 ns, Reaching safepoint: 40501 ns, At safepoint: 3000 ns, Total: 43501 ns
[911.648s][info ][safepoint      ] Safepoint "Cleanup", Time since last: 1000107716 ns, Reaching safepoint: 39101 ns, At safepoint: 3400 ns, Total: 42501 ns
[912.648s][info ][safepoint      ] Safepoint "Cleanup", Time since last: 1000098816 ns, Reaching safepoint: 35600 ns, At safepoint: 2600 ns, Total: 38200 ns
[914.856s][info ][gc,start       ] GC(182) Pause Young (Allocation Failure)
[914.859s][debug][gc,phases      ] GC(182) Scavenge 2.582ms
[914.859s][debug][gc,ref         ] GC(182) Skipped phase 1 of Reference Processing: no references
[914.859s][debug][gc,ref         ] GC(182) ReferenceProcessor::execute queues: 1, RefProcThreadModel::Single, marks_oops_alive: false
[914.859s][debug][gc,ref         ] GC(182) Skipped phase 3 of Reference Processing: no references
[914.859s][debug][gc,ref         ] GC(182) ReferenceProcessor::execute queues: 1, RefProcThreadModel::Single, marks_oops_alive: false
[914.859s][debug][gc,phases      ] GC(182) Reference Processing 0.104ms
[914.859s][debug][gc,phases      ] GC(182)   VM Weak                        Min:  0.0, Avg:  0.0, Max:  0.0, Diff:  0.0, Sum:  0.0, Workers: 4
[914.859s][debug][gc,phases      ] GC(182)     Dead                           Min: 0, Avg:  0.0, Max: 0, Diff: 0, Sum: 0, Workers: 4
[914.859s][debug][gc,phases      ] GC(182)     Total                          Min: 0, Avg: 166.8, Max: 667, Diff: 667, Sum: 667, Workers: 4
[914.859s][debug][gc,phases      ] GC(182)   ObjectSynchronizer Weak        Min:  0.0, Avg:  0.0, Max:  0.0, Diff:  0.0, Sum:  0.0, Workers: 4
[914.859s][debug][gc,phases      ] GC(182)     Dead                           Min: 0, Avg:  0.0, Max: 0, Diff: 0, Sum: 0, Workers: 4
[914.859s][debug][gc,phases      ] GC(182)     Total                          Min: 0, Avg: 87.0, Max: 284, Diff: 284, Sum: 348, Workers: 4
[914.859s][debug][gc,phases      ] GC(182)   JVMTI Tag Weak OopStorage      Min:  0.0, Avg:  0.0, Max:  0.0, Diff:  0.0, Sum:  0.0, Workers: 4
[914.859s][debug][gc,phases      ] GC(182)     Dead                           Min: 0, Avg:  0.0, Max: 0, Diff: 0, Sum: 0, Workers: 4
[914.859s][debug][gc,phases      ] GC(182)     Total                          Min: 0, Avg:  0.0, Max: 0, Diff: 0, Sum: 0, Workers: 4
[914.859s][debug][gc,phases      ] GC(182)   StringTable Weak               Min:  0.1, Avg:  0.1, Max:  0.1, Diff:  0.0, Sum:  0.3, Workers: 4
[914.859s][debug][gc,phases      ] GC(182)     Dead                           Min: 0, Avg:  0.0, Max: 0, Diff: 0, Sum: 0, Workers: 4
[914.859s][debug][gc,phases      ] GC(182)     Total                          Min: 8640, Avg: 12013.2, Max: 13365, Diff: 4725, Sum: 48053, Workers: 4
[914.859s][debug][gc,phases      ] GC(182)   ResolvedMethodTable Weak       Min:  0.0, Avg:  0.0, Max:  0.0, Diff:  0.0, Sum:  0.1, Workers: 4
[914.859s][debug][gc,phases      ] GC(182)     Dead                           Min: 0, Avg:  0.0, Max: 0, Diff: 0, Sum: 0, Workers: 4
[914.859s][debug][gc,phases      ] GC(182)     Total                          Min: 1641, Avg: 1981.2, Max: 2174, Diff: 533, Sum: 7925, Workers: 4
[914.859s][debug][gc,phases      ] GC(182)   JNI Weak                       Min:  0.0, Avg:  0.0, Max:  0.0, Diff:  0.0, Sum:  0.0, Workers: 4
[914.859s][debug][gc,phases      ] GC(182)     Dead                           Min: 0, Avg:  0.0, Max: 0, Diff: 0, Sum: 0, Workers: 4
[914.859s][debug][gc,phases      ] GC(182)     Total                          Min: 0, Avg:  0.0, Max: 0, Diff: 0, Sum: 0, Workers: 4
[914.859s][debug][gc,phases      ] GC(182)   StringDedup Table Weak         Min:  0.0, Avg:  0.0, Max:  0.0, Diff:  0.0, Sum:  0.0, Workers: 4
[914.859s][debug][gc,phases      ] GC(182)     Dead                           Min: 0, Avg:  0.0, Max: 0, Diff: 0, Sum: 0, Workers: 4
[914.859s][debug][gc,phases      ] GC(182)     Total                          Min: 0, Avg:  0.0, Max: 0, Diff: 0, Sum: 0, Workers: 4
[914.859s][debug][gc,phases      ] GC(182)   StringDedup Requests0 Weak     Min:  0.0, Avg:  0.0, Max:  0.0, Diff:  0.0, Sum:  0.0, Workers: 4
[914.859s][debug][gc,phases      ] GC(182)     Dead                           Min: 0, Avg:  0.0, Max: 0, Diff: 0, Sum: 0, Workers: 4
[914.859s][debug][gc,phases      ] GC(182)     Total                          Min: 0, Avg:  0.0, Max: 0, Diff: 0, Sum: 0, Workers: 4
[914.859s][debug][gc,phases      ] GC(182)   StringDedup Requests1 Weak     Min:  0.0, Avg:  0.0, Max:  0.0, Diff:  0.0, Sum:  0.0, Workers: 4
[914.859s][debug][gc,phases      ] GC(182)     Dead                           Min: 0, Avg:  0.0, Max: 0, Diff: 0, Sum: 0, Workers: 4
[914.859s][debug][gc,phases      ] GC(182)     Total                          Min: 0, Avg:  0.0, Max: 0, Diff: 0, Sum: 0, Workers: 4
[914.859s][debug][gc,phases      ] GC(182)   Weak JFR Old Object Samples    Min:  0.0, Avg:  0.0, Max:  0.0, Diff:  0.0, Sum:  0.0, Workers: 4
[914.859s][debug][gc,phases      ] GC(182)     Dead                           Min: 0, Avg:  0.0, Max: 0, Diff: 0, Sum: 0, Workers: 4
[914.859s][debug][gc,phases      ] GC(182)     Total                          Min: 0, Avg:  0.0, Max: 0, Diff: 0, Sum: 0, Workers: 4
[914.859s][debug][gc,phases      ] GC(182) Weak Processing 0.268ms
[914.859s][debug][gc,age         ] GC(182) Desired survivor size 5242880 bytes, new threshold 15 (max threshold 15)
[914.859s][info ][gc,heap        ] GC(182) PSYoungGen: 2089792K(2092032K)->2752K(2092032K) Eden: 2086912K(2086912K)->0K(2086912K) From: 2880K(5120K)->2752K(5120K)
[914.859s][info ][gc,heap        ] GC(182) ParOldGen: 558220K(614400K)->558396K(614400K)
[914.859s][info ][gc,metaspace   ] GC(182) Metaspace: 81972K(82880K)->81972K(82880K) NonClass: 70490K(70976K)->70490K(70976K) Class: 11482K(11904K)->11482K(11904K)
[914.859s][info ][gc             ] GC(182) Pause Young (Allocation Failure) 2585M->547M(2643M) 3.055ms
[914.859s][info ][gc,cpu         ] GC(182) User=0.01s Sys=0.00s Real=0.00s
[914.859s][info ][safepoint      ] Safepoint "ParallelGCFailedAllocation", Time since last: 2208180105 ns, Reaching safepoint: 34000 ns, At safepoint: 3124328 ns, Total: 3158328 ns
[919.860s][info ][safepoint      ] Safepoint "Cleanup", Time since last: 5000340763 ns, Reaching safepoint: 119101 ns, At safepoint: 11601 ns, Total: 130702 ns
[928.052s][info ][gc,start       ] GC(183) Pause Young (Allocation Failure)
[928.055s][debug][gc,phases      ] GC(183) Scavenge 3.032ms
[928.055s][debug][gc,ref         ] GC(183) Skipped phase 1 of Reference Processing: no references
[928.055s][debug][gc,ref         ] GC(183) ReferenceProcessor::execute queues: 1, RefProcThreadModel::Single, marks_oops_alive: false
[928.055s][debug][gc,ref         ] GC(183) Skipped phase 3 of Reference Processing: no references
[928.055s][debug][gc,ref         ] GC(183) ReferenceProcessor::execute queues: 1, RefProcThreadModel::Single, marks_oops_alive: false
[928.055s][debug][gc,phases      ] GC(183) Reference Processing 0.132ms
[928.055s][debug][gc,phases      ] GC(183)   VM Weak                        Min:  0.0, Avg:  0.0, Max:  0.0, Diff:  0.0, Sum:  0.0, Workers: 4
[928.055s][debug][gc,phases      ] GC(183)     Dead                           Min: 0, Avg:  0.0, Max: 0, Diff: 0, Sum: 0, Workers: 4
[928.055s][debug][gc,phases      ] GC(183)     Total                          Min: 0, Avg: 166.8, Max: 640, Diff: 640, Sum: 667, Workers: 4
[928.055s][debug][gc,phases      ] GC(183)   ObjectSynchronizer Weak        Min:  0.0, Avg:  0.0, Max:  0.0, Diff:  0.0, Sum:  0.0, Workers: 4
[928.055s][debug][gc,phases      ] GC(183)     Dead                           Min: 0, Avg:  0.0, Max: 0, Diff: 0, Sum: 0, Workers: 4
[928.055s][debug][gc,phases      ] GC(183)     Total                          Min: 0, Avg: 87.0, Max: 128, Diff: 128, Sum: 348, Workers: 4
[928.055s][debug][gc,phases      ] GC(183)   JVMTI Tag Weak OopStorage      Min:  0.0, Avg:  0.0, Max:  0.0, Diff:  0.0, Sum:  0.0, Workers: 4
[928.055s][debug][gc,phases      ] GC(183)     Dead                           Min: 0, Avg:  0.0, Max: 0, Diff: 0, Sum: 0, Workers: 4
[928.055s][debug][gc,phases      ] GC(183)     Total                          Min: 0, Avg:  0.0, Max: 0, Diff: 0, Sum: 0, Workers: 4
[928.055s][debug][gc,phases      ] GC(183)   StringTable Weak               Min:  0.1, Avg:  0.1, Max:  0.1, Diff:  0.0, Sum:  0.4, Workers: 4
[928.055s][debug][gc,phases      ] GC(183)     Dead                           Min: 0, Avg:  0.0, Max: 0, Diff: 0, Sum: 0, Workers: 4
[928.055s][debug][gc,phases      ] GC(183)     Total                          Min: 9600, Avg: 12013.2, Max: 14848, Diff: 5248, Sum: 48053, Workers: 4
[928.055s][debug][gc,phases      ] GC(183)   ResolvedMethodTable Weak       Min:  0.0, Avg:  0.0, Max:  0.0, Diff:  0.0, Sum:  0.1, Workers: 4
[928.055s][debug][gc,phases      ] GC(183)     Dead                           Min: 0, Avg:  0.0, Max: 0, Diff: 0, Sum: 0, Workers: 4
[928.055s][debug][gc,phases      ] GC(183)     Total                          Min: 1624, Avg: 1981.2, Max: 2305, Diff: 681, Sum: 7925, Workers: 4
[928.055s][debug][gc,phases      ] GC(183)   JNI Weak                       Min:  0.0, Avg:  0.0, Max:  0.0, Diff:  0.0, Sum:  0.0, Workers: 4
[928.056s][debug][gc,phases      ] GC(183)     Dead                           Min: 0, Avg:  0.0, Max: 0, Diff: 0, Sum: 0, Workers: 4
[928.056s][debug][gc,phases      ] GC(183)     Total                          Min: 0, Avg:  0.0, Max: 0, Diff: 0, Sum: 0, Workers: 4
[928.056s][debug][gc,phases      ] GC(183)   StringDedup Table Weak         Min:  0.0, Avg:  0.0, Max:  0.0, Diff:  0.0, Sum:  0.0, Workers: 4
[928.056s][debug][gc,phases      ] GC(183)     Dead                           Min: 0, Avg:  0.0, Max: 0, Diff: 0, Sum: 0, Workers: 4
[928.056s][debug][gc,phases      ] GC(183)     Total                          Min: 0, Avg:  0.0, Max: 0, Diff: 0, Sum: 0, Workers: 4
[928.056s][debug][gc,phases      ] GC(183)   StringDedup Requests0 Weak     Min:  0.0, Avg:  0.0, Max:  0.0, Diff:  0.0, Sum:  0.0, Workers: 4
[928.056s][debug][gc,phases      ] GC(183)     Dead                           Min: 0, Avg:  0.0, Max: 0, Diff: 0, Sum: 0, Workers: 4
[928.056s][debug][gc,phases      ] GC(183)     Total                          Min: 0, Avg:  0.0, Max: 0, Diff: 0, Sum: 0, Workers: 4
[928.056s][debug][gc,phases      ] GC(183)   StringDedup Requests1 Weak     Min:  0.0, Avg:  0.0, Max:  0.0, Diff:  0.0, Sum:  0.0, Workers: 4
[928.056s][debug][gc,phases      ] GC(183)     Dead                           Min: 0, Avg:  0.0, Max: 0, Diff: 0, Sum: 0, Workers: 4
[928.056s][debug][gc,phases      ] GC(183)     Total                          Min: 0, Avg:  0.0, Max: 0, Diff: 0, Sum: 0, Workers: 4
[928.056s][debug][gc,phases      ] GC(183)   Weak JFR Old Object Samples    Min:  0.0, Avg:  0.0, Max:  0.0, Diff:  0.0, Sum:  0.0, Workers: 4
[928.056s][debug][gc,phases      ] GC(183)     Dead                           Min: 0, Avg:  0.0, Max: 0, Diff: 0, Sum: 0, Workers: 4
[928.056s][debug][gc,phases      ] GC(183)     Total                          Min: 0, Avg:  0.0, Max: 0, Diff: 0, Sum: 0, Workers: 4
[928.056s][debug][gc,phases      ] GC(183) Weak Processing 0.306ms
[928.056s][debug][gc,age         ] GC(183) Desired survivor size 4718592 bytes, new threshold 15 (max threshold 15)
[928.056s][info ][gc,heap        ] GC(183) PSYoungGen: 2089664K(2092032K)->2560K(2092544K) Eden: 2086912K(2086912K)->0K(2087424K) From: 2752K(5120K)->2560K(5120K)
[928.056s][info ][gc,heap        ] GC(183) ParOldGen: 558396K(614400K)->558420K(614400K)
[928.056s][info ][gc,metaspace   ] GC(183) Metaspace: 81978K(82880K)->81978K(82880K) NonClass: 70496K(70976K)->70496K(70976K) Class: 11482K(11904K)->11482K(11904K)
[928.056s][info ][gc             ] GC(183) Pause Young (Allocation Failure) 2585M->547M(2643M) 3.583ms
[928.056s][info ][gc,cpu         ] GC(183) User=0.02s Sys=0.00s Real=0.00s
[928.056s][info ][safepoint      ] Safepoint "ParallelGCFailedAllocation", Time since last: 8192261298 ns, Reaching safepoint: 29300 ns, At safepoint: 3662733 ns, Total: 3692033 ns
[929.056s][info ][safepoint      ] Safepoint "Cleanup", Time since last: 1000089106 ns, Reaching safepoint: 108201 ns, At safepoint: 5700 ns, Total: 113901 ns
[941.057s][info ][safepoint      ] Safepoint "Cleanup", Time since last: 12000808432 ns, Reaching safepoint: 112501 ns, At safepoint: 8200 ns, Total: 120701 ns
[941.683s][info ][gc,start       ] GC(184) Pause Young (Allocation Failure)
[941.686s][debug][gc,phases      ] GC(184) Scavenge 2.554ms
[941.686s][debug][gc,ref         ] GC(184) Skipped phase 1 of Reference Processing: no references
[941.686s][debug][gc,ref         ] GC(184) ReferenceProcessor::execute queues: 1, RefProcThreadModel::Single, marks_oops_alive: false
[941.686s][debug][gc,ref         ] GC(184) Skipped phase 3 of Reference Processing: no references
[941.686s][debug][gc,ref         ] GC(184) ReferenceProcessor::execute queues: 1, RefProcThreadModel::Single, marks_oops_alive: false
[941.686s][debug][gc,phases      ] GC(184) Reference Processing 0.114ms
[941.686s][debug][gc,phases      ] GC(184)   VM Weak                        Min:  0.0, Avg:  0.0, Max:  0.0, Diff:  0.0, Sum:  0.0, Workers: 4
[941.686s][debug][gc,phases      ] GC(184)     Dead                           Min: 0, Avg:  0.0, Max: 0, Diff: 0, Sum: 0, Workers: 4
[941.686s][debug][gc,phases      ] GC(184)     Total                          Min: 0, Avg: 166.8, Max: 411, Diff: 411, Sum: 667, Workers: 4
[941.686s][debug][gc,phases      ] GC(184)   ObjectSynchronizer Weak        Min:  0.0, Avg:  0.0, Max:  0.0, Diff:  0.0, Sum:  0.0, Workers: 4
[941.686s][debug][gc,phases      ] GC(184)     Dead                           Min: 0, Avg:  0.0, Max: 0, Diff: 0, Sum: 0, Workers: 4
[941.686s][debug][gc,phases      ] GC(184)     Total                          Min: 0, Avg: 87.0, Max: 192, Diff: 192, Sum: 348, Workers: 4
[941.686s][debug][gc,phases      ] GC(184)   JVMTI Tag Weak OopStorage      Min:  0.0, Avg:  0.0, Max:  0.0, Diff:  0.0, Sum:  0.0, Workers: 4
[941.686s][debug][gc,phases      ] GC(184)     Dead                           Min: 0, Avg:  0.0, Max: 0, Diff: 0, Sum: 0, Workers: 4
[941.686s][debug][gc,phases      ] GC(184)     Total                          Min: 0, Avg:  0.0, Max: 0, Diff: 0, Sum: 0, Workers: 4
[941.686s][debug][gc,phases      ] GC(184)   StringTable Weak               Min:  0.1, Avg:  0.1, Max:  0.1, Diff:  0.0, Sum:  0.5, Workers: 4
[941.686s][debug][gc,phases      ] GC(184)     Dead                           Min: 0, Avg:  0.0, Max: 0, Diff: 0, Sum: 0, Workers: 4
[941.686s][debug][gc,phases      ] GC(184)     Total                          Min: 11702, Avg: 12013.5, Max: 12416, Diff: 714, Sum: 48054, Workers: 4
[941.686s][debug][gc,phases      ] GC(184)   ResolvedMethodTable Weak       Min:  0.0, Avg:  0.0, Max:  0.0, Diff:  0.0, Sum:  0.1, Workers: 4
[941.686s][debug][gc,phases      ] GC(184)     Dead                           Min: 0, Avg:  0.0, Max: 0, Diff: 0, Sum: 0, Workers: 4
[941.686s][debug][gc,phases      ] GC(184)     Total                          Min: 1697, Avg: 1981.2, Max: 2245, Diff: 548, Sum: 7925, Workers: 4
[941.686s][debug][gc,phases      ] GC(184)   JNI Weak                       Min:  0.0, Avg:  0.0, Max:  0.0, Diff:  0.0, Sum:  0.0, Workers: 4
[941.686s][debug][gc,phases      ] GC(184)     Dead                           Min: 0, Avg:  0.0, Max: 0, Diff: 0, Sum: 0, Workers: 4
[941.686s][debug][gc,phases      ] GC(184)     Total                          Min: 0, Avg:  0.0, Max: 0, Diff: 0, Sum: 0, Workers: 4
[941.686s][debug][gc,phases      ] GC(184)   StringDedup Table Weak         Min:  0.0, Avg:  0.0, Max:  0.0, Diff:  0.0, Sum:  0.0, Workers: 4
[941.686s][debug][gc,phases      ] GC(184)     Dead                           Min: 0, Avg:  0.0, Max: 0, Diff: 0, Sum: 0, Workers: 4
[941.686s][debug][gc,phases      ] GC(184)     Total                          Min: 0, Avg:  0.0, Max: 0, Diff: 0, Sum: 0, Workers: 4
[941.686s][debug][gc,phases      ] GC(184)   StringDedup Requests0 Weak     Min:  0.0, Avg:  0.0, Max:  0.0, Diff:  0.0, Sum:  0.0, Workers: 4
[941.686s][debug][gc,phases      ] GC(184)     Dead                           Min: 0, Avg:  0.0, Max: 0, Diff: 0, Sum: 0, Workers: 4
[941.686s][debug][gc,phases      ] GC(184)     Total                          Min: 0, Avg:  0.0, Max: 0, Diff: 0, Sum: 0, Workers: 4
[941.686s][debug][gc,phases      ] GC(184)   StringDedup Requests1 Weak     Min:  0.0, Avg:  0.0, Max:  0.0, Diff:  0.0, Sum:  0.0, Workers: 4
[941.686s][debug][gc,phases      ] GC(184)     Dead                           Min: 0, Avg:  0.0, Max: 0, Diff: 0, Sum: 0, Workers: 4
[941.686s][debug][gc,phases      ] GC(184)     Total                          Min: 0, Avg:  0.0, Max: 0, Diff: 0, Sum: 0, Workers: 4
[941.686s][debug][gc,phases      ] GC(184)   Weak JFR Old Object Samples    Min:  0.0, Avg:  0.0, Max:  0.0, Diff:  0.0, Sum:  0.0, Workers: 4
[941.686s][debug][gc,phases      ] GC(184)     Dead                           Min: 0, Avg:  0.0, Max: 0, Diff: 0, Sum: 0, Workers: 4
[941.686s][debug][gc,phases      ] GC(184)     Total                          Min: 0, Avg:  0.0, Max: 0, Diff: 0, Sum: 0, Workers: 4
[941.686s][debug][gc,phases      ] GC(184) Weak Processing 0.311ms
[941.686s][debug][gc,age         ] GC(184) Desired survivor size 4718592 bytes, new threshold 15 (max threshold 15)
[941.686s][info ][gc,heap        ] GC(184) PSYoungGen: 2089984K(2092544K)->2560K(2092032K) Eden: 2087424K(2087424K)->0K(2087424K) From: 2560K(5120K)->2560K(4608K)
[941.686s][info ][gc,heap        ] GC(184) ParOldGen: 558420K(614400K)->558452K(614400K)
[941.686s][info ][gc,metaspace   ] GC(184) Metaspace: 81984K(82880K)->81984K(82880K) NonClass: 70502K(70976K)->70502K(70976K) Class: 11482K(11904K)->11482K(11904K)
[941.686s][info ][gc             ] GC(184) Pause Young (Allocation Failure) 2586M->547M(2643M) 3.075ms
[941.686s][info ][gc,cpu         ] GC(184) User=0.01s Sys=0.00s Real=0.00s
[941.686s][info ][safepoint      ] Safepoint "ParallelGCFailedAllocation", Time since last: 626224735 ns, Reaching safepoint: 104701 ns, At safepoint: 3149328 ns, Total: 3254029 ns
[942.686s][info ][safepoint      ] Safepoint "Cleanup", Time since last: 1000077699 ns, Reaching safepoint: 42501 ns, At safepoint: 3300 ns, Total: 45801 ns
[952.687s][info ][safepoint      ] Safepoint "Cleanup", Time since last: 10000679757 ns, Reaching safepoint: 44000 ns, At safepoint: 2700 ns, Total: 46700 ns
[954.687s][info ][safepoint      ] Safepoint "Cleanup", Time since last: 2000181386 ns, Reaching safepoint: 59900 ns, At safepoint: 7500 ns, Total: 67400 ns
[955.199s][info ][gc,start       ] GC(185) Pause Young (Allocation Failure)
[955.201s][debug][gc,phases      ] GC(185) Scavenge 2.323ms
[955.201s][debug][gc,ref         ] GC(185) Skipped phase 1 of Reference Processing: no references
[955.201s][debug][gc,ref         ] GC(185) ReferenceProcessor::execute queues: 1, RefProcThreadModel::Single, marks_oops_alive: false
[955.201s][debug][gc,ref         ] GC(185) Skipped phase 3 of Reference Processing: no references
[955.201s][debug][gc,ref         ] GC(185) ReferenceProcessor::execute queues: 1, RefProcThreadModel::Single, marks_oops_alive: false
[955.201s][debug][gc,phases      ] GC(185) Reference Processing 0.109ms
[955.201s][debug][gc,phases      ] GC(185)   VM Weak                        Min:  0.0, Avg:  0.0, Max:  0.0, Diff:  0.0, Sum:  0.0, Workers: 4
[955.201s][debug][gc,phases      ] GC(185)     Dead                           Min: 0, Avg:  0.0, Max: 0, Diff: 0, Sum: 0, Workers: 4
[955.201s][debug][gc,phases      ] GC(185)     Total                          Min: 0, Avg: 166.8, Max: 512, Diff: 512, Sum: 667, Workers: 4
[955.201s][debug][gc,phases      ] GC(185)   ObjectSynchronizer Weak        Min:  0.0, Avg:  0.0, Max:  0.0, Diff:  0.0, Sum:  0.0, Workers: 4
[955.201s][debug][gc,phases      ] GC(185)     Dead                           Min: 0, Avg:  0.0, Max: 0, Diff: 0, Sum: 0, Workers: 4
[955.201s][debug][gc,phases      ] GC(185)     Total                          Min: 0, Avg: 87.0, Max: 220, Diff: 220, Sum: 348, Workers: 4
[955.201s][debug][gc,phases      ] GC(185)   JVMTI Tag Weak OopStorage      Min:  0.0, Avg:  0.0, Max:  0.0, Diff:  0.0, Sum:  0.0, Workers: 4
[955.201s][debug][gc,phases      ] GC(185)     Dead                           Min: 0, Avg:  0.0, Max: 0, Diff: 0, Sum: 0, Workers: 4
[955.201s][debug][gc,phases      ] GC(185)     Total                          Min: 0, Avg:  0.0, Max: 0, Diff: 0, Sum: 0, Workers: 4
[955.201s][debug][gc,phases      ] GC(185)   StringTable Weak               Min:  0.1, Avg:  0.1, Max:  0.1, Diff:  0.0, Sum:  0.3, Workers: 4
[955.201s][debug][gc,phases      ] GC(185)     Dead                           Min: 0, Avg:  0.0, Max: 0, Diff: 0, Sum: 0, Workers: 4
[955.201s][debug][gc,phases      ] GC(185)     Total                          Min: 11392, Avg: 12013.5, Max: 12470, Diff: 1078, Sum: 48054, Workers: 4
[955.201s][debug][gc,phases      ] GC(185)   ResolvedMethodTable Weak       Min:  0.0, Avg:  0.0, Max:  0.0, Diff:  0.0, Sum:  0.1, Workers: 4
[955.201s][debug][gc,phases      ] GC(185)     Dead                           Min: 0, Avg:  0.0, Max: 0, Diff: 0, Sum: 0, Workers: 4
[955.201s][debug][gc,phases      ] GC(185)     Total                          Min: 1279, Avg: 1981.2, Max: 2349, Diff: 1070, Sum: 7925, Workers: 4
[955.201s][debug][gc,phases      ] GC(185)   JNI Weak                       Min:  0.0, Avg:  0.0, Max:  0.0, Diff:  0.0, Sum:  0.0, Workers: 4
[955.201s][debug][gc,phases      ] GC(185)     Dead                           Min: 0, Avg:  0.0, Max: 0, Diff: 0, Sum: 0, Workers: 4
[955.201s][debug][gc,phases      ] GC(185)     Total                          Min: 0, Avg:  0.0, Max: 0, Diff: 0, Sum: 0, Workers: 4
[955.201s][debug][gc,phases      ] GC(185)   StringDedup Table Weak         Min:  0.0, Avg:  0.0, Max:  0.0, Diff:  0.0, Sum:  0.0, Workers: 4
[955.201s][debug][gc,phases      ] GC(185)     Dead                           Min: 0, Avg:  0.0, Max: 0, Diff: 0, Sum: 0, Workers: 4
[955.202s][debug][gc,phases      ] GC(185)     Total                          Min: 0, Avg:  0.0, Max: 0, Diff: 0, Sum: 0, Workers: 4
[955.202s][debug][gc,phases      ] GC(185)   StringDedup Requests0 Weak     Min:  0.0, Avg:  0.0, Max:  0.0, Diff:  0.0, Sum:  0.0, Workers: 4
[955.202s][debug][gc,phases      ] GC(185)     Dead                           Min: 0, Avg:  0.0, Max: 0, Diff: 0, Sum: 0, Workers: 4
[955.202s][debug][gc,phases      ] GC(185)     Total                          Min: 0, Avg:  0.0, Max: 0, Diff: 0, Sum: 0, Workers: 4
[955.202s][debug][gc,phases      ] GC(185)   StringDedup Requests1 Weak     Min:  0.0, Avg:  0.0, Max:  0.0, Diff:  0.0, Sum:  0.0, Workers: 4
[955.202s][debug][gc,phases      ] GC(185)     Dead                           Min: 0, Avg:  0.0, Max: 0, Diff: 0, Sum: 0, Workers: 4
[955.202s][debug][gc,phases      ] GC(185)     Total                          Min: 0, Avg:  0.0, Max: 0, Diff: 0, Sum: 0, Workers: 4
[955.202s][debug][gc,phases      ] GC(185)   Weak JFR Old Object Samples    Min:  0.0, Avg:  0.0, Max:  0.0, Diff:  0.0, Sum:  0.0, Workers: 4
[955.202s][debug][gc,phases      ] GC(185)     Dead                           Min: 0, Avg:  0.0, Max: 0, Diff: 0, Sum: 0, Workers: 4
[955.202s][debug][gc,phases      ] GC(185)     Total                          Min: 0, Avg:  0.0, Max: 0, Diff: 0, Sum: 0, Workers: 4
[955.202s][debug][gc,phases      ] GC(185) Weak Processing 0.271ms
[955.202s][debug][gc,age         ] GC(185) Desired survivor size 4718592 bytes, new threshold 15 (max threshold 15)
[955.202s][info ][gc,heap        ] GC(185) PSYoungGen: 2089984K(2092032K)->2736K(2092544K) Eden: 2087424K(2087424K)->0K(2087936K) From: 2560K(4608K)->2736K(4608K)
[955.202s][info ][gc,heap        ] GC(185) ParOldGen: 558452K(614400K)->558484K(614400K)
[955.202s][info ][gc,metaspace   ] GC(185) Metaspace: 81984K(82880K)->81984K(82880K) NonClass: 70502K(70976K)->70502K(70976K) Class: 11482K(11904K)->11482K(11904K)
[955.202s][info ][gc             ] GC(185) Pause Young (Allocation Failure) 2586M->548M(2643M) 2.798ms
[955.202s][info ][gc,cpu         ] GC(185) User=0.01s Sys=0.00s Real=0.01s
[955.202s][info ][safepoint      ] Safepoint "ParallelGCFailedAllocation", Time since last: 511327898 ns, Reaching safepoint: 32000 ns, At safepoint: 2890026 ns, Total: 2922026 ns
[960.202s][info ][safepoint      ] Safepoint "Cleanup", Time since last: 5000347352 ns, Reaching safepoint: 123601 ns, At safepoint: 9600 ns, Total: 133201 ns
[961.202s][info ][safepoint      ] Safepoint "Cleanup", Time since last: 1000106989 ns, Reaching safepoint: 95501 ns, At safepoint: 7500 ns, Total: 103001 ns
[968.053s][info ][gc,start       ] GC(186) Pause Young (Allocation Failure)
[968.056s][debug][gc,phases      ] GC(186) Scavenge 2.522ms
[968.056s][debug][gc,ref         ] GC(186) Skipped phase 1 of Reference Processing: no references
[968.056s][debug][gc,ref         ] GC(186) ReferenceProcessor::execute queues: 1, RefProcThreadModel::Single, marks_oops_alive: false
[968.056s][debug][gc,ref         ] GC(186) Skipped phase 3 of Reference Processing: no references
[968.056s][debug][gc,ref         ] GC(186) ReferenceProcessor::execute queues: 1, RefProcThreadModel::Single, marks_oops_alive: false
[968.056s][debug][gc,phases      ] GC(186) Reference Processing 0.116ms
[968.056s][debug][gc,phases      ] GC(186)   VM Weak                        Min:  0.0, Avg:  0.0, Max:  0.0, Diff:  0.0, Sum:  0.0, Workers: 4
[968.056s][debug][gc,phases      ] GC(186)     Dead                           Min: 0, Avg:  0.0, Max: 0, Diff: 0, Sum: 0, Workers: 4
[968.056s][debug][gc,phases      ] GC(186)     Total                          Min: 0, Avg: 167.0, Max: 668, Diff: 668, Sum: 668, Workers: 4
[968.056s][debug][gc,phases      ] GC(186)   ObjectSynchronizer Weak        Min:  0.0, Avg:  0.0, Max:  0.0, Diff:  0.0, Sum:  0.0, Workers: 4
[968.056s][debug][gc,phases      ] GC(186)     Dead                           Min: 0, Avg:  0.0, Max: 0, Diff: 0, Sum: 0, Workers: 4
[968.056s][debug][gc,phases      ] GC(186)     Total                          Min: 0, Avg: 87.0, Max: 284, Diff: 284, Sum: 348, Workers: 4
[968.056s][debug][gc,phases      ] GC(186)   JVMTI Tag Weak OopStorage      Min:  0.0, Avg:  0.0, Max:  0.0, Diff:  0.0, Sum:  0.0, Workers: 4
[968.056s][debug][gc,phases      ] GC(186)     Dead                           Min: 0, Avg:  0.0, Max: 0, Diff: 0, Sum: 0, Workers: 4
[968.056s][debug][gc,phases      ] GC(186)     Total                          Min: 0, Avg:  0.0, Max: 0, Diff: 0, Sum: 0, Workers: 4
[968.056s][debug][gc,phases      ] GC(186)   StringTable Weak               Min:  0.1, Avg:  0.1, Max:  0.1, Diff:  0.0, Sum:  0.3, Workers: 4
[968.056s][debug][gc,phases      ] GC(186)     Dead                           Min: 0, Avg:  0.0, Max: 0, Diff: 0, Sum: 0, Workers: 4
[968.056s][debug][gc,phases      ] GC(186)     Total                          Min: 11520, Avg: 12013.5, Max: 12672, Diff: 1152, Sum: 48054, Workers: 4
[968.056s][debug][gc,phases      ] GC(186)   ResolvedMethodTable Weak       Min:  0.0, Avg:  0.0, Max:  0.0, Diff:  0.0, Sum:  0.1, Workers: 4
[968.056s][debug][gc,phases      ] GC(186)     Dead                           Min: 0, Avg:  0.0, Max: 0, Diff: 0, Sum: 0, Workers: 4
[968.056s][debug][gc,phases      ] GC(186)     Total                          Min: 1850, Avg: 1981.2, Max: 2109, Diff: 259, Sum: 7925, Workers: 4
[968.056s][debug][gc,phases      ] GC(186)   JNI Weak                       Min:  0.0, Avg:  0.0, Max:  0.0, Diff:  0.0, Sum:  0.0, Workers: 4
[968.056s][debug][gc,phases      ] GC(186)     Dead                           Min: 0, Avg:  0.0, Max: 0, Diff: 0, Sum: 0, Workers: 4
[968.056s][debug][gc,phases      ] GC(186)     Total                          Min: 0, Avg:  0.0, Max: 0, Diff: 0, Sum: 0, Workers: 4
[968.056s][debug][gc,phases      ] GC(186)   StringDedup Table Weak         Min:  0.0, Avg:  0.0, Max:  0.0, Diff:  0.0, Sum:  0.0, Workers: 4
[968.056s][debug][gc,phases      ] GC(186)     Dead                           Min: 0, Avg:  0.0, Max: 0, Diff: 0, Sum: 0, Workers: 4
[968.056s][debug][gc,phases      ] GC(186)     Total                          Min: 0, Avg:  0.0, Max: 0, Diff: 0, Sum: 0, Workers: 4
[968.056s][debug][gc,phases      ] GC(186)   StringDedup Requests0 Weak     Min:  0.0, Avg:  0.0, Max:  0.0, Diff:  0.0, Sum:  0.0, Workers: 4
[968.056s][debug][gc,phases      ] GC(186)     Dead                           Min: 0, Avg:  0.0, Max: 0, Diff: 0, Sum: 0, Workers: 4
[968.056s][debug][gc,phases      ] GC(186)     Total                          Min: 0, Avg:  0.0, Max: 0, Diff: 0, Sum: 0, Workers: 4
[968.056s][debug][gc,phases      ] GC(186)   StringDedup Requests1 Weak     Min:  0.0, Avg:  0.0, Max:  0.0, Diff:  0.0, Sum:  0.0, Workers: 4
[968.056s][debug][gc,phases      ] GC(186)     Dead                           Min: 0, Avg:  0.0, Max: 0, Diff: 0, Sum: 0, Workers: 4
[968.056s][debug][gc,phases      ] GC(186)     Total                          Min: 0, Avg:  0.0, Max: 0, Diff: 0, Sum: 0, Workers: 4
[968.056s][debug][gc,phases      ] GC(186)   Weak JFR Old Object Samples    Min:  0.0, Avg:  0.0, Max:  0.0, Diff:  0.0, Sum:  0.0, Workers: 4
[968.056s][debug][gc,phases      ] GC(186)     Dead                           Min: 0, Avg:  0.0, Max: 0, Diff: 0, Sum: 0, Workers: 4
[968.056s][debug][gc,phases      ] GC(186)     Total                          Min: 0, Avg:  0.0, Max: 0, Diff: 0, Sum: 0, Workers: 4
[968.056s][debug][gc,phases      ] GC(186) Weak Processing 0.260ms
[968.056s][debug][gc,age         ] GC(186) Desired survivor size 4718592 bytes, new threshold 15 (max threshold 15)
[968.056s][info ][gc,heap        ] GC(186) PSYoungGen: 2090672K(2092544K)->2640K(2092544K) Eden: 2087936K(2087936K)->0K(2087936K) From: 2736K(4608K)->2640K(4608K)
[968.056s][info ][gc,heap        ] GC(186) ParOldGen: 558484K(614400K)->558508K(614400K)
[968.056s][info ][gc,metaspace   ] GC(186) Metaspace: 81992K(82880K)->81992K(82880K) NonClass: 70509K(70976K)->70509K(70976K) Class: 11482K(11904K)->11482K(11904K)
[968.056s][info ][gc             ] GC(186) Pause Young (Allocation Failure) 2587M->547M(2643M) 3.009ms
[968.056s][info ][gc,cpu         ] GC(186) User=0.01s Sys=0.00s Real=0.00s
[968.056s][info ][safepoint      ] Safepoint "ParallelGCFailedAllocation", Time since last: 6851040864 ns, Reaching safepoint: 46100 ns, At safepoint: 3083828 ns, Total: 3129928 ns
[982.155s][info ][gc,start       ] GC(187) Pause Young (Allocation Failure)
[982.157s][debug][gc,phases      ] GC(187) Scavenge 2.087ms
[982.157s][debug][gc,ref         ] GC(187) Skipped phase 1 of Reference Processing: no references
[982.158s][debug][gc,ref         ] GC(187) ReferenceProcessor::execute queues: 1, RefProcThreadModel::Single, marks_oops_alive: false
[982.158s][debug][gc,ref         ] GC(187) Skipped phase 3 of Reference Processing: no references
[982.158s][debug][gc,ref         ] GC(187) ReferenceProcessor::execute queues: 1, RefProcThreadModel::Single, marks_oops_alive: false
[982.158s][debug][gc,phases      ] GC(187) Reference Processing 0.114ms
[982.158s][debug][gc,phases      ] GC(187)   VM Weak                        Min:  0.0, Avg:  0.0, Max:  0.0, Diff:  0.0, Sum:  0.0, Workers: 4
[982.158s][debug][gc,phases      ] GC(187)     Dead                           Min: 0, Avg:  0.0, Max: 0, Diff: 0, Sum: 0, Workers: 4
[982.158s][debug][gc,phases      ] GC(187)     Total                          Min: 0, Avg: 167.0, Max: 540, Diff: 540, Sum: 668, Workers: 4
[982.158s][debug][gc,phases      ] GC(187)   ObjectSynchronizer Weak        Min:  0.0, Avg:  0.0, Max:  0.0, Diff:  0.0, Sum:  0.0, Workers: 4
[982.158s][debug][gc,phases      ] GC(187)     Dead                           Min: 0, Avg:  0.0, Max: 0, Diff: 0, Sum: 0, Workers: 4
[982.158s][debug][gc,phases      ] GC(187)     Total                          Min: 0, Avg: 87.0, Max: 220, Diff: 220, Sum: 348, Workers: 4
[982.158s][debug][gc,phases      ] GC(187)   JVMTI Tag Weak OopStorage      Min:  0.0, Avg:  0.0, Max:  0.0, Diff:  0.0, Sum:  0.0, Workers: 4
[982.158s][debug][gc,phases      ] GC(187)     Dead                           Min: 0, Avg:  0.0, Max: 0, Diff: 0, Sum: 0, Workers: 4
[982.158s][debug][gc,phases      ] GC(187)     Total                          Min: 0, Avg:  0.0, Max: 0, Diff: 0, Sum: 0, Workers: 4
[982.158s][debug][gc,phases      ] GC(187)   StringTable Weak               Min:  0.1, Avg:  0.1, Max:  0.1, Diff:  0.0, Sum:  0.3, Workers: 4
[982.158s][debug][gc,phases      ] GC(187)     Dead                           Min: 0, Avg:  0.0, Max: 0, Diff: 0, Sum: 0, Workers: 4
[982.158s][debug][gc,phases      ] GC(187)     Total                          Min: 10752, Avg: 12013.5, Max: 13504, Diff: 2752, Sum: 48054, Workers: 4
[982.158s][debug][gc,phases      ] GC(187)   ResolvedMethodTable Weak       Min:  0.0, Avg:  0.0, Max:  0.0, Diff:  0.0, Sum:  0.1, Workers: 4
[982.158s][debug][gc,phases      ] GC(187)     Dead                           Min: 0, Avg:  0.0, Max: 0, Diff: 0, Sum: 0, Workers: 4
[982.158s][debug][gc,phases      ] GC(187)     Total                          Min: 1921, Avg: 1981.2, Max: 2080, Diff: 159, Sum: 7925, Workers: 4
[982.158s][debug][gc,phases      ] GC(187)   JNI Weak                       Min:  0.0, Avg:  0.0, Max:  0.0, Diff:  0.0, Sum:  0.0, Workers: 4
[982.158s][debug][gc,phases      ] GC(187)     Dead                           Min: 0, Avg:  0.0, Max: 0, Diff: 0, Sum: 0, Workers: 4
[982.158s][debug][gc,phases      ] GC(187)     Total                          Min: 0, Avg:  0.0, Max: 0, Diff: 0, Sum: 0, Workers: 4
[982.158s][debug][gc,phases      ] GC(187)   StringDedup Table Weak         Min:  0.0, Avg:  0.0, Max:  0.0, Diff:  0.0, Sum:  0.0, Workers: 4
[982.158s][debug][gc,phases      ] GC(187)     Dead                           Min: 0, Avg:  0.0, Max: 0, Diff: 0, Sum: 0, Workers: 4
[982.158s][debug][gc,phases      ] GC(187)     Total                          Min: 0, Avg:  0.0, Max: 0, Diff: 0, Sum: 0, Workers: 4
[982.158s][debug][gc,phases      ] GC(187)   StringDedup Requests0 Weak     Min:  0.0, Avg:  0.0, Max:  0.0, Diff:  0.0, Sum:  0.0, Workers: 4
[982.158s][debug][gc,phases      ] GC(187)     Dead                           Min: 0, Avg:  0.0, Max: 0, Diff: 0, Sum: 0, Workers: 4
[982.158s][debug][gc,phases      ] GC(187)     Total                          Min: 0, Avg:  0.0, Max: 0, Diff: 0, Sum: 0, Workers: 4
[982.158s][debug][gc,phases      ] GC(187)   StringDedup Requests1 Weak     Min:  0.0, Avg:  0.0, Max:  0.0, Diff:  0.0, Sum:  0.0, Workers: 4
[982.158s][debug][gc,phases      ] GC(187)     Dead                           Min: 0, Avg:  0.0, Max: 0, Diff: 0, Sum: 0, Workers: 4
[982.158s][debug][gc,phases      ] GC(187)     Total                          Min: 0, Avg:  0.0, Max: 0, Diff: 0, Sum: 0, Workers: 4
[982.158s][debug][gc,phases      ] GC(187)   Weak JFR Old Object Samples    Min:  0.0, Avg:  0.0, Max:  0.0, Diff:  0.0, Sum:  0.0, Workers: 4
[982.158s][debug][gc,phases      ] GC(187)     Dead                           Min: 0, Avg:  0.0, Max: 0, Diff: 0, Sum: 0, Workers: 4
[982.158s][debug][gc,phases      ] GC(187)     Total                          Min: 0, Avg:  0.0, Max: 0, Diff: 0, Sum: 0, Workers: 4
[982.158s][debug][gc,phases      ] GC(187) Weak Processing 0.257ms
[982.158s][debug][gc,age         ] GC(187) Desired survivor size 4194304 bytes, new threshold 15 (max threshold 15)
[982.158s][info ][gc,heap        ] GC(187) PSYoungGen: 2090576K(2092544K)->2624K(2093056K) Eden: 2087936K(2087936K)->0K(2088448K) From: 2640K(4608K)->2624K(4608K)
[982.158s][info ][gc,heap        ] GC(187) ParOldGen: 558508K(614400K)->558548K(614400K)
[982.158s][info ][gc,metaspace   ] GC(187) Metaspace: 81992K(82880K)->81992K(82880K) NonClass: 70509K(70976K)->70509K(70976K) Class: 11482K(11904K)->11482K(11904K)
[982.158s][info ][gc             ] GC(187) Pause Young (Allocation Failure) 2586M->548M(2644M) 2.580ms
[982.158s][info ][gc,cpu         ] GC(187) User=0.01s Sys=0.00s Real=0.00s
[982.158s][info ][safepoint      ] Safepoint "ParallelGCFailedAllocation", Time since last: 14098718616 ns, Reaching safepoint: 37200 ns, At safepoint: 2657124 ns, Total: 2694324 ns
[995.159s][info ][safepoint      ] Safepoint "Cleanup", Time since last: 13000885667 ns, Reaching safepoint: 120002 ns, At safepoint: 7000 ns, Total: 127002 ns
[996.240s][info ][gc,start       ] GC(188) Pause Young (Allocation Failure)
[996.243s][debug][gc,phases      ] GC(188) Scavenge 2.150ms
[996.243s][debug][gc,ref         ] GC(188) Skipped phase 1 of Reference Processing: no references
[996.243s][debug][gc,ref         ] GC(188) ReferenceProcessor::execute queues: 1, RefProcThreadModel::Single, marks_oops_alive: false
[996.243s][debug][gc,ref         ] GC(188) Skipped phase 3 of Reference Processing: no references
[996.243s][debug][gc,ref         ] GC(188) ReferenceProcessor::execute queues: 1, RefProcThreadModel::Single, marks_oops_alive: false
[996.243s][debug][gc,phases      ] GC(188) Reference Processing 0.108ms
[996.243s][debug][gc,phases      ] GC(188)   VM Weak                        Min:  0.0, Avg:  0.0, Max:  0.0, Diff:  0.0, Sum:  0.0, Workers: 4
[996.243s][debug][gc,phases      ] GC(188)     Dead                           Min: 0, Avg:  0.0, Max: 0, Diff: 0, Sum: 0, Workers: 4
[996.243s][debug][gc,phases      ] GC(188)     Total                          Min: 0, Avg: 167.0, Max: 668, Diff: 668, Sum: 668, Workers: 4
[996.243s][debug][gc,phases      ] GC(188)   ObjectSynchronizer Weak        Min:  0.0, Avg:  0.0, Max:  0.0, Diff:  0.0, Sum:  0.0, Workers: 4
[996.243s][debug][gc,phases      ] GC(188)     Dead                           Min: 0, Avg:  0.0, Max: 0, Diff: 0, Sum: 0, Workers: 4
[996.243s][debug][gc,phases      ] GC(188)     Total                          Min: 0, Avg: 87.0, Max: 348, Diff: 348, Sum: 348, Workers: 4
[996.243s][debug][gc,phases      ] GC(188)   JVMTI Tag Weak OopStorage      Min:  0.0, Avg:  0.0, Max:  0.0, Diff:  0.0, Sum:  0.0, Workers: 4
[996.243s][debug][gc,phases      ] GC(188)     Dead                           Min: 0, Avg:  0.0, Max: 0, Diff: 0, Sum: 0, Workers: 4
[996.243s][debug][gc,phases      ] GC(188)     Total                          Min: 0, Avg:  0.0, Max: 0, Diff: 0, Sum: 0, Workers: 4
[996.243s][debug][gc,phases      ] GC(188)   StringTable Weak               Min:  0.1, Avg:  0.1, Max:  0.1, Diff:  0.0, Sum:  0.3, Workers: 4
[996.243s][debug][gc,phases      ] GC(188)     Dead                           Min: 0, Avg:  0.0, Max: 0, Diff: 0, Sum: 0, Workers: 4
[996.243s][debug][gc,phases      ] GC(188)     Total                          Min: 7808, Avg: 12013.5, Max: 14262, Diff: 6454, Sum: 48054, Workers: 4
[996.243s][debug][gc,phases      ] GC(188)   ResolvedMethodTable Weak       Min:  0.0, Avg:  0.0, Max:  0.0, Diff:  0.0, Sum:  0.1, Workers: 4
[996.243s][debug][gc,phases      ] GC(188)     Dead                           Min: 0, Avg:  0.0, Max: 0, Diff: 0, Sum: 0, Workers: 4
[996.243s][debug][gc,phases      ] GC(188)     Total                          Min: 1452, Avg: 1981.2, Max: 2177, Diff: 725, Sum: 7925, Workers: 4
[996.243s][debug][gc,phases      ] GC(188)   JNI Weak                       Min:  0.0, Avg:  0.0, Max:  0.0, Diff:  0.0, Sum:  0.0, Workers: 4
[996.243s][debug][gc,phases      ] GC(188)     Dead                           Min: 0, Avg:  0.0, Max: 0, Diff: 0, Sum: 0, Workers: 4
[996.243s][debug][gc,phases      ] GC(188)     Total                          Min: 0, Avg:  0.0, Max: 0, Diff: 0, Sum: 0, Workers: 4
[996.243s][debug][gc,phases      ] GC(188)   StringDedup Table Weak         Min:  0.0, Avg:  0.0, Max:  0.0, Diff:  0.0, Sum:  0.0, Workers: 4
[996.243s][debug][gc,phases      ] GC(188)     Dead                           Min: 0, Avg:  0.0, Max: 0, Diff: 0, Sum: 0, Workers: 4
[996.243s][debug][gc,phases      ] GC(188)     Total                          Min: 0, Avg:  0.0, Max: 0, Diff: 0, Sum: 0, Workers: 4
[996.243s][debug][gc,phases      ] GC(188)   StringDedup Requests0 Weak     Min:  0.0, Avg:  0.0, Max:  0.0, Diff:  0.0, Sum:  0.0, Workers: 4
[996.243s][debug][gc,phases      ] GC(188)     Dead                           Min: 0, Avg:  0.0, Max: 0, Diff: 0, Sum: 0, Workers: 4
[996.243s][debug][gc,phases      ] GC(188)     Total                          Min: 0, Avg:  0.0, Max: 0, Diff: 0, Sum: 0, Workers: 4
[996.243s][debug][gc,phases      ] GC(188)   StringDedup Requests1 Weak     Min:  0.0, Avg:  0.0, Max:  0.0, Diff:  0.0, Sum:  0.0, Workers: 4
[996.243s][debug][gc,phases      ] GC(188)     Dead                           Min: 0, Avg:  0.0, Max: 0, Diff: 0, Sum: 0, Workers: 4
[996.243s][debug][gc,phases      ] GC(188)     Total                          Min: 0, Avg:  0.0, Max: 0, Diff: 0, Sum: 0, Workers: 4
[996.243s][debug][gc,phases      ] GC(188)   Weak JFR Old Object Samples    Min:  0.0, Avg:  0.0, Max:  0.0, Diff:  0.0, Sum:  0.0, Workers: 4
[996.243s][debug][gc,phases      ] GC(188)     Dead                           Min: 0, Avg:  0.0, Max: 0, Diff: 0, Sum: 0, Workers: 4
[996.243s][debug][gc,phases      ] GC(188)     Total                          Min: 0, Avg:  0.0, Max: 0, Diff: 0, Sum: 0, Workers: 4
[996.243s][debug][gc,phases      ] GC(188) Weak Processing 0.274ms
[996.243s][debug][gc,age         ] GC(188) Desired survivor size 4194304 bytes, new threshold 15 (max threshold 15)
[996.243s][info ][gc,heap        ] GC(188) PSYoungGen: 2091072K(2093056K)->2560K(2092544K) Eden: 2088448K(2088448K)->0K(2088448K) From: 2624K(4608K)->2560K(4096K)
[996.243s][info ][gc,heap        ] GC(188) ParOldGen: 558548K(614400K)->558564K(614400K)
[996.243s][info ][gc,metaspace   ] GC(188) Metaspace: 81992K(82880K)->81992K(82880K) NonClass: 70509K(70976K)->70509K(70976K) Class: 11482K(11904K)->11482K(11904K)
[996.243s][info ][gc             ] GC(188) Pause Young (Allocation Failure) 2587M->547M(2643M) 2.637ms
[996.243s][info ][gc,cpu         ] GC(188) User=0.01s Sys=0.00s Real=0.00s
[996.243s][info ][safepoint      ] Safepoint "ParallelGCFailedAllocation", Time since last: 1081352900 ns, Reaching safepoint: 44500 ns, At safepoint: 2705724 ns, Total: 2750224 ns
[1001.243s][info ][safepoint      ] Safepoint "Cleanup", Time since last: 5000393148 ns, Reaching safepoint: 37100 ns, At safepoint: 7700 ns, Total: 44800 ns
[1002.244s][info ][safepoint      ] Safepoint "Cleanup", Time since last: 1000115969 ns, Reaching safepoint: 55700 ns, At safepoint: 13000 ns, Total: 68700 ns
[1003.244s][info ][safepoint      ] Safepoint "Cleanup", Time since last: 1000106868 ns, Reaching safepoint: 41300 ns, At safepoint: 3400 ns, Total: 44700 ns
[1004.244s][info ][safepoint      ] Safepoint "Cleanup", Time since last: 1000115868 ns, Reaching safepoint: 49200 ns, At safepoint: 8400 ns, Total: 57600 ns
[1006.244s][info ][safepoint      ] Safepoint "Cleanup", Time since last: 2000183433 ns, Reaching safepoint: 69301 ns, At safepoint: 7500 ns, Total: 76801 ns
[1007.244s][info ][safepoint      ] Safepoint "Cleanup", Time since last: 1000103166 ns, Reaching safepoint: 48800 ns, At safepoint: 5600 ns, Total: 54400 ns
[1009.245s][info ][safepoint      ] Safepoint "Cleanup", Time since last: 2000187830 ns, Reaching safepoint: 49901 ns, At safepoint: 9300 ns, Total: 59201 ns
[1009.555s][info ][gc,start       ] GC(189) Pause Young (Allocation Failure)
[1009.558s][debug][gc,phases      ] GC(189) Scavenge 2.916ms
[1009.558s][debug][gc,ref         ] GC(189) Skipped phase 1 of Reference Processing: no references
[1009.558s][debug][gc,ref         ] GC(189) ReferenceProcessor::execute queues: 1, RefProcThreadModel::Single, marks_oops_alive: false
[1009.558s][debug][gc,ref         ] GC(189) Skipped phase 3 of Reference Processing: no references
[1009.558s][debug][gc,ref         ] GC(189) ReferenceProcessor::execute queues: 1, RefProcThreadModel::Single, marks_oops_alive: false
[1009.558s][debug][gc,phases      ] GC(189) Reference Processing 0.101ms
[1009.558s][debug][gc,phases      ] GC(189)   VM Weak                        Min:  0.0, Avg:  0.0, Max:  0.0, Diff:  0.0, Sum:  0.0, Workers: 4
[1009.558s][debug][gc,phases      ] GC(189)     Dead                           Min: 0, Avg:  0.0, Max: 0, Diff: 0, Sum: 0, Workers: 4
[1009.558s][debug][gc,phases      ] GC(189)     Total                          Min: 0, Avg: 167.0, Max: 668, Diff: 668, Sum: 668, Workers: 4
[1009.558s][debug][gc,phases      ] GC(189)   ObjectSynchronizer Weak        Min:  0.0, Avg:  0.0, Max:  0.0, Diff:  0.0, Sum:  0.0, Workers: 4
[1009.558s][debug][gc,phases      ] GC(189)     Dead                           Min: 0, Avg:  0.0, Max: 0, Diff: 0, Sum: 0, Workers: 4
[1009.558s][debug][gc,phases      ] GC(189)     Total                          Min: 0, Avg: 87.0, Max: 348, Diff: 348, Sum: 348, Workers: 4
[1009.558s][debug][gc,phases      ] GC(189)   JVMTI Tag Weak OopStorage      Min:  0.0, Avg:  0.0, Max:  0.0, Diff:  0.0, Sum:  0.0, Workers: 4
[1009.558s][debug][gc,phases      ] GC(189)     Dead                           Min: 0, Avg:  0.0, Max: 0, Diff: 0, Sum: 0, Workers: 4
[1009.558s][debug][gc,phases      ] GC(189)     Total                          Min: 0, Avg:  0.0, Max: 0, Diff: 0, Sum: 0, Workers: 4
[1009.558s][debug][gc,phases      ] GC(189)   StringTable Weak               Min:  0.1, Avg:  0.1, Max:  0.1, Diff:  0.0, Sum:  0.3, Workers: 4
[1009.558s][debug][gc,phases      ] GC(189)     Dead                           Min: 0, Avg:  0.0, Max: 0, Diff: 0, Sum: 0, Workers: 4
[1009.558s][debug][gc,phases      ] GC(189)     Total                          Min: 9472, Avg: 12013.8, Max: 14519, Diff: 5047, Sum: 48055, Workers: 4
[1009.558s][debug][gc,phases      ] GC(189)   ResolvedMethodTable Weak       Min:  0.0, Avg:  0.0, Max:  0.0, Diff:  0.0, Sum:  0.1, Workers: 4
[1009.558s][debug][gc,phases      ] GC(189)     Dead                           Min: 0, Avg:  0.0, Max: 0, Diff: 0, Sum: 0, Workers: 4
[1009.558s][debug][gc,phases      ] GC(189)     Total                          Min: 1552, Avg: 1981.8, Max: 2349, Diff: 797, Sum: 7927, Workers: 4
[1009.558s][debug][gc,phases      ] GC(189)   JNI Weak                       Min:  0.0, Avg:  0.0, Max:  0.0, Diff:  0.0, Sum:  0.0, Workers: 4
[1009.558s][debug][gc,phases      ] GC(189)     Dead                           Min: 0, Avg:  0.0, Max: 0, Diff: 0, Sum: 0, Workers: 4
[1009.558s][debug][gc,phases      ] GC(189)     Total                          Min: 0, Avg:  0.0, Max: 0, Diff: 0, Sum: 0, Workers: 4
[1009.558s][debug][gc,phases      ] GC(189)   StringDedup Table Weak         Min:  0.0, Avg:  0.0, Max:  0.0, Diff:  0.0, Sum:  0.0, Workers: 4
[1009.558s][debug][gc,phases      ] GC(189)     Dead                           Min: 0, Avg:  0.0, Max: 0, Diff: 0, Sum: 0, Workers: 4
[1009.558s][debug][gc,phases      ] GC(189)     Total                          Min: 0, Avg:  0.0, Max: 0, Diff: 0, Sum: 0, Workers: 4
[1009.558s][debug][gc,phases      ] GC(189)   StringDedup Requests0 Weak     Min:  0.0, Avg:  0.0, Max:  0.0, Diff:  0.0, Sum:  0.0, Workers: 4
[1009.558s][debug][gc,phases      ] GC(189)     Dead                           Min: 0, Avg:  0.0, Max: 0, Diff: 0, Sum: 0, Workers: 4
[1009.558s][debug][gc,phases      ] GC(189)     Total                          Min: 0, Avg:  0.0, Max: 0, Diff: 0, Sum: 0, Workers: 4
[1009.558s][debug][gc,phases      ] GC(189)   StringDedup Requests1 Weak     Min:  0.0, Avg:  0.0, Max:  0.0, Diff:  0.0, Sum:  0.0, Workers: 4
[1009.558s][debug][gc,phases      ] GC(189)     Dead                           Min: 0, Avg:  0.0, Max: 0, Diff: 0, Sum: 0, Workers: 4
[1009.558s][debug][gc,phases      ] GC(189)     Total                          Min: 0, Avg:  0.0, Max: 0, Diff: 0, Sum: 0, Workers: 4
[1009.558s][debug][gc,phases      ] GC(189)   Weak JFR Old Object Samples    Min:  0.0, Avg:  0.0, Max:  0.0, Diff:  0.0, Sum:  0.0, Workers: 4
[1009.558s][debug][gc,phases      ] GC(189)     Dead                           Min: 0, Avg:  0.0, Max: 0, Diff: 0, Sum: 0, Workers: 4
[1009.558s][debug][gc,phases      ] GC(189)     Total                          Min: 0, Avg:  0.0, Max: 0, Diff: 0, Sum: 0, Workers: 4
[1009.558s][debug][gc,phases      ] GC(189) Weak Processing 0.277ms
[1009.558s][debug][gc,age         ] GC(189) Desired survivor size 4194304 bytes, new threshold 15 (max threshold 15)
[1009.558s][info ][gc,heap        ] GC(189) PSYoungGen: 2091008K(2092544K)->2512K(2093056K) Eden: 2088448K(2088448K)->0K(2088960K) From: 2560K(4096K)->2512K(4096K)
[1009.558s][info ][gc,heap        ] GC(189) ParOldGen: 558564K(614400K)->558628K(614400K)
[1009.558s][info ][gc,metaspace   ] GC(189) Metaspace: 81995K(82880K)->81995K(82880K) NonClass: 70512K(70976K)->70512K(70976K) Class: 11483K(11904K)->11483K(11904K)
[1009.558s][info ][gc             ] GC(189) Pause Young (Allocation Failure) 2587M->547M(2644M) 3.391ms
[1009.558s][info ][gc,cpu         ] GC(189) User=0.02s Sys=0.00s Real=0.00s
[1009.558s][info ][safepoint      ] Safepoint "ParallelGCFailedAllocation", Time since last: 309912178 ns, Reaching safepoint: 35800 ns, At safepoint: 3454531 ns, Total: 3490331 ns
[1010.558s][info ][safepoint      ] Safepoint "Cleanup", Time since last: 1000089764 ns, Reaching safepoint: 115401 ns, At safepoint: 10000 ns, Total: 125401 ns
[1011.558s][info ][safepoint      ] Safepoint "Cleanup", Time since last: 1000111864 ns, Reaching safepoint: 134201 ns, At safepoint: 8400 ns, Total: 142601 ns
[1012.559s][info ][safepoint      ] Safepoint "Cleanup", Time since last: 1000104664 ns, Reaching safepoint: 115801 ns, At safepoint: 10900 ns, Total: 126701 ns
[1014.559s][info ][safepoint      ] Safepoint "Cleanup", Time since last: 2000170625 ns, Reaching safepoint: 108501 ns, At safepoint: 5800 ns, Total: 114301 ns
[1015.559s][info ][safepoint      ] Safepoint "Cleanup", Time since last: 1000102462 ns, Reaching safepoint: 106801 ns, At safepoint: 10200 ns, Total: 117001 ns
[1016.559s][info ][safepoint      ] Safepoint "Cleanup", Time since last: 1000117261 ns, Reaching safepoint: 120501 ns, At safepoint: 17400 ns, Total: 137901 ns
[1018.560s][info ][safepoint      ] Safepoint "Cleanup", Time since last: 2000176321 ns, Reaching safepoint: 127802 ns, At safepoint: 8900 ns, Total: 136702 ns
[1019.560s][info ][safepoint      ] Safepoint "Cleanup", Time since last: 1000111060 ns, Reaching safepoint: 124101 ns, At safepoint: 9600 ns, Total: 133701 ns
[1020.560s][info ][safepoint      ] Safepoint "Cleanup", Time since last: 1000111659 ns, Reaching safepoint: 49301 ns, At safepoint: 9200 ns, Total: 58501 ns
[1021.767s][info ][gc,start       ] GC(190) Pause Young (Allocation Failure)
[1021.770s][debug][gc,phases      ] GC(190) Scavenge 2.675ms
[1021.770s][debug][gc,ref         ] GC(190) Skipped phase 1 of Reference Processing: no references
[1021.770s][debug][gc,ref         ] GC(190) ReferenceProcessor::execute queues: 1, RefProcThreadModel::Single, marks_oops_alive: false
[1021.770s][debug][gc,ref         ] GC(190) Skipped phase 3 of Reference Processing: no references
[1021.770s][debug][gc,ref         ] GC(190) ReferenceProcessor::execute queues: 1, RefProcThreadModel::Single, marks_oops_alive: false
[1021.770s][debug][gc,phases      ] GC(190) Reference Processing 0.104ms
[1021.770s][debug][gc,phases      ] GC(190)   VM Weak                        Min:  0.0, Avg:  0.0, Max:  0.0, Diff:  0.0, Sum:  0.0, Workers: 4
[1021.770s][debug][gc,phases      ] GC(190)     Dead                           Min: 0, Avg:  0.0, Max: 0, Diff: 0, Sum: 0, Workers: 4
[1021.770s][debug][gc,phases      ] GC(190)     Total                          Min: 0, Avg: 167.0, Max: 348, Diff: 348, Sum: 668, Workers: 4
[1021.770s][debug][gc,phases      ] GC(190)   ObjectSynchronizer Weak        Min:  0.0, Avg:  0.0, Max:  0.0, Diff:  0.0, Sum:  0.0, Workers: 4
[1021.770s][debug][gc,phases      ] GC(190)     Dead                           Min: 0, Avg:  0.0, Max: 0, Diff: 0, Sum: 0, Workers: 4
[1021.770s][debug][gc,phases      ] GC(190)     Total                          Min: 0, Avg: 87.0, Max: 156, Diff: 156, Sum: 348, Workers: 4
[1021.770s][debug][gc,phases      ] GC(190)   JVMTI Tag Weak OopStorage      Min:  0.0, Avg:  0.0, Max:  0.0, Diff:  0.0, Sum:  0.0, Workers: 4
[1021.770s][debug][gc,phases      ] GC(190)     Dead                           Min: 0, Avg:  0.0, Max: 0, Diff: 0, Sum: 0, Workers: 4
[1021.770s][debug][gc,phases      ] GC(190)     Total                          Min: 0, Avg:  0.0, Max: 0, Diff: 0, Sum: 0, Workers: 4
[1021.770s][debug][gc,phases      ] GC(190)   StringTable Weak               Min:  0.1, Avg:  0.1, Max:  0.1, Diff:  0.0, Sum:  0.3, Workers: 4
[1021.770s][debug][gc,phases      ] GC(190)     Dead                           Min: 0, Avg:  0.0, Max: 0, Diff: 0, Sum: 0, Workers: 4
[1021.770s][debug][gc,phases      ] GC(190)     Total                          Min: 9472, Avg: 12014.0, Max: 14840, Diff: 5368, Sum: 48056, Workers: 4
[1021.770s][debug][gc,phases      ] GC(190)   ResolvedMethodTable Weak       Min:  0.0, Avg:  0.0, Max:  0.0, Diff:  0.0, Sum:  0.1, Workers: 4
[1021.770s][debug][gc,phases      ] GC(190)     Dead                           Min: 0, Avg:  0.0, Max: 0, Diff: 0, Sum: 0, Workers: 4
[1021.770s][debug][gc,phases      ] GC(190)     Total                          Min: 1624, Avg: 1981.8, Max: 2388, Diff: 764, Sum: 7927, Workers: 4
[1021.770s][debug][gc,phases      ] GC(190)   JNI Weak                       Min:  0.0, Avg:  0.0, Max:  0.0, Diff:  0.0, Sum:  0.0, Workers: 4
[1021.770s][debug][gc,phases      ] GC(190)     Dead                           Min: 0, Avg:  0.0, Max: 0, Diff: 0, Sum: 0, Workers: 4
[1021.770s][debug][gc,phases      ] GC(190)     Total                          Min: 0, Avg:  0.0, Max: 0, Diff: 0, Sum: 0, Workers: 4
[1021.770s][debug][gc,phases      ] GC(190)   StringDedup Table Weak         Min:  0.0, Avg:  0.0, Max:  0.0, Diff:  0.0, Sum:  0.0, Workers: 4
[1021.770s][debug][gc,phases      ] GC(190)     Dead                           Min: 0, Avg:  0.0, Max: 0, Diff: 0, Sum: 0, Workers: 4
[1021.770s][debug][gc,phases      ] GC(190)     Total                          Min: 0, Avg:  0.0, Max: 0, Diff: 0, Sum: 0, Workers: 4
[1021.770s][debug][gc,phases      ] GC(190)   StringDedup Requests0 Weak     Min:  0.0, Avg:  0.0, Max:  0.0, Diff:  0.0, Sum:  0.0, Workers: 4
[1021.770s][debug][gc,phases      ] GC(190)     Dead                           Min: 0, Avg:  0.0, Max: 0, Diff: 0, Sum: 0, Workers: 4
[1021.770s][debug][gc,phases      ] GC(190)     Total                          Min: 0, Avg:  0.0, Max: 0, Diff: 0, Sum: 0, Workers: 4
[1021.770s][debug][gc,phases      ] GC(190)   StringDedup Requests1 Weak     Min:  0.0, Avg:  0.0, Max:  0.0, Diff:  0.0, Sum:  0.0, Workers: 4
[1021.770s][debug][gc,phases      ] GC(190)     Dead                           Min: 0, Avg:  0.0, Max: 0, Diff: 0, Sum: 0, Workers: 4
[1021.770s][debug][gc,phases      ] GC(190)     Total                          Min: 0, Avg:  0.0, Max: 0, Diff: 0, Sum: 0, Workers: 4
[1021.770s][debug][gc,phases      ] GC(190)   Weak JFR Old Object Samples    Min:  0.0, Avg:  0.0, Max:  0.0, Diff:  0.0, Sum:  0.0, Workers: 4
[1021.770s][debug][gc,phases      ] GC(190)     Dead                           Min: 0, Avg:  0.0, Max: 0, Diff: 0, Sum: 0, Workers: 4
[1021.770s][debug][gc,phases      ] GC(190)     Total                          Min: 0, Avg:  0.0, Max: 0, Diff: 0, Sum: 0, Workers: 4
[1021.770s][debug][gc,phases      ] GC(190) Weak Processing 0.278ms
[1021.770s][debug][gc,age         ] GC(190) Desired survivor size 4194304 bytes, new threshold 15 (max threshold 15)
[1021.770s][info ][gc,heap        ] GC(190) PSYoungGen: 2091472K(2093056K)->2800K(2093056K) Eden: 2088960K(2088960K)->0K(2088960K) From: 2512K(4096K)->2800K(4096K)
[1021.770s][info ][gc,heap        ] GC(190) ParOldGen: 558628K(614400K)->558660K(614400K)
[1021.770s][info ][gc,metaspace   ] GC(190) Metaspace: 82002K(82880K)->82002K(82880K) NonClass: 70519K(70976K)->70519K(70976K) Class: 11483K(11904K)->11483K(11904K)
[1021.770s][info ][gc             ] GC(190) Pause Young (Allocation Failure) 2587M->548M(2644M) 3.167ms
[1021.770s][info ][gc,cpu         ] GC(190) User=0.01s Sys=0.00s Real=0.01s
[1021.770s][info ][safepoint      ] Safepoint "ParallelGCFailedAllocation", Time since last: 1206890311 ns, Reaching safepoint: 37901 ns, At safepoint: 3244829 ns, Total: 3282730 ns
[1022.770s][info ][safepoint      ] Safepoint "Cleanup", Time since last: 1000081958 ns, Reaching safepoint: 26400 ns, At safepoint: 4200 ns, Total: 30600 ns
[1024.528s][info ][safepoint      ] Safepoint "Cleanup", Time since last: 1757175539 ns, Reaching safepoint: 79401 ns, At safepoint: 9100 ns, Total: 88501 ns
[1026.528s][info ][safepoint      ] Safepoint "Cleanup", Time since last: 2000159913 ns, Reaching safepoint: 50601 ns, At safepoint: 5700 ns, Total: 56301 ns
[1027.528s][info ][safepoint      ] Safepoint "Cleanup", Time since last: 1000093956 ns, Reaching safepoint: 38900 ns, At safepoint: 3300 ns, Total: 42200 ns
[1034.659s][info ][gc,start       ] GC(191) Pause Young (Allocation Failure)
[1034.662s][debug][gc,phases      ] GC(191) Scavenge 2.857ms
[1034.662s][debug][gc,ref         ] GC(191) Skipped phase 1 of Reference Processing: no references
[1034.662s][debug][gc,ref         ] GC(191) ReferenceProcessor::execute queues: 1, RefProcThreadModel::Single, marks_oops_alive: false
[1034.662s][debug][gc,ref         ] GC(191) Skipped phase 3 of Reference Processing: no references
[1034.662s][debug][gc,ref         ] GC(191) ReferenceProcessor::execute queues: 1, RefProcThreadModel::Single, marks_oops_alive: false
[1034.662s][debug][gc,phases      ] GC(191) Reference Processing 0.102ms
[1034.663s][debug][gc,phases      ] GC(191)   VM Weak                        Min:  0.0, Avg:  0.0, Max:  0.0, Diff:  0.0, Sum:  0.0, Workers: 4
[1034.663s][debug][gc,phases      ] GC(191)     Dead                           Min: 0, Avg:  0.0, Max: 0, Diff: 0, Sum: 0, Workers: 4
[1034.663s][debug][gc,phases      ] GC(191)     Total                          Min: 0, Avg: 167.0, Max: 668, Diff: 668, Sum: 668, Workers: 4
[1034.663s][debug][gc,phases      ] GC(191)   ObjectSynchronizer Weak        Min:  0.0, Avg:  0.0, Max:  0.0, Diff:  0.0, Sum:  0.0, Workers: 4
[1034.663s][debug][gc,phases      ] GC(191)     Dead                           Min: 0, Avg:  0.0, Max: 0, Diff: 0, Sum: 0, Workers: 4
[1034.663s][debug][gc,phases      ] GC(191)     Total                          Min: 0, Avg: 87.0, Max: 348, Diff: 348, Sum: 348, Workers: 4
[1034.663s][debug][gc,phases      ] GC(191)   JVMTI Tag Weak OopStorage      Min:  0.0, Avg:  0.0, Max:  0.0, Diff:  0.0, Sum:  0.0, Workers: 4
[1034.663s][debug][gc,phases      ] GC(191)     Dead                           Min: 0, Avg:  0.0, Max: 0, Diff: 0, Sum: 0, Workers: 4
[1034.663s][debug][gc,phases      ] GC(191)     Total                          Min: 0, Avg:  0.0, Max: 0, Diff: 0, Sum: 0, Workers: 4
[1034.663s][debug][gc,phases      ] GC(191)   StringTable Weak               Min:  0.1, Avg:  0.1, Max:  0.2, Diff:  0.1, Sum:  0.5, Workers: 4
[1034.663s][debug][gc,phases      ] GC(191)     Dead                           Min: 0, Avg:  0.0, Max: 0, Diff: 0, Sum: 0, Workers: 4
[1034.663s][debug][gc,phases      ] GC(191)     Total                          Min: 8320, Avg: 12014.0, Max: 15608, Diff: 7288, Sum: 48056, Workers: 4
[1034.663s][debug][gc,phases      ] GC(191)   ResolvedMethodTable Weak       Min:  0.0, Avg:  0.0, Max:  0.0, Diff:  0.0, Sum:  0.1, Workers: 4
[1034.663s][debug][gc,phases      ] GC(191)     Dead                           Min: 0, Avg:  0.0, Max: 0, Diff: 0, Sum: 0, Workers: 4
[1034.663s][debug][gc,phases      ] GC(191)     Total                          Min: 0, Avg: 1981.8, Max: 3026, Diff: 3026, Sum: 7927, Workers: 4
[1034.663s][debug][gc,phases      ] GC(191)   JNI Weak                       Min:  0.0, Avg:  0.0, Max:  0.0, Diff:  0.0, Sum:  0.0, Workers: 4
[1034.663s][debug][gc,phases      ] GC(191)     Dead                           Min: 0, Avg:  0.0, Max: 0, Diff: 0, Sum: 0, Workers: 4
[1034.663s][debug][gc,phases      ] GC(191)     Total                          Min: 0, Avg:  0.0, Max: 0, Diff: 0, Sum: 0, Workers: 4
[1034.663s][debug][gc,phases      ] GC(191)   StringDedup Table Weak         Min:  0.0, Avg:  0.0, Max:  0.0, Diff:  0.0, Sum:  0.0, Workers: 4
[1034.663s][debug][gc,phases      ] GC(191)     Dead                           Min: 0, Avg:  0.0, Max: 0, Diff: 0, Sum: 0, Workers: 4
[1034.663s][debug][gc,phases      ] GC(191)     Total                          Min: 0, Avg:  0.0, Max: 0, Diff: 0, Sum: 0, Workers: 4
[1034.663s][debug][gc,phases      ] GC(191)   StringDedup Requests0 Weak     Min:  0.0, Avg:  0.0, Max:  0.0, Diff:  0.0, Sum:  0.0, Workers: 4
[1034.663s][debug][gc,phases      ] GC(191)     Dead                           Min: 0, Avg:  0.0, Max: 0, Diff: 0, Sum: 0, Workers: 4
[1034.663s][debug][gc,phases      ] GC(191)     Total                          Min: 0, Avg:  0.0, Max: 0, Diff: 0, Sum: 0, Workers: 4
[1034.663s][debug][gc,phases      ] GC(191)   StringDedup Requests1 Weak     Min:  0.0, Avg:  0.0, Max:  0.0, Diff:  0.0, Sum:  0.0, Workers: 4
[1034.663s][debug][gc,phases      ] GC(191)     Dead                           Min: 0, Avg:  0.0, Max: 0, Diff: 0, Sum: 0, Workers: 4
[1034.663s][debug][gc,phases      ] GC(191)     Total                          Min: 0, Avg:  0.0, Max: 0, Diff: 0, Sum: 0, Workers: 4
[1034.663s][debug][gc,phases      ] GC(191)   Weak JFR Old Object Samples    Min:  0.0, Avg:  0.0, Max:  0.0, Diff:  0.0, Sum:  0.0, Workers: 4
[1034.663s][debug][gc,phases      ] GC(191)     Dead                           Min: 0, Avg:  0.0, Max: 0, Diff: 0, Sum: 0, Workers: 4
[1034.663s][debug][gc,phases      ] GC(191)     Total                          Min: 0, Avg:  0.0, Max: 0, Diff: 0, Sum: 0, Workers: 4
[1034.663s][debug][gc,phases      ] GC(191) Weak Processing 0.357ms
[1034.663s][debug][gc,age         ] GC(191) Desired survivor size 4194304 bytes, new threshold 15 (max threshold 15)
[1034.663s][info ][gc,heap        ] GC(191) PSYoungGen: 2091760K(2093056K)->2640K(2093056K) Eden: 2088960K(2088960K)->0K(2088960K) From: 2800K(4096K)->2640K(4096K)
[1034.663s][info ][gc,heap        ] GC(191) ParOldGen: 558660K(614400K)->558668K(614400K)
[1034.663s][info ][gc,metaspace   ] GC(191) Metaspace: 82002K(82880K)->82002K(82880K) NonClass: 70519K(70976K)->70519K(70976K) Class: 11483K(11904K)->11483K(11904K)
[1034.663s][info ][gc             ] GC(191) Pause Young (Allocation Failure) 2588M->548M(2644M) 3.414ms
[1034.663s][info ][gc,cpu         ] GC(191) User=0.01s Sys=0.00s Real=0.00s
[1034.663s][info ][safepoint      ] Safepoint "ParallelGCFailedAllocation", Time since last: 7131110748 ns, Reaching safepoint: 117901 ns, At safepoint: 3488832 ns, Total: 3606733 ns
[1036.663s][info ][safepoint      ] Safepoint "Cleanup", Time since last: 2000181004 ns, Reaching safepoint: 43600 ns, At safepoint: 2700 ns, Total: 46300 ns
[1037.663s][info ][safepoint      ] Safepoint "Cleanup", Time since last: 1000104352 ns, Reaching safepoint: 44700 ns, At safepoint: 3200 ns, Total: 47900 ns
[1038.663s][info ][safepoint      ] Safepoint "Cleanup", Time since last: 1000111252 ns, Reaching safepoint: 110201 ns, At safepoint: 5600 ns, Total: 115801 ns
[1042.664s][info ][safepoint      ] Safepoint "Cleanup", Time since last: 4000264298 ns, Reaching safepoint: 32601 ns, At safepoint: 3400 ns, Total: 36001 ns
[1046.664s][info ][safepoint      ] Safepoint "Cleanup", Time since last: 4000362392 ns, Reaching safepoint: 33400 ns, At safepoint: 3900 ns, Total: 37300 ns
[1047.294s][info ][gc,start       ] GC(192) Pause Young (Allocation Failure)
[1047.297s][debug][gc,phases      ] GC(192) Scavenge 2.482ms
[1047.297s][debug][gc,ref         ] GC(192) Skipped phase 1 of Reference Processing: no references
[1047.297s][debug][gc,ref         ] GC(192) ReferenceProcessor::execute queues: 1, RefProcThreadModel::Single, marks_oops_alive: false
[1047.297s][debug][gc,ref         ] GC(192) Skipped phase 3 of Reference Processing: no references
[1047.297s][debug][gc,ref         ] GC(192) ReferenceProcessor::execute queues: 1, RefProcThreadModel::Single, marks_oops_alive: false
[1047.297s][debug][gc,phases      ] GC(192) Reference Processing 0.111ms
[1047.297s][debug][gc,phases      ] GC(192)   VM Weak                        Min:  0.0, Avg:  0.0, Max:  0.0, Diff:  0.0, Sum:  0.0, Workers: 4
[1047.297s][debug][gc,phases      ] GC(192)     Dead                           Min: 0, Avg:  0.0, Max: 0, Diff: 0, Sum: 0, Workers: 4
[1047.297s][debug][gc,phases      ] GC(192)     Total                          Min: 0, Avg: 167.0, Max: 348, Diff: 348, Sum: 668, Workers: 4
[1047.297s][debug][gc,phases      ] GC(192)   ObjectSynchronizer Weak        Min:  0.0, Avg:  0.0, Max:  0.0, Diff:  0.0, Sum:  0.0, Workers: 4
[1047.297s][debug][gc,phases      ] GC(192)     Dead                           Min: 0, Avg:  0.0, Max: 0, Diff: 0, Sum: 0, Workers: 4
[1047.297s][debug][gc,phases      ] GC(192)     Total                          Min: 0, Avg: 87.0, Max: 192, Diff: 192, Sum: 348, Workers: 4
[1047.297s][debug][gc,phases      ] GC(192)   JVMTI Tag Weak OopStorage      Min:  0.0, Avg:  0.0, Max:  0.0, Diff:  0.0, Sum:  0.0, Workers: 4
[1047.297s][debug][gc,phases      ] GC(192)     Dead                           Min: 0, Avg:  0.0, Max: 0, Diff: 0, Sum: 0, Workers: 4
[1047.297s][debug][gc,phases      ] GC(192)     Total                          Min: 0, Avg:  0.0, Max: 0, Diff: 0, Sum: 0, Workers: 4
[1047.297s][debug][gc,phases      ] GC(192)   StringTable Weak               Min:  0.1, Avg:  0.1, Max:  0.1, Diff:  0.0, Sum:  0.3, Workers: 4
[1047.297s][debug][gc,phases      ] GC(192)     Dead                           Min: 0, Avg:  0.0, Max: 0, Diff: 0, Sum: 0, Workers: 4
[1047.297s][debug][gc,phases      ] GC(192)     Total                          Min: 9600, Avg: 12014.0, Max: 13248, Diff: 3648, Sum: 48056, Workers: 4
[1047.297s][debug][gc,phases      ] GC(192)   ResolvedMethodTable Weak       Min:  0.0, Avg:  0.0, Max:  0.0, Diff:  0.0, Sum:  0.1, Workers: 4
[1047.297s][debug][gc,phases      ] GC(192)     Dead                           Min: 0, Avg:  4.2, Max: 16, Diff: 16, Sum: 17, Workers: 4
[1047.297s][debug][gc,phases      ] GC(192)     Total                          Min: 1454, Avg: 1986.0, Max: 2198, Diff: 744, Sum: 7944, Workers: 4
[1047.297s][debug][gc,phases      ] GC(192)   JNI Weak                       Min:  0.0, Avg:  0.0, Max:  0.0, Diff:  0.0, Sum:  0.0, Workers: 4
[1047.297s][debug][gc,phases      ] GC(192)     Dead                           Min: 0, Avg:  0.0, Max: 0, Diff: 0, Sum: 0, Workers: 4
[1047.297s][debug][gc,phases      ] GC(192)     Total                          Min: 0, Avg:  0.0, Max: 0, Diff: 0, Sum: 0, Workers: 4
[1047.297s][debug][gc,phases      ] GC(192)   StringDedup Table Weak         Min:  0.0, Avg:  0.0, Max:  0.0, Diff:  0.0, Sum:  0.0, Workers: 4
[1047.297s][debug][gc,phases      ] GC(192)     Dead                           Min: 0, Avg:  0.0, Max: 0, Diff: 0, Sum: 0, Workers: 4
[1047.297s][debug][gc,phases      ] GC(192)     Total                          Min: 0, Avg:  0.0, Max: 0, Diff: 0, Sum: 0, Workers: 4
[1047.297s][debug][gc,phases      ] GC(192)   StringDedup Requests0 Weak     Min:  0.0, Avg:  0.0, Max:  0.0, Diff:  0.0, Sum:  0.0, Workers: 4
[1047.297s][debug][gc,phases      ] GC(192)     Dead                           Min: 0, Avg:  0.0, Max: 0, Diff: 0, Sum: 0, Workers: 4
[1047.297s][debug][gc,phases      ] GC(192)     Total                          Min: 0, Avg:  0.0, Max: 0, Diff: 0, Sum: 0, Workers: 4
[1047.297s][debug][gc,phases      ] GC(192)   StringDedup Requests1 Weak     Min:  0.0, Avg:  0.0, Max:  0.0, Diff:  0.0, Sum:  0.0, Workers: 4
[1047.297s][debug][gc,phases      ] GC(192)     Dead                           Min: 0, Avg:  0.0, Max: 0, Diff: 0, Sum: 0, Workers: 4
[1047.297s][debug][gc,phases      ] GC(192)     Total                          Min: 0, Avg:  0.0, Max: 0, Diff: 0, Sum: 0, Workers: 4
[1047.297s][debug][gc,phases      ] GC(192)   Weak JFR Old Object Samples    Min:  0.0, Avg:  0.0, Max:  0.0, Diff:  0.0, Sum:  0.0, Workers: 4
[1047.297s][debug][gc,phases      ] GC(192)     Dead                           Min: 0, Avg:  0.0, Max: 0, Diff: 0, Sum: 0, Workers: 4
[1047.297s][debug][gc,phases      ] GC(192)     Total                          Min: 0, Avg:  0.0, Max: 0, Diff: 0, Sum: 0, Workers: 4
[1047.297s][debug][gc,phases      ] GC(192) Weak Processing 0.268ms
[1047.297s][debug][gc,age         ] GC(192) Desired survivor size 4194304 bytes, new threshold 15 (max threshold 15)
[1047.297s][info ][gc,heap        ] GC(192) PSYoungGen: 2091600K(2093056K)->2640K(2093056K) Eden: 2088960K(2088960K)->0K(2088960K) From: 2640K(4096K)->2640K(4096K)
[1047.297s][info ][gc,heap        ] GC(192) ParOldGen: 558668K(614400K)->558700K(614400K)
[1047.297s][info ][gc,metaspace   ] GC(192) Metaspace: 82005K(82880K)->82005K(82880K) NonClass: 70521K(70976K)->70521K(70976K) Class: 11483K(11904K)->11483K(11904K)
[1047.297s][info ][gc             ] GC(192) Pause Young (Allocation Failure) 2588M->548M(2644M) 2.968ms
[1047.297s][info ][gc,cpu         ] GC(192) User=0.01s Sys=0.00s Real=0.00s
[1047.297s][info ][safepoint      ] Safepoint "ParallelGCFailedAllocation", Time since last: 629832035 ns, Reaching safepoint: 130501 ns, At safepoint: 3047528 ns, Total: 3178029 ns
[1049.012s][info ][safepoint      ] Safepoint "Cleanup", Time since last: 1715004041 ns, Reaching safepoint: 116202 ns, At safepoint: 6200 ns, Total: 122402 ns
[1052.013s][info ][safepoint      ] Safepoint "Cleanup", Time since last: 3000236136 ns, Reaching safepoint: 55700 ns, At safepoint: 5000 ns, Total: 60700 ns
[1053.013s][info ][safepoint      ] Safepoint "Cleanup", Time since last: 1000103545 ns, Reaching safepoint: 52000 ns, At safepoint: 4300 ns, Total: 56300 ns
[1054.013s][info ][safepoint      ] Safepoint "Cleanup", Time since last: 1000107924 ns, Reaching safepoint: 32800 ns, At safepoint: 30900 ns, Total: 63700 ns
[1058.013s][info ][safepoint      ] Safepoint "Cleanup", Time since last: 4000330406 ns, Reaching safepoint: 51701 ns, At safepoint: 18000 ns, Total: 69701 ns
[1059.013s][info ][safepoint      ] Safepoint "Cleanup", Time since last: 1000090556 ns, Reaching safepoint: 59001 ns, At safepoint: 5900 ns, Total: 64901 ns
[1060.203s][info ][gc,start       ] GC(193) Pause Young (Allocation Failure)
[1060.205s][debug][gc,phases      ] GC(193) Scavenge 2.483ms
[1060.205s][debug][gc,ref         ] GC(193) Skipped phase 1 of Reference Processing: no references
[1060.205s][debug][gc,ref         ] GC(193) ReferenceProcessor::execute queues: 1, RefProcThreadModel::Single, marks_oops_alive: false
[1060.205s][debug][gc,ref         ] GC(193) Skipped phase 3 of Reference Processing: no references
[1060.205s][debug][gc,ref         ] GC(193) ReferenceProcessor::execute queues: 1, RefProcThreadModel::Single, marks_oops_alive: false
[1060.205s][debug][gc,phases      ] GC(193) Reference Processing 0.100ms
[1060.205s][debug][gc,phases      ] GC(193)   VM Weak                        Min:  0.0, Avg:  0.0, Max:  0.0, Diff:  0.0, Sum:  0.0, Workers: 4
[1060.205s][debug][gc,phases      ] GC(193)     Dead                           Min: 0, Avg:  0.0, Max: 0, Diff: 0, Sum: 0, Workers: 4
[1060.205s][debug][gc,phases      ] GC(193)     Total                          Min: 0, Avg: 167.0, Max: 476, Diff: 476, Sum: 668, Workers: 4
[1060.205s][debug][gc,phases      ] GC(193)   ObjectSynchronizer Weak        Min:  0.0, Avg:  0.0, Max:  0.0, Diff:  0.0, Sum:  0.0, Workers: 4
[1060.205s][debug][gc,phases      ] GC(193)     Dead                           Min: 0, Avg:  0.0, Max: 0, Diff: 0, Sum: 0, Workers: 4
[1060.205s][debug][gc,phases      ] GC(193)     Total                          Min: 0, Avg: 87.0, Max: 128, Diff: 128, Sum: 348, Workers: 4
[1060.205s][debug][gc,phases      ] GC(193)   JVMTI Tag Weak OopStorage      Min:  0.0, Avg:  0.0, Max:  0.0, Diff:  0.0, Sum:  0.0, Workers: 4
[1060.205s][debug][gc,phases      ] GC(193)     Dead                           Min: 0, Avg:  0.0, Max: 0, Diff: 0, Sum: 0, Workers: 4
[1060.205s][debug][gc,phases      ] GC(193)     Total                          Min: 0, Avg:  0.0, Max: 0, Diff: 0, Sum: 0, Workers: 4
[1060.205s][debug][gc,phases      ] GC(193)   StringTable Weak               Min:  0.1, Avg:  0.1, Max:  0.1, Diff:  0.0, Sum:  0.4, Workers: 4
[1060.206s][debug][gc,phases      ] GC(193)     Dead                           Min: 0, Avg:  0.0, Max: 0, Diff: 0, Sum: 0, Workers: 4
[1060.206s][debug][gc,phases      ] GC(193)     Total                          Min: 9472, Avg: 12014.0, Max: 14784, Diff: 5312, Sum: 48056, Workers: 4
[1060.206s][debug][gc,phases      ] GC(193)   ResolvedMethodTable Weak       Min:  0.0, Avg:  0.0, Max:  0.0, Diff:  0.0, Sum:  0.1, Workers: 4
[1060.206s][debug][gc,phases      ] GC(193)     Dead                           Min: 0, Avg:  0.0, Max: 0, Diff: 0, Sum: 0, Workers: 4
[1060.206s][debug][gc,phases      ] GC(193)     Total                          Min: 1726, Avg: 1986.0, Max: 2660, Diff: 934, Sum: 7944, Workers: 4
[1060.206s][debug][gc,phases      ] GC(193)   JNI Weak                       Min:  0.0, Avg:  0.0, Max:  0.0, Diff:  0.0, Sum:  0.0, Workers: 4
[1060.206s][debug][gc,phases      ] GC(193)     Dead                           Min: 0, Avg:  0.0, Max: 0, Diff: 0, Sum: 0, Workers: 4
[1060.206s][debug][gc,phases      ] GC(193)     Total                          Min: 0, Avg:  0.0, Max: 0, Diff: 0, Sum: 0, Workers: 4
[1060.206s][debug][gc,phases      ] GC(193)   StringDedup Table Weak         Min:  0.0, Avg:  0.0, Max:  0.0, Diff:  0.0, Sum:  0.0, Workers: 4
[1060.206s][debug][gc,phases      ] GC(193)     Dead                           Min: 0, Avg:  0.0, Max: 0, Diff: 0, Sum: 0, Workers: 4
[1060.206s][debug][gc,phases      ] GC(193)     Total                          Min: 0, Avg:  0.0, Max: 0, Diff: 0, Sum: 0, Workers: 4
[1060.206s][debug][gc,phases      ] GC(193)   StringDedup Requests0 Weak     Min:  0.0, Avg:  0.0, Max:  0.0, Diff:  0.0, Sum:  0.0, Workers: 4
[1060.206s][debug][gc,phases      ] GC(193)     Dead                           Min: 0, Avg:  0.0, Max: 0, Diff: 0, Sum: 0, Workers: 4
[1060.206s][debug][gc,phases      ] GC(193)     Total                          Min: 0, Avg:  0.0, Max: 0, Diff: 0, Sum: 0, Workers: 4
[1060.206s][debug][gc,phases      ] GC(193)   StringDedup Requests1 Weak     Min:  0.0, Avg:  0.0, Max:  0.0, Diff:  0.0, Sum:  0.0, Workers: 4
[1060.206s][debug][gc,phases      ] GC(193)     Dead                           Min: 0, Avg:  0.0, Max: 0, Diff: 0, Sum: 0, Workers: 4
[1060.206s][debug][gc,phases      ] GC(193)     Total                          Min: 0, Avg:  0.0, Max: 0, Diff: 0, Sum: 0, Workers: 4
[1060.206s][debug][gc,phases      ] GC(193)   Weak JFR Old Object Samples    Min:  0.0, Avg:  0.0, Max:  0.0, Diff:  0.0, Sum:  0.0, Workers: 4
[1060.206s][debug][gc,phases      ] GC(193)     Dead                           Min: 0, Avg:  0.0, Max: 0, Diff: 0, Sum: 0, Workers: 4
[1060.206s][debug][gc,phases      ] GC(193)     Total                          Min: 0, Avg:  0.0, Max: 0, Diff: 0, Sum: 0, Workers: 4
[1060.206s][debug][gc,phases      ] GC(193) Weak Processing 0.302ms
[1060.206s][debug][gc,age         ] GC(193) Desired survivor size 3670016 bytes, new threshold 15 (max threshold 15)
[1060.206s][info ][gc,heap        ] GC(193) PSYoungGen: 2091600K(2093056K)->2640K(2093568K) Eden: 2088960K(2088960K)->0K(2089472K) From: 2640K(4096K)->2640K(4096K)
[1060.206s][info ][gc,heap        ] GC(193) ParOldGen: 558700K(614400K)->558716K(614400K)
[1060.206s][info ][gc,metaspace   ] GC(193) Metaspace: 82006K(82880K)->82006K(82880K) NonClass: 70523K(70976K)->70523K(70976K) Class: 11483K(11904K)->11483K(11904K)
[1060.206s][info ][gc             ] GC(193) Pause Young (Allocation Failure) 2588M->548M(2644M) 2.989ms
[1060.206s][info ][gc,cpu         ] GC(193) User=0.02s Sys=0.00s Real=0.00s
[1060.206s][info ][safepoint      ] Safepoint "ParallelGCFailedAllocation", Time since last: 1189092050 ns, Reaching safepoint: 32601 ns, At safepoint: 3060033 ns, Total: 3092634 ns
[1069.206s][info ][safepoint      ] Safepoint "Cleanup", Time since last: 9000629217 ns, Reaching safepoint: 116701 ns, At safepoint: 6800 ns, Total: 123501 ns
[1073.322s][info ][gc,start       ] GC(194) Pause Young (Allocation Failure)
[1073.324s][debug][gc,phases      ] GC(194) Scavenge 2.353ms
[1073.324s][debug][gc,ref         ] GC(194) Skipped phase 1 of Reference Processing: no references
[1073.324s][debug][gc,ref         ] GC(194) ReferenceProcessor::execute queues: 1, RefProcThreadModel::Single, marks_oops_alive: false
[1073.324s][debug][gc,ref         ] GC(194) Skipped phase 3 of Reference Processing: no references
[1073.324s][debug][gc,ref         ] GC(194) ReferenceProcessor::execute queues: 1, RefProcThreadModel::Single, marks_oops_alive: false
[1073.324s][debug][gc,phases      ] GC(194) Reference Processing 0.104ms
[1073.324s][debug][gc,phases      ] GC(194)   VM Weak                        Min:  0.0, Avg:  0.0, Max:  0.0, Diff:  0.0, Sum:  0.0, Workers: 4
[1073.324s][debug][gc,phases      ] GC(194)     Dead                           Min: 0, Avg:  0.0, Max: 0, Diff: 0, Sum: 0, Workers: 4
[1073.324s][debug][gc,phases      ] GC(194)     Total                          Min: 0, Avg: 167.0, Max: 668, Diff: 668, Sum: 668, Workers: 4
[1073.324s][debug][gc,phases      ] GC(194)   ObjectSynchronizer Weak        Min:  0.0, Avg:  0.0, Max:  0.0, Diff:  0.0, Sum:  0.0, Workers: 4
[1073.324s][debug][gc,phases      ] GC(194)     Dead                           Min: 0, Avg:  0.0, Max: 0, Diff: 0, Sum: 0, Workers: 4
[1073.324s][debug][gc,phases      ] GC(194)     Total                          Min: 0, Avg: 87.0, Max: 192, Diff: 192, Sum: 348, Workers: 4
[1073.324s][debug][gc,phases      ] GC(194)   JVMTI Tag Weak OopStorage      Min:  0.0, Avg:  0.0, Max:  0.0, Diff:  0.0, Sum:  0.0, Workers: 4
[1073.324s][debug][gc,phases      ] GC(194)     Dead                           Min: 0, Avg:  0.0, Max: 0, Diff: 0, Sum: 0, Workers: 4
[1073.324s][debug][gc,phases      ] GC(194)     Total                          Min: 0, Avg:  0.0, Max: 0, Diff: 0, Sum: 0, Workers: 4
[1073.324s][debug][gc,phases      ] GC(194)   StringTable Weak               Min:  0.1, Avg:  0.1, Max:  0.1, Diff:  0.0, Sum:  0.3, Workers: 4
[1073.324s][debug][gc,phases      ] GC(194)     Dead                           Min: 0, Avg:  0.0, Max: 0, Diff: 0, Sum: 0, Workers: 4
[1073.324s][debug][gc,phases      ] GC(194)     Total                          Min: 11577, Avg: 12014.2, Max: 12288, Diff: 711, Sum: 48057, Workers: 4
[1073.324s][debug][gc,phases      ] GC(194)   ResolvedMethodTable Weak       Min:  0.0, Avg:  0.0, Max:  0.0, Diff:  0.0, Sum:  0.1, Workers: 4
[1073.324s][debug][gc,phases      ] GC(194)     Dead                           Min: 0, Avg:  0.0, Max: 0, Diff: 0, Sum: 0, Workers: 4
[1073.324s][debug][gc,phases      ] GC(194)     Total                          Min: 1641, Avg: 1986.0, Max: 2155, Diff: 514, Sum: 7944, Workers: 4
[1073.324s][debug][gc,phases      ] GC(194)   JNI Weak                       Min:  0.0, Avg:  0.0, Max:  0.0, Diff:  0.0, Sum:  0.0, Workers: 4
[1073.324s][debug][gc,phases      ] GC(194)     Dead                           Min: 0, Avg:  0.0, Max: 0, Diff: 0, Sum: 0, Workers: 4
[1073.324s][debug][gc,phases      ] GC(194)     Total                          Min: 0, Avg:  0.0, Max: 0, Diff: 0, Sum: 0, Workers: 4
[1073.324s][debug][gc,phases      ] GC(194)   StringDedup Table Weak         Min:  0.0, Avg:  0.0, Max:  0.0, Diff:  0.0, Sum:  0.0, Workers: 4
[1073.324s][debug][gc,phases      ] GC(194)     Dead                           Min: 0, Avg:  0.0, Max: 0, Diff: 0, Sum: 0, Workers: 4
[1073.324s][debug][gc,phases      ] GC(194)     Total                          Min: 0, Avg:  0.0, Max: 0, Diff: 0, Sum: 0, Workers: 4
[1073.324s][debug][gc,phases      ] GC(194)   StringDedup Requests0 Weak     Min:  0.0, Avg:  0.0, Max:  0.0, Diff:  0.0, Sum:  0.0, Workers: 4
[1073.324s][debug][gc,phases      ] GC(194)     Dead                           Min: 0, Avg:  0.0, Max: 0, Diff: 0, Sum: 0, Workers: 4
[1073.324s][debug][gc,phases      ] GC(194)     Total                          Min: 0, Avg:  0.0, Max: 0, Diff: 0, Sum: 0, Workers: 4
[1073.324s][debug][gc,phases      ] GC(194)   StringDedup Requests1 Weak     Min:  0.0, Avg:  0.0, Max:  0.0, Diff:  0.0, Sum:  0.0, Workers: 4
[1073.324s][debug][gc,phases      ] GC(194)     Dead                           Min: 0, Avg:  0.0, Max: 0, Diff: 0, Sum: 0, Workers: 4
[1073.324s][debug][gc,phases      ] GC(194)     Total                          Min: 0, Avg:  0.0, Max: 0, Diff: 0, Sum: 0, Workers: 4
[1073.324s][debug][gc,phases      ] GC(194)   Weak JFR Old Object Samples    Min:  0.0, Avg:  0.0, Max:  0.0, Diff:  0.0, Sum:  0.0, Workers: 4
[1073.324s][debug][gc,phases      ] GC(194)     Dead                           Min: 0, Avg:  0.0, Max: 0, Diff: 0, Sum: 0, Workers: 4
[1073.324s][debug][gc,phases      ] GC(194)     Total                          Min: 0, Avg:  0.0, Max: 0, Diff: 0, Sum: 0, Workers: 4
[1073.324s][debug][gc,phases      ] GC(194) Weak Processing 0.259ms
[1073.324s][debug][gc,age         ] GC(194) Desired survivor size 3670016 bytes, new threshold 15 (max threshold 15)
[1073.325s][info ][gc,heap        ] GC(194) PSYoungGen: 2092112K(2093568K)->2640K(2093056K) Eden: 2089472K(2089472K)->0K(2089472K) From: 2640K(4096K)->2640K(3584K)
[1073.325s][info ][gc,heap        ] GC(194) ParOldGen: 558716K(614400K)->558740K(614400K)
[1073.325s][info ][gc,metaspace   ] GC(194) Metaspace: 82006K(82880K)->82006K(82880K) NonClass: 70523K(70976K)->70523K(70976K) Class: 11483K(11904K)->11483K(11904K)
[1073.325s][info ][gc             ] GC(194) Pause Young (Allocation Failure) 2588M->548M(2644M) 2.822ms
[1073.325s][info ][gc,cpu         ] GC(194) User=0.01s Sys=0.00s Real=0.00s
[1073.325s][info ][safepoint      ] Safepoint "ParallelGCFailedAllocation", Time since last: 4115237695 ns, Reaching safepoint: 32800 ns, At safepoint: 2895532 ns, Total: 2928332 ns
[1082.325s][info ][safepoint      ] Safepoint "Cleanup", Time since last: 9000605083 ns, Reaching safepoint: 47800 ns, At safepoint: 8600 ns, Total: 56400 ns
[1084.325s][info ][safepoint      ] Safepoint "Cleanup", Time since last: 2000170664 ns, Reaching safepoint: 50100 ns, At safepoint: 3600 ns, Total: 53700 ns
[1085.326s][info ][safepoint      ] Safepoint "Cleanup", Time since last: 1000103826 ns, Reaching safepoint: 27601 ns, At safepoint: 3100 ns, Total: 30701 ns
[1086.106s][info ][gc,start       ] GC(195) Pause Young (Allocation Failure)
[1086.109s][debug][gc,phases      ] GC(195) Scavenge 3.376ms
[1086.109s][debug][gc,ref         ] GC(195) Skipped phase 1 of Reference Processing: no references
[1086.109s][debug][gc,ref         ] GC(195) ReferenceProcessor::execute queues: 1, RefProcThreadModel::Single, marks_oops_alive: false
[1086.109s][debug][gc,ref         ] GC(195) Skipped phase 3 of Reference Processing: no references
[1086.109s][debug][gc,ref         ] GC(195) Skipped phase 4 of Reference Processing: no references
[1086.109s][debug][gc,phases      ] GC(195) Reference Processing 0.110ms
[1086.109s][debug][gc,phases      ] GC(195)   VM Weak                        Min:  0.0, Avg:  0.0, Max:  0.0, Diff:  0.0, Sum:  0.0, Workers: 4
[1086.109s][debug][gc,phases      ] GC(195)     Dead                           Min: 0, Avg:  0.0, Max: 0, Diff: 0, Sum: 0, Workers: 4
[1086.109s][debug][gc,phases      ] GC(195)     Total                          Min: 0, Avg: 167.0, Max: 540, Diff: 540, Sum: 668, Workers: 4
[1086.109s][debug][gc,phases      ] GC(195)   ObjectSynchronizer Weak        Min:  0.0, Avg:  0.0, Max:  0.0, Diff:  0.0, Sum:  0.0, Workers: 4
[1086.109s][debug][gc,phases      ] GC(195)     Dead                           Min: 0, Avg:  0.0, Max: 0, Diff: 0, Sum: 0, Workers: 4
[1086.109s][debug][gc,phases      ] GC(195)     Total                          Min: 0, Avg: 87.0, Max: 220, Diff: 220, Sum: 348, Workers: 4
[1086.110s][debug][gc,phases      ] GC(195)   JVMTI Tag Weak OopStorage      Min:  0.0, Avg:  0.0, Max:  0.0, Diff:  0.0, Sum:  0.0, Workers: 4
[1086.110s][debug][gc,phases      ] GC(195)     Dead                           Min: 0, Avg:  0.0, Max: 0, Diff: 0, Sum: 0, Workers: 4
[1086.110s][debug][gc,phases      ] GC(195)     Total                          Min: 0, Avg:  0.0, Max: 0, Diff: 0, Sum: 0, Workers: 4
[1086.110s][debug][gc,phases      ] GC(195)   StringTable Weak               Min:  0.1, Avg:  0.1, Max:  0.1, Diff:  0.0, Sum:  0.3, Workers: 4
[1086.110s][debug][gc,phases      ] GC(195)     Dead                           Min: 0, Avg:  0.0, Max: 0, Diff: 0, Sum: 0, Workers: 4
[1086.110s][debug][gc,phases      ] GC(195)     Total                          Min: 8896, Avg: 12014.8, Max: 13696, Diff: 4800, Sum: 48059, Workers: 4
[1086.110s][debug][gc,phases      ] GC(195)   ResolvedMethodTable Weak       Min:  0.0, Avg:  0.0, Max:  0.0, Diff:  0.0, Sum:  0.1, Workers: 4
[1086.110s][debug][gc,phases      ] GC(195)     Dead                           Min: 0, Avg:  0.0, Max: 0, Diff: 0, Sum: 0, Workers: 4
[1086.110s][debug][gc,phases      ] GC(195)     Total                          Min: 1817, Avg: 1986.0, Max: 2253, Diff: 436, Sum: 7944, Workers: 4
[1086.110s][debug][gc,phases      ] GC(195)   JNI Weak                       Min:  0.0, Avg:  0.0, Max:  0.0, Diff:  0.0, Sum:  0.0, Workers: 4
[1086.110s][debug][gc,phases      ] GC(195)     Dead                           Min: 0, Avg:  0.0, Max: 0, Diff: 0, Sum: 0, Workers: 4
[1086.110s][debug][gc,phases      ] GC(195)     Total                          Min: 0, Avg:  0.0, Max: 0, Diff: 0, Sum: 0, Workers: 4
[1086.110s][debug][gc,phases      ] GC(195)   StringDedup Table Weak         Min:  0.0, Avg:  0.0, Max:  0.0, Diff:  0.0, Sum:  0.0, Workers: 4
[1086.110s][debug][gc,phases      ] GC(195)     Dead                           Min: 0, Avg:  0.0, Max: 0, Diff: 0, Sum: 0, Workers: 4
[1086.110s][debug][gc,phases      ] GC(195)     Total                          Min: 0, Avg:  0.0, Max: 0, Diff: 0, Sum: 0, Workers: 4
[1086.110s][debug][gc,phases      ] GC(195)   StringDedup Requests0 Weak     Min:  0.0, Avg:  0.0, Max:  0.0, Diff:  0.0, Sum:  0.0, Workers: 4
[1086.110s][debug][gc,phases      ] GC(195)     Dead                           Min: 0, Avg:  0.0, Max: 0, Diff: 0, Sum: 0, Workers: 4
[1086.110s][debug][gc,phases      ] GC(195)     Total                          Min: 0, Avg:  0.0, Max: 0, Diff: 0, Sum: 0, Workers: 4
[1086.110s][debug][gc,phases      ] GC(195)   StringDedup Requests1 Weak     Min:  0.0, Avg:  0.0, Max:  0.0, Diff:  0.0, Sum:  0.0, Workers: 4
[1086.110s][debug][gc,phases      ] GC(195)     Dead                           Min: 0, Avg:  0.0, Max: 0, Diff: 0, Sum: 0, Workers: 4
[1086.110s][debug][gc,phases      ] GC(195)     Total                          Min: 0, Avg:  0.0, Max: 0, Diff: 0, Sum: 0, Workers: 4
[1086.110s][debug][gc,phases      ] GC(195)   Weak JFR Old Object Samples    Min:  0.0, Avg:  0.0, Max:  0.0, Diff:  0.0, Sum:  0.0, Workers: 4
[1086.110s][debug][gc,phases      ] GC(195)     Dead                           Min: 0, Avg:  0.0, Max: 0, Diff: 0, Sum: 0, Workers: 4
[1086.110s][debug][gc,phases      ] GC(195)     Total                          Min: 0, Avg:  0.0, Max: 0, Diff: 0, Sum: 0, Workers: 4
[1086.110s][debug][gc,phases      ] GC(195) Weak Processing 0.284ms
[1086.110s][debug][gc,age         ] GC(195) Desired survivor size 3670016 bytes, new threshold 15 (max threshold 15)
[1086.110s][info ][gc,heap        ] GC(195) PSYoungGen: 2092112K(2093056K)->2608K(2093568K) Eden: 2089472K(2089472K)->0K(2089984K) From: 2640K(3584K)->2608K(3584K)
[1086.110s][info ][gc,heap        ] GC(195) ParOldGen: 558740K(614400K)->558772K(614400K)
[1086.110s][info ][gc,metaspace   ] GC(195) Metaspace: 82013K(82880K)->82013K(82880K) NonClass: 70530K(70976K)->70530K(70976K) Class: 11483K(11904K)->11483K(11904K)
[1086.110s][info ][gc             ] GC(195) Pause Young (Allocation Failure) 2588M->548M(2644M) 3.864ms
[1086.110s][info ][gc,cpu         ] GC(195) User=0.02s Sys=0.00s Real=0.01s
[1086.110s][info ][safepoint      ] Safepoint "ParallelGCFailedAllocation", Time since last: 780108998 ns, Reaching safepoint: 35400 ns, At safepoint: 3940644 ns, Total: 3976044 ns
[1087.110s][info ][safepoint      ] Safepoint "Cleanup", Time since last: 1000080018 ns, Reaching safepoint: 100001 ns, At safepoint: 11600 ns, Total: 111601 ns
[1091.110s][info ][safepoint      ] Safepoint "Cleanup", Time since last: 4000293435 ns, Reaching safepoint: 96601 ns, At safepoint: 4801 ns, Total: 101402 ns
[1092.110s][info ][safepoint      ] Safepoint "Cleanup", Time since last: 1000096299 ns, Reaching safepoint: 36100 ns, At safepoint: 3800 ns, Total: 39900 ns
[1097.111s][info ][safepoint      ] Safepoint "Cleanup", Time since last: 5000393336 ns, Reaching safepoint: 128002 ns, At safepoint: 10100 ns, Total: 138102 ns
[1099.111s][info ][safepoint      ] Safepoint "Cleanup", Time since last: 2000180347 ns, Reaching safepoint: 28801 ns, At safepoint: 3700 ns, Total: 32501 ns
[1099.155s][info ][gc,start       ] GC(196) Pause Young (Allocation Failure)
[1099.158s][debug][gc,phases      ] GC(196) Scavenge 3.260ms
[1099.158s][debug][gc,ref         ] GC(196) Skipped phase 1 of Reference Processing: no references
[1099.158s][debug][gc,ref         ] GC(196) ReferenceProcessor::execute queues: 1, RefProcThreadModel::Single, marks_oops_alive: false
[1099.158s][debug][gc,ref         ] GC(196) Skipped phase 3 of Reference Processing: no references
[1099.158s][debug][gc,ref         ] GC(196) ReferenceProcessor::execute queues: 1, RefProcThreadModel::Single, marks_oops_alive: false
[1099.158s][debug][gc,phases      ] GC(196) Reference Processing 0.105ms
[1099.158s][debug][gc,phases      ] GC(196)   VM Weak                        Min:  0.0, Avg:  0.0, Max:  0.0, Diff:  0.0, Sum:  0.0, Workers: 4
[1099.158s][debug][gc,phases      ] GC(196)     Dead                           Min: 0, Avg:  0.0, Max: 0, Diff: 0, Sum: 0, Workers: 4
[1099.158s][debug][gc,phases      ] GC(196)     Total                          Min: 0, Avg: 167.0, Max: 576, Diff: 576, Sum: 668, Workers: 4
[1099.158s][debug][gc,phases      ] GC(196)   ObjectSynchronizer Weak        Min:  0.0, Avg:  0.0, Max:  0.0, Diff:  0.0, Sum:  0.0, Workers: 4
[1099.158s][debug][gc,phases      ] GC(196)     Dead                           Min: 0, Avg:  0.0, Max: 0, Diff: 0, Sum: 0, Workers: 4
[1099.158s][debug][gc,phases      ] GC(196)     Total                          Min: 0, Avg: 87.0, Max: 192, Diff: 192, Sum: 348, Workers: 4
[1099.158s][debug][gc,phases      ] GC(196)   JVMTI Tag Weak OopStorage      Min:  0.0, Avg:  0.0, Max:  0.0, Diff:  0.0, Sum:  0.0, Workers: 4
[1099.158s][debug][gc,phases      ] GC(196)     Dead                           Min: 0, Avg:  0.0, Max: 0, Diff: 0, Sum: 0, Workers: 4
[1099.158s][debug][gc,phases      ] GC(196)     Total                          Min: 0, Avg:  0.0, Max: 0, Diff: 0, Sum: 0, Workers: 4
[1099.158s][debug][gc,phases      ] GC(196)   StringTable Weak               Min:  0.1, Avg:  0.1, Max:  0.1, Diff:  0.0, Sum:  0.4, Workers: 4
[1099.158s][debug][gc,phases      ] GC(196)     Dead                           Min: 0, Avg:  0.0, Max: 0, Diff: 0, Sum: 0, Workers: 4
[1099.159s][debug][gc,phases      ] GC(196)     Total                          Min: 10816, Avg: 12014.8, Max: 15104, Diff: 4288, Sum: 48059, Workers: 4
[1099.159s][debug][gc,phases      ] GC(196)   ResolvedMethodTable Weak       Min:  0.0, Avg:  0.0, Max:  0.0, Diff:  0.0, Sum:  0.1, Workers: 4
[1099.159s][debug][gc,phases      ] GC(196)     Dead                           Min: 0, Avg:  0.0, Max: 0, Diff: 0, Sum: 0, Workers: 4
[1099.159s][debug][gc,phases      ] GC(196)     Total                          Min: 1699, Avg: 1986.0, Max: 2671, Diff: 972, Sum: 7944, Workers: 4
[1099.159s][debug][gc,phases      ] GC(196)   JNI Weak                       Min:  0.0, Avg:  0.0, Max:  0.0, Diff:  0.0, Sum:  0.0, Workers: 4
[1099.159s][debug][gc,phases      ] GC(196)     Dead                           Min: 0, Avg:  0.0, Max: 0, Diff: 0, Sum: 0, Workers: 4
[1099.159s][debug][gc,phases      ] GC(196)     Total                          Min: 0, Avg:  0.0, Max: 0, Diff: 0, Sum: 0, Workers: 4
[1099.159s][debug][gc,phases      ] GC(196)   StringDedup Table Weak         Min:  0.0, Avg:  0.0, Max:  0.0, Diff:  0.0, Sum:  0.0, Workers: 4
[1099.159s][debug][gc,phases      ] GC(196)     Dead                           Min: 0, Avg:  0.0, Max: 0, Diff: 0, Sum: 0, Workers: 4
[1099.159s][debug][gc,phases      ] GC(196)     Total                          Min: 0, Avg:  0.0, Max: 0, Diff: 0, Sum: 0, Workers: 4
[1099.159s][debug][gc,phases      ] GC(196)   StringDedup Requests0 Weak     Min:  0.0, Avg:  0.0, Max:  0.0, Diff:  0.0, Sum:  0.0, Workers: 4
[1099.159s][debug][gc,phases      ] GC(196)     Dead                           Min: 0, Avg:  0.0, Max: 0, Diff: 0, Sum: 0, Workers: 4
[1099.159s][debug][gc,phases      ] GC(196)     Total                          Min: 0, Avg:  0.0, Max: 0, Diff: 0, Sum: 0, Workers: 4
[1099.159s][debug][gc,phases      ] GC(196)   StringDedup Requests1 Weak     Min:  0.0, Avg:  0.0, Max:  0.0, Diff:  0.0, Sum:  0.0, Workers: 4
[1099.159s][debug][gc,phases      ] GC(196)     Dead                           Min: 0, Avg:  0.0, Max: 0, Diff: 0, Sum: 0, Workers: 4
[1099.159s][debug][gc,phases      ] GC(196)     Total                          Min: 0, Avg:  0.0, Max: 0, Diff: 0, Sum: 0, Workers: 4
[1099.159s][debug][gc,phases      ] GC(196)   Weak JFR Old Object Samples    Min:  0.0, Avg:  0.0, Max:  0.0, Diff:  0.0, Sum:  0.0, Workers: 4
[1099.159s][debug][gc,phases      ] GC(196)     Dead                           Min: 0, Avg:  0.0, Max: 0, Diff: 0, Sum: 0, Workers: 4
[1099.159s][debug][gc,phases      ] GC(196)     Total                          Min: 0, Avg:  0.0, Max: 0, Diff: 0, Sum: 0, Workers: 4
[1099.159s][debug][gc,phases      ] GC(196) Weak Processing 0.289ms
[1099.159s][debug][gc,age         ] GC(196) Desired survivor size 3670016 bytes, new threshold 15 (max threshold 15)
[1099.159s][info ][gc,heap        ] GC(196) PSYoungGen: 2092592K(2093568K)->2544K(2093568K) Eden: 2089984K(2089984K)->0K(2089984K) From: 2608K(3584K)->2544K(3584K)
[1099.159s][info ][gc,heap        ] GC(196) ParOldGen: 558772K(614400K)->558788K(614400K)
[1099.159s][info ][gc,metaspace   ] GC(196) Metaspace: 82017K(82880K)->82017K(82880K) NonClass: 70533K(70976K)->70533K(70976K) Class: 11483K(11904K)->11483K(11904K)
[1099.159s][info ][gc             ] GC(196) Pause Young (Allocation Failure) 2589M->548M(2644M) 3.757ms
[1099.159s][info ][gc,cpu         ] GC(196) User=0.02s Sys=0.00s Real=0.00s
[1099.159s][info ][safepoint      ] Safepoint "ParallelGCFailedAllocation", Time since last: 43614178 ns, Reaching safepoint: 90801 ns, At safepoint: 3835842 ns, Total: 3926643 ns
[1102.163s][info ][safepoint      ] Safepoint "Cleanup", Time since last: 3000223991 ns, Reaching safepoint: 4463049 ns, At safepoint: 9300 ns, Total: 4472349 ns
[1106.164s][info ][safepoint      ] Safepoint "Cleanup", Time since last: 4000318702 ns, Reaching safepoint: 114101 ns, At safepoint: 9500 ns, Total: 123601 ns
[1107.418s][info ][gc,start       ] GC(197) Pause Young (Allocation Failure)
[1107.433s][debug][gc,phases      ] GC(197) Scavenge 14.497ms
[1107.433s][debug][gc,ref         ] GC(197) Skipped phase 1 of Reference Processing: no references
[1107.433s][debug][gc,ref         ] GC(197) ReferenceProcessor::execute queues: 1, RefProcThreadModel::Single, marks_oops_alive: false
[1107.433s][debug][gc,ref         ] GC(197) Skipped phase 3 of Reference Processing: no references
[1107.433s][debug][gc,ref         ] GC(197) ReferenceProcessor::execute queues: 1, RefProcThreadModel::Single, marks_oops_alive: false
[1107.433s][debug][gc,phases      ] GC(197) Reference Processing 0.140ms
[1107.433s][debug][gc,phases      ] GC(197)   VM Weak                        Min:  0.0, Avg:  0.0, Max:  0.0, Diff:  0.0, Sum:  0.0, Workers: 4
[1107.433s][debug][gc,phases      ] GC(197)     Dead                           Min: 0, Avg:  0.0, Max: 0, Diff: 0, Sum: 0, Workers: 4
[1107.433s][debug][gc,phases      ] GC(197)     Total                          Min: 0, Avg: 167.0, Max: 668, Diff: 668, Sum: 668, Workers: 4
[1107.434s][debug][gc,phases      ] GC(197)   ObjectSynchronizer Weak        Min:  0.0, Avg:  0.0, Max:  0.0, Diff:  0.0, Sum:  0.0, Workers: 4
[1107.434s][debug][gc,phases      ] GC(197)     Dead                           Min: 0, Avg:  0.0, Max: 0, Diff: 0, Sum: 0, Workers: 4
[1107.434s][debug][gc,phases      ] GC(197)     Total                          Min: 0, Avg: 87.0, Max: 348, Diff: 348, Sum: 348, Workers: 4
[1107.434s][debug][gc,phases      ] GC(197)   JVMTI Tag Weak OopStorage      Min:  0.0, Avg:  0.0, Max:  0.0, Diff:  0.0, Sum:  0.0, Workers: 4
[1107.434s][debug][gc,phases      ] GC(197)     Dead                           Min: 0, Avg:  0.0, Max: 0, Diff: 0, Sum: 0, Workers: 4
[1107.434s][debug][gc,phases      ] GC(197)     Total                          Min: 0, Avg:  0.0, Max: 0, Diff: 0, Sum: 0, Workers: 4
[1107.434s][debug][gc,phases      ] GC(197)   StringTable Weak               Min:  0.0, Avg:  0.1, Max:  0.3, Diff:  0.3, Sum:  0.5, Workers: 4
[1107.434s][debug][gc,phases      ] GC(197)     Dead                           Min: 0, Avg:  0.0, Max: 0, Diff: 0, Sum: 0, Workers: 4
[1107.434s][debug][gc,phases      ] GC(197)     Total                          Min: 0, Avg: 12014.8, Max: 32251, Diff: 32251, Sum: 48059, Workers: 4
[1107.434s][debug][gc,phases      ] GC(197)   ResolvedMethodTable Weak       Min:  0.0, Avg:  0.0, Max:  0.0, Diff:  0.0, Sum:  0.1, Workers: 4
[1107.434s][debug][gc,phases      ] GC(197)     Dead                           Min: 0, Avg:  0.0, Max: 0, Diff: 0, Sum: 0, Workers: 4
[1107.434s][debug][gc,phases      ] GC(197)     Total                          Min: 0, Avg: 1986.0, Max: 4030, Diff: 4030, Sum: 7944, Workers: 4
[1107.434s][debug][gc,phases      ] GC(197)   JNI Weak                       Min:  0.0, Avg:  0.0, Max:  0.0, Diff:  0.0, Sum:  0.0, Workers: 4
[1107.434s][debug][gc,phases      ] GC(197)     Dead                           Min: 0, Avg:  0.0, Max: 0, Diff: 0, Sum: 0, Workers: 4
[1107.434s][debug][gc,phases      ] GC(197)     Total                          Min: 0, Avg:  0.0, Max: 0, Diff: 0, Sum: 0, Workers: 4
[1107.434s][debug][gc,phases      ] GC(197)   StringDedup Table Weak         Min:  0.0, Avg:  0.0, Max:  0.0, Diff:  0.0, Sum:  0.0, Workers: 4
[1107.434s][debug][gc,phases      ] GC(197)     Dead                           Min: 0, Avg:  0.0, Max: 0, Diff: 0, Sum: 0, Workers: 4
[1107.434s][debug][gc,phases      ] GC(197)     Total                          Min: 0, Avg:  0.0, Max: 0, Diff: 0, Sum: 0, Workers: 4
[1107.434s][debug][gc,phases      ] GC(197)   StringDedup Requests0 Weak     Min:  0.0, Avg:  0.0, Max:  0.0, Diff:  0.0, Sum:  0.0, Workers: 4
[1107.434s][debug][gc,phases      ] GC(197)     Dead                           Min: 0, Avg:  0.0, Max: 0, Diff: 0, Sum: 0, Workers: 4
[1107.434s][debug][gc,phases      ] GC(197)     Total                          Min: 0, Avg:  0.0, Max: 0, Diff: 0, Sum: 0, Workers: 4
[1107.434s][debug][gc,phases      ] GC(197)   StringDedup Requests1 Weak     Min:  0.0, Avg:  0.0, Max:  0.0, Diff:  0.0, Sum:  0.0, Workers: 4
[1107.434s][debug][gc,phases      ] GC(197)     Dead                           Min: 0, Avg:  0.0, Max: 0, Diff: 0, Sum: 0, Workers: 4
[1107.434s][debug][gc,phases      ] GC(197)     Total                          Min: 0, Avg:  0.0, Max: 0, Diff: 0, Sum: 0, Workers: 4
[1107.434s][debug][gc,phases      ] GC(197)   Weak JFR Old Object Samples    Min:  0.0, Avg:  0.0, Max:  0.0, Diff:  0.0, Sum:  0.0, Workers: 4
[1107.434s][debug][gc,phases      ] GC(197)     Dead                           Min: 0, Avg:  0.0, Max: 0, Diff: 0, Sum: 0, Workers: 4
[1107.434s][debug][gc,phases      ] GC(197)     Total                          Min: 0, Avg:  0.0, Max: 0, Diff: 0, Sum: 0, Workers: 4
[1107.434s][debug][gc,phases      ] GC(197) Weak Processing 0.598ms
[1107.434s][debug][gc,age         ] GC(197) Desired survivor size 3670016 bytes, new threshold 15 (max threshold 15)
[1107.434s][info ][gc,heap        ] GC(197) PSYoungGen: 2092528K(2093568K)->3440K(2093568K) Eden: 2089984K(2089984K)->0K(2089984K) From: 2544K(3584K)->3440K(3584K)
[1107.434s][info ][gc,heap        ] GC(197) ParOldGen: 558788K(614400K)->558828K(614400K)
[1107.434s][info ][gc,metaspace   ] GC(197) Metaspace: 82019K(82880K)->82019K(82880K) NonClass: 70536K(70976K)->70536K(70976K) Class: 11483K(11904K)->11483K(11904K)
[1107.434s][info ][gc             ] GC(197) Pause Young (Allocation Failure) 2589M->549M(2644M) 15.384ms
[1107.434s][info ][gc,cpu         ] GC(197) User=0.02s Sys=0.00s Real=0.02s
[1107.434s][info ][safepoint      ] Safepoint "ParallelGCFailedAllocation", Time since last: 1254379322 ns, Reaching safepoint: 115402 ns, At safepoint: 15480369 ns, Total: 15595771 ns
[1115.217s][info ][gc,start       ] GC(198) Pause Young (Allocation Failure)
[1115.223s][debug][gc,phases      ] GC(198) Scavenge 5.955ms
[1115.223s][debug][gc,ref         ] GC(198) Skipped phase 1 of Reference Processing: no references
[1115.223s][debug][gc,ref         ] GC(198) ReferenceProcessor::execute queues: 1, RefProcThreadModel::Single, marks_oops_alive: false
[1115.223s][debug][gc,ref         ] GC(198) Skipped phase 3 of Reference Processing: no references
[1115.223s][debug][gc,ref         ] GC(198) ReferenceProcessor::execute queues: 1, RefProcThreadModel::Single, marks_oops_alive: false
[1115.224s][debug][gc,phases      ] GC(198) Reference Processing 0.141ms
[1115.224s][debug][gc,phases      ] GC(198)   VM Weak                        Min:  0.0, Avg:  0.0, Max:  0.0, Diff:  0.0, Sum:  0.0, Workers: 4
[1115.224s][debug][gc,phases      ] GC(198)     Dead                           Min: 0, Avg:  0.0, Max: 0, Diff: 0, Sum: 0, Workers: 4
[1115.224s][debug][gc,phases      ] GC(198)     Total                          Min: 0, Avg: 167.0, Max: 576, Diff: 576, Sum: 668, Workers: 4
[1115.224s][debug][gc,phases      ] GC(198)   ObjectSynchronizer Weak        Min:  0.0, Avg:  0.0, Max:  0.0, Diff:  0.0, Sum:  0.0, Workers: 4
[1115.224s][debug][gc,phases      ] GC(198)     Dead                           Min: 0, Avg:  0.0, Max: 0, Diff: 0, Sum: 0, Workers: 4
[1115.224s][debug][gc,phases      ] GC(198)     Total                          Min: 0, Avg: 87.0, Max: 128, Diff: 128, Sum: 348, Workers: 4
[1115.224s][debug][gc,phases      ] GC(198)   JVMTI Tag Weak OopStorage      Min:  0.0, Avg:  0.0, Max:  0.0, Diff:  0.0, Sum:  0.0, Workers: 4
[1115.224s][debug][gc,phases      ] GC(198)     Dead                           Min: 0, Avg:  0.0, Max: 0, Diff: 0, Sum: 0, Workers: 4
[1115.224s][debug][gc,phases      ] GC(198)     Total                          Min: 0, Avg:  0.0, Max: 0, Diff: 0, Sum: 0, Workers: 4
[1115.224s][debug][gc,phases      ] GC(198)   StringTable Weak               Min:  0.0, Avg:  0.1, Max:  0.2, Diff:  0.2, Sum:  0.5, Workers: 4
[1115.224s][debug][gc,phases      ] GC(198)     Dead                           Min: 0, Avg:  0.0, Max: 0, Diff: 0, Sum: 0, Workers: 4
[1115.224s][debug][gc,phases      ] GC(198)     Total                          Min: 0, Avg: 12014.8, Max: 16256, Diff: 16256, Sum: 48059, Workers: 4
[1115.224s][debug][gc,phases      ] GC(198)   ResolvedMethodTable Weak       Min:  0.0, Avg:  0.0, Max:  0.0, Diff:  0.0, Sum:  0.1, Workers: 4
[1115.224s][debug][gc,phases      ] GC(198)     Dead                           Min: 0, Avg:  0.0, Max: 0, Diff: 0, Sum: 0, Workers: 4
[1115.224s][debug][gc,phases      ] GC(198)     Total                          Min: 0, Avg: 1986.0, Max: 2735, Diff: 2735, Sum: 7944, Workers: 4
[1115.224s][debug][gc,phases      ] GC(198)   JNI Weak                       Min:  0.0, Avg:  0.0, Max:  0.0, Diff:  0.0, Sum:  0.0, Workers: 4
[1115.224s][debug][gc,phases      ] GC(198)     Dead                           Min: 0, Avg:  0.0, Max: 0, Diff: 0, Sum: 0, Workers: 4
[1115.224s][debug][gc,phases      ] GC(198)     Total                          Min: 0, Avg:  0.0, Max: 0, Diff: 0, Sum: 0, Workers: 4
[1115.224s][debug][gc,phases      ] GC(198)   StringDedup Table Weak         Min:  0.0, Avg:  0.0, Max:  0.0, Diff:  0.0, Sum:  0.0, Workers: 4
[1115.224s][debug][gc,phases      ] GC(198)     Dead                           Min: 0, Avg:  0.0, Max: 0, Diff: 0, Sum: 0, Workers: 4
[1115.224s][debug][gc,phases      ] GC(198)     Total                          Min: 0, Avg:  0.0, Max: 0, Diff: 0, Sum: 0, Workers: 4
[1115.224s][debug][gc,phases      ] GC(198)   StringDedup Requests0 Weak     Min:  0.0, Avg:  0.0, Max:  0.0, Diff:  0.0, Sum:  0.0, Workers: 4
[1115.224s][debug][gc,phases      ] GC(198)     Dead                           Min: 0, Avg:  0.0, Max: 0, Diff: 0, Sum: 0, Workers: 4
[1115.224s][debug][gc,phases      ] GC(198)     Total                          Min: 0, Avg:  0.0, Max: 0, Diff: 0, Sum: 0, Workers: 4
[1115.224s][debug][gc,phases      ] GC(198)   StringDedup Requests1 Weak     Min:  0.0, Avg:  0.0, Max:  0.0, Diff:  0.0, Sum:  0.0, Workers: 4
[1115.224s][debug][gc,phases      ] GC(198)     Dead                           Min: 0, Avg:  0.0, Max: 0, Diff: 0, Sum: 0, Workers: 4
[1115.224s][debug][gc,phases      ] GC(198)     Total                          Min: 0, Avg:  0.0, Max: 0, Diff: 0, Sum: 0, Workers: 4
[1115.224s][debug][gc,phases      ] GC(198)   Weak JFR Old Object Samples    Min:  0.0, Avg:  0.0, Max:  0.0, Diff:  0.0, Sum:  0.0, Workers: 4
[1115.224s][debug][gc,phases      ] GC(198)     Dead                           Min: 0, Avg:  0.0, Max: 0, Diff: 0, Sum: 0, Workers: 4
[1115.224s][debug][gc,phases      ] GC(198)     Total                          Min: 0, Avg:  0.0, Max: 0, Diff: 0, Sum: 0, Workers: 4
[1115.224s][debug][gc,phases      ] GC(198) Weak Processing 0.445ms
[1115.224s][debug][gc,age         ] GC(198) Desired survivor size 3670016 bytes, new threshold 15 (max threshold 15)
[1115.224s][info ][gc,heap        ] GC(198) PSYoungGen: 2093424K(2093568K)->2960K(2093568K) Eden: 2089984K(2089984K)->0K(2089984K) From: 3440K(3584K)->2960K(3584K)
[1115.224s][info ][gc,heap        ] GC(198) ParOldGen: 558828K(614400K)->558884K(614400K)
[1115.224s][info ][gc,metaspace   ] GC(198) Metaspace: 82021K(82880K)->82021K(82880K) NonClass: 70538K(70976K)->70538K(70976K) Class: 11483K(11904K)->11483K(11904K)
[1115.224s][info ][gc             ] GC(198) Pause Young (Allocation Failure) 2590M->548M(2644M) 6.683ms
[1115.224s][info ][gc,cpu         ] GC(198) User=0.01s Sys=0.00s Real=0.01s
[1115.224s][info ][safepoint      ] Safepoint "ParallelGCFailedAllocation", Time since last: 7783426713 ns, Reaching safepoint: 33201 ns, At safepoint: 6829474 ns, Total: 6862675 ns
[1120.225s][info ][safepoint      ] Safepoint "Cleanup", Time since last: 5000354096 ns, Reaching safepoint: 120201 ns, At safepoint: 28400 ns, Total: 148601 ns
[1126.384s][info ][gc,start       ] GC(199) Pause Young (Allocation Failure)
[1126.391s][debug][gc,phases      ] GC(199) Scavenge 7.231ms
[1126.392s][debug][gc,ref         ] GC(199) Skipped phase 1 of Reference Processing: no references
[1126.392s][debug][gc,ref         ] GC(199) ReferenceProcessor::execute queues: 1, RefProcThreadModel::Single, marks_oops_alive: false
[1126.392s][debug][gc,ref         ] GC(199) Skipped phase 3 of Reference Processing: no references
[1126.392s][debug][gc,ref         ] GC(199) ReferenceProcessor::execute queues: 1, RefProcThreadModel::Single, marks_oops_alive: false
[1126.392s][debug][gc,phases      ] GC(199) Reference Processing 0.128ms
[1126.392s][debug][gc,phases      ] GC(199)   VM Weak                        Min:  0.0, Avg:  0.0, Max:  0.0, Diff:  0.0, Sum:  0.0, Workers: 4
[1126.392s][debug][gc,phases      ] GC(199)     Dead                           Min: 0, Avg:  0.0, Max: 0, Diff: 0, Sum: 0, Workers: 4
[1126.392s][debug][gc,phases      ] GC(199)     Total                          Min: 0, Avg: 167.0, Max: 668, Diff: 668, Sum: 668, Workers: 4
[1126.392s][debug][gc,phases      ] GC(199)   ObjectSynchronizer Weak        Min:  0.0, Avg:  0.0, Max:  0.0, Diff:  0.0, Sum:  0.0, Workers: 4
[1126.392s][debug][gc,phases      ] GC(199)     Dead                           Min: 0, Avg:  0.0, Max: 0, Diff: 0, Sum: 0, Workers: 4
[1126.392s][debug][gc,phases      ] GC(199)     Total                          Min: 0, Avg: 87.0, Max: 192, Diff: 192, Sum: 348, Workers: 4
[1126.392s][debug][gc,phases      ] GC(199)   JVMTI Tag Weak OopStorage      Min:  0.0, Avg:  0.0, Max:  0.0, Diff:  0.0, Sum:  0.0, Workers: 4
[1126.392s][debug][gc,phases      ] GC(199)     Dead                           Min: 0, Avg:  0.0, Max: 0, Diff: 0, Sum: 0, Workers: 4
[1126.392s][debug][gc,phases      ] GC(199)     Total                          Min: 0, Avg:  0.0, Max: 0, Diff: 0, Sum: 0, Workers: 4
[1126.392s][debug][gc,phases      ] GC(199)   StringTable Weak               Min:  0.1, Avg:  0.1, Max:  0.1, Diff:  0.0, Sum:  0.5, Workers: 4
[1126.392s][debug][gc,phases      ] GC(199)     Dead                           Min: 0, Avg:  0.0, Max: 0, Diff: 0, Sum: 0, Workers: 4
[1126.392s][debug][gc,phases      ] GC(199)     Total                          Min: 11712, Avg: 12014.8, Max: 12411, Diff: 699, Sum: 48059, Workers: 4
[1126.392s][debug][gc,phases      ] GC(199)   ResolvedMethodTable Weak       Min:  0.0, Avg:  0.0, Max:  0.0, Diff:  0.0, Sum:  0.1, Workers: 4
[1126.392s][debug][gc,phases      ] GC(199)     Dead                           Min: 0, Avg:  0.0, Max: 0, Diff: 0, Sum: 0, Workers: 4
[1126.392s][debug][gc,phases      ] GC(199)     Total                          Min: 1930, Avg: 1986.0, Max: 2078, Diff: 148, Sum: 7944, Workers: 4
[1126.392s][debug][gc,phases      ] GC(199)   JNI Weak                       Min:  0.0, Avg:  0.0, Max:  0.0, Diff:  0.0, Sum:  0.0, Workers: 4
[1126.392s][debug][gc,phases      ] GC(199)     Dead                           Min: 0, Avg:  0.0, Max: 0, Diff: 0, Sum: 0, Workers: 4
[1126.392s][debug][gc,phases      ] GC(199)     Total                          Min: 0, Avg:  0.0, Max: 0, Diff: 0, Sum: 0, Workers: 4
[1126.392s][debug][gc,phases      ] GC(199)   StringDedup Table Weak         Min:  0.0, Avg:  0.0, Max:  0.0, Diff:  0.0, Sum:  0.0, Workers: 4
[1126.392s][debug][gc,phases      ] GC(199)     Dead                           Min: 0, Avg:  0.0, Max: 0, Diff: 0, Sum: 0, Workers: 4
[1126.392s][debug][gc,phases      ] GC(199)     Total                          Min: 0, Avg:  0.0, Max: 0, Diff: 0, Sum: 0, Workers: 4
[1126.392s][debug][gc,phases      ] GC(199)   StringDedup Requests0 Weak     Min:  0.0, Avg:  0.0, Max:  0.0, Diff:  0.0, Sum:  0.0, Workers: 4
[1126.392s][debug][gc,phases      ] GC(199)     Dead                           Min: 0, Avg:  0.0, Max: 0, Diff: 0, Sum: 0, Workers: 4
[1126.392s][debug][gc,phases      ] GC(199)     Total                          Min: 0, Avg:  0.0, Max: 0, Diff: 0, Sum: 0, Workers: 4
[1126.392s][debug][gc,phases      ] GC(199)   StringDedup Requests1 Weak     Min:  0.0, Avg:  0.0, Max:  0.0, Diff:  0.0, Sum:  0.0, Workers: 4
[1126.392s][debug][gc,phases      ] GC(199)     Dead                           Min: 0, Avg:  0.0, Max: 0, Diff: 0, Sum: 0, Workers: 4
[1126.392s][debug][gc,phases      ] GC(199)     Total                          Min: 0, Avg:  0.0, Max: 0, Diff: 0, Sum: 0, Workers: 4
[1126.392s][debug][gc,phases      ] GC(199)   Weak JFR Old Object Samples    Min:  0.0, Avg:  0.0, Max:  0.0, Diff:  0.0, Sum:  0.0, Workers: 4
[1126.392s][debug][gc,phases      ] GC(199)     Dead                           Min: 0, Avg:  0.0, Max: 0, Diff: 0, Sum: 0, Workers: 4
[1126.392s][debug][gc,phases      ] GC(199)     Total                          Min: 0, Avg:  0.0, Max: 0, Diff: 0, Sum: 0, Workers: 4
[1126.392s][debug][gc,phases      ] GC(199) Weak Processing 0.402ms
[1126.392s][debug][gc,age         ] GC(199) Desired survivor size 3670016 bytes, new threshold 15 (max threshold 15)
[1126.392s][info ][gc,heap        ] GC(199) PSYoungGen: 2092944K(2093568K)->2880K(2093568K) Eden: 2089984K(2089984K)->0K(2089984K) From: 2960K(3584K)->2880K(3584K)
[1126.392s][info ][gc,heap        ] GC(199) ParOldGen: 558884K(614400K)->558908K(614400K)
[1126.392s][info ][gc,metaspace   ] GC(199) Metaspace: 82025K(82880K)->82025K(82880K) NonClass: 70541K(70976K)->70541K(70976K) Class: 11483K(11904K)->11483K(11904K)
[1126.392s][info ][gc             ] GC(199) Pause Young (Allocation Failure) 2589M->548M(2644M) 7.917ms
[1126.392s][info ][gc,cpu         ] GC(199) User=0.02s Sys=0.00s Real=0.01s
[1126.392s][info ][safepoint      ] Safepoint "ParallelGCFailedAllocation", Time since last: 6159458501 ns, Reaching safepoint: 108301 ns, At safepoint: 8016587 ns, Total: 8124888 ns
[1135.393s][info ][safepoint      ] Safepoint "Cleanup", Time since last: 9000658257 ns, Reaching safepoint: 49000 ns, At safepoint: 29001 ns, Total: 78001 ns
[1139.055s][info ][gc,start       ] GC(200) Pause Young (Allocation Failure)
[1139.058s][debug][gc,phases      ] GC(200) Scavenge 2.821ms
[1139.058s][debug][gc,ref         ] GC(200) Skipped phase 1 of Reference Processing: no references
[1139.058s][debug][gc,ref         ] GC(200) ReferenceProcessor::execute queues: 1, RefProcThreadModel::Single, marks_oops_alive: false
[1139.058s][debug][gc,ref         ] GC(200) Skipped phase 3 of Reference Processing: no references
[1139.058s][debug][gc,ref         ] GC(200) ReferenceProcessor::execute queues: 1, RefProcThreadModel::Single, marks_oops_alive: false
[1139.058s][debug][gc,phases      ] GC(200) Reference Processing 0.129ms
[1139.059s][debug][gc,phases      ] GC(200)   VM Weak                        Min:  0.0, Avg:  0.0, Max:  0.0, Diff:  0.0, Sum:  0.0, Workers: 4
[1139.059s][debug][gc,phases      ] GC(200)     Dead                           Min: 0, Avg:  0.0, Max: 0, Diff: 0, Sum: 0, Workers: 4
[1139.059s][debug][gc,phases      ] GC(200)     Total                          Min: 0, Avg: 167.0, Max: 668, Diff: 668, Sum: 668, Workers: 4
[1139.059s][debug][gc,phases      ] GC(200)   ObjectSynchronizer Weak        Min:  0.0, Avg:  0.0, Max:  0.0, Diff:  0.0, Sum:  0.0, Workers: 4
[1139.059s][debug][gc,phases      ] GC(200)     Dead                           Min: 0, Avg:  0.0, Max: 0, Diff: 0, Sum: 0, Workers: 4
[1139.059s][debug][gc,phases      ] GC(200)     Total                          Min: 0, Avg: 87.0, Max: 192, Diff: 192, Sum: 348, Workers: 4
[1139.059s][debug][gc,phases      ] GC(200)   JVMTI Tag Weak OopStorage      Min:  0.0, Avg:  0.0, Max:  0.0, Diff:  0.0, Sum:  0.0, Workers: 4
[1139.059s][debug][gc,phases      ] GC(200)     Dead                           Min: 0, Avg:  0.0, Max: 0, Diff: 0, Sum: 0, Workers: 4
[1139.059s][debug][gc,phases      ] GC(200)     Total                          Min: 0, Avg:  0.0, Max: 0, Diff: 0, Sum: 0, Workers: 4
[1139.059s][debug][gc,phases      ] GC(200)   StringTable Weak               Min:  0.1, Avg:  0.1, Max:  0.1, Diff:  0.0, Sum:  0.4, Workers: 4
[1139.059s][debug][gc,phases      ] GC(200)     Dead                           Min: 0, Avg:  0.0, Max: 0, Diff: 0, Sum: 0, Workers: 4
[1139.059s][debug][gc,phases      ] GC(200)     Total                          Min: 9664, Avg: 12017.8, Max: 16391, Diff: 6727, Sum: 48071, Workers: 4
[1139.059s][debug][gc,phases      ] GC(200)   ResolvedMethodTable Weak       Min:  0.0, Avg:  0.0, Max:  0.0, Diff:  0.0, Sum:  0.1, Workers: 4
[1139.059s][debug][gc,phases      ] GC(200)     Dead                           Min: 0, Avg:  0.0, Max: 0, Diff: 0, Sum: 0, Workers: 4
[1139.059s][debug][gc,phases      ] GC(200)     Total                          Min: 1634, Avg: 1986.0, Max: 2581, Diff: 947, Sum: 7944, Workers: 4
[1139.059s][debug][gc,phases      ] GC(200)   JNI Weak                       Min:  0.0, Avg:  0.0, Max:  0.0, Diff:  0.0, Sum:  0.0, Workers: 4
[1139.059s][debug][gc,phases      ] GC(200)     Dead                           Min: 0, Avg:  0.0, Max: 0, Diff: 0, Sum: 0, Workers: 4
[1139.059s][debug][gc,phases      ] GC(200)     Total                          Min: 0, Avg:  0.0, Max: 0, Diff: 0, Sum: 0, Workers: 4
[1139.059s][debug][gc,phases      ] GC(200)   StringDedup Table Weak         Min:  0.0, Avg:  0.0, Max:  0.0, Diff:  0.0, Sum:  0.0, Workers: 4
[1139.059s][debug][gc,phases      ] GC(200)     Dead                           Min: 0, Avg:  0.0, Max: 0, Diff: 0, Sum: 0, Workers: 4
[1139.059s][debug][gc,phases      ] GC(200)     Total                          Min: 0, Avg:  0.0, Max: 0, Diff: 0, Sum: 0, Workers: 4
[1139.059s][debug][gc,phases      ] GC(200)   StringDedup Requests0 Weak     Min:  0.0, Avg:  0.0, Max:  0.0, Diff:  0.0, Sum:  0.0, Workers: 4
[1139.059s][debug][gc,phases      ] GC(200)     Dead                           Min: 0, Avg:  0.0, Max: 0, Diff: 0, Sum: 0, Workers: 4
[1139.059s][debug][gc,phases      ] GC(200)     Total                          Min: 0, Avg:  0.0, Max: 0, Diff: 0, Sum: 0, Workers: 4
[1139.059s][debug][gc,phases      ] GC(200)   StringDedup Requests1 Weak     Min:  0.0, Avg:  0.0, Max:  0.0, Diff:  0.0, Sum:  0.0, Workers: 4
[1139.059s][debug][gc,phases      ] GC(200)     Dead                           Min: 0, Avg:  0.0, Max: 0, Diff: 0, Sum: 0, Workers: 4
[1139.059s][debug][gc,phases      ] GC(200)     Total                          Min: 0, Avg:  0.0, Max: 0, Diff: 0, Sum: 0, Workers: 4
[1139.059s][debug][gc,phases      ] GC(200)   Weak JFR Old Object Samples    Min:  0.0, Avg:  0.0, Max:  0.0, Diff:  0.0, Sum:  0.0, Workers: 4
[1139.059s][debug][gc,phases      ] GC(200)     Dead                           Min: 0, Avg:  0.0, Max: 0, Diff: 0, Sum: 0, Workers: 4
[1139.059s][debug][gc,phases      ] GC(200)     Total                          Min: 0, Avg:  0.0, Max: 0, Diff: 0, Sum: 0, Workers: 4
[1139.059s][debug][gc,phases      ] GC(200) Weak Processing 0.308ms
[1139.059s][debug][gc,age         ] GC(200) Desired survivor size 3670016 bytes, new threshold 15 (max threshold 15)
[1139.059s][info ][gc,heap        ] GC(200) PSYoungGen: 2092864K(2093568K)->2912K(2093568K) Eden: 2089984K(2089984K)->0K(2089984K) From: 2880K(3584K)->2912K(3584K)
[1139.059s][info ][gc,heap        ] GC(200) ParOldGen: 558908K(614400K)->558948K(614400K)
[1139.059s][info ][gc,metaspace   ] GC(200) Metaspace: 82034K(82944K)->82034K(82944K) NonClass: 70551K(71040K)->70551K(71040K) Class: 11483K(11904K)->11483K(11904K)
[1139.059s][info ][gc             ] GC(200) Pause Young (Allocation Failure) 2589M->548M(2644M) 3.389ms
[1139.059s][info ][gc,cpu         ] GC(200) User=0.01s Sys=0.00s Real=0.00s
[1139.059s][info ][safepoint      ] Safepoint "ParallelGCFailedAllocation", Time since last: 3662419253 ns, Reaching safepoint: 54901 ns, At safepoint: 3460137 ns, Total: 3515038 ns
[1146.059s][info ][safepoint      ] Safepoint "Cleanup", Time since last: 7000507562 ns, Reaching safepoint: 114002 ns, At safepoint: 8400 ns, Total: 122402 ns
[1151.918s][info ][gc,start       ] GC(201) Pause Young (Allocation Failure)
[1151.921s][debug][gc,phases      ] GC(201) Scavenge 2.683ms
[1151.921s][debug][gc,ref         ] GC(201) Skipped phase 1 of Reference Processing: no references
[1151.921s][debug][gc,ref         ] GC(201) ReferenceProcessor::execute queues: 1, RefProcThreadModel::Single, marks_oops_alive: false
[1151.921s][debug][gc,ref         ] GC(201) Skipped phase 3 of Reference Processing: no references
[1151.921s][debug][gc,ref         ] GC(201) ReferenceProcessor::execute queues: 1, RefProcThreadModel::Single, marks_oops_alive: false
[1151.921s][debug][gc,phases      ] GC(201) Reference Processing 0.113ms
[1151.921s][debug][gc,phases      ] GC(201)   VM Weak                        Min:  0.0, Avg:  0.0, Max:  0.0, Diff:  0.0, Sum:  0.0, Workers: 4
[1151.921s][debug][gc,phases      ] GC(201)     Dead                           Min: 0, Avg:  0.0, Max: 0, Diff: 0, Sum: 0, Workers: 4
[1151.921s][debug][gc,phases      ] GC(201)     Total                          Min: 0, Avg: 167.0, Max: 668, Diff: 668, Sum: 668, Workers: 4
[1151.921s][debug][gc,phases      ] GC(201)   ObjectSynchronizer Weak        Min:  0.0, Avg:  0.0, Max:  0.0, Diff:  0.0, Sum:  0.0, Workers: 4
[1151.921s][debug][gc,phases      ] GC(201)     Dead                           Min: 0, Avg:  0.0, Max: 0, Diff: 0, Sum: 0, Workers: 4
[1151.921s][debug][gc,phases      ] GC(201)     Total                          Min: 0, Avg: 87.0, Max: 220, Diff: 220, Sum: 348, Workers: 4
[1151.921s][debug][gc,phases      ] GC(201)   JVMTI Tag Weak OopStorage      Min:  0.0, Avg:  0.0, Max:  0.0, Diff:  0.0, Sum:  0.0, Workers: 4
[1151.921s][debug][gc,phases      ] GC(201)     Dead                           Min: 0, Avg:  0.0, Max: 0, Diff: 0, Sum: 0, Workers: 4
[1151.921s][debug][gc,phases      ] GC(201)     Total                          Min: 0, Avg:  0.0, Max: 0, Diff: 0, Sum: 0, Workers: 4
[1151.921s][debug][gc,phases      ] GC(201)   StringTable Weak               Min:  0.1, Avg:  0.1, Max:  0.1, Diff:  0.0, Sum:  0.4, Workers: 4
[1151.921s][debug][gc,phases      ] GC(201)     Dead                           Min: 0, Avg:  0.0, Max: 0, Diff: 0, Sum: 0, Workers: 4
[1151.921s][debug][gc,phases      ] GC(201)     Total                          Min: 9536, Avg: 12017.8, Max: 14407, Diff: 4871, Sum: 48071, Workers: 4
[1151.921s][debug][gc,phases      ] GC(201)   ResolvedMethodTable Weak       Min:  0.0, Avg:  0.0, Max:  0.0, Diff:  0.0, Sum:  0.1, Workers: 4
[1151.921s][debug][gc,phases      ] GC(201)     Dead                           Min: 0, Avg:  0.0, Max: 0, Diff: 0, Sum: 0, Workers: 4
[1151.921s][debug][gc,phases      ] GC(201)     Total                          Min: 1621, Avg: 1986.0, Max: 2415, Diff: 794, Sum: 7944, Workers: 4
[1151.921s][debug][gc,phases      ] GC(201)   JNI Weak                       Min:  0.0, Avg:  0.0, Max:  0.0, Diff:  0.0, Sum:  0.0, Workers: 4
[1151.921s][debug][gc,phases      ] GC(201)     Dead                           Min: 0, Avg:  0.0, Max: 0, Diff: 0, Sum: 0, Workers: 4
[1151.921s][debug][gc,phases      ] GC(201)     Total                          Min: 0, Avg:  0.0, Max: 0, Diff: 0, Sum: 0, Workers: 4
[1151.921s][debug][gc,phases      ] GC(201)   StringDedup Table Weak         Min:  0.0, Avg:  0.0, Max:  0.0, Diff:  0.0, Sum:  0.0, Workers: 4
[1151.921s][debug][gc,phases      ] GC(201)     Dead                           Min: 0, Avg:  0.0, Max: 0, Diff: 0, Sum: 0, Workers: 4
[1151.921s][debug][gc,phases      ] GC(201)     Total                          Min: 0, Avg:  0.0, Max: 0, Diff: 0, Sum: 0, Workers: 4
[1151.921s][debug][gc,phases      ] GC(201)   StringDedup Requests0 Weak     Min:  0.0, Avg:  0.0, Max:  0.0, Diff:  0.0, Sum:  0.0, Workers: 4
[1151.921s][debug][gc,phases      ] GC(201)     Dead                           Min: 0, Avg:  0.0, Max: 0, Diff: 0, Sum: 0, Workers: 4
[1151.921s][debug][gc,phases      ] GC(201)     Total                          Min: 0, Avg:  0.0, Max: 0, Diff: 0, Sum: 0, Workers: 4
[1151.921s][debug][gc,phases      ] GC(201)   StringDedup Requests1 Weak     Min:  0.0, Avg:  0.0, Max:  0.0, Diff:  0.0, Sum:  0.0, Workers: 4
[1151.921s][debug][gc,phases      ] GC(201)     Dead                           Min: 0, Avg:  0.0, Max: 0, Diff: 0, Sum: 0, Workers: 4
[1151.921s][debug][gc,phases      ] GC(201)     Total                          Min: 0, Avg:  0.0, Max: 0, Diff: 0, Sum: 0, Workers: 4
[1151.921s][debug][gc,phases      ] GC(201)   Weak JFR Old Object Samples    Min:  0.0, Avg:  0.0, Max:  0.0, Diff:  0.0, Sum:  0.0, Workers: 4
[1151.921s][debug][gc,phases      ] GC(201)     Dead                           Min: 0, Avg:  0.0, Max: 0, Diff: 0, Sum: 0, Workers: 4
[1151.921s][debug][gc,phases      ] GC(201)     Total                          Min: 0, Avg:  0.0, Max: 0, Diff: 0, Sum: 0, Workers: 4
[1151.921s][debug][gc,phases      ] GC(201) Weak Processing 0.276ms
[1151.921s][debug][gc,age         ] GC(201) Desired survivor size 3670016 bytes, new threshold 15 (max threshold 15)
[1151.921s][info ][gc,heap        ] GC(201) PSYoungGen: 2092896K(2093568K)->2848K(2093568K) Eden: 2089984K(2089984K)->0K(2089984K) From: 2912K(3584K)->2848K(3584K)
[1151.921s][info ][gc,heap        ] GC(201) ParOldGen: 558948K(614400K)->558988K(614400K)
[1151.921s][info ][gc,metaspace   ] GC(201) Metaspace: 82035K(82944K)->82035K(82944K) NonClass: 70551K(71040K)->70551K(71040K) Class: 11483K(11904K)->11483K(11904K)
[1151.921s][info ][gc             ] GC(201) Pause Young (Allocation Failure) 2589M->548M(2644M) 3.178ms
[1151.921s][info ][gc,cpu         ] GC(201) User=0.02s Sys=0.00s Real=0.01s
[1151.921s][info ][safepoint      ] Safepoint "ParallelGCFailedAllocation", Time since last: 5858574387 ns, Reaching safepoint: 45900 ns, At safepoint: 3253936 ns, Total: 3299836 ns
[1152.921s][info ][safepoint      ] Safepoint "Cleanup", Time since last: 1000094174 ns, Reaching safepoint: 44600 ns, At safepoint: 2900 ns, Total: 47500 ns
[1158.922s][info ][safepoint      ] Safepoint "Cleanup", Time since last: 6000424373 ns, Reaching safepoint: 43900 ns, At safepoint: 2900 ns, Total: 46800 ns
[1163.922s][info ][safepoint      ] Safepoint "Cleanup", Time since last: 5000362416 ns, Reaching safepoint: 42301 ns, At safepoint: 3200 ns, Total: 45501 ns
[1164.754s][info ][gc,start       ] GC(202) Pause Young (Allocation Failure)
[1164.757s][debug][gc,phases      ] GC(202) Scavenge 2.653ms
[1164.757s][debug][gc,ref         ] GC(202) Skipped phase 1 of Reference Processing: no references
[1164.757s][debug][gc,ref         ] GC(202) ReferenceProcessor::execute queues: 1, RefProcThreadModel::Single, marks_oops_alive: false
[1164.757s][debug][gc,ref         ] GC(202) Skipped phase 3 of Reference Processing: no references
[1164.757s][debug][gc,ref         ] GC(202) ReferenceProcessor::execute queues: 1, RefProcThreadModel::Single, marks_oops_alive: false
[1164.757s][debug][gc,phases      ] GC(202) Reference Processing 0.100ms
[1164.757s][debug][gc,phases      ] GC(202)   VM Weak                        Min:  0.0, Avg:  0.0, Max:  0.0, Diff:  0.0, Sum:  0.0, Workers: 4
[1164.757s][debug][gc,phases      ] GC(202)     Dead                           Min: 0, Avg:  0.0, Max: 0, Diff: 0, Sum: 0, Workers: 4
[1164.757s][debug][gc,phases      ] GC(202)     Total                          Min: 0, Avg: 167.0, Max: 540, Diff: 540, Sum: 668, Workers: 4
[1164.757s][debug][gc,phases      ] GC(202)   ObjectSynchronizer Weak        Min:  0.0, Avg:  0.0, Max:  0.0, Diff:  0.0, Sum:  0.0, Workers: 4
[1164.757s][debug][gc,phases      ] GC(202)     Dead                           Min: 0, Avg:  0.0, Max: 0, Diff: 0, Sum: 0, Workers: 4
[1164.757s][debug][gc,phases      ] GC(202)     Total                          Min: 0, Avg: 87.0, Max: 128, Diff: 128, Sum: 348, Workers: 4
[1164.757s][debug][gc,phases      ] GC(202)   JVMTI Tag Weak OopStorage      Min:  0.0, Avg:  0.0, Max:  0.0, Diff:  0.0, Sum:  0.0, Workers: 4
[1164.757s][debug][gc,phases      ] GC(202)     Dead                           Min: 0, Avg:  0.0, Max: 0, Diff: 0, Sum: 0, Workers: 4
[1164.757s][debug][gc,phases      ] GC(202)     Total                          Min: 0, Avg:  0.0, Max: 0, Diff: 0, Sum: 0, Workers: 4
[1164.757s][debug][gc,phases      ] GC(202)   StringTable Weak               Min:  0.1, Avg:  0.1, Max:  0.1, Diff:  0.0, Sum:  0.4, Workers: 4
[1164.757s][debug][gc,phases      ] GC(202)     Dead                           Min: 0, Avg:  0.0, Max: 0, Diff: 0, Sum: 0, Workers: 4
[1164.757s][debug][gc,phases      ] GC(202)     Total                          Min: 9216, Avg: 12017.8, Max: 14592, Diff: 5376, Sum: 48071, Workers: 4
[1164.757s][debug][gc,phases      ] GC(202)   ResolvedMethodTable Weak       Min:  0.0, Avg:  0.0, Max:  0.0, Diff:  0.0, Sum:  0.1, Workers: 4
[1164.757s][debug][gc,phases      ] GC(202)     Dead                           Min: 0, Avg:  0.0, Max: 0, Diff: 0, Sum: 0, Workers: 4
[1164.757s][debug][gc,phases      ] GC(202)     Total                          Min: 1568, Avg: 1986.0, Max: 2404, Diff: 836, Sum: 7944, Workers: 4
[1164.757s][debug][gc,phases      ] GC(202)   JNI Weak                       Min:  0.0, Avg:  0.0, Max:  0.0, Diff:  0.0, Sum:  0.0, Workers: 4
[1164.757s][debug][gc,phases      ] GC(202)     Dead                           Min: 0, Avg:  0.0, Max: 0, Diff: 0, Sum: 0, Workers: 4
[1164.757s][debug][gc,phases      ] GC(202)     Total                          Min: 0, Avg:  0.0, Max: 0, Diff: 0, Sum: 0, Workers: 4
[1164.757s][debug][gc,phases      ] GC(202)   StringDedup Table Weak         Min:  0.0, Avg:  0.0, Max:  0.0, Diff:  0.0, Sum:  0.0, Workers: 4
[1164.757s][debug][gc,phases      ] GC(202)     Dead                           Min: 0, Avg:  0.0, Max: 0, Diff: 0, Sum: 0, Workers: 4
[1164.757s][debug][gc,phases      ] GC(202)     Total                          Min: 0, Avg:  0.0, Max: 0, Diff: 0, Sum: 0, Workers: 4
[1164.757s][debug][gc,phases      ] GC(202)   StringDedup Requests0 Weak     Min:  0.0, Avg:  0.0, Max:  0.0, Diff:  0.0, Sum:  0.0, Workers: 4
[1164.757s][debug][gc,phases      ] GC(202)     Dead                           Min: 0, Avg:  0.0, Max: 0, Diff: 0, Sum: 0, Workers: 4
[1164.757s][debug][gc,phases      ] GC(202)     Total                          Min: 0, Avg:  0.0, Max: 0, Diff: 0, Sum: 0, Workers: 4
[1164.757s][debug][gc,phases      ] GC(202)   StringDedup Requests1 Weak     Min:  0.0, Avg:  0.0, Max:  0.0, Diff:  0.0, Sum:  0.0, Workers: 4
[1164.757s][debug][gc,phases      ] GC(202)     Dead                           Min: 0, Avg:  0.0, Max: 0, Diff: 0, Sum: 0, Workers: 4
[1164.757s][debug][gc,phases      ] GC(202)     Total                          Min: 0, Avg:  0.0, Max: 0, Diff: 0, Sum: 0, Workers: 4
[1164.757s][debug][gc,phases      ] GC(202)   Weak JFR Old Object Samples    Min:  0.0, Avg:  0.0, Max:  0.0, Diff:  0.0, Sum:  0.0, Workers: 4
[1164.757s][debug][gc,phases      ] GC(202)     Dead                           Min: 0, Avg:  0.0, Max: 0, Diff: 0, Sum: 0, Workers: 4
[1164.757s][debug][gc,phases      ] GC(202)     Total                          Min: 0, Avg:  0.0, Max: 0, Diff: 0, Sum: 0, Workers: 4
[1164.757s][debug][gc,phases      ] GC(202) Weak Processing 0.269ms
[1164.757s][debug][gc,age         ] GC(202) Desired survivor size 3670016 bytes, new threshold 15 (max threshold 15)
[1164.757s][info ][gc,heap        ] GC(202) PSYoungGen: 2092832K(2093568K)->2912K(2093568K) Eden: 2089984K(2089984K)->0K(2089984K) From: 2848K(3584K)->2912K(3584K)
[1164.757s][info ][gc,heap        ] GC(202) ParOldGen: 558988K(614400K)->559020K(614400K)
[1164.757s][info ][gc,metaspace   ] GC(202) Metaspace: 82043K(82944K)->82043K(82944K) NonClass: 70560K(71040K)->70560K(71040K) Class: 11483K(11904K)->11483K(11904K)
[1164.757s][info ][gc             ] GC(202) Pause Young (Allocation Failure) 2589M->548M(2644M) 3.122ms
[1164.757s][info ][gc,cpu         ] GC(202) User=0.01s Sys=0.00s Real=0.00s
[1164.757s][info ][safepoint      ] Safepoint "ParallelGCFailedAllocation", Time since last: 831662725 ns, Reaching safepoint: 32001 ns, At safepoint: 3188534 ns, Total: 3220535 ns
[1168.758s][info ][safepoint      ] Safepoint "Cleanup", Time since last: 4000288500 ns, Reaching safepoint: 111001 ns, At safepoint: 11000 ns, Total: 122001 ns
[1169.758s][info ][safepoint      ] Safepoint "Cleanup", Time since last: 1000122717 ns, Reaching safepoint: 119602 ns, At safepoint: 16900 ns, Total: 136502 ns
[1171.758s][info ][safepoint      ] Safepoint "Cleanup", Time since last: 2000168023 ns, Reaching safepoint: 124001 ns, At safepoint: 10801 ns, Total: 134802 ns
[1177.445s][info ][gc,start       ] GC(203) Pause Young (Allocation Failure)
[1177.448s][debug][gc,phases      ] GC(203) Scavenge 2.817ms
[1177.448s][debug][gc,ref         ] GC(203) Skipped phase 1 of Reference Processing: no references
[1177.448s][debug][gc,ref         ] GC(203) ReferenceProcessor::execute queues: 1, RefProcThreadModel::Single, marks_oops_alive: false
[1177.448s][debug][gc,ref         ] GC(203) Skipped phase 3 of Reference Processing: no references
[1177.448s][debug][gc,ref         ] GC(203) ReferenceProcessor::execute queues: 1, RefProcThreadModel::Single, marks_oops_alive: false
[1177.448s][debug][gc,phases      ] GC(203) Reference Processing 0.118ms
[1177.449s][debug][gc,phases      ] GC(203)   VM Weak                        Min:  0.0, Avg:  0.0, Max:  0.0, Diff:  0.0, Sum:  0.0, Workers: 4
[1177.449s][debug][gc,phases      ] GC(203)     Dead                           Min: 0, Avg:  0.0, Max: 0, Diff: 0, Sum: 0, Workers: 4
[1177.449s][debug][gc,phases      ] GC(203)     Total                          Min: 0, Avg: 167.0, Max: 604, Diff: 604, Sum: 668, Workers: 4
[1177.449s][debug][gc,phases      ] GC(203)   ObjectSynchronizer Weak        Min:  0.0, Avg:  0.0, Max:  0.0, Diff:  0.0, Sum:  0.0, Workers: 4
[1177.449s][debug][gc,phases      ] GC(203)     Dead                           Min: 0, Avg:  0.0, Max: 0, Diff: 0, Sum: 0, Workers: 4
[1177.449s][debug][gc,phases      ] GC(203)     Total                          Min: 0, Avg: 87.0, Max: 220, Diff: 220, Sum: 348, Workers: 4
[1177.449s][debug][gc,phases      ] GC(203)   JVMTI Tag Weak OopStorage      Min:  0.0, Avg:  0.0, Max:  0.0, Diff:  0.0, Sum:  0.0, Workers: 4
[1177.449s][debug][gc,phases      ] GC(203)     Dead                           Min: 0, Avg:  0.0, Max: 0, Diff: 0, Sum: 0, Workers: 4
[1177.449s][debug][gc,phases      ] GC(203)     Total                          Min: 0, Avg:  0.0, Max: 0, Diff: 0, Sum: 0, Workers: 4
[1177.449s][debug][gc,phases      ] GC(203)   StringTable Weak               Min:  0.1, Avg:  0.1, Max:  0.1, Diff:  0.0, Sum:  0.4, Workers: 4
[1177.449s][debug][gc,phases      ] GC(203)     Dead                           Min: 0, Avg:  0.0, Max: 0, Diff: 0, Sum: 0, Workers: 4
[1177.449s][debug][gc,phases      ] GC(203)     Total                          Min: 8832, Avg: 12017.8, Max: 15680, Diff: 6848, Sum: 48071, Workers: 4
[1177.449s][debug][gc,phases      ] GC(203)   ResolvedMethodTable Weak       Min:  0.0, Avg:  0.0, Max:  0.0, Diff:  0.0, Sum:  0.1, Workers: 4
[1177.449s][debug][gc,phases      ] GC(203)     Dead                           Min: 0, Avg:  0.0, Max: 0, Diff: 0, Sum: 0, Workers: 4
[1177.449s][debug][gc,phases      ] GC(203)     Total                          Min: 1624, Avg: 1986.0, Max: 2381, Diff: 757, Sum: 7944, Workers: 4
[1177.449s][debug][gc,phases      ] GC(203)   JNI Weak                       Min:  0.0, Avg:  0.0, Max:  0.0, Diff:  0.0, Sum:  0.0, Workers: 4
[1177.449s][debug][gc,phases      ] GC(203)     Dead                           Min: 0, Avg:  0.0, Max: 0, Diff: 0, Sum: 0, Workers: 4
[1177.449s][debug][gc,phases      ] GC(203)     Total                          Min: 0, Avg:  0.0, Max: 0, Diff: 0, Sum: 0, Workers: 4
[1177.449s][debug][gc,phases      ] GC(203)   StringDedup Table Weak         Min:  0.0, Avg:  0.0, Max:  0.0, Diff:  0.0, Sum:  0.0, Workers: 4
[1177.449s][debug][gc,phases      ] GC(203)     Dead                           Min: 0, Avg:  0.0, Max: 0, Diff: 0, Sum: 0, Workers: 4
[1177.449s][debug][gc,phases      ] GC(203)     Total                          Min: 0, Avg:  0.0, Max: 0, Diff: 0, Sum: 0, Workers: 4
[1177.449s][debug][gc,phases      ] GC(203)   StringDedup Requests0 Weak     Min:  0.0, Avg:  0.0, Max:  0.0, Diff:  0.0, Sum:  0.0, Workers: 4
[1177.449s][debug][gc,phases      ] GC(203)     Dead                           Min: 0, Avg:  0.0, Max: 0, Diff: 0, Sum: 0, Workers: 4
[1177.449s][debug][gc,phases      ] GC(203)     Total                          Min: 0, Avg:  0.0, Max: 0, Diff: 0, Sum: 0, Workers: 4
[1177.449s][debug][gc,phases      ] GC(203)   StringDedup Requests1 Weak     Min:  0.0, Avg:  0.0, Max:  0.0, Diff:  0.0, Sum:  0.0, Workers: 4
[1177.449s][debug][gc,phases      ] GC(203)     Dead                           Min: 0, Avg:  0.0, Max: 0, Diff: 0, Sum: 0, Workers: 4
[1177.449s][debug][gc,phases      ] GC(203)     Total                          Min: 0, Avg:  0.0, Max: 0, Diff: 0, Sum: 0, Workers: 4
[1177.449s][debug][gc,phases      ] GC(203)   Weak JFR Old Object Samples    Min:  0.0, Avg:  0.0, Max:  0.0, Diff:  0.0, Sum:  0.0, Workers: 4
[1177.449s][debug][gc,phases      ] GC(203)     Dead                           Min: 0, Avg:  0.0, Max: 0, Diff: 0, Sum: 0, Workers: 4
[1177.449s][debug][gc,phases      ] GC(203)     Total                          Min: 0, Avg:  0.0, Max: 0, Diff: 0, Sum: 0, Workers: 4
[1177.449s][debug][gc,phases      ] GC(203) Weak Processing 0.292ms
[1177.449s][debug][gc,age         ] GC(203) Desired survivor size 3670016 bytes, new threshold 15 (max threshold 15)
[1177.449s][info ][gc,heap        ] GC(203) PSYoungGen: 2092896K(2093568K)->2880K(2093568K) Eden: 2089984K(2089984K)->0K(2089984K) From: 2912K(3584K)->2880K(3584K)
[1177.449s][info ][gc,heap        ] GC(203) ParOldGen: 559020K(614400K)->559044K(614400K)
[1177.449s][info ][gc,metaspace   ] GC(203) Metaspace: 82045K(82944K)->82045K(82944K) NonClass: 70561K(71040K)->70561K(71040K) Class: 11483K(11904K)->11483K(11904K)
[1177.449s][info ][gc             ] GC(203) Pause Young (Allocation Failure) 2589M->548M(2644M) 3.339ms
[1177.449s][info ][gc,cpu         ] GC(203) User=0.01s Sys=0.00s Real=0.01s
[1177.449s][info ][safepoint      ] Safepoint "ParallelGCFailedAllocation", Time since last: 5687102640 ns, Reaching safepoint: 41600 ns, At safepoint: 3422937 ns, Total: 3464537 ns
[1181.449s][info ][safepoint      ] Safepoint "Cleanup", Time since last: 4000307530 ns, Reaching safepoint: 44801 ns, At safepoint: 6100 ns, Total: 50901 ns
[1187.450s][info ][safepoint      ] Safepoint "Cleanup", Time since last: 6000532098 ns, Reaching safepoint: 55001 ns, At safepoint: 5400 ns, Total: 60401 ns
[1190.462s][info ][gc,start       ] GC(204) Pause Young (Allocation Failure)
[1190.468s][debug][gc,phases      ] GC(204) Scavenge 5.754ms
[1190.468s][debug][gc,ref         ] GC(204) Skipped phase 1 of Reference Processing: no references
[1190.468s][debug][gc,ref         ] GC(204) ReferenceProcessor::execute queues: 1, RefProcThreadModel::Single, marks_oops_alive: false
[1190.468s][debug][gc,ref         ] GC(204) Skipped phase 3 of Reference Processing: no references
[1190.468s][debug][gc,ref         ] GC(204) Skipped phase 4 of Reference Processing: no references
[1190.468s][debug][gc,phases      ] GC(204) Reference Processing 0.133ms
[1190.469s][debug][gc,phases      ] GC(204)   VM Weak                        Min:  0.0, Avg:  0.0, Max:  0.0, Diff:  0.0, Sum:  0.0, Workers: 4
[1190.469s][debug][gc,phases      ] GC(204)     Dead                           Min: 0, Avg:  0.0, Max: 0, Diff: 0, Sum: 0, Workers: 4
[1190.469s][debug][gc,phases      ] GC(204)     Total                          Min: 0, Avg: 167.0, Max: 576, Diff: 576, Sum: 668, Workers: 4
[1190.469s][debug][gc,phases      ] GC(204)   ObjectSynchronizer Weak        Min:  0.0, Avg:  0.0, Max:  0.0, Diff:  0.0, Sum:  0.0, Workers: 4
[1190.469s][debug][gc,phases      ] GC(204)     Dead                           Min: 0, Avg:  0.0, Max: 0, Diff: 0, Sum: 0, Workers: 4
[1190.469s][debug][gc,phases      ] GC(204)     Total                          Min: 0, Avg: 87.0, Max: 348, Diff: 348, Sum: 348, Workers: 4
[1190.469s][debug][gc,phases      ] GC(204)   JVMTI Tag Weak OopStorage      Min:  0.0, Avg:  0.0, Max:  0.0, Diff:  0.0, Sum:  0.0, Workers: 4
[1190.469s][debug][gc,phases      ] GC(204)     Dead                           Min: 0, Avg:  0.0, Max: 0, Diff: 0, Sum: 0, Workers: 4
[1190.469s][debug][gc,phases      ] GC(204)     Total                          Min: 0, Avg:  0.0, Max: 0, Diff: 0, Sum: 0, Workers: 4
[1190.469s][debug][gc,phases      ] GC(204)   StringTable Weak               Min:  0.1, Avg:  0.1, Max:  0.1, Diff:  0.0, Sum:  0.4, Workers: 4
[1190.469s][debug][gc,phases      ] GC(204)     Dead                           Min: 0, Avg:  0.0, Max: 0, Diff: 0, Sum: 0, Workers: 4
[1190.469s][debug][gc,phases      ] GC(204)     Total                          Min: 11456, Avg: 12017.8, Max: 12736, Diff: 1280, Sum: 48071, Workers: 4
[1190.469s][debug][gc,phases      ] GC(204)   ResolvedMethodTable Weak       Min:  0.0, Avg:  0.0, Max:  0.0, Diff:  0.0, Sum:  0.1, Workers: 4
[1190.469s][debug][gc,phases      ] GC(204)     Dead                           Min: 0, Avg:  0.0, Max: 0, Diff: 0, Sum: 0, Workers: 4
[1190.469s][debug][gc,phases      ] GC(204)     Total                          Min: 1868, Avg: 1986.0, Max: 2080, Diff: 212, Sum: 7944, Workers: 4
[1190.469s][debug][gc,phases      ] GC(204)   JNI Weak                       Min:  0.0, Avg:  0.0, Max:  0.0, Diff:  0.0, Sum:  0.0, Workers: 4
[1190.469s][debug][gc,phases      ] GC(204)     Dead                           Min: 0, Avg:  0.0, Max: 0, Diff: 0, Sum: 0, Workers: 4
[1190.469s][debug][gc,phases      ] GC(204)     Total                          Min: 0, Avg:  0.0, Max: 0, Diff: 0, Sum: 0, Workers: 4
[1190.469s][debug][gc,phases      ] GC(204)   StringDedup Table Weak         Min:  0.0, Avg:  0.0, Max:  0.0, Diff:  0.0, Sum:  0.0, Workers: 4
[1190.469s][debug][gc,phases      ] GC(204)     Dead                           Min: 0, Avg:  0.0, Max: 0, Diff: 0, Sum: 0, Workers: 4
[1190.469s][debug][gc,phases      ] GC(204)     Total                          Min: 0, Avg:  0.0, Max: 0, Diff: 0, Sum: 0, Workers: 4
[1190.469s][debug][gc,phases      ] GC(204)   StringDedup Requests0 Weak     Min:  0.0, Avg:  0.0, Max:  0.0, Diff:  0.0, Sum:  0.0, Workers: 4
[1190.469s][debug][gc,phases      ] GC(204)     Dead                           Min: 0, Avg:  0.0, Max: 0, Diff: 0, Sum: 0, Workers: 4
[1190.469s][debug][gc,phases      ] GC(204)     Total                          Min: 0, Avg:  0.0, Max: 0, Diff: 0, Sum: 0, Workers: 4
[1190.469s][debug][gc,phases      ] GC(204)   StringDedup Requests1 Weak     Min:  0.0, Avg:  0.0, Max:  0.0, Diff:  0.0, Sum:  0.0, Workers: 4
[1190.469s][debug][gc,phases      ] GC(204)     Dead                           Min: 0, Avg:  0.0, Max: 0, Diff: 0, Sum: 0, Workers: 4
[1190.469s][debug][gc,phases      ] GC(204)     Total                          Min: 0, Avg:  0.0, Max: 0, Diff: 0, Sum: 0, Workers: 4
[1190.469s][debug][gc,phases      ] GC(204)   Weak JFR Old Object Samples    Min:  0.0, Avg:  0.0, Max:  0.0, Diff:  0.0, Sum:  0.0, Workers: 4
[1190.469s][debug][gc,phases      ] GC(204)     Dead                           Min: 0, Avg:  0.0, Max: 0, Diff: 0, Sum: 0, Workers: 4
[1190.469s][debug][gc,phases      ] GC(204)     Total                          Min: 0, Avg:  0.0, Max: 0, Diff: 0, Sum: 0, Workers: 4
[1190.469s][debug][gc,phases      ] GC(204) Weak Processing 0.375ms
[1190.469s][debug][gc,age         ] GC(204) Desired survivor size 3670016 bytes, new threshold 15 (max threshold 15)
[1190.469s][info ][gc,heap        ] GC(204) PSYoungGen: 2092864K(2093568K)->2784K(2093568K) Eden: 2089984K(2089984K)->0K(2089984K) From: 2880K(3584K)->2784K(3584K)
[1190.469s][info ][gc,heap        ] GC(204) ParOldGen: 559044K(614400K)->559076K(614400K)
[1190.469s][info ][gc,metaspace   ] GC(204) Metaspace: 82049K(82944K)->82049K(82944K) NonClass: 70565K(71040K)->70565K(71040K) Class: 11483K(11904K)->11483K(11904K)
[1190.469s][info ][gc             ] GC(204) Pause Young (Allocation Failure) 2589M->548M(2644M) 6.387ms
[1190.469s][info ][gc,cpu         ] GC(204) User=0.01s Sys=0.00s Real=0.01s
[1190.469s][info ][safepoint      ] Safepoint "ParallelGCFailedAllocation", Time since last: 3012576386 ns, Reaching safepoint: 109701 ns, At safepoint: 6476469 ns, Total: 6586170 ns
[1195.469s][info ][safepoint      ] Safepoint "Cleanup", Time since last: 5000373493 ns, Reaching safepoint: 42501 ns, At safepoint: 3900 ns, Total: 46401 ns
[1203.415s][info ][gc,start       ] GC(205) Pause Young (Allocation Failure)
[1203.418s][debug][gc,phases      ] GC(205) Scavenge 2.631ms
[1203.418s][debug][gc,ref         ] GC(205) Skipped phase 1 of Reference Processing: no references
[1203.418s][debug][gc,ref         ] GC(205) ReferenceProcessor::execute queues: 1, RefProcThreadModel::Single, marks_oops_alive: false
[1203.418s][debug][gc,ref         ] GC(205) Skipped phase 3 of Reference Processing: no references
[1203.418s][debug][gc,ref         ] GC(205) ReferenceProcessor::execute queues: 1, RefProcThreadModel::Single, marks_oops_alive: false
[1203.418s][debug][gc,phases      ] GC(205) Reference Processing 0.105ms
[1203.418s][debug][gc,phases      ] GC(205)   VM Weak                        Min:  0.0, Avg:  0.0, Max:  0.0, Diff:  0.0, Sum:  0.0, Workers: 4
[1203.418s][debug][gc,phases      ] GC(205)     Dead                           Min: 0, Avg:  0.0, Max: 0, Diff: 0, Sum: 0, Workers: 4
[1203.418s][debug][gc,phases      ] GC(205)     Total                          Min: 0, Avg: 167.0, Max: 668, Diff: 668, Sum: 668, Workers: 4
[1203.418s][debug][gc,phases      ] GC(205)   ObjectSynchronizer Weak        Min:  0.0, Avg:  0.0, Max:  0.0, Diff:  0.0, Sum:  0.0, Workers: 4
[1203.418s][debug][gc,phases      ] GC(205)     Dead                           Min: 0, Avg:  0.0, Max: 0, Diff: 0, Sum: 0, Workers: 4
[1203.418s][debug][gc,phases      ] GC(205)     Total                          Min: 0, Avg: 87.0, Max: 348, Diff: 348, Sum: 348, Workers: 4
[1203.418s][debug][gc,phases      ] GC(205)   JVMTI Tag Weak OopStorage      Min:  0.0, Avg:  0.0, Max:  0.0, Diff:  0.0, Sum:  0.0, Workers: 4
[1203.418s][debug][gc,phases      ] GC(205)     Dead                           Min: 0, Avg:  0.0, Max: 0, Diff: 0, Sum: 0, Workers: 4
[1203.418s][debug][gc,phases      ] GC(205)     Total                          Min: 0, Avg:  0.0, Max: 0, Diff: 0, Sum: 0, Workers: 4
[1203.418s][debug][gc,phases      ] GC(205)   StringTable Weak               Min:  0.1, Avg:  0.1, Max:  0.1, Diff:  0.0, Sum:  0.4, Workers: 4
[1203.418s][debug][gc,phases      ] GC(205)     Dead                           Min: 0, Avg:  0.0, Max: 0, Diff: 0, Sum: 0, Workers: 4
[1203.418s][debug][gc,phases      ] GC(205)     Total                          Min: 9408, Avg: 12017.8, Max: 14656, Diff: 5248, Sum: 48071, Workers: 4
[1203.418s][debug][gc,phases      ] GC(205)   ResolvedMethodTable Weak       Min:  0.0, Avg:  0.0, Max:  0.0, Diff:  0.0, Sum:  0.1, Workers: 4
[1203.418s][debug][gc,phases      ] GC(205)     Dead                           Min: 0, Avg:  0.0, Max: 0, Diff: 0, Sum: 0, Workers: 4
[1203.418s][debug][gc,phases      ] GC(205)     Total                          Min: 1576, Avg: 1986.0, Max: 2344, Diff: 768, Sum: 7944, Workers: 4
[1203.418s][debug][gc,phases      ] GC(205)   JNI Weak                       Min:  0.0, Avg:  0.0, Max:  0.0, Diff:  0.0, Sum:  0.0, Workers: 4
[1203.418s][debug][gc,phases      ] GC(205)     Dead                           Min: 0, Avg:  0.0, Max: 0, Diff: 0, Sum: 0, Workers: 4
[1203.418s][debug][gc,phases      ] GC(205)     Total                          Min: 0, Avg:  0.0, Max: 0, Diff: 0, Sum: 0, Workers: 4
[1203.418s][debug][gc,phases      ] GC(205)   StringDedup Table Weak         Min:  0.0, Avg:  0.0, Max:  0.0, Diff:  0.0, Sum:  0.0, Workers: 4
[1203.418s][debug][gc,phases      ] GC(205)     Dead                           Min: 0, Avg:  0.0, Max: 0, Diff: 0, Sum: 0, Workers: 4
[1203.418s][debug][gc,phases      ] GC(205)     Total                          Min: 0, Avg:  0.0, Max: 0, Diff: 0, Sum: 0, Workers: 4
[1203.418s][debug][gc,phases      ] GC(205)   StringDedup Requests0 Weak     Min:  0.0, Avg:  0.0, Max:  0.0, Diff:  0.0, Sum:  0.0, Workers: 4
[1203.418s][debug][gc,phases      ] GC(205)     Dead                           Min: 0, Avg:  0.0, Max: 0, Diff: 0, Sum: 0, Workers: 4
[1203.418s][debug][gc,phases      ] GC(205)     Total                          Min: 0, Avg:  0.0, Max: 0, Diff: 0, Sum: 0, Workers: 4
[1203.418s][debug][gc,phases      ] GC(205)   StringDedup Requests1 Weak     Min:  0.0, Avg:  0.0, Max:  0.0, Diff:  0.0, Sum:  0.0, Workers: 4
[1203.418s][debug][gc,phases      ] GC(205)     Dead                           Min: 0, Avg:  0.0, Max: 0, Diff: 0, Sum: 0, Workers: 4
[1203.418s][debug][gc,phases      ] GC(205)     Total                          Min: 0, Avg:  0.0, Max: 0, Diff: 0, Sum: 0, Workers: 4
[1203.418s][debug][gc,phases      ] GC(205)   Weak JFR Old Object Samples    Min:  0.0, Avg:  0.0, Max:  0.0, Diff:  0.0, Sum:  0.0, Workers: 4
[1203.418s][debug][gc,phases      ] GC(205)     Dead                           Min: 0, Avg:  0.0, Max: 0, Diff: 0, Sum: 0, Workers: 4
[1203.418s][debug][gc,phases      ] GC(205)     Total                          Min: 0, Avg:  0.0, Max: 0, Diff: 0, Sum: 0, Workers: 4
[1203.418s][debug][gc,phases      ] GC(205) Weak Processing 0.307ms
[1203.418s][debug][gc,age         ] GC(205) Desired survivor size 3670016 bytes, new threshold 15 (max threshold 15)
[1203.418s][info ][gc,heap        ] GC(205) PSYoungGen: 2092768K(2093568K)->2899K(2093568K) Eden: 2089984K(2089984K)->0K(2089984K) From: 2784K(3584K)->2899K(3584K)
[1203.418s][info ][gc,heap        ] GC(205) ParOldGen: 559076K(614400K)->559108K(614400K)
[1203.418s][info ][gc,metaspace   ] GC(205) Metaspace: 82050K(82944K)->82050K(82944K) NonClass: 70567K(71040K)->70567K(71040K) Class: 11483K(11904K)->11483K(11904K)
[1203.418s][info ][gc             ] GC(205) Pause Young (Allocation Failure) 2589M->548M(2644M) 3.150ms
[1203.418s][info ][gc,cpu         ] GC(205) User=0.01s Sys=0.00s Real=0.00s
[1203.418s][info ][safepoint      ] Safepoint "ParallelGCFailedAllocation", Time since last: 7945543659 ns, Reaching safepoint: 108501 ns, At safepoint: 3225634 ns, Total: 3334135 ns
[1215.419s][info ][safepoint      ] Safepoint "Cleanup", Time since last: 12000748438 ns, Reaching safepoint: 47400 ns, At safepoint: 2800 ns, Total: 50200 ns
[1216.754s][info ][gc,start       ] GC(206) Pause Young (Allocation Failure)
[1216.757s][debug][gc,phases      ] GC(206) Scavenge 2.830ms
[1216.757s][debug][gc,ref         ] GC(206) Skipped phase 1 of Reference Processing: no references
[1216.757s][debug][gc,ref         ] GC(206) ReferenceProcessor::execute queues: 1, RefProcThreadModel::Single, marks_oops_alive: false
[1216.757s][debug][gc,ref         ] GC(206) Skipped phase 3 of Reference Processing: no references
[1216.757s][debug][gc,ref         ] GC(206) ReferenceProcessor::execute queues: 1, RefProcThreadModel::Single, marks_oops_alive: false
[1216.757s][debug][gc,phases      ] GC(206) Reference Processing 0.121ms
[1216.757s][debug][gc,phases      ] GC(206)   VM Weak                        Min:  0.0, Avg:  0.0, Max:  0.0, Diff:  0.0, Sum:  0.0, Workers: 4
[1216.757s][debug][gc,phases      ] GC(206)     Dead                           Min: 0, Avg:  0.0, Max: 0, Diff: 0, Sum: 0, Workers: 4
[1216.757s][debug][gc,phases      ] GC(206)     Total                          Min: 0, Avg: 167.0, Max: 412, Diff: 412, Sum: 668, Workers: 4
[1216.757s][debug][gc,phases      ] GC(206)   ObjectSynchronizer Weak        Min:  0.0, Avg:  0.0, Max:  0.0, Diff:  0.0, Sum:  0.0, Workers: 4
[1216.757s][debug][gc,phases      ] GC(206)     Dead                           Min: 0, Avg:  0.0, Max: 0, Diff: 0, Sum: 0, Workers: 4
[1216.757s][debug][gc,phases      ] GC(206)     Total                          Min: 0, Avg: 87.0, Max: 192, Diff: 192, Sum: 348, Workers: 4
[1216.757s][debug][gc,phases      ] GC(206)   JVMTI Tag Weak OopStorage      Min:  0.0, Avg:  0.0, Max:  0.0, Diff:  0.0, Sum:  0.0, Workers: 4
[1216.757s][debug][gc,phases      ] GC(206)     Dead                           Min: 0, Avg:  0.0, Max: 0, Diff: 0, Sum: 0, Workers: 4
[1216.757s][debug][gc,phases      ] GC(206)     Total                          Min: 0, Avg:  0.0, Max: 0, Diff: 0, Sum: 0, Workers: 4
[1216.757s][debug][gc,phases      ] GC(206)   StringTable Weak               Min:  0.1, Avg:  0.1, Max:  0.1, Diff:  0.0, Sum:  0.4, Workers: 4
[1216.757s][debug][gc,phases      ] GC(206)     Dead                           Min: 0, Avg:  0.0, Max: 0, Diff: 0, Sum: 0, Workers: 4
[1216.757s][debug][gc,phases      ] GC(206)     Total                          Min: 9152, Avg: 12017.8, Max: 14407, Diff: 5255, Sum: 48071, Workers: 4
[1216.757s][debug][gc,phases      ] GC(206)   ResolvedMethodTable Weak       Min:  0.0, Avg:  0.0, Max:  0.0, Diff:  0.0, Sum:  0.1, Workers: 4
[1216.757s][debug][gc,phases      ] GC(206)     Dead                           Min: 0, Avg:  0.0, Max: 0, Diff: 0, Sum: 0, Workers: 4
[1216.757s][debug][gc,phases      ] GC(206)     Total                          Min: 1695, Avg: 1986.0, Max: 2321, Diff: 626, Sum: 7944, Workers: 4
[1216.757s][debug][gc,phases      ] GC(206)   JNI Weak                       Min:  0.0, Avg:  0.0, Max:  0.0, Diff:  0.0, Sum:  0.0, Workers: 4
[1216.757s][debug][gc,phases      ] GC(206)     Dead                           Min: 0, Avg:  0.0, Max: 0, Diff: 0, Sum: 0, Workers: 4
[1216.757s][debug][gc,phases      ] GC(206)     Total                          Min: 0, Avg:  0.0, Max: 0, Diff: 0, Sum: 0, Workers: 4
[1216.757s][debug][gc,phases      ] GC(206)   StringDedup Table Weak         Min:  0.0, Avg:  0.0, Max:  0.0, Diff:  0.0, Sum:  0.0, Workers: 4
[1216.757s][debug][gc,phases      ] GC(206)     Dead                           Min: 0, Avg:  0.0, Max: 0, Diff: 0, Sum: 0, Workers: 4
[1216.757s][debug][gc,phases      ] GC(206)     Total                          Min: 0, Avg:  0.0, Max: 0, Diff: 0, Sum: 0, Workers: 4
[1216.757s][debug][gc,phases      ] GC(206)   StringDedup Requests0 Weak     Min:  0.0, Avg:  0.0, Max:  0.0, Diff:  0.0, Sum:  0.0, Workers: 4
[1216.757s][debug][gc,phases      ] GC(206)     Dead                           Min: 0, Avg:  0.0, Max: 0, Diff: 0, Sum: 0, Workers: 4
[1216.757s][debug][gc,phases      ] GC(206)     Total                          Min: 0, Avg:  0.0, Max: 0, Diff: 0, Sum: 0, Workers: 4
[1216.757s][debug][gc,phases      ] GC(206)   StringDedup Requests1 Weak     Min:  0.0, Avg:  0.0, Max:  0.0, Diff:  0.0, Sum:  0.0, Workers: 4
[1216.757s][debug][gc,phases      ] GC(206)     Dead                           Min: 0, Avg:  0.0, Max: 0, Diff: 0, Sum: 0, Workers: 4
[1216.757s][debug][gc,phases      ] GC(206)     Total                          Min: 0, Avg:  0.0, Max: 0, Diff: 0, Sum: 0, Workers: 4
[1216.757s][debug][gc,phases      ] GC(206)   Weak JFR Old Object Samples    Min:  0.0, Avg:  0.0, Max:  0.0, Diff:  0.0, Sum:  0.0, Workers: 4
[1216.757s][debug][gc,phases      ] GC(206)     Dead                           Min: 0, Avg:  0.0, Max: 0, Diff: 0, Sum: 0, Workers: 4
[1216.757s][debug][gc,phases      ] GC(206)     Total                          Min: 0, Avg:  0.0, Max: 0, Diff: 0, Sum: 0, Workers: 4
[1216.757s][debug][gc,phases      ] GC(206) Weak Processing 0.282ms
[1216.757s][debug][gc,age         ] GC(206) Desired survivor size 3670016 bytes, new threshold 15 (max threshold 15)
[1216.757s][info ][gc,heap        ] GC(206) PSYoungGen: 2092883K(2093568K)->2832K(2093568K) Eden: 2089984K(2089984K)->0K(2089984K) From: 2899K(3584K)->2832K(3584K)
[1216.757s][info ][gc,heap        ] GC(206) ParOldGen: 559108K(614400K)->559188K(614400K)
[1216.757s][info ][gc,metaspace   ] GC(206) Metaspace: 82056K(82944K)->82056K(82944K) NonClass: 70573K(71040K)->70573K(71040K) Class: 11483K(11904K)->11483K(11904K)
[1216.757s][info ][gc             ] GC(206) Pause Young (Allocation Failure) 2589M->548M(2644M) 3.346ms
[1216.757s][info ][gc,cpu         ] GC(206) User=0.01s Sys=0.00s Real=0.00s
[1216.757s][info ][safepoint      ] Safepoint "ParallelGCFailedAllocation", Time since last: 1335017205 ns, Reaching safepoint: 34501 ns, At safepoint: 3408836 ns, Total: 3443337 ns
[1225.758s][info ][safepoint      ] Safepoint "Cleanup", Time since last: 9000599550 ns, Reaching safepoint: 117802 ns, At safepoint: 8000 ns, Total: 125802 ns
[1230.109s][info ][gc,start       ] GC(207) Pause Young (Allocation Failure)
[1230.112s][debug][gc,phases      ] GC(207) Scavenge 2.369ms
[1230.112s][debug][gc,ref         ] GC(207) Skipped phase 1 of Reference Processing: no references
[1230.112s][debug][gc,ref         ] GC(207) ReferenceProcessor::execute queues: 1, RefProcThreadModel::Single, marks_oops_alive: false
[1230.112s][debug][gc,ref         ] GC(207) Skipped phase 3 of Reference Processing: no references
[1230.112s][debug][gc,ref         ] GC(207) ReferenceProcessor::execute queues: 1, RefProcThreadModel::Single, marks_oops_alive: false
[1230.112s][debug][gc,phases      ] GC(207) Reference Processing 0.100ms
[1230.112s][debug][gc,phases      ] GC(207)   VM Weak                        Min:  0.0, Avg:  0.0, Max:  0.0, Diff:  0.0, Sum:  0.0, Workers: 4
[1230.112s][debug][gc,phases      ] GC(207)     Dead                           Min: 0, Avg:  0.0, Max: 0, Diff: 0, Sum: 0, Workers: 4
[1230.112s][debug][gc,phases      ] GC(207)     Total                          Min: 0, Avg: 167.0, Max: 668, Diff: 668, Sum: 668, Workers: 4
[1230.112s][debug][gc,phases      ] GC(207)   ObjectSynchronizer Weak        Min:  0.0, Avg:  0.0, Max:  0.0, Diff:  0.0, Sum:  0.0, Workers: 4
[1230.112s][debug][gc,phases      ] GC(207)     Dead                           Min: 0, Avg:  0.0, Max: 0, Diff: 0, Sum: 0, Workers: 4
[1230.112s][debug][gc,phases      ] GC(207)     Total                          Min: 0, Avg: 87.0, Max: 220, Diff: 220, Sum: 348, Workers: 4
[1230.112s][debug][gc,phases      ] GC(207)   JVMTI Tag Weak OopStorage      Min:  0.0, Avg:  0.0, Max:  0.0, Diff:  0.0, Sum:  0.0, Workers: 4
[1230.112s][debug][gc,phases      ] GC(207)     Dead                           Min: 0, Avg:  0.0, Max: 0, Diff: 0, Sum: 0, Workers: 4
[1230.112s][debug][gc,phases      ] GC(207)     Total                          Min: 0, Avg:  0.0, Max: 0, Diff: 0, Sum: 0, Workers: 4
[1230.112s][debug][gc,phases      ] GC(207)   StringTable Weak               Min:  0.1, Avg:  0.1, Max:  0.1, Diff:  0.0, Sum:  0.3, Workers: 4
[1230.112s][debug][gc,phases      ] GC(207)     Dead                           Min: 0, Avg:  0.0, Max: 0, Diff: 0, Sum: 0, Workers: 4
[1230.112s][debug][gc,phases      ] GC(207)     Total                          Min: 11584, Avg: 12017.8, Max: 12800, Diff: 1216, Sum: 48071, Workers: 4
[1230.112s][debug][gc,phases      ] GC(207)   ResolvedMethodTable Weak       Min:  0.0, Avg:  0.0, Max:  0.0, Diff:  0.0, Sum:  0.1, Workers: 4
[1230.112s][debug][gc,phases      ] GC(207)     Dead                           Min: 0, Avg:  0.0, Max: 0, Diff: 0, Sum: 0, Workers: 4
[1230.112s][debug][gc,phases      ] GC(207)     Total                          Min: 1919, Avg: 1986.2, Max: 2078, Diff: 159, Sum: 7945, Workers: 4
[1230.112s][debug][gc,phases      ] GC(207)   JNI Weak                       Min:  0.0, Avg:  0.0, Max:  0.0, Diff:  0.0, Sum:  0.0, Workers: 4
[1230.112s][debug][gc,phases      ] GC(207)     Dead                           Min: 0, Avg:  0.0, Max: 0, Diff: 0, Sum: 0, Workers: 4
[1230.112s][debug][gc,phases      ] GC(207)     Total                          Min: 0, Avg:  0.0, Max: 0, Diff: 0, Sum: 0, Workers: 4
[1230.112s][debug][gc,phases      ] GC(207)   StringDedup Table Weak         Min:  0.0, Avg:  0.0, Max:  0.0, Diff:  0.0, Sum:  0.0, Workers: 4
[1230.112s][debug][gc,phases      ] GC(207)     Dead                           Min: 0, Avg:  0.0, Max: 0, Diff: 0, Sum: 0, Workers: 4
[1230.112s][debug][gc,phases      ] GC(207)     Total                          Min: 0, Avg:  0.0, Max: 0, Diff: 0, Sum: 0, Workers: 4
[1230.112s][debug][gc,phases      ] GC(207)   StringDedup Requests0 Weak     Min:  0.0, Avg:  0.0, Max:  0.0, Diff:  0.0, Sum:  0.0, Workers: 4
[1230.112s][debug][gc,phases      ] GC(207)     Dead                           Min: 0, Avg:  0.0, Max: 0, Diff: 0, Sum: 0, Workers: 4
[1230.112s][debug][gc,phases      ] GC(207)     Total                          Min: 0, Avg:  0.0, Max: 0, Diff: 0, Sum: 0, Workers: 4
[1230.112s][debug][gc,phases      ] GC(207)   StringDedup Requests1 Weak     Min:  0.0, Avg:  0.0, Max:  0.0, Diff:  0.0, Sum:  0.0, Workers: 4
[1230.112s][debug][gc,phases      ] GC(207)     Dead                           Min: 0, Avg:  0.0, Max: 0, Diff: 0, Sum: 0, Workers: 4
[1230.112s][debug][gc,phases      ] GC(207)     Total                          Min: 0, Avg:  0.0, Max: 0, Diff: 0, Sum: 0, Workers: 4
[1230.112s][debug][gc,phases      ] GC(207)   Weak JFR Old Object Samples    Min:  0.0, Avg:  0.0, Max:  0.0, Diff:  0.0, Sum:  0.0, Workers: 4
[1230.112s][debug][gc,phases      ] GC(207)     Dead                           Min: 0, Avg:  0.0, Max: 0, Diff: 0, Sum: 0, Workers: 4
[1230.112s][debug][gc,phases      ] GC(207)     Total                          Min: 0, Avg:  0.0, Max: 0, Diff: 0, Sum: 0, Workers: 4
[1230.112s][debug][gc,phases      ] GC(207) Weak Processing 0.255ms
[1230.112s][debug][gc,age         ] GC(207) Desired survivor size 3670016 bytes, new threshold 15 (max threshold 15)
[1230.112s][info ][gc,heap        ] GC(207) PSYoungGen: 2092816K(2093568K)->2882K(2093568K) Eden: 2089984K(2089984K)->0K(2089984K) From: 2832K(3584K)->2882K(3584K)
[1230.112s][info ][gc,heap        ] GC(207) ParOldGen: 559188K(614400K)->559212K(614400K)
[1230.112s][info ][gc,metaspace   ] GC(207) Metaspace: 82058K(82944K)->82058K(82944K) NonClass: 70574K(71040K)->70574K(71040K) Class: 11483K(11904K)->11483K(11904K)
[1230.112s][info ][gc             ] GC(207) Pause Young (Allocation Failure) 2589M->548M(2644M) 2.815ms
[1230.112s][info ][gc,cpu         ] GC(207) User=0.01s Sys=0.00s Real=0.00s
[1230.112s][info ][safepoint      ] Safepoint "ParallelGCFailedAllocation", Time since last: 4350789410 ns, Reaching safepoint: 111401 ns, At safepoint: 2916731 ns, Total: 3028132 ns
[1231.112s][info ][safepoint      ] Safepoint "Cleanup", Time since last: 1000088422 ns, Reaching safepoint: 51800 ns, At safepoint: 7001 ns, Total: 58801 ns
[1232.112s][info ][safepoint      ] Safepoint "Cleanup", Time since last: 1000101319 ns, Reaching safepoint: 33300 ns, At safepoint: 5400 ns, Total: 38700 ns
[1234.112s][info ][safepoint      ] Safepoint "Cleanup", Time since last: 2000172329 ns, Reaching safepoint: 41301 ns, At safepoint: 3200 ns, Total: 44501 ns
[1235.113s][info ][safepoint      ] Safepoint "Cleanup", Time since last: 1000112310 ns, Reaching safepoint: 49201 ns, At safepoint: 12100 ns, Total: 61301 ns
[1238.113s][info ][safepoint      ] Safepoint "Cleanup", Time since last: 3000228713 ns, Reaching safepoint: 37300 ns, At safepoint: 8100 ns, Total: 45400 ns
[1242.113s][info ][safepoint      ] Safepoint "Cleanup", Time since last: 4000267475 ns, Reaching safepoint: 36800 ns, At safepoint: 2900 ns, Total: 39700 ns
[1243.022s][info ][gc,start       ] GC(208) Pause Young (Allocation Failure)
[1243.025s][debug][gc,phases      ] GC(208) Scavenge 2.994ms
[1243.025s][debug][gc,ref         ] GC(208) Skipped phase 1 of Reference Processing: no references
[1243.025s][debug][gc,ref         ] GC(208) ReferenceProcessor::execute queues: 1, RefProcThreadModel::Single, marks_oops_alive: false
[1243.025s][debug][gc,ref         ] GC(208) Skipped phase 3 of Reference Processing: no references
[1243.025s][debug][gc,ref         ] GC(208) ReferenceProcessor::execute queues: 1, RefProcThreadModel::Single, marks_oops_alive: false
[1243.025s][debug][gc,phases      ] GC(208) Reference Processing 0.101ms
[1243.025s][debug][gc,phases      ] GC(208)   VM Weak                        Min:  0.0, Avg:  0.0, Max:  0.0, Diff:  0.0, Sum:  0.0, Workers: 4
[1243.025s][debug][gc,phases      ] GC(208)     Dead                           Min: 0, Avg:  0.0, Max: 0, Diff: 0, Sum: 0, Workers: 4
[1243.025s][debug][gc,phases      ] GC(208)     Total                          Min: 0, Avg: 167.0, Max: 668, Diff: 668, Sum: 668, Workers: 4
[1243.025s][debug][gc,phases      ] GC(208)   ObjectSynchronizer Weak        Min:  0.0, Avg:  0.0, Max:  0.0, Diff:  0.0, Sum:  0.0, Workers: 4
[1243.025s][debug][gc,phases      ] GC(208)     Dead                           Min: 0, Avg:  0.0, Max: 0, Diff: 0, Sum: 0, Workers: 4
[1243.025s][debug][gc,phases      ] GC(208)     Total                          Min: 0, Avg: 87.0, Max: 284, Diff: 284, Sum: 348, Workers: 4
[1243.025s][debug][gc,phases      ] GC(208)   JVMTI Tag Weak OopStorage      Min:  0.0, Avg:  0.0, Max:  0.0, Diff:  0.0, Sum:  0.0, Workers: 4
[1243.025s][debug][gc,phases      ] GC(208)     Dead                           Min: 0, Avg:  0.0, Max: 0, Diff: 0, Sum: 0, Workers: 4
[1243.025s][debug][gc,phases      ] GC(208)     Total                          Min: 0, Avg:  0.0, Max: 0, Diff: 0, Sum: 0, Workers: 4
[1243.025s][debug][gc,phases      ] GC(208)   StringTable Weak               Min:  0.1, Avg:  0.1, Max:  0.1, Diff:  0.0, Sum:  0.3, Workers: 4
[1243.025s][debug][gc,phases      ] GC(208)     Dead                           Min: 0, Avg:  0.0, Max: 0, Diff: 0, Sum: 0, Workers: 4
[1243.025s][debug][gc,phases      ] GC(208)     Total                          Min: 7744, Avg: 12018.0, Max: 13768, Diff: 6024, Sum: 48072, Workers: 4
[1243.025s][debug][gc,phases      ] GC(208)   ResolvedMethodTable Weak       Min:  0.0, Avg:  0.0, Max:  0.0, Diff:  0.0, Sum:  0.1, Workers: 4
[1243.025s][debug][gc,phases      ] GC(208)     Dead                           Min: 0, Avg:  0.0, Max: 0, Diff: 0, Sum: 0, Workers: 4
[1243.025s][debug][gc,phases      ] GC(208)     Total                          Min: 1452, Avg: 1986.2, Max: 2197, Diff: 745, Sum: 7945, Workers: 4
[1243.025s][debug][gc,phases      ] GC(208)   JNI Weak                       Min:  0.0, Avg:  0.0, Max:  0.0, Diff:  0.0, Sum:  0.0, Workers: 4
[1243.025s][debug][gc,phases      ] GC(208)     Dead                           Min: 0, Avg:  0.0, Max: 0, Diff: 0, Sum: 0, Workers: 4
[1243.025s][debug][gc,phases      ] GC(208)     Total                          Min: 0, Avg:  0.0, Max: 0, Diff: 0, Sum: 0, Workers: 4
[1243.025s][debug][gc,phases      ] GC(208)   StringDedup Table Weak         Min:  0.0, Avg:  0.0, Max:  0.0, Diff:  0.0, Sum:  0.0, Workers: 4
[1243.025s][debug][gc,phases      ] GC(208)     Dead                           Min: 0, Avg:  0.0, Max: 0, Diff: 0, Sum: 0, Workers: 4
[1243.025s][debug][gc,phases      ] GC(208)     Total                          Min: 0, Avg:  0.0, Max: 0, Diff: 0, Sum: 0, Workers: 4
[1243.025s][debug][gc,phases      ] GC(208)   StringDedup Requests0 Weak     Min:  0.0, Avg:  0.0, Max:  0.0, Diff:  0.0, Sum:  0.0, Workers: 4
[1243.025s][debug][gc,phases      ] GC(208)     Dead                           Min: 0, Avg:  0.0, Max: 0, Diff: 0, Sum: 0, Workers: 4
[1243.025s][debug][gc,phases      ] GC(208)     Total                          Min: 0, Avg:  0.0, Max: 0, Diff: 0, Sum: 0, Workers: 4
[1243.025s][debug][gc,phases      ] GC(208)   StringDedup Requests1 Weak     Min:  0.0, Avg:  0.0, Max:  0.0, Diff:  0.0, Sum:  0.0, Workers: 4
[1243.025s][debug][gc,phases      ] GC(208)     Dead                           Min: 0, Avg:  0.0, Max: 0, Diff: 0, Sum: 0, Workers: 4
[1243.025s][debug][gc,phases      ] GC(208)     Total                          Min: 0, Avg:  0.0, Max: 0, Diff: 0, Sum: 0, Workers: 4
[1243.025s][debug][gc,phases      ] GC(208)   Weak JFR Old Object Samples    Min:  0.0, Avg:  0.0, Max:  0.0, Diff:  0.0, Sum:  0.0, Workers: 4
[1243.025s][debug][gc,phases      ] GC(208)     Dead                           Min: 0, Avg:  0.0, Max: 0, Diff: 0, Sum: 0, Workers: 4
[1243.025s][debug][gc,phases      ] GC(208)     Total                          Min: 0, Avg:  0.0, Max: 0, Diff: 0, Sum: 0, Workers: 4
[1243.025s][debug][gc,phases      ] GC(208) Weak Processing 0.265ms
[1243.026s][debug][gc,age         ] GC(208) Desired survivor size 3670016 bytes, new threshold 15 (max threshold 15)
[1243.026s][info ][gc,heap        ] GC(208) PSYoungGen: 2092866K(2093568K)->2832K(2093568K) Eden: 2089984K(2089984K)->0K(2089984K) From: 2882K(3584K)->2832K(3584K)
[1243.026s][info ][gc,heap        ] GC(208) ParOldGen: 559212K(614400K)->559228K(614400K)
[1243.026s][info ][gc,metaspace   ] GC(208) Metaspace: 82058K(82944K)->82058K(82944K) NonClass: 70574K(71040K)->70574K(71040K) Class: 11483K(11904K)->11483K(11904K)
[1243.026s][info ][gc             ] GC(208) Pause Young (Allocation Failure) 2589M->548M(2644M) 3.467ms
[1243.026s][info ][gc,cpu         ] GC(208) User=0.02s Sys=0.00s Real=0.00s
[1243.026s][info ][safepoint      ] Safepoint "ParallelGCFailedAllocation", Time since last: 908746330 ns, Reaching safepoint: 31000 ns, At safepoint: 3543737 ns, Total: 3574737 ns
[1245.026s][info ][safepoint      ] Safepoint "Cleanup", Time since last: 2000151765 ns, Reaching safepoint: 29200 ns, At safepoint: 4700 ns, Total: 33900 ns
[1246.026s][info ][safepoint      ] Safepoint "Cleanup", Time since last: 1000112079 ns, Reaching safepoint: 49200 ns, At safepoint: 9400 ns, Total: 58600 ns
[1250.026s][info ][safepoint      ] Safepoint "Cleanup", Time since last: 4000303584 ns, Reaching safepoint: 41100 ns, At safepoint: 5400 ns, Total: 46500 ns
[1256.006s][info ][gc,start       ] GC(209) Pause Young (Allocation Failure)
[1256.009s][debug][gc,phases      ] GC(209) Scavenge 3.382ms
[1256.009s][debug][gc,ref         ] GC(209) Skipped phase 1 of Reference Processing: no references
[1256.009s][debug][gc,ref         ] GC(209) ReferenceProcessor::execute queues: 1, RefProcThreadModel::Single, marks_oops_alive: false
[1256.009s][debug][gc,ref         ] GC(209) Skipped phase 3 of Reference Processing: no references
[1256.009s][debug][gc,ref         ] GC(209) ReferenceProcessor::execute queues: 1, RefProcThreadModel::Single, marks_oops_alive: false
[1256.009s][debug][gc,phases      ] GC(209) Reference Processing 0.117ms
[1256.009s][debug][gc,phases      ] GC(209)   VM Weak                        Min:  0.0, Avg:  0.0, Max:  0.0, Diff:  0.0, Sum:  0.0, Workers: 4
[1256.010s][debug][gc,phases      ] GC(209)     Dead                           Min: 0, Avg:  0.0, Max: 0, Diff: 0, Sum: 0, Workers: 4
[1256.010s][debug][gc,phases      ] GC(209)     Total                          Min: 0, Avg: 167.0, Max: 348, Diff: 348, Sum: 668, Workers: 4
[1256.010s][debug][gc,phases      ] GC(209)   ObjectSynchronizer Weak        Min:  0.0, Avg:  0.0, Max:  0.0, Diff:  0.0, Sum:  0.0, Workers: 4
[1256.010s][debug][gc,phases      ] GC(209)     Dead                           Min: 0, Avg:  0.0, Max: 0, Diff: 0, Sum: 0, Workers: 4
[1256.010s][debug][gc,phases      ] GC(209)     Total                          Min: 0, Avg: 87.0, Max: 192, Diff: 192, Sum: 348, Workers: 4
[1256.010s][debug][gc,phases      ] GC(209)   JVMTI Tag Weak OopStorage      Min:  0.0, Avg:  0.0, Max:  0.0, Diff:  0.0, Sum:  0.0, Workers: 4
[1256.010s][debug][gc,phases      ] GC(209)     Dead                           Min: 0, Avg:  0.0, Max: 0, Diff: 0, Sum: 0, Workers: 4
[1256.010s][debug][gc,phases      ] GC(209)     Total                          Min: 0, Avg:  0.0, Max: 0, Diff: 0, Sum: 0, Workers: 4
[1256.010s][debug][gc,phases      ] GC(209)   StringTable Weak               Min:  0.1, Avg:  0.1, Max:  0.1, Diff:  0.0, Sum:  0.4, Workers: 4
[1256.010s][debug][gc,phases      ] GC(209)     Dead                           Min: 0, Avg:  0.0, Max: 0, Diff: 0, Sum: 0, Workers: 4
[1256.010s][debug][gc,phases      ] GC(209)     Total                          Min: 9600, Avg: 12018.0, Max: 16072, Diff: 6472, Sum: 48072, Workers: 4
[1256.010s][debug][gc,phases      ] GC(209)   ResolvedMethodTable Weak       Min:  0.0, Avg:  0.0, Max:  0.0, Diff:  0.0, Sum:  0.1, Workers: 4
[1256.010s][debug][gc,phases      ] GC(209)     Dead                           Min: 0, Avg:  0.0, Max: 0, Diff: 0, Sum: 0, Workers: 4
[1256.010s][debug][gc,phases      ] GC(209)     Total                          Min: 1129, Avg: 1986.2, Max: 2968, Diff: 1839, Sum: 7945, Workers: 4
[1256.010s][debug][gc,phases      ] GC(209)   JNI Weak                       Min:  0.0, Avg:  0.0, Max:  0.0, Diff:  0.0, Sum:  0.0, Workers: 4
[1256.010s][debug][gc,phases      ] GC(209)     Dead                           Min: 0, Avg:  0.0, Max: 0, Diff: 0, Sum: 0, Workers: 4
[1256.010s][debug][gc,phases      ] GC(209)     Total                          Min: 0, Avg:  0.0, Max: 0, Diff: 0, Sum: 0, Workers: 4
[1256.010s][debug][gc,phases      ] GC(209)   StringDedup Table Weak         Min:  0.0, Avg:  0.0, Max:  0.0, Diff:  0.0, Sum:  0.0, Workers: 4
[1256.010s][debug][gc,phases      ] GC(209)     Dead                           Min: 0, Avg:  0.0, Max: 0, Diff: 0, Sum: 0, Workers: 4
[1256.010s][debug][gc,phases      ] GC(209)     Total                          Min: 0, Avg:  0.0, Max: 0, Diff: 0, Sum: 0, Workers: 4
[1256.010s][debug][gc,phases      ] GC(209)   StringDedup Requests0 Weak     Min:  0.0, Avg:  0.0, Max:  0.0, Diff:  0.0, Sum:  0.0, Workers: 4
[1256.010s][debug][gc,phases      ] GC(209)     Dead                           Min: 0, Avg:  0.0, Max: 0, Diff: 0, Sum: 0, Workers: 4
[1256.010s][debug][gc,phases      ] GC(209)     Total                          Min: 0, Avg:  0.0, Max: 0, Diff: 0, Sum: 0, Workers: 4
[1256.010s][debug][gc,phases      ] GC(209)   StringDedup Requests1 Weak     Min:  0.0, Avg:  0.0, Max:  0.0, Diff:  0.0, Sum:  0.0, Workers: 4
[1256.010s][debug][gc,phases      ] GC(209)     Dead                           Min: 0, Avg:  0.0, Max: 0, Diff: 0, Sum: 0, Workers: 4
[1256.010s][debug][gc,phases      ] GC(209)     Total                          Min: 0, Avg:  0.0, Max: 0, Diff: 0, Sum: 0, Workers: 4
[1256.010s][debug][gc,phases      ] GC(209)   Weak JFR Old Object Samples    Min:  0.0, Avg:  0.0, Max:  0.0, Diff:  0.0, Sum:  0.0, Workers: 4
[1256.010s][debug][gc,phases      ] GC(209)     Dead                           Min: 0, Avg:  0.0, Max: 0, Diff: 0, Sum: 0, Workers: 4
[1256.010s][debug][gc,phases      ] GC(209)     Total                          Min: 0, Avg:  0.0, Max: 0, Diff: 0, Sum: 0, Workers: 4
[1256.010s][debug][gc,phases      ] GC(209) Weak Processing 0.290ms
[1256.010s][debug][gc,age         ] GC(209) Desired survivor size 3670016 bytes, new threshold 15 (max threshold 15)
[1256.010s][info ][gc,heap        ] GC(209) PSYoungGen: 2092816K(2093568K)->2912K(2093568K) Eden: 2089984K(2089984K)->0K(2089984K) From: 2832K(3584K)->2912K(3584K)
[1256.010s][info ][gc,heap        ] GC(209) ParOldGen: 559228K(614400K)->559260K(614400K)
[1256.010s][info ][gc,metaspace   ] GC(209) Metaspace: 82058K(82944K)->82058K(82944K) NonClass: 70574K(71040K)->70574K(71040K) Class: 11483K(11904K)->11483K(11904K)
[1256.010s][info ][gc             ] GC(209) Pause Young (Allocation Failure) 2589M->548M(2644M) 3.892ms
[1256.010s][info ][gc,cpu         ] GC(209) User=0.02s Sys=0.00s Real=0.01s
[1256.010s][info ][safepoint      ] Safepoint "ParallelGCFailedAllocation", Time since last: 5979395719 ns, Reaching safepoint: 54601 ns, At safepoint: 3960541 ns, Total: 4015142 ns
[1266.010s][info ][safepoint      ] Safepoint "Cleanup", Time since last: 10000633437 ns, Reaching safepoint: 39801 ns, At safepoint: 6300 ns, Total: 46101 ns
[1268.860s][info ][gc,start       ] GC(210) Pause Young (Allocation Failure)
[1268.863s][debug][gc,phases      ] GC(210) Scavenge 3.083ms
[1268.863s][debug][gc,ref         ] GC(210) Skipped phase 1 of Reference Processing: no references
[1268.863s][debug][gc,ref         ] GC(210) ReferenceProcessor::execute queues: 1, RefProcThreadModel::Single, marks_oops_alive: false
[1268.863s][debug][gc,ref         ] GC(210) Skipped phase 3 of Reference Processing: no references
[1268.863s][debug][gc,ref         ] GC(210) ReferenceProcessor::execute queues: 1, RefProcThreadModel::Single, marks_oops_alive: false
[1268.863s][debug][gc,phases      ] GC(210) Reference Processing 0.101ms
[1268.863s][debug][gc,phases      ] GC(210)   VM Weak                        Min:  0.0, Avg:  0.0, Max:  0.0, Diff:  0.0, Sum:  0.0, Workers: 4
[1268.863s][debug][gc,phases      ] GC(210)     Dead                           Min: 0, Avg:  0.0, Max: 0, Diff: 0, Sum: 0, Workers: 4
[1268.863s][debug][gc,phases      ] GC(210)     Total                          Min: 0, Avg: 167.0, Max: 668, Diff: 668, Sum: 668, Workers: 4
[1268.863s][debug][gc,phases      ] GC(210)   ObjectSynchronizer Weak        Min:  0.0, Avg:  0.0, Max:  0.0, Diff:  0.0, Sum:  0.0, Workers: 4
[1268.863s][debug][gc,phases      ] GC(210)     Dead                           Min: 0, Avg:  0.0, Max: 0, Diff: 0, Sum: 0, Workers: 4
[1268.863s][debug][gc,phases      ] GC(210)     Total                          Min: 0, Avg: 87.0, Max: 192, Diff: 192, Sum: 348, Workers: 4
[1268.864s][debug][gc,phases      ] GC(210)   JVMTI Tag Weak OopStorage      Min:  0.0, Avg:  0.0, Max:  0.0, Diff:  0.0, Sum:  0.0, Workers: 4
[1268.864s][debug][gc,phases      ] GC(210)     Dead                           Min: 0, Avg:  0.0, Max: 0, Diff: 0, Sum: 0, Workers: 4
[1268.864s][debug][gc,phases      ] GC(210)     Total                          Min: 0, Avg:  0.0, Max: 0, Diff: 0, Sum: 0, Workers: 4
[1268.864s][debug][gc,phases      ] GC(210)   StringTable Weak               Min:  0.1, Avg:  0.1, Max:  0.1, Diff:  0.0, Sum:  0.4, Workers: 4
[1268.864s][debug][gc,phases      ] GC(210)     Dead                           Min: 0, Avg:  0.0, Max: 0, Diff: 0, Sum: 0, Workers: 4
[1268.864s][debug][gc,phases      ] GC(210)     Total                          Min: 9536, Avg: 12018.0, Max: 14600, Diff: 5064, Sum: 48072, Workers: 4
[1268.864s][debug][gc,phases      ] GC(210)   ResolvedMethodTable Weak       Min:  0.0, Avg:  0.0, Max:  0.0, Diff:  0.0, Sum:  0.1, Workers: 4
[1268.864s][debug][gc,phases      ] GC(210)     Dead                           Min: 0, Avg:  0.0, Max: 0, Diff: 0, Sum: 0, Workers: 4
[1268.864s][debug][gc,phases      ] GC(210)     Total                          Min: 1576, Avg: 1986.2, Max: 2463, Diff: 887, Sum: 7945, Workers: 4
[1268.864s][debug][gc,phases      ] GC(210)   JNI Weak                       Min:  0.0, Avg:  0.0, Max:  0.0, Diff:  0.0, Sum:  0.0, Workers: 4
[1268.864s][debug][gc,phases      ] GC(210)     Dead                           Min: 0, Avg:  0.0, Max: 0, Diff: 0, Sum: 0, Workers: 4
[1268.864s][debug][gc,phases      ] GC(210)     Total                          Min: 0, Avg:  0.0, Max: 0, Diff: 0, Sum: 0, Workers: 4
[1268.864s][debug][gc,phases      ] GC(210)   StringDedup Table Weak         Min:  0.0, Avg:  0.0, Max:  0.0, Diff:  0.0, Sum:  0.0, Workers: 4
[1268.864s][debug][gc,phases      ] GC(210)     Dead                           Min: 0, Avg:  0.0, Max: 0, Diff: 0, Sum: 0, Workers: 4
[1268.864s][debug][gc,phases      ] GC(210)     Total                          Min: 0, Avg:  0.0, Max: 0, Diff: 0, Sum: 0, Workers: 4
[1268.864s][debug][gc,phases      ] GC(210)   StringDedup Requests0 Weak     Min:  0.0, Avg:  0.0, Max:  0.0, Diff:  0.0, Sum:  0.0, Workers: 4
[1268.864s][debug][gc,phases      ] GC(210)     Dead                           Min: 0, Avg:  0.0, Max: 0, Diff: 0, Sum: 0, Workers: 4
[1268.864s][debug][gc,phases      ] GC(210)     Total                          Min: 0, Avg:  0.0, Max: 0, Diff: 0, Sum: 0, Workers: 4
[1268.864s][debug][gc,phases      ] GC(210)   StringDedup Requests1 Weak     Min:  0.0, Avg:  0.0, Max:  0.0, Diff:  0.0, Sum:  0.0, Workers: 4
[1268.864s][debug][gc,phases      ] GC(210)     Dead                           Min: 0, Avg:  0.0, Max: 0, Diff: 0, Sum: 0, Workers: 4
[1268.864s][debug][gc,phases      ] GC(210)     Total                          Min: 0, Avg:  0.0, Max: 0, Diff: 0, Sum: 0, Workers: 4
[1268.864s][debug][gc,phases      ] GC(210)   Weak JFR Old Object Samples    Min:  0.0, Avg:  0.0, Max:  0.0, Diff:  0.0, Sum:  0.0, Workers: 4
[1268.864s][debug][gc,phases      ] GC(210)     Dead                           Min: 0, Avg:  0.0, Max: 0, Diff: 0, Sum: 0, Workers: 4
[1268.864s][debug][gc,phases      ] GC(210)     Total                          Min: 0, Avg:  0.0, Max: 0, Diff: 0, Sum: 0, Workers: 4
[1268.864s][debug][gc,phases      ] GC(210) Weak Processing 0.308ms
[1268.864s][debug][gc,age         ] GC(210) Desired survivor size 3670016 bytes, new threshold 15 (max threshold 15)
[1268.864s][info ][gc,heap        ] GC(210) PSYoungGen: 2092896K(2093568K)->2720K(2093568K) Eden: 2089984K(2089984K)->0K(2089984K) From: 2912K(3584K)->2720K(3584K)
[1268.864s][info ][gc,heap        ] GC(210) ParOldGen: 559260K(614400K)->559292K(614400K)
[1268.864s][info ][gc,metaspace   ] GC(210) Metaspace: 82058K(82944K)->82058K(82944K) NonClass: 70574K(71040K)->70574K(71040K) Class: 11483K(11904K)->11483K(11904K)
[1268.864s][info ][gc             ] GC(210) Pause Young (Allocation Failure) 2589M->548M(2644M) 3.587ms
[1268.864s][info ][gc,cpu         ] GC(210) User=0.01s Sys=0.00s Real=0.00s
[1268.864s][info ][safepoint      ] Safepoint "ParallelGCFailedAllocation", Time since last: 2849622079 ns, Reaching safepoint: 35600 ns, At safepoint: 3653638 ns, Total: 3689238 ns
[1281.848s][info ][gc,start       ] GC(211) Pause Young (Allocation Failure)
[1281.850s][debug][gc,phases      ] GC(211) Scavenge 2.474ms
[1281.850s][debug][gc,ref         ] GC(211) Skipped phase 1 of Reference Processing: no references
[1281.851s][debug][gc,ref         ] GC(211) ReferenceProcessor::execute queues: 1, RefProcThreadModel::Single, marks_oops_alive: false
[1281.851s][debug][gc,ref         ] GC(211) Skipped phase 3 of Reference Processing: no references
[1281.851s][debug][gc,ref         ] GC(211) ReferenceProcessor::execute queues: 1, RefProcThreadModel::Single, marks_oops_alive: false
[1281.851s][debug][gc,phases      ] GC(211) Reference Processing 0.104ms
[1281.851s][debug][gc,phases      ] GC(211)   VM Weak                        Min:  0.0, Avg:  0.0, Max:  0.0, Diff:  0.0, Sum:  0.0, Workers: 4
[1281.851s][debug][gc,phases      ] GC(211)     Dead                           Min: 0, Avg:  0.0, Max: 0, Diff: 0, Sum: 0, Workers: 4
[1281.851s][debug][gc,phases      ] GC(211)     Total                          Min: 0, Avg: 167.0, Max: 384, Diff: 384, Sum: 668, Workers: 4
[1281.851s][debug][gc,phases      ] GC(211)   ObjectSynchronizer Weak        Min:  0.0, Avg:  0.0, Max:  0.0, Diff:  0.0, Sum:  0.0, Workers: 4
[1281.851s][debug][gc,phases      ] GC(211)     Dead                           Min: 0, Avg:  0.0, Max: 0, Diff: 0, Sum: 0, Workers: 4
[1281.851s][debug][gc,phases      ] GC(211)     Total                          Min: 0, Avg: 87.0, Max: 220, Diff: 220, Sum: 348, Workers: 4
[1281.851s][debug][gc,phases      ] GC(211)   JVMTI Tag Weak OopStorage      Min:  0.0, Avg:  0.0, Max:  0.0, Diff:  0.0, Sum:  0.0, Workers: 4
[1281.851s][debug][gc,phases      ] GC(211)     Dead                           Min: 0, Avg:  0.0, Max: 0, Diff: 0, Sum: 0, Workers: 4
[1281.851s][debug][gc,phases      ] GC(211)     Total                          Min: 0, Avg:  0.0, Max: 0, Diff: 0, Sum: 0, Workers: 4
[1281.851s][debug][gc,phases      ] GC(211)   StringTable Weak               Min:  0.1, Avg:  0.1, Max:  0.1, Diff:  0.0, Sum:  0.3, Workers: 4
[1281.851s][debug][gc,phases      ] GC(211)     Dead                           Min: 0, Avg:  0.0, Max: 0, Diff: 0, Sum: 0, Workers: 4
[1281.851s][debug][gc,phases      ] GC(211)     Total                          Min: 10376, Avg: 12018.0, Max: 12800, Diff: 2424, Sum: 48072, Workers: 4
[1281.851s][debug][gc,phases      ] GC(211)   ResolvedMethodTable Weak       Min:  0.0, Avg:  0.0, Max:  0.0, Diff:  0.0, Sum:  0.1, Workers: 4
[1281.851s][debug][gc,phases      ] GC(211)     Dead                           Min: 0, Avg:  0.0, Max: 0, Diff: 0, Sum: 0, Workers: 4
[1281.851s][debug][gc,phases      ] GC(211)     Total                          Min: 1923, Avg: 1986.2, Max: 2080, Diff: 157, Sum: 7945, Workers: 4
[1281.851s][debug][gc,phases      ] GC(211)   JNI Weak                       Min:  0.0, Avg:  0.0, Max:  0.0, Diff:  0.0, Sum:  0.0, Workers: 4
[1281.851s][debug][gc,phases      ] GC(211)     Dead                           Min: 0, Avg:  0.0, Max: 0, Diff: 0, Sum: 0, Workers: 4
[1281.851s][debug][gc,phases      ] GC(211)     Total                          Min: 0, Avg:  0.0, Max: 0, Diff: 0, Sum: 0, Workers: 4
[1281.851s][debug][gc,phases      ] GC(211)   StringDedup Table Weak         Min:  0.0, Avg:  0.0, Max:  0.0, Diff:  0.0, Sum:  0.0, Workers: 4
[1281.851s][debug][gc,phases      ] GC(211)     Dead                           Min: 0, Avg:  0.0, Max: 0, Diff: 0, Sum: 0, Workers: 4
[1281.851s][debug][gc,phases      ] GC(211)     Total                          Min: 0, Avg:  0.0, Max: 0, Diff: 0, Sum: 0, Workers: 4
[1281.851s][debug][gc,phases      ] GC(211)   StringDedup Requests0 Weak     Min:  0.0, Avg:  0.0, Max:  0.0, Diff:  0.0, Sum:  0.0, Workers: 4
[1281.851s][debug][gc,phases      ] GC(211)     Dead                           Min: 0, Avg:  0.0, Max: 0, Diff: 0, Sum: 0, Workers: 4
[1281.851s][debug][gc,phases      ] GC(211)     Total                          Min: 0, Avg:  0.0, Max: 0, Diff: 0, Sum: 0, Workers: 4
[1281.851s][debug][gc,phases      ] GC(211)   StringDedup Requests1 Weak     Min:  0.0, Avg:  0.0, Max:  0.0, Diff:  0.0, Sum:  0.0, Workers: 4
[1281.851s][debug][gc,phases      ] GC(211)     Dead                           Min: 0, Avg:  0.0, Max: 0, Diff: 0, Sum: 0, Workers: 4
[1281.851s][debug][gc,phases      ] GC(211)     Total                          Min: 0, Avg:  0.0, Max: 0, Diff: 0, Sum: 0, Workers: 4
[1281.851s][debug][gc,phases      ] GC(211)   Weak JFR Old Object Samples    Min:  0.0, Avg:  0.0, Max:  0.0, Diff:  0.0, Sum:  0.0, Workers: 4
[1281.851s][debug][gc,phases      ] GC(211)     Dead                           Min: 0, Avg:  0.0, Max: 0, Diff: 0, Sum: 0, Workers: 4
[1281.851s][debug][gc,phases      ] GC(211)     Total                          Min: 0, Avg:  0.0, Max: 0, Diff: 0, Sum: 0, Workers: 4
[1281.851s][debug][gc,phases      ] GC(211) Weak Processing 0.259ms
[1281.851s][debug][gc,age         ] GC(211) Desired survivor size 3670016 bytes, new threshold 15 (max threshold 15)
[1281.851s][info ][gc,heap        ] GC(211) PSYoungGen: 2092704K(2093568K)->2752K(2093568K) Eden: 2089984K(2089984K)->0K(2089984K) From: 2720K(3584K)->2752K(3584K)
[1281.851s][info ][gc,heap        ] GC(211) ParOldGen: 559292K(614400K)->559324K(614400K)
[1281.851s][info ][gc,metaspace   ] GC(211) Metaspace: 82059K(82944K)->82059K(82944K) NonClass: 70575K(71040K)->70575K(71040K) Class: 11483K(11904K)->11483K(11904K)
[1281.851s][info ][gc             ] GC(211) Pause Young (Allocation Failure) 2589M->548M(2644M) 2.946ms
[1281.851s][info ][gc,cpu         ] GC(211) User=0.01s Sys=0.00s Real=0.00s
[1281.851s][info ][safepoint      ] Safepoint "ParallelGCFailedAllocation", Time since last: 12984078547 ns, Reaching safepoint: 115401 ns, At safepoint: 3024232 ns, Total: 3139633 ns
[1294.751s][info ][gc,start       ] GC(212) Pause Young (Allocation Failure)
[1294.754s][debug][gc,phases      ] GC(212) Scavenge 2.571ms
[1294.754s][debug][gc,ref         ] GC(212) Skipped phase 1 of Reference Processing: no references
[1294.754s][debug][gc,ref         ] GC(212) ReferenceProcessor::execute queues: 1, RefProcThreadModel::Single, marks_oops_alive: false
[1294.754s][debug][gc,ref         ] GC(212) Skipped phase 3 of Reference Processing: no references
[1294.754s][debug][gc,ref         ] GC(212) ReferenceProcessor::execute queues: 1, RefProcThreadModel::Single, marks_oops_alive: false
[1294.754s][debug][gc,phases      ] GC(212) Reference Processing 0.134ms
[1294.754s][debug][gc,phases      ] GC(212)   VM Weak                        Min:  0.0, Avg:  0.0, Max:  0.0, Diff:  0.0, Sum:  0.0, Workers: 4
[1294.754s][debug][gc,phases      ] GC(212)     Dead                           Min: 0, Avg:  0.0, Max: 0, Diff: 0, Sum: 0, Workers: 4
[1294.754s][debug][gc,phases      ] GC(212)     Total                          Min: 0, Avg: 167.0, Max: 640, Diff: 640, Sum: 668, Workers: 4
[1294.754s][debug][gc,phases      ] GC(212)   ObjectSynchronizer Weak        Min:  0.0, Avg:  0.0, Max:  0.0, Diff:  0.0, Sum:  0.0, Workers: 4
[1294.754s][debug][gc,phases      ] GC(212)     Dead                           Min: 0, Avg:  0.0, Max: 0, Diff: 0, Sum: 0, Workers: 4
[1294.754s][debug][gc,phases      ] GC(212)     Total                          Min: 0, Avg: 87.0, Max: 128, Diff: 128, Sum: 348, Workers: 4
[1294.754s][debug][gc,phases      ] GC(212)   JVMTI Tag Weak OopStorage      Min:  0.0, Avg:  0.0, Max:  0.0, Diff:  0.0, Sum:  0.0, Workers: 4
[1294.754s][debug][gc,phases      ] GC(212)     Dead                           Min: 0, Avg:  0.0, Max: 0, Diff: 0, Sum: 0, Workers: 4
[1294.754s][debug][gc,phases      ] GC(212)     Total                          Min: 0, Avg:  0.0, Max: 0, Diff: 0, Sum: 0, Workers: 4
[1294.754s][debug][gc,phases      ] GC(212)   StringTable Weak               Min:  0.1, Avg:  0.1, Max:  0.1, Diff:  0.0, Sum:  0.4, Workers: 4
[1294.754s][debug][gc,phases      ] GC(212)     Dead                           Min: 0, Avg:  0.0, Max: 0, Diff: 0, Sum: 0, Workers: 4
[1294.754s][debug][gc,phases      ] GC(212)     Total                          Min: 9536, Avg: 12018.0, Max: 14728, Diff: 5192, Sum: 48072, Workers: 4
[1294.754s][debug][gc,phases      ] GC(212)   ResolvedMethodTable Weak       Min:  0.0, Avg:  0.0, Max:  0.0, Diff:  0.0, Sum:  0.1, Workers: 4
[1294.754s][debug][gc,phases      ] GC(212)     Dead                           Min: 0, Avg:  0.0, Max: 0, Diff: 0, Sum: 0, Workers: 4
[1294.754s][debug][gc,phases      ] GC(212)     Total                          Min: 1624, Avg: 1986.2, Max: 2388, Diff: 764, Sum: 7945, Workers: 4
[1294.754s][debug][gc,phases      ] GC(212)   JNI Weak                       Min:  0.0, Avg:  0.0, Max:  0.0, Diff:  0.0, Sum:  0.0, Workers: 4
[1294.754s][debug][gc,phases      ] GC(212)     Dead                           Min: 0, Avg:  0.0, Max: 0, Diff: 0, Sum: 0, Workers: 4
[1294.754s][debug][gc,phases      ] GC(212)     Total                          Min: 0, Avg:  0.0, Max: 0, Diff: 0, Sum: 0, Workers: 4
[1294.754s][debug][gc,phases      ] GC(212)   StringDedup Table Weak         Min:  0.0, Avg:  0.0, Max:  0.0, Diff:  0.0, Sum:  0.0, Workers: 4
[1294.754s][debug][gc,phases      ] GC(212)     Dead                           Min: 0, Avg:  0.0, Max: 0, Diff: 0, Sum: 0, Workers: 4
[1294.754s][debug][gc,phases      ] GC(212)     Total                          Min: 0, Avg:  0.0, Max: 0, Diff: 0, Sum: 0, Workers: 4
[1294.754s][debug][gc,phases      ] GC(212)   StringDedup Requests0 Weak     Min:  0.0, Avg:  0.0, Max:  0.0, Diff:  0.0, Sum:  0.0, Workers: 4
[1294.754s][debug][gc,phases      ] GC(212)     Dead                           Min: 0, Avg:  0.0, Max: 0, Diff: 0, Sum: 0, Workers: 4
[1294.754s][debug][gc,phases      ] GC(212)     Total                          Min: 0, Avg:  0.0, Max: 0, Diff: 0, Sum: 0, Workers: 4
[1294.754s][debug][gc,phases      ] GC(212)   StringDedup Requests1 Weak     Min:  0.0, Avg:  0.0, Max:  0.0, Diff:  0.0, Sum:  0.0, Workers: 4
[1294.754s][debug][gc,phases      ] GC(212)     Dead                           Min: 0, Avg:  0.0, Max: 0, Diff: 0, Sum: 0, Workers: 4
[1294.754s][debug][gc,phases      ] GC(212)     Total                          Min: 0, Avg:  0.0, Max: 0, Diff: 0, Sum: 0, Workers: 4
[1294.754s][debug][gc,phases      ] GC(212)   Weak JFR Old Object Samples    Min:  0.0, Avg:  0.0, Max:  0.0, Diff:  0.0, Sum:  0.0, Workers: 4
[1294.754s][debug][gc,phases      ] GC(212)     Dead                           Min: 0, Avg:  0.0, Max: 0, Diff: 0, Sum: 0, Workers: 4
[1294.754s][debug][gc,phases      ] GC(212)     Total                          Min: 0, Avg:  0.0, Max: 0, Diff: 0, Sum: 0, Workers: 4
[1294.754s][debug][gc,phases      ] GC(212) Weak Processing 0.272ms
[1294.754s][debug][gc,age         ] GC(212) Desired survivor size 3670016 bytes, new threshold 15 (max threshold 15)
[1294.754s][info ][gc,heap        ] GC(212) PSYoungGen: 2092736K(2093568K)->2752K(2093568K) Eden: 2089984K(2089984K)->0K(2089984K) From: 2752K(3584K)->2752K(3584K)
[1294.754s][info ][gc,heap        ] GC(212) ParOldGen: 559324K(614400K)->559428K(614400K)
[1294.754s][info ][gc,metaspace   ] GC(212) Metaspace: 82059K(82944K)->82059K(82944K) NonClass: 70575K(71040K)->70575K(71040K) Class: 11483K(11904K)->11483K(11904K)
[1294.754s][info ][gc             ] GC(212) Pause Young (Allocation Failure) 2589M->549M(2644M) 3.092ms
[1294.754s][info ][gc,cpu         ] GC(212) User=0.01s Sys=0.00s Real=0.00s
[1294.754s][info ][safepoint      ] Safepoint "ParallelGCFailedAllocation", Time since last: 12900381726 ns, Reaching safepoint: 44900 ns, At safepoint: 3168633 ns, Total: 3213533 ns
[1299.755s][info ][safepoint      ] Safepoint "Cleanup", Time since last: 5000352776 ns, Reaching safepoint: 128702 ns, At safepoint: 10700 ns, Total: 139402 ns
[1302.755s][info ][safepoint      ] Safepoint "Cleanup", Time since last: 3000230575 ns, Reaching safepoint: 118401 ns, At safepoint: 8600 ns, Total: 127001 ns
[1307.585s][info ][gc,start       ] GC(213) Pause Young (Allocation Failure)
[1307.588s][debug][gc,phases      ] GC(213) Scavenge 3.039ms
[1307.588s][debug][gc,ref         ] GC(213) Skipped phase 1 of Reference Processing: no references
[1307.588s][debug][gc,ref         ] GC(213) ReferenceProcessor::execute queues: 1, RefProcThreadModel::Single, marks_oops_alive: false
[1307.588s][debug][gc,ref         ] GC(213) Skipped phase 3 of Reference Processing: no references
[1307.588s][debug][gc,ref         ] GC(213) Skipped phase 4 of Reference Processing: no references
[1307.588s][debug][gc,phases      ] GC(213) Reference Processing 0.098ms
[1307.588s][debug][gc,phases      ] GC(213)   VM Weak                        Min:  0.0, Avg:  0.0, Max:  0.0, Diff:  0.0, Sum:  0.0, Workers: 4
[1307.588s][debug][gc,phases      ] GC(213)     Dead                           Min: 0, Avg:  0.0, Max: 0, Diff: 0, Sum: 0, Workers: 4
[1307.588s][debug][gc,phases      ] GC(213)     Total                          Min: 0, Avg: 167.0, Max: 604, Diff: 604, Sum: 668, Workers: 4
[1307.588s][debug][gc,phases      ] GC(213)   ObjectSynchronizer Weak        Min:  0.0, Avg:  0.0, Max:  0.0, Diff:  0.0, Sum:  0.0, Workers: 4
[1307.588s][debug][gc,phases      ] GC(213)     Dead                           Min: 0, Avg:  0.0, Max: 0, Diff: 0, Sum: 0, Workers: 4
[1307.588s][debug][gc,phases      ] GC(213)     Total                          Min: 0, Avg: 87.0, Max: 156, Diff: 156, Sum: 348, Workers: 4
[1307.588s][debug][gc,phases      ] GC(213)   JVMTI Tag Weak OopStorage      Min:  0.0, Avg:  0.0, Max:  0.0, Diff:  0.0, Sum:  0.0, Workers: 4
[1307.588s][debug][gc,phases      ] GC(213)     Dead                           Min: 0, Avg:  0.0, Max: 0, Diff: 0, Sum: 0, Workers: 4
[1307.588s][debug][gc,phases      ] GC(213)     Total                          Min: 0, Avg:  0.0, Max: 0, Diff: 0, Sum: 0, Workers: 4
[1307.588s][debug][gc,phases      ] GC(213)   StringTable Weak               Min:  0.1, Avg:  0.1, Max:  0.1, Diff:  0.0, Sum:  0.4, Workers: 4
[1307.588s][debug][gc,phases      ] GC(213)     Dead                           Min: 0, Avg:  0.0, Max: 0, Diff: 0, Sum: 0, Workers: 4
[1307.588s][debug][gc,phases      ] GC(213)     Total                          Min: 9024, Avg: 12023.0, Max: 14748, Diff: 5724, Sum: 48092, Workers: 4
[1307.588s][debug][gc,phases      ] GC(213)   ResolvedMethodTable Weak       Min:  0.0, Avg:  0.0, Max:  0.0, Diff:  0.0, Sum:  0.1, Workers: 4
[1307.588s][debug][gc,phases      ] GC(213)     Dead                           Min: 0, Avg:  0.0, Max: 0, Diff: 0, Sum: 0, Workers: 4
[1307.588s][debug][gc,phases      ] GC(213)     Total                          Min: 1662, Avg: 1986.2, Max: 2322, Diff: 660, Sum: 7945, Workers: 4
[1307.588s][debug][gc,phases      ] GC(213)   JNI Weak                       Min:  0.0, Avg:  0.0, Max:  0.0, Diff:  0.0, Sum:  0.0, Workers: 4
[1307.588s][debug][gc,phases      ] GC(213)     Dead                           Min: 0, Avg:  0.0, Max: 0, Diff: 0, Sum: 0, Workers: 4
[1307.588s][debug][gc,phases      ] GC(213)     Total                          Min: 0, Avg:  0.0, Max: 0, Diff: 0, Sum: 0, Workers: 4
[1307.588s][debug][gc,phases      ] GC(213)   StringDedup Table Weak         Min:  0.0, Avg:  0.0, Max:  0.0, Diff:  0.0, Sum:  0.0, Workers: 4
[1307.588s][debug][gc,phases      ] GC(213)     Dead                           Min: 0, Avg:  0.0, Max: 0, Diff: 0, Sum: 0, Workers: 4
[1307.588s][debug][gc,phases      ] GC(213)     Total                          Min: 0, Avg:  0.0, Max: 0, Diff: 0, Sum: 0, Workers: 4
[1307.588s][debug][gc,phases      ] GC(213)   StringDedup Requests0 Weak     Min:  0.0, Avg:  0.0, Max:  0.0, Diff:  0.0, Sum:  0.0, Workers: 4
[1307.588s][debug][gc,phases      ] GC(213)     Dead                           Min: 0, Avg:  0.0, Max: 0, Diff: 0, Sum: 0, Workers: 4
[1307.588s][debug][gc,phases      ] GC(213)     Total                          Min: 0, Avg:  0.0, Max: 0, Diff: 0, Sum: 0, Workers: 4
[1307.588s][debug][gc,phases      ] GC(213)   StringDedup Requests1 Weak     Min:  0.0, Avg:  0.0, Max:  0.0, Diff:  0.0, Sum:  0.0, Workers: 4
[1307.588s][debug][gc,phases      ] GC(213)     Dead                           Min: 0, Avg:  0.0, Max: 0, Diff: 0, Sum: 0, Workers: 4
[1307.588s][debug][gc,phases      ] GC(213)     Total                          Min: 0, Avg:  0.0, Max: 0, Diff: 0, Sum: 0, Workers: 4
[1307.588s][debug][gc,phases      ] GC(213)   Weak JFR Old Object Samples    Min:  0.0, Avg:  0.0, Max:  0.0, Diff:  0.0, Sum:  0.0, Workers: 4
[1307.588s][debug][gc,phases      ] GC(213)     Dead                           Min: 0, Avg:  0.0, Max: 0, Diff: 0, Sum: 0, Workers: 4
[1307.588s][debug][gc,phases      ] GC(213)     Total                          Min: 0, Avg:  0.0, Max: 0, Diff: 0, Sum: 0, Workers: 4
[1307.588s][debug][gc,phases      ] GC(213) Weak Processing 0.284ms
[1307.588s][debug][gc,age         ] GC(213) Desired survivor size 3670016 bytes, new threshold 15 (max threshold 15)
[1307.588s][info ][gc,heap        ] GC(213) PSYoungGen: 2092736K(2093568K)->2656K(2093568K) Eden: 2089984K(2089984K)->0K(2089984K) From: 2752K(3584K)->2656K(3584K)
[1307.588s][info ][gc,heap        ] GC(213) ParOldGen: 559428K(614400K)->559484K(614400K)
[1307.588s][info ][gc,metaspace   ] GC(213) Metaspace: 82059K(82944K)->82059K(82944K) NonClass: 70575K(71040K)->70575K(71040K) Class: 11483K(11904K)->11483K(11904K)
[1307.588s][info ][gc             ] GC(213) Pause Young (Allocation Failure) 2590M->548M(2644M) 3.524ms
[1307.588s][info ][gc,cpu         ] GC(213) User=0.02s Sys=0.00s Real=0.01s
[1307.588s][info ][safepoint      ] Safepoint "ParallelGCFailedAllocation", Time since last: 4829485711 ns, Reaching safepoint: 33401 ns, At safepoint: 3600837 ns, Total: 3634238 ns
[1314.589s][info ][safepoint      ] Safepoint "Cleanup", Time since last: 7000454596 ns, Reaching safepoint: 31000 ns, At safepoint: 3500 ns, Total: 34500 ns
[1316.589s][info ][safepoint      ] Safepoint "Cleanup", Time since last: 2000153477 ns, Reaching safepoint: 49300 ns, At safepoint: 9700 ns, Total: 59000 ns
[1320.590s][info ][safepoint      ] Safepoint "Cleanup", Time since last: 4000306323 ns, Reaching safepoint: 42300 ns, At safepoint: 21001 ns, Total: 63301 ns
[1320.711s][info ][gc,start       ] GC(214) Pause Young (Allocation Failure)
[1320.713s][debug][gc,phases      ] GC(214) Scavenge 2.359ms
[1320.713s][debug][gc,ref         ] GC(214) Skipped phase 1 of Reference Processing: no references
[1320.713s][debug][gc,ref         ] GC(214) ReferenceProcessor::execute queues: 1, RefProcThreadModel::Single, marks_oops_alive: false
[1320.713s][debug][gc,ref         ] GC(214) Skipped phase 3 of Reference Processing: no references
[1320.713s][debug][gc,ref         ] GC(214) Skipped phase 4 of Reference Processing: no references
[1320.713s][debug][gc,phases      ] GC(214) Reference Processing 0.101ms
[1320.713s][debug][gc,phases      ] GC(214)   VM Weak                        Min:  0.0, Avg:  0.0, Max:  0.0, Diff:  0.0, Sum:  0.0, Workers: 4
[1320.713s][debug][gc,phases      ] GC(214)     Dead                           Min: 0, Avg:  0.0, Max: 0, Diff: 0, Sum: 0, Workers: 4
[1320.713s][debug][gc,phases      ] GC(214)     Total                          Min: 0, Avg: 167.0, Max: 668, Diff: 668, Sum: 668, Workers: 4
[1320.713s][debug][gc,phases      ] GC(214)   ObjectSynchronizer Weak        Min:  0.0, Avg:  0.0, Max:  0.0, Diff:  0.0, Sum:  0.0, Workers: 4
[1320.713s][debug][gc,phases      ] GC(214)     Dead                           Min: 0, Avg:  0.0, Max: 0, Diff: 0, Sum: 0, Workers: 4
[1320.713s][debug][gc,phases      ] GC(214)     Total                          Min: 0, Avg: 87.0, Max: 348, Diff: 348, Sum: 348, Workers: 4
[1320.713s][debug][gc,phases      ] GC(214)   JVMTI Tag Weak OopStorage      Min:  0.0, Avg:  0.0, Max:  0.0, Diff:  0.0, Sum:  0.0, Workers: 4
[1320.713s][debug][gc,phases      ] GC(214)     Dead                           Min: 0, Avg:  0.0, Max: 0, Diff: 0, Sum: 0, Workers: 4
[1320.713s][debug][gc,phases      ] GC(214)     Total                          Min: 0, Avg:  0.0, Max: 0, Diff: 0, Sum: 0, Workers: 4
[1320.713s][debug][gc,phases      ] GC(214)   StringTable Weak               Min:  0.1, Avg:  0.1, Max:  0.1, Diff:  0.0, Sum:  0.3, Workers: 4
[1320.713s][debug][gc,phases      ] GC(214)     Dead                           Min: 0, Avg:  0.0, Max: 0, Diff: 0, Sum: 0, Workers: 4
[1320.713s][debug][gc,phases      ] GC(214)     Total                          Min: 10432, Avg: 12023.0, Max: 13312, Diff: 2880, Sum: 48092, Workers: 4
[1320.713s][debug][gc,phases      ] GC(214)   ResolvedMethodTable Weak       Min:  0.0, Avg:  0.0, Max:  0.0, Diff:  0.0, Sum:  0.1, Workers: 4
[1320.713s][debug][gc,phases      ] GC(214)     Dead                           Min: 0, Avg:  0.0, Max: 0, Diff: 0, Sum: 0, Workers: 4
[1320.713s][debug][gc,phases      ] GC(214)     Total                          Min: 1930, Avg: 1986.2, Max: 2078, Diff: 148, Sum: 7945, Workers: 4
[1320.713s][debug][gc,phases      ] GC(214)   JNI Weak                       Min:  0.0, Avg:  0.0, Max:  0.0, Diff:  0.0, Sum:  0.0, Workers: 4
[1320.713s][debug][gc,phases      ] GC(214)     Dead                           Min: 0, Avg:  0.0, Max: 0, Diff: 0, Sum: 0, Workers: 4
[1320.713s][debug][gc,phases      ] GC(214)     Total                          Min: 0, Avg:  0.0, Max: 0, Diff: 0, Sum: 0, Workers: 4
[1320.713s][debug][gc,phases      ] GC(214)   StringDedup Table Weak         Min:  0.0, Avg:  0.0, Max:  0.0, Diff:  0.0, Sum:  0.0, Workers: 4
[1320.713s][debug][gc,phases      ] GC(214)     Dead                           Min: 0, Avg:  0.0, Max: 0, Diff: 0, Sum: 0, Workers: 4
[1320.713s][debug][gc,phases      ] GC(214)     Total                          Min: 0, Avg:  0.0, Max: 0, Diff: 0, Sum: 0, Workers: 4
[1320.713s][debug][gc,phases      ] GC(214)   StringDedup Requests0 Weak     Min:  0.0, Avg:  0.0, Max:  0.0, Diff:  0.0, Sum:  0.0, Workers: 4
[1320.713s][debug][gc,phases      ] GC(214)     Dead                           Min: 0, Avg:  0.0, Max: 0, Diff: 0, Sum: 0, Workers: 4
[1320.713s][debug][gc,phases      ] GC(214)     Total                          Min: 0, Avg:  0.0, Max: 0, Diff: 0, Sum: 0, Workers: 4
[1320.713s][debug][gc,phases      ] GC(214)   StringDedup Requests1 Weak     Min:  0.0, Avg:  0.0, Max:  0.0, Diff:  0.0, Sum:  0.0, Workers: 4
[1320.713s][debug][gc,phases      ] GC(214)     Dead                           Min: 0, Avg:  0.0, Max: 0, Diff: 0, Sum: 0, Workers: 4
[1320.713s][debug][gc,phases      ] GC(214)     Total                          Min: 0, Avg:  0.0, Max: 0, Diff: 0, Sum: 0, Workers: 4
[1320.713s][debug][gc,phases      ] GC(214)   Weak JFR Old Object Samples    Min:  0.0, Avg:  0.0, Max:  0.0, Diff:  0.0, Sum:  0.0, Workers: 4
[1320.713s][debug][gc,phases      ] GC(214)     Dead                           Min: 0, Avg:  0.0, Max: 0, Diff: 0, Sum: 0, Workers: 4
[1320.713s][debug][gc,phases      ] GC(214)     Total                          Min: 0, Avg:  0.0, Max: 0, Diff: 0, Sum: 0, Workers: 4
[1320.713s][debug][gc,phases      ] GC(214) Weak Processing 0.256ms
[1320.713s][debug][gc,age         ] GC(214) Desired survivor size 3670016 bytes, new threshold 15 (max threshold 15)
[1320.713s][info ][gc,heap        ] GC(214) PSYoungGen: 2092640K(2093568K)->2643K(2093568K) Eden: 2089984K(2089984K)->0K(2089984K) From: 2656K(3584K)->2643K(3584K)
[1320.713s][info ][gc,heap        ] GC(214) ParOldGen: 559484K(614400K)->559652K(614400K)
[1320.713s][info ][gc,metaspace   ] GC(214) Metaspace: 82062K(82944K)->82062K(82944K) NonClass: 70578K(71040K)->70578K(71040K) Class: 11483K(11904K)->11483K(11904K)
[1320.713s][info ][gc             ] GC(214) Pause Young (Allocation Failure) 2589M->549M(2644M) 2.830ms
[1320.713s][info ][gc,cpu         ] GC(214) User=0.01s Sys=0.00s Real=0.00s
[1320.713s][info ][safepoint      ] Safepoint "ParallelGCFailedAllocation", Time since last: 120933742 ns, Reaching safepoint: 95501 ns, At safepoint: 2901030 ns, Total: 2996531 ns
[1321.714s][info ][safepoint      ] Safepoint "Cleanup", Time since last: 1000080274 ns, Reaching safepoint: 30400 ns, At safepoint: 3300 ns, Total: 33700 ns
[1333.512s][info ][gc,start       ] GC(215) Pause Young (Allocation Failure)
[1333.514s][debug][gc,phases      ] GC(215) Scavenge 2.199ms
[1333.514s][debug][gc,ref         ] GC(215) Skipped phase 1 of Reference Processing: no references
[1333.514s][debug][gc,ref         ] GC(215) ReferenceProcessor::execute queues: 1, RefProcThreadModel::Single, marks_oops_alive: false
[1333.514s][debug][gc,ref         ] GC(215) Skipped phase 3 of Reference Processing: no references
[1333.514s][debug][gc,ref         ] GC(215) Skipped phase 4 of Reference Processing: no references
[1333.514s][debug][gc,phases      ] GC(215) Reference Processing 0.100ms
[1333.514s][debug][gc,phases      ] GC(215)   VM Weak                        Min:  0.0, Avg:  0.0, Max:  0.0, Diff:  0.0, Sum:  0.0, Workers: 4
[1333.514s][debug][gc,phases      ] GC(215)     Dead                           Min: 0, Avg:  0.0, Max: 0, Diff: 0, Sum: 0, Workers: 4
[1333.514s][debug][gc,phases      ] GC(215)     Total                          Min: 0, Avg: 167.0, Max: 412, Diff: 412, Sum: 668, Workers: 4
[1333.514s][debug][gc,phases      ] GC(215)   ObjectSynchronizer Weak        Min:  0.0, Avg:  0.0, Max:  0.0, Diff:  0.0, Sum:  0.0, Workers: 4
[1333.514s][debug][gc,phases      ] GC(215)     Dead                           Min: 0, Avg:  0.0, Max: 0, Diff: 0, Sum: 0, Workers: 4
[1333.514s][debug][gc,phases      ] GC(215)     Total                          Min: 0, Avg: 87.0, Max: 156, Diff: 156, Sum: 348, Workers: 4
[1333.514s][debug][gc,phases      ] GC(215)   JVMTI Tag Weak OopStorage      Min:  0.0, Avg:  0.0, Max:  0.0, Diff:  0.0, Sum:  0.0, Workers: 4
[1333.515s][debug][gc,phases      ] GC(215)     Dead                           Min: 0, Avg:  0.0, Max: 0, Diff: 0, Sum: 0, Workers: 4
[1333.515s][debug][gc,phases      ] GC(215)     Total                          Min: 0, Avg:  0.0, Max: 0, Diff: 0, Sum: 0, Workers: 4
[1333.515s][debug][gc,phases      ] GC(215)   StringTable Weak               Min:  0.1, Avg:  0.1, Max:  0.1, Diff:  0.0, Sum:  0.4, Workers: 4
[1333.515s][debug][gc,phases      ] GC(215)     Dead                           Min: 0, Avg:  0.0, Max: 0, Diff: 0, Sum: 0, Workers: 4
[1333.515s][debug][gc,phases      ] GC(215)     Total                          Min: 9664, Avg: 12026.8, Max: 15467, Diff: 5803, Sum: 48107, Workers: 4
[1333.515s][debug][gc,phases      ] GC(215)   ResolvedMethodTable Weak       Min:  0.0, Avg:  0.0, Max:  0.0, Diff:  0.0, Sum:  0.1, Workers: 4
[1333.515s][debug][gc,phases      ] GC(215)     Dead                           Min: 0, Avg:  0.0, Max: 0, Diff: 0, Sum: 0, Workers: 4
[1333.515s][debug][gc,phases      ] GC(215)     Total                          Min: 1572, Avg: 1986.2, Max: 2448, Diff: 876, Sum: 7945, Workers: 4
[1333.515s][debug][gc,phases      ] GC(215)   JNI Weak                       Min:  0.0, Avg:  0.0, Max:  0.0, Diff:  0.0, Sum:  0.0, Workers: 4
[1333.515s][debug][gc,phases      ] GC(215)     Dead                           Min: 0, Avg:  0.0, Max: 0, Diff: 0, Sum: 0, Workers: 4
[1333.515s][debug][gc,phases      ] GC(215)     Total                          Min: 0, Avg:  0.2, Max: 1, Diff: 1, Sum: 1, Workers: 4
[1333.515s][debug][gc,phases      ] GC(215)   StringDedup Table Weak         Min:  0.0, Avg:  0.0, Max:  0.0, Diff:  0.0, Sum:  0.0, Workers: 4
[1333.515s][debug][gc,phases      ] GC(215)     Dead                           Min: 0, Avg:  0.0, Max: 0, Diff: 0, Sum: 0, Workers: 4
[1333.515s][debug][gc,phases      ] GC(215)     Total                          Min: 0, Avg:  0.0, Max: 0, Diff: 0, Sum: 0, Workers: 4
[1333.515s][debug][gc,phases      ] GC(215)   StringDedup Requests0 Weak     Min:  0.0, Avg:  0.0, Max:  0.0, Diff:  0.0, Sum:  0.0, Workers: 4
[1333.515s][debug][gc,phases      ] GC(215)     Dead                           Min: 0, Avg:  0.0, Max: 0, Diff: 0, Sum: 0, Workers: 4
[1333.515s][debug][gc,phases      ] GC(215)     Total                          Min: 0, Avg:  0.0, Max: 0, Diff: 0, Sum: 0, Workers: 4
[1333.515s][debug][gc,phases      ] GC(215)   StringDedup Requests1 Weak     Min:  0.0, Avg:  0.0, Max:  0.0, Diff:  0.0, Sum:  0.0, Workers: 4
[1333.515s][debug][gc,phases      ] GC(215)     Dead                           Min: 0, Avg:  0.0, Max: 0, Diff: 0, Sum: 0, Workers: 4
[1333.515s][debug][gc,phases      ] GC(215)     Total                          Min: 0, Avg:  0.0, Max: 0, Diff: 0, Sum: 0, Workers: 4
[1333.515s][debug][gc,phases      ] GC(215)   Weak JFR Old Object Samples    Min:  0.0, Avg:  0.0, Max:  0.0, Diff:  0.0, Sum:  0.0, Workers: 4
[1333.515s][debug][gc,phases      ] GC(215)     Dead                           Min: 0, Avg:  0.0, Max: 0, Diff: 0, Sum: 0, Workers: 4
[1333.515s][debug][gc,phases      ] GC(215)     Total                          Min: 0, Avg:  0.0, Max: 0, Diff: 0, Sum: 0, Workers: 4
[1333.515s][debug][gc,phases      ] GC(215) Weak Processing 0.290ms
[1333.515s][debug][gc,age         ] GC(215) Desired survivor size 3670016 bytes, new threshold 15 (max threshold 15)
[1333.515s][info ][gc,heap        ] GC(215) PSYoungGen: 2092627K(2093568K)->2592K(2093568K) Eden: 2089984K(2089984K)->0K(2089984K) From: 2643K(3584K)->2592K(3584K)
[1333.515s][info ][gc,heap        ] GC(215) ParOldGen: 559652K(614400K)->559692K(614400K)
[1333.515s][info ][gc,metaspace   ] GC(215) Metaspace: 82070K(82944K)->82070K(82944K) NonClass: 70586K(71040K)->70586K(71040K) Class: 11483K(11904K)->11483K(11904K)
[1333.515s][info ][gc             ] GC(215) Pause Young (Allocation Failure) 2590M->549M(2644M) 2.689ms
[1333.515s][info ][gc,cpu         ] GC(215) User=0.00s Sys=0.00s Real=0.00s
[1333.515s][info ][safepoint      ] Safepoint "ParallelGCFailedAllocation", Time since last: 11798285019 ns, Reaching safepoint: 33901 ns, At safepoint: 2766528 ns, Total: 2800429 ns
[1334.515s][info ][safepoint      ] Safepoint "Cleanup", Time since last: 1000089343 ns, Reaching safepoint: 62800 ns, At safepoint: 10800 ns, Total: 73600 ns
[1335.515s][info ][safepoint      ] Safepoint "Cleanup", Time since last: 1000116941 ns, Reaching safepoint: 44000 ns, At safepoint: 7400 ns, Total: 51400 ns
[1337.515s][info ][safepoint      ] Safepoint "Cleanup", Time since last: 2000171573 ns, Reaching safepoint: 47301 ns, At safepoint: 4300 ns, Total: 51601 ns
[1338.515s][info ][safepoint      ] Safepoint "Cleanup", Time since last: 1000078432 ns, Reaching safepoint: 56201 ns, At safepoint: 8400 ns, Total: 64601 ns
[1339.516s][info ][safepoint      ] Safepoint "Cleanup", Time since last: 1000106031 ns, Reaching safepoint: 53400 ns, At safepoint: 9500 ns, Total: 62900 ns
[1346.404s][info ][gc,start       ] GC(216) Pause Young (Allocation Failure)
[1346.407s][debug][gc,phases      ] GC(216) Scavenge 2.850ms
[1346.407s][debug][gc,ref         ] GC(216) Skipped phase 1 of Reference Processing: no references
[1346.407s][debug][gc,ref         ] GC(216) ReferenceProcessor::execute queues: 1, RefProcThreadModel::Single, marks_oops_alive: false
[1346.407s][debug][gc,ref         ] GC(216) Skipped phase 3 of Reference Processing: no references
[1346.407s][debug][gc,ref         ] GC(216) ReferenceProcessor::execute queues: 1, RefProcThreadModel::Single, marks_oops_alive: false
[1346.407s][debug][gc,phases      ] GC(216) Reference Processing 0.104ms
[1346.407s][debug][gc,phases      ] GC(216)   VM Weak                        Min:  0.0, Avg:  0.0, Max:  0.0, Diff:  0.0, Sum:  0.0, Workers: 4
[1346.407s][debug][gc,phases      ] GC(216)     Dead                           Min: 0, Avg:  0.0, Max: 0, Diff: 0, Sum: 0, Workers: 4
[1346.407s][debug][gc,phases      ] GC(216)     Total                          Min: 0, Avg: 167.0, Max: 668, Diff: 668, Sum: 668, Workers: 4
[1346.407s][debug][gc,phases      ] GC(216)   ObjectSynchronizer Weak        Min:  0.0, Avg:  0.0, Max:  0.0, Diff:  0.0, Sum:  0.0, Workers: 4
[1346.407s][debug][gc,phases      ] GC(216)     Dead                           Min: 0, Avg:  0.0, Max: 0, Diff: 0, Sum: 0, Workers: 4
[1346.407s][debug][gc,phases      ] GC(216)     Total                          Min: 0, Avg: 87.0, Max: 348, Diff: 348, Sum: 348, Workers: 4
[1346.407s][debug][gc,phases      ] GC(216)   JVMTI Tag Weak OopStorage      Min:  0.0, Avg:  0.0, Max:  0.0, Diff:  0.0, Sum:  0.0, Workers: 4
[1346.407s][debug][gc,phases      ] GC(216)     Dead                           Min: 0, Avg:  0.0, Max: 0, Diff: 0, Sum: 0, Workers: 4
[1346.407s][debug][gc,phases      ] GC(216)     Total                          Min: 0, Avg:  0.0, Max: 0, Diff: 0, Sum: 0, Workers: 4
[1346.407s][debug][gc,phases      ] GC(216)   StringTable Weak               Min:  0.1, Avg:  0.1, Max:  0.1, Diff:  0.0, Sum:  0.4, Workers: 4
[1346.407s][debug][gc,phases      ] GC(216)     Dead                           Min: 0, Avg:  0.0, Max: 0, Diff: 0, Sum: 0, Workers: 4
[1346.407s][debug][gc,phases      ] GC(216)     Total                          Min: 9664, Avg: 12027.0, Max: 14208, Diff: 4544, Sum: 48108, Workers: 4
[1346.407s][debug][gc,phases      ] GC(216)   ResolvedMethodTable Weak       Min:  0.0, Avg:  0.0, Max:  0.0, Diff:  0.0, Sum:  0.1, Workers: 4
[1346.407s][debug][gc,phases      ] GC(216)     Dead                           Min: 0, Avg:  0.0, Max: 0, Diff: 0, Sum: 0, Workers: 4
[1346.407s][debug][gc,phases      ] GC(216)     Total                          Min: 1571, Avg: 1986.2, Max: 2334, Diff: 763, Sum: 7945, Workers: 4
[1346.407s][debug][gc,phases      ] GC(216)   JNI Weak                       Min:  0.0, Avg:  0.0, Max:  0.0, Diff:  0.0, Sum:  0.0, Workers: 4
[1346.407s][debug][gc,phases      ] GC(216)     Dead                           Min: 0, Avg:  0.0, Max: 0, Diff: 0, Sum: 0, Workers: 4
[1346.407s][debug][gc,phases      ] GC(216)     Total                          Min: 0, Avg:  0.0, Max: 0, Diff: 0, Sum: 0, Workers: 4
[1346.407s][debug][gc,phases      ] GC(216)   StringDedup Table Weak         Min:  0.0, Avg:  0.0, Max:  0.0, Diff:  0.0, Sum:  0.0, Workers: 4
[1346.407s][debug][gc,phases      ] GC(216)     Dead                           Min: 0, Avg:  0.0, Max: 0, Diff: 0, Sum: 0, Workers: 4
[1346.407s][debug][gc,phases      ] GC(216)     Total                          Min: 0, Avg:  0.0, Max: 0, Diff: 0, Sum: 0, Workers: 4
[1346.407s][debug][gc,phases      ] GC(216)   StringDedup Requests0 Weak     Min:  0.0, Avg:  0.0, Max:  0.0, Diff:  0.0, Sum:  0.0, Workers: 4
[1346.407s][debug][gc,phases      ] GC(216)     Dead                           Min: 0, Avg:  0.0, Max: 0, Diff: 0, Sum: 0, Workers: 4
[1346.407s][debug][gc,phases      ] GC(216)     Total                          Min: 0, Avg:  0.0, Max: 0, Diff: 0, Sum: 0, Workers: 4
[1346.407s][debug][gc,phases      ] GC(216)   StringDedup Requests1 Weak     Min:  0.0, Avg:  0.0, Max:  0.0, Diff:  0.0, Sum:  0.0, Workers: 4
[1346.407s][debug][gc,phases      ] GC(216)     Dead                           Min: 0, Avg:  0.0, Max: 0, Diff: 0, Sum: 0, Workers: 4
[1346.407s][debug][gc,phases      ] GC(216)     Total                          Min: 0, Avg:  0.0, Max: 0, Diff: 0, Sum: 0, Workers: 4
[1346.407s][debug][gc,phases      ] GC(216)   Weak JFR Old Object Samples    Min:  0.0, Avg:  0.0, Max:  0.0, Diff:  0.0, Sum:  0.0, Workers: 4
[1346.407s][debug][gc,phases      ] GC(216)     Dead                           Min: 0, Avg:  0.0, Max: 0, Diff: 0, Sum: 0, Workers: 4
[1346.407s][debug][gc,phases      ] GC(216)     Total                          Min: 0, Avg:  0.0, Max: 0, Diff: 0, Sum: 0, Workers: 4
[1346.407s][debug][gc,phases      ] GC(216) Weak Processing 0.272ms
[1346.407s][debug][gc,age         ] GC(216) Desired survivor size 3670016 bytes, new threshold 15 (max threshold 15)
[1346.407s][info ][gc,heap        ] GC(216) PSYoungGen: 2092576K(2093568K)->2496K(2093568K) Eden: 2089984K(2089984K)->0K(2089984K) From: 2592K(3584K)->2496K(3584K)
[1346.407s][info ][gc,heap        ] GC(216) ParOldGen: 559692K(614400K)->559700K(614400K)
[1346.407s][info ][gc,metaspace   ] GC(216) Metaspace: 82077K(82944K)->82077K(82944K) NonClass: 70593K(71040K)->70593K(71040K) Class: 11483K(11904K)->11483K(11904K)
[1346.407s][info ][gc             ] GC(216) Pause Young (Allocation Failure) 2590M->549M(2644M) 3.335ms
[1346.407s][info ][gc,cpu         ] GC(216) User=0.01s Sys=0.00s Real=0.00s
[1346.407s][info ][safepoint      ] Safepoint "ParallelGCFailedAllocation", Time since last: 6888301699 ns, Reaching safepoint: 52600 ns, At safepoint: 3409035 ns, Total: 3461635 ns
[1347.408s][info ][safepoint      ] Safepoint "Cleanup", Time since last: 1000102411 ns, Reaching safepoint: 106902 ns, At safepoint: 7700 ns, Total: 114602 ns
[1353.408s][info ][safepoint      ] Safepoint "Cleanup", Time since last: 6000426318 ns, Reaching safepoint: 111401 ns, At safepoint: 9800 ns, Total: 121201 ns
[1359.305s][info ][gc,start       ] GC(217) Pause Young (Allocation Failure)
[1359.308s][debug][gc,phases      ] GC(217) Scavenge 2.479ms
[1359.308s][debug][gc,ref         ] GC(217) Skipped phase 1 of Reference Processing: no references
[1359.308s][debug][gc,ref         ] GC(217) ReferenceProcessor::execute queues: 1, RefProcThreadModel::Single, marks_oops_alive: false
[1359.308s][debug][gc,ref         ] GC(217) Skipped phase 3 of Reference Processing: no references
[1359.308s][debug][gc,ref         ] GC(217) ReferenceProcessor::execute queues: 1, RefProcThreadModel::Single, marks_oops_alive: false
[1359.308s][debug][gc,phases      ] GC(217) Reference Processing 0.106ms
[1359.308s][debug][gc,phases      ] GC(217)   VM Weak                        Min:  0.0, Avg:  0.0, Max:  0.0, Diff:  0.0, Sum:  0.0, Workers: 4
[1359.308s][debug][gc,phases      ] GC(217)     Dead                           Min: 0, Avg:  0.0, Max: 0, Diff: 0, Sum: 0, Workers: 4
[1359.308s][debug][gc,phases      ] GC(217)     Total                          Min: 0, Avg: 167.0, Max: 668, Diff: 668, Sum: 668, Workers: 4
[1359.308s][debug][gc,phases      ] GC(217)   ObjectSynchronizer Weak        Min:  0.0, Avg:  0.0, Max:  0.0, Diff:  0.0, Sum:  0.0, Workers: 4
[1359.308s][debug][gc,phases      ] GC(217)     Dead                           Min: 0, Avg:  0.0, Max: 0, Diff: 0, Sum: 0, Workers: 4
[1359.308s][debug][gc,phases      ] GC(217)     Total                          Min: 0, Avg: 87.0, Max: 348, Diff: 348, Sum: 348, Workers: 4
[1359.308s][debug][gc,phases      ] GC(217)   JVMTI Tag Weak OopStorage      Min:  0.0, Avg:  0.0, Max:  0.0, Diff:  0.0, Sum:  0.0, Workers: 4
[1359.308s][debug][gc,phases      ] GC(217)     Dead                           Min: 0, Avg:  0.0, Max: 0, Diff: 0, Sum: 0, Workers: 4
[1359.308s][debug][gc,phases      ] GC(217)     Total                          Min: 0, Avg:  0.0, Max: 0, Diff: 0, Sum: 0, Workers: 4
[1359.308s][debug][gc,phases      ] GC(217)   StringTable Weak               Min:  0.1, Avg:  0.1, Max:  0.1, Diff:  0.0, Sum:  0.4, Workers: 4
[1359.308s][debug][gc,phases      ] GC(217)     Dead                           Min: 0, Avg:  0.0, Max: 0, Diff: 0, Sum: 0, Workers: 4
[1359.308s][debug][gc,phases      ] GC(217)     Total                          Min: 9536, Avg: 12027.0, Max: 14528, Diff: 4992, Sum: 48108, Workers: 4
[1359.308s][debug][gc,phases      ] GC(217)   ResolvedMethodTable Weak       Min:  0.0, Avg:  0.0, Max:  0.0, Diff:  0.0, Sum:  0.1, Workers: 4
[1359.308s][debug][gc,phases      ] GC(217)     Dead                           Min: 0, Avg:  0.0, Max: 0, Diff: 0, Sum: 0, Workers: 4
[1359.308s][debug][gc,phases      ] GC(217)     Total                          Min: 1567, Avg: 1986.2, Max: 2348, Diff: 781, Sum: 7945, Workers: 4
[1359.308s][debug][gc,phases      ] GC(217)   JNI Weak                       Min:  0.0, Avg:  0.0, Max:  0.0, Diff:  0.0, Sum:  0.0, Workers: 4
[1359.308s][debug][gc,phases      ] GC(217)     Dead                           Min: 0, Avg:  0.0, Max: 0, Diff: 0, Sum: 0, Workers: 4
[1359.308s][debug][gc,phases      ] GC(217)     Total                          Min: 0, Avg:  0.0, Max: 0, Diff: 0, Sum: 0, Workers: 4
[1359.308s][debug][gc,phases      ] GC(217)   StringDedup Table Weak         Min:  0.0, Avg:  0.0, Max:  0.0, Diff:  0.0, Sum:  0.0, Workers: 4
[1359.308s][debug][gc,phases      ] GC(217)     Dead                           Min: 0, Avg:  0.0, Max: 0, Diff: 0, Sum: 0, Workers: 4
[1359.308s][debug][gc,phases      ] GC(217)     Total                          Min: 0, Avg:  0.0, Max: 0, Diff: 0, Sum: 0, Workers: 4
[1359.308s][debug][gc,phases      ] GC(217)   StringDedup Requests0 Weak     Min:  0.0, Avg:  0.0, Max:  0.0, Diff:  0.0, Sum:  0.0, Workers: 4
[1359.308s][debug][gc,phases      ] GC(217)     Dead                           Min: 0, Avg:  0.0, Max: 0, Diff: 0, Sum: 0, Workers: 4
[1359.308s][debug][gc,phases      ] GC(217)     Total                          Min: 0, Avg:  0.0, Max: 0, Diff: 0, Sum: 0, Workers: 4
[1359.308s][debug][gc,phases      ] GC(217)   StringDedup Requests1 Weak     Min:  0.0, Avg:  0.0, Max:  0.0, Diff:  0.0, Sum:  0.0, Workers: 4
[1359.308s][debug][gc,phases      ] GC(217)     Dead                           Min: 0, Avg:  0.0, Max: 0, Diff: 0, Sum: 0, Workers: 4
[1359.308s][debug][gc,phases      ] GC(217)     Total                          Min: 0, Avg:  0.0, Max: 0, Diff: 0, Sum: 0, Workers: 4
[1359.308s][debug][gc,phases      ] GC(217)   Weak JFR Old Object Samples    Min:  0.0, Avg:  0.0, Max:  0.0, Diff:  0.0, Sum:  0.0, Workers: 4
[1359.308s][debug][gc,phases      ] GC(217)     Dead                           Min: 0, Avg:  0.0, Max: 0, Diff: 0, Sum: 0, Workers: 4
[1359.308s][debug][gc,phases      ] GC(217)     Total                          Min: 0, Avg:  0.0, Max: 0, Diff: 0, Sum: 0, Workers: 4
[1359.308s][debug][gc,phases      ] GC(217) Weak Processing 0.287ms
[1359.308s][debug][gc,age         ] GC(217) Desired survivor size 3670016 bytes, new threshold 15 (max threshold 15)
[1359.308s][info ][gc,heap        ] GC(217) PSYoungGen: 2092480K(2093568K)->2512K(2093568K) Eden: 2089984K(2089984K)->0K(2089984K) From: 2496K(3584K)->2512K(3584K)
[1359.308s][info ][gc,heap        ] GC(217) ParOldGen: 559700K(614400K)->559716K(614400K)
[1359.308s][info ][gc,metaspace   ] GC(217) Metaspace: 82077K(82944K)->82077K(82944K) NonClass: 70593K(71040K)->70593K(71040K) Class: 11483K(11904K)->11483K(11904K)
[1359.308s][info ][gc             ] GC(217) Pause Young (Allocation Failure) 2590M->549M(2644M) 2.975ms
[1359.308s][info ][gc,cpu         ] GC(217) User=0.01s Sys=0.00s Real=0.01s
[1359.308s][info ][safepoint      ] Safepoint "ParallelGCFailedAllocation", Time since last: 5897310083 ns, Reaching safepoint: 38501 ns, At safepoint: 3037731 ns, Total: 3076232 ns
[1361.309s][info ][safepoint      ] Safepoint "Cleanup", Time since last: 2000151759 ns, Reaching safepoint: 114102 ns, At safepoint: 9500 ns, Total: 123602 ns
[1362.309s][info ][safepoint      ] Safepoint "Cleanup", Time since last: 1000113276 ns, Reaching safepoint: 110801 ns, At safepoint: 5701 ns, Total: 116502 ns
[1366.309s][info ][safepoint      ] Safepoint "Cleanup", Time since last: 4000314082 ns, Reaching safepoint: 120101 ns, At safepoint: 8600 ns, Total: 128701 ns
[1367.310s][info ][safepoint      ] Safepoint "Cleanup", Time since last: 1000102766 ns, Reaching safepoint: 43700 ns, At safepoint: 3500 ns, Total: 47200 ns
[1372.503s][info ][gc,start       ] GC(218) Pause Young (Allocation Failure)
[1372.506s][debug][gc,phases      ] GC(218) Scavenge 2.750ms
[1372.506s][debug][gc,ref         ] GC(218) Skipped phase 1 of Reference Processing: no references
[1372.506s][debug][gc,ref         ] GC(218) ReferenceProcessor::execute queues: 1, RefProcThreadModel::Single, marks_oops_alive: false
[1372.506s][debug][gc,ref         ] GC(218) Skipped phase 3 of Reference Processing: no references
[1372.506s][debug][gc,ref         ] GC(218) ReferenceProcessor::execute queues: 1, RefProcThreadModel::Single, marks_oops_alive: false
[1372.506s][debug][gc,phases      ] GC(218) Reference Processing 0.112ms
[1372.506s][debug][gc,phases      ] GC(218)   VM Weak                        Min:  0.0, Avg:  0.0, Max:  0.0, Diff:  0.0, Sum:  0.0, Workers: 4
[1372.506s][debug][gc,phases      ] GC(218)     Dead                           Min: 0, Avg:  0.0, Max: 0, Diff: 0, Sum: 0, Workers: 4
[1372.506s][debug][gc,phases      ] GC(218)     Total                          Min: 0, Avg: 167.0, Max: 576, Diff: 576, Sum: 668, Workers: 4
[1372.506s][debug][gc,phases      ] GC(218)   ObjectSynchronizer Weak        Min:  0.0, Avg:  0.0, Max:  0.0, Diff:  0.0, Sum:  0.0, Workers: 4
[1372.506s][debug][gc,phases      ] GC(218)     Dead                           Min: 0, Avg:  0.0, Max: 0, Diff: 0, Sum: 0, Workers: 4
[1372.506s][debug][gc,phases      ] GC(218)     Total                          Min: 0, Avg: 87.0, Max: 156, Diff: 156, Sum: 348, Workers: 4
[1372.506s][debug][gc,phases      ] GC(218)   JVMTI Tag Weak OopStorage      Min:  0.0, Avg:  0.0, Max:  0.0, Diff:  0.0, Sum:  0.0, Workers: 4
[1372.506s][debug][gc,phases      ] GC(218)     Dead                           Min: 0, Avg:  0.0, Max: 0, Diff: 0, Sum: 0, Workers: 4
[1372.506s][debug][gc,phases      ] GC(218)     Total                          Min: 0, Avg:  0.0, Max: 0, Diff: 0, Sum: 0, Workers: 4
[1372.506s][debug][gc,phases      ] GC(218)   StringTable Weak               Min:  0.1, Avg:  0.1, Max:  0.1, Diff:  0.0, Sum:  0.4, Workers: 4
[1372.506s][debug][gc,phases      ] GC(218)     Dead                           Min: 0, Avg:  0.0, Max: 0, Diff: 0, Sum: 0, Workers: 4
[1372.506s][debug][gc,phases      ] GC(218)     Total                          Min: 9536, Avg: 12027.0, Max: 14636, Diff: 5100, Sum: 48108, Workers: 4
[1372.506s][debug][gc,phases      ] GC(218)   ResolvedMethodTable Weak       Min:  0.0, Avg:  0.0, Max:  0.0, Diff:  0.0, Sum:  0.1, Workers: 4
[1372.506s][debug][gc,phases      ] GC(218)     Dead                           Min: 0, Avg:  0.0, Max: 0, Diff: 0, Sum: 0, Workers: 4
[1372.506s][debug][gc,phases      ] GC(218)     Total                          Min: 1576, Avg: 1986.2, Max: 2363, Diff: 787, Sum: 7945, Workers: 4
[1372.506s][debug][gc,phases      ] GC(218)   JNI Weak                       Min:  0.0, Avg:  0.0, Max:  0.0, Diff:  0.0, Sum:  0.0, Workers: 4
[1372.506s][debug][gc,phases      ] GC(218)     Dead                           Min: 0, Avg:  0.0, Max: 0, Diff: 0, Sum: 0, Workers: 4
[1372.506s][debug][gc,phases      ] GC(218)     Total                          Min: 0, Avg:  0.0, Max: 0, Diff: 0, Sum: 0, Workers: 4
[1372.506s][debug][gc,phases      ] GC(218)   StringDedup Table Weak         Min:  0.0, Avg:  0.0, Max:  0.0, Diff:  0.0, Sum:  0.0, Workers: 4
[1372.506s][debug][gc,phases      ] GC(218)     Dead                           Min: 0, Avg:  0.0, Max: 0, Diff: 0, Sum: 0, Workers: 4
[1372.506s][debug][gc,phases      ] GC(218)     Total                          Min: 0, Avg:  0.0, Max: 0, Diff: 0, Sum: 0, Workers: 4
[1372.506s][debug][gc,phases      ] GC(218)   StringDedup Requests0 Weak     Min:  0.0, Avg:  0.0, Max:  0.0, Diff:  0.0, Sum:  0.0, Workers: 4
[1372.506s][debug][gc,phases      ] GC(218)     Dead                           Min: 0, Avg:  0.0, Max: 0, Diff: 0, Sum: 0, Workers: 4
[1372.506s][debug][gc,phases      ] GC(218)     Total                          Min: 0, Avg:  0.0, Max: 0, Diff: 0, Sum: 0, Workers: 4
[1372.506s][debug][gc,phases      ] GC(218)   StringDedup Requests1 Weak     Min:  0.0, Avg:  0.0, Max:  0.0, Diff:  0.0, Sum:  0.0, Workers: 4
[1372.506s][debug][gc,phases      ] GC(218)     Dead                           Min: 0, Avg:  0.0, Max: 0, Diff: 0, Sum: 0, Workers: 4
[1372.506s][debug][gc,phases      ] GC(218)     Total                          Min: 0, Avg:  0.0, Max: 0, Diff: 0, Sum: 0, Workers: 4
[1372.506s][debug][gc,phases      ] GC(218)   Weak JFR Old Object Samples    Min:  0.0, Avg:  0.0, Max:  0.0, Diff:  0.0, Sum:  0.0, Workers: 4
[1372.506s][debug][gc,phases      ] GC(218)     Dead                           Min: 0, Avg:  0.0, Max: 0, Diff: 0, Sum: 0, Workers: 4
[1372.506s][debug][gc,phases      ] GC(218)     Total                          Min: 0, Avg:  0.0, Max: 0, Diff: 0, Sum: 0, Workers: 4
[1372.506s][debug][gc,phases      ] GC(218) Weak Processing 0.278ms
[1372.506s][debug][gc,age         ] GC(218) Desired survivor size 3670016 bytes, new threshold 15 (max threshold 15)
[1372.506s][info ][gc,heap        ] GC(218) PSYoungGen: 2092496K(2093568K)->2672K(2093568K) Eden: 2089984K(2089984K)->0K(2089984K) From: 2512K(3584K)->2672K(3584K)
[1372.506s][info ][gc,heap        ] GC(218) ParOldGen: 559716K(614400K)->559740K(614400K)
[1372.506s][info ][gc,metaspace   ] GC(218) Metaspace: 82086K(82944K)->82086K(82944K) NonClass: 70598K(71040K)->70598K(71040K) Class: 11487K(11904K)->11487K(11904K)
[1372.506s][info ][gc             ] GC(218) Pause Young (Allocation Failure) 2590M->549M(2644M) 3.247ms
[1372.506s][info ][gc,cpu         ] GC(218) User=0.01s Sys=0.00s Real=0.00s
[1372.506s][info ][safepoint      ] Safepoint "ParallelGCFailedAllocation", Time since last: 5193154547 ns, Reaching safepoint: 98401 ns, At safepoint: 3316534 ns, Total: 3414935 ns
[1384.507s][info ][safepoint      ] Safepoint "Cleanup", Time since last: 12000716360 ns, Reaching safepoint: 37700 ns, At safepoint: 8400 ns, Total: 46100 ns
[1385.406s][info ][gc,start       ] GC(219) Pause Young (Allocation Failure)
[1385.409s][debug][gc,phases      ] GC(219) Scavenge 2.852ms
[1385.409s][debug][gc,ref         ] GC(219) Skipped phase 1 of Reference Processing: no references
[1385.409s][debug][gc,ref         ] GC(219) ReferenceProcessor::execute queues: 1, RefProcThreadModel::Single, marks_oops_alive: false
[1385.409s][debug][gc,ref         ] GC(219) Skipped phase 3 of Reference Processing: no references
[1385.409s][debug][gc,ref         ] GC(219) ReferenceProcessor::execute queues: 1, RefProcThreadModel::Single, marks_oops_alive: false
[1385.409s][debug][gc,phases      ] GC(219) Reference Processing 0.121ms
[1385.409s][debug][gc,phases      ] GC(219)   VM Weak                        Min:  0.0, Avg:  0.0, Max:  0.0, Diff:  0.0, Sum:  0.0, Workers: 4
[1385.409s][debug][gc,phases      ] GC(219)     Dead                           Min: 0, Avg:  0.0, Max: 0, Diff: 0, Sum: 0, Workers: 4
[1385.409s][debug][gc,phases      ] GC(219)     Total                          Min: 0, Avg: 167.0, Max: 540, Diff: 540, Sum: 668, Workers: 4
[1385.409s][debug][gc,phases      ] GC(219)   ObjectSynchronizer Weak        Min:  0.0, Avg:  0.0, Max:  0.0, Diff:  0.0, Sum:  0.0, Workers: 4
[1385.409s][debug][gc,phases      ] GC(219)     Dead                           Min: 0, Avg:  0.0, Max: 0, Diff: 0, Sum: 0, Workers: 4
[1385.409s][debug][gc,phases      ] GC(219)     Total                          Min: 0, Avg: 87.0, Max: 220, Diff: 220, Sum: 348, Workers: 4
[1385.409s][debug][gc,phases      ] GC(219)   JVMTI Tag Weak OopStorage      Min:  0.0, Avg:  0.0, Max:  0.0, Diff:  0.0, Sum:  0.0, Workers: 4
[1385.409s][debug][gc,phases      ] GC(219)     Dead                           Min: 0, Avg:  0.0, Max: 0, Diff: 0, Sum: 0, Workers: 4
[1385.409s][debug][gc,phases      ] GC(219)     Total                          Min: 0, Avg:  0.0, Max: 0, Diff: 0, Sum: 0, Workers: 4
[1385.409s][debug][gc,phases      ] GC(219)   StringTable Weak               Min:  0.1, Avg:  0.1, Max:  0.1, Diff:  0.0, Sum:  0.3, Workers: 4
[1385.409s][debug][gc,phases      ] GC(219)     Dead                           Min: 0, Avg:  0.0, Max: 0, Diff: 0, Sum: 0, Workers: 4
[1385.409s][debug][gc,phases      ] GC(219)     Total                          Min: 10240, Avg: 12027.2, Max: 14272, Diff: 4032, Sum: 48109, Workers: 4
[1385.409s][debug][gc,phases      ] GC(219)   ResolvedMethodTable Weak       Min:  0.0, Avg:  0.0, Max:  0.0, Diff:  0.0, Sum:  0.1, Workers: 4
[1385.409s][debug][gc,phases      ] GC(219)     Dead                           Min: 0, Avg:  0.0, Max: 0, Diff: 0, Sum: 0, Workers: 4
[1385.409s][debug][gc,phases      ] GC(219)     Total                          Min: 1452, Avg: 1986.2, Max: 2256, Diff: 804, Sum: 7945, Workers: 4
[1385.409s][debug][gc,phases      ] GC(219)   JNI Weak                       Min:  0.0, Avg:  0.0, Max:  0.0, Diff:  0.0, Sum:  0.0, Workers: 4
[1385.409s][debug][gc,phases      ] GC(219)     Dead                           Min: 0, Avg:  0.0, Max: 0, Diff: 0, Sum: 0, Workers: 4
[1385.409s][debug][gc,phases      ] GC(219)     Total                          Min: 0, Avg:  0.0, Max: 0, Diff: 0, Sum: 0, Workers: 4
[1385.409s][debug][gc,phases      ] GC(219)   StringDedup Table Weak         Min:  0.0, Avg:  0.0, Max:  0.0, Diff:  0.0, Sum:  0.0, Workers: 4
[1385.409s][debug][gc,phases      ] GC(219)     Dead                           Min: 0, Avg:  0.0, Max: 0, Diff: 0, Sum: 0, Workers: 4
[1385.409s][debug][gc,phases      ] GC(219)     Total                          Min: 0, Avg:  0.0, Max: 0, Diff: 0, Sum: 0, Workers: 4
[1385.409s][debug][gc,phases      ] GC(219)   StringDedup Requests0 Weak     Min:  0.0, Avg:  0.0, Max:  0.0, Diff:  0.0, Sum:  0.0, Workers: 4
[1385.409s][debug][gc,phases      ] GC(219)     Dead                           Min: 0, Avg:  0.0, Max: 0, Diff: 0, Sum: 0, Workers: 4
[1385.409s][debug][gc,phases      ] GC(219)     Total                          Min: 0, Avg:  0.0, Max: 0, Diff: 0, Sum: 0, Workers: 4
[1385.409s][debug][gc,phases      ] GC(219)   StringDedup Requests1 Weak     Min:  0.0, Avg:  0.0, Max:  0.0, Diff:  0.0, Sum:  0.0, Workers: 4
[1385.409s][debug][gc,phases      ] GC(219)     Dead                           Min: 0, Avg:  0.0, Max: 0, Diff: 0, Sum: 0, Workers: 4
[1385.409s][debug][gc,phases      ] GC(219)     Total                          Min: 0, Avg:  0.0, Max: 0, Diff: 0, Sum: 0, Workers: 4
[1385.409s][debug][gc,phases      ] GC(219)   Weak JFR Old Object Samples    Min:  0.0, Avg:  0.0, Max:  0.0, Diff:  0.0, Sum:  0.0, Workers: 4
[1385.409s][debug][gc,phases      ] GC(219)     Dead                           Min: 0, Avg:  0.0, Max: 0, Diff: 0, Sum: 0, Workers: 4
[1385.409s][debug][gc,phases      ] GC(219)     Total                          Min: 0, Avg:  0.0, Max: 0, Diff: 0, Sum: 0, Workers: 4
[1385.409s][debug][gc,phases      ] GC(219) Weak Processing 0.293ms
[1385.409s][debug][gc,age         ] GC(219) Desired survivor size 3670016 bytes, new threshold 15 (max threshold 15)
[1385.409s][info ][gc,heap        ] GC(219) PSYoungGen: 2092656K(2093568K)->2608K(2093568K) Eden: 2089984K(2089984K)->0K(2089984K) From: 2672K(3584K)->2608K(3584K)
[1385.409s][info ][gc,heap        ] GC(219) ParOldGen: 559740K(614400K)->559788K(614400K)
[1385.409s][info ][gc,metaspace   ] GC(219) Metaspace: 82087K(82944K)->82087K(82944K) NonClass: 70600K(71040K)->70600K(71040K) Class: 11487K(11904K)->11487K(11904K)
[1385.409s][info ][gc             ] GC(219) Pause Young (Allocation Failure) 2590M->549M(2644M) 3.381ms
[1385.409s][info ][gc,cpu         ] GC(219) User=0.02s Sys=0.00s Real=0.01s
[1385.409s][info ][safepoint      ] Safepoint "ParallelGCFailedAllocation", Time since last: 898740498 ns, Reaching safepoint: 56901 ns, At safepoint: 3449935 ns, Total: 3506836 ns
[1395.410s][info ][safepoint      ] Safepoint "Cleanup", Time since last: 10000610720 ns, Reaching safepoint: 42000 ns, At safepoint: 3300 ns, Total: 45300 ns
[1398.403s][info ][gc,start       ] GC(220) Pause Young (Allocation Failure)
[1398.405s][debug][gc,phases      ] GC(220) Scavenge 2.112ms
[1398.405s][debug][gc,ref         ] GC(220) Skipped phase 1 of Reference Processing: no references
[1398.406s][debug][gc,ref         ] GC(220) ReferenceProcessor::execute queues: 1, RefProcThreadModel::Single, marks_oops_alive: false
[1398.406s][debug][gc,ref         ] GC(220) Skipped phase 3 of Reference Processing: no references
[1398.406s][debug][gc,ref         ] GC(220) Skipped phase 4 of Reference Processing: no references
[1398.406s][debug][gc,phases      ] GC(220) Reference Processing 0.098ms
[1398.406s][debug][gc,phases      ] GC(220)   VM Weak                        Min:  0.0, Avg:  0.0, Max:  0.0, Diff:  0.0, Sum:  0.0, Workers: 4
[1398.406s][debug][gc,phases      ] GC(220)     Dead                           Min: 0, Avg:  0.0, Max: 0, Diff: 0, Sum: 0, Workers: 4
[1398.406s][debug][gc,phases      ] GC(220)     Total                          Min: 0, Avg: 167.0, Max: 412, Diff: 412, Sum: 668, Workers: 4
[1398.406s][debug][gc,phases      ] GC(220)   ObjectSynchronizer Weak        Min:  0.0, Avg:  0.0, Max:  0.0, Diff:  0.0, Sum:  0.0, Workers: 4
[1398.406s][debug][gc,phases      ] GC(220)     Dead                           Min: 0, Avg:  0.0, Max: 0, Diff: 0, Sum: 0, Workers: 4
[1398.406s][debug][gc,phases      ] GC(220)     Total                          Min: 0, Avg: 87.0, Max: 220, Diff: 220, Sum: 348, Workers: 4
[1398.406s][debug][gc,phases      ] GC(220)   JVMTI Tag Weak OopStorage      Min:  0.0, Avg:  0.0, Max:  0.0, Diff:  0.0, Sum:  0.0, Workers: 4
[1398.406s][debug][gc,phases      ] GC(220)     Dead                           Min: 0, Avg:  0.0, Max: 0, Diff: 0, Sum: 0, Workers: 4
[1398.406s][debug][gc,phases      ] GC(220)     Total                          Min: 0, Avg:  0.0, Max: 0, Diff: 0, Sum: 0, Workers: 4
[1398.406s][debug][gc,phases      ] GC(220)   StringTable Weak               Min:  0.1, Avg:  0.1, Max:  0.1, Diff:  0.0, Sum:  0.3, Workers: 4
[1398.406s][debug][gc,phases      ] GC(220)     Dead                           Min: 0, Avg:  0.0, Max: 0, Diff: 0, Sum: 0, Workers: 4
[1398.406s][debug][gc,phases      ] GC(220)     Total                          Min: 10240, Avg: 12027.2, Max: 12800, Diff: 2560, Sum: 48109, Workers: 4
[1398.406s][debug][gc,phases      ] GC(220)   ResolvedMethodTable Weak       Min:  0.0, Avg:  0.0, Max:  0.0, Diff:  0.0, Sum:  0.1, Workers: 4
[1398.406s][debug][gc,phases      ] GC(220)     Dead                           Min: 0, Avg:  0.0, Max: 0, Diff: 0, Sum: 0, Workers: 4
[1398.406s][debug][gc,phases      ] GC(220)     Total                          Min: 1925, Avg: 1986.2, Max: 2102, Diff: 177, Sum: 7945, Workers: 4
[1398.406s][debug][gc,phases      ] GC(220)   JNI Weak                       Min:  0.0, Avg:  0.0, Max:  0.0, Diff:  0.0, Sum:  0.0, Workers: 4
[1398.406s][debug][gc,phases      ] GC(220)     Dead                           Min: 0, Avg:  0.0, Max: 0, Diff: 0, Sum: 0, Workers: 4
[1398.406s][debug][gc,phases      ] GC(220)     Total                          Min: 0, Avg:  0.0, Max: 0, Diff: 0, Sum: 0, Workers: 4
[1398.406s][debug][gc,phases      ] GC(220)   StringDedup Table Weak         Min:  0.0, Avg:  0.0, Max:  0.0, Diff:  0.0, Sum:  0.0, Workers: 4
[1398.406s][debug][gc,phases      ] GC(220)     Dead                           Min: 0, Avg:  0.0, Max: 0, Diff: 0, Sum: 0, Workers: 4
[1398.406s][debug][gc,phases      ] GC(220)     Total                          Min: 0, Avg:  0.0, Max: 0, Diff: 0, Sum: 0, Workers: 4
[1398.406s][debug][gc,phases      ] GC(220)   StringDedup Requests0 Weak     Min:  0.0, Avg:  0.0, Max:  0.0, Diff:  0.0, Sum:  0.0, Workers: 4
[1398.406s][debug][gc,phases      ] GC(220)     Dead                           Min: 0, Avg:  0.0, Max: 0, Diff: 0, Sum: 0, Workers: 4
[1398.406s][debug][gc,phases      ] GC(220)     Total                          Min: 0, Avg:  0.0, Max: 0, Diff: 0, Sum: 0, Workers: 4
[1398.406s][debug][gc,phases      ] GC(220)   StringDedup Requests1 Weak     Min:  0.0, Avg:  0.0, Max:  0.0, Diff:  0.0, Sum:  0.0, Workers: 4
[1398.406s][debug][gc,phases      ] GC(220)     Dead                           Min: 0, Avg:  0.0, Max: 0, Diff: 0, Sum: 0, Workers: 4
[1398.406s][debug][gc,phases      ] GC(220)     Total                          Min: 0, Avg:  0.0, Max: 0, Diff: 0, Sum: 0, Workers: 4
[1398.406s][debug][gc,phases      ] GC(220)   Weak JFR Old Object Samples    Min:  0.0, Avg:  0.0, Max:  0.0, Diff:  0.0, Sum:  0.0, Workers: 4
[1398.406s][debug][gc,phases      ] GC(220)     Dead                           Min: 0, Avg:  0.0, Max: 0, Diff: 0, Sum: 0, Workers: 4
[1398.406s][debug][gc,phases      ] GC(220)     Total                          Min: 0, Avg:  0.0, Max: 0, Diff: 0, Sum: 0, Workers: 4
[1398.406s][debug][gc,phases      ] GC(220) Weak Processing 0.262ms
[1398.406s][debug][gc,age         ] GC(220) Desired survivor size 3145728 bytes, new threshold 15 (max threshold 15)
[1398.406s][info ][gc,heap        ] GC(220) PSYoungGen: 2092592K(2093568K)->2592K(2093568K) Eden: 2089984K(2089984K)->0K(2089984K) From: 2608K(3584K)->2592K(3584K)
[1398.406s][info ][gc,heap        ] GC(220) ParOldGen: 559788K(614400K)->559812K(614400K)
[1398.406s][info ][gc,metaspace   ] GC(220) Metaspace: 82104K(83008K)->82104K(83008K) NonClass: 70617K(71104K)->70617K(71104K) Class: 11487K(11904K)->11487K(11904K)
[1398.406s][info ][gc             ] GC(220) Pause Young (Allocation Failure) 2590M->549M(2644M) 2.579ms
[1398.406s][info ][gc,cpu         ] GC(220) User=0.01s Sys=0.00s Real=0.00s
[1398.406s][info ][safepoint      ] Safepoint "ParallelGCFailedAllocation", Time since last: 2993453026 ns, Reaching safepoint: 27900 ns, At safepoint: 2660327 ns, Total: 2688227 ns
[1399.406s][info ][safepoint      ] Safepoint "Cleanup", Time since last: 1000080194 ns, Reaching safepoint: 97201 ns, At safepoint: 8500 ns, Total: 105701 ns
[1400.406s][info ][safepoint      ] Safepoint "Cleanup", Time since last: 1000121692 ns, Reaching safepoint: 142001 ns, At safepoint: 7400 ns, Total: 149401 ns
[1401.407s][info ][safepoint      ] Safepoint "Cleanup", Time since last: 1000102390 ns, Reaching safepoint: 121001 ns, At safepoint: 5300 ns, Total: 126301 ns
[1407.407s][info ][safepoint      ] Safepoint "Cleanup", Time since last: 6000396991 ns, Reaching safepoint: 100001 ns, At safepoint: 10100 ns, Total: 110101 ns
[1408.407s][info ][safepoint      ] Safepoint "Cleanup", Time since last: 1000102475 ns, Reaching safepoint: 122301 ns, At safepoint: 13101 ns, Total: 135402 ns
[1408.906s][info ][gc,start       ] GC(221) Pause Young (Allocation Failure)
[1408.908s][debug][gc,phases      ] GC(221) Scavenge 2.456ms
[1408.908s][debug][gc,ref         ] GC(221) Skipped phase 1 of Reference Processing: no references
[1408.908s][debug][gc,ref         ] GC(221) ReferenceProcessor::execute queues: 1, RefProcThreadModel::Single, marks_oops_alive: false
[1408.908s][debug][gc,ref         ] GC(221) Skipped phase 3 of Reference Processing: no references
[1408.908s][debug][gc,ref         ] GC(221) Skipped phase 4 of Reference Processing: no references
[1408.908s][debug][gc,phases      ] GC(221) Reference Processing 0.109ms
[1408.909s][debug][gc,phases      ] GC(221)   VM Weak                        Min:  0.0, Avg:  0.0, Max:  0.0, Diff:  0.0, Sum:  0.0, Workers: 4
[1408.909s][debug][gc,phases      ] GC(221)     Dead                           Min: 0, Avg:  0.0, Max: 0, Diff: 0, Sum: 0, Workers: 4
[1408.909s][debug][gc,phases      ] GC(221)     Total                          Min: 0, Avg: 167.0, Max: 668, Diff: 668, Sum: 668, Workers: 4
[1408.909s][debug][gc,phases      ] GC(221)   ObjectSynchronizer Weak        Min:  0.0, Avg:  0.0, Max:  0.0, Diff:  0.0, Sum:  0.0, Workers: 4
[1408.909s][debug][gc,phases      ] GC(221)     Dead                           Min: 0, Avg:  0.0, Max: 0, Diff: 0, Sum: 0, Workers: 4
[1408.909s][debug][gc,phases      ] GC(221)     Total                          Min: 0, Avg: 87.0, Max: 348, Diff: 348, Sum: 348, Workers: 4
[1408.909s][debug][gc,phases      ] GC(221)   JVMTI Tag Weak OopStorage      Min:  0.0, Avg:  0.0, Max:  0.0, Diff:  0.0, Sum:  0.0, Workers: 4
[1408.909s][debug][gc,phases      ] GC(221)     Dead                           Min: 0, Avg:  0.0, Max: 0, Diff: 0, Sum: 0, Workers: 4
[1408.909s][debug][gc,phases      ] GC(221)     Total                          Min: 0, Avg:  0.0, Max: 0, Diff: 0, Sum: 0, Workers: 4
[1408.909s][debug][gc,phases      ] GC(221)   StringTable Weak               Min:  0.1, Avg:  0.1, Max:  0.1, Diff:  0.0, Sum:  0.3, Workers: 4
[1408.909s][debug][gc,phases      ] GC(221)     Dead                           Min: 0, Avg:  0.0, Max: 0, Diff: 0, Sum: 0, Workers: 4
[1408.909s][debug][gc,phases      ] GC(221)     Total                          Min: 11072, Avg: 12027.2, Max: 12928, Diff: 1856, Sum: 48109, Workers: 4
[1408.909s][debug][gc,phases      ] GC(221)   ResolvedMethodTable Weak       Min:  0.0, Avg:  0.0, Max:  0.0, Diff:  0.0, Sum:  0.1, Workers: 4
[1408.909s][debug][gc,phases      ] GC(221)     Dead                           Min: 0, Avg:  0.0, Max: 0, Diff: 0, Sum: 0, Workers: 4
[1408.909s][debug][gc,phases      ] GC(221)     Total                          Min: 1924, Avg: 1986.2, Max: 2092, Diff: 168, Sum: 7945, Workers: 4
[1408.909s][debug][gc,phases      ] GC(221)   JNI Weak                       Min:  0.0, Avg:  0.0, Max:  0.0, Diff:  0.0, Sum:  0.0, Workers: 4
[1408.909s][debug][gc,phases      ] GC(221)     Dead                           Min: 0, Avg:  0.0, Max: 0, Diff: 0, Sum: 0, Workers: 4
[1408.909s][debug][gc,phases      ] GC(221)     Total                          Min: 0, Avg:  0.0, Max: 0, Diff: 0, Sum: 0, Workers: 4
[1408.909s][debug][gc,phases      ] GC(221)   StringDedup Table Weak         Min:  0.0, Avg:  0.0, Max:  0.0, Diff:  0.0, Sum:  0.0, Workers: 4
[1408.909s][debug][gc,phases      ] GC(221)     Dead                           Min: 0, Avg:  0.0, Max: 0, Diff: 0, Sum: 0, Workers: 4
[1408.909s][debug][gc,phases      ] GC(221)     Total                          Min: 0, Avg:  0.0, Max: 0, Diff: 0, Sum: 0, Workers: 4
[1408.909s][debug][gc,phases      ] GC(221)   StringDedup Requests0 Weak     Min:  0.0, Avg:  0.0, Max:  0.0, Diff:  0.0, Sum:  0.0, Workers: 4
[1408.909s][debug][gc,phases      ] GC(221)     Dead                           Min: 0, Avg:  0.0, Max: 0, Diff: 0, Sum: 0, Workers: 4
[1408.909s][debug][gc,phases      ] GC(221)     Total                          Min: 0, Avg:  0.0, Max: 0, Diff: 0, Sum: 0, Workers: 4
[1408.909s][debug][gc,phases      ] GC(221)   StringDedup Requests1 Weak     Min:  0.0, Avg:  0.0, Max:  0.0, Diff:  0.0, Sum:  0.0, Workers: 4
[1408.909s][debug][gc,phases      ] GC(221)     Dead                           Min: 0, Avg:  0.0, Max: 0, Diff: 0, Sum: 0, Workers: 4
[1408.909s][debug][gc,phases      ] GC(221)     Total                          Min: 0, Avg:  0.0, Max: 0, Diff: 0, Sum: 0, Workers: 4
[1408.909s][debug][gc,phases      ] GC(221)   Weak JFR Old Object Samples    Min:  0.0, Avg:  0.0, Max:  0.0, Diff:  0.0, Sum:  0.0, Workers: 4
[1408.909s][debug][gc,phases      ] GC(221)     Dead                           Min: 0, Avg:  0.0, Max: 0, Diff: 0, Sum: 0, Workers: 4
[1408.909s][debug][gc,phases      ] GC(221)     Total                          Min: 0, Avg:  0.0, Max: 0, Diff: 0, Sum: 0, Workers: 4
[1408.909s][debug][gc,phases      ] GC(221) Weak Processing 0.275ms
[1408.909s][debug][gc,age         ] GC(221) Desired survivor size 3145728 bytes, new threshold 15 (max threshold 15)
[1408.909s][info ][gc,heap        ] GC(221) PSYoungGen: 2092576K(2093568K)->2512K(2094080K) Eden: 2089984K(2089984K)->0K(2091008K) From: 2592K(3584K)->2512K(3072K)
[1408.909s][info ][gc,heap        ] GC(221) ParOldGen: 559812K(614400K)->559820K(614400K)
[1408.909s][info ][gc,metaspace   ] GC(221) Metaspace: 82106K(83008K)->82106K(83008K) NonClass: 70618K(71104K)->70618K(71104K) Class: 11487K(11904K)->11487K(11904K)
[1408.909s][info ][gc             ] GC(221) Pause Young (Allocation Failure) 2590M->549M(2645M) 2.945ms
[1408.909s][info ][gc,cpu         ] GC(221) User=0.01s Sys=0.00s Real=0.01s
[1408.909s][info ][safepoint      ] Safepoint "ParallelGCFailedAllocation", Time since last: 498363419 ns, Reaching safepoint: 32401 ns, At safepoint: 3016330 ns, Total: 3048731 ns
[1411.909s][info ][safepoint      ] Safepoint "Cleanup", Time since last: 3000242808 ns, Reaching safepoint: 117701 ns, At safepoint: 10700 ns, Total: 128401 ns
[1412.909s][info ][safepoint      ] Safepoint "Cleanup", Time since last: 1000107366 ns, Reaching safepoint: 102601 ns, At safepoint: 10600 ns, Total: 113201 ns
[1419.910s][info ][safepoint      ] Safepoint "Cleanup", Time since last: 7000494497 ns, Reaching safepoint: 47800 ns, At safepoint: 8700 ns, Total: 56500 ns
[1422.159s][info ][gc,start       ] GC(222) Pause Young (Allocation Failure)
[1422.161s][debug][gc,phases      ] GC(222) Scavenge 2.499ms
[1422.161s][debug][gc,ref         ] GC(222) Skipped phase 1 of Reference Processing: no references
[1422.161s][debug][gc,ref         ] GC(222) ReferenceProcessor::execute queues: 1, RefProcThreadModel::Single, marks_oops_alive: false
[1422.161s][debug][gc,ref         ] GC(222) Skipped phase 3 of Reference Processing: no references
[1422.161s][debug][gc,ref         ] GC(222) Skipped phase 4 of Reference Processing: no references
[1422.161s][debug][gc,phases      ] GC(222) Reference Processing 0.107ms
[1422.162s][debug][gc,phases      ] GC(222)   VM Weak                        Min:  0.0, Avg:  0.0, Max:  0.0, Diff:  0.0, Sum:  0.0, Workers: 4
[1422.162s][debug][gc,phases      ] GC(222)     Dead                           Min: 0, Avg:  0.0, Max: 0, Diff: 0, Sum: 0, Workers: 4
[1422.162s][debug][gc,phases      ] GC(222)     Total                          Min: 0, Avg: 167.0, Max: 448, Diff: 448, Sum: 668, Workers: 4
[1422.162s][debug][gc,phases      ] GC(222)   ObjectSynchronizer Weak        Min:  0.0, Avg:  0.0, Max:  0.0, Diff:  0.0, Sum:  0.0, Workers: 4
[1422.162s][debug][gc,phases      ] GC(222)     Dead                           Min: 0, Avg:  0.0, Max: 0, Diff: 0, Sum: 0, Workers: 4
[1422.162s][debug][gc,phases      ] GC(222)     Total                          Min: 0, Avg: 87.0, Max: 192, Diff: 192, Sum: 348, Workers: 4
[1422.162s][debug][gc,phases      ] GC(222)   JVMTI Tag Weak OopStorage      Min:  0.0, Avg:  0.0, Max:  0.0, Diff:  0.0, Sum:  0.0, Workers: 4
[1422.162s][debug][gc,phases      ] GC(222)     Dead                           Min: 0, Avg:  0.0, Max: 0, Diff: 0, Sum: 0, Workers: 4
[1422.162s][debug][gc,phases      ] GC(222)     Total                          Min: 0, Avg:  0.0, Max: 0, Diff: 0, Sum: 0, Workers: 4
[1422.162s][debug][gc,phases      ] GC(222)   StringTable Weak               Min:  0.1, Avg:  0.1, Max:  0.1, Diff:  0.0, Sum:  0.3, Workers: 4
[1422.162s][debug][gc,phases      ] GC(222)     Dead                           Min: 0, Avg:  0.0, Max: 0, Diff: 0, Sum: 0, Workers: 4
[1422.162s][debug][gc,phases      ] GC(222)     Total                          Min: 10669, Avg: 12027.2, Max: 12672, Diff: 2003, Sum: 48109, Workers: 4
[1422.162s][debug][gc,phases      ] GC(222)   ResolvedMethodTable Weak       Min:  0.0, Avg:  0.0, Max:  0.0, Diff:  0.0, Sum:  0.1, Workers: 4
[1422.162s][debug][gc,phases      ] GC(222)     Dead                           Min: 0, Avg:  0.0, Max: 0, Diff: 0, Sum: 0, Workers: 4
[1422.162s][debug][gc,phases      ] GC(222)     Total                          Min: 1923, Avg: 1986.2, Max: 2081, Diff: 158, Sum: 7945, Workers: 4
[1422.162s][debug][gc,phases      ] GC(222)   JNI Weak                       Min:  0.0, Avg:  0.0, Max:  0.0, Diff:  0.0, Sum:  0.0, Workers: 4
[1422.162s][debug][gc,phases      ] GC(222)     Dead                           Min: 0, Avg:  0.0, Max: 0, Diff: 0, Sum: 0, Workers: 4
[1422.162s][debug][gc,phases      ] GC(222)     Total                          Min: 0, Avg:  0.0, Max: 0, Diff: 0, Sum: 0, Workers: 4
[1422.162s][debug][gc,phases      ] GC(222)   StringDedup Table Weak         Min:  0.0, Avg:  0.0, Max:  0.0, Diff:  0.0, Sum:  0.0, Workers: 4
[1422.162s][debug][gc,phases      ] GC(222)     Dead                           Min: 0, Avg:  0.0, Max: 0, Diff: 0, Sum: 0, Workers: 4
[1422.162s][debug][gc,phases      ] GC(222)     Total                          Min: 0, Avg:  0.0, Max: 0, Diff: 0, Sum: 0, Workers: 4
[1422.162s][debug][gc,phases      ] GC(222)   StringDedup Requests0 Weak     Min:  0.0, Avg:  0.0, Max:  0.0, Diff:  0.0, Sum:  0.0, Workers: 4
[1422.162s][debug][gc,phases      ] GC(222)     Dead                           Min: 0, Avg:  0.0, Max: 0, Diff: 0, Sum: 0, Workers: 4
[1422.162s][debug][gc,phases      ] GC(222)     Total                          Min: 0, Avg:  0.0, Max: 0, Diff: 0, Sum: 0, Workers: 4
[1422.162s][debug][gc,phases      ] GC(222)   StringDedup Requests1 Weak     Min:  0.0, Avg:  0.0, Max:  0.0, Diff:  0.0, Sum:  0.0, Workers: 4
[1422.162s][debug][gc,phases      ] GC(222)     Dead                           Min: 0, Avg:  0.0, Max: 0, Diff: 0, Sum: 0, Workers: 4
[1422.162s][debug][gc,phases      ] GC(222)     Total                          Min: 0, Avg:  0.0, Max: 0, Diff: 0, Sum: 0, Workers: 4
[1422.162s][debug][gc,phases      ] GC(222)   Weak JFR Old Object Samples    Min:  0.0, Avg:  0.0, Max:  0.0, Diff:  0.0, Sum:  0.0, Workers: 4
[1422.162s][debug][gc,phases      ] GC(222)     Dead                           Min: 0, Avg:  0.0, Max: 0, Diff: 0, Sum: 0, Workers: 4
[1422.162s][debug][gc,phases      ] GC(222)     Total                          Min: 0, Avg:  0.0, Max: 0, Diff: 0, Sum: 0, Workers: 4
[1422.162s][debug][gc,phases      ] GC(222) Weak Processing 0.256ms
[1422.162s][debug][gc,age         ] GC(222) Desired survivor size 3145728 bytes, new threshold 15 (max threshold 15)
[1422.162s][info ][gc,heap        ] GC(222) PSYoungGen: 2093520K(2094080K)->2640K(2094080K) Eden: 2091008K(2091008K)->0K(2091008K) From: 2512K(3072K)->2640K(3072K)
[1422.162s][info ][gc,heap        ] GC(222) ParOldGen: 559820K(614400K)->559852K(614400K)
[1422.162s][info ][gc,metaspace   ] GC(222) Metaspace: 82106K(83008K)->82106K(83008K) NonClass: 70618K(71104K)->70618K(71104K) Class: 11487K(11904K)->11487K(11904K)
[1422.162s][info ][gc             ] GC(222) Pause Young (Allocation Failure) 2591M->549M(2645M) 2.959ms
[1422.162s][info ][gc,cpu         ] GC(222) User=0.01s Sys=0.00s Real=0.01s
[1422.162s][info ][safepoint      ] Safepoint "ParallelGCFailedAllocation", Time since last: 2248675091 ns, Reaching safepoint: 97001 ns, At safepoint: 3032731 ns, Total: 3129732 ns
[1426.162s][info ][safepoint      ] Safepoint "Cleanup", Time since last: 4000257362 ns, Reaching safepoint: 49101 ns, At safepoint: 13700 ns, Total: 62801 ns
[1435.201s][info ][gc,start       ] GC(223) Pause Young (Allocation Failure)
[1435.203s][debug][gc,phases      ] GC(223) Scavenge 2.341ms
[1435.203s][debug][gc,ref         ] GC(223) Skipped phase 1 of Reference Processing: no references
[1435.203s][debug][gc,ref         ] GC(223) ReferenceProcessor::execute queues: 1, RefProcThreadModel::Single, marks_oops_alive: false
[1435.203s][debug][gc,ref         ] GC(223) Skipped phase 3 of Reference Processing: no references
[1435.203s][debug][gc,ref         ] GC(223) ReferenceProcessor::execute queues: 1, RefProcThreadModel::Single, marks_oops_alive: false
[1435.203s][debug][gc,phases      ] GC(223) Reference Processing 0.103ms
[1435.203s][debug][gc,phases      ] GC(223)   VM Weak                        Min:  0.0, Avg:  0.0, Max:  0.0, Diff:  0.0, Sum:  0.0, Workers: 4
[1435.203s][debug][gc,phases      ] GC(223)     Dead                           Min: 0, Avg:  0.0, Max: 0, Diff: 0, Sum: 0, Workers: 4
[1435.203s][debug][gc,phases      ] GC(223)     Total                          Min: 0, Avg: 167.0, Max: 448, Diff: 448, Sum: 668, Workers: 4
[1435.203s][debug][gc,phases      ] GC(223)   ObjectSynchronizer Weak        Min:  0.0, Avg:  0.0, Max:  0.0, Diff:  0.0, Sum:  0.0, Workers: 4
[1435.203s][debug][gc,phases      ] GC(223)     Dead                           Min: 0, Avg:  0.0, Max: 0, Diff: 0, Sum: 0, Workers: 4
[1435.203s][debug][gc,phases      ] GC(223)     Total                          Min: 0, Avg: 87.0, Max: 192, Diff: 192, Sum: 348, Workers: 4
[1435.203s][debug][gc,phases      ] GC(223)   JVMTI Tag Weak OopStorage      Min:  0.0, Avg:  0.0, Max:  0.0, Diff:  0.0, Sum:  0.0, Workers: 4
[1435.203s][debug][gc,phases      ] GC(223)     Dead                           Min: 0, Avg:  0.0, Max: 0, Diff: 0, Sum: 0, Workers: 4
[1435.203s][debug][gc,phases      ] GC(223)     Total                          Min: 0, Avg:  0.0, Max: 0, Diff: 0, Sum: 0, Workers: 4
[1435.203s][debug][gc,phases      ] GC(223)   StringTable Weak               Min:  0.1, Avg:  0.1, Max:  0.1, Diff:  0.0, Sum:  0.4, Workers: 4
[1435.203s][debug][gc,phases      ] GC(223)     Dead                           Min: 0, Avg:  0.0, Max: 0, Diff: 0, Sum: 0, Workers: 4
[1435.203s][debug][gc,phases      ] GC(223)     Total                          Min: 10688, Avg: 12027.2, Max: 13696, Diff: 3008, Sum: 48109, Workers: 4
[1435.203s][debug][gc,phases      ] GC(223)   ResolvedMethodTable Weak       Min:  0.0, Avg:  0.0, Max:  0.0, Diff:  0.0, Sum:  0.1, Workers: 4
[1435.203s][debug][gc,phases      ] GC(223)     Dead                           Min: 0, Avg:  0.0, Max: 0, Diff: 0, Sum: 0, Workers: 4
[1435.203s][debug][gc,phases      ] GC(223)     Total                          Min: 1455, Avg: 1986.2, Max: 2191, Diff: 736, Sum: 7945, Workers: 4
[1435.203s][debug][gc,phases      ] GC(223)   JNI Weak                       Min:  0.0, Avg:  0.0, Max:  0.0, Diff:  0.0, Sum:  0.0, Workers: 4
[1435.203s][debug][gc,phases      ] GC(223)     Dead                           Min: 0, Avg:  0.0, Max: 0, Diff: 0, Sum: 0, Workers: 4
[1435.203s][debug][gc,phases      ] GC(223)     Total                          Min: 0, Avg:  0.0, Max: 0, Diff: 0, Sum: 0, Workers: 4
[1435.203s][debug][gc,phases      ] GC(223)   StringDedup Table Weak         Min:  0.0, Avg:  0.0, Max:  0.0, Diff:  0.0, Sum:  0.0, Workers: 4
[1435.203s][debug][gc,phases      ] GC(223)     Dead                           Min: 0, Avg:  0.0, Max: 0, Diff: 0, Sum: 0, Workers: 4
[1435.203s][debug][gc,phases      ] GC(223)     Total                          Min: 0, Avg:  0.0, Max: 0, Diff: 0, Sum: 0, Workers: 4
[1435.203s][debug][gc,phases      ] GC(223)   StringDedup Requests0 Weak     Min:  0.0, Avg:  0.0, Max:  0.0, Diff:  0.0, Sum:  0.0, Workers: 4
[1435.204s][debug][gc,phases      ] GC(223)     Dead                           Min: 0, Avg:  0.0, Max: 0, Diff: 0, Sum: 0, Workers: 4
[1435.204s][debug][gc,phases      ] GC(223)     Total                          Min: 0, Avg:  0.0, Max: 0, Diff: 0, Sum: 0, Workers: 4
[1435.204s][debug][gc,phases      ] GC(223)   StringDedup Requests1 Weak     Min:  0.0, Avg:  0.0, Max:  0.0, Diff:  0.0, Sum:  0.0, Workers: 4
[1435.204s][debug][gc,phases      ] GC(223)     Dead                           Min: 0, Avg:  0.0, Max: 0, Diff: 0, Sum: 0, Workers: 4
[1435.204s][debug][gc,phases      ] GC(223)     Total                          Min: 0, Avg:  0.0, Max: 0, Diff: 0, Sum: 0, Workers: 4
[1435.204s][debug][gc,phases      ] GC(223)   Weak JFR Old Object Samples    Min:  0.0, Avg:  0.0, Max:  0.0, Diff:  0.0, Sum:  0.0, Workers: 4
[1435.204s][debug][gc,phases      ] GC(223)     Dead                           Min: 0, Avg:  0.0, Max: 0, Diff: 0, Sum: 0, Workers: 4
[1435.204s][debug][gc,phases      ] GC(223)     Total                          Min: 0, Avg:  0.0, Max: 0, Diff: 0, Sum: 0, Workers: 4
[1435.204s][debug][gc,phases      ] GC(223) Weak Processing 0.274ms
[1435.204s][debug][gc,age         ] GC(223) Desired survivor size 3145728 bytes, new threshold 15 (max threshold 15)
[1435.204s][info ][gc,heap        ] GC(223) PSYoungGen: 2093648K(2094080K)->2608K(2094080K) Eden: 2091008K(2091008K)->0K(2091008K) From: 2640K(3072K)->2608K(3072K)
[1435.204s][info ][gc,heap        ] GC(223) ParOldGen: 559852K(614400K)->559916K(614400K)
[1435.204s][info ][gc,metaspace   ] GC(223) Metaspace: 82106K(83008K)->82106K(83008K) NonClass: 70618K(71104K)->70618K(71104K) Class: 11487K(11904K)->11487K(11904K)
[1435.204s][info ][gc             ] GC(223) Pause Young (Allocation Failure) 2591M->549M(2645M) 2.812ms
[1435.204s][info ][gc,cpu         ] GC(223) User=0.01s Sys=0.00s Real=0.00s
[1435.204s][info ][safepoint      ] Safepoint "ParallelGCFailedAllocation", Time since last: 9038643228 ns, Reaching safepoint: 47000 ns, At safepoint: 2878829 ns, Total: 2925829 ns
[1437.204s][info ][safepoint      ] Safepoint "Cleanup", Time since last: 2000109333 ns, Reaching safepoint: 106201 ns, At safepoint: 10200 ns, Total: 116401 ns
[1448.497s][info ][gc,start       ] GC(224) Pause Young (Allocation Failure)
[1448.500s][debug][gc,phases      ] GC(224) Scavenge 2.319ms
[1448.500s][debug][gc,ref         ] GC(224) Skipped phase 1 of Reference Processing: no references
[1448.500s][debug][gc,ref         ] GC(224) ReferenceProcessor::execute queues: 1, RefProcThreadModel::Single, marks_oops_alive: false
[1448.500s][debug][gc,ref         ] GC(224) Skipped phase 3 of Reference Processing: no references
[1448.500s][debug][gc,ref         ] GC(224) ReferenceProcessor::execute queues: 1, RefProcThreadModel::Single, marks_oops_alive: false
[1448.500s][debug][gc,phases      ] GC(224) Reference Processing 0.103ms
[1448.500s][debug][gc,phases      ] GC(224)   VM Weak                        Min:  0.0, Avg:  0.0, Max:  0.0, Diff:  0.0, Sum:  0.0, Workers: 4
[1448.500s][debug][gc,phases      ] GC(224)     Dead                           Min: 0, Avg:  0.0, Max: 0, Diff: 0, Sum: 0, Workers: 4
[1448.500s][debug][gc,phases      ] GC(224)     Total                          Min: 0, Avg: 167.0, Max: 640, Diff: 640, Sum: 668, Workers: 4
[1448.500s][debug][gc,phases      ] GC(224)   ObjectSynchronizer Weak        Min:  0.0, Avg:  0.0, Max:  0.0, Diff:  0.0, Sum:  0.0, Workers: 4
[1448.500s][debug][gc,phases      ] GC(224)     Dead                           Min: 0, Avg:  0.0, Max: 0, Diff: 0, Sum: 0, Workers: 4
[1448.500s][debug][gc,phases      ] GC(224)     Total                          Min: 0, Avg: 87.0, Max: 192, Diff: 192, Sum: 348, Workers: 4
[1448.500s][debug][gc,phases      ] GC(224)   JVMTI Tag Weak OopStorage      Min:  0.0, Avg:  0.0, Max:  0.0, Diff:  0.0, Sum:  0.0, Workers: 4
[1448.500s][debug][gc,phases      ] GC(224)     Dead                           Min: 0, Avg:  0.0, Max: 0, Diff: 0, Sum: 0, Workers: 4
[1448.500s][debug][gc,phases      ] GC(224)     Total                          Min: 0, Avg:  0.0, Max: 0, Diff: 0, Sum: 0, Workers: 4
[1448.500s][debug][gc,phases      ] GC(224)   StringTable Weak               Min:  0.1, Avg:  0.1, Max:  0.1, Diff:  0.0, Sum:  0.3, Workers: 4
[1448.500s][debug][gc,phases      ] GC(224)     Dead                           Min: 0, Avg:  0.0, Max: 0, Diff: 0, Sum: 0, Workers: 4
[1448.500s][debug][gc,phases      ] GC(224)     Total                          Min: 11072, Avg: 12027.2, Max: 12736, Diff: 1664, Sum: 48109, Workers: 4
[1448.500s][debug][gc,phases      ] GC(224)   ResolvedMethodTable Weak       Min:  0.0, Avg:  0.0, Max:  0.0, Diff:  0.0, Sum:  0.1, Workers: 4
[1448.500s][debug][gc,phases      ] GC(224)     Dead                           Min: 0, Avg:  0.0, Max: 0, Diff: 0, Sum: 0, Workers: 4
[1448.500s][debug][gc,phases      ] GC(224)     Total                          Min: 1890, Avg: 1986.2, Max: 2139, Diff: 249, Sum: 7945, Workers: 4
[1448.500s][debug][gc,phases      ] GC(224)   JNI Weak                       Min:  0.0, Avg:  0.0, Max:  0.0, Diff:  0.0, Sum:  0.0, Workers: 4
[1448.500s][debug][gc,phases      ] GC(224)     Dead                           Min: 0, Avg:  0.0, Max: 0, Diff: 0, Sum: 0, Workers: 4
[1448.500s][debug][gc,phases      ] GC(224)     Total                          Min: 0, Avg:  0.0, Max: 0, Diff: 0, Sum: 0, Workers: 4
[1448.500s][debug][gc,phases      ] GC(224)   StringDedup Table Weak         Min:  0.0, Avg:  0.0, Max:  0.0, Diff:  0.0, Sum:  0.0, Workers: 4
[1448.500s][debug][gc,phases      ] GC(224)     Dead                           Min: 0, Avg:  0.0, Max: 0, Diff: 0, Sum: 0, Workers: 4
[1448.500s][debug][gc,phases      ] GC(224)     Total                          Min: 0, Avg:  0.0, Max: 0, Diff: 0, Sum: 0, Workers: 4
[1448.500s][debug][gc,phases      ] GC(224)   StringDedup Requests0 Weak     Min:  0.0, Avg:  0.0, Max:  0.0, Diff:  0.0, Sum:  0.0, Workers: 4
[1448.500s][debug][gc,phases      ] GC(224)     Dead                           Min: 0, Avg:  0.0, Max: 0, Diff: 0, Sum: 0, Workers: 4
[1448.500s][debug][gc,phases      ] GC(224)     Total                          Min: 0, Avg:  0.0, Max: 0, Diff: 0, Sum: 0, Workers: 4
[1448.500s][debug][gc,phases      ] GC(224)   StringDedup Requests1 Weak     Min:  0.0, Avg:  0.0, Max:  0.0, Diff:  0.0, Sum:  0.0, Workers: 4
[1448.500s][debug][gc,phases      ] GC(224)     Dead                           Min: 0, Avg:  0.0, Max: 0, Diff: 0, Sum: 0, Workers: 4
[1448.500s][debug][gc,phases      ] GC(224)     Total                          Min: 0, Avg:  0.0, Max: 0, Diff: 0, Sum: 0, Workers: 4
[1448.500s][debug][gc,phases      ] GC(224)   Weak JFR Old Object Samples    Min:  0.0, Avg:  0.0, Max:  0.0, Diff:  0.0, Sum:  0.0, Workers: 4
[1448.500s][debug][gc,phases      ] GC(224)     Dead                           Min: 0, Avg:  0.0, Max: 0, Diff: 0, Sum: 0, Workers: 4
[1448.500s][debug][gc,phases      ] GC(224)     Total                          Min: 0, Avg:  0.0, Max: 0, Diff: 0, Sum: 0, Workers: 4
[1448.500s][debug][gc,phases      ] GC(224) Weak Processing 0.248ms
[1448.500s][debug][gc,age         ] GC(224) Desired survivor size 3670016 bytes, new threshold 14 (max threshold 15)
[1448.500s][info ][gc,heap        ] GC(224) PSYoungGen: 2093616K(2094080K)->3044K(2094080K) Eden: 2091008K(2091008K)->0K(2091008K) From: 2608K(3072K)->3044K(3072K)
[1448.500s][info ][gc,heap        ] GC(224) ParOldGen: 559916K(614400K)->560164K(614400K)
[1448.500s][info ][gc,metaspace   ] GC(224) Metaspace: 82106K(83008K)->82106K(83008K) NonClass: 70618K(71104K)->70618K(71104K) Class: 11487K(11904K)->11487K(11904K)
[1448.500s][info ][gc             ] GC(224) Pause Young (Allocation Failure) 2591M->550M(2645M) 2.766ms
[1448.500s][info ][gc,cpu         ] GC(224) User=0.01s Sys=0.00s Real=0.01s
[1448.500s][info ][safepoint      ] Safepoint "ParallelGCFailedAllocation", Time since last: 11293444162 ns, Reaching safepoint: 114801 ns, At safepoint: 2836129 ns, Total: 2950930 ns
[1449.500s][info ][safepoint      ] Safepoint "Cleanup", Time since last: 1000079591 ns, Reaching safepoint: 45000 ns, At safepoint: 8800 ns, Total: 53800 ns
[1453.501s][info ][safepoint      ] Safepoint "Cleanup", Time since last: 4000263245 ns, Reaching safepoint: 47001 ns, At safepoint: 3400 ns, Total: 50401 ns
[1456.501s][info ][safepoint      ] Safepoint "Cleanup", Time since last: 3000238239 ns, Reaching safepoint: 50800 ns, At safepoint: 10800 ns, Total: 61600 ns
[1458.954s][info ][gc,start       ] GC(225) Pause Young (Allocation Failure)
[1458.956s][debug][gc,phases      ] GC(225) Scavenge 2.664ms
[1458.956s][debug][gc,ref         ] GC(225) Skipped phase 1 of Reference Processing: no references
[1458.956s][debug][gc,ref         ] GC(225) ReferenceProcessor::execute queues: 1, RefProcThreadModel::Single, marks_oops_alive: false
[1458.956s][debug][gc,ref         ] GC(225) Skipped phase 3 of Reference Processing: no references
[1458.956s][debug][gc,ref         ] GC(225) ReferenceProcessor::execute queues: 1, RefProcThreadModel::Single, marks_oops_alive: false
[1458.956s][debug][gc,phases      ] GC(225) Reference Processing 0.121ms
[1458.957s][debug][gc,phases      ] GC(225)   VM Weak                        Min:  0.0, Avg:  0.0, Max:  0.0, Diff:  0.0, Sum:  0.0, Workers: 4
[1458.957s][debug][gc,phases      ] GC(225)     Dead                           Min: 0, Avg:  0.0, Max: 0, Diff: 0, Sum: 0, Workers: 4
[1458.957s][debug][gc,phases      ] GC(225)     Total                          Min: 0, Avg: 167.0, Max: 540, Diff: 540, Sum: 668, Workers: 4
[1458.957s][debug][gc,phases      ] GC(225)   ObjectSynchronizer Weak        Min:  0.0, Avg:  0.0, Max:  0.0, Diff:  0.0, Sum:  0.0, Workers: 4
[1458.957s][debug][gc,phases      ] GC(225)     Dead                           Min: 0, Avg:  0.0, Max: 0, Diff: 0, Sum: 0, Workers: 4
[1458.957s][debug][gc,phases      ] GC(225)     Total                          Min: 0, Avg: 87.0, Max: 192, Diff: 192, Sum: 348, Workers: 4
[1458.957s][debug][gc,phases      ] GC(225)   JVMTI Tag Weak OopStorage      Min:  0.0, Avg:  0.0, Max:  0.0, Diff:  0.0, Sum:  0.0, Workers: 4
[1458.957s][debug][gc,phases      ] GC(225)     Dead                           Min: 0, Avg:  0.0, Max: 0, Diff: 0, Sum: 0, Workers: 4
[1458.957s][debug][gc,phases      ] GC(225)     Total                          Min: 0, Avg:  0.0, Max: 0, Diff: 0, Sum: 0, Workers: 4
[1458.957s][debug][gc,phases      ] GC(225)   StringTable Weak               Min:  0.1, Avg:  0.1, Max:  0.1, Diff:  0.0, Sum:  0.4, Workers: 4
[1458.957s][debug][gc,phases      ] GC(225)     Dead                           Min: 0, Avg:  0.0, Max: 0, Diff: 0, Sum: 0, Workers: 4
[1458.957s][debug][gc,phases      ] GC(225)     Total                          Min: 10944, Avg: 12031.5, Max: 14016, Diff: 3072, Sum: 48126, Workers: 4
[1458.957s][debug][gc,phases      ] GC(225)   ResolvedMethodTable Weak       Min:  0.0, Avg:  0.0, Max:  0.0, Diff:  0.0, Sum:  0.1, Workers: 4
[1458.957s][debug][gc,phases      ] GC(225)     Dead                           Min: 0, Avg:  0.0, Max: 0, Diff: 0, Sum: 0, Workers: 4
[1458.957s][debug][gc,phases      ] GC(225)     Total                          Min: 1628, Avg: 1986.2, Max: 2661, Diff: 1033, Sum: 7945, Workers: 4
[1458.957s][debug][gc,phases      ] GC(225)   JNI Weak                       Min:  0.0, Avg:  0.0, Max:  0.0, Diff:  0.0, Sum:  0.0, Workers: 4
[1458.957s][debug][gc,phases      ] GC(225)     Dead                           Min: 0, Avg:  0.0, Max: 0, Diff: 0, Sum: 0, Workers: 4
[1458.957s][debug][gc,phases      ] GC(225)     Total                          Min: 0, Avg:  0.0, Max: 0, Diff: 0, Sum: 0, Workers: 4
[1458.957s][debug][gc,phases      ] GC(225)   StringDedup Table Weak         Min:  0.0, Avg:  0.0, Max:  0.0, Diff:  0.0, Sum:  0.0, Workers: 4
[1458.957s][debug][gc,phases      ] GC(225)     Dead                           Min: 0, Avg:  0.0, Max: 0, Diff: 0, Sum: 0, Workers: 4
[1458.957s][debug][gc,phases      ] GC(225)     Total                          Min: 0, Avg:  0.0, Max: 0, Diff: 0, Sum: 0, Workers: 4
[1458.957s][debug][gc,phases      ] GC(225)   StringDedup Requests0 Weak     Min:  0.0, Avg:  0.0, Max:  0.0, Diff:  0.0, Sum:  0.0, Workers: 4
[1458.957s][debug][gc,phases      ] GC(225)     Dead                           Min: 0, Avg:  0.0, Max: 0, Diff: 0, Sum: 0, Workers: 4
[1458.957s][debug][gc,phases      ] GC(225)     Total                          Min: 0, Avg:  0.0, Max: 0, Diff: 0, Sum: 0, Workers: 4
[1458.957s][debug][gc,phases      ] GC(225)   StringDedup Requests1 Weak     Min:  0.0, Avg:  0.0, Max:  0.0, Diff:  0.0, Sum:  0.0, Workers: 4
[1458.957s][debug][gc,phases      ] GC(225)     Dead                           Min: 0, Avg:  0.0, Max: 0, Diff: 0, Sum: 0, Workers: 4
[1458.957s][debug][gc,phases      ] GC(225)     Total                          Min: 0, Avg:  0.0, Max: 0, Diff: 0, Sum: 0, Workers: 4
[1458.957s][debug][gc,phases      ] GC(225)   Weak JFR Old Object Samples    Min:  0.0, Avg:  0.0, Max:  0.0, Diff:  0.0, Sum:  0.0, Workers: 4
[1458.957s][debug][gc,phases      ] GC(225)     Dead                           Min: 0, Avg:  0.0, Max: 0, Diff: 0, Sum: 0, Workers: 4
[1458.957s][debug][gc,phases      ] GC(225)     Total                          Min: 0, Avg:  0.0, Max: 0, Diff: 0, Sum: 0, Workers: 4
[1458.957s][debug][gc,phases      ] GC(225) Weak Processing 0.311ms
[1458.957s][debug][gc,age         ] GC(225) Desired survivor size 3670016 bytes, new threshold 15 (max threshold 15)
[1458.957s][info ][gc,heap        ] GC(225) PSYoungGen: 2094052K(2094080K)->2448K(2093056K) Eden: 2091008K(2091008K)->0K(2089984K) From: 3044K(3072K)->2448K(3072K)
[1458.957s][info ][gc,heap        ] GC(225) ParOldGen: 560164K(614400K)->560188K(614400K)
[1458.957s][info ][gc,metaspace   ] GC(225) Metaspace: 82107K(83008K)->82107K(83008K) NonClass: 70619K(71104K)->70619K(71104K) Class: 11487K(11904K)->11487K(11904K)
[1458.957s][info ][gc             ] GC(225) Pause Young (Allocation Failure) 2592M->549M(2644M) 3.216ms
[1458.957s][info ][gc,cpu         ] GC(225) User=0.01s Sys=0.00s Real=0.00s
[1458.957s][info ][safepoint      ] Safepoint "ParallelGCFailedAllocation", Time since last: 2452460360 ns, Reaching safepoint: 37800 ns, At safepoint: 3286333 ns, Total: 3324133 ns
[1462.957s][info ][safepoint      ] Safepoint "Cleanup", Time since last: 4000251372 ns, Reaching safepoint: 99701 ns, At safepoint: 12700 ns, Total: 112401 ns
[1466.958s][info ][safepoint      ] Safepoint "Cleanup", Time since last: 4000325543 ns, Reaching safepoint: 118001 ns, At safepoint: 8900 ns, Total: 126901 ns
[1468.958s][info ][safepoint      ] Safepoint "Cleanup", Time since last: 2000170310 ns, Reaching safepoint: 109901 ns, At safepoint: 9100 ns, Total: 119001 ns
[1472.352s][info ][gc,start       ] GC(226) Pause Young (Allocation Failure)
[1472.355s][debug][gc,phases      ] GC(226) Scavenge 2.345ms
[1472.355s][debug][gc,ref         ] GC(226) Skipped phase 1 of Reference Processing: no references
[1472.355s][debug][gc,ref         ] GC(226) ReferenceProcessor::execute queues: 1, RefProcThreadModel::Single, marks_oops_alive: false
[1472.355s][debug][gc,ref         ] GC(226) Skipped phase 3 of Reference Processing: no references
[1472.355s][debug][gc,ref         ] GC(226) ReferenceProcessor::execute queues: 1, RefProcThreadModel::Single, marks_oops_alive: false
[1472.355s][debug][gc,phases      ] GC(226) Reference Processing 0.106ms
[1472.355s][debug][gc,phases      ] GC(226)   VM Weak                        Min:  0.0, Avg:  0.0, Max:  0.0, Diff:  0.0, Sum:  0.0, Workers: 4
[1472.355s][debug][gc,phases      ] GC(226)     Dead                           Min: 0, Avg:  0.0, Max: 0, Diff: 0, Sum: 0, Workers: 4
[1472.355s][debug][gc,phases      ] GC(226)     Total                          Min: 0, Avg: 167.0, Max: 668, Diff: 668, Sum: 668, Workers: 4
[1472.355s][debug][gc,phases      ] GC(226)   ObjectSynchronizer Weak        Min:  0.0, Avg:  0.0, Max:  0.0, Diff:  0.0, Sum:  0.0, Workers: 4
[1472.355s][debug][gc,phases      ] GC(226)     Dead                           Min: 0, Avg:  0.0, Max: 0, Diff: 0, Sum: 0, Workers: 4
[1472.355s][debug][gc,phases      ] GC(226)     Total                          Min: 0, Avg: 87.0, Max: 348, Diff: 348, Sum: 348, Workers: 4
[1472.355s][debug][gc,phases      ] GC(226)   JVMTI Tag Weak OopStorage      Min:  0.0, Avg:  0.0, Max:  0.0, Diff:  0.0, Sum:  0.0, Workers: 4
[1472.355s][debug][gc,phases      ] GC(226)     Dead                           Min: 0, Avg:  0.0, Max: 0, Diff: 0, Sum: 0, Workers: 4
[1472.355s][debug][gc,phases      ] GC(226)     Total                          Min: 0, Avg:  0.0, Max: 0, Diff: 0, Sum: 0, Workers: 4
[1472.355s][debug][gc,phases      ] GC(226)   StringTable Weak               Min:  0.1, Avg:  0.1, Max:  0.1, Diff:  0.0, Sum:  0.3, Workers: 4
[1472.355s][debug][gc,phases      ] GC(226)     Dead                           Min: 0, Avg:  0.0, Max: 0, Diff: 0, Sum: 0, Workers: 4
[1472.355s][debug][gc,phases      ] GC(226)     Total                          Min: 11326, Avg: 12031.5, Max: 13312, Diff: 1986, Sum: 48126, Workers: 4
[1472.355s][debug][gc,phases      ] GC(226)   ResolvedMethodTable Weak       Min:  0.0, Avg:  0.0, Max:  0.0, Diff:  0.0, Sum:  0.1, Workers: 4
[1472.355s][debug][gc,phases      ] GC(226)     Dead                           Min: 0, Avg:  0.0, Max: 0, Diff: 0, Sum: 0, Workers: 4
[1472.355s][debug][gc,phases      ] GC(226)     Total                          Min: 1262, Avg: 1986.2, Max: 2276, Diff: 1014, Sum: 7945, Workers: 4
[1472.355s][debug][gc,phases      ] GC(226)   JNI Weak                       Min:  0.0, Avg:  0.0, Max:  0.0, Diff:  0.0, Sum:  0.0, Workers: 4
[1472.355s][debug][gc,phases      ] GC(226)     Dead                           Min: 0, Avg:  0.0, Max: 0, Diff: 0, Sum: 0, Workers: 4
[1472.355s][debug][gc,phases      ] GC(226)     Total                          Min: 0, Avg:  0.0, Max: 0, Diff: 0, Sum: 0, Workers: 4
[1472.355s][debug][gc,phases      ] GC(226)   StringDedup Table Weak         Min:  0.0, Avg:  0.0, Max:  0.0, Diff:  0.0, Sum:  0.0, Workers: 4
[1472.355s][debug][gc,phases      ] GC(226)     Dead                           Min: 0, Avg:  0.0, Max: 0, Diff: 0, Sum: 0, Workers: 4
[1472.355s][debug][gc,phases      ] GC(226)     Total                          Min: 0, Avg:  0.0, Max: 0, Diff: 0, Sum: 0, Workers: 4
[1472.355s][debug][gc,phases      ] GC(226)   StringDedup Requests0 Weak     Min:  0.0, Avg:  0.0, Max:  0.0, Diff:  0.0, Sum:  0.0, Workers: 4
[1472.355s][debug][gc,phases      ] GC(226)     Dead                           Min: 0, Avg:  0.0, Max: 0, Diff: 0, Sum: 0, Workers: 4
[1472.355s][debug][gc,phases      ] GC(226)     Total                          Min: 0, Avg:  0.0, Max: 0, Diff: 0, Sum: 0, Workers: 4
[1472.355s][debug][gc,phases      ] GC(226)   StringDedup Requests1 Weak     Min:  0.0, Avg:  0.0, Max:  0.0, Diff:  0.0, Sum:  0.0, Workers: 4
[1472.355s][debug][gc,phases      ] GC(226)     Dead                           Min: 0, Avg:  0.0, Max: 0, Diff: 0, Sum: 0, Workers: 4
[1472.355s][debug][gc,phases      ] GC(226)     Total                          Min: 0, Avg:  0.0, Max: 0, Diff: 0, Sum: 0, Workers: 4
[1472.355s][debug][gc,phases      ] GC(226)   Weak JFR Old Object Samples    Min:  0.0, Avg:  0.0, Max:  0.0, Diff:  0.0, Sum:  0.0, Workers: 4
[1472.355s][debug][gc,phases      ] GC(226)     Dead                           Min: 0, Avg:  0.0, Max: 0, Diff: 0, Sum: 0, Workers: 4
[1472.355s][debug][gc,phases      ] GC(226)     Total                          Min: 0, Avg:  0.0, Max: 0, Diff: 0, Sum: 0, Workers: 4
[1472.355s][debug][gc,phases      ] GC(226) Weak Processing 0.281ms
[1472.355s][debug][gc,age         ] GC(226) Desired survivor size 3670016 bytes, new threshold 15 (max threshold 15)
[1472.355s][info ][gc,heap        ] GC(226) PSYoungGen: 2092432K(2093056K)->2608K(2093568K) Eden: 2089984K(2089984K)->0K(2089984K) From: 2448K(3072K)->2608K(3584K)
[1472.355s][info ][gc,heap        ] GC(226) ParOldGen: 560188K(614400K)->560188K(614400K)
[1472.355s][info ][gc,metaspace   ] GC(226) Metaspace: 82107K(83008K)->82107K(83008K) NonClass: 70619K(71104K)->70619K(71104K) Class: 11487K(11904K)->11487K(11904K)
[1472.355s][info ][gc             ] GC(226) Pause Young (Allocation Failure) 2590M->549M(2644M) 2.852ms
[1472.355s][info ][gc,cpu         ] GC(226) User=0.01s Sys=0.00s Real=0.00s
[1472.355s][info ][safepoint      ] Safepoint "ParallelGCFailedAllocation", Time since last: 3394403171 ns, Reaching safepoint: 30701 ns, At safepoint: 2920029 ns, Total: 2950730 ns
[1485.406s][info ][gc,start       ] GC(227) Pause Young (Allocation Failure)
[1485.409s][debug][gc,phases      ] GC(227) Scavenge 2.130ms
[1485.409s][debug][gc,ref         ] GC(227) Skipped phase 1 of Reference Processing: no references
[1485.409s][debug][gc,ref         ] GC(227) ReferenceProcessor::execute queues: 1, RefProcThreadModel::Single, marks_oops_alive: false
[1485.409s][debug][gc,ref         ] GC(227) Skipped phase 3 of Reference Processing: no references
[1485.409s][debug][gc,ref         ] GC(227) ReferenceProcessor::execute queues: 1, RefProcThreadModel::Single, marks_oops_alive: false
[1485.409s][debug][gc,phases      ] GC(227) Reference Processing 0.103ms
[1485.409s][debug][gc,phases      ] GC(227)   VM Weak                        Min:  0.0, Avg:  0.0, Max:  0.0, Diff:  0.0, Sum:  0.0, Workers: 4
[1485.409s][debug][gc,phases      ] GC(227)     Dead                           Min: 0, Avg:  0.0, Max: 0, Diff: 0, Sum: 0, Workers: 4
[1485.409s][debug][gc,phases      ] GC(227)     Total                          Min: 0, Avg: 167.0, Max: 604, Diff: 604, Sum: 668, Workers: 4
[1485.409s][debug][gc,phases      ] GC(227)   ObjectSynchronizer Weak        Min:  0.0, Avg:  0.0, Max:  0.0, Diff:  0.0, Sum:  0.0, Workers: 4
[1485.409s][debug][gc,phases      ] GC(227)     Dead                           Min: 0, Avg:  0.0, Max: 0, Diff: 0, Sum: 0, Workers: 4
[1485.409s][debug][gc,phases      ] GC(227)     Total                          Min: 0, Avg: 87.0, Max: 220, Diff: 220, Sum: 348, Workers: 4
[1485.409s][debug][gc,phases      ] GC(227)   JVMTI Tag Weak OopStorage      Min:  0.0, Avg:  0.0, Max:  0.0, Diff:  0.0, Sum:  0.0, Workers: 4
[1485.409s][debug][gc,phases      ] GC(227)     Dead                           Min: 0, Avg:  0.0, Max: 0, Diff: 0, Sum: 0, Workers: 4
[1485.409s][debug][gc,phases      ] GC(227)     Total                          Min: 0, Avg:  0.0, Max: 0, Diff: 0, Sum: 0, Workers: 4
[1485.409s][debug][gc,phases      ] GC(227)   StringTable Weak               Min:  0.1, Avg:  0.1, Max:  0.1, Diff:  0.0, Sum:  0.3, Workers: 4
[1485.409s][debug][gc,phases      ] GC(227)     Dead                           Min: 0, Avg:  0.0, Max: 0, Diff: 0, Sum: 0, Workers: 4
[1485.409s][debug][gc,phases      ] GC(227)     Total                          Min: 10944, Avg: 12031.5, Max: 13056, Diff: 2112, Sum: 48126, Workers: 4
[1485.409s][debug][gc,phases      ] GC(227)   ResolvedMethodTable Weak       Min:  0.0, Avg:  0.0, Max:  0.0, Diff:  0.0, Sum:  0.1, Workers: 4
[1485.409s][debug][gc,phases      ] GC(227)     Dead                           Min: 0, Avg:  0.0, Max: 0, Diff: 0, Sum: 0, Workers: 4
[1485.409s][debug][gc,phases      ] GC(227)     Total                          Min: 1927, Avg: 1986.2, Max: 2036, Diff: 109, Sum: 7945, Workers: 4
[1485.409s][debug][gc,phases      ] GC(227)   JNI Weak                       Min:  0.0, Avg:  0.0, Max:  0.0, Diff:  0.0, Sum:  0.0, Workers: 4
[1485.409s][debug][gc,phases      ] GC(227)     Dead                           Min: 0, Avg:  0.0, Max: 0, Diff: 0, Sum: 0, Workers: 4
[1485.409s][debug][gc,phases      ] GC(227)     Total                          Min: 0, Avg:  0.0, Max: 0, Diff: 0, Sum: 0, Workers: 4
[1485.409s][debug][gc,phases      ] GC(227)   StringDedup Table Weak         Min:  0.0, Avg:  0.0, Max:  0.0, Diff:  0.0, Sum:  0.0, Workers: 4
[1485.409s][debug][gc,phases      ] GC(227)     Dead                           Min: 0, Avg:  0.0, Max: 0, Diff: 0, Sum: 0, Workers: 4
[1485.409s][debug][gc,phases      ] GC(227)     Total                          Min: 0, Avg:  0.0, Max: 0, Diff: 0, Sum: 0, Workers: 4
[1485.409s][debug][gc,phases      ] GC(227)   StringDedup Requests0 Weak     Min:  0.0, Avg:  0.0, Max:  0.0, Diff:  0.0, Sum:  0.0, Workers: 4
[1485.409s][debug][gc,phases      ] GC(227)     Dead                           Min: 0, Avg:  0.0, Max: 0, Diff: 0, Sum: 0, Workers: 4
[1485.409s][debug][gc,phases      ] GC(227)     Total                          Min: 0, Avg:  0.0, Max: 0, Diff: 0, Sum: 0, Workers: 4
[1485.409s][debug][gc,phases      ] GC(227)   StringDedup Requests1 Weak     Min:  0.0, Avg:  0.0, Max:  0.0, Diff:  0.0, Sum:  0.0, Workers: 4
[1485.409s][debug][gc,phases      ] GC(227)     Dead                           Min: 0, Avg:  0.0, Max: 0, Diff: 0, Sum: 0, Workers: 4
[1485.409s][debug][gc,phases      ] GC(227)     Total                          Min: 0, Avg:  0.0, Max: 0, Diff: 0, Sum: 0, Workers: 4
[1485.409s][debug][gc,phases      ] GC(227)   Weak JFR Old Object Samples    Min:  0.0, Avg:  0.0, Max:  0.0, Diff:  0.0, Sum:  0.0, Workers: 4
[1485.409s][debug][gc,phases      ] GC(227)     Dead                           Min: 0, Avg:  0.0, Max: 0, Diff: 0, Sum: 0, Workers: 4
[1485.409s][debug][gc,phases      ] GC(227)     Total                          Min: 0, Avg:  0.0, Max: 0, Diff: 0, Sum: 0, Workers: 4
[1485.409s][debug][gc,phases      ] GC(227) Weak Processing 0.261ms
[1485.409s][debug][gc,age         ] GC(227) Desired survivor size 3670016 bytes, new threshold 15 (max threshold 15)
[1485.409s][info ][gc,heap        ] GC(227) PSYoungGen: 2092592K(2093568K)->2608K(2093568K) Eden: 2089984K(2089984K)->0K(2089984K) From: 2608K(3584K)->2608K(3584K)
[1485.409s][info ][gc,heap        ] GC(227) ParOldGen: 560188K(614400K)->560188K(614400K)
[1485.409s][info ][gc,metaspace   ] GC(227) Metaspace: 82108K(83008K)->82108K(83008K) NonClass: 70621K(71104K)->70621K(71104K) Class: 11487K(11904K)->11487K(11904K)
[1485.409s][info ][gc             ] GC(227) Pause Young (Allocation Failure) 2590M->549M(2644M) 2.600ms
[1485.409s][info ][gc,cpu         ] GC(227) User=0.01s Sys=0.00s Real=0.01s
[1485.409s][info ][safepoint      ] Safepoint "ParallelGCFailedAllocation", Time since last: 13051063847 ns, Reaching safepoint: 42601 ns, At safepoint: 2674726 ns, Total: 2717327 ns
[1493.410s][info ][safepoint      ] Safepoint "Cleanup", Time since last: 8000499323 ns, Reaching safepoint: 56600 ns, At safepoint: 7800 ns, Total: 64400 ns
[1498.956s][info ][gc,start       ] GC(228) Pause Young (Allocation Failure)
[1498.959s][debug][gc,phases      ] GC(228) Scavenge 2.865ms
[1498.959s][debug][gc,ref         ] GC(228) Skipped phase 1 of Reference Processing: no references
[1498.959s][debug][gc,ref         ] GC(228) ReferenceProcessor::execute queues: 1, RefProcThreadModel::Single, marks_oops_alive: false
[1498.959s][debug][gc,ref         ] GC(228) Skipped phase 3 of Reference Processing: no references
[1498.959s][debug][gc,ref         ] GC(228) ReferenceProcessor::execute queues: 1, RefProcThreadModel::Single, marks_oops_alive: false
[1498.959s][debug][gc,phases      ] GC(228) Reference Processing 0.114ms
[1498.959s][debug][gc,phases      ] GC(228)   VM Weak                        Min:  0.0, Avg:  0.0, Max:  0.0, Diff:  0.0, Sum:  0.0, Workers: 4
[1498.959s][debug][gc,phases      ] GC(228)     Dead                           Min: 0, Avg:  0.0, Max: 0, Diff: 0, Sum: 0, Workers: 4
[1498.959s][debug][gc,phases      ] GC(228)     Total                          Min: 0, Avg: 167.0, Max: 512, Diff: 512, Sum: 668, Workers: 4
[1498.959s][debug][gc,phases      ] GC(228)   ObjectSynchronizer Weak        Min:  0.0, Avg:  0.0, Max:  0.0, Diff:  0.0, Sum:  0.0, Workers: 4
[1498.959s][debug][gc,phases      ] GC(228)     Dead                           Min: 0, Avg:  0.0, Max: 0, Diff: 0, Sum: 0, Workers: 4
[1498.959s][debug][gc,phases      ] GC(228)     Total                          Min: 0, Avg: 87.0, Max: 220, Diff: 220, Sum: 348, Workers: 4
[1498.959s][debug][gc,phases      ] GC(228)   JVMTI Tag Weak OopStorage      Min:  0.0, Avg:  0.0, Max:  0.0, Diff:  0.0, Sum:  0.0, Workers: 4
[1498.959s][debug][gc,phases      ] GC(228)     Dead                           Min: 0, Avg:  0.0, Max: 0, Diff: 0, Sum: 0, Workers: 4
[1498.959s][debug][gc,phases      ] GC(228)     Total                          Min: 0, Avg:  0.0, Max: 0, Diff: 0, Sum: 0, Workers: 4
[1498.959s][debug][gc,phases      ] GC(228)   StringTable Weak               Min:  0.1, Avg:  0.1, Max:  0.1, Diff:  0.0, Sum:  0.4, Workers: 4
[1498.959s][debug][gc,phases      ] GC(228)     Dead                           Min: 0, Avg:  0.0, Max: 0, Diff: 0, Sum: 0, Workers: 4
[1498.959s][debug][gc,phases      ] GC(228)     Total                          Min: 9791, Avg: 12031.8, Max: 14912, Diff: 5121, Sum: 48127, Workers: 4
[1498.959s][debug][gc,phases      ] GC(228)   ResolvedMethodTable Weak       Min:  0.0, Avg:  0.0, Max:  0.0, Diff:  0.0, Sum:  0.1, Workers: 4
[1498.959s][debug][gc,phases      ] GC(228)     Dead                           Min: 0, Avg:  0.0, Max: 0, Diff: 0, Sum: 0, Workers: 4
[1498.959s][debug][gc,phases      ] GC(228)     Total                          Min: 1745, Avg: 1986.2, Max: 2499, Diff: 754, Sum: 7945, Workers: 4
[1498.959s][debug][gc,phases      ] GC(228)   JNI Weak                       Min:  0.0, Avg:  0.0, Max:  0.0, Diff:  0.0, Sum:  0.0, Workers: 4
[1498.959s][debug][gc,phases      ] GC(228)     Dead                           Min: 0, Avg:  0.0, Max: 0, Diff: 0, Sum: 0, Workers: 4
[1498.959s][debug][gc,phases      ] GC(228)     Total                          Min: 0, Avg:  0.0, Max: 0, Diff: 0, Sum: 0, Workers: 4
[1498.959s][debug][gc,phases      ] GC(228)   StringDedup Table Weak         Min:  0.0, Avg:  0.0, Max:  0.0, Diff:  0.0, Sum:  0.0, Workers: 4
[1498.959s][debug][gc,phases      ] GC(228)     Dead                           Min: 0, Avg:  0.0, Max: 0, Diff: 0, Sum: 0, Workers: 4
[1498.960s][debug][gc,phases      ] GC(228)     Total                          Min: 0, Avg:  0.0, Max: 0, Diff: 0, Sum: 0, Workers: 4
[1498.960s][debug][gc,phases      ] GC(228)   StringDedup Requests0 Weak     Min:  0.0, Avg:  0.0, Max:  0.0, Diff:  0.0, Sum:  0.0, Workers: 4
[1498.960s][debug][gc,phases      ] GC(228)     Dead                           Min: 0, Avg:  0.0, Max: 0, Diff: 0, Sum: 0, Workers: 4
[1498.960s][debug][gc,phases      ] GC(228)     Total                          Min: 0, Avg:  0.0, Max: 0, Diff: 0, Sum: 0, Workers: 4
[1498.960s][debug][gc,phases      ] GC(228)   StringDedup Requests1 Weak     Min:  0.0, Avg:  0.0, Max:  0.0, Diff:  0.0, Sum:  0.0, Workers: 4
[1498.960s][debug][gc,phases      ] GC(228)     Dead                           Min: 0, Avg:  0.0, Max: 0, Diff: 0, Sum: 0, Workers: 4
[1498.960s][debug][gc,phases      ] GC(228)     Total                          Min: 0, Avg:  0.0, Max: 0, Diff: 0, Sum: 0, Workers: 4
[1498.960s][debug][gc,phases      ] GC(228)   Weak JFR Old Object Samples    Min:  0.0, Avg:  0.0, Max:  0.0, Diff:  0.0, Sum:  0.0, Workers: 4
[1498.960s][debug][gc,phases      ] GC(228)     Dead                           Min: 0, Avg:  0.0, Max: 0, Diff: 0, Sum: 0, Workers: 4
[1498.960s][debug][gc,phases      ] GC(228)     Total                          Min: 0, Avg:  0.0, Max: 0, Diff: 0, Sum: 0, Workers: 4
[1498.960s][debug][gc,phases      ] GC(228) Weak Processing 0.306ms
[1498.960s][debug][gc,age         ] GC(228) Desired survivor size 3670016 bytes, new threshold 15 (max threshold 15)
[1498.960s][info ][gc,heap        ] GC(228) PSYoungGen: 2092592K(2093568K)->2594K(2093568K) Eden: 2089984K(2089984K)->0K(2089984K) From: 2608K(3584K)->2594K(3584K)
[1498.960s][info ][gc,heap        ] GC(228) ParOldGen: 560188K(614400K)->560228K(614400K)
[1498.960s][info ][gc,metaspace   ] GC(228) Metaspace: 82112K(83008K)->82112K(83008K) NonClass: 70624K(71104K)->70624K(71104K) Class: 11487K(11904K)->11487K(11904K)
[1498.960s][info ][gc             ] GC(228) Pause Young (Allocation Failure) 2590M->549M(2644M) 3.395ms
[1498.960s][info ][gc,cpu         ] GC(228) User=0.01s Sys=0.00s Real=0.01s
[1498.960s][info ][safepoint      ] Safepoint "ParallelGCFailedAllocation", Time since last: 5546583626 ns, Reaching safepoint: 25500 ns, At safepoint: 3464235 ns, Total: 3489735 ns
[1503.960s][info ][safepoint      ] Safepoint "Cleanup", Time since last: 5000322369 ns, Reaching safepoint: 119101 ns, At safepoint: 6801 ns, Total: 125902 ns
[1512.311s][info ][gc,start       ] GC(229) Pause Young (Allocation Failure)
[1512.314s][debug][gc,phases      ] GC(229) Scavenge 2.723ms
[1512.314s][debug][gc,ref         ] GC(229) Skipped phase 1 of Reference Processing: no references
[1512.314s][debug][gc,ref         ] GC(229) ReferenceProcessor::execute queues: 1, RefProcThreadModel::Single, marks_oops_alive: false
[1512.314s][debug][gc,ref         ] GC(229) Skipped phase 3 of Reference Processing: no references
[1512.314s][debug][gc,ref         ] GC(229) ReferenceProcessor::execute queues: 1, RefProcThreadModel::Single, marks_oops_alive: false
[1512.314s][debug][gc,phases      ] GC(229) Reference Processing 0.128ms
[1512.315s][debug][gc,phases      ] GC(229)   VM Weak                        Min:  0.0, Avg:  0.0, Max:  0.0, Diff:  0.0, Sum:  0.0, Workers: 4
[1512.315s][debug][gc,phases      ] GC(229)     Dead                           Min: 0, Avg:  0.0, Max: 0, Diff: 0, Sum: 0, Workers: 4
[1512.315s][debug][gc,phases      ] GC(229)     Total                          Min: 0, Avg: 167.0, Max: 604, Diff: 604, Sum: 668, Workers: 4
[1512.315s][debug][gc,phases      ] GC(229)   ObjectSynchronizer Weak        Min:  0.0, Avg:  0.0, Max:  0.0, Diff:  0.0, Sum:  0.0, Workers: 4
[1512.315s][debug][gc,phases      ] GC(229)     Dead                           Min: 0, Avg:  0.0, Max: 0, Diff: 0, Sum: 0, Workers: 4
[1512.315s][debug][gc,phases      ] GC(229)     Total                          Min: 0, Avg: 87.0, Max: 220, Diff: 220, Sum: 348, Workers: 4
[1512.315s][debug][gc,phases      ] GC(229)   JVMTI Tag Weak OopStorage      Min:  0.0, Avg:  0.0, Max:  0.0, Diff:  0.0, Sum:  0.0, Workers: 4
[1512.315s][debug][gc,phases      ] GC(229)     Dead                           Min: 0, Avg:  0.0, Max: 0, Diff: 0, Sum: 0, Workers: 4
[1512.315s][debug][gc,phases      ] GC(229)     Total                          Min: 0, Avg:  0.0, Max: 0, Diff: 0, Sum: 0, Workers: 4
[1512.315s][debug][gc,phases      ] GC(229)   StringTable Weak               Min:  0.1, Avg:  0.1, Max:  0.1, Diff:  0.0, Sum:  0.4, Workers: 4
[1512.315s][debug][gc,phases      ] GC(229)     Dead                           Min: 0, Avg:  0.0, Max: 0, Diff: 0, Sum: 0, Workers: 4
[1512.315s][debug][gc,phases      ] GC(229)     Total                          Min: 9600, Avg: 12031.8, Max: 14336, Diff: 4736, Sum: 48127, Workers: 4
[1512.315s][debug][gc,phases      ] GC(229)   ResolvedMethodTable Weak       Min:  0.0, Avg:  0.0, Max:  0.0, Diff:  0.0, Sum:  0.1, Workers: 4
[1512.315s][debug][gc,phases      ] GC(229)     Dead                           Min: 0, Avg:  0.0, Max: 0, Diff: 0, Sum: 0, Workers: 4
[1512.315s][debug][gc,phases      ] GC(229)     Total                          Min: 1657, Avg: 1986.2, Max: 2496, Diff: 839, Sum: 7945, Workers: 4
[1512.315s][debug][gc,phases      ] GC(229)   JNI Weak                       Min:  0.0, Avg:  0.0, Max:  0.0, Diff:  0.0, Sum:  0.0, Workers: 4
[1512.315s][debug][gc,phases      ] GC(229)     Dead                           Min: 0, Avg:  0.0, Max: 0, Diff: 0, Sum: 0, Workers: 4
[1512.315s][debug][gc,phases      ] GC(229)     Total                          Min: 0, Avg:  0.0, Max: 0, Diff: 0, Sum: 0, Workers: 4
[1512.315s][debug][gc,phases      ] GC(229)   StringDedup Table Weak         Min:  0.0, Avg:  0.0, Max:  0.0, Diff:  0.0, Sum:  0.0, Workers: 4
[1512.315s][debug][gc,phases      ] GC(229)     Dead                           Min: 0, Avg:  0.0, Max: 0, Diff: 0, Sum: 0, Workers: 4
[1512.315s][debug][gc,phases      ] GC(229)     Total                          Min: 0, Avg:  0.0, Max: 0, Diff: 0, Sum: 0, Workers: 4
[1512.315s][debug][gc,phases      ] GC(229)   StringDedup Requests0 Weak     Min:  0.0, Avg:  0.0, Max:  0.0, Diff:  0.0, Sum:  0.0, Workers: 4
[1512.315s][debug][gc,phases      ] GC(229)     Dead                           Min: 0, Avg:  0.0, Max: 0, Diff: 0, Sum: 0, Workers: 4
[1512.315s][debug][gc,phases      ] GC(229)     Total                          Min: 0, Avg:  0.0, Max: 0, Diff: 0, Sum: 0, Workers: 4
[1512.315s][debug][gc,phases      ] GC(229)   StringDedup Requests1 Weak     Min:  0.0, Avg:  0.0, Max:  0.0, Diff:  0.0, Sum:  0.0, Workers: 4
[1512.315s][debug][gc,phases      ] GC(229)     Dead                           Min: 0, Avg:  0.0, Max: 0, Diff: 0, Sum: 0, Workers: 4
[1512.315s][debug][gc,phases      ] GC(229)     Total                          Min: 0, Avg:  0.0, Max: 0, Diff: 0, Sum: 0, Workers: 4
[1512.315s][debug][gc,phases      ] GC(229)   Weak JFR Old Object Samples    Min:  0.0, Avg:  0.0, Max:  0.0, Diff:  0.0, Sum:  0.0, Workers: 4
[1512.315s][debug][gc,phases      ] GC(229)     Dead                           Min: 0, Avg:  0.0, Max: 0, Diff: 0, Sum: 0, Workers: 4
[1512.315s][debug][gc,phases      ] GC(229)     Total                          Min: 0, Avg:  0.0, Max: 0, Diff: 0, Sum: 0, Workers: 4
[1512.315s][debug][gc,phases      ] GC(229) Weak Processing 0.278ms
[1512.315s][debug][gc,age         ] GC(229) Desired survivor size 3670016 bytes, new threshold 15 (max threshold 15)
[1512.315s][info ][gc,heap        ] GC(229) PSYoungGen: 2092578K(2093568K)->2883K(2093568K) Eden: 2089984K(2089984K)->0K(2089984K) From: 2594K(3584K)->2883K(3584K)
[1512.315s][info ][gc,heap        ] GC(229) ParOldGen: 560228K(614400K)->560244K(614400K)
[1512.315s][info ][gc,metaspace   ] GC(229) Metaspace: 82115K(83008K)->82115K(83008K) NonClass: 70628K(71104K)->70628K(71104K) Class: 11487K(11904K)->11487K(11904K)
[1512.315s][info ][gc             ] GC(229) Pause Young (Allocation Failure) 2590M->549M(2644M) 3.249ms
[1512.315s][info ][gc,cpu         ] GC(229) User=0.01s Sys=0.00s Real=0.00s
[1512.315s][info ][safepoint      ] Safepoint "ParallelGCFailedAllocation", Time since last: 8351231323 ns, Reaching safepoint: 101001 ns, At safepoint: 3324633 ns, Total: 3425634 ns
[1525.410s][info ][gc,start       ] GC(230) Pause Young (Allocation Failure)
[1525.413s][debug][gc,phases      ] GC(230) Scavenge 2.989ms
[1525.413s][debug][gc,ref         ] GC(230) Skipped phase 1 of Reference Processing: no references
[1525.413s][debug][gc,ref         ] GC(230) ReferenceProcessor::execute queues: 1, RefProcThreadModel::Single, marks_oops_alive: false
[1525.413s][debug][gc,ref         ] GC(230) Skipped phase 3 of Reference Processing: no references
[1525.413s][debug][gc,ref         ] GC(230) ReferenceProcessor::execute queues: 1, RefProcThreadModel::Single, marks_oops_alive: false
[1525.413s][debug][gc,phases      ] GC(230) Reference Processing 0.124ms
[1525.413s][debug][gc,phases      ] GC(230)   VM Weak                        Min:  0.0, Avg:  0.0, Max:  0.0, Diff:  0.0, Sum:  0.0, Workers: 4
[1525.413s][debug][gc,phases      ] GC(230)     Dead                           Min: 0, Avg:  0.0, Max: 0, Diff: 0, Sum: 0, Workers: 4
[1525.413s][debug][gc,phases      ] GC(230)     Total                          Min: 0, Avg: 167.0, Max: 284, Diff: 284, Sum: 668, Workers: 4
[1525.413s][debug][gc,phases      ] GC(230)   ObjectSynchronizer Weak        Min:  0.0, Avg:  0.0, Max:  0.0, Diff:  0.0, Sum:  0.0, Workers: 4
[1525.413s][debug][gc,phases      ] GC(230)     Dead                           Min: 0, Avg:  0.0, Max: 0, Diff: 0, Sum: 0, Workers: 4
[1525.413s][debug][gc,phases      ] GC(230)     Total                          Min: 0, Avg: 87.0, Max: 156, Diff: 156, Sum: 348, Workers: 4
[1525.413s][debug][gc,phases      ] GC(230)   JVMTI Tag Weak OopStorage      Min:  0.0, Avg:  0.0, Max:  0.0, Diff:  0.0, Sum:  0.0, Workers: 4
[1525.413s][debug][gc,phases      ] GC(230)     Dead                           Min: 0, Avg:  0.0, Max: 0, Diff: 0, Sum: 0, Workers: 4
[1525.413s][debug][gc,phases      ] GC(230)     Total                          Min: 0, Avg:  0.0, Max: 0, Diff: 0, Sum: 0, Workers: 4
[1525.413s][debug][gc,phases      ] GC(230)   StringTable Weak               Min:  0.1, Avg:  0.1, Max:  0.1, Diff:  0.0, Sum:  0.4, Workers: 4
[1525.413s][debug][gc,phases      ] GC(230)     Dead                           Min: 0, Avg:  0.0, Max: 0, Diff: 0, Sum: 0, Workers: 4
[1525.413s][debug][gc,phases      ] GC(230)     Total                          Min: 9856, Avg: 12031.8, Max: 15488, Diff: 5632, Sum: 48127, Workers: 4
[1525.413s][debug][gc,phases      ] GC(230)   ResolvedMethodTable Weak       Min:  0.0, Avg:  0.0, Max:  0.0, Diff:  0.0, Sum:  0.1, Workers: 4
[1525.413s][debug][gc,phases      ] GC(230)     Dead                           Min: 0, Avg:  0.0, Max: 0, Diff: 0, Sum: 0, Workers: 4
[1525.413s][debug][gc,phases      ] GC(230)     Total                          Min: 1635, Avg: 1986.2, Max: 2442, Diff: 807, Sum: 7945, Workers: 4
[1525.413s][debug][gc,phases      ] GC(230)   JNI Weak                       Min:  0.0, Avg:  0.0, Max:  0.0, Diff:  0.0, Sum:  0.0, Workers: 4
[1525.413s][debug][gc,phases      ] GC(230)     Dead                           Min: 0, Avg:  0.0, Max: 0, Diff: 0, Sum: 0, Workers: 4
[1525.413s][debug][gc,phases      ] GC(230)     Total                          Min: 0, Avg:  0.0, Max: 0, Diff: 0, Sum: 0, Workers: 4
[1525.413s][debug][gc,phases      ] GC(230)   StringDedup Table Weak         Min:  0.0, Avg:  0.0, Max:  0.0, Diff:  0.0, Sum:  0.0, Workers: 4
[1525.413s][debug][gc,phases      ] GC(230)     Dead                           Min: 0, Avg:  0.0, Max: 0, Diff: 0, Sum: 0, Workers: 4
[1525.413s][debug][gc,phases      ] GC(230)     Total                          Min: 0, Avg:  0.0, Max: 0, Diff: 0, Sum: 0, Workers: 4
[1525.413s][debug][gc,phases      ] GC(230)   StringDedup Requests0 Weak     Min:  0.0, Avg:  0.0, Max:  0.0, Diff:  0.0, Sum:  0.0, Workers: 4
[1525.413s][debug][gc,phases      ] GC(230)     Dead                           Min: 0, Avg:  0.0, Max: 0, Diff: 0, Sum: 0, Workers: 4
[1525.413s][debug][gc,phases      ] GC(230)     Total                          Min: 0, Avg:  0.0, Max: 0, Diff: 0, Sum: 0, Workers: 4
[1525.413s][debug][gc,phases      ] GC(230)   StringDedup Requests1 Weak     Min:  0.0, Avg:  0.0, Max:  0.0, Diff:  0.0, Sum:  0.0, Workers: 4
[1525.413s][debug][gc,phases      ] GC(230)     Dead                           Min: 0, Avg:  0.0, Max: 0, Diff: 0, Sum: 0, Workers: 4
[1525.413s][debug][gc,phases      ] GC(230)     Total                          Min: 0, Avg:  0.0, Max: 0, Diff: 0, Sum: 0, Workers: 4
[1525.413s][debug][gc,phases      ] GC(230)   Weak JFR Old Object Samples    Min:  0.0, Avg:  0.0, Max:  0.0, Diff:  0.0, Sum:  0.0, Workers: 4
[1525.414s][debug][gc,phases      ] GC(230)     Dead                           Min: 0, Avg:  0.0, Max: 0, Diff: 0, Sum: 0, Workers: 4
[1525.414s][debug][gc,phases      ] GC(230)     Total                          Min: 0, Avg:  0.0, Max: 0, Diff: 0, Sum: 0, Workers: 4
[1525.414s][debug][gc,phases      ] GC(230) Weak Processing 0.281ms
[1525.414s][debug][gc,age         ] GC(230) Desired survivor size 3670016 bytes, new threshold 15 (max threshold 15)
[1525.414s][info ][gc,heap        ] GC(230) PSYoungGen: 2092867K(2093568K)->2672K(2093568K) Eden: 2089984K(2089984K)->0K(2089984K) From: 2883K(3584K)->2672K(3584K)
[1525.414s][info ][gc,heap        ] GC(230) ParOldGen: 560244K(614400K)->560276K(614400K)
[1525.414s][info ][gc,metaspace   ] GC(230) Metaspace: 82115K(83008K)->82115K(83008K) NonClass: 70628K(71104K)->70628K(71104K) Class: 11487K(11904K)->11487K(11904K)
[1525.414s][info ][gc             ] GC(230) Pause Young (Allocation Failure) 2590M->549M(2644M) 3.497ms
[1525.414s][info ][gc,cpu         ] GC(230) User=0.01s Sys=0.00s Real=0.00s
[1525.414s][info ][safepoint      ] Safepoint "ParallelGCFailedAllocation", Time since last: 13095239961 ns, Reaching safepoint: 45500 ns, At safepoint: 3573535 ns, Total: 3619035 ns
[1530.414s][info ][safepoint      ] Safepoint "Cleanup", Time since last: 5000333743 ns, Reaching safepoint: 37001 ns, At safepoint: 2700 ns, Total: 39701 ns
[1534.414s][info ][safepoint      ] Safepoint "Cleanup", Time since last: 4000316665 ns, Reaching safepoint: 63100 ns, At safepoint: 10500 ns, Total: 73600 ns
[1535.415s][info ][safepoint      ] Safepoint "Cleanup", Time since last: 1000105738 ns, Reaching safepoint: 43300 ns, At safepoint: 3100 ns, Total: 46400 ns
[1536.415s][info ][safepoint      ] Safepoint "Cleanup", Time since last: 1000100936 ns, Reaching safepoint: 46800 ns, At safepoint: 2400 ns, Total: 49200 ns
[1537.415s][info ][safepoint      ] Safepoint "Cleanup", Time since last: 1000104034 ns, Reaching safepoint: 36601 ns, At safepoint: 2900 ns, Total: 39501 ns
[1538.791s][info ][gc,start       ] GC(231) Pause Young (Allocation Failure)
[1538.794s][debug][gc,phases      ] GC(231) Scavenge 3.169ms
[1538.794s][debug][gc,ref         ] GC(231) Skipped phase 1 of Reference Processing: no references
[1538.794s][debug][gc,ref         ] GC(231) ReferenceProcessor::execute queues: 1, RefProcThreadModel::Single, marks_oops_alive: false
[1538.794s][debug][gc,ref         ] GC(231) Skipped phase 3 of Reference Processing: no references
[1538.794s][debug][gc,ref         ] GC(231) ReferenceProcessor::execute queues: 1, RefProcThreadModel::Single, marks_oops_alive: false
[1538.794s][debug][gc,phases      ] GC(231) Reference Processing 0.105ms
[1538.794s][debug][gc,phases      ] GC(231)   VM Weak                        Min:  0.0, Avg:  0.0, Max:  0.0, Diff:  0.0, Sum:  0.0, Workers: 4
[1538.794s][debug][gc,phases      ] GC(231)     Dead                           Min: 0, Avg:  0.0, Max: 0, Diff: 0, Sum: 0, Workers: 4
[1538.794s][debug][gc,phases      ] GC(231)     Total                          Min: 0, Avg: 167.0, Max: 348, Diff: 348, Sum: 668, Workers: 4
[1538.794s][debug][gc,phases      ] GC(231)   ObjectSynchronizer Weak        Min:  0.0, Avg:  0.0, Max:  0.0, Diff:  0.0, Sum:  0.0, Workers: 4
[1538.794s][debug][gc,phases      ] GC(231)     Dead                           Min: 0, Avg:  0.0, Max: 0, Diff: 0, Sum: 0, Workers: 4
[1538.794s][debug][gc,phases      ] GC(231)     Total                          Min: 0, Avg: 87.0, Max: 192, Diff: 192, Sum: 348, Workers: 4
[1538.794s][debug][gc,phases      ] GC(231)   JVMTI Tag Weak OopStorage      Min:  0.0, Avg:  0.0, Max:  0.0, Diff:  0.0, Sum:  0.0, Workers: 4
[1538.794s][debug][gc,phases      ] GC(231)     Dead                           Min: 0, Avg:  0.0, Max: 0, Diff: 0, Sum: 0, Workers: 4
[1538.794s][debug][gc,phases      ] GC(231)     Total                          Min: 0, Avg:  0.0, Max: 0, Diff: 0, Sum: 0, Workers: 4
[1538.794s][debug][gc,phases      ] GC(231)   StringTable Weak               Min:  0.1, Avg:  0.1, Max:  0.1, Diff:  0.0, Sum:  0.4, Workers: 4
[1538.794s][debug][gc,phases      ] GC(231)     Dead                           Min: 0, Avg:  0.0, Max: 0, Diff: 0, Sum: 0, Workers: 4
[1538.794s][debug][gc,phases      ] GC(231)     Total                          Min: 11456, Avg: 12031.8, Max: 12352, Diff: 896, Sum: 48127, Workers: 4
[1538.794s][debug][gc,phases      ] GC(231)   ResolvedMethodTable Weak       Min:  0.0, Avg:  0.0, Max:  0.0, Diff:  0.0, Sum:  0.1, Workers: 4
[1538.794s][debug][gc,phases      ] GC(231)     Dead                           Min: 0, Avg:  0.0, Max: 0, Diff: 0, Sum: 0, Workers: 4
[1538.794s][debug][gc,phases      ] GC(231)     Total                          Min: 1928, Avg: 1986.2, Max: 2134, Diff: 206, Sum: 7945, Workers: 4
[1538.794s][debug][gc,phases      ] GC(231)   JNI Weak                       Min:  0.0, Avg:  0.0, Max:  0.0, Diff:  0.0, Sum:  0.0, Workers: 4
[1538.794s][debug][gc,phases      ] GC(231)     Dead                           Min: 0, Avg:  0.0, Max: 0, Diff: 0, Sum: 0, Workers: 4
[1538.794s][debug][gc,phases      ] GC(231)     Total                          Min: 0, Avg:  0.0, Max: 0, Diff: 0, Sum: 0, Workers: 4
[1538.794s][debug][gc,phases      ] GC(231)   StringDedup Table Weak         Min:  0.0, Avg:  0.0, Max:  0.0, Diff:  0.0, Sum:  0.0, Workers: 4
[1538.794s][debug][gc,phases      ] GC(231)     Dead                           Min: 0, Avg:  0.0, Max: 0, Diff: 0, Sum: 0, Workers: 4
[1538.794s][debug][gc,phases      ] GC(231)     Total                          Min: 0, Avg:  0.0, Max: 0, Diff: 0, Sum: 0, Workers: 4
[1538.794s][debug][gc,phases      ] GC(231)   StringDedup Requests0 Weak     Min:  0.0, Avg:  0.0, Max:  0.0, Diff:  0.0, Sum:  0.0, Workers: 4
[1538.794s][debug][gc,phases      ] GC(231)     Dead                           Min: 0, Avg:  0.0, Max: 0, Diff: 0, Sum: 0, Workers: 4
[1538.794s][debug][gc,phases      ] GC(231)     Total                          Min: 0, Avg:  0.0, Max: 0, Diff: 0, Sum: 0, Workers: 4
[1538.794s][debug][gc,phases      ] GC(231)   StringDedup Requests1 Weak     Min:  0.0, Avg:  0.0, Max:  0.0, Diff:  0.0, Sum:  0.0, Workers: 4
[1538.794s][debug][gc,phases      ] GC(231)     Dead                           Min: 0, Avg:  0.0, Max: 0, Diff: 0, Sum: 0, Workers: 4
[1538.794s][debug][gc,phases      ] GC(231)     Total                          Min: 0, Avg:  0.0, Max: 0, Diff: 0, Sum: 0, Workers: 4
[1538.794s][debug][gc,phases      ] GC(231)   Weak JFR Old Object Samples    Min:  0.0, Avg:  0.0, Max:  0.0, Diff:  0.0, Sum:  0.0, Workers: 4
[1538.794s][debug][gc,phases      ] GC(231)     Dead                           Min: 0, Avg:  0.0, Max: 0, Diff: 0, Sum: 0, Workers: 4
[1538.795s][debug][gc,phases      ] GC(231)     Total                          Min: 0, Avg:  0.0, Max: 0, Diff: 0, Sum: 0, Workers: 4
[1538.795s][debug][gc,phases      ] GC(231) Weak Processing 0.303ms
[1538.795s][debug][gc,age         ] GC(231) Desired survivor size 3670016 bytes, new threshold 15 (max threshold 15)
[1538.795s][info ][gc,heap        ] GC(231) PSYoungGen: 2092656K(2093568K)->2512K(2093568K) Eden: 2089984K(2089984K)->0K(2089984K) From: 2672K(3584K)->2512K(3584K)
[1538.795s][info ][gc,heap        ] GC(231) ParOldGen: 560276K(614400K)->560292K(614400K)
[1538.795s][info ][gc,metaspace   ] GC(231) Metaspace: 82115K(83008K)->82115K(83008K) NonClass: 70628K(71104K)->70628K(71104K) Class: 11487K(11904K)->11487K(11904K)
[1538.795s][info ][gc             ] GC(231) Pause Young (Allocation Failure) 2590M->549M(2644M) 3.686ms
[1538.795s][info ][gc,cpu         ] GC(231) User=0.01s Sys=0.00s Real=0.00s
[1538.795s][info ][safepoint      ] Safepoint "ParallelGCFailedAllocation", Time since last: 1375995327 ns, Reaching safepoint: 27301 ns, At safepoint: 3756237 ns, Total: 3783538 ns
[1552.402s][info ][gc,start       ] GC(232) Pause Young (Allocation Failure)
[1552.405s][debug][gc,phases      ] GC(232) Scavenge 2.730ms
[1552.405s][debug][gc,ref         ] GC(232) Skipped phase 1 of Reference Processing: no references
[1552.405s][debug][gc,ref         ] GC(232) ReferenceProcessor::execute queues: 1, RefProcThreadModel::Single, marks_oops_alive: false
[1552.405s][debug][gc,ref         ] GC(232) Skipped phase 3 of Reference Processing: no references
[1552.405s][debug][gc,ref         ] GC(232) ReferenceProcessor::execute queues: 1, RefProcThreadModel::Single, marks_oops_alive: false
[1552.405s][debug][gc,phases      ] GC(232) Reference Processing 0.143ms
[1552.405s][debug][gc,phases      ] GC(232)   VM Weak                        Min:  0.0, Avg:  0.0, Max:  0.0, Diff:  0.0, Sum:  0.0, Workers: 4
[1552.405s][debug][gc,phases      ] GC(232)     Dead                           Min: 0, Avg:  0.0, Max: 0, Diff: 0, Sum: 0, Workers: 4
[1552.405s][debug][gc,phases      ] GC(232)     Total                          Min: 0, Avg: 167.0, Max: 384, Diff: 384, Sum: 668, Workers: 4
[1552.405s][debug][gc,phases      ] GC(232)   ObjectSynchronizer Weak        Min:  0.0, Avg:  0.0, Max:  0.0, Diff:  0.0, Sum:  0.0, Workers: 4
[1552.405s][debug][gc,phases      ] GC(232)     Dead                           Min: 0, Avg:  0.0, Max: 0, Diff: 0, Sum: 0, Workers: 4
[1552.405s][debug][gc,phases      ] GC(232)     Total                          Min: 0, Avg: 87.0, Max: 192, Diff: 192, Sum: 348, Workers: 4
[1552.405s][debug][gc,phases      ] GC(232)   JVMTI Tag Weak OopStorage      Min:  0.0, Avg:  0.0, Max:  0.0, Diff:  0.0, Sum:  0.0, Workers: 4
[1552.406s][debug][gc,phases      ] GC(232)     Dead                           Min: 0, Avg:  0.0, Max: 0, Diff: 0, Sum: 0, Workers: 4
[1552.406s][debug][gc,phases      ] GC(232)     Total                          Min: 0, Avg:  0.0, Max: 0, Diff: 0, Sum: 0, Workers: 4
[1552.406s][debug][gc,phases      ] GC(232)   StringTable Weak               Min:  0.1, Avg:  0.1, Max:  0.1, Diff:  0.0, Sum:  0.5, Workers: 4
[1552.406s][debug][gc,phases      ] GC(232)     Dead                           Min: 0, Avg:  0.0, Max: 0, Diff: 0, Sum: 0, Workers: 4
[1552.406s][debug][gc,phases      ] GC(232)     Total                          Min: 11136, Avg: 12031.8, Max: 12608, Diff: 1472, Sum: 48127, Workers: 4
[1552.406s][debug][gc,phases      ] GC(232)   ResolvedMethodTable Weak       Min:  0.0, Avg:  0.0, Max:  0.0, Diff:  0.0, Sum:  0.1, Workers: 4
[1552.406s][debug][gc,phases      ] GC(232)     Dead                           Min: 0, Avg:  0.0, Max: 0, Diff: 0, Sum: 0, Workers: 4
[1552.406s][debug][gc,phases      ] GC(232)     Total                          Min: 1930, Avg: 1986.2, Max: 2081, Diff: 151, Sum: 7945, Workers: 4
[1552.406s][debug][gc,phases      ] GC(232)   JNI Weak                       Min:  0.0, Avg:  0.0, Max:  0.0, Diff:  0.0, Sum:  0.0, Workers: 4
[1552.406s][debug][gc,phases      ] GC(232)     Dead                           Min: 0, Avg:  0.0, Max: 0, Diff: 0, Sum: 0, Workers: 4
[1552.406s][debug][gc,phases      ] GC(232)     Total                          Min: 0, Avg:  0.0, Max: 0, Diff: 0, Sum: 0, Workers: 4
[1552.406s][debug][gc,phases      ] GC(232)   StringDedup Table Weak         Min:  0.0, Avg:  0.0, Max:  0.0, Diff:  0.0, Sum:  0.0, Workers: 4
[1552.406s][debug][gc,phases      ] GC(232)     Dead                           Min: 0, Avg:  0.0, Max: 0, Diff: 0, Sum: 0, Workers: 4
[1552.406s][debug][gc,phases      ] GC(232)     Total                          Min: 0, Avg:  0.0, Max: 0, Diff: 0, Sum: 0, Workers: 4
[1552.406s][debug][gc,phases      ] GC(232)   StringDedup Requests0 Weak     Min:  0.0, Avg:  0.0, Max:  0.0, Diff:  0.0, Sum:  0.0, Workers: 4
[1552.406s][debug][gc,phases      ] GC(232)     Dead                           Min: 0, Avg:  0.0, Max: 0, Diff: 0, Sum: 0, Workers: 4
[1552.406s][debug][gc,phases      ] GC(232)     Total                          Min: 0, Avg:  0.0, Max: 0, Diff: 0, Sum: 0, Workers: 4
[1552.406s][debug][gc,phases      ] GC(232)   StringDedup Requests1 Weak     Min:  0.0, Avg:  0.0, Max:  0.0, Diff:  0.0, Sum:  0.0, Workers: 4
[1552.406s][debug][gc,phases      ] GC(232)     Dead                           Min: 0, Avg:  0.0, Max: 0, Diff: 0, Sum: 0, Workers: 4
[1552.406s][debug][gc,phases      ] GC(232)     Total                          Min: 0, Avg:  0.0, Max: 0, Diff: 0, Sum: 0, Workers: 4
[1552.406s][debug][gc,phases      ] GC(232)   Weak JFR Old Object Samples    Min:  0.0, Avg:  0.0, Max:  0.0, Diff:  0.0, Sum:  0.0, Workers: 4
[1552.406s][debug][gc,phases      ] GC(232)     Dead                           Min: 0, Avg:  0.0, Max: 0, Diff: 0, Sum: 0, Workers: 4
[1552.406s][debug][gc,phases      ] GC(232)     Total                          Min: 0, Avg:  0.0, Max: 0, Diff: 0, Sum: 0, Workers: 4
[1552.406s][debug][gc,phases      ] GC(232) Weak Processing 0.383ms
[1552.406s][debug][gc,age         ] GC(232) Desired survivor size 3145728 bytes, new threshold 15 (max threshold 15)
[1552.406s][info ][gc,heap        ] GC(232) PSYoungGen: 2092496K(2093568K)->2514K(2093568K) Eden: 2089984K(2089984K)->0K(2089984K) From: 2512K(3584K)->2514K(3584K)
[1552.406s][info ][gc,heap        ] GC(232) ParOldGen: 560292K(614400K)->560340K(614400K)
[1552.406s][info ][gc,metaspace   ] GC(232) Metaspace: 82116K(83008K)->82116K(83008K) NonClass: 70629K(71104K)->70629K(71104K) Class: 11487K(11904K)->11487K(11904K)
[1552.406s][info ][gc             ] GC(232) Pause Young (Allocation Failure) 2590M->549M(2644M) 3.361ms
[1552.406s][info ][gc,cpu         ] GC(232) User=0.01s Sys=0.00s Real=0.00s
[1552.406s][info ][safepoint      ] Safepoint "ParallelGCFailedAllocation", Time since last: 13607655412 ns, Reaching safepoint: 42000 ns, At safepoint: 3431834 ns, Total: 3473834 ns
[1565.805s][info ][gc,start       ] GC(233) Pause Young (Allocation Failure)
[1565.808s][debug][gc,phases      ] GC(233) Scavenge 2.691ms
[1565.808s][debug][gc,ref         ] GC(233) Skipped phase 1 of Reference Processing: no references
[1565.808s][debug][gc,ref         ] GC(233) ReferenceProcessor::execute queues: 1, RefProcThreadModel::Single, marks_oops_alive: false
[1565.808s][debug][gc,ref         ] GC(233) Skipped phase 3 of Reference Processing: no references
[1565.808s][debug][gc,ref         ] GC(233) ReferenceProcessor::execute queues: 1, RefProcThreadModel::Single, marks_oops_alive: false
[1565.808s][debug][gc,phases      ] GC(233) Reference Processing 0.103ms
[1565.808s][debug][gc,phases      ] GC(233)   VM Weak                        Min:  0.0, Avg:  0.0, Max:  0.0, Diff:  0.0, Sum:  0.0, Workers: 4
[1565.808s][debug][gc,phases      ] GC(233)     Dead                           Min: 0, Avg:  0.0, Max: 0, Diff: 0, Sum: 0, Workers: 4
[1565.808s][debug][gc,phases      ] GC(233)     Total                          Min: 0, Avg: 167.0, Max: 576, Diff: 576, Sum: 668, Workers: 4
[1565.809s][debug][gc,phases      ] GC(233)   ObjectSynchronizer Weak        Min:  0.0, Avg:  0.0, Max:  0.0, Diff:  0.0, Sum:  0.0, Workers: 4
[1565.809s][debug][gc,phases      ] GC(233)     Dead                           Min: 0, Avg:  0.0, Max: 0, Diff: 0, Sum: 0, Workers: 4
[1565.809s][debug][gc,phases      ] GC(233)     Total                          Min: 0, Avg: 87.0, Max: 192, Diff: 192, Sum: 348, Workers: 4
[1565.809s][debug][gc,phases      ] GC(233)   JVMTI Tag Weak OopStorage      Min:  0.0, Avg:  0.0, Max:  0.0, Diff:  0.0, Sum:  0.0, Workers: 4
[1565.809s][debug][gc,phases      ] GC(233)     Dead                           Min: 0, Avg:  0.0, Max: 0, Diff: 0, Sum: 0, Workers: 4
[1565.809s][debug][gc,phases      ] GC(233)     Total                          Min: 0, Avg:  0.0, Max: 0, Diff: 0, Sum: 0, Workers: 4
[1565.809s][debug][gc,phases      ] GC(233)   StringTable Weak               Min:  0.1, Avg:  0.1, Max:  0.1, Diff:  0.0, Sum:  0.4, Workers: 4
[1565.809s][debug][gc,phases      ] GC(233)     Dead                           Min: 0, Avg:  0.0, Max: 0, Diff: 0, Sum: 0, Workers: 4
[1565.809s][debug][gc,phases      ] GC(233)     Total                          Min: 9536, Avg: 12031.8, Max: 14719, Diff: 5183, Sum: 48127, Workers: 4
[1565.809s][debug][gc,phases      ] GC(233)   ResolvedMethodTable Weak       Min:  0.0, Avg:  0.0, Max:  0.0, Diff:  0.0, Sum:  0.1, Workers: 4
[1565.809s][debug][gc,phases      ] GC(233)     Dead                           Min: 0, Avg:  0.0, Max: 0, Diff: 0, Sum: 0, Workers: 4
[1565.809s][debug][gc,phases      ] GC(233)     Total                          Min: 1693, Avg: 1986.2, Max: 2283, Diff: 590, Sum: 7945, Workers: 4
[1565.809s][debug][gc,phases      ] GC(233)   JNI Weak                       Min:  0.0, Avg:  0.0, Max:  0.0, Diff:  0.0, Sum:  0.0, Workers: 4
[1565.809s][debug][gc,phases      ] GC(233)     Dead                           Min: 0, Avg:  0.0, Max: 0, Diff: 0, Sum: 0, Workers: 4
[1565.809s][debug][gc,phases      ] GC(233)     Total                          Min: 0, Avg:  0.0, Max: 0, Diff: 0, Sum: 0, Workers: 4
[1565.809s][debug][gc,phases      ] GC(233)   StringDedup Table Weak         Min:  0.0, Avg:  0.0, Max:  0.0, Diff:  0.0, Sum:  0.0, Workers: 4
[1565.809s][debug][gc,phases      ] GC(233)     Dead                           Min: 0, Avg:  0.0, Max: 0, Diff: 0, Sum: 0, Workers: 4
[1565.809s][debug][gc,phases      ] GC(233)     Total                          Min: 0, Avg:  0.0, Max: 0, Diff: 0, Sum: 0, Workers: 4
[1565.809s][debug][gc,phases      ] GC(233)   StringDedup Requests0 Weak     Min:  0.0, Avg:  0.0, Max:  0.0, Diff:  0.0, Sum:  0.0, Workers: 4
[1565.809s][debug][gc,phases      ] GC(233)     Dead                           Min: 0, Avg:  0.0, Max: 0, Diff: 0, Sum: 0, Workers: 4
[1565.809s][debug][gc,phases      ] GC(233)     Total                          Min: 0, Avg:  0.0, Max: 0, Diff: 0, Sum: 0, Workers: 4
[1565.809s][debug][gc,phases      ] GC(233)   StringDedup Requests1 Weak     Min:  0.0, Avg:  0.0, Max:  0.0, Diff:  0.0, Sum:  0.0, Workers: 4
[1565.809s][debug][gc,phases      ] GC(233)     Dead                           Min: 0, Avg:  0.0, Max: 0, Diff: 0, Sum: 0, Workers: 4
[1565.809s][debug][gc,phases      ] GC(233)     Total                          Min: 0, Avg:  0.0, Max: 0, Diff: 0, Sum: 0, Workers: 4
[1565.809s][debug][gc,phases      ] GC(233)   Weak JFR Old Object Samples    Min:  0.0, Avg:  0.0, Max:  0.0, Diff:  0.0, Sum:  0.0, Workers: 4
[1565.809s][debug][gc,phases      ] GC(233)     Dead                           Min: 0, Avg:  0.0, Max: 0, Diff: 0, Sum: 0, Workers: 4
[1565.809s][debug][gc,phases      ] GC(233)     Total                          Min: 0, Avg:  0.0, Max: 0, Diff: 0, Sum: 0, Workers: 4
[1565.809s][debug][gc,phases      ] GC(233) Weak Processing 0.274ms
[1565.809s][debug][gc,age         ] GC(233) Desired survivor size 3145728 bytes, new threshold 15 (max threshold 15)
[1565.809s][info ][gc,heap        ] GC(233) PSYoungGen: 2092498K(2093568K)->2688K(2094080K) Eden: 2089984K(2089984K)->0K(2091008K) From: 2514K(3584K)->2688K(3072K)
[1565.809s][info ][gc,heap        ] GC(233) ParOldGen: 560340K(614400K)->560356K(614400K)
[1565.809s][info ][gc,metaspace   ] GC(233) Metaspace: 82118K(83008K)->82118K(83008K) NonClass: 70630K(71104K)->70630K(71104K) Class: 11487K(11904K)->11487K(11904K)
[1565.809s][info ][gc             ] GC(233) Pause Young (Allocation Failure) 2590M->549M(2645M) 3.165ms
[1565.809s][info ][gc,cpu         ] GC(233) User=0.01s Sys=0.00s Real=0.01s
[1565.809s][info ][safepoint      ] Safepoint "ParallelGCFailedAllocation", Time since last: 13399669882 ns, Reaching safepoint: 42401 ns, At safepoint: 3261332 ns, Total: 3303733 ns
[1579.153s][info ][gc,start       ] GC(234) Pause Young (Allocation Failure)
[1579.155s][debug][gc,phases      ] GC(234) Scavenge 2.324ms
[1579.155s][debug][gc,ref         ] GC(234) Skipped phase 1 of Reference Processing: no references
[1579.155s][debug][gc,ref         ] GC(234) ReferenceProcessor::execute queues: 1, RefProcThreadModel::Single, marks_oops_alive: false
[1579.155s][debug][gc,ref         ] GC(234) Skipped phase 3 of Reference Processing: no references
[1579.155s][debug][gc,ref         ] GC(234) ReferenceProcessor::execute queues: 1, RefProcThreadModel::Single, marks_oops_alive: false
[1579.155s][debug][gc,phases      ] GC(234) Reference Processing 0.103ms
[1579.155s][debug][gc,phases      ] GC(234)   VM Weak                        Min:  0.0, Avg:  0.0, Max:  0.0, Diff:  0.0, Sum:  0.0, Workers: 4
[1579.155s][debug][gc,phases      ] GC(234)     Dead                           Min: 0, Avg:  0.0, Max: 0, Diff: 0, Sum: 0, Workers: 4
[1579.155s][debug][gc,phases      ] GC(234)     Total                          Min: 0, Avg: 167.0, Max: 576, Diff: 576, Sum: 668, Workers: 4
[1579.155s][debug][gc,phases      ] GC(234)   ObjectSynchronizer Weak        Min:  0.0, Avg:  0.0, Max:  0.0, Diff:  0.0, Sum:  0.0, Workers: 4
[1579.155s][debug][gc,phases      ] GC(234)     Dead                           Min: 0, Avg:  0.0, Max: 0, Diff: 0, Sum: 0, Workers: 4
[1579.155s][debug][gc,phases      ] GC(234)     Total                          Min: 0, Avg: 87.0, Max: 156, Diff: 156, Sum: 348, Workers: 4
[1579.155s][debug][gc,phases      ] GC(234)   JVMTI Tag Weak OopStorage      Min:  0.0, Avg:  0.0, Max:  0.0, Diff:  0.0, Sum:  0.0, Workers: 4
[1579.155s][debug][gc,phases      ] GC(234)     Dead                           Min: 0, Avg:  0.0, Max: 0, Diff: 0, Sum: 0, Workers: 4
[1579.155s][debug][gc,phases      ] GC(234)     Total                          Min: 0, Avg:  0.0, Max: 0, Diff: 0, Sum: 0, Workers: 4
[1579.155s][debug][gc,phases      ] GC(234)   StringTable Weak               Min:  0.1, Avg:  0.1, Max:  0.1, Diff:  0.0, Sum:  0.4, Workers: 4
[1579.155s][debug][gc,phases      ] GC(234)     Dead                           Min: 0, Avg:  0.0, Max: 0, Diff: 0, Sum: 0, Workers: 4
[1579.155s][debug][gc,phases      ] GC(234)     Total                          Min: 10111, Avg: 12031.8, Max: 14080, Diff: 3969, Sum: 48127, Workers: 4
[1579.155s][debug][gc,phases      ] GC(234)   ResolvedMethodTable Weak       Min:  0.0, Avg:  0.0, Max:  0.0, Diff:  0.0, Sum:  0.1, Workers: 4
[1579.155s][debug][gc,phases      ] GC(234)     Dead                           Min: 0, Avg:  0.0, Max: 0, Diff: 0, Sum: 0, Workers: 4
[1579.155s][debug][gc,phases      ] GC(234)     Total                          Min: 1642, Avg: 1986.2, Max: 2328, Diff: 686, Sum: 7945, Workers: 4
[1579.155s][debug][gc,phases      ] GC(234)   JNI Weak                       Min:  0.0, Avg:  0.0, Max:  0.0, Diff:  0.0, Sum:  0.0, Workers: 4
[1579.155s][debug][gc,phases      ] GC(234)     Dead                           Min: 0, Avg:  0.0, Max: 0, Diff: 0, Sum: 0, Workers: 4
[1579.155s][debug][gc,phases      ] GC(234)     Total                          Min: 0, Avg:  0.0, Max: 0, Diff: 0, Sum: 0, Workers: 4
[1579.155s][debug][gc,phases      ] GC(234)   StringDedup Table Weak         Min:  0.0, Avg:  0.0, Max:  0.0, Diff:  0.0, Sum:  0.0, Workers: 4
[1579.155s][debug][gc,phases      ] GC(234)     Dead                           Min: 0, Avg:  0.0, Max: 0, Diff: 0, Sum: 0, Workers: 4
[1579.155s][debug][gc,phases      ] GC(234)     Total                          Min: 0, Avg:  0.0, Max: 0, Diff: 0, Sum: 0, Workers: 4
[1579.155s][debug][gc,phases      ] GC(234)   StringDedup Requests0 Weak     Min:  0.0, Avg:  0.0, Max:  0.0, Diff:  0.0, Sum:  0.0, Workers: 4
[1579.155s][debug][gc,phases      ] GC(234)     Dead                           Min: 0, Avg:  0.0, Max: 0, Diff: 0, Sum: 0, Workers: 4
[1579.155s][debug][gc,phases      ] GC(234)     Total                          Min: 0, Avg:  0.0, Max: 0, Diff: 0, Sum: 0, Workers: 4
[1579.155s][debug][gc,phases      ] GC(234)   StringDedup Requests1 Weak     Min:  0.0, Avg:  0.0, Max:  0.0, Diff:  0.0, Sum:  0.0, Workers: 4
[1579.155s][debug][gc,phases      ] GC(234)     Dead                           Min: 0, Avg:  0.0, Max: 0, Diff: 0, Sum: 0, Workers: 4
[1579.155s][debug][gc,phases      ] GC(234)     Total                          Min: 0, Avg:  0.0, Max: 0, Diff: 0, Sum: 0, Workers: 4
[1579.155s][debug][gc,phases      ] GC(234)   Weak JFR Old Object Samples    Min:  0.0, Avg:  0.0, Max:  0.0, Diff:  0.0, Sum:  0.0, Workers: 4
[1579.155s][debug][gc,phases      ] GC(234)     Dead                           Min: 0, Avg:  0.0, Max: 0, Diff: 0, Sum: 0, Workers: 4
[1579.155s][debug][gc,phases      ] GC(234)     Total                          Min: 0, Avg:  0.0, Max: 0, Diff: 0, Sum: 0, Workers: 4
[1579.155s][debug][gc,phases      ] GC(234) Weak Processing 0.297ms
[1579.155s][debug][gc,age         ] GC(234) Desired survivor size 3145728 bytes, new threshold 15 (max threshold 15)
[1579.155s][info ][gc,heap        ] GC(234) PSYoungGen: 2093696K(2094080K)->2674K(2094080K) Eden: 2091008K(2091008K)->0K(2091008K) From: 2688K(3072K)->2674K(3072K)
[1579.155s][info ][gc,heap        ] GC(234) ParOldGen: 560356K(614400K)->560356K(614400K)
[1579.155s][info ][gc,metaspace   ] GC(234) Metaspace: 82118K(83008K)->82118K(83008K) NonClass: 70631K(71104K)->70631K(71104K) Class: 11487K(11904K)->11487K(11904K)
[1579.155s][info ][gc             ] GC(234) Pause Young (Allocation Failure) 2591M->549M(2645M) 2.833ms
[1579.155s][info ][gc,cpu         ] GC(234) User=0.01s Sys=0.00s Real=0.00s
[1579.155s][info ][safepoint      ] Safepoint "ParallelGCFailedAllocation", Time since last: 13343824058 ns, Reaching safepoint: 37400 ns, At safepoint: 2903329 ns, Total: 2940729 ns
[1592.307s][info ][gc,start       ] GC(235) Pause Young (Allocation Failure)
[1592.310s][debug][gc,phases      ] GC(235) Scavenge 2.821ms
[1592.310s][debug][gc,ref         ] GC(235) Skipped phase 1 of Reference Processing: no references
[1592.310s][debug][gc,ref         ] GC(235) ReferenceProcessor::execute queues: 1, RefProcThreadModel::Single, marks_oops_alive: false
[1592.310s][debug][gc,ref         ] GC(235) Skipped phase 3 of Reference Processing: no references
[1592.310s][debug][gc,ref         ] GC(235) ReferenceProcessor::execute queues: 1, RefProcThreadModel::Single, marks_oops_alive: false
[1592.310s][debug][gc,phases      ] GC(235) Reference Processing 0.113ms
[1592.310s][debug][gc,phases      ] GC(235)   VM Weak                        Min:  0.0, Avg:  0.0, Max:  0.0, Diff:  0.0, Sum:  0.0, Workers: 4
[1592.310s][debug][gc,phases      ] GC(235)     Dead                           Min: 0, Avg:  0.0, Max: 0, Diff: 0, Sum: 0, Workers: 4
[1592.310s][debug][gc,phases      ] GC(235)     Total                          Min: 0, Avg: 167.0, Max: 668, Diff: 668, Sum: 668, Workers: 4
[1592.310s][debug][gc,phases      ] GC(235)   ObjectSynchronizer Weak        Min:  0.0, Avg:  0.0, Max:  0.0, Diff:  0.0, Sum:  0.0, Workers: 4
[1592.310s][debug][gc,phases      ] GC(235)     Dead                           Min: 0, Avg:  0.0, Max: 0, Diff: 0, Sum: 0, Workers: 4
[1592.310s][debug][gc,phases      ] GC(235)     Total                          Min: 0, Avg: 87.0, Max: 284, Diff: 284, Sum: 348, Workers: 4
[1592.310s][debug][gc,phases      ] GC(235)   JVMTI Tag Weak OopStorage      Min:  0.0, Avg:  0.0, Max:  0.0, Diff:  0.0, Sum:  0.0, Workers: 4
[1592.310s][debug][gc,phases      ] GC(235)     Dead                           Min: 0, Avg:  0.0, Max: 0, Diff: 0, Sum: 0, Workers: 4
[1592.310s][debug][gc,phases      ] GC(235)     Total                          Min: 0, Avg:  0.0, Max: 0, Diff: 0, Sum: 0, Workers: 4
[1592.310s][debug][gc,phases      ] GC(235)   StringTable Weak               Min:  0.1, Avg:  0.1, Max:  0.1, Diff:  0.0, Sum:  0.4, Workers: 4
[1592.310s][debug][gc,phases      ] GC(235)     Dead                           Min: 0, Avg:  0.0, Max: 0, Diff: 0, Sum: 0, Workers: 4
[1592.310s][debug][gc,phases      ] GC(235)     Total                          Min: 9984, Avg: 12031.8, Max: 15936, Diff: 5952, Sum: 48127, Workers: 4
[1592.310s][debug][gc,phases      ] GC(235)   ResolvedMethodTable Weak       Min:  0.0, Avg:  0.0, Max:  0.0, Diff:  0.0, Sum:  0.1, Workers: 4
[1592.310s][debug][gc,phases      ] GC(235)     Dead                           Min: 0, Avg:  0.0, Max: 0, Diff: 0, Sum: 0, Workers: 4
[1592.310s][debug][gc,phases      ] GC(235)     Total                          Min: 1706, Avg: 1986.2, Max: 2611, Diff: 905, Sum: 7945, Workers: 4
[1592.310s][debug][gc,phases      ] GC(235)   JNI Weak                       Min:  0.0, Avg:  0.0, Max:  0.0, Diff:  0.0, Sum:  0.0, Workers: 4
[1592.310s][debug][gc,phases      ] GC(235)     Dead                           Min: 0, Avg:  0.0, Max: 0, Diff: 0, Sum: 0, Workers: 4
[1592.310s][debug][gc,phases      ] GC(235)     Total                          Min: 0, Avg:  0.0, Max: 0, Diff: 0, Sum: 0, Workers: 4
[1592.310s][debug][gc,phases      ] GC(235)   StringDedup Table Weak         Min:  0.0, Avg:  0.0, Max:  0.0, Diff:  0.0, Sum:  0.0, Workers: 4
[1592.310s][debug][gc,phases      ] GC(235)     Dead                           Min: 0, Avg:  0.0, Max: 0, Diff: 0, Sum: 0, Workers: 4
[1592.310s][debug][gc,phases      ] GC(235)     Total                          Min: 0, Avg:  0.0, Max: 0, Diff: 0, Sum: 0, Workers: 4
[1592.310s][debug][gc,phases      ] GC(235)   StringDedup Requests0 Weak     Min:  0.0, Avg:  0.0, Max:  0.0, Diff:  0.0, Sum:  0.0, Workers: 4
[1592.310s][debug][gc,phases      ] GC(235)     Dead                           Min: 0, Avg:  0.0, Max: 0, Diff: 0, Sum: 0, Workers: 4
[1592.310s][debug][gc,phases      ] GC(235)     Total                          Min: 0, Avg:  0.0, Max: 0, Diff: 0, Sum: 0, Workers: 4
[1592.310s][debug][gc,phases      ] GC(235)   StringDedup Requests1 Weak     Min:  0.0, Avg:  0.0, Max:  0.0, Diff:  0.0, Sum:  0.0, Workers: 4
[1592.310s][debug][gc,phases      ] GC(235)     Dead                           Min: 0, Avg:  0.0, Max: 0, Diff: 0, Sum: 0, Workers: 4
[1592.310s][debug][gc,phases      ] GC(235)     Total                          Min: 0, Avg:  0.0, Max: 0, Diff: 0, Sum: 0, Workers: 4
[1592.310s][debug][gc,phases      ] GC(235)   Weak JFR Old Object Samples    Min:  0.0, Avg:  0.0, Max:  0.0, Diff:  0.0, Sum:  0.0, Workers: 4
[1592.310s][debug][gc,phases      ] GC(235)     Dead                           Min: 0, Avg:  0.0, Max: 0, Diff: 0, Sum: 0, Workers: 4
[1592.310s][debug][gc,phases      ] GC(235)     Total                          Min: 0, Avg:  0.0, Max: 0, Diff: 0, Sum: 0, Workers: 4
[1592.310s][debug][gc,phases      ] GC(235) Weak Processing 0.310ms
[1592.310s][debug][gc,age         ] GC(235) Desired survivor size 3145728 bytes, new threshold 15 (max threshold 15)
[1592.310s][info ][gc,heap        ] GC(235) PSYoungGen: 2093682K(2094080K)->2576K(2094080K) Eden: 2091008K(2091008K)->0K(2091008K) From: 2674K(3072K)->2576K(3072K)
[1592.310s][info ][gc,heap        ] GC(235) ParOldGen: 560356K(614400K)->560372K(614400K)
[1592.310s][info ][gc,metaspace   ] GC(235) Metaspace: 82122K(83008K)->82122K(83008K) NonClass: 70635K(71104K)->70635K(71104K) Class: 11487K(11904K)->11487K(11904K)
[1592.310s][info ][gc             ] GC(235) Pause Young (Allocation Failure) 2591M->549M(2645M) 3.346ms
[1592.310s][info ][gc,cpu         ] GC(235) User=0.01s Sys=0.00s Real=0.01s
[1592.310s][info ][safepoint      ] Safepoint "ParallelGCFailedAllocation", Time since last: 13151341213 ns, Reaching safepoint: 39800 ns, At safepoint: 3415534 ns, Total: 3455334 ns
[1605.452s][info ][gc,start       ] GC(236) Pause Young (Allocation Failure)
[1605.455s][debug][gc,phases      ] GC(236) Scavenge 2.787ms
[1605.455s][debug][gc,ref         ] GC(236) Skipped phase 1 of Reference Processing: no references
[1605.455s][debug][gc,ref         ] GC(236) ReferenceProcessor::execute queues: 1, RefProcThreadModel::Single, marks_oops_alive: false
[1605.455s][debug][gc,ref         ] GC(236) Skipped phase 3 of Reference Processing: no references
[1605.455s][debug][gc,ref         ] GC(236) ReferenceProcessor::execute queues: 1, RefProcThreadModel::Single, marks_oops_alive: false
[1605.455s][debug][gc,phases      ] GC(236) Reference Processing 0.100ms
[1605.455s][debug][gc,phases      ] GC(236)   VM Weak                        Min:  0.0, Avg:  0.0, Max:  0.0, Diff:  0.0, Sum:  0.0, Workers: 4
[1605.455s][debug][gc,phases      ] GC(236)     Dead                           Min: 0, Avg:  0.0, Max: 0, Diff: 0, Sum: 0, Workers: 4
[1605.455s][debug][gc,phases      ] GC(236)     Total                          Min: 0, Avg: 167.0, Max: 412, Diff: 412, Sum: 668, Workers: 4
[1605.455s][debug][gc,phases      ] GC(236)   ObjectSynchronizer Weak        Min:  0.0, Avg:  0.0, Max:  0.0, Diff:  0.0, Sum:  0.0, Workers: 4
[1605.455s][debug][gc,phases      ] GC(236)     Dead                           Min: 0, Avg:  0.0, Max: 0, Diff: 0, Sum: 0, Workers: 4
[1605.455s][debug][gc,phases      ] GC(236)     Total                          Min: 0, Avg: 87.0, Max: 192, Diff: 192, Sum: 348, Workers: 4
[1605.455s][debug][gc,phases      ] GC(236)   JVMTI Tag Weak OopStorage      Min:  0.0, Avg:  0.0, Max:  0.0, Diff:  0.0, Sum:  0.0, Workers: 4
[1605.455s][debug][gc,phases      ] GC(236)     Dead                           Min: 0, Avg:  0.0, Max: 0, Diff: 0, Sum: 0, Workers: 4
[1605.455s][debug][gc,phases      ] GC(236)     Total                          Min: 0, Avg:  0.0, Max: 0, Diff: 0, Sum: 0, Workers: 4
[1605.455s][debug][gc,phases      ] GC(236)   StringTable Weak               Min:  0.1, Avg:  0.1, Max:  0.1, Diff:  0.0, Sum:  0.4, Workers: 4
[1605.455s][debug][gc,phases      ] GC(236)     Dead                           Min: 0, Avg:  0.0, Max: 0, Diff: 0, Sum: 0, Workers: 4
[1605.455s][debug][gc,phases      ] GC(236)     Total                          Min: 10048, Avg: 12031.8, Max: 15231, Diff: 5183, Sum: 48127, Workers: 4
[1605.455s][debug][gc,phases      ] GC(236)   ResolvedMethodTable Weak       Min:  0.0, Avg:  0.0, Max:  0.0, Diff:  0.0, Sum:  0.1, Workers: 4
[1605.455s][debug][gc,phases      ] GC(236)     Dead                           Min: 0, Avg:  0.0, Max: 0, Diff: 0, Sum: 0, Workers: 4
[1605.455s][debug][gc,phases      ] GC(236)     Total                          Min: 1758, Avg: 1986.2, Max: 2539, Diff: 781, Sum: 7945, Workers: 4
[1605.455s][debug][gc,phases      ] GC(236)   JNI Weak                       Min:  0.0, Avg:  0.0, Max:  0.0, Diff:  0.0, Sum:  0.0, Workers: 4
[1605.455s][debug][gc,phases      ] GC(236)     Dead                           Min: 0, Avg:  0.0, Max: 0, Diff: 0, Sum: 0, Workers: 4
[1605.455s][debug][gc,phases      ] GC(236)     Total                          Min: 0, Avg:  0.0, Max: 0, Diff: 0, Sum: 0, Workers: 4
[1605.455s][debug][gc,phases      ] GC(236)   StringDedup Table Weak         Min:  0.0, Avg:  0.0, Max:  0.0, Diff:  0.0, Sum:  0.0, Workers: 4
[1605.455s][debug][gc,phases      ] GC(236)     Dead                           Min: 0, Avg:  0.0, Max: 0, Diff: 0, Sum: 0, Workers: 4
[1605.455s][debug][gc,phases      ] GC(236)     Total                          Min: 0, Avg:  0.0, Max: 0, Diff: 0, Sum: 0, Workers: 4
[1605.455s][debug][gc,phases      ] GC(236)   StringDedup Requests0 Weak     Min:  0.0, Avg:  0.0, Max:  0.0, Diff:  0.0, Sum:  0.0, Workers: 4
[1605.455s][debug][gc,phases      ] GC(236)     Dead                           Min: 0, Avg:  0.0, Max: 0, Diff: 0, Sum: 0, Workers: 4
[1605.455s][debug][gc,phases      ] GC(236)     Total                          Min: 0, Avg:  0.0, Max: 0, Diff: 0, Sum: 0, Workers: 4
[1605.455s][debug][gc,phases      ] GC(236)   StringDedup Requests1 Weak     Min:  0.0, Avg:  0.0, Max:  0.0, Diff:  0.0, Sum:  0.0, Workers: 4
[1605.455s][debug][gc,phases      ] GC(236)     Dead                           Min: 0, Avg:  0.0, Max: 0, Diff: 0, Sum: 0, Workers: 4
[1605.455s][debug][gc,phases      ] GC(236)     Total                          Min: 0, Avg:  0.0, Max: 0, Diff: 0, Sum: 0, Workers: 4
[1605.455s][debug][gc,phases      ] GC(236)   Weak JFR Old Object Samples    Min:  0.0, Avg:  0.0, Max:  0.0, Diff:  0.0, Sum:  0.0, Workers: 4
[1605.455s][debug][gc,phases      ] GC(236)     Dead                           Min: 0, Avg:  0.0, Max: 0, Diff: 0, Sum: 0, Workers: 4
[1605.455s][debug][gc,phases      ] GC(236)     Total                          Min: 0, Avg:  0.0, Max: 0, Diff: 0, Sum: 0, Workers: 4
[1605.455s][debug][gc,phases      ] GC(236) Weak Processing 0.302ms
[1605.455s][debug][gc,age         ] GC(236) Desired survivor size 3145728 bytes, new threshold 15 (max threshold 15)
[1605.455s][info ][gc,heap        ] GC(236) PSYoungGen: 2093584K(2094080K)->2464K(2094080K) Eden: 2091008K(2091008K)->0K(2091008K) From: 2576K(3072K)->2464K(3072K)
[1605.455s][info ][gc,heap        ] GC(236) ParOldGen: 560372K(614400K)->560396K(614400K)
[1605.455s][info ][gc,metaspace   ] GC(236) Metaspace: 82122K(83008K)->82122K(83008K) NonClass: 70635K(71104K)->70635K(71104K) Class: 11487K(11904K)->11487K(11904K)
[1605.455s][info ][gc             ] GC(236) Pause Young (Allocation Failure) 2591M->549M(2645M) 3.286ms
[1605.455s][info ][gc,cpu         ] GC(236) User=0.01s Sys=0.00s Real=0.00s
[1605.456s][info ][safepoint      ] Safepoint "ParallelGCFailedAllocation", Time since last: 13141874366 ns, Reaching safepoint: 31600 ns, At safepoint: 3356133 ns, Total: 3387733 ns
[1606.456s][info ][safepoint      ] Safepoint "Cleanup", Time since last: 1000083028 ns, Reaching safepoint: 92501 ns, At safepoint: 22100 ns, Total: 114601 ns
[1617.457s][info ][safepoint      ] Safepoint "Cleanup", Time since last: 11000752911 ns, Reaching safepoint: 99401 ns, At safepoint: 5900 ns, Total: 105301 ns
[1617.655s][info ][gc,start       ] GC(237) Pause Young (Allocation Failure)
[1617.658s][debug][gc,phases      ] GC(237) Scavenge 3.091ms
[1617.658s][debug][gc,ref         ] GC(237) Skipped phase 1 of Reference Processing: no references
[1617.658s][debug][gc,ref         ] GC(237) ReferenceProcessor::execute queues: 1, RefProcThreadModel::Single, marks_oops_alive: false
[1617.658s][debug][gc,ref         ] GC(237) Skipped phase 3 of Reference Processing: no references
[1617.658s][debug][gc,ref         ] GC(237) ReferenceProcessor::execute queues: 1, RefProcThreadModel::Single, marks_oops_alive: false
[1617.658s][debug][gc,phases      ] GC(237) Reference Processing 0.112ms
[1617.658s][debug][gc,phases      ] GC(237)   VM Weak                        Min:  0.0, Avg:  0.0, Max:  0.0, Diff:  0.0, Sum:  0.0, Workers: 4
[1617.658s][debug][gc,phases      ] GC(237)     Dead                           Min: 0, Avg:  0.0, Max: 0, Diff: 0, Sum: 0, Workers: 4
[1617.659s][debug][gc,phases      ] GC(237)     Total                          Min: 0, Avg: 167.0, Max: 668, Diff: 668, Sum: 668, Workers: 4
[1617.659s][debug][gc,phases      ] GC(237)   ObjectSynchronizer Weak        Min:  0.0, Avg:  0.0, Max:  0.0, Diff:  0.0, Sum:  0.0, Workers: 4
[1617.659s][debug][gc,phases      ] GC(237)     Dead                           Min: 0, Avg:  0.0, Max: 0, Diff: 0, Sum: 0, Workers: 4
[1617.659s][debug][gc,phases      ] GC(237)     Total                          Min: 0, Avg: 87.0, Max: 192, Diff: 192, Sum: 348, Workers: 4
[1617.659s][debug][gc,phases      ] GC(237)   JVMTI Tag Weak OopStorage      Min:  0.0, Avg:  0.0, Max:  0.0, Diff:  0.0, Sum:  0.0, Workers: 4
[1617.659s][debug][gc,phases      ] GC(237)     Dead                           Min: 0, Avg:  0.0, Max: 0, Diff: 0, Sum: 0, Workers: 4
[1617.659s][debug][gc,phases      ] GC(237)     Total                          Min: 0, Avg:  0.0, Max: 0, Diff: 0, Sum: 0, Workers: 4
[1617.659s][debug][gc,phases      ] GC(237)   StringTable Weak               Min:  0.1, Avg:  0.1, Max:  0.1, Diff:  0.0, Sum:  0.4, Workers: 4
[1617.659s][debug][gc,phases      ] GC(237)     Dead                           Min: 0, Avg:  0.0, Max: 0, Diff: 0, Sum: 0, Workers: 4
[1617.659s][debug][gc,phases      ] GC(237)     Total                          Min: 9536, Avg: 12031.8, Max: 14399, Diff: 4863, Sum: 48127, Workers: 4
[1617.659s][debug][gc,phases      ] GC(237)   ResolvedMethodTable Weak       Min:  0.0, Avg:  0.0, Max:  0.0, Diff:  0.0, Sum:  0.1, Workers: 4
[1617.659s][debug][gc,phases      ] GC(237)     Dead                           Min: 0, Avg:  0.0, Max: 0, Diff: 0, Sum: 0, Workers: 4
[1617.659s][debug][gc,phases      ] GC(237)     Total                          Min: 1590, Avg: 1986.2, Max: 2564, Diff: 974, Sum: 7945, Workers: 4
[1617.659s][debug][gc,phases      ] GC(237)   JNI Weak                       Min:  0.0, Avg:  0.0, Max:  0.0, Diff:  0.0, Sum:  0.0, Workers: 4
[1617.659s][debug][gc,phases      ] GC(237)     Dead                           Min: 0, Avg:  0.0, Max: 0, Diff: 0, Sum: 0, Workers: 4
[1617.659s][debug][gc,phases      ] GC(237)     Total                          Min: 0, Avg:  0.0, Max: 0, Diff: 0, Sum: 0, Workers: 4
[1617.659s][debug][gc,phases      ] GC(237)   StringDedup Table Weak         Min:  0.0, Avg:  0.0, Max:  0.0, Diff:  0.0, Sum:  0.0, Workers: 4
[1617.659s][debug][gc,phases      ] GC(237)     Dead                           Min: 0, Avg:  0.0, Max: 0, Diff: 0, Sum: 0, Workers: 4
[1617.659s][debug][gc,phases      ] GC(237)     Total                          Min: 0, Avg:  0.0, Max: 0, Diff: 0, Sum: 0, Workers: 4
[1617.659s][debug][gc,phases      ] GC(237)   StringDedup Requests0 Weak     Min:  0.0, Avg:  0.0, Max:  0.0, Diff:  0.0, Sum:  0.0, Workers: 4
[1617.659s][debug][gc,phases      ] GC(237)     Dead                           Min: 0, Avg:  0.0, Max: 0, Diff: 0, Sum: 0, Workers: 4
[1617.659s][debug][gc,phases      ] GC(237)     Total                          Min: 0, Avg:  0.0, Max: 0, Diff: 0, Sum: 0, Workers: 4
[1617.659s][debug][gc,phases      ] GC(237)   StringDedup Requests1 Weak     Min:  0.0, Avg:  0.0, Max:  0.0, Diff:  0.0, Sum:  0.0, Workers: 4
[1617.659s][debug][gc,phases      ] GC(237)     Dead                           Min: 0, Avg:  0.0, Max: 0, Diff: 0, Sum: 0, Workers: 4
[1617.659s][debug][gc,phases      ] GC(237)     Total                          Min: 0, Avg:  0.0, Max: 0, Diff: 0, Sum: 0, Workers: 4
[1617.659s][debug][gc,phases      ] GC(237)   Weak JFR Old Object Samples    Min:  0.0, Avg:  0.0, Max:  0.0, Diff:  0.0, Sum:  0.0, Workers: 4
[1617.659s][debug][gc,phases      ] GC(237)     Dead                           Min: 0, Avg:  0.0, Max: 0, Diff: 0, Sum: 0, Workers: 4
[1617.659s][debug][gc,phases      ] GC(237)     Total                          Min: 0, Avg:  0.0, Max: 0, Diff: 0, Sum: 0, Workers: 4
[1617.659s][debug][gc,phases      ] GC(237) Weak Processing 0.297ms
[1617.659s][debug][gc,age         ] GC(237) Desired survivor size 3145728 bytes, new threshold 15 (max threshold 15)
[1617.659s][info ][gc,heap        ] GC(237) PSYoungGen: 2093472K(2094080K)->2848K(2094080K) Eden: 2091008K(2091008K)->0K(2091008K) From: 2464K(3072K)->2848K(3072K)
[1617.659s][info ][gc,heap        ] GC(237) ParOldGen: 560396K(614400K)->560444K(614400K)
[1617.659s][info ][gc,metaspace   ] GC(237) Metaspace: 82122K(83008K)->82122K(83008K) NonClass: 70635K(71104K)->70635K(71104K) Class: 11487K(11904K)->11487K(11904K)
[1617.659s][info ][gc             ] GC(237) Pause Young (Allocation Failure) 2591M->550M(2645M) 3.596ms
[1617.659s][info ][gc,cpu         ] GC(237) User=0.01s Sys=0.00s Real=0.00s
[1617.659s][info ][safepoint      ] Safepoint "ParallelGCFailedAllocation", Time since last: 198437427 ns, Reaching safepoint: 27001 ns, At safepoint: 3664235 ns, Total: 3691236 ns
[1625.659s][info ][safepoint      ] Safepoint "Cleanup", Time since last: 8000526844 ns, Reaching safepoint: 110502 ns, At safepoint: 5800 ns, Total: 116302 ns
[1626.660s][info ][safepoint      ] Safepoint "Cleanup", Time since last: 1000098699 ns, Reaching safepoint: 121701 ns, At safepoint: 8201 ns, Total: 129902 ns
[1629.703s][info ][gc,start       ] GC(238) Pause Young (Allocation Failure)
[1629.706s][debug][gc,phases      ] GC(238) Scavenge 2.591ms
[1629.706s][debug][gc,ref         ] GC(238) Skipped phase 1 of Reference Processing: no references
[1629.706s][debug][gc,ref         ] GC(238) ReferenceProcessor::execute queues: 1, RefProcThreadModel::Single, marks_oops_alive: false
[1629.706s][debug][gc,ref         ] GC(238) Skipped phase 3 of Reference Processing: no references
[1629.706s][debug][gc,ref         ] GC(238) ReferenceProcessor::execute queues: 1, RefProcThreadModel::Single, marks_oops_alive: false
[1629.706s][debug][gc,phases      ] GC(238) Reference Processing 0.105ms
[1629.706s][debug][gc,phases      ] GC(238)   VM Weak                        Min:  0.0, Avg:  0.0, Max:  0.0, Diff:  0.0, Sum:  0.0, Workers: 4
[1629.706s][debug][gc,phases      ] GC(238)     Dead                           Min: 0, Avg:  0.0, Max: 0, Diff: 0, Sum: 0, Workers: 4
[1629.706s][debug][gc,phases      ] GC(238)     Total                          Min: 0, Avg: 167.0, Max: 412, Diff: 412, Sum: 668, Workers: 4
[1629.706s][debug][gc,phases      ] GC(238)   ObjectSynchronizer Weak        Min:  0.0, Avg:  0.0, Max:  0.0, Diff:  0.0, Sum:  0.0, Workers: 4
[1629.706s][debug][gc,phases      ] GC(238)     Dead                           Min: 0, Avg:  0.0, Max: 0, Diff: 0, Sum: 0, Workers: 4
[1629.706s][debug][gc,phases      ] GC(238)     Total                          Min: 0, Avg: 87.0, Max: 220, Diff: 220, Sum: 348, Workers: 4
[1629.706s][debug][gc,phases      ] GC(238)   JVMTI Tag Weak OopStorage      Min:  0.0, Avg:  0.0, Max:  0.0, Diff:  0.0, Sum:  0.0, Workers: 4
[1629.706s][debug][gc,phases      ] GC(238)     Dead                           Min: 0, Avg:  0.0, Max: 0, Diff: 0, Sum: 0, Workers: 4
[1629.706s][debug][gc,phases      ] GC(238)     Total                          Min: 0, Avg:  0.0, Max: 0, Diff: 0, Sum: 0, Workers: 4
[1629.706s][debug][gc,phases      ] GC(238)   StringTable Weak               Min:  0.1, Avg:  0.1, Max:  0.1, Diff:  0.0, Sum:  0.4, Workers: 4
[1629.706s][debug][gc,phases      ] GC(238)     Dead                           Min: 0, Avg:  0.0, Max: 0, Diff: 0, Sum: 0, Workers: 4
[1629.706s][debug][gc,phases      ] GC(238)     Total                          Min: 10176, Avg: 12031.8, Max: 13888, Diff: 3712, Sum: 48127, Workers: 4
[1629.706s][debug][gc,phases      ] GC(238)   ResolvedMethodTable Weak       Min:  0.0, Avg:  0.0, Max:  0.0, Diff:  0.0, Sum:  0.1, Workers: 4
[1629.706s][debug][gc,phases      ] GC(238)     Dead                           Min: 0, Avg:  0.0, Max: 0, Diff: 0, Sum: 0, Workers: 4
[1629.706s][debug][gc,phases      ] GC(238)     Total                          Min: 1641, Avg: 1986.2, Max: 2282, Diff: 641, Sum: 7945, Workers: 4
[1629.706s][debug][gc,phases      ] GC(238)   JNI Weak                       Min:  0.0, Avg:  0.0, Max:  0.0, Diff:  0.0, Sum:  0.0, Workers: 4
[1629.706s][debug][gc,phases      ] GC(238)     Dead                           Min: 0, Avg:  0.0, Max: 0, Diff: 0, Sum: 0, Workers: 4
[1629.706s][debug][gc,phases      ] GC(238)     Total                          Min: 0, Avg:  0.0, Max: 0, Diff: 0, Sum: 0, Workers: 4
[1629.706s][debug][gc,phases      ] GC(238)   StringDedup Table Weak         Min:  0.0, Avg:  0.0, Max:  0.0, Diff:  0.0, Sum:  0.0, Workers: 4
[1629.706s][debug][gc,phases      ] GC(238)     Dead                           Min: 0, Avg:  0.0, Max: 0, Diff: 0, Sum: 0, Workers: 4
[1629.706s][debug][gc,phases      ] GC(238)     Total                          Min: 0, Avg:  0.0, Max: 0, Diff: 0, Sum: 0, Workers: 4
[1629.706s][debug][gc,phases      ] GC(238)   StringDedup Requests0 Weak     Min:  0.0, Avg:  0.0, Max:  0.0, Diff:  0.0, Sum:  0.0, Workers: 4
[1629.706s][debug][gc,phases      ] GC(238)     Dead                           Min: 0, Avg:  0.0, Max: 0, Diff: 0, Sum: 0, Workers: 4
[1629.706s][debug][gc,phases      ] GC(238)     Total                          Min: 0, Avg:  0.0, Max: 0, Diff: 0, Sum: 0, Workers: 4
[1629.706s][debug][gc,phases      ] GC(238)   StringDedup Requests1 Weak     Min:  0.0, Avg:  0.0, Max:  0.0, Diff:  0.0, Sum:  0.0, Workers: 4
[1629.706s][debug][gc,phases      ] GC(238)     Dead                           Min: 0, Avg:  0.0, Max: 0, Diff: 0, Sum: 0, Workers: 4
[1629.706s][debug][gc,phases      ] GC(238)     Total                          Min: 0, Avg:  0.0, Max: 0, Diff: 0, Sum: 0, Workers: 4
[1629.706s][debug][gc,phases      ] GC(238)   Weak JFR Old Object Samples    Min:  0.0, Avg:  0.0, Max:  0.0, Diff:  0.0, Sum:  0.0, Workers: 4
[1629.706s][debug][gc,phases      ] GC(238)     Dead                           Min: 0, Avg:  0.0, Max: 0, Diff: 0, Sum: 0, Workers: 4
[1629.706s][debug][gc,phases      ] GC(238)     Total                          Min: 0, Avg:  0.0, Max: 0, Diff: 0, Sum: 0, Workers: 4
[1629.706s][debug][gc,phases      ] GC(238) Weak Processing 0.281ms
[1629.706s][debug][gc,age         ] GC(238) Desired survivor size 3145728 bytes, new threshold 15 (max threshold 15)
[1629.706s][info ][gc,heap        ] GC(238) PSYoungGen: 2093856K(2094080K)->2850K(2094080K) Eden: 2091008K(2091008K)->0K(2091008K) From: 2848K(3072K)->2850K(3072K)
[1629.706s][info ][gc,heap        ] GC(238) ParOldGen: 560444K(614400K)->560460K(614400K)
[1629.706s][info ][gc,metaspace   ] GC(238) Metaspace: 82124K(83008K)->82124K(83008K) NonClass: 70636K(71104K)->70636K(71104K) Class: 11487K(11904K)->11487K(11904K)
[1629.706s][info ][gc             ] GC(238) Pause Young (Allocation Failure) 2592M->550M(2645M) 3.096ms
[1629.706s][info ][gc,cpu         ] GC(238) User=0.01s Sys=0.00s Real=0.00s
[1629.706s][info ][safepoint      ] Safepoint "ParallelGCFailedAllocation", Time since last: 3043608110 ns, Reaching safepoint: 54101 ns, At safepoint: 3166830 ns, Total: 3220931 ns
[1630.707s][info ][safepoint      ] Safepoint "Cleanup", Time since last: 1000081094 ns, Reaching safepoint: 95901 ns, At safepoint: 15300 ns, Total: 111201 ns
[1631.707s][info ][safepoint      ] Safepoint "Cleanup", Time since last: 1000084593 ns, Reaching safepoint: 113201 ns, At safepoint: 7900 ns, Total: 121101 ns
[1632.707s][info ][safepoint      ] Safepoint "Cleanup", Time since last: 1000109091 ns, Reaching safepoint: 128602 ns, At safepoint: 9000 ns, Total: 137602 ns
[1641.755s][info ][gc,start       ] GC(239) Pause Young (Allocation Failure)
[1641.757s][debug][gc,phases      ] GC(239) Scavenge 2.345ms
[1641.757s][debug][gc,ref         ] GC(239) Skipped phase 1 of Reference Processing: no references
[1641.757s][debug][gc,ref         ] GC(239) ReferenceProcessor::execute queues: 1, RefProcThreadModel::Single, marks_oops_alive: false
[1641.757s][debug][gc,ref         ] GC(239) Skipped phase 3 of Reference Processing: no references
[1641.757s][debug][gc,ref         ] GC(239) ReferenceProcessor::execute queues: 1, RefProcThreadModel::Single, marks_oops_alive: false
[1641.757s][debug][gc,phases      ] GC(239) Reference Processing 0.099ms
[1641.757s][debug][gc,phases      ] GC(239)   VM Weak                        Min:  0.0, Avg:  0.0, Max:  0.0, Diff:  0.0, Sum:  0.0, Workers: 4
[1641.757s][debug][gc,phases      ] GC(239)     Dead                           Min: 0, Avg:  0.0, Max: 0, Diff: 0, Sum: 0, Workers: 4
[1641.757s][debug][gc,phases      ] GC(239)     Total                          Min: 0, Avg: 167.0, Max: 668, Diff: 668, Sum: 668, Workers: 4
[1641.757s][debug][gc,phases      ] GC(239)   ObjectSynchronizer Weak        Min:  0.0, Avg:  0.0, Max:  0.0, Diff:  0.0, Sum:  0.0, Workers: 4
[1641.757s][debug][gc,phases      ] GC(239)     Dead                           Min: 0, Avg:  0.0, Max: 0, Diff: 0, Sum: 0, Workers: 4
[1641.757s][debug][gc,phases      ] GC(239)     Total                          Min: 0, Avg: 87.0, Max: 156, Diff: 156, Sum: 348, Workers: 4
[1641.757s][debug][gc,phases      ] GC(239)   JVMTI Tag Weak OopStorage      Min:  0.0, Avg:  0.0, Max:  0.0, Diff:  0.0, Sum:  0.0, Workers: 4
[1641.757s][debug][gc,phases      ] GC(239)     Dead                           Min: 0, Avg:  0.0, Max: 0, Diff: 0, Sum: 0, Workers: 4
[1641.757s][debug][gc,phases      ] GC(239)     Total                          Min: 0, Avg:  0.0, Max: 0, Diff: 0, Sum: 0, Workers: 4
[1641.757s][debug][gc,phases      ] GC(239)   StringTable Weak               Min:  0.1, Avg:  0.1, Max:  0.1, Diff:  0.0, Sum:  0.4, Workers: 4
[1641.757s][debug][gc,phases      ] GC(239)     Dead                           Min: 0, Avg:  0.0, Max: 0, Diff: 0, Sum: 0, Workers: 4
[1641.757s][debug][gc,phases      ] GC(239)     Total                          Min: 10175, Avg: 12031.8, Max: 14144, Diff: 3969, Sum: 48127, Workers: 4
[1641.757s][debug][gc,phases      ] GC(239)   ResolvedMethodTable Weak       Min:  0.0, Avg:  0.0, Max:  0.0, Diff:  0.0, Sum:  0.1, Workers: 4
[1641.757s][debug][gc,phases      ] GC(239)     Dead                           Min: 0, Avg:  0.0, Max: 0, Diff: 0, Sum: 0, Workers: 4
[1641.757s][debug][gc,phases      ] GC(239)     Total                          Min: 1634, Avg: 1986.2, Max: 2341, Diff: 707, Sum: 7945, Workers: 4
[1641.757s][debug][gc,phases      ] GC(239)   JNI Weak                       Min:  0.0, Avg:  0.0, Max:  0.0, Diff:  0.0, Sum:  0.0, Workers: 4
[1641.757s][debug][gc,phases      ] GC(239)     Dead                           Min: 0, Avg:  0.0, Max: 0, Diff: 0, Sum: 0, Workers: 4
[1641.757s][debug][gc,phases      ] GC(239)     Total                          Min: 0, Avg:  0.0, Max: 0, Diff: 0, Sum: 0, Workers: 4
[1641.757s][debug][gc,phases      ] GC(239)   StringDedup Table Weak         Min:  0.0, Avg:  0.0, Max:  0.0, Diff:  0.0, Sum:  0.0, Workers: 4
[1641.757s][debug][gc,phases      ] GC(239)     Dead                           Min: 0, Avg:  0.0, Max: 0, Diff: 0, Sum: 0, Workers: 4
[1641.757s][debug][gc,phases      ] GC(239)     Total                          Min: 0, Avg:  0.0, Max: 0, Diff: 0, Sum: 0, Workers: 4
[1641.757s][debug][gc,phases      ] GC(239)   StringDedup Requests0 Weak     Min:  0.0, Avg:  0.0, Max:  0.0, Diff:  0.0, Sum:  0.0, Workers: 4
[1641.758s][debug][gc,phases      ] GC(239)     Dead                           Min: 0, Avg:  0.0, Max: 0, Diff: 0, Sum: 0, Workers: 4
[1641.758s][debug][gc,phases      ] GC(239)     Total                          Min: 0, Avg:  0.0, Max: 0, Diff: 0, Sum: 0, Workers: 4
[1641.758s][debug][gc,phases      ] GC(239)   StringDedup Requests1 Weak     Min:  0.0, Avg:  0.0, Max:  0.0, Diff:  0.0, Sum:  0.0, Workers: 4
[1641.758s][debug][gc,phases      ] GC(239)     Dead                           Min: 0, Avg:  0.0, Max: 0, Diff: 0, Sum: 0, Workers: 4
[1641.758s][debug][gc,phases      ] GC(239)     Total                          Min: 0, Avg:  0.0, Max: 0, Diff: 0, Sum: 0, Workers: 4
[1641.758s][debug][gc,phases      ] GC(239)   Weak JFR Old Object Samples    Min:  0.0, Avg:  0.0, Max:  0.0, Diff:  0.0, Sum:  0.0, Workers: 4
[1641.758s][debug][gc,phases      ] GC(239)     Dead                           Min: 0, Avg:  0.0, Max: 0, Diff: 0, Sum: 0, Workers: 4
[1641.758s][debug][gc,phases      ] GC(239)     Total                          Min: 0, Avg:  0.0, Max: 0, Diff: 0, Sum: 0, Workers: 4
[1641.758s][debug][gc,phases      ] GC(239) Weak Processing 0.282ms
[1641.758s][debug][gc,age         ] GC(239) Desired survivor size 3145728 bytes, new threshold 15 (max threshold 15)
[1641.758s][info ][gc,heap        ] GC(239) PSYoungGen: 2093858K(2094080K)->2800K(2094080K) Eden: 2091008K(2091008K)->0K(2091008K) From: 2850K(3072K)->2800K(3072K)
[1641.758s][info ][gc,heap        ] GC(239) ParOldGen: 560460K(614400K)->560518K(614400K)
[1641.758s][info ][gc,metaspace   ] GC(239) Metaspace: 82124K(83008K)->82124K(83008K) NonClass: 70636K(71104K)->70636K(71104K) Class: 11487K(11904K)->11487K(11904K)
[1641.758s][info ][gc             ] GC(239) Pause Young (Allocation Failure) 2592M->550M(2645M) 2.829ms
[1641.758s][info ][gc,cpu         ] GC(239) User=0.01s Sys=0.00s Real=0.00s
[1641.758s][info ][safepoint      ] Safepoint "ParallelGCFailedAllocation", Time since last: 9047624713 ns, Reaching safepoint: 45601 ns, At safepoint: 2895528 ns, Total: 2941129 ns
[1654.455s][info ][gc,start       ] GC(240) Pause Young (Allocation Failure)
[1654.457s][debug][gc,phases      ] GC(240) Scavenge 2.305ms
[1654.457s][debug][gc,ref         ] GC(240) Skipped phase 1 of Reference Processing: no references
[1654.457s][debug][gc,ref         ] GC(240) Skipped phase 2 of Reference Processing: no references
[1654.457s][debug][gc,ref         ] GC(240) Skipped phase 3 of Reference Processing: no references
[1654.457s][debug][gc,ref         ] GC(240) Skipped phase 4 of Reference Processing: no references
[1654.457s][debug][gc,phases      ] GC(240) Reference Processing 0.024ms
[1654.458s][debug][gc,phases      ] GC(240)   VM Weak                        Min:  0.0, Avg:  0.0, Max:  0.0, Diff:  0.0, Sum:  0.0, Workers: 4
[1654.458s][debug][gc,phases      ] GC(240)     Dead                           Min: 0, Avg:  0.0, Max: 0, Diff: 0, Sum: 0, Workers: 4
[1654.458s][debug][gc,phases      ] GC(240)     Total                          Min: 0, Avg: 167.0, Max: 512, Diff: 512, Sum: 668, Workers: 4
[1654.458s][debug][gc,phases      ] GC(240)   ObjectSynchronizer Weak        Min:  0.0, Avg:  0.0, Max:  0.0, Diff:  0.0, Sum:  0.0, Workers: 4
[1654.458s][debug][gc,phases      ] GC(240)     Dead                           Min: 0, Avg:  0.0, Max: 0, Diff: 0, Sum: 0, Workers: 4
[1654.458s][debug][gc,phases      ] GC(240)     Total                          Min: 0, Avg: 87.0, Max: 220, Diff: 220, Sum: 348, Workers: 4
[1654.458s][debug][gc,phases      ] GC(240)   JVMTI Tag Weak OopStorage      Min:  0.0, Avg:  0.0, Max:  0.0, Diff:  0.0, Sum:  0.0, Workers: 4
[1654.458s][debug][gc,phases      ] GC(240)     Dead                           Min: 0, Avg:  0.0, Max: 0, Diff: 0, Sum: 0, Workers: 4
[1654.458s][debug][gc,phases      ] GC(240)     Total                          Min: 0, Avg:  0.0, Max: 0, Diff: 0, Sum: 0, Workers: 4
[1654.458s][debug][gc,phases      ] GC(240)   StringTable Weak               Min:  0.1, Avg:  0.1, Max:  0.1, Diff:  0.0, Sum:  0.3, Workers: 4
[1654.458s][debug][gc,phases      ] GC(240)     Dead                           Min: 0, Avg:  0.0, Max: 0, Diff: 0, Sum: 0, Workers: 4
[1654.458s][debug][gc,phases      ] GC(240)     Total                          Min: 11520, Avg: 12031.8, Max: 12735, Diff: 1215, Sum: 48127, Workers: 4
[1654.458s][debug][gc,phases      ] GC(240)   ResolvedMethodTable Weak       Min:  0.0, Avg:  0.0, Max:  0.0, Diff:  0.0, Sum:  0.1, Workers: 4
[1654.458s][debug][gc,phases      ] GC(240)     Dead                           Min: 0, Avg:  0.0, Max: 0, Diff: 0, Sum: 0, Workers: 4
[1654.458s][debug][gc,phases      ] GC(240)     Total                          Min: 1924, Avg: 1986.2, Max: 2047, Diff: 123, Sum: 7945, Workers: 4
[1654.458s][debug][gc,phases      ] GC(240)   JNI Weak                       Min:  0.0, Avg:  0.0, Max:  0.0, Diff:  0.0, Sum:  0.0, Workers: 4
[1654.458s][debug][gc,phases      ] GC(240)     Dead                           Min: 0, Avg:  0.0, Max: 0, Diff: 0, Sum: 0, Workers: 4
[1654.458s][debug][gc,phases      ] GC(240)     Total                          Min: 0, Avg:  0.0, Max: 0, Diff: 0, Sum: 0, Workers: 4
[1654.458s][debug][gc,phases      ] GC(240)   StringDedup Table Weak         Min:  0.0, Avg:  0.0, Max:  0.0, Diff:  0.0, Sum:  0.0, Workers: 4
[1654.458s][debug][gc,phases      ] GC(240)     Dead                           Min: 0, Avg:  0.0, Max: 0, Diff: 0, Sum: 0, Workers: 4
[1654.458s][debug][gc,phases      ] GC(240)     Total                          Min: 0, Avg:  0.0, Max: 0, Diff: 0, Sum: 0, Workers: 4
[1654.458s][debug][gc,phases      ] GC(240)   StringDedup Requests0 Weak     Min:  0.0, Avg:  0.0, Max:  0.0, Diff:  0.0, Sum:  0.0, Workers: 4
[1654.458s][debug][gc,phases      ] GC(240)     Dead                           Min: 0, Avg:  0.0, Max: 0, Diff: 0, Sum: 0, Workers: 4
[1654.458s][debug][gc,phases      ] GC(240)     Total                          Min: 0, Avg:  0.0, Max: 0, Diff: 0, Sum: 0, Workers: 4
[1654.458s][debug][gc,phases      ] GC(240)   StringDedup Requests1 Weak     Min:  0.0, Avg:  0.0, Max:  0.0, Diff:  0.0, Sum:  0.0, Workers: 4
[1654.458s][debug][gc,phases      ] GC(240)     Dead                           Min: 0, Avg:  0.0, Max: 0, Diff: 0, Sum: 0, Workers: 4
[1654.458s][debug][gc,phases      ] GC(240)     Total                          Min: 0, Avg:  0.0, Max: 0, Diff: 0, Sum: 0, Workers: 4
[1654.458s][debug][gc,phases      ] GC(240)   Weak JFR Old Object Samples    Min:  0.0, Avg:  0.0, Max:  0.0, Diff:  0.0, Sum:  0.0, Workers: 4
[1654.458s][debug][gc,phases      ] GC(240)     Dead                           Min: 0, Avg:  0.0, Max: 0, Diff: 0, Sum: 0, Workers: 4
[1654.458s][debug][gc,phases      ] GC(240)     Total                          Min: 0, Avg:  0.0, Max: 0, Diff: 0, Sum: 0, Workers: 4
[1654.458s][debug][gc,phases      ] GC(240) Weak Processing 0.270ms
[1654.458s][debug][gc,age         ] GC(240) Desired survivor size 3145728 bytes, new threshold 15 (max threshold 15)
[1654.458s][info ][gc,heap        ] GC(240) PSYoungGen: 2093808K(2094080K)->2688K(2094080K) Eden: 2091008K(2091008K)->0K(2091008K) From: 2800K(3072K)->2688K(3072K)
[1654.458s][info ][gc,heap        ] GC(240) ParOldGen: 560518K(614400K)->560575K(614400K)
[1654.458s][info ][gc,metaspace   ] GC(240) Metaspace: 82124K(83008K)->82124K(83008K) NonClass: 70637K(71104K)->70637K(71104K) Class: 11487K(11904K)->11487K(11904K)
[1654.458s][info ][gc             ] GC(240) Pause Young (Allocation Failure) 2592M->550M(2645M) 2.703ms
[1654.458s][info ][gc,cpu         ] GC(240) User=0.01s Sys=0.00s Real=0.00s
[1654.458s][info ][safepoint      ] Safepoint "ParallelGCFailedAllocation", Time since last: 12697407072 ns, Reaching safepoint: 32000 ns, At safepoint: 2779727 ns, Total: 2811727 ns
[1657.458s][info ][safepoint      ] Safepoint "Cleanup", Time since last: 3000225179 ns, Reaching safepoint: 120701 ns, At safepoint: 39100 ns, Total: 159801 ns
[1666.459s][info ][safepoint      ] Safepoint "Cleanup", Time since last: 9000619666 ns, Reaching safepoint: 117001 ns, At safepoint: 12100 ns, Total: 129101 ns
[1667.357s][info ][gc,start       ] GC(241) Pause Young (Allocation Failure)
[1667.359s][debug][gc,phases      ] GC(241) Scavenge 2.498ms
[1667.359s][debug][gc,ref         ] GC(241) Skipped phase 1 of Reference Processing: no references
[1667.359s][debug][gc,ref         ] GC(241) Skipped phase 2 of Reference Processing: no references
[1667.359s][debug][gc,ref         ] GC(241) Skipped phase 3 of Reference Processing: no references
[1667.359s][debug][gc,ref         ] GC(241) Skipped phase 4 of Reference Processing: no references
[1667.359s][debug][gc,phases      ] GC(241) Reference Processing 0.024ms
[1667.359s][debug][gc,phases      ] GC(241)   VM Weak                        Min:  0.0, Avg:  0.0, Max:  0.0, Diff:  0.0, Sum:  0.0, Workers: 4
[1667.359s][debug][gc,phases      ] GC(241)     Dead                           Min: 0, Avg:  0.0, Max: 0, Diff: 0, Sum: 0, Workers: 4
[1667.359s][debug][gc,phases      ] GC(241)     Total                          Min: 0, Avg: 167.0, Max: 668, Diff: 668, Sum: 668, Workers: 4
[1667.359s][debug][gc,phases      ] GC(241)   ObjectSynchronizer Weak        Min:  0.0, Avg:  0.0, Max:  0.0, Diff:  0.0, Sum:  0.0, Workers: 4
[1667.359s][debug][gc,phases      ] GC(241)     Dead                           Min: 0, Avg:  0.0, Max: 0, Diff: 0, Sum: 0, Workers: 4
[1667.359s][debug][gc,phases      ] GC(241)     Total                          Min: 0, Avg: 87.0, Max: 348, Diff: 348, Sum: 348, Workers: 4
[1667.359s][debug][gc,phases      ] GC(241)   JVMTI Tag Weak OopStorage      Min:  0.0, Avg:  0.0, Max:  0.0, Diff:  0.0, Sum:  0.0, Workers: 4
[1667.359s][debug][gc,phases      ] GC(241)     Dead                           Min: 0, Avg:  0.0, Max: 0, Diff: 0, Sum: 0, Workers: 4
[1667.359s][debug][gc,phases      ] GC(241)     Total                          Min: 0, Avg:  0.0, Max: 0, Diff: 0, Sum: 0, Workers: 4
[1667.359s][debug][gc,phases      ] GC(241)   StringTable Weak               Min:  0.1, Avg:  0.1, Max:  0.1, Diff:  0.0, Sum:  0.4, Workers: 4
[1667.359s][debug][gc,phases      ] GC(241)     Dead                           Min: 0, Avg:  0.0, Max: 0, Diff: 0, Sum: 0, Workers: 4
[1667.359s][debug][gc,phases      ] GC(241)     Total                          Min: 9472, Avg: 12031.8, Max: 14656, Diff: 5184, Sum: 48127, Workers: 4
[1667.359s][debug][gc,phases      ] GC(241)   ResolvedMethodTable Weak       Min:  0.0, Avg:  0.0, Max:  0.0, Diff:  0.0, Sum:  0.1, Workers: 4
[1667.359s][debug][gc,phases      ] GC(241)     Dead                           Min: 0, Avg:  0.0, Max: 0, Diff: 0, Sum: 0, Workers: 4
[1667.359s][debug][gc,phases      ] GC(241)     Total                          Min: 1572, Avg: 1986.2, Max: 2350, Diff: 778, Sum: 7945, Workers: 4
[1667.359s][debug][gc,phases      ] GC(241)   JNI Weak                       Min:  0.0, Avg:  0.0, Max:  0.0, Diff:  0.0, Sum:  0.0, Workers: 4
[1667.359s][debug][gc,phases      ] GC(241)     Dead                           Min: 0, Avg:  0.0, Max: 0, Diff: 0, Sum: 0, Workers: 4
[1667.359s][debug][gc,phases      ] GC(241)     Total                          Min: 0, Avg:  0.0, Max: 0, Diff: 0, Sum: 0, Workers: 4
[1667.359s][debug][gc,phases      ] GC(241)   StringDedup Table Weak         Min:  0.0, Avg:  0.0, Max:  0.0, Diff:  0.0, Sum:  0.0, Workers: 4
[1667.359s][debug][gc,phases      ] GC(241)     Dead                           Min: 0, Avg:  0.0, Max: 0, Diff: 0, Sum: 0, Workers: 4
[1667.359s][debug][gc,phases      ] GC(241)     Total                          Min: 0, Avg:  0.0, Max: 0, Diff: 0, Sum: 0, Workers: 4
[1667.359s][debug][gc,phases      ] GC(241)   StringDedup Requests0 Weak     Min:  0.0, Avg:  0.0, Max:  0.0, Diff:  0.0, Sum:  0.0, Workers: 4
[1667.359s][debug][gc,phases      ] GC(241)     Dead                           Min: 0, Avg:  0.0, Max: 0, Diff: 0, Sum: 0, Workers: 4
[1667.359s][debug][gc,phases      ] GC(241)     Total                          Min: 0, Avg:  0.0, Max: 0, Diff: 0, Sum: 0, Workers: 4
[1667.359s][debug][gc,phases      ] GC(241)   StringDedup Requests1 Weak     Min:  0.0, Avg:  0.0, Max:  0.0, Diff:  0.0, Sum:  0.0, Workers: 4
[1667.359s][debug][gc,phases      ] GC(241)     Dead                           Min: 0, Avg:  0.0, Max: 0, Diff: 0, Sum: 0, Workers: 4
[1667.359s][debug][gc,phases      ] GC(241)     Total                          Min: 0, Avg:  0.0, Max: 0, Diff: 0, Sum: 0, Workers: 4
[1667.359s][debug][gc,phases      ] GC(241)   Weak JFR Old Object Samples    Min:  0.0, Avg:  0.0, Max:  0.0, Diff:  0.0, Sum:  0.0, Workers: 4
[1667.359s][debug][gc,phases      ] GC(241)     Dead                           Min: 0, Avg:  0.0, Max: 0, Diff: 0, Sum: 0, Workers: 4
[1667.359s][debug][gc,phases      ] GC(241)     Total                          Min: 0, Avg:  0.0, Max: 0, Diff: 0, Sum: 0, Workers: 4
[1667.359s][debug][gc,phases      ] GC(241) Weak Processing 0.282ms
[1667.359s][debug][gc,age         ] GC(241) Desired survivor size 3145728 bytes, new threshold 15 (max threshold 15)
[1667.359s][info ][gc,heap        ] GC(241) PSYoungGen: 2093696K(2094080K)->2624K(2094080K) Eden: 2091008K(2091008K)->0K(2091008K) From: 2688K(3072K)->2624K(3072K)
[1667.359s][info ][gc,heap        ] GC(241) ParOldGen: 560575K(614400K)->560631K(614400K)
[1667.359s][info ][gc,metaspace   ] GC(241) Metaspace: 82125K(83008K)->82125K(83008K) NonClass: 70637K(71104K)->70637K(71104K) Class: 11487K(11904K)->11487K(11904K)
[1667.359s][info ][gc             ] GC(241) Pause Young (Allocation Failure) 2592M->550M(2645M) 2.924ms
[1667.359s][info ][gc,cpu         ] GC(241) User=0.01s Sys=0.00s Real=0.01s
[1667.359s][info ][safepoint      ] Safepoint "ParallelGCFailedAllocation", Time since last: 897490856 ns, Reaching safepoint: 43000 ns, At safepoint: 2998329 ns, Total: 3041329 ns
[1670.360s][info ][safepoint      ] Safepoint "Cleanup", Time since last: 3000214029 ns, Reaching safepoint: 114901 ns, At safepoint: 8100 ns, Total: 123001 ns
[1680.144s][info ][gc,start       ] GC(242) Pause Young (Allocation Failure)
[1680.147s][debug][gc,phases      ] GC(242) Scavenge 3.004ms
[1680.147s][debug][gc,ref         ] GC(242) Skipped phase 1 of Reference Processing: no references
[1680.147s][debug][gc,ref         ] GC(242) Skipped phase 2 of Reference Processing: no references
[1680.147s][debug][gc,ref         ] GC(242) Skipped phase 3 of Reference Processing: no references
[1680.147s][debug][gc,ref         ] GC(242) Skipped phase 4 of Reference Processing: no references
[1680.147s][debug][gc,phases      ] GC(242) Reference Processing 0.024ms
[1680.147s][debug][gc,phases      ] GC(242)   VM Weak                        Min:  0.0, Avg:  0.0, Max:  0.0, Diff:  0.0, Sum:  0.0, Workers: 4
[1680.147s][debug][gc,phases      ] GC(242)     Dead                           Min: 0, Avg:  0.0, Max: 0, Diff: 0, Sum: 0, Workers: 4
[1680.147s][debug][gc,phases      ] GC(242)     Total                          Min: 0, Avg: 167.0, Max: 448, Diff: 448, Sum: 668, Workers: 4
[1680.147s][debug][gc,phases      ] GC(242)   ObjectSynchronizer Weak        Min:  0.0, Avg:  0.0, Max:  0.0, Diff:  0.0, Sum:  0.0, Workers: 4
[1680.147s][debug][gc,phases      ] GC(242)     Dead                           Min: 0, Avg:  0.0, Max: 0, Diff: 0, Sum: 0, Workers: 4
[1680.147s][debug][gc,phases      ] GC(242)     Total                          Min: 0, Avg: 87.0, Max: 128, Diff: 128, Sum: 348, Workers: 4
[1680.147s][debug][gc,phases      ] GC(242)   JVMTI Tag Weak OopStorage      Min:  0.0, Avg:  0.0, Max:  0.0, Diff:  0.0, Sum:  0.0, Workers: 4
[1680.147s][debug][gc,phases      ] GC(242)     Dead                           Min: 0, Avg:  0.0, Max: 0, Diff: 0, Sum: 0, Workers: 4
[1680.147s][debug][gc,phases      ] GC(242)     Total                          Min: 0, Avg:  0.0, Max: 0, Diff: 0, Sum: 0, Workers: 4
[1680.147s][debug][gc,phases      ] GC(242)   StringTable Weak               Min:  0.1, Avg:  0.1, Max:  0.1, Diff:  0.0, Sum:  0.4, Workers: 4
[1680.147s][debug][gc,phases      ] GC(242)     Dead                           Min: 0, Avg:  0.0, Max: 0, Diff: 0, Sum: 0, Workers: 4
[1680.147s][debug][gc,phases      ] GC(242)     Total                          Min: 10176, Avg: 12031.8, Max: 14336, Diff: 4160, Sum: 48127, Workers: 4
[1680.147s][debug][gc,phases      ] GC(242)   ResolvedMethodTable Weak       Min:  0.0, Avg:  0.0, Max:  0.0, Diff:  0.0, Sum:  0.1, Workers: 4
[1680.147s][debug][gc,phases      ] GC(242)     Dead                           Min: 0, Avg:  0.0, Max: 0, Diff: 0, Sum: 0, Workers: 4
[1680.147s][debug][gc,phases      ] GC(242)     Total                          Min: 1638, Avg: 1986.2, Max: 2321, Diff: 683, Sum: 7945, Workers: 4
[1680.147s][debug][gc,phases      ] GC(242)   JNI Weak                       Min:  0.0, Avg:  0.0, Max:  0.0, Diff:  0.0, Sum:  0.0, Workers: 4
[1680.147s][debug][gc,phases      ] GC(242)     Dead                           Min: 0, Avg:  0.0, Max: 0, Diff: 0, Sum: 0, Workers: 4
[1680.147s][debug][gc,phases      ] GC(242)     Total                          Min: 0, Avg:  0.0, Max: 0, Diff: 0, Sum: 0, Workers: 4
[1680.147s][debug][gc,phases      ] GC(242)   StringDedup Table Weak         Min:  0.0, Avg:  0.0, Max:  0.0, Diff:  0.0, Sum:  0.0, Workers: 4
[1680.147s][debug][gc,phases      ] GC(242)     Dead                           Min: 0, Avg:  0.0, Max: 0, Diff: 0, Sum: 0, Workers: 4
[1680.147s][debug][gc,phases      ] GC(242)     Total                          Min: 0, Avg:  0.0, Max: 0, Diff: 0, Sum: 0, Workers: 4
[1680.147s][debug][gc,phases      ] GC(242)   StringDedup Requests0 Weak     Min:  0.0, Avg:  0.0, Max:  0.0, Diff:  0.0, Sum:  0.0, Workers: 4
[1680.147s][debug][gc,phases      ] GC(242)     Dead                           Min: 0, Avg:  0.0, Max: 0, Diff: 0, Sum: 0, Workers: 4
[1680.147s][debug][gc,phases      ] GC(242)     Total                          Min: 0, Avg:  0.0, Max: 0, Diff: 0, Sum: 0, Workers: 4
[1680.147s][debug][gc,phases      ] GC(242)   StringDedup Requests1 Weak     Min:  0.0, Avg:  0.0, Max:  0.0, Diff:  0.0, Sum:  0.0, Workers: 4
[1680.147s][debug][gc,phases      ] GC(242)     Dead                           Min: 0, Avg:  0.0, Max: 0, Diff: 0, Sum: 0, Workers: 4
[1680.147s][debug][gc,phases      ] GC(242)     Total                          Min: 0, Avg:  0.0, Max: 0, Diff: 0, Sum: 0, Workers: 4
[1680.147s][debug][gc,phases      ] GC(242)   Weak JFR Old Object Samples    Min:  0.0, Avg:  0.0, Max:  0.0, Diff:  0.0, Sum:  0.0, Workers: 4
[1680.147s][debug][gc,phases      ] GC(242)     Dead                           Min: 0, Avg:  0.0, Max: 0, Diff: 0, Sum: 0, Workers: 4
[1680.147s][debug][gc,phases      ] GC(242)     Total                          Min: 0, Avg:  0.0, Max: 0, Diff: 0, Sum: 0, Workers: 4
[1680.147s][debug][gc,phases      ] GC(242) Weak Processing 0.283ms
[1680.147s][debug][gc,age         ] GC(242) Desired survivor size 3145728 bytes, new threshold 15 (max threshold 15)
[1680.147s][info ][gc,heap        ] GC(242) PSYoungGen: 2093632K(2094080K)->2506K(2094080K) Eden: 2091008K(2091008K)->0K(2091008K) From: 2624K(3072K)->2506K(3072K)
[1680.147s][info ][gc,heap        ] GC(242) ParOldGen: 560631K(614400K)->560639K(614400K)
[1680.147s][info ][gc,metaspace   ] GC(242) Metaspace: 82125K(83008K)->82125K(83008K) NonClass: 70638K(71104K)->70638K(71104K) Class: 11487K(11904K)->11487K(11904K)
[1680.147s][info ][gc             ] GC(242) Pause Young (Allocation Failure) 2592M->549M(2645M) 3.422ms
[1680.147s][info ][gc,cpu         ] GC(242) User=0.02s Sys=0.01s Real=0.00s
[1680.147s][info ][safepoint      ] Safepoint "ParallelGCFailedAllocation", Time since last: 9783643257 ns, Reaching safepoint: 110901 ns, At safepoint: 3497534 ns, Total: 3608435 ns
[1693.106s][info ][gc,start       ] GC(243) Pause Young (Allocation Failure)
[1693.109s][debug][gc,phases      ] GC(243) Scavenge 3.215ms
[1693.109s][debug][gc,ref         ] GC(243) Skipped phase 1 of Reference Processing: no references
[1693.109s][debug][gc,ref         ] GC(243) Skipped phase 2 of Reference Processing: no references
[1693.109s][debug][gc,ref         ] GC(243) Skipped phase 3 of Reference Processing: no references
[1693.109s][debug][gc,ref         ] GC(243) Skipped phase 4 of Reference Processing: no references
[1693.109s][debug][gc,phases      ] GC(243) Reference Processing 0.024ms
[1693.109s][debug][gc,phases      ] GC(243)   VM Weak                        Min:  0.0, Avg:  0.0, Max:  0.0, Diff:  0.0, Sum:  0.0, Workers: 4
[1693.109s][debug][gc,phases      ] GC(243)     Dead                           Min: 0, Avg:  0.0, Max: 0, Diff: 0, Sum: 0, Workers: 4
[1693.109s][debug][gc,phases      ] GC(243)     Total                          Min: 0, Avg: 167.0, Max: 512, Diff: 512, Sum: 668, Workers: 4
[1693.109s][debug][gc,phases      ] GC(243)   ObjectSynchronizer Weak        Min:  0.0, Avg:  0.0, Max:  0.0, Diff:  0.0, Sum:  0.0, Workers: 4
[1693.109s][debug][gc,phases      ] GC(243)     Dead                           Min: 0, Avg:  0.0, Max: 0, Diff: 0, Sum: 0, Workers: 4
[1693.109s][debug][gc,phases      ] GC(243)     Total                          Min: 0, Avg: 87.0, Max: 156, Diff: 156, Sum: 348, Workers: 4
[1693.109s][debug][gc,phases      ] GC(243)   JVMTI Tag Weak OopStorage      Min:  0.0, Avg:  0.0, Max:  0.0, Diff:  0.0, Sum:  0.0, Workers: 4
[1693.109s][debug][gc,phases      ] GC(243)     Dead                           Min: 0, Avg:  0.0, Max: 0, Diff: 0, Sum: 0, Workers: 4
[1693.109s][debug][gc,phases      ] GC(243)     Total                          Min: 0, Avg:  0.0, Max: 0, Diff: 0, Sum: 0, Workers: 4
[1693.109s][debug][gc,phases      ] GC(243)   StringTable Weak               Min:  0.1, Avg:  0.1, Max:  0.1, Diff:  0.0, Sum:  0.4, Workers: 4
[1693.109s][debug][gc,phases      ] GC(243)     Dead                           Min: 0, Avg:  0.0, Max: 0, Diff: 0, Sum: 0, Workers: 4
[1693.109s][debug][gc,phases      ] GC(243)     Total                          Min: 9344, Avg: 12032.0, Max: 14848, Diff: 5504, Sum: 48128, Workers: 4
[1693.109s][debug][gc,phases      ] GC(243)   ResolvedMethodTable Weak       Min:  0.0, Avg:  0.0, Max:  0.0, Diff:  0.0, Sum:  0.1, Workers: 4
[1693.109s][debug][gc,phases      ] GC(243)     Dead                           Min: 0, Avg:  0.0, Max: 0, Diff: 0, Sum: 0, Workers: 4
[1693.109s][debug][gc,phases      ] GC(243)     Total                          Min: 1532, Avg: 1986.2, Max: 2394, Diff: 862, Sum: 7945, Workers: 4
[1693.109s][debug][gc,phases      ] GC(243)   JNI Weak                       Min:  0.0, Avg:  0.0, Max:  0.0, Diff:  0.0, Sum:  0.0, Workers: 4
[1693.109s][debug][gc,phases      ] GC(243)     Dead                           Min: 0, Avg:  0.0, Max: 0, Diff: 0, Sum: 0, Workers: 4
[1693.109s][debug][gc,phases      ] GC(243)     Total                          Min: 0, Avg:  0.0, Max: 0, Diff: 0, Sum: 0, Workers: 4
[1693.109s][debug][gc,phases      ] GC(243)   StringDedup Table Weak         Min:  0.0, Avg:  0.0, Max:  0.0, Diff:  0.0, Sum:  0.0, Workers: 4
[1693.109s][debug][gc,phases      ] GC(243)     Dead                           Min: 0, Avg:  0.0, Max: 0, Diff: 0, Sum: 0, Workers: 4
[1693.109s][debug][gc,phases      ] GC(243)     Total                          Min: 0, Avg:  0.0, Max: 0, Diff: 0, Sum: 0, Workers: 4
[1693.109s][debug][gc,phases      ] GC(243)   StringDedup Requests0 Weak     Min:  0.0, Avg:  0.0, Max:  0.0, Diff:  0.0, Sum:  0.0, Workers: 4
[1693.109s][debug][gc,phases      ] GC(243)     Dead                           Min: 0, Avg:  0.0, Max: 0, Diff: 0, Sum: 0, Workers: 4
[1693.109s][debug][gc,phases      ] GC(243)     Total                          Min: 0, Avg:  0.0, Max: 0, Diff: 0, Sum: 0, Workers: 4
[1693.109s][debug][gc,phases      ] GC(243)   StringDedup Requests1 Weak     Min:  0.0, Avg:  0.0, Max:  0.0, Diff:  0.0, Sum:  0.0, Workers: 4
[1693.109s][debug][gc,phases      ] GC(243)     Dead                           Min: 0, Avg:  0.0, Max: 0, Diff: 0, Sum: 0, Workers: 4
[1693.109s][debug][gc,phases      ] GC(243)     Total                          Min: 0, Avg:  0.0, Max: 0, Diff: 0, Sum: 0, Workers: 4
[1693.109s][debug][gc,phases      ] GC(243)   Weak JFR Old Object Samples    Min:  0.0, Avg:  0.0, Max:  0.0, Diff:  0.0, Sum:  0.0, Workers: 4
[1693.109s][debug][gc,phases      ] GC(243)     Dead                           Min: 0, Avg:  0.0, Max: 0, Diff: 0, Sum: 0, Workers: 4
[1693.109s][debug][gc,phases      ] GC(243)     Total                          Min: 0, Avg:  0.0, Max: 0, Diff: 0, Sum: 0, Workers: 4
[1693.109s][debug][gc,phases      ] GC(243) Weak Processing 0.281ms
[1693.109s][debug][gc,age         ] GC(243) Desired survivor size 3145728 bytes, new threshold 15 (max threshold 15)
[1693.109s][info ][gc,heap        ] GC(243) PSYoungGen: 2093514K(2094080K)->2496K(2094080K) Eden: 2091008K(2091008K)->0K(2091008K) From: 2506K(3072K)->2496K(3072K)
[1693.109s][info ][gc,heap        ] GC(243) ParOldGen: 560639K(614400K)->560671K(614400K)
[1693.109s][info ][gc,metaspace   ] GC(243) Metaspace: 82125K(83008K)->82125K(83008K) NonClass: 70638K(71104K)->70638K(71104K) Class: 11487K(11904K)->11487K(11904K)
[1693.109s][info ][gc             ] GC(243) Pause Young (Allocation Failure) 2591M->549M(2645M) 3.623ms
[1693.109s][info ][gc,cpu         ] GC(243) User=0.01s Sys=0.00s Real=0.01s
[1693.109s][info ][safepoint      ] Safepoint "ParallelGCFailedAllocation", Time since last: 12958549763 ns, Reaching safepoint: 39900 ns, At safepoint: 3690836 ns, Total: 3730736 ns
[1704.110s][info ][safepoint      ] Safepoint "Cleanup", Time since last: 11000698068 ns, Reaching safepoint: 43200 ns, At safepoint: 5900 ns, Total: 49100 ns
[1706.252s][info ][gc,start       ] GC(244) Pause Young (Allocation Failure)
[1706.255s][debug][gc,phases      ] GC(244) Scavenge 2.186ms
[1706.255s][debug][gc,ref         ] GC(244) Skipped phase 1 of Reference Processing: no references
[1706.255s][debug][gc,ref         ] GC(244) ReferenceProcessor::execute queues: 1, RefProcThreadModel::Single, marks_oops_alive: false
[1706.255s][debug][gc,ref         ] GC(244) Skipped phase 3 of Reference Processing: no references
[1706.255s][debug][gc,ref         ] GC(244) Skipped phase 4 of Reference Processing: no references
[1706.255s][debug][gc,phases      ] GC(244) Reference Processing 0.096ms
[1706.255s][debug][gc,phases      ] GC(244)   VM Weak                        Min:  0.0, Avg:  0.0, Max:  0.0, Diff:  0.0, Sum:  0.0, Workers: 4
[1706.255s][debug][gc,phases      ] GC(244)     Dead                           Min: 0, Avg:  0.0, Max: 0, Diff: 0, Sum: 0, Workers: 4
[1706.255s][debug][gc,phases      ] GC(244)     Total                          Min: 0, Avg: 167.0, Max: 668, Diff: 668, Sum: 668, Workers: 4
[1706.255s][debug][gc,phases      ] GC(244)   ObjectSynchronizer Weak        Min:  0.0, Avg:  0.0, Max:  0.0, Diff:  0.0, Sum:  0.0, Workers: 4
[1706.255s][debug][gc,phases      ] GC(244)     Dead                           Min: 0, Avg:  0.0, Max: 0, Diff: 0, Sum: 0, Workers: 4
[1706.255s][debug][gc,phases      ] GC(244)     Total                          Min: 0, Avg: 87.0, Max: 320, Diff: 320, Sum: 348, Workers: 4
[1706.255s][debug][gc,phases      ] GC(244)   JVMTI Tag Weak OopStorage      Min:  0.0, Avg:  0.0, Max:  0.0, Diff:  0.0, Sum:  0.0, Workers: 4
[1706.255s][debug][gc,phases      ] GC(244)     Dead                           Min: 0, Avg:  0.0, Max: 0, Diff: 0, Sum: 0, Workers: 4
[1706.255s][debug][gc,phases      ] GC(244)     Total                          Min: 0, Avg:  0.0, Max: 0, Diff: 0, Sum: 0, Workers: 4
[1706.255s][debug][gc,phases      ] GC(244)   StringTable Weak               Min:  0.1, Avg:  0.1, Max:  0.1, Diff:  0.1, Sum:  0.4, Workers: 4
[1706.255s][debug][gc,phases      ] GC(244)     Dead                           Min: 0, Avg:  0.0, Max: 0, Diff: 0, Sum: 0, Workers: 4
[1706.255s][debug][gc,phases      ] GC(244)     Total                          Min: 11520, Avg: 12032.0, Max: 12352, Diff: 832, Sum: 48128, Workers: 4
[1706.255s][debug][gc,phases      ] GC(244)   ResolvedMethodTable Weak       Min:  0.0, Avg:  0.0, Max:  0.0, Diff:  0.0, Sum:  0.1, Workers: 4
[1706.255s][debug][gc,phases      ] GC(244)     Dead                           Min: 0, Avg:  0.0, Max: 0, Diff: 0, Sum: 0, Workers: 4
[1706.255s][debug][gc,phases      ] GC(244)     Total                          Min: 0, Avg: 1986.2, Max: 2732, Diff: 2732, Sum: 7945, Workers: 4
[1706.255s][debug][gc,phases      ] GC(244)   JNI Weak                       Min:  0.0, Avg:  0.0, Max:  0.0, Diff:  0.0, Sum:  0.0, Workers: 4
[1706.255s][debug][gc,phases      ] GC(244)     Dead                           Min: 0, Avg:  0.0, Max: 0, Diff: 0, Sum: 0, Workers: 4
[1706.255s][debug][gc,phases      ] GC(244)     Total                          Min: 0, Avg:  0.0, Max: 0, Diff: 0, Sum: 0, Workers: 4
[1706.255s][debug][gc,phases      ] GC(244)   StringDedup Table Weak         Min:  0.0, Avg:  0.0, Max:  0.0, Diff:  0.0, Sum:  0.0, Workers: 4
[1706.255s][debug][gc,phases      ] GC(244)     Dead                           Min: 0, Avg:  0.0, Max: 0, Diff: 0, Sum: 0, Workers: 4
[1706.255s][debug][gc,phases      ] GC(244)     Total                          Min: 0, Avg:  0.0, Max: 0, Diff: 0, Sum: 0, Workers: 4
[1706.255s][debug][gc,phases      ] GC(244)   StringDedup Requests0 Weak     Min:  0.0, Avg:  0.0, Max:  0.0, Diff:  0.0, Sum:  0.0, Workers: 4
[1706.255s][debug][gc,phases      ] GC(244)     Dead                           Min: 0, Avg:  0.0, Max: 0, Diff: 0, Sum: 0, Workers: 4
[1706.255s][debug][gc,phases      ] GC(244)     Total                          Min: 0, Avg:  0.0, Max: 0, Diff: 0, Sum: 0, Workers: 4
[1706.255s][debug][gc,phases      ] GC(244)   StringDedup Requests1 Weak     Min:  0.0, Avg:  0.0, Max:  0.0, Diff:  0.0, Sum:  0.0, Workers: 4
[1706.255s][debug][gc,phases      ] GC(244)     Dead                           Min: 0, Avg:  0.0, Max: 0, Diff: 0, Sum: 0, Workers: 4
[1706.255s][debug][gc,phases      ] GC(244)     Total                          Min: 0, Avg:  0.0, Max: 0, Diff: 0, Sum: 0, Workers: 4
[1706.255s][debug][gc,phases      ] GC(244)   Weak JFR Old Object Samples    Min:  0.0, Avg:  0.0, Max:  0.0, Diff:  0.0, Sum:  0.0, Workers: 4
[1706.255s][debug][gc,phases      ] GC(244)     Dead                           Min: 0, Avg:  0.0, Max: 0, Diff: 0, Sum: 0, Workers: 4
[1706.255s][debug][gc,phases      ] GC(244)     Total                          Min: 0, Avg:  0.0, Max: 0, Diff: 0, Sum: 0, Workers: 4
[1706.255s][debug][gc,phases      ] GC(244) Weak Processing 0.289ms
[1706.255s][debug][gc,age         ] GC(244) Desired survivor size 3145728 bytes, new threshold 15 (max threshold 15)
[1706.255s][info ][gc,heap        ] GC(244) PSYoungGen: 2093504K(2094080K)->2592K(2094080K) Eden: 2091008K(2091008K)->0K(2091008K) From: 2496K(3072K)->2592K(3072K)
[1706.255s][info ][gc,heap        ] GC(244) ParOldGen: 560671K(614400K)->560711K(614400K)
[1706.255s][info ][gc,metaspace   ] GC(244) Metaspace: 82129K(83008K)->82129K(83008K) NonClass: 70642K(71104K)->70642K(71104K) Class: 11487K(11904K)->11487K(11904K)
[1706.255s][info ][gc             ] GC(244) Pause Young (Allocation Failure) 2591M->550M(2645M) 2.672ms
[1706.255s][info ][gc,cpu         ] GC(244) User=0.01s Sys=0.00s Real=0.00s
[1706.255s][info ][safepoint      ] Safepoint "ParallelGCFailedAllocation", Time since last: 2142145860 ns, Reaching safepoint: 32600 ns, At safepoint: 2739827 ns, Total: 2772427 ns
[1711.255s][info ][safepoint      ] Safepoint "Cleanup", Time since last: 5000355671 ns, Reaching safepoint: 112901 ns, At safepoint: 6000 ns, Total: 118901 ns
[1719.402s][info ][gc,start       ] GC(245) Pause Young (Allocation Failure)
[1719.405s][debug][gc,phases      ] GC(245) Scavenge 2.508ms
[1719.405s][debug][gc,ref         ] GC(245) Skipped phase 1 of Reference Processing: no references
[1719.405s][debug][gc,ref         ] GC(245) ReferenceProcessor::execute queues: 1, RefProcThreadModel::Single, marks_oops_alive: false
[1719.405s][debug][gc,ref         ] GC(245) Skipped phase 3 of Reference Processing: no references
[1719.405s][debug][gc,ref         ] GC(245) Skipped phase 4 of Reference Processing: no references
[1719.405s][debug][gc,phases      ] GC(245) Reference Processing 0.099ms
[1719.405s][debug][gc,phases      ] GC(245)   VM Weak                        Min:  0.0, Avg:  0.0, Max:  0.0, Diff:  0.0, Sum:  0.0, Workers: 4
[1719.405s][debug][gc,phases      ] GC(245)     Dead                           Min: 0, Avg:  0.0, Max: 0, Diff: 0, Sum: 0, Workers: 4
[1719.405s][debug][gc,phases      ] GC(245)     Total                          Min: 0, Avg: 167.0, Max: 668, Diff: 668, Sum: 668, Workers: 4
[1719.405s][debug][gc,phases      ] GC(245)   ObjectSynchronizer Weak        Min:  0.0, Avg:  0.0, Max:  0.0, Diff:  0.0, Sum:  0.0, Workers: 4
[1719.405s][debug][gc,phases      ] GC(245)     Dead                           Min: 0, Avg:  0.0, Max: 0, Diff: 0, Sum: 0, Workers: 4
[1719.405s][debug][gc,phases      ] GC(245)     Total                          Min: 0, Avg: 87.0, Max: 284, Diff: 284, Sum: 348, Workers: 4
[1719.405s][debug][gc,phases      ] GC(245)   JVMTI Tag Weak OopStorage      Min:  0.0, Avg:  0.0, Max:  0.0, Diff:  0.0, Sum:  0.0, Workers: 4
[1719.405s][debug][gc,phases      ] GC(245)     Dead                           Min: 0, Avg:  0.0, Max: 0, Diff: 0, Sum: 0, Workers: 4
[1719.405s][debug][gc,phases      ] GC(245)     Total                          Min: 0, Avg:  0.0, Max: 0, Diff: 0, Sum: 0, Workers: 4
[1719.405s][debug][gc,phases      ] GC(245)   StringTable Weak               Min:  0.1, Avg:  0.1, Max:  0.1, Diff:  0.0, Sum:  0.3, Workers: 4
[1719.405s][debug][gc,phases      ] GC(245)     Dead                           Min: 0, Avg:  0.0, Max: 0, Diff: 0, Sum: 0, Workers: 4
[1719.405s][debug][gc,phases      ] GC(245)     Total                          Min: 10944, Avg: 12032.0, Max: 13632, Diff: 2688, Sum: 48128, Workers: 4
[1719.405s][debug][gc,phases      ] GC(245)   ResolvedMethodTable Weak       Min:  0.0, Avg:  0.0, Max:  0.0, Diff:  0.0, Sum:  0.1, Workers: 4
[1719.405s][debug][gc,phases      ] GC(245)     Dead                           Min: 0, Avg:  0.0, Max: 0, Diff: 0, Sum: 0, Workers: 4
[1719.405s][debug][gc,phases      ] GC(245)     Total                          Min: 1924, Avg: 1986.2, Max: 2078, Diff: 154, Sum: 7945, Workers: 4
[1719.405s][debug][gc,phases      ] GC(245)   JNI Weak                       Min:  0.0, Avg:  0.0, Max:  0.0, Diff:  0.0, Sum:  0.0, Workers: 4
[1719.405s][debug][gc,phases      ] GC(245)     Dead                           Min: 0, Avg:  0.0, Max: 0, Diff: 0, Sum: 0, Workers: 4
[1719.405s][debug][gc,phases      ] GC(245)     Total                          Min: 0, Avg:  0.0, Max: 0, Diff: 0, Sum: 0, Workers: 4
[1719.405s][debug][gc,phases      ] GC(245)   StringDedup Table Weak         Min:  0.0, Avg:  0.0, Max:  0.0, Diff:  0.0, Sum:  0.0, Workers: 4
[1719.405s][debug][gc,phases      ] GC(245)     Dead                           Min: 0, Avg:  0.0, Max: 0, Diff: 0, Sum: 0, Workers: 4
[1719.405s][debug][gc,phases      ] GC(245)     Total                          Min: 0, Avg:  0.0, Max: 0, Diff: 0, Sum: 0, Workers: 4
[1719.405s][debug][gc,phases      ] GC(245)   StringDedup Requests0 Weak     Min:  0.0, Avg:  0.0, Max:  0.0, Diff:  0.0, Sum:  0.0, Workers: 4
[1719.405s][debug][gc,phases      ] GC(245)     Dead                           Min: 0, Avg:  0.0, Max: 0, Diff: 0, Sum: 0, Workers: 4
[1719.405s][debug][gc,phases      ] GC(245)     Total                          Min: 0, Avg:  0.0, Max: 0, Diff: 0, Sum: 0, Workers: 4
[1719.405s][debug][gc,phases      ] GC(245)   StringDedup Requests1 Weak     Min:  0.0, Avg:  0.0, Max:  0.0, Diff:  0.0, Sum:  0.0, Workers: 4
[1719.405s][debug][gc,phases      ] GC(245)     Dead                           Min: 0, Avg:  0.0, Max: 0, Diff: 0, Sum: 0, Workers: 4
[1719.405s][debug][gc,phases      ] GC(245)     Total                          Min: 0, Avg:  0.0, Max: 0, Diff: 0, Sum: 0, Workers: 4
[1719.405s][debug][gc,phases      ] GC(245)   Weak JFR Old Object Samples    Min:  0.0, Avg:  0.0, Max:  0.0, Diff:  0.0, Sum:  0.0, Workers: 4
[1719.405s][debug][gc,phases      ] GC(245)     Dead                           Min: 0, Avg:  0.0, Max: 0, Diff: 0, Sum: 0, Workers: 4
[1719.405s][debug][gc,phases      ] GC(245)     Total                          Min: 0, Avg:  0.0, Max: 0, Diff: 0, Sum: 0, Workers: 4
[1719.405s][debug][gc,phases      ] GC(245) Weak Processing 0.260ms
[1719.405s][debug][gc,age         ] GC(245) Desired survivor size 3145728 bytes, new threshold 15 (max threshold 15)
[1719.405s][info ][gc,heap        ] GC(245) PSYoungGen: 2093600K(2094080K)->2496K(2094080K) Eden: 2091008K(2091008K)->0K(2091008K) From: 2592K(3072K)->2496K(3072K)
[1719.405s][info ][gc,heap        ] GC(245) ParOldGen: 560711K(614400K)->560751K(614400K)
[1719.405s][info ][gc,metaspace   ] GC(245) Metaspace: 82135K(83008K)->82135K(83008K) NonClass: 70648K(71104K)->70648K(71104K) Class: 11487K(11904K)->11487K(11904K)
[1719.405s][info ][gc             ] GC(245) Pause Young (Allocation Failure) 2592M->550M(2645M) 2.969ms
[1719.405s][info ][gc,cpu         ] GC(245) User=0.01s Sys=0.00s Real=0.00s
[1719.405s][info ][safepoint      ] Safepoint "ParallelGCFailedAllocation", Time since last: 8146656393 ns, Reaching safepoint: 42901 ns, At safepoint: 3059029 ns, Total: 3101930 ns
[1731.406s][info ][safepoint      ] Safepoint "Cleanup", Time since last: 12000779100 ns, Reaching safepoint: 113201 ns, At safepoint: 14500 ns, Total: 127701 ns
[1732.703s][info ][gc,start       ] GC(246) Pause Young (Allocation Failure)
[1732.706s][debug][gc,phases      ] GC(246) Scavenge 2.876ms
[1732.706s][debug][gc,ref         ] GC(246) Skipped phase 1 of Reference Processing: no references
[1732.706s][debug][gc,ref         ] GC(246) ReferenceProcessor::execute queues: 1, RefProcThreadModel::Single, marks_oops_alive: false
[1732.706s][debug][gc,ref         ] GC(246) Skipped phase 3 of Reference Processing: no references
[1732.706s][debug][gc,ref         ] GC(246) Skipped phase 4 of Reference Processing: no references
[1732.706s][debug][gc,phases      ] GC(246) Reference Processing 0.099ms
[1732.706s][debug][gc,phases      ] GC(246)   VM Weak                        Min:  0.0, Avg:  0.0, Max:  0.0, Diff:  0.0, Sum:  0.0, Workers: 4
[1732.706s][debug][gc,phases      ] GC(246)     Dead                           Min: 0, Avg:  0.0, Max: 0, Diff: 0, Sum: 0, Workers: 4
[1732.706s][debug][gc,phases      ] GC(246)     Total                          Min: 0, Avg: 167.0, Max: 640, Diff: 640, Sum: 668, Workers: 4
[1732.706s][debug][gc,phases      ] GC(246)   ObjectSynchronizer Weak        Min:  0.0, Avg:  0.0, Max:  0.0, Diff:  0.0, Sum:  0.0, Workers: 4
[1732.706s][debug][gc,phases      ] GC(246)     Dead                           Min: 0, Avg:  0.0, Max: 0, Diff: 0, Sum: 0, Workers: 4
[1732.706s][debug][gc,phases      ] GC(246)     Total                          Min: 0, Avg: 87.0, Max: 192, Diff: 192, Sum: 348, Workers: 4
[1732.706s][debug][gc,phases      ] GC(246)   JVMTI Tag Weak OopStorage      Min:  0.0, Avg:  0.0, Max:  0.0, Diff:  0.0, Sum:  0.0, Workers: 4
[1732.706s][debug][gc,phases      ] GC(246)     Dead                           Min: 0, Avg:  0.0, Max: 0, Diff: 0, Sum: 0, Workers: 4
[1732.706s][debug][gc,phases      ] GC(246)     Total                          Min: 0, Avg:  0.0, Max: 0, Diff: 0, Sum: 0, Workers: 4
[1732.706s][debug][gc,phases      ] GC(246)   StringTable Weak               Min:  0.1, Avg:  0.1, Max:  0.1, Diff:  0.0, Sum:  0.4, Workers: 4
[1732.706s][debug][gc,phases      ] GC(246)     Dead                           Min: 0, Avg:  0.0, Max: 0, Diff: 0, Sum: 0, Workers: 4
[1732.706s][debug][gc,phases      ] GC(246)     Total                          Min: 9728, Avg: 12032.2, Max: 14720, Diff: 4992, Sum: 48129, Workers: 4
[1732.706s][debug][gc,phases      ] GC(246)   ResolvedMethodTable Weak       Min:  0.0, Avg:  0.0, Max:  0.0, Diff:  0.0, Sum:  0.1, Workers: 4
[1732.706s][debug][gc,phases      ] GC(246)     Dead                           Min: 0, Avg:  0.0, Max: 0, Diff: 0, Sum: 0, Workers: 4
[1732.706s][debug][gc,phases      ] GC(246)     Total                          Min: 1624, Avg: 1986.2, Max: 2389, Diff: 765, Sum: 7945, Workers: 4
[1732.706s][debug][gc,phases      ] GC(246)   JNI Weak                       Min:  0.0, Avg:  0.0, Max:  0.0, Diff:  0.0, Sum:  0.0, Workers: 4
[1732.706s][debug][gc,phases      ] GC(246)     Dead                           Min: 0, Avg:  0.0, Max: 0, Diff: 0, Sum: 0, Workers: 4
[1732.706s][debug][gc,phases      ] GC(246)     Total                          Min: 0, Avg:  0.0, Max: 0, Diff: 0, Sum: 0, Workers: 4
[1732.707s][debug][gc,phases      ] GC(246)   StringDedup Table Weak         Min:  0.0, Avg:  0.0, Max:  0.0, Diff:  0.0, Sum:  0.0, Workers: 4
[1732.707s][debug][gc,phases      ] GC(246)     Dead                           Min: 0, Avg:  0.0, Max: 0, Diff: 0, Sum: 0, Workers: 4
[1732.707s][debug][gc,phases      ] GC(246)     Total                          Min: 0, Avg:  0.0, Max: 0, Diff: 0, Sum: 0, Workers: 4
[1732.707s][debug][gc,phases      ] GC(246)   StringDedup Requests0 Weak     Min:  0.0, Avg:  0.0, Max:  0.0, Diff:  0.0, Sum:  0.0, Workers: 4
[1732.707s][debug][gc,phases      ] GC(246)     Dead                           Min: 0, Avg:  0.0, Max: 0, Diff: 0, Sum: 0, Workers: 4
[1732.707s][debug][gc,phases      ] GC(246)     Total                          Min: 0, Avg:  0.0, Max: 0, Diff: 0, Sum: 0, Workers: 4
[1732.707s][debug][gc,phases      ] GC(246)   StringDedup Requests1 Weak     Min:  0.0, Avg:  0.0, Max:  0.0, Diff:  0.0, Sum:  0.0, Workers: 4
[1732.707s][debug][gc,phases      ] GC(246)     Dead                           Min: 0, Avg:  0.0, Max: 0, Diff: 0, Sum: 0, Workers: 4
[1732.707s][debug][gc,phases      ] GC(246)     Total                          Min: 0, Avg:  0.0, Max: 0, Diff: 0, Sum: 0, Workers: 4
[1732.707s][debug][gc,phases      ] GC(246)   Weak JFR Old Object Samples    Min:  0.0, Avg:  0.0, Max:  0.0, Diff:  0.0, Sum:  0.0, Workers: 4
[1732.707s][debug][gc,phases      ] GC(246)     Dead                           Min: 0, Avg:  0.0, Max: 0, Diff: 0, Sum: 0, Workers: 4
[1732.707s][debug][gc,phases      ] GC(246)     Total                          Min: 0, Avg:  0.0, Max: 0, Diff: 0, Sum: 0, Workers: 4
[1732.707s][debug][gc,phases      ] GC(246) Weak Processing 0.274ms
[1732.707s][debug][gc,age         ] GC(246) Desired survivor size 3145728 bytes, new threshold 15 (max threshold 15)
[1732.707s][info ][gc,heap        ] GC(246) PSYoungGen: 2093504K(2094080K)->2576K(2094080K) Eden: 2091008K(2091008K)->0K(2091008K) From: 2496K(3072K)->2576K(3072K)
[1732.707s][info ][gc,heap        ] GC(246) ParOldGen: 560751K(614400K)->560767K(614400K)
[1732.707s][info ][gc,metaspace   ] GC(246) Metaspace: 82135K(83008K)->82135K(83008K) NonClass: 70648K(71104K)->70648K(71104K) Class: 11487K(11904K)->11487K(11904K)
[1732.707s][info ][gc             ] GC(246) Pause Young (Allocation Failure) 2592M->550M(2645M) 3.355ms
[1732.707s][info ][gc,cpu         ] GC(246) User=0.01s Sys=0.00s Real=0.00s
[1732.707s][info ][safepoint      ] Safepoint "ParallelGCFailedAllocation", Time since last: 1296999008 ns, Reaching safepoint: 32901 ns, At safepoint: 3427733 ns, Total: 3460634 ns
[1741.707s][info ][safepoint      ] Safepoint "Cleanup", Time since last: 9000618256 ns, Reaching safepoint: 113501 ns, At safepoint: 6600 ns, Total: 120101 ns
[1745.754s][info ][gc,start       ] GC(247) Pause Young (Allocation Failure)
[1745.756s][debug][gc,phases      ] GC(247) Scavenge 2.080ms
[1745.756s][debug][gc,ref         ] GC(247) Skipped phase 1 of Reference Processing: no references
[1745.756s][debug][gc,ref         ] GC(247) ReferenceProcessor::execute queues: 1, RefProcThreadModel::Single, marks_oops_alive: false
[1745.756s][debug][gc,ref         ] GC(247) Skipped phase 3 of Reference Processing: no references
[1745.756s][debug][gc,ref         ] GC(247) Skipped phase 4 of Reference Processing: no references
[1745.756s][debug][gc,phases      ] GC(247) Reference Processing 0.097ms
[1745.756s][debug][gc,phases      ] GC(247)   VM Weak                        Min:  0.0, Avg:  0.0, Max:  0.0, Diff:  0.0, Sum:  0.0, Workers: 4
[1745.756s][debug][gc,phases      ] GC(247)     Dead                           Min: 0, Avg:  0.0, Max: 0, Diff: 0, Sum: 0, Workers: 4
[1745.756s][debug][gc,phases      ] GC(247)     Total                          Min: 0, Avg: 167.0, Max: 512, Diff: 512, Sum: 668, Workers: 4
[1745.756s][debug][gc,phases      ] GC(247)   ObjectSynchronizer Weak        Min:  0.0, Avg:  0.0, Max:  0.0, Diff:  0.0, Sum:  0.0, Workers: 4
[1745.756s][debug][gc,phases      ] GC(247)     Dead                           Min: 0, Avg:  0.0, Max: 0, Diff: 0, Sum: 0, Workers: 4
[1745.756s][debug][gc,phases      ] GC(247)     Total                          Min: 0, Avg: 87.0, Max: 192, Diff: 192, Sum: 348, Workers: 4
[1745.756s][debug][gc,phases      ] GC(247)   JVMTI Tag Weak OopStorage      Min:  0.0, Avg:  0.0, Max:  0.0, Diff:  0.0, Sum:  0.0, Workers: 4
[1745.756s][debug][gc,phases      ] GC(247)     Dead                           Min: 0, Avg:  0.0, Max: 0, Diff: 0, Sum: 0, Workers: 4
[1745.756s][debug][gc,phases      ] GC(247)     Total                          Min: 0, Avg:  0.0, Max: 0, Diff: 0, Sum: 0, Workers: 4
[1745.756s][debug][gc,phases      ] GC(247)   StringTable Weak               Min:  0.1, Avg:  0.1, Max:  0.1, Diff:  0.0, Sum:  0.3, Workers: 4
[1745.756s][debug][gc,phases      ] GC(247)     Dead                           Min: 0, Avg:  0.0, Max: 0, Diff: 0, Sum: 0, Workers: 4
[1745.756s][debug][gc,phases      ] GC(247)     Total                          Min: 10944, Avg: 12032.2, Max: 12800, Diff: 1856, Sum: 48129, Workers: 4
[1745.756s][debug][gc,phases      ] GC(247)   ResolvedMethodTable Weak       Min:  0.0, Avg:  0.0, Max:  0.0, Diff:  0.0, Sum:  0.1, Workers: 4
[1745.756s][debug][gc,phases      ] GC(247)     Dead                           Min: 0, Avg:  0.0, Max: 0, Diff: 0, Sum: 0, Workers: 4
[1745.756s][debug][gc,phases      ] GC(247)     Total                          Min: 1917, Avg: 1986.2, Max: 2080, Diff: 163, Sum: 7945, Workers: 4
[1745.756s][debug][gc,phases      ] GC(247)   JNI Weak                       Min:  0.0, Avg:  0.0, Max:  0.0, Diff:  0.0, Sum:  0.0, Workers: 4
[1745.756s][debug][gc,phases      ] GC(247)     Dead                           Min: 0, Avg:  0.0, Max: 0, Diff: 0, Sum: 0, Workers: 4
[1745.756s][debug][gc,phases      ] GC(247)     Total                          Min: 0, Avg:  0.0, Max: 0, Diff: 0, Sum: 0, Workers: 4
[1745.756s][debug][gc,phases      ] GC(247)   StringDedup Table Weak         Min:  0.0, Avg:  0.0, Max:  0.0, Diff:  0.0, Sum:  0.0, Workers: 4
[1745.756s][debug][gc,phases      ] GC(247)     Dead                           Min: 0, Avg:  0.0, Max: 0, Diff: 0, Sum: 0, Workers: 4
[1745.756s][debug][gc,phases      ] GC(247)     Total                          Min: 0, Avg:  0.0, Max: 0, Diff: 0, Sum: 0, Workers: 4
[1745.756s][debug][gc,phases      ] GC(247)   StringDedup Requests0 Weak     Min:  0.0, Avg:  0.0, Max:  0.0, Diff:  0.0, Sum:  0.0, Workers: 4
[1745.756s][debug][gc,phases      ] GC(247)     Dead                           Min: 0, Avg:  0.0, Max: 0, Diff: 0, Sum: 0, Workers: 4
[1745.756s][debug][gc,phases      ] GC(247)     Total                          Min: 0, Avg:  0.0, Max: 0, Diff: 0, Sum: 0, Workers: 4
[1745.756s][debug][gc,phases      ] GC(247)   StringDedup Requests1 Weak     Min:  0.0, Avg:  0.0, Max:  0.0, Diff:  0.0, Sum:  0.0, Workers: 4
[1745.756s][debug][gc,phases      ] GC(247)     Dead                           Min: 0, Avg:  0.0, Max: 0, Diff: 0, Sum: 0, Workers: 4
[1745.756s][debug][gc,phases      ] GC(247)     Total                          Min: 0, Avg:  0.0, Max: 0, Diff: 0, Sum: 0, Workers: 4
[1745.756s][debug][gc,phases      ] GC(247)   Weak JFR Old Object Samples    Min:  0.0, Avg:  0.0, Max:  0.0, Diff:  0.0, Sum:  0.0, Workers: 4
[1745.756s][debug][gc,phases      ] GC(247)     Dead                           Min: 0, Avg:  0.0, Max: 0, Diff: 0, Sum: 0, Workers: 4
[1745.756s][debug][gc,phases      ] GC(247)     Total                          Min: 0, Avg:  0.0, Max: 0, Diff: 0, Sum: 0, Workers: 4
[1745.756s][debug][gc,phases      ] GC(247) Weak Processing 0.259ms
[1745.756s][debug][gc,age         ] GC(247) Desired survivor size 3145728 bytes, new threshold 15 (max threshold 15)
[1745.756s][info ][gc,heap        ] GC(247) PSYoungGen: 2093584K(2094080K)->2576K(2094080K) Eden: 2091008K(2091008K)->0K(2091008K) From: 2576K(3072K)->2576K(3072K)
[1745.756s][info ][gc,heap        ] GC(247) ParOldGen: 560767K(614400K)->560791K(614400K)
[1745.756s][info ][gc,metaspace   ] GC(247) Metaspace: 82135K(83008K)->82135K(83008K) NonClass: 70648K(71104K)->70648K(71104K) Class: 11487K(11904K)->11487K(11904K)
[1745.756s][info ][gc             ] GC(247) Pause Young (Allocation Failure) 2592M->550M(2645M) 2.544ms
[1745.756s][info ][gc,cpu         ] GC(247) User=0.01s Sys=0.00s Real=0.00s
[1745.756s][info ][safepoint      ] Safepoint "ParallelGCFailedAllocation", Time since last: 4046059955 ns, Reaching safepoint: 34201 ns, At safepoint: 2617325 ns, Total: 2651526 ns
[1752.757s][info ][safepoint      ] Safepoint "Cleanup", Time since last: 7000457140 ns, Reaching safepoint: 110801 ns, At safepoint: 6200 ns, Total: 117001 ns
[1758.853s][info ][gc,start       ] GC(248) Pause Young (Allocation Failure)
[1758.856s][debug][gc,phases      ] GC(248) Scavenge 2.779ms
[1758.856s][debug][gc,ref         ] GC(248) Skipped phase 1 of Reference Processing: no references
[1758.856s][debug][gc,ref         ] GC(248) ReferenceProcessor::execute queues: 1, RefProcThreadModel::Single, marks_oops_alive: false
[1758.856s][debug][gc,ref         ] GC(248) Skipped phase 3 of Reference Processing: no references
[1758.856s][debug][gc,ref         ] GC(248) ReferenceProcessor::execute queues: 1, RefProcThreadModel::Single, marks_oops_alive: false
[1758.856s][debug][gc,phases      ] GC(248) Reference Processing 0.142ms
[1758.857s][debug][gc,phases      ] GC(248)   VM Weak                        Min:  0.0, Avg:  0.0, Max:  0.0, Diff:  0.0, Sum:  0.0, Workers: 4
[1758.857s][debug][gc,phases      ] GC(248)     Dead                           Min: 0, Avg:  0.0, Max: 0, Diff: 0, Sum: 0, Workers: 4
[1758.857s][debug][gc,phases      ] GC(248)     Total                          Min: 0, Avg: 167.0, Max: 476, Diff: 476, Sum: 668, Workers: 4
[1758.857s][debug][gc,phases      ] GC(248)   ObjectSynchronizer Weak        Min:  0.0, Avg:  0.0, Max:  0.0, Diff:  0.0, Sum:  0.0, Workers: 4
[1758.857s][debug][gc,phases      ] GC(248)     Dead                           Min: 0, Avg:  0.0, Max: 0, Diff: 0, Sum: 0, Workers: 4
[1758.857s][debug][gc,phases      ] GC(248)     Total                          Min: 0, Avg: 87.0, Max: 220, Diff: 220, Sum: 348, Workers: 4
[1758.857s][debug][gc,phases      ] GC(248)   JVMTI Tag Weak OopStorage      Min:  0.0, Avg:  0.0, Max:  0.0, Diff:  0.0, Sum:  0.0, Workers: 4
[1758.857s][debug][gc,phases      ] GC(248)     Dead                           Min: 0, Avg:  0.0, Max: 0, Diff: 0, Sum: 0, Workers: 4
[1758.857s][debug][gc,phases      ] GC(248)     Total                          Min: 0, Avg:  0.0, Max: 0, Diff: 0, Sum: 0, Workers: 4
[1758.857s][debug][gc,phases      ] GC(248)   StringTable Weak               Min:  0.1, Avg:  0.1, Max:  0.1, Diff:  0.0, Sum:  0.4, Workers: 4
[1758.857s][debug][gc,phases      ] GC(248)     Dead                           Min: 0, Avg:  0.0, Max: 0, Diff: 0, Sum: 0, Workers: 4
[1758.857s][debug][gc,phases      ] GC(248)     Total                          Min: 10945, Avg: 12032.2, Max: 13888, Diff: 2943, Sum: 48129, Workers: 4
[1758.857s][debug][gc,phases      ] GC(248)   ResolvedMethodTable Weak       Min:  0.0, Avg:  0.0, Max:  0.0, Diff:  0.0, Sum:  0.1, Workers: 4
[1758.857s][debug][gc,phases      ] GC(248)     Dead                           Min: 0, Avg:  0.0, Max: 0, Diff: 0, Sum: 0, Workers: 4
[1758.857s][debug][gc,phases      ] GC(248)     Total                          Min: 1696, Avg: 1986.2, Max: 2283, Diff: 587, Sum: 7945, Workers: 4
[1758.857s][debug][gc,phases      ] GC(248)   JNI Weak                       Min:  0.0, Avg:  0.0, Max:  0.0, Diff:  0.0, Sum:  0.0, Workers: 4
[1758.857s][debug][gc,phases      ] GC(248)     Dead                           Min: 0, Avg:  0.0, Max: 0, Diff: 0, Sum: 0, Workers: 4
[1758.857s][debug][gc,phases      ] GC(248)     Total                          Min: 0, Avg:  0.0, Max: 0, Diff: 0, Sum: 0, Workers: 4
[1758.857s][debug][gc,phases      ] GC(248)   StringDedup Table Weak         Min:  0.0, Avg:  0.0, Max:  0.0, Diff:  0.0, Sum:  0.0, Workers: 4
[1758.857s][debug][gc,phases      ] GC(248)     Dead                           Min: 0, Avg:  0.0, Max: 0, Diff: 0, Sum: 0, Workers: 4
[1758.857s][debug][gc,phases      ] GC(248)     Total                          Min: 0, Avg:  0.0, Max: 0, Diff: 0, Sum: 0, Workers: 4
[1758.857s][debug][gc,phases      ] GC(248)   StringDedup Requests0 Weak     Min:  0.0, Avg:  0.0, Max:  0.0, Diff:  0.0, Sum:  0.0, Workers: 4
[1758.857s][debug][gc,phases      ] GC(248)     Dead                           Min: 0, Avg:  0.0, Max: 0, Diff: 0, Sum: 0, Workers: 4
[1758.857s][debug][gc,phases      ] GC(248)     Total                          Min: 0, Avg:  0.0, Max: 0, Diff: 0, Sum: 0, Workers: 4
[1758.857s][debug][gc,phases      ] GC(248)   StringDedup Requests1 Weak     Min:  0.0, Avg:  0.0, Max:  0.0, Diff:  0.0, Sum:  0.0, Workers: 4
[1758.857s][debug][gc,phases      ] GC(248)     Dead                           Min: 0, Avg:  0.0, Max: 0, Diff: 0, Sum: 0, Workers: 4
[1758.857s][debug][gc,phases      ] GC(248)     Total                          Min: 0, Avg:  0.0, Max: 0, Diff: 0, Sum: 0, Workers: 4
[1758.857s][debug][gc,phases      ] GC(248)   Weak JFR Old Object Samples    Min:  0.0, Avg:  0.0, Max:  0.0, Diff:  0.0, Sum:  0.0, Workers: 4
[1758.857s][debug][gc,phases      ] GC(248)     Dead                           Min: 0, Avg:  0.0, Max: 0, Diff: 0, Sum: 0, Workers: 4
[1758.857s][debug][gc,phases      ] GC(248)     Total                          Min: 0, Avg:  0.0, Max: 0, Diff: 0, Sum: 0, Workers: 4
[1758.857s][debug][gc,phases      ] GC(248) Weak Processing 0.338ms
[1758.857s][debug][gc,age         ] GC(248) Desired survivor size 3145728 bytes, new threshold 15 (max threshold 15)
[1758.857s][info ][gc,heap        ] GC(248) PSYoungGen: 2093584K(2094080K)->2544K(2094080K) Eden: 2091008K(2091008K)->0K(2091008K) From: 2576K(3072K)->2544K(3072K)
[1758.857s][info ][gc,heap        ] GC(248) ParOldGen: 560791K(614400K)->560823K(614400K)
[1758.857s][info ][gc,metaspace   ] GC(248) Metaspace: 82138K(83008K)->82138K(83008K) NonClass: 70651K(71104K)->70651K(71104K) Class: 11487K(11904K)->11487K(11904K)
[1758.857s][info ][gc             ] GC(248) Pause Young (Allocation Failure) 2592M->550M(2645M) 3.387ms
[1758.857s][info ][gc,cpu         ] GC(248) User=0.02s Sys=0.00s Real=0.00s
[1758.857s][info ][safepoint      ] Safepoint "ParallelGCFailedAllocation", Time since last: 6096594867 ns, Reaching safepoint: 30400 ns, At safepoint: 3460133 ns, Total: 3490533 ns
[1760.670s][info ][safepoint      ] Safepoint "Cleanup", Time since last: 1813421094 ns, Reaching safepoint: 53900 ns, At safepoint: 2900 ns, Total: 56800 ns
[1772.053s][info ][gc,start       ] GC(249) Pause Young (Allocation Failure)
[1772.056s][debug][gc,phases      ] GC(249) Scavenge 3.068ms
[1772.056s][debug][gc,ref         ] GC(249) Skipped phase 1 of Reference Processing: no references
[1772.056s][debug][gc,ref         ] GC(249) ReferenceProcessor::execute queues: 1, RefProcThreadModel::Single, marks_oops_alive: false
[1772.056s][debug][gc,ref         ] GC(249) Skipped phase 3 of Reference Processing: no references
[1772.056s][debug][gc,ref         ] GC(249) ReferenceProcessor::execute queues: 1, RefProcThreadModel::Single, marks_oops_alive: false
[1772.056s][debug][gc,phases      ] GC(249) Reference Processing 0.103ms
[1772.056s][debug][gc,phases      ] GC(249)   VM Weak                        Min:  0.0, Avg:  0.0, Max:  0.0, Diff:  0.0, Sum:  0.0, Workers: 4
[1772.056s][debug][gc,phases      ] GC(249)     Dead                           Min: 0, Avg:  0.0, Max: 0, Diff: 0, Sum: 0, Workers: 4
[1772.056s][debug][gc,phases      ] GC(249)     Total                          Min: 0, Avg: 167.0, Max: 668, Diff: 668, Sum: 668, Workers: 4
[1772.056s][debug][gc,phases      ] GC(249)   ObjectSynchronizer Weak        Min:  0.0, Avg:  0.0, Max:  0.0, Diff:  0.0, Sum:  0.0, Workers: 4
[1772.056s][debug][gc,phases      ] GC(249)     Dead                           Min: 0, Avg:  0.0, Max: 0, Diff: 0, Sum: 0, Workers: 4
[1772.056s][debug][gc,phases      ] GC(249)     Total                          Min: 0, Avg: 87.0, Max: 320, Diff: 320, Sum: 348, Workers: 4
[1772.056s][debug][gc,phases      ] GC(249)   JVMTI Tag Weak OopStorage      Min:  0.0, Avg:  0.0, Max:  0.0, Diff:  0.0, Sum:  0.0, Workers: 4
[1772.056s][debug][gc,phases      ] GC(249)     Dead                           Min: 0, Avg:  0.0, Max: 0, Diff: 0, Sum: 0, Workers: 4
[1772.056s][debug][gc,phases      ] GC(249)     Total                          Min: 0, Avg:  0.0, Max: 0, Diff: 0, Sum: 0, Workers: 4
[1772.056s][debug][gc,phases      ] GC(249)   StringTable Weak               Min:  0.1, Avg:  0.1, Max:  0.1, Diff:  0.0, Sum:  0.4, Workers: 4
[1772.056s][debug][gc,phases      ] GC(249)     Dead                           Min: 0, Avg:  0.0, Max: 0, Diff: 0, Sum: 0, Workers: 4
[1772.056s][debug][gc,phases      ] GC(249)     Total                          Min: 10112, Avg: 12032.2, Max: 15168, Diff: 5056, Sum: 48129, Workers: 4
[1772.056s][debug][gc,phases      ] GC(249)   ResolvedMethodTable Weak       Min:  0.0, Avg:  0.0, Max:  0.0, Diff:  0.0, Sum:  0.1, Workers: 4
[1772.056s][debug][gc,phases      ] GC(249)     Dead                           Min: 0, Avg:  0.0, Max: 0, Diff: 0, Sum: 0, Workers: 4
[1772.056s][debug][gc,phases      ] GC(249)     Total                          Min: 1767, Avg: 1986.2, Max: 2539, Diff: 772, Sum: 7945, Workers: 4
[1772.056s][debug][gc,phases      ] GC(249)   JNI Weak                       Min:  0.0, Avg:  0.0, Max:  0.0, Diff:  0.0, Sum:  0.0, Workers: 4
[1772.056s][debug][gc,phases      ] GC(249)     Dead                           Min: 0, Avg:  0.0, Max: 0, Diff: 0, Sum: 0, Workers: 4
[1772.056s][debug][gc,phases      ] GC(249)     Total                          Min: 0, Avg:  0.0, Max: 0, Diff: 0, Sum: 0, Workers: 4
[1772.056s][debug][gc,phases      ] GC(249)   StringDedup Table Weak         Min:  0.0, Avg:  0.0, Max:  0.0, Diff:  0.0, Sum:  0.0, Workers: 4
[1772.056s][debug][gc,phases      ] GC(249)     Dead                           Min: 0, Avg:  0.0, Max: 0, Diff: 0, Sum: 0, Workers: 4
[1772.056s][debug][gc,phases      ] GC(249)     Total                          Min: 0, Avg:  0.0, Max: 0, Diff: 0, Sum: 0, Workers: 4
[1772.056s][debug][gc,phases      ] GC(249)   StringDedup Requests0 Weak     Min:  0.0, Avg:  0.0, Max:  0.0, Diff:  0.0, Sum:  0.0, Workers: 4
[1772.056s][debug][gc,phases      ] GC(249)     Dead                           Min: 0, Avg:  0.0, Max: 0, Diff: 0, Sum: 0, Workers: 4
[1772.056s][debug][gc,phases      ] GC(249)     Total                          Min: 0, Avg:  0.0, Max: 0, Diff: 0, Sum: 0, Workers: 4
[1772.056s][debug][gc,phases      ] GC(249)   StringDedup Requests1 Weak     Min:  0.0, Avg:  0.0, Max:  0.0, Diff:  0.0, Sum:  0.0, Workers: 4
[1772.056s][debug][gc,phases      ] GC(249)     Dead                           Min: 0, Avg:  0.0, Max: 0, Diff: 0, Sum: 0, Workers: 4
[1772.056s][debug][gc,phases      ] GC(249)     Total                          Min: 0, Avg:  0.0, Max: 0, Diff: 0, Sum: 0, Workers: 4
[1772.056s][debug][gc,phases      ] GC(249)   Weak JFR Old Object Samples    Min:  0.0, Avg:  0.0, Max:  0.0, Diff:  0.0, Sum:  0.0, Workers: 4
[1772.056s][debug][gc,phases      ] GC(249)     Dead                           Min: 0, Avg:  0.0, Max: 0, Diff: 0, Sum: 0, Workers: 4
[1772.056s][debug][gc,phases      ] GC(249)     Total                          Min: 0, Avg:  0.0, Max: 0, Diff: 0, Sum: 0, Workers: 4
[1772.056s][debug][gc,phases      ] GC(249) Weak Processing 0.281ms
[1772.056s][debug][gc,age         ] GC(249) Desired survivor size 3145728 bytes, new threshold 15 (max threshold 15)
[1772.056s][info ][gc,heap        ] GC(249) PSYoungGen: 2093552K(2094080K)->2672K(2094080K) Eden: 2091008K(2091008K)->0K(2091008K) From: 2544K(3072K)->2672K(3072K)
[1772.056s][info ][gc,heap        ] GC(249) ParOldGen: 560823K(614400K)->560831K(614400K)
[1772.056s][info ][gc,metaspace   ] GC(249) Metaspace: 82138K(83008K)->82138K(83008K) NonClass: 70651K(71104K)->70651K(71104K) Class: 11487K(11904K)->11487K(11904K)
[1772.056s][info ][gc             ] GC(249) Pause Young (Allocation Failure) 2592M->550M(2645M) 3.556ms
[1772.056s][info ][gc,cpu         ] GC(249) User=0.01s Sys=0.00s Real=0.00s
[1772.056s][info ][safepoint      ] Safepoint "ParallelGCFailedAllocation", Time since last: 11382583573 ns, Reaching safepoint: 43400 ns, At safepoint: 3631335 ns, Total: 3674735 ns
[1782.057s][info ][safepoint      ] Safepoint "Cleanup", Time since last: 10000674192 ns, Reaching safepoint: 78801 ns, At safepoint: 28100 ns, Total: 106901 ns
[1785.055s][info ][gc,start       ] GC(250) Pause Young (Allocation Failure)
[1785.057s][debug][gc,phases      ] GC(250) Scavenge 2.100ms
[1785.057s][debug][gc,ref         ] GC(250) Skipped phase 1 of Reference Processing: no references
[1785.057s][debug][gc,ref         ] GC(250) ReferenceProcessor::execute queues: 1, RefProcThreadModel::Single, marks_oops_alive: false
[1785.057s][debug][gc,ref         ] GC(250) Skipped phase 3 of Reference Processing: no references
[1785.057s][debug][gc,ref         ] GC(250) ReferenceProcessor::execute queues: 1, RefProcThreadModel::Single, marks_oops_alive: false
[1785.057s][debug][gc,phases      ] GC(250) Reference Processing 0.104ms
[1785.057s][debug][gc,phases      ] GC(250)   VM Weak                        Min:  0.0, Avg:  0.0, Max:  0.0, Diff:  0.0, Sum:  0.0, Workers: 4
[1785.057s][debug][gc,phases      ] GC(250)     Dead                           Min: 0, Avg:  0.0, Max: 0, Diff: 0, Sum: 0, Workers: 4
[1785.057s][debug][gc,phases      ] GC(250)     Total                          Min: 0, Avg: 167.0, Max: 576, Diff: 576, Sum: 668, Workers: 4
[1785.057s][debug][gc,phases      ] GC(250)   ObjectSynchronizer Weak        Min:  0.0, Avg:  0.0, Max:  0.0, Diff:  0.0, Sum:  0.0, Workers: 4
[1785.057s][debug][gc,phases      ] GC(250)     Dead                           Min: 0, Avg:  0.0, Max: 0, Diff: 0, Sum: 0, Workers: 4
[1785.057s][debug][gc,phases      ] GC(250)     Total                          Min: 0, Avg: 87.0, Max: 220, Diff: 220, Sum: 348, Workers: 4
[1785.057s][debug][gc,phases      ] GC(250)   JVMTI Tag Weak OopStorage      Min:  0.0, Avg:  0.0, Max:  0.0, Diff:  0.0, Sum:  0.0, Workers: 4
[1785.057s][debug][gc,phases      ] GC(250)     Dead                           Min: 0, Avg:  0.0, Max: 0, Diff: 0, Sum: 0, Workers: 4
[1785.057s][debug][gc,phases      ] GC(250)     Total                          Min: 0, Avg:  0.0, Max: 0, Diff: 0, Sum: 0, Workers: 4
[1785.057s][debug][gc,phases      ] GC(250)   StringTable Weak               Min:  0.1, Avg:  0.1, Max:  0.1, Diff:  0.0, Sum:  0.3, Workers: 4
[1785.057s][debug][gc,phases      ] GC(250)     Dead                           Min: 0, Avg:  0.0, Max: 0, Diff: 0, Sum: 0, Workers: 4
[1785.057s][debug][gc,phases      ] GC(250)     Total                          Min: 9600, Avg: 12032.2, Max: 13697, Diff: 4097, Sum: 48129, Workers: 4
[1785.057s][debug][gc,phases      ] GC(250)   ResolvedMethodTable Weak       Min:  0.0, Avg:  0.0, Max:  0.0, Diff:  0.0, Sum:  0.1, Workers: 4
[1785.057s][debug][gc,phases      ] GC(250)     Dead                           Min: 0, Avg:  0.0, Max: 0, Diff: 0, Sum: 0, Workers: 4
[1785.057s][debug][gc,phases      ] GC(250)     Total                          Min: 176, Avg: 1986.2, Max: 3173, Diff: 2997, Sum: 7945, Workers: 4
[1785.057s][debug][gc,phases      ] GC(250)   JNI Weak                       Min:  0.0, Avg:  0.0, Max:  0.0, Diff:  0.0, Sum:  0.0, Workers: 4
[1785.058s][debug][gc,phases      ] GC(250)     Dead                           Min: 0, Avg:  0.0, Max: 0, Diff: 0, Sum: 0, Workers: 4
[1785.058s][debug][gc,phases      ] GC(250)     Total                          Min: 0, Avg:  0.0, Max: 0, Diff: 0, Sum: 0, Workers: 4
[1785.058s][debug][gc,phases      ] GC(250)   StringDedup Table Weak         Min:  0.0, Avg:  0.0, Max:  0.0, Diff:  0.0, Sum:  0.0, Workers: 4
[1785.058s][debug][gc,phases      ] GC(250)     Dead                           Min: 0, Avg:  0.0, Max: 0, Diff: 0, Sum: 0, Workers: 4
[1785.058s][debug][gc,phases      ] GC(250)     Total                          Min: 0, Avg:  0.0, Max: 0, Diff: 0, Sum: 0, Workers: 4
[1785.058s][debug][gc,phases      ] GC(250)   StringDedup Requests0 Weak     Min:  0.0, Avg:  0.0, Max:  0.0, Diff:  0.0, Sum:  0.0, Workers: 4
[1785.058s][debug][gc,phases      ] GC(250)     Dead                           Min: 0, Avg:  0.0, Max: 0, Diff: 0, Sum: 0, Workers: 4
[1785.058s][debug][gc,phases      ] GC(250)     Total                          Min: 0, Avg:  0.0, Max: 0, Diff: 0, Sum: 0, Workers: 4
[1785.058s][debug][gc,phases      ] GC(250)   StringDedup Requests1 Weak     Min:  0.0, Avg:  0.0, Max:  0.0, Diff:  0.0, Sum:  0.0, Workers: 4
[1785.058s][debug][gc,phases      ] GC(250)     Dead                           Min: 0, Avg:  0.0, Max: 0, Diff: 0, Sum: 0, Workers: 4
[1785.058s][debug][gc,phases      ] GC(250)     Total                          Min: 0, Avg:  0.0, Max: 0, Diff: 0, Sum: 0, Workers: 4
[1785.058s][debug][gc,phases      ] GC(250)   Weak JFR Old Object Samples    Min:  0.0, Avg:  0.0, Max:  0.0, Diff:  0.0, Sum:  0.0, Workers: 4
[1785.058s][debug][gc,phases      ] GC(250)     Dead                           Min: 0, Avg:  0.0, Max: 0, Diff: 0, Sum: 0, Workers: 4
[1785.058s][debug][gc,phases      ] GC(250)     Total                          Min: 0, Avg:  0.0, Max: 0, Diff: 0, Sum: 0, Workers: 4
[1785.058s][debug][gc,phases      ] GC(250) Weak Processing 0.295ms
[1785.058s][debug][gc,age         ] GC(250) Desired survivor size 3145728 bytes, new threshold 15 (max threshold 15)
[1785.058s][info ][gc,heap        ] GC(250) PSYoungGen: 2093680K(2094080K)->2672K(2094080K) Eden: 2091008K(2091008K)->0K(2091008K) From: 2672K(3072K)->2672K(3072K)
[1785.058s][info ][gc,heap        ] GC(250) ParOldGen: 560831K(614400K)->560855K(614400K)
[1785.058s][info ][gc,metaspace   ] GC(250) Metaspace: 82138K(83008K)->82138K(83008K) NonClass: 70651K(71104K)->70651K(71104K) Class: 11487K(11904K)->11487K(11904K)
[1785.058s][info ][gc             ] GC(250) Pause Young (Allocation Failure) 2592M->550M(2645M) 2.612ms
[1785.058s][info ][gc,cpu         ] GC(250) User=0.01s Sys=0.00s Real=0.00s
[1785.058s][info ][safepoint      ] Safepoint "ParallelGCFailedAllocation", Time since last: 2997587013 ns, Reaching safepoint: 108401 ns, At safepoint: 2680926 ns, Total: 2789327 ns
[1795.058s][info ][safepoint      ] Safepoint "Cleanup", Time since last: 10000646560 ns, Reaching safepoint: 120802 ns, At safepoint: 9000 ns, Total: 129802 ns
[1798.403s][info ][gc,start       ] GC(251) Pause Young (Allocation Failure)
[1798.407s][debug][gc,phases      ] GC(251) Scavenge 3.075ms
[1798.407s][debug][gc,ref         ] GC(251) Skipped phase 1 of Reference Processing: no references
[1798.407s][debug][gc,ref         ] GC(251) ReferenceProcessor::execute queues: 1, RefProcThreadModel::Single, marks_oops_alive: false
[1798.407s][debug][gc,ref         ] GC(251) Skipped phase 3 of Reference Processing: no references
[1798.407s][debug][gc,ref         ] GC(251) ReferenceProcessor::execute queues: 1, RefProcThreadModel::Single, marks_oops_alive: false
[1798.407s][debug][gc,phases      ] GC(251) Reference Processing 0.105ms
[1798.407s][debug][gc,phases      ] GC(251)   VM Weak                        Min:  0.0, Avg:  0.0, Max:  0.0, Diff:  0.0, Sum:  0.0, Workers: 4
[1798.407s][debug][gc,phases      ] GC(251)     Dead                           Min: 0, Avg:  0.0, Max: 0, Diff: 0, Sum: 0, Workers: 4
[1798.407s][debug][gc,phases      ] GC(251)     Total                          Min: 0, Avg: 167.0, Max: 668, Diff: 668, Sum: 668, Workers: 4
[1798.407s][debug][gc,phases      ] GC(251)   ObjectSynchronizer Weak        Min:  0.0, Avg:  0.0, Max:  0.0, Diff:  0.0, Sum:  0.0, Workers: 4
[1798.407s][debug][gc,phases      ] GC(251)     Dead                           Min: 0, Avg:  0.0, Max: 0, Diff: 0, Sum: 0, Workers: 4
[1798.407s][debug][gc,phases      ] GC(251)     Total                          Min: 0, Avg: 87.0, Max: 220, Diff: 220, Sum: 348, Workers: 4
[1798.407s][debug][gc,phases      ] GC(251)   JVMTI Tag Weak OopStorage      Min:  0.0, Avg:  0.0, Max:  0.0, Diff:  0.0, Sum:  0.0, Workers: 4
[1798.407s][debug][gc,phases      ] GC(251)     Dead                           Min: 0, Avg:  0.0, Max: 0, Diff: 0, Sum: 0, Workers: 4
[1798.407s][debug][gc,phases      ] GC(251)     Total                          Min: 0, Avg:  0.0, Max: 0, Diff: 0, Sum: 0, Workers: 4
[1798.407s][debug][gc,phases      ] GC(251)   StringTable Weak               Min:  0.1, Avg:  0.1, Max:  0.1, Diff:  0.0, Sum:  0.4, Workers: 4
[1798.407s][debug][gc,phases      ] GC(251)     Dead                           Min: 0, Avg:  0.0, Max: 0, Diff: 0, Sum: 0, Workers: 4
[1798.407s][debug][gc,phases      ] GC(251)     Total                          Min: 9664, Avg: 12032.2, Max: 14464, Diff: 4800, Sum: 48129, Workers: 4
[1798.407s][debug][gc,phases      ] GC(251)   ResolvedMethodTable Weak       Min:  0.0, Avg:  0.0, Max:  0.0, Diff:  0.0, Sum:  0.1, Workers: 4
[1798.407s][debug][gc,phases      ] GC(251)     Dead                           Min: 0, Avg:  0.0, Max: 0, Diff: 0, Sum: 0, Workers: 4
[1798.407s][debug][gc,phases      ] GC(251)     Total                          Min: 1685, Avg: 1986.2, Max: 2584, Diff: 899, Sum: 7945, Workers: 4
[1798.407s][debug][gc,phases      ] GC(251)   JNI Weak                       Min:  0.0, Avg:  0.0, Max:  0.0, Diff:  0.0, Sum:  0.0, Workers: 4
[1798.407s][debug][gc,phases      ] GC(251)     Dead                           Min: 0, Avg:  0.0, Max: 0, Diff: 0, Sum: 0, Workers: 4
[1798.407s][debug][gc,phases      ] GC(251)     Total                          Min: 0, Avg:  0.0, Max: 0, Diff: 0, Sum: 0, Workers: 4
[1798.407s][debug][gc,phases      ] GC(251)   StringDedup Table Weak         Min:  0.0, Avg:  0.0, Max:  0.0, Diff:  0.0, Sum:  0.0, Workers: 4
[1798.407s][debug][gc,phases      ] GC(251)     Dead                           Min: 0, Avg:  0.0, Max: 0, Diff: 0, Sum: 0, Workers: 4
[1798.407s][debug][gc,phases      ] GC(251)     Total                          Min: 0, Avg:  0.0, Max: 0, Diff: 0, Sum: 0, Workers: 4
[1798.407s][debug][gc,phases      ] GC(251)   StringDedup Requests0 Weak     Min:  0.0, Avg:  0.0, Max:  0.0, Diff:  0.0, Sum:  0.0, Workers: 4
[1798.407s][debug][gc,phases      ] GC(251)     Dead                           Min: 0, Avg:  0.0, Max: 0, Diff: 0, Sum: 0, Workers: 4
[1798.407s][debug][gc,phases      ] GC(251)     Total                          Min: 0, Avg:  0.0, Max: 0, Diff: 0, Sum: 0, Workers: 4
[1798.407s][debug][gc,phases      ] GC(251)   StringDedup Requests1 Weak     Min:  0.0, Avg:  0.0, Max:  0.0, Diff:  0.0, Sum:  0.0, Workers: 4
[1798.407s][debug][gc,phases      ] GC(251)     Dead                           Min: 0, Avg:  0.0, Max: 0, Diff: 0, Sum: 0, Workers: 4
[1798.407s][debug][gc,phases      ] GC(251)     Total                          Min: 0, Avg:  0.0, Max: 0, Diff: 0, Sum: 0, Workers: 4
[1798.407s][debug][gc,phases      ] GC(251)   Weak JFR Old Object Samples    Min:  0.0, Avg:  0.0, Max:  0.0, Diff:  0.0, Sum:  0.0, Workers: 4
[1798.407s][debug][gc,phases      ] GC(251)     Dead                           Min: 0, Avg:  0.0, Max: 0, Diff: 0, Sum: 0, Workers: 4
[1798.407s][debug][gc,phases      ] GC(251)     Total                          Min: 0, Avg:  0.0, Max: 0, Diff: 0, Sum: 0, Workers: 4
[1798.407s][debug][gc,phases      ] GC(251) Weak Processing 0.312ms
[1798.407s][debug][gc,age         ] GC(251) Desired survivor size 3145728 bytes, new threshold 15 (max threshold 15)
[1798.407s][info ][gc,heap        ] GC(251) PSYoungGen: 2093680K(2094080K)->2512K(2094080K) Eden: 2091008K(2091008K)->0K(2091008K) From: 2672K(3072K)->2512K(3072K)
[1798.407s][info ][gc,heap        ] GC(251) ParOldGen: 560855K(614400K)->560887K(614400K)
[1798.407s][info ][gc,metaspace   ] GC(251) Metaspace: 82139K(83008K)->82139K(83008K) NonClass: 70652K(71104K)->70652K(71104K) Class: 11487K(11904K)->11487K(11904K)
[1798.407s][info ][gc             ] GC(251) Pause Young (Allocation Failure) 2592M->550M(2645M) 3.594ms
[1798.407s][info ][gc,cpu         ] GC(251) User=0.01s Sys=0.00s Real=0.00s
[1798.407s][info ][safepoint      ] Safepoint "ParallelGCFailedAllocation", Time since last: 3344979273 ns, Reaching safepoint: 25900 ns, At safepoint: 3659135 ns, Total: 3685035 ns
[1807.408s][info ][safepoint      ] Safepoint "Cleanup", Time since last: 9000623041 ns, Reaching safepoint: 111601 ns, At safepoint: 9000 ns, Total: 120601 ns
[1808.408s][info ][safepoint      ] Safepoint "Cleanup", Time since last: 1000114989 ns, Reaching safepoint: 103801 ns, At safepoint: 9100 ns, Total: 112901 ns
[1811.399s][info ][gc,start       ] GC(252) Pause Young (Allocation Failure)
[1811.403s][debug][gc,phases      ] GC(252) Scavenge 3.251ms
[1811.403s][debug][gc,ref         ] GC(252) Skipped phase 1 of Reference Processing: no references
[1811.403s][debug][gc,ref         ] GC(252) ReferenceProcessor::execute queues: 1, RefProcThreadModel::Single, marks_oops_alive: false
[1811.403s][debug][gc,ref         ] GC(252) Skipped phase 3 of Reference Processing: no references
[1811.403s][debug][gc,ref         ] GC(252) ReferenceProcessor::execute queues: 1, RefProcThreadModel::Single, marks_oops_alive: false
[1811.403s][debug][gc,phases      ] GC(252) Reference Processing 0.115ms
[1811.403s][debug][gc,phases      ] GC(252)   VM Weak                        Min:  0.0, Avg:  0.0, Max:  0.0, Diff:  0.0, Sum:  0.0, Workers: 4
[1811.403s][debug][gc,phases      ] GC(252)     Dead                           Min: 0, Avg:  0.0, Max: 0, Diff: 0, Sum: 0, Workers: 4
[1811.403s][debug][gc,phases      ] GC(252)     Total                          Min: 0, Avg: 167.0, Max: 448, Diff: 448, Sum: 668, Workers: 4
[1811.403s][debug][gc,phases      ] GC(252)   ObjectSynchronizer Weak        Min:  0.0, Avg:  0.0, Max:  0.0, Diff:  0.0, Sum:  0.0, Workers: 4
[1811.403s][debug][gc,phases      ] GC(252)     Dead                           Min: 0, Avg:  0.0, Max: 0, Diff: 0, Sum: 0, Workers: 4
[1811.403s][debug][gc,phases      ] GC(252)     Total                          Min: 0, Avg: 87.0, Max: 220, Diff: 220, Sum: 348, Workers: 4
[1811.403s][debug][gc,phases      ] GC(252)   JVMTI Tag Weak OopStorage      Min:  0.0, Avg:  0.0, Max:  0.0, Diff:  0.0, Sum:  0.0, Workers: 4
[1811.403s][debug][gc,phases      ] GC(252)     Dead                           Min: 0, Avg:  0.0, Max: 0, Diff: 0, Sum: 0, Workers: 4
[1811.403s][debug][gc,phases      ] GC(252)     Total                          Min: 0, Avg:  0.0, Max: 0, Diff: 0, Sum: 0, Workers: 4
[1811.403s][debug][gc,phases      ] GC(252)   StringTable Weak               Min:  0.1, Avg:  0.1, Max:  0.1, Diff:  0.0, Sum:  0.3, Workers: 4
[1811.403s][debug][gc,phases      ] GC(252)     Dead                           Min: 0, Avg:  0.0, Max: 0, Diff: 0, Sum: 0, Workers: 4
[1811.403s][debug][gc,phases      ] GC(252)     Total                          Min: 11139, Avg: 12032.8, Max: 13056, Diff: 1917, Sum: 48131, Workers: 4
[1811.403s][debug][gc,phases      ] GC(252)   ResolvedMethodTable Weak       Min:  0.0, Avg:  0.0, Max:  0.0, Diff:  0.0, Sum:  0.1, Workers: 4
[1811.403s][debug][gc,phases      ] GC(252)     Dead                           Min: 0, Avg:  0.0, Max: 0, Diff: 0, Sum: 0, Workers: 4
[1811.403s][debug][gc,phases      ] GC(252)     Total                          Min: 1904, Avg: 1986.2, Max: 2037, Diff: 133, Sum: 7945, Workers: 4
[1811.403s][debug][gc,phases      ] GC(252)   JNI Weak                       Min:  0.0, Avg:  0.0, Max:  0.0, Diff:  0.0, Sum:  0.0, Workers: 4
[1811.403s][debug][gc,phases      ] GC(252)     Dead                           Min: 0, Avg:  0.0, Max: 0, Diff: 0, Sum: 0, Workers: 4
[1811.403s][debug][gc,phases      ] GC(252)     Total                          Min: 0, Avg:  0.0, Max: 0, Diff: 0, Sum: 0, Workers: 4
[1811.403s][debug][gc,phases      ] GC(252)   StringDedup Table Weak         Min:  0.0, Avg:  0.0, Max:  0.0, Diff:  0.0, Sum:  0.0, Workers: 4
[1811.403s][debug][gc,phases      ] GC(252)     Dead                           Min: 0, Avg:  0.0, Max: 0, Diff: 0, Sum: 0, Workers: 4
[1811.403s][debug][gc,phases      ] GC(252)     Total                          Min: 0, Avg:  0.0, Max: 0, Diff: 0, Sum: 0, Workers: 4
[1811.403s][debug][gc,phases      ] GC(252)   StringDedup Requests0 Weak     Min:  0.0, Avg:  0.0, Max:  0.0, Diff:  0.0, Sum:  0.0, Workers: 4
[1811.403s][debug][gc,phases      ] GC(252)     Dead                           Min: 0, Avg:  0.0, Max: 0, Diff: 0, Sum: 0, Workers: 4
[1811.403s][debug][gc,phases      ] GC(252)     Total                          Min: 0, Avg:  0.0, Max: 0, Diff: 0, Sum: 0, Workers: 4
[1811.403s][debug][gc,phases      ] GC(252)   StringDedup Requests1 Weak     Min:  0.0, Avg:  0.0, Max:  0.0, Diff:  0.0, Sum:  0.0, Workers: 4
[1811.403s][debug][gc,phases      ] GC(252)     Dead                           Min: 0, Avg:  0.0, Max: 0, Diff: 0, Sum: 0, Workers: 4
[1811.403s][debug][gc,phases      ] GC(252)     Total                          Min: 0, Avg:  0.0, Max: 0, Diff: 0, Sum: 0, Workers: 4
[1811.403s][debug][gc,phases      ] GC(252)   Weak JFR Old Object Samples    Min:  0.0, Avg:  0.0, Max:  0.0, Diff:  0.0, Sum:  0.0, Workers: 4
[1811.403s][debug][gc,phases      ] GC(252)     Dead                           Min: 0, Avg:  0.0, Max: 0, Diff: 0, Sum: 0, Workers: 4
[1811.403s][debug][gc,phases      ] GC(252)     Total                          Min: 0, Avg:  0.0, Max: 0, Diff: 0, Sum: 0, Workers: 4
[1811.403s][debug][gc,phases      ] GC(252) Weak Processing 0.252ms
[1811.403s][debug][gc,age         ] GC(252) Desired survivor size 3145728 bytes, new threshold 15 (max threshold 15)
[1811.403s][info ][gc,heap        ] GC(252) PSYoungGen: 2093520K(2094080K)->2640K(2094080K) Eden: 2091008K(2091008K)->0K(2091008K) From: 2512K(3072K)->2640K(3072K)
[1811.403s][info ][gc,heap        ] GC(252) ParOldGen: 560887K(614400K)->560951K(614400K)
[1811.403s][info ][gc,metaspace   ] GC(252) Metaspace: 82140K(83008K)->82140K(83008K) NonClass: 70653K(71104K)->70653K(71104K) Class: 11487K(11904K)->11487K(11904K)
[1811.403s][info ][gc             ] GC(252) Pause Young (Allocation Failure) 2592M->550M(2645M) 3.728ms
[1811.403s][info ][gc,cpu         ] GC(252) User=0.01s Sys=0.00s Real=0.00s
[1811.403s][info ][safepoint      ] Safepoint "ParallelGCFailedAllocation", Time since last: 2991164874 ns, Reaching safepoint: 33600 ns, At safepoint: 3840737 ns, Total: 3874337 ns
[1815.404s][info ][safepoint      ] Safepoint "Cleanup", Time since last: 4000320733 ns, Reaching safepoint: 97901 ns, At safepoint: 8300 ns, Total: 106201 ns
[1818.404s][info ][safepoint      ] Safepoint "Cleanup", Time since last: 3000209940 ns, Reaching safepoint: 100401 ns, At safepoint: 5800 ns, Total: 106201 ns
[1824.353s][info ][gc,start       ] GC(253) Pause Young (Allocation Failure)
[1824.355s][debug][gc,phases      ] GC(253) Scavenge 2.578ms
[1824.355s][debug][gc,ref         ] GC(253) Skipped phase 1 of Reference Processing: no references
[1824.356s][debug][gc,ref         ] GC(253) ReferenceProcessor::execute queues: 1, RefProcThreadModel::Single, marks_oops_alive: false
[1824.356s][debug][gc,ref         ] GC(253) Skipped phase 3 of Reference Processing: no references
[1824.356s][debug][gc,ref         ] GC(253) ReferenceProcessor::execute queues: 1, RefProcThreadModel::Single, marks_oops_alive: false
[1824.356s][debug][gc,phases      ] GC(253) Reference Processing 0.115ms
[1824.356s][debug][gc,phases      ] GC(253)   VM Weak                        Min:  0.0, Avg:  0.0, Max:  0.0, Diff:  0.0, Sum:  0.0, Workers: 4
[1824.356s][debug][gc,phases      ] GC(253)     Dead                           Min: 0, Avg:  0.0, Max: 0, Diff: 0, Sum: 0, Workers: 4
[1824.356s][debug][gc,phases      ] GC(253)     Total                          Min: 0, Avg: 167.0, Max: 668, Diff: 668, Sum: 668, Workers: 4
[1824.356s][debug][gc,phases      ] GC(253)   ObjectSynchronizer Weak        Min:  0.0, Avg:  0.0, Max:  0.0, Diff:  0.0, Sum:  0.0, Workers: 4
[1824.356s][debug][gc,phases      ] GC(253)     Dead                           Min: 0, Avg:  0.0, Max: 0, Diff: 0, Sum: 0, Workers: 4
[1824.356s][debug][gc,phases      ] GC(253)     Total                          Min: 0, Avg: 87.0, Max: 348, Diff: 348, Sum: 348, Workers: 4
[1824.356s][debug][gc,phases      ] GC(253)   JVMTI Tag Weak OopStorage      Min:  0.0, Avg:  0.0, Max:  0.0, Diff:  0.0, Sum:  0.0, Workers: 4
[1824.356s][debug][gc,phases      ] GC(253)     Dead                           Min: 0, Avg:  0.0, Max: 0, Diff: 0, Sum: 0, Workers: 4
[1824.356s][debug][gc,phases      ] GC(253)     Total                          Min: 0, Avg:  0.0, Max: 0, Diff: 0, Sum: 0, Workers: 4
[1824.356s][debug][gc,phases      ] GC(253)   StringTable Weak               Min:  0.1, Avg:  0.1, Max:  0.1, Diff:  0.0, Sum:  0.4, Workers: 4
[1824.356s][debug][gc,phases      ] GC(253)     Dead                           Min: 0, Avg:  0.0, Max: 0, Diff: 0, Sum: 0, Workers: 4
[1824.356s][debug][gc,phases      ] GC(253)     Total                          Min: 9664, Avg: 12034.8, Max: 14603, Diff: 4939, Sum: 48139, Workers: 4
[1824.356s][debug][gc,phases      ] GC(253)   ResolvedMethodTable Weak       Min:  0.0, Avg:  0.0, Max:  0.0, Diff:  0.0, Sum:  0.1, Workers: 4
[1824.356s][debug][gc,phases      ] GC(253)     Dead                           Min: 0, Avg:  0.0, Max: 0, Diff: 0, Sum: 0, Workers: 4
[1824.356s][debug][gc,phases      ] GC(253)     Total                          Min: 1629, Avg: 1986.2, Max: 2448, Diff: 819, Sum: 7945, Workers: 4
[1824.356s][debug][gc,phases      ] GC(253)   JNI Weak                       Min:  0.0, Avg:  0.0, Max:  0.0, Diff:  0.0, Sum:  0.0, Workers: 4
[1824.356s][debug][gc,phases      ] GC(253)     Dead                           Min: 0, Avg:  0.0, Max: 0, Diff: 0, Sum: 0, Workers: 4
[1824.356s][debug][gc,phases      ] GC(253)     Total                          Min: 0, Avg:  0.0, Max: 0, Diff: 0, Sum: 0, Workers: 4
[1824.356s][debug][gc,phases      ] GC(253)   StringDedup Table Weak         Min:  0.0, Avg:  0.0, Max:  0.0, Diff:  0.0, Sum:  0.0, Workers: 4
[1824.356s][debug][gc,phases      ] GC(253)     Dead                           Min: 0, Avg:  0.0, Max: 0, Diff: 0, Sum: 0, Workers: 4
[1824.356s][debug][gc,phases      ] GC(253)     Total                          Min: 0, Avg:  0.0, Max: 0, Diff: 0, Sum: 0, Workers: 4
[1824.356s][debug][gc,phases      ] GC(253)   StringDedup Requests0 Weak     Min:  0.0, Avg:  0.0, Max:  0.0, Diff:  0.0, Sum:  0.0, Workers: 4
[1824.356s][debug][gc,phases      ] GC(253)     Dead                           Min: 0, Avg:  0.0, Max: 0, Diff: 0, Sum: 0, Workers: 4
[1824.356s][debug][gc,phases      ] GC(253)     Total                          Min: 0, Avg:  0.0, Max: 0, Diff: 0, Sum: 0, Workers: 4
[1824.356s][debug][gc,phases      ] GC(253)   StringDedup Requests1 Weak     Min:  0.0, Avg:  0.0, Max:  0.0, Diff:  0.0, Sum:  0.0, Workers: 4
[1824.356s][debug][gc,phases      ] GC(253)     Dead                           Min: 0, Avg:  0.0, Max: 0, Diff: 0, Sum: 0, Workers: 4
[1824.356s][debug][gc,phases      ] GC(253)     Total                          Min: 0, Avg:  0.0, Max: 0, Diff: 0, Sum: 0, Workers: 4
[1824.356s][debug][gc,phases      ] GC(253)   Weak JFR Old Object Samples    Min:  0.0, Avg:  0.0, Max:  0.0, Diff:  0.0, Sum:  0.0, Workers: 4
[1824.356s][debug][gc,phases      ] GC(253)     Dead                           Min: 0, Avg:  0.0, Max: 0, Diff: 0, Sum: 0, Workers: 4
[1824.356s][debug][gc,phases      ] GC(253)     Total                          Min: 0, Avg:  0.0, Max: 0, Diff: 0, Sum: 0, Workers: 4
[1824.356s][debug][gc,phases      ] GC(253) Weak Processing 0.284ms
[1824.356s][debug][gc,age         ] GC(253) Desired survivor size 3145728 bytes, new threshold 15 (max threshold 15)
[1824.356s][info ][gc,heap        ] GC(253) PSYoungGen: 2093648K(2094080K)->2576K(2094080K) Eden: 2091008K(2091008K)->0K(2091008K) From: 2640K(3072K)->2576K(3072K)
[1824.356s][info ][gc,heap        ] GC(253) ParOldGen: 560951K(614400K)->560975K(614400K)
[1824.356s][info ][gc,metaspace   ] GC(253) Metaspace: 82140K(83008K)->82140K(83008K) NonClass: 70653K(71104K)->70653K(71104K) Class: 11487K(11904K)->11487K(11904K)
[1824.356s][info ][gc             ] GC(253) Pause Young (Allocation Failure) 2592M->550M(2645M) 3.074ms
[1824.356s][info ][gc,cpu         ] GC(253) User=0.01s Sys=0.00s Real=0.00s
[1824.356s][info ][safepoint      ] Safepoint "ParallelGCFailedAllocation", Time since last: 5948906466 ns, Reaching safepoint: 27500 ns, At safepoint: 3143030 ns, Total: 3170530 ns
[1834.357s][info ][safepoint      ] Safepoint "Cleanup", Time since last: 10000609882 ns, Reaching safepoint: 111301 ns, At safepoint: 10600 ns, Total: 121901 ns
[1836.357s][info ][safepoint      ] Safepoint "Cleanup", Time since last: 2000160126 ns, Reaching safepoint: 95901 ns, At safepoint: 8600 ns, Total: 104501 ns
[1837.403s][info ][gc,start       ] GC(254) Pause Young (Allocation Failure)
[1837.405s][debug][gc,phases      ] GC(254) Scavenge 2.269ms
[1837.405s][debug][gc,ref         ] GC(254) Skipped phase 1 of Reference Processing: no references
[1837.405s][debug][gc,ref         ] GC(254) ReferenceProcessor::execute queues: 1, RefProcThreadModel::Single, marks_oops_alive: false
[1837.405s][debug][gc,ref         ] GC(254) Skipped phase 3 of Reference Processing: no references
[1837.405s][debug][gc,ref         ] GC(254) ReferenceProcessor::execute queues: 1, RefProcThreadModel::Single, marks_oops_alive: false
[1837.405s][debug][gc,phases      ] GC(254) Reference Processing 0.117ms
[1837.405s][debug][gc,phases      ] GC(254)   VM Weak                        Min:  0.0, Avg:  0.0, Max:  0.0, Diff:  0.0, Sum:  0.0, Workers: 4
[1837.405s][debug][gc,phases      ] GC(254)     Dead                           Min: 0, Avg:  0.0, Max: 0, Diff: 0, Sum: 0, Workers: 4
[1837.405s][debug][gc,phases      ] GC(254)     Total                          Min: 0, Avg: 167.0, Max: 668, Diff: 668, Sum: 668, Workers: 4
[1837.405s][debug][gc,phases      ] GC(254)   ObjectSynchronizer Weak        Min:  0.0, Avg:  0.0, Max:  0.0, Diff:  0.0, Sum:  0.0, Workers: 4
[1837.405s][debug][gc,phases      ] GC(254)     Dead                           Min: 0, Avg:  0.0, Max: 0, Diff: 0, Sum: 0, Workers: 4
[1837.405s][debug][gc,phases      ] GC(254)     Total                          Min: 0, Avg: 87.0, Max: 220, Diff: 220, Sum: 348, Workers: 4
[1837.405s][debug][gc,phases      ] GC(254)   JVMTI Tag Weak OopStorage      Min:  0.0, Avg:  0.0, Max:  0.0, Diff:  0.0, Sum:  0.0, Workers: 4
[1837.405s][debug][gc,phases      ] GC(254)     Dead                           Min: 0, Avg:  0.0, Max: 0, Diff: 0, Sum: 0, Workers: 4
[1837.405s][debug][gc,phases      ] GC(254)     Total                          Min: 0, Avg:  0.0, Max: 0, Diff: 0, Sum: 0, Workers: 4
[1837.405s][debug][gc,phases      ] GC(254)   StringTable Weak               Min:  0.1, Avg:  0.1, Max:  0.1, Diff:  0.0, Sum:  0.3, Workers: 4
[1837.405s][debug][gc,phases      ] GC(254)     Dead                           Min: 0, Avg:  0.0, Max: 0, Diff: 0, Sum: 0, Workers: 4
[1837.405s][debug][gc,phases      ] GC(254)     Total                          Min: 10944, Avg: 12034.8, Max: 13899, Diff: 2955, Sum: 48139, Workers: 4
[1837.405s][debug][gc,phases      ] GC(254)   ResolvedMethodTable Weak       Min:  0.0, Avg:  0.0, Max:  0.0, Diff:  0.0, Sum:  0.1, Workers: 4
[1837.405s][debug][gc,phases      ] GC(254)     Dead                           Min: 0, Avg:  0.0, Max: 0, Diff: 0, Sum: 0, Workers: 4
[1837.405s][debug][gc,phases      ] GC(254)     Total                          Min: 1924, Avg: 1986.2, Max: 2080, Diff: 156, Sum: 7945, Workers: 4
[1837.405s][debug][gc,phases      ] GC(254)   JNI Weak                       Min:  0.0, Avg:  0.0, Max:  0.0, Diff:  0.0, Sum:  0.0, Workers: 4
[1837.405s][debug][gc,phases      ] GC(254)     Dead                           Min: 0, Avg:  0.0, Max: 0, Diff: 0, Sum: 0, Workers: 4
[1837.405s][debug][gc,phases      ] GC(254)     Total                          Min: 0, Avg:  0.0, Max: 0, Diff: 0, Sum: 0, Workers: 4
[1837.405s][debug][gc,phases      ] GC(254)   StringDedup Table Weak         Min:  0.0, Avg:  0.0, Max:  0.0, Diff:  0.0, Sum:  0.0, Workers: 4
[1837.405s][debug][gc,phases      ] GC(254)     Dead                           Min: 0, Avg:  0.0, Max: 0, Diff: 0, Sum: 0, Workers: 4
[1837.405s][debug][gc,phases      ] GC(254)     Total                          Min: 0, Avg:  0.0, Max: 0, Diff: 0, Sum: 0, Workers: 4
[1837.405s][debug][gc,phases      ] GC(254)   StringDedup Requests0 Weak     Min:  0.0, Avg:  0.0, Max:  0.0, Diff:  0.0, Sum:  0.0, Workers: 4
[1837.405s][debug][gc,phases      ] GC(254)     Dead                           Min: 0, Avg:  0.0, Max: 0, Diff: 0, Sum: 0, Workers: 4
[1837.405s][debug][gc,phases      ] GC(254)     Total                          Min: 0, Avg:  0.0, Max: 0, Diff: 0, Sum: 0, Workers: 4
[1837.405s][debug][gc,phases      ] GC(254)   StringDedup Requests1 Weak     Min:  0.0, Avg:  0.0, Max:  0.0, Diff:  0.0, Sum:  0.0, Workers: 4
[1837.405s][debug][gc,phases      ] GC(254)     Dead                           Min: 0, Avg:  0.0, Max: 0, Diff: 0, Sum: 0, Workers: 4
[1837.405s][debug][gc,phases      ] GC(254)     Total                          Min: 0, Avg:  0.0, Max: 0, Diff: 0, Sum: 0, Workers: 4
[1837.405s][debug][gc,phases      ] GC(254)   Weak JFR Old Object Samples    Min:  0.0, Avg:  0.0, Max:  0.0, Diff:  0.0, Sum:  0.0, Workers: 4
[1837.405s][debug][gc,phases      ] GC(254)     Dead                           Min: 0, Avg:  0.0, Max: 0, Diff: 0, Sum: 0, Workers: 4
[1837.405s][debug][gc,phases      ] GC(254)     Total                          Min: 0, Avg:  0.0, Max: 0, Diff: 0, Sum: 0, Workers: 4
[1837.405s][debug][gc,phases      ] GC(254) Weak Processing 0.262ms
[1837.405s][debug][gc,age         ] GC(254) Desired survivor size 3145728 bytes, new threshold 15 (max threshold 15)
[1837.405s][info ][gc,heap        ] GC(254) PSYoungGen: 2093584K(2094080K)->2384K(2094080K) Eden: 2091008K(2091008K)->0K(2091008K) From: 2576K(3072K)->2384K(3072K)
[1837.405s][info ][gc,heap        ] GC(254) ParOldGen: 560975K(614400K)->561007K(614400K)
[1837.405s][info ][gc,metaspace   ] GC(254) Metaspace: 82142K(83008K)->82142K(83008K) NonClass: 70654K(71104K)->70654K(71104K) Class: 11487K(11904K)->11487K(11904K)
[1837.405s][info ][gc             ] GC(254) Pause Young (Allocation Failure) 2592M->550M(2645M) 2.757ms
[1837.405s][info ][gc,cpu         ] GC(254) User=0.01s Sys=0.00s Real=0.00s
[1837.405s][info ][safepoint      ] Safepoint "ParallelGCFailedAllocation", Time since last: 1045628592 ns, Reaching safepoint: 42500 ns, At safepoint: 2832427 ns, Total: 2874927 ns
[1841.406s][info ][safepoint      ] Safepoint "Cleanup", Time since last: 4000278936 ns, Reaching safepoint: 114702 ns, At safepoint: 18800 ns, Total: 133502 ns
[1844.406s][info ][safepoint      ] Safepoint "Cleanup", Time since last: 3000211467 ns, Reaching safepoint: 37001 ns, At safepoint: 9900 ns, Total: 46901 ns
[1845.406s][info ][safepoint      ] Safepoint "Cleanup", Time since last: 1000107654 ns, Reaching safepoint: 110801 ns, At safepoint: 6300 ns, Total: 117101 ns
[1846.406s][info ][safepoint      ] Safepoint "Cleanup", Time since last: 1000106754 ns, Reaching safepoint: 38000 ns, At safepoint: 5800 ns, Total: 43800 ns
[1847.407s][info ][safepoint      ] Safepoint "Cleanup", Time since last: 1000115253 ns, Reaching safepoint: 117901 ns, At safepoint: 45000 ns, Total: 162901 ns
[1849.407s][info ][safepoint      ] Safepoint "Cleanup", Time since last: 2000182403 ns, Reaching safepoint: 99001 ns, At safepoint: 8500 ns, Total: 107501 ns
[1850.804s][info ][gc,start       ] GC(255) Pause Young (Allocation Failure)
[1850.807s][debug][gc,phases      ] GC(255) Scavenge 2.845ms
[1850.807s][debug][gc,ref         ] GC(255) Skipped phase 1 of Reference Processing: no references
[1850.807s][debug][gc,ref         ] GC(255) ReferenceProcessor::execute queues: 1, RefProcThreadModel::Single, marks_oops_alive: false
[1850.807s][debug][gc,ref         ] GC(255) Skipped phase 3 of Reference Processing: no references
[1850.807s][debug][gc,ref         ] GC(255) ReferenceProcessor::execute queues: 1, RefProcThreadModel::Single, marks_oops_alive: false
[1850.807s][debug][gc,phases      ] GC(255) Reference Processing 0.123ms
[1850.807s][debug][gc,phases      ] GC(255)   VM Weak                        Min:  0.0, Avg:  0.0, Max:  0.0, Diff:  0.0, Sum:  0.0, Workers: 4
[1850.807s][debug][gc,phases      ] GC(255)     Dead                           Min: 0, Avg:  0.0, Max: 0, Diff: 0, Sum: 0, Workers: 4
[1850.807s][debug][gc,phases      ] GC(255)     Total                          Min: 0, Avg: 167.0, Max: 668, Diff: 668, Sum: 668, Workers: 4
[1850.807s][debug][gc,phases      ] GC(255)   ObjectSynchronizer Weak        Min:  0.0, Avg:  0.0, Max:  0.0, Diff:  0.0, Sum:  0.0, Workers: 4
[1850.807s][debug][gc,phases      ] GC(255)     Dead                           Min: 0, Avg:  0.0, Max: 0, Diff: 0, Sum: 0, Workers: 4
[1850.807s][debug][gc,phases      ] GC(255)     Total                          Min: 0, Avg: 87.0, Max: 220, Diff: 220, Sum: 348, Workers: 4
[1850.808s][debug][gc,phases      ] GC(255)   JVMTI Tag Weak OopStorage      Min:  0.0, Avg:  0.0, Max:  0.0, Diff:  0.0, Sum:  0.0, Workers: 4
[1850.808s][debug][gc,phases      ] GC(255)     Dead                           Min: 0, Avg:  0.0, Max: 0, Diff: 0, Sum: 0, Workers: 4
[1850.808s][debug][gc,phases      ] GC(255)     Total                          Min: 0, Avg:  0.0, Max: 0, Diff: 0, Sum: 0, Workers: 4
[1850.808s][debug][gc,phases      ] GC(255)   StringTable Weak               Min:  0.1, Avg:  0.1, Max:  0.1, Diff:  0.0, Sum:  0.3, Workers: 4
[1850.808s][debug][gc,phases      ] GC(255)     Dead                           Min: 0, Avg:  0.0, Max: 0, Diff: 0, Sum: 0, Workers: 4
[1850.808s][debug][gc,phases      ] GC(255)     Total                          Min: 11456, Avg: 12034.8, Max: 12672, Diff: 1216, Sum: 48139, Workers: 4
[1850.808s][debug][gc,phases      ] GC(255)   ResolvedMethodTable Weak       Min:  0.0, Avg:  0.0, Max:  0.0, Diff:  0.0, Sum:  0.1, Workers: 4
[1850.808s][debug][gc,phases      ] GC(255)     Dead                           Min: 0, Avg:  0.0, Max: 0, Diff: 0, Sum: 0, Workers: 4
[1850.808s][debug][gc,phases      ] GC(255)     Total                          Min: 1917, Avg: 1986.2, Max: 2101, Diff: 184, Sum: 7945, Workers: 4
[1850.808s][debug][gc,phases      ] GC(255)   JNI Weak                       Min:  0.0, Avg:  0.0, Max:  0.0, Diff:  0.0, Sum:  0.0, Workers: 4
[1850.808s][debug][gc,phases      ] GC(255)     Dead                           Min: 0, Avg:  0.0, Max: 0, Diff: 0, Sum: 0, Workers: 4
[1850.808s][debug][gc,phases      ] GC(255)     Total                          Min: 0, Avg:  0.0, Max: 0, Diff: 0, Sum: 0, Workers: 4
[1850.808s][debug][gc,phases      ] GC(255)   StringDedup Table Weak         Min:  0.0, Avg:  0.0, Max:  0.0, Diff:  0.0, Sum:  0.0, Workers: 4
[1850.808s][debug][gc,phases      ] GC(255)     Dead                           Min: 0, Avg:  0.0, Max: 0, Diff: 0, Sum: 0, Workers: 4
[1850.808s][debug][gc,phases      ] GC(255)     Total                          Min: 0, Avg:  0.0, Max: 0, Diff: 0, Sum: 0, Workers: 4
[1850.808s][debug][gc,phases      ] GC(255)   StringDedup Requests0 Weak     Min:  0.0, Avg:  0.0, Max:  0.0, Diff:  0.0, Sum:  0.0, Workers: 4
[1850.808s][debug][gc,phases      ] GC(255)     Dead                           Min: 0, Avg:  0.0, Max: 0, Diff: 0, Sum: 0, Workers: 4
[1850.808s][debug][gc,phases      ] GC(255)     Total                          Min: 0, Avg:  0.0, Max: 0, Diff: 0, Sum: 0, Workers: 4
[1850.808s][debug][gc,phases      ] GC(255)   StringDedup Requests1 Weak     Min:  0.0, Avg:  0.0, Max:  0.0, Diff:  0.0, Sum:  0.0, Workers: 4
[1850.808s][debug][gc,phases      ] GC(255)     Dead                           Min: 0, Avg:  0.0, Max: 0, Diff: 0, Sum: 0, Workers: 4
[1850.808s][debug][gc,phases      ] GC(255)     Total                          Min: 0, Avg:  0.0, Max: 0, Diff: 0, Sum: 0, Workers: 4
[1850.808s][debug][gc,phases      ] GC(255)   Weak JFR Old Object Samples    Min:  0.0, Avg:  0.0, Max:  0.0, Diff:  0.0, Sum:  0.0, Workers: 4
[1850.808s][debug][gc,phases      ] GC(255)     Dead                           Min: 0, Avg:  0.0, Max: 0, Diff: 0, Sum: 0, Workers: 4
[1850.808s][debug][gc,phases      ] GC(255)     Total                          Min: 0, Avg:  0.0, Max: 0, Diff: 0, Sum: 0, Workers: 4
[1850.808s][debug][gc,phases      ] GC(255) Weak Processing 0.257ms
[1850.808s][debug][gc,age         ] GC(255) Desired survivor size 3145728 bytes, new threshold 15 (max threshold 15)
[1850.808s][info ][gc,heap        ] GC(255) PSYoungGen: 2093392K(2094080K)->2368K(2094080K) Eden: 2091008K(2091008K)->0K(2091008K) From: 2384K(3072K)->2368K(3072K)
[1850.808s][info ][gc,heap        ] GC(255) ParOldGen: 561007K(614400K)->561087K(614400K)
[1850.808s][info ][gc,metaspace   ] GC(255) Metaspace: 82142K(83008K)->82142K(83008K) NonClass: 70654K(71104K)->70654K(71104K) Class: 11487K(11904K)->11487K(11904K)
[1850.808s][info ][gc             ] GC(255) Pause Young (Allocation Failure) 2592M->550M(2645M) 3.329ms
[1850.808s][info ][gc,cpu         ] GC(255) User=0.01s Sys=0.00s Real=0.01s
[1850.808s][info ][safepoint      ] Safepoint "ParallelGCFailedAllocation", Time since last: 1397229602 ns, Reaching safepoint: 26400 ns, At safepoint: 3401832 ns, Total: 3428232 ns
[1864.064s][info ][gc,start       ] GC(256) Pause Young (Allocation Failure)
[1864.066s][debug][gc,phases      ] GC(256) Scavenge 2.198ms
[1864.066s][debug][gc,ref         ] GC(256) Skipped phase 1 of Reference Processing: no references
[1864.067s][debug][gc,ref         ] GC(256) ReferenceProcessor::execute queues: 1, RefProcThreadModel::Single, marks_oops_alive: false
[1864.067s][debug][gc,ref         ] GC(256) Skipped phase 3 of Reference Processing: no references
[1864.067s][debug][gc,ref         ] GC(256) ReferenceProcessor::execute queues: 1, RefProcThreadModel::Single, marks_oops_alive: false
[1864.067s][debug][gc,phases      ] GC(256) Reference Processing 0.104ms
[1864.067s][debug][gc,phases      ] GC(256)   VM Weak                        Min:  0.0, Avg:  0.0, Max:  0.0, Diff:  0.0, Sum:  0.0, Workers: 4
[1864.067s][debug][gc,phases      ] GC(256)     Dead                           Min: 0, Avg:  0.0, Max: 0, Diff: 0, Sum: 0, Workers: 4
[1864.067s][debug][gc,phases      ] GC(256)     Total                          Min: 0, Avg: 167.0, Max: 348, Diff: 348, Sum: 668, Workers: 4
[1864.067s][debug][gc,phases      ] GC(256)   ObjectSynchronizer Weak        Min:  0.0, Avg:  0.0, Max:  0.0, Diff:  0.0, Sum:  0.0, Workers: 4
[1864.067s][debug][gc,phases      ] GC(256)     Dead                           Min: 0, Avg:  0.0, Max: 0, Diff: 0, Sum: 0, Workers: 4
[1864.067s][debug][gc,phases      ] GC(256)     Total                          Min: 0, Avg: 87.0, Max: 220, Diff: 220, Sum: 348, Workers: 4
[1864.067s][debug][gc,phases      ] GC(256)   JVMTI Tag Weak OopStorage      Min:  0.0, Avg:  0.0, Max:  0.0, Diff:  0.0, Sum:  0.0, Workers: 4
[1864.067s][debug][gc,phases      ] GC(256)     Dead                           Min: 0, Avg:  0.0, Max: 0, Diff: 0, Sum: 0, Workers: 4
[1864.067s][debug][gc,phases      ] GC(256)     Total                          Min: 0, Avg:  0.0, Max: 0, Diff: 0, Sum: 0, Workers: 4
[1864.067s][debug][gc,phases      ] GC(256)   StringTable Weak               Min:  0.1, Avg:  0.1, Max:  0.1, Diff:  0.0, Sum:  0.3, Workers: 4
[1864.067s][debug][gc,phases      ] GC(256)     Dead                           Min: 0, Avg:  0.0, Max: 0, Diff: 0, Sum: 0, Workers: 4
[1864.067s][debug][gc,phases      ] GC(256)     Total                          Min: 11392, Avg: 12034.8, Max: 12928, Diff: 1536, Sum: 48139, Workers: 4
[1864.067s][debug][gc,phases      ] GC(256)   ResolvedMethodTable Weak       Min:  0.0, Avg:  0.0, Max:  0.0, Diff:  0.0, Sum:  0.1, Workers: 4
[1864.067s][debug][gc,phases      ] GC(256)     Dead                           Min: 0, Avg:  0.0, Max: 0, Diff: 0, Sum: 0, Workers: 4
[1864.067s][debug][gc,phases      ] GC(256)     Total                          Min: 1931, Avg: 1986.2, Max: 2037, Diff: 106, Sum: 7945, Workers: 4
[1864.067s][debug][gc,phases      ] GC(256)   JNI Weak                       Min:  0.0, Avg:  0.0, Max:  0.0, Diff:  0.0, Sum:  0.0, Workers: 4
[1864.067s][debug][gc,phases      ] GC(256)     Dead                           Min: 0, Avg:  0.0, Max: 0, Diff: 0, Sum: 0, Workers: 4
[1864.067s][debug][gc,phases      ] GC(256)     Total                          Min: 0, Avg:  0.0, Max: 0, Diff: 0, Sum: 0, Workers: 4
[1864.067s][debug][gc,phases      ] GC(256)   StringDedup Table Weak         Min:  0.0, Avg:  0.0, Max:  0.0, Diff:  0.0, Sum:  0.0, Workers: 4
[1864.067s][debug][gc,phases      ] GC(256)     Dead                           Min: 0, Avg:  0.0, Max: 0, Diff: 0, Sum: 0, Workers: 4
[1864.067s][debug][gc,phases      ] GC(256)     Total                          Min: 0, Avg:  0.0, Max: 0, Diff: 0, Sum: 0, Workers: 4
[1864.067s][debug][gc,phases      ] GC(256)   StringDedup Requests0 Weak     Min:  0.0, Avg:  0.0, Max:  0.0, Diff:  0.0, Sum:  0.0, Workers: 4
[1864.067s][debug][gc,phases      ] GC(256)     Dead                           Min: 0, Avg:  0.0, Max: 0, Diff: 0, Sum: 0, Workers: 4
[1864.067s][debug][gc,phases      ] GC(256)     Total                          Min: 0, Avg:  0.0, Max: 0, Diff: 0, Sum: 0, Workers: 4
[1864.067s][debug][gc,phases      ] GC(256)   StringDedup Requests1 Weak     Min:  0.0, Avg:  0.0, Max:  0.0, Diff:  0.0, Sum:  0.0, Workers: 4
[1864.067s][debug][gc,phases      ] GC(256)     Dead                           Min: 0, Avg:  0.0, Max: 0, Diff: 0, Sum: 0, Workers: 4
[1864.067s][debug][gc,phases      ] GC(256)     Total                          Min: 0, Avg:  0.0, Max: 0, Diff: 0, Sum: 0, Workers: 4
[1864.067s][debug][gc,phases      ] GC(256)   Weak JFR Old Object Samples    Min:  0.0, Avg:  0.0, Max:  0.0, Diff:  0.0, Sum:  0.0, Workers: 4
[1864.067s][debug][gc,phases      ] GC(256)     Dead                           Min: 0, Avg:  0.0, Max: 0, Diff: 0, Sum: 0, Workers: 4
[1864.067s][debug][gc,phases      ] GC(256)     Total                          Min: 0, Avg:  0.0, Max: 0, Diff: 0, Sum: 0, Workers: 4
[1864.067s][debug][gc,phases      ] GC(256) Weak Processing 0.265ms
[1864.067s][debug][gc,age         ] GC(256) Desired survivor size 3145728 bytes, new threshold 15 (max threshold 15)
[1864.067s][info ][gc,heap        ] GC(256) PSYoungGen: 2093376K(2094080K)->2512K(2094080K) Eden: 2091008K(2091008K)->0K(2091008K) From: 2368K(3072K)->2512K(3072K)
[1864.067s][info ][gc,heap        ] GC(256) ParOldGen: 561087K(614400K)->561111K(614400K)
[1864.067s][info ][gc,metaspace   ] GC(256) Metaspace: 82142K(83008K)->82142K(83008K) NonClass: 70654K(71104K)->70654K(71104K) Class: 11487K(11904K)->11487K(11904K)
[1864.067s][info ][gc             ] GC(256) Pause Young (Allocation Failure) 2592M->550M(2645M) 2.679ms
[1864.067s][info ][gc,cpu         ] GC(256) User=0.01s Sys=0.00s Real=0.00s
[1864.067s][info ][safepoint      ] Safepoint "ParallelGCFailedAllocation", Time since last: 13256480272 ns, Reaching safepoint: 28100 ns, At safepoint: 2752526 ns, Total: 2780626 ns
[1868.067s][info ][safepoint      ] Safepoint "Cleanup", Time since last: 4000232342 ns, Reaching safepoint: 64900 ns, At safepoint: 11800 ns, Total: 76700 ns
[1869.067s][info ][safepoint      ] Safepoint "Cleanup", Time since last: 1000112334 ns, Reaching safepoint: 41700 ns, At safepoint: 4600 ns, Total: 46300 ns
[1870.068s][info ][safepoint      ] Safepoint "Cleanup", Time since last: 1000059233 ns, Reaching safepoint: 45100 ns, At safepoint: 5700 ns, Total: 50800 ns
[1877.356s][info ][gc,start       ] GC(257) Pause Young (Allocation Failure)
[1877.360s][debug][gc,phases      ] GC(257) Scavenge 3.088ms
[1877.360s][debug][gc,ref         ] GC(257) Skipped phase 1 of Reference Processing: no references
[1877.360s][debug][gc,ref         ] GC(257) ReferenceProcessor::execute queues: 1, RefProcThreadModel::Single, marks_oops_alive: false
[1877.360s][debug][gc,ref         ] GC(257) Skipped phase 3 of Reference Processing: no references
[1877.360s][debug][gc,ref         ] GC(257) ReferenceProcessor::execute queues: 1, RefProcThreadModel::Single, marks_oops_alive: false
[1877.360s][debug][gc,phases      ] GC(257) Reference Processing 0.112ms
[1877.360s][debug][gc,phases      ] GC(257)   VM Weak                        Min:  0.0, Avg:  0.0, Max:  0.0, Diff:  0.0, Sum:  0.0, Workers: 4
[1877.360s][debug][gc,phases      ] GC(257)     Dead                           Min: 0, Avg:  0.0, Max: 0, Diff: 0, Sum: 0, Workers: 4
[1877.360s][debug][gc,phases      ] GC(257)     Total                          Min: 0, Avg: 167.0, Max: 512, Diff: 512, Sum: 668, Workers: 4
[1877.360s][debug][gc,phases      ] GC(257)   ObjectSynchronizer Weak        Min:  0.0, Avg:  0.0, Max:  0.0, Diff:  0.0, Sum:  0.0, Workers: 4
[1877.360s][debug][gc,phases      ] GC(257)     Dead                           Min: 0, Avg:  0.0, Max: 0, Diff: 0, Sum: 0, Workers: 4
[1877.360s][debug][gc,phases      ] GC(257)     Total                          Min: 0, Avg: 87.0, Max: 156, Diff: 156, Sum: 348, Workers: 4
[1877.360s][debug][gc,phases      ] GC(257)   JVMTI Tag Weak OopStorage      Min:  0.0, Avg:  0.0, Max:  0.0, Diff:  0.0, Sum:  0.0, Workers: 4
[1877.360s][debug][gc,phases      ] GC(257)     Dead                           Min: 0, Avg:  0.0, Max: 0, Diff: 0, Sum: 0, Workers: 4
[1877.360s][debug][gc,phases      ] GC(257)     Total                          Min: 0, Avg:  0.0, Max: 0, Diff: 0, Sum: 0, Workers: 4
[1877.360s][debug][gc,phases      ] GC(257)   StringTable Weak               Min:  0.1, Avg:  0.1, Max:  0.1, Diff:  0.0, Sum:  0.4, Workers: 4
[1877.360s][debug][gc,phases      ] GC(257)     Dead                           Min: 0, Avg:  0.0, Max: 0, Diff: 0, Sum: 0, Workers: 4
[1877.360s][debug][gc,phases      ] GC(257)     Total                          Min: 11595, Avg: 12034.8, Max: 12736, Diff: 1141, Sum: 48139, Workers: 4
[1877.360s][debug][gc,phases      ] GC(257)   ResolvedMethodTable Weak       Min:  0.0, Avg:  0.0, Max:  0.0, Diff:  0.0, Sum:  0.1, Workers: 4
[1877.360s][debug][gc,phases      ] GC(257)     Dead                           Min: 0, Avg:  0.0, Max: 0, Diff: 0, Sum: 0, Workers: 4
[1877.360s][debug][gc,phases      ] GC(257)     Total                          Min: 1894, Avg: 1986.2, Max: 2037, Diff: 143, Sum: 7945, Workers: 4
[1877.360s][debug][gc,phases      ] GC(257)   JNI Weak                       Min:  0.0, Avg:  0.0, Max:  0.0, Diff:  0.0, Sum:  0.0, Workers: 4
[1877.360s][debug][gc,phases      ] GC(257)     Dead                           Min: 0, Avg:  0.0, Max: 0, Diff: 0, Sum: 0, Workers: 4
[1877.360s][debug][gc,phases      ] GC(257)     Total                          Min: 0, Avg:  0.0, Max: 0, Diff: 0, Sum: 0, Workers: 4
[1877.360s][debug][gc,phases      ] GC(257)   StringDedup Table Weak         Min:  0.0, Avg:  0.0, Max:  0.0, Diff:  0.0, Sum:  0.0, Workers: 4
[1877.360s][debug][gc,phases      ] GC(257)     Dead                           Min: 0, Avg:  0.0, Max: 0, Diff: 0, Sum: 0, Workers: 4
[1877.360s][debug][gc,phases      ] GC(257)     Total                          Min: 0, Avg:  0.0, Max: 0, Diff: 0, Sum: 0, Workers: 4
[1877.360s][debug][gc,phases      ] GC(257)   StringDedup Requests0 Weak     Min:  0.0, Avg:  0.0, Max:  0.0, Diff:  0.0, Sum:  0.0, Workers: 4
[1877.360s][debug][gc,phases      ] GC(257)     Dead                           Min: 0, Avg:  0.0, Max: 0, Diff: 0, Sum: 0, Workers: 4
[1877.360s][debug][gc,phases      ] GC(257)     Total                          Min: 0, Avg:  0.0, Max: 0, Diff: 0, Sum: 0, Workers: 4
[1877.360s][debug][gc,phases      ] GC(257)   StringDedup Requests1 Weak     Min:  0.0, Avg:  0.0, Max:  0.0, Diff:  0.0, Sum:  0.0, Workers: 4
[1877.360s][debug][gc,phases      ] GC(257)     Dead                           Min: 0, Avg:  0.0, Max: 0, Diff: 0, Sum: 0, Workers: 4
[1877.360s][debug][gc,phases      ] GC(257)     Total                          Min: 0, Avg:  0.0, Max: 0, Diff: 0, Sum: 0, Workers: 4
[1877.360s][debug][gc,phases      ] GC(257)   Weak JFR Old Object Samples    Min:  0.0, Avg:  0.0, Max:  0.0, Diff:  0.0, Sum:  0.0, Workers: 4
[1877.360s][debug][gc,phases      ] GC(257)     Dead                           Min: 0, Avg:  0.0, Max: 0, Diff: 0, Sum: 0, Workers: 4
[1877.360s][debug][gc,phases      ] GC(257)     Total                          Min: 0, Avg:  0.0, Max: 0, Diff: 0, Sum: 0, Workers: 4
[1877.360s][debug][gc,phases      ] GC(257) Weak Processing 0.298ms
[1877.360s][debug][gc,age         ] GC(257) Desired survivor size 3145728 bytes, new threshold 15 (max threshold 15)
[1877.360s][info ][gc,heap        ] GC(257) PSYoungGen: 2093520K(2094080K)->2464K(2094080K) Eden: 2091008K(2091008K)->0K(2091008K) From: 2512K(3072K)->2464K(3072K)
[1877.360s][info ][gc,heap        ] GC(257) ParOldGen: 561111K(614400K)->561143K(614400K)
[1877.360s][info ][gc,metaspace   ] GC(257) Metaspace: 82142K(83008K)->82142K(83008K) NonClass: 70654K(71104K)->70654K(71104K) Class: 11487K(11904K)->11487K(11904K)
[1877.360s][info ][gc             ] GC(257) Pause Young (Allocation Failure) 2592M->550M(2645M) 3.594ms
[1877.360s][info ][gc,cpu         ] GC(257) User=0.01s Sys=0.00s Real=0.01s
[1877.360s][info ][safepoint      ] Safepoint "ParallelGCFailedAllocation", Time since last: 7288846021 ns, Reaching safepoint: 38501 ns, At safepoint: 3677834 ns, Total: 3716335 ns
[1883.360s][info ][safepoint      ] Safepoint "Cleanup", Time since last: 6000353339 ns, Reaching safepoint: 37001 ns, At safepoint: 2900 ns, Total: 39901 ns
[1890.016s][info ][safepoint      ] Safepoint "Cleanup", Time since last: 6655812880 ns, Reaching safepoint: 103501 ns, At safepoint: 12200 ns, Total: 115701 ns
[1890.360s][info ][gc,start       ] GC(258) Pause Young (Allocation Failure)
[1890.363s][debug][gc,phases      ] GC(258) Scavenge 2.999ms
[1890.363s][debug][gc,ref         ] GC(258) Skipped phase 1 of Reference Processing: no references
[1890.363s][debug][gc,ref         ] GC(258) ReferenceProcessor::execute queues: 1, RefProcThreadModel::Single, marks_oops_alive: false
[1890.363s][debug][gc,ref         ] GC(258) Skipped phase 3 of Reference Processing: no references
[1890.363s][debug][gc,ref         ] GC(258) ReferenceProcessor::execute queues: 1, RefProcThreadModel::Single, marks_oops_alive: false
[1890.363s][debug][gc,phases      ] GC(258) Reference Processing 0.123ms
[1890.363s][debug][gc,phases      ] GC(258)   VM Weak                        Min:  0.0, Avg:  0.0, Max:  0.0, Diff:  0.0, Sum:  0.0, Workers: 4
[1890.363s][debug][gc,phases      ] GC(258)     Dead                           Min: 0, Avg:  0.0, Max: 0, Diff: 0, Sum: 0, Workers: 4
[1890.363s][debug][gc,phases      ] GC(258)     Total                          Min: 0, Avg: 167.0, Max: 576, Diff: 576, Sum: 668, Workers: 4
[1890.363s][debug][gc,phases      ] GC(258)   ObjectSynchronizer Weak        Min:  0.0, Avg:  0.0, Max:  0.0, Diff:  0.0, Sum:  0.0, Workers: 4
[1890.363s][debug][gc,phases      ] GC(258)     Dead                           Min: 0, Avg:  0.0, Max: 0, Diff: 0, Sum: 0, Workers: 4
[1890.363s][debug][gc,phases      ] GC(258)     Total                          Min: 0, Avg: 87.0, Max: 192, Diff: 192, Sum: 348, Workers: 4
[1890.363s][debug][gc,phases      ] GC(258)   JVMTI Tag Weak OopStorage      Min:  0.0, Avg:  0.0, Max:  0.0, Diff:  0.0, Sum:  0.0, Workers: 4
[1890.363s][debug][gc,phases      ] GC(258)     Dead                           Min: 0, Avg:  0.0, Max: 0, Diff: 0, Sum: 0, Workers: 4
[1890.363s][debug][gc,phases      ] GC(258)     Total                          Min: 0, Avg:  0.0, Max: 0, Diff: 0, Sum: 0, Workers: 4
[1890.363s][debug][gc,phases      ] GC(258)   StringTable Weak               Min:  0.1, Avg:  0.1, Max:  0.1, Diff:  0.0, Sum:  0.4, Workers: 4
[1890.363s][debug][gc,phases      ] GC(258)     Dead                           Min: 0, Avg:  0.0, Max: 0, Diff: 0, Sum: 0, Workers: 4
[1890.363s][debug][gc,phases      ] GC(258)     Total                          Min: 10048, Avg: 12035.0, Max: 14924, Diff: 4876, Sum: 48140, Workers: 4
[1890.363s][debug][gc,phases      ] GC(258)   ResolvedMethodTable Weak       Min:  0.0, Avg:  0.0, Max:  0.0, Diff:  0.0, Sum:  0.1, Workers: 4
[1890.363s][debug][gc,phases      ] GC(258)     Dead                           Min: 0, Avg:  0.0, Max: 0, Diff: 0, Sum: 0, Workers: 4
[1890.363s][debug][gc,phases      ] GC(258)     Total                          Min: 1756, Avg: 1986.2, Max: 2491, Diff: 735, Sum: 7945, Workers: 4
[1890.363s][debug][gc,phases      ] GC(258)   JNI Weak                       Min:  0.0, Avg:  0.0, Max:  0.0, Diff:  0.0, Sum:  0.0, Workers: 4
[1890.363s][debug][gc,phases      ] GC(258)     Dead                           Min: 0, Avg:  0.0, Max: 0, Diff: 0, Sum: 0, Workers: 4
[1890.363s][debug][gc,phases      ] GC(258)     Total                          Min: 0, Avg:  0.0, Max: 0, Diff: 0, Sum: 0, Workers: 4
[1890.363s][debug][gc,phases      ] GC(258)   StringDedup Table Weak         Min:  0.0, Avg:  0.0, Max:  0.0, Diff:  0.0, Sum:  0.0, Workers: 4
[1890.363s][debug][gc,phases      ] GC(258)     Dead                           Min: 0, Avg:  0.0, Max: 0, Diff: 0, Sum: 0, Workers: 4
[1890.363s][debug][gc,phases      ] GC(258)     Total                          Min: 0, Avg:  0.0, Max: 0, Diff: 0, Sum: 0, Workers: 4
[1890.363s][debug][gc,phases      ] GC(258)   StringDedup Requests0 Weak     Min:  0.0, Avg:  0.0, Max:  0.0, Diff:  0.0, Sum:  0.0, Workers: 4
[1890.363s][debug][gc,phases      ] GC(258)     Dead                           Min: 0, Avg:  0.0, Max: 0, Diff: 0, Sum: 0, Workers: 4
[1890.363s][debug][gc,phases      ] GC(258)     Total                          Min: 0, Avg:  0.0, Max: 0, Diff: 0, Sum: 0, Workers: 4
[1890.363s][debug][gc,phases      ] GC(258)   StringDedup Requests1 Weak     Min:  0.0, Avg:  0.0, Max:  0.0, Diff:  0.0, Sum:  0.0, Workers: 4
[1890.363s][debug][gc,phases      ] GC(258)     Dead                           Min: 0, Avg:  0.0, Max: 0, Diff: 0, Sum: 0, Workers: 4
[1890.363s][debug][gc,phases      ] GC(258)     Total                          Min: 0, Avg:  0.0, Max: 0, Diff: 0, Sum: 0, Workers: 4
[1890.363s][debug][gc,phases      ] GC(258)   Weak JFR Old Object Samples    Min:  0.0, Avg:  0.0, Max:  0.0, Diff:  0.0, Sum:  0.0, Workers: 4
[1890.363s][debug][gc,phases      ] GC(258)     Dead                           Min: 0, Avg:  0.0, Max: 0, Diff: 0, Sum: 0, Workers: 4
[1890.363s][debug][gc,phases      ] GC(258)     Total                          Min: 0, Avg:  0.0, Max: 0, Diff: 0, Sum: 0, Workers: 4
[1890.363s][debug][gc,phases      ] GC(258) Weak Processing 0.333ms
[1890.363s][debug][gc,age         ] GC(258) Desired survivor size 3145728 bytes, new threshold 15 (max threshold 15)
[1890.363s][info ][gc,heap        ] GC(258) PSYoungGen: 2093472K(2094080K)->2576K(2094080K) Eden: 2091008K(2091008K)->0K(2091008K) From: 2464K(3072K)->2576K(3072K)
[1890.363s][info ][gc,heap        ] GC(258) ParOldGen: 561143K(614400K)->561175K(614400K)
[1890.363s][info ][gc,metaspace   ] GC(258) Metaspace: 82146K(83008K)->82146K(83008K) NonClass: 70658K(71104K)->70658K(71104K) Class: 11487K(11904K)->11487K(11904K)
[1890.363s][info ][gc             ] GC(258) Pause Young (Allocation Failure) 2592M->550M(2645M) 3.554ms
[1890.363s][info ][gc,cpu         ] GC(258) User=0.01s Sys=0.00s Real=0.00s
[1890.363s][info ][safepoint      ] Safepoint "ParallelGCFailedAllocation", Time since last: 343111730 ns, Reaching safepoint: 124202 ns, At safepoint: 3639934 ns, Total: 3764136 ns
[1891.363s][info ][safepoint      ] Safepoint "Cleanup", Time since last: 1000084914 ns, Reaching safepoint: 41101 ns, At safepoint: 4100 ns, Total: 45201 ns
[1901.364s][info ][safepoint      ] Safepoint "Cleanup", Time since last: 10000642000 ns, Reaching safepoint: 50701 ns, At safepoint: 7700 ns, Total: 58401 ns
[1903.598s][info ][gc,start       ] GC(259) Pause Young (Allocation Failure)
[1903.601s][debug][gc,phases      ] GC(259) Scavenge 2.520ms
[1903.601s][debug][gc,ref         ] GC(259) Skipped phase 1 of Reference Processing: no references
[1903.601s][debug][gc,ref         ] GC(259) ReferenceProcessor::execute queues: 1, RefProcThreadModel::Single, marks_oops_alive: false
[1903.601s][debug][gc,ref         ] GC(259) Skipped phase 3 of Reference Processing: no references
[1903.601s][debug][gc,ref         ] GC(259) ReferenceProcessor::execute queues: 1, RefProcThreadModel::Single, marks_oops_alive: false
[1903.601s][debug][gc,phases      ] GC(259) Reference Processing 0.098ms
[1903.601s][debug][gc,phases      ] GC(259)   VM Weak                        Min:  0.0, Avg:  0.0, Max:  0.0, Diff:  0.0, Sum:  0.0, Workers: 4
[1903.601s][debug][gc,phases      ] GC(259)     Dead                           Min: 0, Avg:  0.0, Max: 0, Diff: 0, Sum: 0, Workers: 4
[1903.601s][debug][gc,phases      ] GC(259)     Total                          Min: 0, Avg: 167.0, Max: 668, Diff: 668, Sum: 668, Workers: 4
[1903.601s][debug][gc,phases      ] GC(259)   ObjectSynchronizer Weak        Min:  0.0, Avg:  0.0, Max:  0.0, Diff:  0.0, Sum:  0.0, Workers: 4
[1903.601s][debug][gc,phases      ] GC(259)     Dead                           Min: 0, Avg:  0.2, Max: 1, Diff: 1, Sum: 1, Workers: 4
[1903.601s][debug][gc,phases      ] GC(259)     Total                          Min: 0, Avg: 87.5, Max: 192, Diff: 192, Sum: 350, Workers: 4
[1903.601s][debug][gc,phases      ] GC(259)   JVMTI Tag Weak OopStorage      Min:  0.0, Avg:  0.0, Max:  0.0, Diff:  0.0, Sum:  0.0, Workers: 4
[1903.601s][debug][gc,phases      ] GC(259)     Dead                           Min: 0, Avg:  0.0, Max: 0, Diff: 0, Sum: 0, Workers: 4
[1903.601s][debug][gc,phases      ] GC(259)     Total                          Min: 0, Avg:  0.0, Max: 0, Diff: 0, Sum: 0, Workers: 4
[1903.601s][debug][gc,phases      ] GC(259)   StringTable Weak               Min:  0.1, Avg:  0.1, Max:  0.1, Diff:  0.0, Sum:  0.4, Workers: 4
[1903.601s][debug][gc,phases      ] GC(259)     Dead                           Min: 0, Avg:  0.0, Max: 0, Diff: 0, Sum: 0, Workers: 4
[1903.601s][debug][gc,phases      ] GC(259)     Total                          Min: 9344, Avg: 12035.0, Max: 14732, Diff: 5388, Sum: 48140, Workers: 4
[1903.601s][debug][gc,phases      ] GC(259)   ResolvedMethodTable Weak       Min:  0.0, Avg:  0.0, Max:  0.0, Diff:  0.0, Sum:  0.1, Workers: 4
[1903.601s][debug][gc,phases      ] GC(259)     Dead                           Min: 0, Avg:  0.0, Max: 0, Diff: 0, Sum: 0, Workers: 4
[1903.601s][debug][gc,phases      ] GC(259)     Total                          Min: 1572, Avg: 1986.2, Max: 2410, Diff: 838, Sum: 7945, Workers: 4
[1903.601s][debug][gc,phases      ] GC(259)   JNI Weak                       Min:  0.0, Avg:  0.0, Max:  0.0, Diff:  0.0, Sum:  0.0, Workers: 4
[1903.601s][debug][gc,phases      ] GC(259)     Dead                           Min: 0, Avg:  0.0, Max: 0, Diff: 0, Sum: 0, Workers: 4
[1903.601s][debug][gc,phases      ] GC(259)     Total                          Min: 0, Avg:  0.0, Max: 0, Diff: 0, Sum: 0, Workers: 4
[1903.601s][debug][gc,phases      ] GC(259)   StringDedup Table Weak         Min:  0.0, Avg:  0.0, Max:  0.0, Diff:  0.0, Sum:  0.0, Workers: 4
[1903.601s][debug][gc,phases      ] GC(259)     Dead                           Min: 0, Avg:  0.0, Max: 0, Diff: 0, Sum: 0, Workers: 4
[1903.601s][debug][gc,phases      ] GC(259)     Total                          Min: 0, Avg:  0.0, Max: 0, Diff: 0, Sum: 0, Workers: 4
[1903.601s][debug][gc,phases      ] GC(259)   StringDedup Requests0 Weak     Min:  0.0, Avg:  0.0, Max:  0.0, Diff:  0.0, Sum:  0.0, Workers: 4
[1903.601s][debug][gc,phases      ] GC(259)     Dead                           Min: 0, Avg:  0.0, Max: 0, Diff: 0, Sum: 0, Workers: 4
[1903.601s][debug][gc,phases      ] GC(259)     Total                          Min: 0, Avg:  0.0, Max: 0, Diff: 0, Sum: 0, Workers: 4
[1903.601s][debug][gc,phases      ] GC(259)   StringDedup Requests1 Weak     Min:  0.0, Avg:  0.0, Max:  0.0, Diff:  0.0, Sum:  0.0, Workers: 4
[1903.601s][debug][gc,phases      ] GC(259)     Dead                           Min: 0, Avg:  0.0, Max: 0, Diff: 0, Sum: 0, Workers: 4
[1903.601s][debug][gc,phases      ] GC(259)     Total                          Min: 0, Avg:  0.0, Max: 0, Diff: 0, Sum: 0, Workers: 4
[1903.601s][debug][gc,phases      ] GC(259)   Weak JFR Old Object Samples    Min:  0.0, Avg:  0.0, Max:  0.0, Diff:  0.0, Sum:  0.0, Workers: 4
[1903.601s][debug][gc,phases      ] GC(259)     Dead                           Min: 0, Avg:  0.0, Max: 0, Diff: 0, Sum: 0, Workers: 4
[1903.601s][debug][gc,phases      ] GC(259)     Total                          Min: 0, Avg:  0.0, Max: 0, Diff: 0, Sum: 0, Workers: 4
[1903.601s][debug][gc,phases      ] GC(259) Weak Processing 0.278ms
[1903.601s][debug][gc,age         ] GC(259) Desired survivor size 3145728 bytes, new threshold 15 (max threshold 15)
[1903.601s][info ][gc,heap        ] GC(259) PSYoungGen: 2093543K(2094080K)->3056K(2094080K) Eden: 2090967K(2091008K)->0K(2091008K) From: 2576K(3072K)->3056K(3072K)
[1903.601s][info ][gc,heap        ] GC(259) ParOldGen: 561175K(614400K)->561199K(614400K)
[1903.601s][info ][gc,metaspace   ] GC(259) Metaspace: 82149K(83008K)->82149K(83008K) NonClass: 70661K(71104K)->70661K(71104K) Class: 11487K(11904K)->11487K(11904K)
[1903.601s][info ][gc             ] GC(259) Pause Young (Allocation Failure) 2592M->551M(2645M) 2.985ms
[1903.601s][info ][gc,cpu         ] GC(259) User=0.02s Sys=0.00s Real=0.01s
[1903.601s][info ][safepoint      ] Safepoint "ParallelGCFailedAllocation", Time since last: 2234201011 ns, Reaching safepoint: 36101 ns, At safepoint: 3051828 ns, Total: 3087929 ns
[1904.602s][info ][safepoint      ] Safepoint "Cleanup", Time since last: 1000082104 ns, Reaching safepoint: 45301 ns, At safepoint: 3100 ns, Total: 48401 ns
[1906.602s][info ][safepoint      ] Safepoint "Cleanup", Time since last: 2000172005 ns, Reaching safepoint: 50301 ns, At safepoint: 3100 ns, Total: 53401 ns
[1907.602s][info ][safepoint      ] Safepoint "Cleanup", Time since last: 1000119702 ns, Reaching safepoint: 111301 ns, At safepoint: 6200 ns, Total: 117501 ns
[1911.602s][info ][safepoint      ] Safepoint "Cleanup", Time since last: 4000291298 ns, Reaching safepoint: 102901 ns, At safepoint: 8200 ns, Total: 111101 ns
[1917.306s][info ][gc,start       ] GC(260) Pause Young (Allocation Failure)
[1917.309s][debug][gc,phases      ] GC(260) Scavenge 2.771ms
[1917.309s][debug][gc,ref         ] GC(260) Skipped phase 1 of Reference Processing: no references
[1917.309s][debug][gc,ref         ] GC(260) ReferenceProcessor::execute queues: 1, RefProcThreadModel::Single, marks_oops_alive: false
[1917.309s][debug][gc,ref         ] GC(260) Skipped phase 3 of Reference Processing: no references
[1917.309s][debug][gc,ref         ] GC(260) ReferenceProcessor::execute queues: 1, RefProcThreadModel::Single, marks_oops_alive: false
[1917.309s][debug][gc,phases      ] GC(260) Reference Processing 0.115ms
[1917.309s][debug][gc,phases      ] GC(260)   VM Weak                        Min:  0.0, Avg:  0.0, Max:  0.0, Diff:  0.0, Sum:  0.0, Workers: 4
[1917.309s][debug][gc,phases      ] GC(260)     Dead                           Min: 0, Avg:  0.0, Max: 0, Diff: 0, Sum: 0, Workers: 4
[1917.309s][debug][gc,phases      ] GC(260)     Total                          Min: 0, Avg: 167.0, Max: 540, Diff: 540, Sum: 668, Workers: 4
[1917.309s][debug][gc,phases      ] GC(260)   ObjectSynchronizer Weak        Min:  0.0, Avg:  0.0, Max:  0.0, Diff:  0.0, Sum:  0.0, Workers: 4
[1917.309s][debug][gc,phases      ] GC(260)     Dead                           Min: 0, Avg:  0.0, Max: 0, Diff: 0, Sum: 0, Workers: 4
[1917.309s][debug][gc,phases      ] GC(260)     Total                          Min: 0, Avg: 87.5, Max: 158, Diff: 158, Sum: 350, Workers: 4
[1917.309s][debug][gc,phases      ] GC(260)   JVMTI Tag Weak OopStorage      Min:  0.0, Avg:  0.0, Max:  0.0, Diff:  0.0, Sum:  0.0, Workers: 4
[1917.309s][debug][gc,phases      ] GC(260)     Dead                           Min: 0, Avg:  0.0, Max: 0, Diff: 0, Sum: 0, Workers: 4
[1917.309s][debug][gc,phases      ] GC(260)     Total                          Min: 0, Avg:  0.0, Max: 0, Diff: 0, Sum: 0, Workers: 4
[1917.309s][debug][gc,phases      ] GC(260)   StringTable Weak               Min:  0.1, Avg:  0.1, Max:  0.1, Diff:  0.0, Sum:  0.4, Workers: 4
[1917.309s][debug][gc,phases      ] GC(260)     Dead                           Min: 0, Avg:  0.0, Max: 0, Diff: 0, Sum: 0, Workers: 4
[1917.309s][debug][gc,phases      ] GC(260)     Total                          Min: 8652, Avg: 12035.0, Max: 15744, Diff: 7092, Sum: 48140, Workers: 4
[1917.309s][debug][gc,phases      ] GC(260)   ResolvedMethodTable Weak       Min:  0.0, Avg:  0.0, Max:  0.0, Diff:  0.0, Sum:  0.1, Workers: 4
[1917.309s][debug][gc,phases      ] GC(260)     Dead                           Min: 0, Avg:  0.0, Max: 0, Diff: 0, Sum: 0, Workers: 4
[1917.309s][debug][gc,phases      ] GC(260)     Total                          Min: 1744, Avg: 1986.2, Max: 2585, Diff: 841, Sum: 7945, Workers: 4
[1917.309s][debug][gc,phases      ] GC(260)   JNI Weak                       Min:  0.0, Avg:  0.0, Max:  0.0, Diff:  0.0, Sum:  0.0, Workers: 4
[1917.309s][debug][gc,phases      ] GC(260)     Dead                           Min: 0, Avg:  0.0, Max: 0, Diff: 0, Sum: 0, Workers: 4
[1917.309s][debug][gc,phases      ] GC(260)     Total                          Min: 0, Avg:  0.0, Max: 0, Diff: 0, Sum: 0, Workers: 4
[1917.309s][debug][gc,phases      ] GC(260)   StringDedup Table Weak         Min:  0.0, Avg:  0.0, Max:  0.0, Diff:  0.0, Sum:  0.0, Workers: 4
[1917.309s][debug][gc,phases      ] GC(260)     Dead                           Min: 0, Avg:  0.0, Max: 0, Diff: 0, Sum: 0, Workers: 4
[1917.310s][debug][gc,phases      ] GC(260)     Total                          Min: 0, Avg:  0.0, Max: 0, Diff: 0, Sum: 0, Workers: 4
[1917.310s][debug][gc,phases      ] GC(260)   StringDedup Requests0 Weak     Min:  0.0, Avg:  0.0, Max:  0.0, Diff:  0.0, Sum:  0.0, Workers: 4
[1917.310s][debug][gc,phases      ] GC(260)     Dead                           Min: 0, Avg:  0.0, Max: 0, Diff: 0, Sum: 0, Workers: 4
[1917.310s][debug][gc,phases      ] GC(260)     Total                          Min: 0, Avg:  0.0, Max: 0, Diff: 0, Sum: 0, Workers: 4
[1917.310s][debug][gc,phases      ] GC(260)   StringDedup Requests1 Weak     Min:  0.0, Avg:  0.0, Max:  0.0, Diff:  0.0, Sum:  0.0, Workers: 4
[1917.310s][debug][gc,phases      ] GC(260)     Dead                           Min: 0, Avg:  0.0, Max: 0, Diff: 0, Sum: 0, Workers: 4
[1917.310s][debug][gc,phases      ] GC(260)     Total                          Min: 0, Avg:  0.0, Max: 0, Diff: 0, Sum: 0, Workers: 4
[1917.310s][debug][gc,phases      ] GC(260)   Weak JFR Old Object Samples    Min:  0.0, Avg:  0.0, Max:  0.0, Diff:  0.0, Sum:  0.0, Workers: 4
[1917.310s][debug][gc,phases      ] GC(260)     Dead                           Min: 0, Avg:  0.0, Max: 0, Diff: 0, Sum: 0, Workers: 4
[1917.310s][debug][gc,phases      ] GC(260)     Total                          Min: 0, Avg:  0.0, Max: 0, Diff: 0, Sum: 0, Workers: 4
[1917.310s][debug][gc,phases      ] GC(260) Weak Processing 0.301ms
[1917.310s][debug][gc,age         ] GC(260) Desired survivor size 3145728 bytes, new threshold 15 (max threshold 15)
[1917.310s][info ][gc,heap        ] GC(260) PSYoungGen: 2094064K(2094080K)->2512K(2094080K) Eden: 2091008K(2091008K)->0K(2091008K) From: 3056K(3072K)->2512K(3072K)
[1917.310s][info ][gc,heap        ] GC(260) ParOldGen: 561199K(614400K)->561223K(614400K)
[1917.310s][info ][gc,metaspace   ] GC(260) Metaspace: 82150K(83008K)->82150K(83008K) NonClass: 70662K(71104K)->70662K(71104K) Class: 11487K(11904K)->11487K(11904K)
[1917.310s][info ][gc             ] GC(260) Pause Young (Allocation Failure) 2593M->550M(2645M) 3.288ms
[1917.310s][info ][gc,cpu         ] GC(260) User=0.01s Sys=0.00s Real=0.01s
[1917.310s][info ][safepoint      ] Safepoint "ParallelGCFailedAllocation", Time since last: 5703826187 ns, Reaching safepoint: 50301 ns, At safepoint: 3361731 ns, Total: 3412032 ns
[1931.102s][info ][gc,start       ] GC(261) Pause Young (Allocation Failure)
[1931.105s][debug][gc,phases      ] GC(261) Scavenge 3.079ms
[1931.105s][debug][gc,ref         ] GC(261) Skipped phase 1 of Reference Processing: no references
[1931.105s][debug][gc,ref         ] GC(261) ReferenceProcessor::execute queues: 1, RefProcThreadModel::Single, marks_oops_alive: false
[1931.105s][debug][gc,ref         ] GC(261) Skipped phase 3 of Reference Processing: no references
[1931.105s][debug][gc,ref         ] GC(261) ReferenceProcessor::execute queues: 1, RefProcThreadModel::Single, marks_oops_alive: false
[1931.105s][debug][gc,phases      ] GC(261) Reference Processing 0.107ms
[1931.106s][debug][gc,phases      ] GC(261)   VM Weak                        Min:  0.0, Avg:  0.0, Max:  0.0, Diff:  0.0, Sum:  0.0, Workers: 4
[1931.106s][debug][gc,phases      ] GC(261)     Dead                           Min: 0, Avg:  0.0, Max: 0, Diff: 0, Sum: 0, Workers: 4
[1931.106s][debug][gc,phases      ] GC(261)     Total                          Min: 0, Avg: 167.0, Max: 448, Diff: 448, Sum: 668, Workers: 4
[1931.106s][debug][gc,phases      ] GC(261)   ObjectSynchronizer Weak        Min:  0.0, Avg:  0.0, Max:  0.0, Diff:  0.0, Sum:  0.0, Workers: 4
[1931.106s][debug][gc,phases      ] GC(261)     Dead                           Min: 0, Avg:  0.0, Max: 0, Diff: 0, Sum: 0, Workers: 4
[1931.106s][debug][gc,phases      ] GC(261)     Total                          Min: 0, Avg: 87.5, Max: 192, Diff: 192, Sum: 350, Workers: 4
[1931.106s][debug][gc,phases      ] GC(261)   JVMTI Tag Weak OopStorage      Min:  0.0, Avg:  0.0, Max:  0.0, Diff:  0.0, Sum:  0.0, Workers: 4
[1931.106s][debug][gc,phases      ] GC(261)     Dead                           Min: 0, Avg:  0.0, Max: 0, Diff: 0, Sum: 0, Workers: 4
[1931.106s][debug][gc,phases      ] GC(261)     Total                          Min: 0, Avg:  0.0, Max: 0, Diff: 0, Sum: 0, Workers: 4
[1931.106s][debug][gc,phases      ] GC(261)   StringTable Weak               Min:  0.1, Avg:  0.1, Max:  0.1, Diff:  0.0, Sum:  0.4, Workers: 4
[1931.106s][debug][gc,phases      ] GC(261)     Dead                           Min: 0, Avg:  0.0, Max: 0, Diff: 0, Sum: 0, Workers: 4
[1931.106s][debug][gc,phases      ] GC(261)     Total                          Min: 9792, Avg: 12037.5, Max: 14400, Diff: 4608, Sum: 48150, Workers: 4
[1931.106s][debug][gc,phases      ] GC(261)   ResolvedMethodTable Weak       Min:  0.0, Avg:  0.0, Max:  0.0, Diff:  0.0, Sum:  0.1, Workers: 4
[1931.106s][debug][gc,phases      ] GC(261)     Dead                           Min: 0, Avg:  0.0, Max: 0, Diff: 0, Sum: 0, Workers: 4
[1931.106s][debug][gc,phases      ] GC(261)     Total                          Min: 1641, Avg: 1986.2, Max: 2313, Diff: 672, Sum: 7945, Workers: 4
[1931.106s][debug][gc,phases      ] GC(261)   JNI Weak                       Min:  0.0, Avg:  0.0, Max:  0.0, Diff:  0.0, Sum:  0.0, Workers: 4
[1931.106s][debug][gc,phases      ] GC(261)     Dead                           Min: 0, Avg:  0.0, Max: 0, Diff: 0, Sum: 0, Workers: 4
[1931.106s][debug][gc,phases      ] GC(261)     Total                          Min: 0, Avg:  0.0, Max: 0, Diff: 0, Sum: 0, Workers: 4
[1931.106s][debug][gc,phases      ] GC(261)   StringDedup Table Weak         Min:  0.0, Avg:  0.0, Max:  0.0, Diff:  0.0, Sum:  0.0, Workers: 4
[1931.106s][debug][gc,phases      ] GC(261)     Dead                           Min: 0, Avg:  0.0, Max: 0, Diff: 0, Sum: 0, Workers: 4
[1931.106s][debug][gc,phases      ] GC(261)     Total                          Min: 0, Avg:  0.0, Max: 0, Diff: 0, Sum: 0, Workers: 4
[1931.106s][debug][gc,phases      ] GC(261)   StringDedup Requests0 Weak     Min:  0.0, Avg:  0.0, Max:  0.0, Diff:  0.0, Sum:  0.0, Workers: 4
[1931.106s][debug][gc,phases      ] GC(261)     Dead                           Min: 0, Avg:  0.0, Max: 0, Diff: 0, Sum: 0, Workers: 4
[1931.106s][debug][gc,phases      ] GC(261)     Total                          Min: 0, Avg:  0.0, Max: 0, Diff: 0, Sum: 0, Workers: 4
[1931.106s][debug][gc,phases      ] GC(261)   StringDedup Requests1 Weak     Min:  0.0, Avg:  0.0, Max:  0.0, Diff:  0.0, Sum:  0.0, Workers: 4
[1931.106s][debug][gc,phases      ] GC(261)     Dead                           Min: 0, Avg:  0.0, Max: 0, Diff: 0, Sum: 0, Workers: 4
[1931.106s][debug][gc,phases      ] GC(261)     Total                          Min: 0, Avg:  0.0, Max: 0, Diff: 0, Sum: 0, Workers: 4
[1931.106s][debug][gc,phases      ] GC(261)   Weak JFR Old Object Samples    Min:  0.0, Avg:  0.0, Max:  0.0, Diff:  0.0, Sum:  0.0, Workers: 4
[1931.106s][debug][gc,phases      ] GC(261)     Dead                           Min: 0, Avg:  0.0, Max: 0, Diff: 0, Sum: 0, Workers: 4
[1931.106s][debug][gc,phases      ] GC(261)     Total                          Min: 0, Avg:  0.0, Max: 0, Diff: 0, Sum: 0, Workers: 4
[1931.106s][debug][gc,phases      ] GC(261) Weak Processing 0.267ms
[1931.106s][debug][gc,age         ] GC(261) Desired survivor size 3145728 bytes, new threshold 15 (max threshold 15)
[1931.106s][info ][gc,heap        ] GC(261) PSYoungGen: 2093520K(2094080K)->2576K(2094080K) Eden: 2091008K(2091008K)->0K(2091008K) From: 2512K(3072K)->2576K(3072K)
[1931.106s][info ][gc,heap        ] GC(261) ParOldGen: 561223K(614400K)->561247K(614400K)
[1931.106s][info ][gc,metaspace   ] GC(261) Metaspace: 82173K(83072K)->82173K(83072K) NonClass: 70683K(71168K)->70683K(71168K) Class: 11490K(11904K)->11490K(11904K)
[1931.106s][info ][gc             ] GC(261) Pause Young (Allocation Failure) 2592M->550M(2645M) 3.544ms
[1931.106s][info ][gc,cpu         ] GC(261) User=0.01s Sys=0.00s Real=0.00s
[1931.106s][info ][safepoint      ] Safepoint "ParallelGCFailedAllocation", Time since last: 13792422776 ns, Reaching safepoint: 45400 ns, At safepoint: 3609634 ns, Total: 3655034 ns
[1934.106s][info ][safepoint      ] Safepoint "Cleanup", Time since last: 3000225645 ns, Reaching safepoint: 47901 ns, At safepoint: 6500 ns, Total: 54401 ns
[1936.106s][info ][safepoint      ] Safepoint "Cleanup", Time since last: 2000174059 ns, Reaching safepoint: 119802 ns, At safepoint: 12500 ns, Total: 132302 ns
[1937.107s][info ][safepoint      ] Safepoint "Cleanup", Time since last: 1000122979 ns, Reaching safepoint: 110801 ns, At safepoint: 8000 ns, Total: 118801 ns
[1938.107s][info ][safepoint      ] Safepoint "Cleanup", Time since last: 1000100278 ns, Reaching safepoint: 115801 ns, At safepoint: 6000 ns, Total: 121801 ns
[1944.903s][info ][gc,start       ] GC(262) Pause Young (Allocation Failure)
[1944.906s][debug][gc,phases      ] GC(262) Scavenge 2.511ms
[1944.906s][debug][gc,ref         ] GC(262) Skipped phase 1 of Reference Processing: no references
[1944.906s][debug][gc,ref         ] GC(262) ReferenceProcessor::execute queues: 1, RefProcThreadModel::Single, marks_oops_alive: false
[1944.906s][debug][gc,ref         ] GC(262) Skipped phase 3 of Reference Processing: no references
[1944.906s][debug][gc,ref         ] GC(262) ReferenceProcessor::execute queues: 1, RefProcThreadModel::Single, marks_oops_alive: false
[1944.906s][debug][gc,phases      ] GC(262) Reference Processing 0.100ms
[1944.906s][debug][gc,phases      ] GC(262)   VM Weak                        Min:  0.0, Avg:  0.0, Max:  0.0, Diff:  0.0, Sum:  0.0, Workers: 4
[1944.906s][debug][gc,phases      ] GC(262)     Dead                           Min: 0, Avg:  0.0, Max: 0, Diff: 0, Sum: 0, Workers: 4
[1944.906s][debug][gc,phases      ] GC(262)     Total                          Min: 0, Avg: 167.0, Max: 412, Diff: 412, Sum: 668, Workers: 4
[1944.906s][debug][gc,phases      ] GC(262)   ObjectSynchronizer Weak        Min:  0.0, Avg:  0.0, Max:  0.0, Diff:  0.0, Sum:  0.0, Workers: 4
[1944.906s][debug][gc,phases      ] GC(262)     Dead                           Min: 0, Avg:  0.0, Max: 0, Diff: 0, Sum: 0, Workers: 4
[1944.906s][debug][gc,phases      ] GC(262)     Total                          Min: 0, Avg: 87.5, Max: 222, Diff: 222, Sum: 350, Workers: 4
[1944.906s][debug][gc,phases      ] GC(262)   JVMTI Tag Weak OopStorage      Min:  0.0, Avg:  0.0, Max:  0.0, Diff:  0.0, Sum:  0.0, Workers: 4
[1944.906s][debug][gc,phases      ] GC(262)     Dead                           Min: 0, Avg:  0.0, Max: 0, Diff: 0, Sum: 0, Workers: 4
[1944.906s][debug][gc,phases      ] GC(262)     Total                          Min: 0, Avg:  0.0, Max: 0, Diff: 0, Sum: 0, Workers: 4
[1944.906s][debug][gc,phases      ] GC(262)   StringTable Weak               Min:  0.1, Avg:  0.1, Max:  0.1, Diff:  0.0, Sum:  0.3, Workers: 4
[1944.906s][debug][gc,phases      ] GC(262)     Dead                           Min: 0, Avg:  0.0, Max: 0, Diff: 0, Sum: 0, Workers: 4
[1944.906s][debug][gc,phases      ] GC(262)     Total                          Min: 11456, Avg: 12037.5, Max: 12736, Diff: 1280, Sum: 48150, Workers: 4
[1944.906s][debug][gc,phases      ] GC(262)   ResolvedMethodTable Weak       Min:  0.0, Avg:  0.0, Max:  0.0, Diff:  0.0, Sum:  0.1, Workers: 4
[1944.906s][debug][gc,phases      ] GC(262)     Dead                           Min: 0, Avg:  0.0, Max: 0, Diff: 0, Sum: 0, Workers: 4
[1944.906s][debug][gc,phases      ] GC(262)     Total                          Min: 1891, Avg: 1986.2, Max: 2091, Diff: 200, Sum: 7945, Workers: 4
[1944.906s][debug][gc,phases      ] GC(262)   JNI Weak                       Min:  0.0, Avg:  0.0, Max:  0.0, Diff:  0.0, Sum:  0.0, Workers: 4
[1944.906s][debug][gc,phases      ] GC(262)     Dead                           Min: 0, Avg:  0.0, Max: 0, Diff: 0, Sum: 0, Workers: 4
[1944.906s][debug][gc,phases      ] GC(262)     Total                          Min: 0, Avg:  0.0, Max: 0, Diff: 0, Sum: 0, Workers: 4
[1944.906s][debug][gc,phases      ] GC(262)   StringDedup Table Weak         Min:  0.0, Avg:  0.0, Max:  0.0, Diff:  0.0, Sum:  0.0, Workers: 4
[1944.906s][debug][gc,phases      ] GC(262)     Dead                           Min: 0, Avg:  0.0, Max: 0, Diff: 0, Sum: 0, Workers: 4
[1944.906s][debug][gc,phases      ] GC(262)     Total                          Min: 0, Avg:  0.0, Max: 0, Diff: 0, Sum: 0, Workers: 4
[1944.906s][debug][gc,phases      ] GC(262)   StringDedup Requests0 Weak     Min:  0.0, Avg:  0.0, Max:  0.0, Diff:  0.0, Sum:  0.0, Workers: 4
[1944.906s][debug][gc,phases      ] GC(262)     Dead                           Min: 0, Avg:  0.0, Max: 0, Diff: 0, Sum: 0, Workers: 4
[1944.906s][debug][gc,phases      ] GC(262)     Total                          Min: 0, Avg:  0.0, Max: 0, Diff: 0, Sum: 0, Workers: 4
[1944.906s][debug][gc,phases      ] GC(262)   StringDedup Requests1 Weak     Min:  0.0, Avg:  0.0, Max:  0.0, Diff:  0.0, Sum:  0.0, Workers: 4
[1944.906s][debug][gc,phases      ] GC(262)     Dead                           Min: 0, Avg:  0.0, Max: 0, Diff: 0, Sum: 0, Workers: 4
[1944.906s][debug][gc,phases      ] GC(262)     Total                          Min: 0, Avg:  0.0, Max: 0, Diff: 0, Sum: 0, Workers: 4
[1944.906s][debug][gc,phases      ] GC(262)   Weak JFR Old Object Samples    Min:  0.0, Avg:  0.0, Max:  0.0, Diff:  0.0, Sum:  0.0, Workers: 4
[1944.906s][debug][gc,phases      ] GC(262)     Dead                           Min: 0, Avg:  0.0, Max: 0, Diff: 0, Sum: 0, Workers: 4
[1944.906s][debug][gc,phases      ] GC(262)     Total                          Min: 0, Avg:  0.0, Max: 0, Diff: 0, Sum: 0, Workers: 4
[1944.906s][debug][gc,phases      ] GC(262) Weak Processing 0.274ms
[1944.906s][debug][gc,age         ] GC(262) Desired survivor size 3145728 bytes, new threshold 15 (max threshold 15)
[1944.906s][info ][gc,heap        ] GC(262) PSYoungGen: 2093584K(2094080K)->2544K(2094080K) Eden: 2091008K(2091008K)->0K(2091008K) From: 2576K(3072K)->2544K(3072K)
[1944.906s][info ][gc,heap        ] GC(262) ParOldGen: 561247K(614400K)->561271K(614400K)
[1944.906s][info ][gc,metaspace   ] GC(262) Metaspace: 82178K(83072K)->82178K(83072K) NonClass: 70687K(71168K)->70687K(71168K) Class: 11490K(11904K)->11490K(11904K)
[1944.906s][info ][gc             ] GC(262) Pause Young (Allocation Failure) 2592M->550M(2645M) 2.979ms
[1944.906s][info ][gc,cpu         ] GC(262) User=0.01s Sys=0.00s Real=0.00s
[1944.906s][info ][safepoint      ] Safepoint "ParallelGCFailedAllocation", Time since last: 6796535913 ns, Reaching safepoint: 41201 ns, At safepoint: 3046928 ns, Total: 3088129 ns
[1958.754s][info ][gc,start       ] GC(263) Pause Young (Allocation Failure)
[1958.757s][debug][gc,phases      ] GC(263) Scavenge 2.559ms
[1958.757s][debug][gc,ref         ] GC(263) Skipped phase 1 of Reference Processing: no references
[1958.757s][debug][gc,ref         ] GC(263) ReferenceProcessor::execute queues: 1, RefProcThreadModel::Single, marks_oops_alive: false
[1958.757s][debug][gc,ref         ] GC(263) Skipped phase 3 of Reference Processing: no references
[1958.757s][debug][gc,ref         ] GC(263) ReferenceProcessor::execute queues: 1, RefProcThreadModel::Single, marks_oops_alive: false
[1958.757s][debug][gc,phases      ] GC(263) Reference Processing 0.096ms
[1958.757s][debug][gc,phases      ] GC(263)   VM Weak                        Min:  0.0, Avg:  0.0, Max:  0.0, Diff:  0.0, Sum:  0.0, Workers: 4
[1958.757s][debug][gc,phases      ] GC(263)     Dead                           Min: 0, Avg:  0.0, Max: 0, Diff: 0, Sum: 0, Workers: 4
[1958.757s][debug][gc,phases      ] GC(263)     Total                          Min: 0, Avg: 167.0, Max: 512, Diff: 512, Sum: 668, Workers: 4
[1958.757s][debug][gc,phases      ] GC(263)   ObjectSynchronizer Weak        Min:  0.0, Avg:  0.0, Max:  0.0, Diff:  0.0, Sum:  0.0, Workers: 4
[1958.757s][debug][gc,phases      ] GC(263)     Dead                           Min: 0, Avg:  0.0, Max: 0, Diff: 0, Sum: 0, Workers: 4
[1958.757s][debug][gc,phases      ] GC(263)     Total                          Min: 0, Avg: 87.5, Max: 222, Diff: 222, Sum: 350, Workers: 4
[1958.757s][debug][gc,phases      ] GC(263)   JVMTI Tag Weak OopStorage      Min:  0.0, Avg:  0.0, Max:  0.0, Diff:  0.0, Sum:  0.0, Workers: 4
[1958.757s][debug][gc,phases      ] GC(263)     Dead                           Min: 0, Avg:  0.0, Max: 0, Diff: 0, Sum: 0, Workers: 4
[1958.757s][debug][gc,phases      ] GC(263)     Total                          Min: 0, Avg:  0.0, Max: 0, Diff: 0, Sum: 0, Workers: 4
[1958.757s][debug][gc,phases      ] GC(263)   StringTable Weak               Min:  0.1, Avg:  0.1, Max:  0.1, Diff:  0.0, Sum:  0.3, Workers: 4
[1958.757s][debug][gc,phases      ] GC(263)     Dead                           Min: 0, Avg:  0.0, Max: 0, Diff: 0, Sum: 0, Workers: 4
[1958.757s][debug][gc,phases      ] GC(263)     Total                          Min: 11072, Avg: 12037.5, Max: 12672, Diff: 1600, Sum: 48150, Workers: 4
[1958.757s][debug][gc,phases      ] GC(263)   ResolvedMethodTable Weak       Min:  0.0, Avg:  0.0, Max:  0.0, Diff:  0.0, Sum:  0.1, Workers: 4
[1958.757s][debug][gc,phases      ] GC(263)     Dead                           Min: 0, Avg:  0.0, Max: 0, Diff: 0, Sum: 0, Workers: 4
[1958.757s][debug][gc,phases      ] GC(263)     Total                          Min: 1871, Avg: 1986.2, Max: 2071, Diff: 200, Sum: 7945, Workers: 4
[1958.757s][debug][gc,phases      ] GC(263)   JNI Weak                       Min:  0.0, Avg:  0.0, Max:  0.0, Diff:  0.0, Sum:  0.0, Workers: 4
[1958.757s][debug][gc,phases      ] GC(263)     Dead                           Min: 0, Avg:  0.0, Max: 0, Diff: 0, Sum: 0, Workers: 4
[1958.757s][debug][gc,phases      ] GC(263)     Total                          Min: 0, Avg:  0.0, Max: 0, Diff: 0, Sum: 0, Workers: 4
[1958.757s][debug][gc,phases      ] GC(263)   StringDedup Table Weak         Min:  0.0, Avg:  0.0, Max:  0.0, Diff:  0.0, Sum:  0.0, Workers: 4
[1958.757s][debug][gc,phases      ] GC(263)     Dead                           Min: 0, Avg:  0.0, Max: 0, Diff: 0, Sum: 0, Workers: 4
[1958.757s][debug][gc,phases      ] GC(263)     Total                          Min: 0, Avg:  0.0, Max: 0, Diff: 0, Sum: 0, Workers: 4
[1958.757s][debug][gc,phases      ] GC(263)   StringDedup Requests0 Weak     Min:  0.0, Avg:  0.0, Max:  0.0, Diff:  0.0, Sum:  0.0, Workers: 4
[1958.757s][debug][gc,phases      ] GC(263)     Dead                           Min: 0, Avg:  0.0, Max: 0, Diff: 0, Sum: 0, Workers: 4
[1958.757s][debug][gc,phases      ] GC(263)     Total                          Min: 0, Avg:  0.0, Max: 0, Diff: 0, Sum: 0, Workers: 4
[1958.757s][debug][gc,phases      ] GC(263)   StringDedup Requests1 Weak     Min:  0.0, Avg:  0.0, Max:  0.0, Diff:  0.0, Sum:  0.0, Workers: 4
[1958.757s][debug][gc,phases      ] GC(263)     Dead                           Min: 0, Avg:  0.0, Max: 0, Diff: 0, Sum: 0, Workers: 4
[1958.757s][debug][gc,phases      ] GC(263)     Total                          Min: 0, Avg:  0.0, Max: 0, Diff: 0, Sum: 0, Workers: 4
[1958.757s][debug][gc,phases      ] GC(263)   Weak JFR Old Object Samples    Min:  0.0, Avg:  0.0, Max:  0.0, Diff:  0.0, Sum:  0.0, Workers: 4
[1958.757s][debug][gc,phases      ] GC(263)     Dead                           Min: 0, Avg:  0.0, Max: 0, Diff: 0, Sum: 0, Workers: 4
[1958.757s][debug][gc,phases      ] GC(263)     Total                          Min: 0, Avg:  0.0, Max: 0, Diff: 0, Sum: 0, Workers: 4
[1958.757s][debug][gc,phases      ] GC(263) Weak Processing 0.253ms
[1958.757s][debug][gc,age         ] GC(263) Desired survivor size 3145728 bytes, new threshold 15 (max threshold 15)
[1958.757s][info ][gc,heap        ] GC(263) PSYoungGen: 2093552K(2094080K)->2592K(2094080K) Eden: 2091008K(2091008K)->0K(2091008K) From: 2544K(3072K)->2592K(3072K)
[1958.757s][info ][gc,heap        ] GC(263) ParOldGen: 561271K(614400K)->561295K(614400K)
[1958.757s][info ][gc,metaspace   ] GC(263) Metaspace: 82179K(83072K)->82179K(83072K) NonClass: 70688K(71168K)->70688K(71168K) Class: 11490K(11904K)->11490K(11904K)
[1958.757s][info ][gc             ] GC(263) Pause Young (Allocation Failure) 2592M->550M(2645M) 3.005ms
[1958.757s][info ][gc,cpu         ] GC(263) User=0.01s Sys=0.00s Real=0.00s
[1958.757s][info ][safepoint      ] Safepoint "ParallelGCFailedAllocation", Time since last: 13848003311 ns, Reaching safepoint: 39400 ns, At safepoint: 3070029 ns, Total: 3109429 ns
[1962.758s][info ][safepoint      ] Safepoint "Cleanup", Time since last: 4000249643 ns, Reaching safepoint: 113501 ns, At safepoint: 7800 ns, Total: 121301 ns
[1967.758s][info ][safepoint      ] Safepoint "Cleanup", Time since last: 5000362689 ns, Reaching safepoint: 111101 ns, At safepoint: 8400 ns, Total: 119501 ns
[1972.454s][info ][gc,start       ] GC(264) Pause Young (Allocation Failure)
[1972.457s][debug][gc,phases      ] GC(264) Scavenge 2.302ms
[1972.457s][debug][gc,ref         ] GC(264) Skipped phase 1 of Reference Processing: no references
[1972.457s][debug][gc,ref         ] GC(264) ReferenceProcessor::execute queues: 1, RefProcThreadModel::Single, marks_oops_alive: false
[1972.457s][debug][gc,ref         ] GC(264) Skipped phase 3 of Reference Processing: no references
[1972.457s][debug][gc,ref         ] GC(264) ReferenceProcessor::execute queues: 1, RefProcThreadModel::Single, marks_oops_alive: false
[1972.457s][debug][gc,phases      ] GC(264) Reference Processing 0.116ms
[1972.457s][debug][gc,phases      ] GC(264)   VM Weak                        Min:  0.0, Avg:  0.0, Max:  0.0, Diff:  0.0, Sum:  0.0, Workers: 4
[1972.457s][debug][gc,phases      ] GC(264)     Dead                           Min: 0, Avg:  0.0, Max: 0, Diff: 0, Sum: 0, Workers: 4
[1972.457s][debug][gc,phases      ] GC(264)     Total                          Min: 0, Avg: 167.0, Max: 668, Diff: 668, Sum: 668, Workers: 4
[1972.457s][debug][gc,phases      ] GC(264)   ObjectSynchronizer Weak        Min:  0.0, Avg:  0.0, Max:  0.0, Diff:  0.0, Sum:  0.0, Workers: 4
[1972.457s][debug][gc,phases      ] GC(264)     Dead                           Min: 0, Avg:  0.0, Max: 0, Diff: 0, Sum: 0, Workers: 4
[1972.457s][debug][gc,phases      ] GC(264)     Total                          Min: 0, Avg: 87.5, Max: 256, Diff: 256, Sum: 350, Workers: 4
[1972.457s][debug][gc,phases      ] GC(264)   JVMTI Tag Weak OopStorage      Min:  0.0, Avg:  0.0, Max:  0.0, Diff:  0.0, Sum:  0.0, Workers: 4
[1972.457s][debug][gc,phases      ] GC(264)     Dead                           Min: 0, Avg:  0.0, Max: 0, Diff: 0, Sum: 0, Workers: 4
[1972.457s][debug][gc,phases      ] GC(264)     Total                          Min: 0, Avg:  0.0, Max: 0, Diff: 0, Sum: 0, Workers: 4
[1972.457s][debug][gc,phases      ] GC(264)   StringTable Weak               Min:  0.1, Avg:  0.1, Max:  0.1, Diff:  0.0, Sum:  0.4, Workers: 4
[1972.457s][debug][gc,phases      ] GC(264)     Dead                           Min: 0, Avg:  0.0, Max: 0, Diff: 0, Sum: 0, Workers: 4
[1972.457s][debug][gc,phases      ] GC(264)     Total                          Min: 9878, Avg: 12037.5, Max: 14848, Diff: 4970, Sum: 48150, Workers: 4
[1972.457s][debug][gc,phases      ] GC(264)   ResolvedMethodTable Weak       Min:  0.0, Avg:  0.0, Max:  0.0, Diff:  0.0, Sum:  0.1, Workers: 4
[1972.457s][debug][gc,phases      ] GC(264)     Dead                           Min: 0, Avg:  0.0, Max: 0, Diff: 0, Sum: 0, Workers: 4
[1972.457s][debug][gc,phases      ] GC(264)     Total                          Min: 1565, Avg: 1986.2, Max: 2496, Diff: 931, Sum: 7945, Workers: 4
[1972.457s][debug][gc,phases      ] GC(264)   JNI Weak                       Min:  0.0, Avg:  0.0, Max:  0.0, Diff:  0.0, Sum:  0.0, Workers: 4
[1972.457s][debug][gc,phases      ] GC(264)     Dead                           Min: 0, Avg:  0.0, Max: 0, Diff: 0, Sum: 0, Workers: 4
[1972.457s][debug][gc,phases      ] GC(264)     Total                          Min: 0, Avg:  0.0, Max: 0, Diff: 0, Sum: 0, Workers: 4
[1972.457s][debug][gc,phases      ] GC(264)   StringDedup Table Weak         Min:  0.0, Avg:  0.0, Max:  0.0, Diff:  0.0, Sum:  0.0, Workers: 4
[1972.457s][debug][gc,phases      ] GC(264)     Dead                           Min: 0, Avg:  0.0, Max: 0, Diff: 0, Sum: 0, Workers: 4
[1972.457s][debug][gc,phases      ] GC(264)     Total                          Min: 0, Avg:  0.0, Max: 0, Diff: 0, Sum: 0, Workers: 4
[1972.457s][debug][gc,phases      ] GC(264)   StringDedup Requests0 Weak     Min:  0.0, Avg:  0.0, Max:  0.0, Diff:  0.0, Sum:  0.0, Workers: 4
[1972.457s][debug][gc,phases      ] GC(264)     Dead                           Min: 0, Avg:  0.0, Max: 0, Diff: 0, Sum: 0, Workers: 4
[1972.457s][debug][gc,phases      ] GC(264)     Total                          Min: 0, Avg:  0.0, Max: 0, Diff: 0, Sum: 0, Workers: 4
[1972.457s][debug][gc,phases      ] GC(264)   StringDedup Requests1 Weak     Min:  0.0, Avg:  0.0, Max:  0.0, Diff:  0.0, Sum:  0.0, Workers: 4
[1972.457s][debug][gc,phases      ] GC(264)     Dead                           Min: 0, Avg:  0.0, Max: 0, Diff: 0, Sum: 0, Workers: 4
[1972.457s][debug][gc,phases      ] GC(264)     Total                          Min: 0, Avg:  0.0, Max: 0, Diff: 0, Sum: 0, Workers: 4
[1972.457s][debug][gc,phases      ] GC(264)   Weak JFR Old Object Samples    Min:  0.0, Avg:  0.0, Max:  0.0, Diff:  0.0, Sum:  0.0, Workers: 4
[1972.457s][debug][gc,phases      ] GC(264)     Dead                           Min: 0, Avg:  0.0, Max: 0, Diff: 0, Sum: 0, Workers: 4
[1972.457s][debug][gc,phases      ] GC(264)     Total                          Min: 0, Avg:  0.0, Max: 0, Diff: 0, Sum: 0, Workers: 4
[1972.457s][debug][gc,phases      ] GC(264) Weak Processing 0.295ms
[1972.457s][debug][gc,age         ] GC(264) Desired survivor size 3145728 bytes, new threshold 15 (max threshold 15)
[1972.457s][info ][gc,heap        ] GC(264) PSYoungGen: 2093600K(2094080K)->2544K(2094080K) Eden: 2091008K(2091008K)->0K(2091008K) From: 2592K(3072K)->2544K(3072K)
[1972.457s][info ][gc,heap        ] GC(264) ParOldGen: 561295K(614400K)->561327K(614400K)
[1972.457s][info ][gc,metaspace   ] GC(264) Metaspace: 82179K(83072K)->82179K(83072K) NonClass: 70688K(71168K)->70688K(71168K) Class: 11490K(11904K)->11490K(11904K)
[1972.457s][info ][gc             ] GC(264) Pause Young (Allocation Failure) 2592M->550M(2645M) 2.828ms
[1972.457s][info ][gc,cpu         ] GC(264) User=0.01s Sys=0.00s Real=0.00s
[1972.457s][info ][safepoint      ] Safepoint "ParallelGCFailedAllocation", Time since last: 4695895824 ns, Reaching safepoint: 41000 ns, At safepoint: 2898427 ns, Total: 2939427 ns
[1985.458s][info ][safepoint      ] Safepoint "Cleanup", Time since last: 13000853725 ns, Reaching safepoint: 111301 ns, At safepoint: 7800 ns, Total: 119101 ns
[1986.053s][info ][gc,start       ] GC(265) Pause Young (Allocation Failure)
[1986.055s][debug][gc,phases      ] GC(265) Scavenge 2.043ms
[1986.055s][debug][gc,ref         ] GC(265) Skipped phase 1 of Reference Processing: no references
[1986.055s][debug][gc,ref         ] GC(265) ReferenceProcessor::execute queues: 1, RefProcThreadModel::Single, marks_oops_alive: false
[1986.055s][debug][gc,ref         ] GC(265) Skipped phase 3 of Reference Processing: no references
[1986.055s][debug][gc,ref         ] GC(265) ReferenceProcessor::execute queues: 1, RefProcThreadModel::Single, marks_oops_alive: false
[1986.055s][debug][gc,phases      ] GC(265) Reference Processing 0.098ms
[1986.055s][debug][gc,phases      ] GC(265)   VM Weak                        Min:  0.0, Avg:  0.0, Max:  0.0, Diff:  0.0, Sum:  0.0, Workers: 4
[1986.055s][debug][gc,phases      ] GC(265)     Dead                           Min: 0, Avg:  0.0, Max: 0, Diff: 0, Sum: 0, Workers: 4
[1986.055s][debug][gc,phases      ] GC(265)     Total                          Min: 0, Avg: 167.0, Max: 412, Diff: 412, Sum: 668, Workers: 4
[1986.055s][debug][gc,phases      ] GC(265)   ObjectSynchronizer Weak        Min:  0.0, Avg:  0.0, Max:  0.0, Diff:  0.0, Sum:  0.0, Workers: 4
[1986.055s][debug][gc,phases      ] GC(265)     Dead                           Min: 0, Avg:  0.0, Max: 0, Diff: 0, Sum: 0, Workers: 4
[1986.055s][debug][gc,phases      ] GC(265)     Total                          Min: 0, Avg: 87.5, Max: 192, Diff: 192, Sum: 350, Workers: 4
[1986.055s][debug][gc,phases      ] GC(265)   JVMTI Tag Weak OopStorage      Min:  0.0, Avg:  0.0, Max:  0.0, Diff:  0.0, Sum:  0.0, Workers: 4
[1986.055s][debug][gc,phases      ] GC(265)     Dead                           Min: 0, Avg:  0.0, Max: 0, Diff: 0, Sum: 0, Workers: 4
[1986.055s][debug][gc,phases      ] GC(265)     Total                          Min: 0, Avg:  0.0, Max: 0, Diff: 0, Sum: 0, Workers: 4
[1986.055s][debug][gc,phases      ] GC(265)   StringTable Weak               Min:  0.1, Avg:  0.1, Max:  0.1, Diff:  0.0, Sum:  0.3, Workers: 4
[1986.055s][debug][gc,phases      ] GC(265)     Dead                           Min: 0, Avg:  0.0, Max: 0, Diff: 0, Sum: 0, Workers: 4
[1986.055s][debug][gc,phases      ] GC(265)     Total                          Min: 10944, Avg: 12037.5, Max: 12928, Diff: 1984, Sum: 48150, Workers: 4
[1986.055s][debug][gc,phases      ] GC(265)   ResolvedMethodTable Weak       Min:  0.0, Avg:  0.0, Max:  0.0, Diff:  0.0, Sum:  0.1, Workers: 4
[1986.055s][debug][gc,phases      ] GC(265)     Dead                           Min: 0, Avg:  0.0, Max: 0, Diff: 0, Sum: 0, Workers: 4
[1986.055s][debug][gc,phases      ] GC(265)     Total                          Min: 1871, Avg: 1986.2, Max: 2092, Diff: 221, Sum: 7945, Workers: 4
[1986.055s][debug][gc,phases      ] GC(265)   JNI Weak                       Min:  0.0, Avg:  0.0, Max:  0.0, Diff:  0.0, Sum:  0.0, Workers: 4
[1986.055s][debug][gc,phases      ] GC(265)     Dead                           Min: 0, Avg:  0.0, Max: 0, Diff: 0, Sum: 0, Workers: 4
[1986.055s][debug][gc,phases      ] GC(265)     Total                          Min: 0, Avg:  0.0, Max: 0, Diff: 0, Sum: 0, Workers: 4
[1986.055s][debug][gc,phases      ] GC(265)   StringDedup Table Weak         Min:  0.0, Avg:  0.0, Max:  0.0, Diff:  0.0, Sum:  0.0, Workers: 4
[1986.055s][debug][gc,phases      ] GC(265)     Dead                           Min: 0, Avg:  0.0, Max: 0, Diff: 0, Sum: 0, Workers: 4
[1986.055s][debug][gc,phases      ] GC(265)     Total                          Min: 0, Avg:  0.0, Max: 0, Diff: 0, Sum: 0, Workers: 4
[1986.055s][debug][gc,phases      ] GC(265)   StringDedup Requests0 Weak     Min:  0.0, Avg:  0.0, Max:  0.0, Diff:  0.0, Sum:  0.0, Workers: 4
[1986.055s][debug][gc,phases      ] GC(265)     Dead                           Min: 0, Avg:  0.0, Max: 0, Diff: 0, Sum: 0, Workers: 4
[1986.055s][debug][gc,phases      ] GC(265)     Total                          Min: 0, Avg:  0.0, Max: 0, Diff: 0, Sum: 0, Workers: 4
[1986.055s][debug][gc,phases      ] GC(265)   StringDedup Requests1 Weak     Min:  0.0, Avg:  0.0, Max:  0.0, Diff:  0.0, Sum:  0.0, Workers: 4
[1986.055s][debug][gc,phases      ] GC(265)     Dead                           Min: 0, Avg:  0.0, Max: 0, Diff: 0, Sum: 0, Workers: 4
[1986.055s][debug][gc,phases      ] GC(265)     Total                          Min: 0, Avg:  0.0, Max: 0, Diff: 0, Sum: 0, Workers: 4
[1986.055s][debug][gc,phases      ] GC(265)   Weak JFR Old Object Samples    Min:  0.0, Avg:  0.0, Max:  0.0, Diff:  0.0, Sum:  0.0, Workers: 4
[1986.055s][debug][gc,phases      ] GC(265)     Dead                           Min: 0, Avg:  0.0, Max: 0, Diff: 0, Sum: 0, Workers: 4
[1986.055s][debug][gc,phases      ] GC(265)     Total                          Min: 0, Avg:  0.0, Max: 0, Diff: 0, Sum: 0, Workers: 4
[1986.055s][debug][gc,phases      ] GC(265) Weak Processing 0.257ms
[1986.055s][debug][gc,age         ] GC(265) Desired survivor size 3145728 bytes, new threshold 15 (max threshold 15)
[1986.055s][info ][gc,heap        ] GC(265) PSYoungGen: 2093552K(2094080K)->2608K(2094080K) Eden: 2091008K(2091008K)->0K(2091008K) From: 2544K(3072K)->2608K(3072K)
[1986.055s][info ][gc,heap        ] GC(265) ParOldGen: 561327K(614400K)->561343K(614400K)
[1986.055s][info ][gc,metaspace   ] GC(265) Metaspace: 82179K(83072K)->82179K(83072K) NonClass: 70688K(71168K)->70688K(71168K) Class: 11490K(11904K)->11490K(11904K)
[1986.055s][info ][gc             ] GC(265) Pause Young (Allocation Failure) 2592M->550M(2645M) 2.486ms
[1986.055s][info ][gc,cpu         ] GC(265) User=0.01s Sys=0.01s Real=0.00s
[1986.055s][info ][safepoint      ] Safepoint "ParallelGCFailedAllocation", Time since last: 594425454 ns, Reaching safepoint: 25000 ns, At safepoint: 2554924 ns, Total: 2579924 ns
[1992.056s][info ][safepoint      ] Safepoint "Cleanup", Time since last: 6000354447 ns, Reaching safepoint: 111601 ns, At safepoint: 12100 ns, Total: 123701 ns
[1999.654s][info ][gc,start       ] GC(266) Pause Young (Allocation Failure)
[1999.656s][debug][gc,phases      ] GC(266) Scavenge 2.862ms
[1999.656s][debug][gc,ref         ] GC(266) Skipped phase 1 of Reference Processing: no references
[1999.657s][debug][gc,ref         ] GC(266) ReferenceProcessor::execute queues: 1, RefProcThreadModel::Single, marks_oops_alive: false
[1999.657s][debug][gc,ref         ] GC(266) Skipped phase 3 of Reference Processing: no references
[1999.657s][debug][gc,ref         ] GC(266) ReferenceProcessor::execute queues: 1, RefProcThreadModel::Single, marks_oops_alive: false
[1999.657s][debug][gc,phases      ] GC(266) Reference Processing 0.117ms
[1999.657s][debug][gc,phases      ] GC(266)   VM Weak                        Min:  0.0, Avg:  0.0, Max:  0.0, Diff:  0.0, Sum:  0.0, Workers: 4
[1999.657s][debug][gc,phases      ] GC(266)     Dead                           Min: 0, Avg:  0.0, Max: 0, Diff: 0, Sum: 0, Workers: 4
[1999.657s][debug][gc,phases      ] GC(266)     Total                          Min: 0, Avg: 167.0, Max: 668, Diff: 668, Sum: 668, Workers: 4
[1999.657s][debug][gc,phases      ] GC(266)   ObjectSynchronizer Weak        Min:  0.0, Avg:  0.0, Max:  0.0, Diff:  0.0, Sum:  0.0, Workers: 4
[1999.657s][debug][gc,phases      ] GC(266)     Dead                           Min: 0, Avg:  0.0, Max: 0, Diff: 0, Sum: 0, Workers: 4
[1999.657s][debug][gc,phases      ] GC(266)     Total                          Min: 0, Avg: 87.5, Max: 286, Diff: 286, Sum: 350, Workers: 4
[1999.657s][debug][gc,phases      ] GC(266)   JVMTI Tag Weak OopStorage      Min:  0.0, Avg:  0.0, Max:  0.0, Diff:  0.0, Sum:  0.0, Workers: 4
[1999.657s][debug][gc,phases      ] GC(266)     Dead                           Min: 0, Avg:  0.0, Max: 0, Diff: 0, Sum: 0, Workers: 4
[1999.657s][debug][gc,phases      ] GC(266)     Total                          Min: 0, Avg:  0.0, Max: 0, Diff: 0, Sum: 0, Workers: 4
[1999.657s][debug][gc,phases      ] GC(266)   StringTable Weak               Min:  0.1, Avg:  0.1, Max:  0.1, Diff:  0.0, Sum:  0.4, Workers: 4
[1999.657s][debug][gc,phases      ] GC(266)     Dead                           Min: 0, Avg:  0.0, Max: 0, Diff: 0, Sum: 0, Workers: 4
[1999.657s][debug][gc,phases      ] GC(266)     Total                          Min: 9920, Avg: 12037.5, Max: 14870, Diff: 4950, Sum: 48150, Workers: 4
[1999.657s][debug][gc,phases      ] GC(266)   ResolvedMethodTable Weak       Min:  0.0, Avg:  0.0, Max:  0.0, Diff:  0.0, Sum:  0.1, Workers: 4
[1999.657s][debug][gc,phases      ] GC(266)     Dead                           Min: 0, Avg:  0.0, Max: 0, Diff: 0, Sum: 0, Workers: 4
[1999.657s][debug][gc,phases      ] GC(266)     Total                          Min: 1572, Avg: 1986.2, Max: 2415, Diff: 843, Sum: 7945, Workers: 4
[1999.657s][debug][gc,phases      ] GC(266)   JNI Weak                       Min:  0.0, Avg:  0.0, Max:  0.0, Diff:  0.0, Sum:  0.0, Workers: 4
[1999.657s][debug][gc,phases      ] GC(266)     Dead                           Min: 0, Avg:  0.0, Max: 0, Diff: 0, Sum: 0, Workers: 4
[1999.657s][debug][gc,phases      ] GC(266)     Total                          Min: 0, Avg:  0.0, Max: 0, Diff: 0, Sum: 0, Workers: 4
[1999.657s][debug][gc,phases      ] GC(266)   StringDedup Table Weak         Min:  0.0, Avg:  0.0, Max:  0.0, Diff:  0.0, Sum:  0.0, Workers: 4
[1999.657s][debug][gc,phases      ] GC(266)     Dead                           Min: 0, Avg:  0.0, Max: 0, Diff: 0, Sum: 0, Workers: 4
[1999.657s][debug][gc,phases      ] GC(266)     Total                          Min: 0, Avg:  0.0, Max: 0, Diff: 0, Sum: 0, Workers: 4
[1999.657s][debug][gc,phases      ] GC(266)   StringDedup Requests0 Weak     Min:  0.0, Avg:  0.0, Max:  0.0, Diff:  0.0, Sum:  0.0, Workers: 4
[1999.657s][debug][gc,phases      ] GC(266)     Dead                           Min: 0, Avg:  0.0, Max: 0, Diff: 0, Sum: 0, Workers: 4
[1999.657s][debug][gc,phases      ] GC(266)     Total                          Min: 0, Avg:  0.0, Max: 0, Diff: 0, Sum: 0, Workers: 4
[1999.657s][debug][gc,phases      ] GC(266)   StringDedup Requests1 Weak     Min:  0.0, Avg:  0.0, Max:  0.0, Diff:  0.0, Sum:  0.0, Workers: 4
[1999.657s][debug][gc,phases      ] GC(266)     Dead                           Min: 0, Avg:  0.0, Max: 0, Diff: 0, Sum: 0, Workers: 4
[1999.657s][debug][gc,phases      ] GC(266)     Total                          Min: 0, Avg:  0.0, Max: 0, Diff: 0, Sum: 0, Workers: 4
[1999.657s][debug][gc,phases      ] GC(266)   Weak JFR Old Object Samples    Min:  0.0, Avg:  0.0, Max:  0.0, Diff:  0.0, Sum:  0.0, Workers: 4
[1999.657s][debug][gc,phases      ] GC(266)     Dead                           Min: 0, Avg:  0.0, Max: 0, Diff: 0, Sum: 0, Workers: 4
[1999.657s][debug][gc,phases      ] GC(266)     Total                          Min: 0, Avg:  0.0, Max: 0, Diff: 0, Sum: 0, Workers: 4
[1999.657s][debug][gc,phases      ] GC(266) Weak Processing 0.289ms
[1999.657s][debug][gc,age         ] GC(266) Desired survivor size 3145728 bytes, new threshold 15 (max threshold 15)
[1999.657s][info ][gc,heap        ] GC(266) PSYoungGen: 2093616K(2094080K)->2432K(2094080K) Eden: 2091008K(2091008K)->0K(2091008K) From: 2608K(3072K)->2432K(3072K)
[1999.657s][info ][gc,heap        ] GC(266) ParOldGen: 561343K(614400K)->561375K(614400K)
[1999.657s][info ][gc,metaspace   ] GC(266) Metaspace: 82181K(83072K)->82181K(83072K) NonClass: 70690K(71168K)->70690K(71168K) Class: 11490K(11904K)->11490K(11904K)
[1999.657s][info ][gc             ] GC(266) Pause Young (Allocation Failure) 2592M->550M(2645M) 3.365ms
[1999.657s][info ][gc,cpu         ] GC(266) User=0.01s Sys=0.00s Real=0.00s
[1999.657s][info ][safepoint      ] Safepoint "ParallelGCFailedAllocation", Time since last: 7597821733 ns, Reaching safepoint: 46500 ns, At safepoint: 3433832 ns, Total: 3480332 ns
[2013.403s][info ][gc,start       ] GC(267) Pause Young (Allocation Failure)
[2013.405s][debug][gc,phases      ] GC(267) Scavenge 2.320ms
[2013.405s][debug][gc,ref         ] GC(267) Skipped phase 1 of Reference Processing: no references
[2013.405s][debug][gc,ref         ] GC(267) ReferenceProcessor::execute queues: 1, RefProcThreadModel::Single, marks_oops_alive: false
[2013.405s][debug][gc,ref         ] GC(267) Skipped phase 3 of Reference Processing: no references
[2013.405s][debug][gc,ref         ] GC(267) ReferenceProcessor::execute queues: 1, RefProcThreadModel::Single, marks_oops_alive: false
[2013.405s][debug][gc,phases      ] GC(267) Reference Processing 0.104ms
[2013.405s][debug][gc,phases      ] GC(267)   VM Weak                        Min:  0.0, Avg:  0.0, Max:  0.0, Diff:  0.0, Sum:  0.0, Workers: 4
[2013.405s][debug][gc,phases      ] GC(267)     Dead                           Min: 0, Avg:  0.0, Max: 0, Diff: 0, Sum: 0, Workers: 4
[2013.405s][debug][gc,phases      ] GC(267)     Total                          Min: 0, Avg: 167.0, Max: 668, Diff: 668, Sum: 668, Workers: 4
[2013.405s][debug][gc,phases      ] GC(267)   ObjectSynchronizer Weak        Min:  0.0, Avg:  0.0, Max:  0.0, Diff:  0.0, Sum:  0.0, Workers: 4
[2013.405s][debug][gc,phases      ] GC(267)     Dead                           Min: 0, Avg:  0.0, Max: 0, Diff: 0, Sum: 0, Workers: 4
[2013.405s][debug][gc,phases      ] GC(267)     Total                          Min: 0, Avg: 87.5, Max: 222, Diff: 222, Sum: 350, Workers: 4
[2013.405s][debug][gc,phases      ] GC(267)   JVMTI Tag Weak OopStorage      Min:  0.0, Avg:  0.0, Max:  0.0, Diff:  0.0, Sum:  0.0, Workers: 4
[2013.405s][debug][gc,phases      ] GC(267)     Dead                           Min: 0, Avg:  0.0, Max: 0, Diff: 0, Sum: 0, Workers: 4
[2013.405s][debug][gc,phases      ] GC(267)     Total                          Min: 0, Avg:  0.0, Max: 0, Diff: 0, Sum: 0, Workers: 4
[2013.405s][debug][gc,phases      ] GC(267)   StringTable Weak               Min:  0.1, Avg:  0.1, Max:  0.1, Diff:  0.0, Sum:  0.4, Workers: 4
[2013.405s][debug][gc,phases      ] GC(267)     Dead                           Min: 0, Avg:  0.0, Max: 0, Diff: 0, Sum: 0, Workers: 4
[2013.405s][debug][gc,phases      ] GC(267)     Total                          Min: 9920, Avg: 12037.5, Max: 14080, Diff: 4160, Sum: 48150, Workers: 4
[2013.405s][debug][gc,phases      ] GC(267)   ResolvedMethodTable Weak       Min:  0.0, Avg:  0.0, Max:  0.0, Diff:  0.0, Sum:  0.1, Workers: 4
[2013.405s][debug][gc,phases      ] GC(267)     Dead                           Min: 0, Avg:  0.0, Max: 0, Diff: 0, Sum: 0, Workers: 4
[2013.405s][debug][gc,phases      ] GC(267)     Total                          Min: 1662, Avg: 1986.2, Max: 2321, Diff: 659, Sum: 7945, Workers: 4
[2013.405s][debug][gc,phases      ] GC(267)   JNI Weak                       Min:  0.0, Avg:  0.0, Max:  0.0, Diff:  0.0, Sum:  0.0, Workers: 4
[2013.405s][debug][gc,phases      ] GC(267)     Dead                           Min: 0, Avg:  0.0, Max: 0, Diff: 0, Sum: 0, Workers: 4
[2013.405s][debug][gc,phases      ] GC(267)     Total                          Min: 0, Avg:  0.0, Max: 0, Diff: 0, Sum: 0, Workers: 4
[2013.405s][debug][gc,phases      ] GC(267)   StringDedup Table Weak         Min:  0.0, Avg:  0.0, Max:  0.0, Diff:  0.0, Sum:  0.0, Workers: 4
[2013.405s][debug][gc,phases      ] GC(267)     Dead                           Min: 0, Avg:  0.0, Max: 0, Diff: 0, Sum: 0, Workers: 4
[2013.405s][debug][gc,phases      ] GC(267)     Total                          Min: 0, Avg:  0.0, Max: 0, Diff: 0, Sum: 0, Workers: 4
[2013.405s][debug][gc,phases      ] GC(267)   StringDedup Requests0 Weak     Min:  0.0, Avg:  0.0, Max:  0.0, Diff:  0.0, Sum:  0.0, Workers: 4
[2013.405s][debug][gc,phases      ] GC(267)     Dead                           Min: 0, Avg:  0.0, Max: 0, Diff: 0, Sum: 0, Workers: 4
[2013.405s][debug][gc,phases      ] GC(267)     Total                          Min: 0, Avg:  0.0, Max: 0, Diff: 0, Sum: 0, Workers: 4
[2013.405s][debug][gc,phases      ] GC(267)   StringDedup Requests1 Weak     Min:  0.0, Avg:  0.0, Max:  0.0, Diff:  0.0, Sum:  0.0, Workers: 4
[2013.405s][debug][gc,phases      ] GC(267)     Dead                           Min: 0, Avg:  0.0, Max: 0, Diff: 0, Sum: 0, Workers: 4
[2013.405s][debug][gc,phases      ] GC(267)     Total                          Min: 0, Avg:  0.0, Max: 0, Diff: 0, Sum: 0, Workers: 4
[2013.405s][debug][gc,phases      ] GC(267)   Weak JFR Old Object Samples    Min:  0.0, Avg:  0.0, Max:  0.0, Diff:  0.0, Sum:  0.0, Workers: 4
[2013.405s][debug][gc,phases      ] GC(267)     Dead                           Min: 0, Avg:  0.0, Max: 0, Diff: 0, Sum: 0, Workers: 4
[2013.405s][debug][gc,phases      ] GC(267)     Total                          Min: 0, Avg:  0.0, Max: 0, Diff: 0, Sum: 0, Workers: 4
[2013.405s][debug][gc,phases      ] GC(267) Weak Processing 0.281ms
[2013.405s][debug][gc,age         ] GC(267) Desired survivor size 3145728 bytes, new threshold 15 (max threshold 15)
[2013.405s][info ][gc,heap        ] GC(267) PSYoungGen: 2093440K(2094080K)->2464K(2094080K) Eden: 2091008K(2091008K)->0K(2091008K) From: 2432K(3072K)->2464K(3072K)
[2013.405s][info ][gc,heap        ] GC(267) ParOldGen: 561375K(614400K)->561407K(614400K)
[2013.405s][info ][gc,metaspace   ] GC(267) Metaspace: 82181K(83072K)->82181K(83072K) NonClass: 70690K(71168K)->70690K(71168K) Class: 11490K(11904K)->11490K(11904K)
[2013.405s][info ][gc             ] GC(267) Pause Young (Allocation Failure) 2592M->550M(2645M) 2.809ms
[2013.405s][info ][gc,cpu         ] GC(267) User=0.01s Sys=0.00s Real=0.00s
[2013.405s][info ][safepoint      ] Safepoint "ParallelGCFailedAllocation", Time since last: 13745643132 ns, Reaching safepoint: 31900 ns, At safepoint: 2876827 ns, Total: 2908727 ns
[2020.406s][info ][safepoint      ] Safepoint "Cleanup", Time since last: 7000529460 ns, Reaching safepoint: 117202 ns, At safepoint: 8600 ns, Total: 125802 ns
[2026.559s][info ][gc,start       ] GC(268) Pause Young (Allocation Failure)
[2026.561s][debug][gc,phases      ] GC(268) Scavenge 2.178ms
[2026.561s][debug][gc,ref         ] GC(268) Skipped phase 1 of Reference Processing: no references
[2026.561s][debug][gc,ref         ] GC(268) ReferenceProcessor::execute queues: 1, RefProcThreadModel::Single, marks_oops_alive: false
[2026.561s][debug][gc,ref         ] GC(268) Skipped phase 3 of Reference Processing: no references
[2026.561s][debug][gc,ref         ] GC(268) ReferenceProcessor::execute queues: 1, RefProcThreadModel::Single, marks_oops_alive: false
[2026.561s][debug][gc,phases      ] GC(268) Reference Processing 0.115ms
[2026.561s][debug][gc,phases      ] GC(268)   VM Weak                        Min:  0.0, Avg:  0.0, Max:  0.0, Diff:  0.0, Sum:  0.0, Workers: 4
[2026.561s][debug][gc,phases      ] GC(268)     Dead                           Min: 0, Avg:  0.0, Max: 0, Diff: 0, Sum: 0, Workers: 4
[2026.561s][debug][gc,phases      ] GC(268)     Total                          Min: 0, Avg: 167.0, Max: 668, Diff: 668, Sum: 668, Workers: 4
[2026.561s][debug][gc,phases      ] GC(268)   ObjectSynchronizer Weak        Min:  0.0, Avg:  0.0, Max:  0.0, Diff:  0.0, Sum:  0.0, Workers: 4
[2026.561s][debug][gc,phases      ] GC(268)     Dead                           Min: 0, Avg:  0.0, Max: 0, Diff: 0, Sum: 0, Workers: 4
[2026.561s][debug][gc,phases      ] GC(268)     Total                          Min: 0, Avg: 87.5, Max: 350, Diff: 350, Sum: 350, Workers: 4
[2026.561s][debug][gc,phases      ] GC(268)   JVMTI Tag Weak OopStorage      Min:  0.0, Avg:  0.0, Max:  0.0, Diff:  0.0, Sum:  0.0, Workers: 4
[2026.561s][debug][gc,phases      ] GC(268)     Dead                           Min: 0, Avg:  0.0, Max: 0, Diff: 0, Sum: 0, Workers: 4
[2026.561s][debug][gc,phases      ] GC(268)     Total                          Min: 0, Avg:  0.0, Max: 0, Diff: 0, Sum: 0, Workers: 4
[2026.561s][debug][gc,phases      ] GC(268)   StringTable Weak               Min:  0.1, Avg:  0.1, Max:  0.1, Diff:  0.0, Sum:  0.3, Workers: 4
[2026.561s][debug][gc,phases      ] GC(268)     Dead                           Min: 0, Avg:  0.0, Max: 0, Diff: 0, Sum: 0, Workers: 4
[2026.561s][debug][gc,phases      ] GC(268)     Total                          Min: 11456, Avg: 12037.5, Max: 12800, Diff: 1344, Sum: 48150, Workers: 4
[2026.561s][debug][gc,phases      ] GC(268)   ResolvedMethodTable Weak       Min:  0.0, Avg:  0.0, Max:  0.0, Diff:  0.0, Sum:  0.1, Workers: 4
[2026.561s][debug][gc,phases      ] GC(268)     Dead                           Min: 0, Avg:  0.0, Max: 0, Diff: 0, Sum: 0, Workers: 4
[2026.561s][debug][gc,phases      ] GC(268)     Total                          Min: 1921, Avg: 1986.2, Max: 2052, Diff: 131, Sum: 7945, Workers: 4
[2026.561s][debug][gc,phases      ] GC(268)   JNI Weak                       Min:  0.0, Avg:  0.0, Max:  0.0, Diff:  0.0, Sum:  0.0, Workers: 4
[2026.561s][debug][gc,phases      ] GC(268)     Dead                           Min: 0, Avg:  0.0, Max: 0, Diff: 0, Sum: 0, Workers: 4
[2026.561s][debug][gc,phases      ] GC(268)     Total                          Min: 0, Avg:  0.0, Max: 0, Diff: 0, Sum: 0, Workers: 4
[2026.561s][debug][gc,phases      ] GC(268)   StringDedup Table Weak         Min:  0.0, Avg:  0.0, Max:  0.0, Diff:  0.0, Sum:  0.0, Workers: 4
[2026.561s][debug][gc,phases      ] GC(268)     Dead                           Min: 0, Avg:  0.0, Max: 0, Diff: 0, Sum: 0, Workers: 4
[2026.561s][debug][gc,phases      ] GC(268)     Total                          Min: 0, Avg:  0.0, Max: 0, Diff: 0, Sum: 0, Workers: 4
[2026.561s][debug][gc,phases      ] GC(268)   StringDedup Requests0 Weak     Min:  0.0, Avg:  0.0, Max:  0.0, Diff:  0.0, Sum:  0.0, Workers: 4
[2026.561s][debug][gc,phases      ] GC(268)     Dead                           Min: 0, Avg:  0.0, Max: 0, Diff: 0, Sum: 0, Workers: 4
[2026.561s][debug][gc,phases      ] GC(268)     Total                          Min: 0, Avg:  0.0, Max: 0, Diff: 0, Sum: 0, Workers: 4
[2026.561s][debug][gc,phases      ] GC(268)   StringDedup Requests1 Weak     Min:  0.0, Avg:  0.0, Max:  0.0, Diff:  0.0, Sum:  0.0, Workers: 4
[2026.561s][debug][gc,phases      ] GC(268)     Dead                           Min: 0, Avg:  0.0, Max: 0, Diff: 0, Sum: 0, Workers: 4
[2026.561s][debug][gc,phases      ] GC(268)     Total                          Min: 0, Avg:  0.0, Max: 0, Diff: 0, Sum: 0, Workers: 4
[2026.561s][debug][gc,phases      ] GC(268)   Weak JFR Old Object Samples    Min:  0.0, Avg:  0.0, Max:  0.0, Diff:  0.0, Sum:  0.0, Workers: 4
[2026.561s][debug][gc,phases      ] GC(268)     Dead                           Min: 0, Avg:  0.0, Max: 0, Diff: 0, Sum: 0, Workers: 4
[2026.561s][debug][gc,phases      ] GC(268)     Total                          Min: 0, Avg:  0.0, Max: 0, Diff: 0, Sum: 0, Workers: 4
[2026.561s][debug][gc,phases      ] GC(268) Weak Processing 0.252ms
[2026.561s][debug][gc,age         ] GC(268) Desired survivor size 3145728 bytes, new threshold 15 (max threshold 15)
[2026.561s][info ][gc,heap        ] GC(268) PSYoungGen: 2093472K(2094080K)->2416K(2094080K) Eden: 2091008K(2091008K)->0K(2091008K) From: 2464K(3072K)->2416K(3072K)
[2026.561s][info ][gc,heap        ] GC(268) ParOldGen: 561407K(614400K)->561431K(614400K)
[2026.561s][info ][gc,metaspace   ] GC(268) Metaspace: 82183K(83072K)->82183K(83072K) NonClass: 70693K(71168K)->70693K(71168K) Class: 11490K(11904K)->11490K(11904K)
[2026.561s][info ][gc             ] GC(268) Pause Young (Allocation Failure) 2592M->550M(2645M) 2.644ms
[2026.562s][info ][gc,cpu         ] GC(268) User=0.01s Sys=0.00s Real=0.01s
[2026.562s][info ][safepoint      ] Safepoint "ParallelGCFailedAllocation", Time since last: 6152589229 ns, Reaching safepoint: 68301 ns, At safepoint: 2731925 ns, Total: 2800226 ns
[2030.562s][info ][safepoint      ] Safepoint "Cleanup", Time since last: 4000259662 ns, Reaching safepoint: 50400 ns, At safepoint: 8201 ns, Total: 58601 ns
[2035.562s][info ][safepoint      ] Safepoint "Cleanup", Time since last: 5000347963 ns, Reaching safepoint: 40000 ns, At safepoint: 2900 ns, Total: 42900 ns
[2036.562s][info ][safepoint      ] Safepoint "Cleanup", Time since last: 1000083811 ns, Reaching safepoint: 48200 ns, At safepoint: 7000 ns, Total: 55200 ns
[2040.003s][info ][gc,start       ] GC(269) Pause Young (Allocation Failure)
[2040.007s][debug][gc,phases      ] GC(269) Scavenge 3.321ms
[2040.007s][debug][gc,ref         ] GC(269) Skipped phase 1 of Reference Processing: no references
[2040.007s][debug][gc,ref         ] GC(269) ReferenceProcessor::execute queues: 1, RefProcThreadModel::Single, marks_oops_alive: false
[2040.007s][debug][gc,ref         ] GC(269) Skipped phase 3 of Reference Processing: no references
[2040.007s][debug][gc,ref         ] GC(269) ReferenceProcessor::execute queues: 1, RefProcThreadModel::Single, marks_oops_alive: false
[2040.007s][debug][gc,phases      ] GC(269) Reference Processing 0.103ms
[2040.007s][debug][gc,phases      ] GC(269)   VM Weak                        Min:  0.0, Avg:  0.0, Max:  0.0, Diff:  0.0, Sum:  0.0, Workers: 4
[2040.007s][debug][gc,phases      ] GC(269)     Dead                           Min: 0, Avg:  0.0, Max: 0, Diff: 0, Sum: 0, Workers: 4
[2040.007s][debug][gc,phases      ] GC(269)     Total                          Min: 0, Avg: 167.0, Max: 576, Diff: 576, Sum: 668, Workers: 4
[2040.007s][debug][gc,phases      ] GC(269)   ObjectSynchronizer Weak        Min:  0.0, Avg:  0.0, Max:  0.0, Diff:  0.0, Sum:  0.0, Workers: 4
[2040.007s][debug][gc,phases      ] GC(269)     Dead                           Min: 0, Avg:  0.0, Max: 0, Diff: 0, Sum: 0, Workers: 4
[2040.007s][debug][gc,phases      ] GC(269)     Total                          Min: 0, Avg: 87.5, Max: 128, Diff: 128, Sum: 350, Workers: 4
[2040.007s][debug][gc,phases      ] GC(269)   JVMTI Tag Weak OopStorage      Min:  0.0, Avg:  0.0, Max:  0.0, Diff:  0.0, Sum:  0.0, Workers: 4
[2040.007s][debug][gc,phases      ] GC(269)     Dead                           Min: 0, Avg:  0.0, Max: 0, Diff: 0, Sum: 0, Workers: 4
[2040.007s][debug][gc,phases      ] GC(269)     Total                          Min: 0, Avg:  0.0, Max: 0, Diff: 0, Sum: 0, Workers: 4
[2040.007s][debug][gc,phases      ] GC(269)   StringTable Weak               Min:  0.1, Avg:  0.1, Max:  0.1, Diff:  0.0, Sum:  0.4, Workers: 4
[2040.007s][debug][gc,phases      ] GC(269)     Dead                           Min: 0, Avg:  0.0, Max: 0, Diff: 0, Sum: 0, Workers: 4
[2040.007s][debug][gc,phases      ] GC(269)     Total                          Min: 11030, Avg: 12037.5, Max: 14720, Diff: 3690, Sum: 48150, Workers: 4
[2040.007s][debug][gc,phases      ] GC(269)   ResolvedMethodTable Weak       Min:  0.0, Avg:  0.0, Max:  0.0, Diff:  0.0, Sum:  0.1, Workers: 4
[2040.007s][debug][gc,phases      ] GC(269)     Dead                           Min: 0, Avg:  0.0, Max: 0, Diff: 0, Sum: 0, Workers: 4
[2040.007s][debug][gc,phases      ] GC(269)     Total                          Min: 1759, Avg: 1986.2, Max: 2555, Diff: 796, Sum: 7945, Workers: 4
[2040.007s][debug][gc,phases      ] GC(269)   JNI Weak                       Min:  0.0, Avg:  0.0, Max:  0.0, Diff:  0.0, Sum:  0.0, Workers: 4
[2040.007s][debug][gc,phases      ] GC(269)     Dead                           Min: 0, Avg:  0.0, Max: 0, Diff: 0, Sum: 0, Workers: 4
[2040.007s][debug][gc,phases      ] GC(269)     Total                          Min: 0, Avg:  0.0, Max: 0, Diff: 0, Sum: 0, Workers: 4
[2040.007s][debug][gc,phases      ] GC(269)   StringDedup Table Weak         Min:  0.0, Avg:  0.0, Max:  0.0, Diff:  0.0, Sum:  0.0, Workers: 4
[2040.007s][debug][gc,phases      ] GC(269)     Dead                           Min: 0, Avg:  0.0, Max: 0, Diff: 0, Sum: 0, Workers: 4
[2040.007s][debug][gc,phases      ] GC(269)     Total                          Min: 0, Avg:  0.0, Max: 0, Diff: 0, Sum: 0, Workers: 4
[2040.007s][debug][gc,phases      ] GC(269)   StringDedup Requests0 Weak     Min:  0.0, Avg:  0.0, Max:  0.0, Diff:  0.0, Sum:  0.0, Workers: 4
[2040.007s][debug][gc,phases      ] GC(269)     Dead                           Min: 0, Avg:  0.0, Max: 0, Diff: 0, Sum: 0, Workers: 4
[2040.007s][debug][gc,phases      ] GC(269)     Total                          Min: 0, Avg:  0.0, Max: 0, Diff: 0, Sum: 0, Workers: 4
[2040.007s][debug][gc,phases      ] GC(269)   StringDedup Requests1 Weak     Min:  0.0, Avg:  0.0, Max:  0.0, Diff:  0.0, Sum:  0.0, Workers: 4
[2040.007s][debug][gc,phases      ] GC(269)     Dead                           Min: 0, Avg:  0.0, Max: 0, Diff: 0, Sum: 0, Workers: 4
[2040.007s][debug][gc,phases      ] GC(269)     Total                          Min: 0, Avg:  0.0, Max: 0, Diff: 0, Sum: 0, Workers: 4
[2040.007s][debug][gc,phases      ] GC(269)   Weak JFR Old Object Samples    Min:  0.0, Avg:  0.0, Max:  0.0, Diff:  0.0, Sum:  0.0, Workers: 4
[2040.007s][debug][gc,phases      ] GC(269)     Dead                           Min: 0, Avg:  0.0, Max: 0, Diff: 0, Sum: 0, Workers: 4
[2040.007s][debug][gc,phases      ] GC(269)     Total                          Min: 0, Avg:  0.0, Max: 0, Diff: 0, Sum: 0, Workers: 4
[2040.007s][debug][gc,phases      ] GC(269) Weak Processing 0.297ms
[2040.007s][debug][gc,age         ] GC(269) Desired survivor size 3145728 bytes, new threshold 15 (max threshold 15)
[2040.007s][info ][gc,heap        ] GC(269) PSYoungGen: 2093424K(2094080K)->2512K(2094080K) Eden: 2091008K(2091008K)->0K(2091008K) From: 2416K(3072K)->2512K(3072K)
[2040.007s][info ][gc,heap        ] GC(269) ParOldGen: 561431K(614400K)->561455K(614400K)
[2040.007s][info ][gc,metaspace   ] GC(269) Metaspace: 82194K(83072K)->82194K(83072K) NonClass: 70703K(71168K)->70703K(71168K) Class: 11490K(11904K)->11490K(11904K)
[2040.007s][info ][gc             ] GC(269) Pause Young (Allocation Failure) 2592M->550M(2645M) 3.859ms
[2040.007s][info ][gc,cpu         ] GC(269) User=0.01s Sys=0.01s Real=0.01s
[2040.007s][info ][safepoint      ] Safepoint "ParallelGCFailedAllocation", Time since last: 3441024632 ns, Reaching safepoint: 29700 ns, At safepoint: 3940137 ns, Total: 3969837 ns
[2042.008s][info ][safepoint      ] Safepoint "Cleanup", Time since last: 2000149715 ns, Reaching safepoint: 137102 ns, At safepoint: 11800 ns, Total: 148902 ns
[2044.008s][info ][safepoint      ] Safepoint "Cleanup", Time since last: 2000176713 ns, Reaching safepoint: 123301 ns, At safepoint: 11600 ns, Total: 134901 ns
[2053.724s][info ][gc,start       ] GC(270) Pause Young (Allocation Failure)
[2053.727s][debug][gc,phases      ] GC(270) Scavenge 2.750ms
[2053.727s][debug][gc,ref         ] GC(270) Skipped phase 1 of Reference Processing: no references
[2053.727s][debug][gc,ref         ] GC(270) ReferenceProcessor::execute queues: 1, RefProcThreadModel::Single, marks_oops_alive: false
[2053.727s][debug][gc,ref         ] GC(270) Skipped phase 3 of Reference Processing: no references
[2053.727s][debug][gc,ref         ] GC(270) ReferenceProcessor::execute queues: 1, RefProcThreadModel::Single, marks_oops_alive: false
[2053.727s][debug][gc,phases      ] GC(270) Reference Processing 0.101ms
[2053.727s][debug][gc,phases      ] GC(270)   VM Weak                        Min:  0.0, Avg:  0.0, Max:  0.0, Diff:  0.0, Sum:  0.0, Workers: 4
[2053.727s][debug][gc,phases      ] GC(270)     Dead                           Min: 0, Avg:  0.0, Max: 0, Diff: 0, Sum: 0, Workers: 4
[2053.727s][debug][gc,phases      ] GC(270)     Total                          Min: 0, Avg: 167.0, Max: 540, Diff: 540, Sum: 668, Workers: 4
[2053.727s][debug][gc,phases      ] GC(270)   ObjectSynchronizer Weak        Min:  0.0, Avg:  0.0, Max:  0.0, Diff:  0.0, Sum:  0.0, Workers: 4
[2053.727s][debug][gc,phases      ] GC(270)     Dead                           Min: 0, Avg:  0.0, Max: 0, Diff: 0, Sum: 0, Workers: 4
[2053.727s][debug][gc,phases      ] GC(270)     Total                          Min: 0, Avg: 87.5, Max: 192, Diff: 192, Sum: 350, Workers: 4
[2053.727s][debug][gc,phases      ] GC(270)   JVMTI Tag Weak OopStorage      Min:  0.0, Avg:  0.0, Max:  0.0, Diff:  0.0, Sum:  0.0, Workers: 4
[2053.727s][debug][gc,phases      ] GC(270)     Dead                           Min: 0, Avg:  0.0, Max: 0, Diff: 0, Sum: 0, Workers: 4
[2053.727s][debug][gc,phases      ] GC(270)     Total                          Min: 0, Avg:  0.0, Max: 0, Diff: 0, Sum: 0, Workers: 4
[2053.727s][debug][gc,phases      ] GC(270)   StringTable Weak               Min:  0.1, Avg:  0.1, Max:  0.1, Diff:  0.0, Sum:  0.4, Workers: 4
[2053.727s][debug][gc,phases      ] GC(270)     Dead                           Min: 0, Avg:  0.0, Max: 0, Diff: 0, Sum: 0, Workers: 4
[2053.727s][debug][gc,phases      ] GC(270)     Total                          Min: 10496, Avg: 12037.5, Max: 15232, Diff: 4736, Sum: 48150, Workers: 4
[2053.727s][debug][gc,phases      ] GC(270)   ResolvedMethodTable Weak       Min:  0.0, Avg:  0.0, Max:  0.0, Diff:  0.0, Sum:  0.1, Workers: 4
[2053.727s][debug][gc,phases      ] GC(270)     Dead                           Min: 0, Avg:  0.0, Max: 0, Diff: 0, Sum: 0, Workers: 4
[2053.727s][debug][gc,phases      ] GC(270)     Total                          Min: 1637, Avg: 1986.2, Max: 2745, Diff: 1108, Sum: 7945, Workers: 4
[2053.727s][debug][gc,phases      ] GC(270)   JNI Weak                       Min:  0.0, Avg:  0.0, Max:  0.0, Diff:  0.0, Sum:  0.0, Workers: 4
[2053.727s][debug][gc,phases      ] GC(270)     Dead                           Min: 0, Avg:  0.0, Max: 0, Diff: 0, Sum: 0, Workers: 4
[2053.727s][debug][gc,phases      ] GC(270)     Total                          Min: 0, Avg:  0.0, Max: 0, Diff: 0, Sum: 0, Workers: 4
[2053.727s][debug][gc,phases      ] GC(270)   StringDedup Table Weak         Min:  0.0, Avg:  0.0, Max:  0.0, Diff:  0.0, Sum:  0.0, Workers: 4
[2053.727s][debug][gc,phases      ] GC(270)     Dead                           Min: 0, Avg:  0.0, Max: 0, Diff: 0, Sum: 0, Workers: 4
[2053.727s][debug][gc,phases      ] GC(270)     Total                          Min: 0, Avg:  0.0, Max: 0, Diff: 0, Sum: 0, Workers: 4
[2053.727s][debug][gc,phases      ] GC(270)   StringDedup Requests0 Weak     Min:  0.0, Avg:  0.0, Max:  0.0, Diff:  0.0, Sum:  0.0, Workers: 4
[2053.727s][debug][gc,phases      ] GC(270)     Dead                           Min: 0, Avg:  0.0, Max: 0, Diff: 0, Sum: 0, Workers: 4
[2053.727s][debug][gc,phases      ] GC(270)     Total                          Min: 0, Avg:  0.0, Max: 0, Diff: 0, Sum: 0, Workers: 4
[2053.727s][debug][gc,phases      ] GC(270)   StringDedup Requests1 Weak     Min:  0.0, Avg:  0.0, Max:  0.0, Diff:  0.0, Sum:  0.0, Workers: 4
[2053.727s][debug][gc,phases      ] GC(270)     Dead                           Min: 0, Avg:  0.0, Max: 0, Diff: 0, Sum: 0, Workers: 4
[2053.727s][debug][gc,phases      ] GC(270)     Total                          Min: 0, Avg:  0.0, Max: 0, Diff: 0, Sum: 0, Workers: 4
[2053.727s][debug][gc,phases      ] GC(270)   Weak JFR Old Object Samples    Min:  0.0, Avg:  0.0, Max:  0.0, Diff:  0.0, Sum:  0.0, Workers: 4
[2053.727s][debug][gc,phases      ] GC(270)     Dead                           Min: 0, Avg:  0.0, Max: 0, Diff: 0, Sum: 0, Workers: 4
[2053.727s][debug][gc,phases      ] GC(270)     Total                          Min: 0, Avg:  0.0, Max: 0, Diff: 0, Sum: 0, Workers: 4
[2053.727s][debug][gc,phases      ] GC(270) Weak Processing 0.303ms
[2053.727s][debug][gc,age         ] GC(270) Desired survivor size 3145728 bytes, new threshold 15 (max threshold 15)
[2053.727s][info ][gc,heap        ] GC(270) PSYoungGen: 2093520K(2094080K)->2448K(2094080K) Eden: 2091008K(2091008K)->0K(2091008K) From: 2512K(3072K)->2448K(3072K)
[2053.727s][info ][gc,heap        ] GC(270) ParOldGen: 561455K(614400K)->561479K(614400K)
[2053.727s][info ][gc,metaspace   ] GC(270) Metaspace: 82195K(83072K)->82195K(83072K) NonClass: 70704K(71168K)->70704K(71168K) Class: 11490K(11904K)->11490K(11904K)
[2053.727s][info ][gc             ] GC(270) Pause Young (Allocation Failure) 2592M->550M(2645M) 3.250ms
[2053.727s][info ][gc,cpu         ] GC(270) User=0.02s Sys=0.00s Real=0.01s
[2053.727s][info ][safepoint      ] Safepoint "ParallelGCFailedAllocation", Time since last: 9716135483 ns, Reaching safepoint: 45900 ns, At safepoint: 3318731 ns, Total: 3364631 ns
[2055.728s][info ][safepoint      ] Safepoint "Cleanup", Time since last: 2000102399 ns, Reaching safepoint: 28900 ns, At safepoint: 3300 ns, Total: 32200 ns
[2057.728s][info ][safepoint      ] Safepoint "Cleanup", Time since last: 2000168497 ns, Reaching safepoint: 50000 ns, At safepoint: 10300 ns, Total: 60300 ns
[2060.728s][info ][safepoint      ] Safepoint "Cleanup", Time since last: 3000226191 ns, Reaching safepoint: 48200 ns, At safepoint: 6500 ns, Total: 54700 ns
[2067.167s][info ][gc,start       ] GC(271) Pause Young (Allocation Failure)
[2067.169s][debug][gc,phases      ] GC(271) Scavenge 2.157ms
[2067.169s][debug][gc,ref         ] GC(271) Skipped phase 1 of Reference Processing: no references
[2067.170s][debug][gc,ref         ] GC(271) ReferenceProcessor::execute queues: 1, RefProcThreadModel::Single, marks_oops_alive: false
[2067.170s][debug][gc,ref         ] GC(271) Skipped phase 3 of Reference Processing: no references
[2067.170s][debug][gc,ref         ] GC(271) ReferenceProcessor::execute queues: 1, RefProcThreadModel::Single, marks_oops_alive: false
[2067.170s][debug][gc,phases      ] GC(271) Reference Processing 0.106ms
[2067.170s][debug][gc,phases      ] GC(271)   VM Weak                        Min:  0.0, Avg:  0.0, Max:  0.0, Diff:  0.0, Sum:  0.0, Workers: 4
[2067.170s][debug][gc,phases      ] GC(271)     Dead                           Min: 0, Avg:  0.0, Max: 0, Diff: 0, Sum: 0, Workers: 4
[2067.170s][debug][gc,phases      ] GC(271)     Total                          Min: 0, Avg: 167.0, Max: 668, Diff: 668, Sum: 668, Workers: 4
[2067.170s][debug][gc,phases      ] GC(271)   ObjectSynchronizer Weak        Min:  0.0, Avg:  0.0, Max:  0.0, Diff:  0.0, Sum:  0.0, Workers: 4
[2067.170s][debug][gc,phases      ] GC(271)     Dead                           Min: 0, Avg:  0.0, Max: 0, Diff: 0, Sum: 0, Workers: 4
[2067.170s][debug][gc,phases      ] GC(271)     Total                          Min: 0, Avg: 87.5, Max: 350, Diff: 350, Sum: 350, Workers: 4
[2067.170s][debug][gc,phases      ] GC(271)   JVMTI Tag Weak OopStorage      Min:  0.0, Avg:  0.0, Max:  0.0, Diff:  0.0, Sum:  0.0, Workers: 4
[2067.170s][debug][gc,phases      ] GC(271)     Dead                           Min: 0, Avg:  0.0, Max: 0, Diff: 0, Sum: 0, Workers: 4
[2067.170s][debug][gc,phases      ] GC(271)     Total                          Min: 0, Avg:  0.0, Max: 0, Diff: 0, Sum: 0, Workers: 4
[2067.170s][debug][gc,phases      ] GC(271)   StringTable Weak               Min:  0.1, Avg:  0.1, Max:  0.1, Diff:  0.0, Sum:  0.4, Workers: 4
[2067.170s][debug][gc,phases      ] GC(271)     Dead                           Min: 0, Avg:  0.0, Max: 0, Diff: 0, Sum: 0, Workers: 4
[2067.170s][debug][gc,phases      ] GC(271)     Total                          Min: 10112, Avg: 12037.5, Max: 14144, Diff: 4032, Sum: 48150, Workers: 4
[2067.170s][debug][gc,phases      ] GC(271)   ResolvedMethodTable Weak       Min:  0.0, Avg:  0.0, Max:  0.0, Diff:  0.0, Sum:  0.1, Workers: 4
[2067.170s][debug][gc,phases      ] GC(271)     Dead                           Min: 0, Avg:  0.0, Max: 0, Diff: 0, Sum: 0, Workers: 4
[2067.170s][debug][gc,phases      ] GC(271)     Total                          Min: 1632, Avg: 1986.2, Max: 2442, Diff: 810, Sum: 7945, Workers: 4
[2067.170s][debug][gc,phases      ] GC(271)   JNI Weak                       Min:  0.0, Avg:  0.0, Max:  0.0, Diff:  0.0, Sum:  0.0, Workers: 4
[2067.170s][debug][gc,phases      ] GC(271)     Dead                           Min: 0, Avg:  0.0, Max: 0, Diff: 0, Sum: 0, Workers: 4
[2067.170s][debug][gc,phases      ] GC(271)     Total                          Min: 0, Avg:  0.0, Max: 0, Diff: 0, Sum: 0, Workers: 4
[2067.170s][debug][gc,phases      ] GC(271)   StringDedup Table Weak         Min:  0.0, Avg:  0.0, Max:  0.0, Diff:  0.0, Sum:  0.0, Workers: 4
[2067.170s][debug][gc,phases      ] GC(271)     Dead                           Min: 0, Avg:  0.0, Max: 0, Diff: 0, Sum: 0, Workers: 4
[2067.170s][debug][gc,phases      ] GC(271)     Total                          Min: 0, Avg:  0.0, Max: 0, Diff: 0, Sum: 0, Workers: 4
[2067.170s][debug][gc,phases      ] GC(271)   StringDedup Requests0 Weak     Min:  0.0, Avg:  0.0, Max:  0.0, Diff:  0.0, Sum:  0.0, Workers: 4
[2067.170s][debug][gc,phases      ] GC(271)     Dead                           Min: 0, Avg:  0.0, Max: 0, Diff: 0, Sum: 0, Workers: 4
[2067.170s][debug][gc,phases      ] GC(271)     Total                          Min: 0, Avg:  0.0, Max: 0, Diff: 0, Sum: 0, Workers: 4
[2067.170s][debug][gc,phases      ] GC(271)   StringDedup Requests1 Weak     Min:  0.0, Avg:  0.0, Max:  0.0, Diff:  0.0, Sum:  0.0, Workers: 4
[2067.170s][debug][gc,phases      ] GC(271)     Dead                           Min: 0, Avg:  0.0, Max: 0, Diff: 0, Sum: 0, Workers: 4
[2067.170s][debug][gc,phases      ] GC(271)     Total                          Min: 0, Avg:  0.0, Max: 0, Diff: 0, Sum: 0, Workers: 4
[2067.170s][debug][gc,phases      ] GC(271)   Weak JFR Old Object Samples    Min:  0.0, Avg:  0.0, Max:  0.0, Diff:  0.0, Sum:  0.0, Workers: 4
[2067.170s][debug][gc,phases      ] GC(271)     Dead                           Min: 0, Avg:  0.0, Max: 0, Diff: 0, Sum: 0, Workers: 4
[2067.170s][debug][gc,phases      ] GC(271)     Total                          Min: 0, Avg:  0.0, Max: 0, Diff: 0, Sum: 0, Workers: 4
[2067.170s][debug][gc,phases      ] GC(271) Weak Processing 0.308ms
[2067.170s][debug][gc,age         ] GC(271) Desired survivor size 3145728 bytes, new threshold 15 (max threshold 15)
[2067.170s][info ][gc,heap        ] GC(271) PSYoungGen: 2093456K(2094080K)->2496K(2094080K) Eden: 2091008K(2091008K)->0K(2091008K) From: 2448K(3072K)->2496K(3072K)
[2067.170s][info ][gc,heap        ] GC(271) ParOldGen: 561479K(614400K)->561503K(614400K)
[2067.170s][info ][gc,metaspace   ] GC(271) Metaspace: 82198K(83072K)->82198K(83072K) NonClass: 70708K(71168K)->70708K(71168K) Class: 11490K(11904K)->11490K(11904K)
[2067.170s][info ][gc             ] GC(271) Pause Young (Allocation Failure) 2592M->550M(2645M) 2.680ms
[2067.170s][info ][gc,cpu         ] GC(271) User=0.00s Sys=0.00s Real=0.01s
[2067.170s][info ][safepoint      ] Safepoint "ParallelGCFailedAllocation", Time since last: 6438964339 ns, Reaching safepoint: 107501 ns, At safepoint: 2753426 ns, Total: 2860927 ns
[2069.170s][info ][safepoint      ] Safepoint "Cleanup", Time since last: 2000154783 ns, Reaching safepoint: 54001 ns, At safepoint: 7300 ns, Total: 61301 ns
[2080.856s][info ][gc,start       ] GC(272) Pause Young (Allocation Failure)
[2080.858s][debug][gc,phases      ] GC(272) Scavenge 2.506ms
[2080.858s][debug][gc,ref         ] GC(272) Skipped phase 1 of Reference Processing: no references
[2080.858s][debug][gc,ref         ] GC(272) ReferenceProcessor::execute queues: 1, RefProcThreadModel::Single, marks_oops_alive: false
[2080.858s][debug][gc,ref         ] GC(272) Skipped phase 3 of Reference Processing: no references
[2080.858s][debug][gc,ref         ] GC(272) ReferenceProcessor::execute queues: 1, RefProcThreadModel::Single, marks_oops_alive: false
[2080.858s][debug][gc,phases      ] GC(272) Reference Processing 0.126ms
[2080.859s][debug][gc,phases      ] GC(272)   VM Weak                        Min:  0.0, Avg:  0.0, Max:  0.0, Diff:  0.0, Sum:  0.0, Workers: 4
[2080.859s][debug][gc,phases      ] GC(272)     Dead                           Min: 0, Avg:  0.0, Max: 0, Diff: 0, Sum: 0, Workers: 4
[2080.859s][debug][gc,phases      ] GC(272)     Total                          Min: 0, Avg: 167.0, Max: 512, Diff: 512, Sum: 668, Workers: 4
[2080.859s][debug][gc,phases      ] GC(272)   ObjectSynchronizer Weak        Min:  0.0, Avg:  0.0, Max:  0.0, Diff:  0.0, Sum:  0.0, Workers: 4
[2080.859s][debug][gc,phases      ] GC(272)     Dead                           Min: 0, Avg:  0.0, Max: 0, Diff: 0, Sum: 0, Workers: 4
[2080.859s][debug][gc,phases      ] GC(272)     Total                          Min: 0, Avg: 87.5, Max: 222, Diff: 222, Sum: 350, Workers: 4
[2080.859s][debug][gc,phases      ] GC(272)   JVMTI Tag Weak OopStorage      Min:  0.0, Avg:  0.0, Max:  0.0, Diff:  0.0, Sum:  0.0, Workers: 4
[2080.859s][debug][gc,phases      ] GC(272)     Dead                           Min: 0, Avg:  0.0, Max: 0, Diff: 0, Sum: 0, Workers: 4
[2080.859s][debug][gc,phases      ] GC(272)     Total                          Min: 0, Avg:  0.0, Max: 0, Diff: 0, Sum: 0, Workers: 4
[2080.859s][debug][gc,phases      ] GC(272)   StringTable Weak               Min:  0.1, Avg:  0.1, Max:  0.1, Diff:  0.0, Sum:  0.3, Workers: 4
[2080.859s][debug][gc,phases      ] GC(272)     Dead                           Min: 0, Avg:  0.0, Max: 0, Diff: 0, Sum: 0, Workers: 4
[2080.859s][debug][gc,phases      ] GC(272)     Total                          Min: 9472, Avg: 12038.2, Max: 14400, Diff: 4928, Sum: 48153, Workers: 4
[2080.859s][debug][gc,phases      ] GC(272)   ResolvedMethodTable Weak       Min:  0.0, Avg:  0.0, Max:  0.0, Diff:  0.0, Sum:  0.1, Workers: 4
[2080.859s][debug][gc,phases      ] GC(272)     Dead                           Min: 0, Avg:  0.0, Max: 0, Diff: 0, Sum: 0, Workers: 4
[2080.859s][debug][gc,phases      ] GC(272)     Total                          Min: 699, Avg: 1986.2, Max: 2696, Diff: 1997, Sum: 7945, Workers: 4
[2080.859s][debug][gc,phases      ] GC(272)   JNI Weak                       Min:  0.0, Avg:  0.0, Max:  0.0, Diff:  0.0, Sum:  0.0, Workers: 4
[2080.859s][debug][gc,phases      ] GC(272)     Dead                           Min: 0, Avg:  0.0, Max: 0, Diff: 0, Sum: 0, Workers: 4
[2080.859s][debug][gc,phases      ] GC(272)     Total                          Min: 0, Avg:  0.0, Max: 0, Diff: 0, Sum: 0, Workers: 4
[2080.859s][debug][gc,phases      ] GC(272)   StringDedup Table Weak         Min:  0.0, Avg:  0.0, Max:  0.0, Diff:  0.0, Sum:  0.0, Workers: 4
[2080.859s][debug][gc,phases      ] GC(272)     Dead                           Min: 0, Avg:  0.0, Max: 0, Diff: 0, Sum: 0, Workers: 4
[2080.859s][debug][gc,phases      ] GC(272)     Total                          Min: 0, Avg:  0.0, Max: 0, Diff: 0, Sum: 0, Workers: 4
[2080.859s][debug][gc,phases      ] GC(272)   StringDedup Requests0 Weak     Min:  0.0, Avg:  0.0, Max:  0.0, Diff:  0.0, Sum:  0.0, Workers: 4
[2080.859s][debug][gc,phases      ] GC(272)     Dead                           Min: 0, Avg:  0.0, Max: 0, Diff: 0, Sum: 0, Workers: 4
[2080.859s][debug][gc,phases      ] GC(272)     Total                          Min: 0, Avg:  0.0, Max: 0, Diff: 0, Sum: 0, Workers: 4
[2080.859s][debug][gc,phases      ] GC(272)   StringDedup Requests1 Weak     Min:  0.0, Avg:  0.0, Max:  0.0, Diff:  0.0, Sum:  0.0, Workers: 4
[2080.859s][debug][gc,phases      ] GC(272)     Dead                           Min: 0, Avg:  0.0, Max: 0, Diff: 0, Sum: 0, Workers: 4
[2080.859s][debug][gc,phases      ] GC(272)     Total                          Min: 0, Avg:  0.0, Max: 0, Diff: 0, Sum: 0, Workers: 4
[2080.859s][debug][gc,phases      ] GC(272)   Weak JFR Old Object Samples    Min:  0.0, Avg:  0.0, Max:  0.0, Diff:  0.0, Sum:  0.0, Workers: 4
[2080.859s][debug][gc,phases      ] GC(272)     Dead                           Min: 0, Avg:  0.0, Max: 0, Diff: 0, Sum: 0, Workers: 4
[2080.859s][debug][gc,phases      ] GC(272)     Total                          Min: 0, Avg:  0.0, Max: 0, Diff: 0, Sum: 0, Workers: 4
[2080.859s][debug][gc,phases      ] GC(272) Weak Processing 0.294ms
[2080.859s][debug][gc,age         ] GC(272) Desired survivor size 3145728 bytes, new threshold 15 (max threshold 15)
[2080.859s][info ][gc,heap        ] GC(272) PSYoungGen: 2093504K(2094080K)->2464K(2094080K) Eden: 2091008K(2091008K)->0K(2091008K) From: 2496K(3072K)->2464K(3072K)
[2080.859s][info ][gc,heap        ] GC(272) ParOldGen: 561503K(614400K)->561535K(614400K)
[2080.859s][info ][gc,metaspace   ] GC(272) Metaspace: 82199K(83072K)->82199K(83072K) NonClass: 70708K(71168K)->70708K(71168K) Class: 11490K(11904K)->11490K(11904K)
[2080.859s][info ][gc             ] GC(272) Pause Young (Allocation Failure) 2592M->550M(2645M) 3.031ms
[2080.859s][info ][gc,cpu         ] GC(272) User=0.00s Sys=0.00s Real=0.00s
[2080.859s][info ][safepoint      ] Safepoint "ParallelGCFailedAllocation", Time since last: 11685446222 ns, Reaching safepoint: 47000 ns, At safepoint: 3099429 ns, Total: 3146429 ns
[2087.859s][info ][safepoint      ] Safepoint "Cleanup", Time since last: 7000484075 ns, Reaching safepoint: 123702 ns, At safepoint: 11600 ns, Total: 135302 ns
[2094.260s][info ][gc,start       ] GC(273) Pause Young (Allocation Failure)
[2094.262s][debug][gc,phases      ] GC(273) Scavenge 2.379ms
[2094.262s][debug][gc,ref         ] GC(273) Skipped phase 1 of Reference Processing: no references
[2094.262s][debug][gc,ref         ] GC(273) ReferenceProcessor::execute queues: 1, RefProcThreadModel::Single, marks_oops_alive: false
[2094.262s][debug][gc,ref         ] GC(273) Skipped phase 3 of Reference Processing: no references
[2094.262s][debug][gc,ref         ] GC(273) ReferenceProcessor::execute queues: 1, RefProcThreadModel::Single, marks_oops_alive: false
[2094.262s][debug][gc,phases      ] GC(273) Reference Processing 0.105ms
[2094.263s][debug][gc,phases      ] GC(273)   VM Weak                        Min:  0.0, Avg:  0.0, Max:  0.0, Diff:  0.0, Sum:  0.0, Workers: 4
[2094.263s][debug][gc,phases      ] GC(273)     Dead                           Min: 0, Avg:  0.0, Max: 0, Diff: 0, Sum: 0, Workers: 4
[2094.263s][debug][gc,phases      ] GC(273)     Total                          Min: 0, Avg: 167.0, Max: 412, Diff: 412, Sum: 668, Workers: 4
[2094.263s][debug][gc,phases      ] GC(273)   ObjectSynchronizer Weak        Min:  0.0, Avg:  0.0, Max:  0.0, Diff:  0.0, Sum:  0.0, Workers: 4
[2094.263s][debug][gc,phases      ] GC(273)     Dead                           Min: 0, Avg:  0.0, Max: 0, Diff: 0, Sum: 0, Workers: 4
[2094.263s][debug][gc,phases      ] GC(273)     Total                          Min: 0, Avg: 87.5, Max: 192, Diff: 192, Sum: 350, Workers: 4
[2094.263s][debug][gc,phases      ] GC(273)   JVMTI Tag Weak OopStorage      Min:  0.0, Avg:  0.0, Max:  0.0, Diff:  0.0, Sum:  0.0, Workers: 4
[2094.263s][debug][gc,phases      ] GC(273)     Dead                           Min: 0, Avg:  0.0, Max: 0, Diff: 0, Sum: 0, Workers: 4
[2094.263s][debug][gc,phases      ] GC(273)     Total                          Min: 0, Avg:  0.0, Max: 0, Diff: 0, Sum: 0, Workers: 4
[2094.263s][debug][gc,phases      ] GC(273)   StringTable Weak               Min:  0.1, Avg:  0.1, Max:  0.1, Diff:  0.0, Sum:  0.4, Workers: 4
[2094.263s][debug][gc,phases      ] GC(273)     Dead                           Min: 0, Avg:  0.0, Max: 0, Diff: 0, Sum: 0, Workers: 4
[2094.263s][debug][gc,phases      ] GC(273)     Total                          Min: 10048, Avg: 12038.2, Max: 15705, Diff: 5657, Sum: 48153, Workers: 4
[2094.263s][debug][gc,phases      ] GC(273)   ResolvedMethodTable Weak       Min:  0.0, Avg:  0.0, Max:  0.0, Diff:  0.0, Sum:  0.1, Workers: 4
[2094.263s][debug][gc,phases      ] GC(273)     Dead                           Min: 0, Avg:  0.0, Max: 0, Diff: 0, Sum: 0, Workers: 4
[2094.263s][debug][gc,phases      ] GC(273)     Total                          Min: 1661, Avg: 1986.2, Max: 2322, Diff: 661, Sum: 7945, Workers: 4
[2094.263s][debug][gc,phases      ] GC(273)   JNI Weak                       Min:  0.0, Avg:  0.0, Max:  0.0, Diff:  0.0, Sum:  0.0, Workers: 4
[2094.263s][debug][gc,phases      ] GC(273)     Dead                           Min: 0, Avg:  0.0, Max: 0, Diff: 0, Sum: 0, Workers: 4
[2094.263s][debug][gc,phases      ] GC(273)     Total                          Min: 0, Avg:  0.0, Max: 0, Diff: 0, Sum: 0, Workers: 4
[2094.263s][debug][gc,phases      ] GC(273)   StringDedup Table Weak         Min:  0.0, Avg:  0.0, Max:  0.0, Diff:  0.0, Sum:  0.0, Workers: 4
[2094.263s][debug][gc,phases      ] GC(273)     Dead                           Min: 0, Avg:  0.0, Max: 0, Diff: 0, Sum: 0, Workers: 4
[2094.263s][debug][gc,phases      ] GC(273)     Total                          Min: 0, Avg:  0.0, Max: 0, Diff: 0, Sum: 0, Workers: 4
[2094.263s][debug][gc,phases      ] GC(273)   StringDedup Requests0 Weak     Min:  0.0, Avg:  0.0, Max:  0.0, Diff:  0.0, Sum:  0.0, Workers: 4
[2094.263s][debug][gc,phases      ] GC(273)     Dead                           Min: 0, Avg:  0.0, Max: 0, Diff: 0, Sum: 0, Workers: 4
[2094.263s][debug][gc,phases      ] GC(273)     Total                          Min: 0, Avg:  0.0, Max: 0, Diff: 0, Sum: 0, Workers: 4
[2094.263s][debug][gc,phases      ] GC(273)   StringDedup Requests1 Weak     Min:  0.0, Avg:  0.0, Max:  0.0, Diff:  0.0, Sum:  0.0, Workers: 4
[2094.263s][debug][gc,phases      ] GC(273)     Dead                           Min: 0, Avg:  0.0, Max: 0, Diff: 0, Sum: 0, Workers: 4
[2094.263s][debug][gc,phases      ] GC(273)     Total                          Min: 0, Avg:  0.0, Max: 0, Diff: 0, Sum: 0, Workers: 4
[2094.263s][debug][gc,phases      ] GC(273)   Weak JFR Old Object Samples    Min:  0.0, Avg:  0.0, Max:  0.0, Diff:  0.0, Sum:  0.0, Workers: 4
[2094.263s][debug][gc,phases      ] GC(273)     Dead                           Min: 0, Avg:  0.0, Max: 0, Diff: 0, Sum: 0, Workers: 4
[2094.263s][debug][gc,phases      ] GC(273)     Total                          Min: 0, Avg:  0.0, Max: 0, Diff: 0, Sum: 0, Workers: 4
[2094.263s][debug][gc,phases      ] GC(273) Weak Processing 0.286ms
[2094.263s][debug][gc,age         ] GC(273) Desired survivor size 3145728 bytes, new threshold 15 (max threshold 15)
[2094.263s][info ][gc,heap        ] GC(273) PSYoungGen: 2093472K(2094080K)->2464K(2094080K) Eden: 2091008K(2091008K)->0K(2091008K) From: 2464K(3072K)->2464K(3072K)
[2094.263s][info ][gc,heap        ] GC(273) ParOldGen: 561535K(614400K)->561575K(614400K)
[2094.263s][info ][gc,metaspace   ] GC(273) Metaspace: 82200K(83072K)->82200K(83072K) NonClass: 70709K(71168K)->70709K(71168K) Class: 11490K(11904K)->11490K(11904K)
[2094.263s][info ][gc             ] GC(273) Pause Young (Allocation Failure) 2592M->550M(2645M) 2.876ms
[2094.263s][info ][gc,cpu         ] GC(273) User=0.01s Sys=0.00s Real=0.00s
[2094.263s][info ][safepoint      ] Safepoint "ParallelGCFailedAllocation", Time since last: 6400467882 ns, Reaching safepoint: 25401 ns, At safepoint: 2952027 ns, Total: 2977428 ns
[2100.263s][info ][safepoint      ] Safepoint "Cleanup", Time since last: 6000403550 ns, Reaching safepoint: 46201 ns, At safepoint: 3000 ns, Total: 49201 ns
[2102.264s][info ][safepoint      ] Safepoint "Cleanup", Time since last: 2000185746 ns, Reaching safepoint: 49100 ns, At safepoint: 4501 ns, Total: 53601 ns
[2104.264s][info ][safepoint      ] Safepoint "Cleanup", Time since last: 2000169343 ns, Reaching safepoint: 43801 ns, At safepoint: 4000 ns, Total: 47801 ns
[2107.555s][info ][gc,start       ] GC(274) Pause Young (Allocation Failure)
[2107.557s][debug][gc,phases      ] GC(274) Scavenge 2.527ms
[2107.557s][debug][gc,ref         ] GC(274) Skipped phase 1 of Reference Processing: no references
[2107.557s][debug][gc,ref         ] GC(274) Skipped phase 2 of Reference Processing: no references
[2107.557s][debug][gc,ref         ] GC(274) Skipped phase 3 of Reference Processing: no references
[2107.557s][debug][gc,ref         ] GC(274) ReferenceProcessor::execute queues: 1, RefProcThreadModel::Single, marks_oops_alive: false
[2107.557s][debug][gc,phases      ] GC(274) Reference Processing 0.096ms
[2107.557s][debug][gc,phases      ] GC(274)   VM Weak                        Min:  0.0, Avg:  0.0, Max:  0.0, Diff:  0.0, Sum:  0.0, Workers: 4
[2107.557s][debug][gc,phases      ] GC(274)     Dead                           Min: 0, Avg:  0.0, Max: 0, Diff: 0, Sum: 0, Workers: 4
[2107.557s][debug][gc,phases      ] GC(274)     Total                          Min: 0, Avg: 167.0, Max: 668, Diff: 668, Sum: 668, Workers: 4
[2107.557s][debug][gc,phases      ] GC(274)   ObjectSynchronizer Weak        Min:  0.0, Avg:  0.0, Max:  0.0, Diff:  0.0, Sum:  0.0, Workers: 4
[2107.557s][debug][gc,phases      ] GC(274)     Dead                           Min: 0, Avg:  0.0, Max: 0, Diff: 0, Sum: 0, Workers: 4
[2107.557s][debug][gc,phases      ] GC(274)     Total                          Min: 0, Avg: 87.5, Max: 286, Diff: 286, Sum: 350, Workers: 4
[2107.557s][debug][gc,phases      ] GC(274)   JVMTI Tag Weak OopStorage      Min:  0.0, Avg:  0.0, Max:  0.0, Diff:  0.0, Sum:  0.0, Workers: 4
[2107.557s][debug][gc,phases      ] GC(274)     Dead                           Min: 0, Avg:  0.0, Max: 0, Diff: 0, Sum: 0, Workers: 4
[2107.557s][debug][gc,phases      ] GC(274)     Total                          Min: 0, Avg:  0.0, Max: 0, Diff: 0, Sum: 0, Workers: 4
[2107.557s][debug][gc,phases      ] GC(274)   StringTable Weak               Min:  0.1, Avg:  0.1, Max:  0.1, Diff:  0.0, Sum:  0.4, Workers: 4
[2107.557s][debug][gc,phases      ] GC(274)     Dead                           Min: 0, Avg:  0.0, Max: 0, Diff: 0, Sum: 0, Workers: 4
[2107.557s][debug][gc,phases      ] GC(274)     Total                          Min: 9920, Avg: 12038.2, Max: 14784, Diff: 4864, Sum: 48153, Workers: 4
[2107.557s][debug][gc,phases      ] GC(274)   ResolvedMethodTable Weak       Min:  0.0, Avg:  0.0, Max:  0.0, Diff:  0.0, Sum:  0.1, Workers: 4
[2107.557s][debug][gc,phases      ] GC(274)     Dead                           Min: 0, Avg:  0.0, Max: 0, Diff: 0, Sum: 0, Workers: 4
[2107.557s][debug][gc,phases      ] GC(274)     Total                          Min: 1641, Avg: 1986.2, Max: 2284, Diff: 643, Sum: 7945, Workers: 4
[2107.557s][debug][gc,phases      ] GC(274)   JNI Weak                       Min:  0.0, Avg:  0.0, Max:  0.0, Diff:  0.0, Sum:  0.0, Workers: 4
[2107.557s][debug][gc,phases      ] GC(274)     Dead                           Min: 0, Avg:  0.0, Max: 0, Diff: 0, Sum: 0, Workers: 4
[2107.557s][debug][gc,phases      ] GC(274)     Total                          Min: 0, Avg:  0.0, Max: 0, Diff: 0, Sum: 0, Workers: 4
[2107.557s][debug][gc,phases      ] GC(274)   StringDedup Table Weak         Min:  0.0, Avg:  0.0, Max:  0.0, Diff:  0.0, Sum:  0.0, Workers: 4
[2107.557s][debug][gc,phases      ] GC(274)     Dead                           Min: 0, Avg:  0.0, Max: 0, Diff: 0, Sum: 0, Workers: 4
[2107.557s][debug][gc,phases      ] GC(274)     Total                          Min: 0, Avg:  0.0, Max: 0, Diff: 0, Sum: 0, Workers: 4
[2107.557s][debug][gc,phases      ] GC(274)   StringDedup Requests0 Weak     Min:  0.0, Avg:  0.0, Max:  0.0, Diff:  0.0, Sum:  0.0, Workers: 4
[2107.557s][debug][gc,phases      ] GC(274)     Dead                           Min: 0, Avg:  0.0, Max: 0, Diff: 0, Sum: 0, Workers: 4
[2107.557s][debug][gc,phases      ] GC(274)     Total                          Min: 0, Avg:  0.0, Max: 0, Diff: 0, Sum: 0, Workers: 4
[2107.557s][debug][gc,phases      ] GC(274)   StringDedup Requests1 Weak     Min:  0.0, Avg:  0.0, Max:  0.0, Diff:  0.0, Sum:  0.0, Workers: 4
[2107.557s][debug][gc,phases      ] GC(274)     Dead                           Min: 0, Avg:  0.0, Max: 0, Diff: 0, Sum: 0, Workers: 4
[2107.557s][debug][gc,phases      ] GC(274)     Total                          Min: 0, Avg:  0.0, Max: 0, Diff: 0, Sum: 0, Workers: 4
[2107.557s][debug][gc,phases      ] GC(274)   Weak JFR Old Object Samples    Min:  0.0, Avg:  0.0, Max:  0.0, Diff:  0.0, Sum:  0.0, Workers: 4
[2107.557s][debug][gc,phases      ] GC(274)     Dead                           Min: 0, Avg:  0.0, Max: 0, Diff: 0, Sum: 0, Workers: 4
[2107.557s][debug][gc,phases      ] GC(274)     Total                          Min: 0, Avg:  0.0, Max: 0, Diff: 0, Sum: 0, Workers: 4
[2107.557s][debug][gc,phases      ] GC(274) Weak Processing 0.285ms
[2107.558s][debug][gc,age         ] GC(274) Desired survivor size 3145728 bytes, new threshold 15 (max threshold 15)
[2107.558s][info ][gc,heap        ] GC(274) PSYoungGen: 2093472K(2094080K)->2464K(2094080K) Eden: 2091008K(2091008K)->0K(2091008K) From: 2464K(3072K)->2464K(3072K)
[2107.558s][info ][gc,heap        ] GC(274) ParOldGen: 561575K(614400K)->561599K(614400K)
[2107.558s][info ][gc,metaspace   ] GC(274) Metaspace: 82200K(83072K)->82200K(83072K) NonClass: 70709K(71168K)->70709K(71168K) Class: 11490K(11904K)->11490K(11904K)
[2107.558s][info ][gc             ] GC(274) Pause Young (Allocation Failure) 2592M->550M(2645M) 3.021ms
[2107.558s][info ][gc,cpu         ] GC(274) User=0.01s Sys=0.00s Real=0.00s
[2107.558s][info ][safepoint      ] Safepoint "ParallelGCFailedAllocation", Time since last: 3290699704 ns, Reaching safepoint: 48200 ns, At safepoint: 3091129 ns, Total: 3139329 ns
[2109.558s][info ][safepoint      ] Safepoint "Cleanup", Time since last: 2000152838 ns, Reaching safepoint: 112501 ns, At safepoint: 8000 ns, Total: 120501 ns
[2110.558s][info ][safepoint      ] Safepoint "Cleanup", Time since last: 1000092068 ns, Reaching safepoint: 97801 ns, At safepoint: 8800 ns, Total: 106601 ns
[2111.558s][info ][safepoint      ] Safepoint "Cleanup", Time since last: 1000102168 ns, Reaching safepoint: 122101 ns, At safepoint: 12101 ns, Total: 134202 ns
[2112.559s][info ][safepoint      ] Safepoint "Cleanup", Time since last: 1000106667 ns, Reaching safepoint: 112401 ns, At safepoint: 5900 ns, Total: 118301 ns
[2121.106s][info ][gc,start       ] GC(275) Pause Young (Allocation Failure)
[2121.109s][debug][gc,phases      ] GC(275) Scavenge 2.060ms
[2121.109s][debug][gc,ref         ] GC(275) Skipped phase 1 of Reference Processing: no references
[2121.109s][debug][gc,ref         ] GC(275) Skipped phase 2 of Reference Processing: no references
[2121.109s][debug][gc,ref         ] GC(275) Skipped phase 3 of Reference Processing: no references
[2121.109s][debug][gc,ref         ] GC(275) ReferenceProcessor::execute queues: 1, RefProcThreadModel::Single, marks_oops_alive: false
[2121.109s][debug][gc,phases      ] GC(275) Reference Processing 0.104ms
[2121.109s][debug][gc,phases      ] GC(275)   VM Weak                        Min:  0.0, Avg:  0.0, Max:  0.0, Diff:  0.0, Sum:  0.0, Workers: 4
[2121.109s][debug][gc,phases      ] GC(275)     Dead                           Min: 0, Avg:  0.0, Max: 0, Diff: 0, Sum: 0, Workers: 4
[2121.109s][debug][gc,phases      ] GC(275)     Total                          Min: 0, Avg: 167.0, Max: 668, Diff: 668, Sum: 668, Workers: 4
[2121.109s][debug][gc,phases      ] GC(275)   ObjectSynchronizer Weak        Min:  0.0, Avg:  0.0, Max:  0.0, Diff:  0.0, Sum:  0.0, Workers: 4
[2121.109s][debug][gc,phases      ] GC(275)     Dead                           Min: 0, Avg:  0.0, Max: 0, Diff: 0, Sum: 0, Workers: 4
[2121.109s][debug][gc,phases      ] GC(275)     Total                          Min: 0, Avg: 87.5, Max: 350, Diff: 350, Sum: 350, Workers: 4
[2121.109s][debug][gc,phases      ] GC(275)   JVMTI Tag Weak OopStorage      Min:  0.0, Avg:  0.0, Max:  0.0, Diff:  0.0, Sum:  0.0, Workers: 4
[2121.109s][debug][gc,phases      ] GC(275)     Dead                           Min: 0, Avg:  0.0, Max: 0, Diff: 0, Sum: 0, Workers: 4
[2121.109s][debug][gc,phases      ] GC(275)     Total                          Min: 0, Avg:  0.0, Max: 0, Diff: 0, Sum: 0, Workers: 4
[2121.109s][debug][gc,phases      ] GC(275)   StringTable Weak               Min:  0.1, Avg:  0.1, Max:  0.1, Diff:  0.0, Sum:  0.3, Workers: 4
[2121.109s][debug][gc,phases      ] GC(275)     Dead                           Min: 0, Avg:  0.0, Max: 0, Diff: 0, Sum: 0, Workers: 4
[2121.109s][debug][gc,phases      ] GC(275)     Total                          Min: 10944, Avg: 12038.2, Max: 13056, Diff: 2112, Sum: 48153, Workers: 4
[2121.109s][debug][gc,phases      ] GC(275)   ResolvedMethodTable Weak       Min:  0.0, Avg:  0.0, Max:  0.0, Diff:  0.0, Sum:  0.1, Workers: 4
[2121.109s][debug][gc,phases      ] GC(275)     Dead                           Min: 0, Avg:  0.0, Max: 0, Diff: 0, Sum: 0, Workers: 4
[2121.109s][debug][gc,phases      ] GC(275)     Total                          Min: 1931, Avg: 1986.2, Max: 2081, Diff: 150, Sum: 7945, Workers: 4
[2121.109s][debug][gc,phases      ] GC(275)   JNI Weak                       Min:  0.0, Avg:  0.0, Max:  0.0, Diff:  0.0, Sum:  0.0, Workers: 4
[2121.109s][debug][gc,phases      ] GC(275)     Dead                           Min: 0, Avg:  0.0, Max: 0, Diff: 0, Sum: 0, Workers: 4
[2121.109s][debug][gc,phases      ] GC(275)     Total                          Min: 0, Avg:  0.0, Max: 0, Diff: 0, Sum: 0, Workers: 4
[2121.109s][debug][gc,phases      ] GC(275)   StringDedup Table Weak         Min:  0.0, Avg:  0.0, Max:  0.0, Diff:  0.0, Sum:  0.0, Workers: 4
[2121.109s][debug][gc,phases      ] GC(275)     Dead                           Min: 0, Avg:  0.0, Max: 0, Diff: 0, Sum: 0, Workers: 4
[2121.109s][debug][gc,phases      ] GC(275)     Total                          Min: 0, Avg:  0.0, Max: 0, Diff: 0, Sum: 0, Workers: 4
[2121.109s][debug][gc,phases      ] GC(275)   StringDedup Requests0 Weak     Min:  0.0, Avg:  0.0, Max:  0.0, Diff:  0.0, Sum:  0.0, Workers: 4
[2121.109s][debug][gc,phases      ] GC(275)     Dead                           Min: 0, Avg:  0.0, Max: 0, Diff: 0, Sum: 0, Workers: 4
[2121.109s][debug][gc,phases      ] GC(275)     Total                          Min: 0, Avg:  0.0, Max: 0, Diff: 0, Sum: 0, Workers: 4
[2121.109s][debug][gc,phases      ] GC(275)   StringDedup Requests1 Weak     Min:  0.0, Avg:  0.0, Max:  0.0, Diff:  0.0, Sum:  0.0, Workers: 4
[2121.109s][debug][gc,phases      ] GC(275)     Dead                           Min: 0, Avg:  0.0, Max: 0, Diff: 0, Sum: 0, Workers: 4
[2121.109s][debug][gc,phases      ] GC(275)     Total                          Min: 0, Avg:  0.0, Max: 0, Diff: 0, Sum: 0, Workers: 4
[2121.109s][debug][gc,phases      ] GC(275)   Weak JFR Old Object Samples    Min:  0.0, Avg:  0.0, Max:  0.0, Diff:  0.0, Sum:  0.0, Workers: 4
[2121.109s][debug][gc,phases      ] GC(275)     Dead                           Min: 0, Avg:  0.0, Max: 0, Diff: 0, Sum: 0, Workers: 4
[2121.109s][debug][gc,phases      ] GC(275)     Total                          Min: 0, Avg:  0.0, Max: 0, Diff: 0, Sum: 0, Workers: 4
[2121.109s][debug][gc,phases      ] GC(275) Weak Processing 0.262ms
[2121.109s][debug][gc,age         ] GC(275) Desired survivor size 3145728 bytes, new threshold 15 (max threshold 15)
[2121.109s][info ][gc,heap        ] GC(275) PSYoungGen: 2093472K(2094080K)->2400K(2094080K) Eden: 2091008K(2091008K)->0K(2091008K) From: 2464K(3072K)->2400K(3072K)
[2121.109s][info ][gc,heap        ] GC(275) ParOldGen: 561599K(614400K)->561671K(614400K)
[2121.109s][info ][gc,metaspace   ] GC(275) Metaspace: 82201K(83072K)->82201K(83072K) NonClass: 70710K(71168K)->70710K(71168K) Class: 11490K(11904K)->11490K(11904K)
[2121.109s][info ][gc             ] GC(275) Pause Young (Allocation Failure) 2592M->550M(2645M) 2.522ms
[2121.109s][info ][gc,cpu         ] GC(275) User=0.00s Sys=0.00s Real=0.01s
[2121.109s][info ][safepoint      ] Safepoint "ParallelGCFailedAllocation", Time since last: 8547822486 ns, Reaching safepoint: 31001 ns, At safepoint: 2607224 ns, Total: 2638225 ns
[2122.109s][info ][safepoint      ] Safepoint "Cleanup", Time since last: 1000081462 ns, Reaching safepoint: 33300 ns, At safepoint: 3800 ns, Total: 37100 ns
[2124.109s][info ][safepoint      ] Safepoint "Cleanup", Time since last: 2000130923 ns, Reaching safepoint: 117701 ns, At safepoint: 16000 ns, Total: 133701 ns
[2125.110s][info ][safepoint      ] Safepoint "Cleanup", Time since last: 1000115361 ns, Reaching safepoint: 40600 ns, At safepoint: 3300 ns, Total: 43900 ns
[2133.110s][info ][safepoint      ] Safepoint "Cleanup", Time since last: 8000512665 ns, Reaching safepoint: 38800 ns, At safepoint: 3200 ns, Total: 42000 ns
[2134.503s][info ][gc,start       ] GC(276) Pause Young (Allocation Failure)
[2134.505s][debug][gc,phases      ] GC(276) Scavenge 2.330ms
[2134.505s][debug][gc,ref         ] GC(276) Skipped phase 1 of Reference Processing: no references
[2134.505s][debug][gc,ref         ] GC(276) ReferenceProcessor::execute queues: 1, RefProcThreadModel::Single, marks_oops_alive: false
[2134.505s][debug][gc,ref         ] GC(276) Skipped phase 3 of Reference Processing: no references
[2134.505s][debug][gc,ref         ] GC(276) ReferenceProcessor::execute queues: 1, RefProcThreadModel::Single, marks_oops_alive: false
[2134.505s][debug][gc,phases      ] GC(276) Reference Processing 0.112ms
[2134.505s][debug][gc,phases      ] GC(276)   VM Weak                        Min:  0.0, Avg:  0.0, Max:  0.0, Diff:  0.0, Sum:  0.0, Workers: 4
[2134.505s][debug][gc,phases      ] GC(276)     Dead                           Min: 0, Avg:  0.0, Max: 0, Diff: 0, Sum: 0, Workers: 4
[2134.505s][debug][gc,phases      ] GC(276)     Total                          Min: 0, Avg: 167.0, Max: 448, Diff: 448, Sum: 668, Workers: 4
[2134.505s][debug][gc,phases      ] GC(276)   ObjectSynchronizer Weak        Min:  0.0, Avg:  0.0, Max:  0.0, Diff:  0.0, Sum:  0.0, Workers: 4
[2134.505s][debug][gc,phases      ] GC(276)     Dead                           Min: 0, Avg:  0.0, Max: 0, Diff: 0, Sum: 0, Workers: 4
[2134.505s][debug][gc,phases      ] GC(276)     Total                          Min: 0, Avg: 87.5, Max: 222, Diff: 222, Sum: 350, Workers: 4
[2134.505s][debug][gc,phases      ] GC(276)   JVMTI Tag Weak OopStorage      Min:  0.0, Avg:  0.0, Max:  0.0, Diff:  0.0, Sum:  0.0, Workers: 4
[2134.505s][debug][gc,phases      ] GC(276)     Dead                           Min: 0, Avg:  0.0, Max: 0, Diff: 0, Sum: 0, Workers: 4
[2134.505s][debug][gc,phases      ] GC(276)     Total                          Min: 0, Avg:  0.0, Max: 0, Diff: 0, Sum: 0, Workers: 4
[2134.505s][debug][gc,phases      ] GC(276)   StringTable Weak               Min:  0.1, Avg:  0.1, Max:  0.1, Diff:  0.0, Sum:  0.4, Workers: 4
[2134.505s][debug][gc,phases      ] GC(276)     Dead                           Min: 0, Avg:  0.0, Max: 0, Diff: 0, Sum: 0, Workers: 4
[2134.505s][debug][gc,phases      ] GC(276)     Total                          Min: 10048, Avg: 12039.0, Max: 14428, Diff: 4380, Sum: 48156, Workers: 4
[2134.505s][debug][gc,phases      ] GC(276)   ResolvedMethodTable Weak       Min:  0.0, Avg:  0.0, Max:  0.0, Diff:  0.0, Sum:  0.1, Workers: 4
[2134.505s][debug][gc,phases      ] GC(276)     Dead                           Min: 0, Avg:  0.0, Max: 0, Diff: 0, Sum: 0, Workers: 4
[2134.505s][debug][gc,phases      ] GC(276)     Total                          Min: 1696, Avg: 1986.2, Max: 2284, Diff: 588, Sum: 7945, Workers: 4
[2134.505s][debug][gc,phases      ] GC(276)   JNI Weak                       Min:  0.0, Avg:  0.0, Max:  0.0, Diff:  0.0, Sum:  0.0, Workers: 4
[2134.505s][debug][gc,phases      ] GC(276)     Dead                           Min: 0, Avg:  0.0, Max: 0, Diff: 0, Sum: 0, Workers: 4
[2134.505s][debug][gc,phases      ] GC(276)     Total                          Min: 0, Avg:  0.0, Max: 0, Diff: 0, Sum: 0, Workers: 4
[2134.505s][debug][gc,phases      ] GC(276)   StringDedup Table Weak         Min:  0.0, Avg:  0.0, Max:  0.0, Diff:  0.0, Sum:  0.0, Workers: 4
[2134.505s][debug][gc,phases      ] GC(276)     Dead                           Min: 0, Avg:  0.0, Max: 0, Diff: 0, Sum: 0, Workers: 4
[2134.505s][debug][gc,phases      ] GC(276)     Total                          Min: 0, Avg:  0.0, Max: 0, Diff: 0, Sum: 0, Workers: 4
[2134.505s][debug][gc,phases      ] GC(276)   StringDedup Requests0 Weak     Min:  0.0, Avg:  0.0, Max:  0.0, Diff:  0.0, Sum:  0.0, Workers: 4
[2134.505s][debug][gc,phases      ] GC(276)     Dead                           Min: 0, Avg:  0.0, Max: 0, Diff: 0, Sum: 0, Workers: 4
[2134.505s][debug][gc,phases      ] GC(276)     Total                          Min: 0, Avg:  0.0, Max: 0, Diff: 0, Sum: 0, Workers: 4
[2134.505s][debug][gc,phases      ] GC(276)   StringDedup Requests1 Weak     Min:  0.0, Avg:  0.0, Max:  0.0, Diff:  0.0, Sum:  0.0, Workers: 4
[2134.505s][debug][gc,phases      ] GC(276)     Dead                           Min: 0, Avg:  0.0, Max: 0, Diff: 0, Sum: 0, Workers: 4
[2134.505s][debug][gc,phases      ] GC(276)     Total                          Min: 0, Avg:  0.0, Max: 0, Diff: 0, Sum: 0, Workers: 4
[2134.505s][debug][gc,phases      ] GC(276)   Weak JFR Old Object Samples    Min:  0.0, Avg:  0.0, Max:  0.0, Diff:  0.0, Sum:  0.0, Workers: 4
[2134.505s][debug][gc,phases      ] GC(276)     Dead                           Min: 0, Avg:  0.0, Max: 0, Diff: 0, Sum: 0, Workers: 4
[2134.505s][debug][gc,phases      ] GC(276)     Total                          Min: 0, Avg:  0.0, Max: 0, Diff: 0, Sum: 0, Workers: 4
[2134.505s][debug][gc,phases      ] GC(276) Weak Processing 0.268ms
[2134.505s][debug][gc,age         ] GC(276) Desired survivor size 3145728 bytes, new threshold 15 (max threshold 15)
[2134.505s][info ][gc,heap        ] GC(276) PSYoungGen: 2093408K(2094080K)->2432K(2094080K) Eden: 2091008K(2091008K)->0K(2091008K) From: 2400K(3072K)->2432K(3072K)
[2134.505s][info ][gc,heap        ] GC(276) ParOldGen: 561671K(614400K)->561703K(614400K)
[2134.505s][info ][gc,metaspace   ] GC(276) Metaspace: 82201K(83072K)->82201K(83072K) NonClass: 70710K(71168K)->70710K(71168K) Class: 11490K(11904K)->11490K(11904K)
[2134.505s][info ][gc             ] GC(276) Pause Young (Allocation Failure) 2592M->550M(2645M) 2.811ms
[2134.505s][info ][gc,cpu         ] GC(276) User=0.01s Sys=0.00s Real=0.00s
[2134.505s][info ][safepoint      ] Safepoint "ParallelGCFailedAllocation", Time since last: 1392363887 ns, Reaching safepoint: 47700 ns, At safepoint: 2880927 ns, Total: 2928627 ns
[2138.506s][info ][safepoint      ] Safepoint "Cleanup", Time since last: 4000288417 ns, Reaching safepoint: 131502 ns, At safepoint: 7800 ns, Total: 139302 ns
[2141.506s][info ][safepoint      ] Safepoint "Cleanup", Time since last: 3000251258 ns, Reaching safepoint: 122401 ns, At safepoint: 9600 ns, Total: 132001 ns
[2142.506s][info ][safepoint      ] Safepoint "Cleanup", Time since last: 1000116452 ns, Reaching safepoint: 41000 ns, At safepoint: 6100 ns, Total: 47100 ns
[2145.507s][info ][safepoint      ] Safepoint "Cleanup", Time since last: 3000239752 ns, Reaching safepoint: 115802 ns, At safepoint: 9100 ns, Total: 124902 ns
[2147.704s][info ][gc,start       ] GC(277) Pause Young (Allocation Failure)
[2147.706s][debug][gc,phases      ] GC(277) Scavenge 2.713ms
[2147.707s][debug][gc,ref         ] GC(277) Skipped phase 1 of Reference Processing: no references
[2147.707s][debug][gc,ref         ] GC(277) ReferenceProcessor::execute queues: 1, RefProcThreadModel::Single, marks_oops_alive: false
[2147.707s][debug][gc,ref         ] GC(277) Skipped phase 3 of Reference Processing: no references
[2147.707s][debug][gc,ref         ] GC(277) ReferenceProcessor::execute queues: 1, RefProcThreadModel::Single, marks_oops_alive: false
[2147.707s][debug][gc,phases      ] GC(277) Reference Processing 0.102ms
[2147.707s][debug][gc,phases      ] GC(277)   VM Weak                        Min:  0.0, Avg:  0.0, Max:  0.0, Diff:  0.0, Sum:  0.0, Workers: 4
[2147.707s][debug][gc,phases      ] GC(277)     Dead                           Min: 0, Avg:  0.0, Max: 0, Diff: 0, Sum: 0, Workers: 4
[2147.707s][debug][gc,phases      ] GC(277)     Total                          Min: 0, Avg: 167.0, Max: 668, Diff: 668, Sum: 668, Workers: 4
[2147.707s][debug][gc,phases      ] GC(277)   ObjectSynchronizer Weak        Min:  0.0, Avg:  0.0, Max:  0.0, Diff:  0.0, Sum:  0.0, Workers: 4
[2147.707s][debug][gc,phases      ] GC(277)     Dead                           Min: 0, Avg:  0.0, Max: 0, Diff: 0, Sum: 0, Workers: 4
[2147.707s][debug][gc,phases      ] GC(277)     Total                          Min: 0, Avg: 87.5, Max: 350, Diff: 350, Sum: 350, Workers: 4
[2147.707s][debug][gc,phases      ] GC(277)   JVMTI Tag Weak OopStorage      Min:  0.0, Avg:  0.0, Max:  0.0, Diff:  0.0, Sum:  0.0, Workers: 4
[2147.707s][debug][gc,phases      ] GC(277)     Dead                           Min: 0, Avg:  0.0, Max: 0, Diff: 0, Sum: 0, Workers: 4
[2147.707s][debug][gc,phases      ] GC(277)     Total                          Min: 0, Avg:  0.0, Max: 0, Diff: 0, Sum: 0, Workers: 4
[2147.707s][debug][gc,phases      ] GC(277)   StringTable Weak               Min:  0.1, Avg:  0.1, Max:  0.1, Diff:  0.0, Sum:  0.4, Workers: 4
[2147.707s][debug][gc,phases      ] GC(277)     Dead                           Min: 0, Avg:  0.0, Max: 0, Diff: 0, Sum: 0, Workers: 4
[2147.707s][debug][gc,phases      ] GC(277)     Total                          Min: 9408, Avg: 12039.0, Max: 14592, Diff: 5184, Sum: 48156, Workers: 4
[2147.707s][debug][gc,phases      ] GC(277)   ResolvedMethodTable Weak       Min:  0.0, Avg:  0.0, Max:  0.0, Diff:  0.0, Sum:  0.1, Workers: 4
[2147.707s][debug][gc,phases      ] GC(277)     Dead                           Min: 0, Avg:  0.0, Max: 0, Diff: 0, Sum: 0, Workers: 4
[2147.707s][debug][gc,phases      ] GC(277)     Total                          Min: 1597, Avg: 1986.2, Max: 2373, Diff: 776, Sum: 7945, Workers: 4
[2147.707s][debug][gc,phases      ] GC(277)   JNI Weak                       Min:  0.0, Avg:  0.0, Max:  0.0, Diff:  0.0, Sum:  0.0, Workers: 4
[2147.707s][debug][gc,phases      ] GC(277)     Dead                           Min: 0, Avg:  0.0, Max: 0, Diff: 0, Sum: 0, Workers: 4
[2147.707s][debug][gc,phases      ] GC(277)     Total                          Min: 0, Avg:  0.0, Max: 0, Diff: 0, Sum: 0, Workers: 4
[2147.707s][debug][gc,phases      ] GC(277)   StringDedup Table Weak         Min:  0.0, Avg:  0.0, Max:  0.0, Diff:  0.0, Sum:  0.0, Workers: 4
[2147.707s][debug][gc,phases      ] GC(277)     Dead                           Min: 0, Avg:  0.0, Max: 0, Diff: 0, Sum: 0, Workers: 4
[2147.707s][debug][gc,phases      ] GC(277)     Total                          Min: 0, Avg:  0.0, Max: 0, Diff: 0, Sum: 0, Workers: 4
[2147.707s][debug][gc,phases      ] GC(277)   StringDedup Requests0 Weak     Min:  0.0, Avg:  0.0, Max:  0.0, Diff:  0.0, Sum:  0.0, Workers: 4
[2147.707s][debug][gc,phases      ] GC(277)     Dead                           Min: 0, Avg:  0.0, Max: 0, Diff: 0, Sum: 0, Workers: 4
[2147.707s][debug][gc,phases      ] GC(277)     Total                          Min: 0, Avg:  0.0, Max: 0, Diff: 0, Sum: 0, Workers: 4
[2147.707s][debug][gc,phases      ] GC(277)   StringDedup Requests1 Weak     Min:  0.0, Avg:  0.0, Max:  0.0, Diff:  0.0, Sum:  0.0, Workers: 4
[2147.707s][debug][gc,phases      ] GC(277)     Dead                           Min: 0, Avg:  0.0, Max: 0, Diff: 0, Sum: 0, Workers: 4
[2147.707s][debug][gc,phases      ] GC(277)     Total                          Min: 0, Avg:  0.0, Max: 0, Diff: 0, Sum: 0, Workers: 4
[2147.707s][debug][gc,phases      ] GC(277)   Weak JFR Old Object Samples    Min:  0.0, Avg:  0.0, Max:  0.0, Diff:  0.0, Sum:  0.0, Workers: 4
[2147.707s][debug][gc,phases      ] GC(277)     Dead                           Min: 0, Avg:  0.0, Max: 0, Diff: 0, Sum: 0, Workers: 4
[2147.707s][debug][gc,phases      ] GC(277)     Total                          Min: 0, Avg:  0.0, Max: 0, Diff: 0, Sum: 0, Workers: 4
[2147.707s][debug][gc,phases      ] GC(277) Weak Processing 0.272ms
[2147.707s][debug][gc,age         ] GC(277) Desired survivor size 3145728 bytes, new threshold 15 (max threshold 15)
[2147.707s][info ][gc,heap        ] GC(277) PSYoungGen: 2093440K(2094080K)->2560K(2094080K) Eden: 2091008K(2091008K)->0K(2091008K) From: 2432K(3072K)->2560K(3072K)
[2147.707s][info ][gc,heap        ] GC(277) ParOldGen: 561703K(614400K)->561727K(614400K)
[2147.707s][info ][gc,metaspace   ] GC(277) Metaspace: 82202K(83072K)->82202K(83072K) NonClass: 70712K(71168K)->70712K(71168K) Class: 11490K(11904K)->11490K(11904K)
[2147.707s][info ][gc             ] GC(277) Pause Young (Allocation Failure) 2592M->551M(2645M) 3.190ms
[2147.707s][info ][gc,cpu         ] GC(277) User=0.01s Sys=0.00s Real=0.00s
[2147.707s][info ][safepoint      ] Safepoint "ParallelGCFailedAllocation", Time since last: 2196982719 ns, Reaching safepoint: 27900 ns, At safepoint: 3255130 ns, Total: 3283030 ns
[2151.707s][info ][safepoint      ] Safepoint "Cleanup", Time since last: 4000288691 ns, Reaching safepoint: 102801 ns, At safepoint: 24100 ns, Total: 126901 ns
[2160.708s][info ][safepoint      ] Safepoint "Cleanup", Time since last: 9000942704 ns, Reaching safepoint: 45901 ns, At safepoint: 11900 ns, Total: 57801 ns
[2161.047s][info ][gc,start       ] GC(278) Pause Young (Allocation Failure)
[2161.050s][debug][gc,phases      ] GC(278) Scavenge 2.744ms
[2161.050s][debug][gc,ref         ] GC(278) Skipped phase 1 of Reference Processing: no references
[2161.050s][debug][gc,ref         ] GC(278) ReferenceProcessor::execute queues: 1, RefProcThreadModel::Single, marks_oops_alive: false
[2161.050s][debug][gc,ref         ] GC(278) Skipped phase 3 of Reference Processing: no references
[2161.050s][debug][gc,ref         ] GC(278) ReferenceProcessor::execute queues: 1, RefProcThreadModel::Single, marks_oops_alive: false
[2161.050s][debug][gc,phases      ] GC(278) Reference Processing 0.101ms
[2161.050s][debug][gc,phases      ] GC(278)   VM Weak                        Min:  0.0, Avg:  0.0, Max:  0.0, Diff:  0.0, Sum:  0.0, Workers: 4
[2161.050s][debug][gc,phases      ] GC(278)     Dead                           Min: 0, Avg:  0.0, Max: 0, Diff: 0, Sum: 0, Workers: 4
[2161.050s][debug][gc,phases      ] GC(278)     Total                          Min: 0, Avg: 167.0, Max: 540, Diff: 540, Sum: 668, Workers: 4
[2161.050s][debug][gc,phases      ] GC(278)   ObjectSynchronizer Weak        Min:  0.0, Avg:  0.0, Max:  0.0, Diff:  0.0, Sum:  0.0, Workers: 4
[2161.050s][debug][gc,phases      ] GC(278)     Dead                           Min: 0, Avg:  0.0, Max: 0, Diff: 0, Sum: 0, Workers: 4
[2161.050s][debug][gc,phases      ] GC(278)     Total                          Min: 0, Avg: 87.5, Max: 192, Diff: 192, Sum: 350, Workers: 4
[2161.050s][debug][gc,phases      ] GC(278)   JVMTI Tag Weak OopStorage      Min:  0.0, Avg:  0.0, Max:  0.0, Diff:  0.0, Sum:  0.0, Workers: 4
[2161.050s][debug][gc,phases      ] GC(278)     Dead                           Min: 0, Avg:  0.0, Max: 0, Diff: 0, Sum: 0, Workers: 4
[2161.050s][debug][gc,phases      ] GC(278)     Total                          Min: 0, Avg:  0.0, Max: 0, Diff: 0, Sum: 0, Workers: 4
[2161.050s][debug][gc,phases      ] GC(278)   StringTable Weak               Min:  0.1, Avg:  0.1, Max:  0.1, Diff:  0.0, Sum:  0.4, Workers: 4
[2161.050s][debug][gc,phases      ] GC(278)     Dead                           Min: 0, Avg:  0.0, Max: 0, Diff: 0, Sum: 0, Workers: 4
[2161.050s][debug][gc,phases      ] GC(278)     Total                          Min: 9600, Avg: 12039.0, Max: 14400, Diff: 4800, Sum: 48156, Workers: 4
[2161.050s][debug][gc,phases      ] GC(278)   ResolvedMethodTable Weak       Min:  0.0, Avg:  0.0, Max:  0.0, Diff:  0.0, Sum:  0.1, Workers: 4
[2161.050s][debug][gc,phases      ] GC(278)     Dead                           Min: 0, Avg:  0.0, Max: 0, Diff: 0, Sum: 0, Workers: 4
[2161.050s][debug][gc,phases      ] GC(278)     Total                          Min: 1529, Avg: 1986.2, Max: 2442, Diff: 913, Sum: 7945, Workers: 4
[2161.050s][debug][gc,phases      ] GC(278)   JNI Weak                       Min:  0.0, Avg:  0.0, Max:  0.0, Diff:  0.0, Sum:  0.0, Workers: 4
[2161.050s][debug][gc,phases      ] GC(278)     Dead                           Min: 0, Avg:  0.0, Max: 0, Diff: 0, Sum: 0, Workers: 4
[2161.050s][debug][gc,phases      ] GC(278)     Total                          Min: 0, Avg:  0.0, Max: 0, Diff: 0, Sum: 0, Workers: 4
[2161.050s][debug][gc,phases      ] GC(278)   StringDedup Table Weak         Min:  0.0, Avg:  0.0, Max:  0.0, Diff:  0.0, Sum:  0.0, Workers: 4
[2161.050s][debug][gc,phases      ] GC(278)     Dead                           Min: 0, Avg:  0.0, Max: 0, Diff: 0, Sum: 0, Workers: 4
[2161.050s][debug][gc,phases      ] GC(278)     Total                          Min: 0, Avg:  0.0, Max: 0, Diff: 0, Sum: 0, Workers: 4
[2161.050s][debug][gc,phases      ] GC(278)   StringDedup Requests0 Weak     Min:  0.0, Avg:  0.0, Max:  0.0, Diff:  0.0, Sum:  0.0, Workers: 4
[2161.050s][debug][gc,phases      ] GC(278)     Dead                           Min: 0, Avg:  0.0, Max: 0, Diff: 0, Sum: 0, Workers: 4
[2161.050s][debug][gc,phases      ] GC(278)     Total                          Min: 0, Avg:  0.0, Max: 0, Diff: 0, Sum: 0, Workers: 4
[2161.050s][debug][gc,phases      ] GC(278)   StringDedup Requests1 Weak     Min:  0.0, Avg:  0.0, Max:  0.0, Diff:  0.0, Sum:  0.0, Workers: 4
[2161.050s][debug][gc,phases      ] GC(278)     Dead                           Min: 0, Avg:  0.0, Max: 0, Diff: 0, Sum: 0, Workers: 4
[2161.050s][debug][gc,phases      ] GC(278)     Total                          Min: 0, Avg:  0.0, Max: 0, Diff: 0, Sum: 0, Workers: 4
[2161.050s][debug][gc,phases      ] GC(278)   Weak JFR Old Object Samples    Min:  0.0, Avg:  0.0, Max:  0.0, Diff:  0.0, Sum:  0.0, Workers: 4
[2161.051s][debug][gc,phases      ] GC(278)     Dead                           Min: 0, Avg:  0.0, Max: 0, Diff: 0, Sum: 0, Workers: 4
[2161.051s][debug][gc,phases      ] GC(278)     Total                          Min: 0, Avg:  0.0, Max: 0, Diff: 0, Sum: 0, Workers: 4
[2161.051s][debug][gc,phases      ] GC(278) Weak Processing 0.289ms
[2161.051s][debug][gc,age         ] GC(278) Desired survivor size 3145728 bytes, new threshold 15 (max threshold 15)
[2161.051s][info ][gc,heap        ] GC(278) PSYoungGen: 2093568K(2094080K)->2435K(2094080K) Eden: 2091008K(2091008K)->0K(2091008K) From: 2560K(3072K)->2435K(3072K)
[2161.051s][info ][gc,heap        ] GC(278) ParOldGen: 561727K(614400K)->561759K(614400K)
[2161.051s][info ][gc,metaspace   ] GC(278) Metaspace: 82203K(83072K)->82203K(83072K) NonClass: 70712K(71168K)->70712K(71168K) Class: 11490K(11904K)->11490K(11904K)
[2161.051s][info ][gc             ] GC(278) Pause Young (Allocation Failure) 2593M->550M(2645M) 3.232ms
[2161.051s][info ][gc,cpu         ] GC(278) User=0.00s Sys=0.01s Real=0.00s
[2161.051s][info ][safepoint      ] Safepoint "ParallelGCFailedAllocation", Time since last: 338794631 ns, Reaching safepoint: 95701 ns, At safepoint: 3315930 ns, Total: 3411631 ns
[2174.556s][info ][gc,start       ] GC(279) Pause Young (Allocation Failure)
[2174.559s][debug][gc,phases      ] GC(279) Scavenge 2.265ms
[2174.559s][debug][gc,ref         ] GC(279) Skipped phase 1 of Reference Processing: no references
[2174.559s][debug][gc,ref         ] GC(279) ReferenceProcessor::execute queues: 1, RefProcThreadModel::Single, marks_oops_alive: false
[2174.559s][debug][gc,ref         ] GC(279) Skipped phase 3 of Reference Processing: no references
[2174.559s][debug][gc,ref         ] GC(279) ReferenceProcessor::execute queues: 1, RefProcThreadModel::Single, marks_oops_alive: false
[2174.559s][debug][gc,phases      ] GC(279) Reference Processing 0.116ms
[2174.559s][debug][gc,phases      ] GC(279)   VM Weak                        Min:  0.0, Avg:  0.0, Max:  0.0, Diff:  0.0, Sum:  0.0, Workers: 4
[2174.559s][debug][gc,phases      ] GC(279)     Dead                           Min: 0, Avg:  0.0, Max: 0, Diff: 0, Sum: 0, Workers: 4
[2174.559s][debug][gc,phases      ] GC(279)     Total                          Min: 0, Avg: 167.0, Max: 540, Diff: 540, Sum: 668, Workers: 4
[2174.559s][debug][gc,phases      ] GC(279)   ObjectSynchronizer Weak        Min:  0.0, Avg:  0.0, Max:  0.0, Diff:  0.0, Sum:  0.0, Workers: 4
[2174.559s][debug][gc,phases      ] GC(279)     Dead                           Min: 0, Avg:  0.0, Max: 0, Diff: 0, Sum: 0, Workers: 4
[2174.559s][debug][gc,phases      ] GC(279)     Total                          Min: 0, Avg: 87.5, Max: 222, Diff: 222, Sum: 350, Workers: 4
[2174.559s][debug][gc,phases      ] GC(279)   JVMTI Tag Weak OopStorage      Min:  0.0, Avg:  0.0, Max:  0.0, Diff:  0.0, Sum:  0.0, Workers: 4
[2174.559s][debug][gc,phases      ] GC(279)     Dead                           Min: 0, Avg:  0.0, Max: 0, Diff: 0, Sum: 0, Workers: 4
[2174.559s][debug][gc,phases      ] GC(279)     Total                          Min: 0, Avg:  0.0, Max: 0, Diff: 0, Sum: 0, Workers: 4
[2174.559s][debug][gc,phases      ] GC(279)   StringTable Weak               Min:  0.1, Avg:  0.1, Max:  0.1, Diff:  0.0, Sum:  0.3, Workers: 4
[2174.559s][debug][gc,phases      ] GC(279)     Dead                           Min: 0, Avg:  0.0, Max: 0, Diff: 0, Sum: 0, Workers: 4
[2174.559s][debug][gc,phases      ] GC(279)     Total                          Min: 11648, Avg: 12039.0, Max: 12672, Diff: 1024, Sum: 48156, Workers: 4
[2174.559s][debug][gc,phases      ] GC(279)   ResolvedMethodTable Weak       Min:  0.0, Avg:  0.0, Max:  0.0, Diff:  0.0, Sum:  0.1, Workers: 4
[2174.559s][debug][gc,phases      ] GC(279)     Dead                           Min: 0, Avg:  0.0, Max: 0, Diff: 0, Sum: 0, Workers: 4
[2174.559s][debug][gc,phases      ] GC(279)     Total                          Min: 1787, Avg: 1986.2, Max: 2136, Diff: 349, Sum: 7945, Workers: 4
[2174.559s][debug][gc,phases      ] GC(279)   JNI Weak                       Min:  0.0, Avg:  0.0, Max:  0.0, Diff:  0.0, Sum:  0.0, Workers: 4
[2174.559s][debug][gc,phases      ] GC(279)     Dead                           Min: 0, Avg:  0.0, Max: 0, Diff: 0, Sum: 0, Workers: 4
[2174.559s][debug][gc,phases      ] GC(279)     Total                          Min: 0, Avg:  0.0, Max: 0, Diff: 0, Sum: 0, Workers: 4
[2174.559s][debug][gc,phases      ] GC(279)   StringDedup Table Weak         Min:  0.0, Avg:  0.0, Max:  0.0, Diff:  0.0, Sum:  0.0, Workers: 4
[2174.559s][debug][gc,phases      ] GC(279)     Dead                           Min: 0, Avg:  0.0, Max: 0, Diff: 0, Sum: 0, Workers: 4
[2174.559s][debug][gc,phases      ] GC(279)     Total                          Min: 0, Avg:  0.0, Max: 0, Diff: 0, Sum: 0, Workers: 4
[2174.559s][debug][gc,phases      ] GC(279)   StringDedup Requests0 Weak     Min:  0.0, Avg:  0.0, Max:  0.0, Diff:  0.0, Sum:  0.0, Workers: 4
[2174.559s][debug][gc,phases      ] GC(279)     Dead                           Min: 0, Avg:  0.0, Max: 0, Diff: 0, Sum: 0, Workers: 4
[2174.559s][debug][gc,phases      ] GC(279)     Total                          Min: 0, Avg:  0.0, Max: 0, Diff: 0, Sum: 0, Workers: 4
[2174.559s][debug][gc,phases      ] GC(279)   StringDedup Requests1 Weak     Min:  0.0, Avg:  0.0, Max:  0.0, Diff:  0.0, Sum:  0.0, Workers: 4
[2174.559s][debug][gc,phases      ] GC(279)     Dead                           Min: 0, Avg:  0.0, Max: 0, Diff: 0, Sum: 0, Workers: 4
[2174.559s][debug][gc,phases      ] GC(279)     Total                          Min: 0, Avg:  0.0, Max: 0, Diff: 0, Sum: 0, Workers: 4
[2174.559s][debug][gc,phases      ] GC(279)   Weak JFR Old Object Samples    Min:  0.0, Avg:  0.0, Max:  0.0, Diff:  0.0, Sum:  0.0, Workers: 4
[2174.559s][debug][gc,phases      ] GC(279)     Dead                           Min: 0, Avg:  0.0, Max: 0, Diff: 0, Sum: 0, Workers: 4
[2174.559s][debug][gc,phases      ] GC(279)     Total                          Min: 0, Avg:  0.0, Max: 0, Diff: 0, Sum: 0, Workers: 4
[2174.559s][debug][gc,phases      ] GC(279) Weak Processing 0.275ms
[2174.559s][debug][gc,age         ] GC(279) Desired survivor size 3145728 bytes, new threshold 15 (max threshold 15)
[2174.559s][info ][gc,heap        ] GC(279) PSYoungGen: 2093443K(2094080K)->2464K(2094080K) Eden: 2091008K(2091008K)->0K(2091008K) From: 2435K(3072K)->2464K(3072K)
[2174.559s][info ][gc,heap        ] GC(279) ParOldGen: 561759K(614400K)->561767K(614400K)
[2174.559s][info ][gc,metaspace   ] GC(279) Metaspace: 82203K(83072K)->82203K(83072K) NonClass: 70712K(71168K)->70712K(71168K) Class: 11490K(11904K)->11490K(11904K)
[2174.559s][info ][gc             ] GC(279) Pause Young (Allocation Failure) 2592M->551M(2645M) 2.774ms
[2174.559s][info ][gc,cpu         ] GC(279) User=0.01s Sys=0.00s Real=0.00s
[2174.559s][info ][safepoint      ] Safepoint "ParallelGCFailedAllocation", Time since last: 13505726770 ns, Reaching safepoint: 29200 ns, At safepoint: 2846127 ns, Total: 2875327 ns
[2180.560s][info ][safepoint      ] Safepoint "Cleanup", Time since last: 6000323105 ns, Reaching safepoint: 109101 ns, At safepoint: 23600 ns, Total: 132701 ns
[2187.560s][info ][safepoint      ] Safepoint "Cleanup", Time since last: 7000487619 ns, Reaching safepoint: 98201 ns, At safepoint: 9000 ns, Total: 107201 ns
[2187.706s][info ][gc,start       ] GC(280) Pause Young (Allocation Failure)
[2187.708s][debug][gc,phases      ] GC(280) Scavenge 2.185ms
[2187.708s][debug][gc,ref         ] GC(280) Skipped phase 1 of Reference Processing: no references
[2187.708s][debug][gc,ref         ] GC(280) ReferenceProcessor::execute queues: 1, RefProcThreadModel::Single, marks_oops_alive: false
[2187.708s][debug][gc,ref         ] GC(280) Skipped phase 3 of Reference Processing: no references
[2187.708s][debug][gc,ref         ] GC(280) ReferenceProcessor::execute queues: 1, RefProcThreadModel::Single, marks_oops_alive: false
[2187.708s][debug][gc,phases      ] GC(280) Reference Processing 0.113ms
[2187.709s][debug][gc,phases      ] GC(280)   VM Weak                        Min:  0.0, Avg:  0.0, Max:  0.0, Diff:  0.0, Sum:  0.0, Workers: 4
[2187.709s][debug][gc,phases      ] GC(280)     Dead                           Min: 0, Avg:  0.0, Max: 0, Diff: 0, Sum: 0, Workers: 4
[2187.709s][debug][gc,phases      ] GC(280)     Total                          Min: 0, Avg: 167.0, Max: 668, Diff: 668, Sum: 668, Workers: 4
[2187.709s][debug][gc,phases      ] GC(280)   ObjectSynchronizer Weak        Min:  0.0, Avg:  0.0, Max:  0.0, Diff:  0.0, Sum:  0.0, Workers: 4
[2187.709s][debug][gc,phases      ] GC(280)     Dead                           Min: 0, Avg:  0.0, Max: 0, Diff: 0, Sum: 0, Workers: 4
[2187.709s][debug][gc,phases      ] GC(280)     Total                          Min: 0, Avg: 87.5, Max: 222, Diff: 222, Sum: 350, Workers: 4
[2187.709s][debug][gc,phases      ] GC(280)   JVMTI Tag Weak OopStorage      Min:  0.0, Avg:  0.0, Max:  0.0, Diff:  0.0, Sum:  0.0, Workers: 4
[2187.709s][debug][gc,phases      ] GC(280)     Dead                           Min: 0, Avg:  0.0, Max: 0, Diff: 0, Sum: 0, Workers: 4
[2187.709s][debug][gc,phases      ] GC(280)     Total                          Min: 0, Avg:  0.0, Max: 0, Diff: 0, Sum: 0, Workers: 4
[2187.709s][debug][gc,phases      ] GC(280)   StringTable Weak               Min:  0.1, Avg:  0.1, Max:  0.1, Diff:  0.0, Sum:  0.3, Workers: 4
[2187.709s][debug][gc,phases      ] GC(280)     Dead                           Min: 0, Avg:  0.0, Max: 0, Diff: 0, Sum: 0, Workers: 4
[2187.709s][debug][gc,phases      ] GC(280)     Total                          Min: 9280, Avg: 12039.0, Max: 13276, Diff: 3996, Sum: 48156, Workers: 4
[2187.709s][debug][gc,phases      ] GC(280)   ResolvedMethodTable Weak       Min:  0.0, Avg:  0.0, Max:  0.0, Diff:  0.0, Sum:  0.1, Workers: 4
[2187.709s][debug][gc,phases      ] GC(280)     Dead                           Min: 0, Avg:  0.0, Max: 0, Diff: 0, Sum: 0, Workers: 4
[2187.709s][debug][gc,phases      ] GC(280)     Total                          Min: 1570, Avg: 1986.2, Max: 2442, Diff: 872, Sum: 7945, Workers: 4
[2187.709s][debug][gc,phases      ] GC(280)   JNI Weak                       Min:  0.0, Avg:  0.0, Max:  0.0, Diff:  0.0, Sum:  0.0, Workers: 4
[2187.709s][debug][gc,phases      ] GC(280)     Dead                           Min: 0, Avg:  0.0, Max: 0, Diff: 0, Sum: 0, Workers: 4
[2187.709s][debug][gc,phases      ] GC(280)     Total                          Min: 0, Avg:  0.0, Max: 0, Diff: 0, Sum: 0, Workers: 4
[2187.709s][debug][gc,phases      ] GC(280)   StringDedup Table Weak         Min:  0.0, Avg:  0.0, Max:  0.0, Diff:  0.0, Sum:  0.0, Workers: 4
[2187.709s][debug][gc,phases      ] GC(280)     Dead                           Min: 0, Avg:  0.0, Max: 0, Diff: 0, Sum: 0, Workers: 4
[2187.709s][debug][gc,phases      ] GC(280)     Total                          Min: 0, Avg:  0.0, Max: 0, Diff: 0, Sum: 0, Workers: 4
[2187.709s][debug][gc,phases      ] GC(280)   StringDedup Requests0 Weak     Min:  0.0, Avg:  0.0, Max:  0.0, Diff:  0.0, Sum:  0.0, Workers: 4
[2187.709s][debug][gc,phases      ] GC(280)     Dead                           Min: 0, Avg:  0.0, Max: 0, Diff: 0, Sum: 0, Workers: 4
[2187.709s][debug][gc,phases      ] GC(280)     Total                          Min: 0, Avg:  0.0, Max: 0, Diff: 0, Sum: 0, Workers: 4
[2187.709s][debug][gc,phases      ] GC(280)   StringDedup Requests1 Weak     Min:  0.0, Avg:  0.0, Max:  0.0, Diff:  0.0, Sum:  0.0, Workers: 4
[2187.709s][debug][gc,phases      ] GC(280)     Dead                           Min: 0, Avg:  0.0, Max: 0, Diff: 0, Sum: 0, Workers: 4
[2187.709s][debug][gc,phases      ] GC(280)     Total                          Min: 0, Avg:  0.0, Max: 0, Diff: 0, Sum: 0, Workers: 4
[2187.709s][debug][gc,phases      ] GC(280)   Weak JFR Old Object Samples    Min:  0.0, Avg:  0.0, Max:  0.0, Diff:  0.0, Sum:  0.0, Workers: 4
[2187.709s][debug][gc,phases      ] GC(280)     Dead                           Min: 0, Avg:  0.0, Max: 0, Diff: 0, Sum: 0, Workers: 4
[2187.709s][debug][gc,phases      ] GC(280)     Total                          Min: 0, Avg:  0.0, Max: 0, Diff: 0, Sum: 0, Workers: 4
[2187.709s][debug][gc,phases      ] GC(280) Weak Processing 0.265ms
[2187.709s][debug][gc,age         ] GC(280) Desired survivor size 3145728 bytes, new threshold 15 (max threshold 15)
[2187.709s][info ][gc,heap        ] GC(280) PSYoungGen: 2093472K(2094080K)->2512K(2094080K) Eden: 2091008K(2091008K)->0K(2091008K) From: 2464K(3072K)->2512K(3072K)
[2187.709s][info ][gc,heap        ] GC(280) ParOldGen: 561767K(614400K)->561775K(614400K)
[2187.709s][info ][gc,metaspace   ] GC(280) Metaspace: 82203K(83072K)->82203K(83072K) NonClass: 70712K(71168K)->70712K(71168K) Class: 11490K(11904K)->11490K(11904K)
[2187.709s][info ][gc             ] GC(280) Pause Young (Allocation Failure) 2593M->551M(2645M) 2.666ms
[2187.709s][info ][gc,cpu         ] GC(280) User=0.01s Sys=0.00s Real=0.01s
[2187.709s][info ][safepoint      ] Safepoint "ParallelGCFailedAllocation", Time since last: 145795045 ns, Reaching safepoint: 29001 ns, At safepoint: 2731125 ns, Total: 2760126 ns
[2198.710s][info ][safepoint      ] Safepoint "Cleanup", Time since last: 11000753798 ns, Reaching safepoint: 113701 ns, At safepoint: 14700 ns, Total: 128401 ns
[2200.606s][info ][gc,start       ] GC(281) Pause Young (Allocation Failure)
[2200.609s][debug][gc,phases      ] GC(281) Scavenge 2.863ms
[2200.609s][debug][gc,ref         ] GC(281) Skipped phase 1 of Reference Processing: no references
[2200.609s][debug][gc,ref         ] GC(281) ReferenceProcessor::execute queues: 1, RefProcThreadModel::Single, marks_oops_alive: false
[2200.609s][debug][gc,ref         ] GC(281) Skipped phase 3 of Reference Processing: no references
[2200.609s][debug][gc,ref         ] GC(281) ReferenceProcessor::execute queues: 1, RefProcThreadModel::Single, marks_oops_alive: false
[2200.609s][debug][gc,phases      ] GC(281) Reference Processing 0.121ms
[2200.609s][debug][gc,phases      ] GC(281)   VM Weak                        Min:  0.0, Avg:  0.0, Max:  0.0, Diff:  0.0, Sum:  0.0, Workers: 4
[2200.609s][debug][gc,phases      ] GC(281)     Dead                           Min: 0, Avg:  0.0, Max: 0, Diff: 0, Sum: 0, Workers: 4
[2200.609s][debug][gc,phases      ] GC(281)     Total                          Min: 0, Avg: 167.0, Max: 640, Diff: 640, Sum: 668, Workers: 4
[2200.609s][debug][gc,phases      ] GC(281)   ObjectSynchronizer Weak        Min:  0.0, Avg:  0.0, Max:  0.0, Diff:  0.0, Sum:  0.0, Workers: 4
[2200.609s][debug][gc,phases      ] GC(281)     Dead                           Min: 0, Avg:  0.0, Max: 0, Diff: 0, Sum: 0, Workers: 4
[2200.609s][debug][gc,phases      ] GC(281)     Total                          Min: 0, Avg: 87.5, Max: 158, Diff: 158, Sum: 350, Workers: 4
[2200.609s][debug][gc,phases      ] GC(281)   JVMTI Tag Weak OopStorage      Min:  0.0, Avg:  0.0, Max:  0.0, Diff:  0.0, Sum:  0.0, Workers: 4
[2200.609s][debug][gc,phases      ] GC(281)     Dead                           Min: 0, Avg:  0.0, Max: 0, Diff: 0, Sum: 0, Workers: 4
[2200.609s][debug][gc,phases      ] GC(281)     Total                          Min: 0, Avg:  0.0, Max: 0, Diff: 0, Sum: 0, Workers: 4
[2200.609s][debug][gc,phases      ] GC(281)   StringTable Weak               Min:  0.1, Avg:  0.1, Max:  0.1, Diff:  0.0, Sum:  0.4, Workers: 4
[2200.609s][debug][gc,phases      ] GC(281)     Dead                           Min: 0, Avg:  0.0, Max: 0, Diff: 0, Sum: 0, Workers: 4
[2200.609s][debug][gc,phases      ] GC(281)     Total                          Min: 9920, Avg: 12039.0, Max: 16256, Diff: 6336, Sum: 48156, Workers: 4
[2200.609s][debug][gc,phases      ] GC(281)   ResolvedMethodTable Weak       Min:  0.0, Avg:  0.0, Max:  0.0, Diff:  0.0, Sum:  0.1, Workers: 4
[2200.609s][debug][gc,phases      ] GC(281)     Dead                           Min: 0, Avg:  0.0, Max: 0, Diff: 0, Sum: 0, Workers: 4
[2200.609s][debug][gc,phases      ] GC(281)     Total                          Min: 1637, Avg: 1986.2, Max: 2632, Diff: 995, Sum: 7945, Workers: 4
[2200.609s][debug][gc,phases      ] GC(281)   JNI Weak                       Min:  0.0, Avg:  0.0, Max:  0.0, Diff:  0.0, Sum:  0.0, Workers: 4
[2200.609s][debug][gc,phases      ] GC(281)     Dead                           Min: 0, Avg:  0.0, Max: 0, Diff: 0, Sum: 0, Workers: 4
[2200.609s][debug][gc,phases      ] GC(281)     Total                          Min: 0, Avg:  0.0, Max: 0, Diff: 0, Sum: 0, Workers: 4
[2200.609s][debug][gc,phases      ] GC(281)   StringDedup Table Weak         Min:  0.0, Avg:  0.0, Max:  0.0, Diff:  0.0, Sum:  0.0, Workers: 4
[2200.609s][debug][gc,phases      ] GC(281)     Dead                           Min: 0, Avg:  0.0, Max: 0, Diff: 0, Sum: 0, Workers: 4
[2200.609s][debug][gc,phases      ] GC(281)     Total                          Min: 0, Avg:  0.0, Max: 0, Diff: 0, Sum: 0, Workers: 4
[2200.609s][debug][gc,phases      ] GC(281)   StringDedup Requests0 Weak     Min:  0.0, Avg:  0.0, Max:  0.0, Diff:  0.0, Sum:  0.0, Workers: 4
[2200.609s][debug][gc,phases      ] GC(281)     Dead                           Min: 0, Avg:  0.0, Max: 0, Diff: 0, Sum: 0, Workers: 4
[2200.609s][debug][gc,phases      ] GC(281)     Total                          Min: 0, Avg:  0.0, Max: 0, Diff: 0, Sum: 0, Workers: 4
[2200.609s][debug][gc,phases      ] GC(281)   StringDedup Requests1 Weak     Min:  0.0, Avg:  0.0, Max:  0.0, Diff:  0.0, Sum:  0.0, Workers: 4
[2200.609s][debug][gc,phases      ] GC(281)     Dead                           Min: 0, Avg:  0.0, Max: 0, Diff: 0, Sum: 0, Workers: 4
[2200.609s][debug][gc,phases      ] GC(281)     Total                          Min: 0, Avg:  0.0, Max: 0, Diff: 0, Sum: 0, Workers: 4
[2200.609s][debug][gc,phases      ] GC(281)   Weak JFR Old Object Samples    Min:  0.0, Avg:  0.0, Max:  0.0, Diff:  0.0, Sum:  0.0, Workers: 4
[2200.609s][debug][gc,phases      ] GC(281)     Dead                           Min: 0, Avg:  0.0, Max: 0, Diff: 0, Sum: 0, Workers: 4
[2200.609s][debug][gc,phases      ] GC(281)     Total                          Min: 0, Avg:  0.0, Max: 0, Diff: 0, Sum: 0, Workers: 4
[2200.609s][debug][gc,phases      ] GC(281) Weak Processing 0.294ms
[2200.609s][debug][gc,age         ] GC(281) Desired survivor size 3145728 bytes, new threshold 15 (max threshold 15)
[2200.609s][info ][gc,heap        ] GC(281) PSYoungGen: 2093520K(2094080K)->2544K(2094080K) Eden: 2091008K(2091008K)->0K(2091008K) From: 2512K(3072K)->2544K(3072K)
[2200.609s][info ][gc,heap        ] GC(281) ParOldGen: 561775K(614400K)->561791K(614400K)
[2200.609s][info ][gc,metaspace   ] GC(281) Metaspace: 82203K(83072K)->82203K(83072K) NonClass: 70712K(71168K)->70712K(71168K) Class: 11490K(11904K)->11490K(11904K)
[2200.609s][info ][gc             ] GC(281) Pause Young (Allocation Failure) 2593M->551M(2645M) 3.379ms
[2200.609s][info ][gc,cpu         ] GC(281) User=0.01s Sys=0.00s Real=0.01s
[2200.609s][info ][safepoint      ] Safepoint "ParallelGCFailedAllocation", Time since last: 1896028288 ns, Reaching safepoint: 28600 ns, At safepoint: 3452232 ns, Total: 3480832 ns
[2213.352s][info ][gc,start       ] GC(282) Pause Young (Allocation Failure)
[2213.355s][debug][gc,phases      ] GC(282) Scavenge 2.483ms
[2213.355s][debug][gc,ref         ] GC(282) Skipped phase 1 of Reference Processing: no references
[2213.355s][debug][gc,ref         ] GC(282) ReferenceProcessor::execute queues: 1, RefProcThreadModel::Single, marks_oops_alive: false
[2213.355s][debug][gc,ref         ] GC(282) Skipped phase 3 of Reference Processing: no references
[2213.355s][debug][gc,ref         ] GC(282) ReferenceProcessor::execute queues: 1, RefProcThreadModel::Single, marks_oops_alive: false
[2213.355s][debug][gc,phases      ] GC(282) Reference Processing 0.116ms
[2213.355s][debug][gc,phases      ] GC(282)   VM Weak                        Min:  0.0, Avg:  0.0, Max:  0.0, Diff:  0.0, Sum:  0.0, Workers: 4
[2213.355s][debug][gc,phases      ] GC(282)     Dead                           Min: 0, Avg:  0.0, Max: 0, Diff: 0, Sum: 0, Workers: 4
[2213.355s][debug][gc,phases      ] GC(282)     Total                          Min: 0, Avg: 167.0, Max: 512, Diff: 512, Sum: 668, Workers: 4
[2213.355s][debug][gc,phases      ] GC(282)   ObjectSynchronizer Weak        Min:  0.0, Avg:  0.0, Max:  0.0, Diff:  0.0, Sum:  0.0, Workers: 4
[2213.355s][debug][gc,phases      ] GC(282)     Dead                           Min: 0, Avg:  0.0, Max: 0, Diff: 0, Sum: 0, Workers: 4
[2213.355s][debug][gc,phases      ] GC(282)     Total                          Min: 0, Avg: 87.5, Max: 222, Diff: 222, Sum: 350, Workers: 4
[2213.355s][debug][gc,phases      ] GC(282)   JVMTI Tag Weak OopStorage      Min:  0.0, Avg:  0.0, Max:  0.0, Diff:  0.0, Sum:  0.0, Workers: 4
[2213.355s][debug][gc,phases      ] GC(282)     Dead                           Min: 0, Avg:  0.0, Max: 0, Diff: 0, Sum: 0, Workers: 4
[2213.355s][debug][gc,phases      ] GC(282)     Total                          Min: 0, Avg:  0.0, Max: 0, Diff: 0, Sum: 0, Workers: 4
[2213.355s][debug][gc,phases      ] GC(282)   StringTable Weak               Min:  0.1, Avg:  0.1, Max:  0.1, Diff:  0.0, Sum:  0.4, Workers: 4
[2213.355s][debug][gc,phases      ] GC(282)     Dead                           Min: 0, Avg:  0.0, Max: 0, Diff: 0, Sum: 0, Workers: 4
[2213.355s][debug][gc,phases      ] GC(282)     Total                          Min: 10082, Avg: 12040.5, Max: 14016, Diff: 3934, Sum: 48162, Workers: 4
[2213.355s][debug][gc,phases      ] GC(282)   ResolvedMethodTable Weak       Min:  0.0, Avg:  0.0, Max:  0.0, Diff:  0.0, Sum:  0.1, Workers: 4
[2213.355s][debug][gc,phases      ] GC(282)     Dead                           Min: 0, Avg:  0.0, Max: 0, Diff: 0, Sum: 0, Workers: 4
[2213.355s][debug][gc,phases      ] GC(282)     Total                          Min: 1511, Avg: 1986.2, Max: 2410, Diff: 899, Sum: 7945, Workers: 4
[2213.355s][debug][gc,phases      ] GC(282)   JNI Weak                       Min:  0.0, Avg:  0.0, Max:  0.0, Diff:  0.0, Sum:  0.0, Workers: 4
[2213.355s][debug][gc,phases      ] GC(282)     Dead                           Min: 0, Avg:  0.0, Max: 0, Diff: 0, Sum: 0, Workers: 4
[2213.355s][debug][gc,phases      ] GC(282)     Total                          Min: 0, Avg:  0.0, Max: 0, Diff: 0, Sum: 0, Workers: 4
[2213.355s][debug][gc,phases      ] GC(282)   StringDedup Table Weak         Min:  0.0, Avg:  0.0, Max:  0.0, Diff:  0.0, Sum:  0.0, Workers: 4
[2213.355s][debug][gc,phases      ] GC(282)     Dead                           Min: 0, Avg:  0.0, Max: 0, Diff: 0, Sum: 0, Workers: 4
[2213.355s][debug][gc,phases      ] GC(282)     Total                          Min: 0, Avg:  0.0, Max: 0, Diff: 0, Sum: 0, Workers: 4
[2213.355s][debug][gc,phases      ] GC(282)   StringDedup Requests0 Weak     Min:  0.0, Avg:  0.0, Max:  0.0, Diff:  0.0, Sum:  0.0, Workers: 4
[2213.355s][debug][gc,phases      ] GC(282)     Dead                           Min: 0, Avg:  0.0, Max: 0, Diff: 0, Sum: 0, Workers: 4
[2213.355s][debug][gc,phases      ] GC(282)     Total                          Min: 0, Avg:  0.0, Max: 0, Diff: 0, Sum: 0, Workers: 4
[2213.355s][debug][gc,phases      ] GC(282)   StringDedup Requests1 Weak     Min:  0.0, Avg:  0.0, Max:  0.0, Diff:  0.0, Sum:  0.0, Workers: 4
[2213.355s][debug][gc,phases      ] GC(282)     Dead                           Min: 0, Avg:  0.0, Max: 0, Diff: 0, Sum: 0, Workers: 4
[2213.355s][debug][gc,phases      ] GC(282)     Total                          Min: 0, Avg:  0.0, Max: 0, Diff: 0, Sum: 0, Workers: 4
[2213.355s][debug][gc,phases      ] GC(282)   Weak JFR Old Object Samples    Min:  0.0, Avg:  0.0, Max:  0.0, Diff:  0.0, Sum:  0.0, Workers: 4
[2213.355s][debug][gc,phases      ] GC(282)     Dead                           Min: 0, Avg:  0.0, Max: 0, Diff: 0, Sum: 0, Workers: 4
[2213.355s][debug][gc,phases      ] GC(282)     Total                          Min: 0, Avg:  0.0, Max: 0, Diff: 0, Sum: 0, Workers: 4
[2213.355s][debug][gc,phases      ] GC(282) Weak Processing 0.302ms
[2213.355s][debug][gc,age         ] GC(282) Desired survivor size 3145728 bytes, new threshold 15 (max threshold 15)
[2213.355s][info ][gc,heap        ] GC(282) PSYoungGen: 2093552K(2094080K)->2688K(2094080K) Eden: 2091008K(2091008K)->0K(2091008K) From: 2544K(3072K)->2688K(3072K)
[2213.355s][info ][gc,heap        ] GC(282) ParOldGen: 561791K(614400K)->561823K(614400K)
[2213.355s][info ][gc,metaspace   ] GC(282) Metaspace: 82203K(83072K)->82203K(83072K) NonClass: 70712K(71168K)->70712K(71168K) Class: 11490K(11904K)->11490K(11904K)
[2213.355s][info ][gc             ] GC(282) Pause Young (Allocation Failure) 2593M->551M(2645M) 2.998ms
[2213.355s][info ][gc,cpu         ] GC(282) User=0.00s Sys=0.00s Real=0.00s
[2213.355s][info ][safepoint      ] Safepoint "ParallelGCFailedAllocation", Time since last: 12742920693 ns, Reaching safepoint: 29801 ns, At safepoint: 3087028 ns, Total: 3116829 ns
[2221.356s][info ][safepoint      ] Safepoint "Cleanup", Time since last: 8000474230 ns, Reaching safepoint: 116701 ns, At safepoint: 6900 ns, Total: 123601 ns
[2223.356s][info ][safepoint      ] Safepoint "Cleanup", Time since last: 2000178929 ns, Reaching safepoint: 105401 ns, At safepoint: 6400 ns, Total: 111801 ns
[2225.154s][info ][gc,start       ] GC(283) Pause Young (Allocation Failure)
[2225.157s][debug][gc,phases      ] GC(283) Scavenge 2.461ms
[2225.157s][debug][gc,ref         ] GC(283) Skipped phase 1 of Reference Processing: no references
[2225.157s][debug][gc,ref         ] GC(283) ReferenceProcessor::execute queues: 1, RefProcThreadModel::Single, marks_oops_alive: false
[2225.157s][debug][gc,ref         ] GC(283) Skipped phase 3 of Reference Processing: no references
[2225.157s][debug][gc,ref         ] GC(283) ReferenceProcessor::execute queues: 1, RefProcThreadModel::Single, marks_oops_alive: false
[2225.157s][debug][gc,phases      ] GC(283) Reference Processing 0.103ms
[2225.157s][debug][gc,phases      ] GC(283)   VM Weak                        Min:  0.0, Avg:  0.0, Max:  0.0, Diff:  0.0, Sum:  0.0, Workers: 4
[2225.157s][debug][gc,phases      ] GC(283)     Dead                           Min: 0, Avg:  0.0, Max: 0, Diff: 0, Sum: 0, Workers: 4
[2225.157s][debug][gc,phases      ] GC(283)     Total                          Min: 0, Avg: 167.0, Max: 668, Diff: 668, Sum: 668, Workers: 4
[2225.157s][debug][gc,phases      ] GC(283)   ObjectSynchronizer Weak        Min:  0.0, Avg:  0.0, Max:  0.0, Diff:  0.0, Sum:  0.0, Workers: 4
[2225.157s][debug][gc,phases      ] GC(283)     Dead                           Min: 0, Avg:  0.0, Max: 0, Diff: 0, Sum: 0, Workers: 4
[2225.157s][debug][gc,phases      ] GC(283)     Total                          Min: 0, Avg: 87.5, Max: 286, Diff: 286, Sum: 350, Workers: 4
[2225.157s][debug][gc,phases      ] GC(283)   JVMTI Tag Weak OopStorage      Min:  0.0, Avg:  0.0, Max:  0.0, Diff:  0.0, Sum:  0.0, Workers: 4
[2225.157s][debug][gc,phases      ] GC(283)     Dead                           Min: 0, Avg:  0.0, Max: 0, Diff: 0, Sum: 0, Workers: 4
[2225.157s][debug][gc,phases      ] GC(283)     Total                          Min: 0, Avg:  0.0, Max: 0, Diff: 0, Sum: 0, Workers: 4
[2225.157s][debug][gc,phases      ] GC(283)   StringTable Weak               Min:  0.1, Avg:  0.1, Max:  0.1, Diff:  0.0, Sum:  0.4, Workers: 4
[2225.157s][debug][gc,phases      ] GC(283)     Dead                           Min: 0, Avg:  0.0, Max: 0, Diff: 0, Sum: 0, Workers: 4
[2225.157s][debug][gc,phases      ] GC(283)     Total                          Min: 9792, Avg: 12040.5, Max: 14754, Diff: 4962, Sum: 48162, Workers: 4
[2225.157s][debug][gc,phases      ] GC(283)   ResolvedMethodTable Weak       Min:  0.0, Avg:  0.0, Max:  0.0, Diff:  0.0, Sum:  0.1, Workers: 4
[2225.157s][debug][gc,phases      ] GC(283)     Dead                           Min: 0, Avg:  0.0, Max: 0, Diff: 0, Sum: 0, Workers: 4
[2225.157s][debug][gc,phases      ] GC(283)     Total                          Min: 1692, Avg: 1986.2, Max: 2282, Diff: 590, Sum: 7945, Workers: 4
[2225.157s][debug][gc,phases      ] GC(283)   JNI Weak                       Min:  0.0, Avg:  0.0, Max:  0.0, Diff:  0.0, Sum:  0.0, Workers: 4
[2225.157s][debug][gc,phases      ] GC(283)     Dead                           Min: 0, Avg:  0.0, Max: 0, Diff: 0, Sum: 0, Workers: 4
[2225.157s][debug][gc,phases      ] GC(283)     Total                          Min: 0, Avg:  0.0, Max: 0, Diff: 0, Sum: 0, Workers: 4
[2225.157s][debug][gc,phases      ] GC(283)   StringDedup Table Weak         Min:  0.0, Avg:  0.0, Max:  0.0, Diff:  0.0, Sum:  0.0, Workers: 4
[2225.157s][debug][gc,phases      ] GC(283)     Dead                           Min: 0, Avg:  0.0, Max: 0, Diff: 0, Sum: 0, Workers: 4
[2225.157s][debug][gc,phases      ] GC(283)     Total                          Min: 0, Avg:  0.0, Max: 0, Diff: 0, Sum: 0, Workers: 4
[2225.157s][debug][gc,phases      ] GC(283)   StringDedup Requests0 Weak     Min:  0.0, Avg:  0.0, Max:  0.0, Diff:  0.0, Sum:  0.0, Workers: 4
[2225.157s][debug][gc,phases      ] GC(283)     Dead                           Min: 0, Avg:  0.0, Max: 0, Diff: 0, Sum: 0, Workers: 4
[2225.157s][debug][gc,phases      ] GC(283)     Total                          Min: 0, Avg:  0.0, Max: 0, Diff: 0, Sum: 0, Workers: 4
[2225.157s][debug][gc,phases      ] GC(283)   StringDedup Requests1 Weak     Min:  0.0, Avg:  0.0, Max:  0.0, Diff:  0.0, Sum:  0.0, Workers: 4
[2225.157s][debug][gc,phases      ] GC(283)     Dead                           Min: 0, Avg:  0.0, Max: 0, Diff: 0, Sum: 0, Workers: 4
[2225.157s][debug][gc,phases      ] GC(283)     Total                          Min: 0, Avg:  0.0, Max: 0, Diff: 0, Sum: 0, Workers: 4
[2225.157s][debug][gc,phases      ] GC(283)   Weak JFR Old Object Samples    Min:  0.0, Avg:  0.0, Max:  0.0, Diff:  0.0, Sum:  0.0, Workers: 4
[2225.157s][debug][gc,phases      ] GC(283)     Dead                           Min: 0, Avg:  0.0, Max: 0, Diff: 0, Sum: 0, Workers: 4
[2225.157s][debug][gc,phases      ] GC(283)     Total                          Min: 0, Avg:  0.0, Max: 0, Diff: 0, Sum: 0, Workers: 4
[2225.157s][debug][gc,phases      ] GC(283) Weak Processing 0.273ms
[2225.157s][debug][gc,age         ] GC(283) Desired survivor size 3145728 bytes, new threshold 15 (max threshold 15)
[2225.157s][info ][gc,heap        ] GC(283) PSYoungGen: 2093696K(2094080K)->2512K(2094080K) Eden: 2091008K(2091008K)->0K(2091008K) From: 2688K(3072K)->2512K(3072K)
[2225.157s][info ][gc,heap        ] GC(283) ParOldGen: 561823K(614400K)->561847K(614400K)
[2225.157s][info ][gc,metaspace   ] GC(283) Metaspace: 82203K(83072K)->82203K(83072K) NonClass: 70712K(71168K)->70712K(71168K) Class: 11490K(11904K)->11490K(11904K)
[2225.157s][info ][gc             ] GC(283) Pause Young (Allocation Failure) 2593M->551M(2645M) 2.943ms
[2225.157s][info ][gc,cpu         ] GC(283) User=0.01s Sys=0.00s Real=0.00s
[2225.157s][info ][safepoint      ] Safepoint "ParallelGCFailedAllocation", Time since last: 1797863663 ns, Reaching safepoint: 29101 ns, At safepoint: 3008427 ns, Total: 3037528 ns
[2237.954s][info ][gc,start       ] GC(284) Pause Young (Allocation Failure)
[2237.957s][debug][gc,phases      ] GC(284) Scavenge 3.050ms
[2237.957s][debug][gc,ref         ] GC(284) Skipped phase 1 of Reference Processing: no references
[2237.957s][debug][gc,ref         ] GC(284) ReferenceProcessor::execute queues: 1, RefProcThreadModel::Single, marks_oops_alive: false
[2237.957s][debug][gc,ref         ] GC(284) Skipped phase 3 of Reference Processing: no references
[2237.957s][debug][gc,ref         ] GC(284) ReferenceProcessor::execute queues: 1, RefProcThreadModel::Single, marks_oops_alive: false
[2237.957s][debug][gc,phases      ] GC(284) Reference Processing 0.100ms
[2237.958s][debug][gc,phases      ] GC(284)   VM Weak                        Min:  0.0, Avg:  0.0, Max:  0.0, Diff:  0.0, Sum:  0.0, Workers: 4
[2237.958s][debug][gc,phases      ] GC(284)     Dead                           Min: 0, Avg:  0.0, Max: 0, Diff: 0, Sum: 0, Workers: 4
[2237.958s][debug][gc,phases      ] GC(284)     Total                          Min: 0, Avg: 167.0, Max: 540, Diff: 540, Sum: 668, Workers: 4
[2237.958s][debug][gc,phases      ] GC(284)   ObjectSynchronizer Weak        Min:  0.0, Avg:  0.0, Max:  0.0, Diff:  0.0, Sum:  0.0, Workers: 4
[2237.958s][debug][gc,phases      ] GC(284)     Dead                           Min: 0, Avg:  0.0, Max: 0, Diff: 0, Sum: 0, Workers: 4
[2237.958s][debug][gc,phases      ] GC(284)     Total                          Min: 0, Avg: 87.5, Max: 192, Diff: 192, Sum: 350, Workers: 4
[2237.958s][debug][gc,phases      ] GC(284)   JVMTI Tag Weak OopStorage      Min:  0.0, Avg:  0.0, Max:  0.0, Diff:  0.0, Sum:  0.0, Workers: 4
[2237.958s][debug][gc,phases      ] GC(284)     Dead                           Min: 0, Avg:  0.0, Max: 0, Diff: 0, Sum: 0, Workers: 4
[2237.958s][debug][gc,phases      ] GC(284)     Total                          Min: 0, Avg:  0.0, Max: 0, Diff: 0, Sum: 0, Workers: 4
[2237.958s][debug][gc,phases      ] GC(284)   StringTable Weak               Min:  0.1, Avg:  0.1, Max:  0.1, Diff:  0.0, Sum:  0.4, Workers: 4
[2237.958s][debug][gc,phases      ] GC(284)     Dead                           Min: 0, Avg:  0.0, Max: 0, Diff: 0, Sum: 0, Workers: 4
[2237.958s][debug][gc,phases      ] GC(284)     Total                          Min: 11554, Avg: 12040.5, Max: 12480, Diff: 926, Sum: 48162, Workers: 4
[2237.958s][debug][gc,phases      ] GC(284)   ResolvedMethodTable Weak       Min:  0.0, Avg:  0.0, Max:  0.0, Diff:  0.0, Sum:  0.1, Workers: 4
[2237.958s][debug][gc,phases      ] GC(284)     Dead                           Min: 0, Avg:  0.0, Max: 0, Diff: 0, Sum: 0, Workers: 4
[2237.958s][debug][gc,phases      ] GC(284)     Total                          Min: 1920, Avg: 1986.2, Max: 2080, Diff: 160, Sum: 7945, Workers: 4
[2237.958s][debug][gc,phases      ] GC(284)   JNI Weak                       Min:  0.0, Avg:  0.0, Max:  0.0, Diff:  0.0, Sum:  0.0, Workers: 4
[2237.958s][debug][gc,phases      ] GC(284)     Dead                           Min: 0, Avg:  0.0, Max: 0, Diff: 0, Sum: 0, Workers: 4
[2237.958s][debug][gc,phases      ] GC(284)     Total                          Min: 0, Avg:  0.0, Max: 0, Diff: 0, Sum: 0, Workers: 4
[2237.958s][debug][gc,phases      ] GC(284)   StringDedup Table Weak         Min:  0.0, Avg:  0.0, Max:  0.0, Diff:  0.0, Sum:  0.0, Workers: 4
[2237.958s][debug][gc,phases      ] GC(284)     Dead                           Min: 0, Avg:  0.0, Max: 0, Diff: 0, Sum: 0, Workers: 4
[2237.958s][debug][gc,phases      ] GC(284)     Total                          Min: 0, Avg:  0.0, Max: 0, Diff: 0, Sum: 0, Workers: 4
[2237.958s][debug][gc,phases      ] GC(284)   StringDedup Requests0 Weak     Min:  0.0, Avg:  0.0, Max:  0.0, Diff:  0.0, Sum:  0.0, Workers: 4
[2237.958s][debug][gc,phases      ] GC(284)     Dead                           Min: 0, Avg:  0.0, Max: 0, Diff: 0, Sum: 0, Workers: 4
[2237.958s][debug][gc,phases      ] GC(284)     Total                          Min: 0, Avg:  0.0, Max: 0, Diff: 0, Sum: 0, Workers: 4
[2237.958s][debug][gc,phases      ] GC(284)   StringDedup Requests1 Weak     Min:  0.0, Avg:  0.0, Max:  0.0, Diff:  0.0, Sum:  0.0, Workers: 4
[2237.958s][debug][gc,phases      ] GC(284)     Dead                           Min: 0, Avg:  0.0, Max: 0, Diff: 0, Sum: 0, Workers: 4
[2237.958s][debug][gc,phases      ] GC(284)     Total                          Min: 0, Avg:  0.0, Max: 0, Diff: 0, Sum: 0, Workers: 4
[2237.958s][debug][gc,phases      ] GC(284)   Weak JFR Old Object Samples    Min:  0.0, Avg:  0.0, Max:  0.0, Diff:  0.0, Sum:  0.0, Workers: 4
[2237.958s][debug][gc,phases      ] GC(284)     Dead                           Min: 0, Avg:  0.0, Max: 0, Diff: 0, Sum: 0, Workers: 4
[2237.958s][debug][gc,phases      ] GC(284)     Total                          Min: 0, Avg:  0.0, Max: 0, Diff: 0, Sum: 0, Workers: 4
[2237.958s][debug][gc,phases      ] GC(284) Weak Processing 0.296ms
[2237.958s][debug][gc,age         ] GC(284) Desired survivor size 3145728 bytes, new threshold 15 (max threshold 15)
[2237.958s][info ][gc,heap        ] GC(284) PSYoungGen: 2093520K(2094080K)->2480K(2094080K) Eden: 2091008K(2091008K)->0K(2091008K) From: 2512K(3072K)->2480K(3072K)
[2237.958s][info ][gc,heap        ] GC(284) ParOldGen: 561847K(614400K)->561879K(614400K)
[2237.958s][info ][gc,metaspace   ] GC(284) Metaspace: 82203K(83072K)->82203K(83072K) NonClass: 70712K(71168K)->70712K(71168K) Class: 11490K(11904K)->11490K(11904K)
[2237.958s][info ][gc             ] GC(284) Pause Young (Allocation Failure) 2593M->551M(2645M) 3.538ms
[2237.958s][info ][gc,cpu         ] GC(284) User=0.01s Sys=0.00s Real=0.00s
[2237.958s][info ][safepoint      ] Safepoint "ParallelGCFailedAllocation", Time since last: 12797169558 ns, Reaching safepoint: 37900 ns, At safepoint: 3608433 ns, Total: 3646333 ns
[2250.854s][info ][gc,start       ] GC(285) Pause Young (Allocation Failure)
[2250.857s][debug][gc,phases      ] GC(285) Scavenge 2.958ms
[2250.858s][debug][gc,ref         ] GC(285) Skipped phase 1 of Reference Processing: no references
[2250.858s][debug][gc,ref         ] GC(285) ReferenceProcessor::execute queues: 1, RefProcThreadModel::Single, marks_oops_alive: false
[2250.858s][debug][gc,ref         ] GC(285) Skipped phase 3 of Reference Processing: no references
[2250.858s][debug][gc,ref         ] GC(285) ReferenceProcessor::execute queues: 1, RefProcThreadModel::Single, marks_oops_alive: false
[2250.858s][debug][gc,phases      ] GC(285) Reference Processing 0.102ms
[2250.858s][debug][gc,phases      ] GC(285)   VM Weak                        Min:  0.0, Avg:  0.0, Max:  0.0, Diff:  0.0, Sum:  0.0, Workers: 4
[2250.858s][debug][gc,phases      ] GC(285)     Dead                           Min: 0, Avg:  0.0, Max: 0, Diff: 0, Sum: 0, Workers: 4
[2250.858s][debug][gc,phases      ] GC(285)     Total                          Min: 0, Avg: 167.0, Max: 476, Diff: 476, Sum: 668, Workers: 4
[2250.858s][debug][gc,phases      ] GC(285)   ObjectSynchronizer Weak        Min:  0.0, Avg:  0.0, Max:  0.0, Diff:  0.0, Sum:  0.0, Workers: 4
[2250.858s][debug][gc,phases      ] GC(285)     Dead                           Min: 0, Avg:  0.0, Max: 0, Diff: 0, Sum: 0, Workers: 4
[2250.858s][debug][gc,phases      ] GC(285)     Total                          Min: 0, Avg: 87.5, Max: 158, Diff: 158, Sum: 350, Workers: 4
[2250.858s][debug][gc,phases      ] GC(285)   JVMTI Tag Weak OopStorage      Min:  0.0, Avg:  0.0, Max:  0.0, Diff:  0.0, Sum:  0.0, Workers: 4
[2250.858s][debug][gc,phases      ] GC(285)     Dead                           Min: 0, Avg:  0.0, Max: 0, Diff: 0, Sum: 0, Workers: 4
[2250.858s][debug][gc,phases      ] GC(285)     Total                          Min: 0, Avg:  0.0, Max: 0, Diff: 0, Sum: 0, Workers: 4
[2250.858s][debug][gc,phases      ] GC(285)   StringTable Weak               Min:  0.1, Avg:  0.1, Max:  0.1, Diff:  0.0, Sum:  0.4, Workers: 4
[2250.858s][debug][gc,phases      ] GC(285)     Dead                           Min: 0, Avg:  0.0, Max: 0, Diff: 0, Sum: 0, Workers: 4
[2250.858s][debug][gc,phases      ] GC(285)     Total                          Min: 9920, Avg: 12040.5, Max: 14848, Diff: 4928, Sum: 48162, Workers: 4
[2250.858s][debug][gc,phases      ] GC(285)   ResolvedMethodTable Weak       Min:  0.0, Avg:  0.0, Max:  0.0, Diff:  0.0, Sum:  0.1, Workers: 4
[2250.858s][debug][gc,phases      ] GC(285)     Dead                           Min: 0, Avg:  0.0, Max: 0, Diff: 0, Sum: 0, Workers: 4
[2250.858s][debug][gc,phases      ] GC(285)     Total                          Min: 1568, Avg: 1986.2, Max: 2457, Diff: 889, Sum: 7945, Workers: 4
[2250.858s][debug][gc,phases      ] GC(285)   JNI Weak                       Min:  0.0, Avg:  0.0, Max:  0.0, Diff:  0.0, Sum:  0.0, Workers: 4
[2250.858s][debug][gc,phases      ] GC(285)     Dead                           Min: 0, Avg:  0.0, Max: 0, Diff: 0, Sum: 0, Workers: 4
[2250.858s][debug][gc,phases      ] GC(285)     Total                          Min: 0, Avg:  0.0, Max: 0, Diff: 0, Sum: 0, Workers: 4
[2250.858s][debug][gc,phases      ] GC(285)   StringDedup Table Weak         Min:  0.0, Avg:  0.0, Max:  0.0, Diff:  0.0, Sum:  0.0, Workers: 4
[2250.858s][debug][gc,phases      ] GC(285)     Dead                           Min: 0, Avg:  0.0, Max: 0, Diff: 0, Sum: 0, Workers: 4
[2250.858s][debug][gc,phases      ] GC(285)     Total                          Min: 0, Avg:  0.0, Max: 0, Diff: 0, Sum: 0, Workers: 4
[2250.858s][debug][gc,phases      ] GC(285)   StringDedup Requests0 Weak     Min:  0.0, Avg:  0.0, Max:  0.0, Diff:  0.0, Sum:  0.0, Workers: 4
[2250.858s][debug][gc,phases      ] GC(285)     Dead                           Min: 0, Avg:  0.0, Max: 0, Diff: 0, Sum: 0, Workers: 4
[2250.858s][debug][gc,phases      ] GC(285)     Total                          Min: 0, Avg:  0.0, Max: 0, Diff: 0, Sum: 0, Workers: 4
[2250.858s][debug][gc,phases      ] GC(285)   StringDedup Requests1 Weak     Min:  0.0, Avg:  0.0, Max:  0.0, Diff:  0.0, Sum:  0.0, Workers: 4
[2250.858s][debug][gc,phases      ] GC(285)     Dead                           Min: 0, Avg:  0.0, Max: 0, Diff: 0, Sum: 0, Workers: 4
[2250.858s][debug][gc,phases      ] GC(285)     Total                          Min: 0, Avg:  0.0, Max: 0, Diff: 0, Sum: 0, Workers: 4
[2250.858s][debug][gc,phases      ] GC(285)   Weak JFR Old Object Samples    Min:  0.0, Avg:  0.0, Max:  0.0, Diff:  0.0, Sum:  0.0, Workers: 4
[2250.858s][debug][gc,phases      ] GC(285)     Dead                           Min: 0, Avg:  0.0, Max: 0, Diff: 0, Sum: 0, Workers: 4
[2250.858s][debug][gc,phases      ] GC(285)     Total                          Min: 0, Avg:  0.0, Max: 0, Diff: 0, Sum: 0, Workers: 4
[2250.858s][debug][gc,phases      ] GC(285) Weak Processing 0.288ms
[2250.858s][debug][gc,age         ] GC(285) Desired survivor size 3145728 bytes, new threshold 15 (max threshold 15)
[2250.858s][info ][gc,heap        ] GC(285) PSYoungGen: 2093488K(2094080K)->2480K(2094080K) Eden: 2091008K(2091008K)->0K(2091008K) From: 2480K(3072K)->2480K(3072K)
[2250.858s][info ][gc,heap        ] GC(285) ParOldGen: 561879K(614400K)->561903K(614400K)
[2250.858s][info ][gc,metaspace   ] GC(285) Metaspace: 82204K(83072K)->82204K(83072K) NonClass: 70713K(71168K)->70713K(71168K) Class: 11490K(11904K)->11490K(11904K)
[2250.858s][info ][gc             ] GC(285) Pause Young (Allocation Failure) 2593M->551M(2645M) 3.460ms
[2250.858s][info ][gc,cpu         ] GC(285) User=0.01s Sys=0.00s Real=0.00s
[2250.858s][info ][safepoint      ] Safepoint "ParallelGCFailedAllocation", Time since last: 12896578604 ns, Reaching safepoint: 39401 ns, At safepoint: 3539232 ns, Total: 3578633 ns
[2263.754s][info ][gc,start       ] GC(286) Pause Young (Allocation Failure)
[2263.757s][debug][gc,phases      ] GC(286) Scavenge 2.761ms
[2263.757s][debug][gc,ref         ] GC(286) Skipped phase 1 of Reference Processing: no references
[2263.757s][debug][gc,ref         ] GC(286) ReferenceProcessor::execute queues: 1, RefProcThreadModel::Single, marks_oops_alive: false
[2263.757s][debug][gc,ref         ] GC(286) Skipped phase 3 of Reference Processing: no references
[2263.757s][debug][gc,ref         ] GC(286) ReferenceProcessor::execute queues: 1, RefProcThreadModel::Single, marks_oops_alive: false
[2263.757s][debug][gc,phases      ] GC(286) Reference Processing 0.116ms
[2263.757s][debug][gc,phases      ] GC(286)   VM Weak                        Min:  0.0, Avg:  0.0, Max:  0.0, Diff:  0.0, Sum:  0.0, Workers: 4
[2263.757s][debug][gc,phases      ] GC(286)     Dead                           Min: 0, Avg:  0.0, Max: 0, Diff: 0, Sum: 0, Workers: 4
[2263.757s][debug][gc,phases      ] GC(286)     Total                          Min: 0, Avg: 167.0, Max: 384, Diff: 384, Sum: 668, Workers: 4
[2263.757s][debug][gc,phases      ] GC(286)   ObjectSynchronizer Weak        Min:  0.0, Avg:  0.0, Max:  0.0, Diff:  0.0, Sum:  0.0, Workers: 4
[2263.757s][debug][gc,phases      ] GC(286)     Dead                           Min: 0, Avg:  0.0, Max: 0, Diff: 0, Sum: 0, Workers: 4
[2263.757s][debug][gc,phases      ] GC(286)     Total                          Min: 0, Avg: 87.5, Max: 222, Diff: 222, Sum: 350, Workers: 4
[2263.757s][debug][gc,phases      ] GC(286)   JVMTI Tag Weak OopStorage      Min:  0.0, Avg:  0.0, Max:  0.0, Diff:  0.0, Sum:  0.0, Workers: 4
[2263.757s][debug][gc,phases      ] GC(286)     Dead                           Min: 0, Avg:  0.0, Max: 0, Diff: 0, Sum: 0, Workers: 4
[2263.757s][debug][gc,phases      ] GC(286)     Total                          Min: 0, Avg:  0.0, Max: 0, Diff: 0, Sum: 0, Workers: 4
[2263.757s][debug][gc,phases      ] GC(286)   StringTable Weak               Min:  0.1, Avg:  0.1, Max:  0.1, Diff:  0.0, Sum:  0.4, Workers: 4
[2263.757s][debug][gc,phases      ] GC(286)     Dead                           Min: 0, Avg:  0.0, Max: 0, Diff: 0, Sum: 0, Workers: 4
[2263.757s][debug][gc,phases      ] GC(286)     Total                          Min: 9600, Avg: 12040.5, Max: 14818, Diff: 5218, Sum: 48162, Workers: 4
[2263.757s][debug][gc,phases      ] GC(286)   ResolvedMethodTable Weak       Min:  0.0, Avg:  0.0, Max:  0.0, Diff:  0.0, Sum:  0.1, Workers: 4
[2263.757s][debug][gc,phases      ] GC(286)     Dead                           Min: 0, Avg:  0.0, Max: 0, Diff: 0, Sum: 0, Workers: 4
[2263.757s][debug][gc,phases      ] GC(286)     Total                          Min: 1623, Avg: 1986.2, Max: 2323, Diff: 700, Sum: 7945, Workers: 4
[2263.757s][debug][gc,phases      ] GC(286)   JNI Weak                       Min:  0.0, Avg:  0.0, Max:  0.0, Diff:  0.0, Sum:  0.0, Workers: 4
[2263.757s][debug][gc,phases      ] GC(286)     Dead                           Min: 0, Avg:  0.0, Max: 0, Diff: 0, Sum: 0, Workers: 4
[2263.757s][debug][gc,phases      ] GC(286)     Total                          Min: 0, Avg:  0.0, Max: 0, Diff: 0, Sum: 0, Workers: 4
[2263.757s][debug][gc,phases      ] GC(286)   StringDedup Table Weak         Min:  0.0, Avg:  0.0, Max:  0.0, Diff:  0.0, Sum:  0.0, Workers: 4
[2263.757s][debug][gc,phases      ] GC(286)     Dead                           Min: 0, Avg:  0.0, Max: 0, Diff: 0, Sum: 0, Workers: 4
[2263.757s][debug][gc,phases      ] GC(286)     Total                          Min: 0, Avg:  0.0, Max: 0, Diff: 0, Sum: 0, Workers: 4
[2263.757s][debug][gc,phases      ] GC(286)   StringDedup Requests0 Weak     Min:  0.0, Avg:  0.0, Max:  0.0, Diff:  0.0, Sum:  0.0, Workers: 4
[2263.757s][debug][gc,phases      ] GC(286)     Dead                           Min: 0, Avg:  0.0, Max: 0, Diff: 0, Sum: 0, Workers: 4
[2263.757s][debug][gc,phases      ] GC(286)     Total                          Min: 0, Avg:  0.0, Max: 0, Diff: 0, Sum: 0, Workers: 4
[2263.757s][debug][gc,phases      ] GC(286)   StringDedup Requests1 Weak     Min:  0.0, Avg:  0.0, Max:  0.0, Diff:  0.0, Sum:  0.0, Workers: 4
[2263.757s][debug][gc,phases      ] GC(286)     Dead                           Min: 0, Avg:  0.0, Max: 0, Diff: 0, Sum: 0, Workers: 4
[2263.757s][debug][gc,phases      ] GC(286)     Total                          Min: 0, Avg:  0.0, Max: 0, Diff: 0, Sum: 0, Workers: 4
[2263.757s][debug][gc,phases      ] GC(286)   Weak JFR Old Object Samples    Min:  0.0, Avg:  0.0, Max:  0.0, Diff:  0.0, Sum:  0.0, Workers: 4
[2263.757s][debug][gc,phases      ] GC(286)     Dead                           Min: 0, Avg:  0.0, Max: 0, Diff: 0, Sum: 0, Workers: 4
[2263.757s][debug][gc,phases      ] GC(286)     Total                          Min: 0, Avg:  0.0, Max: 0, Diff: 0, Sum: 0, Workers: 4
[2263.757s][debug][gc,phases      ] GC(286) Weak Processing 0.281ms
[2263.757s][debug][gc,age         ] GC(286) Desired survivor size 3145728 bytes, new threshold 15 (max threshold 15)
[2263.757s][info ][gc,heap        ] GC(286) PSYoungGen: 2093488K(2094080K)->2544K(2094080K) Eden: 2091008K(2091008K)->0K(2091008K) From: 2480K(3072K)->2544K(3072K)
[2263.757s][info ][gc,heap        ] GC(286) ParOldGen: 561903K(614400K)->561919K(614400K)
[2263.757s][info ][gc,metaspace   ] GC(286) Metaspace: 82204K(83072K)->82204K(83072K) NonClass: 70713K(71168K)->70713K(71168K) Class: 11490K(11904K)->11490K(11904K)
[2263.757s][info ][gc             ] GC(286) Pause Young (Allocation Failure) 2593M->551M(2645M) 3.270ms
[2263.757s][info ][gc,cpu         ] GC(286) User=0.01s Sys=0.00s Real=0.00s
[2263.757s][info ][safepoint      ] Safepoint "ParallelGCFailedAllocation", Time since last: 12895656928 ns, Reaching safepoint: 36200 ns, At safepoint: 3339831 ns, Total: 3376031 ns
[2266.757s][info ][safepoint      ] Safepoint "Cleanup", Time since last: 3000167689 ns, Reaching safepoint: 104701 ns, At safepoint: 9700 ns, Total: 114401 ns
[2277.356s][info ][gc,start       ] GC(287) Pause Young (Allocation Failure)
[2277.358s][debug][gc,phases      ] GC(287) Scavenge 2.127ms
[2277.358s][debug][gc,ref         ] GC(287) Skipped phase 1 of Reference Processing: no references
[2277.358s][debug][gc,ref         ] GC(287) ReferenceProcessor::execute queues: 1, RefProcThreadModel::Single, marks_oops_alive: false
[2277.358s][debug][gc,ref         ] GC(287) Skipped phase 3 of Reference Processing: no references
[2277.358s][debug][gc,ref         ] GC(287) ReferenceProcessor::execute queues: 1, RefProcThreadModel::Single, marks_oops_alive: false
[2277.358s][debug][gc,phases      ] GC(287) Reference Processing 0.103ms
[2277.358s][debug][gc,phases      ] GC(287)   VM Weak                        Min:  0.0, Avg:  0.0, Max:  0.0, Diff:  0.0, Sum:  0.0, Workers: 4
[2277.358s][debug][gc,phases      ] GC(287)     Dead                           Min: 0, Avg:  0.0, Max: 0, Diff: 0, Sum: 0, Workers: 4
[2277.358s][debug][gc,phases      ] GC(287)     Total                          Min: 0, Avg: 167.0, Max: 668, Diff: 668, Sum: 668, Workers: 4
[2277.358s][debug][gc,phases      ] GC(287)   ObjectSynchronizer Weak        Min:  0.0, Avg:  0.0, Max:  0.0, Diff:  0.0, Sum:  0.0, Workers: 4
[2277.358s][debug][gc,phases      ] GC(287)     Dead                           Min: 0, Avg:  0.0, Max: 0, Diff: 0, Sum: 0, Workers: 4
[2277.358s][debug][gc,phases      ] GC(287)     Total                          Min: 0, Avg: 87.5, Max: 350, Diff: 350, Sum: 350, Workers: 4
[2277.358s][debug][gc,phases      ] GC(287)   JVMTI Tag Weak OopStorage      Min:  0.0, Avg:  0.0, Max:  0.0, Diff:  0.0, Sum:  0.0, Workers: 4
[2277.358s][debug][gc,phases      ] GC(287)     Dead                           Min: 0, Avg:  0.0, Max: 0, Diff: 0, Sum: 0, Workers: 4
[2277.358s][debug][gc,phases      ] GC(287)     Total                          Min: 0, Avg:  0.0, Max: 0, Diff: 0, Sum: 0, Workers: 4
[2277.358s][debug][gc,phases      ] GC(287)   StringTable Weak               Min:  0.1, Avg:  0.1, Max:  0.1, Diff:  0.0, Sum:  0.3, Workers: 4
[2277.358s][debug][gc,phases      ] GC(287)     Dead                           Min: 0, Avg:  0.0, Max: 0, Diff: 0, Sum: 0, Workers: 4
[2277.358s][debug][gc,phases      ] GC(287)     Total                          Min: 9408, Avg: 12040.5, Max: 14016, Diff: 4608, Sum: 48162, Workers: 4
[2277.358s][debug][gc,phases      ] GC(287)   ResolvedMethodTable Weak       Min:  0.0, Avg:  0.0, Max:  0.0, Diff:  0.0, Sum:  0.1, Workers: 4
[2277.358s][debug][gc,phases      ] GC(287)     Dead                           Min: 0, Avg:  0.0, Max: 0, Diff: 0, Sum: 0, Workers: 4
[2277.358s][debug][gc,phases      ] GC(287)     Total                          Min: 1473, Avg: 1986.2, Max: 2202, Diff: 729, Sum: 7945, Workers: 4
[2277.358s][debug][gc,phases      ] GC(287)   JNI Weak                       Min:  0.0, Avg:  0.0, Max:  0.0, Diff:  0.0, Sum:  0.0, Workers: 4
[2277.358s][debug][gc,phases      ] GC(287)     Dead                           Min: 0, Avg:  0.0, Max: 0, Diff: 0, Sum: 0, Workers: 4
[2277.358s][debug][gc,phases      ] GC(287)     Total                          Min: 0, Avg:  0.0, Max: 0, Diff: 0, Sum: 0, Workers: 4
[2277.358s][debug][gc,phases      ] GC(287)   StringDedup Table Weak         Min:  0.0, Avg:  0.0, Max:  0.0, Diff:  0.0, Sum:  0.0, Workers: 4
[2277.358s][debug][gc,phases      ] GC(287)     Dead                           Min: 0, Avg:  0.0, Max: 0, Diff: 0, Sum: 0, Workers: 4
[2277.358s][debug][gc,phases      ] GC(287)     Total                          Min: 0, Avg:  0.0, Max: 0, Diff: 0, Sum: 0, Workers: 4
[2277.358s][debug][gc,phases      ] GC(287)   StringDedup Requests0 Weak     Min:  0.0, Avg:  0.0, Max:  0.0, Diff:  0.0, Sum:  0.0, Workers: 4
[2277.358s][debug][gc,phases      ] GC(287)     Dead                           Min: 0, Avg:  0.0, Max: 0, Diff: 0, Sum: 0, Workers: 4
[2277.358s][debug][gc,phases      ] GC(287)     Total                          Min: 0, Avg:  0.0, Max: 0, Diff: 0, Sum: 0, Workers: 4
[2277.358s][debug][gc,phases      ] GC(287)   StringDedup Requests1 Weak     Min:  0.0, Avg:  0.0, Max:  0.0, Diff:  0.0, Sum:  0.0, Workers: 4
[2277.358s][debug][gc,phases      ] GC(287)     Dead                           Min: 0, Avg:  0.0, Max: 0, Diff: 0, Sum: 0, Workers: 4
[2277.358s][debug][gc,phases      ] GC(287)     Total                          Min: 0, Avg:  0.0, Max: 0, Diff: 0, Sum: 0, Workers: 4
[2277.358s][debug][gc,phases      ] GC(287)   Weak JFR Old Object Samples    Min:  0.0, Avg:  0.0, Max:  0.0, Diff:  0.0, Sum:  0.0, Workers: 4
[2277.358s][debug][gc,phases      ] GC(287)     Dead                           Min: 0, Avg:  0.0, Max: 0, Diff: 0, Sum: 0, Workers: 4
[2277.358s][debug][gc,phases      ] GC(287)     Total                          Min: 0, Avg:  0.0, Max: 0, Diff: 0, Sum: 0, Workers: 4
[2277.358s][debug][gc,phases      ] GC(287) Weak Processing 0.264ms
[2277.358s][debug][gc,age         ] GC(287) Desired survivor size 3145728 bytes, new threshold 15 (max threshold 15)
[2277.358s][info ][gc,heap        ] GC(287) PSYoungGen: 2093552K(2094080K)->2544K(2094080K) Eden: 2091008K(2091008K)->0K(2091008K) From: 2544K(3072K)->2544K(3072K)
[2277.358s][info ][gc,heap        ] GC(287) ParOldGen: 561919K(614400K)->561935K(614400K)
[2277.358s][info ][gc,metaspace   ] GC(287) Metaspace: 82204K(83072K)->82204K(83072K) NonClass: 70713K(71168K)->70713K(71168K) Class: 11490K(11904K)->11490K(11904K)
[2277.358s][info ][gc             ] GC(287) Pause Young (Allocation Failure) 2593M->551M(2645M) 2.609ms
[2277.358s][info ][gc,cpu         ] GC(287) User=0.01s Sys=0.00s Real=0.00s
[2277.358s][info ][safepoint      ] Safepoint "ParallelGCFailedAllocation", Time since last: 10598175832 ns, Reaching safepoint: 28500 ns, At safepoint: 2693825 ns, Total: 2722325 ns
[2291.055s][info ][gc,start       ] GC(288) Pause Young (Allocation Failure)
[2291.057s][debug][gc,phases      ] GC(288) Scavenge 2.064ms
[2291.057s][debug][gc,ref         ] GC(288) Skipped phase 1 of Reference Processing: no references
[2291.057s][debug][gc,ref         ] GC(288) ReferenceProcessor::execute queues: 1, RefProcThreadModel::Single, marks_oops_alive: false
[2291.057s][debug][gc,ref         ] GC(288) Skipped phase 3 of Reference Processing: no references
[2291.057s][debug][gc,ref         ] GC(288) ReferenceProcessor::execute queues: 1, RefProcThreadModel::Single, marks_oops_alive: false
[2291.057s][debug][gc,phases      ] GC(288) Reference Processing 0.102ms
[2291.057s][debug][gc,phases      ] GC(288)   VM Weak                        Min:  0.0, Avg:  0.0, Max:  0.0, Diff:  0.0, Sum:  0.0, Workers: 4
[2291.057s][debug][gc,phases      ] GC(288)     Dead                           Min: 0, Avg:  0.0, Max: 0, Diff: 0, Sum: 0, Workers: 4
[2291.057s][debug][gc,phases      ] GC(288)     Total                          Min: 0, Avg: 167.0, Max: 448, Diff: 448, Sum: 668, Workers: 4
[2291.057s][debug][gc,phases      ] GC(288)   ObjectSynchronizer Weak        Min:  0.0, Avg:  0.0, Max:  0.0, Diff:  0.0, Sum:  0.0, Workers: 4
[2291.057s][debug][gc,phases      ] GC(288)     Dead                           Min: 0, Avg:  0.0, Max: 0, Diff: 0, Sum: 0, Workers: 4
[2291.057s][debug][gc,phases      ] GC(288)     Total                          Min: 0, Avg: 87.5, Max: 222, Diff: 222, Sum: 350, Workers: 4
[2291.057s][debug][gc,phases      ] GC(288)   JVMTI Tag Weak OopStorage      Min:  0.0, Avg:  0.0, Max:  0.0, Diff:  0.0, Sum:  0.0, Workers: 4
[2291.057s][debug][gc,phases      ] GC(288)     Dead                           Min: 0, Avg:  0.0, Max: 0, Diff: 0, Sum: 0, Workers: 4
[2291.057s][debug][gc,phases      ] GC(288)     Total                          Min: 0, Avg:  0.0, Max: 0, Diff: 0, Sum: 0, Workers: 4
[2291.057s][debug][gc,phases      ] GC(288)   StringTable Weak               Min:  0.1, Avg:  0.1, Max:  0.1, Diff:  0.0, Sum:  0.3, Workers: 4
[2291.057s][debug][gc,phases      ] GC(288)     Dead                           Min: 0, Avg:  0.0, Max: 0, Diff: 0, Sum: 0, Workers: 4
[2291.057s][debug][gc,phases      ] GC(288)     Total                          Min: 11648, Avg: 12040.5, Max: 12736, Diff: 1088, Sum: 48162, Workers: 4
[2291.057s][debug][gc,phases      ] GC(288)   ResolvedMethodTable Weak       Min:  0.0, Avg:  0.0, Max:  0.0, Diff:  0.0, Sum:  0.1, Workers: 4
[2291.057s][debug][gc,phases      ] GC(288)     Dead                           Min: 0, Avg:  0.0, Max: 0, Diff: 0, Sum: 0, Workers: 4
[2291.057s][debug][gc,phases      ] GC(288)     Total                          Min: 1930, Avg: 1986.2, Max: 2034, Diff: 104, Sum: 7945, Workers: 4
[2291.057s][debug][gc,phases      ] GC(288)   JNI Weak                       Min:  0.0, Avg:  0.0, Max:  0.0, Diff:  0.0, Sum:  0.0, Workers: 4
[2291.057s][debug][gc,phases      ] GC(288)     Dead                           Min: 0, Avg:  0.0, Max: 0, Diff: 0, Sum: 0, Workers: 4
[2291.057s][debug][gc,phases      ] GC(288)     Total                          Min: 0, Avg:  0.0, Max: 0, Diff: 0, Sum: 0, Workers: 4
[2291.057s][debug][gc,phases      ] GC(288)   StringDedup Table Weak         Min:  0.0, Avg:  0.0, Max:  0.0, Diff:  0.0, Sum:  0.0, Workers: 4
[2291.057s][debug][gc,phases      ] GC(288)     Dead                           Min: 0, Avg:  0.0, Max: 0, Diff: 0, Sum: 0, Workers: 4
[2291.057s][debug][gc,phases      ] GC(288)     Total                          Min: 0, Avg:  0.0, Max: 0, Diff: 0, Sum: 0, Workers: 4
[2291.058s][debug][gc,phases      ] GC(288)   StringDedup Requests0 Weak     Min:  0.0, Avg:  0.0, Max:  0.0, Diff:  0.0, Sum:  0.0, Workers: 4
[2291.058s][debug][gc,phases      ] GC(288)     Dead                           Min: 0, Avg:  0.0, Max: 0, Diff: 0, Sum: 0, Workers: 4
[2291.058s][debug][gc,phases      ] GC(288)     Total                          Min: 0, Avg:  0.0, Max: 0, Diff: 0, Sum: 0, Workers: 4
[2291.058s][debug][gc,phases      ] GC(288)   StringDedup Requests1 Weak     Min:  0.0, Avg:  0.0, Max:  0.0, Diff:  0.0, Sum:  0.0, Workers: 4
[2291.058s][debug][gc,phases      ] GC(288)     Dead                           Min: 0, Avg:  0.0, Max: 0, Diff: 0, Sum: 0, Workers: 4
[2291.058s][debug][gc,phases      ] GC(288)     Total                          Min: 0, Avg:  0.0, Max: 0, Diff: 0, Sum: 0, Workers: 4
[2291.058s][debug][gc,phases      ] GC(288)   Weak JFR Old Object Samples    Min:  0.0, Avg:  0.0, Max:  0.0, Diff:  0.0, Sum:  0.0, Workers: 4
[2291.058s][debug][gc,phases      ] GC(288)     Dead                           Min: 0, Avg:  0.0, Max: 0, Diff: 0, Sum: 0, Workers: 4
[2291.058s][debug][gc,phases      ] GC(288)     Total                          Min: 0, Avg:  0.0, Max: 0, Diff: 0, Sum: 0, Workers: 4
[2291.058s][debug][gc,phases      ] GC(288) Weak Processing 0.262ms
[2291.058s][debug][gc,age         ] GC(288) Desired survivor size 3145728 bytes, new threshold 15 (max threshold 15)
[2291.058s][info ][gc,heap        ] GC(288) PSYoungGen: 2093552K(2094080K)->2496K(2094080K) Eden: 2091008K(2091008K)->0K(2091008K) From: 2544K(3072K)->2496K(3072K)
[2291.058s][info ][gc,heap        ] GC(288) ParOldGen: 561935K(614400K)->561967K(614400K)
[2291.058s][info ][gc,metaspace   ] GC(288) Metaspace: 82205K(83072K)->82205K(83072K) NonClass: 70714K(71168K)->70714K(71168K) Class: 11490K(11904K)->11490K(11904K)
[2291.058s][info ][gc             ] GC(288) Pause Young (Allocation Failure) 2593M->551M(2645M) 2.529ms
[2291.058s][info ][gc,cpu         ] GC(288) User=0.01s Sys=0.00s Real=0.00s
[2291.058s][info ][safepoint      ] Safepoint "ParallelGCFailedAllocation", Time since last: 13696768653 ns, Reaching safepoint: 37900 ns, At safepoint: 2599624 ns, Total: 2637524 ns
[2295.058s][info ][safepoint      ] Safepoint "Cleanup", Time since last: 4000282443 ns, Reaching safepoint: 106401 ns, At safepoint: 7901 ns, Total: 114302 ns
[2303.425s][info ][gc,start       ] GC(289) Pause Young (Allocation Failure)
[2303.427s][debug][gc,phases      ] GC(289) Scavenge 2.863ms
[2303.427s][debug][gc,ref         ] GC(289) Skipped phase 1 of Reference Processing: no references
[2303.428s][debug][gc,ref         ] GC(289) ReferenceProcessor::execute queues: 1, RefProcThreadModel::Single, marks_oops_alive: false
[2303.428s][debug][gc,ref         ] GC(289) Skipped phase 3 of Reference Processing: no references
[2303.428s][debug][gc,ref         ] GC(289) ReferenceProcessor::execute queues: 1, RefProcThreadModel::Single, marks_oops_alive: false
[2303.428s][debug][gc,phases      ] GC(289) Reference Processing 0.117ms
[2303.428s][debug][gc,phases      ] GC(289)   VM Weak                        Min:  0.0, Avg:  0.0, Max:  0.0, Diff:  0.0, Sum:  0.0, Workers: 4
[2303.428s][debug][gc,phases      ] GC(289)     Dead                           Min: 0, Avg:  0.0, Max: 0, Diff: 0, Sum: 0, Workers: 4
[2303.428s][debug][gc,phases      ] GC(289)     Total                          Min: 0, Avg: 167.0, Max: 412, Diff: 412, Sum: 668, Workers: 4
[2303.428s][debug][gc,phases      ] GC(289)   ObjectSynchronizer Weak        Min:  0.0, Avg:  0.0, Max:  0.0, Diff:  0.0, Sum:  0.0, Workers: 4
[2303.428s][debug][gc,phases      ] GC(289)     Dead                           Min: 0, Avg:  0.0, Max: 0, Diff: 0, Sum: 0, Workers: 4
[2303.428s][debug][gc,phases      ] GC(289)     Total                          Min: 0, Avg: 87.5, Max: 192, Diff: 192, Sum: 350, Workers: 4
[2303.428s][debug][gc,phases      ] GC(289)   JVMTI Tag Weak OopStorage      Min:  0.0, Avg:  0.0, Max:  0.0, Diff:  0.0, Sum:  0.0, Workers: 4
[2303.428s][debug][gc,phases      ] GC(289)     Dead                           Min: 0, Avg:  0.0, Max: 0, Diff: 0, Sum: 0, Workers: 4
[2303.428s][debug][gc,phases      ] GC(289)     Total                          Min: 0, Avg:  0.0, Max: 0, Diff: 0, Sum: 0, Workers: 4
[2303.428s][debug][gc,phases      ] GC(289)   StringTable Weak               Min:  0.1, Avg:  0.1, Max:  0.1, Diff:  0.0, Sum:  0.4, Workers: 4
[2303.428s][debug][gc,phases      ] GC(289)     Dead                           Min: 0, Avg:  0.0, Max: 0, Diff: 0, Sum: 0, Workers: 4
[2303.428s][debug][gc,phases      ] GC(289)     Total                          Min: 10048, Avg: 12040.5, Max: 15074, Diff: 5026, Sum: 48162, Workers: 4
[2303.428s][debug][gc,phases      ] GC(289)   ResolvedMethodTable Weak       Min:  0.0, Avg:  0.0, Max:  0.0, Diff:  0.0, Sum:  0.1, Workers: 4
[2303.428s][debug][gc,phases      ] GC(289)     Dead                           Min: 0, Avg:  0.0, Max: 0, Diff: 0, Sum: 0, Workers: 4
[2303.428s][debug][gc,phases      ] GC(289)     Total                          Min: 1817, Avg: 1986.2, Max: 2453, Diff: 636, Sum: 7945, Workers: 4
[2303.428s][debug][gc,phases      ] GC(289)   JNI Weak                       Min:  0.0, Avg:  0.0, Max:  0.0, Diff:  0.0, Sum:  0.0, Workers: 4
[2303.428s][debug][gc,phases      ] GC(289)     Dead                           Min: 0, Avg:  0.0, Max: 0, Diff: 0, Sum: 0, Workers: 4
[2303.428s][debug][gc,phases      ] GC(289)     Total                          Min: 0, Avg:  0.0, Max: 0, Diff: 0, Sum: 0, Workers: 4
[2303.428s][debug][gc,phases      ] GC(289)   StringDedup Table Weak         Min:  0.0, Avg:  0.0, Max:  0.0, Diff:  0.0, Sum:  0.0, Workers: 4
[2303.428s][debug][gc,phases      ] GC(289)     Dead                           Min: 0, Avg:  0.0, Max: 0, Diff: 0, Sum: 0, Workers: 4
[2303.428s][debug][gc,phases      ] GC(289)     Total                          Min: 0, Avg:  0.0, Max: 0, Diff: 0, Sum: 0, Workers: 4
[2303.428s][debug][gc,phases      ] GC(289)   StringDedup Requests0 Weak     Min:  0.0, Avg:  0.0, Max:  0.0, Diff:  0.0, Sum:  0.0, Workers: 4
[2303.428s][debug][gc,phases      ] GC(289)     Dead                           Min: 0, Avg:  0.0, Max: 0, Diff: 0, Sum: 0, Workers: 4
[2303.428s][debug][gc,phases      ] GC(289)     Total                          Min: 0, Avg:  0.0, Max: 0, Diff: 0, Sum: 0, Workers: 4
[2303.428s][debug][gc,phases      ] GC(289)   StringDedup Requests1 Weak     Min:  0.0, Avg:  0.0, Max:  0.0, Diff:  0.0, Sum:  0.0, Workers: 4
[2303.428s][debug][gc,phases      ] GC(289)     Dead                           Min: 0, Avg:  0.0, Max: 0, Diff: 0, Sum: 0, Workers: 4
[2303.428s][debug][gc,phases      ] GC(289)     Total                          Min: 0, Avg:  0.0, Max: 0, Diff: 0, Sum: 0, Workers: 4
[2303.428s][debug][gc,phases      ] GC(289)   Weak JFR Old Object Samples    Min:  0.0, Avg:  0.0, Max:  0.0, Diff:  0.0, Sum:  0.0, Workers: 4
[2303.428s][debug][gc,phases      ] GC(289)     Dead                           Min: 0, Avg:  0.0, Max: 0, Diff: 0, Sum: 0, Workers: 4
[2303.428s][debug][gc,phases      ] GC(289)     Total                          Min: 0, Avg:  0.0, Max: 0, Diff: 0, Sum: 0, Workers: 4
[2303.428s][debug][gc,phases      ] GC(289) Weak Processing 0.305ms
[2303.428s][debug][gc,age         ] GC(289) Desired survivor size 3145728 bytes, new threshold 15 (max threshold 15)
[2303.428s][info ][gc,heap        ] GC(289) PSYoungGen: 2093504K(2094080K)->2736K(2094080K) Eden: 2091008K(2091008K)->0K(2091008K) From: 2496K(3072K)->2736K(3072K)
[2303.428s][info ][gc,heap        ] GC(289) ParOldGen: 561967K(614400K)->561999K(614400K)
[2303.428s][info ][gc,metaspace   ] GC(289) Metaspace: 82205K(83072K)->82205K(83072K) NonClass: 70714K(71168K)->70714K(71168K) Class: 11490K(11904K)->11490K(11904K)
[2303.428s][info ][gc             ] GC(289) Pause Young (Allocation Failure) 2593M->551M(2645M) 3.396ms
[2303.428s][info ][gc,cpu         ] GC(289) User=0.02s Sys=0.00s Real=0.01s
[2303.428s][info ][safepoint      ] Safepoint "ParallelGCFailedAllocation", Time since last: 8366413327 ns, Reaching safepoint: 44201 ns, At safepoint: 3492032 ns, Total: 3536233 ns
[2315.376s][info ][gc,start       ] GC(290) Pause Young (Allocation Failure)
[2315.379s][debug][gc,phases      ] GC(290) Scavenge 2.806ms
[2315.379s][debug][gc,ref         ] GC(290) Skipped phase 1 of Reference Processing: no references
[2315.379s][debug][gc,ref         ] GC(290) ReferenceProcessor::execute queues: 1, RefProcThreadModel::Single, marks_oops_alive: false
[2315.379s][debug][gc,ref         ] GC(290) Skipped phase 3 of Reference Processing: no references
[2315.379s][debug][gc,ref         ] GC(290) ReferenceProcessor::execute queues: 1, RefProcThreadModel::Single, marks_oops_alive: false
[2315.379s][debug][gc,phases      ] GC(290) Reference Processing 0.125ms
[2315.380s][debug][gc,phases      ] GC(290)   VM Weak                        Min:  0.0, Avg:  0.0, Max:  0.0, Diff:  0.0, Sum:  0.0, Workers: 4
[2315.380s][debug][gc,phases      ] GC(290)     Dead                           Min: 0, Avg:  0.0, Max: 0, Diff: 0, Sum: 0, Workers: 4
[2315.380s][debug][gc,phases      ] GC(290)     Total                          Min: 0, Avg: 167.0, Max: 668, Diff: 668, Sum: 668, Workers: 4
[2315.380s][debug][gc,phases      ] GC(290)   ObjectSynchronizer Weak        Min:  0.0, Avg:  0.0, Max:  0.0, Diff:  0.0, Sum:  0.0, Workers: 4
[2315.380s][debug][gc,phases      ] GC(290)     Dead                           Min: 0, Avg:  0.0, Max: 0, Diff: 0, Sum: 0, Workers: 4
[2315.380s][debug][gc,phases      ] GC(290)     Total                          Min: 0, Avg: 87.5, Max: 192, Diff: 192, Sum: 350, Workers: 4
[2315.380s][debug][gc,phases      ] GC(290)   JVMTI Tag Weak OopStorage      Min:  0.0, Avg:  0.0, Max:  0.0, Diff:  0.0, Sum:  0.0, Workers: 4
[2315.380s][debug][gc,phases      ] GC(290)     Dead                           Min: 0, Avg:  0.0, Max: 0, Diff: 0, Sum: 0, Workers: 4
[2315.380s][debug][gc,phases      ] GC(290)     Total                          Min: 0, Avg:  0.0, Max: 0, Diff: 0, Sum: 0, Workers: 4
[2315.380s][debug][gc,phases      ] GC(290)   StringTable Weak               Min:  0.1, Avg:  0.1, Max:  0.1, Diff:  0.0, Sum:  0.4, Workers: 4
[2315.380s][debug][gc,phases      ] GC(290)     Dead                           Min: 0, Avg:  0.0, Max: 0, Diff: 0, Sum: 0, Workers: 4
[2315.380s][debug][gc,phases      ] GC(290)     Total                          Min: 10048, Avg: 12040.5, Max: 14272, Diff: 4224, Sum: 48162, Workers: 4
[2315.380s][debug][gc,phases      ] GC(290)   ResolvedMethodTable Weak       Min:  0.0, Avg:  0.0, Max:  0.0, Diff:  0.0, Sum:  0.1, Workers: 4
[2315.380s][debug][gc,phases      ] GC(290)     Dead                           Min: 0, Avg:  0.0, Max: 0, Diff: 0, Sum: 0, Workers: 4
[2315.380s][debug][gc,phases      ] GC(290)     Total                          Min: 1624, Avg: 1986.2, Max: 2388, Diff: 764, Sum: 7945, Workers: 4
[2315.380s][debug][gc,phases      ] GC(290)   JNI Weak                       Min:  0.0, Avg:  0.0, Max:  0.0, Diff:  0.0, Sum:  0.0, Workers: 4
[2315.380s][debug][gc,phases      ] GC(290)     Dead                           Min: 0, Avg:  0.0, Max: 0, Diff: 0, Sum: 0, Workers: 4
[2315.380s][debug][gc,phases      ] GC(290)     Total                          Min: 0, Avg:  0.0, Max: 0, Diff: 0, Sum: 0, Workers: 4
[2315.380s][debug][gc,phases      ] GC(290)   StringDedup Table Weak         Min:  0.0, Avg:  0.0, Max:  0.0, Diff:  0.0, Sum:  0.0, Workers: 4
[2315.380s][debug][gc,phases      ] GC(290)     Dead                           Min: 0, Avg:  0.0, Max: 0, Diff: 0, Sum: 0, Workers: 4
[2315.380s][debug][gc,phases      ] GC(290)     Total                          Min: 0, Avg:  0.0, Max: 0, Diff: 0, Sum: 0, Workers: 4
[2315.380s][debug][gc,phases      ] GC(290)   StringDedup Requests0 Weak     Min:  0.0, Avg:  0.0, Max:  0.0, Diff:  0.0, Sum:  0.0, Workers: 4
[2315.380s][debug][gc,phases      ] GC(290)     Dead                           Min: 0, Avg:  0.0, Max: 0, Diff: 0, Sum: 0, Workers: 4
[2315.380s][debug][gc,phases      ] GC(290)     Total                          Min: 0, Avg:  0.0, Max: 0, Diff: 0, Sum: 0, Workers: 4
[2315.380s][debug][gc,phases      ] GC(290)   StringDedup Requests1 Weak     Min:  0.0, Avg:  0.0, Max:  0.0, Diff:  0.0, Sum:  0.0, Workers: 4
[2315.380s][debug][gc,phases      ] GC(290)     Dead                           Min: 0, Avg:  0.0, Max: 0, Diff: 0, Sum: 0, Workers: 4
[2315.380s][debug][gc,phases      ] GC(290)     Total                          Min: 0, Avg:  0.0, Max: 0, Diff: 0, Sum: 0, Workers: 4
[2315.380s][debug][gc,phases      ] GC(290)   Weak JFR Old Object Samples    Min:  0.0, Avg:  0.0, Max:  0.0, Diff:  0.0, Sum:  0.0, Workers: 4
[2315.380s][debug][gc,phases      ] GC(290)     Dead                           Min: 0, Avg:  0.0, Max: 0, Diff: 0, Sum: 0, Workers: 4
[2315.380s][debug][gc,phases      ] GC(290)     Total                          Min: 0, Avg:  0.0, Max: 0, Diff: 0, Sum: 0, Workers: 4
[2315.380s][debug][gc,phases      ] GC(290) Weak Processing 0.277ms
[2315.380s][debug][gc,age         ] GC(290) Desired survivor size 3145728 bytes, new threshold 14 (max threshold 15)
[2315.380s][info ][gc,heap        ] GC(290) PSYoungGen: 2093744K(2094080K)->3057K(2094080K) Eden: 2091008K(2091008K)->0K(2091008K) From: 2736K(3072K)->3057K(3072K)
[2315.380s][info ][gc,heap        ] GC(290) ParOldGen: 561999K(614400K)->562383K(614400K)
[2315.380s][info ][gc,metaspace   ] GC(290) Metaspace: 82205K(83072K)->82205K(83072K) NonClass: 70714K(71168K)->70714K(71168K) Class: 11490K(11904K)->11490K(11904K)
[2315.380s][info ][gc             ] GC(290) Pause Young (Allocation Failure) 2593M->552M(2645M) 3.314ms
[2315.380s][info ][gc,cpu         ] GC(290) User=0.01s Sys=0.00s Real=0.01s
[2315.380s][info ][safepoint      ] Safepoint "ParallelGCFailedAllocation", Time since last: 11948364076 ns, Reaching safepoint: 25800 ns, At safepoint: 3388331 ns, Total: 3414131 ns
[2322.380s][info ][safepoint      ] Safepoint "Cleanup", Time since last: 7000496935 ns, Reaching safepoint: 32901 ns, At safepoint: 3600 ns, Total: 36501 ns
[2323.380s][info ][safepoint      ] Safepoint "Cleanup", Time since last: 1000100875 ns, Reaching safepoint: 62801 ns, At safepoint: 12100 ns, Total: 74901 ns
[2325.381s][info ][safepoint      ] Safepoint "Cleanup", Time since last: 2000160449 ns, Reaching safepoint: 48400 ns, At safepoint: 8400 ns, Total: 56800 ns
[2327.354s][info ][gc,start       ] GC(291) Pause Young (Allocation Failure)
[2327.356s][debug][gc,phases      ] GC(291) Scavenge 2.678ms
[2327.357s][debug][gc,ref         ] GC(291) Skipped phase 1 of Reference Processing: no references
[2327.357s][debug][gc,ref         ] GC(291) Skipped phase 2 of Reference Processing: no references
[2327.357s][debug][gc,ref         ] GC(291) Skipped phase 3 of Reference Processing: no references
[2327.357s][debug][gc,ref         ] GC(291) ReferenceProcessor::execute queues: 1, RefProcThreadModel::Single, marks_oops_alive: false
[2327.357s][debug][gc,phases      ] GC(291) Reference Processing 0.094ms
[2327.357s][debug][gc,phases      ] GC(291)   VM Weak                        Min:  0.0, Avg:  0.0, Max:  0.0, Diff:  0.0, Sum:  0.0, Workers: 4
[2327.357s][debug][gc,phases      ] GC(291)     Dead                           Min: 0, Avg:  0.0, Max: 0, Diff: 0, Sum: 0, Workers: 4
[2327.357s][debug][gc,phases      ] GC(291)     Total                          Min: 0, Avg: 167.0, Max: 668, Diff: 668, Sum: 668, Workers: 4
[2327.357s][debug][gc,phases      ] GC(291)   ObjectSynchronizer Weak        Min:  0.0, Avg:  0.0, Max:  0.0, Diff:  0.0, Sum:  0.0, Workers: 4
[2327.357s][debug][gc,phases      ] GC(291)     Dead                           Min: 0, Avg:  0.0, Max: 0, Diff: 0, Sum: 0, Workers: 4
[2327.357s][debug][gc,phases      ] GC(291)     Total                          Min: 0, Avg: 87.5, Max: 286, Diff: 286, Sum: 350, Workers: 4
[2327.357s][debug][gc,phases      ] GC(291)   JVMTI Tag Weak OopStorage      Min:  0.0, Avg:  0.0, Max:  0.0, Diff:  0.0, Sum:  0.0, Workers: 4
[2327.357s][debug][gc,phases      ] GC(291)     Dead                           Min: 0, Avg:  0.0, Max: 0, Diff: 0, Sum: 0, Workers: 4
[2327.357s][debug][gc,phases      ] GC(291)     Total                          Min: 0, Avg:  0.0, Max: 0, Diff: 0, Sum: 0, Workers: 4
[2327.357s][debug][gc,phases      ] GC(291)   StringTable Weak               Min:  0.1, Avg:  0.1, Max:  0.1, Diff:  0.0, Sum:  0.4, Workers: 4
[2327.357s][debug][gc,phases      ] GC(291)     Dead                           Min: 0, Avg:  0.0, Max: 0, Diff: 0, Sum: 0, Workers: 4
[2327.357s][debug][gc,phases      ] GC(291)     Total                          Min: 9570, Avg: 12040.5, Max: 14400, Diff: 4830, Sum: 48162, Workers: 4
[2327.357s][debug][gc,phases      ] GC(291)   ResolvedMethodTable Weak       Min:  0.0, Avg:  0.0, Max:  0.0, Diff:  0.0, Sum:  0.1, Workers: 4
[2327.357s][debug][gc,phases      ] GC(291)     Dead                           Min: 0, Avg:  0.0, Max: 0, Diff: 0, Sum: 0, Workers: 4
[2327.357s][debug][gc,phases      ] GC(291)     Total                          Min: 1695, Avg: 1986.2, Max: 2281, Diff: 586, Sum: 7945, Workers: 4
[2327.357s][debug][gc,phases      ] GC(291)   JNI Weak                       Min:  0.0, Avg:  0.0, Max:  0.0, Diff:  0.0, Sum:  0.0, Workers: 4
[2327.357s][debug][gc,phases      ] GC(291)     Dead                           Min: 0, Avg:  0.0, Max: 0, Diff: 0, Sum: 0, Workers: 4
[2327.357s][debug][gc,phases      ] GC(291)     Total                          Min: 0, Avg:  0.0, Max: 0, Diff: 0, Sum: 0, Workers: 4
[2327.357s][debug][gc,phases      ] GC(291)   StringDedup Table Weak         Min:  0.0, Avg:  0.0, Max:  0.0, Diff:  0.0, Sum:  0.0, Workers: 4
[2327.357s][debug][gc,phases      ] GC(291)     Dead                           Min: 0, Avg:  0.0, Max: 0, Diff: 0, Sum: 0, Workers: 4
[2327.357s][debug][gc,phases      ] GC(291)     Total                          Min: 0, Avg:  0.0, Max: 0, Diff: 0, Sum: 0, Workers: 4
[2327.357s][debug][gc,phases      ] GC(291)   StringDedup Requests0 Weak     Min:  0.0, Avg:  0.0, Max:  0.0, Diff:  0.0, Sum:  0.0, Workers: 4
[2327.357s][debug][gc,phases      ] GC(291)     Dead                           Min: 0, Avg:  0.0, Max: 0, Diff: 0, Sum: 0, Workers: 4
[2327.357s][debug][gc,phases      ] GC(291)     Total                          Min: 0, Avg:  0.0, Max: 0, Diff: 0, Sum: 0, Workers: 4
[2327.357s][debug][gc,phases      ] GC(291)   StringDedup Requests1 Weak     Min:  0.0, Avg:  0.0, Max:  0.0, Diff:  0.0, Sum:  0.0, Workers: 4
[2327.357s][debug][gc,phases      ] GC(291)     Dead                           Min: 0, Avg:  0.0, Max: 0, Diff: 0, Sum: 0, Workers: 4
[2327.357s][debug][gc,phases      ] GC(291)     Total                          Min: 0, Avg:  0.0, Max: 0, Diff: 0, Sum: 0, Workers: 4
[2327.357s][debug][gc,phases      ] GC(291)   Weak JFR Old Object Samples    Min:  0.0, Avg:  0.0, Max:  0.0, Diff:  0.0, Sum:  0.0, Workers: 4
[2327.357s][debug][gc,phases      ] GC(291)     Dead                           Min: 0, Avg:  0.0, Max: 0, Diff: 0, Sum: 0, Workers: 4
[2327.357s][debug][gc,phases      ] GC(291)     Total                          Min: 0, Avg:  0.0, Max: 0, Diff: 0, Sum: 0, Workers: 4
[2327.357s][debug][gc,phases      ] GC(291) Weak Processing 0.283ms
[2327.357s][debug][gc,age         ] GC(291) Desired survivor size 3670016 bytes, new threshold 15 (max threshold 15)
[2327.357s][info ][gc,heap        ] GC(291) PSYoungGen: 2094065K(2094080K)->1712K(2093056K) Eden: 2091008K(2091008K)->0K(2089984K) From: 3057K(3072K)->1712K(3072K)
[2327.357s][info ][gc,heap        ] GC(291) ParOldGen: 562383K(614400K)->563183K(614400K)
[2327.357s][info ][gc,metaspace   ] GC(291) Metaspace: 82208K(83072K)->82208K(83072K) NonClass: 70717K(71168K)->70717K(71168K) Class: 11490K(11904K)->11490K(11904K)
[2327.357s][info ][gc             ] GC(291) Pause Young (Allocation Failure) 2594M->551M(2644M) 3.175ms
[2327.357s][info ][gc,cpu         ] GC(291) User=0.01s Sys=0.00s Real=0.00s
[2327.357s][info ][safepoint      ] Safepoint "ParallelGCFailedAllocation", Time since last: 1973049199 ns, Reaching safepoint: 29001 ns, At safepoint: 3239829 ns, Total: 3268830 ns
[2339.904s][info ][gc,start       ] GC(292) Pause Young (Allocation Failure)
[2339.906s][debug][gc,phases      ] GC(292) Scavenge 2.675ms
[2339.906s][debug][gc,ref         ] GC(292) Skipped phase 1 of Reference Processing: no references
[2339.906s][debug][gc,ref         ] GC(292) Skipped phase 2 of Reference Processing: no references
[2339.906s][debug][gc,ref         ] GC(292) Skipped phase 3 of Reference Processing: no references
[2339.906s][debug][gc,ref         ] GC(292) ReferenceProcessor::execute queues: 1, RefProcThreadModel::Single, marks_oops_alive: false
[2339.906s][debug][gc,phases      ] GC(292) Reference Processing 0.093ms
[2339.907s][debug][gc,phases      ] GC(292)   VM Weak                        Min:  0.0, Avg:  0.0, Max:  0.0, Diff:  0.0, Sum:  0.0, Workers: 4
[2339.907s][debug][gc,phases      ] GC(292)     Dead                           Min: 0, Avg:  0.0, Max: 0, Diff: 0, Sum: 0, Workers: 4
[2339.907s][debug][gc,phases      ] GC(292)     Total                          Min: 0, Avg: 167.0, Max: 668, Diff: 668, Sum: 668, Workers: 4
[2339.907s][debug][gc,phases      ] GC(292)   ObjectSynchronizer Weak        Min:  0.0, Avg:  0.0, Max:  0.0, Diff:  0.0, Sum:  0.0, Workers: 4
[2339.907s][debug][gc,phases      ] GC(292)     Dead                           Min: 0, Avg:  0.0, Max: 0, Diff: 0, Sum: 0, Workers: 4
[2339.907s][debug][gc,phases      ] GC(292)     Total                          Min: 0, Avg: 87.5, Max: 192, Diff: 192, Sum: 350, Workers: 4
[2339.907s][debug][gc,phases      ] GC(292)   JVMTI Tag Weak OopStorage      Min:  0.0, Avg:  0.0, Max:  0.0, Diff:  0.0, Sum:  0.0, Workers: 4
[2339.907s][debug][gc,phases      ] GC(292)     Dead                           Min: 0, Avg:  0.0, Max: 0, Diff: 0, Sum: 0, Workers: 4
[2339.907s][debug][gc,phases      ] GC(292)     Total                          Min: 0, Avg:  0.0, Max: 0, Diff: 0, Sum: 0, Workers: 4
[2339.907s][debug][gc,phases      ] GC(292)   StringTable Weak               Min:  0.1, Avg:  0.1, Max:  0.1, Diff:  0.0, Sum:  0.5, Workers: 4
[2339.907s][debug][gc,phases      ] GC(292)     Dead                           Min: 0, Avg:  0.0, Max: 0, Diff: 0, Sum: 0, Workers: 4
[2339.907s][debug][gc,phases      ] GC(292)     Total                          Min: 11426, Avg: 12040.5, Max: 12928, Diff: 1502, Sum: 48162, Workers: 4
[2339.907s][debug][gc,phases      ] GC(292)   ResolvedMethodTable Weak       Min:  0.0, Avg:  0.0, Max:  0.0, Diff:  0.0, Sum:  0.1, Workers: 4
[2339.907s][debug][gc,phases      ] GC(292)     Dead                           Min: 0, Avg:  0.0, Max: 0, Diff: 0, Sum: 0, Workers: 4
[2339.907s][debug][gc,phases      ] GC(292)     Total                          Min: 1935, Avg: 1986.2, Max: 2040, Diff: 105, Sum: 7945, Workers: 4
[2339.907s][debug][gc,phases      ] GC(292)   JNI Weak                       Min:  0.0, Avg:  0.0, Max:  0.0, Diff:  0.0, Sum:  0.0, Workers: 4
[2339.907s][debug][gc,phases      ] GC(292)     Dead                           Min: 0, Avg:  0.0, Max: 0, Diff: 0, Sum: 0, Workers: 4
[2339.907s][debug][gc,phases      ] GC(292)     Total                          Min: 0, Avg:  0.0, Max: 0, Diff: 0, Sum: 0, Workers: 4
[2339.907s][debug][gc,phases      ] GC(292)   StringDedup Table Weak         Min:  0.0, Avg:  0.0, Max:  0.0, Diff:  0.0, Sum:  0.0, Workers: 4
[2339.907s][debug][gc,phases      ] GC(292)     Dead                           Min: 0, Avg:  0.0, Max: 0, Diff: 0, Sum: 0, Workers: 4
[2339.907s][debug][gc,phases      ] GC(292)     Total                          Min: 0, Avg:  0.0, Max: 0, Diff: 0, Sum: 0, Workers: 4
[2339.907s][debug][gc,phases      ] GC(292)   StringDedup Requests0 Weak     Min:  0.0, Avg:  0.0, Max:  0.0, Diff:  0.0, Sum:  0.0, Workers: 4
[2339.907s][debug][gc,phases      ] GC(292)     Dead                           Min: 0, Avg:  0.0, Max: 0, Diff: 0, Sum: 0, Workers: 4
[2339.907s][debug][gc,phases      ] GC(292)     Total                          Min: 0, Avg:  0.0, Max: 0, Diff: 0, Sum: 0, Workers: 4
[2339.907s][debug][gc,phases      ] GC(292)   StringDedup Requests1 Weak     Min:  0.0, Avg:  0.0, Max:  0.0, Diff:  0.0, Sum:  0.0, Workers: 4
[2339.907s][debug][gc,phases      ] GC(292)     Dead                           Min: 0, Avg:  0.0, Max: 0, Diff: 0, Sum: 0, Workers: 4
[2339.907s][debug][gc,phases      ] GC(292)     Total                          Min: 0, Avg:  0.0, Max: 0, Diff: 0, Sum: 0, Workers: 4
[2339.907s][debug][gc,phases      ] GC(292)   Weak JFR Old Object Samples    Min:  0.0, Avg:  0.0, Max:  0.0, Diff:  0.0, Sum:  0.0, Workers: 4
[2339.907s][debug][gc,phases      ] GC(292)     Dead                           Min: 0, Avg:  0.0, Max: 0, Diff: 0, Sum: 0, Workers: 4
[2339.907s][debug][gc,phases      ] GC(292)     Total                          Min: 0, Avg:  0.0, Max: 0, Diff: 0, Sum: 0, Workers: 4
[2339.907s][debug][gc,phases      ] GC(292) Weak Processing 0.314ms
[2339.907s][debug][gc,age         ] GC(292) Desired survivor size 3670016 bytes, new threshold 15 (max threshold 15)
[2339.907s][info ][gc,heap        ] GC(292) PSYoungGen: 2091696K(2093056K)->1824K(2093568K) Eden: 2089984K(2089984K)->0K(2089984K) From: 1712K(3072K)->1824K(3584K)
[2339.907s][info ][gc,heap        ] GC(292) ParOldGen: 563183K(614400K)->563183K(614400K)
[2339.907s][info ][gc,metaspace   ] GC(292) Metaspace: 82212K(83072K)->82212K(83072K) NonClass: 70721K(71168K)->70721K(71168K) Class: 11490K(11904K)->11490K(11904K)
[2339.907s][info ][gc             ] GC(292) Pause Young (Allocation Failure) 2592M->551M(2644M) 3.192ms
[2339.907s][info ][gc,cpu         ] GC(292) User=0.01s Sys=0.00s Real=0.00s
[2339.907s][info ][safepoint      ] Safepoint "ParallelGCFailedAllocation", Time since last: 12546513059 ns, Reaching safepoint: 39701 ns, At safepoint: 3265630 ns, Total: 3305331 ns
[2351.807s][info ][gc,start       ] GC(293) Pause Young (Allocation Failure)
[2351.810s][debug][gc,phases      ] GC(293) Scavenge 3.087ms
[2351.810s][debug][gc,ref         ] GC(293) Skipped phase 1 of Reference Processing: no references
[2351.810s][debug][gc,ref         ] GC(293) Skipped phase 2 of Reference Processing: no references
[2351.810s][debug][gc,ref         ] GC(293) Skipped phase 3 of Reference Processing: no references
[2351.810s][debug][gc,ref         ] GC(293) ReferenceProcessor::execute queues: 1, RefProcThreadModel::Single, marks_oops_alive: false
[2351.810s][debug][gc,phases      ] GC(293) Reference Processing 0.095ms
[2351.810s][debug][gc,phases      ] GC(293)   VM Weak                        Min:  0.0, Avg:  0.0, Max:  0.0, Diff:  0.0, Sum:  0.0, Workers: 4
[2351.810s][debug][gc,phases      ] GC(293)     Dead                           Min: 0, Avg:  0.0, Max: 0, Diff: 0, Sum: 0, Workers: 4
[2351.810s][debug][gc,phases      ] GC(293)     Total                          Min: 0, Avg: 167.0, Max: 576, Diff: 576, Sum: 668, Workers: 4
[2351.810s][debug][gc,phases      ] GC(293)   ObjectSynchronizer Weak        Min:  0.0, Avg:  0.0, Max:  0.0, Diff:  0.0, Sum:  0.0, Workers: 4
[2351.810s][debug][gc,phases      ] GC(293)     Dead                           Min: 0, Avg:  0.0, Max: 0, Diff: 0, Sum: 0, Workers: 4
[2351.810s][debug][gc,phases      ] GC(293)     Total                          Min: 0, Avg: 87.5, Max: 192, Diff: 192, Sum: 350, Workers: 4
[2351.810s][debug][gc,phases      ] GC(293)   JVMTI Tag Weak OopStorage      Min:  0.0, Avg:  0.0, Max:  0.0, Diff:  0.0, Sum:  0.0, Workers: 4
[2351.810s][debug][gc,phases      ] GC(293)     Dead                           Min: 0, Avg:  0.0, Max: 0, Diff: 0, Sum: 0, Workers: 4
[2351.810s][debug][gc,phases      ] GC(293)     Total                          Min: 0, Avg:  0.0, Max: 0, Diff: 0, Sum: 0, Workers: 4
[2351.810s][debug][gc,phases      ] GC(293)   StringTable Weak               Min:  0.1, Avg:  0.1, Max:  0.1, Diff:  0.0, Sum:  0.4, Workers: 4
[2351.810s][debug][gc,phases      ] GC(293)     Dead                           Min: 0, Avg:  0.0, Max: 0, Diff: 0, Sum: 0, Workers: 4
[2351.810s][debug][gc,phases      ] GC(293)     Total                          Min: 11456, Avg: 12040.5, Max: 12898, Diff: 1442, Sum: 48162, Workers: 4
[2351.810s][debug][gc,phases      ] GC(293)   ResolvedMethodTable Weak       Min:  0.0, Avg:  0.0, Max:  0.0, Diff:  0.0, Sum:  0.1, Workers: 4
[2351.810s][debug][gc,phases      ] GC(293)     Dead                           Min: 0, Avg:  0.0, Max: 0, Diff: 0, Sum: 0, Workers: 4
[2351.810s][debug][gc,phases      ] GC(293)     Total                          Min: 1923, Avg: 1986.2, Max: 2102, Diff: 179, Sum: 7945, Workers: 4
[2351.810s][debug][gc,phases      ] GC(293)   JNI Weak                       Min:  0.0, Avg:  0.0, Max:  0.0, Diff:  0.0, Sum:  0.0, Workers: 4
[2351.810s][debug][gc,phases      ] GC(293)     Dead                           Min: 0, Avg:  0.0, Max: 0, Diff: 0, Sum: 0, Workers: 4
[2351.810s][debug][gc,phases      ] GC(293)     Total                          Min: 0, Avg:  0.0, Max: 0, Diff: 0, Sum: 0, Workers: 4
[2351.810s][debug][gc,phases      ] GC(293)   StringDedup Table Weak         Min:  0.0, Avg:  0.0, Max:  0.0, Diff:  0.0, Sum:  0.0, Workers: 4
[2351.810s][debug][gc,phases      ] GC(293)     Dead                           Min: 0, Avg:  0.0, Max: 0, Diff: 0, Sum: 0, Workers: 4
[2351.810s][debug][gc,phases      ] GC(293)     Total                          Min: 0, Avg:  0.0, Max: 0, Diff: 0, Sum: 0, Workers: 4
[2351.810s][debug][gc,phases      ] GC(293)   StringDedup Requests0 Weak     Min:  0.0, Avg:  0.0, Max:  0.0, Diff:  0.0, Sum:  0.0, Workers: 4
[2351.810s][debug][gc,phases      ] GC(293)     Dead                           Min: 0, Avg:  0.0, Max: 0, Diff: 0, Sum: 0, Workers: 4
[2351.810s][debug][gc,phases      ] GC(293)     Total                          Min: 0, Avg:  0.0, Max: 0, Diff: 0, Sum: 0, Workers: 4
[2351.810s][debug][gc,phases      ] GC(293)   StringDedup Requests1 Weak     Min:  0.0, Avg:  0.0, Max:  0.0, Diff:  0.0, Sum:  0.0, Workers: 4
[2351.810s][debug][gc,phases      ] GC(293)     Dead                           Min: 0, Avg:  0.0, Max: 0, Diff: 0, Sum: 0, Workers: 4
[2351.810s][debug][gc,phases      ] GC(293)     Total                          Min: 0, Avg:  0.0, Max: 0, Diff: 0, Sum: 0, Workers: 4
[2351.810s][debug][gc,phases      ] GC(293)   Weak JFR Old Object Samples    Min:  0.0, Avg:  0.0, Max:  0.0, Diff:  0.0, Sum:  0.0, Workers: 4
[2351.810s][debug][gc,phases      ] GC(293)     Dead                           Min: 0, Avg:  0.0, Max: 0, Diff: 0, Sum: 0, Workers: 4
[2351.810s][debug][gc,phases      ] GC(293)     Total                          Min: 0, Avg:  0.0, Max: 0, Diff: 0, Sum: 0, Workers: 4
[2351.810s][debug][gc,phases      ] GC(293) Weak Processing 0.308ms
[2351.810s][debug][gc,age         ] GC(293) Desired survivor size 3670016 bytes, new threshold 15 (max threshold 15)
[2351.810s][info ][gc,heap        ] GC(293) PSYoungGen: 2091808K(2093568K)->1840K(2093568K) Eden: 2089984K(2089984K)->0K(2089984K) From: 1824K(3584K)->1840K(3584K)
[2351.810s][info ][gc,heap        ] GC(293) ParOldGen: 563183K(614400K)->563215K(614400K)
[2351.810s][info ][gc,metaspace   ] GC(293) Metaspace: 82212K(83072K)->82212K(83072K) NonClass: 70721K(71168K)->70721K(71168K) Class: 11490K(11904K)->11490K(11904K)
[2351.810s][info ][gc             ] GC(293) Pause Young (Allocation Failure) 2592M->551M(2644M) 3.598ms
[2351.810s][info ][gc,cpu         ] GC(293) User=0.01s Sys=0.00s Real=0.01s
[2351.810s][info ][safepoint      ] Safepoint "ParallelGCFailedAllocation", Time since last: 11899929980 ns, Reaching safepoint: 50200 ns, At safepoint: 3678634 ns, Total: 3728834 ns
[2358.811s][info ][safepoint      ] Safepoint "Cleanup", Time since last: 7000470747 ns, Reaching safepoint: 43000 ns, At safepoint: 3300 ns, Total: 46300 ns
[2363.973s][info ][gc,start       ] GC(294) Pause Young (Allocation Failure)
[2363.975s][debug][gc,phases      ] GC(294) Scavenge 2.696ms
[2363.975s][debug][gc,ref         ] GC(294) Skipped phase 1 of Reference Processing: no references
[2363.975s][debug][gc,ref         ] GC(294) Skipped phase 2 of Reference Processing: no references
[2363.975s][debug][gc,ref         ] GC(294) Skipped phase 3 of Reference Processing: no references
[2363.975s][debug][gc,ref         ] GC(294) ReferenceProcessor::execute queues: 1, RefProcThreadModel::Single, marks_oops_alive: false
[2363.975s][debug][gc,phases      ] GC(294) Reference Processing 0.128ms
[2363.976s][debug][gc,phases      ] GC(294)   VM Weak                        Min:  0.0, Avg:  0.0, Max:  0.0, Diff:  0.0, Sum:  0.0, Workers: 4
[2363.976s][debug][gc,phases      ] GC(294)     Dead                           Min: 0, Avg:  0.0, Max: 0, Diff: 0, Sum: 0, Workers: 4
[2363.976s][debug][gc,phases      ] GC(294)     Total                          Min: 0, Avg: 167.0, Max: 640, Diff: 640, Sum: 668, Workers: 4
[2363.976s][debug][gc,phases      ] GC(294)   ObjectSynchronizer Weak        Min:  0.0, Avg:  0.0, Max:  0.0, Diff:  0.0, Sum:  0.0, Workers: 4
[2363.976s][debug][gc,phases      ] GC(294)     Dead                           Min: 0, Avg:  0.0, Max: 0, Diff: 0, Sum: 0, Workers: 4
[2363.976s][debug][gc,phases      ] GC(294)     Total                          Min: 0, Avg: 87.5, Max: 222, Diff: 222, Sum: 350, Workers: 4
[2363.976s][debug][gc,phases      ] GC(294)   JVMTI Tag Weak OopStorage      Min:  0.0, Avg:  0.0, Max:  0.0, Diff:  0.0, Sum:  0.0, Workers: 4
[2363.976s][debug][gc,phases      ] GC(294)     Dead                           Min: 0, Avg:  0.0, Max: 0, Diff: 0, Sum: 0, Workers: 4
[2363.976s][debug][gc,phases      ] GC(294)     Total                          Min: 0, Avg:  0.0, Max: 0, Diff: 0, Sum: 0, Workers: 4
[2363.976s][debug][gc,phases      ] GC(294)   StringTable Weak               Min:  0.1, Avg:  0.1, Max:  0.1, Diff:  0.0, Sum:  0.4, Workers: 4
[2363.976s][debug][gc,phases      ] GC(294)     Dead                           Min: 0, Avg:  0.0, Max: 0, Diff: 0, Sum: 0, Workers: 4
[2363.976s][debug][gc,phases      ] GC(294)     Total                          Min: 10496, Avg: 12040.5, Max: 16192, Diff: 5696, Sum: 48162, Workers: 4
[2363.976s][debug][gc,phases      ] GC(294)   ResolvedMethodTable Weak       Min:  0.0, Avg:  0.0, Max:  0.0, Diff:  0.0, Sum:  0.1, Workers: 4
[2363.976s][debug][gc,phases      ] GC(294)     Dead                           Min: 0, Avg:  0.0, Max: 0, Diff: 0, Sum: 0, Workers: 4
[2363.976s][debug][gc,phases      ] GC(294)     Total                          Min: 869, Avg: 1986.2, Max: 2946, Diff: 2077, Sum: 7945, Workers: 4
[2363.976s][debug][gc,phases      ] GC(294)   JNI Weak                       Min:  0.0, Avg:  0.0, Max:  0.0, Diff:  0.0, Sum:  0.0, Workers: 4
[2363.976s][debug][gc,phases      ] GC(294)     Dead                           Min: 0, Avg:  0.0, Max: 0, Diff: 0, Sum: 0, Workers: 4
[2363.976s][debug][gc,phases      ] GC(294)     Total                          Min: 0, Avg:  0.0, Max: 0, Diff: 0, Sum: 0, Workers: 4
[2363.976s][debug][gc,phases      ] GC(294)   StringDedup Table Weak         Min:  0.0, Avg:  0.0, Max:  0.0, Diff:  0.0, Sum:  0.0, Workers: 4
[2363.976s][debug][gc,phases      ] GC(294)     Dead                           Min: 0, Avg:  0.0, Max: 0, Diff: 0, Sum: 0, Workers: 4
[2363.976s][debug][gc,phases      ] GC(294)     Total                          Min: 0, Avg:  0.0, Max: 0, Diff: 0, Sum: 0, Workers: 4
[2363.976s][debug][gc,phases      ] GC(294)   StringDedup Requests0 Weak     Min:  0.0, Avg:  0.0, Max:  0.0, Diff:  0.0, Sum:  0.0, Workers: 4
[2363.976s][debug][gc,phases      ] GC(294)     Dead                           Min: 0, Avg:  0.0, Max: 0, Diff: 0, Sum: 0, Workers: 4
[2363.976s][debug][gc,phases      ] GC(294)     Total                          Min: 0, Avg:  0.0, Max: 0, Diff: 0, Sum: 0, Workers: 4
[2363.976s][debug][gc,phases      ] GC(294)   StringDedup Requests1 Weak     Min:  0.0, Avg:  0.0, Max:  0.0, Diff:  0.0, Sum:  0.0, Workers: 4
[2363.976s][debug][gc,phases      ] GC(294)     Dead                           Min: 0, Avg:  0.0, Max: 0, Diff: 0, Sum: 0, Workers: 4
[2363.976s][debug][gc,phases      ] GC(294)     Total                          Min: 0, Avg:  0.0, Max: 0, Diff: 0, Sum: 0, Workers: 4
[2363.976s][debug][gc,phases      ] GC(294)   Weak JFR Old Object Samples    Min:  0.0, Avg:  0.0, Max:  0.0, Diff:  0.0, Sum:  0.0, Workers: 4
[2363.976s][debug][gc,phases      ] GC(294)     Dead                           Min: 0, Avg:  0.0, Max: 0, Diff: 0, Sum: 0, Workers: 4
[2363.976s][debug][gc,phases      ] GC(294)     Total                          Min: 0, Avg:  0.0, Max: 0, Diff: 0, Sum: 0, Workers: 4
[2363.976s][debug][gc,phases      ] GC(294) Weak Processing 0.288ms
[2363.976s][debug][gc,age         ] GC(294) Desired survivor size 3670016 bytes, new threshold 15 (max threshold 15)
[2363.976s][info ][gc,heap        ] GC(294) PSYoungGen: 2091824K(2093568K)->1696K(2093568K) Eden: 2089984K(2089984K)->0K(2089984K) From: 1840K(3584K)->1696K(3584K)
[2363.976s][info ][gc,heap        ] GC(294) ParOldGen: 563215K(614400K)->563271K(614400K)
[2363.976s][info ][gc,metaspace   ] GC(294) Metaspace: 82212K(83072K)->82212K(83072K) NonClass: 70722K(71168K)->70722K(71168K) Class: 11490K(11904K)->11490K(11904K)
[2363.976s][info ][gc             ] GC(294) Pause Young (Allocation Failure) 2592M->551M(2644M) 3.217ms
[2363.976s][info ][gc,cpu         ] GC(294) User=0.01s Sys=0.00s Real=0.00s
[2363.976s][info ][safepoint      ] Safepoint "ParallelGCFailedAllocation", Time since last: 5161469386 ns, Reaching safepoint: 55900 ns, At safepoint: 3308231 ns, Total: 3364131 ns
[2376.106s][info ][gc,start       ] GC(295) Pause Young (Allocation Failure)
[2376.108s][debug][gc,phases      ] GC(295) Scavenge 2.538ms
[2376.108s][debug][gc,ref         ] GC(295) Skipped phase 1 of Reference Processing: no references
[2376.108s][debug][gc,ref         ] GC(295) Skipped phase 2 of Reference Processing: no references
[2376.108s][debug][gc,ref         ] GC(295) Skipped phase 3 of Reference Processing: no references
[2376.108s][debug][gc,ref         ] GC(295) ReferenceProcessor::execute queues: 1, RefProcThreadModel::Single, marks_oops_alive: false
[2376.108s][debug][gc,phases      ] GC(295) Reference Processing 0.106ms
[2376.109s][debug][gc,phases      ] GC(295)   VM Weak                        Min:  0.0, Avg:  0.0, Max:  0.0, Diff:  0.0, Sum:  0.0, Workers: 4
[2376.109s][debug][gc,phases      ] GC(295)     Dead                           Min: 0, Avg:  0.0, Max: 0, Diff: 0, Sum: 0, Workers: 4
[2376.109s][debug][gc,phases      ] GC(295)     Total                          Min: 0, Avg: 167.0, Max: 640, Diff: 640, Sum: 668, Workers: 4
[2376.109s][debug][gc,phases      ] GC(295)   ObjectSynchronizer Weak        Min:  0.0, Avg:  0.0, Max:  0.0, Diff:  0.0, Sum:  0.0, Workers: 4
[2376.109s][debug][gc,phases      ] GC(295)     Dead                           Min: 0, Avg:  0.0, Max: 0, Diff: 0, Sum: 0, Workers: 4
[2376.109s][debug][gc,phases      ] GC(295)     Total                          Min: 0, Avg: 87.5, Max: 158, Diff: 158, Sum: 350, Workers: 4
[2376.109s][debug][gc,phases      ] GC(295)   JVMTI Tag Weak OopStorage      Min:  0.0, Avg:  0.0, Max:  0.0, Diff:  0.0, Sum:  0.0, Workers: 4
[2376.109s][debug][gc,phases      ] GC(295)     Dead                           Min: 0, Avg:  0.0, Max: 0, Diff: 0, Sum: 0, Workers: 4
[2376.109s][debug][gc,phases      ] GC(295)     Total                          Min: 0, Avg:  0.0, Max: 0, Diff: 0, Sum: 0, Workers: 4
[2376.109s][debug][gc,phases      ] GC(295)   StringTable Weak               Min:  0.1, Avg:  0.1, Max:  0.1, Diff:  0.0, Sum:  0.4, Workers: 4
[2376.109s][debug][gc,phases      ] GC(295)     Dead                           Min: 0, Avg:  0.0, Max: 0, Diff: 0, Sum: 0, Workers: 4
[2376.109s][debug][gc,phases      ] GC(295)     Total                          Min: 9536, Avg: 12040.5, Max: 14656, Diff: 5120, Sum: 48162, Workers: 4
[2376.109s][debug][gc,phases      ] GC(295)   ResolvedMethodTable Weak       Min:  0.0, Avg:  0.0, Max:  0.0, Diff:  0.0, Sum:  0.1, Workers: 4
[2376.109s][debug][gc,phases      ] GC(295)     Dead                           Min: 0, Avg:  0.0, Max: 0, Diff: 0, Sum: 0, Workers: 4
[2376.109s][debug][gc,phases      ] GC(295)     Total                          Min: 1621, Avg: 1986.2, Max: 2388, Diff: 767, Sum: 7945, Workers: 4
[2376.109s][debug][gc,phases      ] GC(295)   JNI Weak                       Min:  0.0, Avg:  0.0, Max:  0.0, Diff:  0.0, Sum:  0.0, Workers: 4
[2376.109s][debug][gc,phases      ] GC(295)     Dead                           Min: 0, Avg:  0.0, Max: 0, Diff: 0, Sum: 0, Workers: 4
[2376.109s][debug][gc,phases      ] GC(295)     Total                          Min: 0, Avg:  0.0, Max: 0, Diff: 0, Sum: 0, Workers: 4
[2376.109s][debug][gc,phases      ] GC(295)   StringDedup Table Weak         Min:  0.0, Avg:  0.0, Max:  0.0, Diff:  0.0, Sum:  0.0, Workers: 4
[2376.109s][debug][gc,phases      ] GC(295)     Dead                           Min: 0, Avg:  0.0, Max: 0, Diff: 0, Sum: 0, Workers: 4
[2376.109s][debug][gc,phases      ] GC(295)     Total                          Min: 0, Avg:  0.0, Max: 0, Diff: 0, Sum: 0, Workers: 4
[2376.109s][debug][gc,phases      ] GC(295)   StringDedup Requests0 Weak     Min:  0.0, Avg:  0.0, Max:  0.0, Diff:  0.0, Sum:  0.0, Workers: 4
[2376.109s][debug][gc,phases      ] GC(295)     Dead                           Min: 0, Avg:  0.0, Max: 0, Diff: 0, Sum: 0, Workers: 4
[2376.109s][debug][gc,phases      ] GC(295)     Total                          Min: 0, Avg:  0.0, Max: 0, Diff: 0, Sum: 0, Workers: 4
[2376.109s][debug][gc,phases      ] GC(295)   StringDedup Requests1 Weak     Min:  0.0, Avg:  0.0, Max:  0.0, Diff:  0.0, Sum:  0.0, Workers: 4
[2376.109s][debug][gc,phases      ] GC(295)     Dead                           Min: 0, Avg:  0.0, Max: 0, Diff: 0, Sum: 0, Workers: 4
[2376.109s][debug][gc,phases      ] GC(295)     Total                          Min: 0, Avg:  0.0, Max: 0, Diff: 0, Sum: 0, Workers: 4
[2376.109s][debug][gc,phases      ] GC(295)   Weak JFR Old Object Samples    Min:  0.0, Avg:  0.0, Max:  0.0, Diff:  0.0, Sum:  0.0, Workers: 4
[2376.109s][debug][gc,phases      ] GC(295)     Dead                           Min: 0, Avg:  0.0, Max: 0, Diff: 0, Sum: 0, Workers: 4
[2376.109s][debug][gc,phases      ] GC(295)     Total                          Min: 0, Avg:  0.0, Max: 0, Diff: 0, Sum: 0, Workers: 4
[2376.109s][debug][gc,phases      ] GC(295) Weak Processing 0.272ms
[2376.109s][debug][gc,age         ] GC(295) Desired survivor size 3670016 bytes, new threshold 15 (max threshold 15)
[2376.109s][info ][gc,heap        ] GC(295) PSYoungGen: 2091680K(2093568K)->1776K(2093568K) Eden: 2089984K(2089984K)->0K(2089984K) From: 1696K(3584K)->1776K(3584K)
[2376.109s][info ][gc,heap        ] GC(295) ParOldGen: 563271K(614400K)->563287K(614400K)
[2376.109s][info ][gc,metaspace   ] GC(295) Metaspace: 82212K(83072K)->82212K(83072K) NonClass: 70722K(71168K)->70722K(71168K) Class: 11490K(11904K)->11490K(11904K)
[2376.109s][info ][gc             ] GC(295) Pause Young (Allocation Failure) 2592M->551M(2644M) 3.021ms
[2376.109s][info ][gc,cpu         ] GC(295) User=0.01s Sys=0.00s Real=0.01s
[2376.109s][info ][safepoint      ] Safepoint "ParallelGCFailedAllocation", Time since last: 12129798690 ns, Reaching safepoint: 42000 ns, At safepoint: 3089929 ns, Total: 3131929 ns
[2388.494s][info ][gc,start       ] GC(296) Pause Young (Allocation Failure)
[2388.497s][debug][gc,phases      ] GC(296) Scavenge 2.347ms
[2388.497s][debug][gc,ref         ] GC(296) Skipped phase 1 of Reference Processing: no references
[2388.497s][debug][gc,ref         ] GC(296) Skipped phase 2 of Reference Processing: no references
[2388.497s][debug][gc,ref         ] GC(296) Skipped phase 3 of Reference Processing: no references
[2388.497s][debug][gc,ref         ] GC(296) ReferenceProcessor::execute queues: 1, RefProcThreadModel::Single, marks_oops_alive: false
[2388.497s][debug][gc,phases      ] GC(296) Reference Processing 0.105ms
[2388.497s][debug][gc,phases      ] GC(296)   VM Weak                        Min:  0.0, Avg:  0.0, Max:  0.0, Diff:  0.0, Sum:  0.0, Workers: 4
[2388.497s][debug][gc,phases      ] GC(296)     Dead                           Min: 0, Avg:  0.0, Max: 0, Diff: 0, Sum: 0, Workers: 4
[2388.497s][debug][gc,phases      ] GC(296)     Total                          Min: 0, Avg: 167.0, Max: 668, Diff: 668, Sum: 668, Workers: 4
[2388.497s][debug][gc,phases      ] GC(296)   ObjectSynchronizer Weak        Min:  0.0, Avg:  0.0, Max:  0.0, Diff:  0.0, Sum:  0.0, Workers: 4
[2388.497s][debug][gc,phases      ] GC(296)     Dead                           Min: 0, Avg:  0.0, Max: 0, Diff: 0, Sum: 0, Workers: 4
[2388.497s][debug][gc,phases      ] GC(296)     Total                          Min: 0, Avg: 87.5, Max: 350, Diff: 350, Sum: 350, Workers: 4
[2388.497s][debug][gc,phases      ] GC(296)   JVMTI Tag Weak OopStorage      Min:  0.0, Avg:  0.0, Max:  0.0, Diff:  0.0, Sum:  0.0, Workers: 4
[2388.497s][debug][gc,phases      ] GC(296)     Dead                           Min: 0, Avg:  0.0, Max: 0, Diff: 0, Sum: 0, Workers: 4
[2388.497s][debug][gc,phases      ] GC(296)     Total                          Min: 0, Avg:  0.0, Max: 0, Diff: 0, Sum: 0, Workers: 4
[2388.497s][debug][gc,phases      ] GC(296)   StringTable Weak               Min:  0.1, Avg:  0.1, Max:  0.1, Diff:  0.0, Sum:  0.3, Workers: 4
[2388.497s][debug][gc,phases      ] GC(296)     Dead                           Min: 0, Avg:  0.0, Max: 0, Diff: 0, Sum: 0, Workers: 4
[2388.497s][debug][gc,phases      ] GC(296)     Total                          Min: 11200, Avg: 12040.5, Max: 12928, Diff: 1728, Sum: 48162, Workers: 4
[2388.497s][debug][gc,phases      ] GC(296)   ResolvedMethodTable Weak       Min:  0.0, Avg:  0.0, Max:  0.0, Diff:  0.0, Sum:  0.1, Workers: 4
[2388.497s][debug][gc,phases      ] GC(296)     Dead                           Min: 0, Avg:  0.0, Max: 0, Diff: 0, Sum: 0, Workers: 4
[2388.497s][debug][gc,phases      ] GC(296)     Total                          Min: 1814, Avg: 1986.2, Max: 2132, Diff: 318, Sum: 7945, Workers: 4
[2388.497s][debug][gc,phases      ] GC(296)   JNI Weak                       Min:  0.0, Avg:  0.0, Max:  0.0, Diff:  0.0, Sum:  0.0, Workers: 4
[2388.497s][debug][gc,phases      ] GC(296)     Dead                           Min: 0, Avg:  0.0, Max: 0, Diff: 0, Sum: 0, Workers: 4
[2388.497s][debug][gc,phases      ] GC(296)     Total                          Min: 0, Avg:  0.0, Max: 0, Diff: 0, Sum: 0, Workers: 4
[2388.497s][debug][gc,phases      ] GC(296)   StringDedup Table Weak         Min:  0.0, Avg:  0.0, Max:  0.0, Diff:  0.0, Sum:  0.0, Workers: 4
[2388.497s][debug][gc,phases      ] GC(296)     Dead                           Min: 0, Avg:  0.0, Max: 0, Diff: 0, Sum: 0, Workers: 4
[2388.497s][debug][gc,phases      ] GC(296)     Total                          Min: 0, Avg:  0.0, Max: 0, Diff: 0, Sum: 0, Workers: 4
[2388.497s][debug][gc,phases      ] GC(296)   StringDedup Requests0 Weak     Min:  0.0, Avg:  0.0, Max:  0.0, Diff:  0.0, Sum:  0.0, Workers: 4
[2388.497s][debug][gc,phases      ] GC(296)     Dead                           Min: 0, Avg:  0.0, Max: 0, Diff: 0, Sum: 0, Workers: 4
[2388.497s][debug][gc,phases      ] GC(296)     Total                          Min: 0, Avg:  0.0, Max: 0, Diff: 0, Sum: 0, Workers: 4
[2388.497s][debug][gc,phases      ] GC(296)   StringDedup Requests1 Weak     Min:  0.0, Avg:  0.0, Max:  0.0, Diff:  0.0, Sum:  0.0, Workers: 4
[2388.497s][debug][gc,phases      ] GC(296)     Dead                           Min: 0, Avg:  0.0, Max: 0, Diff: 0, Sum: 0, Workers: 4
[2388.497s][debug][gc,phases      ] GC(296)     Total                          Min: 0, Avg:  0.0, Max: 0, Diff: 0, Sum: 0, Workers: 4
[2388.497s][debug][gc,phases      ] GC(296)   Weak JFR Old Object Samples    Min:  0.0, Avg:  0.0, Max:  0.0, Diff:  0.0, Sum:  0.0, Workers: 4
[2388.497s][debug][gc,phases      ] GC(296)     Dead                           Min: 0, Avg:  0.0, Max: 0, Diff: 0, Sum: 0, Workers: 4
[2388.497s][debug][gc,phases      ] GC(296)     Total                          Min: 0, Avg:  0.0, Max: 0, Diff: 0, Sum: 0, Workers: 4
[2388.497s][debug][gc,phases      ] GC(296) Weak Processing 0.248ms
[2388.497s][debug][gc,age         ] GC(296) Desired survivor size 3670016 bytes, new threshold 15 (max threshold 15)
[2388.497s][info ][gc,heap        ] GC(296) PSYoungGen: 2091760K(2093568K)->1792K(2093568K) Eden: 2089984K(2089984K)->0K(2089984K) From: 1776K(3584K)->1792K(3584K)
[2388.497s][info ][gc,heap        ] GC(296) ParOldGen: 563287K(614400K)->563295K(614400K)
[2388.497s][info ][gc,metaspace   ] GC(296) Metaspace: 82215K(83072K)->82215K(83072K) NonClass: 70724K(71168K)->70724K(71168K) Class: 11490K(11904K)->11490K(11904K)
[2388.497s][info ][gc             ] GC(296) Pause Young (Allocation Failure) 2592M->551M(2644M) 2.803ms
[2388.497s][info ][gc,cpu         ] GC(296) User=0.01s Sys=0.00s Real=0.00s
[2388.497s][info ][safepoint      ] Safepoint "ParallelGCFailedAllocation", Time since last: 12385466583 ns, Reaching safepoint: 49001 ns, At safepoint: 2876826 ns, Total: 2925827 ns
[2402.007s][info ][gc,start       ] GC(297) Pause Young (Allocation Failure)
[2402.010s][debug][gc,phases      ] GC(297) Scavenge 2.309ms
[2402.010s][debug][gc,ref         ] GC(297) Skipped phase 1 of Reference Processing: no references
[2402.010s][debug][gc,ref         ] GC(297) Skipped phase 2 of Reference Processing: no references
[2402.010s][debug][gc,ref         ] GC(297) Skipped phase 3 of Reference Processing: no references
[2402.010s][debug][gc,ref         ] GC(297) ReferenceProcessor::execute queues: 1, RefProcThreadModel::Single, marks_oops_alive: false
[2402.010s][debug][gc,phases      ] GC(297) Reference Processing 0.102ms
[2402.010s][debug][gc,phases      ] GC(297)   VM Weak                        Min:  0.0, Avg:  0.0, Max:  0.0, Diff:  0.0, Sum:  0.0, Workers: 4
[2402.010s][debug][gc,phases      ] GC(297)     Dead                           Min: 0, Avg:  0.0, Max: 0, Diff: 0, Sum: 0, Workers: 4
[2402.010s][debug][gc,phases      ] GC(297)     Total                          Min: 0, Avg: 167.0, Max: 604, Diff: 604, Sum: 668, Workers: 4
[2402.010s][debug][gc,phases      ] GC(297)   ObjectSynchronizer Weak        Min:  0.0, Avg:  0.0, Max:  0.0, Diff:  0.0, Sum:  0.0, Workers: 4
[2402.010s][debug][gc,phases      ] GC(297)     Dead                           Min: 0, Avg:  0.0, Max: 0, Diff: 0, Sum: 0, Workers: 4
[2402.010s][debug][gc,phases      ] GC(297)     Total                          Min: 0, Avg: 87.5, Max: 192, Diff: 192, Sum: 350, Workers: 4
[2402.010s][debug][gc,phases      ] GC(297)   JVMTI Tag Weak OopStorage      Min:  0.0, Avg:  0.0, Max:  0.0, Diff:  0.0, Sum:  0.0, Workers: 4
[2402.010s][debug][gc,phases      ] GC(297)     Dead                           Min: 0, Avg:  0.0, Max: 0, Diff: 0, Sum: 0, Workers: 4
[2402.010s][debug][gc,phases      ] GC(297)     Total                          Min: 0, Avg:  0.0, Max: 0, Diff: 0, Sum: 0, Workers: 4
[2402.010s][debug][gc,phases      ] GC(297)   StringTable Weak               Min:  0.1, Avg:  0.1, Max:  0.1, Diff:  0.0, Sum:  0.4, Workers: 4
[2402.010s][debug][gc,phases      ] GC(297)     Dead                           Min: 0, Avg:  0.0, Max: 0, Diff: 0, Sum: 0, Workers: 4
[2402.010s][debug][gc,phases      ] GC(297)     Total                          Min: 9536, Avg: 12040.5, Max: 15488, Diff: 5952, Sum: 48162, Workers: 4
[2402.010s][debug][gc,phases      ] GC(297)   ResolvedMethodTable Weak       Min:  0.0, Avg:  0.0, Max:  0.0, Diff:  0.0, Sum:  0.1, Workers: 4
[2402.010s][debug][gc,phases      ] GC(297)     Dead                           Min: 0, Avg:  0.0, Max: 0, Diff: 0, Sum: 0, Workers: 4
[2402.010s][debug][gc,phases      ] GC(297)     Total                          Min: 1572, Avg: 1986.2, Max: 2394, Diff: 822, Sum: 7945, Workers: 4
[2402.010s][debug][gc,phases      ] GC(297)   JNI Weak                       Min:  0.0, Avg:  0.0, Max:  0.0, Diff:  0.0, Sum:  0.0, Workers: 4
[2402.010s][debug][gc,phases      ] GC(297)     Dead                           Min: 0, Avg:  0.0, Max: 0, Diff: 0, Sum: 0, Workers: 4
[2402.010s][debug][gc,phases      ] GC(297)     Total                          Min: 0, Avg:  0.0, Max: 0, Diff: 0, Sum: 0, Workers: 4
[2402.010s][debug][gc,phases      ] GC(297)   StringDedup Table Weak         Min:  0.0, Avg:  0.0, Max:  0.0, Diff:  0.0, Sum:  0.0, Workers: 4
[2402.010s][debug][gc,phases      ] GC(297)     Dead                           Min: 0, Avg:  0.0, Max: 0, Diff: 0, Sum: 0, Workers: 4
[2402.010s][debug][gc,phases      ] GC(297)     Total                          Min: 0, Avg:  0.0, Max: 0, Diff: 0, Sum: 0, Workers: 4
[2402.010s][debug][gc,phases      ] GC(297)   StringDedup Requests0 Weak     Min:  0.0, Avg:  0.0, Max:  0.0, Diff:  0.0, Sum:  0.0, Workers: 4
[2402.010s][debug][gc,phases      ] GC(297)     Dead                           Min: 0, Avg:  0.0, Max: 0, Diff: 0, Sum: 0, Workers: 4
[2402.010s][debug][gc,phases      ] GC(297)     Total                          Min: 0, Avg:  0.0, Max: 0, Diff: 0, Sum: 0, Workers: 4
[2402.010s][debug][gc,phases      ] GC(297)   StringDedup Requests1 Weak     Min:  0.0, Avg:  0.0, Max:  0.0, Diff:  0.0, Sum:  0.0, Workers: 4
[2402.010s][debug][gc,phases      ] GC(297)     Dead                           Min: 0, Avg:  0.0, Max: 0, Diff: 0, Sum: 0, Workers: 4
[2402.010s][debug][gc,phases      ] GC(297)     Total                          Min: 0, Avg:  0.0, Max: 0, Diff: 0, Sum: 0, Workers: 4
[2402.010s][debug][gc,phases      ] GC(297)   Weak JFR Old Object Samples    Min:  0.0, Avg:  0.0, Max:  0.0, Diff:  0.0, Sum:  0.0, Workers: 4
[2402.010s][debug][gc,phases      ] GC(297)     Dead                           Min: 0, Avg:  0.0, Max: 0, Diff: 0, Sum: 0, Workers: 4
[2402.010s][debug][gc,phases      ] GC(297)     Total                          Min: 0, Avg:  0.0, Max: 0, Diff: 0, Sum: 0, Workers: 4
[2402.010s][debug][gc,phases      ] GC(297) Weak Processing 0.283ms
[2402.010s][debug][gc,age         ] GC(297) Desired survivor size 3670016 bytes, new threshold 15 (max threshold 15)
[2402.010s][info ][gc,heap        ] GC(297) PSYoungGen: 2091776K(2093568K)->1792K(2093568K) Eden: 2089984K(2089984K)->0K(2089984K) From: 1792K(3584K)->1792K(3584K)
[2402.010s][info ][gc,heap        ] GC(297) ParOldGen: 563295K(614400K)->563311K(614400K)
[2402.010s][info ][gc,metaspace   ] GC(297) Metaspace: 82216K(83072K)->82216K(83072K) NonClass: 70725K(71168K)->70725K(71168K) Class: 11490K(11904K)->11490K(11904K)
[2402.010s][info ][gc             ] GC(297) Pause Young (Allocation Failure) 2592M->551M(2644M) 2.811ms
[2402.010s][info ][gc,cpu         ] GC(297) User=0.01s Sys=0.00s Real=0.00s
[2402.010s][info ][safepoint      ] Safepoint "ParallelGCFailedAllocation", Time since last: 13510234626 ns, Reaching safepoint: 104301 ns, At safepoint: 2880726 ns, Total: 2985027 ns
[2415.254s][info ][gc,start       ] GC(298) Pause Young (Allocation Failure)
[2415.256s][debug][gc,phases      ] GC(298) Scavenge 2.467ms
[2415.256s][debug][gc,ref         ] GC(298) Skipped phase 1 of Reference Processing: no references
[2415.256s][debug][gc,ref         ] GC(298) Skipped phase 2 of Reference Processing: no references
[2415.256s][debug][gc,ref         ] GC(298) Skipped phase 3 of Reference Processing: no references
[2415.256s][debug][gc,ref         ] GC(298) ReferenceProcessor::execute queues: 1, RefProcThreadModel::Single, marks_oops_alive: false
[2415.256s][debug][gc,phases      ] GC(298) Reference Processing 0.090ms
[2415.256s][debug][gc,phases      ] GC(298)   VM Weak                        Min:  0.0, Avg:  0.0, Max:  0.0, Diff:  0.0, Sum:  0.0, Workers: 4
[2415.256s][debug][gc,phases      ] GC(298)     Dead                           Min: 0, Avg:  0.0, Max: 0, Diff: 0, Sum: 0, Workers: 4
[2415.256s][debug][gc,phases      ] GC(298)     Total                          Min: 0, Avg: 167.0, Max: 668, Diff: 668, Sum: 668, Workers: 4
[2415.256s][debug][gc,phases      ] GC(298)   ObjectSynchronizer Weak        Min:  0.0, Avg:  0.0, Max:  0.0, Diff:  0.0, Sum:  0.0, Workers: 4
[2415.256s][debug][gc,phases      ] GC(298)     Dead                           Min: 0, Avg:  0.0, Max: 0, Diff: 0, Sum: 0, Workers: 4
[2415.256s][debug][gc,phases      ] GC(298)     Total                          Min: 0, Avg: 87.5, Max: 350, Diff: 350, Sum: 350, Workers: 4
[2415.256s][debug][gc,phases      ] GC(298)   JVMTI Tag Weak OopStorage      Min:  0.0, Avg:  0.0, Max:  0.0, Diff:  0.0, Sum:  0.0, Workers: 4
[2415.256s][debug][gc,phases      ] GC(298)     Dead                           Min: 0, Avg:  0.0, Max: 0, Diff: 0, Sum: 0, Workers: 4
[2415.256s][debug][gc,phases      ] GC(298)     Total                          Min: 0, Avg:  0.0, Max: 0, Diff: 0, Sum: 0, Workers: 4
[2415.256s][debug][gc,phases      ] GC(298)   StringTable Weak               Min:  0.1, Avg:  0.1, Max:  0.1, Diff:  0.0, Sum:  0.4, Workers: 4
[2415.256s][debug][gc,phases      ] GC(298)     Dead                           Min: 0, Avg:  0.0, Max: 0, Diff: 0, Sum: 0, Workers: 4
[2415.256s][debug][gc,phases      ] GC(298)     Total                          Min: 9024, Avg: 12040.5, Max: 14720, Diff: 5696, Sum: 48162, Workers: 4
[2415.256s][debug][gc,phases      ] GC(298)   ResolvedMethodTable Weak       Min:  0.0, Avg:  0.0, Max:  0.0, Diff:  0.0, Sum:  0.1, Workers: 4
[2415.256s][debug][gc,phases      ] GC(298)     Dead                           Min: 0, Avg:  0.0, Max: 0, Diff: 0, Sum: 0, Workers: 4
[2415.256s][debug][gc,phases      ] GC(298)     Total                          Min: 1573, Avg: 1986.2, Max: 2379, Diff: 806, Sum: 7945, Workers: 4
[2415.256s][debug][gc,phases      ] GC(298)   JNI Weak                       Min:  0.0, Avg:  0.0, Max:  0.0, Diff:  0.0, Sum:  0.0, Workers: 4
[2415.256s][debug][gc,phases      ] GC(298)     Dead                           Min: 0, Avg:  0.0, Max: 0, Diff: 0, Sum: 0, Workers: 4
[2415.256s][debug][gc,phases      ] GC(298)     Total                          Min: 0, Avg:  0.0, Max: 0, Diff: 0, Sum: 0, Workers: 4
[2415.256s][debug][gc,phases      ] GC(298)   StringDedup Table Weak         Min:  0.0, Avg:  0.0, Max:  0.0, Diff:  0.0, Sum:  0.0, Workers: 4
[2415.256s][debug][gc,phases      ] GC(298)     Dead                           Min: 0, Avg:  0.0, Max: 0, Diff: 0, Sum: 0, Workers: 4
[2415.256s][debug][gc,phases      ] GC(298)     Total                          Min: 0, Avg:  0.0, Max: 0, Diff: 0, Sum: 0, Workers: 4
[2415.256s][debug][gc,phases      ] GC(298)   StringDedup Requests0 Weak     Min:  0.0, Avg:  0.0, Max:  0.0, Diff:  0.0, Sum:  0.0, Workers: 4
[2415.256s][debug][gc,phases      ] GC(298)     Dead                           Min: 0, Avg:  0.0, Max: 0, Diff: 0, Sum: 0, Workers: 4
[2415.256s][debug][gc,phases      ] GC(298)     Total                          Min: 0, Avg:  0.0, Max: 0, Diff: 0, Sum: 0, Workers: 4
[2415.257s][debug][gc,phases      ] GC(298)   StringDedup Requests1 Weak     Min:  0.0, Avg:  0.0, Max:  0.0, Diff:  0.0, Sum:  0.0, Workers: 4
[2415.257s][debug][gc,phases      ] GC(298)     Dead                           Min: 0, Avg:  0.0, Max: 0, Diff: 0, Sum: 0, Workers: 4
[2415.257s][debug][gc,phases      ] GC(298)     Total                          Min: 0, Avg:  0.0, Max: 0, Diff: 0, Sum: 0, Workers: 4
[2415.257s][debug][gc,phases      ] GC(298)   Weak JFR Old Object Samples    Min:  0.0, Avg:  0.0, Max:  0.0, Diff:  0.0, Sum:  0.0, Workers: 4
[2415.257s][debug][gc,phases      ] GC(298)     Dead                           Min: 0, Avg:  0.0, Max: 0, Diff: 0, Sum: 0, Workers: 4
[2415.257s][debug][gc,phases      ] GC(298)     Total                          Min: 0, Avg:  0.0, Max: 0, Diff: 0, Sum: 0, Workers: 4
[2415.257s][debug][gc,phases      ] GC(298) Weak Processing 0.278ms
[2415.257s][debug][gc,age         ] GC(298) Desired survivor size 3670016 bytes, new threshold 15 (max threshold 15)
[2415.257s][info ][gc,heap        ] GC(298) PSYoungGen: 2091776K(2093568K)->1808K(2093568K) Eden: 2089984K(2089984K)->0K(2089984K) From: 1792K(3584K)->1808K(3584K)
[2415.257s][info ][gc,heap        ] GC(298) ParOldGen: 563311K(614400K)->563359K(614400K)
[2415.257s][info ][gc,metaspace   ] GC(298) Metaspace: 82218K(83072K)->82218K(83072K) NonClass: 70727K(71168K)->70727K(71168K) Class: 11490K(11904K)->11490K(11904K)
[2415.257s][info ][gc             ] GC(298) Pause Young (Allocation Failure) 2592M->551M(2644M) 2.940ms
[2415.257s][info ][gc,cpu         ] GC(298) User=0.01s Sys=0.00s Real=0.00s
[2415.257s][info ][safepoint      ] Safepoint "ParallelGCFailedAllocation", Time since last: 13243210429 ns, Reaching safepoint: 31300 ns, At safepoint: 3014428 ns, Total: 3045728 ns
[2420.257s][info ][safepoint      ] Safepoint "Cleanup", Time since last: 5000342822 ns, Reaching safepoint: 114101 ns, At safepoint: 6200 ns, Total: 120301 ns
[2421.257s][info ][safepoint      ] Safepoint "Cleanup", Time since last: 1000102944 ns, Reaching safepoint: 40500 ns, At safepoint: 5901 ns, Total: 46401 ns
[2423.258s][info ][safepoint      ] Safepoint "Cleanup", Time since last: 2000172286 ns, Reaching safepoint: 113501 ns, At safepoint: 7600 ns, Total: 121101 ns
[2426.258s][info ][safepoint      ] Safepoint "Cleanup", Time since last: 3000235528 ns, Reaching safepoint: 110001 ns, At safepoint: 8600 ns, Total: 118601 ns
[2428.029s][info ][gc,start       ] GC(299) Pause Young (Allocation Failure)
[2428.032s][debug][gc,phases      ] GC(299) Scavenge 2.866ms
[2428.032s][debug][gc,ref         ] GC(299) Skipped phase 1 of Reference Processing: no references
[2428.032s][debug][gc,ref         ] GC(299) Skipped phase 2 of Reference Processing: no references
[2428.032s][debug][gc,ref         ] GC(299) Skipped phase 3 of Reference Processing: no references
[2428.032s][debug][gc,ref         ] GC(299) ReferenceProcessor::execute queues: 1, RefProcThreadModel::Single, marks_oops_alive: false
[2428.032s][debug][gc,phases      ] GC(299) Reference Processing 0.093ms
[2428.032s][debug][gc,phases      ] GC(299)   VM Weak                        Min:  0.0, Avg:  0.0, Max:  0.0, Diff:  0.0, Sum:  0.0, Workers: 4
[2428.032s][debug][gc,phases      ] GC(299)     Dead                           Min: 0, Avg:  0.0, Max: 0, Diff: 0, Sum: 0, Workers: 4
[2428.032s][debug][gc,phases      ] GC(299)     Total                          Min: 0, Avg: 167.0, Max: 448, Diff: 448, Sum: 668, Workers: 4
[2428.032s][debug][gc,phases      ] GC(299)   ObjectSynchronizer Weak        Min:  0.0, Avg:  0.0, Max:  0.0, Diff:  0.0, Sum:  0.0, Workers: 4
[2428.032s][debug][gc,phases      ] GC(299)     Dead                           Min: 0, Avg:  0.0, Max: 0, Diff: 0, Sum: 0, Workers: 4
[2428.032s][debug][gc,phases      ] GC(299)     Total                          Min: 0, Avg: 87.5, Max: 222, Diff: 222, Sum: 350, Workers: 4
[2428.032s][debug][gc,phases      ] GC(299)   JVMTI Tag Weak OopStorage      Min:  0.0, Avg:  0.0, Max:  0.0, Diff:  0.0, Sum:  0.0, Workers: 4
[2428.032s][debug][gc,phases      ] GC(299)     Dead                           Min: 0, Avg:  0.0, Max: 0, Diff: 0, Sum: 0, Workers: 4
[2428.032s][debug][gc,phases      ] GC(299)     Total                          Min: 0, Avg:  0.0, Max: 0, Diff: 0, Sum: 0, Workers: 4
[2428.032s][debug][gc,phases      ] GC(299)   StringTable Weak               Min:  0.1, Avg:  0.1, Max:  0.1, Diff:  0.0, Sum:  0.4, Workers: 4
[2428.032s][debug][gc,phases      ] GC(299)     Dead                           Min: 0, Avg:  0.0, Max: 0, Diff: 0, Sum: 0, Workers: 4
[2428.032s][debug][gc,phases      ] GC(299)     Total                          Min: 10112, Avg: 12040.5, Max: 14242, Diff: 4130, Sum: 48162, Workers: 4
[2428.032s][debug][gc,phases      ] GC(299)   ResolvedMethodTable Weak       Min:  0.0, Avg:  0.0, Max:  0.0, Diff:  0.0, Sum:  0.1, Workers: 4
[2428.032s][debug][gc,phases      ] GC(299)     Dead                           Min: 0, Avg:  0.0, Max: 0, Diff: 0, Sum: 0, Workers: 4
[2428.032s][debug][gc,phases      ] GC(299)     Total                          Min: 1573, Avg: 1986.2, Max: 2415, Diff: 842, Sum: 7945, Workers: 4
[2428.032s][debug][gc,phases      ] GC(299)   JNI Weak                       Min:  0.0, Avg:  0.0, Max:  0.0, Diff:  0.0, Sum:  0.0, Workers: 4
[2428.032s][debug][gc,phases      ] GC(299)     Dead                           Min: 0, Avg:  0.0, Max: 0, Diff: 0, Sum: 0, Workers: 4
[2428.032s][debug][gc,phases      ] GC(299)     Total                          Min: 0, Avg:  0.0, Max: 0, Diff: 0, Sum: 0, Workers: 4
[2428.032s][debug][gc,phases      ] GC(299)   StringDedup Table Weak         Min:  0.0, Avg:  0.0, Max:  0.0, Diff:  0.0, Sum:  0.0, Workers: 4
[2428.032s][debug][gc,phases      ] GC(299)     Dead                           Min: 0, Avg:  0.0, Max: 0, Diff: 0, Sum: 0, Workers: 4
[2428.032s][debug][gc,phases      ] GC(299)     Total                          Min: 0, Avg:  0.0, Max: 0, Diff: 0, Sum: 0, Workers: 4
[2428.032s][debug][gc,phases      ] GC(299)   StringDedup Requests0 Weak     Min:  0.0, Avg:  0.0, Max:  0.0, Diff:  0.0, Sum:  0.0, Workers: 4
[2428.032s][debug][gc,phases      ] GC(299)     Dead                           Min: 0, Avg:  0.0, Max: 0, Diff: 0, Sum: 0, Workers: 4
[2428.032s][debug][gc,phases      ] GC(299)     Total                          Min: 0, Avg:  0.0, Max: 0, Diff: 0, Sum: 0, Workers: 4
[2428.032s][debug][gc,phases      ] GC(299)   StringDedup Requests1 Weak     Min:  0.0, Avg:  0.0, Max:  0.0, Diff:  0.0, Sum:  0.0, Workers: 4
[2428.032s][debug][gc,phases      ] GC(299)     Dead                           Min: 0, Avg:  0.0, Max: 0, Diff: 0, Sum: 0, Workers: 4
[2428.032s][debug][gc,phases      ] GC(299)     Total                          Min: 0, Avg:  0.0, Max: 0, Diff: 0, Sum: 0, Workers: 4
[2428.032s][debug][gc,phases      ] GC(299)   Weak JFR Old Object Samples    Min:  0.0, Avg:  0.0, Max:  0.0, Diff:  0.0, Sum:  0.0, Workers: 4
[2428.032s][debug][gc,phases      ] GC(299)     Dead                           Min: 0, Avg:  0.0, Max: 0, Diff: 0, Sum: 0, Workers: 4
[2428.032s][debug][gc,phases      ] GC(299)     Total                          Min: 0, Avg:  0.0, Max: 0, Diff: 0, Sum: 0, Workers: 4
[2428.032s][debug][gc,phases      ] GC(299) Weak Processing 0.281ms
[2428.032s][debug][gc,age         ] GC(299) Desired survivor size 3670016 bytes, new threshold 15 (max threshold 15)
[2428.032s][info ][gc,heap        ] GC(299) PSYoungGen: 2091792K(2093568K)->1840K(2093568K) Eden: 2089984K(2089984K)->0K(2089984K) From: 1808K(3584K)->1840K(3584K)
[2428.032s][info ][gc,heap        ] GC(299) ParOldGen: 563359K(614400K)->563383K(614400K)
[2428.032s][info ][gc,metaspace   ] GC(299) Metaspace: 82218K(83072K)->82218K(83072K) NonClass: 70727K(71168K)->70727K(71168K) Class: 11490K(11904K)->11490K(11904K)
[2428.032s][info ][gc             ] GC(299) Pause Young (Allocation Failure) 2592M->551M(2644M) 3.342ms
[2428.032s][info ][gc,cpu         ] GC(299) User=0.02s Sys=0.00s Real=0.00s
[2428.032s][info ][safepoint      ] Safepoint "ParallelGCFailedAllocation", Time since last: 1771134590 ns, Reaching safepoint: 33900 ns, At safepoint: 3417431 ns, Total: 3451331 ns
[2429.033s][info ][safepoint      ] Safepoint "Cleanup", Time since last: 1000076742 ns, Reaching safepoint: 43700 ns, At safepoint: 3600 ns, Total: 47300 ns
[2434.033s][info ][safepoint      ] Safepoint "Cleanup", Time since last: 5000339002 ns, Reaching safepoint: 45001 ns, At safepoint: 8500 ns, Total: 53501 ns
[2435.033s][info ][safepoint      ] Safepoint "Cleanup", Time since last: 1000108240 ns, Reaching safepoint: 47600 ns, At safepoint: 4600 ns, Total: 52200 ns
[2437.033s][info ][safepoint      ] Safepoint "Cleanup", Time since last: 2000169079 ns, Reaching safepoint: 41400 ns, At safepoint: 5900 ns, Total: 47300 ns
[2438.033s][info ][safepoint      ] Safepoint "Cleanup", Time since last: 1000091139 ns, Reaching safepoint: 52001 ns, At safepoint: 2600 ns, Total: 54601 ns
[2441.042s][info ][gc,start       ] GC(300) Pause Young (Allocation Failure)
[2441.044s][debug][gc,phases      ] GC(300) Scavenge 2.485ms
[2441.044s][debug][gc,ref         ] GC(300) Skipped phase 1 of Reference Processing: no references
[2441.045s][debug][gc,ref         ] GC(300) Skipped phase 2 of Reference Processing: no references
[2441.045s][debug][gc,ref         ] GC(300) Skipped phase 3 of Reference Processing: no references
[2441.045s][debug][gc,ref         ] GC(300) Skipped phase 4 of Reference Processing: no references
[2441.045s][debug][gc,phases      ] GC(300) Reference Processing 0.036ms
[2441.045s][debug][gc,phases      ] GC(300)   VM Weak                        Min:  0.0, Avg:  0.0, Max:  0.0, Diff:  0.0, Sum:  0.0, Workers: 4
[2441.045s][debug][gc,phases      ] GC(300)     Dead                           Min: 0, Avg:  0.0, Max: 0, Diff: 0, Sum: 0, Workers: 4
[2441.045s][debug][gc,phases      ] GC(300)     Total                          Min: 0, Avg: 167.0, Max: 540, Diff: 540, Sum: 668, Workers: 4
[2441.045s][debug][gc,phases      ] GC(300)   ObjectSynchronizer Weak        Min:  0.0, Avg:  0.0, Max:  0.0, Diff:  0.0, Sum:  0.0, Workers: 4
[2441.045s][debug][gc,phases      ] GC(300)     Dead                           Min: 0, Avg:  0.0, Max: 0, Diff: 0, Sum: 0, Workers: 4
[2441.045s][debug][gc,phases      ] GC(300)     Total                          Min: 0, Avg: 87.5, Max: 128, Diff: 128, Sum: 350, Workers: 4
[2441.045s][debug][gc,phases      ] GC(300)   JVMTI Tag Weak OopStorage      Min:  0.0, Avg:  0.0, Max:  0.0, Diff:  0.0, Sum:  0.0, Workers: 4
[2441.045s][debug][gc,phases      ] GC(300)     Dead                           Min: 0, Avg:  0.0, Max: 0, Diff: 0, Sum: 0, Workers: 4
[2441.045s][debug][gc,phases      ] GC(300)     Total                          Min: 0, Avg:  0.0, Max: 0, Diff: 0, Sum: 0, Workers: 4
[2441.045s][debug][gc,phases      ] GC(300)   StringTable Weak               Min:  0.1, Avg:  0.1, Max:  0.1, Diff:  0.0, Sum:  0.4, Workers: 4
[2441.045s][debug][gc,phases      ] GC(300)     Dead                           Min: 0, Avg:  0.0, Max: 0, Diff: 0, Sum: 0, Workers: 4
[2441.045s][debug][gc,phases      ] GC(300)     Total                          Min: 9536, Avg: 12040.8, Max: 14307, Diff: 4771, Sum: 48163, Workers: 4
[2441.045s][debug][gc,phases      ] GC(300)   ResolvedMethodTable Weak       Min:  0.0, Avg:  0.0, Max:  0.0, Diff:  0.0, Sum:  0.1, Workers: 4
[2441.045s][debug][gc,phases      ] GC(300)     Dead                           Min: 0, Avg:  0.0, Max: 0, Diff: 0, Sum: 0, Workers: 4
[2441.045s][debug][gc,phases      ] GC(300)     Total                          Min: 1763, Avg: 1986.2, Max: 2240, Diff: 477, Sum: 7945, Workers: 4
[2441.045s][debug][gc,phases      ] GC(300)   JNI Weak                       Min:  0.0, Avg:  0.0, Max:  0.0, Diff:  0.0, Sum:  0.0, Workers: 4
[2441.045s][debug][gc,phases      ] GC(300)     Dead                           Min: 0, Avg:  0.0, Max: 0, Diff: 0, Sum: 0, Workers: 4
[2441.045s][debug][gc,phases      ] GC(300)     Total                          Min: 0, Avg:  0.0, Max: 0, Diff: 0, Sum: 0, Workers: 4
[2441.045s][debug][gc,phases      ] GC(300)   StringDedup Table Weak         Min:  0.0, Avg:  0.0, Max:  0.0, Diff:  0.0, Sum:  0.0, Workers: 4
[2441.045s][debug][gc,phases      ] GC(300)     Dead                           Min: 0, Avg:  0.0, Max: 0, Diff: 0, Sum: 0, Workers: 4
[2441.045s][debug][gc,phases      ] GC(300)     Total                          Min: 0, Avg:  0.0, Max: 0, Diff: 0, Sum: 0, Workers: 4
[2441.045s][debug][gc,phases      ] GC(300)   StringDedup Requests0 Weak     Min:  0.0, Avg:  0.0, Max:  0.0, Diff:  0.0, Sum:  0.0, Workers: 4
[2441.045s][debug][gc,phases      ] GC(300)     Dead                           Min: 0, Avg:  0.0, Max: 0, Diff: 0, Sum: 0, Workers: 4
[2441.045s][debug][gc,phases      ] GC(300)     Total                          Min: 0, Avg:  0.0, Max: 0, Diff: 0, Sum: 0, Workers: 4
[2441.045s][debug][gc,phases      ] GC(300)   StringDedup Requests1 Weak     Min:  0.0, Avg:  0.0, Max:  0.0, Diff:  0.0, Sum:  0.0, Workers: 4
[2441.045s][debug][gc,phases      ] GC(300)     Dead                           Min: 0, Avg:  0.0, Max: 0, Diff: 0, Sum: 0, Workers: 4
[2441.045s][debug][gc,phases      ] GC(300)     Total                          Min: 0, Avg:  0.0, Max: 0, Diff: 0, Sum: 0, Workers: 4
[2441.045s][debug][gc,phases      ] GC(300)   Weak JFR Old Object Samples    Min:  0.0, Avg:  0.0, Max:  0.0, Diff:  0.0, Sum:  0.0, Workers: 4
[2441.045s][debug][gc,phases      ] GC(300)     Dead                           Min: 0, Avg:  0.0, Max: 0, Diff: 0, Sum: 0, Workers: 4
[2441.045s][debug][gc,phases      ] GC(300)     Total                          Min: 0, Avg:  0.0, Max: 0, Diff: 0, Sum: 0, Workers: 4
[2441.045s][debug][gc,phases      ] GC(300) Weak Processing 0.289ms
[2441.045s][debug][gc,age         ] GC(300) Desired survivor size 3670016 bytes, new threshold 15 (max threshold 15)
[2441.045s][info ][gc,heap        ] GC(300) PSYoungGen: 2091824K(2093568K)->1872K(2093568K) Eden: 2089984K(2089984K)->0K(2089984K) From: 1840K(3584K)->1872K(3584K)
[2441.045s][info ][gc,heap        ] GC(300) ParOldGen: 563383K(614400K)->563423K(614400K)
[2441.045s][info ][gc,metaspace   ] GC(300) Metaspace: 82225K(83072K)->82225K(83072K) NonClass: 70734K(71168K)->70734K(71168K) Class: 11490K(11904K)->11490K(11904K)
[2441.045s][info ][gc             ] GC(300) Pause Young (Allocation Failure) 2592M->552M(2644M) 2.912ms
[2441.045s][info ][gc,cpu         ] GC(300) User=0.01s Sys=0.00s Real=0.00s
[2441.045s][info ][safepoint      ] Safepoint "ParallelGCFailedAllocation", Time since last: 3008378789 ns, Reaching safepoint: 43400 ns, At safepoint: 2991327 ns, Total: 3034727 ns
[2443.045s][info ][safepoint      ] Safepoint "Cleanup", Time since last: 2000106575 ns, Reaching safepoint: 36600 ns, At safepoint: 3301 ns, Total: 39901 ns
[2454.304s][info ][gc,start       ] GC(301) Pause Young (Allocation Failure)
[2454.306s][debug][gc,phases      ] GC(301) Scavenge 2.424ms
[2454.306s][debug][gc,ref         ] GC(301) Skipped phase 1 of Reference Processing: no references
[2454.306s][debug][gc,ref         ] GC(301) Skipped phase 2 of Reference Processing: no references
[2454.306s][debug][gc,ref         ] GC(301) Skipped phase 3 of Reference Processing: no references
[2454.306s][debug][gc,ref         ] GC(301) Skipped phase 4 of Reference Processing: no references
[2454.306s][debug][gc,phases      ] GC(301) Reference Processing 0.024ms
[2454.306s][debug][gc,phases      ] GC(301)   VM Weak                        Min:  0.0, Avg:  0.0, Max:  0.0, Diff:  0.0, Sum:  0.0, Workers: 4
[2454.306s][debug][gc,phases      ] GC(301)     Dead                           Min: 0, Avg:  0.0, Max: 0, Diff: 0, Sum: 0, Workers: 4
[2454.306s][debug][gc,phases      ] GC(301)     Total                          Min: 0, Avg: 167.0, Max: 348, Diff: 348, Sum: 668, Workers: 4
[2454.306s][debug][gc,phases      ] GC(301)   ObjectSynchronizer Weak        Min:  0.0, Avg:  0.0, Max:  0.0, Diff:  0.0, Sum:  0.0, Workers: 4
[2454.306s][debug][gc,phases      ] GC(301)     Dead                           Min: 0, Avg:  0.0, Max: 0, Diff: 0, Sum: 0, Workers: 4
[2454.306s][debug][gc,phases      ] GC(301)     Total                          Min: 0, Avg: 87.5, Max: 222, Diff: 222, Sum: 350, Workers: 4
[2454.306s][debug][gc,phases      ] GC(301)   JVMTI Tag Weak OopStorage      Min:  0.0, Avg:  0.0, Max:  0.0, Diff:  0.0, Sum:  0.0, Workers: 4
[2454.306s][debug][gc,phases      ] GC(301)     Dead                           Min: 0, Avg:  0.0, Max: 0, Diff: 0, Sum: 0, Workers: 4
[2454.306s][debug][gc,phases      ] GC(301)     Total                          Min: 0, Avg:  0.0, Max: 0, Diff: 0, Sum: 0, Workers: 4
[2454.306s][debug][gc,phases      ] GC(301)   StringTable Weak               Min:  0.1, Avg:  0.1, Max:  0.1, Diff:  0.0, Sum:  0.4, Workers: 4
[2454.306s][debug][gc,phases      ] GC(301)     Dead                           Min: 0, Avg:  0.0, Max: 0, Diff: 0, Sum: 0, Workers: 4
[2454.306s][debug][gc,phases      ] GC(301)     Total                          Min: 11072, Avg: 12040.8, Max: 13056, Diff: 1984, Sum: 48163, Workers: 4
[2454.306s][debug][gc,phases      ] GC(301)   ResolvedMethodTable Weak       Min:  0.0, Avg:  0.0, Max:  0.0, Diff:  0.0, Sum:  0.1, Workers: 4
[2454.306s][debug][gc,phases      ] GC(301)     Dead                           Min: 0, Avg:  0.0, Max: 0, Diff: 0, Sum: 0, Workers: 4
[2454.306s][debug][gc,phases      ] GC(301)     Total                          Min: 1466, Avg: 1986.2, Max: 2443, Diff: 977, Sum: 7945, Workers: 4
[2454.306s][debug][gc,phases      ] GC(301)   JNI Weak                       Min:  0.0, Avg:  0.0, Max:  0.0, Diff:  0.0, Sum:  0.0, Workers: 4
[2454.306s][debug][gc,phases      ] GC(301)     Dead                           Min: 0, Avg:  0.0, Max: 0, Diff: 0, Sum: 0, Workers: 4
[2454.306s][debug][gc,phases      ] GC(301)     Total                          Min: 0, Avg:  0.0, Max: 0, Diff: 0, Sum: 0, Workers: 4
[2454.306s][debug][gc,phases      ] GC(301)   StringDedup Table Weak         Min:  0.0, Avg:  0.0, Max:  0.0, Diff:  0.0, Sum:  0.0, Workers: 4
[2454.306s][debug][gc,phases      ] GC(301)     Dead                           Min: 0, Avg:  0.0, Max: 0, Diff: 0, Sum: 0, Workers: 4
[2454.306s][debug][gc,phases      ] GC(301)     Total                          Min: 0, Avg:  0.0, Max: 0, Diff: 0, Sum: 0, Workers: 4
[2454.306s][debug][gc,phases      ] GC(301)   StringDedup Requests0 Weak     Min:  0.0, Avg:  0.0, Max:  0.0, Diff:  0.0, Sum:  0.0, Workers: 4
[2454.306s][debug][gc,phases      ] GC(301)     Dead                           Min: 0, Avg:  0.0, Max: 0, Diff: 0, Sum: 0, Workers: 4
[2454.306s][debug][gc,phases      ] GC(301)     Total                          Min: 0, Avg:  0.0, Max: 0, Diff: 0, Sum: 0, Workers: 4
[2454.306s][debug][gc,phases      ] GC(301)   StringDedup Requests1 Weak     Min:  0.0, Avg:  0.0, Max:  0.0, Diff:  0.0, Sum:  0.0, Workers: 4
[2454.306s][debug][gc,phases      ] GC(301)     Dead                           Min: 0, Avg:  0.0, Max: 0, Diff: 0, Sum: 0, Workers: 4
[2454.306s][debug][gc,phases      ] GC(301)     Total                          Min: 0, Avg:  0.0, Max: 0, Diff: 0, Sum: 0, Workers: 4
[2454.306s][debug][gc,phases      ] GC(301)   Weak JFR Old Object Samples    Min:  0.0, Avg:  0.0, Max:  0.0, Diff:  0.0, Sum:  0.0, Workers: 4
[2454.306s][debug][gc,phases      ] GC(301)     Dead                           Min: 0, Avg:  0.0, Max: 0, Diff: 0, Sum: 0, Workers: 4
[2454.306s][debug][gc,phases      ] GC(301)     Total                          Min: 0, Avg:  0.0, Max: 0, Diff: 0, Sum: 0, Workers: 4
[2454.306s][debug][gc,phases      ] GC(301) Weak Processing 0.278ms
[2454.306s][debug][gc,age         ] GC(301) Desired survivor size 3145728 bytes, new threshold 15 (max threshold 15)
[2454.306s][info ][gc,heap        ] GC(301) PSYoungGen: 2091856K(2093568K)->1840K(2094080K) Eden: 2089984K(2089984K)->0K(2090496K) From: 1872K(3584K)->1840K(3584K)
[2454.306s][info ][gc,heap        ] GC(301) ParOldGen: 563423K(614400K)->563479K(614400K)
[2454.306s][info ][gc,metaspace   ] GC(301) Metaspace: 82225K(83072K)->82225K(83072K) NonClass: 70734K(71168K)->70734K(71168K) Class: 11490K(11904K)->11490K(11904K)
[2454.306s][info ][gc             ] GC(301) Pause Young (Allocation Failure) 2593M->552M(2645M) 2.824ms
[2454.306s][info ][gc,cpu         ] GC(301) User=0.01s Sys=0.00s Real=0.00s
[2454.306s][info ][safepoint      ] Safepoint "ParallelGCFailedAllocation", Time since last: 11258480746 ns, Reaching safepoint: 55200 ns, At safepoint: 2893327 ns, Total: 2948527 ns
[2455.307s][info ][safepoint      ] Safepoint "Cleanup", Time since last: 1000086934 ns, Reaching safepoint: 109401 ns, At safepoint: 7100 ns, Total: 116501 ns
[2467.304s][info ][gc,start       ] GC(302) Pause Young (Allocation Failure)
[2467.306s][debug][gc,phases      ] GC(302) Scavenge 2.280ms
[2467.306s][debug][gc,ref         ] GC(302) Skipped phase 1 of Reference Processing: no references
[2467.306s][debug][gc,ref         ] GC(302) Skipped phase 2 of Reference Processing: no references
[2467.306s][debug][gc,ref         ] GC(302) Skipped phase 3 of Reference Processing: no references
[2467.306s][debug][gc,ref         ] GC(302) Skipped phase 4 of Reference Processing: no references
[2467.306s][debug][gc,phases      ] GC(302) Reference Processing 0.024ms
[2467.306s][debug][gc,phases      ] GC(302)   VM Weak                        Min:  0.0, Avg:  0.0, Max:  0.0, Diff:  0.0, Sum:  0.0, Workers: 4
[2467.306s][debug][gc,phases      ] GC(302)     Dead                           Min: 0, Avg:  0.0, Max: 0, Diff: 0, Sum: 0, Workers: 4
[2467.306s][debug][gc,phases      ] GC(302)     Total                          Min: 0, Avg: 167.0, Max: 668, Diff: 668, Sum: 668, Workers: 4
[2467.306s][debug][gc,phases      ] GC(302)   ObjectSynchronizer Weak        Min:  0.0, Avg:  0.0, Max:  0.0, Diff:  0.0, Sum:  0.0, Workers: 4
[2467.306s][debug][gc,phases      ] GC(302)     Dead                           Min: 0, Avg:  0.0, Max: 0, Diff: 0, Sum: 0, Workers: 4
[2467.306s][debug][gc,phases      ] GC(302)     Total                          Min: 0, Avg: 87.5, Max: 286, Diff: 286, Sum: 350, Workers: 4
[2467.306s][debug][gc,phases      ] GC(302)   JVMTI Tag Weak OopStorage      Min:  0.0, Avg:  0.0, Max:  0.0, Diff:  0.0, Sum:  0.0, Workers: 4
[2467.306s][debug][gc,phases      ] GC(302)     Dead                           Min: 0, Avg:  0.0, Max: 0, Diff: 0, Sum: 0, Workers: 4
[2467.306s][debug][gc,phases      ] GC(302)     Total                          Min: 0, Avg:  0.0, Max: 0, Diff: 0, Sum: 0, Workers: 4
[2467.306s][debug][gc,phases      ] GC(302)   StringTable Weak               Min:  0.1, Avg:  0.1, Max:  0.1, Diff:  0.0, Sum:  0.3, Workers: 4
[2467.306s][debug][gc,phases      ] GC(302)     Dead                           Min: 0, Avg:  0.0, Max: 0, Diff: 0, Sum: 0, Workers: 4
[2467.306s][debug][gc,phases      ] GC(302)     Total                          Min: 10304, Avg: 12040.8, Max: 13475, Diff: 3171, Sum: 48163, Workers: 4
[2467.306s][debug][gc,phases      ] GC(302)   ResolvedMethodTable Weak       Min:  0.0, Avg:  0.0, Max:  0.0, Diff:  0.0, Sum:  0.1, Workers: 4
[2467.306s][debug][gc,phases      ] GC(302)     Dead                           Min: 0, Avg:  0.0, Max: 0, Diff: 0, Sum: 0, Workers: 4
[2467.306s][debug][gc,phases      ] GC(302)     Total                          Min: 1813, Avg: 1986.2, Max: 2124, Diff: 311, Sum: 7945, Workers: 4
[2467.306s][debug][gc,phases      ] GC(302)   JNI Weak                       Min:  0.0, Avg:  0.0, Max:  0.0, Diff:  0.0, Sum:  0.0, Workers: 4
[2467.306s][debug][gc,phases      ] GC(302)     Dead                           Min: 0, Avg:  0.0, Max: 0, Diff: 0, Sum: 0, Workers: 4
[2467.306s][debug][gc,phases      ] GC(302)     Total                          Min: 0, Avg:  0.0, Max: 0, Diff: 0, Sum: 0, Workers: 4
[2467.306s][debug][gc,phases      ] GC(302)   StringDedup Table Weak         Min:  0.0, Avg:  0.0, Max:  0.0, Diff:  0.0, Sum:  0.0, Workers: 4
[2467.306s][debug][gc,phases      ] GC(302)     Dead                           Min: 0, Avg:  0.0, Max: 0, Diff: 0, Sum: 0, Workers: 4
[2467.306s][debug][gc,phases      ] GC(302)     Total                          Min: 0, Avg:  0.0, Max: 0, Diff: 0, Sum: 0, Workers: 4
[2467.306s][debug][gc,phases      ] GC(302)   StringDedup Requests0 Weak     Min:  0.0, Avg:  0.0, Max:  0.0, Diff:  0.0, Sum:  0.0, Workers: 4
[2467.306s][debug][gc,phases      ] GC(302)     Dead                           Min: 0, Avg:  0.0, Max: 0, Diff: 0, Sum: 0, Workers: 4
[2467.306s][debug][gc,phases      ] GC(302)     Total                          Min: 0, Avg:  0.0, Max: 0, Diff: 0, Sum: 0, Workers: 4
[2467.306s][debug][gc,phases      ] GC(302)   StringDedup Requests1 Weak     Min:  0.0, Avg:  0.0, Max:  0.0, Diff:  0.0, Sum:  0.0, Workers: 4
[2467.306s][debug][gc,phases      ] GC(302)     Dead                           Min: 0, Avg:  0.0, Max: 0, Diff: 0, Sum: 0, Workers: 4
[2467.306s][debug][gc,phases      ] GC(302)     Total                          Min: 0, Avg:  0.0, Max: 0, Diff: 0, Sum: 0, Workers: 4
[2467.306s][debug][gc,phases      ] GC(302)   Weak JFR Old Object Samples    Min:  0.0, Avg:  0.0, Max:  0.0, Diff:  0.0, Sum:  0.0, Workers: 4
[2467.306s][debug][gc,phases      ] GC(302)     Dead                           Min: 0, Avg:  0.0, Max: 0, Diff: 0, Sum: 0, Workers: 4
[2467.306s][debug][gc,phases      ] GC(302)     Total                          Min: 0, Avg:  0.0, Max: 0, Diff: 0, Sum: 0, Workers: 4
[2467.306s][debug][gc,phases      ] GC(302) Weak Processing 0.263ms
[2467.306s][debug][gc,age         ] GC(302) Desired survivor size 3145728 bytes, new threshold 15 (max threshold 15)
[2467.306s][info ][gc,heap        ] GC(302) PSYoungGen: 2092336K(2094080K)->1712K(2093568K) Eden: 2090496K(2090496K)->0K(2090496K) From: 1840K(3584K)->1712K(3072K)
[2467.306s][info ][gc,heap        ] GC(302) ParOldGen: 563479K(614400K)->563487K(614400K)
[2467.306s][info ][gc,metaspace   ] GC(302) Metaspace: 82225K(83072K)->82225K(83072K) NonClass: 70734K(71168K)->70734K(71168K) Class: 11490K(11904K)->11490K(11904K)
[2467.306s][info ][gc             ] GC(302) Pause Young (Allocation Failure) 2593M->551M(2644M) 2.670ms
[2467.306s][info ][gc,cpu         ] GC(302) User=0.01s Sys=0.00s Real=0.00s
[2467.306s][info ][safepoint      ] Safepoint "ParallelGCFailedAllocation", Time since last: 11996813949 ns, Reaching safepoint: 26001 ns, At safepoint: 2757025 ns, Total: 2783026 ns
[2480.713s][info ][gc,start       ] GC(303) Pause Young (Allocation Failure)
[2480.715s][debug][gc,phases      ] GC(303) Scavenge 2.188ms
[2480.715s][debug][gc,ref         ] GC(303) Skipped phase 1 of Reference Processing: no references
[2480.715s][debug][gc,ref         ] GC(303) Skipped phase 2 of Reference Processing: no references
[2480.715s][debug][gc,ref         ] GC(303) Skipped phase 3 of Reference Processing: no references
[2480.715s][debug][gc,ref         ] GC(303) Skipped phase 4 of Reference Processing: no references
[2480.715s][debug][gc,phases      ] GC(303) Reference Processing 0.024ms
[2480.716s][debug][gc,phases      ] GC(303)   VM Weak                        Min:  0.0, Avg:  0.0, Max:  0.0, Diff:  0.0, Sum:  0.0, Workers: 4
[2480.716s][debug][gc,phases      ] GC(303)     Dead                           Min: 0, Avg:  0.0, Max: 0, Diff: 0, Sum: 0, Workers: 4
[2480.716s][debug][gc,phases      ] GC(303)     Total                          Min: 0, Avg: 167.0, Max: 668, Diff: 668, Sum: 668, Workers: 4
[2480.716s][debug][gc,phases      ] GC(303)   ObjectSynchronizer Weak        Min:  0.0, Avg:  0.0, Max:  0.0, Diff:  0.0, Sum:  0.0, Workers: 4
[2480.716s][debug][gc,phases      ] GC(303)     Dead                           Min: 0, Avg:  0.0, Max: 0, Diff: 0, Sum: 0, Workers: 4
[2480.716s][debug][gc,phases      ] GC(303)     Total                          Min: 0, Avg: 87.5, Max: 222, Diff: 222, Sum: 350, Workers: 4
[2480.716s][debug][gc,phases      ] GC(303)   JVMTI Tag Weak OopStorage      Min:  0.0, Avg:  0.0, Max:  0.0, Diff:  0.0, Sum:  0.0, Workers: 4
[2480.716s][debug][gc,phases      ] GC(303)     Dead                           Min: 0, Avg:  0.0, Max: 0, Diff: 0, Sum: 0, Workers: 4
[2480.716s][debug][gc,phases      ] GC(303)     Total                          Min: 0, Avg:  0.0, Max: 0, Diff: 0, Sum: 0, Workers: 4
[2480.716s][debug][gc,phases      ] GC(303)   StringTable Weak               Min:  0.1, Avg:  0.1, Max:  0.1, Diff:  0.0, Sum:  0.3, Workers: 4
[2480.716s][debug][gc,phases      ] GC(303)     Dead                           Min: 0, Avg:  0.0, Max: 0, Diff: 0, Sum: 0, Workers: 4
[2480.716s][debug][gc,phases      ] GC(303)     Total                          Min: 11072, Avg: 12040.8, Max: 12835, Diff: 1763, Sum: 48163, Workers: 4
[2480.716s][debug][gc,phases      ] GC(303)   ResolvedMethodTable Weak       Min:  0.0, Avg:  0.0, Max:  0.0, Diff:  0.0, Sum:  0.1, Workers: 4
[2480.716s][debug][gc,phases      ] GC(303)     Dead                           Min: 0, Avg:  0.0, Max: 0, Diff: 0, Sum: 0, Workers: 4
[2480.716s][debug][gc,phases      ] GC(303)     Total                          Min: 1905, Avg: 1986.2, Max: 2042, Diff: 137, Sum: 7945, Workers: 4
[2480.716s][debug][gc,phases      ] GC(303)   JNI Weak                       Min:  0.0, Avg:  0.0, Max:  0.0, Diff:  0.0, Sum:  0.0, Workers: 4
[2480.716s][debug][gc,phases      ] GC(303)     Dead                           Min: 0, Avg:  0.0, Max: 0, Diff: 0, Sum: 0, Workers: 4
[2480.716s][debug][gc,phases      ] GC(303)     Total                          Min: 0, Avg:  0.0, Max: 0, Diff: 0, Sum: 0, Workers: 4
[2480.716s][debug][gc,phases      ] GC(303)   StringDedup Table Weak         Min:  0.0, Avg:  0.0, Max:  0.0, Diff:  0.0, Sum:  0.0, Workers: 4
[2480.716s][debug][gc,phases      ] GC(303)     Dead                           Min: 0, Avg:  0.0, Max: 0, Diff: 0, Sum: 0, Workers: 4
[2480.716s][debug][gc,phases      ] GC(303)     Total                          Min: 0, Avg:  0.0, Max: 0, Diff: 0, Sum: 0, Workers: 4
[2480.716s][debug][gc,phases      ] GC(303)   StringDedup Requests0 Weak     Min:  0.0, Avg:  0.0, Max:  0.0, Diff:  0.0, Sum:  0.0, Workers: 4
[2480.716s][debug][gc,phases      ] GC(303)     Dead                           Min: 0, Avg:  0.0, Max: 0, Diff: 0, Sum: 0, Workers: 4
[2480.716s][debug][gc,phases      ] GC(303)     Total                          Min: 0, Avg:  0.0, Max: 0, Diff: 0, Sum: 0, Workers: 4
[2480.716s][debug][gc,phases      ] GC(303)   StringDedup Requests1 Weak     Min:  0.0, Avg:  0.0, Max:  0.0, Diff:  0.0, Sum:  0.0, Workers: 4
[2480.716s][debug][gc,phases      ] GC(303)     Dead                           Min: 0, Avg:  0.0, Max: 0, Diff: 0, Sum: 0, Workers: 4
[2480.716s][debug][gc,phases      ] GC(303)     Total                          Min: 0, Avg:  0.0, Max: 0, Diff: 0, Sum: 0, Workers: 4
[2480.716s][debug][gc,phases      ] GC(303)   Weak JFR Old Object Samples    Min:  0.0, Avg:  0.0, Max:  0.0, Diff:  0.0, Sum:  0.0, Workers: 4
[2480.716s][debug][gc,phases      ] GC(303)     Dead                           Min: 0, Avg:  0.0, Max: 0, Diff: 0, Sum: 0, Workers: 4
[2480.716s][debug][gc,phases      ] GC(303)     Total                          Min: 0, Avg:  0.0, Max: 0, Diff: 0, Sum: 0, Workers: 4
[2480.716s][debug][gc,phases      ] GC(303) Weak Processing 0.269ms
[2480.716s][debug][gc,age         ] GC(303) Desired survivor size 3670016 bytes, new threshold 15 (max threshold 15)
[2480.716s][info ][gc,heap        ] GC(303) PSYoungGen: 2092208K(2093568K)->2595K(2093056K) Eden: 2090496K(2090496K)->0K(2089984K) From: 1712K(3072K)->2595K(3072K)
[2480.716s][info ][gc,heap        ] GC(303) ParOldGen: 563487K(614400K)->563495K(614400K)
[2480.716s][info ][gc,metaspace   ] GC(303) Metaspace: 82226K(83072K)->82226K(83072K) NonClass: 70735K(71168K)->70735K(71168K) Class: 11490K(11904K)->11490K(11904K)
[2480.716s][info ][gc             ] GC(303) Pause Young (Allocation Failure) 2593M->552M(2644M) 2.584ms
[2480.716s][info ][gc,cpu         ] GC(303) User=0.01s Sys=0.00s Real=0.00s
[2480.716s][info ][safepoint      ] Safepoint "ParallelGCFailedAllocation", Time since last: 13406717779 ns, Reaching safepoint: 96901 ns, At safepoint: 2655324 ns, Total: 2752225 ns
[2493.657s][info ][gc,start       ] GC(304) Pause Young (Allocation Failure)
[2493.659s][debug][gc,phases      ] GC(304) Scavenge 2.272ms
[2493.659s][debug][gc,ref         ] GC(304) Skipped phase 1 of Reference Processing: no references
[2493.659s][debug][gc,ref         ] GC(304) Skipped phase 2 of Reference Processing: no references
[2493.659s][debug][gc,ref         ] GC(304) Skipped phase 3 of Reference Processing: no references
[2493.659s][debug][gc,ref         ] GC(304) Skipped phase 4 of Reference Processing: no references
[2493.659s][debug][gc,phases      ] GC(304) Reference Processing 0.035ms
[2493.659s][debug][gc,phases      ] GC(304)   VM Weak                        Min:  0.0, Avg:  0.0, Max:  0.0, Diff:  0.0, Sum:  0.0, Workers: 4
[2493.659s][debug][gc,phases      ] GC(304)     Dead                           Min: 0, Avg:  0.0, Max: 0, Diff: 0, Sum: 0, Workers: 4
[2493.659s][debug][gc,phases      ] GC(304)     Total                          Min: 0, Avg: 167.0, Max: 512, Diff: 512, Sum: 668, Workers: 4
[2493.659s][debug][gc,phases      ] GC(304)   ObjectSynchronizer Weak        Min:  0.0, Avg:  0.0, Max:  0.0, Diff:  0.0, Sum:  0.0, Workers: 4
[2493.659s][debug][gc,phases      ] GC(304)     Dead                           Min: 0, Avg:  0.0, Max: 0, Diff: 0, Sum: 0, Workers: 4
[2493.659s][debug][gc,phases      ] GC(304)     Total                          Min: 0, Avg: 87.5, Max: 222, Diff: 222, Sum: 350, Workers: 4
[2493.660s][debug][gc,phases      ] GC(304)   JVMTI Tag Weak OopStorage      Min:  0.0, Avg:  0.0, Max:  0.0, Diff:  0.0, Sum:  0.0, Workers: 4
[2493.660s][debug][gc,phases      ] GC(304)     Dead                           Min: 0, Avg:  0.0, Max: 0, Diff: 0, Sum: 0, Workers: 4
[2493.660s][debug][gc,phases      ] GC(304)     Total                          Min: 0, Avg:  0.0, Max: 0, Diff: 0, Sum: 0, Workers: 4
[2493.660s][debug][gc,phases      ] GC(304)   StringTable Weak               Min:  0.1, Avg:  0.1, Max:  0.1, Diff:  0.0, Sum:  0.3, Workers: 4
[2493.660s][debug][gc,phases      ] GC(304)     Dead                           Min: 0, Avg:  0.0, Max: 0, Diff: 0, Sum: 0, Workers: 4
[2493.660s][debug][gc,phases      ] GC(304)     Total                          Min: 8768, Avg: 12040.8, Max: 13667, Diff: 4899, Sum: 48163, Workers: 4
[2493.660s][debug][gc,phases      ] GC(304)   ResolvedMethodTable Weak       Min:  0.0, Avg:  0.0, Max:  0.0, Diff:  0.0, Sum:  0.1, Workers: 4
[2493.660s][debug][gc,phases      ] GC(304)     Dead                           Min: 0, Avg:  0.0, Max: 0, Diff: 0, Sum: 0, Workers: 4
[2493.660s][debug][gc,phases      ] GC(304)     Total                          Min: 1515, Avg: 1986.2, Max: 2692, Diff: 1177, Sum: 7945, Workers: 4
[2493.660s][debug][gc,phases      ] GC(304)   JNI Weak                       Min:  0.0, Avg:  0.0, Max:  0.0, Diff:  0.0, Sum:  0.0, Workers: 4
[2493.660s][debug][gc,phases      ] GC(304)     Dead                           Min: 0, Avg:  0.0, Max: 0, Diff: 0, Sum: 0, Workers: 4
[2493.660s][debug][gc,phases      ] GC(304)     Total                          Min: 0, Avg:  0.0, Max: 0, Diff: 0, Sum: 0, Workers: 4
[2493.660s][debug][gc,phases      ] GC(304)   StringDedup Table Weak         Min:  0.0, Avg:  0.0, Max:  0.0, Diff:  0.0, Sum:  0.0, Workers: 4
[2493.660s][debug][gc,phases      ] GC(304)     Dead                           Min: 0, Avg:  0.0, Max: 0, Diff: 0, Sum: 0, Workers: 4
[2493.660s][debug][gc,phases      ] GC(304)     Total                          Min: 0, Avg:  0.0, Max: 0, Diff: 0, Sum: 0, Workers: 4
[2493.660s][debug][gc,phases      ] GC(304)   StringDedup Requests0 Weak     Min:  0.0, Avg:  0.0, Max:  0.0, Diff:  0.0, Sum:  0.0, Workers: 4
[2493.660s][debug][gc,phases      ] GC(304)     Dead                           Min: 0, Avg:  0.0, Max: 0, Diff: 0, Sum: 0, Workers: 4
[2493.660s][debug][gc,phases      ] GC(304)     Total                          Min: 0, Avg:  0.0, Max: 0, Diff: 0, Sum: 0, Workers: 4
[2493.660s][debug][gc,phases      ] GC(304)   StringDedup Requests1 Weak     Min:  0.0, Avg:  0.0, Max:  0.0, Diff:  0.0, Sum:  0.0, Workers: 4
[2493.660s][debug][gc,phases      ] GC(304)     Dead                           Min: 0, Avg:  0.0, Max: 0, Diff: 0, Sum: 0, Workers: 4
[2493.660s][debug][gc,phases      ] GC(304)     Total                          Min: 0, Avg:  0.0, Max: 0, Diff: 0, Sum: 0, Workers: 4
[2493.660s][debug][gc,phases      ] GC(304)   Weak JFR Old Object Samples    Min:  0.0, Avg:  0.0, Max:  0.0, Diff:  0.0, Sum:  0.0, Workers: 4
[2493.660s][debug][gc,phases      ] GC(304)     Dead                           Min: 0, Avg:  0.0, Max: 0, Diff: 0, Sum: 0, Workers: 4
[2493.660s][debug][gc,phases      ] GC(304)     Total                          Min: 0, Avg:  0.0, Max: 0, Diff: 0, Sum: 0, Workers: 4
[2493.660s][debug][gc,phases      ] GC(304) Weak Processing 0.276ms
[2493.660s][debug][gc,age         ] GC(304) Desired survivor size 3145728 bytes, new threshold 15 (max threshold 15)
[2493.660s][info ][gc,heap        ] GC(304) PSYoungGen: 2092579K(2093056K)->1712K(2093568K) Eden: 2089984K(2089984K)->0K(2089984K) From: 2595K(3072K)->1712K(3584K)
[2493.660s][info ][gc,heap        ] GC(304) ParOldGen: 563495K(614400K)->563671K(614400K)
[2493.660s][info ][gc,metaspace   ] GC(304) Metaspace: 82226K(83072K)->82226K(83072K) NonClass: 70735K(71168K)->70735K(71168K) Class: 11490K(11904K)->11490K(11904K)
[2493.660s][info ][gc             ] GC(304) Pause Young (Allocation Failure) 2593M->552M(2644M) 2.690ms
[2493.660s][info ][gc,cpu         ] GC(304) User=0.01s Sys=0.01s Real=0.01s
[2493.660s][info ][safepoint      ] Safepoint "ParallelGCFailedAllocation", Time since last: 12941104984 ns, Reaching safepoint: 44601 ns, At safepoint: 2782825 ns, Total: 2827426 ns
[2502.660s][info ][safepoint      ] Safepoint "Cleanup", Time since last: 9000589503 ns, Reaching safepoint: 36801 ns, At safepoint: 9800 ns, Total: 46601 ns
[2507.006s][info ][gc,start       ] GC(305) Pause Young (Allocation Failure)
[2507.008s][debug][gc,phases      ] GC(305) Scavenge 2.473ms
[2507.008s][debug][gc,ref         ] GC(305) Skipped phase 1 of Reference Processing: no references
[2507.008s][debug][gc,ref         ] GC(305) Skipped phase 2 of Reference Processing: no references
[2507.008s][debug][gc,ref         ] GC(305) Skipped phase 3 of Reference Processing: no references
[2507.008s][debug][gc,ref         ] GC(305) Skipped phase 4 of Reference Processing: no references
[2507.008s][debug][gc,phases      ] GC(305) Reference Processing 0.023ms
[2507.008s][debug][gc,phases      ] GC(305)   VM Weak                        Min:  0.0, Avg:  0.0, Max:  0.0, Diff:  0.0, Sum:  0.0, Workers: 4
[2507.008s][debug][gc,phases      ] GC(305)     Dead                           Min: 0, Avg:  0.0, Max: 0, Diff: 0, Sum: 0, Workers: 4
[2507.008s][debug][gc,phases      ] GC(305)     Total                          Min: 0, Avg: 167.0, Max: 668, Diff: 668, Sum: 668, Workers: 4
[2507.008s][debug][gc,phases      ] GC(305)   ObjectSynchronizer Weak        Min:  0.0, Avg:  0.0, Max:  0.0, Diff:  0.0, Sum:  0.0, Workers: 4
[2507.008s][debug][gc,phases      ] GC(305)     Dead                           Min: 0, Avg:  0.0, Max: 0, Diff: 0, Sum: 0, Workers: 4
[2507.008s][debug][gc,phases      ] GC(305)     Total                          Min: 0, Avg: 87.5, Max: 286, Diff: 286, Sum: 350, Workers: 4
[2507.008s][debug][gc,phases      ] GC(305)   JVMTI Tag Weak OopStorage      Min:  0.0, Avg:  0.0, Max:  0.0, Diff:  0.0, Sum:  0.0, Workers: 4
[2507.008s][debug][gc,phases      ] GC(305)     Dead                           Min: 0, Avg:  0.0, Max: 0, Diff: 0, Sum: 0, Workers: 4
[2507.008s][debug][gc,phases      ] GC(305)     Total                          Min: 0, Avg:  0.0, Max: 0, Diff: 0, Sum: 0, Workers: 4
[2507.008s][debug][gc,phases      ] GC(305)   StringTable Weak               Min:  0.1, Avg:  0.1, Max:  0.1, Diff:  0.0, Sum:  0.4, Workers: 4
[2507.008s][debug][gc,phases      ] GC(305)     Dead                           Min: 0, Avg:  0.0, Max: 0, Diff: 0, Sum: 0, Workers: 4
[2507.008s][debug][gc,phases      ] GC(305)     Total                          Min: 9600, Avg: 12040.8, Max: 14848, Diff: 5248, Sum: 48163, Workers: 4
[2507.008s][debug][gc,phases      ] GC(305)   ResolvedMethodTable Weak       Min:  0.0, Avg:  0.0, Max:  0.0, Diff:  0.0, Sum:  0.1, Workers: 4
[2507.008s][debug][gc,phases      ] GC(305)     Dead                           Min: 0, Avg:  0.0, Max: 0, Diff: 0, Sum: 0, Workers: 4
[2507.008s][debug][gc,phases      ] GC(305)     Total                          Min: 1624, Avg: 1986.2, Max: 2442, Diff: 818, Sum: 7945, Workers: 4
[2507.008s][debug][gc,phases      ] GC(305)   JNI Weak                       Min:  0.0, Avg:  0.0, Max:  0.0, Diff:  0.0, Sum:  0.0, Workers: 4
[2507.008s][debug][gc,phases      ] GC(305)     Dead                           Min: 0, Avg:  0.0, Max: 0, Diff: 0, Sum: 0, Workers: 4
[2507.008s][debug][gc,phases      ] GC(305)     Total                          Min: 0, Avg:  0.0, Max: 0, Diff: 0, Sum: 0, Workers: 4
[2507.008s][debug][gc,phases      ] GC(305)   StringDedup Table Weak         Min:  0.0, Avg:  0.0, Max:  0.0, Diff:  0.0, Sum:  0.0, Workers: 4
[2507.008s][debug][gc,phases      ] GC(305)     Dead                           Min: 0, Avg:  0.0, Max: 0, Diff: 0, Sum: 0, Workers: 4
[2507.008s][debug][gc,phases      ] GC(305)     Total                          Min: 0, Avg:  0.0, Max: 0, Diff: 0, Sum: 0, Workers: 4
[2507.008s][debug][gc,phases      ] GC(305)   StringDedup Requests0 Weak     Min:  0.0, Avg:  0.0, Max:  0.0, Diff:  0.0, Sum:  0.0, Workers: 4
[2507.008s][debug][gc,phases      ] GC(305)     Dead                           Min: 0, Avg:  0.0, Max: 0, Diff: 0, Sum: 0, Workers: 4
[2507.008s][debug][gc,phases      ] GC(305)     Total                          Min: 0, Avg:  0.0, Max: 0, Diff: 0, Sum: 0, Workers: 4
[2507.008s][debug][gc,phases      ] GC(305)   StringDedup Requests1 Weak     Min:  0.0, Avg:  0.0, Max:  0.0, Diff:  0.0, Sum:  0.0, Workers: 4
[2507.008s][debug][gc,phases      ] GC(305)     Dead                           Min: 0, Avg:  0.0, Max: 0, Diff: 0, Sum: 0, Workers: 4
[2507.008s][debug][gc,phases      ] GC(305)     Total                          Min: 0, Avg:  0.0, Max: 0, Diff: 0, Sum: 0, Workers: 4
[2507.008s][debug][gc,phases      ] GC(305)   Weak JFR Old Object Samples    Min:  0.0, Avg:  0.0, Max:  0.0, Diff:  0.0, Sum:  0.0, Workers: 4
[2507.008s][debug][gc,phases      ] GC(305)     Dead                           Min: 0, Avg:  0.0, Max: 0, Diff: 0, Sum: 0, Workers: 4
[2507.008s][debug][gc,phases      ] GC(305)     Total                          Min: 0, Avg:  0.0, Max: 0, Diff: 0, Sum: 0, Workers: 4
[2507.008s][debug][gc,phases      ] GC(305) Weak Processing 0.281ms
[2507.008s][debug][gc,age         ] GC(305) Desired survivor size 3145728 bytes, new threshold 15 (max threshold 15)
[2507.008s][info ][gc,heap        ] GC(305) PSYoungGen: 2091696K(2093568K)->1680K(2094080K) Eden: 2089984K(2089984K)->0K(2091008K) From: 1712K(3584K)->1680K(3072K)
[2507.008s][info ][gc,heap        ] GC(305) ParOldGen: 563671K(614400K)->563703K(614400K)
[2507.008s][info ][gc,metaspace   ] GC(305) Metaspace: 82226K(83072K)->82226K(83072K) NonClass: 70735K(71168K)->70735K(71168K) Class: 11490K(11904K)->11490K(11904K)
[2507.008s][info ][gc             ] GC(305) Pause Young (Allocation Failure) 2593M->552M(2645M) 2.883ms
[2507.008s][info ][gc,cpu         ] GC(305) User=0.01s Sys=0.00s Real=0.01s
[2507.009s][info ][safepoint      ] Safepoint "ParallelGCFailedAllocation", Time since last: 4345234730 ns, Reaching safepoint: 24900 ns, At safepoint: 2946327 ns, Total: 2971227 ns
[2520.505s][info ][gc,start       ] GC(306) Pause Young (Allocation Failure)
[2520.507s][debug][gc,phases      ] GC(306) Scavenge 2.189ms
[2520.507s][debug][gc,ref         ] GC(306) Skipped phase 1 of Reference Processing: no references
[2520.507s][debug][gc,ref         ] GC(306) Skipped phase 2 of Reference Processing: no references
[2520.507s][debug][gc,ref         ] GC(306) Skipped phase 3 of Reference Processing: no references
[2520.507s][debug][gc,ref         ] GC(306) Skipped phase 4 of Reference Processing: no references
[2520.507s][debug][gc,phases      ] GC(306) Reference Processing 0.024ms
[2520.507s][debug][gc,phases      ] GC(306)   VM Weak                        Min:  0.0, Avg:  0.0, Max:  0.0, Diff:  0.0, Sum:  0.0, Workers: 4
[2520.507s][debug][gc,phases      ] GC(306)     Dead                           Min: 0, Avg:  0.0, Max: 0, Diff: 0, Sum: 0, Workers: 4
[2520.507s][debug][gc,phases      ] GC(306)     Total                          Min: 0, Avg: 167.0, Max: 540, Diff: 540, Sum: 668, Workers: 4
[2520.507s][debug][gc,phases      ] GC(306)   ObjectSynchronizer Weak        Min:  0.0, Avg:  0.0, Max:  0.0, Diff:  0.0, Sum:  0.0, Workers: 4
[2520.507s][debug][gc,phases      ] GC(306)     Dead                           Min: 0, Avg:  0.0, Max: 0, Diff: 0, Sum: 0, Workers: 4
[2520.507s][debug][gc,phases      ] GC(306)     Total                          Min: 0, Avg: 87.5, Max: 192, Diff: 192, Sum: 350, Workers: 4
[2520.507s][debug][gc,phases      ] GC(306)   JVMTI Tag Weak OopStorage      Min:  0.0, Avg:  0.0, Max:  0.0, Diff:  0.0, Sum:  0.0, Workers: 4
[2520.507s][debug][gc,phases      ] GC(306)     Dead                           Min: 0, Avg:  0.0, Max: 0, Diff: 0, Sum: 0, Workers: 4
[2520.507s][debug][gc,phases      ] GC(306)     Total                          Min: 0, Avg:  0.0, Max: 0, Diff: 0, Sum: 0, Workers: 4
[2520.507s][debug][gc,phases      ] GC(306)   StringTable Weak               Min:  0.1, Avg:  0.1, Max:  0.1, Diff:  0.0, Sum:  0.4, Workers: 4
[2520.507s][debug][gc,phases      ] GC(306)     Dead                           Min: 0, Avg:  0.0, Max: 0, Diff: 0, Sum: 0, Workers: 4
[2520.507s][debug][gc,phases      ] GC(306)     Total                          Min: 9792, Avg: 12040.8, Max: 14912, Diff: 5120, Sum: 48163, Workers: 4
[2520.507s][debug][gc,phases      ] GC(306)   ResolvedMethodTable Weak       Min:  0.0, Avg:  0.0, Max:  0.0, Diff:  0.0, Sum:  0.1, Workers: 4
[2520.507s][debug][gc,phases      ] GC(306)     Dead                           Min: 0, Avg:  0.0, Max: 0, Diff: 0, Sum: 0, Workers: 4
[2520.507s][debug][gc,phases      ] GC(306)     Total                          Min: 1576, Avg: 1986.2, Max: 2383, Diff: 807, Sum: 7945, Workers: 4
[2520.507s][debug][gc,phases      ] GC(306)   JNI Weak                       Min:  0.0, Avg:  0.0, Max:  0.0, Diff:  0.0, Sum:  0.0, Workers: 4
[2520.507s][debug][gc,phases      ] GC(306)     Dead                           Min: 0, Avg:  0.0, Max: 0, Diff: 0, Sum: 0, Workers: 4
[2520.507s][debug][gc,phases      ] GC(306)     Total                          Min: 0, Avg:  0.0, Max: 0, Diff: 0, Sum: 0, Workers: 4
[2520.507s][debug][gc,phases      ] GC(306)   StringDedup Table Weak         Min:  0.0, Avg:  0.0, Max:  0.0, Diff:  0.0, Sum:  0.0, Workers: 4
[2520.507s][debug][gc,phases      ] GC(306)     Dead                           Min: 0, Avg:  0.0, Max: 0, Diff: 0, Sum: 0, Workers: 4
[2520.507s][debug][gc,phases      ] GC(306)     Total                          Min: 0, Avg:  0.0, Max: 0, Diff: 0, Sum: 0, Workers: 4
[2520.507s][debug][gc,phases      ] GC(306)   StringDedup Requests0 Weak     Min:  0.0, Avg:  0.0, Max:  0.0, Diff:  0.0, Sum:  0.0, Workers: 4
[2520.507s][debug][gc,phases      ] GC(306)     Dead                           Min: 0, Avg:  0.0, Max: 0, Diff: 0, Sum: 0, Workers: 4
[2520.507s][debug][gc,phases      ] GC(306)     Total                          Min: 0, Avg:  0.0, Max: 0, Diff: 0, Sum: 0, Workers: 4
[2520.507s][debug][gc,phases      ] GC(306)   StringDedup Requests1 Weak     Min:  0.0, Avg:  0.0, Max:  0.0, Diff:  0.0, Sum:  0.0, Workers: 4
[2520.507s][debug][gc,phases      ] GC(306)     Dead                           Min: 0, Avg:  0.0, Max: 0, Diff: 0, Sum: 0, Workers: 4
[2520.507s][debug][gc,phases      ] GC(306)     Total                          Min: 0, Avg:  0.0, Max: 0, Diff: 0, Sum: 0, Workers: 4
[2520.507s][debug][gc,phases      ] GC(306)   Weak JFR Old Object Samples    Min:  0.0, Avg:  0.0, Max:  0.0, Diff:  0.0, Sum:  0.0, Workers: 4
[2520.507s][debug][gc,phases      ] GC(306)     Dead                           Min: 0, Avg:  0.0, Max: 0, Diff: 0, Sum: 0, Workers: 4
[2520.507s][debug][gc,phases      ] GC(306)     Total                          Min: 0, Avg:  0.0, Max: 0, Diff: 0, Sum: 0, Workers: 4
[2520.507s][debug][gc,phases      ] GC(306) Weak Processing 0.291ms
[2520.507s][debug][gc,age         ] GC(306) Desired survivor size 3145728 bytes, new threshold 15 (max threshold 15)
[2520.507s][info ][gc,heap        ] GC(306) PSYoungGen: 2092688K(2094080K)->1712K(2094080K) Eden: 2091008K(2091008K)->0K(2091008K) From: 1680K(3072K)->1712K(3072K)
[2520.507s][info ][gc,heap        ] GC(306) ParOldGen: 563703K(614400K)->563727K(614400K)
[2520.507s][info ][gc,metaspace   ] GC(306) Metaspace: 82226K(83072K)->82226K(83072K) NonClass: 70735K(71168K)->70735K(71168K) Class: 11490K(11904K)->11490K(11904K)
[2520.507s][info ][gc             ] GC(306) Pause Young (Allocation Failure) 2594M->552M(2645M) 2.607ms
[2520.507s][info ][gc,cpu         ] GC(306) User=0.01s Sys=0.00s Real=0.01s
[2520.507s][info ][safepoint      ] Safepoint "ParallelGCFailedAllocation", Time since last: 13496246560 ns, Reaching safepoint: 30901 ns, At safepoint: 2688724 ns, Total: 2719625 ns
[2534.156s][info ][gc,start       ] GC(307) Pause Young (Allocation Failure)
[2534.158s][debug][gc,phases      ] GC(307) Scavenge 2.432ms
[2534.158s][debug][gc,ref         ] GC(307) Skipped phase 1 of Reference Processing: no references
[2534.158s][debug][gc,ref         ] GC(307) Skipped phase 2 of Reference Processing: no references
[2534.158s][debug][gc,ref         ] GC(307) Skipped phase 3 of Reference Processing: no references
[2534.158s][debug][gc,ref         ] GC(307) Skipped phase 4 of Reference Processing: no references
[2534.158s][debug][gc,phases      ] GC(307) Reference Processing 0.023ms
[2534.158s][debug][gc,phases      ] GC(307)   VM Weak                        Min:  0.0, Avg:  0.0, Max:  0.0, Diff:  0.0, Sum:  0.0, Workers: 4
[2534.158s][debug][gc,phases      ] GC(307)     Dead                           Min: 0, Avg:  0.0, Max: 0, Diff: 0, Sum: 0, Workers: 4
[2534.158s][debug][gc,phases      ] GC(307)     Total                          Min: 0, Avg: 167.0, Max: 604, Diff: 604, Sum: 668, Workers: 4
[2534.158s][debug][gc,phases      ] GC(307)   ObjectSynchronizer Weak        Min:  0.0, Avg:  0.0, Max:  0.0, Diff:  0.0, Sum:  0.0, Workers: 4
[2534.158s][debug][gc,phases      ] GC(307)     Dead                           Min: 0, Avg:  0.0, Max: 0, Diff: 0, Sum: 0, Workers: 4
[2534.158s][debug][gc,phases      ] GC(307)     Total                          Min: 0, Avg: 87.5, Max: 192, Diff: 192, Sum: 350, Workers: 4
[2534.158s][debug][gc,phases      ] GC(307)   JVMTI Tag Weak OopStorage      Min:  0.0, Avg:  0.0, Max:  0.0, Diff:  0.0, Sum:  0.0, Workers: 4
[2534.158s][debug][gc,phases      ] GC(307)     Dead                           Min: 0, Avg:  0.0, Max: 0, Diff: 0, Sum: 0, Workers: 4
[2534.158s][debug][gc,phases      ] GC(307)     Total                          Min: 0, Avg:  0.0, Max: 0, Diff: 0, Sum: 0, Workers: 4
[2534.158s][debug][gc,phases      ] GC(307)   StringTable Weak               Min:  0.1, Avg:  0.1, Max:  0.1, Diff:  0.0, Sum:  0.4, Workers: 4
[2534.158s][debug][gc,phases      ] GC(307)     Dead                           Min: 0, Avg:  0.0, Max: 0, Diff: 0, Sum: 0, Workers: 4
[2534.158s][debug][gc,phases      ] GC(307)     Total                          Min: 9408, Avg: 12040.8, Max: 14976, Diff: 5568, Sum: 48163, Workers: 4
[2534.158s][debug][gc,phases      ] GC(307)   ResolvedMethodTable Weak       Min:  0.0, Avg:  0.0, Max:  0.0, Diff:  0.0, Sum:  0.1, Workers: 4
[2534.158s][debug][gc,phases      ] GC(307)     Dead                           Min: 0, Avg:  0.0, Max: 0, Diff: 0, Sum: 0, Workers: 4
[2534.158s][debug][gc,phases      ] GC(307)     Total                          Min: 1693, Avg: 1986.2, Max: 2282, Diff: 589, Sum: 7945, Workers: 4
[2534.158s][debug][gc,phases      ] GC(307)   JNI Weak                       Min:  0.0, Avg:  0.0, Max:  0.0, Diff:  0.0, Sum:  0.0, Workers: 4
[2534.158s][debug][gc,phases      ] GC(307)     Dead                           Min: 0, Avg:  0.0, Max: 0, Diff: 0, Sum: 0, Workers: 4
[2534.158s][debug][gc,phases      ] GC(307)     Total                          Min: 0, Avg:  0.0, Max: 0, Diff: 0, Sum: 0, Workers: 4
[2534.158s][debug][gc,phases      ] GC(307)   StringDedup Table Weak         Min:  0.0, Avg:  0.0, Max:  0.0, Diff:  0.0, Sum:  0.0, Workers: 4
[2534.158s][debug][gc,phases      ] GC(307)     Dead                           Min: 0, Avg:  0.0, Max: 0, Diff: 0, Sum: 0, Workers: 4
[2534.158s][debug][gc,phases      ] GC(307)     Total                          Min: 0, Avg:  0.0, Max: 0, Diff: 0, Sum: 0, Workers: 4
[2534.158s][debug][gc,phases      ] GC(307)   StringDedup Requests0 Weak     Min:  0.0, Avg:  0.0, Max:  0.0, Diff:  0.0, Sum:  0.0, Workers: 4
[2534.158s][debug][gc,phases      ] GC(307)     Dead                           Min: 0, Avg:  0.0, Max: 0, Diff: 0, Sum: 0, Workers: 4
[2534.158s][debug][gc,phases      ] GC(307)     Total                          Min: 0, Avg:  0.0, Max: 0, Diff: 0, Sum: 0, Workers: 4
[2534.158s][debug][gc,phases      ] GC(307)   StringDedup Requests1 Weak     Min:  0.0, Avg:  0.0, Max:  0.0, Diff:  0.0, Sum:  0.0, Workers: 4
[2534.158s][debug][gc,phases      ] GC(307)     Dead                           Min: 0, Avg:  0.0, Max: 0, Diff: 0, Sum: 0, Workers: 4
[2534.158s][debug][gc,phases      ] GC(307)     Total                          Min: 0, Avg:  0.0, Max: 0, Diff: 0, Sum: 0, Workers: 4
[2534.158s][debug][gc,phases      ] GC(307)   Weak JFR Old Object Samples    Min:  0.0, Avg:  0.0, Max:  0.0, Diff:  0.0, Sum:  0.0, Workers: 4
[2534.158s][debug][gc,phases      ] GC(307)     Dead                           Min: 0, Avg:  0.0, Max: 0, Diff: 0, Sum: 0, Workers: 4
[2534.158s][debug][gc,phases      ] GC(307)     Total                          Min: 0, Avg:  0.0, Max: 0, Diff: 0, Sum: 0, Workers: 4
[2534.158s][debug][gc,phases      ] GC(307) Weak Processing 0.275ms
[2534.158s][debug][gc,age         ] GC(307) Desired survivor size 3145728 bytes, new threshold 15 (max threshold 15)
[2534.158s][info ][gc,heap        ] GC(307) PSYoungGen: 2092720K(2094080K)->1712K(2094080K) Eden: 2091008K(2091008K)->0K(2091008K) From: 1712K(3072K)->1712K(3072K)
[2534.158s][info ][gc,heap        ] GC(307) ParOldGen: 563727K(614400K)->563735K(614400K)
[2534.158s][info ][gc,metaspace   ] GC(307) Metaspace: 82226K(83072K)->82226K(83072K) NonClass: 70735K(71168K)->70735K(71168K) Class: 11490K(11904K)->11490K(11904K)
[2534.158s][info ][gc             ] GC(307) Pause Young (Allocation Failure) 2594M->552M(2645M) 2.831ms
[2534.158s][info ][gc,cpu         ] GC(307) User=0.01s Sys=0.00s Real=0.00s
[2534.159s][info ][safepoint      ] Safepoint "ParallelGCFailedAllocation", Time since last: 13648103401 ns, Reaching safepoint: 34400 ns, At safepoint: 2890627 ns, Total: 2925027 ns
[2547.754s][info ][gc,start       ] GC(308) Pause Young (Allocation Failure)
[2547.756s][debug][gc,phases      ] GC(308) Scavenge 2.124ms
[2547.756s][debug][gc,ref         ] GC(308) Skipped phase 1 of Reference Processing: no references
[2547.756s][debug][gc,ref         ] GC(308) Skipped phase 2 of Reference Processing: no references
[2547.756s][debug][gc,ref         ] GC(308) Skipped phase 3 of Reference Processing: no references
[2547.756s][debug][gc,ref         ] GC(308) Skipped phase 4 of Reference Processing: no references
[2547.756s][debug][gc,phases      ] GC(308) Reference Processing 0.024ms
[2547.756s][debug][gc,phases      ] GC(308)   VM Weak                        Min:  0.0, Avg:  0.0, Max:  0.0, Diff:  0.0, Sum:  0.0, Workers: 4
[2547.756s][debug][gc,phases      ] GC(308)     Dead                           Min: 0, Avg:  0.0, Max: 0, Diff: 0, Sum: 0, Workers: 4
[2547.756s][debug][gc,phases      ] GC(308)     Total                          Min: 0, Avg: 167.0, Max: 512, Diff: 512, Sum: 668, Workers: 4
[2547.756s][debug][gc,phases      ] GC(308)   ObjectSynchronizer Weak        Min:  0.0, Avg:  0.0, Max:  0.0, Diff:  0.0, Sum:  0.0, Workers: 4
[2547.756s][debug][gc,phases      ] GC(308)     Dead                           Min: 0, Avg:  0.0, Max: 0, Diff: 0, Sum: 0, Workers: 4
[2547.756s][debug][gc,phases      ] GC(308)     Total                          Min: 0, Avg: 87.5, Max: 286, Diff: 286, Sum: 350, Workers: 4
[2547.756s][debug][gc,phases      ] GC(308)   JVMTI Tag Weak OopStorage      Min:  0.0, Avg:  0.0, Max:  0.0, Diff:  0.0, Sum:  0.0, Workers: 4
[2547.756s][debug][gc,phases      ] GC(308)     Dead                           Min: 0, Avg:  0.0, Max: 0, Diff: 0, Sum: 0, Workers: 4
[2547.756s][debug][gc,phases      ] GC(308)     Total                          Min: 0, Avg:  0.0, Max: 0, Diff: 0, Sum: 0, Workers: 4
[2547.756s][debug][gc,phases      ] GC(308)   StringTable Weak               Min:  0.1, Avg:  0.1, Max:  0.1, Diff:  0.0, Sum:  0.4, Workers: 4
[2547.756s][debug][gc,phases      ] GC(308)     Dead                           Min: 0, Avg:  0.0, Max: 0, Diff: 0, Sum: 0, Workers: 4
[2547.756s][debug][gc,phases      ] GC(308)     Total                          Min: 9443, Avg: 12040.8, Max: 15296, Diff: 5853, Sum: 48163, Workers: 4
[2547.756s][debug][gc,phases      ] GC(308)   ResolvedMethodTable Weak       Min:  0.0, Avg:  0.0, Max:  0.0, Diff:  0.0, Sum:  0.1, Workers: 4
[2547.756s][debug][gc,phases      ] GC(308)     Dead                           Min: 0, Avg:  0.0, Max: 0, Diff: 0, Sum: 0, Workers: 4
[2547.756s][debug][gc,phases      ] GC(308)     Total                          Min: 1511, Avg: 1986.2, Max: 2453, Diff: 942, Sum: 7945, Workers: 4
[2547.756s][debug][gc,phases      ] GC(308)   JNI Weak                       Min:  0.0, Avg:  0.0, Max:  0.0, Diff:  0.0, Sum:  0.0, Workers: 4
[2547.756s][debug][gc,phases      ] GC(308)     Dead                           Min: 0, Avg:  0.0, Max: 0, Diff: 0, Sum: 0, Workers: 4
[2547.756s][debug][gc,phases      ] GC(308)     Total                          Min: 0, Avg:  0.0, Max: 0, Diff: 0, Sum: 0, Workers: 4
[2547.756s][debug][gc,phases      ] GC(308)   StringDedup Table Weak         Min:  0.0, Avg:  0.0, Max:  0.0, Diff:  0.0, Sum:  0.0, Workers: 4
[2547.756s][debug][gc,phases      ] GC(308)     Dead                           Min: 0, Avg:  0.0, Max: 0, Diff: 0, Sum: 0, Workers: 4
[2547.756s][debug][gc,phases      ] GC(308)     Total                          Min: 0, Avg:  0.0, Max: 0, Diff: 0, Sum: 0, Workers: 4
[2547.756s][debug][gc,phases      ] GC(308)   StringDedup Requests0 Weak     Min:  0.0, Avg:  0.0, Max:  0.0, Diff:  0.0, Sum:  0.0, Workers: 4
[2547.756s][debug][gc,phases      ] GC(308)     Dead                           Min: 0, Avg:  0.0, Max: 0, Diff: 0, Sum: 0, Workers: 4
[2547.756s][debug][gc,phases      ] GC(308)     Total                          Min: 0, Avg:  0.0, Max: 0, Diff: 0, Sum: 0, Workers: 4
[2547.756s][debug][gc,phases      ] GC(308)   StringDedup Requests1 Weak     Min:  0.0, Avg:  0.0, Max:  0.0, Diff:  0.0, Sum:  0.0, Workers: 4
[2547.756s][debug][gc,phases      ] GC(308)     Dead                           Min: 0, Avg:  0.0, Max: 0, Diff: 0, Sum: 0, Workers: 4
[2547.756s][debug][gc,phases      ] GC(308)     Total                          Min: 0, Avg:  0.0, Max: 0, Diff: 0, Sum: 0, Workers: 4
[2547.756s][debug][gc,phases      ] GC(308)   Weak JFR Old Object Samples    Min:  0.0, Avg:  0.0, Max:  0.0, Diff:  0.0, Sum:  0.0, Workers: 4
[2547.756s][debug][gc,phases      ] GC(308)     Dead                           Min: 0, Avg:  0.0, Max: 0, Diff: 0, Sum: 0, Workers: 4
[2547.756s][debug][gc,phases      ] GC(308)     Total                          Min: 0, Avg:  0.0, Max: 0, Diff: 0, Sum: 0, Workers: 4
[2547.756s][debug][gc,phases      ] GC(308) Weak Processing 0.293ms
[2547.756s][debug][gc,age         ] GC(308) Desired survivor size 3145728 bytes, new threshold 15 (max threshold 15)
[2547.756s][info ][gc,heap        ] GC(308) PSYoungGen: 2092720K(2094080K)->1680K(2094080K) Eden: 2091008K(2091008K)->0K(2091008K) From: 1712K(3072K)->1680K(3072K)
[2547.756s][info ][gc,heap        ] GC(308) ParOldGen: 563735K(614400K)->563759K(614400K)
[2547.756s][info ][gc,metaspace   ] GC(308) Metaspace: 82226K(83072K)->82226K(83072K) NonClass: 70735K(71168K)->70735K(71168K) Class: 11490K(11904K)->11490K(11904K)
[2547.756s][info ][gc             ] GC(308) Pause Young (Allocation Failure) 2594M->552M(2645M) 2.541ms
[2547.756s][info ][gc,cpu         ] GC(308) User=0.01s Sys=0.00s Real=0.00s
[2547.756s][info ][safepoint      ] Safepoint "ParallelGCFailedAllocation", Time since last: 13595177175 ns, Reaching safepoint: 44400 ns, At safepoint: 2604624 ns, Total: 2649024 ns
[2561.454s][info ][gc,start       ] GC(309) Pause Young (Allocation Failure)
[2561.456s][debug][gc,phases      ] GC(309) Scavenge 2.376ms
[2561.456s][debug][gc,ref         ] GC(309) Skipped phase 1 of Reference Processing: no references
[2561.456s][debug][gc,ref         ] GC(309) Skipped phase 2 of Reference Processing: no references
[2561.456s][debug][gc,ref         ] GC(309) Skipped phase 3 of Reference Processing: no references
[2561.456s][debug][gc,ref         ] GC(309) Skipped phase 4 of Reference Processing: no references
[2561.456s][debug][gc,phases      ] GC(309) Reference Processing 0.030ms
[2561.456s][debug][gc,phases      ] GC(309)   VM Weak                        Min:  0.0, Avg:  0.0, Max:  0.0, Diff:  0.0, Sum:  0.0, Workers: 4
[2561.456s][debug][gc,phases      ] GC(309)     Dead                           Min: 0, Avg:  0.0, Max: 0, Diff: 0, Sum: 0, Workers: 4
[2561.456s][debug][gc,phases      ] GC(309)     Total                          Min: 0, Avg: 167.0, Max: 320, Diff: 320, Sum: 668, Workers: 4
[2561.456s][debug][gc,phases      ] GC(309)   ObjectSynchronizer Weak        Min:  0.0, Avg:  0.0, Max:  0.0, Diff:  0.0, Sum:  0.0, Workers: 4
[2561.456s][debug][gc,phases      ] GC(309)     Dead                           Min: 0, Avg:  0.0, Max: 0, Diff: 0, Sum: 0, Workers: 4
[2561.456s][debug][gc,phases      ] GC(309)     Total                          Min: 0, Avg: 87.5, Max: 128, Diff: 128, Sum: 350, Workers: 4
[2561.456s][debug][gc,phases      ] GC(309)   JVMTI Tag Weak OopStorage      Min:  0.0, Avg:  0.0, Max:  0.0, Diff:  0.0, Sum:  0.0, Workers: 4
[2561.456s][debug][gc,phases      ] GC(309)     Dead                           Min: 0, Avg:  0.0, Max: 0, Diff: 0, Sum: 0, Workers: 4
[2561.456s][debug][gc,phases      ] GC(309)     Total                          Min: 0, Avg:  0.0, Max: 0, Diff: 0, Sum: 0, Workers: 4
[2561.456s][debug][gc,phases      ] GC(309)   StringTable Weak               Min:  0.1, Avg:  0.1, Max:  0.1, Diff:  0.0, Sum:  0.4, Workers: 4
[2561.456s][debug][gc,phases      ] GC(309)     Dead                           Min: 0, Avg:  0.0, Max: 0, Diff: 0, Sum: 0, Workers: 4
[2561.456s][debug][gc,phases      ] GC(309)     Total                          Min: 9571, Avg: 12040.8, Max: 16832, Diff: 7261, Sum: 48163, Workers: 4
[2561.456s][debug][gc,phases      ] GC(309)   ResolvedMethodTable Weak       Min:  0.0, Avg:  0.0, Max:  0.0, Diff:  0.0, Sum:  0.1, Workers: 4
[2561.456s][debug][gc,phases      ] GC(309)     Dead                           Min: 0, Avg:  0.0, Max: 0, Diff: 0, Sum: 0, Workers: 4
[2561.456s][debug][gc,phases      ] GC(309)     Total                          Min: 1686, Avg: 1986.2, Max: 2623, Diff: 937, Sum: 7945, Workers: 4
[2561.456s][debug][gc,phases      ] GC(309)   JNI Weak                       Min:  0.0, Avg:  0.0, Max:  0.0, Diff:  0.0, Sum:  0.0, Workers: 4
[2561.456s][debug][gc,phases      ] GC(309)     Dead                           Min: 0, Avg:  0.0, Max: 0, Diff: 0, Sum: 0, Workers: 4
[2561.456s][debug][gc,phases      ] GC(309)     Total                          Min: 0, Avg:  0.0, Max: 0, Diff: 0, Sum: 0, Workers: 4
[2561.456s][debug][gc,phases      ] GC(309)   StringDedup Table Weak         Min:  0.0, Avg:  0.0, Max:  0.0, Diff:  0.0, Sum:  0.0, Workers: 4
[2561.456s][debug][gc,phases      ] GC(309)     Dead                           Min: 0, Avg:  0.0, Max: 0, Diff: 0, Sum: 0, Workers: 4
[2561.456s][debug][gc,phases      ] GC(309)     Total                          Min: 0, Avg:  0.0, Max: 0, Diff: 0, Sum: 0, Workers: 4
[2561.456s][debug][gc,phases      ] GC(309)   StringDedup Requests0 Weak     Min:  0.0, Avg:  0.0, Max:  0.0, Diff:  0.0, Sum:  0.0, Workers: 4
[2561.456s][debug][gc,phases      ] GC(309)     Dead                           Min: 0, Avg:  0.0, Max: 0, Diff: 0, Sum: 0, Workers: 4
[2561.456s][debug][gc,phases      ] GC(309)     Total                          Min: 0, Avg:  0.0, Max: 0, Diff: 0, Sum: 0, Workers: 4
[2561.456s][debug][gc,phases      ] GC(309)   StringDedup Requests1 Weak     Min:  0.0, Avg:  0.0, Max:  0.0, Diff:  0.0, Sum:  0.0, Workers: 4
[2561.456s][debug][gc,phases      ] GC(309)     Dead                           Min: 0, Avg:  0.0, Max: 0, Diff: 0, Sum: 0, Workers: 4
[2561.456s][debug][gc,phases      ] GC(309)     Total                          Min: 0, Avg:  0.0, Max: 0, Diff: 0, Sum: 0, Workers: 4
[2561.456s][debug][gc,phases      ] GC(309)   Weak JFR Old Object Samples    Min:  0.0, Avg:  0.0, Max:  0.0, Diff:  0.0, Sum:  0.0, Workers: 4
[2561.456s][debug][gc,phases      ] GC(309)     Dead                           Min: 0, Avg:  0.0, Max: 0, Diff: 0, Sum: 0, Workers: 4
[2561.456s][debug][gc,phases      ] GC(309)     Total                          Min: 0, Avg:  0.0, Max: 0, Diff: 0, Sum: 0, Workers: 4
[2561.456s][debug][gc,phases      ] GC(309) Weak Processing 0.306ms
[2561.456s][debug][gc,age         ] GC(309) Desired survivor size 3145728 bytes, new threshold 15 (max threshold 15)
[2561.456s][info ][gc,heap        ] GC(309) PSYoungGen: 2092688K(2094080K)->1648K(2094080K) Eden: 2091008K(2091008K)->0K(2091008K) From: 1680K(3072K)->1648K(3072K)
[2561.456s][info ][gc,heap        ] GC(309) ParOldGen: 563759K(614400K)->563791K(614400K)
[2561.456s][info ][gc,metaspace   ] GC(309) Metaspace: 82226K(83072K)->82226K(83072K) NonClass: 70735K(71168K)->70735K(71168K) Class: 11490K(11904K)->11490K(11904K)
[2561.456s][info ][gc             ] GC(309) Pause Young (Allocation Failure) 2594M->552M(2645M) 2.828ms
[2561.456s][info ][gc,cpu         ] GC(309) User=0.01s Sys=0.00s Real=0.00s
[2561.456s][info ][safepoint      ] Safepoint "ParallelGCFailedAllocation", Time since last: 13697079761 ns, Reaching safepoint: 54901 ns, At safepoint: 2889626 ns, Total: 2944527 ns
[2574.457s][info ][safepoint      ] Safepoint "Cleanup", Time since last: 13000839881 ns, Reaching safepoint: 102601 ns, At safepoint: 7100 ns, Total: 109701 ns
[2575.154s][info ][gc,start       ] GC(310) Pause Young (Allocation Failure)
[2575.156s][debug][gc,phases      ] GC(310) Scavenge 2.401ms
[2575.156s][debug][gc,ref         ] GC(310) Skipped phase 1 of Reference Processing: no references
[2575.156s][debug][gc,ref         ] GC(310) Skipped phase 2 of Reference Processing: no references
[2575.156s][debug][gc,ref         ] GC(310) Skipped phase 3 of Reference Processing: no references
[2575.156s][debug][gc,ref         ] GC(310) Skipped phase 4 of Reference Processing: no references
[2575.156s][debug][gc,phases      ] GC(310) Reference Processing 0.023ms
[2575.156s][debug][gc,phases      ] GC(310)   VM Weak                        Min:  0.0, Avg:  0.0, Max:  0.0, Diff:  0.0, Sum:  0.0, Workers: 4
[2575.156s][debug][gc,phases      ] GC(310)     Dead                           Min: 0, Avg:  0.0, Max: 0, Diff: 0, Sum: 0, Workers: 4
[2575.156s][debug][gc,phases      ] GC(310)     Total                          Min: 0, Avg: 167.0, Max: 668, Diff: 668, Sum: 668, Workers: 4
[2575.156s][debug][gc,phases      ] GC(310)   ObjectSynchronizer Weak        Min:  0.0, Avg:  0.0, Max:  0.0, Diff:  0.0, Sum:  0.0, Workers: 4
[2575.156s][debug][gc,phases      ] GC(310)     Dead                           Min: 0, Avg:  0.0, Max: 0, Diff: 0, Sum: 0, Workers: 4
[2575.156s][debug][gc,phases      ] GC(310)     Total                          Min: 0, Avg: 87.8, Max: 351, Diff: 351, Sum: 351, Workers: 4
[2575.156s][debug][gc,phases      ] GC(310)   JVMTI Tag Weak OopStorage      Min:  0.0, Avg:  0.0, Max:  0.0, Diff:  0.0, Sum:  0.0, Workers: 4
[2575.156s][debug][gc,phases      ] GC(310)     Dead                           Min: 0, Avg:  0.0, Max: 0, Diff: 0, Sum: 0, Workers: 4
[2575.156s][debug][gc,phases      ] GC(310)     Total                          Min: 0, Avg:  0.0, Max: 0, Diff: 0, Sum: 0, Workers: 4
[2575.156s][debug][gc,phases      ] GC(310)   StringTable Weak               Min:  0.1, Avg:  0.1, Max:  0.1, Diff:  0.0, Sum:  0.3, Workers: 4
[2575.156s][debug][gc,phases      ] GC(310)     Dead                           Min: 0, Avg:  0.0, Max: 0, Diff: 0, Sum: 0, Workers: 4
[2575.156s][debug][gc,phases      ] GC(310)     Total                          Min: 9664, Avg: 12040.8, Max: 14208, Diff: 4544, Sum: 48163, Workers: 4
[2575.156s][debug][gc,phases      ] GC(310)   ResolvedMethodTable Weak       Min:  0.0, Avg:  0.0, Max:  0.0, Diff:  0.0, Sum:  0.1, Workers: 4
[2575.156s][debug][gc,phases      ] GC(310)     Dead                           Min: 0, Avg:  0.0, Max: 0, Diff: 0, Sum: 0, Workers: 4
[2575.156s][debug][gc,phases      ] GC(310)     Total                          Min: 1641, Avg: 1986.2, Max: 2369, Diff: 728, Sum: 7945, Workers: 4
[2575.156s][debug][gc,phases      ] GC(310)   JNI Weak                       Min:  0.0, Avg:  0.0, Max:  0.0, Diff:  0.0, Sum:  0.0, Workers: 4
[2575.156s][debug][gc,phases      ] GC(310)     Dead                           Min: 0, Avg:  0.0, Max: 0, Diff: 0, Sum: 0, Workers: 4
[2575.156s][debug][gc,phases      ] GC(310)     Total                          Min: 0, Avg:  0.0, Max: 0, Diff: 0, Sum: 0, Workers: 4
[2575.156s][debug][gc,phases      ] GC(310)   StringDedup Table Weak         Min:  0.0, Avg:  0.0, Max:  0.0, Diff:  0.0, Sum:  0.0, Workers: 4
[2575.156s][debug][gc,phases      ] GC(310)     Dead                           Min: 0, Avg:  0.0, Max: 0, Diff: 0, Sum: 0, Workers: 4
[2575.156s][debug][gc,phases      ] GC(310)     Total                          Min: 0, Avg:  0.0, Max: 0, Diff: 0, Sum: 0, Workers: 4
[2575.156s][debug][gc,phases      ] GC(310)   StringDedup Requests0 Weak     Min:  0.0, Avg:  0.0, Max:  0.0, Diff:  0.0, Sum:  0.0, Workers: 4
[2575.156s][debug][gc,phases      ] GC(310)     Dead                           Min: 0, Avg:  0.0, Max: 0, Diff: 0, Sum: 0, Workers: 4
[2575.156s][debug][gc,phases      ] GC(310)     Total                          Min: 0, Avg:  0.0, Max: 0, Diff: 0, Sum: 0, Workers: 4
[2575.156s][debug][gc,phases      ] GC(310)   StringDedup Requests1 Weak     Min:  0.0, Avg:  0.0, Max:  0.0, Diff:  0.0, Sum:  0.0, Workers: 4
[2575.156s][debug][gc,phases      ] GC(310)     Dead                           Min: 0, Avg:  0.0, Max: 0, Diff: 0, Sum: 0, Workers: 4
[2575.156s][debug][gc,phases      ] GC(310)     Total                          Min: 0, Avg:  0.0, Max: 0, Diff: 0, Sum: 0, Workers: 4
[2575.156s][debug][gc,phases      ] GC(310)   Weak JFR Old Object Samples    Min:  0.0, Avg:  0.0, Max:  0.0, Diff:  0.0, Sum:  0.0, Workers: 4
[2575.156s][debug][gc,phases      ] GC(310)     Dead                           Min: 0, Avg:  0.0, Max: 0, Diff: 0, Sum: 0, Workers: 4
[2575.156s][debug][gc,phases      ] GC(310)     Total                          Min: 0, Avg:  0.0, Max: 0, Diff: 0, Sum: 0, Workers: 4
[2575.156s][debug][gc,phases      ] GC(310) Weak Processing 0.275ms
[2575.157s][debug][gc,age         ] GC(310) Desired survivor size 3145728 bytes, new threshold 15 (max threshold 15)
[2575.157s][info ][gc,heap        ] GC(310) PSYoungGen: 2092656K(2094080K)->1616K(2094080K) Eden: 2091008K(2091008K)->0K(2091008K) From: 1648K(3072K)->1616K(3072K)
[2575.157s][info ][gc,heap        ] GC(310) ParOldGen: 563791K(614400K)->563815K(614400K)
[2575.157s][info ][gc,metaspace   ] GC(310) Metaspace: 82226K(83072K)->82226K(83072K) NonClass: 70735K(71168K)->70735K(71168K) Class: 11490K(11904K)->11490K(11904K)
[2575.157s][info ][gc             ] GC(310) Pause Young (Allocation Failure) 2594M->552M(2645M) 2.790ms
[2575.157s][info ][gc,cpu         ] GC(310) User=0.01s Sys=0.00s Real=0.00s
[2575.157s][info ][safepoint      ] Safepoint "ParallelGCFailedAllocation", Time since last: 696362040 ns, Reaching safepoint: 29700 ns, At safepoint: 2859526 ns, Total: 2889226 ns
[2588.158s][info ][safepoint      ] Safepoint "Cleanup", Time since last: 13000805242 ns, Reaching safepoint: 120801 ns, At safepoint: 10000 ns, Total: 130801 ns
[2588.854s][info ][gc,start       ] GC(311) Pause Young (Allocation Failure)
[2588.856s][debug][gc,phases      ] GC(311) Scavenge 2.095ms
[2588.856s][debug][gc,ref         ] GC(311) Skipped phase 1 of Reference Processing: no references
[2588.856s][debug][gc,ref         ] GC(311) Skipped phase 2 of Reference Processing: no references
[2588.856s][debug][gc,ref         ] GC(311) Skipped phase 3 of Reference Processing: no references
[2588.856s][debug][gc,ref         ] GC(311) Skipped phase 4 of Reference Processing: no references
[2588.856s][debug][gc,phases      ] GC(311) Reference Processing 0.034ms
[2588.856s][debug][gc,phases      ] GC(311)   VM Weak                        Min:  0.0, Avg:  0.0, Max:  0.0, Diff:  0.0, Sum:  0.0, Workers: 4
[2588.856s][debug][gc,phases      ] GC(311)     Dead                           Min: 0, Avg:  0.0, Max: 0, Diff: 0, Sum: 0, Workers: 4
[2588.856s][debug][gc,phases      ] GC(311)     Total                          Min: 0, Avg: 167.0, Max: 384, Diff: 384, Sum: 668, Workers: 4
[2588.856s][debug][gc,phases      ] GC(311)   ObjectSynchronizer Weak        Min:  0.0, Avg:  0.0, Max:  0.0, Diff:  0.0, Sum:  0.0, Workers: 4
[2588.856s][debug][gc,phases      ] GC(311)     Dead                           Min: 0, Avg:  0.0, Max: 0, Diff: 0, Sum: 0, Workers: 4
[2588.856s][debug][gc,phases      ] GC(311)     Total                          Min: 0, Avg: 87.8, Max: 192, Diff: 192, Sum: 351, Workers: 4
[2588.856s][debug][gc,phases      ] GC(311)   JVMTI Tag Weak OopStorage      Min:  0.0, Avg:  0.0, Max:  0.0, Diff:  0.0, Sum:  0.0, Workers: 4
[2588.856s][debug][gc,phases      ] GC(311)     Dead                           Min: 0, Avg:  0.0, Max: 0, Diff: 0, Sum: 0, Workers: 4
[2588.856s][debug][gc,phases      ] GC(311)     Total                          Min: 0, Avg:  0.0, Max: 0, Diff: 0, Sum: 0, Workers: 4
[2588.856s][debug][gc,phases      ] GC(311)   StringTable Weak               Min:  0.1, Avg:  0.1, Max:  0.1, Diff:  0.0, Sum:  0.4, Workers: 4
[2588.856s][debug][gc,phases      ] GC(311)     Dead                           Min: 0, Avg:  0.0, Max: 0, Diff: 0, Sum: 0, Workers: 4
[2588.856s][debug][gc,phases      ] GC(311)     Total                          Min: 9600, Avg: 12040.8, Max: 16867, Diff: 7267, Sum: 48163, Workers: 4
[2588.856s][debug][gc,phases      ] GC(311)   ResolvedMethodTable Weak       Min:  0.0, Avg:  0.0, Max:  0.0, Diff:  0.0, Sum:  0.1, Workers: 4
[2588.856s][debug][gc,phases      ] GC(311)     Dead                           Min: 0, Avg:  0.0, Max: 0, Diff: 0, Sum: 0, Workers: 4
[2588.856s][debug][gc,phases      ] GC(311)     Total                          Min: 1638, Avg: 1986.2, Max: 2554, Diff: 916, Sum: 7945, Workers: 4
[2588.856s][debug][gc,phases      ] GC(311)   JNI Weak                       Min:  0.0, Avg:  0.0, Max:  0.0, Diff:  0.0, Sum:  0.0, Workers: 4
[2588.856s][debug][gc,phases      ] GC(311)     Dead                           Min: 0, Avg:  0.0, Max: 0, Diff: 0, Sum: 0, Workers: 4
[2588.856s][debug][gc,phases      ] GC(311)     Total                          Min: 0, Avg:  0.0, Max: 0, Diff: 0, Sum: 0, Workers: 4
[2588.856s][debug][gc,phases      ] GC(311)   StringDedup Table Weak         Min:  0.0, Avg:  0.0, Max:  0.0, Diff:  0.0, Sum:  0.0, Workers: 4
[2588.856s][debug][gc,phases      ] GC(311)     Dead                           Min: 0, Avg:  0.0, Max: 0, Diff: 0, Sum: 0, Workers: 4
[2588.856s][debug][gc,phases      ] GC(311)     Total                          Min: 0, Avg:  0.0, Max: 0, Diff: 0, Sum: 0, Workers: 4
[2588.856s][debug][gc,phases      ] GC(311)   StringDedup Requests0 Weak     Min:  0.0, Avg:  0.0, Max:  0.0, Diff:  0.0, Sum:  0.0, Workers: 4
[2588.856s][debug][gc,phases      ] GC(311)     Dead                           Min: 0, Avg:  0.0, Max: 0, Diff: 0, Sum: 0, Workers: 4
[2588.856s][debug][gc,phases      ] GC(311)     Total                          Min: 0, Avg:  0.0, Max: 0, Diff: 0, Sum: 0, Workers: 4
[2588.856s][debug][gc,phases      ] GC(311)   StringDedup Requests1 Weak     Min:  0.0, Avg:  0.0, Max:  0.0, Diff:  0.0, Sum:  0.0, Workers: 4
[2588.856s][debug][gc,phases      ] GC(311)     Dead                           Min: 0, Avg:  0.0, Max: 0, Diff: 0, Sum: 0, Workers: 4
[2588.856s][debug][gc,phases      ] GC(311)     Total                          Min: 0, Avg:  0.0, Max: 0, Diff: 0, Sum: 0, Workers: 4
[2588.856s][debug][gc,phases      ] GC(311)   Weak JFR Old Object Samples    Min:  0.0, Avg:  0.0, Max:  0.0, Diff:  0.0, Sum:  0.0, Workers: 4
[2588.856s][debug][gc,phases      ] GC(311)     Dead                           Min: 0, Avg:  0.0, Max: 0, Diff: 0, Sum: 0, Workers: 4
[2588.856s][debug][gc,phases      ] GC(311)     Total                          Min: 0, Avg:  0.0, Max: 0, Diff: 0, Sum: 0, Workers: 4
[2588.856s][debug][gc,phases      ] GC(311) Weak Processing 0.307ms
[2588.856s][debug][gc,age         ] GC(311) Desired survivor size 3145728 bytes, new threshold 15 (max threshold 15)
[2588.856s][info ][gc,heap        ] GC(311) PSYoungGen: 2092624K(2094080K)->1440K(2094080K) Eden: 2091008K(2091008K)->0K(2091008K) From: 1616K(3072K)->1440K(3072K)
[2588.856s][info ][gc,heap        ] GC(311) ParOldGen: 563815K(614400K)->564031K(614400K)
[2588.856s][info ][gc,metaspace   ] GC(311) Metaspace: 82226K(83072K)->82226K(83072K) NonClass: 70735K(71168K)->70735K(71168K) Class: 11490K(11904K)->11490K(11904K)
[2588.856s][info ][gc             ] GC(311) Pause Young (Allocation Failure) 2594M->552M(2645M) 2.565ms
[2588.856s][info ][gc,cpu         ] GC(311) User=0.01s Sys=0.00s Real=0.00s
[2588.856s][info ][safepoint      ] Safepoint "ParallelGCFailedAllocation", Time since last: 696054735 ns, Reaching safepoint: 26000 ns, At safepoint: 2639625 ns, Total: 2665625 ns
[2593.857s][info ][safepoint      ] Safepoint "Cleanup", Time since last: 5000333806 ns, Reaching safepoint: 120301 ns, At safepoint: 10700 ns, Total: 131001 ns
[2597.857s][info ][safepoint      ] Safepoint "Cleanup", Time since last: 4000313202 ns, Reaching safepoint: 112101 ns, At safepoint: 10900 ns, Total: 123001 ns
[2602.556s][info ][gc,start       ] GC(312) Pause Young (Allocation Failure)
[2602.558s][debug][gc,phases      ] GC(312) Scavenge 2.229ms
[2602.558s][debug][gc,ref         ] GC(312) Skipped phase 1 of Reference Processing: no references
[2602.558s][debug][gc,ref         ] GC(312) Skipped phase 2 of Reference Processing: no references
[2602.558s][debug][gc,ref         ] GC(312) Skipped phase 3 of Reference Processing: no references
[2602.558s][debug][gc,ref         ] GC(312) Skipped phase 4 of Reference Processing: no references
[2602.558s][debug][gc,phases      ] GC(312) Reference Processing 0.023ms
[2602.558s][debug][gc,phases      ] GC(312)   VM Weak                        Min:  0.0, Avg:  0.0, Max:  0.0, Diff:  0.0, Sum:  0.0, Workers: 4
[2602.558s][debug][gc,phases      ] GC(312)     Dead                           Min: 0, Avg:  0.0, Max: 0, Diff: 0, Sum: 0, Workers: 4
[2602.558s][debug][gc,phases      ] GC(312)     Total                          Min: 0, Avg: 167.0, Max: 668, Diff: 668, Sum: 668, Workers: 4
[2602.558s][debug][gc,phases      ] GC(312)   ObjectSynchronizer Weak        Min:  0.0, Avg:  0.0, Max:  0.0, Diff:  0.0, Sum:  0.0, Workers: 4
[2602.558s][debug][gc,phases      ] GC(312)     Dead                           Min: 0, Avg:  0.0, Max: 0, Diff: 0, Sum: 0, Workers: 4
[2602.558s][debug][gc,phases      ] GC(312)     Total                          Min: 0, Avg: 87.8, Max: 320, Diff: 320, Sum: 351, Workers: 4
[2602.558s][debug][gc,phases      ] GC(312)   JVMTI Tag Weak OopStorage      Min:  0.0, Avg:  0.0, Max:  0.0, Diff:  0.0, Sum:  0.0, Workers: 4
[2602.558s][debug][gc,phases      ] GC(312)     Dead                           Min: 0, Avg:  0.0, Max: 0, Diff: 0, Sum: 0, Workers: 4
[2602.558s][debug][gc,phases      ] GC(312)     Total                          Min: 0, Avg:  0.0, Max: 0, Diff: 0, Sum: 0, Workers: 4
[2602.558s][debug][gc,phases      ] GC(312)   StringTable Weak               Min:  0.1, Avg:  0.1, Max:  0.1, Diff:  0.0, Sum:  0.4, Workers: 4
[2602.558s][debug][gc,phases      ] GC(312)     Dead                           Min: 0, Avg:  0.0, Max: 0, Diff: 0, Sum: 0, Workers: 4
[2602.558s][debug][gc,phases      ] GC(312)     Total                          Min: 9571, Avg: 12040.8, Max: 14720, Diff: 5149, Sum: 48163, Workers: 4
[2602.558s][debug][gc,phases      ] GC(312)   ResolvedMethodTable Weak       Min:  0.0, Avg:  0.0, Max:  0.0, Diff:  0.0, Sum:  0.1, Workers: 4
[2602.558s][debug][gc,phases      ] GC(312)     Dead                           Min: 0, Avg:  0.0, Max: 0, Diff: 0, Sum: 0, Workers: 4
[2602.558s][debug][gc,phases      ] GC(312)     Total                          Min: 1625, Avg: 1986.2, Max: 2371, Diff: 746, Sum: 7945, Workers: 4
[2602.558s][debug][gc,phases      ] GC(312)   JNI Weak                       Min:  0.0, Avg:  0.0, Max:  0.0, Diff:  0.0, Sum:  0.0, Workers: 4
[2602.558s][debug][gc,phases      ] GC(312)     Dead                           Min: 0, Avg:  0.0, Max: 0, Diff: 0, Sum: 0, Workers: 4
[2602.558s][debug][gc,phases      ] GC(312)     Total                          Min: 0, Avg:  0.0, Max: 0, Diff: 0, Sum: 0, Workers: 4
[2602.558s][debug][gc,phases      ] GC(312)   StringDedup Table Weak         Min:  0.0, Avg:  0.0, Max:  0.0, Diff:  0.0, Sum:  0.0, Workers: 4
[2602.558s][debug][gc,phases      ] GC(312)     Dead                           Min: 0, Avg:  0.0, Max: 0, Diff: 0, Sum: 0, Workers: 4
[2602.558s][debug][gc,phases      ] GC(312)     Total                          Min: 0, Avg:  0.0, Max: 0, Diff: 0, Sum: 0, Workers: 4
[2602.558s][debug][gc,phases      ] GC(312)   StringDedup Requests0 Weak     Min:  0.0, Avg:  0.0, Max:  0.0, Diff:  0.0, Sum:  0.0, Workers: 4
[2602.558s][debug][gc,phases      ] GC(312)     Dead                           Min: 0, Avg:  0.0, Max: 0, Diff: 0, Sum: 0, Workers: 4
[2602.558s][debug][gc,phases      ] GC(312)     Total                          Min: 0, Avg:  0.0, Max: 0, Diff: 0, Sum: 0, Workers: 4
[2602.558s][debug][gc,phases      ] GC(312)   StringDedup Requests1 Weak     Min:  0.0, Avg:  0.0, Max:  0.0, Diff:  0.0, Sum:  0.0, Workers: 4
[2602.558s][debug][gc,phases      ] GC(312)     Dead                           Min: 0, Avg:  0.0, Max: 0, Diff: 0, Sum: 0, Workers: 4
[2602.558s][debug][gc,phases      ] GC(312)     Total                          Min: 0, Avg:  0.0, Max: 0, Diff: 0, Sum: 0, Workers: 4
[2602.558s][debug][gc,phases      ] GC(312)   Weak JFR Old Object Samples    Min:  0.0, Avg:  0.0, Max:  0.0, Diff:  0.0, Sum:  0.0, Workers: 4
[2602.558s][debug][gc,phases      ] GC(312)     Dead                           Min: 0, Avg:  0.0, Max: 0, Diff: 0, Sum: 0, Workers: 4
[2602.558s][debug][gc,phases      ] GC(312)     Total                          Min: 0, Avg:  0.0, Max: 0, Diff: 0, Sum: 0, Workers: 4
[2602.558s][debug][gc,phases      ] GC(312) Weak Processing 0.269ms
[2602.558s][debug][gc,age         ] GC(312) Desired survivor size 3145728 bytes, new threshold 15 (max threshold 15)
[2602.558s][info ][gc,heap        ] GC(312) PSYoungGen: 2092448K(2094080K)->1440K(2094080K) Eden: 2091008K(2091008K)->0K(2091008K) From: 1440K(3072K)->1440K(3072K)
[2602.558s][info ][gc,heap        ] GC(312) ParOldGen: 564031K(614400K)->564055K(614400K)
[2602.558s][info ][gc,metaspace   ] GC(312) Metaspace: 82228K(83072K)->82228K(83072K) NonClass: 70738K(71168K)->70738K(71168K) Class: 11490K(11904K)->11490K(11904K)
[2602.558s][info ][gc             ] GC(312) Pause Young (Allocation Failure) 2594M->552M(2645M) 2.638ms
[2602.558s][info ][gc,cpu         ] GC(312) User=0.01s Sys=0.00s Real=0.00s
[2602.558s][info ][safepoint      ] Safepoint "ParallelGCFailedAllocation", Time since last: 4698409550 ns, Reaching safepoint: 46300 ns, At safepoint: 2698225 ns, Total: 2744525 ns
[2616.454s][info ][gc,start       ] GC(313) Pause Young (Allocation Failure)
[2616.456s][debug][gc,phases      ] GC(313) Scavenge 2.133ms
[2616.456s][debug][gc,ref         ] GC(313) Skipped phase 1 of Reference Processing: no references
[2616.456s][debug][gc,ref         ] GC(313) Skipped phase 2 of Reference Processing: no references
[2616.456s][debug][gc,ref         ] GC(313) Skipped phase 3 of Reference Processing: no references
[2616.456s][debug][gc,ref         ] GC(313) Skipped phase 4 of Reference Processing: no references
[2616.456s][debug][gc,phases      ] GC(313) Reference Processing 0.023ms
[2616.456s][debug][gc,phases      ] GC(313)   VM Weak                        Min:  0.0, Avg:  0.0, Max:  0.0, Diff:  0.0, Sum:  0.0, Workers: 4
[2616.456s][debug][gc,phases      ] GC(313)     Dead                           Min: 0, Avg:  0.0, Max: 0, Diff: 0, Sum: 0, Workers: 4
[2616.456s][debug][gc,phases      ] GC(313)     Total                          Min: 0, Avg: 167.0, Max: 540, Diff: 540, Sum: 668, Workers: 4
[2616.456s][debug][gc,phases      ] GC(313)   ObjectSynchronizer Weak        Min:  0.0, Avg:  0.0, Max:  0.0, Diff:  0.0, Sum:  0.0, Workers: 4
[2616.456s][debug][gc,phases      ] GC(313)     Dead                           Min: 0, Avg:  0.0, Max: 0, Diff: 0, Sum: 0, Workers: 4
[2616.456s][debug][gc,phases      ] GC(313)     Total                          Min: 0, Avg: 87.8, Max: 223, Diff: 223, Sum: 351, Workers: 4
[2616.456s][debug][gc,phases      ] GC(313)   JVMTI Tag Weak OopStorage      Min:  0.0, Avg:  0.0, Max:  0.0, Diff:  0.0, Sum:  0.0, Workers: 4
[2616.456s][debug][gc,phases      ] GC(313)     Dead                           Min: 0, Avg:  0.0, Max: 0, Diff: 0, Sum: 0, Workers: 4
[2616.456s][debug][gc,phases      ] GC(313)     Total                          Min: 0, Avg:  0.0, Max: 0, Diff: 0, Sum: 0, Workers: 4
[2616.456s][debug][gc,phases      ] GC(313)   StringTable Weak               Min:  0.1, Avg:  0.1, Max:  0.1, Diff:  0.0, Sum:  0.4, Workers: 4
[2616.456s][debug][gc,phases      ] GC(313)     Dead                           Min: 0, Avg:  0.0, Max: 0, Diff: 0, Sum: 0, Workers: 4
[2616.456s][debug][gc,phases      ] GC(313)     Total                          Min: 9408, Avg: 12040.8, Max: 14912, Diff: 5504, Sum: 48163, Workers: 4
[2616.456s][debug][gc,phases      ] GC(313)   ResolvedMethodTable Weak       Min:  0.0, Avg:  0.0, Max:  0.0, Diff:  0.0, Sum:  0.1, Workers: 4
[2616.456s][debug][gc,phases      ] GC(313)     Dead                           Min: 0, Avg:  0.0, Max: 0, Diff: 0, Sum: 0, Workers: 4
[2616.456s][debug][gc,phases      ] GC(313)     Total                          Min: 640, Avg: 1986.2, Max: 2851, Diff: 2211, Sum: 7945, Workers: 4
[2616.456s][debug][gc,phases      ] GC(313)   JNI Weak                       Min:  0.0, Avg:  0.0, Max:  0.0, Diff:  0.0, Sum:  0.0, Workers: 4
[2616.456s][debug][gc,phases      ] GC(313)     Dead                           Min: 0, Avg:  0.0, Max: 0, Diff: 0, Sum: 0, Workers: 4
[2616.456s][debug][gc,phases      ] GC(313)     Total                          Min: 0, Avg:  0.0, Max: 0, Diff: 0, Sum: 0, Workers: 4
[2616.456s][debug][gc,phases      ] GC(313)   StringDedup Table Weak         Min:  0.0, Avg:  0.0, Max:  0.0, Diff:  0.0, Sum:  0.0, Workers: 4
[2616.456s][debug][gc,phases      ] GC(313)     Dead                           Min: 0, Avg:  0.0, Max: 0, Diff: 0, Sum: 0, Workers: 4
[2616.456s][debug][gc,phases      ] GC(313)     Total                          Min: 0, Avg:  0.0, Max: 0, Diff: 0, Sum: 0, Workers: 4
[2616.457s][debug][gc,phases      ] GC(313)   StringDedup Requests0 Weak     Min:  0.0, Avg:  0.0, Max:  0.0, Diff:  0.0, Sum:  0.0, Workers: 4
[2616.457s][debug][gc,phases      ] GC(313)     Dead                           Min: 0, Avg:  0.0, Max: 0, Diff: 0, Sum: 0, Workers: 4
[2616.457s][debug][gc,phases      ] GC(313)     Total                          Min: 0, Avg:  0.0, Max: 0, Diff: 0, Sum: 0, Workers: 4
[2616.457s][debug][gc,phases      ] GC(313)   StringDedup Requests1 Weak     Min:  0.0, Avg:  0.0, Max:  0.0, Diff:  0.0, Sum:  0.0, Workers: 4
[2616.457s][debug][gc,phases      ] GC(313)     Dead                           Min: 0, Avg:  0.0, Max: 0, Diff: 0, Sum: 0, Workers: 4
[2616.457s][debug][gc,phases      ] GC(313)     Total                          Min: 0, Avg:  0.0, Max: 0, Diff: 0, Sum: 0, Workers: 4
[2616.457s][debug][gc,phases      ] GC(313)   Weak JFR Old Object Samples    Min:  0.0, Avg:  0.0, Max:  0.0, Diff:  0.0, Sum:  0.0, Workers: 4
[2616.457s][debug][gc,phases      ] GC(313)     Dead                           Min: 0, Avg:  0.0, Max: 0, Diff: 0, Sum: 0, Workers: 4
[2616.457s][debug][gc,phases      ] GC(313)     Total                          Min: 0, Avg:  0.0, Max: 0, Diff: 0, Sum: 0, Workers: 4
[2616.457s][debug][gc,phases      ] GC(313) Weak Processing 0.296ms
[2616.457s][debug][gc,age         ] GC(313) Desired survivor size 3145728 bytes, new threshold 15 (max threshold 15)
[2616.457s][info ][gc,heap        ] GC(313) PSYoungGen: 2092448K(2094080K)->1440K(2094080K) Eden: 2091008K(2091008K)->0K(2091008K) From: 1440K(3072K)->1440K(3072K)
[2616.457s][info ][gc,heap        ] GC(313) ParOldGen: 564055K(614400K)->564087K(614400K)
[2616.457s][info ][gc,metaspace   ] GC(313) Metaspace: 82228K(83072K)->82228K(83072K) NonClass: 70738K(71168K)->70738K(71168K) Class: 11490K(11904K)->11490K(11904K)
[2616.457s][info ][gc             ] GC(313) Pause Young (Allocation Failure) 2594M->552M(2645M) 2.548ms
[2616.457s][info ][gc,cpu         ] GC(313) User=0.01s Sys=0.00s Real=0.00s
[2616.457s][info ][safepoint      ] Safepoint "ParallelGCFailedAllocation", Time since last: 13895670807 ns, Reaching safepoint: 43401 ns, At safepoint: 2622924 ns, Total: 2666325 ns
[2628.457s][info ][safepoint      ] Safepoint "Cleanup", Time since last: 12000747038 ns, Reaching safepoint: 106401 ns, At safepoint: 8000 ns, Total: 114401 ns
[2630.157s][info ][gc,start       ] GC(314) Pause Young (Allocation Failure)
[2630.159s][debug][gc,phases      ] GC(314) Scavenge 2.193ms
[2630.159s][debug][gc,ref         ] GC(314) Skipped phase 1 of Reference Processing: no references
[2630.159s][debug][gc,ref         ] GC(314) Skipped phase 2 of Reference Processing: no references
[2630.159s][debug][gc,ref         ] GC(314) Skipped phase 3 of Reference Processing: no references
[2630.159s][debug][gc,ref         ] GC(314) Skipped phase 4 of Reference Processing: no references
[2630.159s][debug][gc,phases      ] GC(314) Reference Processing 0.023ms
[2630.159s][debug][gc,phases      ] GC(314)   VM Weak                        Min:  0.0, Avg:  0.0, Max:  0.0, Diff:  0.0, Sum:  0.0, Workers: 4
[2630.159s][debug][gc,phases      ] GC(314)     Dead                           Min: 0, Avg:  0.0, Max: 0, Diff: 0, Sum: 0, Workers: 4
[2630.159s][debug][gc,phases      ] GC(314)     Total                          Min: 0, Avg: 167.0, Max: 640, Diff: 640, Sum: 668, Workers: 4
[2630.159s][debug][gc,phases      ] GC(314)   ObjectSynchronizer Weak        Min:  0.0, Avg:  0.0, Max:  0.0, Diff:  0.0, Sum:  0.0, Workers: 4
[2630.159s][debug][gc,phases      ] GC(314)     Dead                           Min: 0, Avg:  0.0, Max: 0, Diff: 0, Sum: 0, Workers: 4
[2630.159s][debug][gc,phases      ] GC(314)     Total                          Min: 0, Avg: 87.8, Max: 192, Diff: 192, Sum: 351, Workers: 4
[2630.160s][debug][gc,phases      ] GC(314)   JVMTI Tag Weak OopStorage      Min:  0.0, Avg:  0.0, Max:  0.0, Diff:  0.0, Sum:  0.0, Workers: 4
[2630.160s][debug][gc,phases      ] GC(314)     Dead                           Min: 0, Avg:  0.0, Max: 0, Diff: 0, Sum: 0, Workers: 4
[2630.160s][debug][gc,phases      ] GC(314)     Total                          Min: 0, Avg:  0.0, Max: 0, Diff: 0, Sum: 0, Workers: 4
[2630.160s][debug][gc,phases      ] GC(314)   StringTable Weak               Min:  0.1, Avg:  0.1, Max:  0.1, Diff:  0.0, Sum:  0.4, Workers: 4
[2630.160s][debug][gc,phases      ] GC(314)     Dead                           Min: 0, Avg:  0.0, Max: 0, Diff: 0, Sum: 0, Workers: 4
[2630.160s][debug][gc,phases      ] GC(314)     Total                          Min: 9792, Avg: 12040.8, Max: 13731, Diff: 3939, Sum: 48163, Workers: 4
[2630.160s][debug][gc,phases      ] GC(314)   ResolvedMethodTable Weak       Min:  0.0, Avg:  0.0, Max:  0.0, Diff:  0.0, Sum:  0.1, Workers: 4
[2630.160s][debug][gc,phases      ] GC(314)     Dead                           Min: 0, Avg:  0.0, Max: 0, Diff: 0, Sum: 0, Workers: 4
[2630.160s][debug][gc,phases      ] GC(314)     Total                          Min: 1593, Avg: 1986.2, Max: 2442, Diff: 849, Sum: 7945, Workers: 4
[2630.160s][debug][gc,phases      ] GC(314)   JNI Weak                       Min:  0.0, Avg:  0.0, Max:  0.0, Diff:  0.0, Sum:  0.0, Workers: 4
[2630.160s][debug][gc,phases      ] GC(314)     Dead                           Min: 0, Avg:  0.0, Max: 0, Diff: 0, Sum: 0, Workers: 4
[2630.160s][debug][gc,phases      ] GC(314)     Total                          Min: 0, Avg:  0.0, Max: 0, Diff: 0, Sum: 0, Workers: 4
[2630.160s][debug][gc,phases      ] GC(314)   StringDedup Table Weak         Min:  0.0, Avg:  0.0, Max:  0.0, Diff:  0.0, Sum:  0.0, Workers: 4
[2630.160s][debug][gc,phases      ] GC(314)     Dead                           Min: 0, Avg:  0.0, Max: 0, Diff: 0, Sum: 0, Workers: 4
[2630.160s][debug][gc,phases      ] GC(314)     Total                          Min: 0, Avg:  0.0, Max: 0, Diff: 0, Sum: 0, Workers: 4
[2630.160s][debug][gc,phases      ] GC(314)   StringDedup Requests0 Weak     Min:  0.0, Avg:  0.0, Max:  0.0, Diff:  0.0, Sum:  0.0, Workers: 4
[2630.160s][debug][gc,phases      ] GC(314)     Dead                           Min: 0, Avg:  0.0, Max: 0, Diff: 0, Sum: 0, Workers: 4
[2630.160s][debug][gc,phases      ] GC(314)     Total                          Min: 0, Avg:  0.0, Max: 0, Diff: 0, Sum: 0, Workers: 4
[2630.160s][debug][gc,phases      ] GC(314)   StringDedup Requests1 Weak     Min:  0.0, Avg:  0.0, Max:  0.0, Diff:  0.0, Sum:  0.0, Workers: 4
[2630.160s][debug][gc,phases      ] GC(314)     Dead                           Min: 0, Avg:  0.0, Max: 0, Diff: 0, Sum: 0, Workers: 4
[2630.160s][debug][gc,phases      ] GC(314)     Total                          Min: 0, Avg:  0.0, Max: 0, Diff: 0, Sum: 0, Workers: 4
[2630.160s][debug][gc,phases      ] GC(314)   Weak JFR Old Object Samples    Min:  0.0, Avg:  0.0, Max:  0.0, Diff:  0.0, Sum:  0.0, Workers: 4
[2630.160s][debug][gc,phases      ] GC(314)     Dead                           Min: 0, Avg:  0.0, Max: 0, Diff: 0, Sum: 0, Workers: 4
[2630.160s][debug][gc,phases      ] GC(314)     Total                          Min: 0, Avg:  0.0, Max: 0, Diff: 0, Sum: 0, Workers: 4
[2630.160s][debug][gc,phases      ] GC(314) Weak Processing 0.330ms
[2630.160s][debug][gc,age         ] GC(314) Desired survivor size 3145728 bytes, new threshold 15 (max threshold 15)
[2630.160s][info ][gc,heap        ] GC(314) PSYoungGen: 2092448K(2094080K)->1440K(2094080K) Eden: 2091008K(2091008K)->0K(2091008K) From: 1440K(3072K)->1440K(3072K)
[2630.160s][info ][gc,heap        ] GC(314) ParOldGen: 564087K(614400K)->564119K(614400K)
[2630.160s][info ][gc,metaspace   ] GC(314) Metaspace: 82228K(83072K)->82228K(83072K) NonClass: 70738K(71168K)->70738K(71168K) Class: 11490K(11904K)->11490K(11904K)
[2630.160s][info ][gc             ] GC(314) Pause Young (Allocation Failure) 2594M->552M(2645M) 2.651ms
[2630.160s][info ][gc,cpu         ] GC(314) User=0.01s Sys=0.00s Real=0.01s
[2630.160s][info ][safepoint      ] Safepoint "ParallelGCFailedAllocation", Time since last: 1699472954 ns, Reaching safepoint: 25400 ns, At safepoint: 2726025 ns, Total: 2751425 ns
[2643.902s][info ][gc,start       ] GC(315) Pause Young (Allocation Failure)
[2643.905s][debug][gc,phases      ] GC(315) Scavenge 2.248ms
[2643.905s][debug][gc,ref         ] GC(315) Skipped phase 1 of Reference Processing: no references
[2643.905s][debug][gc,ref         ] GC(315) Skipped phase 2 of Reference Processing: no references
[2643.905s][debug][gc,ref         ] GC(315) Skipped phase 3 of Reference Processing: no references
[2643.905s][debug][gc,ref         ] GC(315) Skipped phase 4 of Reference Processing: no references
[2643.905s][debug][gc,phases      ] GC(315) Reference Processing 0.024ms
[2643.905s][debug][gc,phases      ] GC(315)   VM Weak                        Min:  0.0, Avg:  0.0, Max:  0.0, Diff:  0.0, Sum:  0.0, Workers: 4
[2643.905s][debug][gc,phases      ] GC(315)     Dead                           Min: 0, Avg:  0.0, Max: 0, Diff: 0, Sum: 0, Workers: 4
[2643.905s][debug][gc,phases      ] GC(315)     Total                          Min: 0, Avg: 167.0, Max: 384, Diff: 384, Sum: 668, Workers: 4
[2643.905s][debug][gc,phases      ] GC(315)   ObjectSynchronizer Weak        Min:  0.0, Avg:  0.0, Max:  0.0, Diff:  0.0, Sum:  0.0, Workers: 4
[2643.905s][debug][gc,phases      ] GC(315)     Dead                           Min: 0, Avg:  0.0, Max: 0, Diff: 0, Sum: 0, Workers: 4
[2643.905s][debug][gc,phases      ] GC(315)     Total                          Min: 0, Avg: 87.8, Max: 159, Diff: 159, Sum: 351, Workers: 4
[2643.905s][debug][gc,phases      ] GC(315)   JVMTI Tag Weak OopStorage      Min:  0.0, Avg:  0.0, Max:  0.0, Diff:  0.0, Sum:  0.0, Workers: 4
[2643.905s][debug][gc,phases      ] GC(315)     Dead                           Min: 0, Avg:  0.0, Max: 0, Diff: 0, Sum: 0, Workers: 4
[2643.905s][debug][gc,phases      ] GC(315)     Total                          Min: 0, Avg:  0.0, Max: 0, Diff: 0, Sum: 0, Workers: 4
[2643.905s][debug][gc,phases      ] GC(315)   StringTable Weak               Min:  0.1, Avg:  0.1, Max:  0.1, Diff:  0.0, Sum:  0.4, Workers: 4
[2643.905s][debug][gc,phases      ] GC(315)     Dead                           Min: 0, Avg:  0.0, Max: 0, Diff: 0, Sum: 0, Workers: 4
[2643.905s][debug][gc,phases      ] GC(315)     Total                          Min: 9443, Avg: 12040.8, Max: 14848, Diff: 5405, Sum: 48163, Workers: 4
[2643.905s][debug][gc,phases      ] GC(315)   ResolvedMethodTable Weak       Min:  0.0, Avg:  0.0, Max:  0.0, Diff:  0.0, Sum:  0.1, Workers: 4
[2643.905s][debug][gc,phases      ] GC(315)     Dead                           Min: 0, Avg:  0.0, Max: 0, Diff: 0, Sum: 0, Workers: 4
[2643.905s][debug][gc,phases      ] GC(315)     Total                          Min: 1695, Avg: 1986.2, Max: 2287, Diff: 592, Sum: 7945, Workers: 4
[2643.905s][debug][gc,phases      ] GC(315)   JNI Weak                       Min:  0.0, Avg:  0.0, Max:  0.0, Diff:  0.0, Sum:  0.0, Workers: 4
[2643.905s][debug][gc,phases      ] GC(315)     Dead                           Min: 0, Avg:  0.0, Max: 0, Diff: 0, Sum: 0, Workers: 4
[2643.905s][debug][gc,phases      ] GC(315)     Total                          Min: 0, Avg:  0.0, Max: 0, Diff: 0, Sum: 0, Workers: 4
[2643.905s][debug][gc,phases      ] GC(315)   StringDedup Table Weak         Min:  0.0, Avg:  0.0, Max:  0.0, Diff:  0.0, Sum:  0.0, Workers: 4
[2643.905s][debug][gc,phases      ] GC(315)     Dead                           Min: 0, Avg:  0.0, Max: 0, Diff: 0, Sum: 0, Workers: 4
[2643.905s][debug][gc,phases      ] GC(315)     Total                          Min: 0, Avg:  0.0, Max: 0, Diff: 0, Sum: 0, Workers: 4
[2643.905s][debug][gc,phases      ] GC(315)   StringDedup Requests0 Weak     Min:  0.0, Avg:  0.0, Max:  0.0, Diff:  0.0, Sum:  0.0, Workers: 4
[2643.905s][debug][gc,phases      ] GC(315)     Dead                           Min: 0, Avg:  0.0, Max: 0, Diff: 0, Sum: 0, Workers: 4
[2643.905s][debug][gc,phases      ] GC(315)     Total                          Min: 0, Avg:  0.0, Max: 0, Diff: 0, Sum: 0, Workers: 4
[2643.905s][debug][gc,phases      ] GC(315)   StringDedup Requests1 Weak     Min:  0.0, Avg:  0.0, Max:  0.0, Diff:  0.0, Sum:  0.0, Workers: 4
[2643.905s][debug][gc,phases      ] GC(315)     Dead                           Min: 0, Avg:  0.0, Max: 0, Diff: 0, Sum: 0, Workers: 4
[2643.905s][debug][gc,phases      ] GC(315)     Total                          Min: 0, Avg:  0.0, Max: 0, Diff: 0, Sum: 0, Workers: 4
[2643.905s][debug][gc,phases      ] GC(315)   Weak JFR Old Object Samples    Min:  0.0, Avg:  0.0, Max:  0.0, Diff:  0.0, Sum:  0.0, Workers: 4
[2643.905s][debug][gc,phases      ] GC(315)     Dead                           Min: 0, Avg:  0.0, Max: 0, Diff: 0, Sum: 0, Workers: 4
[2643.905s][debug][gc,phases      ] GC(315)     Total                          Min: 0, Avg:  0.0, Max: 0, Diff: 0, Sum: 0, Workers: 4
[2643.905s][debug][gc,phases      ] GC(315) Weak Processing 0.282ms
[2643.905s][debug][gc,age         ] GC(315) Desired survivor size 3145728 bytes, new threshold 15 (max threshold 15)
[2643.905s][info ][gc,heap        ] GC(315) PSYoungGen: 2092448K(2094080K)->1408K(2094080K) Eden: 2091008K(2091008K)->0K(2091008K) From: 1440K(3072K)->1408K(3072K)
[2643.905s][info ][gc,heap        ] GC(315) ParOldGen: 564119K(614400K)->564159K(614400K)
[2643.905s][info ][gc,metaspace   ] GC(315) Metaspace: 82228K(83072K)->82228K(83072K) NonClass: 70738K(71168K)->70738K(71168K) Class: 11490K(11904K)->11490K(11904K)
[2643.905s][info ][gc             ] GC(315) Pause Young (Allocation Failure) 2594M->552M(2645M) 2.654ms
[2643.905s][info ][gc,cpu         ] GC(315) User=0.01s Sys=0.00s Real=0.00s
[2643.905s][info ][safepoint      ] Safepoint "ParallelGCFailedAllocation", Time since last: 13742604441 ns, Reaching safepoint: 33900 ns, At safepoint: 2721425 ns, Total: 2755325 ns
[2647.905s][info ][safepoint      ] Safepoint "Cleanup", Time since last: 4000296962 ns, Reaching safepoint: 103101 ns, At safepoint: 8100 ns, Total: 111201 ns
[2657.706s][info ][gc,start       ] GC(316) Pause Young (Allocation Failure)
[2657.709s][debug][gc,phases      ] GC(316) Scavenge 2.224ms
[2657.709s][debug][gc,ref         ] GC(316) Skipped phase 1 of Reference Processing: no references
[2657.709s][debug][gc,ref         ] GC(316) Skipped phase 2 of Reference Processing: no references
[2657.709s][debug][gc,ref         ] GC(316) Skipped phase 3 of Reference Processing: no references
[2657.709s][debug][gc,ref         ] GC(316) Skipped phase 4 of Reference Processing: no references
[2657.709s][debug][gc,phases      ] GC(316) Reference Processing 0.023ms
[2657.709s][debug][gc,phases      ] GC(316)   VM Weak                        Min:  0.0, Avg:  0.0, Max:  0.0, Diff:  0.0, Sum:  0.0, Workers: 4
[2657.709s][debug][gc,phases      ] GC(316)     Dead                           Min: 0, Avg:  0.0, Max: 0, Diff: 0, Sum: 0, Workers: 4
[2657.709s][debug][gc,phases      ] GC(316)     Total                          Min: 0, Avg: 167.0, Max: 476, Diff: 476, Sum: 668, Workers: 4
[2657.709s][debug][gc,phases      ] GC(316)   ObjectSynchronizer Weak        Min:  0.0, Avg:  0.0, Max:  0.0, Diff:  0.0, Sum:  0.0, Workers: 4
[2657.709s][debug][gc,phases      ] GC(316)     Dead                           Min: 0, Avg:  0.0, Max: 0, Diff: 0, Sum: 0, Workers: 4
[2657.709s][debug][gc,phases      ] GC(316)     Total                          Min: 0, Avg: 87.8, Max: 223, Diff: 223, Sum: 351, Workers: 4
[2657.709s][debug][gc,phases      ] GC(316)   JVMTI Tag Weak OopStorage      Min:  0.0, Avg:  0.0, Max:  0.0, Diff:  0.0, Sum:  0.0, Workers: 4
[2657.709s][debug][gc,phases      ] GC(316)     Dead                           Min: 0, Avg:  0.0, Max: 0, Diff: 0, Sum: 0, Workers: 4
[2657.709s][debug][gc,phases      ] GC(316)     Total                          Min: 0, Avg:  0.0, Max: 0, Diff: 0, Sum: 0, Workers: 4
[2657.709s][debug][gc,phases      ] GC(316)   StringTable Weak               Min:  0.1, Avg:  0.1, Max:  0.1, Diff:  0.0, Sum:  0.4, Workers: 4
[2657.709s][debug][gc,phases      ] GC(316)     Dead                           Min: 0, Avg:  0.0, Max: 0, Diff: 0, Sum: 0, Workers: 4
[2657.709s][debug][gc,phases      ] GC(316)     Total                          Min: 9536, Avg: 12040.8, Max: 14563, Diff: 5027, Sum: 48163, Workers: 4
[2657.709s][debug][gc,phases      ] GC(316)   ResolvedMethodTable Weak       Min:  0.0, Avg:  0.0, Max:  0.0, Diff:  0.0, Sum:  0.1, Workers: 4
[2657.709s][debug][gc,phases      ] GC(316)     Dead                           Min: 0, Avg:  0.0, Max: 0, Diff: 0, Sum: 0, Workers: 4
[2657.709s][debug][gc,phases      ] GC(316)     Total                          Min: 985, Avg: 1986.2, Max: 2928, Diff: 1943, Sum: 7945, Workers: 4
[2657.709s][debug][gc,phases      ] GC(316)   JNI Weak                       Min:  0.0, Avg:  0.0, Max:  0.0, Diff:  0.0, Sum:  0.0, Workers: 4
[2657.709s][debug][gc,phases      ] GC(316)     Dead                           Min: 0, Avg:  0.0, Max: 0, Diff: 0, Sum: 0, Workers: 4
[2657.709s][debug][gc,phases      ] GC(316)     Total                          Min: 0, Avg:  0.0, Max: 0, Diff: 0, Sum: 0, Workers: 4
[2657.709s][debug][gc,phases      ] GC(316)   StringDedup Table Weak         Min:  0.0, Avg:  0.0, Max:  0.0, Diff:  0.0, Sum:  0.0, Workers: 4
[2657.709s][debug][gc,phases      ] GC(316)     Dead                           Min: 0, Avg:  0.0, Max: 0, Diff: 0, Sum: 0, Workers: 4
[2657.709s][debug][gc,phases      ] GC(316)     Total                          Min: 0, Avg:  0.0, Max: 0, Diff: 0, Sum: 0, Workers: 4
[2657.709s][debug][gc,phases      ] GC(316)   StringDedup Requests0 Weak     Min:  0.0, Avg:  0.0, Max:  0.0, Diff:  0.0, Sum:  0.0, Workers: 4
[2657.709s][debug][gc,phases      ] GC(316)     Dead                           Min: 0, Avg:  0.0, Max: 0, Diff: 0, Sum: 0, Workers: 4
[2657.709s][debug][gc,phases      ] GC(316)     Total                          Min: 0, Avg:  0.0, Max: 0, Diff: 0, Sum: 0, Workers: 4
[2657.709s][debug][gc,phases      ] GC(316)   StringDedup Requests1 Weak     Min:  0.0, Avg:  0.0, Max:  0.0, Diff:  0.0, Sum:  0.0, Workers: 4
[2657.709s][debug][gc,phases      ] GC(316)     Dead                           Min: 0, Avg:  0.0, Max: 0, Diff: 0, Sum: 0, Workers: 4
[2657.709s][debug][gc,phases      ] GC(316)     Total                          Min: 0, Avg:  0.0, Max: 0, Diff: 0, Sum: 0, Workers: 4
[2657.709s][debug][gc,phases      ] GC(316)   Weak JFR Old Object Samples    Min:  0.0, Avg:  0.0, Max:  0.0, Diff:  0.0, Sum:  0.0, Workers: 4
[2657.709s][debug][gc,phases      ] GC(316)     Dead                           Min: 0, Avg:  0.0, Max: 0, Diff: 0, Sum: 0, Workers: 4
[2657.709s][debug][gc,phases      ] GC(316)     Total                          Min: 0, Avg:  0.0, Max: 0, Diff: 0, Sum: 0, Workers: 4
[2657.709s][debug][gc,phases      ] GC(316) Weak Processing 0.275ms
[2657.709s][debug][gc,age         ] GC(316) Desired survivor size 3145728 bytes, new threshold 15 (max threshold 15)
[2657.709s][info ][gc,heap        ] GC(316) PSYoungGen: 2092416K(2094080K)->1472K(2094080K) Eden: 2091008K(2091008K)->0K(2091008K) From: 1408K(3072K)->1472K(3072K)
[2657.709s][info ][gc,heap        ] GC(316) ParOldGen: 564159K(614400K)->564167K(614400K)
[2657.709s][info ][gc,metaspace   ] GC(316) Metaspace: 82228K(83072K)->82228K(83072K) NonClass: 70738K(71168K)->70738K(71168K) Class: 11490K(11904K)->11490K(11904K)
[2657.709s][info ][gc             ] GC(316) Pause Young (Allocation Failure) 2594M->552M(2645M) 2.640ms
[2657.709s][info ][gc,cpu         ] GC(316) User=0.01s Sys=0.00s Real=0.01s
[2657.709s][info ][safepoint      ] Safepoint "ParallelGCFailedAllocation", Time since last: 9800715974 ns, Reaching safepoint: 23600 ns, At safepoint: 2700725 ns, Total: 2724325 ns
[2660.709s][info ][safepoint      ] Safepoint "Cleanup", Time since last: 3000218764 ns, Reaching safepoint: 108601 ns, At safepoint: 5400 ns, Total: 114001 ns
[2671.653s][info ][gc,start       ] GC(317) Pause Young (Allocation Failure)
[2671.656s][debug][gc,phases      ] GC(317) Scavenge 2.428ms
[2671.656s][debug][gc,ref         ] GC(317) Skipped phase 1 of Reference Processing: no references
[2671.656s][debug][gc,ref         ] GC(317) Skipped phase 2 of Reference Processing: no references
[2671.656s][debug][gc,ref         ] GC(317) Skipped phase 3 of Reference Processing: no references
[2671.656s][debug][gc,ref         ] GC(317) Skipped phase 4 of Reference Processing: no references
[2671.656s][debug][gc,phases      ] GC(317) Reference Processing 0.022ms
[2671.656s][debug][gc,phases      ] GC(317)   VM Weak                        Min:  0.0, Avg:  0.0, Max:  0.0, Diff:  0.0, Sum:  0.0, Workers: 4
[2671.656s][debug][gc,phases      ] GC(317)     Dead                           Min: 0, Avg:  0.0, Max: 0, Diff: 0, Sum: 0, Workers: 4
[2671.656s][debug][gc,phases      ] GC(317)     Total                          Min: 0, Avg: 167.0, Max: 348, Diff: 348, Sum: 668, Workers: 4
[2671.656s][debug][gc,phases      ] GC(317)   ObjectSynchronizer Weak        Min:  0.0, Avg:  0.0, Max:  0.0, Diff:  0.0, Sum:  0.0, Workers: 4
[2671.656s][debug][gc,phases      ] GC(317)     Dead                           Min: 0, Avg:  0.0, Max: 0, Diff: 0, Sum: 0, Workers: 4
[2671.656s][debug][gc,phases      ] GC(317)     Total                          Min: 0, Avg: 87.8, Max: 159, Diff: 159, Sum: 351, Workers: 4
[2671.656s][debug][gc,phases      ] GC(317)   JVMTI Tag Weak OopStorage      Min:  0.0, Avg:  0.0, Max:  0.0, Diff:  0.0, Sum:  0.0, Workers: 4
[2671.656s][debug][gc,phases      ] GC(317)     Dead                           Min: 0, Avg:  0.0, Max: 0, Diff: 0, Sum: 0, Workers: 4
[2671.656s][debug][gc,phases      ] GC(317)     Total                          Min: 0, Avg:  0.0, Max: 0, Diff: 0, Sum: 0, Workers: 4
[2671.656s][debug][gc,phases      ] GC(317)   StringTable Weak               Min:  0.1, Avg:  0.1, Max:  0.1, Diff:  0.0, Sum:  0.4, Workers: 4
[2671.656s][debug][gc,phases      ] GC(317)     Dead                           Min: 0, Avg:  0.0, Max: 0, Diff: 0, Sum: 0, Workers: 4
[2671.656s][debug][gc,phases      ] GC(317)     Total                          Min: 9920, Avg: 12042.2, Max: 15040, Diff: 5120, Sum: 48169, Workers: 4
[2671.656s][debug][gc,phases      ] GC(317)   ResolvedMethodTable Weak       Min:  0.0, Avg:  0.0, Max:  0.0, Diff:  0.0, Sum:  0.1, Workers: 4
[2671.656s][debug][gc,phases      ] GC(317)     Dead                           Min: 0, Avg:  0.0, Max: 0, Diff: 0, Sum: 0, Workers: 4
[2671.656s][debug][gc,phases      ] GC(317)     Total                          Min: 1624, Avg: 1986.2, Max: 2413, Diff: 789, Sum: 7945, Workers: 4
[2671.656s][debug][gc,phases      ] GC(317)   JNI Weak                       Min:  0.0, Avg:  0.0, Max:  0.0, Diff:  0.0, Sum:  0.0, Workers: 4
[2671.656s][debug][gc,phases      ] GC(317)     Dead                           Min: 0, Avg:  0.0, Max: 0, Diff: 0, Sum: 0, Workers: 4
[2671.656s][debug][gc,phases      ] GC(317)     Total                          Min: 0, Avg:  0.0, Max: 0, Diff: 0, Sum: 0, Workers: 4
[2671.656s][debug][gc,phases      ] GC(317)   StringDedup Table Weak         Min:  0.0, Avg:  0.0, Max:  0.0, Diff:  0.0, Sum:  0.0, Workers: 4
[2671.656s][debug][gc,phases      ] GC(317)     Dead                           Min: 0, Avg:  0.0, Max: 0, Diff: 0, Sum: 0, Workers: 4
[2671.656s][debug][gc,phases      ] GC(317)     Total                          Min: 0, Avg:  0.0, Max: 0, Diff: 0, Sum: 0, Workers: 4
[2671.656s][debug][gc,phases      ] GC(317)   StringDedup Requests0 Weak     Min:  0.0, Avg:  0.0, Max:  0.0, Diff:  0.0, Sum:  0.0, Workers: 4
[2671.656s][debug][gc,phases      ] GC(317)     Dead                           Min: 0, Avg:  0.0, Max: 0, Diff: 0, Sum: 0, Workers: 4
[2671.656s][debug][gc,phases      ] GC(317)     Total                          Min: 0, Avg:  0.0, Max: 0, Diff: 0, Sum: 0, Workers: 4
[2671.656s][debug][gc,phases      ] GC(317)   StringDedup Requests1 Weak     Min:  0.0, Avg:  0.0, Max:  0.0, Diff:  0.0, Sum:  0.0, Workers: 4
[2671.656s][debug][gc,phases      ] GC(317)     Dead                           Min: 0, Avg:  0.0, Max: 0, Diff: 0, Sum: 0, Workers: 4
[2671.656s][debug][gc,phases      ] GC(317)     Total                          Min: 0, Avg:  0.0, Max: 0, Diff: 0, Sum: 0, Workers: 4
[2671.656s][debug][gc,phases      ] GC(317)   Weak JFR Old Object Samples    Min:  0.0, Avg:  0.0, Max:  0.0, Diff:  0.0, Sum:  0.0, Workers: 4
[2671.656s][debug][gc,phases      ] GC(317)     Dead                           Min: 0, Avg:  0.0, Max: 0, Diff: 0, Sum: 0, Workers: 4
[2671.656s][debug][gc,phases      ] GC(317)     Total                          Min: 0, Avg:  0.0, Max: 0, Diff: 0, Sum: 0, Workers: 4
[2671.656s][debug][gc,phases      ] GC(317) Weak Processing 0.291ms
[2671.656s][debug][gc,age         ] GC(317) Desired survivor size 2621440 bytes, new threshold 15 (max threshold 15)
[2671.656s][info ][gc,heap        ] GC(317) PSYoungGen: 2092480K(2094080K)->1376K(2094592K) Eden: 2091008K(2091008K)->0K(2091520K) From: 1472K(3072K)->1376K(3072K)
[2671.656s][info ][gc,heap        ] GC(317) ParOldGen: 564167K(614400K)->564239K(614400K)
[2671.656s][info ][gc,metaspace   ] GC(317) Metaspace: 82228K(83072K)->82228K(83072K) NonClass: 70738K(71168K)->70738K(71168K) Class: 11490K(11904K)->11490K(11904K)
[2671.656s][info ][gc             ] GC(317) Pause Young (Allocation Failure) 2594M->552M(2645M) 2.829ms
[2671.656s][info ][gc,cpu         ] GC(317) User=0.01s Sys=0.00s Real=0.00s
[2671.656s][info ][safepoint      ] Safepoint "ParallelGCFailedAllocation", Time since last: 10943767136 ns, Reaching safepoint: 24800 ns, At safepoint: 2909627 ns, Total: 2934427 ns
[2685.307s][info ][gc,start       ] GC(318) Pause Young (Allocation Failure)
[2685.310s][debug][gc,phases      ] GC(318) Scavenge 2.369ms
[2685.310s][debug][gc,ref         ] GC(318) Skipped phase 1 of Reference Processing: no references
[2685.310s][debug][gc,ref         ] GC(318) ReferenceProcessor::execute queues: 1, RefProcThreadModel::Single, marks_oops_alive: false
[2685.310s][debug][gc,ref         ] GC(318) Skipped phase 3 of Reference Processing: no references
[2685.310s][debug][gc,ref         ] GC(318) Skipped phase 4 of Reference Processing: no references
[2685.310s][debug][gc,phases      ] GC(318) Reference Processing 0.106ms
[2685.310s][debug][gc,phases      ] GC(318)   VM Weak                        Min:  0.0, Avg:  0.0, Max:  0.0, Diff:  0.0, Sum:  0.0, Workers: 4
[2685.310s][debug][gc,phases      ] GC(318)     Dead                           Min: 0, Avg:  0.0, Max: 0, Diff: 0, Sum: 0, Workers: 4
[2685.310s][debug][gc,phases      ] GC(318)     Total                          Min: 0, Avg: 167.0, Max: 384, Diff: 384, Sum: 668, Workers: 4
[2685.310s][debug][gc,phases      ] GC(318)   ObjectSynchronizer Weak        Min:  0.0, Avg:  0.0, Max:  0.0, Diff:  0.0, Sum:  0.0, Workers: 4
[2685.310s][debug][gc,phases      ] GC(318)     Dead                           Min: 0, Avg:  0.0, Max: 0, Diff: 0, Sum: 0, Workers: 4
[2685.310s][debug][gc,phases      ] GC(318)     Total                          Min: 0, Avg: 87.8, Max: 192, Diff: 192, Sum: 351, Workers: 4
[2685.310s][debug][gc,phases      ] GC(318)   JVMTI Tag Weak OopStorage      Min:  0.0, Avg:  0.0, Max:  0.0, Diff:  0.0, Sum:  0.0, Workers: 4
[2685.310s][debug][gc,phases      ] GC(318)     Dead                           Min: 0, Avg:  0.0, Max: 0, Diff: 0, Sum: 0, Workers: 4
[2685.310s][debug][gc,phases      ] GC(318)     Total                          Min: 0, Avg:  0.0, Max: 0, Diff: 0, Sum: 0, Workers: 4
[2685.310s][debug][gc,phases      ] GC(318)   StringTable Weak               Min:  0.1, Avg:  0.1, Max:  0.1, Diff:  0.0, Sum:  0.4, Workers: 4
[2685.310s][debug][gc,phases      ] GC(318)     Dead                           Min: 0, Avg:  0.0, Max: 0, Diff: 0, Sum: 0, Workers: 4
[2685.310s][debug][gc,phases      ] GC(318)     Total                          Min: 9344, Avg: 12056.8, Max: 14819, Diff: 5475, Sum: 48227, Workers: 4
[2685.310s][debug][gc,phases      ] GC(318)   ResolvedMethodTable Weak       Min:  0.0, Avg:  0.0, Max:  0.0, Diff:  0.0, Sum:  0.1, Workers: 4
[2685.310s][debug][gc,phases      ] GC(318)     Dead                           Min: 0, Avg:  0.0, Max: 0, Diff: 0, Sum: 0, Workers: 4
[2685.310s][debug][gc,phases      ] GC(318)     Total                          Min: 1641, Avg: 1986.2, Max: 2348, Diff: 707, Sum: 7945, Workers: 4
[2685.310s][debug][gc,phases      ] GC(318)   JNI Weak                       Min:  0.0, Avg:  0.0, Max:  0.0, Diff:  0.0, Sum:  0.0, Workers: 4
[2685.310s][debug][gc,phases      ] GC(318)     Dead                           Min: 0, Avg:  0.0, Max: 0, Diff: 0, Sum: 0, Workers: 4
[2685.310s][debug][gc,phases      ] GC(318)     Total                          Min: 0, Avg:  0.0, Max: 0, Diff: 0, Sum: 0, Workers: 4
[2685.310s][debug][gc,phases      ] GC(318)   StringDedup Table Weak         Min:  0.0, Avg:  0.0, Max:  0.0, Diff:  0.0, Sum:  0.0, Workers: 4
[2685.310s][debug][gc,phases      ] GC(318)     Dead                           Min: 0, Avg:  0.0, Max: 0, Diff: 0, Sum: 0, Workers: 4
[2685.310s][debug][gc,phases      ] GC(318)     Total                          Min: 0, Avg:  0.0, Max: 0, Diff: 0, Sum: 0, Workers: 4
[2685.310s][debug][gc,phases      ] GC(318)   StringDedup Requests0 Weak     Min:  0.0, Avg:  0.0, Max:  0.0, Diff:  0.0, Sum:  0.0, Workers: 4
[2685.310s][debug][gc,phases      ] GC(318)     Dead                           Min: 0, Avg:  0.0, Max: 0, Diff: 0, Sum: 0, Workers: 4
[2685.310s][debug][gc,phases      ] GC(318)     Total                          Min: 0, Avg:  0.0, Max: 0, Diff: 0, Sum: 0, Workers: 4
[2685.310s][debug][gc,phases      ] GC(318)   StringDedup Requests1 Weak     Min:  0.0, Avg:  0.0, Max:  0.0, Diff:  0.0, Sum:  0.0, Workers: 4
[2685.310s][debug][gc,phases      ] GC(318)     Dead                           Min: 0, Avg:  0.0, Max: 0, Diff: 0, Sum: 0, Workers: 4
[2685.310s][debug][gc,phases      ] GC(318)     Total                          Min: 0, Avg:  0.0, Max: 0, Diff: 0, Sum: 0, Workers: 4
[2685.310s][debug][gc,phases      ] GC(318)   Weak JFR Old Object Samples    Min:  0.0, Avg:  0.0, Max:  0.0, Diff:  0.0, Sum:  0.0, Workers: 4
[2685.310s][debug][gc,phases      ] GC(318)     Dead                           Min: 0, Avg:  0.0, Max: 0, Diff: 0, Sum: 0, Workers: 4
[2685.310s][debug][gc,phases      ] GC(318)     Total                          Min: 0, Avg:  0.0, Max: 0, Diff: 0, Sum: 0, Workers: 4
[2685.310s][debug][gc,phases      ] GC(318) Weak Processing 0.288ms
[2685.310s][debug][gc,age         ] GC(318) Desired survivor size 3145728 bytes, new threshold 15 (max threshold 15)
[2685.310s][info ][gc,heap        ] GC(318) PSYoungGen: 2092896K(2094592K)->480K(2094080K) Eden: 2091520K(2091520K)->0K(2091520K) From: 1376K(3072K)->480K(2560K)
[2685.310s][info ][gc,heap        ] GC(318) ParOldGen: 564239K(614400K)->565159K(614400K)
[2685.310s][info ][gc,metaspace   ] GC(318) Metaspace: 82228K(83072K)->82228K(83072K) NonClass: 70738K(71168K)->70738K(71168K) Class: 11490K(11904K)->11490K(11904K)
[2685.310s][info ][gc             ] GC(318) Pause Young (Allocation Failure) 2594M->552M(2645M) 2.884ms
[2685.310s][info ][gc,cpu         ] GC(318) User=0.01s Sys=0.00s Real=0.01s
[2685.310s][info ][safepoint      ] Safepoint "ParallelGCFailedAllocation", Time since last: 13651199706 ns, Reaching safepoint: 108601 ns, At safepoint: 2950727 ns, Total: 3059328 ns
[2695.311s][info ][safepoint      ] Safepoint "Cleanup", Time since last: 10000679125 ns, Reaching safepoint: 41500 ns, At safepoint: 2600 ns, Total: 44100 ns
[2699.057s][info ][gc,start       ] GC(319) Pause Young (Allocation Failure)
[2699.059s][debug][gc,phases      ] GC(319) Scavenge 2.356ms
[2699.059s][debug][gc,ref         ] GC(319) Skipped phase 1 of Reference Processing: no references
[2699.059s][debug][gc,ref         ] GC(319) ReferenceProcessor::execute queues: 1, RefProcThreadModel::Single, marks_oops_alive: false
[2699.059s][debug][gc,ref         ] GC(319) Skipped phase 3 of Reference Processing: no references
[2699.059s][debug][gc,ref         ] GC(319) Skipped phase 4 of Reference Processing: no references
[2699.059s][debug][gc,phases      ] GC(319) Reference Processing 0.107ms
[2699.059s][debug][gc,phases      ] GC(319)   VM Weak                        Min:  0.0, Avg:  0.0, Max:  0.0, Diff:  0.0, Sum:  0.0, Workers: 4
[2699.059s][debug][gc,phases      ] GC(319)     Dead                           Min: 0, Avg:  0.0, Max: 0, Diff: 0, Sum: 0, Workers: 4
[2699.059s][debug][gc,phases      ] GC(319)     Total                          Min: 0, Avg: 167.0, Max: 668, Diff: 668, Sum: 668, Workers: 4
[2699.059s][debug][gc,phases      ] GC(319)   ObjectSynchronizer Weak        Min:  0.0, Avg:  0.0, Max:  0.0, Diff:  0.0, Sum:  0.0, Workers: 4
[2699.059s][debug][gc,phases      ] GC(319)     Dead                           Min: 0, Avg:  0.0, Max: 0, Diff: 0, Sum: 0, Workers: 4
[2699.059s][debug][gc,phases      ] GC(319)     Total                          Min: 0, Avg: 87.8, Max: 159, Diff: 159, Sum: 351, Workers: 4
[2699.059s][debug][gc,phases      ] GC(319)   JVMTI Tag Weak OopStorage      Min:  0.0, Avg:  0.0, Max:  0.0, Diff:  0.0, Sum:  0.0, Workers: 4
[2699.059s][debug][gc,phases      ] GC(319)     Dead                           Min: 0, Avg:  0.0, Max: 0, Diff: 0, Sum: 0, Workers: 4
[2699.059s][debug][gc,phases      ] GC(319)     Total                          Min: 0, Avg:  0.0, Max: 0, Diff: 0, Sum: 0, Workers: 4
[2699.059s][debug][gc,phases      ] GC(319)   StringTable Weak               Min:  0.1, Avg:  0.1, Max:  0.1, Diff:  0.0, Sum:  0.4, Workers: 4
[2699.059s][debug][gc,phases      ] GC(319)     Dead                           Min: 0, Avg:  0.0, Max: 0, Diff: 0, Sum: 0, Workers: 4
[2699.059s][debug][gc,phases      ] GC(319)     Total                          Min: 9792, Avg: 12056.8, Max: 15168, Diff: 5376, Sum: 48227, Workers: 4
[2699.059s][debug][gc,phases      ] GC(319)   ResolvedMethodTable Weak       Min:  0.0, Avg:  0.0, Max:  0.0, Diff:  0.0, Sum:  0.1, Workers: 4
[2699.059s][debug][gc,phases      ] GC(319)     Dead                           Min: 0, Avg:  0.0, Max: 0, Diff: 0, Sum: 0, Workers: 4
[2699.059s][debug][gc,phases      ] GC(319)     Total                          Min: 1738, Avg: 1986.2, Max: 2661, Diff: 923, Sum: 7945, Workers: 4
[2699.059s][debug][gc,phases      ] GC(319)   JNI Weak                       Min:  0.0, Avg:  0.0, Max:  0.0, Diff:  0.0, Sum:  0.0, Workers: 4
[2699.059s][debug][gc,phases      ] GC(319)     Dead                           Min: 0, Avg:  0.0, Max: 0, Diff: 0, Sum: 0, Workers: 4
[2699.059s][debug][gc,phases      ] GC(319)     Total                          Min: 0, Avg:  0.0, Max: 0, Diff: 0, Sum: 0, Workers: 4
[2699.059s][debug][gc,phases      ] GC(319)   StringDedup Table Weak         Min:  0.0, Avg:  0.0, Max:  0.0, Diff:  0.0, Sum:  0.0, Workers: 4
[2699.059s][debug][gc,phases      ] GC(319)     Dead                           Min: 0, Avg:  0.0, Max: 0, Diff: 0, Sum: 0, Workers: 4
[2699.059s][debug][gc,phases      ] GC(319)     Total                          Min: 0, Avg:  0.0, Max: 0, Diff: 0, Sum: 0, Workers: 4
[2699.059s][debug][gc,phases      ] GC(319)   StringDedup Requests0 Weak     Min:  0.0, Avg:  0.0, Max:  0.0, Diff:  0.0, Sum:  0.0, Workers: 4
[2699.059s][debug][gc,phases      ] GC(319)     Dead                           Min: 0, Avg:  0.0, Max: 0, Diff: 0, Sum: 0, Workers: 4
[2699.059s][debug][gc,phases      ] GC(319)     Total                          Min: 0, Avg:  0.0, Max: 0, Diff: 0, Sum: 0, Workers: 4
[2699.059s][debug][gc,phases      ] GC(319)   StringDedup Requests1 Weak     Min:  0.0, Avg:  0.0, Max:  0.0, Diff:  0.0, Sum:  0.0, Workers: 4
[2699.059s][debug][gc,phases      ] GC(319)     Dead                           Min: 0, Avg:  0.0, Max: 0, Diff: 0, Sum: 0, Workers: 4
[2699.059s][debug][gc,phases      ] GC(319)     Total                          Min: 0, Avg:  0.0, Max: 0, Diff: 0, Sum: 0, Workers: 4
[2699.059s][debug][gc,phases      ] GC(319)   Weak JFR Old Object Samples    Min:  0.0, Avg:  0.0, Max:  0.0, Diff:  0.0, Sum:  0.0, Workers: 4
[2699.059s][debug][gc,phases      ] GC(319)     Dead                           Min: 0, Avg:  0.0, Max: 0, Diff: 0, Sum: 0, Workers: 4
[2699.059s][debug][gc,phases      ] GC(319)     Total                          Min: 0, Avg:  0.0, Max: 0, Diff: 0, Sum: 0, Workers: 4
[2699.059s][debug][gc,phases      ] GC(319) Weak Processing 0.283ms
[2699.059s][debug][gc,age         ] GC(319) Desired survivor size 3145728 bytes, new threshold 15 (max threshold 15)
[2699.059s][info ][gc,heap        ] GC(319) PSYoungGen: 2092000K(2094080K)->224K(2094080K) Eden: 2091520K(2091520K)->0K(2091008K) From: 480K(2560K)->224K(3072K)
[2699.059s][info ][gc,heap        ] GC(319) ParOldGen: 565159K(614400K)->565471K(614400K)
[2699.059s][info ][gc,metaspace   ] GC(319) Metaspace: 82228K(83072K)->82228K(83072K) NonClass: 70738K(71168K)->70738K(71168K) Class: 11490K(11904K)->11490K(11904K)
[2699.059s][info ][gc             ] GC(319) Pause Young (Allocation Failure) 2594M->552M(2645M) 2.844ms
[2699.059s][info ][gc,cpu         ] GC(319) User=0.01s Sys=0.00s Real=0.01s
[2699.059s][info ][safepoint      ] Safepoint "ParallelGCFailedAllocation", Time since last: 3745591912 ns, Reaching safepoint: 25701 ns, At safepoint: 2916826 ns, Total: 2942527 ns
[2702.060s][info ][safepoint      ] Safepoint "Cleanup", Time since last: 3000211342 ns, Reaching safepoint: 35101 ns, At safepoint: 20300 ns, Total: 55401 ns
[2703.060s][info ][safepoint      ] Safepoint "Cleanup", Time since last: 1000103981 ns, Reaching safepoint: 41500 ns, At safepoint: 5300 ns, Total: 46800 ns
[2712.660s][info ][gc,start       ] GC(320) Pause Young (Allocation Failure)
[2712.662s][debug][gc,phases      ] GC(320) Scavenge 1.716ms
[2712.662s][debug][gc,ref         ] GC(320) Skipped phase 1 of Reference Processing: no references
[2712.662s][debug][gc,ref         ] GC(320) ReferenceProcessor::execute queues: 1, RefProcThreadModel::Single, marks_oops_alive: false
[2712.662s][debug][gc,ref         ] GC(320) Skipped phase 3 of Reference Processing: no references
[2712.662s][debug][gc,ref         ] GC(320) ReferenceProcessor::execute queues: 1, RefProcThreadModel::Single, marks_oops_alive: false
[2712.662s][debug][gc,phases      ] GC(320) Reference Processing 0.102ms
[2712.662s][debug][gc,phases      ] GC(320)   VM Weak                        Min:  0.0, Avg:  0.0, Max:  0.0, Diff:  0.0, Sum:  0.0, Workers: 4
[2712.662s][debug][gc,phases      ] GC(320)     Dead                           Min: 0, Avg:  0.0, Max: 0, Diff: 0, Sum: 0, Workers: 4
[2712.662s][debug][gc,phases      ] GC(320)     Total                          Min: 0, Avg: 167.0, Max: 348, Diff: 348, Sum: 668, Workers: 4
[2712.662s][debug][gc,phases      ] GC(320)   ObjectSynchronizer Weak        Min:  0.0, Avg:  0.0, Max:  0.0, Diff:  0.0, Sum:  0.0, Workers: 4
[2712.662s][debug][gc,phases      ] GC(320)     Dead                           Min: 0, Avg:  0.0, Max: 0, Diff: 0, Sum: 0, Workers: 4
[2712.662s][debug][gc,phases      ] GC(320)     Total                          Min: 0, Avg: 87.8, Max: 223, Diff: 223, Sum: 351, Workers: 4
[2712.662s][debug][gc,phases      ] GC(320)   JVMTI Tag Weak OopStorage      Min:  0.0, Avg:  0.0, Max:  0.0, Diff:  0.0, Sum:  0.0, Workers: 4
[2712.662s][debug][gc,phases      ] GC(320)     Dead                           Min: 0, Avg:  0.0, Max: 0, Diff: 0, Sum: 0, Workers: 4
[2712.662s][debug][gc,phases      ] GC(320)     Total                          Min: 0, Avg:  0.0, Max: 0, Diff: 0, Sum: 0, Workers: 4
[2712.662s][debug][gc,phases      ] GC(320)   StringTable Weak               Min:  0.1, Avg:  0.1, Max:  0.1, Diff:  0.0, Sum:  0.3, Workers: 4
[2712.662s][debug][gc,phases      ] GC(320)     Dead                           Min: 0, Avg:  0.0, Max: 0, Diff: 0, Sum: 0, Workers: 4
[2712.662s][debug][gc,phases      ] GC(320)     Total                          Min: 11520, Avg: 12056.8, Max: 12544, Diff: 1024, Sum: 48227, Workers: 4
[2712.662s][debug][gc,phases      ] GC(320)   ResolvedMethodTable Weak       Min:  0.0, Avg:  0.0, Max:  0.0, Diff:  0.0, Sum:  0.1, Workers: 4
[2712.662s][debug][gc,phases      ] GC(320)     Dead                           Min: 0, Avg:  0.0, Max: 0, Diff: 0, Sum: 0, Workers: 4
[2712.662s][debug][gc,phases      ] GC(320)     Total                          Min: 1930, Avg: 1986.2, Max: 2036, Diff: 106, Sum: 7945, Workers: 4
[2712.662s][debug][gc,phases      ] GC(320)   JNI Weak                       Min:  0.0, Avg:  0.0, Max:  0.0, Diff:  0.0, Sum:  0.0, Workers: 4
[2712.662s][debug][gc,phases      ] GC(320)     Dead                           Min: 0, Avg:  0.0, Max: 0, Diff: 0, Sum: 0, Workers: 4
[2712.662s][debug][gc,phases      ] GC(320)     Total                          Min: 0, Avg:  0.0, Max: 0, Diff: 0, Sum: 0, Workers: 4
[2712.662s][debug][gc,phases      ] GC(320)   StringDedup Table Weak         Min:  0.0, Avg:  0.0, Max:  0.0, Diff:  0.0, Sum:  0.0, Workers: 4
[2712.662s][debug][gc,phases      ] GC(320)     Dead                           Min: 0, Avg:  0.0, Max: 0, Diff: 0, Sum: 0, Workers: 4
[2712.662s][debug][gc,phases      ] GC(320)     Total                          Min: 0, Avg:  0.0, Max: 0, Diff: 0, Sum: 0, Workers: 4
[2712.662s][debug][gc,phases      ] GC(320)   StringDedup Requests0 Weak     Min:  0.0, Avg:  0.0, Max:  0.0, Diff:  0.0, Sum:  0.0, Workers: 4
[2712.662s][debug][gc,phases      ] GC(320)     Dead                           Min: 0, Avg:  0.0, Max: 0, Diff: 0, Sum: 0, Workers: 4
[2712.662s][debug][gc,phases      ] GC(320)     Total                          Min: 0, Avg:  0.0, Max: 0, Diff: 0, Sum: 0, Workers: 4
[2712.662s][debug][gc,phases      ] GC(320)   StringDedup Requests1 Weak     Min:  0.0, Avg:  0.0, Max:  0.0, Diff:  0.0, Sum:  0.0, Workers: 4
[2712.662s][debug][gc,phases      ] GC(320)     Dead                           Min: 0, Avg:  0.0, Max: 0, Diff: 0, Sum: 0, Workers: 4
[2712.662s][debug][gc,phases      ] GC(320)     Total                          Min: 0, Avg:  0.0, Max: 0, Diff: 0, Sum: 0, Workers: 4
[2712.662s][debug][gc,phases      ] GC(320)   Weak JFR Old Object Samples    Min:  0.0, Avg:  0.0, Max:  0.0, Diff:  0.0, Sum:  0.0, Workers: 4
[2712.662s][debug][gc,phases      ] GC(320)     Dead                           Min: 0, Avg:  0.0, Max: 0, Diff: 0, Sum: 0, Workers: 4
[2712.662s][debug][gc,phases      ] GC(320)     Total                          Min: 0, Avg:  0.0, Max: 0, Diff: 0, Sum: 0, Workers: 4
[2712.662s][debug][gc,phases      ] GC(320) Weak Processing 0.260ms
[2712.662s][debug][gc,age         ] GC(320) Desired survivor size 3145728 bytes, new threshold 15 (max threshold 15)
[2712.662s][info ][gc,heap        ] GC(320) PSYoungGen: 2091232K(2094080K)->160K(2094080K) Eden: 2091008K(2091008K)->0K(2091008K) From: 224K(3072K)->160K(3072K)
[2712.662s][info ][gc,heap        ] GC(320) ParOldGen: 565471K(614400K)->565503K(614400K)
[2712.662s][info ][gc,metaspace   ] GC(320) Metaspace: 82228K(83072K)->82228K(83072K) NonClass: 70738K(71168K)->70738K(71168K) Class: 11490K(11904K)->11490K(11904K)
[2712.662s][info ][gc             ] GC(320) Pause Young (Allocation Failure) 2594M->552M(2645M) 2.171ms
[2712.662s][info ][gc,cpu         ] GC(320) User=0.01s Sys=0.00s Real=0.00s
[2712.662s][info ][safepoint      ] Safepoint "ParallelGCFailedAllocation", Time since last: 9600053358 ns, Reaching safepoint: 30600 ns, At safepoint: 2232420 ns, Total: 2263020 ns
[2726.353s][info ][gc,start       ] GC(321) Pause Young (Allocation Failure)
[2726.355s][debug][gc,phases      ] GC(321) Scavenge 1.872ms
[2726.355s][debug][gc,ref         ] GC(321) Skipped phase 1 of Reference Processing: no references
[2726.355s][debug][gc,ref         ] GC(321) ReferenceProcessor::execute queues: 1, RefProcThreadModel::Single, marks_oops_alive: false
[2726.355s][debug][gc,ref         ] GC(321) Skipped phase 3 of Reference Processing: no references
[2726.355s][debug][gc,ref         ] GC(321) ReferenceProcessor::execute queues: 1, RefProcThreadModel::Single, marks_oops_alive: false
[2726.355s][debug][gc,phases      ] GC(321) Reference Processing 0.113ms
[2726.355s][debug][gc,phases      ] GC(321)   VM Weak                        Min:  0.0, Avg:  0.0, Max:  0.0, Diff:  0.0, Sum:  0.0, Workers: 4
[2726.355s][debug][gc,phases      ] GC(321)     Dead                           Min: 0, Avg:  0.0, Max: 0, Diff: 0, Sum: 0, Workers: 4
[2726.355s][debug][gc,phases      ] GC(321)     Total                          Min: 0, Avg: 167.0, Max: 668, Diff: 668, Sum: 668, Workers: 4
[2726.355s][debug][gc,phases      ] GC(321)   ObjectSynchronizer Weak        Min:  0.0, Avg:  0.0, Max:  0.0, Diff:  0.0, Sum:  0.0, Workers: 4
[2726.355s][debug][gc,phases      ] GC(321)     Dead                           Min: 0, Avg:  0.0, Max: 0, Diff: 0, Sum: 0, Workers: 4
[2726.355s][debug][gc,phases      ] GC(321)     Total                          Min: 0, Avg: 87.8, Max: 351, Diff: 351, Sum: 351, Workers: 4
[2726.355s][debug][gc,phases      ] GC(321)   JVMTI Tag Weak OopStorage      Min:  0.0, Avg:  0.0, Max:  0.0, Diff:  0.0, Sum:  0.0, Workers: 4
[2726.355s][debug][gc,phases      ] GC(321)     Dead                           Min: 0, Avg:  0.0, Max: 0, Diff: 0, Sum: 0, Workers: 4
[2726.355s][debug][gc,phases      ] GC(321)     Total                          Min: 0, Avg:  0.0, Max: 0, Diff: 0, Sum: 0, Workers: 4
[2726.355s][debug][gc,phases      ] GC(321)   StringTable Weak               Min:  0.1, Avg:  0.1, Max:  0.1, Diff:  0.0, Sum:  0.3, Workers: 4
[2726.355s][debug][gc,phases      ] GC(321)     Dead                           Min: 0, Avg:  0.0, Max: 0, Diff: 0, Sum: 0, Workers: 4
[2726.355s][debug][gc,phases      ] GC(321)     Total                          Min: 10944, Avg: 12071.0, Max: 14080, Diff: 3136, Sum: 48284, Workers: 4
[2726.355s][debug][gc,phases      ] GC(321)   ResolvedMethodTable Weak       Min:  0.0, Avg:  0.0, Max:  0.0, Diff:  0.0, Sum:  0.1, Workers: 4
[2726.355s][debug][gc,phases      ] GC(321)     Dead                           Min: 0, Avg:  0.0, Max: 0, Diff: 0, Sum: 0, Workers: 4
[2726.355s][debug][gc,phases      ] GC(321)     Total                          Min: 1932, Avg: 1986.2, Max: 2032, Diff: 100, Sum: 7945, Workers: 4
[2726.355s][debug][gc,phases      ] GC(321)   JNI Weak                       Min:  0.0, Avg:  0.0, Max:  0.0, Diff:  0.0, Sum:  0.0, Workers: 4
[2726.355s][debug][gc,phases      ] GC(321)     Dead                           Min: 0, Avg:  0.0, Max: 0, Diff: 0, Sum: 0, Workers: 4
[2726.355s][debug][gc,phases      ] GC(321)     Total                          Min: 0, Avg:  0.0, Max: 0, Diff: 0, Sum: 0, Workers: 4
[2726.355s][debug][gc,phases      ] GC(321)   StringDedup Table Weak         Min:  0.0, Avg:  0.0, Max:  0.0, Diff:  0.0, Sum:  0.0, Workers: 4
[2726.355s][debug][gc,phases      ] GC(321)     Dead                           Min: 0, Avg:  0.0, Max: 0, Diff: 0, Sum: 0, Workers: 4
[2726.355s][debug][gc,phases      ] GC(321)     Total                          Min: 0, Avg:  0.0, Max: 0, Diff: 0, Sum: 0, Workers: 4
[2726.355s][debug][gc,phases      ] GC(321)   StringDedup Requests0 Weak     Min:  0.0, Avg:  0.0, Max:  0.0, Diff:  0.0, Sum:  0.0, Workers: 4
[2726.355s][debug][gc,phases      ] GC(321)     Dead                           Min: 0, Avg:  0.0, Max: 0, Diff: 0, Sum: 0, Workers: 4
[2726.355s][debug][gc,phases      ] GC(321)     Total                          Min: 0, Avg:  0.0, Max: 0, Diff: 0, Sum: 0, Workers: 4
[2726.355s][debug][gc,phases      ] GC(321)   StringDedup Requests1 Weak     Min:  0.0, Avg:  0.0, Max:  0.0, Diff:  0.0, Sum:  0.0, Workers: 4
[2726.355s][debug][gc,phases      ] GC(321)     Dead                           Min: 0, Avg:  0.0, Max: 0, Diff: 0, Sum: 0, Workers: 4
[2726.355s][debug][gc,phases      ] GC(321)     Total                          Min: 0, Avg:  0.0, Max: 0, Diff: 0, Sum: 0, Workers: 4
[2726.355s][debug][gc,phases      ] GC(321)   Weak JFR Old Object Samples    Min:  0.0, Avg:  0.0, Max:  0.0, Diff:  0.0, Sum:  0.0, Workers: 4
[2726.355s][debug][gc,phases      ] GC(321)     Dead                           Min: 0, Avg:  0.0, Max: 0, Diff: 0, Sum: 0, Workers: 4
[2726.355s][debug][gc,phases      ] GC(321)     Total                          Min: 0, Avg:  0.0, Max: 0, Diff: 0, Sum: 0, Workers: 4
[2726.355s][debug][gc,phases      ] GC(321) Weak Processing 0.265ms
[2726.355s][debug][gc,age         ] GC(321) Desired survivor size 3145728 bytes, new threshold 15 (max threshold 15)
[2726.355s][info ][gc,heap        ] GC(321) PSYoungGen: 2091168K(2094080K)->160K(2094080K) Eden: 2091008K(2091008K)->0K(2091008K) From: 160K(3072K)->160K(3072K)
[2726.355s][info ][gc,heap        ] GC(321) ParOldGen: 565503K(614400K)->565527K(614400K)
[2726.355s][info ][gc,metaspace   ] GC(321) Metaspace: 82228K(83072K)->82228K(83072K) NonClass: 70738K(71168K)->70738K(71168K) Class: 11490K(11904K)->11490K(11904K)
[2726.355s][info ][gc             ] GC(321) Pause Young (Allocation Failure) 2594M->552M(2645M) 2.360ms
[2726.355s][info ][gc,cpu         ] GC(321) User=0.01s Sys=0.00s Real=0.00s
[2726.355s][info ][safepoint      ] Safepoint "ParallelGCFailedAllocation", Time since last: 13690619570 ns, Reaching safepoint: 26600 ns, At safepoint: 2422922 ns, Total: 2449522 ns
[2739.758s][info ][gc,start       ] GC(322) Pause Young (Allocation Failure)
[2739.760s][debug][gc,phases      ] GC(322) Scavenge 1.789ms
[2739.760s][debug][gc,ref         ] GC(322) Skipped phase 1 of Reference Processing: no references
[2739.760s][debug][gc,ref         ] GC(322) ReferenceProcessor::execute queues: 1, RefProcThreadModel::Single, marks_oops_alive: false
[2739.760s][debug][gc,ref         ] GC(322) Skipped phase 3 of Reference Processing: no references
[2739.760s][debug][gc,ref         ] GC(322) ReferenceProcessor::execute queues: 1, RefProcThreadModel::Single, marks_oops_alive: false
[2739.760s][debug][gc,phases      ] GC(322) Reference Processing 0.095ms
[2739.760s][debug][gc,phases      ] GC(322)   VM Weak                        Min:  0.0, Avg:  0.0, Max:  0.0, Diff:  0.0, Sum:  0.0, Workers: 4
[2739.760s][debug][gc,phases      ] GC(322)     Dead                           Min: 0, Avg:  0.0, Max: 0, Diff: 0, Sum: 0, Workers: 4
[2739.760s][debug][gc,phases      ] GC(322)     Total                          Min: 0, Avg: 167.0, Max: 476, Diff: 476, Sum: 668, Workers: 4
[2739.760s][debug][gc,phases      ] GC(322)   ObjectSynchronizer Weak        Min:  0.0, Avg:  0.0, Max:  0.0, Diff:  0.0, Sum:  0.0, Workers: 4
[2739.760s][debug][gc,phases      ] GC(322)     Dead                           Min: 0, Avg:  0.0, Max: 0, Diff: 0, Sum: 0, Workers: 4
[2739.760s][debug][gc,phases      ] GC(322)     Total                          Min: 0, Avg: 87.8, Max: 223, Diff: 223, Sum: 351, Workers: 4
[2739.760s][debug][gc,phases      ] GC(322)   JVMTI Tag Weak OopStorage      Min:  0.0, Avg:  0.0, Max:  0.0, Diff:  0.0, Sum:  0.0, Workers: 4
[2739.760s][debug][gc,phases      ] GC(322)     Dead                           Min: 0, Avg:  0.0, Max: 0, Diff: 0, Sum: 0, Workers: 4
[2739.760s][debug][gc,phases      ] GC(322)     Total                          Min: 0, Avg:  0.0, Max: 0, Diff: 0, Sum: 0, Workers: 4
[2739.760s][debug][gc,phases      ] GC(322)   StringTable Weak               Min:  0.1, Avg:  0.1, Max:  0.1, Diff:  0.0, Sum:  0.3, Workers: 4
[2739.760s][debug][gc,phases      ] GC(322)     Dead                           Min: 0, Avg:  0.0, Max: 0, Diff: 0, Sum: 0, Workers: 4
[2739.760s][debug][gc,phases      ] GC(322)     Total                          Min: 11136, Avg: 12071.0, Max: 13504, Diff: 2368, Sum: 48284, Workers: 4
[2739.760s][debug][gc,phases      ] GC(322)   ResolvedMethodTable Weak       Min:  0.0, Avg:  0.0, Max:  0.0, Diff:  0.0, Sum:  0.1, Workers: 4
[2739.760s][debug][gc,phases      ] GC(322)     Dead                           Min: 0, Avg:  0.0, Max: 0, Diff: 0, Sum: 0, Workers: 4
[2739.760s][debug][gc,phases      ] GC(322)     Total                          Min: 1930, Avg: 1986.2, Max: 2034, Diff: 104, Sum: 7945, Workers: 4
[2739.760s][debug][gc,phases      ] GC(322)   JNI Weak                       Min:  0.0, Avg:  0.0, Max:  0.0, Diff:  0.0, Sum:  0.0, Workers: 4
[2739.760s][debug][gc,phases      ] GC(322)     Dead                           Min: 0, Avg:  0.0, Max: 0, Diff: 0, Sum: 0, Workers: 4
[2739.760s][debug][gc,phases      ] GC(322)     Total                          Min: 0, Avg:  0.0, Max: 0, Diff: 0, Sum: 0, Workers: 4
[2739.760s][debug][gc,phases      ] GC(322)   StringDedup Table Weak         Min:  0.0, Avg:  0.0, Max:  0.0, Diff:  0.0, Sum:  0.0, Workers: 4
[2739.760s][debug][gc,phases      ] GC(322)     Dead                           Min: 0, Avg:  0.0, Max: 0, Diff: 0, Sum: 0, Workers: 4
[2739.760s][debug][gc,phases      ] GC(322)     Total                          Min: 0, Avg:  0.0, Max: 0, Diff: 0, Sum: 0, Workers: 4
[2739.760s][debug][gc,phases      ] GC(322)   StringDedup Requests0 Weak     Min:  0.0, Avg:  0.0, Max:  0.0, Diff:  0.0, Sum:  0.0, Workers: 4
[2739.760s][debug][gc,phases      ] GC(322)     Dead                           Min: 0, Avg:  0.0, Max: 0, Diff: 0, Sum: 0, Workers: 4
[2739.760s][debug][gc,phases      ] GC(322)     Total                          Min: 0, Avg:  0.0, Max: 0, Diff: 0, Sum: 0, Workers: 4
[2739.760s][debug][gc,phases      ] GC(322)   StringDedup Requests1 Weak     Min:  0.0, Avg:  0.0, Max:  0.0, Diff:  0.0, Sum:  0.0, Workers: 4
[2739.760s][debug][gc,phases      ] GC(322)     Dead                           Min: 0, Avg:  0.0, Max: 0, Diff: 0, Sum: 0, Workers: 4
[2739.760s][debug][gc,phases      ] GC(322)     Total                          Min: 0, Avg:  0.0, Max: 0, Diff: 0, Sum: 0, Workers: 4
[2739.760s][debug][gc,phases      ] GC(322)   Weak JFR Old Object Samples    Min:  0.0, Avg:  0.0, Max:  0.0, Diff:  0.0, Sum:  0.0, Workers: 4
[2739.760s][debug][gc,phases      ] GC(322)     Dead                           Min: 0, Avg:  0.0, Max: 0, Diff: 0, Sum: 0, Workers: 4
[2739.760s][debug][gc,phases      ] GC(322)     Total                          Min: 0, Avg:  0.0, Max: 0, Diff: 0, Sum: 0, Workers: 4
[2739.760s][debug][gc,phases      ] GC(322) Weak Processing 0.261ms
[2739.760s][debug][gc,age         ] GC(322) Desired survivor size 3145728 bytes, new threshold 15 (max threshold 15)
[2739.760s][info ][gc,heap        ] GC(322) PSYoungGen: 2091168K(2094080K)->224K(2094080K) Eden: 2091008K(2091008K)->0K(2091008K) From: 160K(3072K)->224K(3072K)
[2739.760s][info ][gc,heap        ] GC(322) ParOldGen: 565527K(614400K)->565543K(614400K)
[2739.760s][info ][gc,metaspace   ] GC(322) Metaspace: 82229K(83072K)->82229K(83072K) NonClass: 70738K(71168K)->70738K(71168K) Class: 11490K(11904K)->11490K(11904K)
[2739.760s][info ][gc             ] GC(322) Pause Young (Allocation Failure) 2594M->552M(2645M) 2.231ms
[2739.760s][info ][gc,cpu         ] GC(322) User=0.01s Sys=0.00s Real=0.01s
[2739.760s][info ][safepoint      ] Safepoint "ParallelGCFailedAllocation", Time since last: 13402396524 ns, Reaching safepoint: 114501 ns, At safepoint: 2303921 ns, Total: 2418422 ns
[2753.054s][info ][gc,start       ] GC(323) Pause Young (Allocation Failure)
[2753.056s][debug][gc,phases      ] GC(323) Scavenge 1.731ms
[2753.056s][debug][gc,ref         ] GC(323) Skipped phase 1 of Reference Processing: no references
[2753.056s][debug][gc,ref         ] GC(323) ReferenceProcessor::execute queues: 1, RefProcThreadModel::Single, marks_oops_alive: false
[2753.056s][debug][gc,ref         ] GC(323) Skipped phase 3 of Reference Processing: no references
[2753.056s][debug][gc,ref         ] GC(323) ReferenceProcessor::execute queues: 1, RefProcThreadModel::Single, marks_oops_alive: false
[2753.056s][debug][gc,phases      ] GC(323) Reference Processing 0.103ms
[2753.056s][debug][gc,phases      ] GC(323)   VM Weak                        Min:  0.0, Avg:  0.0, Max:  0.0, Diff:  0.0, Sum:  0.0, Workers: 4
[2753.056s][debug][gc,phases      ] GC(323)     Dead                           Min: 0, Avg:  0.0, Max: 0, Diff: 0, Sum: 0, Workers: 4
[2753.056s][debug][gc,phases      ] GC(323)     Total                          Min: 0, Avg: 167.0, Max: 640, Diff: 640, Sum: 668, Workers: 4
[2753.056s][debug][gc,phases      ] GC(323)   ObjectSynchronizer Weak        Min:  0.0, Avg:  0.0, Max:  0.0, Diff:  0.0, Sum:  0.0, Workers: 4
[2753.056s][debug][gc,phases      ] GC(323)     Dead                           Min: 0, Avg:  0.0, Max: 0, Diff: 0, Sum: 0, Workers: 4
[2753.056s][debug][gc,phases      ] GC(323)     Total                          Min: 0, Avg: 87.8, Max: 159, Diff: 159, Sum: 351, Workers: 4
[2753.056s][debug][gc,phases      ] GC(323)   JVMTI Tag Weak OopStorage      Min:  0.0, Avg:  0.0, Max:  0.0, Diff:  0.0, Sum:  0.0, Workers: 4
[2753.056s][debug][gc,phases      ] GC(323)     Dead                           Min: 0, Avg:  0.0, Max: 0, Diff: 0, Sum: 0, Workers: 4
[2753.056s][debug][gc,phases      ] GC(323)     Total                          Min: 0, Avg:  0.0, Max: 0, Diff: 0, Sum: 0, Workers: 4
[2753.056s][debug][gc,phases      ] GC(323)   StringTable Weak               Min:  0.1, Avg:  0.1, Max:  0.1, Diff:  0.0, Sum:  0.4, Workers: 4
[2753.056s][debug][gc,phases      ] GC(323)     Dead                           Min: 0, Avg:  0.0, Max: 0, Diff: 0, Sum: 0, Workers: 4
[2753.056s][debug][gc,phases      ] GC(323)     Total                          Min: 7680, Avg: 12072.0, Max: 14272, Diff: 6592, Sum: 48288, Workers: 4
